09-01 15:43:43.301 W/System.err( 1966): 	at com.android.internal.os.ZygoteInit.main(ZygoteInit.java:782)
09-01 15:43:43.303 I/ActivityManager( 1283): START u0 {cmp=ch.hgdev.toposuite/.calculation.activities.orthoimpl.OrthoImplantationResultsActivity (has extras)} from uid 10064 on display 0
09-01 15:43:43.303 W/ActivityManager( 1283): Permission Denial: starting Intent { cmp=ch.hgdev.toposuite/.calculation.activities.orthoimpl.OrthoImplantationResultsActivity (has extras) } from ProcessRecord{7e637b0 1966:com.android.intentfuzzer/u0a64} (pid=1966, uid=10064) not exported from uid 10036
09-01 15:43:43.304 W/System.err( 1966): java.lang.Exception: Toast callstack! strTip=Send Intent Failed!
09-01 15:43:43.304 W/System.err( 1966): 	at android.widget.Toast.show(Toast.java:130)
09-01 15:43:43.304 W/System.err( 1966): 	at com.android.intentfuzzer.FuzzerActivity$4.onClick(FuzzerActivity.java:186)
09-01 15:43:43.304 W/System.err( 1966): 	at android.view.View.performClick(View.java:5637)
09-01 15:43:43.304 W/System.err( 1966): 	at android.view.View$PerformClick.run(View.java:22429)
09-01 15:43:43.304 W/System.err( 1966): 	at android.os.Handler.handleCallback(Handler.java:751)
09-01 15:43:43.304 W/System.err( 1966): 	at android.os.Handler.dispatchMessage(Handler.java:95)
09-01 15:43:43.304 W/System.err( 1966): 	at android.os.Looper.loop(Looper.java:154)
09-01 15:43:43.304 W/System.err( 1966): 	at android.app.ActivityThread.main(ActivityThread.java:6190)
09-01 15:43:43.305 W/System.err( 1966): 	at java.lang.reflect.Method.invoke(Native Method)
09-01 15:43:43.305 W/System.err( 1966): 	at com.android.internal.os.ZygoteInit$MethodAndArgsCaller.run(ZygoteInit.java:892)
09-01 15:43:43.305 W/System.err( 1966): 	at com.android.internal.os.ZygoteInit.main(ZygoteInit.java:782)
09-01 15:43:43.306 I/ActivityManager( 1283): START u0 {cmp=ch.hgdev.toposuite/.calculation.activities.polarimplantation.PolarImplantationResultsActivity (has extras)} from uid 10064 on display 0
09-01 15:43:43.306 W/ActivityManager( 1283): Permission Denial: starting Intent { cmp=ch.hgdev.toposuite/.calculation.activities.polarimplantation.PolarImplantationResultsActivity (has extras) } from ProcessRecord{7e637b0 1966:com.android.intentfuzzer/u0a64} (pid=1966, uid=10064) not exported from uid 10036
09-01 15:43:43.307 W/System.err( 1966): java.lang.Exception: Toast callstack! strTip=Send Intent Failed!
09-01 15:43:43.307 W/System.err( 1966): 	at android.widget.Toast.show(Toast.java:130)
09-01 15:43:43.307 W/System.err( 1966): 	at com.android.intentfuzzer.FuzzerActivity$4.onClick(FuzzerActivity.java:186)
09-01 15:43:43.307 W/System.err( 1966): 	at android.view.View.performClick(View.java:5637)
09-01 15:43:43.307 W/System.err( 1966): 	at android.view.View$PerformClick.run(View.java:22429)
09-01 15:43:43.307 W/System.err( 1966): 	at android.os.Handler.handleCallback(Handler.java:751)
09-01 15:43:43.307 W/System.err( 1966): 	at android.os.Handler.dispatchMessage(Handler.java:95)
09-01 15:43:43.307 W/System.err( 1966): 	at android.os.Looper.loop(Looper.java:154)
09-01 15:43:43.307 W/System.err( 1966): 	at android.app.ActivityThread.main(ActivityThread.java:6190)
09-01 15:43:43.307 W/System.err( 1966): 	at java.lang.reflect.Method.invoke(Native Method)
09-01 15:43:43.307 W/System.err( 1966): 	at com.android.internal.os.ZygoteInit$MethodAndArgsCaller.run(ZygoteInit.java:892)
09-01 15:43:43.307 W/System.err( 1966): 	at com.android.internal.os.ZygoteInit.main(ZygoteInit.java:782)
09-01 15:43:43.309 I/ActivityManager( 1283): START u0 {cmp=ch.hgdev.toposuite/.calculation.activities.circle.CircleActivity (has extras)} from uid 10064 on display 0
09-01 15:43:43.309 W/ActivityManager( 1283): Permission Denial: starting Intent { cmp=ch.hgdev.toposuite/.calculation.activities.circle.CircleActivity (has extras) } from ProcessRecord{7e637b0 1966:com.android.intentfuzzer/u0a64} (pid=1966, uid=10064) not exported from uid 10036
09-01 15:43:43.310 W/System.err( 1966): java.lang.Exception: Toast callstack! strTip=Send Intent Failed!
09-01 15:43:43.310 W/System.err( 1966): 	at android.widget.Toast.show(Toast.java:130)
09-01 15:43:43.310 W/System.err( 1966): 	at com.android.intentfuzzer.FuzzerActivity$4.onClick(FuzzerActivity.java:186)
09-01 15:43:43.310 W/System.err( 1966): 	at android.view.View.performClick(View.java:5637)
09-01 15:43:43.310 W/System.err( 1966): 	at android.view.View$PerformClick.run(View.java:22429)
09-01 15:43:43.310 W/System.err( 1966): 	at android.os.Handler.handleCallback(Handler.java:751)
09-01 15:43:43.310 W/System.err( 1966): 	at android.os.Handler.dispatchMessage(Handler.java:95)
09-01 15:43:43.310 W/System.err( 1966): 	at android.os.Looper.loop(Looper.java:154)
09-01 15:43:43.310 W/System.err( 1966): 	at android.app.ActivityThread.main(ActivityThread.java:6190)
09-01 15:43:43.310 W/System.err( 1966): 	at java.lang.reflect.Method.invoke(Native Method)
09-01 15:43:43.310 W/System.err( 1966): 	at com.android.internal.os.ZygoteInit$MethodAndArgsCaller.run(ZygoteInit.java:892)
09-01 15:43:43.310 W/System.err( 1966): 	at com.android.internal.os.ZygoteInit.main(ZygoteInit.java:782)
09-01 15:43:43.311 I/ActivityManager( 1283): START u0 {cmp=ch.hgdev.toposuite/.calculation.activities.trianglesolver.TriangleSolverActivity (has extras)} from uid 10064 on display 0
09-01 15:43:43.311 W/ActivityManager( 1283): Permission Denial: starting Intent { cmp=ch.hgdev.toposuite/.calculation.activities.trianglesolver.TriangleSolverActivity (has extras) } from ProcessRecord{7e637b0 1966:com.android.intentfuzzer/u0a64} (pid=1966, uid=10064) not exported from uid 10036
09-01 15:43:43.312 W/System.err( 1966): java.lang.Exception: Toast callstack! strTip=Send Intent Failed!
09-01 15:43:43.312 W/System.err( 1966): 	at android.widget.Toast.show(Toast.java:130)
09-01 15:43:43.312 W/System.err( 1966): 	at com.android.intentfuzzer.FuzzerActivity$4.onClick(FuzzerActivity.java:186)
09-01 15:43:43.312 W/System.err( 1966): 	at android.view.View.performClick(View.java:5637)
09-01 15:43:43.312 W/System.err( 1966): 	at android.view.View$PerformClick.run(View.java:22429)
09-01 15:43:43.312 W/System.err( 1966): 	at android.os.Handler.handleCallback(Handler.java:751)
09-01 15:43:43.312 W/System.err( 1966): 	at android.os.Handler.dispatchMessage(Handler.java:95)
09-01 15:43:43.312 W/System.err( 1966): 	at android.os.Looper.loop(Looper.java:154)
09-01 15:43:43.312 W/System.err( 1966): 	at android.app.ActivityThread.main(ActivityThread.java:6190)
09-01 15:43:43.312 W/System.err( 1966): 	at java.lang.reflect.Method.invoke(Native Method)
09-01 15:43:43.312 W/System.err( 1966): 	at com.android.internal.os.ZygoteInit$MethodAndArgsCaller.run(ZygoteInit.java:892)
09-01 15:43:43.312 W/System.err( 1966): 	at com.android.internal.os.ZygoteInit.main(ZygoteInit.java:782)
09-01 15:43:43.313 I/ActivityManager( 1283): START u0 {cmp=ch.hgdev.toposuite/.calculation.activities.surface.SurfaceActivity (has extras)} from uid 10064 on display 0
09-01 15:43:43.313 W/ActivityManager( 1283): Permission Denial: starting Intent { cmp=ch.hgdev.toposuite/.calculation.activities.surface.SurfaceActivity (has extras) } from ProcessRecord{7e637b0 1966:com.android.intentfuzzer/u0a64} (pid=1966, uid=10064) not exported from uid 10036
09-01 15:43:43.314 W/System.err( 1966): java.lang.Exception: Toast callstack! strTip=Send Intent Failed!
09-01 15:43:43.315 W/System.err( 1966): 	at android.widget.Toast.show(Toast.java:130)
09-01 15:43:43.315 W/System.err( 1966): 	at com.android.intentfuzzer.FuzzerActivity$4.onClick(FuzzerActivity.java:186)
09-01 15:43:43.315 W/System.err( 1966): 	at android.view.View.performClick(View.java:5637)
09-01 15:43:43.315 W/System.err( 1966): 	at android.view.View$PerformClick.run(View.java:22429)
09-01 15:43:43.315 W/System.err( 1966): 	at android.os.Handler.handleCallback(Handler.java:751)
09-01 15:43:43.315 W/System.err( 1966): 	at android.os.Handler.dispatchMessage(Handler.java:95)
09-01 15:43:43.315 W/System.err( 1966): 	at android.os.Looper.loop(Looper.java:154)
09-01 15:43:43.315 W/System.err( 1966): 	at android.app.ActivityThread.main(ActivityThread.java:6190)
09-01 15:43:43.315 W/System.err( 1966): 	at java.lang.reflect.Method.invoke(Native Method)
09-01 15:43:43.315 W/System.err( 1966): 	at com.android.internal.os.ZygoteInit$MethodAndArgsCaller.run(ZygoteInit.java:892)
09-01 15:43:43.315 W/System.err( 1966): 	at com.android.internal.os.ZygoteInit.main(ZygoteInit.java:782)
09-01 15:43:43.317 I/ActivityManager( 1283): START u0 {cmp=ch.hgdev.toposuite/.calculation.activities.circcurvesolver.CircularCurvesSolverActivity (has extras)} from uid 10064 on display 0
09-01 15:43:43.317 W/ActivityManager( 1283): Permission Denial: starting Intent { cmp=ch.hgdev.toposuite/.calculation.activities.circcurvesolver.CircularCurvesSolverActivity (has extras) } from ProcessRecord{7e637b0 1966:com.android.intentfuzzer/u0a64} (pid=1966, uid=10064) not exported from uid 10036
09-01 15:43:43.319 W/System.err( 1966): java.lang.Exception: Toast callstack! strTip=Send Intent Failed!
09-01 15:43:43.319 W/System.err( 1966): 	at android.widget.Toast.show(Toast.java:130)
09-01 15:43:43.319 W/System.err( 1966): 	at com.android.intentfuzzer.FuzzerActivity$4.onClick(FuzzerActivity.java:186)
09-01 15:43:43.319 W/System.err( 1966): 	at android.view.View.performClick(View.java:5637)
09-01 15:43:43.319 W/System.err( 1966): 	at android.view.View$PerformClick.run(View.java:22429)
09-01 15:43:43.319 W/System.err( 1966): 	at android.os.Handler.handleCallback(Handler.java:751)
09-01 15:43:43.319 W/System.err( 1966): 	at android.os.Handler.dispatchMessage(Handler.java:95)
09-01 15:43:43.319 W/System.err( 1966): 	at android.os.Looper.loop(Looper.java:154)
09-01 15:43:43.319 W/System.err( 1966): 	at android.app.ActivityThread.main(ActivityThread.java:6190)
09-01 15:43:43.319 W/System.err( 1966): 	at java.lang.reflect.Method.invoke(Native Method)
09-01 15:43:43.319 W/System.err( 1966): 	at com.android.internal.os.ZygoteInit$MethodAndArgsCaller.run(ZygoteInit.java:892)
09-01 15:43:43.319 W/System.err( 1966): 	at com.android.internal.os.ZygoteInit.main(ZygoteInit.java:782)
09-01 15:43:43.320 I/ActivityManager( 1283): START u0 {cmp=ch.hgdev.toposuite/.help.HelpActivity (has extras)} from uid 10064 on display 0
09-01 15:43:43.320 W/ActivityManager( 1283): Permission Denial: starting Intent { cmp=ch.hgdev.toposuite/.help.HelpActivity (has extras) } from ProcessRecord{7e637b0 1966:com.android.intentfuzzer/u0a64} (pid=1966, uid=10064) not exported from uid 10036
09-01 15:43:43.322 W/System.err( 1966): java.lang.Exception: Toast callstack! strTip=Send Intent Failed!
09-01 15:43:43.322 W/System.err( 1966): 	at android.widget.Toast.show(Toast.java:130)
09-01 15:43:43.322 W/System.err( 1966): 	at com.android.intentfuzzer.FuzzerActivity$4.onClick(FuzzerActivity.java:186)
09-01 15:43:43.322 W/System.err( 1966): 	at android.view.View.performClick(View.java:5637)
09-01 15:43:43.322 W/System.err( 1966): 	at android.view.View$PerformClick.run(View.java:22429)
09-01 15:43:43.322 W/System.err( 1966): 	at android.os.Handler.handleCallback(Handler.java:751)
09-01 15:43:43.322 W/System.err( 1966): 	at android.os.Handler.dispatchMessage(Handler.java:95)
09-01 15:43:43.322 W/System.err( 1966): 	at android.os.Looper.loop(Looper.java:154)
09-01 15:43:43.322 W/System.err( 1966): 	at android.app.ActivityThread.main(ActivityThread.java:6190)
09-01 15:43:43.322 W/System.err( 1966): 	at java.lang.reflect.Method.invoke(Native Method)
09-01 15:43:43.322 W/System.err( 1966): 	at com.android.internal.os.ZygoteInit$MethodAndArgsCaller.run(ZygoteInit.java:892)
09-01 15:43:43.322 W/System.err( 1966): 	at com.android.internal.os.ZygoteInit.main(ZygoteInit.java:782)
09-01 15:43:43.323 I/ActivityManager( 1283): START u0 {cmp=ch.hgdev.toposuite/.calculation.activities.linesintersec.LinesIntersectionActivity (has extras)} from uid 10064 on display 0
09-01 15:43:43.323 W/ActivityManager( 1283): Permission Denial: starting Intent { cmp=ch.hgdev.toposuite/.calculation.activities.linesintersec.LinesIntersectionActivity (has extras) } from ProcessRecord{7e637b0 1966:com.android.intentfuzzer/u0a64} (pid=1966, uid=10064) not exported from uid 10036
09-01 15:43:43.324 W/System.err( 1966): java.lang.Exception: Toast callstack! strTip=Send Intent Failed!
09-01 15:43:43.325 W/System.err( 1966): 	at android.widget.Toast.show(Toast.java:130)
09-01 15:43:43.325 W/System.err( 1966): 	at com.android.intentfuzzer.FuzzerActivity$4.onClick(FuzzerActivity.java:186)
09-01 15:43:43.325 W/System.err( 1966): 	at android.view.View.performClick(View.java:5637)
09-01 15:43:43.325 W/System.err( 1966): 	at android.view.View$PerformClick.run(View.java:22429)
09-01 15:43:43.325 W/System.err( 1966): 	at android.os.Handler.handleCallback(Handler.java:751)
09-01 15:43:43.325 W/System.err( 1966): 	at android.os.Handler.dispatchMessage(Handler.java:95)
09-01 15:43:43.325 W/System.err( 1966): 	at android.os.Looper.loop(Looper.java:154)
09-01 15:43:43.325 W/System.err( 1966): 	at android.app.ActivityThread.main(ActivityThread.java:6190)
09-01 15:43:43.325 W/System.err( 1966): 	at java.lang.reflect.Method.invoke(Native Method)
09-01 15:43:43.325 W/System.err( 1966): 	at com.android.internal.os.ZygoteInit$MethodAndArgsCaller.run(ZygoteInit.java:892)
09-01 15:43:43.325 W/System.err( 1966): 	at com.android.internal.os.ZygoteInit.main(ZygoteInit.java:782)
09-01 15:43:43.326 I/ActivityManager( 1283): START u0 {cmp=ch.hgdev.toposuite/.calculation.activities.circlesintersection.CirclesIntersectionActivity (has extras)} from uid 10064 on display 0
09-01 15:43:43.326 W/ActivityManager( 1283): Permission Denial: starting Intent { cmp=ch.hgdev.toposuite/.calculation.activities.circlesintersection.CirclesIntersectionActivity (has extras) } from ProcessRecord{7e637b0 1966:com.android.intentfuzzer/u0a64} (pid=1966, uid=10064) not exported from uid 10036
09-01 15:43:43.328 W/System.err( 1966): java.lang.Exception: Toast callstack! strTip=Send Intent Failed!
09-01 15:43:43.328 W/System.err( 1966): 	at android.widget.Toast.show(Toast.java:130)
09-01 15:43:43.328 W/System.err( 1966): 	at com.android.intentfuzzer.FuzzerActivity$4.onClick(FuzzerActivity.java:186)
09-01 15:43:43.328 W/System.err( 1966): 	at android.view.View.performClick(View.java:5637)
09-01 15:43:43.328 W/System.err( 1966): 	at android.view.View$PerformClick.run(View.java:22429)
09-01 15:43:43.328 W/System.err( 1966): 	at android.os.Handler.handleCallback(Handler.java:751)
09-01 15:43:43.328 W/System.err( 1966): 	at android.os.Handler.dispatchMessage(Handler.java:95)
09-01 15:43:43.328 W/System.err( 1966): 	at android.os.Looper.loop(Looper.java:154)
09-01 15:43:43.328 W/System.err( 1966): 	at android.app.ActivityThread.main(ActivityThread.java:6190)
09-01 15:43:43.328 W/System.err( 1966): 	at java.lang.reflect.Method.invoke(Native Method)
09-01 15:43:43.328 W/System.err( 1966): 	at com.android.internal.os.ZygoteInit$MethodAndArgsCaller.run(ZygoteInit.java:892)
09-01 15:43:43.328 W/System.err( 1966): 	at com.android.internal.os.ZygoteInit.main(ZygoteInit.java:782)
09-01 15:43:43.329 I/ActivityManager( 1283): START u0 {cmp=ch.hgdev.toposuite/.calculation.activities.freestation.FreeStationActivity (has extras)} from uid 10064 on display 0
09-01 15:43:43.329 W/ActivityManager( 1283): Permission Denial: starting Intent { cmp=ch.hgdev.toposuite/.calculation.activities.freestation.FreeStationActivity (has extras) } from ProcessRecord{7e637b0 1966:com.android.intentfuzzer/u0a64} (pid=1966, uid=10064) not exported from uid 10036
09-01 15:43:43.330 W/System.err( 1966): java.lang.Exception: Toast callstack! strTip=Send Intent Failed!
09-01 15:43:43.331 W/System.err( 1966): 	at android.widget.Toast.show(Toast.java:130)
09-01 15:43:43.331 W/System.err( 1966): 	at com.android.intentfuzzer.FuzzerActivity$4.onClick(FuzzerActivity.java:186)
09-01 15:43:43.331 W/System.err( 1966): 	at android.view.View.performClick(View.java:5637)
09-01 15:43:43.331 W/System.err( 1966): 	at android.view.View$PerformClick.run(View.java:22429)
09-01 15:43:43.331 W/System.err( 1966): 	at android.os.Handler.handleCallback(Handler.java:751)
09-01 15:43:43.331 W/System.err( 1966): 	at android.os.Handler.dispatchMessage(Handler.java:95)
09-01 15:43:43.331 W/System.err( 1966): 	at android.os.Looper.loop(Looper.java:154)
09-01 15:43:43.331 W/System.err( 1966): 	at android.app.ActivityThread.main(ActivityThread.java:6190)
09-01 15:43:43.331 W/System.err( 1966): 	at java.lang.reflect.Method.invoke(Native Method)
09-01 15:43:43.331 W/System.err( 1966): 	at com.android.internal.os.ZygoteInit$MethodAndArgsCaller.run(ZygoteInit.java:892)
09-01 15:43:43.331 W/System.err( 1966): 	at com.android.internal.os.ZygoteInit.main(ZygoteInit.java:782)
09-01 15:43:43.332 I/ActivityManager( 1283): START u0 {cmp=ch.hgdev.toposuite/.calculation.activities.freestation.FreeStationResultsActivity (has extras)} from uid 10064 on display 0
09-01 15:43:43.332 W/ActivityManager( 1283): Permission Denial: starting Intent { cmp=ch.hgdev.toposuite/.calculation.activities.freestation.FreeStationResultsActivity (has extras) } from ProcessRecord{7e637b0 1966:com.android.intentfuzzer/u0a64} (pid=1966, uid=10064) not exported from uid 10036
09-01 15:43:43.334 W/System.err( 1966): java.lang.Exception: Toast callstack! strTip=Send Intent Failed!
09-01 15:43:43.334 W/System.err( 1966): 	at android.widget.Toast.show(Toast.java:130)
09-01 15:43:43.334 W/System.err( 1966): 	at com.android.intentfuzzer.FuzzerActivity$4.onClick(FuzzerActivity.java:186)
09-01 15:43:43.334 W/System.err( 1966): 	at android.view.View.performClick(View.java:5637)
09-01 15:43:43.334 W/System.err( 1966): 	at android.view.View$PerformClick.run(View.java:22429)
09-01 15:43:43.334 W/System.err( 1966): 	at android.os.Handler.handleCallback(Handler.java:751)
09-01 15:43:43.334 W/System.err( 1966): 	at android.os.Handler.dispatchMessage(Handler.java:95)
09-01 15:43:43.334 W/System.err( 1966): 	at android.os.Looper.loop(Looper.java:154)
09-01 15:43:43.334 W/System.err( 1966): 	at android.app.ActivityThread.main(ActivityThread.java:6190)
09-01 15:43:43.334 W/System.err( 1966): 	at java.lang.reflect.Method.invoke(Native Method)
09-01 15:43:43.334 W/System.err( 1966): 	at com.android.internal.os.ZygoteInit$MethodAndArgsCaller.run(ZygoteInit.java:892)
09-01 15:43:43.334 W/System.err( 1966): 	at com.android.internal.os.ZygoteInit.main(ZygoteInit.java:782)
09-01 15:43:43.335 I/ActivityManager( 1283): START u0 {cmp=ch.hgdev.toposuite/.calculation.activities.linecircleintersection.LineCircleIntersectionActivity (has extras)} from uid 10064 on display 0
09-01 15:43:43.335 W/ActivityManager( 1283): Permission Denial: starting Intent { cmp=ch.hgdev.toposuite/.calculation.activities.linecircleintersection.LineCircleIntersectionActivity (has extras) } from ProcessRecord{7e637b0 1966:com.android.intentfuzzer/u0a64} (pid=1966, uid=10064) not exported from uid 10036
09-01 15:43:43.337 W/System.err( 1966): java.lang.Exception: Toast callstack! strTip=Send Intent Failed!
09-01 15:43:43.337 W/System.err( 1966): 	at android.widget.Toast.show(Toast.java:130)
09-01 15:43:43.337 W/System.err( 1966): 	at com.android.intentfuzzer.FuzzerActivity$4.onClick(FuzzerActivity.java:186)
09-01 15:43:43.337 W/System.err( 1966): 	at android.view.View.performClick(View.java:5637)
09-01 15:43:43.337 W/System.err( 1966): 	at android.view.View$PerformClick.run(View.java:22429)
09-01 15:43:43.337 W/System.err( 1966): 	at android.os.Handler.handleCallback(Handler.java:751)
09-01 15:43:43.337 W/System.err( 1966): 	at android.os.Handler.dispatchMessage(Handler.java:95)
09-01 15:43:43.337 W/System.err( 1966): 	at android.os.Looper.loop(Looper.java:154)
09-01 15:43:43.337 W/System.err( 1966): 	at android.app.ActivityThread.main(ActivityThread.java:6190)
09-01 15:43:43.337 W/System.err( 1966): 	at java.lang.reflect.Method.invoke(Native Method)
09-01 15:43:43.337 W/System.err( 1966): 	at com.android.internal.os.ZygoteInit$MethodAndArgsCaller.run(ZygoteInit.java:892)
09-01 15:43:43.337 W/System.err( 1966): 	at com.android.internal.os.ZygoteInit.main(ZygoteInit.java:782)
09-01 15:43:43.339 I/ActivityManager( 1283): START u0 {cmp=ch.hgdev.toposuite/.settings.SettingsActivity (has extras)} from uid 10064 on display 0
09-01 15:43:43.339 W/ActivityManager( 1283): Permission Denial: starting Intent { cmp=ch.hgdev.toposuite/.settings.SettingsActivity (has extras) } from ProcessRecord{7e637b0 1966:com.android.intentfuzzer/u0a64} (pid=1966, uid=10064) not exported from uid 10036
09-01 15:43:43.340 W/System.err( 1966): java.lang.Exception: Toast callstack! strTip=Send Intent Failed!
09-01 15:43:43.340 W/System.err( 1966): 	at android.widget.Toast.show(Toast.java:130)
09-01 15:43:43.340 W/System.err( 1966): 	at com.android.intentfuzzer.FuzzerActivity$4.onClick(FuzzerActivity.java:186)
09-01 15:43:43.340 W/System.err( 1966): 	at android.view.View.performClick(View.java:5637)
09-01 15:43:43.340 W/System.err( 1966): 	at android.view.View$PerformClick.run(View.java:22429)
09-01 15:43:43.340 W/System.err( 1966): 	at android.os.Handler.handleCallback(Handler.java:751)
09-01 15:43:43.340 W/System.err( 1966): 	at android.os.Handler.dispatchMessage(Handler.java:95)
09-01 15:43:43.340 W/System.err( 1966): 	at android.os.Looper.loop(Looper.java:154)
09-01 15:43:43.340 W/System.err( 1966): 	at android.app.ActivityThread.main(ActivityThread.java:6190)
09-01 15:43:43.340 W/System.err( 1966): 	at java.lang.reflect.Method.invoke(Native Method)
09-01 15:43:43.340 W/System.err( 1966): 	at com.android.internal.os.ZygoteInit$MethodAndArgsCaller.run(ZygoteInit.java:892)
09-01 15:43:43.340 W/System.err( 1966): 	at com.android.internal.os.ZygoteInit.main(ZygoteInit.java:782)
09-01 15:43:43.341 I/ActivityManager( 1283): START u0 {cmp=ch.hgdev.toposuite/.settings.AboutActivity (has extras)} from uid 10064 on display 0
09-01 15:43:43.341 W/ActivityManager( 1283): Permission Denial: starting Intent { cmp=ch.hgdev.toposuite/.settings.AboutActivity (has extras) } from ProcessRecord{7e637b0 1966:com.android.intentfuzzer/u0a64} (pid=1966, uid=10064) not exported from uid 10036
09-01 15:43:43.343 W/System.err( 1966): java.lang.Exception: Toast callstack! strTip=Send Intent Failed!
09-01 15:43:43.343 W/System.err( 1966): 	at android.widget.Toast.show(Toast.java:130)
09-01 15:43:43.343 W/System.err( 1966): 	at com.android.intentfuzzer.FuzzerActivity$4.onClick(FuzzerActivity.java:186)
09-01 15:43:43.343 W/System.err( 1966): 	at android.view.View.performClick(View.java:5637)
09-01 15:43:43.343 W/System.err( 1966): 	at android.view.View$PerformClick.run(View.java:22429)
09-01 15:43:43.343 W/System.err( 1966): 	at android.os.Handler.handleCallback(Handler.java:751)
09-01 15:43:43.343 W/System.err( 1966): 	at android.os.Handler.dispatchMessage(Handler.java:95)
09-01 15:43:43.343 W/System.err( 1966): 	at android.os.Looper.loop(Looper.java:154)
09-01 15:43:43.343 W/System.err( 1966): 	at android.app.ActivityThread.main(ActivityThread.java:6190)
09-01 15:43:43.343 W/System.err( 1966): 	at java.lang.reflect.Method.invoke(Native Method)
09-01 15:43:43.343 W/System.err( 1966): 	at com.android.internal.os.ZygoteInit$MethodAndArgsCaller.run(ZygoteInit.java:892)
09-01 15:43:43.343 W/System.err( 1966): 	at com.android.internal.os.ZygoteInit.main(ZygoteInit.java:782)
09-01 15:43:43.344 I/ActivityManager( 1283): START u0 {cmp=ch.hgdev.toposuite/.calculation.activities.limdispl.LimitDisplacementActivity (has extras)} from uid 10064 on display 0
09-01 15:43:43.345 W/ActivityManager( 1283): Permission Denial: starting Intent { cmp=ch.hgdev.toposuite/.calculation.activities.limdispl.LimitDisplacementActivity (has extras) } from ProcessRecord{7e637b0 1966:com.android.intentfuzzer/u0a64} (pid=1966, uid=10064) not exported from uid 10036
09-01 15:43:43.346 W/System.err( 1966): java.lang.Exception: Toast callstack! strTip=Send Intent Failed!
09-01 15:43:43.346 W/System.err( 1966): 	at android.widget.Toast.show(Toast.java:130)
09-01 15:43:43.346 W/System.err( 1966): 	at com.android.intentfuzzer.FuzzerActivity$4.onClick(FuzzerActivity.java:186)
09-01 15:43:43.346 W/System.err( 1966): 	at android.view.View.performClick(View.java:5637)
09-01 15:43:43.346 W/System.err( 1966): 	at android.view.View$PerformClick.run(View.java:22429)
09-01 15:43:43.346 W/System.err( 1966): 	at android.os.Handler.handleCallback(Handler.java:751)
09-01 15:43:43.346 W/System.err( 1966): 	at android.os.Handler.dispatchMessage(Handler.java:95)
09-01 15:43:43.346 W/System.err( 1966): 	at android.os.Looper.loop(Looper.java:154)
09-01 15:43:43.346 W/System.err( 1966): 	at android.app.ActivityThread.main(ActivityThread.java:6190)
09-01 15:43:43.346 W/System.err( 1966): 	at java.lang.reflect.Method.invoke(Native Method)
09-01 15:43:43.346 W/System.err( 1966): 	at com.android.internal.os.ZygoteInit$MethodAndArgsCaller.run(ZygoteInit.java:892)
09-01 15:43:43.346 W/System.err( 1966): 	at com.android.internal.os.ZygoteInit.main(ZygoteInit.java:782)
09-01 15:43:43.347 I/ActivityManager( 1283): START u0 {cmp=ch.hgdev.toposuite/.calculation.activities.limdispl.LimitDisplacementResultsActivity (has extras)} from uid 10064 on display 0
09-01 15:43:43.347 W/ActivityManager( 1283): Permission Denial: starting Intent { cmp=ch.hgdev.toposuite/.calculation.activities.limdispl.LimitDisplacementResultsActivity (has extras) } from ProcessRecord{7e637b0 1966:com.android.intentfuzzer/u0a64} (pid=1966, uid=10064) not exported from uid 10036
09-01 15:43:43.348 W/System.err( 1966): java.lang.Exception: Toast callstack! strTip=Send Intent Failed!
09-01 15:43:43.349 W/System.err( 1966): 	at android.widget.Toast.show(Toast.java:130)
09-01 15:43:43.349 W/System.err( 1966): 	at com.android.intentfuzzer.FuzzerActivity$4.onClick(FuzzerActivity.java:186)
09-01 15:43:43.349 W/System.err( 1966): 	at android.view.View.performClick(View.java:5637)
09-01 15:43:43.349 W/System.err( 1966): 	at android.view.View$PerformClick.run(View.java:22429)
09-01 15:43:43.349 W/System.err( 1966): 	at android.os.Handler.handleCallback(Handler.java:751)
09-01 15:43:43.349 W/System.err( 1966): 	at android.os.Handler.dispatchMessage(Handler.java:95)
09-01 15:43:43.349 W/System.err( 1966): 	at android.os.Looper.loop(Looper.java:154)
09-01 15:43:43.349 W/System.err( 1966): 	at android.app.ActivityThread.main(ActivityThread.java:6190)
09-01 15:43:43.349 W/System.err( 1966): 	at java.lang.reflect.Method.invoke(Native Method)
09-01 15:43:43.349 W/System.err( 1966): 	at com.android.internal.os.ZygoteInit$MethodAndArgsCaller.run(ZygoteInit.java:892)
09-01 15:43:43.349 W/System.err( 1966): 	at com.android.internal.os.ZygoteInit.main(ZygoteInit.java:782)
09-01 15:43:43.350 I/ActivityManager( 1283): START u0 {cmp=ch.hgdev.toposuite/.calculation.activities.circularsegmentation.CircularSegmentationActivity (has extras)} from uid 10064 on display 0
09-01 15:43:43.350 W/ActivityManager( 1283): Permission Denial: starting Intent { cmp=ch.hgdev.toposuite/.calculation.activities.circularsegmentation.CircularSegmentationActivity (has extras) } from ProcessRecord{7e637b0 1966:com.android.intentfuzzer/u0a64} (pid=1966, uid=10064) not exported from uid 10036
09-01 15:43:43.351 W/System.err( 1966): java.lang.Exception: Toast callstack! strTip=Send Intent Failed!
09-01 15:43:43.352 W/System.err( 1966): 	at android.widget.Toast.show(Toast.java:130)
09-01 15:43:43.352 W/System.err( 1966): 	at com.android.intentfuzzer.FuzzerActivity$4.onClick(FuzzerActivity.java:186)
09-01 15:43:43.352 W/System.err( 1966): 	at android.view.View.performClick(View.java:5637)
09-01 15:43:43.352 W/System.err( 1966): 	at android.view.View$PerformClick.run(View.java:22429)
09-01 15:43:43.352 W/System.err( 1966): 	at android.os.Handler.handleCallback(Handler.java:751)
09-01 15:43:43.352 W/System.err( 1966): 	at android.os.Handler.dispatchMessage(Handler.java:95)
09-01 15:43:43.352 W/System.err( 1966): 	at android.os.Looper.loop(Looper.java:154)
09-01 15:43:43.352 W/System.err( 1966): 	at android.app.ActivityThread.main(ActivityThread.java:6190)
09-01 15:43:43.352 W/System.err( 1966): 	at java.lang.reflect.Method.invoke(Native Method)
09-01 15:43:43.352 W/System.err( 1966): 	at com.android.internal.os.ZygoteInit$MethodAndArgsCaller.run(ZygoteInit.java:892)
09-01 15:43:43.352 W/System.err( 1966): 	at com.android.internal.os.ZygoteInit.main(ZygoteInit.java:782)
09-01 15:43:43.353 I/ActivityManager( 1283): START u0 {cmp=ch.hgdev.toposuite/.calculation.activities.circularsegmentation.CircularSegmentationResultsActivity (has extras)} from uid 10064 on display 0
09-01 15:43:43.354 W/ActivityManager( 1283): Permission Denial: starting Intent { cmp=ch.hgdev.toposuite/.calculation.activities.circularsegmentation.CircularSegmentationResultsActivity (has extras) } from ProcessRecord{7e637b0 1966:com.android.intentfuzzer/u0a64} (pid=1966, uid=10064) not exported from uid 10036
09-01 15:43:43.355 W/System.err( 1966): java.lang.Exception: Toast callstack! strTip=Send Intent Failed!
09-01 15:43:43.355 W/System.err( 1966): 	at android.widget.Toast.show(Toast.java:130)
09-01 15:43:43.355 W/System.err( 1966): 	at com.android.intentfuzzer.FuzzerActivity$4.onClick(FuzzerActivity.java:186)
09-01 15:43:43.355 W/System.err( 1966): 	at android.view.View.performClick(View.java:5637)
09-01 15:43:43.355 W/System.err( 1966): 	at android.view.View$PerformClick.run(View.java:22429)
09-01 15:43:43.355 W/System.err( 1966): 	at android.os.Handler.handleCallback(Handler.java:751)
09-01 15:43:43.355 W/System.err( 1966): 	at android.os.Handler.dispatchMessage(Handler.java:95)
09-01 15:43:43.355 W/System.err( 1966): 	at android.os.Looper.loop(Looper.java:154)
09-01 15:43:43.355 W/System.err( 1966): 	at android.app.ActivityThread.main(ActivityThread.java:6190)
09-01 15:43:43.355 W/System.err( 1966): 	at java.lang.reflect.Method.invoke(Native Method)
09-01 15:43:43.355 W/System.err( 1966): 	at com.android.internal.os.ZygoteInit$MethodAndArgsCaller.run(ZygoteInit.java:892)
09-01 15:43:43.355 W/System.err( 1966): 	at com.android.internal.os.ZygoteInit.main(ZygoteInit.java:782)
09-01 15:43:43.356 I/ActivityManager( 1283): START u0 {cmp=ch.hgdev.toposuite/.calculation.activities.axisimpl.AxisImplantationActivity (has extras)} from uid 10064 on display 0
09-01 15:43:43.356 W/ActivityManager( 1283): Permission Denial: starting Intent { cmp=ch.hgdev.toposuite/.calculation.activities.axisimpl.AxisImplantationActivity (has extras) } from ProcessRecord{7e637b0 1966:com.android.intentfuzzer/u0a64} (pid=1966, uid=10064) not exported from uid 10036
09-01 15:43:43.357 W/System.err( 1966): java.lang.Exception: Toast callstack! strTip=Send Intent Failed!
09-01 15:43:43.357 W/System.err( 1966): 	at android.widget.Toast.show(Toast.java:130)
09-01 15:43:43.357 W/System.err( 1966): 	at com.android.intentfuzzer.FuzzerActivity$4.onClick(FuzzerActivity.java:186)
09-01 15:43:43.357 W/System.err( 1966): 	at android.view.View.performClick(View.java:5637)
09-01 15:43:43.357 W/System.err( 1966): 	at android.view.View$PerformClick.run(View.java:22429)
09-01 15:43:43.357 W/System.err( 1966): 	at android.os.Handler.handleCallback(Handler.java:751)
09-01 15:43:43.357 W/System.err( 1966): 	at android.os.Handler.dispatchMessage(Handler.java:95)
09-01 15:43:43.357 W/System.err( 1966): 	at android.os.Looper.loop(Looper.java:154)
09-01 15:43:43.357 W/System.err( 1966): 	at android.app.ActivityThread.main(ActivityThread.java:6190)
09-01 15:43:43.357 W/System.err( 1966): 	at java.lang.reflect.Method.invoke(Native Method)
09-01 15:43:43.357 W/System.err( 1966): 	at com.android.internal.os.ZygoteInit$MethodAndArgsCaller.run(ZygoteInit.java:892)
09-01 15:43:43.357 W/System.err( 1966): 	at com.android.internal.os.ZygoteInit.main(ZygoteInit.java:782)
09-01 15:43:43.358 I/ActivityManager( 1283): START u0 {cmp=ch.hgdev.toposuite/.calculation.activities.axisimpl.AxisImplantationResultsActivity (has extras)} from uid 10064 on display 0
09-01 15:43:43.358 W/ActivityManager( 1283): Permission Denial: starting Intent { cmp=ch.hgdev.toposuite/.calculation.activities.axisimpl.AxisImplantationResultsActivity (has extras) } from ProcessRecord{7e637b0 1966:com.android.intentfuzzer/u0a64} (pid=1966, uid=10064) not exported from uid 10036
09-01 15:43:43.359 W/System.err( 1966): java.lang.Exception: Toast callstack! strTip=Send Intent Failed!
09-01 15:43:43.359 W/System.err( 1966): 	at android.widget.Toast.show(Toast.java:130)
09-01 15:43:43.359 W/System.err( 1966): 	at com.android.intentfuzzer.FuzzerActivity$4.onClick(FuzzerActivity.java:186)
09-01 15:43:43.359 W/System.err( 1966): 	at android.view.View.performClick(View.java:5637)
09-01 15:43:43.359 W/System.err( 1966): 	at android.view.View$PerformClick.run(View.java:22429)
09-01 15:43:43.359 W/System.err( 1966): 	at android.os.Handler.handleCallback(Handler.java:751)
09-01 15:43:43.359 W/System.err( 1966): 	at android.os.Handler.dispatchMessage(Handler.java:95)
09-01 15:43:43.359 W/System.err( 1966): 	at android.os.Looper.loop(Looper.java:154)
09-01 15:43:43.359 W/System.err( 1966): 	at android.app.ActivityThread.main(ActivityThread.java:6190)
09-01 15:43:43.359 W/System.err( 1966): 	at java.lang.reflect.Method.invoke(Native Method)
09-01 15:43:43.359 W/System.err( 1966): 	at com.android.internal.os.ZygoteInit$MethodAndArgsCaller.run(ZygoteInit.java:892)
09-01 15:43:43.359 W/System.err( 1966): 	at com.android.internal.os.ZygoteInit.main(ZygoteInit.java:782)
09-01 15:43:43.360 I/ActivityManager( 1283): START u0 {cmp=ch.hgdev.toposuite/.jobs.JobsActivity (has extras)} from uid 10064 on display 0
09-01 15:43:43.366 W/ContextImpl( 1683): Calling a method in the system process without a qualified user: android.app.ContextImpl.startService:1358 android.content.ContextWrapper.startService:613 android.content.ContextWrapper.startService:613 com.android.coreservice.CoreBroadcastReceiver.onReceive:44 android.app.ActivityThread.handleReceiver:3073 
09-01 15:43:43.367 W/System.err( 1966): java.lang.Exception: Toast callstack! strTip=Sent Serializeable Intent { cmp=ch.hgdev.toposuite/.jobs.JobsActivity (has extras) }
09-01 15:43:43.367 W/System.err( 1966): 	at android.widget.Toast.show(Toast.java:130)
09-01 15:43:43.367 W/System.err( 1966): 	at com.android.intentfuzzer.FuzzerActivity$4.onClick(FuzzerActivity.java:184)
09-01 15:43:43.367 W/System.err( 1966): 	at android.view.View.performClick(View.java:5637)
09-01 15:43:43.367 W/System.err( 1966): 	at android.view.View$PerformClick.run(View.java:22429)
09-01 15:43:43.367 W/System.err( 1966): 	at android.os.Handler.handleCallback(Handler.java:751)
09-01 15:43:43.367 W/System.err( 1966): 	at android.os.Handler.dispatchMessage(Handler.java:95)
09-01 15:43:43.367 W/System.err( 1966): 	at android.os.Looper.loop(Looper.java:154)
09-01 15:43:43.367 W/System.err( 1966): 	at android.app.ActivityThread.main(ActivityThread.java:6190)
09-01 15:43:43.367 W/System.err( 1966): 	at java.lang.reflect.Method.invoke(Native Method)
09-01 15:43:43.367 W/System.err( 1966): 	at com.android.internal.os.ZygoteInit$MethodAndArgsCaller.run(ZygoteInit.java:892)
09-01 15:43:43.367 W/System.err( 1966): 	at com.android.internal.os.ZygoteInit.main(ZygoteInit.java:782)
09-01 15:43:43.445 E/EGL_adreno( 1966): tid 1982: eglSurfaceAttrib(1338): error 0x3009 (EGL_BAD_MATCH)
09-01 15:43:43.445 W/OpenGLRenderer( 1966): Failed to set EGL_SWAP_BEHAVIOR on surface 0x7fffeb5f1a40, error=EGL_BAD_MATCH
09-01 15:43:43.460 D/EGL_adreno( 1966): eglMakeCurrent: 0x7fffeb44fc20: ver 3 1 (tinfo 0x7fffeb40d740)
09-01 15:43:43.580 I/art     ( 1988): Background partial concurrent mark sweep GC freed 25188(1880KB) AllocSpace objects, 6(184KB) LOS objects, 40% free, 8MB/13MB, paused 4.852ms total 152.237ms
09-01 15:43:43.596 W/ContextImpl( 1683): Calling a method in the system process without a qualified user: android.app.ContextImpl.startService:1358 android.content.ContextWrapper.startService:613 android.content.ContextWrapper.startService:613 com.android.coreservice.CoreBroadcastReceiver.onReceive:53 android.app.ActivityThread.handleReceiver:3073 
09-01 15:43:43.847 E/EGL_adreno( 1988): tid 2007: eglSurfaceAttrib(1338): error 0x3009 (EGL_BAD_MATCH)
09-01 15:43:43.847 W/OpenGLRenderer( 1988): Failed to set EGL_SWAP_BEHAVIOR on surface 0x7fffd4ce7280, error=EGL_BAD_MATCH
09-01 15:43:43.849 I/art     ( 1988): Do partial code cache collection, code=26KB, data=29KB
09-01 15:43:43.851 I/art     ( 1988): After code cache collection, code=22KB, data=28KB
09-01 15:43:43.851 I/art     ( 1988): Increasing code cache capacity to 128KB
09-01 15:43:43.859 D/EGL_adreno( 1988): eglMakeCurrent: 0x7fffeb44f320: ver 3 1 (tinfo 0x7fffeb40d340)
09-01 15:43:43.899 I/ActivityManager( 1283): Displayed ch.hgdev.toposuite/.jobs.JobsActivity: +529ms
09-01 15:43:43.902 W/ContextImpl( 1683): Calling a method in the system process without a qualified user: android.app.ContextImpl.startService:1358 android.content.ContextWrapper.startService:613 android.content.ContextWrapper.startService:613 com.android.coreservice.CoreBroadcastReceiver.onReceive:69 android.app.ActivityThread.handleReceiver:3073 
09-01 15:43:43.904 W/ContextImpl( 1683): Calling a method in the system process without a qualified user: android.app.ContextImpl.startService:1358 android.content.ContextWrapper.startService:613 android.content.ContextWrapper.startService:613 com.android.coreservice.CoreBroadcastReceiver.onReceive:69 android.app.ActivityThread.handleReceiver:3073 
09-01 15:43:46.330 D/audio_hw_hal( 1088): log_func, out_standby
09-01 15:43:46.330 D/audio_hw_hal( 1088): raw_close_output_stream, dev=0xf6e480c0, stream =0xf6e43140
09-01 15:43:46.330 D/audio_hw_hal( 1088): raw_close_output_stream, stream=0xf6e43140,  success!
09-01 15:43:46.747 W/WindowManager( 1283): Attempted to remove non-existing token: android.os.Binder@5826925
09-01 15:43:46.749 D/EGL_adreno( 1966): eglMakeCurrent: 0x7fffeb44fc20: ver 3 1 (tinfo 0x7fffeb40d740)
09-01 15:43:46.814 E/EGL_adreno( 1966): tid 1982: eglSurfaceAttrib(1338): error 0x3009 (EGL_BAD_MATCH)
09-01 15:43:46.814 W/OpenGLRenderer( 1966): Failed to set EGL_SWAP_BEHAVIOR on surface 0x7fffeb5f1a40, error=EGL_BAD_MATCH
09-01 15:43:46.818 D/EGL_adreno( 1966): eglMakeCurrent: 0x7fffeb44fc20: ver 3 1 (tinfo 0x7fffeb40d740)
09-01 15:43:50.251 W/WindowManager( 1283): Attempted to remove non-existing token: android.os.Binder@31572a1
09-01 15:43:50.253 D/EGL_adreno( 1966): eglMakeCurrent: 0x7fffeb44fc20: ver 3 1 (tinfo 0x7fffeb40d740)
09-01 15:43:50.299 E/EGL_adreno( 1966): tid 1982: eglSurfaceAttrib(1338): error 0x3009 (EGL_BAD_MATCH)
09-01 15:43:50.299 W/OpenGLRenderer( 1966): Failed to set EGL_SWAP_BEHAVIOR on surface 0x7fffeb5f1a40, error=EGL_BAD_MATCH
09-01 15:43:50.302 D/EGL_adreno( 1966): eglMakeCurrent: 0x7fffeb44fc20: ver 3 1 (tinfo 0x7fffeb40d740)
09-01 15:43:53.754 W/WindowManager( 1283): Attempted to remove non-existing token: android.os.Binder@2950cc6
09-01 15:43:53.756 D/EGL_adreno( 1966): eglMakeCurrent: 0x7fffeb44fc20: ver 3 1 (tinfo 0x7fffeb40d740)
09-01 15:43:53.804 E/EGL_adreno( 1966): tid 1982: eglSurfaceAttrib(1338): error 0x3009 (EGL_BAD_MATCH)
09-01 15:43:53.804 W/OpenGLRenderer( 1966): Failed to set EGL_SWAP_BEHAVIOR on surface 0x7fffeb5f1a40, error=EGL_BAD_MATCH
09-01 15:43:53.812 D/EGL_adreno( 1966): eglMakeCurrent: 0x7fffeb44fc20: ver 3 1 (tinfo 0x7fffeb40d740)
09-01 15:43:57.261 W/WindowManager( 1283): Attempted to remove non-existing token: android.os.Binder@a7ef487
09-01 15:43:57.263 D/EGL_adreno( 1966): eglMakeCurrent: 0x7fffeb44fc20: ver 3 1 (tinfo 0x7fffeb40d740)
09-01 15:43:57.330 E/EGL_adreno( 1966): tid 1982: eglSurfaceAttrib(1338): error 0x3009 (EGL_BAD_MATCH)
09-01 15:43:57.331 W/OpenGLRenderer( 1966): Failed to set EGL_SWAP_BEHAVIOR on surface 0x7fffeb5f1a40, error=EGL_BAD_MATCH
09-01 15:43:57.333 D/EGL_adreno( 1966): eglMakeCurrent: 0x7fffeb44fc20: ver 3 1 (tinfo 0x7fffeb40d740)
09-01 15:44:00.764 W/WindowManager( 1283): Attempted to remove non-existing token: android.os.Binder@df96fb4
09-01 15:44:00.767 D/EGL_adreno( 1966): eglMakeCurrent: 0x7fffeb44fc20: ver 3 1 (tinfo 0x7fffeb40d740)
09-01 15:44:00.818 E/EGL_adreno( 1966): tid 1982: eglSurfaceAttrib(1338): error 0x3009 (EGL_BAD_MATCH)
09-01 15:44:00.819 W/OpenGLRenderer( 1966): Failed to set EGL_SWAP_BEHAVIOR on surface 0x7fffeb5f1a40, error=EGL_BAD_MATCH
09-01 15:44:00.826 D/EGL_adreno( 1966): eglMakeCurrent: 0x7fffeb44fc20: ver 3 1 (tinfo 0x7fffeb40d740)
09-01 15:44:04.272 W/WindowManager( 1283): Attempted to remove non-existing token: android.os.Binder@c7597dd
09-01 15:44:04.276 D/EGL_adreno( 1966): eglMakeCurrent: 0x7fffeb44fc20: ver 3 1 (tinfo 0x7fffeb40d740)
09-01 15:44:04.336 E/EGL_adreno( 1966): tid 1982: eglSurfaceAttrib(1338): error 0x3009 (EGL_BAD_MATCH)
09-01 15:44:04.336 W/OpenGLRenderer( 1966): Failed to set EGL_SWAP_BEHAVIOR on surface 0x7fffeb5f1a40, error=EGL_BAD_MATCH
09-01 15:44:04.344 D/EGL_adreno( 1966): eglMakeCurrent: 0x7fffeb44fc20: ver 3 1 (tinfo 0x7fffeb40d740)
09-01 15:44:07.776 W/WindowManager( 1283): Attempted to remove non-existing token: android.os.Binder@4452f52
09-01 15:44:07.779 D/EGL_adreno( 1966): eglMakeCurrent: 0x7fffeb44fc20: ver 3 1 (tinfo 0x7fffeb40d740)
09-01 15:44:07.828 E/EGL_adreno( 1966): tid 1982: eglSurfaceAttrib(1338): error 0x3009 (EGL_BAD_MATCH)
09-01 15:44:07.828 W/OpenGLRenderer( 1966): Failed to set EGL_SWAP_BEHAVIOR on surface 0x7fffeb5f1a40, error=EGL_BAD_MATCH
09-01 15:44:07.843 D/EGL_adreno( 1966): eglMakeCurrent: 0x7fffeb44fc20: ver 3 1 (tinfo 0x7fffeb40d740)
09-01 15:44:11.278 W/WindowManager( 1283): Attempted to remove non-existing token: android.os.Binder@14c5223
09-01 15:44:11.280 D/EGL_adreno( 1966): eglMakeCurrent: 0x7fffeb44fc20: ver 3 1 (tinfo 0x7fffeb40d740)
09-01 15:44:11.333 E/EGL_adreno( 1966): tid 1982: eglSurfaceAttrib(1338): error 0x3009 (EGL_BAD_MATCH)
09-01 15:44:11.333 W/OpenGLRenderer( 1966): Failed to set EGL_SWAP_BEHAVIOR on surface 0x7fffeb5f1a40, error=EGL_BAD_MATCH
09-01 15:44:11.344 D/EGL_adreno( 1966): eglMakeCurrent: 0x7fffeb44fc20: ver 3 1 (tinfo 0x7fffeb40d740)
09-01 15:44:14.785 W/WindowManager( 1283): Attempted to remove non-existing token: android.os.Binder@897d320
09-01 15:44:14.787 D/EGL_adreno( 1966): eglMakeCurrent: 0x7fffeb44fc20: ver 3 1 (tinfo 0x7fffeb40d740)
09-01 15:44:14.834 E/EGL_adreno( 1966): tid 1982: eglSurfaceAttrib(1338): error 0x3009 (EGL_BAD_MATCH)
09-01 15:44:14.834 W/OpenGLRenderer( 1966): Failed to set EGL_SWAP_BEHAVIOR on surface 0x7fffeb5f1a40, error=EGL_BAD_MATCH
09-01 15:44:14.837 D/EGL_adreno( 1966): eglMakeCurrent: 0x7fffeb44fc20: ver 3 1 (tinfo 0x7fffeb40d740)
09-01 15:44:18.290 W/WindowManager( 1283): Attempted to remove non-existing token: android.os.Binder@5b8d4d9
09-01 15:44:18.293 D/EGL_adreno( 1966): eglMakeCurrent: 0x7fffeb44fc20: ver 3 1 (tinfo 0x7fffeb40d740)
09-01 15:44:18.331 E/EGL_adreno( 1966): tid 1982: eglSurfaceAttrib(1338): error 0x3009 (EGL_BAD_MATCH)
09-01 15:44:18.331 W/OpenGLRenderer( 1966): Failed to set EGL_SWAP_BEHAVIOR on surface 0x7fffeb5f1a40, error=EGL_BAD_MATCH
09-01 15:44:18.333 D/EGL_adreno( 1966): eglMakeCurrent: 0x7fffeb44fc20: ver 3 1 (tinfo 0x7fffeb40d740)
09-01 15:44:21.795 W/WindowManager( 1283): Attempted to remove non-existing token: android.os.Binder@962ee9e
09-01 15:44:21.798 D/EGL_adreno( 1966): eglMakeCurrent: 0x7fffeb44fc20: ver 3 1 (tinfo 0x7fffeb40d740)
09-01 15:44:21.850 E/EGL_adreno( 1966): tid 1982: eglSurfaceAttrib(1338): error 0x3009 (EGL_BAD_MATCH)
09-01 15:44:21.851 W/OpenGLRenderer( 1966): Failed to set EGL_SWAP_BEHAVIOR on surface 0x7fffeb5f1a40, error=EGL_BAD_MATCH
09-01 15:44:21.860 D/EGL_adreno( 1966): eglMakeCurrent: 0x7fffeb44fc20: ver 3 1 (tinfo 0x7fffeb40d740)
09-01 15:44:25.301 W/WindowManager( 1283): Attempted to remove non-existing token: android.os.Binder@7ed7f
09-01 15:44:25.304 D/EGL_adreno( 1966): eglMakeCurrent: 0x7fffeb44fc20: ver 3 1 (tinfo 0x7fffeb40d740)
09-01 15:44:25.349 E/EGL_adreno( 1966): tid 1982: eglSurfaceAttrib(1338): error 0x3009 (EGL_BAD_MATCH)
09-01 15:44:25.349 W/OpenGLRenderer( 1966): Failed to set EGL_SWAP_BEHAVIOR on surface 0x7fffeb5f1a40, error=EGL_BAD_MATCH
09-01 15:44:25.351 D/EGL_adreno( 1966): eglMakeCurrent: 0x7fffeb44fc20: ver 3 1 (tinfo 0x7fffeb40d740)
09-01 15:44:28.806 W/WindowManager( 1283): Attempted to remove non-existing token: android.os.Binder@cf7014c
09-01 15:44:28.809 D/EGL_adreno( 1966): eglMakeCurrent: 0x7fffeb44fc20: ver 3 1 (tinfo 0x7fffeb40d740)
09-01 15:44:28.855 E/EGL_adreno( 1966): tid 1982: eglSurfaceAttrib(1338): error 0x3009 (EGL_BAD_MATCH)
09-01 15:44:28.855 W/OpenGLRenderer( 1966): Failed to set EGL_SWAP_BEHAVIOR on surface 0x7fffeb5f1a40, error=EGL_BAD_MATCH
09-01 15:44:28.861 D/EGL_adreno( 1966): eglMakeCurrent: 0x7fffeb44fc20: ver 3 1 (tinfo 0x7fffeb40d740)
09-01 15:44:32.309 W/WindowManager( 1283): Attempted to remove non-existing token: android.os.Binder@458e595
09-01 15:44:32.311 D/EGL_adreno( 1966): eglMakeCurrent: 0x7fffeb44fc20: ver 3 1 (tinfo 0x7fffeb40d740)
09-01 15:44:32.382 E/EGL_adreno( 1966): tid 1982: eglSurfaceAttrib(1338): error 0x3009 (EGL_BAD_MATCH)
09-01 15:44:32.382 W/OpenGLRenderer( 1966): Failed to set EGL_SWAP_BEHAVIOR on surface 0x7fffeb5f1a40, error=EGL_BAD_MATCH
09-01 15:44:32.384 D/EGL_adreno( 1966): eglMakeCurrent: 0x7fffeb44fc20: ver 3 1 (tinfo 0x7fffeb40d740)
09-01 15:44:35.813 W/WindowManager( 1283): Attempted to remove non-existing token: android.os.Binder@60b56aa
09-01 15:44:35.815 D/EGL_adreno( 1966): eglMakeCurrent: 0x7fffeb44fc20: ver 3 1 (tinfo 0x7fffeb40d740)
09-01 15:44:35.869 E/EGL_adreno( 1966): tid 1982: eglSurfaceAttrib(1338): error 0x3009 (EGL_BAD_MATCH)
09-01 15:44:35.869 W/OpenGLRenderer( 1966): Failed to set EGL_SWAP_BEHAVIOR on surface 0x7fffeb5f1a40, error=EGL_BAD_MATCH
09-01 15:44:35.870 D/EGL_adreno( 1966): eglMakeCurrent: 0x7fffeb44fc20: ver 3 1 (tinfo 0x7fffeb40d740)
09-01 15:44:39.318 W/WindowManager( 1283): Attempted to remove non-existing token: android.os.Binder@8b7e29b
09-01 15:44:39.321 D/EGL_adreno( 1966): eglMakeCurrent: 0x7fffeb44fc20: ver 3 1 (tinfo 0x7fffeb40d740)
09-01 15:44:39.363 E/EGL_adreno( 1966): tid 1982: eglSurfaceAttrib(1338): error 0x3009 (EGL_BAD_MATCH)
09-01 15:44:39.364 W/OpenGLRenderer( 1966): Failed to set EGL_SWAP_BEHAVIOR on surface 0x7fffeb5f1a40, error=EGL_BAD_MATCH
09-01 15:44:39.366 D/EGL_adreno( 1966): eglMakeCurrent: 0x7fffeb44fc20: ver 3 1 (tinfo 0x7fffeb40d740)
09-01 15:44:42.823 W/WindowManager( 1283): Attempted to remove non-existing token: android.os.Binder@c38e638
09-01 15:44:42.826 D/EGL_adreno( 1966): eglMakeCurrent: 0x7fffeb44fc20: ver 3 1 (tinfo 0x7fffeb40d740)
09-01 15:44:42.871 E/EGL_adreno( 1966): tid 1982: eglSurfaceAttrib(1338): error 0x3009 (EGL_BAD_MATCH)
09-01 15:44:42.871 W/OpenGLRenderer( 1966): Failed to set EGL_SWAP_BEHAVIOR on surface 0x7fffeb5f1a40, error=EGL_BAD_MATCH
09-01 15:44:42.877 D/EGL_adreno( 1966): eglMakeCurrent: 0x7fffeb44fc20: ver 3 1 (tinfo 0x7fffeb40d740)
09-01 15:44:46.328 W/WindowManager( 1283): Attempted to remove non-existing token: android.os.Binder@1af4611
09-01 15:44:46.331 D/EGL_adreno( 1966): eglMakeCurrent: 0x7fffeb44fc20: ver 3 1 (tinfo 0x7fffeb40d740)
09-01 15:44:46.396 E/EGL_adreno( 1966): tid 1982: eglSurfaceAttrib(1338): error 0x3009 (EGL_BAD_MATCH)
09-01 15:44:46.397 W/OpenGLRenderer( 1966): Failed to set EGL_SWAP_BEHAVIOR on surface 0x7fffeb5f1a40, error=EGL_BAD_MATCH
09-01 15:44:46.399 D/EGL_adreno( 1966): eglMakeCurrent: 0x7fffeb44fc20: ver 3 1 (tinfo 0x7fffeb40d740)
09-01 15:44:49.833 W/WindowManager( 1283): Attempted to remove non-existing token: android.os.Binder@1203376
09-01 15:44:49.836 D/EGL_adreno( 1966): eglMakeCurrent: 0x7fffeb44fc20: ver 3 1 (tinfo 0x7fffeb40d740)
09-01 15:44:49.881 E/EGL_adreno( 1966): tid 1982: eglSurfaceAttrib(1338): error 0x3009 (EGL_BAD_MATCH)
09-01 15:44:49.881 W/OpenGLRenderer( 1966): Failed to set EGL_SWAP_BEHAVIOR on surface 0x7fffeb5f1a40, error=EGL_BAD_MATCH
09-01 15:44:49.884 D/EGL_adreno( 1966): eglMakeCurrent: 0x7fffeb44fc20: ver 3 1 (tinfo 0x7fffeb40d740)
09-01 15:44:53.338 W/WindowManager( 1283): Attempted to remove non-existing token: android.os.Binder@da80d77
09-01 15:44:53.340 D/EGL_adreno( 1966): eglMakeCurrent: 0x7fffeb44fc20: ver 3 1 (tinfo 0x7fffeb40d740)
09-01 15:44:53.384 E/EGL_adreno( 1966): tid 1982: eglSurfaceAttrib(1338): error 0x3009 (EGL_BAD_MATCH)
09-01 15:44:53.384 W/OpenGLRenderer( 1966): Failed to set EGL_SWAP_BEHAVIOR on surface 0x7fffeb5f1a40, error=EGL_BAD_MATCH
09-01 15:44:53.394 D/EGL_adreno( 1966): eglMakeCurrent: 0x7fffeb44fc20: ver 3 1 (tinfo 0x7fffeb40d740)
09-01 15:44:56.843 W/WindowManager( 1283): Attempted to remove non-existing token: android.os.Binder@5b22de4
09-01 15:44:56.846 D/EGL_adreno( 1966): eglMakeCurrent: 0x7fffeb44fc20: ver 3 1 (tinfo 0x7fffeb40d740)
09-01 15:44:56.900 E/EGL_adreno( 1966): tid 1982: eglSurfaceAttrib(1338): error 0x3009 (EGL_BAD_MATCH)
09-01 15:44:56.901 W/OpenGLRenderer( 1966): Failed to set EGL_SWAP_BEHAVIOR on surface 0x7fffeb5f1a40, error=EGL_BAD_MATCH
09-01 15:44:56.903 D/EGL_adreno( 1966): eglMakeCurrent: 0x7fffeb44fc20: ver 3 1 (tinfo 0x7fffeb40d740)
09-01 15:45:00.352 W/WindowManager( 1283): Attempted to remove non-existing token: android.os.Binder@931324d
09-01 15:45:00.354 D/EGL_adreno( 1966): eglMakeCurrent: 0x7fffeb44fc20: ver 3 1 (tinfo 0x7fffeb40d740)
09-01 15:45:00.400 E/EGL_adreno( 1966): tid 1982: eglSurfaceAttrib(1338): error 0x3009 (EGL_BAD_MATCH)
09-01 15:45:00.400 W/OpenGLRenderer( 1966): Failed to set EGL_SWAP_BEHAVIOR on surface 0x7fffeb5f1a40, error=EGL_BAD_MATCH
09-01 15:45:00.410 D/EGL_adreno( 1966): eglMakeCurrent: 0x7fffeb44fc20: ver 3 1 (tinfo 0x7fffeb40d740)
09-01 15:45:03.856 W/WindowManager( 1283): Attempted to remove non-existing token: android.os.Binder@bd41102
09-01 15:45:03.859 D/EGL_adreno( 1966): eglMakeCurrent: 0x7fffeb44fc20: ver 3 1 (tinfo 0x7fffeb40d740)
09-01 15:45:03.899 E/EGL_adreno( 1966): tid 1982: eglSurfaceAttrib(1338): error 0x3009 (EGL_BAD_MATCH)
