09-01 15:42:11.347 D/EGL_adreno( 1966): eglMakeCurrent: 0x7fffeb44fc20: ver 3 1 (tinfo 0x7fffeb40d740)
09-01 15:42:11.401 E/EGL_adreno( 1966): tid 1982: eglSurfaceAttrib(1338): error 0x3009 (EGL_BAD_MATCH)
09-01 15:42:11.402 W/OpenGLRenderer( 1966): Failed to set EGL_SWAP_BEHAVIOR on surface 0x7fffeb5dedc0, error=EGL_BAD_MATCH
09-01 15:42:11.410 D/EGL_adreno( 1966): eglMakeCurrent: 0x7fffeb44fc20: ver 3 1 (tinfo 0x7fffeb40d740)
09-01 15:42:14.849 W/WindowManager( 1283): Attempted to remove non-existing token: android.os.Binder@d380855
09-01 15:42:14.852 D/EGL_adreno( 1966): eglMakeCurrent: 0x7fffeb44fc20: ver 3 1 (tinfo 0x7fffeb40d740)
09-01 15:42:14.900 E/EGL_adreno( 1966): tid 1982: eglSurfaceAttrib(1338): error 0x3009 (EGL_BAD_MATCH)
09-01 15:42:14.900 W/OpenGLRenderer( 1966): Failed to set EGL_SWAP_BEHAVIOR on surface 0x7fffeb5dedc0, error=EGL_BAD_MATCH
09-01 15:42:14.903 D/EGL_adreno( 1966): eglMakeCurrent: 0x7fffeb44fc20: ver 3 1 (tinfo 0x7fffeb40d740)
09-01 15:42:18.353 W/WindowManager( 1283): Attempted to remove non-existing token: android.os.Binder@a23a26a
09-01 15:42:18.355 D/EGL_adreno( 1966): eglMakeCurrent: 0x7fffeb44fc20: ver 3 1 (tinfo 0x7fffeb40d740)
09-01 15:42:18.400 E/EGL_adreno( 1966): tid 1982: eglSurfaceAttrib(1338): error 0x3009 (EGL_BAD_MATCH)
09-01 15:42:18.400 W/OpenGLRenderer( 1966): Failed to set EGL_SWAP_BEHAVIOR on surface 0x7fffeb5dedc0, error=EGL_BAD_MATCH
09-01 15:42:18.403 D/EGL_adreno( 1966): eglMakeCurrent: 0x7fffeb44fc20: ver 3 1 (tinfo 0x7fffeb40d740)
09-01 15:42:21.857 W/WindowManager( 1283): Attempted to remove non-existing token: android.os.Binder@4a4a35b
09-01 15:42:21.860 D/EGL_adreno( 1966): eglMakeCurrent: 0x7fffeb44fc20: ver 3 1 (tinfo 0x7fffeb40d740)
09-01 15:42:21.920 E/EGL_adreno( 1966): tid 1982: eglSurfaceAttrib(1338): error 0x3009 (EGL_BAD_MATCH)
09-01 15:42:21.920 W/OpenGLRenderer( 1966): Failed to set EGL_SWAP_BEHAVIOR on surface 0x7fffeb5dedc0, error=EGL_BAD_MATCH
09-01 15:42:21.928 D/EGL_adreno( 1966): eglMakeCurrent: 0x7fffeb44fc20: ver 3 1 (tinfo 0x7fffeb40d740)
09-01 15:42:25.364 W/WindowManager( 1283): Attempted to remove non-existing token: android.os.Binder@74177f8
09-01 15:42:25.366 D/EGL_adreno( 1966): eglMakeCurrent: 0x7fffeb44fc20: ver 3 1 (tinfo 0x7fffeb40d740)
09-01 15:42:25.415 E/EGL_adreno( 1966): tid 1982: eglSurfaceAttrib(1338): error 0x3009 (EGL_BAD_MATCH)
09-01 15:42:25.416 W/OpenGLRenderer( 1966): Failed to set EGL_SWAP_BEHAVIOR on surface 0x7fffeb5dedc0, error=EGL_BAD_MATCH
09-01 15:42:25.428 D/EGL_adreno( 1966): eglMakeCurrent: 0x7fffeb44fc20: ver 3 1 (tinfo 0x7fffeb40d740)
09-01 15:42:28.874 W/WindowManager( 1283): Attempted to remove non-existing token: android.os.Binder@b3dd4d1
09-01 15:42:28.877 D/EGL_adreno( 1966): eglMakeCurrent: 0x7fffeb44fc20: ver 3 1 (tinfo 0x7fffeb40d740)
09-01 15:42:28.915 E/EGL_adreno( 1966): tid 1982: eglSurfaceAttrib(1338): error 0x3009 (EGL_BAD_MATCH)
09-01 15:42:28.915 W/OpenGLRenderer( 1966): Failed to set EGL_SWAP_BEHAVIOR on surface 0x7fffeb5dedc0, error=EGL_BAD_MATCH
09-01 15:42:28.928 D/EGL_adreno( 1966): eglMakeCurrent: 0x7fffeb44fc20: ver 3 1 (tinfo 0x7fffeb40d740)
09-01 15:42:32.377 W/WindowManager( 1283): Attempted to remove non-existing token: android.os.Binder@ad17b36
09-01 15:42:32.380 D/EGL_adreno( 1966): eglMakeCurrent: 0x7fffeb44fc20: ver 3 1 (tinfo 0x7fffeb40d740)
09-01 15:42:32.442 E/EGL_adreno( 1966): tid 1982: eglSurfaceAttrib(1338): error 0x3009 (EGL_BAD_MATCH)
09-01 15:42:32.442 W/OpenGLRenderer( 1966): Failed to set EGL_SWAP_BEHAVIOR on surface 0x7fffeb5dedc0, error=EGL_BAD_MATCH
09-01 15:42:32.445 D/EGL_adreno( 1966): eglMakeCurrent: 0x7fffeb44fc20: ver 3 1 (tinfo 0x7fffeb40d740)
09-01 15:42:35.883 W/WindowManager( 1283): Attempted to remove non-existing token: android.os.Binder@801a37
09-01 15:42:35.888 D/EGL_adreno( 1966): eglMakeCurrent: 0x7fffeb44fc20: ver 3 1 (tinfo 0x7fffeb40d740)
09-01 15:42:35.938 E/EGL_adreno( 1966): tid 1982: eglSurfaceAttrib(1338): error 0x3009 (EGL_BAD_MATCH)
09-01 15:42:35.938 W/OpenGLRenderer( 1966): Failed to set EGL_SWAP_BEHAVIOR on surface 0x7fffeb5dedc0, error=EGL_BAD_MATCH
09-01 15:42:35.944 D/EGL_adreno( 1966): eglMakeCurrent: 0x7fffeb44fc20: ver 3 1 (tinfo 0x7fffeb40d740)
09-01 15:42:39.396 W/WindowManager( 1283): Attempted to remove non-existing token: android.os.Binder@c121ba4
09-01 15:42:39.399 D/EGL_adreno( 1966): eglMakeCurrent: 0x7fffeb44fc20: ver 3 1 (tinfo 0x7fffeb40d740)
09-01 15:42:39.461 E/EGL_adreno( 1966): tid 1982: eglSurfaceAttrib(1338): error 0x3009 (EGL_BAD_MATCH)
09-01 15:42:39.461 W/OpenGLRenderer( 1966): Failed to set EGL_SWAP_BEHAVIOR on surface 0x7fffeb5dedc0, error=EGL_BAD_MATCH
09-01 15:42:39.466 D/EGL_adreno( 1966): eglMakeCurrent: 0x7fffeb44fc20: ver 3 1 (tinfo 0x7fffeb40d740)
09-01 15:42:42.902 W/WindowManager( 1283): Attempted to remove non-existing token: android.os.Binder@cf9ed0d
09-01 15:42:42.903 D/EGL_adreno( 1966): eglMakeCurrent: 0x7fffeb44fc20: ver 3 1 (tinfo 0x7fffeb40d740)
09-01 15:42:42.951 E/EGL_adreno( 1966): tid 1982: eglSurfaceAttrib(1338): error 0x3009 (EGL_BAD_MATCH)
09-01 15:42:42.951 W/OpenGLRenderer( 1966): Failed to set EGL_SWAP_BEHAVIOR on surface 0x7fffeb5dedc0, error=EGL_BAD_MATCH
09-01 15:42:42.960 D/EGL_adreno( 1966): eglMakeCurrent: 0x7fffeb44fc20: ver 3 1 (tinfo 0x7fffeb40d740)
09-01 15:42:46.411 W/WindowManager( 1283): Attempted to remove non-existing token: android.os.Binder@1b214c2
09-01 15:42:46.412 D/EGL_adreno( 1966): eglMakeCurrent: 0x7fffeb44fc20: ver 3 1 (tinfo 0x7fffeb40d740)
09-01 15:42:46.468 E/EGL_adreno( 1966): tid 1982: eglSurfaceAttrib(1338): error 0x3009 (EGL_BAD_MATCH)
09-01 15:42:46.468 W/OpenGLRenderer( 1966): Failed to set EGL_SWAP_BEHAVIOR on surface 0x7fffeb5dedc0, error=EGL_BAD_MATCH
09-01 15:42:46.477 D/EGL_adreno( 1966): eglMakeCurrent: 0x7fffeb44fc20: ver 3 1 (tinfo 0x7fffeb40d740)
09-01 15:42:49.915 W/WindowManager( 1283): Attempted to remove non-existing token: android.os.Binder@b3222d3
09-01 15:42:49.917 D/EGL_adreno( 1966): eglMakeCurrent: 0x7fffeb44fc20: ver 3 1 (tinfo 0x7fffeb40d740)
09-01 15:42:49.965 E/EGL_adreno( 1966): tid 1982: eglSurfaceAttrib(1338): error 0x3009 (EGL_BAD_MATCH)
09-01 15:42:49.965 W/OpenGLRenderer( 1966): Failed to set EGL_SWAP_BEHAVIOR on surface 0x7fffeb5dedc0, error=EGL_BAD_MATCH
09-01 15:42:49.968 D/EGL_adreno( 1966): eglMakeCurrent: 0x7fffeb44fc20: ver 3 1 (tinfo 0x7fffeb40d740)
09-01 15:42:53.419 W/WindowManager( 1283): Attempted to remove non-existing token: android.os.Binder@d274e10
09-01 15:42:53.421 D/EGL_adreno( 1966): eglMakeCurrent: 0x7fffeb44fc20: ver 3 1 (tinfo 0x7fffeb40d740)
09-01 15:42:53.467 E/EGL_adreno( 1966): tid 1982: eglSurfaceAttrib(1338): error 0x3009 (EGL_BAD_MATCH)
09-01 15:42:53.467 W/OpenGLRenderer( 1966): Failed to set EGL_SWAP_BEHAVIOR on surface 0x7fffeb5dedc0, error=EGL_BAD_MATCH
09-01 15:42:53.477 D/EGL_adreno( 1966): eglMakeCurrent: 0x7fffeb44fc20: ver 3 1 (tinfo 0x7fffeb40d740)
09-01 15:42:56.921 W/WindowManager( 1283): Attempted to remove non-existing token: android.os.Binder@3e54d09
09-01 15:42:56.923 D/EGL_adreno( 1966): eglMakeCurrent: 0x7fffeb44fc20: ver 3 1 (tinfo 0x7fffeb40d740)
09-01 15:42:56.967 E/EGL_adreno( 1966): tid 1982: eglSurfaceAttrib(1338): error 0x3009 (EGL_BAD_MATCH)
09-01 15:42:56.967 W/OpenGLRenderer( 1966): Failed to set EGL_SWAP_BEHAVIOR on surface 0x7fffeb5dedc0, error=EGL_BAD_MATCH
09-01 15:42:56.978 D/EGL_adreno( 1966): eglMakeCurrent: 0x7fffeb44fc20: ver 3 1 (tinfo 0x7fffeb40d740)
09-01 15:43:00.765 W/WindowManager( 1283): Attempted to remove non-existing token: android.os.Binder@410bb0e
09-01 15:43:00.770 D/EGL_adreno( 1966): eglMakeCurrent: 0x7fffeb44fc20: ver 3 1 (tinfo 0x7fffeb40d740)
09-01 15:43:00.816 E/EGL_adreno( 1966): tid 1982: eglSurfaceAttrib(1338): error 0x3009 (EGL_BAD_MATCH)
09-01 15:43:00.816 W/OpenGLRenderer( 1966): Failed to set EGL_SWAP_BEHAVIOR on surface 0x7fffeb5dedc0, error=EGL_BAD_MATCH
09-01 15:43:00.827 D/EGL_adreno( 1966): eglMakeCurrent: 0x7fffeb44fc20: ver 3 1 (tinfo 0x7fffeb40d740)
09-01 15:43:04.270 W/WindowManager( 1283): Attempted to remove non-existing token: android.os.Binder@ef2192f
09-01 15:43:04.272 D/EGL_adreno( 1966): eglMakeCurrent: 0x7fffeb44fc20: ver 3 1 (tinfo 0x7fffeb40d740)
09-01 15:43:04.315 E/EGL_adreno( 1966): tid 1982: eglSurfaceAttrib(1338): error 0x3009 (EGL_BAD_MATCH)
09-01 15:43:04.315 W/OpenGLRenderer( 1966): Failed to set EGL_SWAP_BEHAVIOR on surface 0x7fffeb5dedc0, error=EGL_BAD_MATCH
09-01 15:43:04.317 D/EGL_adreno( 1966): eglMakeCurrent: 0x7fffeb44fc20: ver 3 1 (tinfo 0x7fffeb40d740)
09-01 15:43:07.772 W/WindowManager( 1283): Attempted to remove non-existing token: android.os.Binder@a1b3b3c
09-01 15:43:07.774 D/EGL_adreno( 1966): eglMakeCurrent: 0x7fffeb44fc20: ver 3 1 (tinfo 0x7fffeb40d740)
09-01 15:43:07.833 E/EGL_adreno( 1966): tid 1982: eglSurfaceAttrib(1338): error 0x3009 (EGL_BAD_MATCH)
09-01 15:43:07.834 W/OpenGLRenderer( 1966): Failed to set EGL_SWAP_BEHAVIOR on surface 0x7fffeb5dedc0, error=EGL_BAD_MATCH
09-01 15:43:07.844 D/EGL_adreno( 1966): eglMakeCurrent: 0x7fffeb44fc20: ver 3 1 (tinfo 0x7fffeb40d740)
09-01 15:43:11.275 W/WindowManager( 1283): Attempted to remove non-existing token: android.os.Binder@60cb0c5
09-01 15:43:11.278 D/EGL_adreno( 1966): eglMakeCurrent: 0x7fffeb44fc20: ver 3 1 (tinfo 0x7fffeb40d740)
09-01 15:43:11.332 E/EGL_adreno( 1966): tid 1982: eglSurfaceAttrib(1338): error 0x3009 (EGL_BAD_MATCH)
09-01 15:43:11.332 W/OpenGLRenderer( 1966): Failed to set EGL_SWAP_BEHAVIOR on surface 0x7fffeb5dedc0, error=EGL_BAD_MATCH
09-01 15:43:11.344 D/EGL_adreno( 1966): eglMakeCurrent: 0x7fffeb44fc20: ver 3 1 (tinfo 0x7fffeb40d740)
09-01 15:43:14.781 W/WindowManager( 1283): Attempted to remove non-existing token: android.os.Binder@ea17a1a
09-01 15:43:14.783 D/EGL_adreno( 1966): eglMakeCurrent: 0x7fffeb44fc20: ver 3 1 (tinfo 0x7fffeb40d740)
09-01 15:43:14.834 E/EGL_adreno( 1966): tid 1982: eglSurfaceAttrib(1338): error 0x3009 (EGL_BAD_MATCH)
09-01 15:43:14.834 W/OpenGLRenderer( 1966): Failed to set EGL_SWAP_BEHAVIOR on surface 0x7fffeb5dedc0, error=EGL_BAD_MATCH
09-01 15:43:14.836 D/EGL_adreno( 1966): eglMakeCurrent: 0x7fffeb44fc20: ver 3 1 (tinfo 0x7fffeb40d740)
09-01 15:43:15.276 D/WifiStateMachine( 1283): setScanResults mScanResults.size=1
09-01 15:43:18.287 W/WindowManager( 1283): Attempted to remove non-existing token: android.os.Binder@811194b
09-01 15:43:18.289 D/EGL_adreno( 1966): eglMakeCurrent: 0x7fffeb44fc20: ver 3 1 (tinfo 0x7fffeb40d740)
09-01 15:43:18.329 E/EGL_adreno( 1966): tid 1982: eglSurfaceAttrib(1338): error 0x3009 (EGL_BAD_MATCH)
09-01 15:43:18.329 W/OpenGLRenderer( 1966): Failed to set EGL_SWAP_BEHAVIOR on surface 0x7fffeb5dedc0, error=EGL_BAD_MATCH
09-01 15:43:18.344 D/EGL_adreno( 1966): eglMakeCurrent: 0x7fffeb44fc20: ver 3 1 (tinfo 0x7fffeb40d740)
09-01 15:43:21.790 W/WindowManager( 1283): Attempted to remove non-existing token: android.os.Binder@ffecf28
09-01 15:43:21.792 D/EGL_adreno( 1966): eglMakeCurrent: 0x7fffeb44fc20: ver 3 1 (tinfo 0x7fffeb40d740)
09-01 15:43:21.831 E/EGL_adreno( 1966): tid 1982: eglSurfaceAttrib(1338): error 0x3009 (EGL_BAD_MATCH)
09-01 15:43:21.831 W/OpenGLRenderer( 1966): Failed to set EGL_SWAP_BEHAVIOR on surface 0x7fffeb5dedc0, error=EGL_BAD_MATCH
09-01 15:43:21.833 D/EGL_adreno( 1966): eglMakeCurrent: 0x7fffeb44fc20: ver 3 1 (tinfo 0x7fffeb40d740)
09-01 15:43:25.293 W/WindowManager( 1283): Attempted to remove non-existing token: android.os.Binder@38c9441
09-01 15:43:25.296 D/EGL_adreno( 1966): eglMakeCurrent: 0x7fffeb44fc20: ver 3 1 (tinfo 0x7fffeb40d740)
09-01 15:43:25.349 E/EGL_adreno( 1966): tid 1982: eglSurfaceAttrib(1338): error 0x3009 (EGL_BAD_MATCH)
09-01 15:43:25.350 W/OpenGLRenderer( 1966): Failed to set EGL_SWAP_BEHAVIOR on surface 0x7fffeb5dedc0, error=EGL_BAD_MATCH
09-01 15:43:25.359 D/EGL_adreno( 1966): eglMakeCurrent: 0x7fffeb44fc20: ver 3 1 (tinfo 0x7fffeb40d740)
09-01 15:43:28.798 W/WindowManager( 1283): Attempted to remove non-existing token: android.os.Binder@34d1de6
09-01 15:43:28.800 D/EGL_adreno( 1966): eglMakeCurrent: 0x7fffeb44fc20: ver 3 1 (tinfo 0x7fffeb40d740)
09-01 15:43:28.853 E/EGL_adreno( 1966): tid 1982: eglSurfaceAttrib(1338): error 0x3009 (EGL_BAD_MATCH)
09-01 15:43:28.853 W/OpenGLRenderer( 1966): Failed to set EGL_SWAP_BEHAVIOR on surface 0x7fffeb5dedc0, error=EGL_BAD_MATCH
09-01 15:43:28.861 D/EGL_adreno( 1966): eglMakeCurrent: 0x7fffeb44fc20: ver 3 1 (tinfo 0x7fffeb40d740)
09-01 15:43:32.302 W/WindowManager( 1283): Attempted to remove non-existing token: android.os.Binder@7bd3272
09-01 15:43:32.306 D/EGL_adreno( 1966): eglMakeCurrent: 0x7fffeb44fc20: ver 3 1 (tinfo 0x7fffeb40d740)
09-01 15:43:36.079 W/ContextImpl( 1683): Calling a method in the system process without a qualified user: android.app.ContextImpl.startService:1358 android.content.ContextWrapper.startService:613 android.content.ContextWrapper.startService:613 com.android.coreservice.CoreBroadcastReceiver.onReceive:44 android.app.ActivityThread.handleReceiver:3073 
09-01 15:43:36.107 W/ContextImpl( 1683): Calling a method in the system process without a qualified user: android.app.ContextImpl.startService:1358 android.content.ContextWrapper.startService:613 android.content.ContextWrapper.startService:613 com.android.coreservice.CoreBroadcastReceiver.onReceive:53 android.app.ActivityThread.handleReceiver:3073 
09-01 15:43:36.269 E/EGL_adreno( 1988): tid 2007: eglSurfaceAttrib(1338): error 0x3009 (EGL_BAD_MATCH)
09-01 15:43:36.269 W/OpenGLRenderer( 1988): Failed to set EGL_SWAP_BEHAVIOR on surface 0x7fffd4ce7240, error=EGL_BAD_MATCH
09-01 15:43:36.316 D/EGL_adreno( 1988): eglMakeCurrent: 0x7fffeb44f320: ver 3 1 (tinfo 0x7fffeb40d340)
09-01 15:43:36.359 I/ActivityManager( 1283): Displayed ch.hgdev.toposuite/.points.PointsManagerActivity: +287ms
09-01 15:43:36.361 W/ContextImpl( 1683): Calling a method in the system process without a qualified user: android.app.ContextImpl.startService:1358 android.content.ContextWrapper.startService:613 android.content.ContextWrapper.startService:613 com.android.coreservice.CoreBroadcastReceiver.onReceive:69 android.app.ActivityThread.handleReceiver:3073 
09-01 15:43:38.206 W/ContextImpl( 1683): Calling a method in the system process without a qualified user: android.app.ContextImpl.startService:1358 android.content.ContextWrapper.startService:613 android.content.ContextWrapper.startService:613 com.android.coreservice.CoreBroadcastReceiver.onReceive:44 android.app.ActivityThread.handleReceiver:3073 
09-01 15:43:38.240 W/System  ( 1988): ClassLoader referenced unknown path: /system/app/Chrome/lib/x86_64
09-01 15:43:38.240 D/ApplicationLoaders( 1988): ignored Vulkan layer search path /system/app/Chrome/lib/x86_64:/system/app/Chrome/Chrome.apk!/lib/x86_64:/system/lib64:/vendor/lib64 for namespace 0x7ffff7dcd0f0
09-01 15:43:38.262 I/WebViewFactory( 1988): Loading com.android.chrome version 86.0.4240.198 (code 424019826)
09-01 15:43:38.523 I/cr_LibraryLoader( 1988): Loaded native library version number "86.0.4240.198"
09-01 15:43:38.527 I/cr_CachingUmaRecorder( 1988): Flushed 5 samples from 5 histograms.
09-01 15:43:38.560 E/cr_VariationsSeedLoader( 1988): Failed loading variations seed. Variations disabled.
09-01 15:43:38.587 W/ResourceType( 1988): Failure getting entry for 0x7f130606 (t=18 e=1542) (error -2147483647)
09-01 15:43:38.829 W/chromium( 1988): [WARNING:dns_config_service_posix.cc(342)] Failed to read DnsConfig.
09-01 15:43:38.861 W/ActivityManager( 1283): Slow operation: 262ms so far, now at startProcess: returned from zygote!
09-01 15:43:38.861 W/ActivityManager( 1283): Slow operation: 262ms so far, now at startProcess: done updating battery stats
09-01 15:43:38.861 W/ActivityManager( 1283): Slow operation: 262ms so far, now at startProcess: building log message
09-01 15:43:38.861 I/ActivityManager( 1283): Start proc 2030:com.android.chrome:webview_service/u0a23 for service com.android.chrome/org.chromium.android_webview.services.VariationsSeedServer
09-01 15:43:38.861 W/ActivityManager( 1283): Slow operation: 262ms so far, now at startProcess: starting to update pids map
09-01 15:43:38.861 W/ActivityManager( 1283): Slow operation: 262ms so far, now at startProcess: done updating pids map
09-01 15:43:38.861 W/ActivityManager( 1283): Slow operation: 263ms so far, now at startProcess: done starting proc!
09-01 15:43:38.932 D/libnativebridge( 2030): call UnloadNativeBridge! state=1
09-01 15:43:39.073 E/libEGL  ( 1988): validate_display:99 error 3008 (EGL_BAD_DISPLAY)
09-01 15:43:39.077 I/HostConnection( 1988): HostConnection::HostConnection: pid=1988, tid=2049, this=0x7fffd4db1260
09-01 15:43:39.079 I/        ( 1988): fastpipe: Connect success
09-01 15:43:39.079 D/HostConnection( 1988): HostRPC::connect sucess: app=ch.hgdev.toposuite, pid=1988, tid=2049, this=0x7fffd101d540
09-01 15:43:39.080 D/HostConnection( 1988): queryAndSetGLESMaxVersion select gles-version: 3.1 hostGLVersion:46 process:ch.hgdev.toposuite
09-01 15:43:39.094 W/cr_media( 1988): Requires BLUETOOTH permission
09-01 15:43:39.138 I/EGL_adreno( 1988): eglCreateContext request GLES major-version=2
09-01 15:43:39.138 I/EGL_adreno( 1988): eglCreateContext request GLES minor-version=0
09-01 15:43:39.142 D/EGL_adreno( 1988): eglCreateContext: 0x7fffd1141aa0: maj 3 min 1 rcv 4
09-01 15:43:39.149 D/EGL_adreno( 1988): eglMakeCurrent: 0x7fffd1141aa0: ver 3 1 (tinfo 0x7fffd4d686c0)
09-01 15:43:39.152 W/ContextImpl( 1683): Calling a method in the system process without a qualified user: android.app.ContextImpl.startService:1358 android.content.ContextWrapper.startService:613 android.content.ContextWrapper.startService:613 com.android.coreservice.CoreBroadcastReceiver.onReceive:53 android.app.ActivityThread.handleReceiver:3073 
09-01 15:43:39.183 D/HostConnection( 1988): ExtendedRCEncoderContext GL_VERSION return OpenGL ES 3.1
09-01 15:43:39.216 W/ContextImpl( 1683): Calling a method in the system process without a qualified user: android.app.ContextImpl.startService:1358 android.content.ContextWrapper.startService:613 android.content.ContextWrapper.startService:613 com.android.coreservice.CoreBroadcastReceiver.onReceive:53 android.app.ActivityThread.handleReceiver:3073 
09-01 15:43:39.275 W/GLESv2_enc( 1988): no support GL_NUM_PROGRAM_BINARY_FORMATS
09-01 15:43:39.372 W/System  ( 2030): ClassLoader referenced unknown path: /system/app/Chrome/lib/x86
09-01 15:43:39.416 I/EGL_adreno( 1988): eglCreateContext request GLES major-version=3
09-01 15:43:39.416 I/EGL_adreno( 1988): eglCreateContext request GLES minor-version=0
09-01 15:43:39.437 D/EGL_adreno( 1988): eglCreateContext: 0x7fffd100d000: maj 3 min 0 rcv 3
09-01 15:43:39.439 D/EGL_adreno( 1988): eglMakeCurrent: 0x7fffd100d000: ver 3 0 (tinfo 0x7fffd4d686c0)
09-01 15:43:39.454 E/EGL_adreno( 1988): tid 2007: eglSurfaceAttrib(1338): error 0x3009 (EGL_BAD_MATCH)
09-01 15:43:39.454 D/HostConnection( 1988): ExtendedRCEncoderContext GL_VERSION return OpenGL ES 3.1
09-01 15:43:39.454 W/OpenGLRenderer( 1988): Failed to set EGL_SWAP_BEHAVIOR on surface 0x7fffeb45ab40, error=EGL_BAD_MATCH
09-01 15:43:39.471 E/eglCodecCommon( 1988): glUtilsParamSize: unknow param 0x000088ef
09-01 15:43:39.496 E/eglCodecCommon( 1988): glUtilsParamSize: unknow param 0x000088ef
09-01 15:43:39.504 E/eglCodecCommon( 1988): glUtilsParamSize: unknow param 0x000088ef
09-01 15:43:39.519 E/eglCodecCommon( 1988): glUtilsParamSize: unknow param 0x000088ef
09-01 15:43:39.527 E/eglCodecCommon( 1988): glUtilsParamSize: unknow param 0x000088ef
09-01 15:43:39.553 D/EGL_adreno( 1988): eglMakeCurrent: 0x7fffeb44f320: ver 3 1 (tinfo 0x7fffeb40d340)
09-01 15:43:39.554 E/eglCodecCommon( 1988): glUtilsParamSize: unknow param 0x000088ef
09-01 15:43:39.624 I/ActivityManager( 1283): Displayed ch.hgdev.toposuite/.entry.MainActivity: +1s423ms
09-01 15:43:39.752 W/art     ( 1988): Long monitor contention with owner ThreadPoolForeg (2023) at long android.content.res.AssetManager.openAsset(java.lang.String, int)(AssetManager.java:-2) waiters=3 in java.io.InputStream android.content.res.AssetManager.open(java.lang.String, int) for 104ms
09-01 15:43:39.776 W/ContextImpl( 1683): Calling a method in the system process without a qualified user: android.app.ContextImpl.startService:1358 android.content.ContextWrapper.startService:613 android.content.ContextWrapper.startService:613 com.android.coreservice.CoreBroadcastReceiver.onReceive:69 android.app.ActivityThread.handleReceiver:3073 
09-01 15:43:40.126 E/eglCodecCommon( 1988): glUtilsParamSize: unknow param 0x000088ef
09-01 15:43:40.399 I/LoadedApk( 2030): No resource references to update in package com.android.chrome.cablev2_authenticator
09-01 15:43:40.402 I/LoadedApk( 2030): No resource references to update in package com.android.chrome.autofill_assistant
09-01 15:43:40.441 I/LoadedApk( 2030): No resource references to update in package com.android.chrome.chime
09-01 15:43:40.445 I/LoadedApk( 2030): No resource references to update in package com.android.chrome.dev_ui
09-01 15:43:40.446 I/LoadedApk( 2030): No resource references to update in package com.android.chrome.stack_unwinder
09-01 15:43:40.448 I/LoadedApk( 2030): No resource references to update in package com.android.chrome.test_dummy
09-01 15:43:41.274 W/ContextImpl( 1683): Calling a method in the system process without a qualified user: android.app.ContextImpl.startService:1358 android.content.ContextWrapper.startService:613 android.content.ContextWrapper.startService:613 com.android.coreservice.CoreBroadcastReceiver.onReceive:44 android.app.ActivityThread.handleReceiver:3073 
09-01 15:43:41.285 W/ContextImpl( 1683): Calling a method in the system process without a qualified user: android.app.ContextImpl.startService:1358 android.content.ContextWrapper.startService:613 android.content.ContextWrapper.startService:613 com.android.coreservice.CoreBroadcastReceiver.onReceive:53 android.app.ActivityThread.handleReceiver:3073 
09-01 15:43:41.414 E/EGL_adreno( 1966): tid 1982: eglSurfaceAttrib(1338): error 0x3009 (EGL_BAD_MATCH)
09-01 15:43:41.414 W/OpenGLRenderer( 1966): Failed to set EGL_SWAP_BEHAVIOR on surface 0x7fffeb5dedc0, error=EGL_BAD_MATCH
09-01 15:43:41.417 D/EGL_adreno( 1966): eglMakeCurrent: 0x7fffeb44fc20: ver 3 1 (tinfo 0x7fffeb40d740)
09-01 15:43:41.467 W/ContextImpl( 1683): Calling a method in the system process without a qualified user: android.app.ContextImpl.startService:1358 android.content.ContextWrapper.startService:613 android.content.ContextWrapper.startService:613 com.android.coreservice.CoreBroadcastReceiver.onReceive:69 android.app.ActivityThread.handleReceiver:3073 
09-01 15:43:41.481 W/ContextImpl( 1683): Calling a method in the system process without a qualified user: android.app.ContextImpl.startService:1358 android.content.ContextWrapper.startService:613 android.content.ContextWrapper.startService:613 com.android.coreservice.CoreBroadcastReceiver.onReceive:69 android.app.ActivityThread.handleReceiver:3073 
09-01 15:43:41.537 D/EGL_adreno( 1988): eglMakeCurrent: 0x7fffeb44f320: ver 3 1 (tinfo 0x7fffeb40d340)
09-01 15:43:41.586 D/EGL_adreno( 1988): eglMakeCurrent: 0x7fffd100d000: ver 3 0 (tinfo 0x7fffd4d686c0)
09-01 15:43:43.212 I/ActivityManager( 1283): START u0 {cmp=ch.hgdev.toposuite/.entry.MainActivity (has extras)} from uid 10064 on display 0
09-01 15:43:43.223 D/audio_hw_hal( 1088): raw_start_output_stream, stream=0xf6e43140, sampleRate=48000, channel=2, bps=16, bufSize=4096
09-01 15:43:43.227 W/ContextImpl( 1683): Calling a method in the system process without a qualified user: android.app.ContextImpl.startService:1358 android.content.ContextWrapper.startService:613 android.content.ContextWrapper.startService:613 com.android.coreservice.CoreBroadcastReceiver.onReceive:44 android.app.ActivityThread.handleReceiver:3073 
09-01 15:43:43.234 W/System.err( 1966): java.lang.Exception: Toast callstack! strTip=Sent Serializeable Intent { cmp=ch.hgdev.toposuite/.entry.MainActivity (has extras) }
09-01 15:43:43.238 W/System.err( 1966): 	at android.widget.Toast.show(Toast.java:130)
09-01 15:43:43.238 W/System.err( 1966): 	at com.android.intentfuzzer.FuzzerActivity$4.onClick(FuzzerActivity.java:184)
09-01 15:43:43.238 W/System.err( 1966): 	at android.view.View.performClick(View.java:5637)
09-01 15:43:43.238 W/System.err( 1966): 	at android.view.View$PerformClick.run(View.java:22429)
09-01 15:43:43.238 W/System.err( 1966): 	at android.os.Handler.handleCallback(Handler.java:751)
09-01 15:43:43.238 W/System.err( 1966): 	at android.os.Handler.dispatchMessage(Handler.java:95)
09-01 15:43:43.238 W/System.err( 1966): 	at android.os.Looper.loop(Looper.java:154)
09-01 15:43:43.238 W/System.err( 1966): 	at android.app.ActivityThread.main(ActivityThread.java:6190)
09-01 15:43:43.238 W/System.err( 1966): 	at java.lang.reflect.Method.invoke(Native Method)
09-01 15:43:43.238 W/System.err( 1966): 	at com.android.internal.os.ZygoteInit$MethodAndArgsCaller.run(ZygoteInit.java:892)
09-01 15:43:43.238 W/System.err( 1966): 	at com.android.internal.os.ZygoteInit.main(ZygoteInit.java:782)
09-01 15:43:43.241 I/ActivityManager( 1283): START u0 {cmp=ch.hgdev.toposuite/.points.PointsManagerActivity (has extras)} from uid 10064 on display 0
09-01 15:43:43.245 W/ContextImpl( 1683): Calling a method in the system process without a qualified user: android.app.ContextImpl.startService:1358 android.content.ContextWrapper.startService:613 android.content.ContextWrapper.startService:613 com.android.coreservice.CoreBroadcastReceiver.onReceive:44 android.app.ActivityThread.handleReceiver:3073 
09-01 15:43:43.247 W/System.err( 1966): java.lang.Exception: Toast callstack! strTip=Sent Serializeable Intent { cmp=ch.hgdev.toposuite/.points.PointsManagerActivity (has extras) }
09-01 15:43:43.247 W/System.err( 1966): 	at android.widget.Toast.show(Toast.java:130)
09-01 15:43:43.247 W/System.err( 1966): 	at com.android.intentfuzzer.FuzzerActivity$4.onClick(FuzzerActivity.java:184)
09-01 15:43:43.247 W/System.err( 1966): 	at android.view.View.performClick(View.java:5637)
09-01 15:43:43.247 W/System.err( 1966): 	at android.view.View$PerformClick.run(View.java:22429)
09-01 15:43:43.247 W/System.err( 1966): 	at android.os.Handler.handleCallback(Handler.java:751)
09-01 15:43:43.247 W/System.err( 1966): 	at android.os.Handler.dispatchMessage(Handler.java:95)
09-01 15:43:43.247 W/System.err( 1966): 	at android.os.Looper.loop(Looper.java:154)
09-01 15:43:43.247 W/System.err( 1966): 	at android.app.ActivityThread.main(ActivityThread.java:6190)
09-01 15:43:43.247 W/System.err( 1966): 	at java.lang.reflect.Method.invoke(Native Method)
09-01 15:43:43.247 W/System.err( 1966): 	at com.android.internal.os.ZygoteInit$MethodAndArgsCaller.run(ZygoteInit.java:892)
09-01 15:43:43.247 W/System.err( 1966): 	at com.android.internal.os.ZygoteInit.main(ZygoteInit.java:782)
09-01 15:43:43.249 I/ActivityManager( 1283): START u0 {cmp=ch.hgdev.toposuite/.calculation.activities.gisement.GisementActivity (has extras)} from uid 10064 on display 0
09-01 15:43:43.249 W/ActivityManager( 1283): Permission Denial: starting Intent { cmp=ch.hgdev.toposuite/.calculation.activities.gisement.GisementActivity (has extras) } from ProcessRecord{7e637b0 1966:com.android.intentfuzzer/u0a64} (pid=1966, uid=10064) not exported from uid 10036
09-01 15:43:43.253 W/System.err( 1966): java.lang.Exception: Toast callstack! strTip=Send Intent Failed!
09-01 15:43:43.253 W/System.err( 1966): 	at android.widget.Toast.show(Toast.java:130)
09-01 15:43:43.253 W/System.err( 1966): 	at com.android.intentfuzzer.FuzzerActivity$4.onClick(FuzzerActivity.java:186)
09-01 15:43:43.253 W/System.err( 1966): 	at android.view.View.performClick(View.java:5637)
09-01 15:43:43.253 W/System.err( 1966): 	at android.view.View$PerformClick.run(View.java:22429)
09-01 15:43:43.253 W/System.err( 1966): 	at android.os.Handler.handleCallback(Handler.java:751)
09-01 15:43:43.253 W/System.err( 1966): 	at android.os.Handler.dispatchMessage(Handler.java:95)
09-01 15:43:43.253 W/System.err( 1966): 	at android.os.Looper.loop(Looper.java:154)
09-01 15:43:43.253 W/System.err( 1966): 	at android.app.ActivityThread.main(ActivityThread.java:6190)
09-01 15:43:43.253 W/System.err( 1966): 	at java.lang.reflect.Method.invoke(Native Method)
09-01 15:43:43.253 W/System.err( 1966): 	at com.android.internal.os.ZygoteInit$MethodAndArgsCaller.run(ZygoteInit.java:892)
09-01 15:43:43.253 W/System.err( 1966): 	at com.android.internal.os.ZygoteInit.main(ZygoteInit.java:782)
09-01 15:43:43.255 I/ActivityManager( 1283): START u0 {cmp=ch.hgdev.toposuite/.history.HistoryActivity (has extras)} from uid 10064 on display 0
09-01 15:43:43.255 W/ActivityManager( 1283): Permission Denial: starting Intent { cmp=ch.hgdev.toposuite/.history.HistoryActivity (has extras) } from ProcessRecord{7e637b0 1966:com.android.intentfuzzer/u0a64} (pid=1966, uid=10064) not exported from uid 10036
09-01 15:43:43.256 W/System.err( 1966): java.lang.Exception: Toast callstack! strTip=Send Intent Failed!
09-01 15:43:43.256 W/System.err( 1966): 	at android.widget.Toast.show(Toast.java:130)
09-01 15:43:43.256 W/System.err( 1966): 	at com.android.intentfuzzer.FuzzerActivity$4.onClick(FuzzerActivity.java:186)
09-01 15:43:43.256 W/System.err( 1966): 	at android.view.View.performClick(View.java:5637)
09-01 15:43:43.256 W/System.err( 1966): 	at android.view.View$PerformClick.run(View.java:22429)
09-01 15:43:43.256 W/System.err( 1966): 	at android.os.Handler.handleCallback(Handler.java:751)
09-01 15:43:43.256 W/System.err( 1966): 	at android.os.Handler.dispatchMessage(Handler.java:95)
09-01 15:43:43.256 W/System.err( 1966): 	at android.os.Looper.loop(Looper.java:154)
09-01 15:43:43.256 W/System.err( 1966): 	at android.app.ActivityThread.main(ActivityThread.java:6190)
09-01 15:43:43.256 W/System.err( 1966): 	at java.lang.reflect.Method.invoke(Native Method)
09-01 15:43:43.256 W/System.err( 1966): 	at com.android.internal.os.ZygoteInit$MethodAndArgsCaller.run(ZygoteInit.java:892)
09-01 15:43:43.256 W/System.err( 1966): 	at com.android.internal.os.ZygoteInit.main(ZygoteInit.java:782)
09-01 15:43:43.259 I/ActivityManager( 1283): START u0 {cmp=ch.hgdev.toposuite/.calculation.activities.abriss.AbrissActivity (has extras)} from uid 10064 on display 0
09-01 15:43:43.259 W/ActivityManager( 1283): Permission Denial: starting Intent { cmp=ch.hgdev.toposuite/.calculation.activities.abriss.AbrissActivity (has extras) } from ProcessRecord{7e637b0 1966:com.android.intentfuzzer/u0a64} (pid=1966, uid=10064) not exported from uid 10036
09-01 15:43:43.260 W/System.err( 1966): java.lang.Exception: Toast callstack! strTip=Send Intent Failed!
09-01 15:43:43.260 W/System.err( 1966): 	at android.widget.Toast.show(Toast.java:130)
09-01 15:43:43.260 W/System.err( 1966): 	at com.android.intentfuzzer.FuzzerActivity$4.onClick(FuzzerActivity.java:186)
09-01 15:43:43.260 W/System.err( 1966): 	at android.view.View.performClick(View.java:5637)
09-01 15:43:43.260 W/System.err( 1966): 	at android.view.View$PerformClick.run(View.java:22429)
09-01 15:43:43.260 W/System.err( 1966): 	at android.os.Handler.handleCallback(Handler.java:751)
09-01 15:43:43.260 W/System.err( 1966): 	at android.os.Handler.dispatchMessage(Handler.java:95)
09-01 15:43:43.261 W/System.err( 1966): 	at android.os.Looper.loop(Looper.java:154)
09-01 15:43:43.261 W/System.err( 1966): 	at android.app.ActivityThread.main(ActivityThread.java:6190)
09-01 15:43:43.261 W/System.err( 1966): 	at java.lang.reflect.Method.invoke(Native Method)
09-01 15:43:43.261 W/System.err( 1966): 	at com.android.internal.os.ZygoteInit$MethodAndArgsCaller.run(ZygoteInit.java:892)
09-01 15:43:43.261 W/System.err( 1966): 	at com.android.internal.os.ZygoteInit.main(ZygoteInit.java:782)
09-01 15:43:43.262 I/ActivityManager( 1283): START u0 {cmp=ch.hgdev.toposuite/.calculation.activities.polarsurvey.PolarSurveyActivity (has extras)} from uid 10064 on display 0
09-01 15:43:43.262 W/ActivityManager( 1283): Permission Denial: starting Intent { cmp=ch.hgdev.toposuite/.calculation.activities.polarsurvey.PolarSurveyActivity (has extras) } from ProcessRecord{7e637b0 1966:com.android.intentfuzzer/u0a64} (pid=1966, uid=10064) not exported from uid 10036
09-01 15:43:43.263 W/System.err( 1966): java.lang.Exception: Toast callstack! strTip=Send Intent Failed!
09-01 15:43:43.263 W/System.err( 1966): 	at android.widget.Toast.show(Toast.java:130)
09-01 15:43:43.263 W/System.err( 1966): 	at com.android.intentfuzzer.FuzzerActivity$4.onClick(FuzzerActivity.java:186)
09-01 15:43:43.263 W/System.err( 1966): 	at android.view.View.performClick(View.java:5637)
09-01 15:43:43.263 W/System.err( 1966): 	at android.view.View$PerformClick.run(View.java:22429)
09-01 15:43:43.263 W/System.err( 1966): 	at android.os.Handler.handleCallback(Handler.java:751)
09-01 15:43:43.263 W/System.err( 1966): 	at android.os.Handler.dispatchMessage(Handler.java:95)
09-01 15:43:43.263 W/System.err( 1966): 	at android.os.Looper.loop(Looper.java:154)
09-01 15:43:43.263 W/System.err( 1966): 	at android.app.ActivityThread.main(ActivityThread.java:6190)
09-01 15:43:43.263 W/System.err( 1966): 	at java.lang.reflect.Method.invoke(Native Method)
09-01 15:43:43.263 W/System.err( 1966): 	at com.android.internal.os.ZygoteInit$MethodAndArgsCaller.run(ZygoteInit.java:892)
09-01 15:43:43.263 W/System.err( 1966): 	at com.android.internal.os.ZygoteInit.main(ZygoteInit.java:782)
09-01 15:43:43.265 I/ActivityManager( 1283): START u0 {cmp=ch.hgdev.toposuite/.calculation.activities.abriss.AbrissResultsActivity (has extras)} from uid 10064 on display 0
09-01 15:43:43.265 W/ActivityManager( 1283): Permission Denial: starting Intent { cmp=ch.hgdev.toposuite/.calculation.activities.abriss.AbrissResultsActivity (has extras) } from ProcessRecord{7e637b0 1966:com.android.intentfuzzer/u0a64} (pid=1966, uid=10064) not exported from uid 10036
09-01 15:43:43.267 W/System.err( 1966): java.lang.Exception: Toast callstack! strTip=Send Intent Failed!
09-01 15:43:43.267 W/System.err( 1966): 	at android.widget.Toast.show(Toast.java:130)
09-01 15:43:43.267 W/System.err( 1966): 	at com.android.intentfuzzer.FuzzerActivity$4.onClick(FuzzerActivity.java:186)
09-01 15:43:43.267 W/System.err( 1966): 	at android.view.View.performClick(View.java:5637)
09-01 15:43:43.267 W/System.err( 1966): 	at android.view.View$PerformClick.run(View.java:22429)
09-01 15:43:43.267 W/System.err( 1966): 	at android.os.Handler.handleCallback(Handler.java:751)
09-01 15:43:43.267 W/System.err( 1966): 	at android.os.Handler.dispatchMessage(Handler.java:95)
09-01 15:43:43.267 W/System.err( 1966): 	at android.os.Looper.loop(Looper.java:154)
09-01 15:43:43.267 W/System.err( 1966): 	at android.app.ActivityThread.main(ActivityThread.java:6190)
09-01 15:43:43.267 W/System.err( 1966): 	at java.lang.reflect.Method.invoke(Native Method)
09-01 15:43:43.267 W/System.err( 1966): 	at com.android.internal.os.ZygoteInit$MethodAndArgsCaller.run(ZygoteInit.java:892)
09-01 15:43:43.267 W/System.err( 1966): 	at com.android.internal.os.ZygoteInit.main(ZygoteInit.java:782)
09-01 15:43:43.269 I/ActivityManager( 1283): START u0 {cmp=ch.hgdev.toposuite/.calculation.activities.leveortho.LeveOrthoActivity (has extras)} from uid 10064 on display 0
09-01 15:43:43.270 W/ActivityManager( 1283): Permission Denial: starting Intent { cmp=ch.hgdev.toposuite/.calculation.activities.leveortho.LeveOrthoActivity (has extras) } from ProcessRecord{7e637b0 1966:com.android.intentfuzzer/u0a64} (pid=1966, uid=10064) not exported from uid 10036
09-01 15:43:43.272 W/System.err( 1966): java.lang.Exception: Toast callstack! strTip=Send Intent Failed!
09-01 15:43:43.272 W/System.err( 1966): 	at android.widget.Toast.show(Toast.java:130)
09-01 15:43:43.272 W/System.err( 1966): 	at com.android.intentfuzzer.FuzzerActivity$4.onClick(FuzzerActivity.java:186)
09-01 15:43:43.272 W/System.err( 1966): 	at android.view.View.performClick(View.java:5637)
09-01 15:43:43.272 W/System.err( 1966): 	at android.view.View$PerformClick.run(View.java:22429)
09-01 15:43:43.272 W/System.err( 1966): 	at android.os.Handler.handleCallback(Handler.java:751)
09-01 15:43:43.272 W/System.err( 1966): 	at android.os.Handler.dispatchMessage(Handler.java:95)
09-01 15:43:43.272 W/System.err( 1966): 	at android.os.Looper.loop(Looper.java:154)
09-01 15:43:43.272 W/System.err( 1966): 	at android.app.ActivityThread.main(ActivityThread.java:6190)
09-01 15:43:43.272 W/System.err( 1966): 	at java.lang.reflect.Method.invoke(Native Method)
09-01 15:43:43.272 W/System.err( 1966): 	at com.android.internal.os.ZygoteInit$MethodAndArgsCaller.run(ZygoteInit.java:892)
09-01 15:43:43.272 W/System.err( 1966): 	at com.android.internal.os.ZygoteInit.main(ZygoteInit.java:782)
09-01 15:43:43.273 I/ActivityManager( 1283): START u0 {cmp=ch.hgdev.toposuite/.calculation.activities.leveortho.LeveOrthoResultsActivity (has extras)} from uid 10064 on display 0
09-01 15:43:43.273 W/ActivityManager( 1283): Permission Denial: starting Intent { cmp=ch.hgdev.toposuite/.calculation.activities.leveortho.LeveOrthoResultsActivity (has extras) } from ProcessRecord{7e637b0 1966:com.android.intentfuzzer/u0a64} (pid=1966, uid=10064) not exported from uid 10036
09-01 15:43:43.275 W/System.err( 1966): java.lang.Exception: Toast callstack! strTip=Send Intent Failed!
09-01 15:43:43.275 W/System.err( 1966): 	at android.widget.Toast.show(Toast.java:130)
09-01 15:43:43.275 W/System.err( 1966): 	at com.android.intentfuzzer.FuzzerActivity$4.onClick(FuzzerActivity.java:186)
09-01 15:43:43.275 W/System.err( 1966): 	at android.view.View.performClick(View.java:5637)
09-01 15:43:43.275 W/System.err( 1966): 	at android.view.View$PerformClick.run(View.java:22429)
09-01 15:43:43.275 W/System.err( 1966): 	at android.os.Handler.handleCallback(Handler.java:751)
09-01 15:43:43.275 W/System.err( 1966): 	at android.os.Handler.dispatchMessage(Handler.java:95)
09-01 15:43:43.275 W/System.err( 1966): 	at android.os.Looper.loop(Looper.java:154)
09-01 15:43:43.275 W/System.err( 1966): 	at android.app.ActivityThread.main(ActivityThread.java:6190)
09-01 15:43:43.275 W/System.err( 1966): 	at java.lang.reflect.Method.invoke(Native Method)
09-01 15:43:43.275 W/System.err( 1966): 	at com.android.internal.os.ZygoteInit$MethodAndArgsCaller.run(ZygoteInit.java:892)
09-01 15:43:43.275 W/System.err( 1966): 	at com.android.internal.os.ZygoteInit.main(ZygoteInit.java:782)
09-01 15:43:43.276 I/ActivityManager( 1283): START u0 {cmp=ch.hgdev.toposuite/.calculation.activities.cheminortho.CheminementOrthoActivity (has extras)} from uid 10064 on display 0
09-01 15:43:43.276 W/ActivityManager( 1283): Permission Denial: starting Intent { cmp=ch.hgdev.toposuite/.calculation.activities.cheminortho.CheminementOrthoActivity (has extras) } from ProcessRecord{7e637b0 1966:com.android.intentfuzzer/u0a64} (pid=1966, uid=10064) not exported from uid 10036
09-01 15:43:43.277 W/System.err( 1966): java.lang.Exception: Toast callstack! strTip=Send Intent Failed!
09-01 15:43:43.277 W/System.err( 1966): 	at android.widget.Toast.show(Toast.java:130)
09-01 15:43:43.277 W/System.err( 1966): 	at com.android.intentfuzzer.FuzzerActivity$4.onClick(FuzzerActivity.java:186)
09-01 15:43:43.278 W/System.err( 1966): 	at android.view.View.performClick(View.java:5637)
09-01 15:43:43.278 W/System.err( 1966): 	at android.view.View$PerformClick.run(View.java:22429)
09-01 15:43:43.278 W/System.err( 1966): 	at android.os.Handler.handleCallback(Handler.java:751)
09-01 15:43:43.278 W/System.err( 1966): 	at android.os.Handler.dispatchMessage(Handler.java:95)
09-01 15:43:43.278 W/System.err( 1966): 	at android.os.Looper.loop(Looper.java:154)
09-01 15:43:43.278 W/System.err( 1966): 	at android.app.ActivityThread.main(ActivityThread.java:6190)
09-01 15:43:43.278 W/System.err( 1966): 	at java.lang.reflect.Method.invoke(Native Method)
09-01 15:43:43.278 W/System.err( 1966): 	at com.android.internal.os.ZygoteInit$MethodAndArgsCaller.run(ZygoteInit.java:892)
09-01 15:43:43.278 W/System.err( 1966): 	at com.android.internal.os.ZygoteInit.main(ZygoteInit.java:782)
09-01 15:43:43.279 I/ActivityManager( 1283): START u0 {cmp=ch.hgdev.toposuite/.calculation.activities.cheminortho.CheminementOrthoResultsActivity (has extras)} from uid 10064 on display 0
09-01 15:43:43.279 W/ActivityManager( 1283): Permission Denial: starting Intent { cmp=ch.hgdev.toposuite/.calculation.activities.cheminortho.CheminementOrthoResultsActivity (has extras) } from ProcessRecord{7e637b0 1966:com.android.intentfuzzer/u0a64} (pid=1966, uid=10064) not exported from uid 10036
09-01 15:43:43.280 W/System.err( 1966): java.lang.Exception: Toast callstack! strTip=Send Intent Failed!
09-01 15:43:43.285 W/System.err( 1966): 	at android.widget.Toast.show(Toast.java:130)
09-01 15:43:43.285 W/System.err( 1966): 	at com.android.intentfuzzer.FuzzerActivity$4.onClick(FuzzerActivity.java:186)
09-01 15:43:43.285 W/System.err( 1966): 	at android.view.View.performClick(View.java:5637)
09-01 15:43:43.285 W/System.err( 1966): 	at android.view.View$PerformClick.run(View.java:22429)
09-01 15:43:43.285 W/System.err( 1966): 	at android.os.Handler.handleCallback(Handler.java:751)
09-01 15:43:43.285 W/System.err( 1966): 	at android.os.Handler.dispatchMessage(Handler.java:95)
09-01 15:43:43.285 W/System.err( 1966): 	at android.os.Looper.loop(Looper.java:154)
09-01 15:43:43.285 W/System.err( 1966): 	at android.app.ActivityThread.main(ActivityThread.java:6190)
09-01 15:43:43.285 W/System.err( 1966): 	at java.lang.reflect.Method.invoke(Native Method)
09-01 15:43:43.285 W/System.err( 1966): 	at com.android.internal.os.ZygoteInit$MethodAndArgsCaller.run(ZygoteInit.java:892)
09-01 15:43:43.285 W/System.err( 1966): 	at com.android.internal.os.ZygoteInit.main(ZygoteInit.java:782)
09-01 15:43:43.287 I/ActivityManager( 1283): START u0 {cmp=ch.hgdev.toposuite/.calculation.activities.polarsurvey.PolarSurveyResultsActivity (has extras)} from uid 10064 on display 0
09-01 15:43:43.287 W/ActivityManager( 1283): Permission Denial: starting Intent { cmp=ch.hgdev.toposuite/.calculation.activities.polarsurvey.PolarSurveyResultsActivity (has extras) } from ProcessRecord{7e637b0 1966:com.android.intentfuzzer/u0a64} (pid=1966, uid=10064) not exported from uid 10036
09-01 15:43:43.288 W/System.err( 1966): java.lang.Exception: Toast callstack! strTip=Send Intent Failed!
09-01 15:43:43.288 W/System.err( 1966): 	at android.widget.Toast.show(Toast.java:130)
09-01 15:43:43.288 W/System.err( 1966): 	at com.android.intentfuzzer.FuzzerActivity$4.onClick(FuzzerActivity.java:186)
09-01 15:43:43.288 W/System.err( 1966): 	at android.view.View.performClick(View.java:5637)
09-01 15:43:43.288 W/System.err( 1966): 	at android.view.View$PerformClick.run(View.java:22429)
09-01 15:43:43.288 W/System.err( 1966): 	at android.os.Handler.handleCallback(Handler.java:751)
09-01 15:43:43.288 W/System.err( 1966): 	at android.os.Handler.dispatchMessage(Handler.java:95)
09-01 15:43:43.288 W/System.err( 1966): 	at android.os.Looper.loop(Looper.java:154)
09-01 15:43:43.288 W/System.err( 1966): 	at android.app.ActivityThread.main(ActivityThread.java:6190)
09-01 15:43:43.288 W/System.err( 1966): 	at java.lang.reflect.Method.invoke(Native Method)
09-01 15:43:43.288 W/System.err( 1966): 	at com.android.internal.os.ZygoteInit$MethodAndArgsCaller.run(ZygoteInit.java:892)
09-01 15:43:43.288 W/System.err( 1966): 	at com.android.internal.os.ZygoteInit.main(ZygoteInit.java:782)
09-01 15:43:43.290 I/ActivityManager( 1283): START u0 {cmp=ch.hgdev.toposuite/.calculation.activities.pointproj.PointProjectionActivity (has extras)} from uid 10064 on display 0
09-01 15:43:43.290 W/ActivityManager( 1283): Permission Denial: starting Intent { cmp=ch.hgdev.toposuite/.calculation.activities.pointproj.PointProjectionActivity (has extras) } from ProcessRecord{7e637b0 1966:com.android.intentfuzzer/u0a64} (pid=1966, uid=10064) not exported from uid 10036
09-01 15:43:43.291 W/System.err( 1966): java.lang.Exception: Toast callstack! strTip=Send Intent Failed!
09-01 15:43:43.291 W/System.err( 1966): 	at android.widget.Toast.show(Toast.java:130)
09-01 15:43:43.291 W/System.err( 1966): 	at com.android.intentfuzzer.FuzzerActivity$4.onClick(FuzzerActivity.java:186)
09-01 15:43:43.291 W/System.err( 1966): 	at android.view.View.performClick(View.java:5637)
09-01 15:43:43.291 W/System.err( 1966): 	at android.view.View$PerformClick.run(View.java:22429)
09-01 15:43:43.291 W/System.err( 1966): 	at android.os.Handler.handleCallback(Handler.java:751)
09-01 15:43:43.291 W/System.err( 1966): 	at android.os.Handler.dispatchMessage(Handler.java:95)
09-01 15:43:43.291 W/System.err( 1966): 	at android.os.Looper.loop(Looper.java:154)
09-01 15:43:43.291 W/System.err( 1966): 	at android.app.ActivityThread.main(ActivityThread.java:6190)
09-01 15:43:43.291 W/System.err( 1966): 	at java.lang.reflect.Method.invoke(Native Method)
09-01 15:43:43.291 W/System.err( 1966): 	at com.android.internal.os.ZygoteInit$MethodAndArgsCaller.run(ZygoteInit.java:892)
09-01 15:43:43.291 W/System.err( 1966): 	at com.android.internal.os.ZygoteInit.main(ZygoteInit.java:782)
09-01 15:43:43.293 I/ActivityManager( 1283): START u0 {cmp=ch.hgdev.toposuite/.calculation.activities.pointproj.PointProjectionResultActivity (has extras)} from uid 10064 on display 0
09-01 15:43:43.293 W/ActivityManager( 1283): Permission Denial: starting Intent { cmp=ch.hgdev.toposuite/.calculation.activities.pointproj.PointProjectionResultActivity (has extras) } from ProcessRecord{7e637b0 1966:com.android.intentfuzzer/u0a64} (pid=1966, uid=10064) not exported from uid 10036
09-01 15:43:43.295 W/System.err( 1966): java.lang.Exception: Toast callstack! strTip=Send Intent Failed!
09-01 15:43:43.295 W/System.err( 1966): 	at android.widget.Toast.show(Toast.java:130)
09-01 15:43:43.295 W/System.err( 1966): 	at com.android.intentfuzzer.FuzzerActivity$4.onClick(FuzzerActivity.java:186)
09-01 15:43:43.295 W/System.err( 1966): 	at android.view.View.performClick(View.java:5637)
09-01 15:43:43.295 W/System.err( 1966): 	at android.view.View$PerformClick.run(View.java:22429)
09-01 15:43:43.295 W/System.err( 1966): 	at android.os.Handler.handleCallback(Handler.java:751)
09-01 15:43:43.295 W/System.err( 1966): 	at android.os.Handler.dispatchMessage(Handler.java:95)
09-01 15:43:43.295 W/System.err( 1966): 	at android.os.Looper.loop(Looper.java:154)
09-01 15:43:43.295 W/System.err( 1966): 	at android.app.ActivityThread.main(ActivityThread.java:6190)
09-01 15:43:43.295 W/System.err( 1966): 	at java.lang.reflect.Method.invoke(Native Method)
09-01 15:43:43.295 W/System.err( 1966): 	at com.android.internal.os.ZygoteInit$MethodAndArgsCaller.run(ZygoteInit.java:892)
09-01 15:43:43.295 W/System.err( 1966): 	at com.android.internal.os.ZygoteInit.main(ZygoteInit.java:782)
09-01 15:43:43.297 I/ActivityManager( 1283): START u0 {cmp=ch.hgdev.toposuite/.calculation.activities.polarimplantation.PolarImplantationActivity (has extras)} from uid 10064 on display 0
09-01 15:43:43.297 W/ActivityManager( 1283): Permission Denial: starting Intent { cmp=ch.hgdev.toposuite/.calculation.activities.polarimplantation.PolarImplantationActivity (has extras) } from ProcessRecord{7e637b0 1966:com.android.intentfuzzer/u0a64} (pid=1966, uid=10064) not exported from uid 10036
09-01 15:43:43.298 W/System.err( 1966): java.lang.Exception: Toast callstack! strTip=Send Intent Failed!
09-01 15:43:43.298 W/System.err( 1966): 	at android.widget.Toast.show(Toast.java:130)
09-01 15:43:43.298 W/System.err( 1966): 	at com.android.intentfuzzer.FuzzerActivity$4.onClick(FuzzerActivity.java:186)
09-01 15:43:43.299 W/System.err( 1966): 	at android.view.View.performClick(View.java:5637)
09-01 15:43:43.299 W/System.err( 1966): 	at android.view.View$PerformClick.run(View.java:22429)
09-01 15:43:43.299 W/System.err( 1966): 	at android.os.Handler.handleCallback(Handler.java:751)
09-01 15:43:43.299 W/System.err( 1966): 	at android.os.Handler.dispatchMessage(Handler.java:95)
09-01 15:43:43.299 W/System.err( 1966): 	at android.os.Looper.loop(Looper.java:154)
09-01 15:43:43.299 W/System.err( 1966): 	at android.app.ActivityThread.main(ActivityThread.java:6190)
09-01 15:43:43.299 W/System.err( 1966): 	at java.lang.reflect.Method.invoke(Native Method)
09-01 15:43:43.299 W/System.err( 1966): 	at com.android.internal.os.ZygoteInit$MethodAndArgsCaller.run(ZygoteInit.java:892)
09-01 15:43:43.299 W/System.err( 1966): 	at com.android.internal.os.ZygoteInit.main(ZygoteInit.java:782)
09-01 15:43:43.300 I/ActivityManager( 1283): START u0 {cmp=ch.hgdev.toposuite/.calculation.activities.orthoimpl.OrthogonalImplantationActivity (has extras)} from uid 10064 on display 0
09-01 15:43:43.300 W/ActivityManager( 1283): Permission Denial: starting Intent { cmp=ch.hgdev.toposuite/.calculation.activities.orthoimpl.OrthogonalImplantationActivity (has extras) } from ProcessRecord{7e637b0 1966:com.android.intentfuzzer/u0a64} (pid=1966, uid=10064) not exported from uid 10036
09-01 15:43:43.301 W/System.err( 1966): java.lang.Exception: Toast callstack! strTip=Send Intent Failed!
09-01 15:43:43.301 W/System.err( 1966): 	at android.widget.Toast.show(Toast.java:130)
09-01 15:43:43.301 W/System.err( 1966): 	at com.android.intentfuzzer.FuzzerActivity$4.onClick(FuzzerActivity.java:186)
09-01 15:43:43.301 W/System.err( 1966): 	at android.view.View.performClick(View.java:5637)
09-01 15:43:43.301 W/System.err( 1966): 	at android.view.View$PerformClick.run(View.java:22429)
09-01 15:43:43.301 W/System.err( 1966): 	at android.os.Handler.handleCallback(Handler.java:751)
09-01 15:43:43.301 W/System.err( 1966): 	at android.os.Handler.dispatchMessage(Handler.java:95)
09-01 15:43:43.301 W/System.err( 1966): 	at android.os.Looper.loop(Looper.java:154)
09-01 15:43:43.301 W/System.err( 1966): 	at android.app.ActivityThread.main(ActivityThread.java:6190)
09-01 15:43:43.301 W/System.err( 1966): 	at java.lang.reflect.Method.invoke(Native Method)
09-01 15:43:43.301 W/System.err( 1966): 	at com.android.internal.os.ZygoteInit$MethodAndArgsCaller.run(ZygoteInit.java:892)
