09-01 15:41:23.090 E/TopoSuite( 1988): CALCULATION IMPORT ERROR: No value for station_number
09-01 15:41:23.090 E/TopoSuite( 1988): CALCULATION IMPORT ERROR: No value for station_number
09-01 15:41:23.091 E/TopoSuite( 1988): CALCULATION IMPORT ERROR: No value for station_number
09-01 15:41:23.092 E/TopoSuite( 1988): CALCULATION IMPORT ERROR: No value for station_number
09-01 15:41:23.092 E/TopoSuite( 1988): CALCULATION IMPORT ERROR: No value for station_number
09-01 15:41:23.093 E/TopoSuite( 1988): CALCULATION IMPORT ERROR: No value for station_number
09-01 15:41:23.093 E/TopoSuite( 1988): CALCULATION IMPORT ERROR: No value for station_number
09-01 15:41:23.094 E/TopoSuite( 1988): CALCULATION IMPORT ERROR: No value for station_number
09-01 15:41:23.094 E/TopoSuite( 1988): CALCULATION IMPORT ERROR: No value for station_number
09-01 15:41:23.095 E/TopoSuite( 1988): CALCULATION IMPORT ERROR: No value for station_number
09-01 15:41:23.095 E/TopoSuite( 1988): CALCULATION IMPORT ERROR: No value for station_number
09-01 15:41:23.096 E/TopoSuite( 1988): CALCULATION IMPORT ERROR: No value for station_number
09-01 15:41:23.097 E/TopoSuite( 1988): CALCULATION IMPORT ERROR: No value for station_number
09-01 15:41:23.097 E/TopoSuite( 1988): CALCULATION IMPORT ERROR: No value for station_number
09-01 15:41:23.098 E/TopoSuite( 1988): CALCULATION IMPORT ERROR: No value for station_number
09-01 15:41:23.098 E/TopoSuite( 1988): CALCULATION IMPORT ERROR: No value for station_number
09-01 15:41:23.099 E/TopoSuite( 1988): CALCULATION IMPORT ERROR: No value for station_number
09-01 15:41:23.099 E/TopoSuite( 1988): CALCULATION IMPORT ERROR: No value for station_number
09-01 15:41:23.100 E/TopoSuite( 1988): CALCULATION IMPORT ERROR: No value for station_number
09-01 15:41:23.100 E/TopoSuite( 1988): CALCULATION IMPORT ERROR: No value for station_number
09-01 15:41:23.100 E/TopoSuite( 1988): CALCULATION IMPORT ERROR: No value for station_number
09-01 15:41:23.101 E/TopoSuite( 1988): CALCULATION IMPORT ERROR: No value for station_number
09-01 15:41:23.101 E/TopoSuite( 1988): CALCULATION IMPORT ERROR: No value for station_number
09-01 15:41:23.101 E/TopoSuite( 1988): CALCULATION IMPORT ERROR: No value for station_number
09-01 15:41:23.102 E/TopoSuite( 1988): CALCULATION IMPORT ERROR: No value for station_number
09-01 15:41:23.102 E/TopoSuite( 1988): CALCULATION IMPORT ERROR: No value for station_number
09-01 15:41:23.103 E/TopoSuite( 1988): CALCULATION IMPORT ERROR: No value for station_number
09-01 15:41:23.104 E/TopoSuite( 1988): CALCULATION IMPORT ERROR: No value for station_number
09-01 15:41:23.104 E/TopoSuite( 1988): CALCULATION IMPORT ERROR: No value for station_number
09-01 15:41:23.105 E/TopoSuite( 1988): CALCULATION IMPORT ERROR: No value for station_number
09-01 15:41:23.105 E/TopoSuite( 1988): CALCULATION IMPORT ERROR: No value for station_number
09-01 15:41:23.106 E/TopoSuite( 1988): CALCULATION IMPORT ERROR: No value for station_number
09-01 15:41:23.106 E/TopoSuite( 1988): CALCULATION IMPORT ERROR: No value for station_number
09-01 15:41:23.107 E/TopoSuite( 1988): CALCULATION IMPORT ERROR: No value for station_number
09-01 15:41:23.108 E/TopoSuite( 1988): CALCULATION IMPORT ERROR: No value for station_number
09-01 15:41:23.108 E/TopoSuite( 1988): CALCULATION IMPORT ERROR: No value for station_number
09-01 15:41:23.109 E/TopoSuite( 1988): CALCULATION IMPORT ERROR: No value for station_number
09-01 15:41:23.110 E/TopoSuite( 1988): CALCULATION IMPORT ERROR: No value for station_number
09-01 15:41:23.110 E/TopoSuite( 1988): CALCULATION IMPORT ERROR: No value for station_number
09-01 15:41:23.111 E/TopoSuite( 1988): CALCULATION IMPORT ERROR: No value for station_number
09-01 15:41:23.111 E/TopoSuite( 1988): CALCULATION IMPORT ERROR: No value for station_number
09-01 15:41:23.112 E/TopoSuite( 1988): CALCULATION IMPORT ERROR: No value for station_number
09-01 15:41:23.112 E/TopoSuite( 1988): CALCULATION IMPORT ERROR: No value for station_number
09-01 15:41:23.113 E/TopoSuite( 1988): CALCULATION IMPORT ERROR: No value for station_number
09-01 15:41:23.114 E/TopoSuite( 1988): CALCULATION IMPORT ERROR: No value for station_number
09-01 15:41:23.114 E/TopoSuite( 1988): CALCULATION IMPORT ERROR: No value for station_number
09-01 15:41:23.115 E/TopoSuite( 1988): CALCULATION IMPORT ERROR: No value for station_number
09-01 15:41:23.116 E/TopoSuite( 1988): CALCULATION IMPORT ERROR: No value for station_number
09-01 15:41:23.116 E/TopoSuite( 1988): CALCULATION IMPORT ERROR: No value for station_number
09-01 15:41:23.117 E/TopoSuite( 1988): CALCULATION IMPORT ERROR: No value for station_number
09-01 15:41:23.117 E/TopoSuite( 1988): CALCULATION IMPORT ERROR: No value for station_number
09-01 15:41:23.118 E/TopoSuite( 1988): CALCULATION IMPORT ERROR: No value for station_number
09-01 15:41:23.119 E/TopoSuite( 1988): CALCULATION IMPORT ERROR: No value for station_number
09-01 15:41:23.119 E/TopoSuite( 1988): CALCULATION IMPORT ERROR: No value for station_number
09-01 15:41:23.120 E/TopoSuite( 1988): CALCULATION IMPORT ERROR: No value for station_number
09-01 15:41:23.120 E/TopoSuite( 1988): CALCULATION IMPORT ERROR: No value for station_number
09-01 15:41:23.121 E/TopoSuite( 1988): CALCULATION IMPORT ERROR: No value for station_number
09-01 15:41:23.122 E/TopoSuite( 1988): CALCULATION IMPORT ERROR: No value for station_number
09-01 15:41:23.122 E/TopoSuite( 1988): CALCULATION IMPORT ERROR: No value for station_number
09-01 15:41:23.123 E/TopoSuite( 1988): CALCULATION IMPORT ERROR: No value for station_number
09-01 15:41:23.123 E/TopoSuite( 1988): CALCULATION IMPORT ERROR: No value for station_number
09-01 15:41:23.124 E/TopoSuite( 1988): CALCULATION IMPORT ERROR: No value for station_number
09-01 15:41:23.125 E/TopoSuite( 1988): CALCULATION IMPORT ERROR: No value for station_number
09-01 15:41:23.125 E/TopoSuite( 1988): CALCULATION IMPORT ERROR: No value for station_number
09-01 15:41:23.126 E/TopoSuite( 1988): CALCULATION IMPORT ERROR: No value for station_number
09-01 15:41:23.127 E/TopoSuite( 1988): CALCULATION IMPORT ERROR: No value for station_number
09-01 15:41:23.127 E/TopoSuite( 1988): CALCULATION IMPORT ERROR: No value for station_number
09-01 15:41:23.128 E/TopoSuite( 1988): CALCULATION IMPORT ERROR: No value for station_number
09-01 15:41:23.129 E/TopoSuite( 1988): CALCULATION IMPORT ERROR: No value for station_number
09-01 15:41:23.129 E/TopoSuite( 1988): CALCULATION IMPORT ERROR: No value for station_number
09-01 15:41:23.130 E/TopoSuite( 1988): CALCULATION IMPORT ERROR: No value for station_number
09-01 15:41:23.130 E/TopoSuite( 1988): CALCULATION IMPORT ERROR: No value for station_number
09-01 15:41:23.131 E/TopoSuite( 1988): CALCULATION IMPORT ERROR: No value for station_number
09-01 15:41:23.132 E/TopoSuite( 1988): CALCULATION IMPORT ERROR: No value for station_number
09-01 15:41:23.132 E/TopoSuite( 1988): CALCULATION IMPORT ERROR: No value for station_number
09-01 15:41:23.133 E/TopoSuite( 1988): CALCULATION IMPORT ERROR: No value for station_number
09-01 15:41:23.133 E/TopoSuite( 1988): CALCULATION IMPORT ERROR: No value for station_number
09-01 15:41:23.134 E/TopoSuite( 1988): CALCULATION IMPORT ERROR: No value for station_number
09-01 15:41:23.135 E/TopoSuite( 1988): CALCULATION IMPORT ERROR: No value for station_number
09-01 15:41:23.135 E/TopoSuite( 1988): CALCULATION IMPORT ERROR: No value for station_number
09-01 15:41:23.136 E/TopoSuite( 1988): CALCULATION IMPORT ERROR: No value for station_number
09-01 15:41:23.136 E/TopoSuite( 1988): CALCULATION IMPORT ERROR: No value for station_number
09-01 15:41:23.137 E/TopoSuite( 1988): CALCULATION IMPORT ERROR: No value for station_number
09-01 15:41:23.137 E/TopoSuite( 1988): CALCULATION IMPORT ERROR: No value for station_number
09-01 15:41:23.137 E/TopoSuite( 1988): CALCULATION IMPORT ERROR: No value for station_number
09-01 15:41:23.138 E/TopoSuite( 1988): CALCULATION IMPORT ERROR: No value for station_number
09-01 15:41:23.138 E/TopoSuite( 1988): CALCULATION IMPORT ERROR: No value for station_number
09-01 15:41:23.139 E/TopoSuite( 1988): CALCULATION IMPORT ERROR: No value for station_number
09-01 15:41:23.139 E/TopoSuite( 1988): CALCULATION IMPORT ERROR: No value for station_number
09-01 15:41:23.139 E/TopoSuite( 1988): CALCULATION IMPORT ERROR: No value for station_number
09-01 15:41:23.140 E/TopoSuite( 1988): CALCULATION IMPORT ERROR: No value for station_number
09-01 15:41:23.140 E/TopoSuite( 1988): CALCULATION IMPORT ERROR: No value for station_number
09-01 15:41:23.141 E/TopoSuite( 1988): CALCULATION IMPORT ERROR: No value for station_number
09-01 15:41:23.142 E/TopoSuite( 1988): CALCULATION IMPORT ERROR: No value for station_number
09-01 15:41:23.142 E/TopoSuite( 1988): CALCULATION IMPORT ERROR: No value for station_number
09-01 15:41:23.142 E/TopoSuite( 1988): CALCULATION IMPORT ERROR: No value for station_number
09-01 15:41:23.143 E/TopoSuite( 1988): CALCULATION IMPORT ERROR: No value for station_number
09-01 15:41:23.143 E/TopoSuite( 1988): CALCULATION IMPORT ERROR: No value for station_number
09-01 15:41:23.144 E/TopoSuite( 1988): CALCULATION IMPORT ERROR: No value for station_number
09-01 15:41:23.144 E/TopoSuite( 1988): CALCULATION IMPORT ERROR: No value for station_number
09-01 15:41:23.145 E/TopoSuite( 1988): CALCULATION IMPORT ERROR: No value for station_number
09-01 15:41:23.146 E/TopoSuite( 1988): CALCULATION IMPORT ERROR: No value for station_number
09-01 15:41:23.147 E/TopoSuite( 1988): CALCULATION IMPORT ERROR: No value for station_number
09-01 15:41:23.147 E/TopoSuite( 1988): CALCULATION IMPORT ERROR: No value for station_number
09-01 15:41:23.148 E/TopoSuite( 1988): CALCULATION IMPORT ERROR: No value for station_number
09-01 15:41:23.149 E/TopoSuite( 1988): CALCULATION IMPORT ERROR: No value for station_number
09-01 15:41:23.149 E/TopoSuite( 1988): CALCULATION IMPORT ERROR: No value for station_number
09-01 15:41:23.150 E/TopoSuite( 1988): CALCULATION IMPORT ERROR: No value for station_number
09-01 15:41:23.150 E/TopoSuite( 1988): CALCULATION IMPORT ERROR: No value for station_number
09-01 15:41:23.151 E/TopoSuite( 1988): CALCULATION IMPORT ERROR: No value for station_number
09-01 15:41:23.151 E/TopoSuite( 1988): CALCULATION IMPORT ERROR: No value for station_number
09-01 15:41:23.152 E/TopoSuite( 1988): CALCULATION IMPORT ERROR: No value for station_number
09-01 15:41:23.153 E/TopoSuite( 1988): CALCULATION IMPORT ERROR: No value for station_number
09-01 15:41:23.154 E/TopoSuite( 1988): CALCULATION IMPORT ERROR: No value for station_number
09-01 15:41:23.154 E/TopoSuite( 1988): CALCULATION IMPORT ERROR: No value for station_number
09-01 15:41:23.155 E/TopoSuite( 1988): CALCULATION IMPORT ERROR: No value for station_number
09-01 15:41:23.155 E/TopoSuite( 1988): CALCULATION IMPORT ERROR: No value for station_number
09-01 15:41:23.156 E/TopoSuite( 1988): CALCULATION IMPORT ERROR: No value for station_number
09-01 15:41:23.156 E/TopoSuite( 1988): CALCULATION IMPORT ERROR: No value for station_number
09-01 15:41:23.157 E/TopoSuite( 1988): CALCULATION IMPORT ERROR: No value for station_number
09-01 15:41:23.158 E/TopoSuite( 1988): CALCULATION IMPORT ERROR: No value for station_number
09-01 15:41:23.158 E/TopoSuite( 1988): CALCULATION IMPORT ERROR: No value for station_number
09-01 15:41:23.159 E/TopoSuite( 1988): CALCULATION IMPORT ERROR: No value for station_number
09-01 15:41:23.159 E/TopoSuite( 1988): CALCULATION IMPORT ERROR: No value for station_number
09-01 15:41:23.160 E/TopoSuite( 1988): CALCULATION IMPORT ERROR: No value for station_number
09-01 15:41:23.161 E/TopoSuite( 1988): CALCULATION IMPORT ERROR: No value for station_number
09-01 15:41:23.161 E/TopoSuite( 1988): CALCULATION IMPORT ERROR: No value for station_number
09-01 15:41:23.162 E/TopoSuite( 1988): CALCULATION IMPORT ERROR: No value for station_number
09-01 15:41:23.162 E/TopoSuite( 1988): CALCULATION IMPORT ERROR: No value for station_number
09-01 15:41:23.163 E/TopoSuite( 1988): CALCULATION IMPORT ERROR: No value for station_number
09-01 15:41:23.164 E/TopoSuite( 1988): CALCULATION IMPORT ERROR: No value for station_number
09-01 15:41:23.164 E/TopoSuite( 1988): CALCULATION IMPORT ERROR: No value for station_number
09-01 15:41:23.165 E/TopoSuite( 1988): CALCULATION IMPORT ERROR: No value for station_number
09-01 15:41:23.165 E/TopoSuite( 1988): CALCULATION IMPORT ERROR: No value for station_number
09-01 15:41:23.166 E/TopoSuite( 1988): CALCULATION IMPORT ERROR: No value for station_number
09-01 15:41:23.166 E/TopoSuite( 1988): CALCULATION IMPORT ERROR: No value for station_number
09-01 15:41:23.167 E/TopoSuite( 1988): CALCULATION IMPORT ERROR: No value for station_number
09-01 15:41:23.167 E/TopoSuite( 1988): CALCULATION IMPORT ERROR: No value for station_number
09-01 15:41:23.168 E/TopoSuite( 1988): CALCULATION IMPORT ERROR: No value for station_number
09-01 15:41:23.169 E/TopoSuite( 1988): CALCULATION IMPORT ERROR: No value for station_number
09-01 15:41:23.169 E/TopoSuite( 1988): CALCULATION IMPORT ERROR: No value for station_number
09-01 15:41:23.170 E/TopoSuite( 1988): CALCULATION IMPORT ERROR: No value for station_number
09-01 15:41:23.170 E/TopoSuite( 1988): CALCULATION IMPORT ERROR: No value for station_number
09-01 15:41:23.171 E/TopoSuite( 1988): CALCULATION IMPORT ERROR: No value for station_number
09-01 15:41:23.172 E/TopoSuite( 1988): CALCULATION IMPORT ERROR: No value for station_number
09-01 15:41:23.172 E/TopoSuite( 1988): CALCULATION IMPORT ERROR: No value for station_number
09-01 15:41:23.173 E/TopoSuite( 1988): CALCULATION IMPORT ERROR: No value for station_number
09-01 15:41:23.173 E/TopoSuite( 1988): CALCULATION IMPORT ERROR: No value for station_number
09-01 15:41:23.174 E/TopoSuite( 1988): CALCULATION IMPORT ERROR: No value for station_number
09-01 15:41:23.174 E/TopoSuite( 1988): CALCULATION IMPORT ERROR: No value for station_number
09-01 15:41:23.175 E/TopoSuite( 1988): CALCULATION IMPORT ERROR: No value for station_number
09-01 15:41:23.175 E/TopoSuite( 1988): CALCULATION IMPORT ERROR: No value for station_number
09-01 15:41:23.176 E/TopoSuite( 1988): CALCULATION IMPORT ERROR: No value for station_number
09-01 15:41:23.176 E/TopoSuite( 1988): CALCULATION IMPORT ERROR: No value for station_number
09-01 15:41:23.176 E/TopoSuite( 1988): CALCULATION IMPORT ERROR: No value for station_number
09-01 15:41:23.177 E/TopoSuite( 1988): CALCULATION IMPORT ERROR: No value for station_number
09-01 15:41:23.177 E/TopoSuite( 1988): CALCULATION IMPORT ERROR: No value for station_number
09-01 15:41:23.178 E/TopoSuite( 1988): CALCULATION IMPORT ERROR: No value for station_number
09-01 15:41:23.179 E/TopoSuite( 1988): CALCULATION IMPORT ERROR: No value for station_number
09-01 15:41:23.179 E/TopoSuite( 1988): CALCULATION IMPORT ERROR: No value for station_number
09-01 15:41:23.180 E/TopoSuite( 1988): CALCULATION IMPORT ERROR: No value for station_number
09-01 15:41:23.181 E/TopoSuite( 1988): CALCULATION IMPORT ERROR: No value for station_number
09-01 15:41:23.181 E/TopoSuite( 1988): CALCULATION IMPORT ERROR: No value for station_number
09-01 15:41:23.182 E/TopoSuite( 1988): CALCULATION IMPORT ERROR: No value for station_number
09-01 15:41:23.182 E/TopoSuite( 1988): CALCULATION IMPORT ERROR: No value for station_number
09-01 15:41:23.183 E/TopoSuite( 1988): CALCULATION IMPORT ERROR: No value for station_number
09-01 15:41:23.183 E/TopoSuite( 1988): CALCULATION IMPORT ERROR: No value for station_number
09-01 15:41:23.184 E/TopoSuite( 1988): CALCULATION IMPORT ERROR: No value for station_number
09-01 15:41:23.184 E/TopoSuite( 1988): CALCULATION IMPORT ERROR: No value for station_number
09-01 15:41:23.185 E/TopoSuite( 1988): CALCULATION IMPORT ERROR: No value for station_number
09-01 15:41:23.185 E/TopoSuite( 1988): CALCULATION IMPORT ERROR: No value for station_number
09-01 15:41:23.186 E/TopoSuite( 1988): CALCULATION IMPORT ERROR: No value for station_number
09-01 15:41:23.186 E/TopoSuite( 1988): CALCULATION IMPORT ERROR: No value for station_number
09-01 15:41:23.187 E/TopoSuite( 1988): CALCULATION IMPORT ERROR: No value for station_number
09-01 15:41:23.187 E/TopoSuite( 1988): CALCULATION IMPORT ERROR: No value for station_number
09-01 15:41:23.188 E/TopoSuite( 1988): CALCULATION IMPORT ERROR: No value for station_number
09-01 15:41:23.188 E/TopoSuite( 1988): CALCULATION IMPORT ERROR: No value for station_number
09-01 15:41:23.189 E/TopoSuite( 1988): CALCULATION IMPORT ERROR: No value for station_number
09-01 15:41:23.189 E/TopoSuite( 1988): CALCULATION IMPORT ERROR: No value for station_number
09-01 15:41:23.190 E/TopoSuite( 1988): CALCULATION IMPORT ERROR: No value for station_number
09-01 15:41:23.190 E/TopoSuite( 1988): CALCULATION IMPORT ERROR: No value for station_number
09-01 15:41:23.191 E/TopoSuite( 1988): CALCULATION IMPORT ERROR: No value for station_number
09-01 15:41:23.191 E/TopoSuite( 1988): CALCULATION IMPORT ERROR: No value for station_number
09-01 15:41:23.192 E/TopoSuite( 1988): CALCULATION IMPORT ERROR: No value for station_number
09-01 15:41:23.192 E/TopoSuite( 1988): CALCULATION IMPORT ERROR: No value for station_number
09-01 15:41:23.193 E/TopoSuite( 1988): CALCULATION IMPORT ERROR: No value for station_number
09-01 15:41:23.193 E/TopoSuite( 1988): CALCULATION IMPORT ERROR: No value for station_number
09-01 15:41:23.193 E/TopoSuite( 1988): CALCULATION IMPORT ERROR: No value for station_number
09-01 15:41:23.194 E/TopoSuite( 1988): CALCULATION IMPORT ERROR: No value for station_number
09-01 15:41:23.194 E/TopoSuite( 1988): CALCULATION IMPORT ERROR: No value for station_number
09-01 15:41:23.194 E/TopoSuite( 1988): CALCULATION IMPORT ERROR: No value for station_number
09-01 15:41:23.195 E/TopoSuite( 1988): CALCULATION IMPORT ERROR: No value for station_number
09-01 15:41:23.196 E/TopoSuite( 1988): CALCULATION IMPORT ERROR: No value for station_number
09-01 15:41:23.196 E/TopoSuite( 1988): CALCULATION IMPORT ERROR: No value for station_number
09-01 15:41:23.197 E/TopoSuite( 1988): CALCULATION IMPORT ERROR: No value for station_number
09-01 15:41:23.197 E/TopoSuite( 1988): CALCULATION IMPORT ERROR: No value for station_number
09-01 15:41:23.197 E/TopoSuite( 1988): CALCULATION IMPORT ERROR: No value for station_number
09-01 15:41:23.198 E/TopoSuite( 1988): CALCULATION IMPORT ERROR: No value for station_number
09-01 15:41:23.198 E/TopoSuite( 1988): CALCULATION IMPORT ERROR: No value for station_number
09-01 15:41:23.199 E/TopoSuite( 1988): CALCULATION IMPORT ERROR: No value for station_number
09-01 15:41:23.200 E/TopoSuite( 1988): CALCULATION IMPORT ERROR: No value for station_number
09-01 15:41:23.200 E/TopoSuite( 1988): CALCULATION IMPORT ERROR: No value for station_number
09-01 15:41:23.201 E/TopoSuite( 1988): CALCULATION IMPORT ERROR: No value for station_number
09-01 15:41:23.201 E/TopoSuite( 1988): CALCULATION IMPORT ERROR: No value for station_number
09-01 15:41:23.201 E/TopoSuite( 1988): CALCULATION IMPORT ERROR: No value for station_number
09-01 15:41:23.202 E/TopoSuite( 1988): CALCULATION IMPORT ERROR: No value for station_number
09-01 15:41:23.202 E/TopoSuite( 1988): CALCULATION IMPORT ERROR: No value for station_number
09-01 15:41:23.203 E/TopoSuite( 1988): CALCULATION IMPORT ERROR: No value for station_number
09-01 15:41:23.203 E/TopoSuite( 1988): CALCULATION IMPORT ERROR: No value for station_number
09-01 15:41:23.204 E/TopoSuite( 1988): CALCULATION IMPORT ERROR: No value for station_number
09-01 15:41:23.204 E/TopoSuite( 1988): CALCULATION IMPORT ERROR: No value for station_number
09-01 15:41:23.205 E/TopoSuite( 1988): CALCULATION IMPORT ERROR: No value for station_number
09-01 15:41:23.205 E/TopoSuite( 1988): CALCULATION IMPORT ERROR: No value for station_number
09-01 15:41:23.206 E/TopoSuite( 1988): CALCULATION IMPORT ERROR: No value for station_number
09-01 15:41:23.206 E/TopoSuite( 1988): CALCULATION IMPORT ERROR: No value for station_number
09-01 15:41:23.207 E/TopoSuite( 1988): CALCULATION IMPORT ERROR: No value for station_number
09-01 15:41:23.207 E/TopoSuite( 1988): CALCULATION IMPORT ERROR: No value for station_number
09-01 15:41:23.208 E/TopoSuite( 1988): CALCULATION IMPORT ERROR: No value for station_number
09-01 15:41:23.208 E/TopoSuite( 1988): CALCULATION IMPORT ERROR: No value for station_number
09-01 15:41:23.209 E/TopoSuite( 1988): CALCULATION IMPORT ERROR: No value for station_number
09-01 15:41:23.209 E/TopoSuite( 1988): CALCULATION IMPORT ERROR: No value for station_number
09-01 15:41:23.209 E/TopoSuite( 1988): CALCULATION IMPORT ERROR: No value for station_number
09-01 15:41:23.210 E/TopoSuite( 1988): CALCULATION IMPORT ERROR: No value for station_number
09-01 15:41:23.210 E/TopoSuite( 1988): CALCULATION IMPORT ERROR: No value for station_number
09-01 15:41:23.210 E/TopoSuite( 1988): CALCULATION IMPORT ERROR: No value for station_number
09-01 15:41:23.211 E/TopoSuite( 1988): CALCULATION IMPORT ERROR: No value for station_number
09-01 15:41:23.211 E/TopoSuite( 1988): CALCULATION IMPORT ERROR: No value for station_number
09-01 15:41:23.211 E/TopoSuite( 1988): CALCULATION IMPORT ERROR: No value for station_number
09-01 15:41:23.212 E/TopoSuite( 1988): CALCULATION IMPORT ERROR: No value for station_number
09-01 15:41:23.212 E/TopoSuite( 1988): CALCULATION IMPORT ERROR: No value for station_number
09-01 15:41:23.212 E/TopoSuite( 1988): CALCULATION IMPORT ERROR: No value for station_number
09-01 15:41:23.212 E/TopoSuite( 1988): CALCULATION IMPORT ERROR: No value for station_number
09-01 15:41:23.213 E/TopoSuite( 1988): CALCULATION IMPORT ERROR: No value for station_number
09-01 15:41:23.213 E/TopoSuite( 1988): CALCULATION IMPORT ERROR: No value for station_number
09-01 15:41:23.213 E/TopoSuite( 1988): CALCULATION IMPORT ERROR: No value for station_number
09-01 15:41:23.214 E/TopoSuite( 1988): CALCULATION IMPORT ERROR: No value for station_number
09-01 15:41:23.215 E/TopoSuite( 1988): CALCULATION IMPORT ERROR: No value for station_number
09-01 15:41:23.215 E/TopoSuite( 1988): CALCULATION IMPORT ERROR: No value for station_number
09-01 15:41:23.215 E/TopoSuite( 1988): CALCULATION IMPORT ERROR: No value for station_number
09-01 15:41:23.216 E/TopoSuite( 1988): CALCULATION IMPORT ERROR: No value for station_number
09-01 15:41:23.216 E/TopoSuite( 1988): CALCULATION IMPORT ERROR: No value for station_number
09-01 15:41:23.216 E/TopoSuite( 1988): CALCULATION IMPORT ERROR: No value for station_number
09-01 15:41:23.216 E/TopoSuite( 1988): CALCULATION IMPORT ERROR: No value for station_number
09-01 15:41:23.217 E/TopoSuite( 1988): CALCULATION IMPORT ERROR: No value for station_number
09-01 15:41:23.217 E/TopoSuite( 1988): CALCULATION IMPORT ERROR: No value for station_number
09-01 15:41:23.218 E/TopoSuite( 1988): CALCULATION IMPORT ERROR: No value for station_number
09-01 15:41:23.218 E/TopoSuite( 1988): CALCULATION IMPORT ERROR: No value for station_number
09-01 15:41:23.219 E/TopoSuite( 1988): CALCULATION IMPORT ERROR: No value for station_number
09-01 15:41:23.219 E/TopoSuite( 1988): CALCULATION IMPORT ERROR: No value for station_number
09-01 15:41:23.219 E/TopoSuite( 1988): CALCULATION IMPORT ERROR: No value for station_number
09-01 15:41:23.219 E/TopoSuite( 1988): CALCULATION IMPORT ERROR: No value for station_number
09-01 15:41:23.220 E/TopoSuite( 1988): CALCULATION IMPORT ERROR: No value for station_number
09-01 15:41:23.220 E/TopoSuite( 1988): CALCULATION IMPORT ERROR: No value for station_number
09-01 15:41:23.220 E/TopoSuite( 1988): CALCULATION IMPORT ERROR: No value for station_number
09-01 15:41:23.221 E/TopoSuite( 1988): CALCULATION IMPORT ERROR: No value for station_number
09-01 15:41:23.222 E/TopoSuite( 1988): CALCULATION IMPORT ERROR: No value for station_number
09-01 15:41:23.222 E/TopoSuite( 1988): CALCULATION IMPORT ERROR: No value for station_number
09-01 15:41:23.222 E/TopoSuite( 1988): CALCULATION IMPORT ERROR: No value for station_number
09-01 15:41:23.223 E/TopoSuite( 1988): CALCULATION IMPORT ERROR: No value for station_number
09-01 15:41:23.223 E/TopoSuite( 1988): CALCULATION IMPORT ERROR: No value for station_number
09-01 15:41:23.224 E/TopoSuite( 1988): CALCULATION IMPORT ERROR: No value for station_number
09-01 15:41:23.224 E/TopoSuite( 1988): CALCULATION IMPORT ERROR: No value for station_number
09-01 15:41:23.225 E/TopoSuite( 1988): CALCULATION IMPORT ERROR: No value for station_number
09-01 15:41:23.225 E/TopoSuite( 1988): CALCULATION IMPORT ERROR: No value for station_number
09-01 15:41:23.225 E/TopoSuite( 1988): CALCULATION IMPORT ERROR: No value for station_number
09-01 15:41:23.225 E/TopoSuite( 1988): CALCULATION IMPORT ERROR: No value for station_number
09-01 15:41:23.226 E/TopoSuite( 1988): CALCULATION IMPORT ERROR: No value for station_number
09-01 15:41:23.226 E/TopoSuite( 1988): CALCULATION IMPORT ERROR: No value for station_number
09-01 15:41:23.226 E/TopoSuite( 1988): CALCULATION IMPORT ERROR: No value for station_number
09-01 15:41:23.227 E/TopoSuite( 1988): CALCULATION IMPORT ERROR: No value for station_number
09-01 15:41:23.227 E/TopoSuite( 1988): CALCULATION IMPORT ERROR: No value for station_number
09-01 15:41:23.228 E/TopoSuite( 1988): CALCULATION IMPORT ERROR: No value for station_number
09-01 15:41:23.228 E/TopoSuite( 1988): CALCULATION IMPORT ERROR: No value for station_number
09-01 15:41:23.229 E/TopoSuite( 1988): CALCULATION IMPORT ERROR: No value for station_number
09-01 15:41:23.229 E/TopoSuite( 1988): CALCULATION IMPORT ERROR: No value for station_number
09-01 15:41:23.230 E/TopoSuite( 1988): CALCULATION IMPORT ERROR: No value for station_number
09-01 15:41:23.230 E/TopoSuite( 1988): CALCULATION IMPORT ERROR: No value for station_number
09-01 15:41:23.230 E/TopoSuite( 1988): CALCULATION IMPORT ERROR: No value for station_number
09-01 15:41:23.231 E/TopoSuite( 1988): CALCULATION IMPORT ERROR: No value for station_number
09-01 15:41:23.231 E/TopoSuite( 1988): CALCULATION IMPORT ERROR: No value for station_number
09-01 15:41:23.232 E/TopoSuite( 1988): CALCULATION IMPORT ERROR: No value for station_number
09-01 15:41:23.232 E/TopoSuite( 1988): CALCULATION IMPORT ERROR: No value for station_number
09-01 15:41:23.233 E/TopoSuite( 1988): CALCULATION IMPORT ERROR: No value for station_number
09-01 15:41:23.233 E/TopoSuite( 1988): CALCULATION IMPORT ERROR: No value for station_number
09-01 15:41:23.234 E/TopoSuite( 1988): CALCULATION IMPORT ERROR: No value for station_number
09-01 15:41:23.234 E/TopoSuite( 1988): CALCULATION IMPORT ERROR: No value for station_number
09-01 15:41:23.235 E/TopoSuite( 1988): CALCULATION IMPORT ERROR: No value for station_number
09-01 15:41:23.235 E/TopoSuite( 1988): CALCULATION IMPORT ERROR: No value for station_number
09-01 15:41:23.236 E/TopoSuite( 1988): CALCULATION IMPORT ERROR: No value for station_number
09-01 15:41:23.236 E/TopoSuite( 1988): CALCULATION IMPORT ERROR: No value for station_number
09-01 15:41:23.237 E/TopoSuite( 1988): CALCULATION IMPORT ERROR: No value for station_number
09-01 15:41:23.237 E/TopoSuite( 1988): CALCULATION IMPORT ERROR: No value for station_number
09-01 15:41:23.238 E/TopoSuite( 1988): CALCULATION IMPORT ERROR: No value for station_number
09-01 15:41:23.239 E/TopoSuite( 1988): CALCULATION IMPORT ERROR: No value for station_number
09-01 15:41:23.239 E/TopoSuite( 1988): CALCULATION IMPORT ERROR: No value for station_number
09-01 15:41:23.240 E/TopoSuite( 1988): CALCULATION IMPORT ERROR: No value for station_number
09-01 15:41:23.240 E/TopoSuite( 1988): CALCULATION IMPORT ERROR: No value for station_number
09-01 15:41:23.241 E/TopoSuite( 1988): CALCULATION IMPORT ERROR: No value for station_number
09-01 15:41:23.241 E/TopoSuite( 1988): CALCULATION IMPORT ERROR: No value for station_number
09-01 15:41:23.242 E/TopoSuite( 1988): CALCULATION IMPORT ERROR: No value for station_number
09-01 15:41:23.242 E/TopoSuite( 1988): CALCULATION IMPORT ERROR: No value for station_number
09-01 15:41:23.243 E/TopoSuite( 1988): CALCULATION IMPORT ERROR: No value for station_number
09-01 15:41:23.243 E/TopoSuite( 1988): CALCULATION IMPORT ERROR: No value for station_number
09-01 15:41:23.244 E/TopoSuite( 1988): CALCULATION IMPORT ERROR: No value for station_number
09-01 15:41:23.244 E/TopoSuite( 1988): CALCULATION IMPORT ERROR: No value for station_number
09-01 15:41:23.245 E/TopoSuite( 1988): CALCULATION IMPORT ERROR: No value for station_number
09-01 15:41:23.245 E/TopoSuite( 1988): CALCULATION IMPORT ERROR: No value for station_number
09-01 15:41:23.245 E/TopoSuite( 1988): CALCULATION IMPORT ERROR: No value for station_number
09-01 15:41:23.246 E/TopoSuite( 1988): CALCULATION IMPORT ERROR: No value for station_number
09-01 15:41:23.246 E/TopoSuite( 1988): CALCULATION IMPORT ERROR: No value for station_number
09-01 15:41:23.247 E/TopoSuite( 1988): CALCULATION IMPORT ERROR: No value for station_number
09-01 15:41:23.247 E/TopoSuite( 1988): CALCULATION IMPORT ERROR: No value for station_number
09-01 15:41:23.248 E/TopoSuite( 1988): CALCULATION IMPORT ERROR: No value for station_number
09-01 15:41:23.248 E/TopoSuite( 1988): CALCULATION IMPORT ERROR: No value for station_number
09-01 15:41:23.249 E/TopoSuite( 1988): CALCULATION IMPORT ERROR: No value for station_number
09-01 15:41:23.249 E/TopoSuite( 1988): CALCULATION IMPORT ERROR: No value for station_number
09-01 15:41:23.250 E/TopoSuite( 1988): CALCULATION IMPORT ERROR: No value for station_number
09-01 15:41:23.250 E/TopoSuite( 1988): CALCULATION IMPORT ERROR: No value for station_number
09-01 15:41:23.251 E/TopoSuite( 1988): CALCULATION IMPORT ERROR: No value for station_number
09-01 15:41:23.251 E/TopoSuite( 1988): CALCULATION IMPORT ERROR: No value for station_number
09-01 15:41:23.252 E/TopoSuite( 1988): CALCULATION IMPORT ERROR: No value for station_number
09-01 15:41:23.252 E/TopoSuite( 1988): CALCULATION IMPORT ERROR: No value for station_number
09-01 15:41:23.253 E/TopoSuite( 1988): CALCULATION IMPORT ERROR: No value for station_number
09-01 15:41:23.253 E/TopoSuite( 1988): CALCULATION IMPORT ERROR: No value for station_number
09-01 15:41:23.253 E/TopoSuite( 1988): CALCULATION IMPORT ERROR: No value for station_number
09-01 15:41:23.254 E/TopoSuite( 1988): CALCULATION IMPORT ERROR: No value for station_number
09-01 15:41:23.254 E/TopoSuite( 1988): CALCULATION IMPORT ERROR: No value for station_number
09-01 15:41:23.255 E/TopoSuite( 1988): CALCULATION IMPORT ERROR: No value for station_number
09-01 15:41:23.255 E/TopoSuite( 1988): CALCULATION IMPORT ERROR: No value for station_number
09-01 15:41:23.256 E/TopoSuite( 1988): CALCULATION IMPORT ERROR: No value for station_number
09-01 15:41:23.256 E/TopoSuite( 1988): CALCULATION IMPORT ERROR: No value for station_number
09-01 15:41:23.257 E/TopoSuite( 1988): CALCULATION IMPORT ERROR: No value for station_number
09-01 15:41:23.257 E/TopoSuite( 1988): CALCULATION IMPORT ERROR: No value for station_number
09-01 15:41:23.258 E/TopoSuite( 1988): CALCULATION IMPORT ERROR: No value for station_number
09-01 15:41:23.259 E/TopoSuite( 1988): CALCULATION IMPORT ERROR: No value for station_number
09-01 15:41:23.259 E/TopoSuite( 1988): CALCULATION IMPORT ERROR: No value for station_number
09-01 15:41:23.260 E/TopoSuite( 1988): CALCULATION IMPORT ERROR: No value for station_number
09-01 15:41:23.260 E/TopoSuite( 1988): CALCULATION IMPORT ERROR: No value for station_number
09-01 15:41:23.260 E/TopoSuite( 1988): CALCULATION IMPORT ERROR: No value for station_number
09-01 15:41:23.261 E/TopoSuite( 1988): CALCULATION IMPORT ERROR: No value for station_number
09-01 15:41:23.262 E/TopoSuite( 1988): CALCULATION IMPORT ERROR: No value for station_number
09-01 15:41:23.262 E/TopoSuite( 1988): CALCULATION IMPORT ERROR: No value for station_number
09-01 15:41:23.263 E/TopoSuite( 1988): CALCULATION IMPORT ERROR: No value for station_number
09-01 15:41:23.263 E/TopoSuite( 1988): CALCULATION IMPORT ERROR: No value for station_number
09-01 15:41:23.264 E/TopoSuite( 1988): CALCULATION IMPORT ERROR: No value for station_number
09-01 15:41:23.264 E/TopoSuite( 1988): CALCULATION IMPORT ERROR: No value for station_number
09-01 15:41:23.264 E/TopoSuite( 1988): CALCULATION IMPORT ERROR: No value for station_number
09-01 15:41:23.264 E/TopoSuite( 1988): CALCULATION IMPORT ERROR: No value for station_number
09-01 15:41:23.265 E/TopoSuite( 1988): CALCULATION IMPORT ERROR: No value for station_number
09-01 15:41:23.265 E/TopoSuite( 1988): CALCULATION IMPORT ERROR: No value for station_number
09-01 15:41:23.265 E/TopoSuite( 1988): CALCULATION IMPORT ERROR: No value for station_number
09-01 15:41:23.266 E/TopoSuite( 1988): CALCULATION IMPORT ERROR: No value for station_number
09-01 15:41:23.266 E/TopoSuite( 1988): CALCULATION IMPORT ERROR: No value for station_number
09-01 15:41:23.267 E/TopoSuite( 1988): CALCULATION IMPORT ERROR: No value for station_number
09-01 15:41:23.267 E/TopoSuite( 1988): CALCULATION IMPORT ERROR: No value for station_number
09-01 15:41:23.268 E/TopoSuite( 1988): CALCULATION IMPORT ERROR: No value for station_number
09-01 15:41:23.268 E/TopoSuite( 1988): CALCULATION IMPORT ERROR: No value for station_number
09-01 15:41:23.269 E/TopoSuite( 1988): CALCULATION IMPORT ERROR: No value for station_number
09-01 15:41:23.269 E/TopoSuite( 1988): CALCULATION IMPORT ERROR: No value for station_number
09-01 15:41:23.270 E/TopoSuite( 1988): CALCULATION IMPORT ERROR: No value for station_number
09-01 15:41:23.270 E/TopoSuite( 1988): CALCULATION IMPORT ERROR: No value for station_number
09-01 15:41:23.271 E/TopoSuite( 1988): CALCULATION IMPORT ERROR: No value for station_number
09-01 15:41:23.271 E/TopoSuite( 1988): CALCULATION IMPORT ERROR: No value for station_number
09-01 15:41:23.272 E/TopoSuite( 1988): CALCULATION IMPORT ERROR: No value for station_number
09-01 15:41:23.272 E/TopoSuite( 1988): CALCULATION IMPORT ERROR: No value for station_number
09-01 15:41:23.272 E/TopoSuite( 1988): CALCULATION IMPORT ERROR: No value for station_number
09-01 15:41:23.273 E/TopoSuite( 1988): CALCULATION IMPORT ERROR: No value for station_number
09-01 15:41:23.273 E/TopoSuite( 1988): CALCULATION IMPORT ERROR: No value for station_number
09-01 15:41:23.274 E/TopoSuite( 1988): CALCULATION IMPORT ERROR: No value for station_number
09-01 15:41:23.274 E/TopoSuite( 1988): CALCULATION IMPORT ERROR: No value for station_number
09-01 15:41:23.274 E/TopoSuite( 1988): CALCULATION IMPORT ERROR: No value for station_number
09-01 15:41:23.275 E/TopoSuite( 1988): CALCULATION IMPORT ERROR: No value for station_number
09-01 15:41:23.275 E/TopoSuite( 1988): CALCULATION IMPORT ERROR: No value for station_number
09-01 15:41:23.276 E/TopoSuite( 1988): CALCULATION IMPORT ERROR: No value for station_number
09-01 15:41:23.276 E/TopoSuite( 1988): CALCULATION IMPORT ERROR: No value for station_number
09-01 15:41:23.276 E/TopoSuite( 1988): CALCULATION IMPORT ERROR: No value for station_number
09-01 15:41:23.276 E/TopoSuite( 1988): CALCULATION IMPORT ERROR: No value for station_number
09-01 15:41:23.277 E/TopoSuite( 1988): CALCULATION IMPORT ERROR: No value for station_number
09-01 15:41:23.277 E/TopoSuite( 1988): CALCULATION IMPORT ERROR: No value for station_number
09-01 15:41:23.277 E/TopoSuite( 1988): CALCULATION IMPORT ERROR: No value for station_number
09-01 15:41:23.278 E/TopoSuite( 1988): CALCULATION IMPORT ERROR: No value for station_number
09-01 15:41:23.279 E/TopoSuite( 1988): CALCULATION IMPORT ERROR: No value for station_number
09-01 15:41:23.279 E/TopoSuite( 1988): CALCULATION IMPORT ERROR: No value for station_number
09-01 15:41:23.280 E/TopoSuite( 1988): CALCULATION IMPORT ERROR: No value for station_number
09-01 15:41:23.280 E/TopoSuite( 1988): CALCULATION IMPORT ERROR: No value for station_number
09-01 15:41:23.281 E/TopoSuite( 1988): CALCULATION IMPORT ERROR: No value for station_number
09-01 15:41:23.281 E/TopoSuite( 1988): CALCULATION IMPORT ERROR: No value for station_number
09-01 15:41:23.282 E/TopoSuite( 1988): CALCULATION IMPORT ERROR: No value for station_number
09-01 15:41:23.282 E/TopoSuite( 1988): CALCULATION IMPORT ERROR: No value for station_number
09-01 15:41:23.282 E/TopoSuite( 1988): CALCULATION IMPORT ERROR: No value for station_number
09-01 15:41:23.283 E/TopoSuite( 1988): CALCULATION IMPORT ERROR: No value for station_number
09-01 15:41:23.283 E/TopoSuite( 1988): CALCULATION IMPORT ERROR: No value for station_number
09-01 15:41:23.283 E/TopoSuite( 1988): CALCULATION IMPORT ERROR: No value for station_number
09-01 15:41:23.284 E/TopoSuite( 1988): CALCULATION IMPORT ERROR: No value for station_number
09-01 15:41:23.284 E/TopoSuite( 1988): CALCULATION IMPORT ERROR: No value for station_number
09-01 15:41:23.285 E/TopoSuite( 1988): CALCULATION IMPORT ERROR: No value for station_number
09-01 15:41:23.285 E/TopoSuite( 1988): CALCULATION IMPORT ERROR: No value for station_number
09-01 15:41:23.286 E/TopoSuite( 1988): CALCULATION IMPORT ERROR: No value for station_number
09-01 15:41:23.286 E/TopoSuite( 1988): CALCULATION IMPORT ERROR: No value for station_number
09-01 15:41:23.287 E/TopoSuite( 1988): CALCULATION IMPORT ERROR: No value for station_number
09-01 15:41:23.287 E/TopoSuite( 1988): CALCULATION IMPORT ERROR: No value for station_number
09-01 15:41:23.287 E/TopoSuite( 1988): CALCULATION IMPORT ERROR: No value for station_number
09-01 15:41:23.288 E/TopoSuite( 1988): CALCULATION IMPORT ERROR: No value for station_number
09-01 15:41:23.288 E/TopoSuite( 1988): CALCULATION IMPORT ERROR: No value for station_number
09-01 15:41:23.289 E/TopoSuite( 1988): CALCULATION IMPORT ERROR: No value for station_number
09-01 15:41:23.289 E/TopoSuite( 1988): CALCULATION IMPORT ERROR: No value for station_number
09-01 15:41:23.290 E/TopoSuite( 1988): CALCULATION IMPORT ERROR: No value for station_number
09-01 15:41:23.290 E/TopoSuite( 1988): CALCULATION IMPORT ERROR: No value for station_number
09-01 15:41:23.291 E/TopoSuite( 1988): CALCULATION IMPORT ERROR: No value for station_number
09-01 15:41:23.291 E/TopoSuite( 1988): CALCULATION IMPORT ERROR: No value for station_number
09-01 15:41:23.292 E/TopoSuite( 1988): CALCULATION IMPORT ERROR: No value for station_number
09-01 15:41:23.292 E/TopoSuite( 1988): CALCULATION IMPORT ERROR: No value for station_number
09-01 15:41:23.527 W/ContextImpl( 1683): Calling a method in the system process without a qualified user: android.app.ContextImpl.startService:1358 android.content.ContextWrapper.startService:613 android.content.ContextWrapper.startService:613 com.android.coreservice.CoreBroadcastReceiver.onReceive:53 android.app.ActivityThread.handleReceiver:3073 
09-01 15:41:23.538 I/HostConnection( 1988): HostConnection::HostConnection: pid=1988, tid=1988, this=0x7fffd60c2b40
09-01 15:41:23.541 I/        ( 1988): fastpipe: Connect success
09-01 15:41:23.542 D/HostConnection( 1988): HostRPC::connect sucess: app=ch.hgdev.toposuite, pid=1988, tid=1988, this=0x7fffd60c8100
09-01 15:41:23.542 D/HostConnection( 1988): queryAndSetGLESMaxVersion select gles-version: 3.1 hostGLVersion:46 process:ch.hgdev.toposuite
09-01 15:41:23.544 I/        ( 1988): fastpipe: Connect success
09-01 15:41:23.544 D/HostConnection( 1988): recv ProcessPuidReply name=ch.hgdev.toposuite puid=7 g_u64CapsFlag=1d
09-01 15:41:23.580 I/HostConnection( 1988): HostConnection::HostConnection: pid=1988, tid=2007, this=0x7fffeb41c540
09-01 15:41:23.582 I/        ( 1988): fastpipe: Connect success
09-01 15:41:23.582 D/HostConnection( 1988): HostRPC::connect sucess: app=ch.hgdev.toposuite, pid=1988, tid=2007, this=0x7fffeb469940
09-01 15:41:23.584 D/HostConnection( 1988): queryAndSetGLESMaxVersion select gles-version: 3.1 hostGLVersion:46 process:ch.hgdev.toposuite
09-01 15:41:23.584 I/OpenGLRenderer( 1988): Initialized EGL, version 1.4
09-01 15:41:23.584 D/OpenGLRenderer( 1988): Swap behavior 1
09-01 15:41:23.585 I/EGL_adreno( 1988): eglCreateContext request GLES major-version=2
09-01 15:41:23.620 D/EGL_adreno( 1988): eglCreateContext: 0x7fffeb44f320: maj 3 min 1 rcv 4
09-01 15:41:23.738 D/EGL_adreno( 1988): eglMakeCurrent: 0x7fffeb44f320: ver 3 1 (tinfo 0x7fffeb40d340)
09-01 15:41:23.745 D/HostConnection( 1988): ExtendedRCEncoderContext GL_VERSION return OpenGL ES 3.1
09-01 15:41:23.761 E/EGL_adreno( 1988): tid 2007: eglSurfaceAttrib(1338): error 0x3009 (EGL_BAD_MATCH)
09-01 15:41:23.761 W/OpenGLRenderer( 1988): Failed to set EGL_SWAP_BEHAVIOR on surface 0x7fffeb45ab40, error=EGL_BAD_MATCH
09-01 15:41:23.769 D/EGL_adreno( 1988): eglMakeCurrent: 0x7fffeb44f320: ver 3 1 (tinfo 0x7fffeb40d340)
09-01 15:41:23.837 I/ActivityManager( 1283): Displayed ch.hgdev.toposuite/.jobs.JobsActivity: +1s425ms
09-01 15:41:23.841 W/ContextImpl( 1683): Calling a method in the system process without a qualified user: android.app.ContextImpl.startService:1358 android.content.ContextWrapper.startService:613 android.content.ContextWrapper.startService:613 com.android.coreservice.CoreBroadcastReceiver.onReceive:69 android.app.ActivityThread.handleReceiver:3073 
09-01 15:41:23.846 W/ContextImpl( 1683): Calling a method in the system process without a qualified user: android.app.ContextImpl.startService:1358 android.content.ContextWrapper.startService:613 android.content.ContextWrapper.startService:613 com.android.coreservice.CoreBroadcastReceiver.onReceive:69 android.app.ActivityThread.handleReceiver:3073 
09-01 15:41:25.384 D/audio_hw_hal( 1088): log_func, out_standby
09-01 15:41:25.384 D/audio_hw_hal( 1088): raw_close_output_stream, dev=0xf6e480c0, stream =0xf6e43140
09-01 15:41:25.384 D/audio_hw_hal( 1088): raw_close_output_stream, stream=0xf6e43140,  success!
09-01 15:41:25.753 D/EGL_adreno( 1966): eglMakeCurrent: 0x7fffeb44fc20: ver 3 1 (tinfo 0x7fffeb40d740)
09-01 15:41:25.753 I/HostConnection( 1083): HostConnection::HostConnection: pid=1083, tid=1987, this=0x7ffff5e1d9c0
09-01 15:41:25.754 W/WindowManager( 1283): Attempted to remove non-existing token: android.os.Binder@d73d70a
09-01 15:41:25.756 I/        ( 1083): fastpipe: Connect success
09-01 15:41:25.757 D/HostConnection( 1083): HostRPC::connect sucess: app=/system/bin/surfaceflinger, pid=1083, tid=1987, this=0x7ffff5f72580
09-01 15:41:25.759 D/HostConnection( 1083): queryAndSetGLESMaxVersion select gles-version: 3.1 hostGLVersion:46 process:/system/bin/surfaceflinger
09-01 15:41:25.849 E/EGL_adreno( 1966): tid 1982: eglSurfaceAttrib(1338): error 0x3009 (EGL_BAD_MATCH)
09-01 15:41:25.849 W/OpenGLRenderer( 1966): Failed to set EGL_SWAP_BEHAVIOR on surface 0x7fffeb5dedc0, error=EGL_BAD_MATCH
09-01 15:41:25.853 D/EGL_adreno( 1966): eglMakeCurrent: 0x7fffeb44fc20: ver 3 1 (tinfo 0x7fffeb40d740)
09-01 15:41:29.265 W/WindowManager( 1283): Attempted to remove non-existing token: android.os.Binder@b003d62
09-01 15:41:29.267 D/EGL_adreno( 1966): eglMakeCurrent: 0x7fffeb44fc20: ver 3 1 (tinfo 0x7fffeb40d740)
09-01 15:41:29.327 E/EGL_adreno( 1966): tid 1982: eglSurfaceAttrib(1338): error 0x3009 (EGL_BAD_MATCH)
09-01 15:41:29.327 W/OpenGLRenderer( 1966): Failed to set EGL_SWAP_BEHAVIOR on surface 0x7fffeb5dedc0, error=EGL_BAD_MATCH
09-01 15:41:29.330 D/EGL_adreno( 1966): eglMakeCurrent: 0x7fffeb44fc20: ver 3 1 (tinfo 0x7fffeb40d740)
09-01 15:41:32.769 W/WindowManager( 1283): Attempted to remove non-existing token: android.os.Binder@4df5be5
09-01 15:41:32.770 D/EGL_adreno( 1966): eglMakeCurrent: 0x7fffeb44fc20: ver 3 1 (tinfo 0x7fffeb40d740)
09-01 15:41:32.819 E/EGL_adreno( 1966): tid 1982: eglSurfaceAttrib(1338): error 0x3009 (EGL_BAD_MATCH)
09-01 15:41:32.819 W/OpenGLRenderer( 1966): Failed to set EGL_SWAP_BEHAVIOR on surface 0x7fffeb5dedc0, error=EGL_BAD_MATCH
09-01 15:41:32.827 D/EGL_adreno( 1966): eglMakeCurrent: 0x7fffeb44fc20: ver 3 1 (tinfo 0x7fffeb40d740)
09-01 15:41:36.274 W/WindowManager( 1283): Attempted to remove non-existing token: android.os.Binder@f3d4cc8
09-01 15:41:36.276 D/EGL_adreno( 1966): eglMakeCurrent: 0x7fffeb44fc20: ver 3 1 (tinfo 0x7fffeb40d740)
09-01 15:41:36.332 E/EGL_adreno( 1966): tid 1982: eglSurfaceAttrib(1338): error 0x3009 (EGL_BAD_MATCH)
09-01 15:41:36.332 W/OpenGLRenderer( 1966): Failed to set EGL_SWAP_BEHAVIOR on surface 0x7fffeb5dedc0, error=EGL_BAD_MATCH
09-01 15:41:36.343 D/EGL_adreno( 1966): eglMakeCurrent: 0x7fffeb44fc20: ver 3 1 (tinfo 0x7fffeb40d740)
09-01 15:41:39.799 W/WindowManager( 1283): Attempted to remove non-existing token: android.os.Binder@f665147
09-01 15:41:39.803 D/EGL_adreno( 1966): eglMakeCurrent: 0x7fffeb44fc20: ver 3 1 (tinfo 0x7fffeb40d740)
09-01 15:41:39.849 E/EGL_adreno( 1966): tid 1982: eglSurfaceAttrib(1338): error 0x3009 (EGL_BAD_MATCH)
09-01 15:41:39.849 W/OpenGLRenderer( 1966): Failed to set EGL_SWAP_BEHAVIOR on surface 0x7fffeb5dedc0, error=EGL_BAD_MATCH
09-01 15:41:39.860 D/EGL_adreno( 1966): eglMakeCurrent: 0x7fffeb44fc20: ver 3 1 (tinfo 0x7fffeb40d740)
09-01 15:41:43.305 W/WindowManager( 1283): Attempted to remove non-existing token: android.os.Binder@f3e6d74
09-01 15:41:43.307 D/EGL_adreno( 1966): eglMakeCurrent: 0x7fffeb44fc20: ver 3 1 (tinfo 0x7fffeb40d740)
09-01 15:41:43.372 E/EGL_adreno( 1966): tid 1982: eglSurfaceAttrib(1338): error 0x3009 (EGL_BAD_MATCH)
09-01 15:41:43.372 W/OpenGLRenderer( 1966): Failed to set EGL_SWAP_BEHAVIOR on surface 0x7fffeb5dedc0, error=EGL_BAD_MATCH
09-01 15:41:43.377 D/EGL_adreno( 1966): eglMakeCurrent: 0x7fffeb44fc20: ver 3 1 (tinfo 0x7fffeb40d740)
09-01 15:41:46.811 W/WindowManager( 1283): Attempted to remove non-existing token: android.os.Binder@ea6229d
09-01 15:41:46.814 D/EGL_adreno( 1966): eglMakeCurrent: 0x7fffeb44fc20: ver 3 1 (tinfo 0x7fffeb40d740)
09-01 15:41:46.871 E/EGL_adreno( 1966): tid 1982: eglSurfaceAttrib(1338): error 0x3009 (EGL_BAD_MATCH)
09-01 15:41:46.871 W/OpenGLRenderer( 1966): Failed to set EGL_SWAP_BEHAVIOR on surface 0x7fffeb5dedc0, error=EGL_BAD_MATCH
09-01 15:41:46.878 D/EGL_adreno( 1966): eglMakeCurrent: 0x7fffeb44fc20: ver 3 1 (tinfo 0x7fffeb40d740)
09-01 15:41:50.317 W/WindowManager( 1283): Attempted to remove non-existing token: android.os.Binder@db6c312
09-01 15:41:50.319 D/EGL_adreno( 1966): eglMakeCurrent: 0x7fffeb44fc20: ver 3 1 (tinfo 0x7fffeb40d740)
09-01 15:41:50.365 E/EGL_adreno( 1966): tid 1982: eglSurfaceAttrib(1338): error 0x3009 (EGL_BAD_MATCH)
09-01 15:41:50.365 W/OpenGLRenderer( 1966): Failed to set EGL_SWAP_BEHAVIOR on surface 0x7fffeb5dedc0, error=EGL_BAD_MATCH
09-01 15:41:50.366 D/EGL_adreno( 1966): eglMakeCurrent: 0x7fffeb44fc20: ver 3 1 (tinfo 0x7fffeb40d740)
09-01 15:41:53.824 W/WindowManager( 1283): Attempted to remove non-existing token: android.os.Binder@82cbae3
09-01 15:41:53.827 D/EGL_adreno( 1966): eglMakeCurrent: 0x7fffeb44fc20: ver 3 1 (tinfo 0x7fffeb40d740)
09-01 15:41:53.865 E/EGL_adreno( 1966): tid 1982: eglSurfaceAttrib(1338): error 0x3009 (EGL_BAD_MATCH)
09-01 15:41:53.865 W/OpenGLRenderer( 1966): Failed to set EGL_SWAP_BEHAVIOR on surface 0x7fffeb5dedc0, error=EGL_BAD_MATCH
09-01 15:41:53.878 D/EGL_adreno( 1966): eglMakeCurrent: 0x7fffeb44fc20: ver 3 1 (tinfo 0x7fffeb40d740)
09-01 15:41:55.271 D/WifiStateMachine( 1283): setScanResults mScanResults.size=1
09-01 15:41:55.280 I/PackageManager.DexOptimizer( 1283): Running dexopt (dex2oat) on: /system/priv-app/DownloadProvider/DownloadProvider.apk pkg=com.android.providers.downloads isa=x86_64 vmSafeMode=false debuggable=false target-filter=interpret-only oatDir = null sharedLibraries=null
09-01 15:41:55.358 I/dex2oat ( 2009): /system/bin/dex2oat --compiler-filter=interpret-only
09-01 15:41:55.358 E/cutils-trace( 2009): Error opening trace file: Permission denied (13)
09-01 15:41:55.766 I/dex2oat ( 2009): dex2oat took 410.372ms (threads: 2) arena alloc=3KB (4048B) java alloc=495KB (507888B) native alloc=1136KB (1164120B) free=1935KB (1981608B)
09-01 15:41:57.327 W/WindowManager( 1283): Attempted to remove non-existing token: android.os.Binder@a8eece0
09-01 15:41:57.330 D/EGL_adreno( 1966): eglMakeCurrent: 0x7fffeb44fc20: ver 3 1 (tinfo 0x7fffeb40d740)
09-01 15:41:57.385 E/EGL_adreno( 1966): tid 1982: eglSurfaceAttrib(1338): error 0x3009 (EGL_BAD_MATCH)
09-01 15:41:57.385 W/OpenGLRenderer( 1966): Failed to set EGL_SWAP_BEHAVIOR on surface 0x7fffeb5dedc0, error=EGL_BAD_MATCH
09-01 15:41:57.393 D/EGL_adreno( 1966): eglMakeCurrent: 0x7fffeb44fc20: ver 3 1 (tinfo 0x7fffeb40d740)
09-01 15:42:00.831 W/WindowManager( 1283): Attempted to remove non-existing token: android.os.Binder@474b99
09-01 15:42:00.834 D/EGL_adreno( 1966): eglMakeCurrent: 0x7fffeb44fc20: ver 3 1 (tinfo 0x7fffeb40d740)
09-01 15:42:00.894 E/EGL_adreno( 1966): tid 1982: eglSurfaceAttrib(1338): error 0x3009 (EGL_BAD_MATCH)
09-01 15:42:00.894 W/OpenGLRenderer( 1966): Failed to set EGL_SWAP_BEHAVIOR on surface 0x7fffeb5dedc0, error=EGL_BAD_MATCH
09-01 15:42:00.896 D/EGL_adreno( 1966): eglMakeCurrent: 0x7fffeb44fc20: ver 3 1 (tinfo 0x7fffeb40d740)
09-01 15:42:04.336 W/WindowManager( 1283): Attempted to remove non-existing token: android.os.Binder@8b9fe5e
09-01 15:42:04.338 D/EGL_adreno( 1966): eglMakeCurrent: 0x7fffeb44fc20: ver 3 1 (tinfo 0x7fffeb40d740)
09-01 15:42:04.386 E/EGL_adreno( 1966): tid 1982: eglSurfaceAttrib(1338): error 0x3009 (EGL_BAD_MATCH)
09-01 15:42:04.386 W/OpenGLRenderer( 1966): Failed to set EGL_SWAP_BEHAVIOR on surface 0x7fffeb5dedc0, error=EGL_BAD_MATCH
09-01 15:42:04.394 D/EGL_adreno( 1966): eglMakeCurrent: 0x7fffeb44fc20: ver 3 1 (tinfo 0x7fffeb40d740)
09-01 15:42:07.842 W/WindowManager( 1283): Attempted to remove non-existing token: android.os.Binder@d66223f
09-01 15:42:07.846 D/EGL_adreno( 1966): eglMakeCurrent: 0x7fffeb44fc20: ver 3 1 (tinfo 0x7fffeb40d740)
09-01 15:42:07.900 E/EGL_adreno( 1966): tid 1982: eglSurfaceAttrib(1338): error 0x3009 (EGL_BAD_MATCH)
09-01 15:42:07.900 W/OpenGLRenderer( 1966): Failed to set EGL_SWAP_BEHAVIOR on surface 0x7fffeb5dedc0, error=EGL_BAD_MATCH
09-01 15:42:07.902 D/EGL_adreno( 1966): eglMakeCurrent: 0x7fffeb44fc20: ver 3 1 (tinfo 0x7fffeb40d740)
09-01 15:42:11.345 W/WindowManager( 1283): Attempted to remove non-existing token: android.os.Binder@ea5f70c
