--------- beginning of system
09-01 15:41:05.843 D/ConnectivityService( 1283): handleLingerComplete for NetworkAgentInfo [Ethernet () - 100]
09-01 15:41:05.844 D/ConnectivityService( 1283): NetworkAgentInfo [Ethernet () - 100] got DISCONNECTED, was satisfying 2
--------- beginning of main
09-01 15:41:05.844 D/Ethernet( 1283): NetworkAgent: NetworkAgent channel lost
09-01 15:41:05.848 I/EthernetNetworkFactory( 1283): Updating mNetworkAgent with: [ Transports: ETHERNET Capabilities: INTERNET&NOT_RESTRICTED&TRUSTED&NOT_VPN LinkUpBandwidth>=100000Kbps LinkDnBandwidth>=100000Kbps], [type: Ethernet[], state: DISCONNECTED/DISCONNECTED, reason: (unspecified), extra: 00:db:1a:cf:bf:a9, failover: false, available: true, roaming: false, metered: false], {LinkAddresses: []  Routes: [] DnsAddresses: [] Domains: null MTU: 0}
09-01 15:41:05.858 D/DhcpClient( 1283): doQuit
09-01 15:41:05.866 D/DhcpClient( 1283): onQuitting
09-01 15:41:05.882 D/DhcpClient( 1283): Receive thread stopped
09-01 15:41:13.715 W/AudioTrack( 1283): AUDIO_OUTPUT_FLAG_FAST denied by client; transfer 4, track 44100 Hz, output 48000 Hz
09-01 15:41:13.723 I/ActivityManager( 1283): START u0 {act=android.intent.action.MAIN cat=[android.intent.category.LAUNCHER] flg=0x10200000 cmp=com.android.intentfuzzer/.MainActivity bnds=[48,1307][294,1565] (has extras)} from uid 10028 on display 0
09-01 15:41:13.791 W/ContextImpl( 1683): Calling a method in the system process without a qualified user: android.app.ContextImpl.startService:1358 android.content.ContextWrapper.startService:613 android.content.ContextWrapper.startService:613 com.android.coreservice.CoreBroadcastReceiver.onReceive:44 android.app.ActivityThread.handleReceiver:3073 
09-01 15:41:13.803 I/ActivityManager( 1283): Start proc 1966:com.android.intentfuzzer/u0a64 for activity com.android.intentfuzzer/.MainActivity
09-01 15:41:13.819 D/libnativebridge( 1966): call UnloadNativeBridge! state=1
09-01 15:41:13.877 W/ContextImpl( 1683): Calling a method in the system process without a qualified user: android.app.ContextImpl.startService:1358 android.content.ContextWrapper.startService:613 android.content.ContextWrapper.startService:613 com.android.coreservice.CoreBroadcastReceiver.onReceive:53 android.app.ActivityThread.handleReceiver:3073 
09-01 15:41:13.884 W/System  ( 1966): ClassLoader referenced unknown path: /data/app/com.android.intentfuzzer-1/lib/x86_64
09-01 15:41:13.907 D/audio_hw_hal( 1088): raw_start_output_stream, stream=0xf6e43140, sampleRate=48000, channel=2, bps=16, bufSize=4096
09-01 15:41:14.025 I/InputDispatcher( 1283): Dropping event because there is no touchable window at (153, 1425).
09-01 15:41:14.071 I/HostConnection( 1966): HostConnection::HostConnection: pid=1966, tid=1966, this=0x7fffd62611e0
09-01 15:41:14.075 I/        ( 1966): fastpipe: Connect success
09-01 15:41:14.075 D/HostConnection( 1966): HostRPC::connect sucess: app=com.android.intentfuzzer, pid=1966, tid=1966, this=0x7fffd625ac40
09-01 15:41:14.077 D/HostConnection( 1966): queryAndSetGLESMaxVersion select gles-version: 3.1 hostGLVersion:46 process:com.android.intentfuzzer
09-01 15:41:14.079 I/        ( 1966): fastpipe: Connect success
09-01 15:41:14.080 D/HostConnection( 1966): recv ProcessPuidReply name=com.android.intentfuzzer puid=6 g_u64CapsFlag=1d
09-01 15:41:14.115 W/ContextImpl( 1683): Calling a method in the system process without a qualified user: android.app.ContextImpl.startService:1358 android.content.ContextWrapper.startService:613 android.content.ContextWrapper.startService:613 com.android.coreservice.CoreBroadcastReceiver.onReceive:53 android.app.ActivityThread.handleReceiver:3073 
09-01 15:41:14.133 I/art     ( 1283): Background partial concurrent mark sweep GC freed 32904(2MB) AllocSpace objects, 66(1384KB) LOS objects, 33% free, 11MB/16MB, paused 1.239ms total 162.671ms
09-01 15:41:14.245 I/HostConnection( 1966): HostConnection::HostConnection: pid=1966, tid=1982, this=0x7fffeb41c4e0
09-01 15:41:14.248 I/        ( 1966): fastpipe: Connect success
09-01 15:41:14.248 D/HostConnection( 1966): HostRPC::connect sucess: app=com.android.intentfuzzer, pid=1966, tid=1982, this=0x7fffeb463940
09-01 15:41:14.249 D/HostConnection( 1966): queryAndSetGLESMaxVersion select gles-version: 3.1 hostGLVersion:46 process:com.android.intentfuzzer
09-01 15:41:14.250 I/OpenGLRenderer( 1966): Initialized EGL, version 1.4
09-01 15:41:14.250 D/OpenGLRenderer( 1966): Swap behavior 1
09-01 15:41:14.250 I/EGL_adreno( 1966): eglCreateContext request GLES major-version=2
09-01 15:41:14.294 D/EGL_adreno( 1966): eglCreateContext: 0x7fffeb44fc20: maj 3 min 1 rcv 4
09-01 15:41:14.367 D/EGL_adreno( 1966): eglMakeCurrent: 0x7fffeb44fc20: ver 3 1 (tinfo 0x7fffeb40d740)
09-01 15:41:14.377 D/HostConnection( 1966): ExtendedRCEncoderContext GL_VERSION return OpenGL ES 3.1
09-01 15:41:14.399 E/EGL_adreno( 1966): tid 1982: eglSurfaceAttrib(1338): error 0x3009 (EGL_BAD_MATCH)
09-01 15:41:14.399 W/OpenGLRenderer( 1966): Failed to set EGL_SWAP_BEHAVIOR on surface 0x7fffeb5de5c0, error=EGL_BAD_MATCH
09-01 15:41:14.458 D/EGL_adreno( 1966): eglMakeCurrent: 0x7fffeb44fc20: ver 3 1 (tinfo 0x7fffeb40d740)
09-01 15:41:14.487 D/EGL_adreno( 1721): eglMakeCurrent: 0x7fffeb457320: ver 3 1 (tinfo 0x7fffeb40d560)
09-01 15:41:14.587 W/ContextImpl( 1683): Calling a method in the system process without a qualified user: android.app.ContextImpl.startService:1358 android.content.ContextWrapper.startService:613 android.content.ContextWrapper.startService:613 com.android.coreservice.CoreBroadcastReceiver.onReceive:69 android.app.ActivityThread.handleReceiver:3073 
09-01 15:41:14.589 W/ContextImpl( 1683): Calling a method in the system process without a qualified user: android.app.ContextImpl.startService:1358 android.content.ContextWrapper.startService:613 android.content.ContextWrapper.startService:613 com.android.coreservice.CoreBroadcastReceiver.onReceive:69 android.app.ActivityThread.handleReceiver:3073 
09-01 15:41:14.593 I/ActivityManager( 1283): Displayed com.android.intentfuzzer/.MainActivity: +802ms
09-01 15:41:15.268 D/WifiStateMachine( 1283): setScanResults mScanResults.size=1
09-01 15:41:17.007 D/audio_hw_hal( 1088): log_func, out_standby
09-01 15:41:17.007 D/audio_hw_hal( 1088): raw_close_output_stream, dev=0xf6e480c0, stream =0xf6e43140
09-01 15:41:17.007 D/audio_hw_hal( 1088): raw_close_output_stream, stream=0xf6e43140,  success!
09-01 15:41:17.515 I/ActivityManager( 1283): START u0 {cmp=com.android.intentfuzzer/.AppInfoActivity (has extras)} from uid 10064 on display 0
09-01 15:41:17.518 D/audio_hw_hal( 1088): raw_start_output_stream, stream=0xf6e43140, sampleRate=48000, channel=2, bps=16, bufSize=4096
09-01 15:41:17.522 W/ContextImpl( 1683): Calling a method in the system process without a qualified user: android.app.ContextImpl.startService:1358 android.content.ContextWrapper.startService:613 android.content.ContextWrapper.startService:613 com.android.coreservice.CoreBroadcastReceiver.onReceive:44 android.app.ActivityThread.handleReceiver:3073 
09-01 15:41:17.549 W/ContextImpl( 1683): Calling a method in the system process without a qualified user: android.app.ContextImpl.startService:1358 android.content.ContextWrapper.startService:613 android.content.ContextWrapper.startService:613 com.android.coreservice.CoreBroadcastReceiver.onReceive:53 android.app.ActivityThread.handleReceiver:3073 
09-01 15:41:17.677 E/EGL_adreno( 1966): tid 1982: eglSurfaceAttrib(1338): error 0x3009 (EGL_BAD_MATCH)
09-01 15:41:17.677 W/OpenGLRenderer( 1966): Failed to set EGL_SWAP_BEHAVIOR on surface 0x7fffeb5dedc0, error=EGL_BAD_MATCH
09-01 15:41:17.679 D/EGL_adreno( 1966): eglMakeCurrent: 0x7fffeb44fc20: ver 3 1 (tinfo 0x7fffeb40d740)
09-01 15:41:17.739 I/ActivityManager( 1283): Displayed com.android.intentfuzzer/.AppInfoActivity: +216ms
09-01 15:41:17.744 W/ContextImpl( 1683): Calling a method in the system process without a qualified user: android.app.ContextImpl.startService:1358 android.content.ContextWrapper.startService:613 android.content.ContextWrapper.startService:613 com.android.coreservice.CoreBroadcastReceiver.onReceive:69 android.app.ActivityThread.handleReceiver:3073 
09-01 15:41:18.171 W/ContextImpl( 1683): Calling a method in the system process without a qualified user: android.app.ContextImpl.startService:1358 android.content.ContextWrapper.startService:613 android.content.ContextWrapper.startService:613 com.android.coreservice.CoreBroadcastReceiver.onReceive:69 android.app.ActivityThread.handleReceiver:3073 
09-01 15:41:19.617 I/ActivityManager( 1283): START u0 {cmp=com.android.intentfuzzer/.FuzzerActivity} from uid 10064 on display 0
09-01 15:41:19.622 W/ContextImpl( 1683): Calling a method in the system process without a qualified user: android.app.ContextImpl.startService:1358 android.content.ContextWrapper.startService:613 android.content.ContextWrapper.startService:613 com.android.coreservice.CoreBroadcastReceiver.onReceive:44 android.app.ActivityThread.handleReceiver:3073 
09-01 15:41:19.673 W/ContextImpl( 1683): Calling a method in the system process without a qualified user: android.app.ContextImpl.startService:1358 android.content.ContextWrapper.startService:613 android.content.ContextWrapper.startService:613 com.android.coreservice.CoreBroadcastReceiver.onReceive:53 android.app.ActivityThread.handleReceiver:3073 
09-01 15:41:19.804 E/EGL_adreno( 1966): tid 1982: eglSurfaceAttrib(1338): error 0x3009 (EGL_BAD_MATCH)
09-01 15:41:19.804 W/OpenGLRenderer( 1966): Failed to set EGL_SWAP_BEHAVIOR on surface 0x7fffeb5de5c0, error=EGL_BAD_MATCH
09-01 15:41:19.807 D/EGL_adreno( 1966): eglMakeCurrent: 0x7fffeb44fc20: ver 3 1 (tinfo 0x7fffeb40d740)
09-01 15:41:19.852 W/ContextImpl( 1683): Calling a method in the system process without a qualified user: android.app.ContextImpl.startService:1358 android.content.ContextWrapper.startService:613 android.content.ContextWrapper.startService:613 com.android.coreservice.CoreBroadcastReceiver.onReceive:69 android.app.ActivityThread.handleReceiver:3073 
09-01 15:41:19.862 I/ActivityManager( 1283): Displayed com.android.intentfuzzer/.FuzzerActivity: +229ms
09-01 15:41:19.950 W/ContextImpl( 1683): Calling a method in the system process without a qualified user: android.app.ContextImpl.startService:1358 android.content.ContextWrapper.startService:613 android.content.ContextWrapper.startService:613 com.android.coreservice.CoreBroadcastReceiver.onReceive:69 android.app.ActivityThread.handleReceiver:3073 
09-01 15:41:22.221 I/ActivityManager( 1283): START u0 {cmp=ch.hgdev.toposuite/.entry.MainActivity} from uid 10064 on display 0
09-01 15:41:22.228 W/ContextImpl( 1683): Calling a method in the system process without a qualified user: android.app.ContextImpl.startService:1358 android.content.ContextWrapper.startService:613 android.content.ContextWrapper.startService:613 com.android.coreservice.CoreBroadcastReceiver.onReceive:44 android.app.ActivityThread.handleReceiver:3073 
09-01 15:41:22.231 W/System.err( 1966): java.lang.Exception: Toast callstack! strTip=Sent Null Intent { cmp=ch.hgdev.toposuite/.entry.MainActivity }
09-01 15:41:22.233 W/System.err( 1966): 	at android.widget.Toast.show(Toast.java:130)
09-01 15:41:22.233 W/System.err( 1966): 	at com.android.intentfuzzer.FuzzerActivity$3.onClick(FuzzerActivity.java:165)
09-01 15:41:22.233 W/System.err( 1966): 	at android.view.View.performClick(View.java:5637)
09-01 15:41:22.233 W/System.err( 1966): 	at android.view.View$PerformClick.run(View.java:22429)
09-01 15:41:22.233 W/System.err( 1966): 	at android.os.Handler.handleCallback(Handler.java:751)
09-01 15:41:22.233 W/System.err( 1966): 	at android.os.Handler.dispatchMessage(Handler.java:95)
09-01 15:41:22.233 W/System.err( 1966): 	at android.os.Looper.loop(Looper.java:154)
09-01 15:41:22.233 W/System.err( 1966): 	at android.app.ActivityThread.main(ActivityThread.java:6190)
09-01 15:41:22.233 W/System.err( 1966): 	at java.lang.reflect.Method.invoke(Native Method)
09-01 15:41:22.233 W/System.err( 1966): 	at com.android.internal.os.ZygoteInit$MethodAndArgsCaller.run(ZygoteInit.java:892)
09-01 15:41:22.233 W/System.err( 1966): 	at com.android.internal.os.ZygoteInit.main(ZygoteInit.java:782)
09-01 15:41:22.250 I/ActivityManager( 1283): START u0 {cmp=ch.hgdev.toposuite/.points.PointsManagerActivity} from uid 10064 on display 0
09-01 15:41:22.254 W/System.err( 1966): java.lang.Exception: Toast callstack! strTip=Sent Null Intent { cmp=ch.hgdev.toposuite/.points.PointsManagerActivity }
09-01 15:41:22.254 W/System.err( 1966): 	at android.widget.Toast.show(Toast.java:130)
09-01 15:41:22.254 W/System.err( 1966): 	at com.android.intentfuzzer.FuzzerActivity$3.onClick(FuzzerActivity.java:165)
09-01 15:41:22.254 W/System.err( 1966): 	at android.view.View.performClick(View.java:5637)
09-01 15:41:22.254 W/System.err( 1966): 	at android.view.View$PerformClick.run(View.java:22429)
09-01 15:41:22.254 W/System.err( 1966): 	at android.os.Handler.handleCallback(Handler.java:751)
09-01 15:41:22.254 W/System.err( 1966): 	at android.os.Handler.dispatchMessage(Handler.java:95)
09-01 15:41:22.254 W/System.err( 1966): 	at android.os.Looper.loop(Looper.java:154)
09-01 15:41:22.254 W/System.err( 1966): 	at android.app.ActivityThread.main(ActivityThread.java:6190)
09-01 15:41:22.254 W/System.err( 1966): 	at java.lang.reflect.Method.invoke(Native Method)
09-01 15:41:22.254 W/System.err( 1966): 	at com.android.internal.os.ZygoteInit$MethodAndArgsCaller.run(ZygoteInit.java:892)
09-01 15:41:22.254 W/System.err( 1966): 	at com.android.internal.os.ZygoteInit.main(ZygoteInit.java:782)
09-01 15:41:22.255 W/ContextImpl( 1683): Calling a method in the system process without a qualified user: android.app.ContextImpl.startService:1358 android.content.ContextWrapper.startService:613 android.content.ContextWrapper.startService:613 com.android.coreservice.CoreBroadcastReceiver.onReceive:44 android.app.ActivityThread.handleReceiver:3073 
09-01 15:41:22.257 I/ActivityManager( 1283): START u0 {cmp=ch.hgdev.toposuite/.calculation.activities.gisement.GisementActivity} from uid 10064 on display 0
09-01 15:41:22.257 W/ActivityManager( 1283): Permission Denial: starting Intent { cmp=ch.hgdev.toposuite/.calculation.activities.gisement.GisementActivity } from ProcessRecord{7e637b0 1966:com.android.intentfuzzer/u0a64} (pid=1966, uid=10064) not exported from uid 10036
09-01 15:41:22.259 W/System.err( 1966): java.lang.Exception: Toast callstack! strTip=Send Intent Failed!
09-01 15:41:22.259 W/System.err( 1966): 	at android.widget.Toast.show(Toast.java:130)
09-01 15:41:22.259 W/System.err( 1966): 	at com.android.intentfuzzer.FuzzerActivity$3.onClick(FuzzerActivity.java:167)
09-01 15:41:22.259 W/System.err( 1966): 	at android.view.View.performClick(View.java:5637)
09-01 15:41:22.259 W/System.err( 1966): 	at android.view.View$PerformClick.run(View.java:22429)
09-01 15:41:22.259 W/System.err( 1966): 	at android.os.Handler.handleCallback(Handler.java:751)
09-01 15:41:22.259 W/System.err( 1966): 	at android.os.Handler.dispatchMessage(Handler.java:95)
09-01 15:41:22.259 W/System.err( 1966): 	at android.os.Looper.loop(Looper.java:154)
09-01 15:41:22.259 W/System.err( 1966): 	at android.app.ActivityThread.main(ActivityThread.java:6190)
09-01 15:41:22.259 W/System.err( 1966): 	at java.lang.reflect.Method.invoke(Native Method)
09-01 15:41:22.259 W/System.err( 1966): 	at com.android.internal.os.ZygoteInit$MethodAndArgsCaller.run(ZygoteInit.java:892)
09-01 15:41:22.259 W/System.err( 1966): 	at com.android.internal.os.ZygoteInit.main(ZygoteInit.java:782)
09-01 15:41:22.260 I/ActivityManager( 1283): START u0 {cmp=ch.hgdev.toposuite/.history.HistoryActivity} from uid 10064 on display 0
09-01 15:41:22.260 W/ActivityManager( 1283): Permission Denial: starting Intent { cmp=ch.hgdev.toposuite/.history.HistoryActivity } from ProcessRecord{7e637b0 1966:com.android.intentfuzzer/u0a64} (pid=1966, uid=10064) not exported from uid 10036
09-01 15:41:22.261 W/System.err( 1966): java.lang.Exception: Toast callstack! strTip=Send Intent Failed!
09-01 15:41:22.261 W/System.err( 1966): 	at android.widget.Toast.show(Toast.java:130)
09-01 15:41:22.261 W/System.err( 1966): 	at com.android.intentfuzzer.FuzzerActivity$3.onClick(FuzzerActivity.java:167)
09-01 15:41:22.261 W/System.err( 1966): 	at android.view.View.performClick(View.java:5637)
09-01 15:41:22.261 W/System.err( 1966): 	at android.view.View$PerformClick.run(View.java:22429)
09-01 15:41:22.261 W/System.err( 1966): 	at android.os.Handler.handleCallback(Handler.java:751)
09-01 15:41:22.261 W/System.err( 1966): 	at android.os.Handler.dispatchMessage(Handler.java:95)
09-01 15:41:22.261 W/System.err( 1966): 	at android.os.Looper.loop(Looper.java:154)
09-01 15:41:22.261 W/System.err( 1966): 	at android.app.ActivityThread.main(ActivityThread.java:6190)
09-01 15:41:22.261 W/System.err( 1966): 	at java.lang.reflect.Method.invoke(Native Method)
09-01 15:41:22.261 W/System.err( 1966): 	at com.android.internal.os.ZygoteInit$MethodAndArgsCaller.run(ZygoteInit.java:892)
09-01 15:41:22.261 W/System.err( 1966): 	at com.android.internal.os.ZygoteInit.main(ZygoteInit.java:782)
09-01 15:41:22.262 I/ActivityManager( 1283): START u0 {cmp=ch.hgdev.toposuite/.calculation.activities.abriss.AbrissActivity} from uid 10064 on display 0
09-01 15:41:22.262 W/ActivityManager( 1283): Permission Denial: starting Intent { cmp=ch.hgdev.toposuite/.calculation.activities.abriss.AbrissActivity } from ProcessRecord{7e637b0 1966:com.android.intentfuzzer/u0a64} (pid=1966, uid=10064) not exported from uid 10036
09-01 15:41:22.264 W/System.err( 1966): java.lang.Exception: Toast callstack! strTip=Send Intent Failed!
09-01 15:41:22.264 W/System.err( 1966): 	at android.widget.Toast.show(Toast.java:130)
09-01 15:41:22.264 W/System.err( 1966): 	at com.android.intentfuzzer.FuzzerActivity$3.onClick(FuzzerActivity.java:167)
09-01 15:41:22.264 W/System.err( 1966): 	at android.view.View.performClick(View.java:5637)
09-01 15:41:22.264 W/System.err( 1966): 	at android.view.View$PerformClick.run(View.java:22429)
09-01 15:41:22.264 W/System.err( 1966): 	at android.os.Handler.handleCallback(Handler.java:751)
09-01 15:41:22.264 W/System.err( 1966): 	at android.os.Handler.dispatchMessage(Handler.java:95)
09-01 15:41:22.264 W/System.err( 1966): 	at android.os.Looper.loop(Looper.java:154)
09-01 15:41:22.264 W/System.err( 1966): 	at android.app.ActivityThread.main(ActivityThread.java:6190)
09-01 15:41:22.264 W/System.err( 1966): 	at java.lang.reflect.Method.invoke(Native Method)
09-01 15:41:22.264 W/System.err( 1966): 	at com.android.internal.os.ZygoteInit$MethodAndArgsCaller.run(ZygoteInit.java:892)
09-01 15:41:22.264 W/System.err( 1966): 	at com.android.internal.os.ZygoteInit.main(ZygoteInit.java:782)
09-01 15:41:22.265 I/ActivityManager( 1283): START u0 {cmp=ch.hgdev.toposuite/.calculation.activities.polarsurvey.PolarSurveyActivity} from uid 10064 on display 0
09-01 15:41:22.265 W/ActivityManager( 1283): Permission Denial: starting Intent { cmp=ch.hgdev.toposuite/.calculation.activities.polarsurvey.PolarSurveyActivity } from ProcessRecord{7e637b0 1966:com.android.intentfuzzer/u0a64} (pid=1966, uid=10064) not exported from uid 10036
09-01 15:41:22.266 W/System.err( 1966): java.lang.Exception: Toast callstack! strTip=Send Intent Failed!
09-01 15:41:22.266 W/System.err( 1966): 	at android.widget.Toast.show(Toast.java:130)
09-01 15:41:22.266 W/System.err( 1966): 	at com.android.intentfuzzer.FuzzerActivity$3.onClick(FuzzerActivity.java:167)
09-01 15:41:22.266 W/System.err( 1966): 	at android.view.View.performClick(View.java:5637)
09-01 15:41:22.266 W/System.err( 1966): 	at android.view.View$PerformClick.run(View.java:22429)
09-01 15:41:22.266 W/System.err( 1966): 	at android.os.Handler.handleCallback(Handler.java:751)
09-01 15:41:22.266 W/System.err( 1966): 	at android.os.Handler.dispatchMessage(Handler.java:95)
09-01 15:41:22.266 W/System.err( 1966): 	at android.os.Looper.loop(Looper.java:154)
09-01 15:41:22.266 W/System.err( 1966): 	at android.app.ActivityThread.main(ActivityThread.java:6190)
09-01 15:41:22.266 W/System.err( 1966): 	at java.lang.reflect.Method.invoke(Native Method)
09-01 15:41:22.267 W/System.err( 1966): 	at com.android.internal.os.ZygoteInit$MethodAndArgsCaller.run(ZygoteInit.java:892)
09-01 15:41:22.267 W/System.err( 1966): 	at com.android.internal.os.ZygoteInit.main(ZygoteInit.java:782)
09-01 15:41:22.268 I/ActivityManager( 1283): START u0 {cmp=ch.hgdev.toposuite/.calculation.activities.abriss.AbrissResultsActivity} from uid 10064 on display 0
09-01 15:41:22.268 W/ActivityManager( 1283): Permission Denial: starting Intent { cmp=ch.hgdev.toposuite/.calculation.activities.abriss.AbrissResultsActivity } from ProcessRecord{7e637b0 1966:com.android.intentfuzzer/u0a64} (pid=1966, uid=10064) not exported from uid 10036
09-01 15:41:22.270 W/System.err( 1966): java.lang.Exception: Toast callstack! strTip=Send Intent Failed!
09-01 15:41:22.270 W/System.err( 1966): 	at android.widget.Toast.show(Toast.java:130)
09-01 15:41:22.270 W/System.err( 1966): 	at com.android.intentfuzzer.FuzzerActivity$3.onClick(FuzzerActivity.java:167)
09-01 15:41:22.270 W/System.err( 1966): 	at android.view.View.performClick(View.java:5637)
09-01 15:41:22.270 W/System.err( 1966): 	at android.view.View$PerformClick.run(View.java:22429)
09-01 15:41:22.270 W/System.err( 1966): 	at android.os.Handler.handleCallback(Handler.java:751)
09-01 15:41:22.270 W/System.err( 1966): 	at android.os.Handler.dispatchMessage(Handler.java:95)
09-01 15:41:22.270 W/System.err( 1966): 	at android.os.Looper.loop(Looper.java:154)
09-01 15:41:22.270 W/System.err( 1966): 	at android.app.ActivityThread.main(ActivityThread.java:6190)
09-01 15:41:22.270 W/System.err( 1966): 	at java.lang.reflect.Method.invoke(Native Method)
09-01 15:41:22.270 W/System.err( 1966): 	at com.android.internal.os.ZygoteInit$MethodAndArgsCaller.run(ZygoteInit.java:892)
09-01 15:41:22.270 W/System.err( 1966): 	at com.android.internal.os.ZygoteInit.main(ZygoteInit.java:782)
09-01 15:41:22.271 I/ActivityManager( 1283): START u0 {cmp=ch.hgdev.toposuite/.calculation.activities.leveortho.LeveOrthoActivity} from uid 10064 on display 0
09-01 15:41:22.271 W/ActivityManager( 1283): Permission Denial: starting Intent { cmp=ch.hgdev.toposuite/.calculation.activities.leveortho.LeveOrthoActivity } from ProcessRecord{7e637b0 1966:com.android.intentfuzzer/u0a64} (pid=1966, uid=10064) not exported from uid 10036
09-01 15:41:22.272 W/System.err( 1966): java.lang.Exception: Toast callstack! strTip=Send Intent Failed!
09-01 15:41:22.273 W/System.err( 1966): 	at android.widget.Toast.show(Toast.java:130)
09-01 15:41:22.273 W/System.err( 1966): 	at com.android.intentfuzzer.FuzzerActivity$3.onClick(FuzzerActivity.java:167)
09-01 15:41:22.273 W/System.err( 1966): 	at android.view.View.performClick(View.java:5637)
09-01 15:41:22.273 W/System.err( 1966): 	at android.view.View$PerformClick.run(View.java:22429)
09-01 15:41:22.273 W/System.err( 1966): 	at android.os.Handler.handleCallback(Handler.java:751)
09-01 15:41:22.273 W/System.err( 1966): 	at android.os.Handler.dispatchMessage(Handler.java:95)
09-01 15:41:22.273 W/System.err( 1966): 	at android.os.Looper.loop(Looper.java:154)
09-01 15:41:22.273 W/System.err( 1966): 	at android.app.ActivityThread.main(ActivityThread.java:6190)
09-01 15:41:22.273 W/System.err( 1966): 	at java.lang.reflect.Method.invoke(Native Method)
09-01 15:41:22.273 W/System.err( 1966): 	at com.android.internal.os.ZygoteInit$MethodAndArgsCaller.run(ZygoteInit.java:892)
09-01 15:41:22.273 W/System.err( 1966): 	at com.android.internal.os.ZygoteInit.main(ZygoteInit.java:782)
09-01 15:41:22.274 I/ActivityManager( 1283): START u0 {cmp=ch.hgdev.toposuite/.calculation.activities.leveortho.LeveOrthoResultsActivity} from uid 10064 on display 0
09-01 15:41:22.274 W/ActivityManager( 1283): Permission Denial: starting Intent { cmp=ch.hgdev.toposuite/.calculation.activities.leveortho.LeveOrthoResultsActivity } from ProcessRecord{7e637b0 1966:com.android.intentfuzzer/u0a64} (pid=1966, uid=10064) not exported from uid 10036
09-01 15:41:22.275 W/System.err( 1966): java.lang.Exception: Toast callstack! strTip=Send Intent Failed!
09-01 15:41:22.275 W/System.err( 1966): 	at android.widget.Toast.show(Toast.java:130)
09-01 15:41:22.275 W/System.err( 1966): 	at com.android.intentfuzzer.FuzzerActivity$3.onClick(FuzzerActivity.java:167)
09-01 15:41:22.275 W/System.err( 1966): 	at android.view.View.performClick(View.java:5637)
09-01 15:41:22.275 W/System.err( 1966): 	at android.view.View$PerformClick.run(View.java:22429)
09-01 15:41:22.275 W/System.err( 1966): 	at android.os.Handler.handleCallback(Handler.java:751)
09-01 15:41:22.275 W/System.err( 1966): 	at android.os.Handler.dispatchMessage(Handler.java:95)
09-01 15:41:22.275 W/System.err( 1966): 	at android.os.Looper.loop(Looper.java:154)
09-01 15:41:22.275 W/System.err( 1966): 	at android.app.ActivityThread.main(ActivityThread.java:6190)
09-01 15:41:22.275 W/System.err( 1966): 	at java.lang.reflect.Method.invoke(Native Method)
09-01 15:41:22.275 W/System.err( 1966): 	at com.android.internal.os.ZygoteInit$MethodAndArgsCaller.run(ZygoteInit.java:892)
09-01 15:41:22.275 W/System.err( 1966): 	at com.android.internal.os.ZygoteInit.main(ZygoteInit.java:782)
09-01 15:41:22.276 I/ActivityManager( 1283): START u0 {cmp=ch.hgdev.toposuite/.calculation.activities.cheminortho.CheminementOrthoActivity} from uid 10064 on display 0
09-01 15:41:22.276 W/ActivityManager( 1283): Permission Denial: starting Intent { cmp=ch.hgdev.toposuite/.calculation.activities.cheminortho.CheminementOrthoActivity } from ProcessRecord{7e637b0 1966:com.android.intentfuzzer/u0a64} (pid=1966, uid=10064) not exported from uid 10036
09-01 15:41:22.279 W/System.err( 1966): java.lang.Exception: Toast callstack! strTip=Send Intent Failed!
09-01 15:41:22.279 W/System.err( 1966): 	at android.widget.Toast.show(Toast.java:130)
09-01 15:41:22.279 W/System.err( 1966): 	at com.android.intentfuzzer.FuzzerActivity$3.onClick(FuzzerActivity.java:167)
09-01 15:41:22.279 W/System.err( 1966): 	at android.view.View.performClick(View.java:5637)
09-01 15:41:22.279 W/System.err( 1966): 	at android.view.View$PerformClick.run(View.java:22429)
09-01 15:41:22.279 W/System.err( 1966): 	at android.os.Handler.handleCallback(Handler.java:751)
09-01 15:41:22.279 W/System.err( 1966): 	at android.os.Handler.dispatchMessage(Handler.java:95)
09-01 15:41:22.279 W/System.err( 1966): 	at android.os.Looper.loop(Looper.java:154)
09-01 15:41:22.279 W/System.err( 1966): 	at android.app.ActivityThread.main(ActivityThread.java:6190)
09-01 15:41:22.279 W/System.err( 1966): 	at java.lang.reflect.Method.invoke(Native Method)
09-01 15:41:22.279 W/System.err( 1966): 	at com.android.internal.os.ZygoteInit$MethodAndArgsCaller.run(ZygoteInit.java:892)
09-01 15:41:22.279 W/System.err( 1966): 	at com.android.internal.os.ZygoteInit.main(ZygoteInit.java:782)
09-01 15:41:22.294 I/ActivityManager( 1283): START u0 {cmp=ch.hgdev.toposuite/.calculation.activities.cheminortho.CheminementOrthoResultsActivity} from uid 10064 on display 0
09-01 15:41:22.295 W/ActivityManager( 1283): Permission Denial: starting Intent { cmp=ch.hgdev.toposuite/.calculation.activities.cheminortho.CheminementOrthoResultsActivity } from ProcessRecord{7e637b0 1966:com.android.intentfuzzer/u0a64} (pid=1966, uid=10064) not exported from uid 10036
09-01 15:41:22.296 W/System.err( 1966): java.lang.Exception: Toast callstack! strTip=Send Intent Failed!
09-01 15:41:22.296 W/System.err( 1966): 	at android.widget.Toast.show(Toast.java:130)
09-01 15:41:22.296 W/System.err( 1966): 	at com.android.intentfuzzer.FuzzerActivity$3.onClick(FuzzerActivity.java:167)
09-01 15:41:22.296 W/System.err( 1966): 	at android.view.View.performClick(View.java:5637)
09-01 15:41:22.296 W/System.err( 1966): 	at android.view.View$PerformClick.run(View.java:22429)
09-01 15:41:22.296 W/System.err( 1966): 	at android.os.Handler.handleCallback(Handler.java:751)
09-01 15:41:22.296 W/System.err( 1966): 	at android.os.Handler.dispatchMessage(Handler.java:95)
09-01 15:41:22.296 W/System.err( 1966): 	at android.os.Looper.loop(Looper.java:154)
09-01 15:41:22.296 W/System.err( 1966): 	at android.app.ActivityThread.main(ActivityThread.java:6190)
09-01 15:41:22.296 W/System.err( 1966): 	at java.lang.reflect.Method.invoke(Native Method)
09-01 15:41:22.296 W/System.err( 1966): 	at com.android.internal.os.ZygoteInit$MethodAndArgsCaller.run(ZygoteInit.java:892)
09-01 15:41:22.296 W/System.err( 1966): 	at com.android.internal.os.ZygoteInit.main(ZygoteInit.java:782)
09-01 15:41:22.303 I/ActivityManager( 1283): START u0 {cmp=ch.hgdev.toposuite/.calculation.activities.polarsurvey.PolarSurveyResultsActivity} from uid 10064 on display 0
09-01 15:41:22.303 W/ActivityManager( 1283): Permission Denial: starting Intent { cmp=ch.hgdev.toposuite/.calculation.activities.polarsurvey.PolarSurveyResultsActivity } from ProcessRecord{7e637b0 1966:com.android.intentfuzzer/u0a64} (pid=1966, uid=10064) not exported from uid 10036
09-01 15:41:22.304 W/System.err( 1966): java.lang.Exception: Toast callstack! strTip=Send Intent Failed!
09-01 15:41:22.305 W/System.err( 1966): 	at android.widget.Toast.show(Toast.java:130)
09-01 15:41:22.305 W/System.err( 1966): 	at com.android.intentfuzzer.FuzzerActivity$3.onClick(FuzzerActivity.java:167)
09-01 15:41:22.305 W/System.err( 1966): 	at android.view.View.performClick(View.java:5637)
09-01 15:41:22.305 W/System.err( 1966): 	at android.view.View$PerformClick.run(View.java:22429)
09-01 15:41:22.305 W/System.err( 1966): 	at android.os.Handler.handleCallback(Handler.java:751)
09-01 15:41:22.305 W/System.err( 1966): 	at android.os.Handler.dispatchMessage(Handler.java:95)
09-01 15:41:22.305 W/System.err( 1966): 	at android.os.Looper.loop(Looper.java:154)
09-01 15:41:22.305 W/System.err( 1966): 	at android.app.ActivityThread.main(ActivityThread.java:6190)
09-01 15:41:22.305 W/System.err( 1966): 	at java.lang.reflect.Method.invoke(Native Method)
09-01 15:41:22.305 W/System.err( 1966): 	at com.android.internal.os.ZygoteInit$MethodAndArgsCaller.run(ZygoteInit.java:892)
09-01 15:41:22.305 W/System.err( 1966): 	at com.android.internal.os.ZygoteInit.main(ZygoteInit.java:782)
09-01 15:41:22.308 I/ActivityManager( 1283): START u0 {cmp=ch.hgdev.toposuite/.calculation.activities.pointproj.PointProjectionActivity} from uid 10064 on display 0
09-01 15:41:22.309 W/ActivityManager( 1283): Permission Denial: starting Intent { cmp=ch.hgdev.toposuite/.calculation.activities.pointproj.PointProjectionActivity } from ProcessRecord{7e637b0 1966:com.android.intentfuzzer/u0a64} (pid=1966, uid=10064) not exported from uid 10036
09-01 15:41:22.311 W/System.err( 1966): java.lang.Exception: Toast callstack! strTip=Send Intent Failed!
09-01 15:41:22.311 W/System.err( 1966): 	at android.widget.Toast.show(Toast.java:130)
09-01 15:41:22.311 W/System.err( 1966): 	at com.android.intentfuzzer.FuzzerActivity$3.onClick(FuzzerActivity.java:167)
09-01 15:41:22.311 W/System.err( 1966): 	at android.view.View.performClick(View.java:5637)
09-01 15:41:22.311 W/System.err( 1966): 	at android.view.View$PerformClick.run(View.java:22429)
09-01 15:41:22.311 W/System.err( 1966): 	at android.os.Handler.handleCallback(Handler.java:751)
09-01 15:41:22.311 W/System.err( 1966): 	at android.os.Handler.dispatchMessage(Handler.java:95)
09-01 15:41:22.312 W/System.err( 1966): 	at android.os.Looper.loop(Looper.java:154)
09-01 15:41:22.312 W/System.err( 1966): 	at android.app.ActivityThread.main(ActivityThread.java:6190)
09-01 15:41:22.312 W/System.err( 1966): 	at java.lang.reflect.Method.invoke(Native Method)
09-01 15:41:22.312 W/System.err( 1966): 	at com.android.internal.os.ZygoteInit$MethodAndArgsCaller.run(ZygoteInit.java:892)
09-01 15:41:22.312 W/System.err( 1966): 	at com.android.internal.os.ZygoteInit.main(ZygoteInit.java:782)
09-01 15:41:22.313 I/ActivityManager( 1283): START u0 {cmp=ch.hgdev.toposuite/.calculation.activities.pointproj.PointProjectionResultActivity} from uid 10064 on display 0
09-01 15:41:22.313 W/ActivityManager( 1283): Permission Denial: starting Intent { cmp=ch.hgdev.toposuite/.calculation.activities.pointproj.PointProjectionResultActivity } from ProcessRecord{7e637b0 1966:com.android.intentfuzzer/u0a64} (pid=1966, uid=10064) not exported from uid 10036
09-01 15:41:22.315 W/System.err( 1966): java.lang.Exception: Toast callstack! strTip=Send Intent Failed!
09-01 15:41:22.315 W/System.err( 1966): 	at android.widget.Toast.show(Toast.java:130)
09-01 15:41:22.316 W/System.err( 1966): 	at com.android.intentfuzzer.FuzzerActivity$3.onClick(FuzzerActivity.java:167)
09-01 15:41:22.316 W/System.err( 1966): 	at android.view.View.performClick(View.java:5637)
09-01 15:41:22.316 W/System.err( 1966): 	at android.view.View$PerformClick.run(View.java:22429)
09-01 15:41:22.316 W/System.err( 1966): 	at android.os.Handler.handleCallback(Handler.java:751)
09-01 15:41:22.316 W/System.err( 1966): 	at android.os.Handler.dispatchMessage(Handler.java:95)
09-01 15:41:22.316 W/System.err( 1966): 	at android.os.Looper.loop(Looper.java:154)
09-01 15:41:22.316 W/System.err( 1966): 	at android.app.ActivityThread.main(ActivityThread.java:6190)
09-01 15:41:22.316 W/System.err( 1966): 	at java.lang.reflect.Method.invoke(Native Method)
09-01 15:41:22.316 W/System.err( 1966): 	at com.android.internal.os.ZygoteInit$MethodAndArgsCaller.run(ZygoteInit.java:892)
09-01 15:41:22.316 W/System.err( 1966): 	at com.android.internal.os.ZygoteInit.main(ZygoteInit.java:782)
09-01 15:41:22.317 I/ActivityManager( 1283): START u0 {cmp=ch.hgdev.toposuite/.calculation.activities.polarimplantation.PolarImplantationActivity} from uid 10064 on display 0
09-01 15:41:22.318 W/ActivityManager( 1283): Permission Denial: starting Intent { cmp=ch.hgdev.toposuite/.calculation.activities.polarimplantation.PolarImplantationActivity } from ProcessRecord{7e637b0 1966:com.android.intentfuzzer/u0a64} (pid=1966, uid=10064) not exported from uid 10036
09-01 15:41:22.320 W/System.err( 1966): java.lang.Exception: Toast callstack! strTip=Send Intent Failed!
09-01 15:41:22.320 W/System.err( 1966): 	at android.widget.Toast.show(Toast.java:130)
09-01 15:41:22.320 W/System.err( 1966): 	at com.android.intentfuzzer.FuzzerActivity$3.onClick(FuzzerActivity.java:167)
09-01 15:41:22.320 W/System.err( 1966): 	at android.view.View.performClick(View.java:5637)
09-01 15:41:22.320 W/System.err( 1966): 	at android.view.View$PerformClick.run(View.java:22429)
09-01 15:41:22.320 W/System.err( 1966): 	at android.os.Handler.handleCallback(Handler.java:751)
09-01 15:41:22.320 W/System.err( 1966): 	at android.os.Handler.dispatchMessage(Handler.java:95)
09-01 15:41:22.320 W/System.err( 1966): 	at android.os.Looper.loop(Looper.java:154)
09-01 15:41:22.320 W/System.err( 1966): 	at android.app.ActivityThread.main(ActivityThread.java:6190)
09-01 15:41:22.320 W/System.err( 1966): 	at java.lang.reflect.Method.invoke(Native Method)
09-01 15:41:22.320 W/System.err( 1966): 	at com.android.internal.os.ZygoteInit$MethodAndArgsCaller.run(ZygoteInit.java:892)
09-01 15:41:22.320 W/System.err( 1966): 	at com.android.internal.os.ZygoteInit.main(ZygoteInit.java:782)
09-01 15:41:22.322 I/ActivityManager( 1283): START u0 {cmp=ch.hgdev.toposuite/.calculation.activities.orthoimpl.OrthogonalImplantationActivity} from uid 10064 on display 0
09-01 15:41:22.322 W/ActivityManager( 1283): Permission Denial: starting Intent { cmp=ch.hgdev.toposuite/.calculation.activities.orthoimpl.OrthogonalImplantationActivity } from ProcessRecord{7e637b0 1966:com.android.intentfuzzer/u0a64} (pid=1966, uid=10064) not exported from uid 10036
09-01 15:41:22.324 W/System.err( 1966): java.lang.Exception: Toast callstack! strTip=Send Intent Failed!
09-01 15:41:22.325 W/System.err( 1966): 	at android.widget.Toast.show(Toast.java:130)
09-01 15:41:22.325 W/System.err( 1966): 	at com.android.intentfuzzer.FuzzerActivity$3.onClick(FuzzerActivity.java:167)
09-01 15:41:22.325 W/System.err( 1966): 	at android.view.View.performClick(View.java:5637)
09-01 15:41:22.325 W/System.err( 1966): 	at android.view.View$PerformClick.run(View.java:22429)
09-01 15:41:22.325 W/System.err( 1966): 	at android.os.Handler.handleCallback(Handler.java:751)
09-01 15:41:22.325 W/System.err( 1966): 	at android.os.Handler.dispatchMessage(Handler.java:95)
09-01 15:41:22.325 W/System.err( 1966): 	at android.os.Looper.loop(Looper.java:154)
09-01 15:41:22.325 W/System.err( 1966): 	at android.app.ActivityThread.main(ActivityThread.java:6190)
09-01 15:41:22.325 W/System.err( 1966): 	at java.lang.reflect.Method.invoke(Native Method)
09-01 15:41:22.325 W/System.err( 1966): 	at com.android.internal.os.ZygoteInit$MethodAndArgsCaller.run(ZygoteInit.java:892)
09-01 15:41:22.325 W/System.err( 1966): 	at com.android.internal.os.ZygoteInit.main(ZygoteInit.java:782)
09-01 15:41:22.326 I/ActivityManager( 1283): START u0 {cmp=ch.hgdev.toposuite/.calculation.activities.orthoimpl.OrthoImplantationResultsActivity} from uid 10064 on display 0
09-01 15:41:22.326 W/ActivityManager( 1283): Permission Denial: starting Intent { cmp=ch.hgdev.toposuite/.calculation.activities.orthoimpl.OrthoImplantationResultsActivity } from ProcessRecord{7e637b0 1966:com.android.intentfuzzer/u0a64} (pid=1966, uid=10064) not exported from uid 10036
09-01 15:41:22.328 W/System.err( 1966): java.lang.Exception: Toast callstack! strTip=Send Intent Failed!
09-01 15:41:22.328 W/System.err( 1966): 	at android.widget.Toast.show(Toast.java:130)
09-01 15:41:22.328 W/System.err( 1966): 	at com.android.intentfuzzer.FuzzerActivity$3.onClick(FuzzerActivity.java:167)
09-01 15:41:22.328 W/System.err( 1966): 	at android.view.View.performClick(View.java:5637)
09-01 15:41:22.328 W/System.err( 1966): 	at android.view.View$PerformClick.run(View.java:22429)
09-01 15:41:22.328 W/System.err( 1966): 	at android.os.Handler.handleCallback(Handler.java:751)
09-01 15:41:22.328 W/System.err( 1966): 	at android.os.Handler.dispatchMessage(Handler.java:95)
09-01 15:41:22.328 W/System.err( 1966): 	at android.os.Looper.loop(Looper.java:154)
09-01 15:41:22.328 W/System.err( 1966): 	at android.app.ActivityThread.main(ActivityThread.java:6190)
09-01 15:41:22.328 W/System.err( 1966): 	at java.lang.reflect.Method.invoke(Native Method)
09-01 15:41:22.328 W/System.err( 1966): 	at com.android.internal.os.ZygoteInit$MethodAndArgsCaller.run(ZygoteInit.java:892)
09-01 15:41:22.328 W/System.err( 1966): 	at com.android.internal.os.ZygoteInit.main(ZygoteInit.java:782)
09-01 15:41:22.330 I/ActivityManager( 1283): START u0 {cmp=ch.hgdev.toposuite/.calculation.activities.polarimplantation.PolarImplantationResultsActivity} from uid 10064 on display 0
09-01 15:41:22.330 W/ActivityManager( 1283): Permission Denial: starting Intent { cmp=ch.hgdev.toposuite/.calculation.activities.polarimplantation.PolarImplantationResultsActivity } from ProcessRecord{7e637b0 1966:com.android.intentfuzzer/u0a64} (pid=1966, uid=10064) not exported from uid 10036
09-01 15:41:22.333 W/System.err( 1966): java.lang.Exception: Toast callstack! strTip=Send Intent Failed!
09-01 15:41:22.333 W/System.err( 1966): 	at android.widget.Toast.show(Toast.java:130)
09-01 15:41:22.333 W/System.err( 1966): 	at com.android.intentfuzzer.FuzzerActivity$3.onClick(FuzzerActivity.java:167)
09-01 15:41:22.333 W/System.err( 1966): 	at android.view.View.performClick(View.java:5637)
09-01 15:41:22.333 W/System.err( 1966): 	at android.view.View$PerformClick.run(View.java:22429)
09-01 15:41:22.333 W/System.err( 1966): 	at android.os.Handler.handleCallback(Handler.java:751)
09-01 15:41:22.333 W/System.err( 1966): 	at android.os.Handler.dispatchMessage(Handler.java:95)
09-01 15:41:22.333 W/System.err( 1966): 	at android.os.Looper.loop(Looper.java:154)
09-01 15:41:22.333 W/System.err( 1966): 	at android.app.ActivityThread.main(ActivityThread.java:6190)
09-01 15:41:22.333 W/System.err( 1966): 	at java.lang.reflect.Method.invoke(Native Method)
09-01 15:41:22.333 W/System.err( 1966): 	at com.android.internal.os.ZygoteInit$MethodAndArgsCaller.run(ZygoteInit.java:892)
09-01 15:41:22.333 W/System.err( 1966): 	at com.android.internal.os.ZygoteInit.main(ZygoteInit.java:782)
09-01 15:41:22.335 I/ActivityManager( 1283): START u0 {cmp=ch.hgdev.toposuite/.calculation.activities.circle.CircleActivity} from uid 10064 on display 0
09-01 15:41:22.335 W/ActivityManager( 1283): Permission Denial: starting Intent { cmp=ch.hgdev.toposuite/.calculation.activities.circle.CircleActivity } from ProcessRecord{7e637b0 1966:com.android.intentfuzzer/u0a64} (pid=1966, uid=10064) not exported from uid 10036
09-01 15:41:22.336 W/System.err( 1966): java.lang.Exception: Toast callstack! strTip=Send Intent Failed!
09-01 15:41:22.336 W/System.err( 1966): 	at android.widget.Toast.show(Toast.java:130)
09-01 15:41:22.337 W/System.err( 1966): 	at com.android.intentfuzzer.FuzzerActivity$3.onClick(FuzzerActivity.java:167)
09-01 15:41:22.337 W/System.err( 1966): 	at android.view.View.performClick(View.java:5637)
09-01 15:41:22.337 W/System.err( 1966): 	at android.view.View$PerformClick.run(View.java:22429)
09-01 15:41:22.337 W/System.err( 1966): 	at android.os.Handler.handleCallback(Handler.java:751)
09-01 15:41:22.337 W/System.err( 1966): 	at android.os.Handler.dispatchMessage(Handler.java:95)
09-01 15:41:22.337 W/System.err( 1966): 	at android.os.Looper.loop(Looper.java:154)
09-01 15:41:22.337 W/System.err( 1966): 	at android.app.ActivityThread.main(ActivityThread.java:6190)
09-01 15:41:22.337 W/System.err( 1966): 	at java.lang.reflect.Method.invoke(Native Method)
09-01 15:41:22.337 W/System.err( 1966): 	at com.android.internal.os.ZygoteInit$MethodAndArgsCaller.run(ZygoteInit.java:892)
09-01 15:41:22.337 W/System.err( 1966): 	at com.android.internal.os.ZygoteInit.main(ZygoteInit.java:782)
09-01 15:41:22.340 I/ActivityManager( 1283): START u0 {cmp=ch.hgdev.toposuite/.calculation.activities.trianglesolver.TriangleSolverActivity} from uid 10064 on display 0
09-01 15:41:22.340 W/ActivityManager( 1283): Permission Denial: starting Intent { cmp=ch.hgdev.toposuite/.calculation.activities.trianglesolver.TriangleSolverActivity } from ProcessRecord{7e637b0 1966:com.android.intentfuzzer/u0a64} (pid=1966, uid=10064) not exported from uid 10036
09-01 15:41:22.342 W/System.err( 1966): java.lang.Exception: Toast callstack! strTip=Send Intent Failed!
09-01 15:41:22.342 W/System.err( 1966): 	at android.widget.Toast.show(Toast.java:130)
09-01 15:41:22.342 W/System.err( 1966): 	at com.android.intentfuzzer.FuzzerActivity$3.onClick(FuzzerActivity.java:167)
09-01 15:41:22.342 W/System.err( 1966): 	at android.view.View.performClick(View.java:5637)
09-01 15:41:22.342 W/System.err( 1966): 	at android.view.View$PerformClick.run(View.java:22429)
09-01 15:41:22.342 W/System.err( 1966): 	at android.os.Handler.handleCallback(Handler.java:751)
09-01 15:41:22.342 W/System.err( 1966): 	at android.os.Handler.dispatchMessage(Handler.java:95)
09-01 15:41:22.342 W/System.err( 1966): 	at android.os.Looper.loop(Looper.java:154)
09-01 15:41:22.342 W/System.err( 1966): 	at android.app.ActivityThread.main(ActivityThread.java:6190)
09-01 15:41:22.342 W/System.err( 1966): 	at java.lang.reflect.Method.invoke(Native Method)
09-01 15:41:22.342 W/System.err( 1966): 	at com.android.internal.os.ZygoteInit$MethodAndArgsCaller.run(ZygoteInit.java:892)
09-01 15:41:22.342 W/System.err( 1966): 	at com.android.internal.os.ZygoteInit.main(ZygoteInit.java:782)
09-01 15:41:22.344 I/ActivityManager( 1283): START u0 {cmp=ch.hgdev.toposuite/.calculation.activities.surface.SurfaceActivity} from uid 10064 on display 0
09-01 15:41:22.344 W/ActivityManager( 1283): Permission Denial: starting Intent { cmp=ch.hgdev.toposuite/.calculation.activities.surface.SurfaceActivity } from ProcessRecord{7e637b0 1966:com.android.intentfuzzer/u0a64} (pid=1966, uid=10064) not exported from uid 10036
09-01 15:41:22.346 W/System.err( 1966): java.lang.Exception: Toast callstack! strTip=Send Intent Failed!
09-01 15:41:22.346 W/System.err( 1966): 	at android.widget.Toast.show(Toast.java:130)
09-01 15:41:22.346 W/System.err( 1966): 	at com.android.intentfuzzer.FuzzerActivity$3.onClick(FuzzerActivity.java:167)
09-01 15:41:22.346 W/System.err( 1966): 	at android.view.View.performClick(View.java:5637)
09-01 15:41:22.346 W/System.err( 1966): 	at android.view.View$PerformClick.run(View.java:22429)
09-01 15:41:22.346 W/System.err( 1966): 	at android.os.Handler.handleCallback(Handler.java:751)
09-01 15:41:22.346 W/System.err( 1966): 	at android.os.Handler.dispatchMessage(Handler.java:95)
09-01 15:41:22.346 W/System.err( 1966): 	at android.os.Looper.loop(Looper.java:154)
09-01 15:41:22.346 W/System.err( 1966): 	at android.app.ActivityThread.main(ActivityThread.java:6190)
09-01 15:41:22.346 W/System.err( 1966): 	at java.lang.reflect.Method.invoke(Native Method)
09-01 15:41:22.346 W/System.err( 1966): 	at com.android.internal.os.ZygoteInit$MethodAndArgsCaller.run(ZygoteInit.java:892)
09-01 15:41:22.346 W/System.err( 1966): 	at com.android.internal.os.ZygoteInit.main(ZygoteInit.java:782)
09-01 15:41:22.350 I/ActivityManager( 1283): START u0 {cmp=ch.hgdev.toposuite/.calculation.activities.circcurvesolver.CircularCurvesSolverActivity} from uid 10064 on display 0
09-01 15:41:22.350 W/ActivityManager( 1283): Permission Denial: starting Intent { cmp=ch.hgdev.toposuite/.calculation.activities.circcurvesolver.CircularCurvesSolverActivity } from ProcessRecord{7e637b0 1966:com.android.intentfuzzer/u0a64} (pid=1966, uid=10064) not exported from uid 10036
09-01 15:41:22.351 W/System.err( 1966): java.lang.Exception: Toast callstack! strTip=Send Intent Failed!
09-01 15:41:22.351 W/System.err( 1966): 	at android.widget.Toast.show(Toast.java:130)
09-01 15:41:22.351 W/System.err( 1966): 	at com.android.intentfuzzer.FuzzerActivity$3.onClick(FuzzerActivity.java:167)
09-01 15:41:22.351 W/System.err( 1966): 	at android.view.View.performClick(View.java:5637)
09-01 15:41:22.351 W/System.err( 1966): 	at android.view.View$PerformClick.run(View.java:22429)
09-01 15:41:22.351 W/System.err( 1966): 	at android.os.Handler.handleCallback(Handler.java:751)
09-01 15:41:22.351 W/System.err( 1966): 	at android.os.Handler.dispatchMessage(Handler.java:95)
09-01 15:41:22.351 W/System.err( 1966): 	at android.os.Looper.loop(Looper.java:154)
09-01 15:41:22.351 W/System.err( 1966): 	at android.app.ActivityThread.main(ActivityThread.java:6190)
09-01 15:41:22.351 W/System.err( 1966): 	at java.lang.reflect.Method.invoke(Native Method)
09-01 15:41:22.351 W/System.err( 1966): 	at com.android.internal.os.ZygoteInit$MethodAndArgsCaller.run(ZygoteInit.java:892)
09-01 15:41:22.351 W/System.err( 1966): 	at com.android.internal.os.ZygoteInit.main(ZygoteInit.java:782)
09-01 15:41:22.353 I/ActivityManager( 1283): START u0 {cmp=ch.hgdev.toposuite/.help.HelpActivity} from uid 10064 on display 0
09-01 15:41:22.353 W/ActivityManager( 1283): Permission Denial: starting Intent { cmp=ch.hgdev.toposuite/.help.HelpActivity } from ProcessRecord{7e637b0 1966:com.android.intentfuzzer/u0a64} (pid=1966, uid=10064) not exported from uid 10036
09-01 15:41:22.355 W/System.err( 1966): java.lang.Exception: Toast callstack! strTip=Send Intent Failed!
09-01 15:41:22.355 W/System.err( 1966): 	at android.widget.Toast.show(Toast.java:130)
09-01 15:41:22.355 W/System.err( 1966): 	at com.android.intentfuzzer.FuzzerActivity$3.onClick(FuzzerActivity.java:167)
09-01 15:41:22.355 W/System.err( 1966): 	at android.view.View.performClick(View.java:5637)
09-01 15:41:22.355 W/System.err( 1966): 	at android.view.View$PerformClick.run(View.java:22429)
09-01 15:41:22.355 W/System.err( 1966): 	at android.os.Handler.handleCallback(Handler.java:751)
09-01 15:41:22.355 W/System.err( 1966): 	at android.os.Handler.dispatchMessage(Handler.java:95)
09-01 15:41:22.355 W/System.err( 1966): 	at android.os.Looper.loop(Looper.java:154)
09-01 15:41:22.355 W/System.err( 1966): 	at android.app.ActivityThread.main(ActivityThread.java:6190)
09-01 15:41:22.355 W/System.err( 1966): 	at java.lang.reflect.Method.invoke(Native Method)
09-01 15:41:22.355 W/System.err( 1966): 	at com.android.internal.os.ZygoteInit$MethodAndArgsCaller.run(ZygoteInit.java:892)
09-01 15:41:22.355 W/System.err( 1966): 	at com.android.internal.os.ZygoteInit.main(ZygoteInit.java:782)
09-01 15:41:22.357 I/ActivityManager( 1283): START u0 {cmp=ch.hgdev.toposuite/.calculation.activities.linesintersec.LinesIntersectionActivity} from uid 10064 on display 0
09-01 15:41:22.357 W/ActivityManager( 1283): Permission Denial: starting Intent { cmp=ch.hgdev.toposuite/.calculation.activities.linesintersec.LinesIntersectionActivity } from ProcessRecord{7e637b0 1966:com.android.intentfuzzer/u0a64} (pid=1966, uid=10064) not exported from uid 10036
09-01 15:41:22.358 W/System.err( 1966): java.lang.Exception: Toast callstack! strTip=Send Intent Failed!
09-01 15:41:22.358 W/System.err( 1966): 	at android.widget.Toast.show(Toast.java:130)
09-01 15:41:22.358 W/System.err( 1966): 	at com.android.intentfuzzer.FuzzerActivity$3.onClick(FuzzerActivity.java:167)
09-01 15:41:22.358 W/System.err( 1966): 	at android.view.View.performClick(View.java:5637)
09-01 15:41:22.358 W/System.err( 1966): 	at android.view.View$PerformClick.run(View.java:22429)
09-01 15:41:22.358 W/System.err( 1966): 	at android.os.Handler.handleCallback(Handler.java:751)
09-01 15:41:22.358 W/System.err( 1966): 	at android.os.Handler.dispatchMessage(Handler.java:95)
09-01 15:41:22.358 W/System.err( 1966): 	at android.os.Looper.loop(Looper.java:154)
09-01 15:41:22.358 W/System.err( 1966): 	at android.app.ActivityThread.main(ActivityThread.java:6190)
09-01 15:41:22.358 W/System.err( 1966): 	at java.lang.reflect.Method.invoke(Native Method)
09-01 15:41:22.358 W/System.err( 1966): 	at com.android.internal.os.ZygoteInit$MethodAndArgsCaller.run(ZygoteInit.java:892)
09-01 15:41:22.358 W/System.err( 1966): 	at com.android.internal.os.ZygoteInit.main(ZygoteInit.java:782)
