--------- beginning of system
08-31 14:21:27.124 I/ActivityManager( 1283): START u0 {cmp=com.android.intentfuzzer/.FuzzerActivity} from uid 10064 on display 0
--------- beginning of main
08-31 14:21:27.132 D/audio_hw_hal( 1089): raw_start_output_stream, stream=0xf6e43140, sampleRate=48000, channel=2, bps=16, bufSize=4096
08-31 14:21:27.133 W/ContextImpl( 1721): Calling a method in the system process without a qualified user: android.app.ContextImpl.startService:1358 android.content.ContextWrapper.startService:613 android.content.ContextWrapper.startService:613 com.android.coreservice.CoreBroadcastReceiver.onReceive:44 android.app.ActivityThread.handleReceiver:3073 
08-31 14:21:27.167 W/ContextImpl( 1721): Calling a method in the system process without a qualified user: android.app.ContextImpl.startService:1358 android.content.ContextWrapper.startService:613 android.content.ContextWrapper.startService:613 com.android.coreservice.CoreBroadcastReceiver.onReceive:53 android.app.ActivityThread.handleReceiver:3073 
08-31 14:21:27.411 W/art     ( 1283): Long monitor contention with owner Binder:1283_1 (1294) at int com.android.server.wm.WindowManagerService.relayoutWindow(com.android.server.wm.Session, android.view.IWindow, int, android.view.WindowManager$LayoutParams, int, int, int, int, android.graphics.Rect, android.graphics.Rect, android.graphics.Rect, android.graphics.Rect, android.graphics.Rect, android.graphics.Rect, android.graphics.Rect, android.content.res.Configuration, android.view.Surface)(WindowManagerService.java:2874) waiters=0 in void com.android.server.wm.WindowAnimator$1.doFrame(long) for 222ms
08-31 14:21:27.476 E/EGL_adreno( 2305): tid 2321: eglSurfaceAttrib(1338): error 0x3009 (EGL_BAD_MATCH)
08-31 14:21:27.476 W/OpenGLRenderer( 2305): Failed to set EGL_SWAP_BEHAVIOR on surface 0x7fffd4ffd2c0, error=EGL_BAD_MATCH
08-31 14:21:27.477 D/EGL_adreno( 2305): eglMakeCurrent: 0x7fffeb4420a0: ver 3 1 (tinfo 0x7fffeb40d340)
08-31 14:21:27.503 W/ContextImpl( 1721): Calling a method in the system process without a qualified user: android.app.ContextImpl.startService:1358 android.content.ContextWrapper.startService:613 android.content.ContextWrapper.startService:613 com.android.coreservice.CoreBroadcastReceiver.onReceive:69 android.app.ActivityThread.handleReceiver:3073 
08-31 14:21:27.516 I/ActivityManager( 1283): Displayed com.android.intentfuzzer/.FuzzerActivity: +372ms
08-31 14:21:27.552 W/ContextImpl( 1721): Calling a method in the system process without a qualified user: android.app.ContextImpl.startService:1358 android.content.ContextWrapper.startService:613 android.content.ContextWrapper.startService:613 com.android.coreservice.CoreBroadcastReceiver.onReceive:69 android.app.ActivityThread.handleReceiver:3073 
08-31 14:21:28.797 I/ActivityManager( 1283): START u0 {cmp=com.ichi2.anki/.IntentHandler} from uid 10064 on display 0
08-31 14:21:28.812 W/ContextImpl( 1721): Calling a method in the system process without a qualified user: android.app.ContextImpl.startService:1358 android.content.ContextWrapper.startService:613 android.content.ContextWrapper.startService:613 com.android.coreservice.CoreBroadcastReceiver.onReceive:44 android.app.ActivityThread.handleReceiver:3073 
08-31 14:21:28.812 W/System.err( 2305): java.lang.Exception: Toast callstack! strTip=Sent Null Intent { cmp=com.ichi2.anki/.IntentHandler }
08-31 14:21:28.812 W/System.err( 2305): 	at android.widget.Toast.show(Toast.java:130)
08-31 14:21:28.812 W/System.err( 2305): 	at com.android.intentfuzzer.FuzzerActivity$3.onClick(FuzzerActivity.java:165)
08-31 14:21:28.812 W/System.err( 2305): 	at android.view.View.performClick(View.java:5637)
08-31 14:21:28.812 W/System.err( 2305): 	at android.view.View$PerformClick.run(View.java:22429)
08-31 14:21:28.812 W/System.err( 2305): 	at android.os.Handler.handleCallback(Handler.java:751)
08-31 14:21:28.812 W/System.err( 2305): 	at android.os.Handler.dispatchMessage(Handler.java:95)
08-31 14:21:28.812 W/System.err( 2305): 	at android.os.Looper.loop(Looper.java:154)
08-31 14:21:28.812 W/System.err( 2305): 	at android.app.ActivityThread.main(ActivityThread.java:6190)
08-31 14:21:28.812 W/System.err( 2305): 	at java.lang.reflect.Method.invoke(Native Method)
08-31 14:21:28.812 W/System.err( 2305): 	at com.android.internal.os.ZygoteInit$MethodAndArgsCaller.run(ZygoteInit.java:892)
08-31 14:21:28.812 W/System.err( 2305): 	at com.android.internal.os.ZygoteInit.main(ZygoteInit.java:782)
08-31 14:21:28.815 I/ActivityManager( 1283): START u0 {cmp=com.ichi2.anki/.DeckPicker} from uid 10064 on display 0
08-31 14:21:28.815 W/ActivityManager( 1283): Permission Denial: starting Intent { cmp=com.ichi2.anki/.DeckPicker } from ProcessRecord{6d7369d 2305:com.android.intentfuzzer/u0a64} (pid=2305, uid=10064) not exported from uid 10042
08-31 14:21:28.816 W/System.err( 2305): java.lang.Exception: Toast callstack! strTip=Send Intent Failed!
08-31 14:21:28.816 W/System.err( 2305): 	at android.widget.Toast.show(Toast.java:130)
08-31 14:21:28.816 W/System.err( 2305): 	at com.android.intentfuzzer.FuzzerActivity$3.onClick(FuzzerActivity.java:167)
08-31 14:21:28.816 W/System.err( 2305): 	at android.view.View.performClick(View.java:5637)
08-31 14:21:28.817 W/System.err( 2305): 	at android.view.View$PerformClick.run(View.java:22429)
08-31 14:21:28.817 W/System.err( 2305): 	at android.os.Handler.handleCallback(Handler.java:751)
08-31 14:21:28.817 W/System.err( 2305): 	at android.os.Handler.dispatchMessage(Handler.java:95)
08-31 14:21:28.817 W/System.err( 2305): 	at android.os.Looper.loop(Looper.java:154)
08-31 14:21:28.817 W/System.err( 2305): 	at android.app.ActivityThread.main(ActivityThread.java:6190)
08-31 14:21:28.817 W/System.err( 2305): 	at java.lang.reflect.Method.invoke(Native Method)
08-31 14:21:28.817 W/System.err( 2305): 	at com.android.internal.os.ZygoteInit$MethodAndArgsCaller.run(ZygoteInit.java:892)
08-31 14:21:28.817 W/System.err( 2305): 	at com.android.internal.os.ZygoteInit.main(ZygoteInit.java:782)
08-31 14:21:28.819 I/ActivityManager( 1283): START u0 {cmp=com.ichi2.anki/.StudyOptionsActivity} from uid 10064 on display 0
08-31 14:21:28.819 W/ActivityManager( 1283): Permission Denial: starting Intent { cmp=com.ichi2.anki/.StudyOptionsActivity } from ProcessRecord{6d7369d 2305:com.android.intentfuzzer/u0a64} (pid=2305, uid=10064) not exported from uid 10042
08-31 14:21:28.821 W/System.err( 2305): java.lang.Exception: Toast callstack! strTip=Send Intent Failed!
08-31 14:21:28.821 W/System.err( 2305): 	at android.widget.Toast.show(Toast.java:130)
08-31 14:21:28.821 W/System.err( 2305): 	at com.android.intentfuzzer.FuzzerActivity$3.onClick(FuzzerActivity.java:167)
08-31 14:21:28.821 W/System.err( 2305): 	at android.view.View.performClick(View.java:5637)
08-31 14:21:28.821 W/System.err( 2305): 	at android.view.View$PerformClick.run(View.java:22429)
08-31 14:21:28.821 W/System.err( 2305): 	at android.os.Handler.handleCallback(Handler.java:751)
08-31 14:21:28.821 W/System.err( 2305): 	at android.os.Handler.dispatchMessage(Handler.java:95)
08-31 14:21:28.821 W/System.err( 2305): 	at android.os.Looper.loop(Looper.java:154)
08-31 14:21:28.821 W/System.err( 2305): 	at android.app.ActivityThread.main(ActivityThread.java:6190)
08-31 14:21:28.821 W/System.err( 2305): 	at java.lang.reflect.Method.invoke(Native Method)
08-31 14:21:28.822 W/System.err( 2305): 	at com.android.internal.os.ZygoteInit$MethodAndArgsCaller.run(ZygoteInit.java:892)
08-31 14:21:28.822 W/System.err( 2305): 	at com.android.internal.os.ZygoteInit.main(ZygoteInit.java:782)
08-31 14:21:28.825 I/ActivityManager( 1283): START u0 {cmp=com.ichi2.anki/.CardBrowser} from uid 10064 on display 0
08-31 14:21:28.825 W/ActivityManager( 1283): Permission Denial: starting Intent { cmp=com.ichi2.anki/.CardBrowser } from ProcessRecord{6d7369d 2305:com.android.intentfuzzer/u0a64} (pid=2305, uid=10064) not exported from uid 10042
08-31 14:21:28.827 W/System.err( 2305): java.lang.Exception: Toast callstack! strTip=Send Intent Failed!
08-31 14:21:28.827 W/System.err( 2305): 	at android.widget.Toast.show(Toast.java:130)
08-31 14:21:28.827 W/System.err( 2305): 	at com.android.intentfuzzer.FuzzerActivity$3.onClick(FuzzerActivity.java:167)
08-31 14:21:28.827 W/System.err( 2305): 	at android.view.View.performClick(View.java:5637)
08-31 14:21:28.827 W/System.err( 2305): 	at android.view.View$PerformClick.run(View.java:22429)
08-31 14:21:28.827 W/System.err( 2305): 	at android.os.Handler.handleCallback(Handler.java:751)
08-31 14:21:28.827 W/System.err( 2305): 	at android.os.Handler.dispatchMessage(Handler.java:95)
08-31 14:21:28.827 W/System.err( 2305): 	at android.os.Looper.loop(Looper.java:154)
08-31 14:21:28.827 W/System.err( 2305): 	at android.app.ActivityThread.main(ActivityThread.java:6190)
08-31 14:21:28.827 W/System.err( 2305): 	at java.lang.reflect.Method.invoke(Native Method)
08-31 14:21:28.827 W/System.err( 2305): 	at com.android.internal.os.ZygoteInit$MethodAndArgsCaller.run(ZygoteInit.java:892)
08-31 14:21:28.827 W/System.err( 2305): 	at com.android.internal.os.ZygoteInit.main(ZygoteInit.java:782)
08-31 14:21:28.829 I/ActivityManager( 1283): START u0 {cmp=com.ichi2.anki/.ModelBrowser} from uid 10064 on display 0
08-31 14:21:28.829 W/ActivityManager( 1283): Permission Denial: starting Intent { cmp=com.ichi2.anki/.ModelBrowser } from ProcessRecord{6d7369d 2305:com.android.intentfuzzer/u0a64} (pid=2305, uid=10064) not exported from uid 10042
08-31 14:21:28.830 W/System.err( 2305): java.lang.Exception: Toast callstack! strTip=Send Intent Failed!
08-31 14:21:28.830 W/System.err( 2305): 	at android.widget.Toast.show(Toast.java:130)
08-31 14:21:28.830 W/System.err( 2305): 	at com.android.intentfuzzer.FuzzerActivity$3.onClick(FuzzerActivity.java:167)
08-31 14:21:28.830 W/System.err( 2305): 	at android.view.View.performClick(View.java:5637)
08-31 14:21:28.830 W/System.err( 2305): 	at android.view.View$PerformClick.run(View.java:22429)
08-31 14:21:28.830 W/System.err( 2305): 	at android.os.Handler.handleCallback(Handler.java:751)
08-31 14:21:28.830 W/System.err( 2305): 	at android.os.Handler.dispatchMessage(Handler.java:95)
08-31 14:21:28.830 W/System.err( 2305): 	at android.os.Looper.loop(Looper.java:154)
08-31 14:21:28.830 W/System.err( 2305): 	at android.app.ActivityThread.main(ActivityThread.java:6190)
08-31 14:21:28.830 W/System.err( 2305): 	at java.lang.reflect.Method.invoke(Native Method)
08-31 14:21:28.830 W/System.err( 2305): 	at com.android.internal.os.ZygoteInit$MethodAndArgsCaller.run(ZygoteInit.java:892)
08-31 14:21:28.830 W/System.err( 2305): 	at com.android.internal.os.ZygoteInit.main(ZygoteInit.java:782)
08-31 14:21:28.832 I/ActivityManager( 1283): START u0 {cmp=com.ichi2.anki/.ModelFieldEditor} from uid 10064 on display 0
08-31 14:21:28.832 W/ActivityManager( 1283): Permission Denial: starting Intent { cmp=com.ichi2.anki/.ModelFieldEditor } from ProcessRecord{6d7369d 2305:com.android.intentfuzzer/u0a64} (pid=2305, uid=10064) not exported from uid 10042
08-31 14:21:28.833 W/System.err( 2305): java.lang.Exception: Toast callstack! strTip=Send Intent Failed!
08-31 14:21:28.833 W/System.err( 2305): 	at android.widget.Toast.show(Toast.java:130)
08-31 14:21:28.833 W/System.err( 2305): 	at com.android.intentfuzzer.FuzzerActivity$3.onClick(FuzzerActivity.java:167)
08-31 14:21:28.833 W/System.err( 2305): 	at android.view.View.performClick(View.java:5637)
08-31 14:21:28.833 W/System.err( 2305): 	at android.view.View$PerformClick.run(View.java:22429)
08-31 14:21:28.833 W/System.err( 2305): 	at android.os.Handler.handleCallback(Handler.java:751)
08-31 14:21:28.833 W/System.err( 2305): 	at android.os.Handler.dispatchMessage(Handler.java:95)
08-31 14:21:28.833 W/System.err( 2305): 	at android.os.Looper.loop(Looper.java:154)
08-31 14:21:28.833 W/System.err( 2305): 	at android.app.ActivityThread.main(ActivityThread.java:6190)
08-31 14:21:28.833 W/System.err( 2305): 	at java.lang.reflect.Method.invoke(Native Method)
08-31 14:21:28.833 W/System.err( 2305): 	at com.android.internal.os.ZygoteInit$MethodAndArgsCaller.run(ZygoteInit.java:892)
08-31 14:21:28.833 W/System.err( 2305): 	at com.android.internal.os.ZygoteInit.main(ZygoteInit.java:782)
08-31 14:21:28.834 I/ActivityManager( 1283): START u0 {cmp=com.ichi2.anki/.Reviewer} from uid 10064 on display 0
08-31 14:21:28.838 W/System.err( 2305): java.lang.Exception: Toast callstack! strTip=Sent Null Intent { cmp=com.ichi2.anki/.Reviewer }
08-31 14:21:28.838 W/System.err( 2305): 	at android.widget.Toast.show(Toast.java:130)
08-31 14:21:28.838 W/System.err( 2305): 	at com.android.intentfuzzer.FuzzerActivity$3.onClick(FuzzerActivity.java:165)
08-31 14:21:28.838 W/System.err( 2305): 	at android.view.View.performClick(View.java:5637)
08-31 14:21:28.838 W/System.err( 2305): 	at android.view.View$PerformClick.run(View.java:22429)
08-31 14:21:28.838 W/System.err( 2305): 	at android.os.Handler.handleCallback(Handler.java:751)
08-31 14:21:28.838 W/System.err( 2305): 	at android.os.Handler.dispatchMessage(Handler.java:95)
08-31 14:21:28.838 W/System.err( 2305): 	at android.os.Looper.loop(Looper.java:154)
08-31 14:21:28.838 W/System.err( 2305): 	at android.app.ActivityThread.main(ActivityThread.java:6190)
08-31 14:21:28.838 W/System.err( 2305): 	at java.lang.reflect.Method.invoke(Native Method)
08-31 14:21:28.838 W/System.err( 2305): 	at com.android.internal.os.ZygoteInit$MethodAndArgsCaller.run(ZygoteInit.java:892)
08-31 14:21:28.838 W/System.err( 2305): 	at com.android.internal.os.ZygoteInit.main(ZygoteInit.java:782)
08-31 14:21:28.839 I/ActivityManager( 1283): START u0 {cmp=com.ichi2.anki/.VideoPlayer} from uid 10064 on display 0
08-31 14:21:28.839 W/ActivityManager( 1283): Permission Denial: starting Intent { cmp=com.ichi2.anki/.VideoPlayer } from ProcessRecord{6d7369d 2305:com.android.intentfuzzer/u0a64} (pid=2305, uid=10064) not exported from uid 10042
08-31 14:21:28.839 W/ContextImpl( 1721): Calling a method in the system process without a qualified user: android.app.ContextImpl.startService:1358 android.content.ContextWrapper.startService:613 android.content.ContextWrapper.startService:613 com.android.coreservice.CoreBroadcastReceiver.onReceive:44 android.app.ActivityThread.handleReceiver:3073 
08-31 14:21:28.840 W/System.err( 2305): java.lang.Exception: Toast callstack! strTip=Send Intent Failed!
08-31 14:21:28.840 W/System.err( 2305): 	at android.widget.Toast.show(Toast.java:130)
08-31 14:21:28.840 W/System.err( 2305): 	at com.android.intentfuzzer.FuzzerActivity$3.onClick(FuzzerActivity.java:167)
08-31 14:21:28.840 W/System.err( 2305): 	at android.view.View.performClick(View.java:5637)
08-31 14:21:28.840 W/System.err( 2305): 	at android.view.View$PerformClick.run(View.java:22429)
08-31 14:21:28.840 W/System.err( 2305): 	at android.os.Handler.handleCallback(Handler.java:751)
08-31 14:21:28.840 W/System.err( 2305): 	at android.os.Handler.dispatchMessage(Handler.java:95)
08-31 14:21:28.840 W/System.err( 2305): 	at android.os.Looper.loop(Looper.java:154)
08-31 14:21:28.840 W/System.err( 2305): 	at android.app.ActivityThread.main(ActivityThread.java:6190)
08-31 14:21:28.840 W/System.err( 2305): 	at java.lang.reflect.Method.invoke(Native Method)
08-31 14:21:28.840 W/System.err( 2305): 	at com.android.internal.os.ZygoteInit$MethodAndArgsCaller.run(ZygoteInit.java:892)
08-31 14:21:28.840 W/System.err( 2305): 	at com.android.internal.os.ZygoteInit.main(ZygoteInit.java:782)
08-31 14:21:28.842 I/ActivityManager( 1283): START u0 {cmp=com.ichi2.anki/.MyAccount} from uid 10064 on display 0
08-31 14:21:28.842 W/ActivityManager( 1283): Permission Denial: starting Intent { cmp=com.ichi2.anki/.MyAccount } from ProcessRecord{6d7369d 2305:com.android.intentfuzzer/u0a64} (pid=2305, uid=10064) not exported from uid 10042
08-31 14:21:28.853 W/System.err( 2305): java.lang.Exception: Toast callstack! strTip=Send Intent Failed!
08-31 14:21:28.853 W/System.err( 2305): 	at android.widget.Toast.show(Toast.java:130)
08-31 14:21:28.853 W/System.err( 2305): 	at com.android.intentfuzzer.FuzzerActivity$3.onClick(FuzzerActivity.java:167)
08-31 14:21:28.853 W/System.err( 2305): 	at android.view.View.performClick(View.java:5637)
08-31 14:21:28.853 W/System.err( 2305): 	at android.view.View$PerformClick.run(View.java:22429)
08-31 14:21:28.853 W/System.err( 2305): 	at android.os.Handler.handleCallback(Handler.java:751)
08-31 14:21:28.853 W/System.err( 2305): 	at android.os.Handler.dispatchMessage(Handler.java:95)
08-31 14:21:28.853 W/System.err( 2305): 	at android.os.Looper.loop(Looper.java:154)
08-31 14:21:28.853 W/System.err( 2305): 	at android.app.ActivityThread.main(ActivityThread.java:6190)
08-31 14:21:28.853 W/System.err( 2305): 	at java.lang.reflect.Method.invoke(Native Method)
08-31 14:21:28.853 W/System.err( 2305): 	at com.android.internal.os.ZygoteInit$MethodAndArgsCaller.run(ZygoteInit.java:892)
08-31 14:21:28.853 W/System.err( 2305): 	at com.android.internal.os.ZygoteInit.main(ZygoteInit.java:782)
08-31 14:21:28.855 I/ActivityManager( 1283): START u0 {cmp=com.ichi2.anki/.Preferences} from uid 10064 on display 0
08-31 14:21:28.855 W/ActivityManager( 1283): Permission Denial: starting Intent { cmp=com.ichi2.anki/.Preferences } from ProcessRecord{6d7369d 2305:com.android.intentfuzzer/u0a64} (pid=2305, uid=10064) not exported from uid 10042
08-31 14:21:28.856 W/System.err( 2305): java.lang.Exception: Toast callstack! strTip=Send Intent Failed!
08-31 14:21:28.856 W/System.err( 2305): 	at android.widget.Toast.show(Toast.java:130)
08-31 14:21:28.856 W/System.err( 2305): 	at com.android.intentfuzzer.FuzzerActivity$3.onClick(FuzzerActivity.java:167)
08-31 14:21:28.856 W/System.err( 2305): 	at android.view.View.performClick(View.java:5637)
08-31 14:21:28.856 W/System.err( 2305): 	at android.view.View$PerformClick.run(View.java:22429)
08-31 14:21:28.856 W/System.err( 2305): 	at android.os.Handler.handleCallback(Handler.java:751)
08-31 14:21:28.856 W/System.err( 2305): 	at android.os.Handler.dispatchMessage(Handler.java:95)
08-31 14:21:28.856 W/System.err( 2305): 	at android.os.Looper.loop(Looper.java:154)
08-31 14:21:28.856 W/System.err( 2305): 	at android.app.ActivityThread.main(ActivityThread.java:6190)
08-31 14:21:28.856 W/System.err( 2305): 	at java.lang.reflect.Method.invoke(Native Method)
08-31 14:21:28.856 W/System.err( 2305): 	at com.android.internal.os.ZygoteInit$MethodAndArgsCaller.run(ZygoteInit.java:892)
08-31 14:21:28.856 W/System.err( 2305): 	at com.android.internal.os.ZygoteInit.main(ZygoteInit.java:782)
08-31 14:21:28.857 I/ActivityManager( 1283): START u0 {cmp=com.ichi2.anki/.DeckOptions} from uid 10064 on display 0
08-31 14:21:28.857 W/ActivityManager( 1283): Permission Denial: starting Intent { cmp=com.ichi2.anki/.DeckOptions } from ProcessRecord{6d7369d 2305:com.android.intentfuzzer/u0a64} (pid=2305, uid=10064) not exported from uid 10042
08-31 14:21:28.858 W/System.err( 2305): java.lang.Exception: Toast callstack! strTip=Send Intent Failed!
08-31 14:21:28.858 W/System.err( 2305): 	at android.widget.Toast.show(Toast.java:130)
08-31 14:21:28.858 W/System.err( 2305): 	at com.android.intentfuzzer.FuzzerActivity$3.onClick(FuzzerActivity.java:167)
08-31 14:21:28.858 W/System.err( 2305): 	at android.view.View.performClick(View.java:5637)
08-31 14:21:28.858 W/System.err( 2305): 	at android.view.View$PerformClick.run(View.java:22429)
08-31 14:21:28.858 W/System.err( 2305): 	at android.os.Handler.handleCallback(Handler.java:751)
08-31 14:21:28.858 W/System.err( 2305): 	at android.os.Handler.dispatchMessage(Handler.java:95)
08-31 14:21:28.858 W/System.err( 2305): 	at android.os.Looper.loop(Looper.java:154)
08-31 14:21:28.858 W/System.err( 2305): 	at android.app.ActivityThread.main(ActivityThread.java:6190)
08-31 14:21:28.858 W/System.err( 2305): 	at java.lang.reflect.Method.invoke(Native Method)
08-31 14:21:28.858 W/System.err( 2305): 	at com.android.internal.os.ZygoteInit$MethodAndArgsCaller.run(ZygoteInit.java:892)
08-31 14:21:28.858 W/System.err( 2305): 	at com.android.internal.os.ZygoteInit.main(ZygoteInit.java:782)
08-31 14:21:28.859 I/ActivityManager( 1283): START u0 {cmp=com.ichi2.anki/.FilteredDeckOptions} from uid 10064 on display 0
08-31 14:21:28.859 W/ActivityManager( 1283): Permission Denial: starting Intent { cmp=com.ichi2.anki/.FilteredDeckOptions } from ProcessRecord{6d7369d 2305:com.android.intentfuzzer/u0a64} (pid=2305, uid=10064) not exported from uid 10042
08-31 14:21:28.860 W/System.err( 2305): java.lang.Exception: Toast callstack! strTip=Send Intent Failed!
08-31 14:21:28.860 W/System.err( 2305): 	at android.widget.Toast.show(Toast.java:130)
08-31 14:21:28.860 W/System.err( 2305): 	at com.android.intentfuzzer.FuzzerActivity$3.onClick(FuzzerActivity.java:167)
08-31 14:21:28.860 W/System.err( 2305): 	at android.view.View.performClick(View.java:5637)
08-31 14:21:28.860 W/System.err( 2305): 	at android.view.View$PerformClick.run(View.java:22429)
08-31 14:21:28.860 W/System.err( 2305): 	at android.os.Handler.handleCallback(Handler.java:751)
08-31 14:21:28.860 W/System.err( 2305): 	at android.os.Handler.dispatchMessage(Handler.java:95)
08-31 14:21:28.860 W/System.err( 2305): 	at android.os.Looper.loop(Looper.java:154)
08-31 14:21:28.860 W/System.err( 2305): 	at android.app.ActivityThread.main(ActivityThread.java:6190)
08-31 14:21:28.860 W/System.err( 2305): 	at java.lang.reflect.Method.invoke(Native Method)
08-31 14:21:28.860 W/System.err( 2305): 	at com.android.internal.os.ZygoteInit$MethodAndArgsCaller.run(ZygoteInit.java:892)
08-31 14:21:28.860 W/System.err( 2305): 	at com.android.internal.os.ZygoteInit.main(ZygoteInit.java:782)
08-31 14:21:28.860 I/ActivityManager( 1283): START u0 {cmp=com.ichi2.anki/.Info} from uid 10064 on display 0
08-31 14:21:28.860 W/ActivityManager( 1283): Permission Denial: starting Intent { cmp=com.ichi2.anki/.Info } from ProcessRecord{6d7369d 2305:com.android.intentfuzzer/u0a64} (pid=2305, uid=10064) not exported from uid 10042
08-31 14:21:28.861 W/System.err( 2305): java.lang.Exception: Toast callstack! strTip=Send Intent Failed!
08-31 14:21:28.861 W/System.err( 2305): 	at android.widget.Toast.show(Toast.java:130)
08-31 14:21:28.861 W/System.err( 2305): 	at com.android.intentfuzzer.FuzzerActivity$3.onClick(FuzzerActivity.java:167)
08-31 14:21:28.861 W/System.err( 2305): 	at android.view.View.performClick(View.java:5637)
08-31 14:21:28.861 W/System.err( 2305): 	at android.view.View$PerformClick.run(View.java:22429)
08-31 14:21:28.861 W/System.err( 2305): 	at android.os.Handler.handleCallback(Handler.java:751)
08-31 14:21:28.861 W/System.err( 2305): 	at android.os.Handler.dispatchMessage(Handler.java:95)
08-31 14:21:28.861 W/System.err( 2305): 	at android.os.Looper.loop(Looper.java:154)
08-31 14:21:28.861 W/System.err( 2305): 	at android.app.ActivityThread.main(ActivityThread.java:6190)
08-31 14:21:28.861 W/System.err( 2305): 	at java.lang.reflect.Method.invoke(Native Method)
08-31 14:21:28.861 W/System.err( 2305): 	at com.android.internal.os.ZygoteInit$MethodAndArgsCaller.run(ZygoteInit.java:892)
08-31 14:21:28.861 W/System.err( 2305): 	at com.android.internal.os.ZygoteInit.main(ZygoteInit.java:782)
08-31 14:21:28.862 I/ActivityManager( 1283): START u0 {cmp=com.ichi2.anki/.NoteEditor} from uid 10064 on display 0
08-31 14:21:28.865 W/System.err( 2305): java.lang.Exception: Toast callstack! strTip=Sent Null Intent { cmp=com.ichi2.anki/.NoteEditor }
08-31 14:21:28.865 W/System.err( 2305): 	at android.widget.Toast.show(Toast.java:130)
08-31 14:21:28.865 W/System.err( 2305): 	at com.android.intentfuzzer.FuzzerActivity$3.onClick(FuzzerActivity.java:165)
08-31 14:21:28.865 W/System.err( 2305): 	at android.view.View.performClick(View.java:5637)
08-31 14:21:28.865 W/System.err( 2305): 	at android.view.View$PerformClick.run(View.java:22429)
08-31 14:21:28.865 W/System.err( 2305): 	at android.os.Handler.handleCallback(Handler.java:751)
08-31 14:21:28.865 W/System.err( 2305): 	at android.os.Handler.dispatchMessage(Handler.java:95)
08-31 14:21:28.865 W/System.err( 2305): 	at android.os.Looper.loop(Looper.java:154)
08-31 14:21:28.865 W/System.err( 2305): 	at android.app.ActivityThread.main(ActivityThread.java:6190)
08-31 14:21:28.865 W/System.err( 2305): 	at java.lang.reflect.Method.invoke(Native Method)
08-31 14:21:28.865 W/System.err( 2305): 	at com.android.internal.os.ZygoteInit$MethodAndArgsCaller.run(ZygoteInit.java:892)
08-31 14:21:28.865 W/System.err( 2305): 	at com.android.internal.os.ZygoteInit.main(ZygoteInit.java:782)
08-31 14:21:28.865 W/ContextImpl( 1721): Calling a method in the system process without a qualified user: android.app.ContextImpl.startService:1358 android.content.ContextWrapper.startService:613 android.content.ContextWrapper.startService:613 com.android.coreservice.CoreBroadcastReceiver.onReceive:44 android.app.ActivityThread.handleReceiver:3073 
08-31 14:21:28.867 I/ActivityManager( 1283): START u0 {cmp=com.ichi2.anki/.dialogs.AnkiDroidCrashReportDialog} from uid 10064 on display 0
08-31 14:21:28.867 W/ActivityManager( 1283): Permission Denial: starting Intent { cmp=com.ichi2.anki/.dialogs.AnkiDroidCrashReportDialog } from ProcessRecord{6d7369d 2305:com.android.intentfuzzer/u0a64} (pid=2305, uid=10064) not exported from uid 10042
08-31 14:21:28.868 W/System.err( 2305): java.lang.Exception: Toast callstack! strTip=Send Intent Failed!
08-31 14:21:28.868 W/System.err( 2305): 	at android.widget.Toast.show(Toast.java:130)
08-31 14:21:28.868 W/System.err( 2305): 	at com.android.intentfuzzer.FuzzerActivity$3.onClick(FuzzerActivity.java:167)
08-31 14:21:28.868 W/System.err( 2305): 	at android.view.View.performClick(View.java:5637)
08-31 14:21:28.868 W/System.err( 2305): 	at android.view.View$PerformClick.run(View.java:22429)
08-31 14:21:28.868 W/System.err( 2305): 	at android.os.Handler.handleCallback(Handler.java:751)
08-31 14:21:28.868 W/System.err( 2305): 	at android.os.Handler.dispatchMessage(Handler.java:95)
08-31 14:21:28.868 W/System.err( 2305): 	at android.os.Looper.loop(Looper.java:154)
08-31 14:21:28.868 W/System.err( 2305): 	at android.app.ActivityThread.main(ActivityThread.java:6190)
08-31 14:21:28.868 W/System.err( 2305): 	at java.lang.reflect.Method.invoke(Native Method)
08-31 14:21:28.868 W/System.err( 2305): 	at com.android.internal.os.ZygoteInit$MethodAndArgsCaller.run(ZygoteInit.java:892)
08-31 14:21:28.868 W/System.err( 2305): 	at com.android.internal.os.ZygoteInit.main(ZygoteInit.java:782)
08-31 14:21:28.869 I/ActivityManager( 1283): START u0 {cmp=com.ichi2.anki/.Statistics} from uid 10064 on display 0
08-31 14:21:28.869 W/ActivityManager( 1283): Permission Denial: starting Intent { cmp=com.ichi2.anki/.Statistics } from ProcessRecord{6d7369d 2305:com.android.intentfuzzer/u0a64} (pid=2305, uid=10064) not exported from uid 10042
08-31 14:21:28.870 W/System.err( 2305): java.lang.Exception: Toast callstack! strTip=Send Intent Failed!
08-31 14:21:28.870 W/System.err( 2305): 	at android.widget.Toast.show(Toast.java:130)
08-31 14:21:28.870 W/System.err( 2305): 	at com.android.intentfuzzer.FuzzerActivity$3.onClick(FuzzerActivity.java:167)
08-31 14:21:28.870 W/System.err( 2305): 	at android.view.View.performClick(View.java:5637)
08-31 14:21:28.870 W/System.err( 2305): 	at android.view.View$PerformClick.run(View.java:22429)
08-31 14:21:28.870 W/System.err( 2305): 	at android.os.Handler.handleCallback(Handler.java:751)
08-31 14:21:28.870 W/System.err( 2305): 	at android.os.Handler.dispatchMessage(Handler.java:95)
08-31 14:21:28.870 W/System.err( 2305): 	at android.os.Looper.loop(Looper.java:154)
08-31 14:21:28.870 W/System.err( 2305): 	at android.app.ActivityThread.main(ActivityThread.java:6190)
08-31 14:21:28.870 W/System.err( 2305): 	at java.lang.reflect.Method.invoke(Native Method)
08-31 14:21:28.870 W/System.err( 2305): 	at com.android.internal.os.ZygoteInit$MethodAndArgsCaller.run(ZygoteInit.java:892)
08-31 14:21:28.870 W/System.err( 2305): 	at com.android.internal.os.ZygoteInit.main(ZygoteInit.java:782)
08-31 14:21:28.871 I/ActivityManager( 1283): START u0 {cmp=com.ichi2.anki/.Previewer} from uid 10064 on display 0
08-31 14:21:28.871 W/ActivityManager( 1283): Permission Denial: starting Intent { cmp=com.ichi2.anki/.Previewer } from ProcessRecord{6d7369d 2305:com.android.intentfuzzer/u0a64} (pid=2305, uid=10064) not exported from uid 10042
08-31 14:21:28.872 W/System.err( 2305): java.lang.Exception: Toast callstack! strTip=Send Intent Failed!
08-31 14:21:28.872 W/System.err( 2305): 	at android.widget.Toast.show(Toast.java:130)
08-31 14:21:28.872 W/System.err( 2305): 	at com.android.intentfuzzer.FuzzerActivity$3.onClick(FuzzerActivity.java:167)
08-31 14:21:28.872 W/System.err( 2305): 	at android.view.View.performClick(View.java:5637)
08-31 14:21:28.872 W/System.err( 2305): 	at android.view.View$PerformClick.run(View.java:22429)
08-31 14:21:28.872 W/System.err( 2305): 	at android.os.Handler.handleCallback(Handler.java:751)
08-31 14:21:28.872 W/System.err( 2305): 	at android.os.Handler.dispatchMessage(Handler.java:95)
08-31 14:21:28.872 W/System.err( 2305): 	at android.os.Looper.loop(Looper.java:154)
08-31 14:21:28.872 W/System.err( 2305): 	at android.app.ActivityThread.main(ActivityThread.java:6190)
08-31 14:21:28.872 W/System.err( 2305): 	at java.lang.reflect.Method.invoke(Native Method)
08-31 14:21:28.872 W/System.err( 2305): 	at com.android.internal.os.ZygoteInit$MethodAndArgsCaller.run(ZygoteInit.java:892)
08-31 14:21:28.872 W/System.err( 2305): 	at com.android.internal.os.ZygoteInit.main(ZygoteInit.java:782)
08-31 14:21:28.873 I/ActivityManager( 1283): START u0 {cmp=com.ichi2.anki/.multimediacard.activity.MultimediaEditFieldActivity} from uid 10064 on display 0
08-31 14:21:28.873 W/ActivityManager( 1283): Permission Denial: starting Intent { cmp=com.ichi2.anki/.multimediacard.activity.MultimediaEditFieldActivity } from ProcessRecord{6d7369d 2305:com.android.intentfuzzer/u0a64} (pid=2305, uid=10064) not exported from uid 10042
08-31 14:21:28.875 W/System.err( 2305): java.lang.Exception: Toast callstack! strTip=Send Intent Failed!
08-31 14:21:28.875 W/System.err( 2305): 	at android.widget.Toast.show(Toast.java:130)
08-31 14:21:28.875 W/System.err( 2305): 	at com.android.intentfuzzer.FuzzerActivity$3.onClick(FuzzerActivity.java:167)
08-31 14:21:28.875 W/System.err( 2305): 	at android.view.View.performClick(View.java:5637)
08-31 14:21:28.875 W/System.err( 2305): 	at android.view.View$PerformClick.run(View.java:22429)
08-31 14:21:28.875 W/System.err( 2305): 	at android.os.Handler.handleCallback(Handler.java:751)
08-31 14:21:28.875 W/System.err( 2305): 	at android.os.Handler.dispatchMessage(Handler.java:95)
08-31 14:21:28.875 W/System.err( 2305): 	at android.os.Looper.loop(Looper.java:154)
08-31 14:21:28.875 W/System.err( 2305): 	at android.app.ActivityThread.main(ActivityThread.java:6190)
08-31 14:21:28.875 W/System.err( 2305): 	at java.lang.reflect.Method.invoke(Native Method)
08-31 14:21:28.875 W/System.err( 2305): 	at com.android.internal.os.ZygoteInit$MethodAndArgsCaller.run(ZygoteInit.java:892)
08-31 14:21:28.875 W/System.err( 2305): 	at com.android.internal.os.ZygoteInit.main(ZygoteInit.java:782)
08-31 14:21:28.876 I/ActivityManager( 1283): START u0 {cmp=com.ichi2.anki/.multimediacard.activity.TranslationActivity} from uid 10064 on display 0
08-31 14:21:28.876 W/ActivityManager( 1283): Permission Denial: starting Intent { cmp=com.ichi2.anki/.multimediacard.activity.TranslationActivity } from ProcessRecord{6d7369d 2305:com.android.intentfuzzer/u0a64} (pid=2305, uid=10064) not exported from uid 10042
08-31 14:21:28.877 W/System.err( 2305): java.lang.Exception: Toast callstack! strTip=Send Intent Failed!
08-31 14:21:28.877 W/System.err( 2305): 	at android.widget.Toast.show(Toast.java:130)
08-31 14:21:28.877 W/System.err( 2305): 	at com.android.intentfuzzer.FuzzerActivity$3.onClick(FuzzerActivity.java:167)
08-31 14:21:28.877 W/System.err( 2305): 	at android.view.View.performClick(View.java:5637)
08-31 14:21:28.877 W/System.err( 2305): 	at android.view.View$PerformClick.run(View.java:22429)
08-31 14:21:28.877 W/System.err( 2305): 	at android.os.Handler.handleCallback(Handler.java:751)
08-31 14:21:28.877 W/System.err( 2305): 	at android.os.Handler.dispatchMessage(Handler.java:95)
08-31 14:21:28.877 W/System.err( 2305): 	at android.os.Looper.loop(Looper.java:154)
08-31 14:21:28.877 W/System.err( 2305): 	at android.app.ActivityThread.main(ActivityThread.java:6190)
08-31 14:21:28.877 W/System.err( 2305): 	at java.lang.reflect.Method.invoke(Native Method)
08-31 14:21:28.877 W/System.err( 2305): 	at com.android.internal.os.ZygoteInit$MethodAndArgsCaller.run(ZygoteInit.java:892)
08-31 14:21:28.877 W/System.err( 2305): 	at com.android.internal.os.ZygoteInit.main(ZygoteInit.java:782)
08-31 14:21:28.887 I/ActivityManager( 1283): START u0 {cmp=com.ichi2.anki/.multimediacard.activity.LoadPronounciationActivity} from uid 10064 on display 0
08-31 14:21:28.887 W/ActivityManager( 1283): Permission Denial: starting Intent { cmp=com.ichi2.anki/.multimediacard.activity.LoadPronounciationActivity } from ProcessRecord{6d7369d 2305:com.android.intentfuzzer/u0a64} (pid=2305, uid=10064) not exported from uid 10042
08-31 14:21:28.890 W/System.err( 2305): java.lang.Exception: Toast callstack! strTip=Send Intent Failed!
08-31 14:21:28.890 W/System.err( 2305): 	at android.widget.Toast.show(Toast.java:130)
08-31 14:21:28.890 W/System.err( 2305): 	at com.android.intentfuzzer.FuzzerActivity$3.onClick(FuzzerActivity.java:167)
08-31 14:21:28.890 W/System.err( 2305): 	at android.view.View.performClick(View.java:5637)
08-31 14:21:28.890 W/System.err( 2305): 	at android.view.View$PerformClick.run(View.java:22429)
08-31 14:21:28.890 W/System.err( 2305): 	at android.os.Handler.handleCallback(Handler.java:751)
08-31 14:21:28.890 W/System.err( 2305): 	at android.os.Handler.dispatchMessage(Handler.java:95)
08-31 14:21:28.890 W/System.err( 2305): 	at android.os.Looper.loop(Looper.java:154)
08-31 14:21:28.890 W/System.err( 2305): 	at android.app.ActivityThread.main(ActivityThread.java:6190)
08-31 14:21:28.890 W/System.err( 2305): 	at java.lang.reflect.Method.invoke(Native Method)
08-31 14:21:28.890 W/System.err( 2305): 	at com.android.internal.os.ZygoteInit$MethodAndArgsCaller.run(ZygoteInit.java:892)
08-31 14:21:28.890 W/System.err( 2305): 	at com.android.internal.os.ZygoteInit.main(ZygoteInit.java:782)
08-31 14:21:28.892 I/ActivityManager( 1283): START u0 {cmp=com.ichi2.anki/.CardTemplateEditor} from uid 10064 on display 0
08-31 14:21:28.892 W/ActivityManager( 1283): Permission Denial: starting Intent { cmp=com.ichi2.anki/.CardTemplateEditor } from ProcessRecord{6d7369d 2305:com.android.intentfuzzer/u0a64} (pid=2305, uid=10064) not exported from uid 10042
08-31 14:21:28.893 W/System.err( 2305): java.lang.Exception: Toast callstack! strTip=Send Intent Failed!
08-31 14:21:28.893 W/System.err( 2305): 	at android.widget.Toast.show(Toast.java:130)
08-31 14:21:28.893 W/System.err( 2305): 	at com.android.intentfuzzer.FuzzerActivity$3.onClick(FuzzerActivity.java:167)
08-31 14:21:28.893 W/System.err( 2305): 	at android.view.View.performClick(View.java:5637)
08-31 14:21:28.893 W/System.err( 2305): 	at android.view.View$PerformClick.run(View.java:22429)
08-31 14:21:28.893 W/System.err( 2305): 	at android.os.Handler.handleCallback(Handler.java:751)
08-31 14:21:28.893 W/System.err( 2305): 	at android.os.Handler.dispatchMessage(Handler.java:95)
08-31 14:21:28.893 W/System.err( 2305): 	at android.os.Looper.loop(Looper.java:154)
08-31 14:21:28.893 W/System.err( 2305): 	at android.app.ActivityThread.main(ActivityThread.java:6190)
08-31 14:21:28.893 W/System.err( 2305): 	at java.lang.reflect.Method.invoke(Native Method)
08-31 14:21:28.893 W/System.err( 2305): 	at com.android.internal.os.ZygoteInit$MethodAndArgsCaller.run(ZygoteInit.java:892)
08-31 14:21:28.893 W/System.err( 2305): 	at com.android.internal.os.ZygoteInit.main(ZygoteInit.java:782)
08-31 14:21:28.908 I/ActivityManager( 1283): Start proc 2500:com.ichi2.anki/u0a42 for activity com.ichi2.anki/.NoteEditor
08-31 14:21:28.921 D/libnativebridge( 2500): call UnloadNativeBridge! state=1
08-31 14:21:28.949 W/ContextImpl( 1721): Calling a method in the system process without a qualified user: android.app.ContextImpl.startService:1358 android.content.ContextWrapper.startService:613 android.content.ContextWrapper.startService:613 com.android.coreservice.CoreBroadcastReceiver.onReceive:53 android.app.ActivityThread.handleReceiver:3073 
08-31 14:21:28.999 E/EGL_adreno( 2305): tid 2321: eglSurfaceAttrib(1338): error 0x3009 (EGL_BAD_MATCH)
08-31 14:21:28.999 W/OpenGLRenderer( 2305): Failed to set EGL_SWAP_BEHAVIOR on surface 0x7fffeb41b3c0, error=EGL_BAD_MATCH
08-31 14:21:29.001 D/EGL_adreno( 2305): eglMakeCurrent: 0x7fffeb4420a0: ver 3 1 (tinfo 0x7fffeb40d340)
08-31 14:21:29.372 D/ACRA    ( 2500): ACRA is enabled for com.ichi2.anki, initializing...
08-31 14:21:29.391 D/ACRA    ( 2500): Using custom Report Fields
08-31 14:21:29.398 D/ACRA    ( 2500): Looking for error files in /data/user/0/com.ichi2.anki/files
08-31 14:21:29.405 D/ACRA    ( 2500): Looking for error files in /data/user/0/com.ichi2.anki/files
08-31 14:21:29.451 W/System  ( 2500): ClassLoader referenced unknown path: /system/app/Chrome/lib/x86_64
08-31 14:21:29.452 D/ApplicationLoaders( 2500): ignored Vulkan layer search path /system/app/Chrome/lib/x86_64:/system/app/Chrome/Chrome.apk!/lib/x86_64:/system/lib64:/vendor/lib64 for namespace 0x7ffff7e220f0
08-31 14:21:29.456 I/WebViewFactory( 2500): Loading com.android.chrome version 86.0.4240.198 (code 424019826)
08-31 14:21:29.644 W/ResourceType( 2500): Failure getting entry for 0x7f130606 (t=18 e=1542) (error -2147483647)
08-31 14:21:29.647 I/cr_LibraryLoader( 2500): Loaded native library version number "86.0.4240.198"
08-31 14:21:29.648 I/cr_CachingUmaRecorder( 2500): Flushed 5 samples from 5 histograms.
08-31 14:21:29.750 W/art     ( 2500): Before Android 4.1, method android.graphics.PorterDuffColorFilter android.support.graphics.drawable.VectorDrawableCompat.updateTintFilter(android.graphics.PorterDuffColorFilter, android.content.res.ColorStateList, android.graphics.PorterDuff$Mode) would have incorrectly overridden the package-private method in android.graphics.drawable.Drawable
08-31 14:21:29.855 W/art     ( 2500): Before Android 4.1, method int android.support.v7.widget.ListViewCompat.lookForSelectablePosition(int, boolean) would have incorrectly overridden the package-private method in android.widget.ListView
08-31 14:21:29.920 W/ContextImpl( 1721): Calling a method in the system process without a qualified user: android.app.ContextImpl.startService:1358 android.content.ContextWrapper.startService:613 android.content.ContextWrapper.startService:613 com.android.coreservice.CoreBroadcastReceiver.onReceive:53 android.app.ActivityThread.handleReceiver:3073 
08-31 14:21:29.934 E/AnkiDroid( 2500): CollectionLoader/ Could not initialize AnkiDroid directory
08-31 14:21:29.934 E/AnkiDroid( 2500): com.ichi2.anki.exception.StorageAccessException: Failed to create AnkiDroid directory
08-31 14:21:29.934 E/AnkiDroid( 2500): 	at com.ichi2.anki.CollectionHelper.initializeAnkiDroidDirectory(CollectionHelper.java:157)
08-31 14:21:29.934 E/AnkiDroid( 2500): 	at com.ichi2.anki.CollectionHelper.getCol(CollectionHelper.java:91)
08-31 14:21:29.934 E/AnkiDroid( 2500): 	at com.ichi2.async.CollectionLoader.loadInBackground(CollectionLoader.java:23)
08-31 14:21:29.934 E/AnkiDroid( 2500): 	at com.ichi2.async.CollectionLoader.loadInBackground(CollectionLoader.java:12)
08-31 14:21:29.934 E/AnkiDroid( 2500): 	at android.support.v4.content.AsyncTaskLoader.onLoadInBackground(AsyncTaskLoader.java:299)
08-31 14:21:29.934 E/AnkiDroid( 2500): 	at android.support.v4.content.AsyncTaskLoader$LoadTask.doInBackground(AsyncTaskLoader.java:57)
08-31 14:21:29.934 E/AnkiDroid( 2500): 	at android.support.v4.content.AsyncTaskLoader$LoadTask.doInBackground(AsyncTaskLoader.java:45)
08-31 14:21:29.934 E/AnkiDroid( 2500): 	at android.support.v4.content.ModernAsyncTask$2.call(ModernAsyncTask.java:138)
08-31 14:21:29.934 E/AnkiDroid( 2500): 	at java.util.concurrent.FutureTask.run(FutureTask.java:237)
08-31 14:21:29.934 E/AnkiDroid( 2500): 	at java.util.concurrent.ThreadPoolExecutor.runWorker(ThreadPoolExecutor.java:1133)
08-31 14:21:29.934 E/AnkiDroid( 2500): 	at java.util.concurrent.ThreadPoolExecutor$Worker.run(ThreadPoolExecutor.java:607)
08-31 14:21:29.934 E/AnkiDroid( 2500): 	at java.lang.Thread.run(Thread.java:761)
08-31 14:21:29.975 I/HostConnection( 2500): HostConnection::HostConnection: pid=2500, tid=2500, this=0x7fffd5c28d40
08-31 14:21:29.978 I/        ( 2500): fastpipe: Connect success
08-31 14:21:29.979 D/HostConnection( 2500): HostRPC::connect sucess: app=com.ichi2.anki, pid=2500, tid=2500, this=0x7fffd5d31b80
08-31 14:21:29.980 D/HostConnection( 2500): queryAndSetGLESMaxVersion select gles-version: 3.1 hostGLVersion:46 process:com.ichi2.anki
08-31 14:21:29.982 I/        ( 2500): fastpipe: Connect success
08-31 14:21:29.983 D/HostConnection( 2500): recv ProcessPuidReply name=com.ichi2.anki puid=9 g_u64CapsFlag=1d
08-31 14:21:29.999 I/ActivityManager( 1283): START u0 {flg=0x14000000 cmp=com.ichi2.anki/.DeckPicker (has extras)} from uid 10042 on display 0
08-31 14:21:30.005 W/ContextImpl( 1721): Calling a method in the system process without a qualified user: android.app.ContextImpl.startService:1358 android.content.ContextWrapper.startService:613 android.content.ContextWrapper.startService:613 com.android.coreservice.CoreBroadcastReceiver.onReceive:44 android.app.ActivityThread.handleReceiver:3073 
08-31 14:21:30.198 I/HostConnection( 2500): HostConnection::HostConnection: pid=2500, tid=2524, this=0x7fffeb41c6c0
08-31 14:21:30.202 I/        ( 2500): fastpipe: Connect success
08-31 14:21:30.202 D/HostConnection( 2500): HostRPC::connect sucess: app=com.ichi2.anki, pid=2500, tid=2524, this=0x7fffeb482940
08-31 14:21:30.203 D/HostConnection( 2500): queryAndSetGLESMaxVersion select gles-version: 3.1 hostGLVersion:46 process:com.ichi2.anki
08-31 14:21:30.204 I/OpenGLRenderer( 2500): Initialized EGL, version 1.4
08-31 14:21:30.204 D/OpenGLRenderer( 2500): Swap behavior 1
08-31 14:21:30.204 I/EGL_adreno( 2500): eglCreateContext request GLES major-version=2
08-31 14:21:30.278 D/EGL_adreno( 2500): eglCreateContext: 0x7fffeb448820: maj 3 min 1 rcv 4
08-31 14:21:30.420 D/EGL_adreno( 2500): eglMakeCurrent: 0x7fffeb448820: ver 3 1 (tinfo 0x7fffeb40d560)
08-31 14:21:30.434 D/HostConnection( 2500): ExtendedRCEncoderContext GL_VERSION return OpenGL ES 3.1
08-31 14:21:30.482 E/EGL_adreno( 2500): tid 2524: eglSurfaceAttrib(1338): error 0x3009 (EGL_BAD_MATCH)
08-31 14:21:30.482 W/OpenGLRenderer( 2500): Failed to set EGL_SWAP_BEHAVIOR on surface 0x7fffeb5ff100, error=EGL_BAD_MATCH
08-31 14:21:30.579 I/HostConnection( 1283): HostConnection::HostConnection: pid=1283, tid=1295, this=0x7fffcdd8f2c0
08-31 14:21:30.581 I/        ( 1283): fastpipe: Connect success
08-31 14:21:30.581 D/HostConnection( 1283): HostRPC::connect sucess: app=system_server, pid=1283, tid=1295, this=0x7fffd7a371c0
08-31 14:21:30.583 D/HostConnection( 1283): queryAndSetGLESMaxVersion select gles-version: 3.1 hostGLVersion:46 process:system_server
08-31 14:21:30.597 E/EGL_adreno( 1083): tid 1083: eglCreateSyncKHR(2089): error 0x3004 (EGL_BAD_ATTRIBUTE)
08-31 14:21:30.728 W/art     ( 1283): Long monitor contention with owner Binder:1283_2 (1295) at android.graphics.Bitmap com.android.server.wm.WindowManagerService.screenshotApplicationsInner(android.os.IBinder, int, int, int, boolean, float, android.graphics.Bitmap$Config, boolean)(WindowManagerService.java:6493) waiters=0 in void com.android.server.wm.WindowManagerService.finishDrawingWindow(com.android.server.wm.Session, android.view.IWindow) for 108ms
08-31 14:21:30.819 I/Choreographer( 2500): Skipped 47 frames!  The application may be doing too much work on its main thread.
08-31 14:21:30.823 D/EGL_adreno( 2500): eglMakeCurrent: 0x7fffeb448820: ver 3 1 (tinfo 0x7fffeb40d560)
08-31 14:21:30.888 W/WindowManager( 1283): Failed looking up window
08-31 14:21:30.888 W/WindowManager( 1283): java.lang.IllegalArgumentException: Requested window android.view.ViewRootImpl$W@a3da376 does not exist
08-31 14:21:30.888 W/WindowManager( 1283): 	at com.android.server.wm.WindowManagerService.windowForClientLocked(WindowManagerService.java:9459)
08-31 14:21:30.888 W/WindowManager( 1283): 	at com.android.server.wm.WindowManagerService.windowForClientLocked(WindowManagerService.java:9450)
08-31 14:21:30.888 W/WindowManager( 1283): 	at com.android.server.wm.WindowManagerService.removeWindow(WindowManagerService.java:2410)
08-31 14:21:30.888 W/WindowManager( 1283): 	at com.android.server.wm.Session.remove(Session.java:202)
08-31 14:21:30.888 W/WindowManager( 1283): 	at android.view.ViewRootImpl.dispatchDetachedFromWindow(ViewRootImpl.java:3290)
08-31 14:21:30.888 W/WindowManager( 1283): 	at android.view.ViewRootImpl.doDie(ViewRootImpl.java:5917)
08-31 14:21:30.888 W/WindowManager( 1283): 	at android.view.ViewRootImpl$ViewRootHandler.handleMessage(ViewRootImpl.java:3626)
08-31 14:21:30.888 W/WindowManager( 1283): 	at android.os.Handler.dispatchMessage(Handler.java:102)
08-31 14:21:30.888 W/WindowManager( 1283): 	at android.os.Looper.loop(Looper.java:154)
08-31 14:21:30.888 W/WindowManager( 1283): 	at android.os.HandlerThread.run(HandlerThread.java:61)
08-31 14:21:30.888 W/WindowManager( 1283): 	at com.android.server.ServiceThread.run(ServiceThread.java:46)
08-31 14:21:30.929 I/art     ( 1283): Background partial concurrent mark sweep GC freed 49812(2MB) AllocSpace objects, 15(388KB) LOS objects, 33% free, 13MB/20MB, paused 1.112ms total 220.226ms
08-31 14:21:31.149 I/ActivityManager( 1283): START u0 {act=android.content.pm.action.REQUEST_PERMISSIONS pkg=com.android.packageinstaller cmp=com.android.packageinstaller/.permission.ui.GrantPermissionsActivity (has extras)} from uid 10042 on display 0
08-31 14:21:31.326 W/ContextImpl( 1721): Calling a method in the system process without a qualified user: android.app.ContextImpl.startService:1358 android.content.ContextWrapper.startService:613 android.content.ContextWrapper.startService:613 com.android.coreservice.CoreBroadcastReceiver.onReceive:44 android.app.ActivityThread.handleReceiver:3073 
08-31 14:21:31.423 W/ActivityManager( 1283): Slow operation: 96ms so far, now at startProcess: returned from zygote!
08-31 14:21:31.524 W/ActivityManager( 1283): Slow operation: 196ms so far, now at startProcess: done updating battery stats
08-31 14:21:31.524 D/libnativebridge( 2532): call UnloadNativeBridge! state=1
08-31 14:21:31.524 W/ActivityManager( 1283): Slow operation: 197ms so far, now at startProcess: building log message
08-31 14:21:31.525 I/ActivityManager( 1283): Start proc 2532:com.android.chrome:sandboxed_process9/u0i9 for service com.android.chrome/org.chromium.content.app.SandboxedProcessService9
08-31 14:21:31.525 W/ActivityManager( 1283): Slow operation: 197ms so far, now at startProcess: starting to update pids map
08-31 14:21:31.525 W/ActivityManager( 1283): Slow operation: 197ms so far, now at startProcess: done updating pids map
08-31 14:21:31.525 W/ActivityManager( 1283): Slow operation: 202ms so far, now at startProcess: done starting proc!
08-31 14:21:31.654 I/ActivityManager( 1283): Start proc 2548:com.android.chrome:privileged_process0/u0a23 for service com.android.chrome/org.chromium.content.app.PrivilegedProcessService0
08-31 14:21:31.672 D/libnativebridge( 2548): call UnloadNativeBridge! state=1
08-31 14:21:31.776 W/ActivityManager( 1283): Activity pause timeout for ActivityRecord{7b8e8ae u0 com.ichi2.anki/.DeckPicker t9}
08-31 14:21:31.878 E/cr_CompositorSurfaceMgr( 1671): Transitioning to surface with format : -1
08-31 14:21:31.913 D/audio_hw_hal( 1089): log_func, out_standby
08-31 14:21:31.913 D/audio_hw_hal( 1089): raw_close_output_stream, dev=0xf6e480c0, stream =0xf6e43140
08-31 14:21:31.913 D/audio_hw_hal( 1089): raw_close_output_stream, stream=0xf6e43140,  success!
08-31 14:21:31.942 W/ActivityManager( 1283): Slow operation: 252ms so far, now at startProcess: returned from zygote!
08-31 14:21:31.942 W/ActivityManager( 1283): Slow operation: 253ms so far, now at startProcess: done updating battery stats
08-31 14:21:31.943 W/ActivityManager( 1283): Slow operation: 254ms so far, now at startProcess: building log message
08-31 14:21:31.943 I/ActivityManager( 1283): Start proc 2562:com.android.packageinstaller/u0a12 for activity com.android.packageinstaller/.permission.ui.GrantPermissionsActivity
08-31 14:21:31.943 W/ActivityManager( 1283): Slow operation: 254ms so far, now at startProcess: starting to update pids map
08-31 14:21:31.943 W/ActivityManager( 1283): Slow operation: 254ms so far, now at startProcess: done updating pids map
08-31 14:21:31.943 W/ActivityManager( 1283): Slow operation: 254ms so far, now at startProcess: done starting proc!
08-31 14:21:31.957 W/ActivityManager( 1283): Slow operation: 303ms so far, now at attachApplicationLocked: after mServices.attachApplicationLocked
08-31 14:21:32.030 W/art     ( 1283): Long monitor contention with owner Binder:1283_7 (1890) at void com.android.server.am.ActivityManagerService.attachApplication(android.app.IApplicationThread)(ActivityManagerService.java:6799) waiters=2 in void com.android.server.am.ActivityManagerService.attachApplication(android.app.IApplicationThread) for 268ms
08-31 14:21:32.091 D/libnativebridge( 2562): call UnloadNativeBridge! state=1
08-31 14:21:32.272 W/System  ( 2532): ClassLoader referenced unknown path: /system/app/Chrome/lib/x86
08-31 14:21:32.310 W/ContextImpl( 1721): Calling a method in the system process without a qualified user: android.app.ContextImpl.startService:1358 android.content.ContextWrapper.startService:613 android.content.ContextWrapper.startService:613 com.android.coreservice.CoreBroadcastReceiver.onReceive:53 android.app.ActivityThread.handleReceiver:3073 
