--------- beginning of system
09-01 10:12:24.564 I/ActivityManager( 1282): START u0 {cmp=com.android.intentfuzzer/.FuzzerActivity} from uid 10064 on display 0
--------- beginning of main
09-01 10:12:24.568 D/audio_hw_hal( 1088): raw_start_output_stream, stream=0xf6e43140, sampleRate=48000, channel=2, bps=16, bufSize=4096
09-01 10:12:24.575 W/ContextImpl( 1676): Calling a method in the system process without a qualified user: android.app.ContextImpl.startService:1358 android.content.ContextWrapper.startService:613 android.content.ContextWrapper.startService:613 com.android.coreservice.CoreBroadcastReceiver.onReceive:44 android.app.ActivityThread.handleReceiver:3073 
09-01 10:12:24.602 W/ContextImpl( 1676): Calling a method in the system process without a qualified user: android.app.ContextImpl.startService:1358 android.content.ContextWrapper.startService:613 android.content.ContextWrapper.startService:613 com.android.coreservice.CoreBroadcastReceiver.onReceive:53 android.app.ActivityThread.handleReceiver:3073 
09-01 10:12:24.861 E/EGL_adreno( 1948): tid 1965: eglSurfaceAttrib(1338): error 0x3009 (EGL_BAD_MATCH)
09-01 10:12:24.861 W/OpenGLRenderer( 1948): Failed to set EGL_SWAP_BEHAVIOR on surface 0x7fffeb5e41c0, error=EGL_BAD_MATCH
09-01 10:12:24.862 D/EGL_adreno( 1948): eglMakeCurrent: 0x7fffeb43c820: ver 3 1 (tinfo 0x7fffeb40d4a0)
09-01 10:12:24.893 I/ActivityManager( 1282): Displayed com.android.intentfuzzer/.FuzzerActivity: +314ms (total +28s334ms)
09-01 10:12:24.896 W/ContextImpl( 1676): Calling a method in the system process without a qualified user: android.app.ContextImpl.startService:1358 android.content.ContextWrapper.startService:613 android.content.ContextWrapper.startService:613 com.android.coreservice.CoreBroadcastReceiver.onReceive:69 android.app.ActivityThread.handleReceiver:3073 
09-01 10:12:24.944 W/ContextImpl( 1676): Calling a method in the system process without a qualified user: android.app.ContextImpl.startService:1358 android.content.ContextWrapper.startService:613 android.content.ContextWrapper.startService:613 com.android.coreservice.CoreBroadcastReceiver.onReceive:69 android.app.ActivityThread.handleReceiver:3073 
09-01 10:12:25.953 I/ActivityManager( 1282): START u0 {cmp=com.csipsimple/.ui.SipHome} from uid 10064 on display 0
09-01 10:12:25.961 W/System.err( 1948): java.lang.Exception: Toast callstack! strTip=Sent Null Intent { cmp=com.csipsimple/.ui.SipHome }
09-01 10:12:25.961 W/ContextImpl( 1676): Calling a method in the system process without a qualified user: android.app.ContextImpl.startService:1358 android.content.ContextWrapper.startService:613 android.content.ContextWrapper.startService:613 com.android.coreservice.CoreBroadcastReceiver.onReceive:44 android.app.ActivityThread.handleReceiver:3073 
09-01 10:12:25.963 W/System.err( 1948): 	at android.widget.Toast.show(Toast.java:130)
09-01 10:12:25.963 W/System.err( 1948): 	at com.android.intentfuzzer.FuzzerActivity$3.onClick(FuzzerActivity.java:165)
09-01 10:12:25.963 W/System.err( 1948): 	at android.view.View.performClick(View.java:5637)
09-01 10:12:25.963 W/System.err( 1948): 	at android.view.View$PerformClick.run(View.java:22429)
09-01 10:12:25.963 W/System.err( 1948): 	at android.os.Handler.handleCallback(Handler.java:751)
09-01 10:12:25.963 W/System.err( 1948): 	at android.os.Handler.dispatchMessage(Handler.java:95)
09-01 10:12:25.963 W/System.err( 1948): 	at android.os.Looper.loop(Looper.java:154)
09-01 10:12:25.963 W/System.err( 1948): 	at android.app.ActivityThread.main(ActivityThread.java:6190)
09-01 10:12:25.963 W/System.err( 1948): 	at java.lang.reflect.Method.invoke(Native Method)
09-01 10:12:25.963 W/System.err( 1948): 	at com.android.internal.os.ZygoteInit$MethodAndArgsCaller.run(ZygoteInit.java:892)
09-01 10:12:25.963 W/System.err( 1948): 	at com.android.internal.os.ZygoteInit.main(ZygoteInit.java:782)
09-01 10:12:25.965 I/ActivityManager( 1282): START u0 {cmp=com.csipsimple/.ui.calllog.CallLogDetailsActivity} from uid 10064 on display 0
09-01 10:12:25.965 W/ActivityManager( 1282): Permission Denial: starting Intent { cmp=com.csipsimple/.ui.calllog.CallLogDetailsActivity } from ProcessRecord{4ccee7c 1948:com.android.intentfuzzer/u0a64} (pid=1948, uid=10064) not exported from uid 10037
09-01 10:12:25.969 W/System.err( 1948): java.lang.Exception: Toast callstack! strTip=Send Intent Failed!
09-01 10:12:25.969 W/System.err( 1948): 	at android.widget.Toast.show(Toast.java:130)
09-01 10:12:25.969 W/System.err( 1948): 	at com.android.intentfuzzer.FuzzerActivity$3.onClick(FuzzerActivity.java:167)
09-01 10:12:25.969 W/System.err( 1948): 	at android.view.View.performClick(View.java:5637)
09-01 10:12:25.969 W/System.err( 1948): 	at android.view.View$PerformClick.run(View.java:22429)
09-01 10:12:25.969 W/System.err( 1948): 	at android.os.Handler.handleCallback(Handler.java:751)
09-01 10:12:25.969 W/System.err( 1948): 	at android.os.Handler.dispatchMessage(Handler.java:95)
09-01 10:12:25.969 W/System.err( 1948): 	at android.os.Looper.loop(Looper.java:154)
09-01 10:12:25.969 W/System.err( 1948): 	at android.app.ActivityThread.main(ActivityThread.java:6190)
09-01 10:12:25.969 W/System.err( 1948): 	at java.lang.reflect.Method.invoke(Native Method)
09-01 10:12:25.969 W/System.err( 1948): 	at com.android.internal.os.ZygoteInit$MethodAndArgsCaller.run(ZygoteInit.java:892)
09-01 10:12:25.969 W/System.err( 1948): 	at com.android.internal.os.ZygoteInit.main(ZygoteInit.java:782)
09-01 10:12:25.972 I/ActivityManager( 1282): START u0 {cmp=com.csipsimple/.ui.filters.AccountFilters} from uid 10064 on display 0
09-01 10:12:25.972 W/ActivityManager( 1282): Permission Denial: starting Intent { cmp=com.csipsimple/.ui.filters.AccountFilters } from ProcessRecord{4ccee7c 1948:com.android.intentfuzzer/u0a64} (pid=1948, uid=10064) not exported from uid 10037
09-01 10:12:25.973 W/System.err( 1948): java.lang.Exception: Toast callstack! strTip=Send Intent Failed!
09-01 10:12:25.973 W/System.err( 1948): 	at android.widget.Toast.show(Toast.java:130)
09-01 10:12:25.973 W/System.err( 1948): 	at com.android.intentfuzzer.FuzzerActivity$3.onClick(FuzzerActivity.java:167)
09-01 10:12:25.973 W/System.err( 1948): 	at android.view.View.performClick(View.java:5637)
09-01 10:12:25.973 W/System.err( 1948): 	at android.view.View$PerformClick.run(View.java:22429)
09-01 10:12:25.973 W/System.err( 1948): 	at android.os.Handler.handleCallback(Handler.java:751)
09-01 10:12:25.973 W/System.err( 1948): 	at android.os.Handler.dispatchMessage(Handler.java:95)
09-01 10:12:25.973 W/System.err( 1948): 	at android.os.Looper.loop(Looper.java:154)
09-01 10:12:25.973 W/System.err( 1948): 	at android.app.ActivityThread.main(ActivityThread.java:6190)
09-01 10:12:25.973 W/System.err( 1948): 	at java.lang.reflect.Method.invoke(Native Method)
09-01 10:12:25.973 W/System.err( 1948): 	at com.android.internal.os.ZygoteInit$MethodAndArgsCaller.run(ZygoteInit.java:892)
09-01 10:12:25.973 W/System.err( 1948): 	at com.android.internal.os.ZygoteInit.main(ZygoteInit.java:782)
09-01 10:12:25.975 I/ActivityManager( 1282): START u0 {cmp=com.csipsimple/.ui.filters.EditFilter} from uid 10064 on display 0
09-01 10:12:25.975 W/ActivityManager( 1282): Permission Denial: starting Intent { cmp=com.csipsimple/.ui.filters.EditFilter } from ProcessRecord{4ccee7c 1948:com.android.intentfuzzer/u0a64} (pid=1948, uid=10064) not exported from uid 10037
09-01 10:12:25.977 W/System.err( 1948): java.lang.Exception: Toast callstack! strTip=Send Intent Failed!
09-01 10:12:25.977 W/System.err( 1948): 	at android.widget.Toast.show(Toast.java:130)
09-01 10:12:25.977 W/System.err( 1948): 	at com.android.intentfuzzer.FuzzerActivity$3.onClick(FuzzerActivity.java:167)
09-01 10:12:25.977 W/System.err( 1948): 	at android.view.View.performClick(View.java:5637)
09-01 10:12:25.977 W/System.err( 1948): 	at android.view.View$PerformClick.run(View.java:22429)
09-01 10:12:25.978 W/System.err( 1948): 	at android.os.Handler.handleCallback(Handler.java:751)
09-01 10:12:25.978 W/System.err( 1948): 	at android.os.Handler.dispatchMessage(Handler.java:95)
09-01 10:12:25.978 W/System.err( 1948): 	at android.os.Looper.loop(Looper.java:154)
09-01 10:12:25.978 W/System.err( 1948): 	at android.app.ActivityThread.main(ActivityThread.java:6190)
09-01 10:12:25.978 W/System.err( 1948): 	at java.lang.reflect.Method.invoke(Native Method)
09-01 10:12:25.978 W/System.err( 1948): 	at com.android.internal.os.ZygoteInit$MethodAndArgsCaller.run(ZygoteInit.java:892)
09-01 10:12:25.978 W/System.err( 1948): 	at com.android.internal.os.ZygoteInit.main(ZygoteInit.java:782)
09-01 10:12:25.979 I/ActivityManager( 1282): START u0 {cmp=com.csipsimple/.wizards.WizardChooser} from uid 10064 on display 0
09-01 10:12:25.979 W/ActivityManager( 1282): Permission Denial: starting Intent { cmp=com.csipsimple/.wizards.WizardChooser } from ProcessRecord{4ccee7c 1948:com.android.intentfuzzer/u0a64} (pid=1948, uid=10064) not exported from uid 10037
09-01 10:12:25.980 W/System.err( 1948): java.lang.Exception: Toast callstack! strTip=Send Intent Failed!
09-01 10:12:25.980 W/System.err( 1948): 	at android.widget.Toast.show(Toast.java:130)
09-01 10:12:25.981 W/System.err( 1948): 	at com.android.intentfuzzer.FuzzerActivity$3.onClick(FuzzerActivity.java:167)
09-01 10:12:25.981 W/System.err( 1948): 	at android.view.View.performClick(View.java:5637)
09-01 10:12:25.981 W/System.err( 1948): 	at android.view.View$PerformClick.run(View.java:22429)
09-01 10:12:25.981 W/System.err( 1948): 	at android.os.Handler.handleCallback(Handler.java:751)
09-01 10:12:25.981 W/System.err( 1948): 	at android.os.Handler.dispatchMessage(Handler.java:95)
09-01 10:12:25.981 W/System.err( 1948): 	at android.os.Looper.loop(Looper.java:154)
09-01 10:12:25.981 W/System.err( 1948): 	at android.app.ActivityThread.main(ActivityThread.java:6190)
09-01 10:12:25.981 W/System.err( 1948): 	at java.lang.reflect.Method.invoke(Native Method)
09-01 10:12:25.981 W/System.err( 1948): 	at com.android.internal.os.ZygoteInit$MethodAndArgsCaller.run(ZygoteInit.java:892)
09-01 10:12:25.981 W/System.err( 1948): 	at com.android.internal.os.ZygoteInit.main(ZygoteInit.java:782)
09-01 10:12:25.983 I/ActivityManager( 1282): START u0 {cmp=com.csipsimple/.ui.prefs.hc.MainPrefs} from uid 10064 on display 0
09-01 10:12:25.983 W/ActivityManager( 1282): Permission Denial: starting Intent { cmp=com.csipsimple/.ui.prefs.hc.MainPrefs } from ProcessRecord{4ccee7c 1948:com.android.intentfuzzer/u0a64} (pid=1948, uid=10064) requires android.permission.CONFIGURE_SIP
09-01 10:12:25.986 W/System.err( 1948): java.lang.Exception: Toast callstack! strTip=Send Intent Failed!
09-01 10:12:25.986 W/System.err( 1948): 	at android.widget.Toast.show(Toast.java:130)
09-01 10:12:25.986 W/System.err( 1948): 	at com.android.intentfuzzer.FuzzerActivity$3.onClick(FuzzerActivity.java:167)
09-01 10:12:25.986 W/System.err( 1948): 	at android.view.View.performClick(View.java:5637)
09-01 10:12:25.986 W/System.err( 1948): 	at android.view.View$PerformClick.run(View.java:22429)
09-01 10:12:25.986 W/System.err( 1948): 	at android.os.Handler.handleCallback(Handler.java:751)
09-01 10:12:25.986 W/System.err( 1948): 	at android.os.Handler.dispatchMessage(Handler.java:95)
09-01 10:12:25.986 W/System.err( 1948): 	at android.os.Looper.loop(Looper.java:154)
09-01 10:12:25.986 W/System.err( 1948): 	at android.app.ActivityThread.main(ActivityThread.java:6190)
09-01 10:12:25.986 W/System.err( 1948): 	at java.lang.reflect.Method.invoke(Native Method)
09-01 10:12:25.986 W/System.err( 1948): 	at com.android.internal.os.ZygoteInit$MethodAndArgsCaller.run(ZygoteInit.java:892)
09-01 10:12:25.986 W/System.err( 1948): 	at com.android.internal.os.ZygoteInit.main(ZygoteInit.java:782)
09-01 10:12:25.988 I/ActivityManager( 1282): START u0 {cmp=com.csipsimple/.ui.prefs.cupcake.MainPrefs} from uid 10064 on display 0
09-01 10:12:25.989 W/System.err( 1948): java.lang.Exception: Toast callstack! strTip=Send Intent Failed!
09-01 10:12:25.989 W/System.err( 1948): 	at android.widget.Toast.show(Toast.java:130)
09-01 10:12:25.989 W/System.err( 1948): 	at com.android.intentfuzzer.FuzzerActivity$3.onClick(FuzzerActivity.java:167)
09-01 10:12:25.989 W/System.err( 1948): 	at android.view.View.performClick(View.java:5637)
09-01 10:12:25.989 W/System.err( 1948): 	at android.view.View$PerformClick.run(View.java:22429)
09-01 10:12:25.989 W/System.err( 1948): 	at android.os.Handler.handleCallback(Handler.java:751)
09-01 10:12:25.989 W/System.err( 1948): 	at android.os.Handler.dispatchMessage(Handler.java:95)
09-01 10:12:25.989 W/System.err( 1948): 	at android.os.Looper.loop(Looper.java:154)
09-01 10:12:25.989 W/System.err( 1948): 	at android.app.ActivityThread.main(ActivityThread.java:6190)
09-01 10:12:25.989 W/System.err( 1948): 	at java.lang.reflect.Method.invoke(Native Method)
09-01 10:12:25.989 W/System.err( 1948): 	at com.android.internal.os.ZygoteInit$MethodAndArgsCaller.run(ZygoteInit.java:892)
09-01 10:12:25.989 W/System.err( 1948): 	at com.android.internal.os.ZygoteInit.main(ZygoteInit.java:782)
09-01 10:12:25.991 I/ActivityManager( 1282): START u0 {cmp=com.csipsimple/.ui.prefs.cupcake.PrefsLoaderActivity} from uid 10064 on display 0
09-01 10:12:25.991 W/ActivityManager( 1282): Permission Denial: starting Intent { cmp=com.csipsimple/.ui.prefs.cupcake.PrefsLoaderActivity } from ProcessRecord{4ccee7c 1948:com.android.intentfuzzer/u0a64} (pid=1948, uid=10064) not exported from uid 10037
09-01 10:12:25.993 W/System.err( 1948): java.lang.Exception: Toast callstack! strTip=Send Intent Failed!
09-01 10:12:25.993 W/System.err( 1948): 	at android.widget.Toast.show(Toast.java:130)
09-01 10:12:25.993 W/System.err( 1948): 	at com.android.intentfuzzer.FuzzerActivity$3.onClick(FuzzerActivity.java:167)
09-01 10:12:25.993 W/System.err( 1948): 	at android.view.View.performClick(View.java:5637)
09-01 10:12:25.993 W/System.err( 1948): 	at android.view.View$PerformClick.run(View.java:22429)
09-01 10:12:25.993 W/System.err( 1948): 	at android.os.Handler.handleCallback(Handler.java:751)
09-01 10:12:25.993 W/System.err( 1948): 	at android.os.Handler.dispatchMessage(Handler.java:95)
09-01 10:12:25.993 W/System.err( 1948): 	at android.os.Looper.loop(Looper.java:154)
09-01 10:12:25.993 W/System.err( 1948): 	at android.app.ActivityThread.main(ActivityThread.java:6190)
09-01 10:12:25.994 W/System.err( 1948): 	at java.lang.reflect.Method.invoke(Native Method)
09-01 10:12:25.994 W/System.err( 1948): 	at com.android.internal.os.ZygoteInit$MethodAndArgsCaller.run(ZygoteInit.java:892)
09-01 10:12:25.994 W/System.err( 1948): 	at com.android.internal.os.ZygoteInit.main(ZygoteInit.java:782)
09-01 10:12:25.994 I/ActivityManager( 1282): START u0 {cmp=com.csipsimple/.ui.prefs.PrefsFilters} from uid 10064 on display 0
09-01 10:12:25.994 W/ActivityManager( 1282): Permission Denial: starting Intent { cmp=com.csipsimple/.ui.prefs.PrefsFilters } from ProcessRecord{4ccee7c 1948:com.android.intentfuzzer/u0a64} (pid=1948, uid=10064) not exported from uid 10037
09-01 10:12:25.997 W/System.err( 1948): java.lang.Exception: Toast callstack! strTip=Send Intent Failed!
09-01 10:12:25.997 W/System.err( 1948): 	at android.widget.Toast.show(Toast.java:130)
09-01 10:12:25.997 W/System.err( 1948): 	at com.android.intentfuzzer.FuzzerActivity$3.onClick(FuzzerActivity.java:167)
09-01 10:12:25.997 W/System.err( 1948): 	at android.view.View.performClick(View.java:5637)
09-01 10:12:25.997 W/System.err( 1948): 	at android.view.View$PerformClick.run(View.java:22429)
09-01 10:12:25.997 W/System.err( 1948): 	at android.os.Handler.handleCallback(Handler.java:751)
09-01 10:12:25.997 W/System.err( 1948): 	at android.os.Handler.dispatchMessage(Handler.java:95)
09-01 10:12:25.997 W/System.err( 1948): 	at android.os.Looper.loop(Looper.java:154)
09-01 10:12:25.997 W/System.err( 1948): 	at android.app.ActivityThread.main(ActivityThread.java:6190)
09-01 10:12:25.997 W/System.err( 1948): 	at java.lang.reflect.Method.invoke(Native Method)
09-01 10:12:25.997 W/System.err( 1948): 	at com.android.internal.os.ZygoteInit$MethodAndArgsCaller.run(ZygoteInit.java:892)
09-01 10:12:25.997 W/System.err( 1948): 	at com.android.internal.os.ZygoteInit.main(ZygoteInit.java:782)
09-01 10:12:25.999 I/ActivityManager( 1282): START u0 {cmp=com.csipsimple/.ui.prefs.PrefsFast} from uid 10064 on display 0
09-01 10:12:25.999 W/ActivityManager( 1282): Permission Denial: starting Intent { cmp=com.csipsimple/.ui.prefs.PrefsFast } from ProcessRecord{4ccee7c 1948:com.android.intentfuzzer/u0a64} (pid=1948, uid=10064) requires android.permission.CONFIGURE_SIP
09-01 10:12:26.000 W/System.err( 1948): java.lang.Exception: Toast callstack! strTip=Send Intent Failed!
09-01 10:12:26.000 W/System.err( 1948): 	at android.widget.Toast.show(Toast.java:130)
09-01 10:12:26.000 W/System.err( 1948): 	at com.android.intentfuzzer.FuzzerActivity$3.onClick(FuzzerActivity.java:167)
09-01 10:12:26.000 W/System.err( 1948): 	at android.view.View.performClick(View.java:5637)
09-01 10:12:26.000 W/System.err( 1948): 	at android.view.View$PerformClick.run(View.java:22429)
09-01 10:12:26.000 W/System.err( 1948): 	at android.os.Handler.handleCallback(Handler.java:751)
09-01 10:12:26.000 W/System.err( 1948): 	at android.os.Handler.dispatchMessage(Handler.java:95)
09-01 10:12:26.000 W/System.err( 1948): 	at android.os.Looper.loop(Looper.java:154)
09-01 10:12:26.000 W/System.err( 1948): 	at android.app.ActivityThread.main(ActivityThread.java:6190)
09-01 10:12:26.000 W/System.err( 1948): 	at java.lang.reflect.Method.invoke(Native Method)
09-01 10:12:26.001 W/System.err( 1948): 	at com.android.internal.os.ZygoteInit$MethodAndArgsCaller.run(ZygoteInit.java:892)
09-01 10:12:26.001 W/System.err( 1948): 	at com.android.internal.os.ZygoteInit.main(ZygoteInit.java:782)
09-01 10:12:26.001 I/ActivityManager( 1282): START u0 {cmp=com.csipsimple/.ui.prefs.Codecs} from uid 10064 on display 0
09-01 10:12:26.001 W/ActivityManager( 1282): Permission Denial: starting Intent { cmp=com.csipsimple/.ui.prefs.Codecs } from ProcessRecord{4ccee7c 1948:com.android.intentfuzzer/u0a64} (pid=1948, uid=10064) not exported from uid 10037
09-01 10:12:26.003 W/System.err( 1948): java.lang.Exception: Toast callstack! strTip=Send Intent Failed!
09-01 10:12:26.004 W/System.err( 1948): 	at android.widget.Toast.show(Toast.java:130)
09-01 10:12:26.004 W/System.err( 1948): 	at com.android.intentfuzzer.FuzzerActivity$3.onClick(FuzzerActivity.java:167)
09-01 10:12:26.004 W/System.err( 1948): 	at android.view.View.performClick(View.java:5637)
09-01 10:12:26.004 W/System.err( 1948): 	at android.view.View$PerformClick.run(View.java:22429)
09-01 10:12:26.004 W/System.err( 1948): 	at android.os.Handler.handleCallback(Handler.java:751)
09-01 10:12:26.004 W/System.err( 1948): 	at android.os.Handler.dispatchMessage(Handler.java:95)
09-01 10:12:26.004 W/System.err( 1948): 	at android.os.Looper.loop(Looper.java:154)
09-01 10:12:26.004 W/System.err( 1948): 	at android.app.ActivityThread.main(ActivityThread.java:6190)
09-01 10:12:26.004 W/System.err( 1948): 	at java.lang.reflect.Method.invoke(Native Method)
09-01 10:12:26.004 W/System.err( 1948): 	at com.android.internal.os.ZygoteInit$MethodAndArgsCaller.run(ZygoteInit.java:892)
09-01 10:12:26.004 W/System.err( 1948): 	at com.android.internal.os.ZygoteInit.main(ZygoteInit.java:782)
09-01 10:12:26.005 I/ActivityManager( 1282): START u0 {cmp=com.csipsimple/.ui.prefs.AudioTester} from uid 10064 on display 0
09-01 10:12:26.005 W/ActivityManager( 1282): Permission Denial: starting Intent { cmp=com.csipsimple/.ui.prefs.AudioTester } from ProcessRecord{4ccee7c 1948:com.android.intentfuzzer/u0a64} (pid=1948, uid=10064) not exported from uid 10037
09-01 10:12:26.007 W/System.err( 1948): java.lang.Exception: Toast callstack! strTip=Send Intent Failed!
09-01 10:12:26.007 W/System.err( 1948): 	at android.widget.Toast.show(Toast.java:130)
09-01 10:12:26.007 W/System.err( 1948): 	at com.android.intentfuzzer.FuzzerActivity$3.onClick(FuzzerActivity.java:167)
09-01 10:12:26.007 W/System.err( 1948): 	at android.view.View.performClick(View.java:5637)
09-01 10:12:26.007 W/System.err( 1948): 	at android.view.View$PerformClick.run(View.java:22429)
09-01 10:12:26.007 W/System.err( 1948): 	at android.os.Handler.handleCallback(Handler.java:751)
09-01 10:12:26.007 W/System.err( 1948): 	at android.os.Handler.dispatchMessage(Handler.java:95)
09-01 10:12:26.007 W/System.err( 1948): 	at android.os.Looper.loop(Looper.java:154)
09-01 10:12:26.007 W/System.err( 1948): 	at android.app.ActivityThread.main(ActivityThread.java:6190)
09-01 10:12:26.007 W/System.err( 1948): 	at java.lang.reflect.Method.invoke(Native Method)
09-01 10:12:26.007 W/System.err( 1948): 	at com.android.internal.os.ZygoteInit$MethodAndArgsCaller.run(ZygoteInit.java:892)
09-01 10:12:26.007 W/System.err( 1948): 	at com.android.internal.os.ZygoteInit.main(ZygoteInit.java:782)
09-01 10:12:26.008 I/ActivityManager( 1282): START u0 {cmp=com.csipsimple/.wizards.BasePrefsWizard} from uid 10064 on display 0
09-01 10:12:26.008 W/ActivityManager( 1282): Permission Denial: starting Intent { cmp=com.csipsimple/.wizards.BasePrefsWizard } from ProcessRecord{4ccee7c 1948:com.android.intentfuzzer/u0a64} (pid=1948, uid=10064) not exported from uid 10037
09-01 10:12:26.009 W/System.err( 1948): java.lang.Exception: Toast callstack! strTip=Send Intent Failed!
09-01 10:12:26.009 W/System.err( 1948): 	at android.widget.Toast.show(Toast.java:130)
09-01 10:12:26.009 W/System.err( 1948): 	at com.android.intentfuzzer.FuzzerActivity$3.onClick(FuzzerActivity.java:167)
09-01 10:12:26.009 W/System.err( 1948): 	at android.view.View.performClick(View.java:5637)
09-01 10:12:26.009 W/System.err( 1948): 	at android.view.View$PerformClick.run(View.java:22429)
09-01 10:12:26.009 W/System.err( 1948): 	at android.os.Handler.handleCallback(Handler.java:751)
09-01 10:12:26.009 W/System.err( 1948): 	at android.os.Handler.dispatchMessage(Handler.java:95)
09-01 10:12:26.009 W/System.err( 1948): 	at android.os.Looper.loop(Looper.java:154)
09-01 10:12:26.009 W/System.err( 1948): 	at android.app.ActivityThread.main(ActivityThread.java:6190)
09-01 10:12:26.009 W/System.err( 1948): 	at java.lang.reflect.Method.invoke(Native Method)
09-01 10:12:26.009 W/System.err( 1948): 	at com.android.internal.os.ZygoteInit$MethodAndArgsCaller.run(ZygoteInit.java:892)
09-01 10:12:26.009 W/System.err( 1948): 	at com.android.internal.os.ZygoteInit.main(ZygoteInit.java:782)
09-01 10:12:26.010 I/ActivityManager( 1282): START u0 {cmp=com.csipsimple/.ui.outgoingcall.OutgoingCallChooser} from uid 10064 on display 0
09-01 10:12:26.013 W/System.err( 1948): java.lang.Exception: Toast callstack! strTip=Sent Null Intent { cmp=com.csipsimple/.ui.outgoingcall.OutgoingCallChooser }
09-01 10:12:26.013 W/System.err( 1948): 	at android.widget.Toast.show(Toast.java:130)
09-01 10:12:26.013 W/System.err( 1948): 	at com.android.intentfuzzer.FuzzerActivity$3.onClick(FuzzerActivity.java:165)
09-01 10:12:26.013 W/System.err( 1948): 	at android.view.View.performClick(View.java:5637)
09-01 10:12:26.013 W/System.err( 1948): 	at android.view.View$PerformClick.run(View.java:22429)
09-01 10:12:26.013 W/System.err( 1948): 	at android.os.Handler.handleCallback(Handler.java:751)
09-01 10:12:26.013 W/System.err( 1948): 	at android.os.Handler.dispatchMessage(Handler.java:95)
09-01 10:12:26.013 W/System.err( 1948): 	at android.os.Looper.loop(Looper.java:154)
09-01 10:12:26.013 W/System.err( 1948): 	at android.app.ActivityThread.main(ActivityThread.java:6190)
09-01 10:12:26.013 W/System.err( 1948): 	at java.lang.reflect.Method.invoke(Native Method)
09-01 10:12:26.013 W/System.err( 1948): 	at com.android.internal.os.ZygoteInit$MethodAndArgsCaller.run(ZygoteInit.java:892)
09-01 10:12:26.013 W/System.err( 1948): 	at com.android.internal.os.ZygoteInit.main(ZygoteInit.java:782)
09-01 10:12:26.014 I/ActivityManager( 1282): START u0 {cmp=com.csipsimple/.ui.PrivilegedOutgoingSipCallBroadcaster} from uid 10064 on display 0
09-01 10:12:26.014 W/ActivityManager( 1282): Permission Denial: starting Intent { cmp=com.csipsimple/.ui.PrivilegedOutgoingSipCallBroadcaster } from ProcessRecord{4ccee7c 1948:com.android.intentfuzzer/u0a64} (pid=1948, uid=10064) requires android.permission.CALL_PRIVILEGED
09-01 10:12:26.015 W/System.err( 1948): java.lang.Exception: Toast callstack! strTip=Send Intent Failed!
09-01 10:12:26.015 W/System.err( 1948): 	at android.widget.Toast.show(Toast.java:130)
09-01 10:12:26.016 W/System.err( 1948): 	at com.android.intentfuzzer.FuzzerActivity$3.onClick(FuzzerActivity.java:167)
09-01 10:12:26.016 W/System.err( 1948): 	at android.view.View.performClick(View.java:5637)
09-01 10:12:26.016 W/System.err( 1948): 	at android.view.View$PerformClick.run(View.java:22429)
09-01 10:12:26.016 W/System.err( 1948): 	at android.os.Handler.handleCallback(Handler.java:751)
09-01 10:12:26.016 W/System.err( 1948): 	at android.os.Handler.dispatchMessage(Handler.java:95)
09-01 10:12:26.016 W/System.err( 1948): 	at android.os.Looper.loop(Looper.java:154)
09-01 10:12:26.016 W/System.err( 1948): 	at android.app.ActivityThread.main(ActivityThread.java:6190)
09-01 10:12:26.016 W/System.err( 1948): 	at java.lang.reflect.Method.invoke(Native Method)
09-01 10:12:26.016 W/System.err( 1948): 	at com.android.internal.os.ZygoteInit$MethodAndArgsCaller.run(ZygoteInit.java:892)
09-01 10:12:26.016 W/System.err( 1948): 	at com.android.internal.os.ZygoteInit.main(ZygoteInit.java:782)
09-01 10:12:26.016 I/ActivityManager( 1282): START u0 {cmp=com.csipsimple/.ui.PrivilegedOutgoingCallBroadcaster} from uid 10064 on display 0
09-01 10:12:26.017 W/System.err( 1948): java.lang.Exception: Toast callstack! strTip=Send Intent Failed!
09-01 10:12:26.017 W/System.err( 1948): 	at android.widget.Toast.show(Toast.java:130)
09-01 10:12:26.017 W/System.err( 1948): 	at com.android.intentfuzzer.FuzzerActivity$3.onClick(FuzzerActivity.java:167)
09-01 10:12:26.017 W/System.err( 1948): 	at android.view.View.performClick(View.java:5637)
09-01 10:12:26.017 W/System.err( 1948): 	at android.view.View$PerformClick.run(View.java:22429)
09-01 10:12:26.017 W/System.err( 1948): 	at android.os.Handler.handleCallback(Handler.java:751)
09-01 10:12:26.017 W/System.err( 1948): 	at android.os.Handler.dispatchMessage(Handler.java:95)
09-01 10:12:26.017 W/System.err( 1948): 	at android.os.Looper.loop(Looper.java:154)
09-01 10:12:26.017 W/System.err( 1948): 	at android.app.ActivityThread.main(ActivityThread.java:6190)
09-01 10:12:26.017 W/System.err( 1948): 	at java.lang.reflect.Method.invoke(Native Method)
09-01 10:12:26.017 W/System.err( 1948): 	at com.android.internal.os.ZygoteInit$MethodAndArgsCaller.run(ZygoteInit.java:892)
09-01 10:12:26.017 W/System.err( 1948): 	at com.android.internal.os.ZygoteInit.main(ZygoteInit.java:782)
09-01 10:12:26.018 I/ActivityManager( 1282): START u0 {cmp=com.csipsimple/.ui.incall.InCallActivity} from uid 10064 on display 0
09-01 10:12:26.018 W/ActivityManager( 1282): Permission Denial: starting Intent { cmp=com.csipsimple/.ui.incall.InCallActivity } from ProcessRecord{4ccee7c 1948:com.android.intentfuzzer/u0a64} (pid=1948, uid=10064) requires android.permission.CONFIGURE_SIP
09-01 10:12:26.020 W/System.err( 1948): java.lang.Exception: Toast callstack! strTip=Send Intent Failed!
09-01 10:12:26.020 W/System.err( 1948): 	at android.widget.Toast.show(Toast.java:130)
09-01 10:12:26.020 W/System.err( 1948): 	at com.android.intentfuzzer.FuzzerActivity$3.onClick(FuzzerActivity.java:167)
09-01 10:12:26.020 W/System.err( 1948): 	at android.view.View.performClick(View.java:5637)
09-01 10:12:26.020 W/System.err( 1948): 	at android.view.View$PerformClick.run(View.java:22429)
09-01 10:12:26.020 W/System.err( 1948): 	at android.os.Handler.handleCallback(Handler.java:751)
09-01 10:12:26.020 W/System.err( 1948): 	at android.os.Handler.dispatchMessage(Handler.java:95)
09-01 10:12:26.020 W/System.err( 1948): 	at android.os.Looper.loop(Looper.java:154)
09-01 10:12:26.020 W/System.err( 1948): 	at android.app.ActivityThread.main(ActivityThread.java:6190)
09-01 10:12:26.020 W/System.err( 1948): 	at java.lang.reflect.Method.invoke(Native Method)
09-01 10:12:26.020 W/System.err( 1948): 	at com.android.internal.os.ZygoteInit$MethodAndArgsCaller.run(ZygoteInit.java:892)
09-01 10:12:26.020 W/System.err( 1948): 	at com.android.internal.os.ZygoteInit.main(ZygoteInit.java:782)
09-01 10:12:26.022 I/ActivityManager( 1282): START u0 {cmp=com.csipsimple/.ui.PickupSipUri} from uid 10064 on display 0
09-01 10:12:26.022 W/ActivityManager( 1282): Permission Denial: starting Intent { cmp=com.csipsimple/.ui.PickupSipUri } from ProcessRecord{4ccee7c 1948:com.android.intentfuzzer/u0a64} (pid=1948, uid=10064) not exported from uid 10037
09-01 10:12:26.023 W/System.err( 1948): java.lang.Exception: Toast callstack! strTip=Send Intent Failed!
09-01 10:12:26.023 W/System.err( 1948): 	at android.widget.Toast.show(Toast.java:130)
09-01 10:12:26.024 W/System.err( 1948): 	at com.android.intentfuzzer.FuzzerActivity$3.onClick(FuzzerActivity.java:167)
09-01 10:12:26.024 W/System.err( 1948): 	at android.view.View.performClick(View.java:5637)
09-01 10:12:26.024 W/System.err( 1948): 	at android.view.View$PerformClick.run(View.java:22429)
09-01 10:12:26.024 W/System.err( 1948): 	at android.os.Handler.handleCallback(Handler.java:751)
09-01 10:12:26.024 W/System.err( 1948): 	at android.os.Handler.dispatchMessage(Handler.java:95)
09-01 10:12:26.024 W/System.err( 1948): 	at android.os.Looper.loop(Looper.java:154)
09-01 10:12:26.024 W/System.err( 1948): 	at android.app.ActivityThread.main(ActivityThread.java:6190)
09-01 10:12:26.024 W/System.err( 1948): 	at java.lang.reflect.Method.invoke(Native Method)
09-01 10:12:26.024 W/System.err( 1948): 	at com.android.internal.os.ZygoteInit$MethodAndArgsCaller.run(ZygoteInit.java:892)
09-01 10:12:26.024 W/System.err( 1948): 	at com.android.internal.os.ZygoteInit.main(ZygoteInit.java:782)
09-01 10:12:26.025 I/ActivityManager( 1282): START u0 {cmp=com.csipsimple/.ui.incall.InCallMediaControl} from uid 10064 on display 0
09-01 10:12:26.025 W/ActivityManager( 1282): Permission Denial: starting Intent { cmp=com.csipsimple/.ui.incall.InCallMediaControl } from ProcessRecord{4ccee7c 1948:com.android.intentfuzzer/u0a64} (pid=1948, uid=10064) not exported from uid 10037
09-01 10:12:26.027 W/System.err( 1948): java.lang.Exception: Toast callstack! strTip=Send Intent Failed!
09-01 10:12:26.027 W/System.err( 1948): 	at android.widget.Toast.show(Toast.java:130)
09-01 10:12:26.027 W/System.err( 1948): 	at com.android.intentfuzzer.FuzzerActivity$3.onClick(FuzzerActivity.java:167)
09-01 10:12:26.027 W/System.err( 1948): 	at android.view.View.performClick(View.java:5637)
09-01 10:12:26.027 W/System.err( 1948): 	at android.view.View$PerformClick.run(View.java:22429)
09-01 10:12:26.027 W/System.err( 1948): 	at android.os.Handler.handleCallback(Handler.java:751)
09-01 10:12:26.027 W/System.err( 1948): 	at android.os.Handler.dispatchMessage(Handler.java:95)
09-01 10:12:26.028 W/System.err( 1948): 	at android.os.Looper.loop(Looper.java:154)
09-01 10:12:26.028 W/System.err( 1948): 	at android.app.ActivityThread.main(ActivityThread.java:6190)
09-01 10:12:26.028 W/System.err( 1948): 	at java.lang.reflect.Method.invoke(Native Method)
09-01 10:12:26.028 W/System.err( 1948): 	at com.android.internal.os.ZygoteInit$MethodAndArgsCaller.run(ZygoteInit.java:892)
09-01 10:12:26.028 W/System.err( 1948): 	at com.android.internal.os.ZygoteInit.main(ZygoteInit.java:782)
09-01 10:12:26.029 I/ActivityManager( 1282): START u0 {cmp=com.csipsimple/.widgets.AccountWidgetConfigure} from uid 10064 on display 0
09-01 10:12:26.036 W/ContextImpl( 1676): Calling a method in the system process without a qualified user: android.app.ContextImpl.startService:1358 android.content.ContextWrapper.startService:613 android.content.ContextWrapper.startService:613 com.android.coreservice.CoreBroadcastReceiver.onReceive:44 android.app.ActivityThread.handleReceiver:3073 
09-01 10:12:26.040 W/System.err( 1948): java.lang.Exception: Toast callstack! strTip=Sent Null Intent { cmp=com.csipsimple/.widgets.AccountWidgetConfigure }
09-01 10:12:26.040 W/System.err( 1948): 	at android.widget.Toast.show(Toast.java:130)
09-01 10:12:26.040 W/System.err( 1948): 	at com.android.intentfuzzer.FuzzerActivity$3.onClick(FuzzerActivity.java:165)
09-01 10:12:26.040 W/System.err( 1948): 	at android.view.View.performClick(View.java:5637)
09-01 10:12:26.040 W/System.err( 1948): 	at android.view.View$PerformClick.run(View.java:22429)
09-01 10:12:26.040 W/System.err( 1948): 	at android.os.Handler.handleCallback(Handler.java:751)
09-01 10:12:26.040 W/System.err( 1948): 	at android.os.Handler.dispatchMessage(Handler.java:95)
09-01 10:12:26.040 W/System.err( 1948): 	at android.os.Looper.loop(Looper.java:154)
09-01 10:12:26.040 W/System.err( 1948): 	at android.app.ActivityThread.main(ActivityThread.java:6190)
09-01 10:12:26.040 W/System.err( 1948): 	at java.lang.reflect.Method.invoke(Native Method)
09-01 10:12:26.040 W/System.err( 1948): 	at com.android.internal.os.ZygoteInit$MethodAndArgsCaller.run(ZygoteInit.java:892)
09-01 10:12:26.040 W/System.err( 1948): 	at com.android.internal.os.ZygoteInit.main(ZygoteInit.java:782)
09-01 10:12:26.041 I/ActivityManager( 1282): START u0 {cmp=com.csipsimple/.widgets.ShortcutWidgetConfigure} from uid 10064 on display 0
09-01 10:12:26.043 W/ContextImpl( 1676): Calling a method in the system process without a qualified user: android.app.ContextImpl.startService:1358 android.content.ContextWrapper.startService:613 android.content.ContextWrapper.startService:613 com.android.coreservice.CoreBroadcastReceiver.onReceive:44 android.app.ActivityThread.handleReceiver:3073 
09-01 10:12:26.048 W/System.err( 1948): java.lang.Exception: Toast callstack! strTip=Sent Null Intent { cmp=com.csipsimple/.widgets.ShortcutWidgetConfigure }
09-01 10:12:26.048 W/System.err( 1948): 	at android.widget.Toast.show(Toast.java:130)
09-01 10:12:26.048 W/System.err( 1948): 	at com.android.intentfuzzer.FuzzerActivity$3.onClick(FuzzerActivity.java:165)
09-01 10:12:26.048 W/System.err( 1948): 	at android.view.View.performClick(View.java:5637)
09-01 10:12:26.048 W/System.err( 1948): 	at android.view.View$PerformClick.run(View.java:22429)
09-01 10:12:26.048 W/System.err( 1948): 	at android.os.Handler.handleCallback(Handler.java:751)
09-01 10:12:26.048 W/System.err( 1948): 	at android.os.Handler.dispatchMessage(Handler.java:95)
09-01 10:12:26.048 W/System.err( 1948): 	at android.os.Looper.loop(Looper.java:154)
09-01 10:12:26.048 W/System.err( 1948): 	at android.app.ActivityThread.main(ActivityThread.java:6190)
09-01 10:12:26.048 W/System.err( 1948): 	at java.lang.reflect.Method.invoke(Native Method)
09-01 10:12:26.048 W/System.err( 1948): 	at com.android.internal.os.ZygoteInit$MethodAndArgsCaller.run(ZygoteInit.java:892)
09-01 10:12:26.048 W/System.err( 1948): 	at com.android.internal.os.ZygoteInit.main(ZygoteInit.java:782)
09-01 10:12:26.050 I/ActivityManager( 1282): START u0 {cmp=com.csipsimple/.ui.messages.MessageActivity} from uid 10064 on display 0
09-01 10:12:26.050 W/ActivityManager( 1282): Permission Denial: starting Intent { cmp=com.csipsimple/.ui.messages.MessageActivity } from ProcessRecord{4ccee7c 1948:com.android.intentfuzzer/u0a64} (pid=1948, uid=10064) not exported from uid 10037
09-01 10:12:26.051 W/System.err( 1948): java.lang.Exception: Toast callstack! strTip=Send Intent Failed!
09-01 10:12:26.051 W/System.err( 1948): 	at android.widget.Toast.show(Toast.java:130)
09-01 10:12:26.051 W/System.err( 1948): 	at com.android.intentfuzzer.FuzzerActivity$3.onClick(FuzzerActivity.java:167)
09-01 10:12:26.051 W/System.err( 1948): 	at android.view.View.performClick(View.java:5637)
09-01 10:12:26.051 W/System.err( 1948): 	at android.view.View$PerformClick.run(View.java:22429)
09-01 10:12:26.051 W/System.err( 1948): 	at android.os.Handler.handleCallback(Handler.java:751)
09-01 10:12:26.051 W/System.err( 1948): 	at android.os.Handler.dispatchMessage(Handler.java:95)
09-01 10:12:26.051 W/System.err( 1948): 	at android.os.Looper.loop(Looper.java:154)
09-01 10:12:26.051 W/System.err( 1948): 	at android.app.ActivityThread.main(ActivityThread.java:6190)
09-01 10:12:26.051 W/System.err( 1948): 	at java.lang.reflect.Method.invoke(Native Method)
09-01 10:12:26.051 W/System.err( 1948): 	at com.android.internal.os.ZygoteInit$MethodAndArgsCaller.run(ZygoteInit.java:892)
09-01 10:12:26.051 W/System.err( 1948): 	at com.android.internal.os.ZygoteInit.main(ZygoteInit.java:782)
09-01 10:12:26.052 I/ActivityManager( 1282): START u0 {cmp=com.csipsimple/.ui.account.AccountsEditList} from uid 10064 on display 0
09-01 10:12:26.052 W/ActivityManager( 1282): Permission Denial: starting Intent { cmp=com.csipsimple/.ui.account.AccountsEditList } from ProcessRecord{4ccee7c 1948:com.android.intentfuzzer/u0a64} (pid=1948, uid=10064) not exported from uid 10037
09-01 10:12:26.053 W/System.err( 1948): java.lang.Exception: Toast callstack! strTip=Send Intent Failed!
09-01 10:12:26.054 W/System.err( 1948): 	at android.widget.Toast.show(Toast.java:130)
09-01 10:12:26.054 W/System.err( 1948): 	at com.android.intentfuzzer.FuzzerActivity$3.onClick(FuzzerActivity.java:167)
09-01 10:12:26.054 W/System.err( 1948): 	at android.view.View.performClick(View.java:5637)
09-01 10:12:26.054 W/System.err( 1948): 	at android.view.View$PerformClick.run(View.java:22429)
09-01 10:12:26.054 W/System.err( 1948): 	at android.os.Handler.handleCallback(Handler.java:751)
09-01 10:12:26.054 W/System.err( 1948): 	at android.os.Handler.dispatchMessage(Handler.java:95)
09-01 10:12:26.054 W/System.err( 1948): 	at android.os.Looper.loop(Looper.java:154)
09-01 10:12:26.054 W/System.err( 1948): 	at android.app.ActivityThread.main(ActivityThread.java:6190)
09-01 10:12:26.054 W/System.err( 1948): 	at java.lang.reflect.Method.invoke(Native Method)
09-01 10:12:26.054 W/System.err( 1948): 	at com.android.internal.os.ZygoteInit$MethodAndArgsCaller.run(ZygoteInit.java:892)
09-01 10:12:26.054 W/System.err( 1948): 	at com.android.internal.os.ZygoteInit.main(ZygoteInit.java:782)
09-01 10:12:26.055 I/ActivityManager( 1282): START u0 {cmp=com.csipsimple/.ui.account.AccountEdit} from uid 10064 on display 0
09-01 10:12:26.055 W/ActivityManager( 1282): Permission Denial: starting Intent { cmp=com.csipsimple/.ui.account.AccountEdit } from ProcessRecord{4ccee7c 1948:com.android.intentfuzzer/u0a64} (pid=1948, uid=10064) not exported from uid 10037
09-01 10:12:26.057 W/System.err( 1948): java.lang.Exception: Toast callstack! strTip=Send Intent Failed!
09-01 10:12:26.057 W/System.err( 1948): 	at android.widget.Toast.show(Toast.java:130)
09-01 10:12:26.058 W/System.err( 1948): 	at com.android.intentfuzzer.FuzzerActivity$3.onClick(FuzzerActivity.java:167)
09-01 10:12:26.058 W/System.err( 1948): 	at android.view.View.performClick(View.java:5637)
09-01 10:12:26.058 W/System.err( 1948): 	at android.view.View$PerformClick.run(View.java:22429)
09-01 10:12:26.058 W/System.err( 1948): 	at android.os.Handler.handleCallback(Handler.java:751)
09-01 10:12:26.058 W/System.err( 1948): 	at android.os.Handler.dispatchMessage(Handler.java:95)
09-01 10:12:26.058 W/System.err( 1948): 	at android.os.Looper.loop(Looper.java:154)
09-01 10:12:26.058 W/System.err( 1948): 	at android.app.ActivityThread.main(ActivityThread.java:6190)
09-01 10:12:26.058 W/System.err( 1948): 	at java.lang.reflect.Method.invoke(Native Method)
09-01 10:12:26.058 W/System.err( 1948): 	at com.android.internal.os.ZygoteInit$MethodAndArgsCaller.run(ZygoteInit.java:892)
09-01 10:12:26.058 W/System.err( 1948): 	at com.android.internal.os.ZygoteInit.main(ZygoteInit.java:782)
09-01 10:12:26.059 W/ContextImpl( 1676): Calling a method in the system process without a qualified user: android.app.ContextImpl.startService:1358 android.content.ContextWrapper.startService:613 android.content.ContextWrapper.startService:613 com.android.coreservice.CoreBroadcastReceiver.onReceive:44 android.app.ActivityThread.handleReceiver:3073 
09-01 10:12:26.061 I/ActivityManager( 1282): START u0 {cmp=com.csipsimple/.wizards.impl.MondotalkCreate} from uid 10064 on display 0
09-01 10:12:26.061 W/ActivityManager( 1282): Permission Denial: starting Intent { cmp=com.csipsimple/.wizards.impl.MondotalkCreate } from ProcessRecord{4ccee7c 1948:com.android.intentfuzzer/u0a64} (pid=1948, uid=10064) not exported from uid 10037
09-01 10:12:26.062 W/System.err( 1948): java.lang.Exception: Toast callstack! strTip=Send Intent Failed!
09-01 10:12:26.063 W/System.err( 1948): 	at android.widget.Toast.show(Toast.java:130)
09-01 10:12:26.063 W/System.err( 1948): 	at com.android.intentfuzzer.FuzzerActivity$3.onClick(FuzzerActivity.java:167)
09-01 10:12:26.063 W/System.err( 1948): 	at android.view.View.performClick(View.java:5637)
09-01 10:12:26.063 W/System.err( 1948): 	at android.view.View$PerformClick.run(View.java:22429)
09-01 10:12:26.063 W/System.err( 1948): 	at android.os.Handler.handleCallback(Handler.java:751)
09-01 10:12:26.063 W/System.err( 1948): 	at android.os.Handler.dispatchMessage(Handler.java:95)
09-01 10:12:26.063 W/System.err( 1948): 	at android.os.Looper.loop(Looper.java:154)
09-01 10:12:26.063 W/System.err( 1948): 	at android.app.ActivityThread.main(ActivityThread.java:6190)
09-01 10:12:26.063 W/System.err( 1948): 	at java.lang.reflect.Method.invoke(Native Method)
09-01 10:12:26.063 W/System.err( 1948): 	at com.android.internal.os.ZygoteInit$MethodAndArgsCaller.run(ZygoteInit.java:892)
09-01 10:12:26.063 W/System.err( 1948): 	at com.android.internal.os.ZygoteInit.main(ZygoteInit.java:782)
09-01 10:12:26.114 I/ActivityManager( 1282): Start proc 2297:com.csipsimple/u0a37 for activity com.csipsimple/.widgets.ShortcutWidgetConfigure
09-01 10:12:26.114 D/libnativebridge( 2297): PreInitializeNativeBridge name=zygote instruction_set=arm
09-01 10:12:26.117 V/libnb   ( 2297): enter native_bridge2_initialize /data/user/0/com.csipsimple/code_cache arm
09-01 10:12:26.121 D/houdini ( 2297): [2297] Initialize library(version: 7.1.0a_y.49344 RELEASE)... successfully.
09-01 10:12:26.149 I/HostConnection( 1282): HostConnection::HostConnection: pid=1282, tid=1593, this=0x7fffcd0ee0c0
09-01 10:12:26.151 I/        ( 1282): fastpipe: Connect success
09-01 10:12:26.151 D/HostConnection( 1282): HostRPC::connect sucess: app=system_server, pid=1282, tid=1593, this=0x7fffcb9f4440
09-01 10:12:26.152 D/HostConnection( 1282): queryAndSetGLESMaxVersion select gles-version: 3.1 hostGLVersion:46 process:system_server
09-01 10:12:26.168 E/EGL_adreno( 1083): tid 1083: eglCreateSyncKHR(2089): error 0x3004 (EGL_BAD_ATTRIBUTE)
09-01 10:12:26.313 W/art     ( 1282): Long monitor contention with owner Binder:1282_4 (1593) at void com.android.server.am.ActivityManagerService.activityPaused(android.os.IBinder)(ActivityManagerService.java:7045) waiters=0 in void com.android.server.am.ActivityManagerService.finishReceiver(android.os.IBinder, int, java.lang.String, android.os.Bundle, boolean, int) for 242ms
09-01 10:12:26.333 W/InputMethodManagerService( 1282): Focus gain on non-focused client com.android.internal.view.IInputMethodClient$Stub$Proxy@6014fa5 (uid=10064 pid=1948)
09-01 10:12:26.340 W/ContextImpl( 1676): Calling a method in the system process without a qualified user: android.app.ContextImpl.startService:1358 android.content.ContextWrapper.startService:613 android.content.ContextWrapper.startService:613 com.android.coreservice.CoreBroadcastReceiver.onReceive:53 android.app.ActivityThread.handleReceiver:3073 
09-01 10:12:26.439 E/EGL_adreno( 1948): tid 1965: eglSurfaceAttrib(1338): error 0x3009 (EGL_BAD_MATCH)
09-01 10:12:26.440 W/OpenGLRenderer( 1948): Failed to set EGL_SWAP_BEHAVIOR on surface 0x7fffeb5e4340, error=EGL_BAD_MATCH
09-01 10:12:26.450 D/EGL_adreno( 1948): eglMakeCurrent: 0x7fffeb43c820: ver 3 1 (tinfo 0x7fffeb40d4a0)
09-01 10:12:26.540 D/EGL_adreno( 1948): eglMakeCurrent: 0x7fffeb43c820: ver 3 1 (tinfo 0x7fffeb40d4a0)
09-01 10:12:26.823 W/ContextImpl( 1676): Calling a method in the system process without a qualified user: android.app.ContextImpl.startService:1358 android.content.ContextWrapper.startService:613 android.content.ContextWrapper.startService:613 com.android.coreservice.CoreBroadcastReceiver.onReceive:53 android.app.ActivityThread.handleReceiver:3073 
09-01 10:12:26.875 I/HostConnection( 2297): HostConnection::HostConnection: pid=2297, tid=2314, this=0xf36187c0
09-01 10:12:26.879 I/        ( 2297): fastpipe: Connect success
09-01 10:12:26.880 D/HostConnection( 2297): HostRPC::connect sucess: app=com.csipsimple, pid=2297, tid=2314, this=0xebbb4700
09-01 10:12:26.882 D/HostConnection( 2297): queryAndSetGLESMaxVersion select gles-version: 3.1 hostGLVersion:46 process:com.csipsimple
09-01 10:12:26.885 I/        ( 2297): fastpipe: Connect success
09-01 10:12:26.888 D/HostConnection( 2297): recv ProcessPuidReply name=com.csipsimple puid=15 g_u64CapsFlag=1d
09-01 10:12:26.889 I/OpenGLRenderer( 2297): Initialized EGL, version 1.4
09-01 10:12:26.890 D/OpenGLRenderer( 2297): Swap behavior 1
09-01 10:12:26.890 I/EGL_adreno( 2297): eglCreateContext request GLES major-version=2
09-01 10:12:26.906 D/EGL_adreno( 2297): eglCreateContext: 0xebb85120: maj 3 min 1 rcv 4
09-01 10:12:27.035 D/EGL_adreno( 2297): eglMakeCurrent: 0xebb85120: ver 3 1 (tinfo 0xebb831d0)
09-01 10:12:27.055 D/HostConnection( 2297): ExtendedRCEncoderContext GL_VERSION return OpenGL ES 3.1
09-01 10:12:27.072 E/EGL_adreno( 2297): tid 2314: eglSurfaceAttrib(1338): error 0x3009 (EGL_BAD_MATCH)
09-01 10:12:27.072 W/OpenGLRenderer( 2297): Failed to set EGL_SWAP_BEHAVIOR on surface 0xebb84d40, error=EGL_BAD_MATCH
09-01 10:12:27.075 D/EGL_adreno( 2297): eglMakeCurrent: 0xebb85120: ver 3 1 (tinfo 0xebb831d0)
09-01 10:12:27.148 I/ActivityManager( 1282): Displayed com.csipsimple/.widgets.ShortcutWidgetConfigure: +1s80ms
09-01 10:12:27.149 W/ContextImpl( 1676): Calling a method in the system process without a qualified user: android.app.ContextImpl.startService:1358 android.content.ContextWrapper.startService:613 android.content.ContextWrapper.startService:613 com.android.coreservice.CoreBroadcastReceiver.onReceive:69 android.app.ActivityThread.handleReceiver:3073 
09-01 10:12:27.153 W/ContextImpl( 1676): Calling a method in the system process without a qualified user: android.app.ContextImpl.startService:1358 android.content.ContextWrapper.startService:613 android.content.ContextWrapper.startService:613 com.android.coreservice.CoreBroadcastReceiver.onReceive:69 android.app.ActivityThread.handleReceiver:3073 
09-01 10:12:29.064 D/audio_hw_hal( 1088): log_func, out_standby
09-01 10:12:29.064 D/audio_hw_hal( 1088): raw_close_output_stream, dev=0xf6e480c0, stream =0xf6e43140
09-01 10:12:29.064 D/audio_hw_hal( 1088): raw_close_output_stream, stream=0xf6e43140,  success!
09-01 10:12:29.469 D/EGL_adreno( 1948): eglMakeCurrent: 0x7fffeb43c820: ver 3 1 (tinfo 0x7fffeb40d4a0)
09-01 10:12:29.470 W/WindowManager( 1282): Attempted to remove non-existing token: android.os.Binder@8065146
09-01 10:12:29.536 E/EGL_adreno( 1948): tid 1965: eglSurfaceAttrib(1338): error 0x3009 (EGL_BAD_MATCH)
09-01 10:12:29.536 W/OpenGLRenderer( 1948): Failed to set EGL_SWAP_BEHAVIOR on surface 0x7fffeb5e4340, error=EGL_BAD_MATCH
09-01 10:12:29.537 D/EGL_adreno( 1948): eglMakeCurrent: 0x7fffeb43c820: ver 3 1 (tinfo 0x7fffeb40d4a0)
09-01 10:12:32.973 W/WindowManager( 1282): Attempted to remove non-existing token: android.os.Binder@9981f07
09-01 10:12:32.975 D/EGL_adreno( 1948): eglMakeCurrent: 0x7fffeb43c820: ver 3 1 (tinfo 0x7fffeb40d4a0)
09-01 10:12:33.030 E/EGL_adreno( 1948): tid 1965: eglSurfaceAttrib(1338): error 0x3009 (EGL_BAD_MATCH)
09-01 10:12:33.030 W/OpenGLRenderer( 1948): Failed to set EGL_SWAP_BEHAVIOR on surface 0x7fffeb5e4340, error=EGL_BAD_MATCH
09-01 10:12:33.037 D/EGL_adreno( 1948): eglMakeCurrent: 0x7fffeb43c820: ver 3 1 (tinfo 0x7fffeb40d4a0)
09-01 10:12:36.474 I/UsageStatsService( 1282): User[0] Flushing usage stats to disk
09-01 10:12:36.479 W/WindowManager( 1282): Attempted to remove non-existing token: android.os.Binder@5a38834
09-01 10:12:36.481 D/EGL_adreno( 1948): eglMakeCurrent: 0x7fffeb43c820: ver 3 1 (tinfo 0x7fffeb40d4a0)
09-01 10:12:36.539 E/EGL_adreno( 1948): tid 1965: eglSurfaceAttrib(1338): error 0x3009 (EGL_BAD_MATCH)
09-01 10:12:36.539 W/OpenGLRenderer( 1948): Failed to set EGL_SWAP_BEHAVIOR on surface 0x7fffeb5e4340, error=EGL_BAD_MATCH
09-01 10:12:36.541 D/EGL_adreno( 1948): eglMakeCurrent: 0x7fffeb43c820: ver 3 1 (tinfo 0x7fffeb40d4a0)
09-01 10:12:39.984 W/WindowManager( 1282): Attempted to remove non-existing token: android.os.Binder@659065d
09-01 10:12:39.987 D/EGL_adreno( 1948): eglMakeCurrent: 0x7fffeb43c820: ver 3 1 (tinfo 0x7fffeb40d4a0)
09-01 10:12:40.045 E/EGL_adreno( 1948): tid 1965: eglSurfaceAttrib(1338): error 0x3009 (EGL_BAD_MATCH)
09-01 10:12:40.045 W/OpenGLRenderer( 1948): Failed to set EGL_SWAP_BEHAVIOR on surface 0x7fffeb5e4340, error=EGL_BAD_MATCH
09-01 10:12:40.053 D/EGL_adreno( 1948): eglMakeCurrent: 0x7fffeb43c820: ver 3 1 (tinfo 0x7fffeb40d4a0)
09-01 10:12:43.490 W/WindowManager( 1282): Attempted to remove non-existing token: android.os.Binder@cc63bd2
09-01 10:12:43.492 D/EGL_adreno( 1948): eglMakeCurrent: 0x7fffeb43c820: ver 3 1 (tinfo 0x7fffeb40d4a0)
09-01 10:12:43.547 E/EGL_adreno( 1948): tid 1965: eglSurfaceAttrib(1338): error 0x3009 (EGL_BAD_MATCH)
09-01 10:12:43.547 W/OpenGLRenderer( 1948): Failed to set EGL_SWAP_BEHAVIOR on surface 0x7fffeb5e4340, error=EGL_BAD_MATCH
09-01 10:12:43.553 D/EGL_adreno( 1948): eglMakeCurrent: 0x7fffeb43c820: ver 3 1 (tinfo 0x7fffeb40d4a0)
09-01 10:12:46.993 W/WindowManager( 1282): Attempted to remove non-existing token: android.os.Binder@d0da4a3
09-01 10:12:46.996 D/EGL_adreno( 1948): eglMakeCurrent: 0x7fffeb43c820: ver 3 1 (tinfo 0x7fffeb40d4a0)
09-01 10:12:47.044 E/EGL_adreno( 1948): tid 1965: eglSurfaceAttrib(1338): error 0x3009 (EGL_BAD_MATCH)
