08-31 14:27:42.739 W/ContextImpl( 1721): Calling a method in the system process without a qualified user: android.app.ContextImpl.startService:1358 android.content.ContextWrapper.startService:613 android.content.ContextWrapper.startService:613 com.android.coreservice.CoreBroadcastReceiver.onReceive:53 android.app.ActivityThread.handleReceiver:3073 
08-31 14:27:42.751 D/EGL_adreno( 2305): eglMakeCurrent: 0x7fffeb4420a0: ver 3 1 (tinfo 0x7fffeb40d340)
08-31 14:27:42.924 I/HostConnection( 2305): HostConnection::~HostConnection, pid=2305, tid=2321, this=0x7fffeb41c4e0, m_stream=0x7fffeb457940
08-31 14:27:42.925 I/        ( 2305): fastpipe: close connect
08-31 14:27:42.971 W/ContextImpl( 1721): Calling a method in the system process without a qualified user: android.app.ContextImpl.startService:1358 android.content.ContextWrapper.startService:613 android.content.ContextWrapper.startService:613 com.android.coreservice.CoreBroadcastReceiver.onReceive:53 android.app.ActivityThread.handleReceiver:3073 
08-31 14:27:43.175 I/art     ( 2654): Do partial code cache collection, code=27KB, data=28KB
08-31 14:27:43.181 E/EGL_adreno( 2654): tid 2678: eglSurfaceAttrib(1338): error 0x3009 (EGL_BAD_MATCH)
08-31 14:27:43.181 W/OpenGLRenderer( 2654): Failed to set EGL_SWAP_BEHAVIOR on surface 0x7fffe8bd1c00, error=EGL_BAD_MATCH
08-31 14:27:43.186 I/art     ( 2654): After code cache collection, code=19KB, data=24KB
08-31 14:27:43.187 I/art     ( 2654): Increasing code cache capacity to 128KB
08-31 14:27:43.235 D/EGL_adreno( 2654): eglMakeCurrent: 0x7fffe8b8e8a0: ver 3 1 (tinfo 0x7fffe8b75fc0)
08-31 14:27:43.347 I/ActivityManager( 1283): Displayed com.ichi2.anki/.DeckPicker: +604ms (total +2s404ms)
08-31 14:27:43.348 W/ContextImpl( 1721): Calling a method in the system process without a qualified user: android.app.ContextImpl.startService:1358 android.content.ContextWrapper.startService:613 android.content.ContextWrapper.startService:613 com.android.coreservice.CoreBroadcastReceiver.onReceive:69 android.app.ActivityThread.handleReceiver:3073 
08-31 14:27:43.976 D/audio_hw_hal( 1089): log_func, out_standby
08-31 14:27:43.976 D/audio_hw_hal( 1089): raw_close_output_stream, dev=0xf6e480c0, stream =0xf6e43140
08-31 14:27:43.976 D/audio_hw_hal( 1089): raw_close_output_stream, stream=0xf6e43140,  success!
08-31 14:27:47.252 I/AnkiDroid( 2654): Back key pressed
08-31 14:27:47.320 E/EGL_adreno( 1083): tid 1083: eglCreateSyncKHR(2089): error 0x3004 (EGL_BAD_ATTRIBUTE)
08-31 14:27:47.350 W/ContextImpl( 1721): Calling a method in the system process without a qualified user: android.app.ContextImpl.startService:1358 android.content.ContextWrapper.startService:613 android.content.ContextWrapper.startService:613 com.android.coreservice.CoreBroadcastReceiver.onReceive:44 android.app.ActivityThread.handleReceiver:3073 
08-31 14:27:47.352 W/ContextImpl( 1721): Calling a method in the system process without a qualified user: android.app.ContextImpl.startService:1358 android.content.ContextWrapper.startService:613 android.content.ContextWrapper.startService:613 com.android.coreservice.CoreBroadcastReceiver.onReceive:53 android.app.ActivityThread.handleReceiver:3073 
08-31 14:27:47.368 I/HostConnection( 2305): HostConnection::HostConnection: pid=2305, tid=2321, this=0x7fffeb41c4e0
08-31 14:27:47.370 I/        ( 2305): fastpipe: Connect success
08-31 14:27:47.370 D/HostConnection( 2305): HostRPC::connect sucess: app=com.android.intentfuzzer, pid=2305, tid=2321, this=0x7fffeb457940
08-31 14:27:47.372 D/HostConnection( 2305): queryAndSetGLESMaxVersion select gles-version: 3.1 hostGLVersion:46 process:com.android.intentfuzzer
08-31 14:27:47.373 I/OpenGLRenderer( 2305): Initialized EGL, version 1.4
08-31 14:27:47.373 D/OpenGLRenderer( 2305): Swap behavior 1
08-31 14:27:47.373 I/EGL_adreno( 2305): eglCreateContext request GLES major-version=2
08-31 14:27:47.391 W/ContextImpl( 1721): Calling a method in the system process without a qualified user: android.app.ContextImpl.sendBroadcast:893 android.content.ContextWrapper.sendBroadcast:426 com.android.coreservice.TabManager.notifyClosing:345 com.android.coreservice.TabManager.updateInner:182 com.android.coreservice.TabManager.onUpdate:217 
08-31 14:27:47.394 E/ActivityManager( 1283): Sending non-protected broadcast android.intent.action.CLOSE_TASK from system 1721:com.android.coreservice/1000 pkg com.android.coreservice
08-31 14:27:47.394 E/ActivityManager( 1283): java.lang.Throwable
08-31 14:27:47.394 E/ActivityManager( 1283): 	at com.android.server.am.ActivityManagerService.checkBroadcastFromSystem(ActivityManagerService.java:18108)
08-31 14:27:47.394 E/ActivityManager( 1283): 	at com.android.server.am.ActivityManagerService.broadcastIntentLocked(ActivityManagerService.java:18680)
08-31 14:27:47.394 E/ActivityManager( 1283): 	at com.android.server.am.ActivityManagerService.broadcastIntent(ActivityManagerService.java:18771)
08-31 14:27:47.394 E/ActivityManager( 1283): 	at android.app.ActivityManagerNative.onTransact(ActivityManagerNative.java:499)
08-31 14:27:47.394 E/ActivityManager( 1283): 	at com.android.server.am.ActivityManagerService.onTransact(ActivityManagerService.java:2820)
08-31 14:27:47.394 E/ActivityManager( 1283): 	at android.os.Binder.execTransact(Binder.java:565)
08-31 14:27:47.401 I/CoreService( 1721): notifyClosing notify tab closed taskPackageName:com.ichi2.anki
08-31 14:27:47.441 D/EGL_adreno( 2305): eglCreateContext: 0x7fffeb4420a0: maj 3 min 1 rcv 4
08-31 14:27:47.535 D/EGL_adreno( 2654): eglMakeCurrent: 0x7fffe8b8e8a0: ver 3 1 (tinfo 0x7fffe8b75fc0)
08-31 14:27:47.537 D/EGL_adreno( 2305): eglMakeCurrent: 0x7fffeb4420a0: ver 3 1 (tinfo 0x7fffeb40d340)
08-31 14:27:47.586 E/EGL_adreno( 2305): tid 2321: eglSurfaceAttrib(1338): error 0x3009 (EGL_BAD_MATCH)
08-31 14:27:47.586 W/OpenGLRenderer( 2305): Failed to set EGL_SWAP_BEHAVIOR on surface 0x7fffeb41bdc0, error=EGL_BAD_MATCH
08-31 14:27:47.591 W/ContextImpl( 1721): Calling a method in the system process without a qualified user: android.app.ContextImpl.startService:1358 android.content.ContextWrapper.startService:613 android.content.ContextWrapper.startService:613 com.android.coreservice.CoreBroadcastReceiver.onReceive:69 android.app.ActivityThread.handleReceiver:3073 
08-31 14:27:47.595 D/EGL_adreno( 2305): eglMakeCurrent: 0x7fffeb4420a0: ver 3 1 (tinfo 0x7fffeb40d340)
08-31 14:27:47.595 W/ContextImpl( 1721): Calling a method in the system process without a qualified user: android.app.ContextImpl.startService:1358 android.content.ContextWrapper.startService:613 android.content.ContextWrapper.startService:613 com.android.coreservice.CoreBroadcastReceiver.onReceive:69 android.app.ActivityThread.handleReceiver:3073 
