09-01 10:33:49.355 D/StrictMode( 2843): 	at com.etesync.syncadapter.App.onCreate(App.kt:77)
09-01 10:33:49.355 D/StrictMode( 2843): 	at android.app.Instrumentation.callApplicationOnCreate(Instrumentation.java:1024)
09-01 10:33:49.355 D/StrictMode( 2843): 	at android.app.ActivityThread.handleBindApplication(ActivityThread.java:5474)
09-01 10:33:49.355 D/StrictMode( 2843): 	at android.app.ActivityThread.-wrap2(ActivityThread.java)
09-01 10:33:49.355 D/StrictMode( 2843): 	at android.app.ActivityThread$H.handleMessage(ActivityThread.java:1550)
09-01 10:33:49.355 D/StrictMode( 2843): 	at android.os.Handler.dispatchMessage(Handler.java:102)
09-01 10:33:49.355 D/StrictMode( 2843): 	at android.os.Looper.loop(Looper.java:154)
09-01 10:33:49.355 D/StrictMode( 2843): 	at android.app.ActivityThread.main(ActivityThread.java:6190)
09-01 10:33:49.355 D/StrictMode( 2843): 	at java.lang.reflect.Method.invoke(Native Method)
09-01 10:33:49.355 D/StrictMode( 2843): 	at com.android.internal.os.ZygoteInit$MethodAndArgsCaller.run(ZygoteInit.java:892)
09-01 10:33:49.355 D/StrictMode( 2843): 	at com.android.internal.os.ZygoteInit.main(ZygoteInit.java:782)
09-01 10:33:49.355 D/StrictMode( 2843): StrictMode policy violation; ~duration=8 ms: android.os.StrictMode$StrictModeDiskReadViolation: policy=65567 violation=2
09-01 10:33:49.355 D/StrictMode( 2843): 	at android.os.StrictMode$AndroidBlockGuardPolicy.onReadFromDisk(StrictMode.java:1293)
09-01 10:33:49.355 D/StrictMode( 2843): 	at android.database.sqlite.SQLiteConnection.applyBlockGuardPolicy(SQLiteConnection.java:1041)
09-01 10:33:49.355 D/StrictMode( 2843): 	at android.database.sqlite.SQLiteConnection.executeForLong(SQLiteConnection.java:595)
09-01 10:33:49.355 D/StrictMode( 2843): 	at android.database.sqlite.SQLiteConnection.setForeignKeyModeFromConfiguration(SQLiteConnection.java:281)
09-01 10:33:49.355 D/StrictMode( 2843): 	at android.database.sqlite.SQLiteConnection.open(SQLiteConnection.java:214)
09-01 10:33:49.355 D/StrictMode( 2843): 	at android.database.sqlite.SQLiteConnection.open(SQLiteConnection.java:193)
09-01 10:33:49.355 D/StrictMode( 2843): 	at android.database.sqlite.SQLiteConnectionPool.openConnectionLocked(SQLiteConnectionPool.java:463)
09-01 10:33:49.355 D/StrictMode( 2843): 	at android.database.sqlite.SQLiteConnectionPool.open(SQLiteConnectionPool.java:185)
09-01 10:33:49.355 D/StrictMode( 2843): 	at android.database.sqlite.SQLiteConnectionPool.open(SQLiteConnectionPool.java:177)
09-01 10:33:49.355 D/StrictMode( 2843): 	at android.database.sqlite.SQLiteDatabase.openInner(SQLiteDatabase.java:808)
09-01 10:33:49.355 D/StrictMode( 2843): 	at android.database.sqlite.SQLiteDatabase.open(SQLiteDatabase.java:793)
09-01 10:33:49.355 D/StrictMode( 2843): 	at android.database.sqlite.SQLiteDatabase.openDatabase(SQLiteDatabase.java:696)
09-01 10:33:49.355 D/StrictMode( 2843): 	at android.app.ContextImpl.openOrCreateDatabase(ContextImpl.java:653)
09-01 10:33:49.355 D/StrictMode( 2843): 	at android.content.ContextWrapper.openOrCreateDatabase(ContextWrapper.java:289)
09-01 10:33:49.355 D/StrictMode( 2843): 	at android.database.sqlite.SQLiteOpenHelper.getDatabaseLocked(SQLiteOpenHelper.java:223)
09-01 10:33:49.355 D/StrictMode( 2843): 	at android.database.sqlite.SQLiteOpenHelper.getReadableDatabase(SQLiteOpenHelper.java:187)
09-01 10:33:49.355 D/StrictMode( 2843): 	at com.etesync.syncadapter.App.loadLanguage(App.kt:107)
09-01 10:33:49.355 D/StrictMode( 2843): 	at com.etesync.syncadapter.App.onCreate(App.kt:77)
09-01 10:33:49.355 D/StrictMode( 2843): 	at android.app.Instrumentation.callApplicationOnCreate(Instrumentation.java:1024)
09-01 10:33:49.355 D/StrictMode( 2843): 	at android.app.ActivityThread.handleBindApplication(ActivityThread.java:5474)
09-01 10:33:49.355 D/StrictMode( 2843): 	at android.app.ActivityThread.-wrap2(ActivityThread.java)
09-01 10:33:49.355 D/StrictMode( 2843): 	at android.app.ActivityThread$H.handleMessage(ActivityThread.java:1550)
09-01 10:33:49.355 D/StrictMode( 2843): 	at android.os.Handler.dispatchMessage(Handler.java:102)
09-01 10:33:49.355 D/StrictMode( 2843): 	at android.os.Looper.loop(Looper.java:154)
09-01 10:33:49.355 D/StrictMode( 2843): 	at android.app.ActivityThread.main(ActivityThread.java:6190)
09-01 10:33:49.355 D/StrictMode( 2843): 	at java.lang.reflect.Method.invoke(Native Method)
09-01 10:33:49.355 D/StrictMode( 2843): 	at com.android.internal.os.ZygoteInit$MethodAndArgsCaller.run(ZygoteInit.java:892)
09-01 10:33:49.355 D/StrictMode( 2843): 	at com.android.internal.os.ZygoteInit.main(ZygoteInit.java:782)
09-01 10:33:49.355 D/StrictMode( 2843): StrictMode policy violation; ~duration=7 ms: android.os.StrictMode$StrictModeDiskWriteViolation: policy=65567 violation=1
09-01 10:33:49.355 D/StrictMode( 2843): 	at android.os.StrictMode$AndroidBlockGuardPolicy.onWriteToDisk(StrictMode.java:1253)
09-01 10:33:49.355 D/StrictMode( 2843): 	at android.database.sqlite.SQLiteConnection.applyBlockGuardPolicy(SQLiteConnection.java:1043)
09-01 10:33:49.355 D/StrictMode( 2843): 	at android.database.sqlite.SQLiteConnection.executeForString(SQLiteConnection.java:638)
09-01 10:33:49.355 D/StrictMode( 2843): 	at android.database.sqlite.SQLiteConnection.setJournalMode(SQLiteConnection.java:320)
09-01 10:33:49.355 D/StrictMode( 2843): 	at android.database.sqlite.SQLiteConnection.setWalModeFromConfiguration(SQLiteConnection.java:294)
09-01 10:33:49.355 D/StrictMode( 2843): 	at android.database.sqlite.SQLiteConnection.open(SQLiteConnection.java:215)
09-01 10:33:49.355 D/StrictMode( 2843): 	at android.database.sqlite.SQLiteConnection.open(SQLiteConnection.java:193)
09-01 10:33:49.355 D/StrictMode( 2843): 	at android.database.sqlite.SQLiteConnectionPool.openConnectionLocked(SQLiteConnectionPool.java:463)
09-01 10:33:49.355 D/StrictMode( 2843): 	at android.database.sqlite.SQLiteConnectionPool.open(SQLiteConnectionPool.java:185)
09-01 10:33:49.355 D/StrictMode( 2843): 	at android.database.sqlite.SQLiteConnectionPool.open(SQLiteConnectionPool.java:177)
09-01 10:33:49.355 D/StrictMode( 2843): 	at android.database.sqlite.SQLiteDatabase.openInner(SQLiteDatabase.java:808)
09-01 10:33:49.355 D/StrictMode( 2843): 	at android.database.sqlite.SQLiteDatabase.open(SQLiteDatabase.java:793)
09-01 10:33:49.355 D/StrictMode( 2843): 	at android.database.sqlite.SQLiteDatabase.openDatabase(SQLiteDatabase.java:696)
09-01 10:33:49.355 D/StrictMode( 2843): 	at android.app.ContextImpl.openOrCreateDatabase(ContextImpl.java:653)
09-01 10:33:49.355 D/StrictMode( 2843): 	at android.content.ContextWrapper.openOrCreateDatabase(ContextWrapper.java:289)
09-01 10:33:49.355 D/StrictMode( 2843): 	at android.database.sqlite.SQLiteOpenHelper.getDatabaseLocked(SQLiteOpenHelper.java:223)
09-01 10:33:49.355 D/StrictMode( 2843): 	at android.database.sqlite.SQLiteOpenHelper.getReadableDatabase(SQLiteOpenHelper.java:187)
09-01 10:33:49.355 D/StrictMode( 2843): 	at com.etesync.syncadapter.App.loadLanguage(App.kt:107)
09-01 10:33:49.355 D/StrictMode( 2843): 	at com.etesync.syncadapter.App.onCreate(App.kt:77)
09-01 10:33:49.355 D/StrictMode( 2843): 	at android.app.Instrumentation.callApplicationOnCreate(Instrumentation.java:1024)
09-01 10:33:49.355 D/StrictMode( 2843): 	at android.app.ActivityThread.handleBindApplication(ActivityThread.java:5474)
09-01 10:33:49.355 D/StrictMode( 2843): 	at android.app.ActivityThread.-wrap2(ActivityThread.java)
09-01 10:33:49.355 D/StrictMode( 2843): 	at android.app.ActivityThread$H.handleMessage(ActivityThread.java:1550)
09-01 10:33:49.355 D/StrictMode( 2843): 	at android.os.Handler.dispatchMessage(Handler.java:102)
09-01 10:33:49.355 D/StrictMode( 2843): 	at android.os.Looper.loop(Looper.java:154)
09-01 10:33:49.355 D/StrictMode( 2843): 	at android.app.ActivityThread.main(ActivityThread.java:6190)
09-01 10:33:49.355 D/StrictMode( 2843): 	at java.lang.reflect.Method.invoke(Native Method)
09-01 10:33:49.355 D/StrictMode( 2843): 	at com.android.internal.os.ZygoteInit$MethodAndArgsCaller.run(ZygoteInit.java:892)
09-01 10:33:49.355 D/StrictMode( 2843): 	at com.android.internal.os.ZygoteInit.main(ZygoteInit.java:782)
09-01 10:33:49.357 D/StrictMode( 2843): StrictMode policy violation; ~duration=5 ms: android.os.StrictMode$StrictModeDiskWriteViolation: policy=65567 violation=1
09-01 10:33:49.357 D/StrictMode( 2843): 	at android.os.StrictMode$AndroidBlockGuardPolicy.onWriteToDisk(StrictMode.java:1253)
09-01 10:33:49.357 D/StrictMode( 2843): 	at android.database.sqlite.SQLiteConnection.applyBlockGuardPolicy(SQLiteConnection.java:1043)
09-01 10:33:49.357 D/StrictMode( 2843): 	at android.database.sqlite.SQLiteConnection.executeForString(SQLiteConnection.java:638)
09-01 10:33:49.357 D/StrictMode( 2843): 	at android.database.sqlite.SQLiteConnection.setJournalMode(SQLiteConnection.java:323)
09-01 10:33:49.357 D/StrictMode( 2843): 	at android.database.sqlite.SQLiteConnection.setWalModeFromConfiguration(SQLiteConnection.java:294)
09-01 10:33:49.357 D/StrictMode( 2843): 	at android.database.sqlite.SQLiteConnection.open(SQLiteConnection.java:215)
09-01 10:33:49.357 D/StrictMode( 2843): 	at android.database.sqlite.SQLiteConnection.open(SQLiteConnection.java:193)
09-01 10:33:49.357 D/StrictMode( 2843): 	at android.database.sqlite.SQLiteConnectionPool.openConnectionLocked(SQLiteConnectionPool.java:463)
09-01 10:33:49.357 D/StrictMode( 2843): 	at android.database.sqlite.SQLiteConnectionPool.open(SQLiteConnectionPool.java:185)
09-01 10:33:49.357 D/StrictMode( 2843): 	at android.database.sqlite.SQLiteConnectionPool.open(SQLiteConnectionPool.java:177)
09-01 10:33:49.357 D/StrictMode( 2843): 	at android.database.sqlite.SQLiteDatabase.openInner(SQLiteDatabase.java:808)
09-01 10:33:49.357 D/StrictMode( 2843): 	at android.database.sqlite.SQLiteDatabase.open(SQLiteDatabase.java:793)
09-01 10:33:49.357 D/StrictMode( 2843): 	at android.database.sqlite.SQLiteDatabase.openDatabase(SQLiteDatabase.java:696)
09-01 10:33:49.357 D/StrictMode( 2843): 	at android.app.ContextImpl.openOrCreateDatabase(ContextImpl.java:653)
09-01 10:33:49.357 D/StrictMode( 2843): 	at android.content.ContextWrapper.openOrCreateDatabase(ContextWrapper.java:289)
09-01 10:33:49.357 D/StrictMode( 2843): 	at android.database.sqlite.SQLiteOpenHelper.getDatabaseLocked(SQLiteOpenHelper.java:223)
09-01 10:33:49.357 D/StrictMode( 2843): 	at android.database.sqlite.SQLiteOpenHelper.getReadableDatabase(SQLiteOpenHelper.java:187)
09-01 10:33:49.357 D/StrictMode( 2843): 	at com.etesync.syncadapter.App.loadLanguage(App.kt:107)
09-01 10:33:49.357 D/StrictMode( 2843): 	at com.etesync.syncadapter.App.onCreate(App.kt:77)
09-01 10:33:49.357 D/StrictMode( 2843): 	at android.app.Instrumentation.callApplicationOnCreate(Instrumentation.java:1024)
09-01 10:33:49.357 D/StrictMode( 2843): 	at android.app.ActivityThread.handleBindApplication(ActivityThread.java:5474)
09-01 10:33:49.357 D/StrictMode( 2843): 	at android.app.ActivityThread.-wrap2(ActivityThread.java)
09-01 10:33:49.357 D/StrictMode( 2843): 	at android.app.ActivityThread$H.handleMessage(ActivityThread.java:1550)
09-01 10:33:49.357 D/StrictMode( 2843): 	at android.os.Handler.dispatchMessage(Handler.java:102)
09-01 10:33:49.357 D/StrictMode( 2843): 	at android.os.Looper.loop(Looper.java:154)
09-01 10:33:49.357 D/StrictMode( 2843): 	at android.app.ActivityThread.main(ActivityThread.java:6190)
09-01 10:33:49.357 D/StrictMode( 2843): 	at java.lang.reflect.Method.invoke(Native Method)
09-01 10:33:49.357 D/StrictMode( 2843): 	at com.android.internal.os.ZygoteInit$MethodAndArgsCaller.run(ZygoteInit.java:892)
09-01 10:33:49.357 D/StrictMode( 2843): 	at com.android.internal.os.ZygoteInit.main(ZygoteInit.java:782)
09-01 10:33:49.357 D/StrictMode( 2843): StrictMode policy violation; ~duration=4 ms: android.os.StrictMode$StrictModeDiskReadViolation: policy=65567 violation=2
09-01 10:33:49.357 D/StrictMode( 2843): 	at android.os.StrictMode$AndroidBlockGuardPolicy.onReadFromDisk(StrictMode.java:1293)
09-01 10:33:49.357 D/StrictMode( 2843): 	at android.database.sqlite.SQLiteConnection.applyBlockGuardPolicy(SQLiteConnection.java:1041)
09-01 10:33:49.357 D/StrictMode( 2843): 	at android.database.sqlite.SQLiteConnection.executeForString(SQLiteConnection.java:638)
09-01 10:33:49.357 D/StrictMode( 2843): 	at android.database.sqlite.SQLiteConnection.setSyncMode(SQLiteConnection.java:301)
09-01 10:33:49.357 D/StrictMode( 2843): 	at android.database.sqlite.SQLiteConnection.setWalModeFromConfiguration(SQLiteConnection.java:295)
09-01 10:33:49.357 D/StrictMode( 2843): 	at android.database.sqlite.SQLiteConnection.open(SQLiteConnection.java:215)
09-01 10:33:49.357 D/StrictMode( 2843): 	at android.database.sqlite.SQLiteConnection.open(SQLiteConnection.java:193)
09-01 10:33:49.357 D/StrictMode( 2843): 	at android.database.sqlite.SQLiteConnectionPool.openConnectionLocked(SQLiteConnectionPool.java:463)
09-01 10:33:49.357 D/StrictMode( 2843): 	at android.database.sqlite.SQLiteConnectionPool.open(SQLiteConnectionPool.java:185)
09-01 10:33:49.357 D/StrictMode( 2843): 	at android.database.sqlite.SQLiteConnectionPool.open(SQLiteConnectionPool.java:177)
09-01 10:33:49.357 D/StrictMode( 2843): 	at android.database.sqlite.SQLiteDatabase.openInner(SQLiteDatabase.java:808)
09-01 10:33:49.357 D/StrictMode( 2843): 	at android.database.sqlite.SQLiteDatabase.open(SQLiteDatabase.java:793)
09-01 10:33:49.357 D/StrictMode( 2843): 	at android.database.sqlite.SQLiteDatabase.openDatabase(SQLiteDatabase.java:696)
09-01 10:33:49.357 D/StrictMode( 2843): 	at android.app.ContextImpl.openOrCreateDatabase(ContextImpl.java:653)
09-01 10:33:49.357 D/StrictMode( 2843): 	at android.content.ContextWrapper.openOrCreateDatabase(ContextWrapper.java:289)
09-01 10:33:49.357 D/StrictMode( 2843): 	at android.database.sqlite.SQLiteOpenHelper.getDatabaseLocked(SQLiteOpenHelper.java:223)
09-01 10:33:49.357 D/StrictMode( 2843): 	at android.database.sqlite.SQLiteOpenHelper.getReadableDatabase(SQLiteOpenHelper.java:187)
09-01 10:33:49.357 D/StrictMode( 2843): 	at com.etesync.syncadapter.App.loadLanguage(App.kt:107)
09-01 10:33:49.357 D/StrictMode( 2843): 	at com.etesync.syncadapter.App.onCreate(App.kt:77)
09-01 10:33:49.357 D/StrictMode( 2843): 	at android.app.Instrumentation.callApplicationOnCreate(Instrumentation.java:1024)
09-01 10:33:49.357 D/StrictMode( 2843): 	at android.app.ActivityThread.handleBindApplication(ActivityThread.java:5474)
09-01 10:33:49.357 D/StrictMode( 2843): 	at android.app.ActivityThread.-wrap2(ActivityThread.java)
09-01 10:33:49.357 D/StrictMode( 2843): 	at android.app.ActivityThread$H.handleMessage(ActivityThread.java:1550)
09-01 10:33:49.357 D/StrictMode( 2843): 	at android.os.Handler.dispatchMessage(Handler.java:102)
09-01 10:33:49.357 D/StrictMode( 2843): 	at android.os.Looper.loop(Looper.java:154)
09-01 10:33:49.357 D/StrictMode( 2843): 	at android.app.ActivityThread.main(ActivityThread.java:6190)
09-01 10:33:49.357 D/StrictMode( 2843): 	at java.lang.reflect.Method.invoke(Native Method)
09-01 10:33:49.357 D/StrictMode( 2843): 	at com.android.internal.os.ZygoteInit$MethodAndArgsCaller.run(ZygoteInit.java:892)
09-01 10:33:49.357 D/StrictMode( 2843): 	at com.android.internal.os.ZygoteInit.main(ZygoteInit.java:782)
09-01 10:33:49.375 I/etesync ( 2843): [com.etesync.syncadapter.PackageChangedReceiver] Package (un)installed; OpenTasks provider now available = false
09-01 10:33:49.417 W/art     ( 2843): Before Android 4.1, method android.graphics.PorterDuffColorFilter androidx.vectordrawable.graphics.drawable.VectorDrawableCompat.updateTintFilter(android.graphics.PorterDuffColorFilter, android.content.res.ColorStateList, android.graphics.PorterDuff$Mode) would have incorrectly overridden the package-private method in android.graphics.drawable.Drawable
09-01 10:33:49.504 W/ContextImpl( 1676): Calling a method in the system process without a qualified user: android.app.ContextImpl.startService:1358 android.content.ContextWrapper.startService:613 android.content.ContextWrapper.startService:613 com.android.coreservice.CoreBroadcastReceiver.onReceive:53 android.app.ActivityThread.handleReceiver:3073 
09-01 10:33:49.525 I/HostConnection( 2843): HostConnection::HostConnection: pid=2843, tid=2843, this=0x7fffe8bc9d60
09-01 10:33:49.528 I/        ( 2843): fastpipe: Connect success
09-01 10:33:49.528 D/HostConnection( 2843): HostRPC::connect sucess: app=com.etesync.syncadapter, pid=2843, tid=2843, this=0x7fffd5b5d8c0
09-01 10:33:49.530 D/HostConnection( 2843): queryAndSetGLESMaxVersion select gles-version: 3.1 hostGLVersion:46 process:com.etesync.syncadapter
09-01 10:33:49.531 I/        ( 2843): fastpipe: Connect success
09-01 10:33:49.532 D/HostConnection( 2843): recv ProcessPuidReply name=com.etesync.syncadapter puid=25 g_u64CapsFlag=1d
09-01 10:33:49.593 I/HostConnection( 2843): HostConnection::HostConnection: pid=2843, tid=2864, this=0x7fffeb41c6c0
09-01 10:33:49.595 I/        ( 2843): fastpipe: Connect success
09-01 10:33:49.595 D/HostConnection( 2843): HostRPC::connect sucess: app=com.etesync.syncadapter, pid=2843, tid=2864, this=0x7fffeb486940
09-01 10:33:49.597 D/HostConnection( 2843): queryAndSetGLESMaxVersion select gles-version: 3.1 hostGLVersion:46 process:com.etesync.syncadapter
09-01 10:33:49.599 I/OpenGLRenderer( 2843): Initialized EGL, version 1.4
09-01 10:33:49.599 D/OpenGLRenderer( 2843): Swap behavior 1
09-01 10:33:49.599 I/EGL_adreno( 2843): eglCreateContext request GLES major-version=2
09-01 10:33:49.625 I/art     ( 2843): Rejecting re-init on previously-failed class java.lang.Class<io.requery.sql.ManagedTransaction>: java.lang.NoClassDefFoundError: Failed resolution of: Ljavax/transaction/Synchronization;
09-01 10:33:49.625 I/art     ( 2843):   at void io.requery.sql.TransactionProvider.<init>(io.requery.sql.RuntimeConfiguration) (TransactionProvider.java:26)
09-01 10:33:49.625 I/art     ( 2843):   at void io.requery.sql.EntityDataStore.<init>(io.requery.sql.Configuration) (EntityDataStore.java:160)
09-01 10:33:49.625 I/art     ( 2843):   at io.requery.sql.EntityDataStore com.etesync.syncadapter.App.initDataStore() (App.kt:60)
09-01 10:33:49.625 I/art     ( 2843):   at io.requery.sql.EntityDataStore com.etesync.syncadapter.App.getData() (App.kt:55)
09-01 10:33:49.625 I/art     ( 2843):   at java.lang.String com.etesync.syncadapter.ui.DebugInfoActivity$ReportLoader.loadInBackground() (DebugInfoActivity.kt:199)
09-01 10:33:49.625 I/art     ( 2843):   at java.lang.Object com.etesync.syncadapter.ui.DebugInfoActivity$ReportLoader.loadInBackground() (DebugInfoActivity.kt:89)
09-01 10:33:49.625 I/art     ( 2843):   at java.lang.Object android.content.AsyncTaskLoader.onLoadInBackground() (AsyncTaskLoader.java:312)
09-01 10:33:49.625 I/art     ( 2843):   at java.lang.Object android.content.AsyncTaskLoader$LoadTask.doInBackground(java.lang.Void[]) (AsyncTaskLoader.java:69)
09-01 10:33:49.625 I/art     ( 2843):   at java.lang.Object android.content.AsyncTaskLoader$LoadTask.doInBackground(java.lang.Object[]) (AsyncTaskLoader.java:66)
09-01 10:33:49.625 I/art     ( 2843):   at java.lang.Object android.os.AsyncTask$2.call() (AsyncTask.java:305)
09-01 10:33:49.625 I/art     ( 2843):   at void java.util.concurrent.FutureTask.run() (FutureTask.java:237)
09-01 10:33:49.625 I/art     ( 2843):   at void java.util.concurrent.ThreadPoolExecutor.runWorker(java.util.concurrent.ThreadPoolExecutor$Worker) (ThreadPoolExecutor.java:1133)
09-01 10:33:49.625 I/art     ( 2843):   at void java.util.concurrent.ThreadPoolExecutor$Worker.run() (ThreadPoolExecutor.java:607)
09-01 10:33:49.625 I/art     ( 2843):   at void java.lang.Thread.run() (Thread.java:761)
09-01 10:33:49.625 I/art     ( 2843): Caused by: java.lang.ClassNotFoundException: Didn't find class "javax.transaction.Synchronization" on path: DexPathList[[zip file "/data/app/com.etesync.syncadapter-1/base.apk"],nativeLibraryDirectories=[/data/app/com.etesync.syncadapter-1/lib/x86_64, /system/lib64, /vendor/lib64]]
09-01 10:33:49.625 I/art     ( 2843):   at java.lang.Class dalvik.system.BaseDexClassLoader.findClass(java.lang.String) (BaseDexClassLoader.java:56)
09-01 10:33:49.625 I/art     ( 2843):   at java.lang.Class java.lang.ClassLoader.loadClass(java.lang.String, boolean) (ClassLoader.java:380)
09-01 10:33:49.625 I/art     ( 2843):   at java.lang.Class java.lang.ClassLoader.loadClass(java.lang.String) (ClassLoader.java:312)
09-01 10:33:49.625 I/art     ( 2843):   at void io.requery.sql.TransactionProvider.<init>(io.requery.sql.RuntimeConfiguration) (TransactionProvider.java:26)
09-01 10:33:49.625 I/art     ( 2843):   at void io.requery.sql.EntityDataStore.<init>(io.requery.sql.Configuration) (EntityDataStore.java:160)
09-01 10:33:49.625 I/art     ( 2843):   at io.requery.sql.EntityDataStore com.etesync.syncadapter.App.initDataStore() (App.kt:60)
09-01 10:33:49.625 I/art     ( 2843):   at io.requery.sql.EntityDataStore com.etesync.syncadapter.App.getData() (App.kt:55)
09-01 10:33:49.625 I/art     ( 2843):   at java.lang.String com.etesync.syncadapter.ui.DebugInfoActivity$ReportLoader.loadInBackground() (DebugInfoActivity.kt:199)
09-01 10:33:49.625 I/art     ( 2843):   at java.lang.Object com.etesync.syncadapter.ui.DebugInfoActivity$ReportLoader.loadInBackground() (DebugInfoActivity.kt:89)
09-01 10:33:49.625 I/art     ( 2843):   at java.lang.Object android.content.AsyncTaskLoader.onLoadInBackground() (AsyncTaskLoader.java:312)
09-01 10:33:49.625 I/art     ( 2843):   at java.lang.Object android.content.AsyncTaskLoader$LoadTask.doInBackground(java.lang.Void[]) (AsyncTaskLoader.java:69)
09-01 10:33:49.625 I/art     ( 2843):   at java.lang.Object android.content.AsyncTaskLoader$LoadTask.doInBackground(java.lang.Object[]) (AsyncTaskLoader.java:66)
09-01 10:33:49.625 I/art     ( 2843):   at java.lang.Object android.os.AsyncTask$2.call() (AsyncTask.java:305)
09-01 10:33:49.625 I/art     ( 2843):   at void java.util.concurrent.FutureTask.run() (FutureTask.java:237)
09-01 10:33:49.625 I/art     ( 2843):   at void java.util.concurrent.ThreadPoolExecutor.runWorker(java.util.concurrent.ThreadPoolExecutor$Worker) (ThreadPoolExecutor.java:1133)
09-01 10:33:49.625 I/art     ( 2843):   at void java.util.concurrent.ThreadPoolExecutor$Worker.run() (ThreadPoolExecutor.java:607)
09-01 10:33:49.625 I/art     ( 2843):   at void java.lang.Thread.run() (Thread.java:761)
09-01 10:33:49.625 I/art     ( 2843): 
09-01 10:33:49.645 D/NotificationService( 1282): notify pkg=com.etesync.syncadapter pid=1282
09-01 10:33:49.677 D/EGL_adreno( 2843): eglCreateContext: 0x7fffeb43daa0: maj 3 min 1 rcv 4
09-01 10:33:49.814 D/EGL_adreno( 2843): eglMakeCurrent: 0x7fffeb43daa0: ver 3 1 (tinfo 0x7fffeb40d600)
09-01 10:33:49.825 D/HostConnection( 2843): ExtendedRCEncoderContext GL_VERSION return OpenGL ES 3.1
09-01 10:33:49.860 E/EGL_adreno( 2843): tid 2864: eglSurfaceAttrib(1338): error 0x3009 (EGL_BAD_MATCH)
09-01 10:33:49.860 W/OpenGLRenderer( 2843): Failed to set EGL_SWAP_BEHAVIOR on surface 0x7fffeb479d00, error=EGL_BAD_MATCH
09-01 10:33:49.897 D/EGL_adreno( 2843): eglMakeCurrent: 0x7fffeb43daa0: ver 3 1 (tinfo 0x7fffeb40d600)
09-01 10:33:49.990 I/ActivityManager( 1282): Displayed com.etesync.syncadapter/.ui.DebugInfoActivity: +1s316ms (total +1s668ms)
09-01 10:33:49.994 W/ContextImpl( 1676): Calling a method in the system process without a qualified user: android.app.ContextImpl.startService:1358 android.content.ContextWrapper.startService:613 android.content.ContextWrapper.startService:613 com.android.coreservice.CoreBroadcastReceiver.onReceive:69 android.app.ActivityThread.handleReceiver:3073 
09-01 10:33:49.998 W/ContextImpl( 1676): Calling a method in the system process without a qualified user: android.app.ContextImpl.startService:1358 android.content.ContextWrapper.startService:613 android.content.ContextWrapper.startService:613 com.android.coreservice.CoreBroadcastReceiver.onReceive:69 android.app.ActivityThread.handleReceiver:3073 
09-01 10:33:51.334 D/audio_hw_hal( 1088): log_func, out_standby
09-01 10:33:51.334 D/audio_hw_hal( 1088): raw_close_output_stream, dev=0xf6e480c0, stream =0xf6e43140
09-01 10:33:51.334 D/audio_hw_hal( 1088): raw_close_output_stream, stream=0xf6e43140,  success!
09-01 10:33:51.742 W/WindowManager( 1282): Attempted to remove non-existing token: android.os.Binder@f038895
09-01 10:33:51.742 D/EGL_adreno( 1948): eglMakeCurrent: 0x7fffeb43c820: ver 3 1 (tinfo 0x7fffeb40d4a0)
09-01 10:33:51.788 E/EGL_adreno( 1948): tid 1965: eglSurfaceAttrib(1338): error 0x3009 (EGL_BAD_MATCH)
09-01 10:33:51.788 W/OpenGLRenderer( 1948): Failed to set EGL_SWAP_BEHAVIOR on surface 0x7fffeb5e4200, error=EGL_BAD_MATCH
09-01 10:33:51.792 D/EGL_adreno( 1948): eglMakeCurrent: 0x7fffeb43c820: ver 3 1 (tinfo 0x7fffeb40d4a0)
09-01 10:33:55.247 W/WindowManager( 1282): Attempted to remove non-existing token: android.os.Binder@5cbdaa
09-01 10:33:55.249 D/EGL_adreno( 1948): eglMakeCurrent: 0x7fffeb43c820: ver 3 1 (tinfo 0x7fffeb40d4a0)
09-01 10:33:55.296 E/EGL_adreno( 1948): tid 1965: eglSurfaceAttrib(1338): error 0x3009 (EGL_BAD_MATCH)
09-01 10:33:55.296 W/OpenGLRenderer( 1948): Failed to set EGL_SWAP_BEHAVIOR on surface 0x7fffeb5e4200, error=EGL_BAD_MATCH
09-01 10:33:55.302 D/EGL_adreno( 1948): eglMakeCurrent: 0x7fffeb43c820: ver 3 1 (tinfo 0x7fffeb40d4a0)
09-01 10:33:58.752 W/WindowManager( 1282): Attempted to remove non-existing token: android.os.Binder@4c2bd9b
09-01 10:33:58.755 D/EGL_adreno( 1948): eglMakeCurrent: 0x7fffeb43c820: ver 3 1 (tinfo 0x7fffeb40d4a0)
09-01 10:33:58.820 E/EGL_adreno( 1948): tid 1965: eglSurfaceAttrib(1338): error 0x3009 (EGL_BAD_MATCH)
09-01 10:33:58.820 W/OpenGLRenderer( 1948): Failed to set EGL_SWAP_BEHAVIOR on surface 0x7fffeb5e4200, error=EGL_BAD_MATCH
09-01 10:33:58.822 D/EGL_adreno( 1948): eglMakeCurrent: 0x7fffeb43c820: ver 3 1 (tinfo 0x7fffeb40d4a0)
09-01 10:34:02.254 W/WindowManager( 1282): Attempted to remove non-existing token: android.os.Binder@d922538
09-01 10:34:02.256 D/EGL_adreno( 1948): eglMakeCurrent: 0x7fffeb43c820: ver 3 1 (tinfo 0x7fffeb40d4a0)
09-01 10:34:02.328 E/EGL_adreno( 1948): tid 1965: eglSurfaceAttrib(1338): error 0x3009 (EGL_BAD_MATCH)
09-01 10:34:02.328 W/OpenGLRenderer( 1948): Failed to set EGL_SWAP_BEHAVIOR on surface 0x7fffeb5e4200, error=EGL_BAD_MATCH
09-01 10:34:02.331 D/EGL_adreno( 1948): eglMakeCurrent: 0x7fffeb43c820: ver 3 1 (tinfo 0x7fffeb40d4a0)
09-01 10:34:04.108 I/UsageStatsService( 1282): User[0] Flushing usage stats to disk
09-01 10:34:05.760 W/WindowManager( 1282): Attempted to remove non-existing token: android.os.Binder@fe11911
09-01 10:34:05.762 D/EGL_adreno( 1948): eglMakeCurrent: 0x7fffeb43c820: ver 3 1 (tinfo 0x7fffeb40d4a0)
09-01 10:34:05.818 E/EGL_adreno( 1948): tid 1965: eglSurfaceAttrib(1338): error 0x3009 (EGL_BAD_MATCH)
09-01 10:34:05.818 W/OpenGLRenderer( 1948): Failed to set EGL_SWAP_BEHAVIOR on surface 0x7fffeb5e4200, error=EGL_BAD_MATCH
09-01 10:34:05.821 D/EGL_adreno( 1948): eglMakeCurrent: 0x7fffeb43c820: ver 3 1 (tinfo 0x7fffeb40d4a0)
09-01 10:34:09.274 W/WindowManager( 1282): Attempted to remove non-existing token: android.os.Binder@42d354d
09-01 10:34:09.289 D/EGL_adreno( 1948): eglMakeCurrent: 0x7fffeb43c820: ver 3 1 (tinfo 0x7fffeb40d4a0)
09-01 10:34:09.398 E/EGL_adreno( 1948): tid 1965: eglSurfaceAttrib(1338): error 0x3009 (EGL_BAD_MATCH)
09-01 10:34:09.398 W/OpenGLRenderer( 1948): Failed to set EGL_SWAP_BEHAVIOR on surface 0x7fffeb5e4200, error=EGL_BAD_MATCH
09-01 10:34:09.405 D/EGL_adreno( 1948): eglMakeCurrent: 0x7fffeb43c820: ver 3 1 (tinfo 0x7fffeb40d4a0)
09-01 10:34:12.778 W/WindowManager( 1282): Attempted to remove non-existing token: android.os.Binder@40b5802
09-01 10:34:12.780 D/EGL_adreno( 1948): eglMakeCurrent: 0x7fffeb43c820: ver 3 1 (tinfo 0x7fffeb40d4a0)
09-01 10:34:12.838 E/EGL_adreno( 1948): tid 1965: eglSurfaceAttrib(1338): error 0x3009 (EGL_BAD_MATCH)
09-01 10:34:12.838 W/OpenGLRenderer( 1948): Failed to set EGL_SWAP_BEHAVIOR on surface 0x7fffeb5e4200, error=EGL_BAD_MATCH
09-01 10:34:12.841 D/EGL_adreno( 1948): eglMakeCurrent: 0x7fffeb43c820: ver 3 1 (tinfo 0x7fffeb40d4a0)
09-01 10:34:16.287 W/WindowManager( 1282): Attempted to remove non-existing token: android.os.Binder@1314513
09-01 10:34:16.289 D/EGL_adreno( 1948): eglMakeCurrent: 0x7fffeb43c820: ver 3 1 (tinfo 0x7fffeb40d4a0)
09-01 10:34:16.364 E/EGL_adreno( 1948): tid 1965: eglSurfaceAttrib(1338): error 0x3009 (EGL_BAD_MATCH)
09-01 10:34:16.364 W/OpenGLRenderer( 1948): Failed to set EGL_SWAP_BEHAVIOR on surface 0x7fffeb5e4200, error=EGL_BAD_MATCH
09-01 10:34:16.371 D/EGL_adreno( 1948): eglMakeCurrent: 0x7fffeb43c820: ver 3 1 (tinfo 0x7fffeb40d4a0)
09-01 10:34:19.793 W/WindowManager( 1282): Attempted to remove non-existing token: android.os.Binder@4b86350
09-01 10:34:19.795 D/EGL_adreno( 1948): eglMakeCurrent: 0x7fffeb43c820: ver 3 1 (tinfo 0x7fffeb40d4a0)
09-01 10:34:19.841 E/EGL_adreno( 1948): tid 1965: eglSurfaceAttrib(1338): error 0x3009 (EGL_BAD_MATCH)
09-01 10:34:19.842 W/OpenGLRenderer( 1948): Failed to set EGL_SWAP_BEHAVIOR on surface 0x7fffeb5e4200, error=EGL_BAD_MATCH
09-01 10:34:19.869 D/EGL_adreno( 1948): eglMakeCurrent: 0x7fffeb43c820: ver 3 1 (tinfo 0x7fffeb40d4a0)
09-01 10:34:23.302 W/WindowManager( 1282): Attempted to remove non-existing token: android.os.Binder@a4d949
09-01 10:34:23.304 D/EGL_adreno( 1948): eglMakeCurrent: 0x7fffeb43c820: ver 3 1 (tinfo 0x7fffeb40d4a0)
09-01 10:34:23.374 E/EGL_adreno( 1948): tid 1965: eglSurfaceAttrib(1338): error 0x3009 (EGL_BAD_MATCH)
09-01 10:34:23.374 W/OpenGLRenderer( 1948): Failed to set EGL_SWAP_BEHAVIOR on surface 0x7fffeb5e4200, error=EGL_BAD_MATCH
09-01 10:34:23.385 D/EGL_adreno( 1948): eglMakeCurrent: 0x7fffeb43c820: ver 3 1 (tinfo 0x7fffeb40d4a0)
09-01 10:34:26.808 W/WindowManager( 1282): Attempted to remove non-existing token: android.os.Binder@7daf24e
09-01 10:34:26.808 D/EGL_adreno( 1948): eglMakeCurrent: 0x7fffeb43c820: ver 3 1 (tinfo 0x7fffeb40d4a0)
09-01 10:34:26.863 E/EGL_adreno( 1948): tid 1965: eglSurfaceAttrib(1338): error 0x3009 (EGL_BAD_MATCH)
09-01 10:34:26.863 W/OpenGLRenderer( 1948): Failed to set EGL_SWAP_BEHAVIOR on surface 0x7fffeb5e4200, error=EGL_BAD_MATCH
09-01 10:34:26.870 D/EGL_adreno( 1948): eglMakeCurrent: 0x7fffeb43c820: ver 3 1 (tinfo 0x7fffeb40d4a0)
09-01 10:34:30.311 W/WindowManager( 1282): Attempted to remove non-existing token: android.os.Binder@4611f6f
09-01 10:34:30.313 D/EGL_adreno( 1948): eglMakeCurrent: 0x7fffeb43c820: ver 3 1 (tinfo 0x7fffeb40d4a0)
09-01 10:34:30.360 E/EGL_adreno( 1948): tid 1965: eglSurfaceAttrib(1338): error 0x3009 (EGL_BAD_MATCH)
09-01 10:34:30.360 W/OpenGLRenderer( 1948): Failed to set EGL_SWAP_BEHAVIOR on surface 0x7fffeb5e4200, error=EGL_BAD_MATCH
09-01 10:34:30.365 D/EGL_adreno( 1948): eglMakeCurrent: 0x7fffeb43c820: ver 3 1 (tinfo 0x7fffeb40d4a0)
09-01 10:34:33.815 W/WindowManager( 1282): Attempted to remove non-existing token: android.os.Binder@3c8647c
09-01 10:34:33.821 D/EGL_adreno( 1948): eglMakeCurrent: 0x7fffeb43c820: ver 3 1 (tinfo 0x7fffeb40d4a0)
09-01 10:34:33.875 E/EGL_adreno( 1948): tid 1965: eglSurfaceAttrib(1338): error 0x3009 (EGL_BAD_MATCH)
09-01 10:34:33.875 W/OpenGLRenderer( 1948): Failed to set EGL_SWAP_BEHAVIOR on surface 0x7fffeb5e4200, error=EGL_BAD_MATCH
09-01 10:34:33.903 D/EGL_adreno( 1948): eglMakeCurrent: 0x7fffeb43c820: ver 3 1 (tinfo 0x7fffeb40d4a0)
09-01 10:34:37.320 W/WindowManager( 1282): Attempted to remove non-existing token: android.os.Binder@ed8c105
09-01 10:34:37.323 D/EGL_adreno( 1948): eglMakeCurrent: 0x7fffeb43c820: ver 3 1 (tinfo 0x7fffeb40d4a0)
09-01 10:34:37.374 E/EGL_adreno( 1948): tid 1965: eglSurfaceAttrib(1338): error 0x3009 (EGL_BAD_MATCH)
09-01 10:34:37.374 W/OpenGLRenderer( 1948): Failed to set EGL_SWAP_BEHAVIOR on surface 0x7fffeb5e4200, error=EGL_BAD_MATCH
09-01 10:34:37.386 D/EGL_adreno( 1948): eglMakeCurrent: 0x7fffeb43c820: ver 3 1 (tinfo 0x7fffeb40d4a0)
09-01 10:34:40.825 W/WindowManager( 1282): Attempted to remove non-existing token: android.os.Binder@bf7e55a
09-01 10:34:40.828 D/EGL_adreno( 1948): eglMakeCurrent: 0x7fffeb43c820: ver 3 1 (tinfo 0x7fffeb40d4a0)
09-01 10:34:40.888 E/EGL_adreno( 1948): tid 1965: eglSurfaceAttrib(1338): error 0x3009 (EGL_BAD_MATCH)
09-01 10:34:40.888 W/OpenGLRenderer( 1948): Failed to set EGL_SWAP_BEHAVIOR on surface 0x7fffeb5e4200, error=EGL_BAD_MATCH
09-01 10:34:40.890 D/EGL_adreno( 1948): eglMakeCurrent: 0x7fffeb43c820: ver 3 1 (tinfo 0x7fffeb40d4a0)
09-01 10:34:44.330 W/WindowManager( 1282): Attempted to remove non-existing token: android.os.Binder@8befd26
09-01 10:34:44.332 D/EGL_adreno( 1948): eglMakeCurrent: 0x7fffeb43c820: ver 3 1 (tinfo 0x7fffeb40d4a0)
09-01 10:34:44.391 E/EGL_adreno( 1948): tid 1965: eglSurfaceAttrib(1338): error 0x3009 (EGL_BAD_MATCH)
09-01 10:34:44.391 W/OpenGLRenderer( 1948): Failed to set EGL_SWAP_BEHAVIOR on surface 0x7fffeb5e4200, error=EGL_BAD_MATCH
09-01 10:34:44.394 D/EGL_adreno( 1948): eglMakeCurrent: 0x7fffeb43c820: ver 3 1 (tinfo 0x7fffeb40d4a0)
09-01 10:34:47.836 W/WindowManager( 1282): Attempted to remove non-existing token: android.os.Binder@bd78d67
09-01 10:34:47.838 D/EGL_adreno( 1948): eglMakeCurrent: 0x7fffeb43c820: ver 3 1 (tinfo 0x7fffeb40d4a0)
09-01 10:34:47.919 E/EGL_adreno( 1948): tid 1965: eglSurfaceAttrib(1338): error 0x3009 (EGL_BAD_MATCH)
09-01 10:34:47.919 W/OpenGLRenderer( 1948): Failed to set EGL_SWAP_BEHAVIOR on surface 0x7fffeb5e4200, error=EGL_BAD_MATCH
09-01 10:34:47.920 D/EGL_adreno( 1948): eglMakeCurrent: 0x7fffeb43c820: ver 3 1 (tinfo 0x7fffeb40d4a0)
09-01 10:34:51.340 W/WindowManager( 1282): Attempted to remove non-existing token: android.os.Binder@bf7257b
09-01 10:34:51.342 D/EGL_adreno( 1948): eglMakeCurrent: 0x7fffeb43c820: ver 3 1 (tinfo 0x7fffeb40d4a0)
09-01 10:34:51.366 I/HostConnection( 1948): HostConnection::~HostConnection, pid=1948, tid=1965, this=0x7fffeb41c660, m_stream=0x7fffeb468940
09-01 10:34:51.368 I/        ( 1948): fastpipe: close connect
09-01 10:35:32.888 W/ContextImpl( 1676): Calling a method in the system process without a qualified user: android.app.ContextImpl.startService:1358 android.content.ContextWrapper.startService:613 android.content.ContextWrapper.startService:613 com.android.coreservice.CoreBroadcastReceiver.onReceive:44 android.app.ActivityThread.handleReceiver:3073 
09-01 10:35:32.933 W/SQLiteConnectionPool( 2843): A SQLiteConnection object for database '/data/user/0/com.etesync.syncadapter/databases/default' was leaked!  Please fix your application to end transactions in progress properly and to close the database when it is no longer needed.
09-01 10:35:32.943 E/StrictMode( 2843): A resource was acquired at attached stack trace but never released. See java.io.Closeable for information on avoiding resource leaks.
09-01 10:35:32.943 E/StrictMode( 2843): java.lang.Throwable: Explicit termination method 'close' not called
09-01 10:35:32.943 E/StrictMode( 2843): 	at dalvik.system.CloseGuard.open(CloseGuard.java:180)
09-01 10:35:32.943 E/StrictMode( 2843): 	at android.database.sqlite.SQLiteConnection.<init>(SQLiteConnection.java:170)
09-01 10:35:32.943 E/StrictMode( 2843): 	at android.database.sqlite.SQLiteConnection.open(SQLiteConnection.java:190)
09-01 10:35:32.943 E/StrictMode( 2843): 	at android.database.sqlite.SQLiteConnectionPool.openConnectionLocked(SQLiteConnectionPool.java:463)
09-01 10:35:32.943 E/StrictMode( 2843): 	at android.database.sqlite.SQLiteConnectionPool.open(SQLiteConnectionPool.java:185)
09-01 10:35:32.943 E/StrictMode( 2843): 	at android.database.sqlite.SQLiteConnectionPool.open(SQLiteConnectionPool.java:177)
09-01 10:35:32.943 E/StrictMode( 2843): 	at android.database.sqlite.SQLiteDatabase.openInner(SQLiteDatabase.java:808)
09-01 10:35:32.943 E/StrictMode( 2843): 	at android.database.sqlite.SQLiteDatabase.open(SQLiteDatabase.java:793)
09-01 10:35:32.943 E/StrictMode( 2843): 	at android.database.sqlite.SQLiteDatabase.openDatabase(SQLiteDatabase.java:696)
09-01 10:35:32.943 E/StrictMode( 2843): 	at android.app.ContextImpl.openOrCreateDatabase(ContextImpl.java:653)
09-01 10:35:32.943 E/StrictMode( 2843): 	at android.content.ContextWrapper.openOrCreateDatabase(ContextWrapper.java:289)
09-01 10:35:32.943 E/StrictMode( 2843): 	at android.database.sqlite.SQLiteOpenHelper.getDatabaseLocked(SQLiteOpenHelper.java:223)
09-01 10:35:32.943 E/StrictMode( 2843): 	at android.database.sqlite.SQLiteOpenHelper.getWritableDatabase(SQLiteOpenHelper.java:163)
09-01 10:35:32.943 E/StrictMode( 2843): 	at io.requery.android.sqlite.DatabaseSource.getConnection(DatabaseSource.java:230)
09-01 10:35:32.943 E/StrictMode( 2843): 	at io.requery.sql.EntityDataStore$DataContext.getConnection(EntityDataStore.java:635)
09-01 10:35:32.943 E/StrictMode( 2843): 	at io.requery.sql.EntityDataStore.checkConnectionMetadata(EntityDataStore.java:573)
09-01 10:35:32.943 E/StrictMode( 2843): 	at io.requery.sql.EntityDataStore$DataContext.read(EntityDataStore.java:656)
09-01 10:35:32.943 E/StrictMode( 2843): 	at io.requery.sql.EntityDataStore.select(EntityDataStore.java:450)
09-01 10:35:32.943 E/StrictMode( 2843): 	at com.etesync.syncadapter.ui.DebugInfoActivity$ReportLoader.loadInBackground(DebugInfoActivity.kt:200)
09-01 10:35:32.943 E/StrictMode( 2843): 	at com.etesync.syncadapter.ui.DebugInfoActivity$ReportLoader.loadInBackground(DebugInfoActivity.kt:89)
09-01 10:35:32.943 E/StrictMode( 2843): 	at android.content.AsyncTaskLoader.onLoadInBackground(AsyncTaskLoader.java:312)
09-01 10:35:32.943 E/StrictMode( 2843): 	at android.content.AsyncTaskLoader$LoadTask.doInBackground(AsyncTaskLoader.java:69)
09-01 10:35:32.943 E/StrictMode( 2843): 	at android.content.AsyncTaskLoader$LoadTask.doInBackground(AsyncTaskLoader.java:66)
09-01 10:35:32.943 E/StrictMode( 2843): 	at android.os.AsyncTask$2.call(AsyncTask.java:305)
09-01 10:35:32.943 E/StrictMode( 2843): 	at java.util.concurrent.FutureTask.run(FutureTask.java:237)
09-01 10:35:32.943 E/StrictMode( 2843): 	at java.util.concurrent.ThreadPoolExecutor.runWorker(ThreadPoolExecutor.java:1133)
09-01 10:35:32.943 E/StrictMode( 2843): 	at java.util.concurrent.ThreadPoolExecutor$Worker.run(ThreadPoolExecutor.java:607)
09-01 10:35:32.943 E/StrictMode( 2843): 	at java.lang.Thread.run(Thread.java:761)
09-01 10:35:32.944 E/StrictMode( 2843): A resource was acquired at attached stack trace but never released. See java.io.Closeable for information on avoiding resource leaks.
09-01 10:35:32.944 E/StrictMode( 2843): java.lang.Throwable: Explicit termination method 'close' not called
09-01 10:35:32.944 E/StrictMode( 2843): 	at dalvik.system.CloseGuard.open(CloseGuard.java:180)
09-01 10:35:32.944 E/StrictMode( 2843): 	at android.database.sqlite.SQLiteConnectionPool.open(SQLiteConnectionPool.java:190)
09-01 10:35:32.944 E/StrictMode( 2843): 	at android.database.sqlite.SQLiteConnectionPool.open(SQLiteConnectionPool.java:177)
09-01 10:35:32.944 E/StrictMode( 2843): 	at android.database.sqlite.SQLiteDatabase.openInner(SQLiteDatabase.java:808)
09-01 10:35:32.944 E/StrictMode( 2843): 	at android.database.sqlite.SQLiteDatabase.open(SQLiteDatabase.java:793)
09-01 10:35:32.944 E/StrictMode( 2843): 	at android.database.sqlite.SQLiteDatabase.openDatabase(SQLiteDatabase.java:696)
09-01 10:35:32.944 E/StrictMode( 2843): 	at android.app.ContextImpl.openOrCreateDatabase(ContextImpl.java:653)
09-01 10:35:32.944 E/StrictMode( 2843): 	at android.content.ContextWrapper.openOrCreateDatabase(ContextWrapper.java:289)
09-01 10:35:32.944 E/StrictMode( 2843): 	at android.database.sqlite.SQLiteOpenHelper.getDatabaseLocked(SQLiteOpenHelper.java:223)
09-01 10:35:32.944 E/StrictMode( 2843): 	at android.database.sqlite.SQLiteOpenHelper.getWritableDatabase(SQLiteOpenHelper.java:163)
09-01 10:35:32.944 E/StrictMode( 2843): 	at io.requery.android.sqlite.DatabaseSource.getConnection(DatabaseSource.java:230)
09-01 10:35:32.944 E/StrictMode( 2843): 	at io.requery.sql.EntityDataStore$DataContext.getConnection(EntityDataStore.java:635)
09-01 10:35:32.944 E/StrictMode( 2843): 	at io.requery.sql.EntityDataStore.checkConnectionMetadata(EntityDataStore.java:573)
09-01 10:35:32.944 E/StrictMode( 2843): 	at io.requery.sql.EntityDataStore$DataContext.read(EntityDataStore.java:656)
09-01 10:35:32.944 E/StrictMode( 2843): 	at io.requery.sql.EntityDataStore.select(EntityDataStore.java:450)
09-01 10:35:32.944 E/StrictMode( 2843): 	at com.etesync.syncadapter.ui.DebugInfoActivity$ReportLoader.loadInBackground(DebugInfoActivity.kt:200)
09-01 10:35:32.944 E/StrictMode( 2843): 	at com.etesync.syncadapter.ui.DebugInfoActivity$ReportLoader.loadInBackground(DebugInfoActivity.kt:89)
09-01 10:35:32.944 E/StrictMode( 2843): 	at android.content.AsyncTaskLoader.onLoadInBackground(AsyncTaskLoader.java:312)
09-01 10:35:32.944 E/StrictMode( 2843): 	at android.content.AsyncTaskLoader$LoadTask.doInBackground(AsyncTaskLoader.java:69)
09-01 10:35:32.944 E/StrictMode( 2843): 	at android.content.AsyncTaskLoader$LoadTask.doInBackground(AsyncTaskLoader.java:66)
09-01 10:35:32.944 E/StrictMode( 2843): 	at android.os.AsyncTask$2.call(AsyncTask.java:305)
09-01 10:35:32.944 E/StrictMode( 2843): 	at java.util.concurrent.FutureTask.run(FutureTask.java:237)
09-01 10:35:32.944 E/StrictMode( 2843): 	at java.util.concurrent.ThreadPoolExecutor.runWorker(ThreadPoolExecutor.java:1133)
09-01 10:35:32.944 E/StrictMode( 2843): 	at java.util.concurrent.ThreadPoolExecutor$Worker.run(ThreadPoolExecutor.java:607)
09-01 10:35:32.944 E/StrictMode( 2843): 	at java.lang.Thread.run(Thread.java:761)
09-01 10:35:32.945 E/StrictMode( 2843): A resource was acquired at attached stack trace but never released. See java.io.Closeable for information on avoiding resource leaks.
09-01 10:35:32.945 E/StrictMode( 2843): java.lang.Throwable: Explicit termination method 'close' not called
09-01 10:35:32.945 E/StrictMode( 2843): 	at dalvik.system.CloseGuard.open(CloseGuard.java:180)
09-01 10:35:32.945 E/StrictMode( 2843): 	at android.database.sqlite.SQLiteDatabase.openInner(SQLiteDatabase.java:809)
09-01 10:35:32.945 E/StrictMode( 2843): 	at android.database.sqlite.SQLiteDatabase.open(SQLiteDatabase.java:793)
09-01 10:35:32.945 E/StrictMode( 2843): 	at android.database.sqlite.SQLiteDatabase.openDatabase(SQLiteDatabase.java:696)
09-01 10:35:32.945 E/StrictMode( 2843): 	at android.app.ContextImpl.openOrCreateDatabase(ContextImpl.java:653)
09-01 10:35:32.945 E/StrictMode( 2843): 	at android.content.ContextWrapper.openOrCreateDatabase(ContextWrapper.java:289)
09-01 10:35:32.945 E/StrictMode( 2843): 	at android.database.sqlite.SQLiteOpenHelper.getDatabaseLocked(SQLiteOpenHelper.java:223)
09-01 10:35:32.945 E/StrictMode( 2843): 	at android.database.sqlite.SQLiteOpenHelper.getWritableDatabase(SQLiteOpenHelper.java:163)
09-01 10:35:32.945 E/StrictMode( 2843): 	at io.requery.android.sqlite.DatabaseSource.getConnection(DatabaseSource.java:230)
09-01 10:35:32.945 E/StrictMode( 2843): 	at io.requery.sql.EntityDataStore$DataContext.getConnection(EntityDataStore.java:635)
09-01 10:35:32.945 E/StrictMode( 2843): 	at io.requery.sql.EntityDataStore.checkConnectionMetadata(EntityDataStore.java:573)
09-01 10:35:32.945 E/StrictMode( 2843): 	at io.requery.sql.EntityDataStore$DataContext.read(EntityDataStore.java:656)
09-01 10:35:32.945 E/StrictMode( 2843): 	at io.requery.sql.EntityDataStore.select(EntityDataStore.java:450)
09-01 10:35:32.945 E/StrictMode( 2843): 	at com.etesync.syncadapter.ui.DebugInfoActivity$ReportLoader.loadInBackground(DebugInfoActivity.kt:200)
09-01 10:35:32.945 E/StrictMode( 2843): 	at com.etesync.syncadapter.ui.DebugInfoActivity$ReportLoader.loadInBackground(DebugInfoActivity.kt:89)
09-01 10:35:32.945 E/StrictMode( 2843): 	at android.content.AsyncTaskLoader.onLoadInBackground(AsyncTaskLoader.java:312)
09-01 10:35:32.945 E/StrictMode( 2843): 	at android.content.AsyncTaskLoader$LoadTask.doInBackground(AsyncTaskLoader.java:69)
09-01 10:35:32.945 E/StrictMode( 2843): 	at android.content.AsyncTaskLoader$LoadTask.doInBackground(AsyncTaskLoader.java:66)
09-01 10:35:32.945 E/StrictMode( 2843): 	at android.os.AsyncTask$2.call(AsyncTask.java:305)
09-01 10:35:32.945 E/StrictMode( 2843): 	at java.util.concurrent.FutureTask.run(FutureTask.java:237)
09-01 10:35:32.945 E/StrictMode( 2843): 	at java.util.concurrent.ThreadPoolExecutor.runWorker(ThreadPoolExecutor.java:1133)
09-01 10:35:32.945 E/StrictMode( 2843): 	at java.util.concurrent.ThreadPoolExecutor$Worker.run(ThreadPoolExecutor.java:607)
09-01 10:35:32.945 E/StrictMode( 2843): 	at java.lang.Thread.run(Thread.java:761)
09-01 10:35:32.987 W/ContextImpl( 1676): Calling a method in the system process without a qualified user: android.app.ContextImpl.startService:1358 android.content.ContextWrapper.startService:613 android.content.ContextWrapper.startService:613 com.android.coreservice.CoreBroadcastReceiver.onReceive:53 android.app.ActivityThread.handleReceiver:3073 
09-01 10:35:33.467 E/EGL_adreno( 2843): tid 2864: eglSurfaceAttrib(1338): error 0x3009 (EGL_BAD_MATCH)
09-01 10:35:33.467 W/OpenGLRenderer( 2843): Failed to set EGL_SWAP_BEHAVIOR on surface 0x7fffeb479e40, error=EGL_BAD_MATCH
09-01 10:35:33.525 D/EGL_adreno( 2843): eglMakeCurrent: 0x7fffeb43daa0: ver 3 1 (tinfo 0x7fffeb40d600)
09-01 10:35:33.578 I/ActivityManager( 1282): Displayed com.etesync.syncadapter/.ui.setup.LoginActivity: +693ms
09-01 10:35:33.581 W/ContextImpl( 1676): Calling a method in the system process without a qualified user: android.app.ContextImpl.startService:1358 android.content.ContextWrapper.startService:613 android.content.ContextWrapper.startService:613 com.android.coreservice.CoreBroadcastReceiver.onReceive:69 android.app.ActivityThread.handleReceiver:3073 
09-01 10:35:33.587 W/ContextImpl( 1676): Calling a method in the system process without a qualified user: android.app.ContextImpl.startService:1358 android.content.ContextWrapper.startService:613 android.content.ContextWrapper.startService:613 com.android.coreservice.CoreBroadcastReceiver.onReceive:69 android.app.ActivityThread.handleReceiver:3073 
09-01 10:35:33.798 D/WifiStateMachine( 1282): setScanResults mScanResults.size=1
09-01 10:35:34.384 W/ContextImpl( 1676): Calling a method in the system process without a qualified user: android.app.ContextImpl.startService:1358 android.content.ContextWrapper.startService:613 android.content.ContextWrapper.startService:613 com.android.coreservice.CoreBroadcastReceiver.onReceive:44 android.app.ActivityThread.handleReceiver:3073 
09-01 10:35:34.421 I/AppCompatViewInflater( 2843): app:theme is now deprecated. Please move to using android:theme instead.
09-01 10:35:34.532 I/ActivityManager( 1282): START u0 {act=android.content.pm.action.REQUEST_PERMISSIONS pkg=com.android.packageinstaller cmp=com.android.packageinstaller/.permission.ui.GrantPermissionsActivity (has extras)} from uid 10038 on display 0
09-01 10:35:34.539 W/ContextImpl( 1676): Calling a method in the system process without a qualified user: android.app.ContextImpl.startService:1358 android.content.ContextWrapper.startService:613 android.content.ContextWrapper.startService:613 com.android.coreservice.CoreBroadcastReceiver.onReceive:44 android.app.ActivityThread.handleReceiver:3073 
09-01 10:35:34.583 W/ContextImpl( 1676): Calling a method in the system process without a qualified user: android.app.ContextImpl.startService:1358 android.content.ContextWrapper.startService:613 android.content.ContextWrapper.startService:613 com.android.coreservice.CoreBroadcastReceiver.onReceive:53 android.app.ActivityThread.handleReceiver:3073 
09-01 10:35:34.665 W/ContextImpl( 1676): Calling a method in the system process without a qualified user: android.app.ContextImpl.startService:1358 android.content.ContextWrapper.startService:613 android.content.ContextWrapper.startService:613 com.android.coreservice.CoreBroadcastReceiver.onReceive:53 android.app.ActivityThread.handleReceiver:3073 
09-01 10:35:34.674 W/ContextImpl( 1676): Calling a method in the system process without a qualified user: android.app.ContextImpl.startService:1358 android.content.ContextWrapper.startService:613 android.content.ContextWrapper.startService:613 com.android.coreservice.CoreBroadcastReceiver.onReceive:44 android.app.ActivityThread.handleReceiver:3073 
09-01 10:35:34.734 E/EGL_adreno( 2843): tid 2864: eglSurfaceAttrib(1338): error 0x3009 (EGL_BAD_MATCH)
09-01 10:35:34.734 W/OpenGLRenderer( 2843): Failed to set EGL_SWAP_BEHAVIOR on surface 0x7fffeb479d00, error=EGL_BAD_MATCH
09-01 10:35:34.837 E/EGL_adreno( 2843): tid 2864: eglSurfaceAttrib(1338): error 0x3009 (EGL_BAD_MATCH)
09-01 10:35:34.837 W/OpenGLRenderer( 2843): Failed to set EGL_SWAP_BEHAVIOR on surface 0x7fffeb480a00, error=EGL_BAD_MATCH
09-01 10:35:34.844 I/art     ( 2843): Do partial code cache collection, code=20KB, data=30KB
09-01 10:35:34.845 I/art     ( 2843): After code cache collection, code=20KB, data=30KB
09-01 10:35:34.845 I/art     ( 2843): Increasing code cache capacity to 128KB
09-01 10:35:34.913 D/EGL_adreno( 2843): eglMakeCurrent: 0x7fffeb43daa0: ver 3 1 (tinfo 0x7fffeb40d600)
09-01 10:35:34.963 D/EGL_adreno( 2843): eglMakeCurrent: 0x7fffeb43daa0: ver 3 1 (tinfo 0x7fffeb40d600)
09-01 10:35:35.031 D/EGL_adreno( 2843): eglMakeCurrent: 0x7fffeb43daa0: ver 3 1 (tinfo 0x7fffeb40d600)
09-01 10:35:35.037 W/ContextImpl( 1676): Calling a method in the system process without a qualified user: android.app.ContextImpl.startService:1358 android.content.ContextWrapper.startService:613 android.content.ContextWrapper.startService:613 com.android.coreservice.CoreBroadcastReceiver.onReceive:53 android.app.ActivityThread.handleReceiver:3073 
09-01 10:35:35.045 D/EGL_adreno( 2843): eglMakeCurrent: 0x7fffeb43daa0: ver 3 1 (tinfo 0x7fffeb40d600)
09-01 10:35:35.121 D/EGL_adreno( 2843): eglMakeCurrent: 0x7fffeb43daa0: ver 3 1 (tinfo 0x7fffeb40d600)
09-01 10:35:35.202 D/EGL_adreno( 2843): eglMakeCurrent: 0x7fffeb43daa0: ver 3 1 (tinfo 0x7fffeb40d600)
09-01 10:35:35.211 D/EGL_adreno( 2843): eglMakeCurrent: 0x7fffeb43daa0: ver 3 1 (tinfo 0x7fffeb40d600)
09-01 10:35:36.218 D/EGL_adreno( 2843): eglMakeCurrent: 0x7fffeb43daa0: ver 3 1 (tinfo 0x7fffeb40d600)
