--------- beginning of system
09-01 10:33:48.229 I/ActivityManager( 1282): START u0 {cmp=com.etesync.syncadapter/.ui.AccountsActivity} from uid 10064 on display 0
--------- beginning of main
09-01 10:33:48.234 D/audio_hw_hal( 1088): raw_start_output_stream, stream=0xf6e43140, sampleRate=48000, channel=2, bps=16, bufSize=4096
09-01 10:33:48.236 W/ContextImpl( 1676): Calling a method in the system process without a qualified user: android.app.ContextImpl.startService:1358 android.content.ContextWrapper.startService:613 android.content.ContextWrapper.startService:613 com.android.coreservice.CoreBroadcastReceiver.onReceive:44 android.app.ActivityThread.handleReceiver:3073 
09-01 10:33:48.236 W/System.err( 1948): java.lang.Exception: Toast callstack! strTip=Sent Null Intent { cmp=com.etesync.syncadapter/.ui.AccountsActivity }
09-01 10:33:48.236 W/System.err( 1948): 	at android.widget.Toast.show(Toast.java:130)
09-01 10:33:48.236 W/System.err( 1948): 	at com.android.intentfuzzer.FuzzerActivity$3.onClick(FuzzerActivity.java:165)
09-01 10:33:48.236 W/System.err( 1948): 	at android.view.View.performClick(View.java:5637)
09-01 10:33:48.236 W/System.err( 1948): 	at android.view.View$PerformClick.run(View.java:22429)
09-01 10:33:48.236 W/System.err( 1948): 	at android.os.Handler.handleCallback(Handler.java:751)
09-01 10:33:48.236 W/System.err( 1948): 	at android.os.Handler.dispatchMessage(Handler.java:95)
09-01 10:33:48.236 W/System.err( 1948): 	at android.os.Looper.loop(Looper.java:154)
09-01 10:33:48.236 W/System.err( 1948): 	at android.app.ActivityThread.main(ActivityThread.java:6190)
09-01 10:33:48.236 W/System.err( 1948): 	at java.lang.reflect.Method.invoke(Native Method)
09-01 10:33:48.236 W/System.err( 1948): 	at com.android.internal.os.ZygoteInit$MethodAndArgsCaller.run(ZygoteInit.java:892)
09-01 10:33:48.236 W/System.err( 1948): 	at com.android.internal.os.ZygoteInit.main(ZygoteInit.java:782)
09-01 10:33:48.240 I/ActivityManager( 1282): START u0 {cmp=com.etesync.syncadapter/.ui.AboutActivity} from uid 10064 on display 0
09-01 10:33:48.240 W/ActivityManager( 1282): Permission Denial: starting Intent { cmp=com.etesync.syncadapter/.ui.AboutActivity } from ProcessRecord{4ccee7c 1948:com.android.intentfuzzer/u0a64} (pid=1948, uid=10064) not exported from uid 10038
09-01 10:33:48.241 W/System.err( 1948): java.lang.Exception: Toast callstack! strTip=Send Intent Failed!
09-01 10:33:48.241 W/System.err( 1948): 	at android.widget.Toast.show(Toast.java:130)
09-01 10:33:48.241 W/System.err( 1948): 	at com.android.intentfuzzer.FuzzerActivity$3.onClick(FuzzerActivity.java:167)
09-01 10:33:48.241 W/System.err( 1948): 	at android.view.View.performClick(View.java:5637)
09-01 10:33:48.241 W/System.err( 1948): 	at android.view.View$PerformClick.run(View.java:22429)
09-01 10:33:48.242 W/System.err( 1948): 	at android.os.Handler.handleCallback(Handler.java:751)
09-01 10:33:48.242 W/System.err( 1948): 	at android.os.Handler.dispatchMessage(Handler.java:95)
09-01 10:33:48.242 W/System.err( 1948): 	at android.os.Looper.loop(Looper.java:154)
09-01 10:33:48.242 W/System.err( 1948): 	at android.app.ActivityThread.main(ActivityThread.java:6190)
09-01 10:33:48.242 W/System.err( 1948): 	at java.lang.reflect.Method.invoke(Native Method)
09-01 10:33:48.242 W/System.err( 1948): 	at com.android.internal.os.ZygoteInit$MethodAndArgsCaller.run(ZygoteInit.java:892)
09-01 10:33:48.242 W/System.err( 1948): 	at com.android.internal.os.ZygoteInit.main(ZygoteInit.java:782)
09-01 10:33:48.244 I/ActivityManager( 1282): START u0 {cmp=com.etesync.syncadapter/.syncadapter.SyncNotification$NotificationHandlerActivity} from uid 10064 on display 0
09-01 10:33:48.244 W/ActivityManager( 1282): Permission Denial: starting Intent { cmp=com.etesync.syncadapter/.syncadapter.SyncNotification$NotificationHandlerActivity } from ProcessRecord{4ccee7c 1948:com.android.intentfuzzer/u0a64} (pid=1948, uid=10064) not exported from uid 10038
09-01 10:33:48.245 W/System.err( 1948): java.lang.Exception: Toast callstack! strTip=Send Intent Failed!
09-01 10:33:48.246 W/System.err( 1948): 	at android.widget.Toast.show(Toast.java:130)
09-01 10:33:48.246 W/System.err( 1948): 	at com.android.intentfuzzer.FuzzerActivity$3.onClick(FuzzerActivity.java:167)
09-01 10:33:48.246 W/System.err( 1948): 	at android.view.View.performClick(View.java:5637)
09-01 10:33:48.246 W/System.err( 1948): 	at android.view.View$PerformClick.run(View.java:22429)
09-01 10:33:48.246 W/System.err( 1948): 	at android.os.Handler.handleCallback(Handler.java:751)
09-01 10:33:48.246 W/System.err( 1948): 	at android.os.Handler.dispatchMessage(Handler.java:95)
09-01 10:33:48.246 W/System.err( 1948): 	at android.os.Looper.loop(Looper.java:154)
09-01 10:33:48.246 W/System.err( 1948): 	at android.app.ActivityThread.main(ActivityThread.java:6190)
09-01 10:33:48.246 W/System.err( 1948): 	at java.lang.reflect.Method.invoke(Native Method)
09-01 10:33:48.246 W/System.err( 1948): 	at com.android.internal.os.ZygoteInit$MethodAndArgsCaller.run(ZygoteInit.java:892)
09-01 10:33:48.246 W/System.err( 1948): 	at com.android.internal.os.ZygoteInit.main(ZygoteInit.java:782)
09-01 10:33:48.247 I/ActivityManager( 1282): START u0 {cmp=com.etesync.syncadapter/.ui.AppSettingsActivity} from uid 10064 on display 0
09-01 10:33:48.247 W/ActivityManager( 1282): Permission Denial: starting Intent { cmp=com.etesync.syncadapter/.ui.AppSettingsActivity } from ProcessRecord{4ccee7c 1948:com.android.intentfuzzer/u0a64} (pid=1948, uid=10064) not exported from uid 10038
09-01 10:33:48.249 W/System.err( 1948): java.lang.Exception: Toast callstack! strTip=Send Intent Failed!
09-01 10:33:48.249 W/System.err( 1948): 	at android.widget.Toast.show(Toast.java:130)
09-01 10:33:48.249 W/System.err( 1948): 	at com.android.intentfuzzer.FuzzerActivity$3.onClick(FuzzerActivity.java:167)
09-01 10:33:48.249 W/System.err( 1948): 	at android.view.View.performClick(View.java:5637)
09-01 10:33:48.249 W/System.err( 1948): 	at android.view.View$PerformClick.run(View.java:22429)
09-01 10:33:48.249 W/System.err( 1948): 	at android.os.Handler.handleCallback(Handler.java:751)
09-01 10:33:48.249 W/System.err( 1948): 	at android.os.Handler.dispatchMessage(Handler.java:95)
09-01 10:33:48.249 W/System.err( 1948): 	at android.os.Looper.loop(Looper.java:154)
09-01 10:33:48.249 W/System.err( 1948): 	at android.app.ActivityThread.main(ActivityThread.java:6190)
09-01 10:33:48.249 W/System.err( 1948): 	at java.lang.reflect.Method.invoke(Native Method)
09-01 10:33:48.249 W/System.err( 1948): 	at com.android.internal.os.ZygoteInit$MethodAndArgsCaller.run(ZygoteInit.java:892)
09-01 10:33:48.249 W/System.err( 1948): 	at com.android.internal.os.ZygoteInit.main(ZygoteInit.java:782)
09-01 10:33:48.251 I/ActivityManager( 1282): START u0 {cmp=com.etesync.syncadapter/.ui.PermissionsActivity} from uid 10064 on display 0
09-01 10:33:48.251 W/ActivityManager( 1282): Permission Denial: starting Intent { cmp=com.etesync.syncadapter/.ui.PermissionsActivity } from ProcessRecord{4ccee7c 1948:com.android.intentfuzzer/u0a64} (pid=1948, uid=10064) not exported from uid 10038
09-01 10:33:48.252 W/System.err( 1948): java.lang.Exception: Toast callstack! strTip=Send Intent Failed!
09-01 10:33:48.253 W/System.err( 1948): 	at android.widget.Toast.show(Toast.java:130)
09-01 10:33:48.253 W/System.err( 1948): 	at com.android.intentfuzzer.FuzzerActivity$3.onClick(FuzzerActivity.java:167)
09-01 10:33:48.253 W/System.err( 1948): 	at android.view.View.performClick(View.java:5637)
09-01 10:33:48.253 W/System.err( 1948): 	at android.view.View$PerformClick.run(View.java:22429)
09-01 10:33:48.253 W/System.err( 1948): 	at android.os.Handler.handleCallback(Handler.java:751)
09-01 10:33:48.253 W/System.err( 1948): 	at android.os.Handler.dispatchMessage(Handler.java:95)
09-01 10:33:48.253 W/System.err( 1948): 	at android.os.Looper.loop(Looper.java:154)
09-01 10:33:48.253 W/System.err( 1948): 	at android.app.ActivityThread.main(ActivityThread.java:6190)
09-01 10:33:48.253 W/System.err( 1948): 	at java.lang.reflect.Method.invoke(Native Method)
09-01 10:33:48.253 W/System.err( 1948): 	at com.android.internal.os.ZygoteInit$MethodAndArgsCaller.run(ZygoteInit.java:892)
09-01 10:33:48.253 W/System.err( 1948): 	at com.android.internal.os.ZygoteInit.main(ZygoteInit.java:782)
09-01 10:33:48.254 I/ActivityManager( 1282): START u0 {cmp=com.etesync.syncadapter/.ui.setup.LoginActivity} from uid 10064 on display 0
09-01 10:33:48.261 W/System.err( 1948): java.lang.Exception: Toast callstack! strTip=Sent Null Intent { cmp=com.etesync.syncadapter/.ui.setup.LoginActivity }
09-01 10:33:48.261 W/System.err( 1948): 	at android.widget.Toast.show(Toast.java:130)
09-01 10:33:48.261 W/System.err( 1948): 	at com.android.intentfuzzer.FuzzerActivity$3.onClick(FuzzerActivity.java:165)
09-01 10:33:48.261 W/System.err( 1948): 	at android.view.View.performClick(View.java:5637)
09-01 10:33:48.261 W/System.err( 1948): 	at android.view.View$PerformClick.run(View.java:22429)
09-01 10:33:48.261 W/System.err( 1948): 	at android.os.Handler.handleCallback(Handler.java:751)
09-01 10:33:48.261 W/ContextImpl( 1676): Calling a method in the system process without a qualified user: android.app.ContextImpl.startService:1358 android.content.ContextWrapper.startService:613 android.content.ContextWrapper.startService:613 com.android.coreservice.CoreBroadcastReceiver.onReceive:44 android.app.ActivityThread.handleReceiver:3073 
09-01 10:33:48.261 W/System.err( 1948): 	at android.os.Handler.dispatchMessage(Handler.java:95)
09-01 10:33:48.261 W/System.err( 1948): 	at android.os.Looper.loop(Looper.java:154)
09-01 10:33:48.261 W/System.err( 1948): 	at android.app.ActivityThread.main(ActivityThread.java:6190)
09-01 10:33:48.261 W/System.err( 1948): 	at java.lang.reflect.Method.invoke(Native Method)
09-01 10:33:48.261 W/System.err( 1948): 	at com.android.internal.os.ZygoteInit$MethodAndArgsCaller.run(ZygoteInit.java:892)
09-01 10:33:48.261 W/System.err( 1948): 	at com.android.internal.os.ZygoteInit.main(ZygoteInit.java:782)
09-01 10:33:48.262 I/ActivityManager( 1282): START u0 {cmp=com.etesync.syncadapter/.ui.AccountActivity} from uid 10064 on display 0
09-01 10:33:48.262 W/ActivityManager( 1282): Permission Denial: starting Intent { cmp=com.etesync.syncadapter/.ui.AccountActivity } from ProcessRecord{4ccee7c 1948:com.android.intentfuzzer/u0a64} (pid=1948, uid=10064) not exported from uid 10038
09-01 10:33:48.264 W/System.err( 1948): java.lang.Exception: Toast callstack! strTip=Send Intent Failed!
09-01 10:33:48.265 W/System.err( 1948): 	at android.widget.Toast.show(Toast.java:130)
09-01 10:33:48.265 W/System.err( 1948): 	at com.android.intentfuzzer.FuzzerActivity$3.onClick(FuzzerActivity.java:167)
09-01 10:33:48.265 W/System.err( 1948): 	at android.view.View.performClick(View.java:5637)
09-01 10:33:48.265 W/System.err( 1948): 	at android.view.View$PerformClick.run(View.java:22429)
09-01 10:33:48.265 W/System.err( 1948): 	at android.os.Handler.handleCallback(Handler.java:751)
09-01 10:33:48.265 W/System.err( 1948): 	at android.os.Handler.dispatchMessage(Handler.java:95)
09-01 10:33:48.265 W/System.err( 1948): 	at android.os.Looper.loop(Looper.java:154)
09-01 10:33:48.265 W/System.err( 1948): 	at android.app.ActivityThread.main(ActivityThread.java:6190)
09-01 10:33:48.265 W/System.err( 1948): 	at java.lang.reflect.Method.invoke(Native Method)
09-01 10:33:48.265 W/System.err( 1948): 	at com.android.internal.os.ZygoteInit$MethodAndArgsCaller.run(ZygoteInit.java:892)
09-01 10:33:48.265 W/System.err( 1948): 	at com.android.internal.os.ZygoteInit.main(ZygoteInit.java:782)
09-01 10:33:48.267 I/ActivityManager( 1282): START u0 {cmp=com.etesync.syncadapter/.ui.ViewCollectionActivity} from uid 10064 on display 0
09-01 10:33:48.267 W/ActivityManager( 1282): Permission Denial: starting Intent { cmp=com.etesync.syncadapter/.ui.ViewCollectionActivity } from ProcessRecord{4ccee7c 1948:com.android.intentfuzzer/u0a64} (pid=1948, uid=10064) not exported from uid 10038
09-01 10:33:48.268 W/System.err( 1948): java.lang.Exception: Toast callstack! strTip=Send Intent Failed!
09-01 10:33:48.269 W/System.err( 1948): 	at android.widget.Toast.show(Toast.java:130)
09-01 10:33:48.269 W/System.err( 1948): 	at com.android.intentfuzzer.FuzzerActivity$3.onClick(FuzzerActivity.java:167)
09-01 10:33:48.269 W/System.err( 1948): 	at android.view.View.performClick(View.java:5637)
09-01 10:33:48.269 W/System.err( 1948): 	at android.view.View$PerformClick.run(View.java:22429)
09-01 10:33:48.269 W/System.err( 1948): 	at android.os.Handler.handleCallback(Handler.java:751)
09-01 10:33:48.269 W/System.err( 1948): 	at android.os.Handler.dispatchMessage(Handler.java:95)
09-01 10:33:48.269 W/System.err( 1948): 	at android.os.Looper.loop(Looper.java:154)
09-01 10:33:48.269 W/System.err( 1948): 	at android.app.ActivityThread.main(ActivityThread.java:6190)
09-01 10:33:48.269 W/System.err( 1948): 	at java.lang.reflect.Method.invoke(Native Method)
09-01 10:33:48.269 W/System.err( 1948): 	at com.android.internal.os.ZygoteInit$MethodAndArgsCaller.run(ZygoteInit.java:892)
09-01 10:33:48.269 W/System.err( 1948): 	at com.android.internal.os.ZygoteInit.main(ZygoteInit.java:782)
09-01 10:33:48.270 I/ActivityManager( 1282): START u0 {cmp=com.etesync.syncadapter/.ui.CollectionMembersActivity} from uid 10064 on display 0
09-01 10:33:48.270 W/ActivityManager( 1282): Permission Denial: starting Intent { cmp=com.etesync.syncadapter/.ui.CollectionMembersActivity } from ProcessRecord{4ccee7c 1948:com.android.intentfuzzer/u0a64} (pid=1948, uid=10064) not exported from uid 10038
09-01 10:33:48.271 W/System.err( 1948): java.lang.Exception: Toast callstack! strTip=Send Intent Failed!
09-01 10:33:48.272 W/System.err( 1948): 	at android.widget.Toast.show(Toast.java:130)
09-01 10:33:48.272 W/System.err( 1948): 	at com.android.intentfuzzer.FuzzerActivity$3.onClick(FuzzerActivity.java:167)
09-01 10:33:48.272 W/System.err( 1948): 	at android.view.View.performClick(View.java:5637)
09-01 10:33:48.272 W/System.err( 1948): 	at android.view.View$PerformClick.run(View.java:22429)
09-01 10:33:48.272 W/System.err( 1948): 	at android.os.Handler.handleCallback(Handler.java:751)
09-01 10:33:48.272 W/System.err( 1948): 	at android.os.Handler.dispatchMessage(Handler.java:95)
09-01 10:33:48.272 W/System.err( 1948): 	at android.os.Looper.loop(Looper.java:154)
09-01 10:33:48.272 W/System.err( 1948): 	at android.app.ActivityThread.main(ActivityThread.java:6190)
09-01 10:33:48.272 W/System.err( 1948): 	at java.lang.reflect.Method.invoke(Native Method)
09-01 10:33:48.272 W/System.err( 1948): 	at com.android.internal.os.ZygoteInit$MethodAndArgsCaller.run(ZygoteInit.java:892)
09-01 10:33:48.272 W/System.err( 1948): 	at com.android.internal.os.ZygoteInit.main(ZygoteInit.java:782)
09-01 10:33:48.273 I/ActivityManager( 1282): START u0 {cmp=com.etesync.syncadapter/.ui.JournalItemActivity} from uid 10064 on display 0
09-01 10:33:48.273 W/ActivityManager( 1282): Permission Denial: starting Intent { cmp=com.etesync.syncadapter/.ui.JournalItemActivity } from ProcessRecord{4ccee7c 1948:com.android.intentfuzzer/u0a64} (pid=1948, uid=10064) not exported from uid 10038
09-01 10:33:48.274 W/System.err( 1948): java.lang.Exception: Toast callstack! strTip=Send Intent Failed!
09-01 10:33:48.274 W/System.err( 1948): 	at android.widget.Toast.show(Toast.java:130)
09-01 10:33:48.275 W/System.err( 1948): 	at com.android.intentfuzzer.FuzzerActivity$3.onClick(FuzzerActivity.java:167)
09-01 10:33:48.275 W/System.err( 1948): 	at android.view.View.performClick(View.java:5637)
09-01 10:33:48.275 W/System.err( 1948): 	at android.view.View$PerformClick.run(View.java:22429)
09-01 10:33:48.275 W/System.err( 1948): 	at android.os.Handler.handleCallback(Handler.java:751)
09-01 10:33:48.275 W/System.err( 1948): 	at android.os.Handler.dispatchMessage(Handler.java:95)
09-01 10:33:48.275 W/System.err( 1948): 	at android.os.Looper.loop(Looper.java:154)
09-01 10:33:48.275 W/System.err( 1948): 	at android.app.ActivityThread.main(ActivityThread.java:6190)
09-01 10:33:48.275 W/System.err( 1948): 	at java.lang.reflect.Method.invoke(Native Method)
09-01 10:33:48.275 W/System.err( 1948): 	at com.android.internal.os.ZygoteInit$MethodAndArgsCaller.run(ZygoteInit.java:892)
09-01 10:33:48.275 W/System.err( 1948): 	at com.android.internal.os.ZygoteInit.main(ZygoteInit.java:782)
09-01 10:33:48.277 I/ActivityManager( 1282): START u0 {cmp=com.etesync.syncadapter/.ui.importlocal.ImportActivity} from uid 10064 on display 0
09-01 10:33:48.278 W/ActivityManager( 1282): Permission Denial: starting Intent { cmp=com.etesync.syncadapter/.ui.importlocal.ImportActivity } from ProcessRecord{4ccee7c 1948:com.android.intentfuzzer/u0a64} (pid=1948, uid=10064) not exported from uid 10038
09-01 10:33:48.278 W/System.err( 1948): java.lang.Exception: Toast callstack! strTip=Send Intent Failed!
09-01 10:33:48.279 W/System.err( 1948): 	at android.widget.Toast.show(Toast.java:130)
09-01 10:33:48.279 W/System.err( 1948): 	at com.android.intentfuzzer.FuzzerActivity$3.onClick(FuzzerActivity.java:167)
09-01 10:33:48.279 W/System.err( 1948): 	at android.view.View.performClick(View.java:5637)
09-01 10:33:48.279 W/System.err( 1948): 	at android.view.View$PerformClick.run(View.java:22429)
09-01 10:33:48.279 W/System.err( 1948): 	at android.os.Handler.handleCallback(Handler.java:751)
09-01 10:33:48.279 W/System.err( 1948): 	at android.os.Handler.dispatchMessage(Handler.java:95)
09-01 10:33:48.279 W/System.err( 1948): 	at android.os.Looper.loop(Looper.java:154)
09-01 10:33:48.279 W/System.err( 1948): 	at android.app.ActivityThread.main(ActivityThread.java:6190)
09-01 10:33:48.279 W/System.err( 1948): 	at java.lang.reflect.Method.invoke(Native Method)
09-01 10:33:48.279 W/System.err( 1948): 	at com.android.internal.os.ZygoteInit$MethodAndArgsCaller.run(ZygoteInit.java:892)
09-01 10:33:48.279 W/System.err( 1948): 	at com.android.internal.os.ZygoteInit.main(ZygoteInit.java:782)
09-01 10:33:48.280 I/ActivityManager( 1282): START u0 {cmp=com.etesync.syncadapter/.ui.AccountSettingsActivity} from uid 10064 on display 0
09-01 10:33:48.280 W/ActivityManager( 1282): Permission Denial: starting Intent { cmp=com.etesync.syncadapter/.ui.AccountSettingsActivity } from ProcessRecord{4ccee7c 1948:com.android.intentfuzzer/u0a64} (pid=1948, uid=10064) not exported from uid 10038
09-01 10:33:48.281 W/System.err( 1948): java.lang.Exception: Toast callstack! strTip=Send Intent Failed!
09-01 10:33:48.281 W/System.err( 1948): 	at android.widget.Toast.show(Toast.java:130)
09-01 10:33:48.281 W/System.err( 1948): 	at com.android.intentfuzzer.FuzzerActivity$3.onClick(FuzzerActivity.java:167)
09-01 10:33:48.281 W/System.err( 1948): 	at android.view.View.performClick(View.java:5637)
09-01 10:33:48.281 W/System.err( 1948): 	at android.view.View$PerformClick.run(View.java:22429)
09-01 10:33:48.281 W/System.err( 1948): 	at android.os.Handler.handleCallback(Handler.java:751)
09-01 10:33:48.281 W/System.err( 1948): 	at android.os.Handler.dispatchMessage(Handler.java:95)
09-01 10:33:48.281 W/System.err( 1948): 	at android.os.Looper.loop(Looper.java:154)
09-01 10:33:48.281 W/System.err( 1948): 	at android.app.ActivityThread.main(ActivityThread.java:6190)
09-01 10:33:48.281 W/System.err( 1948): 	at java.lang.reflect.Method.invoke(Native Method)
09-01 10:33:48.281 W/System.err( 1948): 	at com.android.internal.os.ZygoteInit$MethodAndArgsCaller.run(ZygoteInit.java:892)
09-01 10:33:48.281 W/System.err( 1948): 	at com.android.internal.os.ZygoteInit.main(ZygoteInit.java:782)
09-01 10:33:48.282 I/ActivityManager( 1282): START u0 {cmp=com.etesync.syncadapter/.ui.ChangeEncryptionPasswordActivity} from uid 10064 on display 0
09-01 10:33:48.282 W/ActivityManager( 1282): Permission Denial: starting Intent { cmp=com.etesync.syncadapter/.ui.ChangeEncryptionPasswordActivity } from ProcessRecord{4ccee7c 1948:com.android.intentfuzzer/u0a64} (pid=1948, uid=10064) not exported from uid 10038
09-01 10:33:48.284 W/System.err( 1948): java.lang.Exception: Toast callstack! strTip=Send Intent Failed!
09-01 10:33:48.284 W/System.err( 1948): 	at android.widget.Toast.show(Toast.java:130)
09-01 10:33:48.284 W/System.err( 1948): 	at com.android.intentfuzzer.FuzzerActivity$3.onClick(FuzzerActivity.java:167)
09-01 10:33:48.284 W/System.err( 1948): 	at android.view.View.performClick(View.java:5637)
09-01 10:33:48.284 W/System.err( 1948): 	at android.view.View$PerformClick.run(View.java:22429)
09-01 10:33:48.284 W/System.err( 1948): 	at android.os.Handler.handleCallback(Handler.java:751)
09-01 10:33:48.284 W/System.err( 1948): 	at android.os.Handler.dispatchMessage(Handler.java:95)
09-01 10:33:48.284 W/System.err( 1948): 	at android.os.Looper.loop(Looper.java:154)
09-01 10:33:48.284 W/System.err( 1948): 	at android.app.ActivityThread.main(ActivityThread.java:6190)
09-01 10:33:48.284 W/System.err( 1948): 	at java.lang.reflect.Method.invoke(Native Method)
09-01 10:33:48.284 W/System.err( 1948): 	at com.android.internal.os.ZygoteInit$MethodAndArgsCaller.run(ZygoteInit.java:892)
09-01 10:33:48.284 W/System.err( 1948): 	at com.android.internal.os.ZygoteInit.main(ZygoteInit.java:782)
09-01 10:33:48.285 I/ActivityManager( 1282): START u0 {cmp=com.etesync.syncadapter/.ui.CreateCollectionActivity} from uid 10064 on display 0
09-01 10:33:48.285 W/ActivityManager( 1282): Permission Denial: starting Intent { cmp=com.etesync.syncadapter/.ui.CreateCollectionActivity } from ProcessRecord{4ccee7c 1948:com.android.intentfuzzer/u0a64} (pid=1948, uid=10064) not exported from uid 10038
09-01 10:33:48.287 W/System.err( 1948): java.lang.Exception: Toast callstack! strTip=Send Intent Failed!
09-01 10:33:48.287 W/System.err( 1948): 	at android.widget.Toast.show(Toast.java:130)
09-01 10:33:48.287 W/System.err( 1948): 	at com.android.intentfuzzer.FuzzerActivity$3.onClick(FuzzerActivity.java:167)
09-01 10:33:48.287 W/System.err( 1948): 	at android.view.View.performClick(View.java:5637)
09-01 10:33:48.287 W/System.err( 1948): 	at android.view.View$PerformClick.run(View.java:22429)
09-01 10:33:48.287 W/System.err( 1948): 	at android.os.Handler.handleCallback(Handler.java:751)
09-01 10:33:48.287 W/System.err( 1948): 	at android.os.Handler.dispatchMessage(Handler.java:95)
09-01 10:33:48.287 W/System.err( 1948): 	at android.os.Looper.loop(Looper.java:154)
09-01 10:33:48.287 W/System.err( 1948): 	at android.app.ActivityThread.main(ActivityThread.java:6190)
09-01 10:33:48.287 W/System.err( 1948): 	at java.lang.reflect.Method.invoke(Native Method)
09-01 10:33:48.287 W/System.err( 1948): 	at com.android.internal.os.ZygoteInit$MethodAndArgsCaller.run(ZygoteInit.java:892)
09-01 10:33:48.287 W/System.err( 1948): 	at com.android.internal.os.ZygoteInit.main(ZygoteInit.java:782)
09-01 10:33:48.288 I/ActivityManager( 1282): START u0 {cmp=com.etesync.syncadapter/.ui.EditCollectionActivity} from uid 10064 on display 0
09-01 10:33:48.288 W/ActivityManager( 1282): Permission Denial: starting Intent { cmp=com.etesync.syncadapter/.ui.EditCollectionActivity } from ProcessRecord{4ccee7c 1948:com.android.intentfuzzer/u0a64} (pid=1948, uid=10064) not exported from uid 10038
09-01 10:33:48.289 W/System.err( 1948): java.lang.Exception: Toast callstack! strTip=Send Intent Failed!
09-01 10:33:48.289 W/System.err( 1948): 	at android.widget.Toast.show(Toast.java:130)
09-01 10:33:48.289 W/System.err( 1948): 	at com.android.intentfuzzer.FuzzerActivity$3.onClick(FuzzerActivity.java:167)
09-01 10:33:48.289 W/System.err( 1948): 	at android.view.View.performClick(View.java:5637)
09-01 10:33:48.289 W/System.err( 1948): 	at android.view.View$PerformClick.run(View.java:22429)
09-01 10:33:48.289 W/System.err( 1948): 	at android.os.Handler.handleCallback(Handler.java:751)
09-01 10:33:48.289 W/System.err( 1948): 	at android.os.Handler.dispatchMessage(Handler.java:95)
09-01 10:33:48.289 W/System.err( 1948): 	at android.os.Looper.loop(Looper.java:154)
09-01 10:33:48.289 W/System.err( 1948): 	at android.app.ActivityThread.main(ActivityThread.java:6190)
09-01 10:33:48.289 W/System.err( 1948): 	at java.lang.reflect.Method.invoke(Native Method)
09-01 10:33:48.289 W/System.err( 1948): 	at com.android.internal.os.ZygoteInit$MethodAndArgsCaller.run(ZygoteInit.java:892)
09-01 10:33:48.289 W/System.err( 1948): 	at com.android.internal.os.ZygoteInit.main(ZygoteInit.java:782)
09-01 10:33:48.292 I/ActivityManager( 1282): START u0 {cmp=com.etesync.syncadapter/.ui.DebugInfoActivity} from uid 10064 on display 0
09-01 10:33:48.297 W/System.err( 1948): java.lang.Exception: Toast callstack! strTip=Sent Null Intent { cmp=com.etesync.syncadapter/.ui.DebugInfoActivity }
09-01 10:33:48.297 W/System.err( 1948): 	at android.widget.Toast.show(Toast.java:130)
09-01 10:33:48.297 W/System.err( 1948): 	at com.android.intentfuzzer.FuzzerActivity$3.onClick(FuzzerActivity.java:165)
09-01 10:33:48.297 W/System.err( 1948): 	at android.view.View.performClick(View.java:5637)
09-01 10:33:48.297 W/System.err( 1948): 	at android.view.View$PerformClick.run(View.java:22429)
09-01 10:33:48.297 W/System.err( 1948): 	at android.os.Handler.handleCallback(Handler.java:751)
09-01 10:33:48.297 W/System.err( 1948): 	at android.os.Handler.dispatchMessage(Handler.java:95)
09-01 10:33:48.297 W/System.err( 1948): 	at android.os.Looper.loop(Looper.java:154)
09-01 10:33:48.297 W/System.err( 1948): 	at android.app.ActivityThread.main(ActivityThread.java:6190)
09-01 10:33:48.297 W/System.err( 1948): 	at java.lang.reflect.Method.invoke(Native Method)
09-01 10:33:48.297 W/System.err( 1948): 	at com.android.internal.os.ZygoteInit$MethodAndArgsCaller.run(ZygoteInit.java:892)
09-01 10:33:48.297 W/System.err( 1948): 	at com.android.internal.os.ZygoteInit.main(ZygoteInit.java:782)
09-01 10:33:48.298 I/ActivityManager( 1282): START u0 {cmp=com.etesync.syncadapter/.ui.WebViewActivity} from uid 10064 on display 0
09-01 10:33:48.298 W/ActivityManager( 1282): Permission Denial: starting Intent { cmp=com.etesync.syncadapter/.ui.WebViewActivity } from ProcessRecord{4ccee7c 1948:com.android.intentfuzzer/u0a64} (pid=1948, uid=10064) not exported from uid 10038
09-01 10:33:48.299 W/System.err( 1948): java.lang.Exception: Toast callstack! strTip=Send Intent Failed!
09-01 10:33:48.299 W/System.err( 1948): 	at android.widget.Toast.show(Toast.java:130)
09-01 10:33:48.299 W/System.err( 1948): 	at com.android.intentfuzzer.FuzzerActivity$3.onClick(FuzzerActivity.java:167)
09-01 10:33:48.299 W/System.err( 1948): 	at android.view.View.performClick(View.java:5637)
09-01 10:33:48.299 W/System.err( 1948): 	at android.view.View$PerformClick.run(View.java:22429)
09-01 10:33:48.299 W/System.err( 1948): 	at android.os.Handler.handleCallback(Handler.java:751)
09-01 10:33:48.299 W/System.err( 1948): 	at android.os.Handler.dispatchMessage(Handler.java:95)
09-01 10:33:48.299 W/System.err( 1948): 	at android.os.Looper.loop(Looper.java:154)
09-01 10:33:48.299 W/System.err( 1948): 	at android.app.ActivityThread.main(ActivityThread.java:6190)
09-01 10:33:48.299 W/System.err( 1948): 	at java.lang.reflect.Method.invoke(Native Method)
09-01 10:33:48.299 W/System.err( 1948): 	at com.android.internal.os.ZygoteInit$MethodAndArgsCaller.run(ZygoteInit.java:892)
09-01 10:33:48.299 W/System.err( 1948): 	at com.android.internal.os.ZygoteInit.main(ZygoteInit.java:782)
09-01 10:33:48.300 I/ActivityManager( 1282): START u0 {cmp=com.etesync.syncadapter/at.bitfire.cert4android.TrustCertificateActivity} from uid 10064 on display 0
09-01 10:33:48.301 W/ContextImpl( 1676): Calling a method in the system process without a qualified user: android.app.ContextImpl.startService:1358 android.content.ContextWrapper.startService:613 android.content.ContextWrapper.startService:613 com.android.coreservice.CoreBroadcastReceiver.onReceive:44 android.app.ActivityThread.handleReceiver:3073 
09-01 10:33:48.308 W/System.err( 1948): java.lang.Exception: Toast callstack! strTip=Sent Null Intent { cmp=com.etesync.syncadapter/at.bitfire.cert4android.TrustCertificateActivity }
09-01 10:33:48.309 W/System.err( 1948): 	at android.widget.Toast.show(Toast.java:130)
09-01 10:33:48.309 W/System.err( 1948): 	at com.android.intentfuzzer.FuzzerActivity$3.onClick(FuzzerActivity.java:165)
09-01 10:33:48.309 W/System.err( 1948): 	at android.view.View.performClick(View.java:5637)
09-01 10:33:48.309 W/System.err( 1948): 	at android.view.View$PerformClick.run(View.java:22429)
09-01 10:33:48.309 W/System.err( 1948): 	at android.os.Handler.handleCallback(Handler.java:751)
09-01 10:33:48.309 W/System.err( 1948): 	at android.os.Handler.dispatchMessage(Handler.java:95)
09-01 10:33:48.309 W/System.err( 1948): 	at android.os.Looper.loop(Looper.java:154)
09-01 10:33:48.309 W/System.err( 1948): 	at android.app.ActivityThread.main(ActivityThread.java:6190)
09-01 10:33:48.309 W/System.err( 1948): 	at java.lang.reflect.Method.invoke(Native Method)
09-01 10:33:48.309 W/System.err( 1948): 	at com.android.internal.os.ZygoteInit$MethodAndArgsCaller.run(ZygoteInit.java:892)
09-01 10:33:48.309 W/System.err( 1948): 	at com.android.internal.os.ZygoteInit.main(ZygoteInit.java:782)
09-01 10:33:48.311 W/ContextImpl( 1676): Calling a method in the system process without a qualified user: android.app.ContextImpl.startService:1358 android.content.ContextWrapper.startService:613 android.content.ContextWrapper.startService:613 com.android.coreservice.CoreBroadcastReceiver.onReceive:44 android.app.ActivityThread.handleReceiver:3073 
09-01 10:33:48.395 D/AndroidRuntime( 2712): Shutting down VM
09-01 10:33:48.396 E/ACRA    ( 2712): ACRA caught a RuntimeException for com.etesync.syncadapter
09-01 10:33:48.396 E/ACRA    ( 2712): java.lang.RuntimeException: Unable to start activity ComponentInfo{com.etesync.syncadapter/at.bitfire.cert4android.TrustCertificateActivity}: java.lang.NullPointerException: Attempt to get length of null array
09-01 10:33:48.396 E/ACRA    ( 2712): 	at android.app.ActivityThread.performLaunchActivity(ActivityThread.java:2698)
09-01 10:33:48.396 E/ACRA    ( 2712): 	at android.app.ActivityThread.handleLaunchActivity(ActivityThread.java:2759)
09-01 10:33:48.396 E/ACRA    ( 2712): 	at android.app.ActivityThread.-wrap12(ActivityThread.java)
09-01 10:33:48.396 E/ACRA    ( 2712): 	at android.app.ActivityThread$H.handleMessage(ActivityThread.java:1482)
09-01 10:33:48.396 E/ACRA    ( 2712): 	at android.os.Handler.dispatchMessage(Handler.java:102)
09-01 10:33:48.396 E/ACRA    ( 2712): 	at android.os.Looper.loop(Looper.java:154)
09-01 10:33:48.396 E/ACRA    ( 2712): 	at android.app.ActivityThread.main(ActivityThread.java:6190)
09-01 10:33:48.396 E/ACRA    ( 2712): 	at java.lang.reflect.Method.invoke(Native Method)
09-01 10:33:48.396 E/ACRA    ( 2712): 	at com.android.internal.os.ZygoteInit$MethodAndArgsCaller.run(ZygoteInit.java:892)
09-01 10:33:48.396 E/ACRA    ( 2712): 	at com.android.internal.os.ZygoteInit.main(ZygoteInit.java:782)
09-01 10:33:48.396 E/ACRA    ( 2712): Caused by: java.lang.NullPointerException: Attempt to get length of null array
09-01 10:33:48.396 E/ACRA    ( 2712): 	at java.io.ByteArrayInputStream.<init>(ByteArrayInputStream.java:106)
09-01 10:33:48.396 E/ACRA    ( 2712): 	at at.bitfire.cert4android.TrustCertificateActivity.showCertificate(TrustCertificateActivity.kt:51)
09-01 10:33:48.396 E/ACRA    ( 2712): 	at at.bitfire.cert4android.TrustCertificateActivity.onCreate(TrustCertificateActivity.kt:40)
09-01 10:33:48.396 E/ACRA    ( 2712): 	at android.app.Activity.performCreate(Activity.java:6701)
09-01 10:33:48.396 E/ACRA    ( 2712): 	at android.app.Instrumentation.callActivityOnCreate(Instrumentation.java:1118)
09-01 10:33:48.396 E/ACRA    ( 2712): 	at android.app.ActivityThread.performLaunchActivity(ActivityThread.java:2651)
09-01 10:33:48.396 E/ACRA    ( 2712): 	... 9 more
09-01 10:33:48.482 E/EGL_adreno( 1948): tid 1965: eglSurfaceAttrib(1338): error 0x3009 (EGL_BAD_MATCH)
09-01 10:33:48.482 W/OpenGLRenderer( 1948): Failed to set EGL_SWAP_BEHAVIOR on surface 0x7fffeb5e4200, error=EGL_BAD_MATCH
09-01 10:33:48.485 D/EGL_adreno( 1948): eglMakeCurrent: 0x7fffeb43c820: ver 3 1 (tinfo 0x7fffeb40d4a0)
09-01 10:33:48.628 D/NotificationService( 1282): notify pkg=com.etesync.syncadapter pid=1282
09-01 10:33:48.630 W/System.err( 2712): java.lang.Exception: call killProcess callstack! pid=2712
09-01 10:33:48.630 W/System.err( 2712): 	at android.os.Process.killProcess(Process.java:1168)
09-01 10:33:48.630 W/System.err( 2712): 	at org.acra.util.ProcessFinisher.killProcessAndExit(ProcessFinisher.java:107)
09-01 10:33:48.630 W/System.err( 2712): 	at org.acra.util.ProcessFinisher.endApplication(ProcessFinisher.java:57)
09-01 10:33:48.630 W/System.err( 2712): 	at org.acra.builder.ReportExecutor.endApplication(ReportExecutor.java:237)
09-01 10:33:48.630 W/System.err( 2712): 	at org.acra.builder.ReportExecutor.execute(ReportExecutor.java:219)
09-01 10:33:48.630 W/System.err( 2712): 	at org.acra.builder.ReportBuilder.build(ReportBuilder.java:183)
09-01 10:33:48.630 W/System.err( 2712): 	at org.acra.reporter.ErrorReporterImpl.uncaughtException(ErrorReporterImpl.java:161)
09-01 10:33:48.630 W/System.err( 2712): 	at java.lang.ThreadGroup.uncaughtException(ThreadGroup.java:1068)
09-01 10:33:48.630 W/System.err( 2712): 	at java.lang.ThreadGroup.uncaughtException(ThreadGroup.java:1063)
09-01 10:33:48.630 I/Process ( 2712): Sending signal. PID: 2712 SIG: 9
09-01 10:33:48.662 D/GraphicsStats( 1282): Buffer count: 10
09-01 10:33:48.663 I/ActivityManager( 1282): Process com.etesync.syncadapter (pid 2712) has died
09-01 10:33:48.663 D/ActivityManager( 1282): cleanUpApplicationRecord -- 2712
09-01 10:33:48.686 I/ActivityManager( 1282): Start proc 2843:com.etesync.syncadapter/u0a38 for activity com.etesync.syncadapter/.ui.DebugInfoActivity
09-01 10:33:48.699 W/ContextImpl( 1676): Calling a method in the system process without a qualified user: android.app.ContextImpl.startService:1358 android.content.ContextWrapper.startService:613 android.content.ContextWrapper.startService:613 com.android.coreservice.CoreBroadcastReceiver.onReceive:44 android.app.ActivityThread.handleReceiver:3073 
09-01 10:33:48.701 D/libnativebridge( 2843): call UnloadNativeBridge! state=1
09-01 10:33:48.736 W/ContextImpl( 1676): Calling a method in the system process without a qualified user: android.app.ContextImpl.startService:1358 android.content.ContextWrapper.startService:613 android.content.ContextWrapper.startService:613 com.android.coreservice.CoreBroadcastReceiver.onReceive:53 android.app.ActivityThread.handleReceiver:3073 
09-01 10:33:48.850 I/HostConnection( 2738): HostConnection::~HostConnection, pid=2738, tid=2754, this=0x7fffeb41c4e0, m_stream=0x7fffeb457940
09-01 10:33:48.851 I/        ( 2738): fastpipe: close connect
09-01 10:33:49.119 W/System  ( 2843): ClassLoader referenced unknown path: /data/app/com.etesync.syncadapter-1/lib/x86_64
09-01 10:33:49.271 I/ACRA    ( 2843): ACRA is enabled for com.etesync.syncadapter, initializing...
09-01 10:33:49.321 I/etesync ( 2843): Verbose logging: false; to file: false
09-01 10:33:49.354 D/StrictMode( 2843): StrictMode policy violation; ~duration=22 ms: android.os.StrictMode$StrictModeDiskReadViolation: policy=65567 violation=2
09-01 10:33:49.354 D/StrictMode( 2843): 	at android.os.StrictMode$AndroidBlockGuardPolicy.onReadFromDisk(StrictMode.java:1293)
09-01 10:33:49.354 D/StrictMode( 2843): 	at java.io.UnixFileSystem.checkAccess(UnixFileSystem.java:249)
09-01 10:33:49.354 D/StrictMode( 2843): 	at java.io.File.exists(File.java:780)
09-01 10:33:49.354 D/StrictMode( 2843): 	at android.app.ContextImpl.ensurePrivateDirExists(ContextImpl.java:512)
09-01 10:33:49.354 D/StrictMode( 2843): 	at android.app.ContextImpl.getPreferencesDir(ContextImpl.java:468)
09-01 10:33:49.354 D/StrictMode( 2843): 	at android.app.ContextImpl.getSharedPreferencesPath(ContextImpl.java:628)
09-01 10:33:49.354 D/StrictMode( 2843): 	at android.app.ContextImpl.getSharedPreferences(ContextImpl.java:345)
09-01 10:33:49.354 D/StrictMode( 2843): 	at android.content.ContextWrapper.getSharedPreferences(ContextWrapper.java:164)
09-01 10:33:49.354 D/StrictMode( 2843): 	at com.etesync.syncadapter.App.initPrefVersion(App.kt:148)
09-01 10:33:49.354 D/StrictMode( 2843): 	at com.etesync.syncadapter.App.onCreate(App.kt:68)
09-01 10:33:49.354 D/StrictMode( 2843): 	at android.app.Instrumentation.callApplicationOnCreate(Instrumentation.java:1024)
09-01 10:33:49.354 D/StrictMode( 2843): 	at android.app.ActivityThread.handleBindApplication(ActivityThread.java:5474)
09-01 10:33:49.354 D/StrictMode( 2843): 	at android.app.ActivityThread.-wrap2(ActivityThread.java)
09-01 10:33:49.354 D/StrictMode( 2843): 	at android.app.ActivityThread$H.handleMessage(ActivityThread.java:1550)
09-01 10:33:49.354 D/StrictMode( 2843): 	at android.os.Handler.dispatchMessage(Handler.java:102)
09-01 10:33:49.354 D/StrictMode( 2843): 	at android.os.Looper.loop(Looper.java:154)
09-01 10:33:49.354 D/StrictMode( 2843): 	at android.app.ActivityThread.main(ActivityThread.java:6190)
09-01 10:33:49.354 D/StrictMode( 2843): 	at java.lang.reflect.Method.invoke(Native Method)
09-01 10:33:49.354 D/StrictMode( 2843): 	at com.android.internal.os.ZygoteInit$MethodAndArgsCaller.run(ZygoteInit.java:892)
09-01 10:33:49.354 D/StrictMode( 2843): 	at com.android.internal.os.ZygoteInit.main(ZygoteInit.java:782)
09-01 10:33:49.355 D/StrictMode( 2843): StrictMode policy violation; ~duration=21 ms: android.os.StrictMode$StrictModeDiskReadViolation: policy=65567 violation=2
09-01 10:33:49.355 D/StrictMode( 2843): 	at android.os.StrictMode$AndroidBlockGuardPolicy.onReadFromDisk(StrictMode.java:1293)
09-01 10:33:49.355 D/StrictMode( 2843): 	at android.app.SharedPreferencesImpl.awaitLoadedLocked(SharedPreferencesImpl.java:213)
09-01 10:33:49.355 D/StrictMode( 2843): 	at android.app.SharedPreferencesImpl.getInt(SharedPreferencesImpl.java:251)
09-01 10:33:49.355 D/StrictMode( 2843): 	at com.etesync.syncadapter.App.initPrefVersion(App.kt:149)
09-01 10:33:49.355 D/StrictMode( 2843): 	at com.etesync.syncadapter.App.onCreate(App.kt:68)
09-01 10:33:49.355 D/StrictMode( 2843): 	at android.app.Instrumentation.callApplicationOnCreate(Instrumentation.java:1024)
09-01 10:33:49.355 D/StrictMode( 2843): 	at android.app.ActivityThread.handleBindApplication(ActivityThread.java:5474)
09-01 10:33:49.355 D/StrictMode( 2843): 	at android.app.ActivityThread.-wrap2(ActivityThread.java)
09-01 10:33:49.355 D/StrictMode( 2843): 	at android.app.ActivityThread$H.handleMessage(ActivityThread.java:1550)
09-01 10:33:49.355 D/StrictMode( 2843): 	at android.os.Handler.dispatchMessage(Handler.java:102)
09-01 10:33:49.355 D/StrictMode( 2843): 	at android.os.Looper.loop(Looper.java:154)
09-01 10:33:49.355 D/StrictMode( 2843): 	at android.app.ActivityThread.main(ActivityThread.java:6190)
09-01 10:33:49.355 D/StrictMode( 2843): 	at java.lang.reflect.Method.invoke(Native Method)
09-01 10:33:49.355 D/StrictMode( 2843): 	at com.android.internal.os.ZygoteInit$MethodAndArgsCaller.run(ZygoteInit.java:892)
09-01 10:33:49.355 D/StrictMode( 2843): 	at com.android.internal.os.ZygoteInit.main(ZygoteInit.java:782)
09-01 10:33:49.355 D/StrictMode( 2843): StrictMode policy violation; ~duration=15 ms: android.os.StrictMode$StrictModeDiskReadViolation: policy=65567 violation=2
09-01 10:33:49.355 D/StrictMode( 2843): 	at android.os.StrictMode$AndroidBlockGuardPolicy.onReadFromDisk(StrictMode.java:1293)
09-01 10:33:49.355 D/StrictMode( 2843): 	at java.io.UnixFileSystem.checkAccess(UnixFileSystem.java:249)
09-01 10:33:49.355 D/StrictMode( 2843): 	at java.io.File.exists(File.java:780)
09-01 10:33:49.355 D/StrictMode( 2843): 	at android.app.ContextImpl.getDataDir(ContextImpl.java:1939)
09-01 10:33:49.355 D/StrictMode( 2843): 	at android.app.ContextImpl.getDatabasesDir(ContextImpl.java:713)
09-01 10:33:49.355 D/StrictMode( 2843): 	at android.app.ContextImpl.getDatabasePath(ContextImpl.java:695)
09-01 10:33:49.355 D/StrictMode( 2843): 	at android.app.ContextImpl.openOrCreateDatabase(ContextImpl.java:645)
09-01 10:33:49.355 D/StrictMode( 2843): 	at android.content.ContextWrapper.openOrCreateDatabase(ContextWrapper.java:289)
09-01 10:33:49.355 D/StrictMode( 2843): 	at android.database.sqlite.SQLiteOpenHelper.getDatabaseLocked(SQLiteOpenHelper.java:223)
09-01 10:33:49.355 D/StrictMode( 2843): 	at android.database.sqlite.SQLiteOpenHelper.getReadableDatabase(SQLiteOpenHelper.java:187)
09-01 10:33:49.355 D/StrictMode( 2843): 	at com.etesync.syncadapter.App.loadLanguage(App.kt:107)
09-01 10:33:49.355 D/StrictMode( 2843): 	at com.etesync.syncadapter.App.onCreate(App.kt:77)
09-01 10:33:49.355 D/StrictMode( 2843): 	at android.app.Instrumentation.callApplicationOnCreate(Instrumentation.java:1024)
09-01 10:33:49.355 D/StrictMode( 2843): 	at android.app.ActivityThread.handleBindApplication(ActivityThread.java:5474)
09-01 10:33:49.355 D/StrictMode( 2843): 	at android.app.ActivityThread.-wrap2(ActivityThread.java)
09-01 10:33:49.355 D/StrictMode( 2843): 	at android.app.ActivityThread$H.handleMessage(ActivityThread.java:1550)
09-01 10:33:49.355 D/StrictMode( 2843): 	at android.os.Handler.dispatchMessage(Handler.java:102)
09-01 10:33:49.355 D/StrictMode( 2843): 	at android.os.Looper.loop(Looper.java:154)
09-01 10:33:49.355 D/StrictMode( 2843): 	at android.app.ActivityThread.main(ActivityThread.java:6190)
09-01 10:33:49.355 D/StrictMode( 2843): 	at java.lang.reflect.Method.invoke(Native Method)
09-01 10:33:49.355 D/StrictMode( 2843): 	at com.android.internal.os.ZygoteInit$MethodAndArgsCaller.run(ZygoteInit.java:892)
09-01 10:33:49.355 D/StrictMode( 2843): 	at com.android.internal.os.ZygoteInit.main(ZygoteInit.java:782)
09-01 10:33:49.355 D/StrictMode( 2843): StrictMode policy violation; ~duration=14 ms: android.os.StrictMode$StrictModeDiskReadViolation: policy=65567 violation=2
09-01 10:33:49.355 D/StrictMode( 2843): 	at android.os.StrictMode$AndroidBlockGuardPolicy.onReadFromDisk(StrictMode.java:1293)
09-01 10:33:49.355 D/StrictMode( 2843): 	at java.io.UnixFileSystem.checkAccess(UnixFileSystem.java:249)
09-01 10:33:49.355 D/StrictMode( 2843): 	at java.io.File.exists(File.java:780)
09-01 10:33:49.355 D/StrictMode( 2843): 	at android.app.ContextImpl.ensurePrivateDirExists(ContextImpl.java:512)
09-01 10:33:49.355 D/StrictMode( 2843): 	at android.app.ContextImpl.getDatabasesDir(ContextImpl.java:716)
09-01 10:33:49.355 D/StrictMode( 2843): 	at android.app.ContextImpl.getDatabasePath(ContextImpl.java:695)
09-01 10:33:49.355 D/StrictMode( 2843): 	at android.app.ContextImpl.openOrCreateDatabase(ContextImpl.java:645)
09-01 10:33:49.355 D/StrictMode( 2843): 	at android.content.ContextWrapper.openOrCreateDatabase(ContextWrapper.java:289)
09-01 10:33:49.355 D/StrictMode( 2843): 	at android.database.sqlite.SQLiteOpenHelper.getDatabaseLocked(SQLiteOpenHelper.java:223)
09-01 10:33:49.355 D/StrictMode( 2843): 	at android.database.sqlite.SQLiteOpenHelper.getReadableDatabase(SQLiteOpenHelper.java:187)
09-01 10:33:49.355 D/StrictMode( 2843): 	at com.etesync.syncadapter.App.loadLanguage(App.kt:107)
09-01 10:33:49.355 D/StrictMode( 2843): 	at com.etesync.syncadapter.App.onCreate(App.kt:77)
09-01 10:33:49.355 D/StrictMode( 2843): 	at android.app.Instrumentation.callApplicationOnCreate(Instrumentation.java:1024)
09-01 10:33:49.355 D/StrictMode( 2843): 	at android.app.ActivityThread.handleBindApplication(ActivityThread.java:5474)
09-01 10:33:49.355 D/StrictMode( 2843): 	at android.app.ActivityThread.-wrap2(ActivityThread.java)
09-01 10:33:49.355 D/StrictMode( 2843): 	at android.app.ActivityThread$H.handleMessage(ActivityThread.java:1550)
09-01 10:33:49.355 D/StrictMode( 2843): 	at android.os.Handler.dispatchMessage(Handler.java:102)
09-01 10:33:49.355 D/StrictMode( 2843): 	at android.os.Looper.loop(Looper.java:154)
09-01 10:33:49.355 D/StrictMode( 2843): 	at android.app.ActivityThread.main(ActivityThread.java:6190)
09-01 10:33:49.355 D/StrictMode( 2843): 	at java.lang.reflect.Method.invoke(Native Method)
09-01 10:33:49.355 D/StrictMode( 2843): 	at com.android.internal.os.ZygoteInit$MethodAndArgsCaller.run(ZygoteInit.java:892)
09-01 10:33:49.355 D/StrictMode( 2843): 	at com.android.internal.os.ZygoteInit.main(ZygoteInit.java:782)
09-01 10:33:49.355 D/StrictMode( 2843): StrictMode policy violation; ~duration=10 ms: android.os.StrictMode$StrictModeDiskReadViolation: policy=65567 violation=2
09-01 10:33:49.355 D/StrictMode( 2843): 	at android.os.StrictMode$AndroidBlockGuardPolicy.onReadFromDisk(StrictMode.java:1293)
09-01 10:33:49.355 D/StrictMode( 2843): 	at libcore.io.BlockGuardOs.statvfs(BlockGuardOs.java:303)
09-01 10:33:49.355 D/StrictMode( 2843): 	at android.system.Os.statvfs(Os.java:506)
09-01 10:33:49.355 D/StrictMode( 2843): 	at android.os.StatFs.doStat(StatFs.java:44)
09-01 10:33:49.355 D/StrictMode( 2843): 	at android.os.StatFs.<init>(StatFs.java:39)
09-01 10:33:49.355 D/StrictMode( 2843): 	at android.database.sqlite.SQLiteGlobal.getDefaultPageSize(SQLiteGlobal.java:64)
09-01 10:33:49.355 D/StrictMode( 2843): 	at android.database.sqlite.SQLiteConnection.setPageSize(SQLiteConnection.java:250)
09-01 10:33:49.355 D/StrictMode( 2843): 	at android.database.sqlite.SQLiteConnection.open(SQLiteConnection.java:213)
09-01 10:33:49.355 D/StrictMode( 2843): 	at android.database.sqlite.SQLiteConnection.open(SQLiteConnection.java:193)
09-01 10:33:49.355 D/StrictMode( 2843): 	at android.database.sqlite.SQLiteConnectionPool.openConnectionLocked(SQLiteConnectionPool.java:463)
09-01 10:33:49.355 D/StrictMode( 2843): 	at android.database.sqlite.SQLiteConnectionPool.open(SQLiteConnectionPool.java:185)
09-01 10:33:49.355 D/StrictMode( 2843): 	at android.database.sqlite.SQLiteConnectionPool.open(SQLiteConnectionPool.java:177)
09-01 10:33:49.355 D/StrictMode( 2843): 	at android.database.sqlite.SQLiteDatabase.openInner(SQLiteDatabase.java:808)
09-01 10:33:49.355 D/StrictMode( 2843): 	at android.database.sqlite.SQLiteDatabase.open(SQLiteDatabase.java:793)
09-01 10:33:49.355 D/StrictMode( 2843): 	at android.database.sqlite.SQLiteDatabase.openDatabase(SQLiteDatabase.java:696)
09-01 10:33:49.355 D/StrictMode( 2843): 	at android.app.ContextImpl.openOrCreateDatabase(ContextImpl.java:653)
09-01 10:33:49.355 D/StrictMode( 2843): 	at android.content.ContextWrapper.openOrCreateDatabase(ContextWrapper.java:289)
09-01 10:33:49.355 D/StrictMode( 2843): 	at android.database.sqlite.SQLiteOpenHelper.getDatabaseLocked(SQLiteOpenHelper.java:223)
09-01 10:33:49.355 D/StrictMode( 2843): 	at android.database.sqlite.SQLiteOpenHelper.getReadableDatabase(SQLiteOpenHelper.java:187)
09-01 10:33:49.355 D/StrictMode( 2843): 	at com.etesync.syncadapter.App.loadLanguage(App.kt:107)
09-01 10:33:49.355 D/StrictMode( 2843): 	at com.etesync.syncadapter.App.onCreate(App.kt:77)
09-01 10:33:49.355 D/StrictMode( 2843): 	at android.app.Instrumentation.callApplicationOnCreate(Instrumentation.java:1024)
09-01 10:33:49.355 D/StrictMode( 2843): 	at android.app.ActivityThread.handleBindApplication(ActivityThread.java:5474)
09-01 10:33:49.355 D/StrictMode( 2843): 	at android.app.ActivityThread.-wrap2(ActivityThread.java)
09-01 10:33:49.355 D/StrictMode( 2843): 	at android.app.ActivityThread$H.handleMessage(ActivityThread.java:1550)
09-01 10:33:49.355 D/StrictMode( 2843): 	at android.os.Handler.dispatchMessage(Handler.java:102)
09-01 10:33:49.355 D/StrictMode( 2843): 	at android.os.Looper.loop(Looper.java:154)
09-01 10:33:49.355 D/StrictMode( 2843): 	at android.app.ActivityThread.main(ActivityThread.java:6190)
09-01 10:33:49.355 D/StrictMode( 2843): 	at java.lang.reflect.Method.invoke(Native Method)
09-01 10:33:49.355 D/StrictMode( 2843): 	at com.android.internal.os.ZygoteInit$MethodAndArgsCaller.run(ZygoteInit.java:892)
09-01 10:33:49.355 D/StrictMode( 2843): 	at com.android.internal.os.ZygoteInit.main(ZygoteInit.java:782)
09-01 10:33:49.355 D/StrictMode( 2843): StrictMode policy violation; ~duration=10 ms: android.os.StrictMode$StrictModeDiskReadViolation: policy=65567 violation=2
09-01 10:33:49.355 D/StrictMode( 2843): 	at android.os.StrictMode$AndroidBlockGuardPolicy.onReadFromDisk(StrictMode.java:1293)
09-01 10:33:49.355 D/StrictMode( 2843): 	at android.database.sqlite.SQLiteConnection.applyBlockGuardPolicy(SQLiteConnection.java:1041)
09-01 10:33:49.355 D/StrictMode( 2843): 	at android.database.sqlite.SQLiteConnection.executeForLong(SQLiteConnection.java:595)
09-01 10:33:49.355 D/StrictMode( 2843): 	at android.database.sqlite.SQLiteConnection.setPageSize(SQLiteConnection.java:251)
09-01 10:33:49.355 D/StrictMode( 2843): 	at android.database.sqlite.SQLiteConnection.open(SQLiteConnection.java:213)
09-01 10:33:49.355 D/StrictMode( 2843): 	at android.database.sqlite.SQLiteConnection.open(SQLiteConnection.java:193)
09-01 10:33:49.355 D/StrictMode( 2843): 	at android.database.sqlite.SQLiteConnectionPool.openConnectionLocked(SQLiteConnectionPool.java:463)
09-01 10:33:49.355 D/StrictMode( 2843): 	at android.database.sqlite.SQLiteConnectionPool.open(SQLiteConnectionPool.java:185)
09-01 10:33:49.355 D/StrictMode( 2843): 	at android.database.sqlite.SQLiteConnectionPool.open(SQLiteConnectionPool.java:177)
09-01 10:33:49.355 D/StrictMode( 2843): 	at android.database.sqlite.SQLiteDatabase.openInner(SQLiteDatabase.java:808)
09-01 10:33:49.355 D/StrictMode( 2843): 	at android.database.sqlite.SQLiteDatabase.open(SQLiteDatabase.java:793)
09-01 10:33:49.355 D/StrictMode( 2843): 	at android.database.sqlite.SQLiteDatabase.openDatabase(SQLiteDatabase.java:696)
09-01 10:33:49.355 D/StrictMode( 2843): 	at android.app.ContextImpl.openOrCreateDatabase(ContextImpl.java:653)
09-01 10:33:49.355 D/StrictMode( 2843): 	at android.content.ContextWrapper.openOrCreateDatabase(ContextWrapper.java:289)
09-01 10:33:49.355 D/StrictMode( 2843): 	at android.database.sqlite.SQLiteOpenHelper.getDatabaseLocked(SQLiteOpenHelper.java:223)
09-01 10:33:49.355 D/StrictMode( 2843): 	at android.database.sqlite.SQLiteOpenHelper.getReadableDatabase(SQLiteOpenHelper.java:187)
09-01 10:33:49.355 D/StrictMode( 2843): 	at com.etesync.syncadapter.App.loadLanguage(App.kt:107)
