--------- beginning of main
08-31 15:08:14.429 D/audio_hw_hal( 1087): log_func, out_standby
08-31 15:08:14.429 D/audio_hw_hal( 1087): raw_close_output_stream, dev=0xf6e480c0, stream =0xf6e43140
08-31 15:08:14.429 D/audio_hw_hal( 1087): raw_close_output_stream, stream=0xf6e43140,  success!
--------- beginning of system
08-31 15:08:27.681 I/ActivityManager( 1281): START u0 {cmp=com.android.intentfuzzer/.FuzzerActivity} from uid 10064 on display 0
08-31 15:08:27.685 D/audio_hw_hal( 1087): raw_start_output_stream, stream=0xf6e43140, sampleRate=48000, channel=2, bps=16, bufSize=4096
08-31 15:08:27.690 W/ContextImpl( 1676): Calling a method in the system process without a qualified user: android.app.ContextImpl.startService:1358 android.content.ContextWrapper.startService:613 android.content.ContextWrapper.startService:613 com.android.coreservice.CoreBroadcastReceiver.onReceive:44 android.app.ActivityThread.handleReceiver:3073 
08-31 15:08:27.932 W/ContextImpl( 1676): Calling a method in the system process without a qualified user: android.app.ContextImpl.startService:1358 android.content.ContextWrapper.startService:613 android.content.ContextWrapper.startService:613 com.android.coreservice.CoreBroadcastReceiver.onReceive:53 android.app.ActivityThread.handleReceiver:3073 
08-31 15:08:28.041 E/EGL_adreno( 1935): tid 1952: eglSurfaceAttrib(1338): error 0x3009 (EGL_BAD_MATCH)
08-31 15:08:28.041 W/OpenGLRenderer( 1935): Failed to set EGL_SWAP_BEHAVIOR on surface 0x7fffeb5f5bc0, error=EGL_BAD_MATCH
08-31 15:08:28.044 D/EGL_adreno( 1935): eglMakeCurrent: 0x7fffeb454c20: ver 3 1 (tinfo 0x7fffeb40d8a0)
08-31 15:08:28.078 I/ActivityManager( 1281): Displayed com.android.intentfuzzer/.FuzzerActivity: +176ms
08-31 15:08:28.081 W/ContextImpl( 1676): Calling a method in the system process without a qualified user: android.app.ContextImpl.startService:1358 android.content.ContextWrapper.startService:613 android.content.ContextWrapper.startService:613 com.android.coreservice.CoreBroadcastReceiver.onReceive:69 android.app.ActivityThread.handleReceiver:3073 
08-31 15:08:28.133 W/ContextImpl( 1676): Calling a method in the system process without a qualified user: android.app.ContextImpl.startService:1358 android.content.ContextWrapper.startService:613 android.content.ContextWrapper.startService:613 com.android.coreservice.CoreBroadcastReceiver.onReceive:69 android.app.ActivityThread.handleReceiver:3073 
08-31 15:08:29.273 I/ActivityManager( 1281): START u0 {cmp=com.farmerbb.taskbar/.MainActivity} from uid 10064 on display 0
08-31 15:08:29.284 W/ContextImpl( 1676): Calling a method in the system process without a qualified user: android.app.ContextImpl.startService:1358 android.content.ContextWrapper.startService:613 android.content.ContextWrapper.startService:613 com.android.coreservice.CoreBroadcastReceiver.onReceive:44 android.app.ActivityThread.handleReceiver:3073 
08-31 15:08:29.284 W/System.err( 1935): java.lang.Exception: Toast callstack! strTip=Sent Null Intent { cmp=com.farmerbb.taskbar/.MainActivity }
08-31 15:08:29.284 W/System.err( 1935): 	at android.widget.Toast.show(Toast.java:130)
08-31 15:08:29.284 W/System.err( 1935): 	at com.android.intentfuzzer.FuzzerActivity$3.onClick(FuzzerActivity.java:165)
08-31 15:08:29.284 W/System.err( 1935): 	at android.view.View.performClick(View.java:5637)
08-31 15:08:29.284 W/System.err( 1935): 	at android.view.View$PerformClick.run(View.java:22429)
08-31 15:08:29.284 W/System.err( 1935): 	at android.os.Handler.handleCallback(Handler.java:751)
08-31 15:08:29.284 W/System.err( 1935): 	at android.os.Handler.dispatchMessage(Handler.java:95)
08-31 15:08:29.284 W/System.err( 1935): 	at android.os.Looper.loop(Looper.java:154)
08-31 15:08:29.284 W/System.err( 1935): 	at android.app.ActivityThread.main(ActivityThread.java:6190)
08-31 15:08:29.284 W/System.err( 1935): 	at java.lang.reflect.Method.invoke(Native Method)
08-31 15:08:29.285 W/System.err( 1935): 	at com.android.internal.os.ZygoteInit$MethodAndArgsCaller.run(ZygoteInit.java:892)
08-31 15:08:29.285 W/System.err( 1935): 	at com.android.internal.os.ZygoteInit.main(ZygoteInit.java:782)
08-31 15:08:29.286 I/ActivityManager( 1281): START u0 {cmp=com.farmerbb.taskbar/.activity.InvisibleActivity} from uid 10064 on display 0
08-31 15:08:29.286 W/ActivityManager( 1281): Permission Denial: starting Intent { cmp=com.farmerbb.taskbar/.activity.InvisibleActivity } from ProcessRecord{bda5613 1935:com.android.intentfuzzer/u0a64} (pid=1935, uid=10064) not exported from uid 10039
08-31 15:08:29.288 W/System.err( 1935): java.lang.Exception: Toast callstack! strTip=Send Intent Failed!
08-31 15:08:29.290 W/System.err( 1935): 	at android.widget.Toast.show(Toast.java:130)
08-31 15:08:29.290 W/System.err( 1935): 	at com.android.intentfuzzer.FuzzerActivity$3.onClick(FuzzerActivity.java:167)
08-31 15:08:29.290 W/System.err( 1935): 	at android.view.View.performClick(View.java:5637)
08-31 15:08:29.290 W/System.err( 1935): 	at android.view.View$PerformClick.run(View.java:22429)
08-31 15:08:29.290 W/System.err( 1935): 	at android.os.Handler.handleCallback(Handler.java:751)
08-31 15:08:29.290 W/System.err( 1935): 	at android.os.Handler.dispatchMessage(Handler.java:95)
08-31 15:08:29.290 W/System.err( 1935): 	at android.os.Looper.loop(Looper.java:154)
08-31 15:08:29.290 W/System.err( 1935): 	at android.app.ActivityThread.main(ActivityThread.java:6190)
08-31 15:08:29.290 W/System.err( 1935): 	at java.lang.reflect.Method.invoke(Native Method)
08-31 15:08:29.290 W/System.err( 1935): 	at com.android.internal.os.ZygoteInit$MethodAndArgsCaller.run(ZygoteInit.java:892)
08-31 15:08:29.290 W/System.err( 1935): 	at com.android.internal.os.ZygoteInit.main(ZygoteInit.java:782)
08-31 15:08:29.291 I/ActivityManager( 1281): START u0 {cmp=com.farmerbb.taskbar/.activity.InvisibleActivityAlt} from uid 10064 on display 0
08-31 15:08:29.292 W/ActivityManager( 1281): Permission Denial: starting Intent { cmp=com.farmerbb.taskbar/.activity.InvisibleActivityAlt } from ProcessRecord{bda5613 1935:com.android.intentfuzzer/u0a64} (pid=1935, uid=10064) not exported from uid 10039
08-31 15:08:29.293 W/System.err( 1935): java.lang.Exception: Toast callstack! strTip=Send Intent Failed!
08-31 15:08:29.293 W/System.err( 1935): 	at android.widget.Toast.show(Toast.java:130)
08-31 15:08:29.293 W/System.err( 1935): 	at com.android.intentfuzzer.FuzzerActivity$3.onClick(FuzzerActivity.java:167)
08-31 15:08:29.293 W/System.err( 1935): 	at android.view.View.performClick(View.java:5637)
08-31 15:08:29.293 W/System.err( 1935): 	at android.view.View$PerformClick.run(View.java:22429)
08-31 15:08:29.293 W/System.err( 1935): 	at android.os.Handler.handleCallback(Handler.java:751)
08-31 15:08:29.293 W/System.err( 1935): 	at android.os.Handler.dispatchMessage(Handler.java:95)
08-31 15:08:29.294 W/System.err( 1935): 	at android.os.Looper.loop(Looper.java:154)
08-31 15:08:29.294 W/System.err( 1935): 	at android.app.ActivityThread.main(ActivityThread.java:6190)
08-31 15:08:29.294 W/System.err( 1935): 	at java.lang.reflect.Method.invoke(Native Method)
08-31 15:08:29.294 W/System.err( 1935): 	at com.android.internal.os.ZygoteInit$MethodAndArgsCaller.run(ZygoteInit.java:892)
08-31 15:08:29.294 W/System.err( 1935): 	at com.android.internal.os.ZygoteInit.main(ZygoteInit.java:782)
08-31 15:08:29.296 I/ActivityManager( 1281): START u0 {cmp=com.farmerbb.taskbar/.activity.dark.InvisibleActivityAltDark} from uid 10064 on display 0
08-31 15:08:29.296 W/ActivityManager( 1281): Permission Denial: starting Intent { cmp=com.farmerbb.taskbar/.activity.dark.InvisibleActivityAltDark } from ProcessRecord{bda5613 1935:com.android.intentfuzzer/u0a64} (pid=1935, uid=10064) not exported from uid 10039
08-31 15:08:29.297 W/System.err( 1935): java.lang.Exception: Toast callstack! strTip=Send Intent Failed!
08-31 15:08:29.297 W/System.err( 1935): 	at android.widget.Toast.show(Toast.java:130)
08-31 15:08:29.297 W/System.err( 1935): 	at com.android.intentfuzzer.FuzzerActivity$3.onClick(FuzzerActivity.java:167)
08-31 15:08:29.297 W/System.err( 1935): 	at android.view.View.performClick(View.java:5637)
08-31 15:08:29.297 W/System.err( 1935): 	at android.view.View$PerformClick.run(View.java:22429)
08-31 15:08:29.297 W/System.err( 1935): 	at android.os.Handler.handleCallback(Handler.java:751)
08-31 15:08:29.297 W/System.err( 1935): 	at android.os.Handler.dispatchMessage(Handler.java:95)
08-31 15:08:29.297 W/System.err( 1935): 	at android.os.Looper.loop(Looper.java:154)
08-31 15:08:29.297 W/System.err( 1935): 	at android.app.ActivityThread.main(ActivityThread.java:6190)
08-31 15:08:29.297 W/System.err( 1935): 	at java.lang.reflect.Method.invoke(Native Method)
08-31 15:08:29.297 W/System.err( 1935): 	at com.android.internal.os.ZygoteInit$MethodAndArgsCaller.run(ZygoteInit.java:892)
08-31 15:08:29.298 W/System.err( 1935): 	at com.android.internal.os.ZygoteInit.main(ZygoteInit.java:782)
08-31 15:08:29.298 I/ActivityManager( 1281): START u0 {cmp=com.farmerbb.taskbar/.activity.InvisibleActivityFreeform} from uid 10064 on display 0
08-31 15:08:29.298 W/ActivityManager( 1281): Permission Denial: starting Intent { cmp=com.farmerbb.taskbar/.activity.InvisibleActivityFreeform } from ProcessRecord{bda5613 1935:com.android.intentfuzzer/u0a64} (pid=1935, uid=10064) not exported from uid 10039
08-31 15:08:29.300 W/System.err( 1935): java.lang.Exception: Toast callstack! strTip=Send Intent Failed!
08-31 15:08:29.300 W/System.err( 1935): 	at android.widget.Toast.show(Toast.java:130)
08-31 15:08:29.300 W/System.err( 1935): 	at com.android.intentfuzzer.FuzzerActivity$3.onClick(FuzzerActivity.java:167)
08-31 15:08:29.300 W/System.err( 1935): 	at android.view.View.performClick(View.java:5637)
08-31 15:08:29.300 W/System.err( 1935): 	at android.view.View$PerformClick.run(View.java:22429)
08-31 15:08:29.300 W/System.err( 1935): 	at android.os.Handler.handleCallback(Handler.java:751)
08-31 15:08:29.300 W/System.err( 1935): 	at android.os.Handler.dispatchMessage(Handler.java:95)
08-31 15:08:29.300 W/System.err( 1935): 	at android.os.Looper.loop(Looper.java:154)
08-31 15:08:29.300 W/System.err( 1935): 	at android.app.ActivityThread.main(ActivityThread.java:6190)
08-31 15:08:29.300 W/System.err( 1935): 	at java.lang.reflect.Method.invoke(Native Method)
08-31 15:08:29.300 W/System.err( 1935): 	at com.android.internal.os.ZygoteInit$MethodAndArgsCaller.run(ZygoteInit.java:892)
08-31 15:08:29.300 W/System.err( 1935): 	at com.android.internal.os.ZygoteInit.main(ZygoteInit.java:782)
08-31 15:08:29.301 I/ActivityManager( 1281): START u0 {cmp=com.farmerbb.taskbar/.activity.HomeActivity} from uid 10064 on display 0
08-31 15:08:29.302 W/System.err( 1935): java.lang.Exception: Toast callstack! strTip=Send Intent Failed!
08-31 15:08:29.302 W/System.err( 1935): 	at android.widget.Toast.show(Toast.java:130)
08-31 15:08:29.302 W/System.err( 1935): 	at com.android.intentfuzzer.FuzzerActivity$3.onClick(FuzzerActivity.java:167)
08-31 15:08:29.302 W/System.err( 1935): 	at android.view.View.performClick(View.java:5637)
08-31 15:08:29.302 W/System.err( 1935): 	at android.view.View$PerformClick.run(View.java:22429)
08-31 15:08:29.302 W/System.err( 1935): 	at android.os.Handler.handleCallback(Handler.java:751)
08-31 15:08:29.302 W/System.err( 1935): 	at android.os.Handler.dispatchMessage(Handler.java:95)
08-31 15:08:29.302 W/System.err( 1935): 	at android.os.Looper.loop(Looper.java:154)
08-31 15:08:29.302 W/System.err( 1935): 	at android.app.ActivityThread.main(ActivityThread.java:6190)
08-31 15:08:29.302 W/System.err( 1935): 	at java.lang.reflect.Method.invoke(Native Method)
08-31 15:08:29.302 W/System.err( 1935): 	at com.android.internal.os.ZygoteInit$MethodAndArgsCaller.run(ZygoteInit.java:892)
08-31 15:08:29.302 W/System.err( 1935): 	at com.android.internal.os.ZygoteInit.main(ZygoteInit.java:782)
08-31 15:08:29.303 I/ActivityManager( 1281): START u0 {cmp=com.farmerbb.taskbar/.activity.KeyboardShortcutActivity} from uid 10064 on display 0
08-31 15:08:29.304 W/System.err( 1935): java.lang.Exception: Toast callstack! strTip=Send Intent Failed!
08-31 15:08:29.304 W/System.err( 1935): 	at android.widget.Toast.show(Toast.java:130)
08-31 15:08:29.304 W/System.err( 1935): 	at com.android.intentfuzzer.FuzzerActivity$3.onClick(FuzzerActivity.java:167)
08-31 15:08:29.304 W/System.err( 1935): 	at android.view.View.performClick(View.java:5637)
08-31 15:08:29.304 W/System.err( 1935): 	at android.view.View$PerformClick.run(View.java:22429)
08-31 15:08:29.304 W/System.err( 1935): 	at android.os.Handler.handleCallback(Handler.java:751)
08-31 15:08:29.304 W/System.err( 1935): 	at android.os.Handler.dispatchMessage(Handler.java:95)
08-31 15:08:29.304 W/System.err( 1935): 	at android.os.Looper.loop(Looper.java:154)
08-31 15:08:29.304 W/System.err( 1935): 	at android.app.ActivityThread.main(ActivityThread.java:6190)
08-31 15:08:29.304 W/System.err( 1935): 	at java.lang.reflect.Method.invoke(Native Method)
08-31 15:08:29.304 W/System.err( 1935): 	at com.android.internal.os.ZygoteInit$MethodAndArgsCaller.run(ZygoteInit.java:892)
08-31 15:08:29.304 W/System.err( 1935): 	at com.android.internal.os.ZygoteInit.main(ZygoteInit.java:782)
08-31 15:08:29.306 I/ActivityManager( 1281): START u0 {cmp=com.farmerbb.taskbar/.activity.ContextMenuActivity} from uid 10064 on display 0
08-31 15:08:29.306 W/ActivityManager( 1281): Permission Denial: starting Intent { cmp=com.farmerbb.taskbar/.activity.ContextMenuActivity } from ProcessRecord{bda5613 1935:com.android.intentfuzzer/u0a64} (pid=1935, uid=10064) not exported from uid 10039
08-31 15:08:29.307 W/System.err( 1935): java.lang.Exception: Toast callstack! strTip=Send Intent Failed!
08-31 15:08:29.308 W/System.err( 1935): 	at android.widget.Toast.show(Toast.java:130)
08-31 15:08:29.308 W/System.err( 1935): 	at com.android.intentfuzzer.FuzzerActivity$3.onClick(FuzzerActivity.java:167)
08-31 15:08:29.308 W/System.err( 1935): 	at android.view.View.performClick(View.java:5637)
08-31 15:08:29.308 W/System.err( 1935): 	at android.view.View$PerformClick.run(View.java:22429)
08-31 15:08:29.308 W/System.err( 1935): 	at android.os.Handler.handleCallback(Handler.java:751)
08-31 15:08:29.308 W/System.err( 1935): 	at android.os.Handler.dispatchMessage(Handler.java:95)
08-31 15:08:29.308 W/System.err( 1935): 	at android.os.Looper.loop(Looper.java:154)
08-31 15:08:29.308 W/System.err( 1935): 	at android.app.ActivityThread.main(ActivityThread.java:6190)
08-31 15:08:29.308 W/System.err( 1935): 	at java.lang.reflect.Method.invoke(Native Method)
08-31 15:08:29.308 W/System.err( 1935): 	at com.android.internal.os.ZygoteInit$MethodAndArgsCaller.run(ZygoteInit.java:892)
08-31 15:08:29.308 W/System.err( 1935): 	at com.android.internal.os.ZygoteInit.main(ZygoteInit.java:782)
08-31 15:08:29.326 I/ActivityManager( 1281): START u0 {cmp=com.farmerbb.taskbar/.activity.dark.ContextMenuActivityDark} from uid 10064 on display 0
08-31 15:08:29.326 W/ActivityManager( 1281): Permission Denial: starting Intent { cmp=com.farmerbb.taskbar/.activity.dark.ContextMenuActivityDark } from ProcessRecord{bda5613 1935:com.android.intentfuzzer/u0a64} (pid=1935, uid=10064) not exported from uid 10039
08-31 15:08:29.328 W/System.err( 1935): java.lang.Exception: Toast callstack! strTip=Send Intent Failed!
08-31 15:08:29.328 W/System.err( 1935): 	at android.widget.Toast.show(Toast.java:130)
08-31 15:08:29.328 W/System.err( 1935): 	at com.android.intentfuzzer.FuzzerActivity$3.onClick(FuzzerActivity.java:167)
08-31 15:08:29.328 W/System.err( 1935): 	at android.view.View.performClick(View.java:5637)
08-31 15:08:29.328 W/System.err( 1935): 	at android.view.View$PerformClick.run(View.java:22429)
08-31 15:08:29.328 W/System.err( 1935): 	at android.os.Handler.handleCallback(Handler.java:751)
08-31 15:08:29.328 W/System.err( 1935): 	at android.os.Handler.dispatchMessage(Handler.java:95)
08-31 15:08:29.328 W/System.err( 1935): 	at android.os.Looper.loop(Looper.java:154)
08-31 15:08:29.328 W/System.err( 1935): 	at android.app.ActivityThread.main(ActivityThread.java:6190)
08-31 15:08:29.328 W/System.err( 1935): 	at java.lang.reflect.Method.invoke(Native Method)
08-31 15:08:29.328 W/System.err( 1935): 	at com.android.internal.os.ZygoteInit$MethodAndArgsCaller.run(ZygoteInit.java:892)
08-31 15:08:29.328 W/System.err( 1935): 	at com.android.internal.os.ZygoteInit.main(ZygoteInit.java:782)
08-31 15:08:29.329 I/ActivityManager( 1281): START u0 {cmp=com.farmerbb.taskbar/.activity.SelectAppActivity} from uid 10064 on display 0
08-31 15:08:29.329 W/ActivityManager( 1281): Permission Denial: starting Intent { cmp=com.farmerbb.taskbar/.activity.SelectAppActivity } from ProcessRecord{bda5613 1935:com.android.intentfuzzer/u0a64} (pid=1935, uid=10064) not exported from uid 10039
08-31 15:08:29.330 W/System.err( 1935): java.lang.Exception: Toast callstack! strTip=Send Intent Failed!
08-31 15:08:29.330 W/System.err( 1935): 	at android.widget.Toast.show(Toast.java:130)
08-31 15:08:29.330 W/System.err( 1935): 	at com.android.intentfuzzer.FuzzerActivity$3.onClick(FuzzerActivity.java:167)
08-31 15:08:29.330 W/System.err( 1935): 	at android.view.View.performClick(View.java:5637)
08-31 15:08:29.330 W/System.err( 1935): 	at android.view.View$PerformClick.run(View.java:22429)
08-31 15:08:29.330 W/System.err( 1935): 	at android.os.Handler.handleCallback(Handler.java:751)
08-31 15:08:29.330 W/System.err( 1935): 	at android.os.Handler.dispatchMessage(Handler.java:95)
08-31 15:08:29.330 W/System.err( 1935): 	at android.os.Looper.loop(Looper.java:154)
08-31 15:08:29.330 W/System.err( 1935): 	at android.app.ActivityThread.main(ActivityThread.java:6190)
08-31 15:08:29.330 W/System.err( 1935): 	at java.lang.reflect.Method.invoke(Native Method)
08-31 15:08:29.330 W/System.err( 1935): 	at com.android.internal.os.ZygoteInit$MethodAndArgsCaller.run(ZygoteInit.java:892)
08-31 15:08:29.330 W/System.err( 1935): 	at com.android.internal.os.ZygoteInit.main(ZygoteInit.java:782)
08-31 15:08:29.331 I/ActivityManager( 1281): START u0 {cmp=com.farmerbb.taskbar/.activity.dark.SelectAppActivityDark} from uid 10064 on display 0
08-31 15:08:29.331 W/ActivityManager( 1281): Permission Denial: starting Intent { cmp=com.farmerbb.taskbar/.activity.dark.SelectAppActivityDark } from ProcessRecord{bda5613 1935:com.android.intentfuzzer/u0a64} (pid=1935, uid=10064) not exported from uid 10039
08-31 15:08:29.332 W/System.err( 1935): java.lang.Exception: Toast callstack! strTip=Send Intent Failed!
08-31 15:08:29.333 W/System.err( 1935): 	at android.widget.Toast.show(Toast.java:130)
08-31 15:08:29.333 W/System.err( 1935): 	at com.android.intentfuzzer.FuzzerActivity$3.onClick(FuzzerActivity.java:167)
08-31 15:08:29.333 W/System.err( 1935): 	at android.view.View.performClick(View.java:5637)
08-31 15:08:29.333 W/System.err( 1935): 	at android.view.View$PerformClick.run(View.java:22429)
08-31 15:08:29.333 W/System.err( 1935): 	at android.os.Handler.handleCallback(Handler.java:751)
08-31 15:08:29.333 W/System.err( 1935): 	at android.os.Handler.dispatchMessage(Handler.java:95)
08-31 15:08:29.333 W/System.err( 1935): 	at android.os.Looper.loop(Looper.java:154)
08-31 15:08:29.333 W/System.err( 1935): 	at android.app.ActivityThread.main(ActivityThread.java:6190)
08-31 15:08:29.333 W/System.err( 1935): 	at java.lang.reflect.Method.invoke(Native Method)
08-31 15:08:29.333 W/System.err( 1935): 	at com.android.internal.os.ZygoteInit$MethodAndArgsCaller.run(ZygoteInit.java:892)
08-31 15:08:29.333 W/System.err( 1935): 	at com.android.internal.os.ZygoteInit.main(ZygoteInit.java:782)
08-31 15:08:29.334 I/ActivityManager( 1281): START u0 {cmp=com.farmerbb.taskbar/.activity.DummyActivity} from uid 10064 on display 0
08-31 15:08:29.334 W/ActivityManager( 1281): Permission Denial: starting Intent { cmp=com.farmerbb.taskbar/.activity.DummyActivity } from ProcessRecord{bda5613 1935:com.android.intentfuzzer/u0a64} (pid=1935, uid=10064) not exported from uid 10039
08-31 15:08:29.335 W/System.err( 1935): java.lang.Exception: Toast callstack! strTip=Send Intent Failed!
08-31 15:08:29.336 W/System.err( 1935): 	at android.widget.Toast.show(Toast.java:130)
08-31 15:08:29.336 W/System.err( 1935): 	at com.android.intentfuzzer.FuzzerActivity$3.onClick(FuzzerActivity.java:167)
08-31 15:08:29.336 W/System.err( 1935): 	at android.view.View.performClick(View.java:5637)
08-31 15:08:29.336 W/System.err( 1935): 	at android.view.View$PerformClick.run(View.java:22429)
08-31 15:08:29.336 W/System.err( 1935): 	at android.os.Handler.handleCallback(Handler.java:751)
08-31 15:08:29.336 W/System.err( 1935): 	at android.os.Handler.dispatchMessage(Handler.java:95)
08-31 15:08:29.336 W/System.err( 1935): 	at android.os.Looper.loop(Looper.java:154)
08-31 15:08:29.336 W/System.err( 1935): 	at android.app.ActivityThread.main(ActivityThread.java:6190)
08-31 15:08:29.336 W/System.err( 1935): 	at java.lang.reflect.Method.invoke(Native Method)
08-31 15:08:29.336 W/System.err( 1935): 	at com.android.internal.os.ZygoteInit$MethodAndArgsCaller.run(ZygoteInit.java:892)
08-31 15:08:29.336 W/System.err( 1935): 	at com.android.internal.os.ZygoteInit.main(ZygoteInit.java:782)
08-31 15:08:29.337 I/ActivityManager( 1281): START u0 {cmp=com.farmerbb.taskbar/.activity.ImportSettingsActivity} from uid 10064 on display 0
08-31 15:08:29.337 W/ActivityManager( 1281): Permission Denial: starting Intent { cmp=com.farmerbb.taskbar/.activity.ImportSettingsActivity } from ProcessRecord{bda5613 1935:com.android.intentfuzzer/u0a64} (pid=1935, uid=10064) not exported from uid 10039
08-31 15:08:29.338 W/System.err( 1935): java.lang.Exception: Toast callstack! strTip=Send Intent Failed!
08-31 15:08:29.338 W/System.err( 1935): 	at android.widget.Toast.show(Toast.java:130)
08-31 15:08:29.338 W/System.err( 1935): 	at com.android.intentfuzzer.FuzzerActivity$3.onClick(FuzzerActivity.java:167)
08-31 15:08:29.338 W/System.err( 1935): 	at android.view.View.performClick(View.java:5637)
08-31 15:08:29.339 W/System.err( 1935): 	at android.view.View$PerformClick.run(View.java:22429)
08-31 15:08:29.339 W/System.err( 1935): 	at android.os.Handler.handleCallback(Handler.java:751)
08-31 15:08:29.339 W/System.err( 1935): 	at android.os.Handler.dispatchMessage(Handler.java:95)
08-31 15:08:29.339 W/System.err( 1935): 	at android.os.Looper.loop(Looper.java:154)
08-31 15:08:29.339 W/System.err( 1935): 	at android.app.ActivityThread.main(ActivityThread.java:6190)
08-31 15:08:29.339 W/System.err( 1935): 	at java.lang.reflect.Method.invoke(Native Method)
08-31 15:08:29.339 W/System.err( 1935): 	at com.android.internal.os.ZygoteInit$MethodAndArgsCaller.run(ZygoteInit.java:892)
08-31 15:08:29.339 W/System.err( 1935): 	at com.android.internal.os.ZygoteInit.main(ZygoteInit.java:782)
08-31 15:08:29.342 I/ActivityManager( 1281): START u0 {cmp=com.farmerbb.taskbar/.activity.IconPackActivity} from uid 10064 on display 0
08-31 15:08:29.342 W/ActivityManager( 1281): Permission Denial: starting Intent { cmp=com.farmerbb.taskbar/.activity.IconPackActivity } from ProcessRecord{bda5613 1935:com.android.intentfuzzer/u0a64} (pid=1935, uid=10064) not exported from uid 10039
08-31 15:08:29.344 W/System.err( 1935): java.lang.Exception: Toast callstack! strTip=Send Intent Failed!
08-31 15:08:29.344 W/System.err( 1935): 	at android.widget.Toast.show(Toast.java:130)
08-31 15:08:29.344 W/System.err( 1935): 	at com.android.intentfuzzer.FuzzerActivity$3.onClick(FuzzerActivity.java:167)
08-31 15:08:29.344 W/System.err( 1935): 	at android.view.View.performClick(View.java:5637)
08-31 15:08:29.344 W/System.err( 1935): 	at android.view.View$PerformClick.run(View.java:22429)
08-31 15:08:29.344 W/System.err( 1935): 	at android.os.Handler.handleCallback(Handler.java:751)
08-31 15:08:29.344 W/System.err( 1935): 	at android.os.Handler.dispatchMessage(Handler.java:95)
08-31 15:08:29.344 W/System.err( 1935): 	at android.os.Looper.loop(Looper.java:154)
08-31 15:08:29.344 W/System.err( 1935): 	at android.app.ActivityThread.main(ActivityThread.java:6190)
08-31 15:08:29.344 W/System.err( 1935): 	at java.lang.reflect.Method.invoke(Native Method)
08-31 15:08:29.344 W/System.err( 1935): 	at com.android.internal.os.ZygoteInit$MethodAndArgsCaller.run(ZygoteInit.java:892)
08-31 15:08:29.344 W/System.err( 1935): 	at com.android.internal.os.ZygoteInit.main(ZygoteInit.java:782)
08-31 15:08:29.346 I/ActivityManager( 1281): START u0 {cmp=com.farmerbb.taskbar/.activity.dark.IconPackActivityDark} from uid 10064 on display 0
08-31 15:08:29.346 W/ActivityManager( 1281): Permission Denial: starting Intent { cmp=com.farmerbb.taskbar/.activity.dark.IconPackActivityDark } from ProcessRecord{bda5613 1935:com.android.intentfuzzer/u0a64} (pid=1935, uid=10064) not exported from uid 10039
08-31 15:08:29.348 W/System.err( 1935): java.lang.Exception: Toast callstack! strTip=Send Intent Failed!
08-31 15:08:29.348 W/System.err( 1935): 	at android.widget.Toast.show(Toast.java:130)
08-31 15:08:29.348 W/System.err( 1935): 	at com.android.intentfuzzer.FuzzerActivity$3.onClick(FuzzerActivity.java:167)
08-31 15:08:29.348 W/System.err( 1935): 	at android.view.View.performClick(View.java:5637)
08-31 15:08:29.348 W/System.err( 1935): 	at android.view.View$PerformClick.run(View.java:22429)
08-31 15:08:29.348 W/System.err( 1935): 	at android.os.Handler.handleCallback(Handler.java:751)
08-31 15:08:29.348 W/System.err( 1935): 	at android.os.Handler.dispatchMessage(Handler.java:95)
08-31 15:08:29.348 W/System.err( 1935): 	at android.os.Looper.loop(Looper.java:154)
08-31 15:08:29.348 W/System.err( 1935): 	at android.app.ActivityThread.main(ActivityThread.java:6190)
08-31 15:08:29.348 W/System.err( 1935): 	at java.lang.reflect.Method.invoke(Native Method)
08-31 15:08:29.348 W/System.err( 1935): 	at com.android.internal.os.ZygoteInit$MethodAndArgsCaller.run(ZygoteInit.java:892)
08-31 15:08:29.348 W/System.err( 1935): 	at com.android.internal.os.ZygoteInit.main(ZygoteInit.java:782)
08-31 15:08:29.349 I/ActivityManager( 1281): START u0 {cmp=com.farmerbb.taskbar/.activity.IconPackApplyActivity} from uid 10064 on display 0
08-31 15:08:29.355 W/System.err( 1935): java.lang.Exception: Toast callstack! strTip=Sent Null Intent { cmp=com.farmerbb.taskbar/.activity.IconPackApplyActivity }
08-31 15:08:29.355 W/System.err( 1935): 	at android.widget.Toast.show(Toast.java:130)
08-31 15:08:29.355 W/ContextImpl( 1676): Calling a method in the system process without a qualified user: android.app.ContextImpl.startService:1358 android.content.ContextWrapper.startService:613 android.content.ContextWrapper.startService:613 com.android.coreservice.CoreBroadcastReceiver.onReceive:44 android.app.ActivityThread.handleReceiver:3073 
08-31 15:08:29.355 W/System.err( 1935): 	at com.android.intentfuzzer.FuzzerActivity$3.onClick(FuzzerActivity.java:165)
08-31 15:08:29.355 W/System.err( 1935): 	at android.view.View.performClick(View.java:5637)
08-31 15:08:29.355 W/System.err( 1935): 	at android.view.View$PerformClick.run(View.java:22429)
08-31 15:08:29.355 W/System.err( 1935): 	at android.os.Handler.handleCallback(Handler.java:751)
08-31 15:08:29.355 W/System.err( 1935): 	at android.os.Handler.dispatchMessage(Handler.java:95)
08-31 15:08:29.355 W/System.err( 1935): 	at android.os.Looper.loop(Looper.java:154)
08-31 15:08:29.355 W/System.err( 1935): 	at android.app.ActivityThread.main(ActivityThread.java:6190)
08-31 15:08:29.355 W/System.err( 1935): 	at java.lang.reflect.Method.invoke(Native Method)
08-31 15:08:29.355 W/System.err( 1935): 	at com.android.internal.os.ZygoteInit$MethodAndArgsCaller.run(ZygoteInit.java:892)
08-31 15:08:29.355 W/System.err( 1935): 	at com.android.internal.os.ZygoteInit.main(ZygoteInit.java:782)
08-31 15:08:29.356 I/ActivityManager( 1281): START u0 {cmp=com.farmerbb.taskbar/.activity.ShortcutActivity} from uid 10064 on display 0
08-31 15:08:29.367 W/System.err( 1935): java.lang.Exception: Toast callstack! strTip=Sent Null Intent { cmp=com.farmerbb.taskbar/.activity.ShortcutActivity }
08-31 15:08:29.367 W/System.err( 1935): 	at android.widget.Toast.show(Toast.java:130)
08-31 15:08:29.368 W/System.err( 1935): 	at com.android.intentfuzzer.FuzzerActivity$3.onClick(FuzzerActivity.java:165)
08-31 15:08:29.368 W/System.err( 1935): 	at android.view.View.performClick(View.java:5637)
08-31 15:08:29.368 W/System.err( 1935): 	at android.view.View$PerformClick.run(View.java:22429)
08-31 15:08:29.368 W/System.err( 1935): 	at android.os.Handler.handleCallback(Handler.java:751)
08-31 15:08:29.368 W/System.err( 1935): 	at android.os.Handler.dispatchMessage(Handler.java:95)
08-31 15:08:29.368 W/System.err( 1935): 	at android.os.Looper.loop(Looper.java:154)
08-31 15:08:29.368 W/System.err( 1935): 	at android.app.ActivityThread.main(ActivityThread.java:6190)
08-31 15:08:29.368 W/System.err( 1935): 	at java.lang.reflect.Method.invoke(Native Method)
08-31 15:08:29.368 W/System.err( 1935): 	at com.android.internal.os.ZygoteInit$MethodAndArgsCaller.run(ZygoteInit.java:892)
08-31 15:08:29.368 W/System.err( 1935): 	at com.android.internal.os.ZygoteInit.main(ZygoteInit.java:782)
08-31 15:08:29.369 W/ContextImpl( 1676): Calling a method in the system process without a qualified user: android.app.ContextImpl.startService:1358 android.content.ContextWrapper.startService:613 android.content.ContextWrapper.startService:613 com.android.coreservice.CoreBroadcastReceiver.onReceive:44 android.app.ActivityThread.handleReceiver:3073 
08-31 15:08:29.370 I/ActivityManager( 1281): START u0 {cmp=com.farmerbb.taskbar/.activity.StartTaskbarActivity} from uid 10064 on display 0
08-31 15:08:29.373 W/System.err( 1935): java.lang.Exception: Toast callstack! strTip=Sent Null Intent { cmp=com.farmerbb.taskbar/.activity.StartTaskbarActivity }
08-31 15:08:29.374 W/System.err( 1935): 	at android.widget.Toast.show(Toast.java:130)
08-31 15:08:29.374 W/System.err( 1935): 	at com.android.intentfuzzer.FuzzerActivity$3.onClick(FuzzerActivity.java:165)
08-31 15:08:29.374 W/System.err( 1935): 	at android.view.View.performClick(View.java:5637)
08-31 15:08:29.374 W/System.err( 1935): 	at android.view.View$PerformClick.run(View.java:22429)
08-31 15:08:29.374 W/System.err( 1935): 	at android.os.Handler.handleCallback(Handler.java:751)
08-31 15:08:29.374 W/System.err( 1935): 	at android.os.Handler.dispatchMessage(Handler.java:95)
08-31 15:08:29.374 W/System.err( 1935): 	at android.os.Looper.loop(Looper.java:154)
08-31 15:08:29.374 W/System.err( 1935): 	at android.app.ActivityThread.main(ActivityThread.java:6190)
08-31 15:08:29.374 W/System.err( 1935): 	at java.lang.reflect.Method.invoke(Native Method)
08-31 15:08:29.374 W/System.err( 1935): 	at com.android.internal.os.ZygoteInit$MethodAndArgsCaller.run(ZygoteInit.java:892)
08-31 15:08:29.374 W/System.err( 1935): 	at com.android.internal.os.ZygoteInit.main(ZygoteInit.java:782)
08-31 15:08:29.376 I/ActivityManager( 1281): START u0 {cmp=com.farmerbb.taskbar/.activity.ClearDataActivity} from uid 10064 on display 0
08-31 15:08:29.376 W/ActivityManager( 1281): Permission Denial: starting Intent { cmp=com.farmerbb.taskbar/.activity.ClearDataActivity } from ProcessRecord{bda5613 1935:com.android.intentfuzzer/u0a64} (pid=1935, uid=10064) not exported from uid 10039
08-31 15:08:29.376 W/ContextImpl( 1676): Calling a method in the system process without a qualified user: android.app.ContextImpl.startService:1358 android.content.ContextWrapper.startService:613 android.content.ContextWrapper.startService:613 com.android.coreservice.CoreBroadcastReceiver.onReceive:44 android.app.ActivityThread.handleReceiver:3073 
08-31 15:08:29.378 W/System.err( 1935): java.lang.Exception: Toast callstack! strTip=Send Intent Failed!
08-31 15:08:29.378 W/System.err( 1935): 	at android.widget.Toast.show(Toast.java:130)
08-31 15:08:29.378 W/System.err( 1935): 	at com.android.intentfuzzer.FuzzerActivity$3.onClick(FuzzerActivity.java:167)
08-31 15:08:29.378 W/System.err( 1935): 	at android.view.View.performClick(View.java:5637)
08-31 15:08:29.378 W/System.err( 1935): 	at android.view.View$PerformClick.run(View.java:22429)
08-31 15:08:29.378 W/System.err( 1935): 	at android.os.Handler.handleCallback(Handler.java:751)
08-31 15:08:29.378 W/System.err( 1935): 	at android.os.Handler.dispatchMessage(Handler.java:95)
08-31 15:08:29.378 W/System.err( 1935): 	at android.os.Looper.loop(Looper.java:154)
08-31 15:08:29.378 W/System.err( 1935): 	at android.app.ActivityThread.main(ActivityThread.java:6190)
08-31 15:08:29.378 W/System.err( 1935): 	at java.lang.reflect.Method.invoke(Native Method)
08-31 15:08:29.379 W/System.err( 1935): 	at com.android.internal.os.ZygoteInit$MethodAndArgsCaller.run(ZygoteInit.java:892)
08-31 15:08:29.379 W/System.err( 1935): 	at com.android.internal.os.ZygoteInit.main(ZygoteInit.java:782)
08-31 15:08:29.382 I/ActivityManager( 1281): START u0 {cmp=com.farmerbb.taskbar/.activity.dark.ClearDataActivityDark} from uid 10064 on display 0
08-31 15:08:29.382 W/ActivityManager( 1281): Permission Denial: starting Intent { cmp=com.farmerbb.taskbar/.activity.dark.ClearDataActivityDark } from ProcessRecord{bda5613 1935:com.android.intentfuzzer/u0a64} (pid=1935, uid=10064) not exported from uid 10039
08-31 15:08:29.383 W/System.err( 1935): java.lang.Exception: Toast callstack! strTip=Send Intent Failed!
08-31 15:08:29.383 W/System.err( 1935): 	at android.widget.Toast.show(Toast.java:130)
08-31 15:08:29.383 W/System.err( 1935): 	at com.android.intentfuzzer.FuzzerActivity$3.onClick(FuzzerActivity.java:167)
08-31 15:08:29.383 W/System.err( 1935): 	at android.view.View.performClick(View.java:5637)
08-31 15:08:29.383 W/System.err( 1935): 	at android.view.View$PerformClick.run(View.java:22429)
08-31 15:08:29.383 W/System.err( 1935): 	at android.os.Handler.handleCallback(Handler.java:751)
08-31 15:08:29.384 W/System.err( 1935): 	at android.os.Handler.dispatchMessage(Handler.java:95)
08-31 15:08:29.384 W/System.err( 1935): 	at android.os.Looper.loop(Looper.java:154)
08-31 15:08:29.384 W/System.err( 1935): 	at android.app.ActivityThread.main(ActivityThread.java:6190)
08-31 15:08:29.384 W/System.err( 1935): 	at java.lang.reflect.Method.invoke(Native Method)
08-31 15:08:29.384 W/System.err( 1935): 	at com.android.internal.os.ZygoteInit$MethodAndArgsCaller.run(ZygoteInit.java:892)
08-31 15:08:29.384 W/System.err( 1935): 	at com.android.internal.os.ZygoteInit.main(ZygoteInit.java:782)
08-31 15:08:29.385 I/ActivityManager( 1281): START u0 {cmp=com.farmerbb.taskbar/.activity.DashboardActivity} from uid 10064 on display 0
08-31 15:08:29.385 W/ActivityManager( 1281): Permission Denial: starting Intent { cmp=com.farmerbb.taskbar/.activity.DashboardActivity } from ProcessRecord{bda5613 1935:com.android.intentfuzzer/u0a64} (pid=1935, uid=10064) not exported from uid 10039
08-31 15:08:29.386 W/System.err( 1935): java.lang.Exception: Toast callstack! strTip=Send Intent Failed!
08-31 15:08:29.386 W/System.err( 1935): 	at android.widget.Toast.show(Toast.java:130)
08-31 15:08:29.387 W/System.err( 1935): 	at com.android.intentfuzzer.FuzzerActivity$3.onClick(FuzzerActivity.java:167)
08-31 15:08:29.387 W/System.err( 1935): 	at android.view.View.performClick(View.java:5637)
08-31 15:08:29.387 W/System.err( 1935): 	at android.view.View$PerformClick.run(View.java:22429)
08-31 15:08:29.387 W/System.err( 1935): 	at android.os.Handler.handleCallback(Handler.java:751)
08-31 15:08:29.387 W/System.err( 1935): 	at android.os.Handler.dispatchMessage(Handler.java:95)
08-31 15:08:29.387 W/System.err( 1935): 	at android.os.Looper.loop(Looper.java:154)
08-31 15:08:29.387 W/System.err( 1935): 	at android.app.ActivityThread.main(ActivityThread.java:6190)
08-31 15:08:29.387 W/System.err( 1935): 	at java.lang.reflect.Method.invoke(Native Method)
08-31 15:08:29.387 W/System.err( 1935): 	at com.android.internal.os.ZygoteInit$MethodAndArgsCaller.run(ZygoteInit.java:892)
08-31 15:08:29.387 W/System.err( 1935): 	at com.android.internal.os.ZygoteInit.main(ZygoteInit.java:782)
08-31 15:08:29.388 I/ActivityManager( 1281): START u0 {cmp=com.farmerbb.taskbar/.activity.dark.DashboardActivityDark} from uid 10064 on display 0
08-31 15:08:29.388 W/ActivityManager( 1281): Permission Denial: starting Intent { cmp=com.farmerbb.taskbar/.activity.dark.DashboardActivityDark } from ProcessRecord{bda5613 1935:com.android.intentfuzzer/u0a64} (pid=1935, uid=10064) not exported from uid 10039
08-31 15:08:29.390 W/System.err( 1935): java.lang.Exception: Toast callstack! strTip=Send Intent Failed!
08-31 15:08:29.390 W/System.err( 1935): 	at android.widget.Toast.show(Toast.java:130)
08-31 15:08:29.390 W/System.err( 1935): 	at com.android.intentfuzzer.FuzzerActivity$3.onClick(FuzzerActivity.java:167)
08-31 15:08:29.390 W/System.err( 1935): 	at android.view.View.performClick(View.java:5637)
08-31 15:08:29.390 W/System.err( 1935): 	at android.view.View$PerformClick.run(View.java:22429)
08-31 15:08:29.390 W/System.err( 1935): 	at android.os.Handler.handleCallback(Handler.java:751)
08-31 15:08:29.390 W/System.err( 1935): 	at android.os.Handler.dispatchMessage(Handler.java:95)
08-31 15:08:29.390 W/System.err( 1935): 	at android.os.Looper.loop(Looper.java:154)
08-31 15:08:29.390 W/System.err( 1935): 	at android.app.ActivityThread.main(ActivityThread.java:6190)
08-31 15:08:29.390 W/System.err( 1935): 	at java.lang.reflect.Method.invoke(Native Method)
08-31 15:08:29.390 W/System.err( 1935): 	at com.android.internal.os.ZygoteInit$MethodAndArgsCaller.run(ZygoteInit.java:892)
08-31 15:08:29.390 W/System.err( 1935): 	at com.android.internal.os.ZygoteInit.main(ZygoteInit.java:782)
08-31 15:08:29.405 I/ActivityManager( 1281): Start proc 2205:com.farmerbb.taskbar/u0a39 for activity com.farmerbb.taskbar/.activity.StartTaskbarActivity
08-31 15:08:29.418 D/libnativebridge( 2205): call UnloadNativeBridge! state=1
08-31 15:08:29.461 E/EGL_adreno( 1082): tid 1082: eglCreateSyncKHR(2089): error 0x3004 (EGL_BAD_ATTRIBUTE)
08-31 15:08:29.509 W/art     ( 1281): Long monitor contention with owner Binder:1281_8 (1761) at void com.android.server.am.ActivityManagerService.activityPaused(android.os.IBinder)(ActivityManagerService.java:7045) waiters=0 in void com.android.server.am.ActivityManagerService.dispatchUidsChanged() for 112ms
08-31 15:08:29.524 W/ContextImpl( 1676): Calling a method in the system process without a qualified user: android.app.ContextImpl.startService:1358 android.content.ContextWrapper.startService:613 android.content.ContextWrapper.startService:613 com.android.coreservice.CoreBroadcastReceiver.onReceive:53 android.app.ActivityThread.handleReceiver:3073 
08-31 15:08:29.590 E/EGL_adreno( 1935): tid 1952: eglSurfaceAttrib(1338): error 0x3009 (EGL_BAD_MATCH)
08-31 15:08:29.590 W/OpenGLRenderer( 1935): Failed to set EGL_SWAP_BEHAVIOR on surface 0x7fffeb41b280, error=EGL_BAD_MATCH
08-31 15:08:29.592 D/EGL_adreno( 1935): eglMakeCurrent: 0x7fffeb454c20: ver 3 1 (tinfo 0x7fffeb40d8a0)
08-31 15:08:29.679 W/System  ( 2205): ClassLoader referenced unknown path: /data/app/com.farmerbb.taskbar-1/lib/x86_64
08-31 15:08:29.732 W/ContextImpl( 1676): Calling a method in the system process without a qualified user: android.app.ContextImpl.startService:1358 android.content.ContextWrapper.startService:613 android.content.ContextWrapper.startService:613 com.android.coreservice.CoreBroadcastReceiver.onReceive:53 android.app.ActivityThread.handleReceiver:3073 
08-31 15:08:29.737 W/ContextImpl( 1676): Calling a method in the system process without a qualified user: android.app.ContextImpl.startService:1358 android.content.ContextWrapper.startService:613 android.content.ContextWrapper.startService:613 com.android.coreservice.CoreBroadcastReceiver.onReceive:44 android.app.ActivityThread.handleReceiver:3073 
08-31 15:08:29.752 W/ContextImpl( 1676): Calling a method in the system process without a qualified user: android.app.ContextImpl.startService:1358 android.content.ContextWrapper.startService:613 android.content.ContextWrapper.startService:613 com.android.coreservice.CoreBroadcastReceiver.onReceive:53 android.app.ActivityThread.handleReceiver:3073 
08-31 15:08:29.768 W/ContextImpl( 1676): Calling a method in the system process without a qualified user: android.app.ContextImpl.startService:1358 android.content.ContextWrapper.startService:613 android.content.ContextWrapper.startService:613 com.android.coreservice.CoreBroadcastReceiver.onReceive:44 android.app.ActivityThread.handleReceiver:3073 
08-31 15:08:29.781 W/ContextImpl( 1676): Calling a method in the system process without a qualified user: android.app.ContextImpl.startService:1358 android.content.ContextWrapper.startService:613 android.content.ContextWrapper.startService:613 com.android.coreservice.CoreBroadcastReceiver.onReceive:53 android.app.ActivityThread.handleReceiver:3073 
08-31 15:08:29.799 W/ContextImpl( 1676): Calling a method in the system process without a qualified user: android.app.ContextImpl.startService:1358 android.content.ContextWrapper.startService:613 android.content.ContextWrapper.startService:613 com.android.coreservice.CoreBroadcastReceiver.onReceive:44 android.app.ActivityThread.handleReceiver:3073 
08-31 15:08:29.810 I/HostConnection( 2205): HostConnection::HostConnection: pid=2205, tid=2205, this=0x7fffe8bc9ca0
08-31 15:08:29.816 I/        ( 2205): fastpipe: Connect success
08-31 15:08:29.816 D/HostConnection( 2205): HostRPC::connect sucess: app=com.farmerbb.taskbar, pid=2205, tid=2205, this=0x7fffd621b400
08-31 15:08:29.817 D/HostConnection( 2205): queryAndSetGLESMaxVersion select gles-version: 3.1 hostGLVersion:46 process:com.farmerbb.taskbar
08-31 15:08:29.820 I/        ( 2205): fastpipe: Connect success
08-31 15:08:29.820 D/HostConnection( 2205): recv ProcessPuidReply name=com.farmerbb.taskbar puid=9 g_u64CapsFlag=1d
08-31 15:08:30.037 W/ContextImpl( 1676): Calling a method in the system process without a qualified user: android.app.ContextImpl.startService:1358 android.content.ContextWrapper.startService:613 android.content.ContextWrapper.startService:613 com.android.coreservice.CoreBroadcastReceiver.onReceive:53 android.app.ActivityThread.handleReceiver:3073 
08-31 15:08:30.061 I/HostConnection( 2205): HostConnection::HostConnection: pid=2205, tid=2221, this=0x7fffeb41c4e0
08-31 15:08:30.063 I/        ( 2205): fastpipe: Connect success
08-31 15:08:30.063 D/HostConnection( 2205): HostRPC::connect sucess: app=com.farmerbb.taskbar, pid=2205, tid=2221, this=0x7fffeb472c80
08-31 15:08:30.064 D/HostConnection( 2205): queryAndSetGLESMaxVersion select gles-version: 3.1 hostGLVersion:46 process:com.farmerbb.taskbar
08-31 15:08:30.065 I/OpenGLRenderer( 2205): Initialized EGL, version 1.4
08-31 15:08:30.065 D/OpenGLRenderer( 2205): Swap behavior 1
08-31 15:08:30.065 I/EGL_adreno( 2205): eglCreateContext request GLES major-version=2
08-31 15:08:30.104 D/EGL_adreno( 2205): eglCreateContext: 0x7fffeb43c5a0: maj 3 min 1 rcv 4
08-31 15:08:30.153 D/EGL_adreno( 2205): eglMakeCurrent: 0x7fffeb43c5a0: ver 3 1 (tinfo 0x7fffeb40d400)
08-31 15:08:30.159 D/HostConnection( 2205): ExtendedRCEncoderContext GL_VERSION return OpenGL ES 3.1
08-31 15:08:30.178 E/EGL_adreno( 2205): tid 2221: eglSurfaceAttrib(1338): error 0x3009 (EGL_BAD_MATCH)
08-31 15:08:30.178 W/OpenGLRenderer( 2205): Failed to set EGL_SWAP_BEHAVIOR on surface 0x7fffeb5e89c0, error=EGL_BAD_MATCH
08-31 15:08:30.252 E/EGL_adreno( 2205): tid 2221: eglSurfaceAttrib(1338): error 0x3009 (EGL_BAD_MATCH)
08-31 15:08:30.252 W/OpenGLRenderer( 2205): Failed to set EGL_SWAP_BEHAVIOR on surface 0x7fffeb5e8a00, error=EGL_BAD_MATCH
08-31 15:08:30.255 D/EGL_adreno( 2205): eglMakeCurrent: 0x7fffeb43c5a0: ver 3 1 (tinfo 0x7fffeb40d400)
08-31 15:08:30.385 D/EGL_adreno( 2205): eglMakeCurrent: 0x7fffeb43c5a0: ver 3 1 (tinfo 0x7fffeb40d400)
08-31 15:08:30.513 I/ActivityManager( 1281): Displayed com.farmerbb.taskbar/.MainActivity: +1s107ms (total +1s118ms)
08-31 15:08:30.713 W/ContextImpl( 1676): Calling a method in the system process without a qualified user: android.app.ContextImpl.startService:1358 android.content.ContextWrapper.startService:613 android.content.ContextWrapper.startService:613 com.android.coreservice.CoreBroadcastReceiver.onReceive:69 android.app.ActivityThread.handleReceiver:3073 
08-31 15:08:30.719 W/ContextImpl( 1676): Calling a method in the system process without a qualified user: android.app.ContextImpl.startService:1358 android.content.ContextWrapper.startService:613 android.content.ContextWrapper.startService:613 com.android.coreservice.CoreBroadcastReceiver.onReceive:69 android.app.ActivityThread.handleReceiver:3073 
08-31 15:08:32.412 D/audio_hw_hal( 1087): log_func, out_standby
08-31 15:08:32.412 D/audio_hw_hal( 1087): raw_close_output_stream, dev=0xf6e480c0, stream =0xf6e43140
08-31 15:08:32.412 D/audio_hw_hal( 1087): raw_close_output_stream, stream=0xf6e43140,  success!
08-31 15:08:32.792 W/WindowManager( 1281): Attempted to remove non-existing token: android.os.Binder@969baa0
08-31 15:08:32.792 D/EGL_adreno( 1935): eglMakeCurrent: 0x7fffeb454c20: ver 3 1 (tinfo 0x7fffeb40d8a0)
08-31 15:08:32.857 E/EGL_adreno( 1935): tid 1952: eglSurfaceAttrib(1338): error 0x3009 (EGL_BAD_MATCH)
08-31 15:08:32.858 W/OpenGLRenderer( 1935): Failed to set EGL_SWAP_BEHAVIOR on surface 0x7fffeb41b280, error=EGL_BAD_MATCH
08-31 15:08:32.860 D/EGL_adreno( 1935): eglMakeCurrent: 0x7fffeb454c20: ver 3 1 (tinfo 0x7fffeb40d8a0)
08-31 15:08:36.296 W/WindowManager( 1281): Attempted to remove non-existing token: android.os.Binder@6f90f15
08-31 15:08:36.298 D/EGL_adreno( 1935): eglMakeCurrent: 0x7fffeb454c20: ver 3 1 (tinfo 0x7fffeb40d8a0)
08-31 15:08:36.363 E/EGL_adreno( 1935): tid 1952: eglSurfaceAttrib(1338): error 0x3009 (EGL_BAD_MATCH)
08-31 15:08:36.363 W/OpenGLRenderer( 1935): Failed to set EGL_SWAP_BEHAVIOR on surface 0x7fffeb41b280, error=EGL_BAD_MATCH
08-31 15:08:36.365 D/EGL_adreno( 1935): eglMakeCurrent: 0x7fffeb454c20: ver 3 1 (tinfo 0x7fffeb40d8a0)
08-31 15:08:39.801 W/WindowManager( 1281): Attempted to remove non-existing token: android.os.Binder@9e2022a
08-31 15:08:39.804 D/EGL_adreno( 1935): eglMakeCurrent: 0x7fffeb454c20: ver 3 1 (tinfo 0x7fffeb40d8a0)
08-31 15:08:39.852 E/EGL_adreno( 1935): tid 1952: eglSurfaceAttrib(1338): error 0x3009 (EGL_BAD_MATCH)
08-31 15:08:39.852 W/OpenGLRenderer( 1935): Failed to set EGL_SWAP_BEHAVIOR on surface 0x7fffeb41b280, error=EGL_BAD_MATCH
08-31 15:08:39.857 D/EGL_adreno( 1935): eglMakeCurrent: 0x7fffeb454c20: ver 3 1 (tinfo 0x7fffeb40d8a0)
08-31 15:08:43.306 W/WindowManager( 1281): Attempted to remove non-existing token: android.os.Binder@85fe81b
08-31 15:08:43.309 D/EGL_adreno( 1935): eglMakeCurrent: 0x7fffeb454c20: ver 3 1 (tinfo 0x7fffeb40d8a0)
08-31 15:08:43.376 E/EGL_adreno( 1935): tid 1952: eglSurfaceAttrib(1338): error 0x3009 (EGL_BAD_MATCH)
08-31 15:08:43.376 W/OpenGLRenderer( 1935): Failed to set EGL_SWAP_BEHAVIOR on surface 0x7fffeb41b280, error=EGL_BAD_MATCH
08-31 15:08:43.378 D/EGL_adreno( 1935): eglMakeCurrent: 0x7fffeb454c20: ver 3 1 (tinfo 0x7fffeb40d8a0)
08-31 15:08:45.553 D/WifiStateMachine( 1281): setScanResults mScanResults.size=1
08-31 15:08:46.808 W/WindowManager( 1281): Attempted to remove non-existing token: android.os.Binder@9703db8
08-31 15:08:46.811 D/EGL_adreno( 1935): eglMakeCurrent: 0x7fffeb454c20: ver 3 1 (tinfo 0x7fffeb40d8a0)
08-31 15:08:46.876 E/EGL_adreno( 1935): tid 1952: eglSurfaceAttrib(1338): error 0x3009 (EGL_BAD_MATCH)
08-31 15:08:46.876 W/OpenGLRenderer( 1935): Failed to set EGL_SWAP_BEHAVIOR on surface 0x7fffeb41b280, error=EGL_BAD_MATCH
08-31 15:08:46.877 D/EGL_adreno( 1935): eglMakeCurrent: 0x7fffeb454c20: ver 3 1 (tinfo 0x7fffeb40d8a0)
08-31 15:08:50.313 W/WindowManager( 1281): Attempted to remove non-existing token: android.os.Binder@be88791
08-31 15:08:50.316 D/EGL_adreno( 1935): eglMakeCurrent: 0x7fffeb454c20: ver 3 1 (tinfo 0x7fffeb40d8a0)
08-31 15:08:50.373 E/EGL_adreno( 1935): tid 1952: eglSurfaceAttrib(1338): error 0x3009 (EGL_BAD_MATCH)
08-31 15:08:50.373 W/OpenGLRenderer( 1935): Failed to set EGL_SWAP_BEHAVIOR on surface 0x7fffeb41b280, error=EGL_BAD_MATCH
08-31 15:08:50.376 D/EGL_adreno( 1935): eglMakeCurrent: 0x7fffeb454c20: ver 3 1 (tinfo 0x7fffeb40d8a0)
08-31 15:08:53.818 W/WindowManager( 1281): Attempted to remove non-existing token: android.os.Binder@67616f6
08-31 15:08:53.822 D/EGL_adreno( 1935): eglMakeCurrent: 0x7fffeb454c20: ver 3 1 (tinfo 0x7fffeb40d8a0)
08-31 15:08:53.888 E/EGL_adreno( 1935): tid 1952: eglSurfaceAttrib(1338): error 0x3009 (EGL_BAD_MATCH)
08-31 15:08:53.888 W/OpenGLRenderer( 1935): Failed to set EGL_SWAP_BEHAVIOR on surface 0x7fffeb41b280, error=EGL_BAD_MATCH
08-31 15:08:53.891 D/EGL_adreno( 1935): eglMakeCurrent: 0x7fffeb454c20: ver 3 1 (tinfo 0x7fffeb40d8a0)
08-31 15:08:57.324 W/WindowManager( 1281): Attempted to remove non-existing token: android.os.Binder@38aeaf7
08-31 15:08:57.326 D/EGL_adreno( 1935): eglMakeCurrent: 0x7fffeb454c20: ver 3 1 (tinfo 0x7fffeb40d8a0)
08-31 15:08:57.383 E/EGL_adreno( 1935): tid 1952: eglSurfaceAttrib(1338): error 0x3009 (EGL_BAD_MATCH)
08-31 15:08:57.383 W/OpenGLRenderer( 1935): Failed to set EGL_SWAP_BEHAVIOR on surface 0x7fffeb41b280, error=EGL_BAD_MATCH
08-31 15:08:57.384 D/EGL_adreno( 1935): eglMakeCurrent: 0x7fffeb454c20: ver 3 1 (tinfo 0x7fffeb40d8a0)
08-31 15:09:00.845 W/WindowManager( 1281): Attempted to remove non-existing token: android.os.Binder@7c77d64
08-31 15:09:00.848 D/EGL_adreno( 1935): eglMakeCurrent: 0x7fffeb454c20: ver 3 1 (tinfo 0x7fffeb40d8a0)
08-31 15:09:00.906 E/EGL_adreno( 1935): tid 1952: eglSurfaceAttrib(1338): error 0x3009 (EGL_BAD_MATCH)
08-31 15:09:00.906 W/OpenGLRenderer( 1935): Failed to set EGL_SWAP_BEHAVIOR on surface 0x7fffeb41b280, error=EGL_BAD_MATCH
08-31 15:09:00.907 D/EGL_adreno( 1935): eglMakeCurrent: 0x7fffeb454c20: ver 3 1 (tinfo 0x7fffeb40d8a0)
08-31 15:09:04.351 W/WindowManager( 1281): Attempted to remove non-existing token: android.os.Binder@77d0bcd
08-31 15:09:04.353 D/EGL_adreno( 1935): eglMakeCurrent: 0x7fffeb454c20: ver 3 1 (tinfo 0x7fffeb40d8a0)
