08-31 21:10:59.233 W/ActivityManager( 1281):   Force finishing activity com.fsck.k9/.activity.LauncherShortcuts
08-31 21:10:59.237 D/EGL_adreno( 1281): eglMakeCurrent: 0x7fffccffacc0: ver 3 1 (tinfo 0x7fffcdb14d40)
08-31 21:10:59.274 W/ActivityManager( 1281):   Force finishing activity com.fsck.k9/.activity.Search
08-31 21:10:59.278 W/ActivityManager( 1281):   Force finishing activity com.fsck.k9/.activity.MessageList
08-31 21:10:59.282 W/ActivityManager( 1281):   Force finishing activity com.fsck.k9/.activity.FolderList
08-31 21:10:59.285 I/HostConnection( 1281): HostConnection::~HostConnection, pid=1281, tid=1989, this=0x7fffcdb9dd60, m_stream=0x7fffcb5f2f00
08-31 21:10:59.287 I/        ( 1281): fastpipe: close connect
08-31 21:10:59.289 W/ActivityManager( 1281):   Force finishing activity com.fsck.k9/.activity.Accounts
08-31 21:10:59.292 E/ActivityManager( 1281): Found activity ActivityRecord{13c1121 u0 com.fsck.k9/.activity.UnreadWidgetConfiguration t3 f} in proc activity list using null instead of expected ProcessRecord{ed4bba2 2742:com.fsck.k9/u0a41}
08-31 21:10:59.298 I/ActivityManager( 1281): Killing 2742:com.fsck.k9/u0a41 (adj 199): crash
08-31 21:10:59.299 D/ActivityManager( 1281): cleanUpApplicationRecord -- 2742
08-31 21:10:59.302 W/ContextImpl( 1676): Calling a method in the system process without a qualified user: android.app.ContextImpl.startService:1358 android.content.ContextWrapper.startService:613 android.content.ContextWrapper.startService:613 com.android.coreservice.CoreBroadcastReceiver.onReceive:44 android.app.ActivityThread.handleReceiver:3073 
08-31 21:10:59.307 W/ContextImpl( 1676): Calling a method in the system process without a qualified user: android.app.ContextImpl.startService:1358 android.content.ContextWrapper.startService:613 android.content.ContextWrapper.startService:613 com.android.coreservice.CoreBroadcastReceiver.onReceive:44 android.app.ActivityThread.handleReceiver:3073 
08-31 21:10:59.310 W/InputEventReceiver( 1281): Attempted to finish an input event but the input event receiver has already been disposed.
08-31 21:10:59.311 W/ContextImpl( 1676): Calling a method in the system process without a qualified user: android.app.ContextImpl.startService:1358 android.content.ContextWrapper.startService:613 android.content.ContextWrapper.startService:613 com.android.coreservice.CoreBroadcastReceiver.onReceive:44 android.app.ActivityThread.handleReceiver:3073 
08-31 21:10:59.316 W/ContextImpl( 1676): Calling a method in the system process without a qualified user: android.app.ContextImpl.startService:1358 android.content.ContextWrapper.startService:613 android.content.ContextWrapper.startService:613 com.android.coreservice.CoreBroadcastReceiver.onReceive:44 android.app.ActivityThread.handleReceiver:3073 
08-31 21:10:59.321 W/ContextImpl( 1676): Calling a method in the system process without a qualified user: android.app.ContextImpl.startService:1358 android.content.ContextWrapper.startService:613 android.content.ContextWrapper.startService:613 com.android.coreservice.CoreBroadcastReceiver.onReceive:44 android.app.ActivityThread.handleReceiver:3073 
08-31 21:10:59.325 W/ContextImpl( 1676): Calling a method in the system process without a qualified user: android.app.ContextImpl.startService:1358 android.content.ContextWrapper.startService:613 android.content.ContextWrapper.startService:613 com.android.coreservice.CoreBroadcastReceiver.onReceive:53 android.app.ActivityThread.handleReceiver:3073 
08-31 21:10:59.438 W/AppOps  ( 1281): Finishing op nesting under-run: uid 1000 pkg android code 24 time=0 duration=0 nesting=0
08-31 21:10:59.440 W/ContextImpl( 1676): Calling a method in the system process without a qualified user: android.app.ContextImpl.startService:1358 android.content.ContextWrapper.startService:613 android.content.ContextWrapper.startService:613 com.android.coreservice.CoreBroadcastReceiver.onReceive:53 android.app.ActivityThread.handleReceiver:3073 
08-31 21:10:59.447 E/EGL_adreno( 1935): tid 1952: eglSurfaceAttrib(1338): error 0x3009 (EGL_BAD_MATCH)
08-31 21:10:59.447 W/OpenGLRenderer( 1935): Failed to set EGL_SWAP_BEHAVIOR on surface 0x7fffeb5c9a00, error=EGL_BAD_MATCH
08-31 21:10:59.451 W/InputMethodManagerService( 1281): Window already focused, ignoring focus gain of: com.android.internal.view.IInputMethodClient$Stub$Proxy@d66efee attribute=null, token = android.os.BinderProxy@fa58832
08-31 21:10:59.460 D/EGL_adreno( 1935): eglMakeCurrent: 0x7fffeb454c20: ver 3 1 (tinfo 0x7fffeb40d8a0)
08-31 21:11:00.673 W/ContextImpl( 1676): Calling a method in the system process without a qualified user: android.app.ContextImpl.startService:1358 android.content.ContextWrapper.startService:613 android.content.ContextWrapper.startService:613 com.android.coreservice.CoreBroadcastReceiver.onReceive:44 android.app.ActivityThread.handleReceiver:3073 
08-31 21:11:00.702 W/ContextImpl( 1676): Calling a method in the system process without a qualified user: android.app.ContextImpl.startService:1358 android.content.ContextWrapper.startService:613 android.content.ContextWrapper.startService:613 com.android.coreservice.CoreBroadcastReceiver.onReceive:53 android.app.ActivityThread.handleReceiver:3073 
08-31 21:11:00.776 E/EGL_adreno( 1935): tid 1952: eglSurfaceAttrib(1338): error 0x3009 (EGL_BAD_MATCH)
08-31 21:11:00.776 W/OpenGLRenderer( 1935): Failed to set EGL_SWAP_BEHAVIOR on surface 0x7fffeb5c9a80, error=EGL_BAD_MATCH
08-31 21:11:00.780 D/EGL_adreno( 1935): eglMakeCurrent: 0x7fffeb454c20: ver 3 1 (tinfo 0x7fffeb40d8a0)
08-31 21:11:00.797 D/TaskPersister( 1281): getImageFromWriteQueue return null! filePath=/data/system_ce/0/recent_images/16_task_thumbnail.png
08-31 21:11:00.816 D/EGL_adreno( 1935): eglMakeCurrent: 0x7fffeb454c20: ver 3 1 (tinfo 0x7fffeb40d8a0)
08-31 21:11:00.820 W/ContextImpl( 1676): Calling a method in the system process without a qualified user: android.app.ContextImpl.startService:1358 android.content.ContextWrapper.startService:613 android.content.ContextWrapper.startService:613 com.android.coreservice.CoreBroadcastReceiver.onReceive:69 android.app.ActivityThread.handleReceiver:3073 
08-31 21:11:00.827 D/EGL_adreno( 1935): eglMakeCurrent: 0x7fffeb454c20: ver 3 1 (tinfo 0x7fffeb40d8a0)
08-31 21:11:01.906 D/EGL_adreno( 1935): eglMakeCurrent: 0x7fffeb454c20: ver 3 1 (tinfo 0x7fffeb40d8a0)
