08-31 21:07:02.352 W/ContextImpl( 1676): Calling a method in the system process without a qualified user: android.app.ContextImpl.startService:1358 android.content.ContextWrapper.startService:613 android.content.ContextWrapper.startService:613 com.android.coreservice.CoreBroadcastReceiver.onReceive:44 android.app.ActivityThread.handleReceiver:3073 
08-31 21:07:02.363 D/AndroidRuntime( 2720): Shutting down VM
--------- beginning of crash
08-31 21:07:02.363 E/AndroidRuntime( 2720): FATAL EXCEPTION: main
08-31 21:07:02.363 E/AndroidRuntime( 2720): Process: com.fsck.k9, PID: 2720
08-31 21:07:02.363 E/AndroidRuntime( 2720): android.util.SuperNotCalledException: Activity {com.fsck.k9/com.fsck.k9.activity.LauncherShortcuts} did not call through to super.onCreate()
08-31 21:07:02.363 E/AndroidRuntime( 2720): 	at android.app.ActivityThread.performLaunchActivity(ActivityThread.java:2654)
08-31 21:07:02.363 E/AndroidRuntime( 2720): 	at android.app.ActivityThread.handleLaunchActivity(ActivityThread.java:2759)
08-31 21:07:02.363 E/AndroidRuntime( 2720): 	at android.app.ActivityThread.-wrap12(ActivityThread.java)
08-31 21:07:02.363 E/AndroidRuntime( 2720): 	at android.app.ActivityThread$H.handleMessage(ActivityThread.java:1482)
08-31 21:07:02.363 E/AndroidRuntime( 2720): 	at android.os.Handler.dispatchMessage(Handler.java:102)
08-31 21:07:02.363 E/AndroidRuntime( 2720): 	at android.os.Looper.loop(Looper.java:154)
08-31 21:07:02.363 E/AndroidRuntime( 2720): 	at android.app.ActivityThread.main(ActivityThread.java:6190)
08-31 21:07:02.363 E/AndroidRuntime( 2720): 	at java.lang.reflect.Method.invoke(Native Method)
08-31 21:07:02.363 E/AndroidRuntime( 2720): 	at com.android.internal.os.ZygoteInit$MethodAndArgsCaller.run(ZygoteInit.java:892)
08-31 21:07:02.363 E/AndroidRuntime( 2720): 	at com.android.internal.os.ZygoteInit.main(ZygoteInit.java:782)
08-31 21:07:02.366 W/System.err( 1281): java.lang.Exception: show AlertDialog! title=K-9 
08-31 21:07:02.366 W/System.err( 1281): 	at android.app.AlertDialog.show(AlertDialog.java:134)
08-31 21:07:02.366 W/System.err( 1281): 	at com.android.server.am.AppErrors.handleShowAppErrorUi(AppErrors.java:719)
08-31 21:07:02.366 W/System.err( 1281): 	at com.android.server.am.ActivityManagerService$UiHandler.handleMessage(ActivityManagerService.java:1637)
08-31 21:07:02.366 W/System.err( 1281): 	at android.os.Handler.dispatchMessage(Handler.java:102)
08-31 21:07:02.366 W/System.err( 1281): 	at android.os.Looper.loop(Looper.java:154)
08-31 21:07:02.366 W/System.err( 1281): 	at android.os.HandlerThread.run(HandlerThread.java:61)
08-31 21:07:02.366 W/System.err( 1281): 	at com.android.server.ServiceThread.run(ServiceThread.java:46)
08-31 21:07:02.408 I/HostConnection( 1281): HostConnection::HostConnection: pid=1281, tid=1989, this=0x7fffcdb9dd60
08-31 21:07:02.410 I/        ( 1281): fastpipe: Connect success
08-31 21:07:02.410 D/HostConnection( 1281): HostRPC::connect sucess: app=system_server, pid=1281, tid=1989, this=0x7fffcb5f2f00
08-31 21:07:02.413 D/HostConnection( 1281): queryAndSetGLESMaxVersion select gles-version: 3.1 hostGLVersion:46 process:system_server
08-31 21:07:02.418 I/OpenGLRenderer( 1281): Initialized EGL, version 1.4
08-31 21:07:02.418 D/OpenGLRenderer( 1281): Swap behavior 1
08-31 21:07:02.418 I/EGL_adreno( 1281): eglCreateContext request GLES major-version=2
08-31 21:07:02.446 D/EGL_adreno( 1281): eglCreateContext: 0x7fffccffacc0: maj 3 min 1 rcv 4
08-31 21:07:02.478 D/TaskPersister( 1281): getImageFromWriteQueue return null! filePath=/data/system_ce/0/recent_images/16_task_thumbnail.png
08-31 21:07:02.516 D/EGL_adreno( 1281): eglMakeCurrent: 0x7fffccffacc0: ver 3 1 (tinfo 0x7fffcdb14d40)
08-31 21:07:02.541 E/EGL_adreno( 1281): tid 1989: eglSurfaceAttrib(1338): error 0x3009 (EGL_BAD_MATCH)
08-31 21:07:02.541 W/OpenGLRenderer( 1281): Failed to set EGL_SWAP_BEHAVIOR on surface 0x7fffcdae1d40, error=EGL_BAD_MATCH
08-31 21:07:02.546 D/EGL_adreno( 1281): eglMakeCurrent: 0x7fffccffacc0: ver 3 1 (tinfo 0x7fffcdb14d40)
08-31 21:07:02.860 W/ActivityManager( 1281): Activity pause timeout for ActivityRecord{6f3ed53 u0 com.fsck.k9/.activity.LauncherShortcuts t3 f}
08-31 21:07:02.923 W/ContextImpl( 1676): Calling a method in the system process without a qualified user: android.app.ContextImpl.startService:1358 android.content.ContextWrapper.startService:613 android.content.ContextWrapper.startService:613 com.android.coreservice.CoreBroadcastReceiver.onReceive:44 android.app.ActivityThread.handleReceiver:3073 
08-31 21:07:03.037 D/TaskPersister( 1281): getImageFromWriteQueue return null! filePath=/data/system_ce/0/recent_images/16_task_thumbnail.png
08-31 21:07:04.805 D/audio_hw_hal( 1087): log_func, out_standby
08-31 21:07:04.805 D/audio_hw_hal( 1087): raw_close_output_stream, dev=0xf6e480c0, stream =0xf6e43140
08-31 21:07:04.805 D/audio_hw_hal( 1087): raw_close_output_stream, stream=0xf6e43140,  success!
08-31 21:07:05.176 D/EGL_adreno( 1935): eglMakeCurrent: 0x7fffeb454c20: ver 3 1 (tinfo 0x7fffeb40d8a0)
08-31 21:07:05.190 W/WindowManager( 1281): Attempted to remove non-existing token: android.os.Binder@b6886d7
08-31 21:07:05.357 E/EGL_adreno( 1935): tid 1952: eglSurfaceAttrib(1338): error 0x3009 (EGL_BAD_MATCH)
08-31 21:07:05.357 W/OpenGLRenderer( 1935): Failed to set EGL_SWAP_BEHAVIOR on surface 0x7fffeb5bcb00, error=EGL_BAD_MATCH
08-31 21:07:05.358 D/EGL_adreno( 1935): eglMakeCurrent: 0x7fffeb454c20: ver 3 1 (tinfo 0x7fffeb40d8a0)
08-31 21:07:08.010 W/WindowManager( 1281): Failed looking up window
08-31 21:07:08.010 W/WindowManager( 1281): java.lang.IllegalArgumentException: Requested window android.view.ViewRootImpl$W@5e11bc4 does not exist
08-31 21:07:08.010 W/WindowManager( 1281): 	at com.android.server.wm.WindowManagerService.windowForClientLocked(WindowManagerService.java:9459)
08-31 21:07:08.010 W/WindowManager( 1281): 	at com.android.server.wm.WindowManagerService.windowForClientLocked(WindowManagerService.java:9450)
08-31 21:07:08.010 W/WindowManager( 1281): 	at com.android.server.wm.WindowManagerService.removeWindow(WindowManagerService.java:2410)
08-31 21:07:08.010 W/WindowManager( 1281): 	at com.android.server.wm.Session.remove(Session.java:202)
08-31 21:07:08.010 W/WindowManager( 1281): 	at android.view.ViewRootImpl.dispatchDetachedFromWindow(ViewRootImpl.java:3290)
08-31 21:07:08.010 W/WindowManager( 1281): 	at android.view.ViewRootImpl.doDie(ViewRootImpl.java:5917)
08-31 21:07:08.010 W/WindowManager( 1281): 	at android.view.ViewRootImpl$ViewRootHandler.handleMessage(ViewRootImpl.java:3626)
08-31 21:07:08.010 W/WindowManager( 1281): 	at android.os.Handler.dispatchMessage(Handler.java:102)
08-31 21:07:08.010 W/WindowManager( 1281): 	at android.os.Looper.loop(Looper.java:154)
08-31 21:07:08.010 W/WindowManager( 1281): 	at android.os.HandlerThread.run(HandlerThread.java:61)
08-31 21:07:08.010 W/WindowManager( 1281): 	at com.android.server.ServiceThread.run(ServiceThread.java:46)
08-31 21:07:08.694 D/EGL_adreno( 1935): eglMakeCurrent: 0x7fffeb454c20: ver 3 1 (tinfo 0x7fffeb40d8a0)
08-31 21:07:08.705 W/WindowManager( 1281): Attempted to remove non-existing token: android.os.Binder@1ec61e2
08-31 21:07:08.799 E/EGL_adreno( 1935): tid 1952: eglSurfaceAttrib(1338): error 0x3009 (EGL_BAD_MATCH)
08-31 21:07:08.799 W/OpenGLRenderer( 1935): Failed to set EGL_SWAP_BEHAVIOR on surface 0x7fffeb5bcb00, error=EGL_BAD_MATCH
08-31 21:07:08.806 D/EGL_adreno( 1935): eglMakeCurrent: 0x7fffeb454c20: ver 3 1 (tinfo 0x7fffeb40d8a0)
08-31 21:07:11.673 W/ActivityManager( 1281): Launch timeout has expired, giving up wake lock!
08-31 21:07:12.212 D/EGL_adreno( 1935): eglMakeCurrent: 0x7fffeb454c20: ver 3 1 (tinfo 0x7fffeb40d8a0)
08-31 21:07:12.222 W/WindowManager( 1281): Attempted to remove non-existing token: android.os.Binder@e44b973
08-31 21:07:12.324 E/EGL_adreno( 1935): tid 1952: eglSurfaceAttrib(1338): error 0x3009 (EGL_BAD_MATCH)
08-31 21:07:12.324 W/OpenGLRenderer( 1935): Failed to set EGL_SWAP_BEHAVIOR on surface 0x7fffeb5bcb00, error=EGL_BAD_MATCH
08-31 21:07:12.326 D/EGL_adreno( 1935): eglMakeCurrent: 0x7fffeb454c20: ver 3 1 (tinfo 0x7fffeb40d8a0)
08-31 21:07:15.728 D/EGL_adreno( 1935): eglMakeCurrent: 0x7fffeb454c20: ver 3 1 (tinfo 0x7fffeb40d8a0)
08-31 21:07:15.738 W/WindowManager( 1281): Attempted to remove non-existing token: android.os.Binder@5b63030
08-31 21:07:15.835 E/EGL_adreno( 1935): tid 1952: eglSurfaceAttrib(1338): error 0x3009 (EGL_BAD_MATCH)
08-31 21:07:15.835 W/OpenGLRenderer( 1935): Failed to set EGL_SWAP_BEHAVIOR on surface 0x7fffeb5bcb00, error=EGL_BAD_MATCH
08-31 21:07:15.840 D/EGL_adreno( 1935): eglMakeCurrent: 0x7fffeb454c20: ver 3 1 (tinfo 0x7fffeb40d8a0)
08-31 21:07:19.242 D/EGL_adreno( 1935): eglMakeCurrent: 0x7fffeb454c20: ver 3 1 (tinfo 0x7fffeb40d8a0)
08-31 21:07:19.256 W/WindowManager( 1281): Attempted to remove non-existing token: android.os.Binder@66154a9
08-31 21:07:19.349 E/EGL_adreno( 1935): tid 1952: eglSurfaceAttrib(1338): error 0x3009 (EGL_BAD_MATCH)
08-31 21:07:19.349 W/OpenGLRenderer( 1935): Failed to set EGL_SWAP_BEHAVIOR on surface 0x7fffeb5bcb00, error=EGL_BAD_MATCH
08-31 21:07:19.356 D/EGL_adreno( 1935): eglMakeCurrent: 0x7fffeb454c20: ver 3 1 (tinfo 0x7fffeb40d8a0)
08-31 21:07:22.771 W/WindowManager( 1281): Attempted to remove non-existing token: android.os.Binder@2f2ba2e
08-31 21:07:22.773 D/EGL_adreno( 1935): eglMakeCurrent: 0x7fffeb454c20: ver 3 1 (tinfo 0x7fffeb40d8a0)
08-31 21:07:22.884 E/EGL_adreno( 1935): tid 1952: eglSurfaceAttrib(1338): error 0x3009 (EGL_BAD_MATCH)
08-31 21:07:22.884 W/OpenGLRenderer( 1935): Failed to set EGL_SWAP_BEHAVIOR on surface 0x7fffeb5bcb00, error=EGL_BAD_MATCH
08-31 21:07:22.890 D/EGL_adreno( 1935): eglMakeCurrent: 0x7fffeb454c20: ver 3 1 (tinfo 0x7fffeb40d8a0)
08-31 21:07:26.278 D/EGL_adreno( 1935): eglMakeCurrent: 0x7fffeb454c20: ver 3 1 (tinfo 0x7fffeb40d8a0)
08-31 21:07:26.288 W/WindowManager( 1281): Attempted to remove non-existing token: android.os.Binder@3a779cf
08-31 21:07:26.381 E/EGL_adreno( 1935): tid 1952: eglSurfaceAttrib(1338): error 0x3009 (EGL_BAD_MATCH)
08-31 21:07:26.381 W/OpenGLRenderer( 1935): Failed to set EGL_SWAP_BEHAVIOR on surface 0x7fffeb5bcb00, error=EGL_BAD_MATCH
08-31 21:07:26.389 D/EGL_adreno( 1935): eglMakeCurrent: 0x7fffeb454c20: ver 3 1 (tinfo 0x7fffeb40d8a0)
08-31 21:07:29.795 D/EGL_adreno( 1935): eglMakeCurrent: 0x7fffeb454c20: ver 3 1 (tinfo 0x7fffeb40d8a0)
08-31 21:07:29.805 W/WindowManager( 1281): Attempted to remove non-existing token: android.os.Binder@a861f5c
08-31 21:07:29.900 E/EGL_adreno( 1935): tid 1952: eglSurfaceAttrib(1338): error 0x3009 (EGL_BAD_MATCH)
08-31 21:07:29.900 W/OpenGLRenderer( 1935): Failed to set EGL_SWAP_BEHAVIOR on surface 0x7fffeb5bcb00, error=EGL_BAD_MATCH
08-31 21:07:29.906 D/EGL_adreno( 1935): eglMakeCurrent: 0x7fffeb454c20: ver 3 1 (tinfo 0x7fffeb40d8a0)
08-31 21:07:33.313 D/EGL_adreno( 1935): eglMakeCurrent: 0x7fffeb454c20: ver 3 1 (tinfo 0x7fffeb40d8a0)
08-31 21:07:33.323 W/WindowManager( 1281): Attempted to remove non-existing token: android.os.Binder@5d19265
08-31 21:07:33.415 E/EGL_adreno( 1935): tid 1952: eglSurfaceAttrib(1338): error 0x3009 (EGL_BAD_MATCH)
08-31 21:07:33.416 W/OpenGLRenderer( 1935): Failed to set EGL_SWAP_BEHAVIOR on surface 0x7fffeb5bcb00, error=EGL_BAD_MATCH
08-31 21:07:33.423 D/EGL_adreno( 1935): eglMakeCurrent: 0x7fffeb454c20: ver 3 1 (tinfo 0x7fffeb40d8a0)
08-31 21:07:36.831 D/EGL_adreno( 1935): eglMakeCurrent: 0x7fffeb454c20: ver 3 1 (tinfo 0x7fffeb40d8a0)
08-31 21:07:36.838 W/WindowManager( 1281): Attempted to remove non-existing token: android.os.Binder@3f44b3a
08-31 21:07:36.931 E/EGL_adreno( 1935): tid 1952: eglSurfaceAttrib(1338): error 0x3009 (EGL_BAD_MATCH)
08-31 21:07:36.931 W/OpenGLRenderer( 1935): Failed to set EGL_SWAP_BEHAVIOR on surface 0x7fffeb5bcb00, error=EGL_BAD_MATCH
08-31 21:07:36.940 D/EGL_adreno( 1935): eglMakeCurrent: 0x7fffeb454c20: ver 3 1 (tinfo 0x7fffeb40d8a0)
08-31 21:07:40.354 D/EGL_adreno( 1935): eglMakeCurrent: 0x7fffeb454c20: ver 3 1 (tinfo 0x7fffeb40d8a0)
08-31 21:07:40.356 W/WindowManager( 1281): Attempted to remove non-existing token: android.os.Binder@6cbe3eb
08-31 21:07:40.451 E/EGL_adreno( 1935): tid 1952: eglSurfaceAttrib(1338): error 0x3009 (EGL_BAD_MATCH)
08-31 21:07:40.451 W/OpenGLRenderer( 1935): Failed to set EGL_SWAP_BEHAVIOR on surface 0x7fffeb5bcb00, error=EGL_BAD_MATCH
08-31 21:07:40.457 D/EGL_adreno( 1935): eglMakeCurrent: 0x7fffeb454c20: ver 3 1 (tinfo 0x7fffeb40d8a0)
08-31 21:07:43.868 D/EGL_adreno( 1935): eglMakeCurrent: 0x7fffeb454c20: ver 3 1 (tinfo 0x7fffeb40d8a0)
08-31 21:07:43.871 W/WindowManager( 1281): Attempted to remove non-existing token: android.os.Binder@703d548
08-31 21:07:43.966 E/EGL_adreno( 1935): tid 1952: eglSurfaceAttrib(1338): error 0x3009 (EGL_BAD_MATCH)
08-31 21:07:43.966 W/OpenGLRenderer( 1935): Failed to set EGL_SWAP_BEHAVIOR on surface 0x7fffeb5bcb00, error=EGL_BAD_MATCH
08-31 21:07:43.973 D/EGL_adreno( 1935): eglMakeCurrent: 0x7fffeb454c20: ver 3 1 (tinfo 0x7fffeb40d8a0)
08-31 21:07:47.378 D/EGL_adreno( 1935): eglMakeCurrent: 0x7fffeb454c20: ver 3 1 (tinfo 0x7fffeb40d8a0)
08-31 21:07:47.389 W/WindowManager( 1281): Attempted to remove non-existing token: android.os.Binder@54defe1
08-31 21:07:47.500 E/EGL_adreno( 1935): tid 1952: eglSurfaceAttrib(1338): error 0x3009 (EGL_BAD_MATCH)
08-31 21:07:47.500 W/OpenGLRenderer( 1935): Failed to set EGL_SWAP_BEHAVIOR on surface 0x7fffeb5bcb00, error=EGL_BAD_MATCH
08-31 21:07:47.506 D/EGL_adreno( 1935): eglMakeCurrent: 0x7fffeb454c20: ver 3 1 (tinfo 0x7fffeb40d8a0)
08-31 21:07:50.903 D/EGL_adreno( 1935): eglMakeCurrent: 0x7fffeb454c20: ver 3 1 (tinfo 0x7fffeb40d8a0)
08-31 21:07:50.905 W/WindowManager( 1281): Attempted to remove non-existing token: android.os.Binder@a4be106
08-31 21:07:50.998 E/EGL_adreno( 1935): tid 1952: eglSurfaceAttrib(1338): error 0x3009 (EGL_BAD_MATCH)
08-31 21:07:50.998 W/OpenGLRenderer( 1935): Failed to set EGL_SWAP_BEHAVIOR on surface 0x7fffeb5bcb00, error=EGL_BAD_MATCH
08-31 21:07:51.005 D/EGL_adreno( 1935): eglMakeCurrent: 0x7fffeb454c20: ver 3 1 (tinfo 0x7fffeb40d8a0)
08-31 21:07:54.411 D/EGL_adreno( 1935): eglMakeCurrent: 0x7fffeb454c20: ver 3 1 (tinfo 0x7fffeb40d8a0)
08-31 21:07:54.422 W/WindowManager( 1281): Attempted to remove non-existing token: android.os.Binder@182d3c7
08-31 21:07:54.516 E/EGL_adreno( 1935): tid 1952: eglSurfaceAttrib(1338): error 0x3009 (EGL_BAD_MATCH)
08-31 21:07:54.516 W/OpenGLRenderer( 1935): Failed to set EGL_SWAP_BEHAVIOR on surface 0x7fffeb5bcb00, error=EGL_BAD_MATCH
08-31 21:07:54.523 D/EGL_adreno( 1935): eglMakeCurrent: 0x7fffeb454c20: ver 3 1 (tinfo 0x7fffeb40d8a0)
08-31 21:07:57.930 D/EGL_adreno( 1935): eglMakeCurrent: 0x7fffeb454c20: ver 3 1 (tinfo 0x7fffeb40d8a0)
08-31 21:07:57.938 W/WindowManager( 1281): Attempted to remove non-existing token: android.os.Binder@424fdf4
08-31 21:07:58.030 E/EGL_adreno( 1935): tid 1952: eglSurfaceAttrib(1338): error 0x3009 (EGL_BAD_MATCH)
08-31 21:07:58.030 W/OpenGLRenderer( 1935): Failed to set EGL_SWAP_BEHAVIOR on surface 0x7fffeb5bcb00, error=EGL_BAD_MATCH
08-31 21:07:58.039 D/EGL_adreno( 1935): eglMakeCurrent: 0x7fffeb454c20: ver 3 1 (tinfo 0x7fffeb40d8a0)
08-31 21:08:01.452 D/EGL_adreno( 1935): eglMakeCurrent: 0x7fffeb454c20: ver 3 1 (tinfo 0x7fffeb40d8a0)
08-31 21:08:01.455 W/WindowManager( 1281): Attempted to remove non-existing token: android.os.Binder@7d8a91d
08-31 21:08:01.548 E/EGL_adreno( 1935): tid 1952: eglSurfaceAttrib(1338): error 0x3009 (EGL_BAD_MATCH)
08-31 21:08:01.548 W/OpenGLRenderer( 1935): Failed to set EGL_SWAP_BEHAVIOR on surface 0x7fffeb5bcb00, error=EGL_BAD_MATCH
08-31 21:08:01.556 D/EGL_adreno( 1935): eglMakeCurrent: 0x7fffeb454c20: ver 3 1 (tinfo 0x7fffeb40d8a0)
08-31 21:08:04.959 D/EGL_adreno( 1935): eglMakeCurrent: 0x7fffeb454c20: ver 3 1 (tinfo 0x7fffeb40d8a0)
08-31 21:08:04.971 W/WindowManager( 1281): Attempted to remove non-existing token: android.os.Binder@4350792
08-31 21:08:05.063 E/EGL_adreno( 1935): tid 1952: eglSurfaceAttrib(1338): error 0x3009 (EGL_BAD_MATCH)
08-31 21:08:05.063 W/OpenGLRenderer( 1935): Failed to set EGL_SWAP_BEHAVIOR on surface 0x7fffeb5bcb00, error=EGL_BAD_MATCH
08-31 21:08:05.073 D/EGL_adreno( 1935): eglMakeCurrent: 0x7fffeb454c20: ver 3 1 (tinfo 0x7fffeb40d8a0)
08-31 21:08:08.508 D/EGL_adreno( 1935): eglMakeCurrent: 0x7fffeb454c20: ver 3 1 (tinfo 0x7fffeb40d8a0)
08-31 21:08:08.521 W/WindowManager( 1281): Attempted to remove non-existing token: android.os.Binder@fcee563
08-31 21:08:08.617 E/EGL_adreno( 1935): tid 1952: eglSurfaceAttrib(1338): error 0x3009 (EGL_BAD_MATCH)
08-31 21:08:08.617 W/OpenGLRenderer( 1935): Failed to set EGL_SWAP_BEHAVIOR on surface 0x7fffeb5bcb00, error=EGL_BAD_MATCH
08-31 21:08:08.622 D/EGL_adreno( 1935): eglMakeCurrent: 0x7fffeb454c20: ver 3 1 (tinfo 0x7fffeb40d8a0)
08-31 21:08:12.028 D/EGL_adreno( 1935): eglMakeCurrent: 0x7fffeb454c20: ver 3 1 (tinfo 0x7fffeb40d8a0)
08-31 21:08:12.038 W/WindowManager( 1281): Attempted to remove non-existing token: android.os.Binder@28e0560
08-31 21:08:12.132 E/EGL_adreno( 1935): tid 1952: eglSurfaceAttrib(1338): error 0x3009 (EGL_BAD_MATCH)
08-31 21:08:12.132 W/OpenGLRenderer( 1935): Failed to set EGL_SWAP_BEHAVIOR on surface 0x7fffeb5bcb00, error=EGL_BAD_MATCH
08-31 21:08:12.139 D/EGL_adreno( 1935): eglMakeCurrent: 0x7fffeb454c20: ver 3 1 (tinfo 0x7fffeb40d8a0)
08-31 21:08:15.551 D/EGL_adreno( 1935): eglMakeCurrent: 0x7fffeb454c20: ver 3 1 (tinfo 0x7fffeb40d8a0)
08-31 21:08:15.555 W/WindowManager( 1281): Attempted to remove non-existing token: android.os.Binder@45bba19
08-31 21:08:15.675 E/EGL_adreno( 1935): tid 1952: eglSurfaceAttrib(1338): error 0x3009 (EGL_BAD_MATCH)
08-31 21:08:15.675 W/OpenGLRenderer( 1935): Failed to set EGL_SWAP_BEHAVIOR on surface 0x7fffeb5bcb00, error=EGL_BAD_MATCH
08-31 21:08:15.676 D/EGL_adreno( 1935): eglMakeCurrent: 0x7fffeb454c20: ver 3 1 (tinfo 0x7fffeb40d8a0)
08-31 21:08:19.063 D/EGL_adreno( 1935): eglMakeCurrent: 0x7fffeb454c20: ver 3 1 (tinfo 0x7fffeb40d8a0)
08-31 21:08:19.072 W/WindowManager( 1281): Attempted to remove non-existing token: android.os.Binder@c64ded5
08-31 21:08:19.178 E/EGL_adreno( 1935): tid 1952: eglSurfaceAttrib(1338): error 0x3009 (EGL_BAD_MATCH)
08-31 21:08:19.178 W/OpenGLRenderer( 1935): Failed to set EGL_SWAP_BEHAVIOR on surface 0x7fffeb5bcb00, error=EGL_BAD_MATCH
08-31 21:08:19.180 D/EGL_adreno( 1935): eglMakeCurrent: 0x7fffeb454c20: ver 3 1 (tinfo 0x7fffeb40d8a0)
08-31 21:08:22.585 D/EGL_adreno( 1935): eglMakeCurrent: 0x7fffeb454c20: ver 3 1 (tinfo 0x7fffeb40d8a0)
08-31 21:08:22.588 W/WindowManager( 1281): Attempted to remove non-existing token: android.os.Binder@2a19351
08-31 21:08:22.718 E/EGL_adreno( 1935): tid 1952: eglSurfaceAttrib(1338): error 0x3009 (EGL_BAD_MATCH)
08-31 21:08:22.718 W/OpenGLRenderer( 1935): Failed to set EGL_SWAP_BEHAVIOR on surface 0x7fffeb5bcb00, error=EGL_BAD_MATCH
08-31 21:08:22.722 D/EGL_adreno( 1935): eglMakeCurrent: 0x7fffeb454c20: ver 3 1 (tinfo 0x7fffeb40d8a0)
08-31 21:08:26.093 D/EGL_adreno( 1935): eglMakeCurrent: 0x7fffeb454c20: ver 3 1 (tinfo 0x7fffeb40d8a0)
08-31 21:08:26.105 W/WindowManager( 1281): Attempted to remove non-existing token: android.os.Binder@b5497b6
08-31 21:08:26.209 E/EGL_adreno( 1935): tid 1952: eglSurfaceAttrib(1338): error 0x3009 (EGL_BAD_MATCH)
08-31 21:08:26.209 W/OpenGLRenderer( 1935): Failed to set EGL_SWAP_BEHAVIOR on surface 0x7fffeb5bcb00, error=EGL_BAD_MATCH
08-31 21:08:26.211 D/EGL_adreno( 1935): eglMakeCurrent: 0x7fffeb454c20: ver 3 1 (tinfo 0x7fffeb40d8a0)
08-31 21:08:29.614 D/EGL_adreno( 1935): eglMakeCurrent: 0x7fffeb454c20: ver 3 1 (tinfo 0x7fffeb40d8a0)
08-31 21:08:29.622 W/WindowManager( 1281): Attempted to remove non-existing token: android.os.Binder@8a7942
08-31 21:08:29.776 E/EGL_adreno( 1935): tid 1952: eglSurfaceAttrib(1338): error 0x3009 (EGL_BAD_MATCH)
08-31 21:08:29.776 W/OpenGLRenderer( 1935): Failed to set EGL_SWAP_BEHAVIOR on surface 0x7fffeb5bcb00, error=EGL_BAD_MATCH
08-31 21:08:29.784 D/EGL_adreno( 1935): eglMakeCurrent: 0x7fffeb454c20: ver 3 1 (tinfo 0x7fffeb40d8a0)
08-31 21:08:33.127 D/EGL_adreno( 1935): eglMakeCurrent: 0x7fffeb454c20: ver 3 1 (tinfo 0x7fffeb40d8a0)
08-31 21:08:33.138 W/WindowManager( 1281): Attempted to remove non-existing token: android.os.Binder@54ae78e
08-31 21:08:33.232 E/EGL_adreno( 1935): tid 1952: eglSurfaceAttrib(1338): error 0x3009 (EGL_BAD_MATCH)
08-31 21:08:33.232 W/OpenGLRenderer( 1935): Failed to set EGL_SWAP_BEHAVIOR on surface 0x7fffeb5bcb00, error=EGL_BAD_MATCH
08-31 21:08:33.240 D/EGL_adreno( 1935): eglMakeCurrent: 0x7fffeb454c20: ver 3 1 (tinfo 0x7fffeb40d8a0)
08-31 21:08:36.657 D/EGL_adreno( 1935): eglMakeCurrent: 0x7fffeb454c20: ver 3 1 (tinfo 0x7fffeb40d8a0)
08-31 21:08:36.671 W/WindowManager( 1281): Attempted to remove non-existing token: android.os.Binder@9460baf
08-31 21:08:36.770 E/EGL_adreno( 1935): tid 1952: eglSurfaceAttrib(1338): error 0x3009 (EGL_BAD_MATCH)
08-31 21:08:36.770 W/OpenGLRenderer( 1935): Failed to set EGL_SWAP_BEHAVIOR on surface 0x7fffeb5bcb00, error=EGL_BAD_MATCH
08-31 21:08:36.774 D/EGL_adreno( 1935): eglMakeCurrent: 0x7fffeb454c20: ver 3 1 (tinfo 0x7fffeb40d8a0)
08-31 21:08:40.216 D/EGL_adreno( 1935): eglMakeCurrent: 0x7fffeb454c20: ver 3 1 (tinfo 0x7fffeb40d8a0)
08-31 21:08:40.221 W/WindowManager( 1281): Attempted to remove non-existing token: android.os.Binder@bf1b3cb
08-31 21:08:40.333 E/EGL_adreno( 1935): tid 1952: eglSurfaceAttrib(1338): error 0x3009 (EGL_BAD_MATCH)
08-31 21:08:40.333 W/OpenGLRenderer( 1935): Failed to set EGL_SWAP_BEHAVIOR on surface 0x7fffeb5bcb00, error=EGL_BAD_MATCH
08-31 21:08:40.339 D/EGL_adreno( 1935): eglMakeCurrent: 0x7fffeb454c20: ver 3 1 (tinfo 0x7fffeb40d8a0)
08-31 21:08:43.751 D/EGL_adreno( 1935): eglMakeCurrent: 0x7fffeb454c20: ver 3 1 (tinfo 0x7fffeb40d8a0)
08-31 21:08:43.755 W/WindowManager( 1281): Attempted to remove non-existing token: android.os.Binder@4b397a8
08-31 21:09:01.075 W/ActivityManager( 1281):   Force finishing activity com.fsck.k9/.activity.UnreadWidgetConfiguration
08-31 21:09:01.075 W/ActivityManager( 1281):   Force finishing activity com.fsck.k9/.activity.LauncherShortcuts
08-31 21:09:01.075 W/ActivityManager( 1281):   Force finishing activity com.fsck.k9/.activity.Search
08-31 21:09:01.078 D/EGL_adreno( 1281): eglMakeCurrent: 0x7fffccffacc0: ver 3 1 (tinfo 0x7fffcdb14d40)
08-31 21:09:01.109 W/ActivityManager( 1281):   Force finishing activity com.fsck.k9/.activity.MessageList
08-31 21:09:01.112 W/ActivityManager( 1281):   Force finishing activity com.fsck.k9/.activity.FolderList
08-31 21:09:01.116 W/ActivityManager( 1281):   Force finishing activity com.fsck.k9/.activity.Accounts
08-31 21:09:01.118 I/HostConnection( 1281): HostConnection::~HostConnection, pid=1281, tid=1989, this=0x7fffcdb9dd60, m_stream=0x7fffcb5f2f00
08-31 21:09:01.118 E/ActivityManager( 1281): Found activity ActivityRecord{2bc7bbc u0 com.fsck.k9/.activity.UnreadWidgetConfiguration t3 f} in proc activity list using null instead of expected ProcessRecord{2dba9f8 2720:com.fsck.k9/u0a41}
08-31 21:09:01.119 I/        ( 1281): fastpipe: close connect
08-31 21:09:01.127 I/ActivityManager( 1281): Killing 2720:com.fsck.k9/u0a41 (adj 199): crash
08-31 21:09:01.133 D/ActivityManager( 1281): cleanUpApplicationRecord -- 2720
08-31 21:09:01.133 W/InputEventReceiver( 1281): Attempted to finish an input event but the input event receiver has already been disposed.
08-31 21:09:01.141 W/ContextImpl( 1676): Calling a method in the system process without a qualified user: android.app.ContextImpl.startService:1358 android.content.ContextWrapper.startService:613 android.content.ContextWrapper.startService:613 com.android.coreservice.CoreBroadcastReceiver.onReceive:44 android.app.ActivityThread.handleReceiver:3073 
08-31 21:09:01.145 W/ContextImpl( 1676): Calling a method in the system process without a qualified user: android.app.ContextImpl.startService:1358 android.content.ContextWrapper.startService:613 android.content.ContextWrapper.startService:613 com.android.coreservice.CoreBroadcastReceiver.onReceive:44 android.app.ActivityThread.handleReceiver:3073 
08-31 21:09:01.148 W/ContextImpl( 1676): Calling a method in the system process without a qualified user: android.app.ContextImpl.startService:1358 android.content.ContextWrapper.startService:613 android.content.ContextWrapper.startService:613 com.android.coreservice.CoreBroadcastReceiver.onReceive:44 android.app.ActivityThread.handleReceiver:3073 
08-31 21:09:01.152 W/ContextImpl( 1676): Calling a method in the system process without a qualified user: android.app.ContextImpl.startService:1358 android.content.ContextWrapper.startService:613 android.content.ContextWrapper.startService:613 com.android.coreservice.CoreBroadcastReceiver.onReceive:44 android.app.ActivityThread.handleReceiver:3073 
08-31 21:09:01.155 W/ContextImpl( 1676): Calling a method in the system process without a qualified user: android.app.ContextImpl.startService:1358 android.content.ContextWrapper.startService:613 android.content.ContextWrapper.startService:613 com.android.coreservice.CoreBroadcastReceiver.onReceive:53 android.app.ActivityThread.handleReceiver:3073 
08-31 21:09:01.265 W/ContextImpl( 1676): Calling a method in the system process without a qualified user: android.app.ContextImpl.startService:1358 android.content.ContextWrapper.startService:613 android.content.ContextWrapper.startService:613 com.android.coreservice.CoreBroadcastReceiver.onReceive:53 android.app.ActivityThread.handleReceiver:3073 
08-31 21:09:01.272 E/EGL_adreno( 1935): tid 1952: eglSurfaceAttrib(1338): error 0x3009 (EGL_BAD_MATCH)
08-31 21:09:01.272 W/OpenGLRenderer( 1935): Failed to set EGL_SWAP_BEHAVIOR on surface 0x7fffeb5bcb00, error=EGL_BAD_MATCH
08-31 21:09:01.297 W/AppOps  ( 1281): Finishing op nesting under-run: uid 1000 pkg android code 24 time=0 duration=0 nesting=0
08-31 21:09:01.299 W/InputMethodManagerService( 1281): Window already focused, ignoring focus gain of: com.android.internal.view.IInputMethodClient$Stub$Proxy@c1d6da4 attribute=null, token = android.os.BinderProxy@fa58832
08-31 21:09:01.343 D/EGL_adreno( 1935): eglMakeCurrent: 0x7fffeb454c20: ver 3 1 (tinfo 0x7fffeb40d8a0)
08-31 21:09:02.662 I/ActivityManager( 1281): START u0 {cmp=com.fsck.k9/.activity.Accounts (has extras)} from uid 10064 on display 0
08-31 21:09:02.663 D/audio_hw_hal( 1087): raw_start_output_stream, stream=0xf6e43140, sampleRate=48000, channel=2, bps=16, bufSize=4096
08-31 21:09:02.664 D/AudioFlinger( 1087): mixer(0xf5983b80) throttle end: throttle time(9)
08-31 21:09:02.669 W/ContextImpl( 1676): Calling a method in the system process without a qualified user: android.app.ContextImpl.startService:1358 android.content.ContextWrapper.startService:613 android.content.ContextWrapper.startService:613 com.android.coreservice.CoreBroadcastReceiver.onReceive:44 android.app.ActivityThread.handleReceiver:3073 
08-31 21:09:02.669 W/System.err( 1935): java.lang.Exception: Toast callstack! strTip=Sent Serializeable Intent { cmp=com.fsck.k9/.activity.Accounts (has extras) }
08-31 21:09:02.669 W/System.err( 1935): 	at android.widget.Toast.show(Toast.java:130)
08-31 21:09:02.669 W/System.err( 1935): 	at com.android.intentfuzzer.FuzzerActivity$4.onClick(FuzzerActivity.java:184)
08-31 21:09:02.669 W/System.err( 1935): 	at android.view.View.performClick(View.java:5637)
08-31 21:09:02.669 W/System.err( 1935): 	at android.view.View$PerformClick.run(View.java:22429)
08-31 21:09:02.669 W/System.err( 1935): 	at android.os.Handler.handleCallback(Handler.java:751)
08-31 21:09:02.669 W/System.err( 1935): 	at android.os.Handler.dispatchMessage(Handler.java:95)
08-31 21:09:02.670 W/System.err( 1935): 	at android.os.Looper.loop(Looper.java:154)
08-31 21:09:02.670 W/System.err( 1935): 	at android.app.ActivityThread.main(ActivityThread.java:6190)
08-31 21:09:02.670 W/System.err( 1935): 	at java.lang.reflect.Method.invoke(Native Method)
08-31 21:09:02.670 W/System.err( 1935): 	at com.android.internal.os.ZygoteInit$MethodAndArgsCaller.run(ZygoteInit.java:892)
08-31 21:09:02.670 W/System.err( 1935): 	at com.android.internal.os.ZygoteInit.main(ZygoteInit.java:782)
08-31 21:09:02.671 I/ActivityManager( 1281): START u0 {cmp=com.fsck.k9/.activity.setup.Prefs (has extras)} from uid 10064 on display 0
08-31 21:09:02.671 W/ActivityManager( 1281): Permission Denial: starting Intent { cmp=com.fsck.k9/.activity.setup.Prefs (has extras) } from ProcessRecord{bda5613 1935:com.android.intentfuzzer/u0a64} (pid=1935, uid=10064) not exported from uid 10041
08-31 21:09:02.672 W/System.err( 1935): java.lang.Exception: Toast callstack! strTip=Send Intent Failed!
08-31 21:09:02.672 W/System.err( 1935): 	at android.widget.Toast.show(Toast.java:130)
08-31 21:09:02.672 W/System.err( 1935): 	at com.android.intentfuzzer.FuzzerActivity$4.onClick(FuzzerActivity.java:186)
08-31 21:09:02.672 W/System.err( 1935): 	at android.view.View.performClick(View.java:5637)
08-31 21:09:02.672 W/System.err( 1935): 	at android.view.View$PerformClick.run(View.java:22429)
08-31 21:09:02.672 W/System.err( 1935): 	at android.os.Handler.handleCallback(Handler.java:751)
08-31 21:09:02.672 W/System.err( 1935): 	at android.os.Handler.dispatchMessage(Handler.java:95)
08-31 21:09:02.672 W/System.err( 1935): 	at android.os.Looper.loop(Looper.java:154)
08-31 21:09:02.672 W/System.err( 1935): 	at android.app.ActivityThread.main(ActivityThread.java:6190)
08-31 21:09:02.672 W/System.err( 1935): 	at java.lang.reflect.Method.invoke(Native Method)
08-31 21:09:02.673 W/System.err( 1935): 	at com.android.internal.os.ZygoteInit$MethodAndArgsCaller.run(ZygoteInit.java:892)
08-31 21:09:02.673 W/System.err( 1935): 	at com.android.internal.os.ZygoteInit.main(ZygoteInit.java:782)
08-31 21:09:02.675 I/ActivityManager( 1281): START u0 {cmp=com.fsck.k9/.activity.setup.WelcomeMessage (has extras)} from uid 10064 on display 0
08-31 21:09:02.675 W/ActivityManager( 1281): Permission Denial: starting Intent { cmp=com.fsck.k9/.activity.setup.WelcomeMessage (has extras) } from ProcessRecord{bda5613 1935:com.android.intentfuzzer/u0a64} (pid=1935, uid=10064) not exported from uid 10041
08-31 21:09:02.676 W/System.err( 1935): java.lang.Exception: Toast callstack! strTip=Send Intent Failed!
08-31 21:09:02.676 W/System.err( 1935): 	at android.widget.Toast.show(Toast.java:130)
08-31 21:09:02.676 W/System.err( 1935): 	at com.android.intentfuzzer.FuzzerActivity$4.onClick(FuzzerActivity.java:186)
08-31 21:09:02.676 W/System.err( 1935): 	at android.view.View.performClick(View.java:5637)
08-31 21:09:02.676 W/System.err( 1935): 	at android.view.View$PerformClick.run(View.java:22429)
08-31 21:09:02.676 W/System.err( 1935): 	at android.os.Handler.handleCallback(Handler.java:751)
08-31 21:09:02.676 W/System.err( 1935): 	at android.os.Handler.dispatchMessage(Handler.java:95)
08-31 21:09:02.676 W/System.err( 1935): 	at android.os.Looper.loop(Looper.java:154)
08-31 21:09:02.676 W/System.err( 1935): 	at android.app.ActivityThread.main(ActivityThread.java:6190)
08-31 21:09:02.676 W/System.err( 1935): 	at java.lang.reflect.Method.invoke(Native Method)
08-31 21:09:02.676 W/System.err( 1935): 	at com.android.internal.os.ZygoteInit$MethodAndArgsCaller.run(ZygoteInit.java:892)
08-31 21:09:02.677 W/System.err( 1935): 	at com.android.internal.os.ZygoteInit.main(ZygoteInit.java:782)
08-31 21:09:02.678 I/ActivityManager( 1281): START u0 {cmp=com.fsck.k9/.activity.setup.OpenPgpAppSelectDialog (has extras)} from uid 10064 on display 0
08-31 21:09:02.678 W/ActivityManager( 1281): Permission Denial: starting Intent { cmp=com.fsck.k9/.activity.setup.OpenPgpAppSelectDialog (has extras) } from ProcessRecord{bda5613 1935:com.android.intentfuzzer/u0a64} (pid=1935, uid=10064) not exported from uid 10041
08-31 21:09:02.679 W/System.err( 1935): java.lang.Exception: Toast callstack! strTip=Send Intent Failed!
08-31 21:09:02.679 W/System.err( 1935): 	at android.widget.Toast.show(Toast.java:130)
08-31 21:09:02.680 W/System.err( 1935): 	at com.android.intentfuzzer.FuzzerActivity$4.onClick(FuzzerActivity.java:186)
08-31 21:09:02.680 W/System.err( 1935): 	at android.view.View.performClick(View.java:5637)
08-31 21:09:02.680 W/System.err( 1935): 	at android.view.View$PerformClick.run(View.java:22429)
08-31 21:09:02.680 W/System.err( 1935): 	at android.os.Handler.handleCallback(Handler.java:751)
08-31 21:09:02.680 W/System.err( 1935): 	at android.os.Handler.dispatchMessage(Handler.java:95)
08-31 21:09:02.680 W/System.err( 1935): 	at android.os.Looper.loop(Looper.java:154)
08-31 21:09:02.680 W/System.err( 1935): 	at android.app.ActivityThread.main(ActivityThread.java:6190)
08-31 21:09:02.680 W/System.err( 1935): 	at java.lang.reflect.Method.invoke(Native Method)
08-31 21:09:02.680 W/System.err( 1935): 	at com.android.internal.os.ZygoteInit$MethodAndArgsCaller.run(ZygoteInit.java:892)
08-31 21:09:02.680 W/System.err( 1935): 	at com.android.internal.os.ZygoteInit.main(ZygoteInit.java:782)
08-31 21:09:02.681 I/ActivityManager( 1281): START u0 {cmp=com.fsck.k9/.activity.setup.FontSizeSettings (has extras)} from uid 10064 on display 0
08-31 21:09:02.681 W/ActivityManager( 1281): Permission Denial: starting Intent { cmp=com.fsck.k9/.activity.setup.FontSizeSettings (has extras) } from ProcessRecord{bda5613 1935:com.android.intentfuzzer/u0a64} (pid=1935, uid=10064) not exported from uid 10041
08-31 21:09:02.681 W/System.err( 1935): java.lang.Exception: Toast callstack! strTip=Send Intent Failed!
08-31 21:09:02.681 W/System.err( 1935): 	at android.widget.Toast.show(Toast.java:130)
08-31 21:09:02.681 W/System.err( 1935): 	at com.android.intentfuzzer.FuzzerActivity$4.onClick(FuzzerActivity.java:186)
08-31 21:09:02.681 W/System.err( 1935): 	at android.view.View.performClick(View.java:5637)
08-31 21:09:02.681 W/System.err( 1935): 	at android.view.View$PerformClick.run(View.java:22429)
08-31 21:09:02.681 W/System.err( 1935): 	at android.os.Handler.handleCallback(Handler.java:751)
08-31 21:09:02.681 W/System.err( 1935): 	at android.os.Handler.dispatchMessage(Handler.java:95)
08-31 21:09:02.681 W/System.err( 1935): 	at android.os.Looper.loop(Looper.java:154)
08-31 21:09:02.681 W/System.err( 1935): 	at android.app.ActivityThread.main(ActivityThread.java:6190)
08-31 21:09:02.682 W/System.err( 1935): 	at java.lang.reflect.Method.invoke(Native Method)
08-31 21:09:02.682 W/System.err( 1935): 	at com.android.internal.os.ZygoteInit$MethodAndArgsCaller.run(ZygoteInit.java:892)
08-31 21:09:02.682 W/System.err( 1935): 	at com.android.internal.os.ZygoteInit.main(ZygoteInit.java:782)
08-31 21:09:02.682 I/ActivityManager( 1281): START u0 {cmp=com.fsck.k9/.activity.setup.AccountSetupBasics (has extras)} from uid 10064 on display 0
08-31 21:09:02.683 W/ActivityManager( 1281): Permission Denial: starting Intent { cmp=com.fsck.k9/.activity.setup.AccountSetupBasics (has extras) } from ProcessRecord{bda5613 1935:com.android.intentfuzzer/u0a64} (pid=1935, uid=10064) not exported from uid 10041
08-31 21:09:02.683 W/System.err( 1935): java.lang.Exception: Toast callstack! strTip=Send Intent Failed!
08-31 21:09:02.684 W/System.err( 1935): 	at android.widget.Toast.show(Toast.java:130)
08-31 21:09:02.684 W/System.err( 1935): 	at com.android.intentfuzzer.FuzzerActivity$4.onClick(FuzzerActivity.java:186)
08-31 21:09:02.684 W/System.err( 1935): 	at android.view.View.performClick(View.java:5637)
08-31 21:09:02.684 W/System.err( 1935): 	at android.view.View$PerformClick.run(View.java:22429)
08-31 21:09:02.684 W/System.err( 1935): 	at android.os.Handler.handleCallback(Handler.java:751)
08-31 21:09:02.684 W/System.err( 1935): 	at android.os.Handler.dispatchMessage(Handler.java:95)
08-31 21:09:02.684 W/System.err( 1935): 	at android.os.Looper.loop(Looper.java:154)
08-31 21:09:02.684 W/System.err( 1935): 	at android.app.ActivityThread.main(ActivityThread.java:6190)
08-31 21:09:02.684 W/System.err( 1935): 	at java.lang.reflect.Method.invoke(Native Method)
08-31 21:09:02.684 W/System.err( 1935): 	at com.android.internal.os.ZygoteInit$MethodAndArgsCaller.run(ZygoteInit.java:892)
08-31 21:09:02.684 W/System.err( 1935): 	at com.android.internal.os.ZygoteInit.main(ZygoteInit.java:782)
08-31 21:09:02.685 I/ActivityManager( 1281): START u0 {cmp=com.fsck.k9/.activity.setup.AccountSetupAccountType (has extras)} from uid 10064 on display 0
08-31 21:09:02.685 W/ActivityManager( 1281): Permission Denial: starting Intent { cmp=com.fsck.k9/.activity.setup.AccountSetupAccountType (has extras) } from ProcessRecord{bda5613 1935:com.android.intentfuzzer/u0a64} (pid=1935, uid=10064) not exported from uid 10041
08-31 21:09:02.686 W/System.err( 1935): java.lang.Exception: Toast callstack! strTip=Send Intent Failed!
08-31 21:09:02.686 W/System.err( 1935): 	at android.widget.Toast.show(Toast.java:130)
08-31 21:09:02.686 W/System.err( 1935): 	at com.android.intentfuzzer.FuzzerActivity$4.onClick(FuzzerActivity.java:186)
08-31 21:09:02.686 W/System.err( 1935): 	at android.view.View.performClick(View.java:5637)
08-31 21:09:02.686 W/System.err( 1935): 	at android.view.View$PerformClick.run(View.java:22429)
08-31 21:09:02.686 W/System.err( 1935): 	at android.os.Handler.handleCallback(Handler.java:751)
08-31 21:09:02.686 W/System.err( 1935): 	at android.os.Handler.dispatchMessage(Handler.java:95)
08-31 21:09:02.686 W/System.err( 1935): 	at android.os.Looper.loop(Looper.java:154)
08-31 21:09:02.686 W/System.err( 1935): 	at android.app.ActivityThread.main(ActivityThread.java:6190)
08-31 21:09:02.686 W/System.err( 1935): 	at java.lang.reflect.Method.invoke(Native Method)
08-31 21:09:02.686 W/System.err( 1935): 	at com.android.internal.os.ZygoteInit$MethodAndArgsCaller.run(ZygoteInit.java:892)
08-31 21:09:02.686 W/System.err( 1935): 	at com.android.internal.os.ZygoteInit.main(ZygoteInit.java:782)
08-31 21:09:02.688 I/ActivityManager( 1281): START u0 {cmp=com.fsck.k9/.activity.setup.AccountSetupIncoming (has extras)} from uid 10064 on display 0
08-31 21:09:02.688 W/ActivityManager( 1281): Permission Denial: starting Intent { cmp=com.fsck.k9/.activity.setup.AccountSetupIncoming (has extras) } from ProcessRecord{bda5613 1935:com.android.intentfuzzer/u0a64} (pid=1935, uid=10064) not exported from uid 10041
08-31 21:09:02.689 W/System.err( 1935): java.lang.Exception: Toast callstack! strTip=Send Intent Failed!
08-31 21:09:02.689 W/System.err( 1935): 	at android.widget.Toast.show(Toast.java:130)
08-31 21:09:02.689 W/System.err( 1935): 	at com.android.intentfuzzer.FuzzerActivity$4.onClick(FuzzerActivity.java:186)
08-31 21:09:02.689 W/System.err( 1935): 	at android.view.View.performClick(View.java:5637)
08-31 21:09:02.689 W/System.err( 1935): 	at android.view.View$PerformClick.run(View.java:22429)
08-31 21:09:02.689 W/System.err( 1935): 	at android.os.Handler.handleCallback(Handler.java:751)
08-31 21:09:02.689 W/System.err( 1935): 	at android.os.Handler.dispatchMessage(Handler.java:95)
08-31 21:09:02.689 W/System.err( 1935): 	at android.os.Looper.loop(Looper.java:154)
08-31 21:09:02.689 W/System.err( 1935): 	at android.app.ActivityThread.main(ActivityThread.java:6190)
08-31 21:09:02.689 W/System.err( 1935): 	at java.lang.reflect.Method.invoke(Native Method)
08-31 21:09:02.689 W/System.err( 1935): 	at com.android.internal.os.ZygoteInit$MethodAndArgsCaller.run(ZygoteInit.java:892)
08-31 21:09:02.689 W/System.err( 1935): 	at com.android.internal.os.ZygoteInit.main(ZygoteInit.java:782)
08-31 21:09:02.707 I/ActivityManager( 1281): START u0 {cmp=com.fsck.k9/.activity.setup.AccountSetupComposition (has extras)} from uid 10064 on display 0
08-31 21:09:02.708 W/ActivityManager( 1281): Permission Denial: starting Intent { cmp=com.fsck.k9/.activity.setup.AccountSetupComposition (has extras) } from ProcessRecord{bda5613 1935:com.android.intentfuzzer/u0a64} (pid=1935, uid=10064) not exported from uid 10041
08-31 21:09:02.709 W/System.err( 1935): java.lang.Exception: Toast callstack! strTip=Send Intent Failed!
08-31 21:09:02.709 W/System.err( 1935): 	at android.widget.Toast.show(Toast.java:130)
08-31 21:09:02.709 W/System.err( 1935): 	at com.android.intentfuzzer.FuzzerActivity$4.onClick(FuzzerActivity.java:186)
08-31 21:09:02.709 W/System.err( 1935): 	at android.view.View.performClick(View.java:5637)
08-31 21:09:02.709 W/System.err( 1935): 	at android.view.View$PerformClick.run(View.java:22429)
08-31 21:09:02.709 W/System.err( 1935): 	at android.os.Handler.handleCallback(Handler.java:751)
08-31 21:09:02.709 W/System.err( 1935): 	at android.os.Handler.dispatchMessage(Handler.java:95)
08-31 21:09:02.709 W/System.err( 1935): 	at android.os.Looper.loop(Looper.java:154)
08-31 21:09:02.709 W/System.err( 1935): 	at android.app.ActivityThread.main(ActivityThread.java:6190)
08-31 21:09:02.709 W/System.err( 1935): 	at java.lang.reflect.Method.invoke(Native Method)
08-31 21:09:02.709 W/System.err( 1935): 	at com.android.internal.os.ZygoteInit$MethodAndArgsCaller.run(ZygoteInit.java:892)
08-31 21:09:02.709 W/System.err( 1935): 	at com.android.internal.os.ZygoteInit.main(ZygoteInit.java:782)
08-31 21:09:02.711 I/ActivityManager( 1281): START u0 {cmp=com.fsck.k9/.activity.setup.AccountSetupOutgoing (has extras)} from uid 10064 on display 0
08-31 21:09:02.711 W/ActivityManager( 1281): Permission Denial: starting Intent { cmp=com.fsck.k9/.activity.setup.AccountSetupOutgoing (has extras) } from ProcessRecord{bda5613 1935:com.android.intentfuzzer/u0a64} (pid=1935, uid=10064) not exported from uid 10041
08-31 21:09:02.712 W/System.err( 1935): java.lang.Exception: Toast callstack! strTip=Send Intent Failed!
08-31 21:09:02.712 W/System.err( 1935): 	at android.widget.Toast.show(Toast.java:130)
08-31 21:09:02.712 W/System.err( 1935): 	at com.android.intentfuzzer.FuzzerActivity$4.onClick(FuzzerActivity.java:186)
08-31 21:09:02.712 W/System.err( 1935): 	at android.view.View.performClick(View.java:5637)
08-31 21:09:02.712 W/System.err( 1935): 	at android.view.View$PerformClick.run(View.java:22429)
08-31 21:09:02.712 W/System.err( 1935): 	at android.os.Handler.handleCallback(Handler.java:751)
08-31 21:09:02.712 W/System.err( 1935): 	at android.os.Handler.dispatchMessage(Handler.java:95)
08-31 21:09:02.712 W/System.err( 1935): 	at android.os.Looper.loop(Looper.java:154)
08-31 21:09:02.712 W/System.err( 1935): 	at android.app.ActivityThread.main(ActivityThread.java:6190)
08-31 21:09:02.712 W/System.err( 1935): 	at java.lang.reflect.Method.invoke(Native Method)
08-31 21:09:02.712 W/System.err( 1935): 	at com.android.internal.os.ZygoteInit$MethodAndArgsCaller.run(ZygoteInit.java:892)
08-31 21:09:02.712 W/System.err( 1935): 	at com.android.internal.os.ZygoteInit.main(ZygoteInit.java:782)
08-31 21:09:02.713 I/ActivityManager( 1281): START u0 {cmp=com.fsck.k9/.activity.setup.AccountSetupOptions (has extras)} from uid 10064 on display 0
08-31 21:09:02.713 W/ActivityManager( 1281): Permission Denial: starting Intent { cmp=com.fsck.k9/.activity.setup.AccountSetupOptions (has extras) } from ProcessRecord{bda5613 1935:com.android.intentfuzzer/u0a64} (pid=1935, uid=10064) not exported from uid 10041
08-31 21:09:02.714 W/System.err( 1935): java.lang.Exception: Toast callstack! strTip=Send Intent Failed!
08-31 21:09:02.714 W/System.err( 1935): 	at android.widget.Toast.show(Toast.java:130)
08-31 21:09:02.714 W/System.err( 1935): 	at com.android.intentfuzzer.FuzzerActivity$4.onClick(FuzzerActivity.java:186)
08-31 21:09:02.714 W/System.err( 1935): 	at android.view.View.performClick(View.java:5637)
08-31 21:09:02.714 W/System.err( 1935): 	at android.view.View$PerformClick.run(View.java:22429)
08-31 21:09:02.714 W/System.err( 1935): 	at android.os.Handler.handleCallback(Handler.java:751)
08-31 21:09:02.714 W/System.err( 1935): 	at android.os.Handler.dispatchMessage(Handler.java:95)
08-31 21:09:02.714 W/System.err( 1935): 	at android.os.Looper.loop(Looper.java:154)
08-31 21:09:02.714 W/System.err( 1935): 	at android.app.ActivityThread.main(ActivityThread.java:6190)
08-31 21:09:02.714 W/System.err( 1935): 	at java.lang.reflect.Method.invoke(Native Method)
08-31 21:09:02.714 W/System.err( 1935): 	at com.android.internal.os.ZygoteInit$MethodAndArgsCaller.run(ZygoteInit.java:892)
08-31 21:09:02.714 W/System.err( 1935): 	at com.android.internal.os.ZygoteInit.main(ZygoteInit.java:782)
08-31 21:09:02.715 I/ActivityManager( 1281): START u0 {cmp=com.fsck.k9/.activity.setup.AccountSetupNames (has extras)} from uid 10064 on display 0
08-31 21:09:02.716 W/ActivityManager( 1281): Permission Denial: starting Intent { cmp=com.fsck.k9/.activity.setup.AccountSetupNames (has extras) } from ProcessRecord{bda5613 1935:com.android.intentfuzzer/u0a64} (pid=1935, uid=10064) not exported from uid 10041
08-31 21:09:02.717 W/System.err( 1935): java.lang.Exception: Toast callstack! strTip=Send Intent Failed!
08-31 21:09:02.717 W/System.err( 1935): 	at android.widget.Toast.show(Toast.java:130)
08-31 21:09:02.717 W/System.err( 1935): 	at com.android.intentfuzzer.FuzzerActivity$4.onClick(FuzzerActivity.java:186)
08-31 21:09:02.717 W/System.err( 1935): 	at android.view.View.performClick(View.java:5637)
08-31 21:09:02.717 W/System.err( 1935): 	at android.view.View$PerformClick.run(View.java:22429)
08-31 21:09:02.717 W/System.err( 1935): 	at android.os.Handler.handleCallback(Handler.java:751)
08-31 21:09:02.717 W/System.err( 1935): 	at android.os.Handler.dispatchMessage(Handler.java:95)
08-31 21:09:02.717 W/System.err( 1935): 	at android.os.Looper.loop(Looper.java:154)
08-31 21:09:02.717 W/System.err( 1935): 	at android.app.ActivityThread.main(ActivityThread.java:6190)
08-31 21:09:02.717 W/System.err( 1935): 	at java.lang.reflect.Method.invoke(Native Method)
08-31 21:09:02.717 W/System.err( 1935): 	at com.android.internal.os.ZygoteInit$MethodAndArgsCaller.run(ZygoteInit.java:892)
08-31 21:09:02.717 W/System.err( 1935): 	at com.android.internal.os.ZygoteInit.main(ZygoteInit.java:782)
08-31 21:09:02.718 I/ActivityManager( 1281): START u0 {cmp=com.fsck.k9/.activity.ChooseAccount (has extras)} from uid 10064 on display 0
08-31 21:09:02.718 W/ActivityManager( 1281): Permission Denial: starting Intent { cmp=com.fsck.k9/.activity.ChooseAccount (has extras) } from ProcessRecord{bda5613 1935:com.android.intentfuzzer/u0a64} (pid=1935, uid=10064) not exported from uid 10041
08-31 21:09:02.719 W/System.err( 1935): java.lang.Exception: Toast callstack! strTip=Send Intent Failed!
08-31 21:09:02.719 W/System.err( 1935): 	at android.widget.Toast.show(Toast.java:130)
08-31 21:09:02.719 W/System.err( 1935): 	at com.android.intentfuzzer.FuzzerActivity$4.onClick(FuzzerActivity.java:186)
08-31 21:09:02.719 W/System.err( 1935): 	at android.view.View.performClick(View.java:5637)
08-31 21:09:02.719 W/System.err( 1935): 	at android.view.View$PerformClick.run(View.java:22429)
08-31 21:09:02.719 W/System.err( 1935): 	at android.os.Handler.handleCallback(Handler.java:751)
08-31 21:09:02.719 W/System.err( 1935): 	at android.os.Handler.dispatchMessage(Handler.java:95)
08-31 21:09:02.719 W/System.err( 1935): 	at android.os.Looper.loop(Looper.java:154)
08-31 21:09:02.719 W/System.err( 1935): 	at android.app.ActivityThread.main(ActivityThread.java:6190)
08-31 21:09:02.719 W/System.err( 1935): 	at java.lang.reflect.Method.invoke(Native Method)
08-31 21:09:02.719 W/System.err( 1935): 	at com.android.internal.os.ZygoteInit$MethodAndArgsCaller.run(ZygoteInit.java:892)
08-31 21:09:02.719 W/System.err( 1935): 	at com.android.internal.os.ZygoteInit.main(ZygoteInit.java:782)
08-31 21:09:02.722 I/ActivityManager( 1281): START u0 {cmp=com.fsck.k9/.activity.ChooseFolder (has extras)} from uid 10064 on display 0
08-31 21:09:02.722 W/ActivityManager( 1281): Permission Denial: starting Intent { cmp=com.fsck.k9/.activity.ChooseFolder (has extras) } from ProcessRecord{bda5613 1935:com.android.intentfuzzer/u0a64} (pid=1935, uid=10064) not exported from uid 10041
08-31 21:09:02.723 W/System.err( 1935): java.lang.Exception: Toast callstack! strTip=Send Intent Failed!
08-31 21:09:02.723 W/System.err( 1935): 	at android.widget.Toast.show(Toast.java:130)
08-31 21:09:02.723 W/System.err( 1935): 	at com.android.intentfuzzer.FuzzerActivity$4.onClick(FuzzerActivity.java:186)
08-31 21:09:02.723 W/System.err( 1935): 	at android.view.View.performClick(View.java:5637)
08-31 21:09:02.723 W/System.err( 1935): 	at android.view.View$PerformClick.run(View.java:22429)
08-31 21:09:02.723 W/System.err( 1935): 	at android.os.Handler.handleCallback(Handler.java:751)
08-31 21:09:02.723 W/System.err( 1935): 	at android.os.Handler.dispatchMessage(Handler.java:95)
08-31 21:09:02.723 W/System.err( 1935): 	at android.os.Looper.loop(Looper.java:154)
08-31 21:09:02.723 W/System.err( 1935): 	at android.app.ActivityThread.main(ActivityThread.java:6190)
08-31 21:09:02.723 W/System.err( 1935): 	at java.lang.reflect.Method.invoke(Native Method)
08-31 21:09:02.723 W/System.err( 1935): 	at com.android.internal.os.ZygoteInit$MethodAndArgsCaller.run(ZygoteInit.java:892)
08-31 21:09:02.723 W/System.err( 1935): 	at com.android.internal.os.ZygoteInit.main(ZygoteInit.java:782)
08-31 21:09:02.725 I/ActivityManager( 1281): START u0 {cmp=com.fsck.k9/.activity.ChooseIdentity (has extras)} from uid 10064 on display 0
08-31 21:09:02.725 W/ActivityManager( 1281): Permission Denial: starting Intent { cmp=com.fsck.k9/.activity.ChooseIdentity (has extras) } from ProcessRecord{bda5613 1935:com.android.intentfuzzer/u0a64} (pid=1935, uid=10064) not exported from uid 10041
08-31 21:09:02.726 W/System.err( 1935): java.lang.Exception: Toast callstack! strTip=Send Intent Failed!
08-31 21:09:02.726 W/System.err( 1935): 	at android.widget.Toast.show(Toast.java:130)
08-31 21:09:02.726 W/System.err( 1935): 	at com.android.intentfuzzer.FuzzerActivity$4.onClick(FuzzerActivity.java:186)
08-31 21:09:02.726 W/System.err( 1935): 	at android.view.View.performClick(View.java:5637)
08-31 21:09:02.726 W/System.err( 1935): 	at android.view.View$PerformClick.run(View.java:22429)
08-31 21:09:02.726 W/System.err( 1935): 	at android.os.Handler.handleCallback(Handler.java:751)
