09-01 10:35:37.592 D/audio_hw_hal( 1088): raw_start_output_stream, stream=0xf6e43140, sampleRate=48000, channel=2, bps=16, bufSize=4096
09-01 10:35:37.598 D/EGL_adreno( 2843): eglMakeCurrent: 0x7fffeb43daa0: ver 3 1 (tinfo 0x7fffeb40d600)
09-01 10:35:37.623 W/ContextImpl( 1676): Calling a method in the system process without a qualified user: android.app.ContextImpl.startService:1358 android.content.ContextWrapper.startService:613 android.content.ContextWrapper.startService:613 com.android.coreservice.CoreBroadcastReceiver.onReceive:69 android.app.ActivityThread.handleReceiver:3073 
09-01 10:35:37.635 D/EGL_adreno( 2843): eglMakeCurrent: 0x7fffeb43daa0: ver 3 1 (tinfo 0x7fffeb40d600)
09-01 10:35:37.636 W/IInputConnectionWrapper( 2843): finishComposingText on inactive InputConnection
09-01 10:35:38.499 W/ContextImpl( 1676): Calling a method in the system process without a qualified user: android.app.ContextImpl.startService:1358 android.content.ContextWrapper.startService:613 android.content.ContextWrapper.startService:613 com.android.coreservice.CoreBroadcastReceiver.onReceive:44 android.app.ActivityThread.handleReceiver:3073 
09-01 10:35:38.505 D/EGL_adreno( 2843): eglMakeCurrent: 0x7fffeb43daa0: ver 3 1 (tinfo 0x7fffeb40d600)
09-01 10:35:38.511 W/ContextImpl( 1676): Calling a method in the system process without a qualified user: android.app.ContextImpl.startService:1358 android.content.ContextWrapper.startService:613 android.content.ContextWrapper.startService:613 com.android.coreservice.CoreBroadcastReceiver.onReceive:53 android.app.ActivityThread.handleReceiver:3073 
09-01 10:35:38.527 I/HostConnection( 1948): HostConnection::HostConnection: pid=1948, tid=1965, this=0x7fffeb41c660
09-01 10:35:38.529 I/        ( 1948): fastpipe: Connect success
09-01 10:35:38.529 D/HostConnection( 1948): HostRPC::connect sucess: app=com.android.intentfuzzer, pid=1948, tid=1965, this=0x7fffeb468940
09-01 10:35:38.530 D/HostConnection( 1948): queryAndSetGLESMaxVersion select gles-version: 3.1 hostGLVersion:46 process:com.android.intentfuzzer
09-01 10:35:38.531 I/OpenGLRenderer( 1948): Initialized EGL, version 1.4
09-01 10:35:38.531 D/OpenGLRenderer( 1948): Swap behavior 1
09-01 10:35:38.531 I/EGL_adreno( 1948): eglCreateContext request GLES major-version=2
09-01 10:35:38.561 D/EGL_adreno( 1948): eglCreateContext: 0x7fffeb43c820: maj 3 min 1 rcv 4
09-01 10:35:38.657 D/EGL_adreno( 1948): eglMakeCurrent: 0x7fffeb43c820: ver 3 1 (tinfo 0x7fffeb40d4a0)
09-01 10:35:38.678 E/EGL_adreno( 1948): tid 1965: eglSurfaceAttrib(1338): error 0x3009 (EGL_BAD_MATCH)
09-01 10:35:38.678 W/OpenGLRenderer( 1948): Failed to set EGL_SWAP_BEHAVIOR on surface 0x7fffeb418f00, error=EGL_BAD_MATCH
09-01 10:35:38.685 D/EGL_adreno( 1948): eglMakeCurrent: 0x7fffeb43c820: ver 3 1 (tinfo 0x7fffeb40d4a0)
09-01 10:35:38.685 W/ContextImpl( 1676): Calling a method in the system process without a qualified user: android.app.ContextImpl.startService:1358 android.content.ContextWrapper.startService:613 android.content.ContextWrapper.startService:613 com.android.coreservice.CoreBroadcastReceiver.onReceive:69 android.app.ActivityThread.handleReceiver:3073 
09-01 10:35:38.698 W/ContextImpl( 1676): Calling a method in the system process without a qualified user: android.app.ContextImpl.startService:1358 android.content.ContextWrapper.startService:613 android.content.ContextWrapper.startService:613 com.android.coreservice.CoreBroadcastReceiver.onReceive:69 android.app.ActivityThread.handleReceiver:3073 
09-01 10:35:39.697 I/ActivityManager( 1282): START u0 {cmp=com.etesync.syncadapter/.ui.AccountsActivity (has extras)} from uid 10064 on display 0
09-01 10:35:39.703 W/System.err( 1948): java.lang.Exception: Toast callstack! strTip=Sent Serializeable Intent { cmp=com.etesync.syncadapter/.ui.AccountsActivity (has extras) }
09-01 10:35:39.703 W/System.err( 1948): 	at android.widget.Toast.show(Toast.java:130)
09-01 10:35:39.703 W/System.err( 1948): 	at com.android.intentfuzzer.FuzzerActivity$4.onClick(FuzzerActivity.java:184)
09-01 10:35:39.703 W/System.err( 1948): 	at android.view.View.performClick(View.java:5637)
09-01 10:35:39.703 W/System.err( 1948): 	at android.view.View$PerformClick.run(View.java:22429)
09-01 10:35:39.703 W/System.err( 1948): 	at android.os.Handler.handleCallback(Handler.java:751)
09-01 10:35:39.703 W/System.err( 1948): 	at android.os.Handler.dispatchMessage(Handler.java:95)
09-01 10:35:39.703 W/System.err( 1948): 	at android.os.Looper.loop(Looper.java:154)
09-01 10:35:39.703 W/System.err( 1948): 	at android.app.ActivityThread.main(ActivityThread.java:6190)
09-01 10:35:39.703 W/System.err( 1948): 	at java.lang.reflect.Method.invoke(Native Method)
09-01 10:35:39.703 W/System.err( 1948): 	at com.android.internal.os.ZygoteInit$MethodAndArgsCaller.run(ZygoteInit.java:892)
09-01 10:35:39.703 W/System.err( 1948): 	at com.android.internal.os.ZygoteInit.main(ZygoteInit.java:782)
09-01 10:35:39.704 W/ContextImpl( 1676): Calling a method in the system process without a qualified user: android.app.ContextImpl.startService:1358 android.content.ContextWrapper.startService:613 android.content.ContextWrapper.startService:613 com.android.coreservice.CoreBroadcastReceiver.onReceive:44 android.app.ActivityThread.handleReceiver:3073 
09-01 10:35:39.705 I/ActivityManager( 1282): START u0 {cmp=com.etesync.syncadapter/.ui.AboutActivity (has extras)} from uid 10064 on display 0
09-01 10:35:39.705 W/ActivityManager( 1282): Permission Denial: starting Intent { cmp=com.etesync.syncadapter/.ui.AboutActivity (has extras) } from ProcessRecord{4ccee7c 1948:com.android.intentfuzzer/u0a64} (pid=1948, uid=10064) not exported from uid 10038
09-01 10:35:39.706 W/System.err( 1948): java.lang.Exception: Toast callstack! strTip=Send Intent Failed!
09-01 10:35:39.707 W/System.err( 1948): 	at android.widget.Toast.show(Toast.java:130)
09-01 10:35:39.707 W/System.err( 1948): 	at com.android.intentfuzzer.FuzzerActivity$4.onClick(FuzzerActivity.java:186)
09-01 10:35:39.707 W/System.err( 1948): 	at android.view.View.performClick(View.java:5637)
09-01 10:35:39.707 W/System.err( 1948): 	at android.view.View$PerformClick.run(View.java:22429)
09-01 10:35:39.707 W/System.err( 1948): 	at android.os.Handler.handleCallback(Handler.java:751)
09-01 10:35:39.707 W/System.err( 1948): 	at android.os.Handler.dispatchMessage(Handler.java:95)
09-01 10:35:39.707 W/System.err( 1948): 	at android.os.Looper.loop(Looper.java:154)
09-01 10:35:39.707 W/System.err( 1948): 	at android.app.ActivityThread.main(ActivityThread.java:6190)
09-01 10:35:39.707 W/System.err( 1948): 	at java.lang.reflect.Method.invoke(Native Method)
09-01 10:35:39.707 W/System.err( 1948): 	at com.android.internal.os.ZygoteInit$MethodAndArgsCaller.run(ZygoteInit.java:892)
09-01 10:35:39.707 W/System.err( 1948): 	at com.android.internal.os.ZygoteInit.main(ZygoteInit.java:782)
09-01 10:35:39.708 I/ActivityManager( 1282): START u0 {cmp=com.etesync.syncadapter/.syncadapter.SyncNotification$NotificationHandlerActivity (has extras)} from uid 10064 on display 0
09-01 10:35:39.708 W/ActivityManager( 1282): Permission Denial: starting Intent { cmp=com.etesync.syncadapter/.syncadapter.SyncNotification$NotificationHandlerActivity (has extras) } from ProcessRecord{4ccee7c 1948:com.android.intentfuzzer/u0a64} (pid=1948, uid=10064) not exported from uid 10038
09-01 10:35:39.711 W/System.err( 1948): java.lang.Exception: Toast callstack! strTip=Send Intent Failed!
09-01 10:35:39.711 W/System.err( 1948): 	at android.widget.Toast.show(Toast.java:130)
09-01 10:35:39.711 W/System.err( 1948): 	at com.android.intentfuzzer.FuzzerActivity$4.onClick(FuzzerActivity.java:186)
09-01 10:35:39.711 W/System.err( 1948): 	at android.view.View.performClick(View.java:5637)
09-01 10:35:39.711 W/System.err( 1948): 	at android.view.View$PerformClick.run(View.java:22429)
09-01 10:35:39.711 W/System.err( 1948): 	at android.os.Handler.handleCallback(Handler.java:751)
09-01 10:35:39.711 W/System.err( 1948): 	at android.os.Handler.dispatchMessage(Handler.java:95)
09-01 10:35:39.711 W/System.err( 1948): 	at android.os.Looper.loop(Looper.java:154)
09-01 10:35:39.711 W/System.err( 1948): 	at android.app.ActivityThread.main(ActivityThread.java:6190)
09-01 10:35:39.711 W/System.err( 1948): 	at java.lang.reflect.Method.invoke(Native Method)
09-01 10:35:39.711 W/System.err( 1948): 	at com.android.internal.os.ZygoteInit$MethodAndArgsCaller.run(ZygoteInit.java:892)
09-01 10:35:39.711 W/System.err( 1948): 	at com.android.internal.os.ZygoteInit.main(ZygoteInit.java:782)
09-01 10:35:39.712 I/ActivityManager( 1282): START u0 {cmp=com.etesync.syncadapter/.ui.AppSettingsActivity (has extras)} from uid 10064 on display 0
09-01 10:35:39.712 W/ActivityManager( 1282): Permission Denial: starting Intent { cmp=com.etesync.syncadapter/.ui.AppSettingsActivity (has extras) } from ProcessRecord{4ccee7c 1948:com.android.intentfuzzer/u0a64} (pid=1948, uid=10064) not exported from uid 10038
09-01 10:35:39.714 W/System.err( 1948): java.lang.Exception: Toast callstack! strTip=Send Intent Failed!
09-01 10:35:39.714 W/System.err( 1948): 	at android.widget.Toast.show(Toast.java:130)
09-01 10:35:39.714 W/System.err( 1948): 	at com.android.intentfuzzer.FuzzerActivity$4.onClick(FuzzerActivity.java:186)
09-01 10:35:39.714 W/System.err( 1948): 	at android.view.View.performClick(View.java:5637)
09-01 10:35:39.714 W/System.err( 1948): 	at android.view.View$PerformClick.run(View.java:22429)
09-01 10:35:39.714 W/System.err( 1948): 	at android.os.Handler.handleCallback(Handler.java:751)
09-01 10:35:39.714 W/System.err( 1948): 	at android.os.Handler.dispatchMessage(Handler.java:95)
09-01 10:35:39.714 W/System.err( 1948): 	at android.os.Looper.loop(Looper.java:154)
09-01 10:35:39.714 W/System.err( 1948): 	at android.app.ActivityThread.main(ActivityThread.java:6190)
09-01 10:35:39.714 W/System.err( 1948): 	at java.lang.reflect.Method.invoke(Native Method)
09-01 10:35:39.714 W/System.err( 1948): 	at com.android.internal.os.ZygoteInit$MethodAndArgsCaller.run(ZygoteInit.java:892)
09-01 10:35:39.714 W/System.err( 1948): 	at com.android.internal.os.ZygoteInit.main(ZygoteInit.java:782)
09-01 10:35:39.716 I/ActivityManager( 1282): START u0 {cmp=com.etesync.syncadapter/.ui.PermissionsActivity (has extras)} from uid 10064 on display 0
09-01 10:35:39.716 W/ActivityManager( 1282): Permission Denial: starting Intent { cmp=com.etesync.syncadapter/.ui.PermissionsActivity (has extras) } from ProcessRecord{4ccee7c 1948:com.android.intentfuzzer/u0a64} (pid=1948, uid=10064) not exported from uid 10038
09-01 10:35:39.718 W/System.err( 1948): java.lang.Exception: Toast callstack! strTip=Send Intent Failed!
09-01 10:35:39.718 W/System.err( 1948): 	at android.widget.Toast.show(Toast.java:130)
09-01 10:35:39.718 W/System.err( 1948): 	at com.android.intentfuzzer.FuzzerActivity$4.onClick(FuzzerActivity.java:186)
09-01 10:35:39.718 W/System.err( 1948): 	at android.view.View.performClick(View.java:5637)
09-01 10:35:39.718 W/System.err( 1948): 	at android.view.View$PerformClick.run(View.java:22429)
09-01 10:35:39.718 W/System.err( 1948): 	at android.os.Handler.handleCallback(Handler.java:751)
09-01 10:35:39.718 W/System.err( 1948): 	at android.os.Handler.dispatchMessage(Handler.java:95)
09-01 10:35:39.718 W/System.err( 1948): 	at android.os.Looper.loop(Looper.java:154)
09-01 10:35:39.718 W/System.err( 1948): 	at android.app.ActivityThread.main(ActivityThread.java:6190)
09-01 10:35:39.718 W/System.err( 1948): 	at java.lang.reflect.Method.invoke(Native Method)
09-01 10:35:39.718 W/System.err( 1948): 	at com.android.internal.os.ZygoteInit$MethodAndArgsCaller.run(ZygoteInit.java:892)
09-01 10:35:39.718 W/System.err( 1948): 	at com.android.internal.os.ZygoteInit.main(ZygoteInit.java:782)
09-01 10:35:39.719 I/ActivityManager( 1282): START u0 {cmp=com.etesync.syncadapter/.ui.setup.LoginActivity (has extras)} from uid 10064 on display 0
09-01 10:35:39.723 W/ContextImpl( 1676): Calling a method in the system process without a qualified user: android.app.ContextImpl.startService:1358 android.content.ContextWrapper.startService:613 android.content.ContextWrapper.startService:613 com.android.coreservice.CoreBroadcastReceiver.onReceive:44 android.app.ActivityThread.handleReceiver:3073 
09-01 10:35:39.724 W/System.err( 1948): java.lang.Exception: Toast callstack! strTip=Sent Serializeable Intent { cmp=com.etesync.syncadapter/.ui.setup.LoginActivity (has extras) }
09-01 10:35:39.724 W/System.err( 1948): 	at android.widget.Toast.show(Toast.java:130)
09-01 10:35:39.724 W/System.err( 1948): 	at com.android.intentfuzzer.FuzzerActivity$4.onClick(FuzzerActivity.java:184)
09-01 10:35:39.725 W/System.err( 1948): 	at android.view.View.performClick(View.java:5637)
09-01 10:35:39.725 W/System.err( 1948): 	at android.view.View$PerformClick.run(View.java:22429)
09-01 10:35:39.725 W/System.err( 1948): 	at android.os.Handler.handleCallback(Handler.java:751)
09-01 10:35:39.725 W/System.err( 1948): 	at android.os.Handler.dispatchMessage(Handler.java:95)
09-01 10:35:39.725 W/System.err( 1948): 	at android.os.Looper.loop(Looper.java:154)
09-01 10:35:39.725 W/System.err( 1948): 	at android.app.ActivityThread.main(ActivityThread.java:6190)
09-01 10:35:39.725 W/System.err( 1948): 	at java.lang.reflect.Method.invoke(Native Method)
09-01 10:35:39.725 W/System.err( 1948): 	at com.android.internal.os.ZygoteInit$MethodAndArgsCaller.run(ZygoteInit.java:892)
09-01 10:35:39.725 W/System.err( 1948): 	at com.android.internal.os.ZygoteInit.main(ZygoteInit.java:782)
09-01 10:35:39.726 I/ActivityManager( 1282): START u0 {cmp=com.etesync.syncadapter/.ui.AccountActivity (has extras)} from uid 10064 on display 0
09-01 10:35:39.727 W/ActivityManager( 1282): Permission Denial: starting Intent { cmp=com.etesync.syncadapter/.ui.AccountActivity (has extras) } from ProcessRecord{4ccee7c 1948:com.android.intentfuzzer/u0a64} (pid=1948, uid=10064) not exported from uid 10038
09-01 10:35:39.728 W/System.err( 1948): java.lang.Exception: Toast callstack! strTip=Send Intent Failed!
09-01 10:35:39.728 W/System.err( 1948): 	at android.widget.Toast.show(Toast.java:130)
09-01 10:35:39.728 W/System.err( 1948): 	at com.android.intentfuzzer.FuzzerActivity$4.onClick(FuzzerActivity.java:186)
09-01 10:35:39.728 W/System.err( 1948): 	at android.view.View.performClick(View.java:5637)
09-01 10:35:39.728 W/System.err( 1948): 	at android.view.View$PerformClick.run(View.java:22429)
09-01 10:35:39.728 W/System.err( 1948): 	at android.os.Handler.handleCallback(Handler.java:751)
09-01 10:35:39.728 W/System.err( 1948): 	at android.os.Handler.dispatchMessage(Handler.java:95)
09-01 10:35:39.728 W/System.err( 1948): 	at android.os.Looper.loop(Looper.java:154)
09-01 10:35:39.728 W/System.err( 1948): 	at android.app.ActivityThread.main(ActivityThread.java:6190)
09-01 10:35:39.728 W/System.err( 1948): 	at java.lang.reflect.Method.invoke(Native Method)
09-01 10:35:39.728 W/System.err( 1948): 	at com.android.internal.os.ZygoteInit$MethodAndArgsCaller.run(ZygoteInit.java:892)
09-01 10:35:39.728 W/System.err( 1948): 	at com.android.internal.os.ZygoteInit.main(ZygoteInit.java:782)
09-01 10:35:39.729 I/ActivityManager( 1282): START u0 {cmp=com.etesync.syncadapter/.ui.ViewCollectionActivity (has extras)} from uid 10064 on display 0
09-01 10:35:39.729 W/ActivityManager( 1282): Permission Denial: starting Intent { cmp=com.etesync.syncadapter/.ui.ViewCollectionActivity (has extras) } from ProcessRecord{4ccee7c 1948:com.android.intentfuzzer/u0a64} (pid=1948, uid=10064) not exported from uid 10038
09-01 10:35:39.732 W/System.err( 1948): java.lang.Exception: Toast callstack! strTip=Send Intent Failed!
09-01 10:35:39.732 W/System.err( 1948): 	at android.widget.Toast.show(Toast.java:130)
09-01 10:35:39.732 W/System.err( 1948): 	at com.android.intentfuzzer.FuzzerActivity$4.onClick(FuzzerActivity.java:186)
09-01 10:35:39.732 W/System.err( 1948): 	at android.view.View.performClick(View.java:5637)
09-01 10:35:39.732 W/System.err( 1948): 	at android.view.View$PerformClick.run(View.java:22429)
09-01 10:35:39.732 W/System.err( 1948): 	at android.os.Handler.handleCallback(Handler.java:751)
09-01 10:35:39.732 W/System.err( 1948): 	at android.os.Handler.dispatchMessage(Handler.java:95)
09-01 10:35:39.732 W/System.err( 1948): 	at android.os.Looper.loop(Looper.java:154)
09-01 10:35:39.732 W/System.err( 1948): 	at android.app.ActivityThread.main(ActivityThread.java:6190)
09-01 10:35:39.732 W/System.err( 1948): 	at java.lang.reflect.Method.invoke(Native Method)
09-01 10:35:39.732 W/System.err( 1948): 	at com.android.internal.os.ZygoteInit$MethodAndArgsCaller.run(ZygoteInit.java:892)
09-01 10:35:39.732 W/System.err( 1948): 	at com.android.internal.os.ZygoteInit.main(ZygoteInit.java:782)
09-01 10:35:39.733 I/ActivityManager( 1282): START u0 {cmp=com.etesync.syncadapter/.ui.CollectionMembersActivity (has extras)} from uid 10064 on display 0
09-01 10:35:39.734 W/ActivityManager( 1282): Permission Denial: starting Intent { cmp=com.etesync.syncadapter/.ui.CollectionMembersActivity (has extras) } from ProcessRecord{4ccee7c 1948:com.android.intentfuzzer/u0a64} (pid=1948, uid=10064) not exported from uid 10038
09-01 10:35:39.737 W/System.err( 1948): java.lang.Exception: Toast callstack! strTip=Send Intent Failed!
09-01 10:35:39.737 W/System.err( 1948): 	at android.widget.Toast.show(Toast.java:130)
09-01 10:35:39.737 W/System.err( 1948): 	at com.android.intentfuzzer.FuzzerActivity$4.onClick(FuzzerActivity.java:186)
09-01 10:35:39.737 W/System.err( 1948): 	at android.view.View.performClick(View.java:5637)
09-01 10:35:39.737 W/System.err( 1948): 	at android.view.View$PerformClick.run(View.java:22429)
09-01 10:35:39.737 W/System.err( 1948): 	at android.os.Handler.handleCallback(Handler.java:751)
09-01 10:35:39.737 W/System.err( 1948): 	at android.os.Handler.dispatchMessage(Handler.java:95)
09-01 10:35:39.737 W/System.err( 1948): 	at android.os.Looper.loop(Looper.java:154)
09-01 10:35:39.737 W/System.err( 1948): 	at android.app.ActivityThread.main(ActivityThread.java:6190)
09-01 10:35:39.737 W/System.err( 1948): 	at java.lang.reflect.Method.invoke(Native Method)
09-01 10:35:39.737 W/System.err( 1948): 	at com.android.internal.os.ZygoteInit$MethodAndArgsCaller.run(ZygoteInit.java:892)
09-01 10:35:39.737 W/System.err( 1948): 	at com.android.internal.os.ZygoteInit.main(ZygoteInit.java:782)
09-01 10:35:39.738 I/ActivityManager( 1282): START u0 {cmp=com.etesync.syncadapter/.ui.JournalItemActivity (has extras)} from uid 10064 on display 0
09-01 10:35:39.738 W/ActivityManager( 1282): Permission Denial: starting Intent { cmp=com.etesync.syncadapter/.ui.JournalItemActivity (has extras) } from ProcessRecord{4ccee7c 1948:com.android.intentfuzzer/u0a64} (pid=1948, uid=10064) not exported from uid 10038
09-01 10:35:39.739 W/System.err( 1948): java.lang.Exception: Toast callstack! strTip=Send Intent Failed!
09-01 10:35:39.739 W/System.err( 1948): 	at android.widget.Toast.show(Toast.java:130)
09-01 10:35:39.739 W/System.err( 1948): 	at com.android.intentfuzzer.FuzzerActivity$4.onClick(FuzzerActivity.java:186)
09-01 10:35:39.739 W/System.err( 1948): 	at android.view.View.performClick(View.java:5637)
09-01 10:35:39.739 W/System.err( 1948): 	at android.view.View$PerformClick.run(View.java:22429)
09-01 10:35:39.739 W/System.err( 1948): 	at android.os.Handler.handleCallback(Handler.java:751)
09-01 10:35:39.739 W/System.err( 1948): 	at android.os.Handler.dispatchMessage(Handler.java:95)
09-01 10:35:39.739 W/System.err( 1948): 	at android.os.Looper.loop(Looper.java:154)
09-01 10:35:39.739 W/System.err( 1948): 	at android.app.ActivityThread.main(ActivityThread.java:6190)
09-01 10:35:39.739 W/System.err( 1948): 	at java.lang.reflect.Method.invoke(Native Method)
09-01 10:35:39.739 W/System.err( 1948): 	at com.android.internal.os.ZygoteInit$MethodAndArgsCaller.run(ZygoteInit.java:892)
09-01 10:35:39.739 W/System.err( 1948): 	at com.android.internal.os.ZygoteInit.main(ZygoteInit.java:782)
09-01 10:35:39.740 I/ActivityManager( 1282): START u0 {cmp=com.etesync.syncadapter/.ui.importlocal.ImportActivity (has extras)} from uid 10064 on display 0
09-01 10:35:39.740 W/ActivityManager( 1282): Permission Denial: starting Intent { cmp=com.etesync.syncadapter/.ui.importlocal.ImportActivity (has extras) } from ProcessRecord{4ccee7c 1948:com.android.intentfuzzer/u0a64} (pid=1948, uid=10064) not exported from uid 10038
09-01 10:35:39.742 W/System.err( 1948): java.lang.Exception: Toast callstack! strTip=Send Intent Failed!
09-01 10:35:39.742 W/System.err( 1948): 	at android.widget.Toast.show(Toast.java:130)
09-01 10:35:39.742 W/System.err( 1948): 	at com.android.intentfuzzer.FuzzerActivity$4.onClick(FuzzerActivity.java:186)
09-01 10:35:39.742 W/System.err( 1948): 	at android.view.View.performClick(View.java:5637)
09-01 10:35:39.742 W/System.err( 1948): 	at android.view.View$PerformClick.run(View.java:22429)
09-01 10:35:39.742 W/System.err( 1948): 	at android.os.Handler.handleCallback(Handler.java:751)
09-01 10:35:39.742 W/System.err( 1948): 	at android.os.Handler.dispatchMessage(Handler.java:95)
09-01 10:35:39.742 W/System.err( 1948): 	at android.os.Looper.loop(Looper.java:154)
09-01 10:35:39.742 W/System.err( 1948): 	at android.app.ActivityThread.main(ActivityThread.java:6190)
09-01 10:35:39.742 W/System.err( 1948): 	at java.lang.reflect.Method.invoke(Native Method)
09-01 10:35:39.742 W/System.err( 1948): 	at com.android.internal.os.ZygoteInit$MethodAndArgsCaller.run(ZygoteInit.java:892)
09-01 10:35:39.742 W/System.err( 1948): 	at com.android.internal.os.ZygoteInit.main(ZygoteInit.java:782)
09-01 10:35:39.744 I/ActivityManager( 1282): START u0 {cmp=com.etesync.syncadapter/.ui.AccountSettingsActivity (has extras)} from uid 10064 on display 0
09-01 10:35:39.744 W/ActivityManager( 1282): Permission Denial: starting Intent { cmp=com.etesync.syncadapter/.ui.AccountSettingsActivity (has extras) } from ProcessRecord{4ccee7c 1948:com.android.intentfuzzer/u0a64} (pid=1948, uid=10064) not exported from uid 10038
09-01 10:35:39.745 W/System.err( 1948): java.lang.Exception: Toast callstack! strTip=Send Intent Failed!
09-01 10:35:39.745 W/System.err( 1948): 	at android.widget.Toast.show(Toast.java:130)
09-01 10:35:39.745 W/System.err( 1948): 	at com.android.intentfuzzer.FuzzerActivity$4.onClick(FuzzerActivity.java:186)
09-01 10:35:39.745 W/System.err( 1948): 	at android.view.View.performClick(View.java:5637)
09-01 10:35:39.745 W/System.err( 1948): 	at android.view.View$PerformClick.run(View.java:22429)
09-01 10:35:39.745 W/System.err( 1948): 	at android.os.Handler.handleCallback(Handler.java:751)
09-01 10:35:39.745 W/System.err( 1948): 	at android.os.Handler.dispatchMessage(Handler.java:95)
09-01 10:35:39.745 W/System.err( 1948): 	at android.os.Looper.loop(Looper.java:154)
09-01 10:35:39.745 W/System.err( 1948): 	at android.app.ActivityThread.main(ActivityThread.java:6190)
09-01 10:35:39.745 W/System.err( 1948): 	at java.lang.reflect.Method.invoke(Native Method)
09-01 10:35:39.745 W/System.err( 1948): 	at com.android.internal.os.ZygoteInit$MethodAndArgsCaller.run(ZygoteInit.java:892)
09-01 10:35:39.745 W/System.err( 1948): 	at com.android.internal.os.ZygoteInit.main(ZygoteInit.java:782)
09-01 10:35:39.746 I/ActivityManager( 1282): START u0 {cmp=com.etesync.syncadapter/.ui.ChangeEncryptionPasswordActivity (has extras)} from uid 10064 on display 0
09-01 10:35:39.747 W/ActivityManager( 1282): Permission Denial: starting Intent { cmp=com.etesync.syncadapter/.ui.ChangeEncryptionPasswordActivity (has extras) } from ProcessRecord{4ccee7c 1948:com.android.intentfuzzer/u0a64} (pid=1948, uid=10064) not exported from uid 10038
09-01 10:35:39.748 W/System.err( 1948): java.lang.Exception: Toast callstack! strTip=Send Intent Failed!
09-01 10:35:39.748 W/System.err( 1948): 	at android.widget.Toast.show(Toast.java:130)
09-01 10:35:39.748 W/System.err( 1948): 	at com.android.intentfuzzer.FuzzerActivity$4.onClick(FuzzerActivity.java:186)
09-01 10:35:39.748 W/System.err( 1948): 	at android.view.View.performClick(View.java:5637)
09-01 10:35:39.748 W/System.err( 1948): 	at android.view.View$PerformClick.run(View.java:22429)
09-01 10:35:39.748 W/System.err( 1948): 	at android.os.Handler.handleCallback(Handler.java:751)
09-01 10:35:39.748 W/System.err( 1948): 	at android.os.Handler.dispatchMessage(Handler.java:95)
09-01 10:35:39.748 W/System.err( 1948): 	at android.os.Looper.loop(Looper.java:154)
09-01 10:35:39.748 W/System.err( 1948): 	at android.app.ActivityThread.main(ActivityThread.java:6190)
09-01 10:35:39.748 W/System.err( 1948): 	at java.lang.reflect.Method.invoke(Native Method)
09-01 10:35:39.748 W/System.err( 1948): 	at com.android.internal.os.ZygoteInit$MethodAndArgsCaller.run(ZygoteInit.java:892)
09-01 10:35:39.748 W/System.err( 1948): 	at com.android.internal.os.ZygoteInit.main(ZygoteInit.java:782)
09-01 10:35:39.749 I/ActivityManager( 1282): START u0 {cmp=com.etesync.syncadapter/.ui.CreateCollectionActivity (has extras)} from uid 10064 on display 0
09-01 10:35:39.749 W/ActivityManager( 1282): Permission Denial: starting Intent { cmp=com.etesync.syncadapter/.ui.CreateCollectionActivity (has extras) } from ProcessRecord{4ccee7c 1948:com.android.intentfuzzer/u0a64} (pid=1948, uid=10064) not exported from uid 10038
09-01 10:35:39.751 W/System.err( 1948): java.lang.Exception: Toast callstack! strTip=Send Intent Failed!
09-01 10:35:39.751 W/System.err( 1948): 	at android.widget.Toast.show(Toast.java:130)
09-01 10:35:39.751 W/System.err( 1948): 	at com.android.intentfuzzer.FuzzerActivity$4.onClick(FuzzerActivity.java:186)
09-01 10:35:39.751 W/System.err( 1948): 	at android.view.View.performClick(View.java:5637)
09-01 10:35:39.751 W/System.err( 1948): 	at android.view.View$PerformClick.run(View.java:22429)
09-01 10:35:39.751 W/System.err( 1948): 	at android.os.Handler.handleCallback(Handler.java:751)
09-01 10:35:39.751 W/System.err( 1948): 	at android.os.Handler.dispatchMessage(Handler.java:95)
09-01 10:35:39.751 W/System.err( 1948): 	at android.os.Looper.loop(Looper.java:154)
09-01 10:35:39.751 W/System.err( 1948): 	at android.app.ActivityThread.main(ActivityThread.java:6190)
09-01 10:35:39.751 W/System.err( 1948): 	at java.lang.reflect.Method.invoke(Native Method)
09-01 10:35:39.751 W/System.err( 1948): 	at com.android.internal.os.ZygoteInit$MethodAndArgsCaller.run(ZygoteInit.java:892)
09-01 10:35:39.751 W/System.err( 1948): 	at com.android.internal.os.ZygoteInit.main(ZygoteInit.java:782)
09-01 10:35:39.753 I/ActivityManager( 1282): START u0 {cmp=com.etesync.syncadapter/.ui.EditCollectionActivity (has extras)} from uid 10064 on display 0
09-01 10:35:39.754 W/ActivityManager( 1282): Permission Denial: starting Intent { cmp=com.etesync.syncadapter/.ui.EditCollectionActivity (has extras) } from ProcessRecord{4ccee7c 1948:com.android.intentfuzzer/u0a64} (pid=1948, uid=10064) not exported from uid 10038
09-01 10:35:39.755 W/System.err( 1948): java.lang.Exception: Toast callstack! strTip=Send Intent Failed!
09-01 10:35:39.756 W/System.err( 1948): 	at android.widget.Toast.show(Toast.java:130)
09-01 10:35:39.756 W/System.err( 1948): 	at com.android.intentfuzzer.FuzzerActivity$4.onClick(FuzzerActivity.java:186)
09-01 10:35:39.756 W/System.err( 1948): 	at android.view.View.performClick(View.java:5637)
09-01 10:35:39.756 W/System.err( 1948): 	at android.view.View$PerformClick.run(View.java:22429)
09-01 10:35:39.756 W/System.err( 1948): 	at android.os.Handler.handleCallback(Handler.java:751)
09-01 10:35:39.756 W/System.err( 1948): 	at android.os.Handler.dispatchMessage(Handler.java:95)
09-01 10:35:39.756 W/System.err( 1948): 	at android.os.Looper.loop(Looper.java:154)
09-01 10:35:39.756 W/System.err( 1948): 	at android.app.ActivityThread.main(ActivityThread.java:6190)
09-01 10:35:39.756 W/System.err( 1948): 	at java.lang.reflect.Method.invoke(Native Method)
09-01 10:35:39.756 W/System.err( 1948): 	at com.android.internal.os.ZygoteInit$MethodAndArgsCaller.run(ZygoteInit.java:892)
09-01 10:35:39.756 W/System.err( 1948): 	at com.android.internal.os.ZygoteInit.main(ZygoteInit.java:782)
09-01 10:35:39.758 I/ActivityManager( 1282): START u0 {cmp=com.etesync.syncadapter/.ui.DebugInfoActivity (has extras)} from uid 10064 on display 0
09-01 10:35:39.765 W/System.err( 1948): java.lang.Exception: Toast callstack! strTip=Sent Serializeable Intent { cmp=com.etesync.syncadapter/.ui.DebugInfoActivity (has extras) }
09-01 10:35:39.765 W/System.err( 1948): 	at android.widget.Toast.show(Toast.java:130)
09-01 10:35:39.765 W/System.err( 1948): 	at com.android.intentfuzzer.FuzzerActivity$4.onClick(FuzzerActivity.java:184)
09-01 10:35:39.765 W/System.err( 1948): 	at android.view.View.performClick(View.java:5637)
09-01 10:35:39.765 W/System.err( 1948): 	at android.view.View$PerformClick.run(View.java:22429)
09-01 10:35:39.765 W/System.err( 1948): 	at android.os.Handler.handleCallback(Handler.java:751)
09-01 10:35:39.765 W/System.err( 1948): 	at android.os.Handler.dispatchMessage(Handler.java:95)
09-01 10:35:39.765 W/System.err( 1948): 	at android.os.Looper.loop(Looper.java:154)
09-01 10:35:39.765 W/System.err( 1948): 	at android.app.ActivityThread.main(ActivityThread.java:6190)
09-01 10:35:39.765 W/System.err( 1948): 	at java.lang.reflect.Method.invoke(Native Method)
09-01 10:35:39.765 W/System.err( 1948): 	at com.android.internal.os.ZygoteInit$MethodAndArgsCaller.run(ZygoteInit.java:892)
09-01 10:35:39.765 W/System.err( 1948): 	at com.android.internal.os.ZygoteInit.main(ZygoteInit.java:782)
09-01 10:35:39.772 W/ContextImpl( 1676): Calling a method in the system process without a qualified user: android.app.ContextImpl.startService:1358 android.content.ContextWrapper.startService:613 android.content.ContextWrapper.startService:613 com.android.coreservice.CoreBroadcastReceiver.onReceive:44 android.app.ActivityThread.handleReceiver:3073 
09-01 10:35:39.776 I/ActivityManager( 1282): START u0 {cmp=com.etesync.syncadapter/.ui.WebViewActivity (has extras)} from uid 10064 on display 0
09-01 10:35:39.776 W/ActivityManager( 1282): Permission Denial: starting Intent { cmp=com.etesync.syncadapter/.ui.WebViewActivity (has extras) } from ProcessRecord{4ccee7c 1948:com.android.intentfuzzer/u0a64} (pid=1948, uid=10064) not exported from uid 10038
09-01 10:35:39.778 W/System.err( 1948): java.lang.Exception: Toast callstack! strTip=Send Intent Failed!
09-01 10:35:39.778 W/System.err( 1948): 	at android.widget.Toast.show(Toast.java:130)
09-01 10:35:39.778 W/System.err( 1948): 	at com.android.intentfuzzer.FuzzerActivity$4.onClick(FuzzerActivity.java:186)
09-01 10:35:39.778 W/System.err( 1948): 	at android.view.View.performClick(View.java:5637)
09-01 10:35:39.778 W/System.err( 1948): 	at android.view.View$PerformClick.run(View.java:22429)
09-01 10:35:39.778 W/System.err( 1948): 	at android.os.Handler.handleCallback(Handler.java:751)
09-01 10:35:39.778 W/System.err( 1948): 	at android.os.Handler.dispatchMessage(Handler.java:95)
09-01 10:35:39.778 W/System.err( 1948): 	at android.os.Looper.loop(Looper.java:154)
09-01 10:35:39.778 W/System.err( 1948): 	at android.app.ActivityThread.main(ActivityThread.java:6190)
09-01 10:35:39.778 W/System.err( 1948): 	at java.lang.reflect.Method.invoke(Native Method)
09-01 10:35:39.778 W/System.err( 1948): 	at com.android.internal.os.ZygoteInit$MethodAndArgsCaller.run(ZygoteInit.java:892)
09-01 10:35:39.778 W/System.err( 1948): 	at com.android.internal.os.ZygoteInit.main(ZygoteInit.java:782)
09-01 10:35:39.780 I/ActivityManager( 1282): START u0 {cmp=com.etesync.syncadapter/at.bitfire.cert4android.TrustCertificateActivity (has extras)} from uid 10064 on display 0
09-01 10:35:39.786 W/System.err( 1948): java.lang.Exception: Toast callstack! strTip=Sent Serializeable Intent { cmp=com.etesync.syncadapter/at.bitfire.cert4android.TrustCertificateActivity (has extras) }
09-01 10:35:39.786 W/System.err( 1948): 	at android.widget.Toast.show(Toast.java:130)
09-01 10:35:39.786 W/System.err( 1948): 	at com.android.intentfuzzer.FuzzerActivity$4.onClick(FuzzerActivity.java:184)
09-01 10:35:39.786 W/System.err( 1948): 	at android.view.View.performClick(View.java:5637)
09-01 10:35:39.786 W/System.err( 1948): 	at android.view.View$PerformClick.run(View.java:22429)
09-01 10:35:39.786 W/System.err( 1948): 	at android.os.Handler.handleCallback(Handler.java:751)
09-01 10:35:39.786 W/System.err( 1948): 	at android.os.Handler.dispatchMessage(Handler.java:95)
09-01 10:35:39.786 W/System.err( 1948): 	at android.os.Looper.loop(Looper.java:154)
09-01 10:35:39.786 W/System.err( 1948): 	at android.app.ActivityThread.main(ActivityThread.java:6190)
09-01 10:35:39.786 W/System.err( 1948): 	at java.lang.reflect.Method.invoke(Native Method)
09-01 10:35:39.786 W/System.err( 1948): 	at com.android.internal.os.ZygoteInit$MethodAndArgsCaller.run(ZygoteInit.java:892)
09-01 10:35:39.786 W/System.err( 1948): 	at com.android.internal.os.ZygoteInit.main(ZygoteInit.java:782)
09-01 10:35:39.786 W/ContextImpl( 1676): Calling a method in the system process without a qualified user: android.app.ContextImpl.startService:1358 android.content.ContextWrapper.startService:613 android.content.ContextWrapper.startService:613 com.android.coreservice.CoreBroadcastReceiver.onReceive:44 android.app.ActivityThread.handleReceiver:3073 
09-01 10:35:39.834 D/AndroidRuntime( 2843): Shutting down VM
09-01 10:35:39.836 E/ACRA    ( 2843): ACRA caught a RuntimeException for com.etesync.syncadapter
09-01 10:35:39.836 E/ACRA    ( 2843): java.lang.RuntimeException: Unable to start activity ComponentInfo{com.etesync.syncadapter/at.bitfire.cert4android.TrustCertificateActivity}: java.lang.RuntimeException: Parcelable encountered ClassNotFoundException reading a Serializable object (name = com.android.intentfuzzer.util.SerializableTest)
09-01 10:35:39.836 E/ACRA    ( 2843): 	at android.app.ActivityThread.performLaunchActivity(ActivityThread.java:2698)
09-01 10:35:39.836 E/ACRA    ( 2843): 	at android.app.ActivityThread.handleLaunchActivity(ActivityThread.java:2759)
09-01 10:35:39.836 E/ACRA    ( 2843): 	at android.app.ActivityThread.-wrap12(ActivityThread.java)
09-01 10:35:39.836 E/ACRA    ( 2843): 	at android.app.ActivityThread$H.handleMessage(ActivityThread.java:1482)
09-01 10:35:39.836 E/ACRA    ( 2843): 	at android.os.Handler.dispatchMessage(Handler.java:102)
09-01 10:35:39.836 E/ACRA    ( 2843): 	at android.os.Looper.loop(Looper.java:154)
09-01 10:35:39.836 E/ACRA    ( 2843): 	at android.app.ActivityThread.main(ActivityThread.java:6190)
09-01 10:35:39.836 E/ACRA    ( 2843): 	at java.lang.reflect.Method.invoke(Native Method)
09-01 10:35:39.836 E/ACRA    ( 2843): 	at com.android.internal.os.ZygoteInit$MethodAndArgsCaller.run(ZygoteInit.java:892)
09-01 10:35:39.836 E/ACRA    ( 2843): 	at com.android.internal.os.ZygoteInit.main(ZygoteInit.java:782)
09-01 10:35:39.836 E/ACRA    ( 2843): Caused by: java.lang.RuntimeException: Parcelable encountered ClassNotFoundException reading a Serializable object (name = com.android.intentfuzzer.util.SerializableTest)
09-01 10:35:39.836 E/ACRA    ( 2843): 	at android.os.Parcel.readSerializable(Parcel.java:2630)
09-01 10:35:39.836 E/ACRA    ( 2843): 	at android.os.Parcel.readValue(Parcel.java:2416)
09-01 10:35:39.836 E/ACRA    ( 2843): 	at android.os.Parcel.readArrayMapInternal(Parcel.java:2732)
09-01 10:35:39.836 E/ACRA    ( 2843): 	at android.os.BaseBundle.unparcel(BaseBundle.java:269)
09-01 10:35:39.836 E/ACRA    ( 2843): 	at android.os.BaseBundle.getByteArray(BaseBundle.java:1179)
09-01 10:35:39.836 E/ACRA    ( 2843): 	at android.os.Bundle.getByteArray(Bundle.java:1014)
09-01 10:35:39.836 E/ACRA    ( 2843): 	at android.content.Intent.getByteArrayExtra(Intent.java:6383)
09-01 10:35:39.836 E/ACRA    ( 2843): 	at at.bitfire.cert4android.TrustCertificateActivity.showCertificate(TrustCertificateActivity.kt:50)
09-01 10:35:39.836 E/ACRA    ( 2843): 	at at.bitfire.cert4android.TrustCertificateActivity.onCreate(TrustCertificateActivity.kt:40)
09-01 10:35:39.836 E/ACRA    ( 2843): 	at android.app.Activity.performCreate(Activity.java:6701)
09-01 10:35:39.836 E/ACRA    ( 2843): 	at android.app.Instrumentation.callActivityOnCreate(Instrumentation.java:1118)
09-01 10:35:39.836 E/ACRA    ( 2843): 	at android.app.ActivityThread.performLaunchActivity(ActivityThread.java:2651)
09-01 10:35:39.836 E/ACRA    ( 2843): 	... 9 more
09-01 10:35:39.836 E/ACRA    ( 2843): Caused by: java.lang.ClassNotFoundException: com.android.intentfuzzer.util.SerializableTest
09-01 10:35:39.836 E/ACRA    ( 2843): 	at java.lang.Class.classForName(Native Method)
09-01 10:35:39.836 E/ACRA    ( 2843): 	at java.lang.Class.forName(Class.java:400)
09-01 10:35:39.836 E/ACRA    ( 2843): 	at android.os.Parcel$2.resolveClass(Parcel.java:2616)
09-01 10:35:39.836 E/ACRA    ( 2843): 	at java.io.ObjectInputStream.readNonProxyDesc(ObjectInputStream.java:1613)
09-01 10:35:39.836 E/ACRA    ( 2843): 	at java.io.ObjectInputStream.readClassDesc(ObjectInputStream.java:1518)
09-01 10:35:39.836 E/ACRA    ( 2843): 	at java.io.ObjectInputStream.readOrdinaryObject(ObjectInputStream.java:1772)
09-01 10:35:39.836 E/ACRA    ( 2843): 	at java.io.ObjectInputStream.readObject0(ObjectInputStream.java:1351)
09-01 10:35:39.836 E/ACRA    ( 2843): 	at java.io.ObjectInputStream.readObject(ObjectInputStream.java:373)
09-01 10:35:39.836 E/ACRA    ( 2843): 	at android.os.Parcel.readSerializable(Parcel.java:2624)
09-01 10:35:39.836 E/ACRA    ( 2843): 	... 20 more
09-01 10:35:39.836 E/ACRA    ( 2843): Caused by: java.lang.ClassNotFoundException: Didn't find class "com.android.intentfuzzer.util.SerializableTest" on path: DexPathList[[zip file "/data/app/com.etesync.syncadapter-1/base.apk"],nativeLibraryDirectories=[/data/app/com.etesync.syncadapter-1/lib/x86_64, /system/lib64, /vendor/lib64]]
09-01 10:35:39.836 E/ACRA    ( 2843): 	at dalvik.system.BaseDexClassLoader.findClass(BaseDexClassLoader.java:56)
09-01 10:35:39.836 E/ACRA    ( 2843): 	at java.lang.ClassLoader.loadClass(ClassLoader.java:380)
09-01 10:35:39.836 E/ACRA    ( 2843): 	at java.lang.ClassLoader.loadClass(ClassLoader.java:312)
09-01 10:35:39.836 E/ACRA    ( 2843): 	... 29 more
09-01 10:35:40.005 E/EGL_adreno( 1948): tid 1965: eglSurfaceAttrib(1338): error 0x3009 (EGL_BAD_MATCH)
09-01 10:35:40.005 W/OpenGLRenderer( 1948): Failed to set EGL_SWAP_BEHAVIOR on surface 0x7fffeb5e4840, error=EGL_BAD_MATCH
09-01 10:35:40.050 D/EGL_adreno( 1948): eglMakeCurrent: 0x7fffeb43c820: ver 3 1 (tinfo 0x7fffeb40d4a0)
09-01 10:35:40.060 I/art     ( 1282): Background partial concurrent mark sweep GC freed 40041(2MB) AllocSpace objects, 64(1280KB) LOS objects, 33% free, 11MB/17MB, paused 1.108ms total 112.724ms
09-01 10:35:40.107 D/NotificationService( 1282): notify pkg=com.etesync.syncadapter pid=1282
09-01 10:35:40.111 W/System.err( 2843): java.lang.Exception: call killProcess callstack! pid=2843
09-01 10:35:40.111 W/System.err( 2843): 	at android.os.Process.killProcess(Process.java:1168)
09-01 10:35:40.111 W/System.err( 2843): 	at org.acra.util.ProcessFinisher.killProcessAndExit(ProcessFinisher.java:107)
09-01 10:35:40.111 W/System.err( 2843): 	at org.acra.util.ProcessFinisher.endApplication(ProcessFinisher.java:57)
09-01 10:35:40.111 W/System.err( 2843): 	at org.acra.builder.ReportExecutor.endApplication(ReportExecutor.java:237)
09-01 10:35:40.111 W/System.err( 2843): 	at org.acra.builder.ReportExecutor.execute(ReportExecutor.java:219)
09-01 10:35:40.111 W/System.err( 2843): 	at org.acra.builder.ReportBuilder.build(ReportBuilder.java:183)
09-01 10:35:40.111 W/System.err( 2843): 	at org.acra.reporter.ErrorReporterImpl.uncaughtException(ErrorReporterImpl.java:161)
09-01 10:35:40.111 W/System.err( 2843): 	at java.lang.ThreadGroup.uncaughtException(ThreadGroup.java:1068)
09-01 10:35:40.111 W/System.err( 2843): 	at java.lang.ThreadGroup.uncaughtException(ThreadGroup.java:1063)
09-01 10:35:40.111 I/Process ( 2843): Sending signal. PID: 2843 SIG: 9
09-01 10:35:40.141 D/EGL_adreno( 1948): eglMakeCurrent: 0x7fffeb43c820: ver 3 1 (tinfo 0x7fffeb40d4a0)
09-01 10:35:40.162 D/GraphicsStats( 1282): Buffer count: 10
09-01 10:35:40.163 I/ActivityManager( 1282): Process com.etesync.syncadapter (pid 2843) has died
09-01 10:35:40.163 D/ActivityManager( 1282): cleanUpApplicationRecord -- 2843
09-01 10:35:40.181 I/ActivityManager( 1282): Start proc 2896:com.etesync.syncadapter/u0a38 for activity com.etesync.syncadapter/.ui.DebugInfoActivity
09-01 10:35:40.186 W/ContextImpl( 1676): Calling a method in the system process without a qualified user: android.app.ContextImpl.startService:1358 android.content.ContextWrapper.startService:613 android.content.ContextWrapper.startService:613 com.android.coreservice.CoreBroadcastReceiver.onReceive:44 android.app.ActivityThread.handleReceiver:3073 
09-01 10:35:40.201 D/libnativebridge( 2896): call UnloadNativeBridge! state=1
09-01 10:35:40.408 W/art     ( 1282): Long monitor contention with owner android.display (1304) at void com.android.server.wm.WindowAnimator$1.doFrame(long)(WindowAnimator.java:144) waiters=0 in void com.android.server.wm.WindowManagerService.startAppFreezingScreen(android.os.IBinder, int) for 103ms
09-01 10:35:40.414 W/ActivityManager( 1282): Slow operation: 194ms so far, now at attachApplicationLocked: after mServices.attachApplicationLocked
09-01 10:35:40.421 W/ContextImpl( 1676): Calling a method in the system process without a qualified user: android.app.ContextImpl.startService:1358 android.content.ContextWrapper.startService:613 android.content.ContextWrapper.startService:613 com.android.coreservice.CoreBroadcastReceiver.onReceive:53 android.app.ActivityThread.handleReceiver:3073 
09-01 10:35:40.765 W/System  ( 2896): ClassLoader referenced unknown path: /data/app/com.etesync.syncadapter-1/lib/x86_64
09-01 10:35:40.913 I/ACRA    ( 2896): ACRA is enabled for com.etesync.syncadapter, initializing...
09-01 10:35:40.962 I/etesync ( 2896): Verbose logging: false; to file: false
09-01 10:35:41.008 D/StrictMode( 2896): StrictMode policy violation; ~duration=31 ms: android.os.StrictMode$StrictModeDiskReadViolation: policy=65567 violation=2
09-01 10:35:41.008 D/StrictMode( 2896): 	at android.os.StrictMode$AndroidBlockGuardPolicy.onReadFromDisk(StrictMode.java:1293)
09-01 10:35:41.008 D/StrictMode( 2896): 	at java.io.UnixFileSystem.checkAccess(UnixFileSystem.java:249)
09-01 10:35:41.008 D/StrictMode( 2896): 	at java.io.File.exists(File.java:780)
09-01 10:35:41.008 D/StrictMode( 2896): 	at android.app.ContextImpl.ensurePrivateDirExists(ContextImpl.java:512)
09-01 10:35:41.008 D/StrictMode( 2896): 	at android.app.ContextImpl.getPreferencesDir(ContextImpl.java:468)
09-01 10:35:41.008 D/StrictMode( 2896): 	at android.app.ContextImpl.getSharedPreferencesPath(ContextImpl.java:628)
09-01 10:35:41.008 D/StrictMode( 2896): 	at android.app.ContextImpl.getSharedPreferences(ContextImpl.java:345)
09-01 10:35:41.008 D/StrictMode( 2896): 	at android.content.ContextWrapper.getSharedPreferences(ContextWrapper.java:164)
09-01 10:35:41.008 D/StrictMode( 2896): 	at com.etesync.syncadapter.App.initPrefVersion(App.kt:148)
09-01 10:35:41.008 D/StrictMode( 2896): 	at com.etesync.syncadapter.App.onCreate(App.kt:68)
09-01 10:35:41.008 D/StrictMode( 2896): 	at android.app.Instrumentation.callApplicationOnCreate(Instrumentation.java:1024)
09-01 10:35:41.008 D/StrictMode( 2896): 	at android.app.ActivityThread.handleBindApplication(ActivityThread.java:5474)
09-01 10:35:41.008 D/StrictMode( 2896): 	at android.app.ActivityThread.-wrap2(ActivityThread.java)
09-01 10:35:41.008 D/StrictMode( 2896): 	at android.app.ActivityThread$H.handleMessage(ActivityThread.java:1550)
09-01 10:35:41.008 D/StrictMode( 2896): 	at android.os.Handler.dispatchMessage(Handler.java:102)
09-01 10:35:41.008 D/StrictMode( 2896): 	at android.os.Looper.loop(Looper.java:154)
09-01 10:35:41.008 D/StrictMode( 2896): 	at android.app.ActivityThread.main(ActivityThread.java:6190)
09-01 10:35:41.008 D/StrictMode( 2896): 	at java.lang.reflect.Method.invoke(Native Method)
09-01 10:35:41.008 D/StrictMode( 2896): 	at com.android.internal.os.ZygoteInit$MethodAndArgsCaller.run(ZygoteInit.java:892)
09-01 10:35:41.008 D/StrictMode( 2896): 	at com.android.internal.os.ZygoteInit.main(ZygoteInit.java:782)
09-01 10:35:41.009 D/StrictMode( 2896): StrictMode policy violation; ~duration=30 ms: android.os.StrictMode$StrictModeDiskReadViolation: policy=65567 violation=2
09-01 10:35:41.009 D/StrictMode( 2896): 	at android.os.StrictMode$AndroidBlockGuardPolicy.onReadFromDisk(StrictMode.java:1293)
09-01 10:35:41.009 D/StrictMode( 2896): 	at android.app.SharedPreferencesImpl.awaitLoadedLocked(SharedPreferencesImpl.java:213)
09-01 10:35:41.009 D/StrictMode( 2896): 	at android.app.SharedPreferencesImpl.getInt(SharedPreferencesImpl.java:251)
09-01 10:35:41.009 D/StrictMode( 2896): 	at com.etesync.syncadapter.App.initPrefVersion(App.kt:149)
09-01 10:35:41.009 D/StrictMode( 2896): 	at com.etesync.syncadapter.App.onCreate(App.kt:68)
09-01 10:35:41.009 D/StrictMode( 2896): 	at android.app.Instrumentation.callApplicationOnCreate(Instrumentation.java:1024)
09-01 10:35:41.009 D/StrictMode( 2896): 	at android.app.ActivityThread.handleBindApplication(ActivityThread.java:5474)
09-01 10:35:41.009 D/StrictMode( 2896): 	at android.app.ActivityThread.-wrap2(ActivityThread.java)
09-01 10:35:41.009 D/StrictMode( 2896): 	at android.app.ActivityThread$H.handleMessage(ActivityThread.java:1550)
09-01 10:35:41.009 D/StrictMode( 2896): 	at android.os.Handler.dispatchMessage(Handler.java:102)
09-01 10:35:41.009 D/StrictMode( 2896): 	at android.os.Looper.loop(Looper.java:154)
09-01 10:35:41.009 D/StrictMode( 2896): 	at android.app.ActivityThread.main(ActivityThread.java:6190)
09-01 10:35:41.009 D/StrictMode( 2896): 	at java.lang.reflect.Method.invoke(Native Method)
09-01 10:35:41.009 D/StrictMode( 2896): 	at com.android.internal.os.ZygoteInit$MethodAndArgsCaller.run(ZygoteInit.java:892)
09-01 10:35:41.009 D/StrictMode( 2896): 	at com.android.internal.os.ZygoteInit.main(ZygoteInit.java:782)
09-01 10:35:41.009 D/StrictMode( 2896): StrictMode policy violation; ~duration=20 ms: android.os.StrictMode$StrictModeDiskReadViolation: policy=65567 violation=2
09-01 10:35:41.009 D/StrictMode( 2896): 	at android.os.StrictMode$AndroidBlockGuardPolicy.onReadFromDisk(StrictMode.java:1293)
09-01 10:35:41.009 D/StrictMode( 2896): 	at java.io.UnixFileSystem.checkAccess(UnixFileSystem.java:249)
09-01 10:35:41.009 D/StrictMode( 2896): 	at java.io.File.exists(File.java:780)
09-01 10:35:41.009 D/StrictMode( 2896): 	at android.app.ContextImpl.getDataDir(ContextImpl.java:1939)
09-01 10:35:41.009 D/StrictMode( 2896): 	at android.app.ContextImpl.getDatabasesDir(ContextImpl.java:713)
09-01 10:35:41.009 D/StrictMode( 2896): 	at android.app.ContextImpl.getDatabasePath(ContextImpl.java:695)
09-01 10:35:41.009 D/StrictMode( 2896): 	at android.app.ContextImpl.openOrCreateDatabase(ContextImpl.java:645)
09-01 10:35:41.009 D/StrictMode( 2896): 	at android.content.ContextWrapper.openOrCreateDatabase(ContextWrapper.java:289)
09-01 10:35:41.009 D/StrictMode( 2896): 	at android.database.sqlite.SQLiteOpenHelper.getDatabaseLocked(SQLiteOpenHelper.java:223)
09-01 10:35:41.009 D/StrictMode( 2896): 	at android.database.sqlite.SQLiteOpenHelper.getReadableDatabase(SQLiteOpenHelper.java:187)
09-01 10:35:41.009 D/StrictMode( 2896): 	at com.etesync.syncadapter.App.loadLanguage(App.kt:107)
09-01 10:35:41.009 D/StrictMode( 2896): 	at com.etesync.syncadapter.App.onCreate(App.kt:77)
09-01 10:35:41.009 D/StrictMode( 2896): 	at android.app.Instrumentation.callApplicationOnCreate(Instrumentation.java:1024)
09-01 10:35:41.009 D/StrictMode( 2896): 	at android.app.ActivityThread.handleBindApplication(ActivityThread.java:5474)
09-01 10:35:41.009 D/StrictMode( 2896): 	at android.app.ActivityThread.-wrap2(ActivityThread.java)
09-01 10:35:41.009 D/StrictMode( 2896): 	at android.app.ActivityThread$H.handleMessage(ActivityThread.java:1550)
09-01 10:35:41.009 D/StrictMode( 2896): 	at android.os.Handler.dispatchMessage(Handler.java:102)
09-01 10:35:41.009 D/StrictMode( 2896): 	at android.os.Looper.loop(Looper.java:154)
09-01 10:35:41.009 D/StrictMode( 2896): 	at android.app.ActivityThread.main(ActivityThread.java:6190)
09-01 10:35:41.009 D/StrictMode( 2896): 	at java.lang.reflect.Method.invoke(Native Method)
09-01 10:35:41.009 D/StrictMode( 2896): 	at com.android.internal.os.ZygoteInit$MethodAndArgsCaller.run(ZygoteInit.java:892)
09-01 10:35:41.009 D/StrictMode( 2896): 	at com.android.internal.os.ZygoteInit.main(ZygoteInit.java:782)
09-01 10:35:41.009 D/StrictMode( 2896): StrictMode policy violation; ~duration=19 ms: android.os.StrictMode$StrictModeDiskReadViolation: policy=65567 violation=2
09-01 10:35:41.009 D/StrictMode( 2896): 	at android.os.StrictMode$AndroidBlockGuardPolicy.onReadFromDisk(StrictMode.java:1293)
09-01 10:35:41.009 D/StrictMode( 2896): 	at java.io.UnixFileSystem.checkAccess(UnixFileSystem.java:249)
09-01 10:35:41.009 D/StrictMode( 2896): 	at java.io.File.exists(File.java:780)
09-01 10:35:41.009 D/StrictMode( 2896): 	at android.app.ContextImpl.ensurePrivateDirExists(ContextImpl.java:512)
09-01 10:35:41.009 D/StrictMode( 2896): 	at android.app.ContextImpl.getDatabasesDir(ContextImpl.java:716)
09-01 10:35:41.009 D/StrictMode( 2896): 	at android.app.ContextImpl.getDatabasePath(ContextImpl.java:695)
09-01 10:35:41.009 D/StrictMode( 2896): 	at android.app.ContextImpl.openOrCreateDatabase(ContextImpl.java:645)
09-01 10:35:41.009 D/StrictMode( 2896): 	at android.content.ContextWrapper.openOrCreateDatabase(ContextWrapper.java:289)
09-01 10:35:41.009 D/StrictMode( 2896): 	at android.database.sqlite.SQLiteOpenHelper.getDatabaseLocked(SQLiteOpenHelper.java:223)
09-01 10:35:41.009 D/StrictMode( 2896): 	at android.database.sqlite.SQLiteOpenHelper.getReadableDatabase(SQLiteOpenHelper.java:187)
09-01 10:35:41.009 D/StrictMode( 2896): 	at com.etesync.syncadapter.App.loadLanguage(App.kt:107)
09-01 10:35:41.009 D/StrictMode( 2896): 	at com.etesync.syncadapter.App.onCreate(App.kt:77)
