08-31 14:48:45.383 W/System.err( 1935): 	at com.android.internal.os.ZygoteInit.main(ZygoteInit.java:782)
08-31 14:48:45.385 I/ActivityManager( 1281): START u0 {cmp=com.forrestguice.suntimeswidget/.MoonWidget0ConfigActivity (has extras)} from uid 10064 on display 0
08-31 14:48:45.388 W/ContextImpl( 1676): Calling a method in the system process without a qualified user: android.app.ContextImpl.startService:1358 android.content.ContextWrapper.startService:613 android.content.ContextWrapper.startService:613 com.android.coreservice.CoreBroadcastReceiver.onReceive:44 android.app.ActivityThread.handleReceiver:3073 
08-31 14:48:45.388 W/System.err( 1935): java.lang.Exception: Toast callstack! strTip=Sent Serializeable Intent { cmp=com.forrestguice.suntimeswidget/.MoonWidget0ConfigActivity (has extras) }
08-31 14:48:45.388 W/System.err( 1935): 	at android.widget.Toast.show(Toast.java:130)
08-31 14:48:45.388 W/System.err( 1935): 	at com.android.intentfuzzer.FuzzerActivity$4.onClick(FuzzerActivity.java:184)
08-31 14:48:45.388 W/System.err( 1935): 	at android.view.View.performClick(View.java:5637)
08-31 14:48:45.389 W/System.err( 1935): 	at android.view.View$PerformClick.run(View.java:22429)
08-31 14:48:45.389 W/System.err( 1935): 	at android.os.Handler.handleCallback(Handler.java:751)
08-31 14:48:45.389 W/System.err( 1935): 	at android.os.Handler.dispatchMessage(Handler.java:95)
08-31 14:48:45.389 W/System.err( 1935): 	at android.os.Looper.loop(Looper.java:154)
08-31 14:48:45.389 W/System.err( 1935): 	at android.app.ActivityThread.main(ActivityThread.java:6190)
08-31 14:48:45.389 W/System.err( 1935): 	at java.lang.reflect.Method.invoke(Native Method)
08-31 14:48:45.389 W/System.err( 1935): 	at com.android.internal.os.ZygoteInit$MethodAndArgsCaller.run(ZygoteInit.java:892)
08-31 14:48:45.389 W/System.err( 1935): 	at com.android.internal.os.ZygoteInit.main(ZygoteInit.java:782)
08-31 14:48:45.392 I/ActivityManager( 1281): START u0 {cmp=com.forrestguice.suntimeswidget/.MoonWidget0ConfigActivity_2x1 (has extras)} from uid 10064 on display 0
08-31 14:48:45.393 W/ContextImpl( 1676): Calling a method in the system process without a qualified user: android.app.ContextImpl.startService:1358 android.content.ContextWrapper.startService:613 android.content.ContextWrapper.startService:613 com.android.coreservice.CoreBroadcastReceiver.onReceive:44 android.app.ActivityThread.handleReceiver:3073 
08-31 14:48:45.395 W/System.err( 1935): java.lang.Exception: Toast callstack! strTip=Sent Serializeable Intent { cmp=com.forrestguice.suntimeswidget/.MoonWidget0ConfigActivity_2x1 (has extras) }
08-31 14:48:45.395 W/System.err( 1935): 	at android.widget.Toast.show(Toast.java:130)
08-31 14:48:45.395 W/System.err( 1935): 	at com.android.intentfuzzer.FuzzerActivity$4.onClick(FuzzerActivity.java:184)
08-31 14:48:45.395 W/System.err( 1935): 	at android.view.View.performClick(View.java:5637)
08-31 14:48:45.395 W/System.err( 1935): 	at android.view.View$PerformClick.run(View.java:22429)
08-31 14:48:45.395 W/System.err( 1935): 	at android.os.Handler.handleCallback(Handler.java:751)
08-31 14:48:45.395 W/System.err( 1935): 	at android.os.Handler.dispatchMessage(Handler.java:95)
08-31 14:48:45.395 W/System.err( 1935): 	at android.os.Looper.loop(Looper.java:154)
08-31 14:48:45.395 W/System.err( 1935): 	at android.app.ActivityThread.main(ActivityThread.java:6190)
08-31 14:48:45.395 W/System.err( 1935): 	at java.lang.reflect.Method.invoke(Native Method)
08-31 14:48:45.395 W/System.err( 1935): 	at com.android.internal.os.ZygoteInit$MethodAndArgsCaller.run(ZygoteInit.java:892)
08-31 14:48:45.395 W/System.err( 1935): 	at com.android.internal.os.ZygoteInit.main(ZygoteInit.java:782)
08-31 14:48:45.399 I/ActivityManager( 1281): START u0 {cmp=com.forrestguice.suntimeswidget/.MoonWidget0ConfigActivity_3x1 (has extras)} from uid 10064 on display 0
08-31 14:48:45.403 W/ContextImpl( 1676): Calling a method in the system process without a qualified user: android.app.ContextImpl.startService:1358 android.content.ContextWrapper.startService:613 android.content.ContextWrapper.startService:613 com.android.coreservice.CoreBroadcastReceiver.onReceive:44 android.app.ActivityThread.handleReceiver:3073 
08-31 14:48:45.406 W/ContextImpl( 1676): Calling a method in the system process without a qualified user: android.app.ContextImpl.startService:1358 android.content.ContextWrapper.startService:613 android.content.ContextWrapper.startService:613 com.android.coreservice.CoreBroadcastReceiver.onReceive:44 android.app.ActivityThread.handleReceiver:3073 
08-31 14:48:45.406 W/System.err( 1935): java.lang.Exception: Toast callstack! strTip=Sent Serializeable Intent { cmp=com.forrestguice.suntimeswidget/.MoonWidget0ConfigActivity_3x1 (has extras) }
08-31 14:48:45.406 W/System.err( 1935): 	at android.widget.Toast.show(Toast.java:130)
08-31 14:48:45.406 W/System.err( 1935): 	at com.android.intentfuzzer.FuzzerActivity$4.onClick(FuzzerActivity.java:184)
08-31 14:48:45.406 W/System.err( 1935): 	at android.view.View.performClick(View.java:5637)
08-31 14:48:45.406 W/System.err( 1935): 	at android.view.View$PerformClick.run(View.java:22429)
08-31 14:48:45.406 W/System.err( 1935): 	at android.os.Handler.handleCallback(Handler.java:751)
08-31 14:48:45.407 W/System.err( 1935): 	at android.os.Handler.dispatchMessage(Handler.java:95)
08-31 14:48:45.407 W/System.err( 1935): 	at android.os.Looper.loop(Looper.java:154)
08-31 14:48:45.407 W/System.err( 1935): 	at android.app.ActivityThread.main(ActivityThread.java:6190)
08-31 14:48:45.407 W/System.err( 1935): 	at java.lang.reflect.Method.invoke(Native Method)
08-31 14:48:45.407 W/System.err( 1935): 	at com.android.internal.os.ZygoteInit$MethodAndArgsCaller.run(ZygoteInit.java:892)
08-31 14:48:45.407 W/System.err( 1935): 	at com.android.internal.os.ZygoteInit.main(ZygoteInit.java:782)
08-31 14:48:45.408 W/ContextImpl( 1676): Calling a method in the system process without a qualified user: android.app.ContextImpl.startService:1358 android.content.ContextWrapper.startService:613 android.content.ContextWrapper.startService:613 com.android.coreservice.CoreBroadcastReceiver.onReceive:44 android.app.ActivityThread.handleReceiver:3073 
08-31 14:48:45.409 I/ActivityManager( 1281): START u0 {cmp=com.forrestguice.suntimeswidget/.ClockWidget0ConfigActivity (has extras)} from uid 10064 on display 0
08-31 14:48:45.413 W/ContextImpl( 1676): Calling a method in the system process without a qualified user: android.app.ContextImpl.startService:1358 android.content.ContextWrapper.startService:613 android.content.ContextWrapper.startService:613 com.android.coreservice.CoreBroadcastReceiver.onReceive:44 android.app.ActivityThread.handleReceiver:3073 
08-31 14:48:45.414 W/System.err( 1935): java.lang.Exception: Toast callstack! strTip=Sent Serializeable Intent { cmp=com.forrestguice.suntimeswidget/.ClockWidget0ConfigActivity (has extras) }
08-31 14:48:45.414 W/System.err( 1935): 	at android.widget.Toast.show(Toast.java:130)
08-31 14:48:45.414 W/System.err( 1935): 	at com.android.intentfuzzer.FuzzerActivity$4.onClick(FuzzerActivity.java:184)
08-31 14:48:45.414 W/System.err( 1935): 	at android.view.View.performClick(View.java:5637)
08-31 14:48:45.414 W/System.err( 1935): 	at android.view.View$PerformClick.run(View.java:22429)
08-31 14:48:45.414 W/System.err( 1935): 	at android.os.Handler.handleCallback(Handler.java:751)
08-31 14:48:45.414 W/System.err( 1935): 	at android.os.Handler.dispatchMessage(Handler.java:95)
08-31 14:48:45.414 W/System.err( 1935): 	at android.os.Looper.loop(Looper.java:154)
08-31 14:48:45.414 W/System.err( 1935): 	at android.app.ActivityThread.main(ActivityThread.java:6190)
08-31 14:48:45.414 W/System.err( 1935): 	at java.lang.reflect.Method.invoke(Native Method)
08-31 14:48:45.414 W/System.err( 1935): 	at com.android.internal.os.ZygoteInit$MethodAndArgsCaller.run(ZygoteInit.java:892)
08-31 14:48:45.414 W/System.err( 1935): 	at com.android.internal.os.ZygoteInit.main(ZygoteInit.java:782)
08-31 14:48:45.417 W/ContextImpl( 1676): Calling a method in the system process without a qualified user: android.app.ContextImpl.startService:1358 android.content.ContextWrapper.startService:613 android.content.ContextWrapper.startService:613 com.android.coreservice.CoreBroadcastReceiver.onReceive:44 android.app.ActivityThread.handleReceiver:3073 
08-31 14:48:45.417 I/ActivityManager( 1281): START u0 {cmp=com.forrestguice.suntimeswidget/.ClockWidget0ConfigActivity_3x1 (has extras)} from uid 10064 on display 0
08-31 14:48:45.421 W/System.err( 1935): java.lang.Exception: Toast callstack! strTip=Sent Serializeable Intent { cmp=com.forrestguice.suntimeswidget/.ClockWidget0ConfigActivity_3x1 (has extras) }
08-31 14:48:45.422 W/System.err( 1935): 	at android.widget.Toast.show(Toast.java:130)
08-31 14:48:45.422 W/System.err( 1935): 	at com.android.intentfuzzer.FuzzerActivity$4.onClick(FuzzerActivity.java:184)
08-31 14:48:45.422 W/System.err( 1935): 	at android.view.View.performClick(View.java:5637)
08-31 14:48:45.422 W/System.err( 1935): 	at android.view.View$PerformClick.run(View.java:22429)
08-31 14:48:45.422 W/System.err( 1935): 	at android.os.Handler.handleCallback(Handler.java:751)
08-31 14:48:45.422 W/System.err( 1935): 	at android.os.Handler.dispatchMessage(Handler.java:95)
08-31 14:48:45.422 W/System.err( 1935): 	at android.os.Looper.loop(Looper.java:154)
08-31 14:48:45.422 W/System.err( 1935): 	at android.app.ActivityThread.main(ActivityThread.java:6190)
08-31 14:48:45.422 W/System.err( 1935): 	at java.lang.reflect.Method.invoke(Native Method)
08-31 14:48:45.422 W/System.err( 1935): 	at com.android.internal.os.ZygoteInit$MethodAndArgsCaller.run(ZygoteInit.java:892)
08-31 14:48:45.422 W/System.err( 1935): 	at com.android.internal.os.ZygoteInit.main(ZygoteInit.java:782)
08-31 14:48:45.426 W/ContextImpl( 1676): Calling a method in the system process without a qualified user: android.app.ContextImpl.startService:1358 android.content.ContextWrapper.startService:613 android.content.ContextWrapper.startService:613 com.android.coreservice.CoreBroadcastReceiver.onReceive:44 android.app.ActivityThread.handleReceiver:3073 
08-31 14:48:45.437 I/ActivityManager( 1281): Start proc 1992:com.forrestguice.suntimeswidget/u0a40 for activity com.forrestguice.suntimeswidget/.ClockWidget0ConfigActivity_3x1
08-31 14:48:45.440 W/ContextImpl( 1676): Calling a method in the system process without a qualified user: android.app.ContextImpl.startService:1358 android.content.ContextWrapper.startService:613 android.content.ContextWrapper.startService:613 com.android.coreservice.CoreBroadcastReceiver.onReceive:44 android.app.ActivityThread.handleReceiver:3073 
08-31 14:48:45.455 D/libnativebridge( 1992): call UnloadNativeBridge! state=1
08-31 14:48:45.491 W/ContextImpl( 1676): Calling a method in the system process without a qualified user: android.app.ContextImpl.startService:1358 android.content.ContextWrapper.startService:613 android.content.ContextWrapper.startService:613 com.android.coreservice.CoreBroadcastReceiver.onReceive:53 android.app.ActivityThread.handleReceiver:3073 
08-31 14:48:45.529 E/EGL_adreno( 1935): tid 1952: eglSurfaceAttrib(1338): error 0x3009 (EGL_BAD_MATCH)
08-31 14:48:45.529 W/OpenGLRenderer( 1935): Failed to set EGL_SWAP_BEHAVIOR on surface 0x7fffeb5f5b80, error=EGL_BAD_MATCH
08-31 14:48:45.533 D/EGL_adreno( 1935): eglMakeCurrent: 0x7fffeb454c20: ver 3 1 (tinfo 0x7fffeb40d8a0)
08-31 14:48:45.735 W/System  ( 1992): ClassLoader referenced unknown path: /data/app/com.forrestguice.suntimeswidget-1/lib/x86_64
08-31 14:48:45.799 I/TIME4A  ( 1992): Starting Time4A (v4.2-2018g published on 2018-12-21)
08-31 14:48:45.799 I/TIME4A  ( 1992): Main-Thread consumed in ms: 37
08-31 14:48:45.865 W/art     ( 1992): Before Android 4.1, method android.graphics.PorterDuffColorFilter android.support.graphics.drawable.VectorDrawableCompat.updateTintFilter(android.graphics.PorterDuffColorFilter, android.content.res.ColorStateList, android.graphics.PorterDuff$Mode) would have incorrectly overridden the package-private method in android.graphics.drawable.Drawable
08-31 14:48:45.983 D/AndroidRuntime( 1992): Shutting down VM
08-31 14:48:45.985 E/AndroidRuntime( 1992): FATAL EXCEPTION: main
08-31 14:48:45.985 E/AndroidRuntime( 1992): Process: com.forrestguice.suntimeswidget, PID: 1992
08-31 14:48:45.985 E/AndroidRuntime( 1992): java.lang.RuntimeException: Unable to start activity ComponentInfo{com.forrestguice.suntimeswidget/com.forrestguice.suntimeswidget.ClockWidget0ConfigActivity_3x1}: java.lang.RuntimeException: Parcelable encountered ClassNotFoundException reading a Serializable object (name = com.android.intentfuzzer.util.SerializableTest)
08-31 14:48:45.985 E/AndroidRuntime( 1992): 	at android.app.ActivityThread.performLaunchActivity(ActivityThread.java:2698)
08-31 14:48:45.985 E/AndroidRuntime( 1992): 	at android.app.ActivityThread.handleLaunchActivity(ActivityThread.java:2759)
08-31 14:48:45.985 E/AndroidRuntime( 1992): 	at android.app.ActivityThread.-wrap12(ActivityThread.java)
08-31 14:48:45.985 E/AndroidRuntime( 1992): 	at android.app.ActivityThread$H.handleMessage(ActivityThread.java:1482)
08-31 14:48:45.985 E/AndroidRuntime( 1992): 	at android.os.Handler.dispatchMessage(Handler.java:102)
08-31 14:48:45.985 E/AndroidRuntime( 1992): 	at android.os.Looper.loop(Looper.java:154)
08-31 14:48:45.985 E/AndroidRuntime( 1992): 	at android.app.ActivityThread.main(ActivityThread.java:6190)
08-31 14:48:45.985 E/AndroidRuntime( 1992): 	at java.lang.reflect.Method.invoke(Native Method)
08-31 14:48:45.985 E/AndroidRuntime( 1992): 	at com.android.internal.os.ZygoteInit$MethodAndArgsCaller.run(ZygoteInit.java:892)
08-31 14:48:45.985 E/AndroidRuntime( 1992): 	at com.android.internal.os.ZygoteInit.main(ZygoteInit.java:782)
08-31 14:48:45.985 E/AndroidRuntime( 1992): Caused by: java.lang.RuntimeException: Parcelable encountered ClassNotFoundException reading a Serializable object (name = com.android.intentfuzzer.util.SerializableTest)
08-31 14:48:45.985 E/AndroidRuntime( 1992): 	at android.os.Parcel.readSerializable(Parcel.java:2630)
08-31 14:48:45.985 E/AndroidRuntime( 1992): 	at android.os.Parcel.readValue(Parcel.java:2416)
08-31 14:48:45.985 E/AndroidRuntime( 1992): 	at android.os.Parcel.readArrayMapInternal(Parcel.java:2732)
08-31 14:48:45.985 E/AndroidRuntime( 1992): 	at android.os.BaseBundle.unparcel(BaseBundle.java:269)
08-31 14:48:45.985 E/AndroidRuntime( 1992): 	at android.os.BaseBundle.getInt(BaseBundle.java:867)
08-31 14:48:45.985 E/AndroidRuntime( 1992): 	at com.forrestguice.suntimeswidget.SuntimesConfigActivity0.onCreate(SuntimesConfigActivity0.java:160)
08-31 14:48:45.985 E/AndroidRuntime( 1992): 	at android.app.Activity.performCreate(Activity.java:6701)
08-31 14:48:45.985 E/AndroidRuntime( 1992): 	at android.app.Instrumentation.callActivityOnCreate(Instrumentation.java:1118)
08-31 14:48:45.985 E/AndroidRuntime( 1992): 	at android.app.ActivityThread.performLaunchActivity(ActivityThread.java:2651)
08-31 14:48:45.985 E/AndroidRuntime( 1992): 	... 9 more
08-31 14:48:45.985 E/AndroidRuntime( 1992): Caused by: java.lang.ClassNotFoundException: com.android.intentfuzzer.util.SerializableTest
08-31 14:48:45.985 E/AndroidRuntime( 1992): 	at java.lang.Class.classForName(Native Method)
08-31 14:48:45.985 E/AndroidRuntime( 1992): 	at java.lang.Class.forName(Class.java:400)
08-31 14:48:45.985 E/AndroidRuntime( 1992): 	at android.os.Parcel$2.resolveClass(Parcel.java:2616)
08-31 14:48:45.985 E/AndroidRuntime( 1992): 	at java.io.ObjectInputStream.readNonProxyDesc(ObjectInputStream.java:1613)
08-31 14:48:45.985 E/AndroidRuntime( 1992): 	at java.io.ObjectInputStream.readClassDesc(ObjectInputStream.java:1518)
08-31 14:48:45.985 E/AndroidRuntime( 1992): 	at java.io.ObjectInputStream.readOrdinaryObject(ObjectInputStream.java:1772)
08-31 14:48:45.985 E/AndroidRuntime( 1992): 	at java.io.ObjectInputStream.readObject0(ObjectInputStream.java:1351)
08-31 14:48:45.985 E/AndroidRuntime( 1992): 	at java.io.ObjectInputStream.readObject(ObjectInputStream.java:373)
08-31 14:48:45.985 E/AndroidRuntime( 1992): 	at android.os.Parcel.readSerializable(Parcel.java:2624)
08-31 14:48:45.985 E/AndroidRuntime( 1992): 	... 17 more
08-31 14:48:45.985 E/AndroidRuntime( 1992): Caused by: java.lang.ClassNotFoundException: Didn't find class "com.android.intentfuzzer.util.SerializableTest" on path: DexPathList[[zip file "/data/app/com.forrestguice.suntimeswidget-1/base.apk"],nativeLibraryDirectories=[/data/app/com.forrestguice.suntimeswidget-1/lib/x86_64, /system/lib64, /vendor/lib64]]
08-31 14:48:45.985 E/AndroidRuntime( 1992): 	at dalvik.system.BaseDexClassLoader.findClass(BaseDexClassLoader.java:56)
08-31 14:48:45.985 E/AndroidRuntime( 1992): 	at java.lang.ClassLoader.loadClass(ClassLoader.java:380)
08-31 14:48:45.985 E/AndroidRuntime( 1992): 	at java.lang.ClassLoader.loadClass(ClassLoader.java:312)
08-31 14:48:45.985 E/AndroidRuntime( 1992): 	... 26 more
08-31 14:48:45.987 W/ActivityManager( 1281):   Force finishing activity com.forrestguice.suntimeswidget/.ClockWidget0ConfigActivity_3x1
08-31 14:48:45.990 W/System.err( 1281): java.lang.Exception: show AlertDialog! title=Suntimes
08-31 14:48:45.990 W/System.err( 1281): 	at android.app.AlertDialog.show(AlertDialog.java:134)
08-31 14:48:45.990 W/System.err( 1281): 	at com.android.server.am.AppErrors.handleShowAppErrorUi(AppErrors.java:719)
08-31 14:48:45.990 W/System.err( 1281): 	at com.android.server.am.ActivityManagerService$UiHandler.handleMessage(ActivityManagerService.java:1637)
08-31 14:48:45.990 W/System.err( 1281): 	at android.os.Handler.dispatchMessage(Handler.java:102)
08-31 14:48:45.990 W/System.err( 1281): 	at android.os.Looper.loop(Looper.java:154)
08-31 14:48:45.990 W/System.err( 1281): 	at android.os.HandlerThread.run(HandlerThread.java:61)
08-31 14:48:45.990 W/System.err( 1281): 	at com.android.server.ServiceThread.run(ServiceThread.java:46)
08-31 14:48:46.026 I/HostConnection( 1281): HostConnection::HostConnection: pid=1281, tid=1989, this=0x7fffcdb9dd60
08-31 14:48:46.028 I/        ( 1281): fastpipe: Connect success
08-31 14:48:46.029 D/HostConnection( 1281): HostRPC::connect sucess: app=system_server, pid=1281, tid=1989, this=0x7fffcb5f2f00
08-31 14:48:46.031 D/HostConnection( 1281): queryAndSetGLESMaxVersion select gles-version: 3.1 hostGLVersion:46 process:system_server
08-31 14:48:46.036 I/OpenGLRenderer( 1281): Initialized EGL, version 1.4
08-31 14:48:46.036 D/OpenGLRenderer( 1281): Swap behavior 1
08-31 14:48:46.036 I/EGL_adreno( 1281): eglCreateContext request GLES major-version=2
08-31 14:48:46.084 D/EGL_adreno( 1281): eglCreateContext: 0x7fffccffacc0: maj 3 min 1 rcv 4
08-31 14:48:46.168 D/EGL_adreno( 1281): eglMakeCurrent: 0x7fffccffacc0: ver 3 1 (tinfo 0x7fffcdb14d40)
08-31 14:48:46.217 E/EGL_adreno( 1281): tid 1989: eglSurfaceAttrib(1338): error 0x3009 (EGL_BAD_MATCH)
08-31 14:48:46.218 W/OpenGLRenderer( 1281): Failed to set EGL_SWAP_BEHAVIOR on surface 0x7fffcdb124c0, error=EGL_BAD_MATCH
08-31 14:48:46.225 D/EGL_adreno( 1281): eglMakeCurrent: 0x7fffccffacc0: ver 3 1 (tinfo 0x7fffcdb14d40)
08-31 14:48:46.489 W/ActivityManager( 1281): Activity pause timeout for ActivityRecord{d520911 u0 com.forrestguice.suntimeswidget/.ClockWidget0ConfigActivity_3x1 t3 f}
08-31 14:48:46.526 W/ContextImpl( 1676): Calling a method in the system process without a qualified user: android.app.ContextImpl.startService:1358 android.content.ContextWrapper.startService:613 android.content.ContextWrapper.startService:613 com.android.coreservice.CoreBroadcastReceiver.onReceive:44 android.app.ActivityThread.handleReceiver:3073 
08-31 14:48:48.396 D/audio_hw_hal( 1087): log_func, out_standby
08-31 14:48:48.396 D/audio_hw_hal( 1087): raw_close_output_stream, dev=0xf6e480c0, stream =0xf6e43140
08-31 14:48:48.396 D/audio_hw_hal( 1087): raw_close_output_stream, stream=0xf6e43140,  success!
08-31 14:48:48.806 D/EGL_adreno( 1935): eglMakeCurrent: 0x7fffeb454c20: ver 3 1 (tinfo 0x7fffeb40d8a0)
08-31 14:48:48.822 W/WindowManager( 1281): Attempted to remove non-existing token: android.os.Binder@397e7b6
08-31 14:48:48.946 E/EGL_adreno( 1935): tid 1952: eglSurfaceAttrib(1338): error 0x3009 (EGL_BAD_MATCH)
08-31 14:48:48.946 W/OpenGLRenderer( 1935): Failed to set EGL_SWAP_BEHAVIOR on surface 0x7fffeb5f5b80, error=EGL_BAD_MATCH
08-31 14:48:48.947 D/EGL_adreno( 1935): eglMakeCurrent: 0x7fffeb454c20: ver 3 1 (tinfo 0x7fffeb40d8a0)
08-31 14:48:51.628 W/WindowManager( 1281): Failed looking up window
08-31 14:48:51.628 W/WindowManager( 1281): java.lang.IllegalArgumentException: Requested window android.view.ViewRootImpl$W@868147c does not exist
08-31 14:48:51.628 W/WindowManager( 1281): 	at com.android.server.wm.WindowManagerService.windowForClientLocked(WindowManagerService.java:9459)
08-31 14:48:51.628 W/WindowManager( 1281): 	at com.android.server.wm.WindowManagerService.windowForClientLocked(WindowManagerService.java:9450)
08-31 14:48:51.628 W/WindowManager( 1281): 	at com.android.server.wm.WindowManagerService.removeWindow(WindowManagerService.java:2410)
08-31 14:48:51.628 W/WindowManager( 1281): 	at com.android.server.wm.Session.remove(Session.java:202)
08-31 14:48:51.628 W/WindowManager( 1281): 	at android.view.ViewRootImpl.dispatchDetachedFromWindow(ViewRootImpl.java:3290)
08-31 14:48:51.628 W/WindowManager( 1281): 	at android.view.ViewRootImpl.doDie(ViewRootImpl.java:5917)
08-31 14:48:51.628 W/WindowManager( 1281): 	at android.view.ViewRootImpl$ViewRootHandler.handleMessage(ViewRootImpl.java:3626)
08-31 14:48:51.628 W/WindowManager( 1281): 	at android.os.Handler.dispatchMessage(Handler.java:102)
08-31 14:48:51.628 W/WindowManager( 1281): 	at android.os.Looper.loop(Looper.java:154)
08-31 14:48:51.628 W/WindowManager( 1281): 	at android.os.HandlerThread.run(HandlerThread.java:61)
08-31 14:48:51.628 W/WindowManager( 1281): 	at com.android.server.ServiceThread.run(ServiceThread.java:46)
08-31 14:48:52.327 D/EGL_adreno( 1935): eglMakeCurrent: 0x7fffeb454c20: ver 3 1 (tinfo 0x7fffeb40d8a0)
08-31 14:48:52.339 W/WindowManager( 1281): Attempted to remove non-existing token: android.os.Binder@372a38d
08-31 14:48:52.443 E/EGL_adreno( 1935): tid 1952: eglSurfaceAttrib(1338): error 0x3009 (EGL_BAD_MATCH)
08-31 14:48:52.443 W/OpenGLRenderer( 1935): Failed to set EGL_SWAP_BEHAVIOR on surface 0x7fffeb5f5b80, error=EGL_BAD_MATCH
08-31 14:48:52.445 D/EGL_adreno( 1935): eglMakeCurrent: 0x7fffeb454c20: ver 3 1 (tinfo 0x7fffeb40d8a0)
08-31 14:48:55.305 W/ActivityManager( 1281): Launch timeout has expired, giving up wake lock!
08-31 14:48:55.895 D/EGL_adreno( 1935): eglMakeCurrent: 0x7fffeb454c20: ver 3 1 (tinfo 0x7fffeb40d8a0)
08-31 14:48:55.906 W/WindowManager( 1281): Attempted to remove non-existing token: android.os.Binder@3065690
08-31 14:48:56.024 E/EGL_adreno( 1935): tid 1952: eglSurfaceAttrib(1338): error 0x3009 (EGL_BAD_MATCH)
08-31 14:48:56.024 W/OpenGLRenderer( 1935): Failed to set EGL_SWAP_BEHAVIOR on surface 0x7fffeb5f5b80, error=EGL_BAD_MATCH
08-31 14:48:56.026 D/EGL_adreno( 1935): eglMakeCurrent: 0x7fffeb454c20: ver 3 1 (tinfo 0x7fffeb40d8a0)
08-31 14:48:59.411 D/EGL_adreno( 1935): eglMakeCurrent: 0x7fffeb454c20: ver 3 1 (tinfo 0x7fffeb40d8a0)
08-31 14:48:59.422 W/WindowManager( 1281): Attempted to remove non-existing token: android.os.Binder@b72eb89
08-31 14:48:59.518 E/EGL_adreno( 1935): tid 1952: eglSurfaceAttrib(1338): error 0x3009 (EGL_BAD_MATCH)
08-31 14:48:59.518 W/OpenGLRenderer( 1935): Failed to set EGL_SWAP_BEHAVIOR on surface 0x7fffeb5f5b80, error=EGL_BAD_MATCH
08-31 14:48:59.524 D/EGL_adreno( 1935): eglMakeCurrent: 0x7fffeb454c20: ver 3 1 (tinfo 0x7fffeb40d8a0)
08-31 14:49:02.929 D/EGL_adreno( 1935): eglMakeCurrent: 0x7fffeb454c20: ver 3 1 (tinfo 0x7fffeb40d8a0)
08-31 14:49:02.939 W/WindowManager( 1281): Attempted to remove non-existing token: android.os.Binder@8a8378e
08-31 14:49:03.067 E/EGL_adreno( 1935): tid 1952: eglSurfaceAttrib(1338): error 0x3009 (EGL_BAD_MATCH)
08-31 14:49:03.067 W/OpenGLRenderer( 1935): Failed to set EGL_SWAP_BEHAVIOR on surface 0x7fffeb5f5b80, error=EGL_BAD_MATCH
08-31 14:49:03.070 D/EGL_adreno( 1935): eglMakeCurrent: 0x7fffeb454c20: ver 3 1 (tinfo 0x7fffeb40d8a0)
08-31 14:49:04.626 D/WifiStateMachine( 1281): setScanResults mScanResults.size=1
08-31 14:49:06.445 D/EGL_adreno( 1935): eglMakeCurrent: 0x7fffeb454c20: ver 3 1 (tinfo 0x7fffeb40d8a0)
08-31 14:49:06.456 W/WindowManager( 1281): Attempted to remove non-existing token: android.os.Binder@e743e9a
08-31 14:49:06.576 E/EGL_adreno( 1935): tid 1952: eglSurfaceAttrib(1338): error 0x3009 (EGL_BAD_MATCH)
08-31 14:49:06.576 W/OpenGLRenderer( 1935): Failed to set EGL_SWAP_BEHAVIOR on surface 0x7fffeb5f5b80, error=EGL_BAD_MATCH
08-31 14:49:06.579 D/EGL_adreno( 1935): eglMakeCurrent: 0x7fffeb454c20: ver 3 1 (tinfo 0x7fffeb40d8a0)
08-31 14:49:09.968 D/EGL_adreno( 1935): eglMakeCurrent: 0x7fffeb454c20: ver 3 1 (tinfo 0x7fffeb40d8a0)
08-31 14:49:09.972 W/WindowManager( 1281): Attempted to remove non-existing token: android.os.Binder@ac7aa66
08-31 14:49:10.107 E/EGL_adreno( 1935): tid 1952: eglSurfaceAttrib(1338): error 0x3009 (EGL_BAD_MATCH)
08-31 14:49:10.107 W/OpenGLRenderer( 1935): Failed to set EGL_SWAP_BEHAVIOR on surface 0x7fffeb5f5b80, error=EGL_BAD_MATCH
08-31 14:49:10.110 D/EGL_adreno( 1935): eglMakeCurrent: 0x7fffeb454c20: ver 3 1 (tinfo 0x7fffeb40d8a0)
08-31 14:49:13.478 D/EGL_adreno( 1935): eglMakeCurrent: 0x7fffeb454c20: ver 3 1 (tinfo 0x7fffeb40d8a0)
08-31 14:49:13.489 W/WindowManager( 1281): Attempted to remove non-existing token: android.os.Binder@cce5654
08-31 14:49:13.603 E/EGL_adreno( 1935): tid 1952: eglSurfaceAttrib(1338): error 0x3009 (EGL_BAD_MATCH)
08-31 14:49:13.603 W/OpenGLRenderer( 1935): Failed to set EGL_SWAP_BEHAVIOR on surface 0x7fffeb5f5b80, error=EGL_BAD_MATCH
08-31 14:49:13.607 D/EGL_adreno( 1935): eglMakeCurrent: 0x7fffeb454c20: ver 3 1 (tinfo 0x7fffeb40d8a0)
08-31 14:49:17.004 D/EGL_adreno( 1935): eglMakeCurrent: 0x7fffeb454c20: ver 3 1 (tinfo 0x7fffeb40d8a0)
08-31 14:49:17.005 W/WindowManager( 1281): Attempted to remove non-existing token: android.os.Binder@ae483c0
08-31 14:49:17.139 E/EGL_adreno( 1935): tid 1952: eglSurfaceAttrib(1338): error 0x3009 (EGL_BAD_MATCH)
08-31 14:49:17.139 W/OpenGLRenderer( 1935): Failed to set EGL_SWAP_BEHAVIOR on surface 0x7fffeb5f5b80, error=EGL_BAD_MATCH
08-31 14:49:17.142 D/EGL_adreno( 1935): eglMakeCurrent: 0x7fffeb454c20: ver 3 1 (tinfo 0x7fffeb40d8a0)
08-31 14:49:20.512 D/EGL_adreno( 1935): eglMakeCurrent: 0x7fffeb454c20: ver 3 1 (tinfo 0x7fffeb40d8a0)
08-31 14:49:20.523 W/WindowManager( 1281): Attempted to remove non-existing token: android.os.Binder@36e1bec
08-31 14:49:20.633 E/EGL_adreno( 1935): tid 1952: eglSurfaceAttrib(1338): error 0x3009 (EGL_BAD_MATCH)
08-31 14:49:20.633 W/OpenGLRenderer( 1935): Failed to set EGL_SWAP_BEHAVIOR on surface 0x7fffeb5f5b80, error=EGL_BAD_MATCH
08-31 14:49:20.636 D/EGL_adreno( 1935): eglMakeCurrent: 0x7fffeb454c20: ver 3 1 (tinfo 0x7fffeb40d8a0)
08-31 14:49:24.026 D/EGL_adreno( 1935): eglMakeCurrent: 0x7fffeb454c20: ver 3 1 (tinfo 0x7fffeb40d8a0)
08-31 14:49:24.039 W/WindowManager( 1281): Attempted to remove non-existing token: android.os.Binder@170ad8
08-31 14:49:24.159 E/EGL_adreno( 1935): tid 1952: eglSurfaceAttrib(1338): error 0x3009 (EGL_BAD_MATCH)
08-31 14:49:24.159 W/OpenGLRenderer( 1935): Failed to set EGL_SWAP_BEHAVIOR on surface 0x7fffeb5f5b80, error=EGL_BAD_MATCH
08-31 14:49:24.162 D/EGL_adreno( 1935): eglMakeCurrent: 0x7fffeb454c20: ver 3 1 (tinfo 0x7fffeb40d8a0)
08-31 14:49:27.548 D/EGL_adreno( 1935): eglMakeCurrent: 0x7fffeb454c20: ver 3 1 (tinfo 0x7fffeb40d8a0)
08-31 14:49:27.556 W/WindowManager( 1281): Attempted to remove non-existing token: android.os.Binder@75dfc84
08-31 14:49:27.671 E/EGL_adreno( 1935): tid 1952: eglSurfaceAttrib(1338): error 0x3009 (EGL_BAD_MATCH)
08-31 14:49:27.671 W/OpenGLRenderer( 1935): Failed to set EGL_SWAP_BEHAVIOR on surface 0x7fffeb5f5b80, error=EGL_BAD_MATCH
08-31 14:49:27.673 D/EGL_adreno( 1935): eglMakeCurrent: 0x7fffeb454c20: ver 3 1 (tinfo 0x7fffeb40d8a0)
08-31 14:49:31.076 D/EGL_adreno( 1935): eglMakeCurrent: 0x7fffeb454c20: ver 3 1 (tinfo 0x7fffeb40d8a0)
08-31 14:49:31.089 W/WindowManager( 1281): Attempted to remove non-existing token: android.os.Binder@7005cf0
08-31 14:49:31.224 E/EGL_adreno( 1935): tid 1952: eglSurfaceAttrib(1338): error 0x3009 (EGL_BAD_MATCH)
08-31 14:49:31.224 W/OpenGLRenderer( 1935): Failed to set EGL_SWAP_BEHAVIOR on surface 0x7fffeb5f5b80, error=EGL_BAD_MATCH
08-31 14:49:31.226 D/EGL_adreno( 1935): eglMakeCurrent: 0x7fffeb454c20: ver 3 1 (tinfo 0x7fffeb40d8a0)
08-31 14:49:34.596 D/EGL_adreno( 1935): eglMakeCurrent: 0x7fffeb454c20: ver 3 1 (tinfo 0x7fffeb40d8a0)
08-31 14:49:34.606 W/WindowManager( 1281): Attempted to remove non-existing token: android.os.Binder@926581c
08-31 14:49:34.724 E/EGL_adreno( 1935): tid 1952: eglSurfaceAttrib(1338): error 0x3009 (EGL_BAD_MATCH)
08-31 14:49:34.724 W/OpenGLRenderer( 1935): Failed to set EGL_SWAP_BEHAVIOR on surface 0x7fffeb5f5b80, error=EGL_BAD_MATCH
08-31 14:49:34.728 D/EGL_adreno( 1935): eglMakeCurrent: 0x7fffeb454c20: ver 3 1 (tinfo 0x7fffeb40d8a0)
08-31 14:49:38.113 D/EGL_adreno( 1935): eglMakeCurrent: 0x7fffeb454c20: ver 3 1 (tinfo 0x7fffeb40d8a0)
08-31 14:49:38.122 W/WindowManager( 1281): Attempted to remove non-existing token: android.os.Binder@4eda08
08-31 14:49:38.237 E/EGL_adreno( 1935): tid 1952: eglSurfaceAttrib(1338): error 0x3009 (EGL_BAD_MATCH)
08-31 14:49:38.237 W/OpenGLRenderer( 1935): Failed to set EGL_SWAP_BEHAVIOR on surface 0x7fffeb5f5b80, error=EGL_BAD_MATCH
08-31 14:49:38.241 D/EGL_adreno( 1935): eglMakeCurrent: 0x7fffeb454c20: ver 3 1 (tinfo 0x7fffeb40d8a0)
08-31 14:49:41.628 D/EGL_adreno( 1935): eglMakeCurrent: 0x7fffeb454c20: ver 3 1 (tinfo 0x7fffeb40d8a0)
08-31 14:49:41.639 W/WindowManager( 1281): Attempted to remove non-existing token: android.os.Binder@5fb8eb4
08-31 14:49:41.743 E/EGL_adreno( 1935): tid 1952: eglSurfaceAttrib(1338): error 0x3009 (EGL_BAD_MATCH)
08-31 14:49:41.744 W/OpenGLRenderer( 1935): Failed to set EGL_SWAP_BEHAVIOR on surface 0x7fffeb5f5b80, error=EGL_BAD_MATCH
08-31 14:49:41.746 D/EGL_adreno( 1935): eglMakeCurrent: 0x7fffeb454c20: ver 3 1 (tinfo 0x7fffeb40d8a0)
08-31 14:49:45.152 D/EGL_adreno( 1935): eglMakeCurrent: 0x7fffeb454c20: ver 3 1 (tinfo 0x7fffeb40d8a0)
08-31 14:49:45.156 W/WindowManager( 1281): Attempted to remove non-existing token: android.os.Binder@81ce220
08-31 14:49:45.295 E/EGL_adreno( 1935): tid 1952: eglSurfaceAttrib(1338): error 0x3009 (EGL_BAD_MATCH)
08-31 14:49:45.295 W/OpenGLRenderer( 1935): Failed to set EGL_SWAP_BEHAVIOR on surface 0x7fffeb5f5b80, error=EGL_BAD_MATCH
08-31 14:49:45.299 D/EGL_adreno( 1935): eglMakeCurrent: 0x7fffeb454c20: ver 3 1 (tinfo 0x7fffeb40d8a0)
08-31 14:49:48.692 D/EGL_adreno( 1935): eglMakeCurrent: 0x7fffeb454c20: ver 3 1 (tinfo 0x7fffeb40d8a0)
08-31 14:49:48.705 W/WindowManager( 1281): Attempted to remove non-existing token: android.os.Binder@13e004c
08-31 14:49:48.820 E/EGL_adreno( 1935): tid 1952: eglSurfaceAttrib(1338): error 0x3009 (EGL_BAD_MATCH)
08-31 14:49:48.820 W/OpenGLRenderer( 1935): Failed to set EGL_SWAP_BEHAVIOR on surface 0x7fffeb5f5b80, error=EGL_BAD_MATCH
08-31 14:49:48.823 D/EGL_adreno( 1935): eglMakeCurrent: 0x7fffeb454c20: ver 3 1 (tinfo 0x7fffeb40d8a0)
08-31 14:49:52.217 D/EGL_adreno( 1935): eglMakeCurrent: 0x7fffeb454c20: ver 3 1 (tinfo 0x7fffeb40d8a0)
08-31 14:49:52.223 W/WindowManager( 1281): Attempted to remove non-existing token: android.os.Binder@770d538
08-31 14:49:52.339 E/EGL_adreno( 1935): tid 1952: eglSurfaceAttrib(1338): error 0x3009 (EGL_BAD_MATCH)
08-31 14:49:52.340 W/OpenGLRenderer( 1935): Failed to set EGL_SWAP_BEHAVIOR on surface 0x7fffeb5f5b80, error=EGL_BAD_MATCH
08-31 14:49:52.342 D/EGL_adreno( 1935): eglMakeCurrent: 0x7fffeb454c20: ver 3 1 (tinfo 0x7fffeb40d8a0)
08-31 14:49:55.730 D/EGL_adreno( 1935): eglMakeCurrent: 0x7fffeb454c20: ver 3 1 (tinfo 0x7fffeb40d8a0)
08-31 14:49:55.739 W/WindowManager( 1281): Attempted to remove non-existing token: android.os.Binder@dfa0ce4
