08-31 14:47:09.160 I/ActivityManager( 1281): Displayed com.forrestguice.suntimeswidget/.alarmclock.ui.AlarmClockActivityLauncher: +626ms (total +2s41ms)
08-31 14:47:09.166 W/ContextImpl( 1676): Calling a method in the system process without a qualified user: android.app.ContextImpl.startService:1358 android.content.ContextWrapper.startService:613 android.content.ContextWrapper.startService:613 com.android.coreservice.CoreBroadcastReceiver.onReceive:69 android.app.ActivityThread.handleReceiver:3073 
08-31 14:47:09.170 W/ContextImpl( 1676): Calling a method in the system process without a qualified user: android.app.ContextImpl.startService:1358 android.content.ContextWrapper.startService:613 android.content.ContextWrapper.startService:613 com.android.coreservice.CoreBroadcastReceiver.onReceive:69 android.app.ActivityThread.handleReceiver:3073 
08-31 14:47:09.256 D/AndroidRuntime( 1964): Shutting down VM
--------- beginning of crash
08-31 14:47:09.260 E/AndroidRuntime( 1964): FATAL EXCEPTION: main
08-31 14:47:09.260 E/AndroidRuntime( 1964): Process: com.forrestguice.suntimeswidget, PID: 1964
08-31 14:47:09.260 E/AndroidRuntime( 1964): java.lang.RuntimeException: Unable to destroy activity {com.forrestguice.suntimeswidget/com.forrestguice.suntimeswidget.SuntimesConfigActivity0}: java.lang.NullPointerException: Attempt to invoke virtual method 'void com.forrestguice.suntimeswidget.LocationConfigView.cancelGetFix()' on a null object reference
08-31 14:47:09.260 E/AndroidRuntime( 1964): 	at android.app.ActivityThread.performDestroyActivity(ActivityThread.java:4239)
08-31 14:47:09.260 E/AndroidRuntime( 1964): 	at android.app.ActivityThread.handleDestroyActivity(ActivityThread.java:4257)
08-31 14:47:09.260 E/AndroidRuntime( 1964): 	at android.app.ActivityThread.-wrap6(ActivityThread.java)
08-31 14:47:09.260 E/AndroidRuntime( 1964): 	at android.app.ActivityThread$H.handleMessage(ActivityThread.java:1543)
08-31 14:47:09.260 E/AndroidRuntime( 1964): 	at android.os.Handler.dispatchMessage(Handler.java:102)
08-31 14:47:09.260 E/AndroidRuntime( 1964): 	at android.os.Looper.loop(Looper.java:154)
08-31 14:47:09.260 E/AndroidRuntime( 1964): 	at android.app.ActivityThread.main(ActivityThread.java:6190)
08-31 14:47:09.260 E/AndroidRuntime( 1964): 	at java.lang.reflect.Method.invoke(Native Method)
08-31 14:47:09.260 E/AndroidRuntime( 1964): 	at com.android.internal.os.ZygoteInit$MethodAndArgsCaller.run(ZygoteInit.java:892)
08-31 14:47:09.260 E/AndroidRuntime( 1964): 	at com.android.internal.os.ZygoteInit.main(ZygoteInit.java:782)
08-31 14:47:09.260 E/AndroidRuntime( 1964): Caused by: java.lang.NullPointerException: Attempt to invoke virtual method 'void com.forrestguice.suntimeswidget.LocationConfigView.cancelGetFix()' on a null object reference
08-31 14:47:09.260 E/AndroidRuntime( 1964): 	at com.forrestguice.suntimeswidget.SuntimesConfigActivity0.onDestroy(SuntimesConfigActivity0.java:191)
08-31 14:47:09.260 E/AndroidRuntime( 1964): 	at android.app.Activity.performDestroy(Activity.java:6920)
08-31 14:47:09.260 E/AndroidRuntime( 1964): 	at android.app.Instrumentation.callActivityOnDestroy(Instrumentation.java:1153)
08-31 14:47:09.260 E/AndroidRuntime( 1964): 	at android.app.ActivityThread.performDestroyActivity(ActivityThread.java:4226)
08-31 14:47:09.260 E/AndroidRuntime( 1964): 	... 9 more
08-31 14:47:09.267 W/WindowManager( 1281): Failed looking up window
08-31 14:47:09.267 W/WindowManager( 1281): java.lang.IllegalArgumentException: Requested window android.view.ViewRootImpl$W@43b7e28 does not exist
08-31 14:47:09.267 W/WindowManager( 1281): 	at com.android.server.wm.WindowManagerService.windowForClientLocked(WindowManagerService.java:9459)
08-31 14:47:09.267 W/WindowManager( 1281): 	at com.android.server.wm.WindowManagerService.windowForClientLocked(WindowManagerService.java:9450)
08-31 14:47:09.267 W/WindowManager( 1281): 	at com.android.server.wm.WindowManagerService.removeWindow(WindowManagerService.java:2410)
08-31 14:47:09.267 W/WindowManager( 1281): 	at com.android.server.wm.Session.remove(Session.java:202)
08-31 14:47:09.267 W/WindowManager( 1281): 	at android.view.ViewRootImpl.dispatchDetachedFromWindow(ViewRootImpl.java:3290)
08-31 14:47:09.267 W/WindowManager( 1281): 	at android.view.ViewRootImpl.doDie(ViewRootImpl.java:5917)
08-31 14:47:09.267 W/WindowManager( 1281): 	at android.view.ViewRootImpl$ViewRootHandler.handleMessage(ViewRootImpl.java:3626)
08-31 14:47:09.267 W/WindowManager( 1281): 	at android.os.Handler.dispatchMessage(Handler.java:102)
08-31 14:47:09.267 W/WindowManager( 1281): 	at android.os.Looper.loop(Looper.java:154)
08-31 14:47:09.267 W/WindowManager( 1281): 	at android.os.HandlerThread.run(HandlerThread.java:61)
08-31 14:47:09.267 W/WindowManager( 1281): 	at com.android.server.ServiceThread.run(ServiceThread.java:46)
08-31 14:47:09.286 W/ActivityManager( 1281):   Force finishing activity com.forrestguice.suntimeswidget/.alarmclock.ui.AlarmClockActivityLauncher
08-31 14:47:09.298 W/System.err( 1281): java.lang.Exception: show AlertDialog! title=Suntimes
08-31 14:47:09.300 W/System.err( 1281): 	at android.app.AlertDialog.show(AlertDialog.java:134)
08-31 14:47:09.301 W/System.err( 1281): 	at com.android.server.am.AppErrors.handleShowAppErrorUi(AppErrors.java:719)
08-31 14:47:09.301 W/System.err( 1281): 	at com.android.server.am.ActivityManagerService$UiHandler.handleMessage(ActivityManagerService.java:1637)
08-31 14:47:09.301 W/System.err( 1281): 	at android.os.Handler.dispatchMessage(Handler.java:102)
08-31 14:47:09.301 W/System.err( 1281): 	at android.os.Looper.loop(Looper.java:154)
08-31 14:47:09.301 W/System.err( 1281): 	at android.os.HandlerThread.run(HandlerThread.java:61)
08-31 14:47:09.301 W/System.err( 1281): 	at com.android.server.ServiceThread.run(ServiceThread.java:46)
08-31 14:47:09.377 I/HostConnection( 1281): HostConnection::HostConnection: pid=1281, tid=1989, this=0x7fffcdb9dd60
08-31 14:47:09.379 I/        ( 1281): fastpipe: Connect success
08-31 14:47:09.379 D/HostConnection( 1281): HostRPC::connect sucess: app=system_server, pid=1281, tid=1989, this=0x7fffcb5f2f00
08-31 14:47:09.380 D/HostConnection( 1281): queryAndSetGLESMaxVersion select gles-version: 3.1 hostGLVersion:46 process:system_server
08-31 14:47:09.382 I/OpenGLRenderer( 1281): Initialized EGL, version 1.4
08-31 14:47:09.382 D/OpenGLRenderer( 1281): Swap behavior 1
08-31 14:47:09.382 I/EGL_adreno( 1281): eglCreateContext request GLES major-version=2
08-31 14:47:09.487 D/EGL_adreno( 1281): eglCreateContext: 0x7fffccffacc0: maj 3 min 1 rcv 4
08-31 14:47:09.581 D/EGL_adreno( 1281): eglMakeCurrent: 0x7fffccffacc0: ver 3 1 (tinfo 0x7fffcdb14d40)
08-31 14:47:09.588 D/HostConnection( 1281): ExtendedRCEncoderContext GL_VERSION return OpenGL ES 3.1
08-31 14:47:09.617 E/EGL_adreno( 1281): tid 1989: eglSurfaceAttrib(1338): error 0x3009 (EGL_BAD_MATCH)
08-31 14:47:09.618 W/OpenGLRenderer( 1281): Failed to set EGL_SWAP_BEHAVIOR on surface 0x7fffccf71e40, error=EGL_BAD_MATCH
08-31 14:47:09.621 D/EGL_adreno( 1281): eglMakeCurrent: 0x7fffccffacc0: ver 3 1 (tinfo 0x7fffcdb14d40)
08-31 14:47:09.790 W/ActivityManager( 1281): Activity pause timeout for ActivityRecord{a2968 u0 com.forrestguice.suntimeswidget/.alarmclock.ui.AlarmClockActivityLauncher t3 f}
08-31 14:47:09.909 W/ContextImpl( 1676): Calling a method in the system process without a qualified user: android.app.ContextImpl.startService:1358 android.content.ContextWrapper.startService:613 android.content.ContextWrapper.startService:613 com.android.coreservice.CoreBroadcastReceiver.onReceive:44 android.app.ActivityThread.handleReceiver:3073 
08-31 14:47:10.025 D/audio_hw_hal( 1087): log_func, out_standby
08-31 14:47:10.025 D/audio_hw_hal( 1087): raw_close_output_stream, dev=0xf6e480c0, stream =0xf6e43140
08-31 14:47:10.025 D/audio_hw_hal( 1087): raw_close_output_stream, stream=0xf6e43140,  success!
08-31 14:47:10.481 D/EGL_adreno( 1935): eglMakeCurrent: 0x7fffeb454c20: ver 3 1 (tinfo 0x7fffeb40d8a0)
08-31 14:47:10.489 W/WindowManager( 1281): Attempted to remove non-existing token: android.os.Binder@45a0d02
08-31 14:47:10.596 E/EGL_adreno( 1935): tid 1952: eglSurfaceAttrib(1338): error 0x3009 (EGL_BAD_MATCH)
08-31 14:47:10.596 W/OpenGLRenderer( 1935): Failed to set EGL_SWAP_BEHAVIOR on surface 0x7fffeb5e2fc0, error=EGL_BAD_MATCH
08-31 14:47:10.598 D/EGL_adreno( 1935): eglMakeCurrent: 0x7fffeb454c20: ver 3 1 (tinfo 0x7fffeb40d8a0)
08-31 14:47:13.997 D/EGL_adreno( 1935): eglMakeCurrent: 0x7fffeb454c20: ver 3 1 (tinfo 0x7fffeb40d8a0)
08-31 14:47:14.005 W/WindowManager( 1281): Attempted to remove non-existing token: android.os.Binder@7e2a050
08-31 14:47:14.143 E/EGL_adreno( 1935): tid 1952: eglSurfaceAttrib(1338): error 0x3009 (EGL_BAD_MATCH)
08-31 14:47:14.143 W/OpenGLRenderer( 1935): Failed to set EGL_SWAP_BEHAVIOR on surface 0x7fffeb5e2fc0, error=EGL_BAD_MATCH
08-31 14:47:14.145 D/EGL_adreno( 1935): eglMakeCurrent: 0x7fffeb454c20: ver 3 1 (tinfo 0x7fffeb40d8a0)
08-31 14:47:17.513 D/EGL_adreno( 1935): eglMakeCurrent: 0x7fffeb454c20: ver 3 1 (tinfo 0x7fffeb40d8a0)
08-31 14:47:17.522 W/WindowManager( 1281): Attempted to remove non-existing token: android.os.Binder@636d249
08-31 14:47:17.640 E/EGL_adreno( 1935): tid 1952: eglSurfaceAttrib(1338): error 0x3009 (EGL_BAD_MATCH)
08-31 14:47:17.640 W/OpenGLRenderer( 1935): Failed to set EGL_SWAP_BEHAVIOR on surface 0x7fffeb5e2fc0, error=EGL_BAD_MATCH
08-31 14:47:17.642 D/EGL_adreno( 1935): eglMakeCurrent: 0x7fffeb454c20: ver 3 1 (tinfo 0x7fffeb40d8a0)
08-31 14:47:19.278 W/ActivityManager( 1281): Activity destroy timeout for ActivityRecord{fdbdfb9 u0 com.forrestguice.suntimeswidget/.SuntimesConfigActivity0 t3 f}
08-31 14:47:19.278 W/ActivityManager( 1281): Activity destroy timeout for ActivityRecord{451be75 u0 com.forrestguice.suntimeswidget/.SuntimesConfigActivity0_2x1 t3 f}
08-31 14:47:19.278 W/ActivityManager( 1281): Activity destroy timeout for ActivityRecord{a0cccf1 u0 com.forrestguice.suntimeswidget/.SuntimesConfigActivity1 t3 f}
08-31 14:47:19.278 W/ActivityManager( 1281): Activity destroy timeout for ActivityRecord{690472d u0 com.forrestguice.suntimeswidget/.SuntimesConfigActivity2 t3 f}
08-31 14:47:19.279 W/ActivityManager( 1281): Activity destroy timeout for ActivityRecord{a572929 u0 com.forrestguice.suntimeswidget/.SuntimesConfigActivity2_3x1 t3 f}
08-31 14:47:19.279 W/ActivityManager( 1281): Activity destroy timeout for ActivityRecord{8902ee5 u0 com.forrestguice.suntimeswidget/.SuntimesConfigActivity2_3x2 t3 f}
08-31 14:47:19.279 W/ActivityManager( 1281): Activity destroy timeout for ActivityRecord{e99d461 u0 com.forrestguice.suntimeswidget/.SolsticeWidget0ConfigActivity t3 f}
08-31 14:47:19.279 W/ActivityManager( 1281): Activity destroy timeout for ActivityRecord{73e559d u0 com.forrestguice.suntimeswidget/.MoonWidget0ConfigActivity t3 f}
08-31 14:47:19.279 W/ActivityManager( 1281): Activity destroy timeout for ActivityRecord{5afae99 u0 com.forrestguice.suntimeswidget/.MoonWidget0ConfigActivity_2x1 t3 f}
08-31 14:47:19.279 W/ActivityManager( 1281): Activity destroy timeout for ActivityRecord{4439b55 u0 com.forrestguice.suntimeswidget/.MoonWidget0ConfigActivity_3x1 t3 f}
08-31 14:47:19.279 W/ActivityManager( 1281): Activity destroy timeout for ActivityRecord{2ef97d1 u0 com.forrestguice.suntimeswidget/.ClockWidget0ConfigActivity t3 f}
08-31 14:47:19.279 W/ActivityManager( 1281): Activity destroy timeout for ActivityRecord{184e00d u0 com.forrestguice.suntimeswidget/.ClockWidget0ConfigActivity_3x1 t3 f}
08-31 14:47:19.290 W/ActivityManager( 1281): Launch timeout has expired, giving up wake lock!
08-31 14:47:21.030 D/EGL_adreno( 1935): eglMakeCurrent: 0x7fffeb454c20: ver 3 1 (tinfo 0x7fffeb40d8a0)
08-31 14:47:21.039 W/WindowManager( 1281): Attempted to remove non-existing token: android.os.Binder@6dff74e
08-31 14:47:21.143 E/EGL_adreno( 1935): tid 1952: eglSurfaceAttrib(1338): error 0x3009 (EGL_BAD_MATCH)
08-31 14:47:21.143 W/OpenGLRenderer( 1935): Failed to set EGL_SWAP_BEHAVIOR on surface 0x7fffeb5e2fc0, error=EGL_BAD_MATCH
08-31 14:47:21.145 D/EGL_adreno( 1935): eglMakeCurrent: 0x7fffeb454c20: ver 3 1 (tinfo 0x7fffeb40d8a0)
08-31 14:47:24.546 D/EGL_adreno( 1935): eglMakeCurrent: 0x7fffeb454c20: ver 3 1 (tinfo 0x7fffeb40d8a0)
08-31 14:47:24.555 W/WindowManager( 1281): Attempted to remove non-existing token: android.os.Binder@f0a406f
08-31 14:47:24.666 E/EGL_adreno( 1935): tid 1952: eglSurfaceAttrib(1338): error 0x3009 (EGL_BAD_MATCH)
08-31 14:47:24.666 W/OpenGLRenderer( 1935): Failed to set EGL_SWAP_BEHAVIOR on surface 0x7fffeb5e2fc0, error=EGL_BAD_MATCH
08-31 14:47:24.669 D/EGL_adreno( 1935): eglMakeCurrent: 0x7fffeb454c20: ver 3 1 (tinfo 0x7fffeb40d8a0)
08-31 14:47:28.063 D/EGL_adreno( 1935): eglMakeCurrent: 0x7fffeb454c20: ver 3 1 (tinfo 0x7fffeb40d8a0)
08-31 14:47:28.073 W/WindowManager( 1281): Attempted to remove non-existing token: android.os.Binder@a4748b
08-31 14:47:28.186 E/EGL_adreno( 1935): tid 1952: eglSurfaceAttrib(1338): error 0x3009 (EGL_BAD_MATCH)
08-31 14:47:28.186 W/OpenGLRenderer( 1935): Failed to set EGL_SWAP_BEHAVIOR on surface 0x7fffeb5e2fc0, error=EGL_BAD_MATCH
08-31 14:47:28.189 D/EGL_adreno( 1935): eglMakeCurrent: 0x7fffeb454c20: ver 3 1 (tinfo 0x7fffeb40d8a0)
08-31 14:47:31.581 D/EGL_adreno( 1935): eglMakeCurrent: 0x7fffeb454c20: ver 3 1 (tinfo 0x7fffeb40d8a0)
08-31 14:47:31.589 W/WindowManager( 1281): Attempted to remove non-existing token: android.os.Binder@c63ce67
08-31 14:47:31.716 E/EGL_adreno( 1935): tid 1952: eglSurfaceAttrib(1338): error 0x3009 (EGL_BAD_MATCH)
08-31 14:47:31.716 W/OpenGLRenderer( 1935): Failed to set EGL_SWAP_BEHAVIOR on surface 0x7fffeb5e2fc0, error=EGL_BAD_MATCH
08-31 14:47:31.718 D/EGL_adreno( 1935): eglMakeCurrent: 0x7fffeb454c20: ver 3 1 (tinfo 0x7fffeb40d8a0)
08-31 14:47:35.130 D/EGL_adreno( 1935): eglMakeCurrent: 0x7fffeb454c20: ver 3 1 (tinfo 0x7fffeb40d8a0)
08-31 14:47:35.139 W/WindowManager( 1281): Attempted to remove non-existing token: android.os.Binder@f46bd80
08-31 14:47:35.243 E/EGL_adreno( 1935): tid 1952: eglSurfaceAttrib(1338): error 0x3009 (EGL_BAD_MATCH)
08-31 14:47:35.243 W/OpenGLRenderer( 1935): Failed to set EGL_SWAP_BEHAVIOR on surface 0x7fffeb5e2fc0, error=EGL_BAD_MATCH
08-31 14:47:35.246 D/EGL_adreno( 1935): eglMakeCurrent: 0x7fffeb454c20: ver 3 1 (tinfo 0x7fffeb40d8a0)
08-31 14:47:38.656 D/EGL_adreno( 1935): eglMakeCurrent: 0x7fffeb454c20: ver 3 1 (tinfo 0x7fffeb40d8a0)
08-31 14:47:38.656 W/WindowManager( 1281): Attempted to remove non-existing token: android.os.Binder@31a31ac
08-31 14:47:38.782 E/EGL_adreno( 1935): tid 1952: eglSurfaceAttrib(1338): error 0x3009 (EGL_BAD_MATCH)
08-31 14:47:38.782 W/OpenGLRenderer( 1935): Failed to set EGL_SWAP_BEHAVIOR on surface 0x7fffeb5e2fc0, error=EGL_BAD_MATCH
08-31 14:47:38.784 D/EGL_adreno( 1935): eglMakeCurrent: 0x7fffeb454c20: ver 3 1 (tinfo 0x7fffeb40d8a0)
08-31 14:47:42.166 D/EGL_adreno( 1935): eglMakeCurrent: 0x7fffeb454c20: ver 3 1 (tinfo 0x7fffeb40d8a0)
08-31 14:47:42.175 W/WindowManager( 1281): Attempted to remove non-existing token: android.os.Binder@bcebc98
08-31 14:47:42.278 E/EGL_adreno( 1935): tid 1952: eglSurfaceAttrib(1338): error 0x3009 (EGL_BAD_MATCH)
08-31 14:47:42.278 W/OpenGLRenderer( 1935): Failed to set EGL_SWAP_BEHAVIOR on surface 0x7fffeb5e2fc0, error=EGL_BAD_MATCH
08-31 14:47:42.280 D/EGL_adreno( 1935): eglMakeCurrent: 0x7fffeb454c20: ver 3 1 (tinfo 0x7fffeb40d8a0)
08-31 14:47:44.623 D/WifiStateMachine( 1281): setScanResults mScanResults.size=1
08-31 14:47:45.690 D/EGL_adreno( 1935): eglMakeCurrent: 0x7fffeb454c20: ver 3 1 (tinfo 0x7fffeb40d8a0)
08-31 14:47:45.706 W/WindowManager( 1281): Attempted to remove non-existing token: android.os.Binder@a3f0a44
08-31 14:47:45.830 E/EGL_adreno( 1935): tid 1952: eglSurfaceAttrib(1338): error 0x3009 (EGL_BAD_MATCH)
08-31 14:47:45.830 W/OpenGLRenderer( 1935): Failed to set EGL_SWAP_BEHAVIOR on surface 0x7fffeb5e2fc0, error=EGL_BAD_MATCH
08-31 14:47:45.833 D/EGL_adreno( 1935): eglMakeCurrent: 0x7fffeb454c20: ver 3 1 (tinfo 0x7fffeb40d8a0)
08-31 14:47:49.217 D/EGL_adreno( 1935): eglMakeCurrent: 0x7fffeb454c20: ver 3 1 (tinfo 0x7fffeb40d8a0)
08-31 14:47:49.222 W/WindowManager( 1281): Attempted to remove non-existing token: android.os.Binder@4486b0
08-31 14:47:49.334 E/EGL_adreno( 1935): tid 1952: eglSurfaceAttrib(1338): error 0x3009 (EGL_BAD_MATCH)
08-31 14:47:49.334 W/OpenGLRenderer( 1935): Failed to set EGL_SWAP_BEHAVIOR on surface 0x7fffeb5e2fc0, error=EGL_BAD_MATCH
08-31 14:47:49.336 D/EGL_adreno( 1935): eglMakeCurrent: 0x7fffeb454c20: ver 3 1 (tinfo 0x7fffeb40d8a0)
08-31 14:47:52.728 D/EGL_adreno( 1935): eglMakeCurrent: 0x7fffeb454c20: ver 3 1 (tinfo 0x7fffeb40d8a0)
08-31 14:47:52.739 W/WindowManager( 1281): Attempted to remove non-existing token: android.os.Binder@1e35ddc
08-31 14:47:52.850 E/EGL_adreno( 1935): tid 1952: eglSurfaceAttrib(1338): error 0x3009 (EGL_BAD_MATCH)
08-31 14:47:52.850 W/OpenGLRenderer( 1935): Failed to set EGL_SWAP_BEHAVIOR on surface 0x7fffeb5e2fc0, error=EGL_BAD_MATCH
08-31 14:47:52.853 D/EGL_adreno( 1935): eglMakeCurrent: 0x7fffeb454c20: ver 3 1 (tinfo 0x7fffeb40d8a0)
08-31 14:47:56.247 D/EGL_adreno( 1935): eglMakeCurrent: 0x7fffeb454c20: ver 3 1 (tinfo 0x7fffeb40d8a0)
08-31 14:47:56.255 W/WindowManager( 1281): Attempted to remove non-existing token: android.os.Binder@d367bc8
08-31 14:47:56.385 E/EGL_adreno( 1935): tid 1952: eglSurfaceAttrib(1338): error 0x3009 (EGL_BAD_MATCH)
08-31 14:47:56.385 W/OpenGLRenderer( 1935): Failed to set EGL_SWAP_BEHAVIOR on surface 0x7fffeb5e2fc0, error=EGL_BAD_MATCH
08-31 14:47:56.387 D/EGL_adreno( 1935): eglMakeCurrent: 0x7fffeb454c20: ver 3 1 (tinfo 0x7fffeb40d8a0)
08-31 14:47:59.762 D/EGL_adreno( 1935): eglMakeCurrent: 0x7fffeb454c20: ver 3 1 (tinfo 0x7fffeb40d8a0)
08-31 14:47:59.772 W/WindowManager( 1281): Attempted to remove non-existing token: android.os.Binder@51b8c74
08-31 14:47:59.892 E/EGL_adreno( 1935): tid 1952: eglSurfaceAttrib(1338): error 0x3009 (EGL_BAD_MATCH)
08-31 14:47:59.892 W/OpenGLRenderer( 1935): Failed to set EGL_SWAP_BEHAVIOR on surface 0x7fffeb5e2fc0, error=EGL_BAD_MATCH
08-31 14:47:59.895 D/EGL_adreno( 1935): eglMakeCurrent: 0x7fffeb454c20: ver 3 1 (tinfo 0x7fffeb40d8a0)
08-31 14:48:03.287 D/EGL_adreno( 1935): eglMakeCurrent: 0x7fffeb454c20: ver 3 1 (tinfo 0x7fffeb40d8a0)
08-31 14:48:03.289 W/WindowManager( 1281): Attempted to remove non-existing token: android.os.Binder@a9efbe0
08-31 14:48:03.400 E/EGL_adreno( 1935): tid 1952: eglSurfaceAttrib(1338): error 0x3009 (EGL_BAD_MATCH)
08-31 14:48:03.401 W/OpenGLRenderer( 1935): Failed to set EGL_SWAP_BEHAVIOR on surface 0x7fffeb5e2fc0, error=EGL_BAD_MATCH
08-31 14:48:03.403 D/EGL_adreno( 1935): eglMakeCurrent: 0x7fffeb454c20: ver 3 1 (tinfo 0x7fffeb40d8a0)
08-31 14:48:06.795 D/EGL_adreno( 1935): eglMakeCurrent: 0x7fffeb454c20: ver 3 1 (tinfo 0x7fffeb40d8a0)
08-31 14:48:06.806 W/WindowManager( 1281): Attempted to remove non-existing token: android.os.Binder@127f60c
08-31 14:48:06.920 E/EGL_adreno( 1935): tid 1952: eglSurfaceAttrib(1338): error 0x3009 (EGL_BAD_MATCH)
08-31 14:48:06.920 W/OpenGLRenderer( 1935): Failed to set EGL_SWAP_BEHAVIOR on surface 0x7fffeb5e2fc0, error=EGL_BAD_MATCH
08-31 14:48:06.924 D/EGL_adreno( 1935): eglMakeCurrent: 0x7fffeb454c20: ver 3 1 (tinfo 0x7fffeb40d8a0)
08-31 14:48:10.316 D/EGL_adreno( 1935): eglMakeCurrent: 0x7fffeb454c20: ver 3 1 (tinfo 0x7fffeb40d8a0)
08-31 14:48:10.322 W/WindowManager( 1281): Attempted to remove non-existing token: android.os.Binder@96466f8
08-31 14:48:10.435 E/EGL_adreno( 1935): tid 1952: eglSurfaceAttrib(1338): error 0x3009 (EGL_BAD_MATCH)
08-31 14:48:10.435 W/OpenGLRenderer( 1935): Failed to set EGL_SWAP_BEHAVIOR on surface 0x7fffeb5e2fc0, error=EGL_BAD_MATCH
08-31 14:48:10.437 D/EGL_adreno( 1935): eglMakeCurrent: 0x7fffeb454c20: ver 3 1 (tinfo 0x7fffeb40d8a0)
08-31 14:48:13.827 D/EGL_adreno( 1935): eglMakeCurrent: 0x7fffeb454c20: ver 3 1 (tinfo 0x7fffeb40d8a0)
08-31 14:48:13.840 W/WindowManager( 1281): Attempted to remove non-existing token: android.os.Binder@ef4faa4
08-31 14:48:13.948 E/EGL_adreno( 1935): tid 1952: eglSurfaceAttrib(1338): error 0x3009 (EGL_BAD_MATCH)
08-31 14:48:13.948 W/OpenGLRenderer( 1935): Failed to set EGL_SWAP_BEHAVIOR on surface 0x7fffeb5e2fc0, error=EGL_BAD_MATCH
08-31 14:48:13.951 D/EGL_adreno( 1935): eglMakeCurrent: 0x7fffeb454c20: ver 3 1 (tinfo 0x7fffeb40d8a0)
08-31 14:48:17.355 D/EGL_adreno( 1935): eglMakeCurrent: 0x7fffeb454c20: ver 3 1 (tinfo 0x7fffeb40d8a0)
08-31 14:48:17.356 W/WindowManager( 1281): Attempted to remove non-existing token: android.os.Binder@4d91d10
08-31 14:48:43.106 W/ActivityManager( 1281):   Force finishing activity com.forrestguice.suntimeswidget/.alarmclock.ui.AlarmClockActivityLauncher
08-31 14:48:43.122 W/SurfaceFlinger( 1082): couldn't log to binary event log: overflow.
08-31 14:48:43.122 W/ActivityManager( 1281):   Force finishing activity com.forrestguice.suntimeswidget/.alarmclock.ui.AlarmClockActivity
08-31 14:48:43.738 D/EGL_adreno( 1281): eglMakeCurrent: 0x7fffccffacc0: ver 3 1 (tinfo 0x7fffcdb14d40)
08-31 14:48:43.759 W/art     ( 1281): Long monitor contention with owner Binder:1281_1 (1292) at void com.android.server.wm.WindowManagerService.moveTaskToTop(int)(WindowManagerService.java:5101) waiters=0 in void com.android.server.wm.WindowManagerService$H.handleMessage(android.os.Message) for 636ms
08-31 14:48:43.782 I/HostConnection( 1281): HostConnection::~HostConnection, pid=1281, tid=1989, this=0x7fffcdb9dd60, m_stream=0x7fffcb5f2f00
08-31 14:48:43.784 I/        ( 1281): fastpipe: close connect
08-31 14:48:43.820 W/ActivityManager( 1281):   Force finishing activity com.forrestguice.suntimeswidget/.SuntimesActivity
08-31 14:48:43.828 E/ActivityManager( 1281): Found activity ActivityRecord{a2968 u0 com.forrestguice.suntimeswidget/.alarmclock.ui.AlarmClockActivityLauncher t3 f} in proc activity list using null instead of expected ProcessRecord{562d560 1964:com.forrestguice.suntimeswidget/u0a40}
08-31 14:48:43.859 I/ActivityManager( 1281): Killing 1964:com.forrestguice.suntimeswidget/u0a40 (adj 199): crash
08-31 14:48:43.859 D/ActivityManager( 1281): cleanUpApplicationRecord -- 1964
08-31 14:48:43.861 W/InputEventReceiver( 1281): Attempted to finish an input event but the input event receiver has already been disposed.
08-31 14:48:43.862 I/Choreographer( 1281): Skipped 44 frames!  The application may be doing too much work on its main thread.
08-31 14:48:43.863 W/ContextImpl( 1676): Calling a method in the system process without a qualified user: android.app.ContextImpl.startService:1358 android.content.ContextWrapper.startService:613 android.content.ContextWrapper.startService:613 com.android.coreservice.CoreBroadcastReceiver.onReceive:44 android.app.ActivityThread.handleReceiver:3073 
08-31 14:48:43.867 W/ContextImpl( 1676): Calling a method in the system process without a qualified user: android.app.ContextImpl.startService:1358 android.content.ContextWrapper.startService:613 android.content.ContextWrapper.startService:613 com.android.coreservice.CoreBroadcastReceiver.onReceive:44 android.app.ActivityThread.handleReceiver:3073 
08-31 14:48:43.869 W/ContextImpl( 1676): Calling a method in the system process without a qualified user: android.app.ContextImpl.startService:1358 android.content.ContextWrapper.startService:613 android.content.ContextWrapper.startService:613 com.android.coreservice.CoreBroadcastReceiver.onReceive:53 android.app.ActivityThread.handleReceiver:3073 
08-31 14:48:43.877 W/ContextImpl( 1676): Calling a method in the system process without a qualified user: android.app.ContextImpl.startService:1358 android.content.ContextWrapper.startService:613 android.content.ContextWrapper.startService:613 com.android.coreservice.CoreBroadcastReceiver.onReceive:53 android.app.ActivityThread.handleReceiver:3073 
08-31 14:48:43.903 D/GraphicsStats( 1281): Buffer count: 5
08-31 14:48:43.978 E/EGL_adreno( 1935): tid 1952: eglSurfaceAttrib(1338): error 0x3009 (EGL_BAD_MATCH)
08-31 14:48:43.978 W/OpenGLRenderer( 1935): Failed to set EGL_SWAP_BEHAVIOR on surface 0x7fffeb5e2fc0, error=EGL_BAD_MATCH
08-31 14:48:44.074 W/AppOps  ( 1281): Finishing op nesting under-run: uid 1000 pkg android code 24 time=0 duration=0 nesting=0
08-31 14:48:44.198 W/ContextImpl( 1676): Calling a method in the system process without a qualified user: android.app.ContextImpl.startService:1358 android.content.ContextWrapper.startService:613 android.content.ContextWrapper.startService:613 com.android.coreservice.CoreBroadcastReceiver.onReceive:69 android.app.ActivityThread.handleReceiver:3073 
08-31 14:48:44.204 D/EGL_adreno( 1935): eglMakeCurrent: 0x7fffeb454c20: ver 3 1 (tinfo 0x7fffeb40d8a0)
08-31 14:48:45.296 D/audio_hw_hal( 1087): raw_start_output_stream, stream=0xf6e43140, sampleRate=48000, channel=2, bps=16, bufSize=4096
08-31 14:48:45.299 I/ActivityManager( 1281): START u0 {cmp=com.forrestguice.suntimeswidget/.SuntimesActivity (has extras)} from uid 10064 on display 0
08-31 14:48:45.303 W/System.err( 1935): java.lang.Exception: Toast callstack! strTip=Sent Serializeable Intent { cmp=com.forrestguice.suntimeswidget/.SuntimesActivity (has extras) }
08-31 14:48:45.304 W/System.err( 1935): 	at android.widget.Toast.show(Toast.java:130)
08-31 14:48:45.304 W/System.err( 1935): 	at com.android.intentfuzzer.FuzzerActivity$4.onClick(FuzzerActivity.java:184)
08-31 14:48:45.304 W/System.err( 1935): 	at android.view.View.performClick(View.java:5637)
08-31 14:48:45.304 W/System.err( 1935): 	at android.view.View$PerformClick.run(View.java:22429)
08-31 14:48:45.304 W/System.err( 1935): 	at android.os.Handler.handleCallback(Handler.java:751)
08-31 14:48:45.304 W/ContextImpl( 1676): Calling a method in the system process without a qualified user: android.app.ContextImpl.startService:1358 android.content.ContextWrapper.startService:613 android.content.ContextWrapper.startService:613 com.android.coreservice.CoreBroadcastReceiver.onReceive:44 android.app.ActivityThread.handleReceiver:3073 
08-31 14:48:45.304 W/System.err( 1935): 	at android.os.Handler.dispatchMessage(Handler.java:95)
08-31 14:48:45.304 W/System.err( 1935): 	at android.os.Looper.loop(Looper.java:154)
08-31 14:48:45.304 W/System.err( 1935): 	at android.app.ActivityThread.main(ActivityThread.java:6190)
08-31 14:48:45.304 W/System.err( 1935): 	at java.lang.reflect.Method.invoke(Native Method)
08-31 14:48:45.304 W/System.err( 1935): 	at com.android.internal.os.ZygoteInit$MethodAndArgsCaller.run(ZygoteInit.java:892)
08-31 14:48:45.304 W/System.err( 1935): 	at com.android.internal.os.ZygoteInit.main(ZygoteInit.java:782)
08-31 14:48:45.306 I/ActivityManager( 1281): START u0 {cmp=com.forrestguice.suntimeswidget/.SuntimesSettingsActivity (has extras)} from uid 10064 on display 0
08-31 14:48:45.306 W/ActivityManager( 1281): Permission Denial: starting Intent { cmp=com.forrestguice.suntimeswidget/.SuntimesSettingsActivity (has extras) } from ProcessRecord{bda5613 1935:com.android.intentfuzzer/u0a64} (pid=1935, uid=10064) not exported from uid 10040
08-31 14:48:45.307 W/System.err( 1935): java.lang.Exception: Toast callstack! strTip=Send Intent Failed!
08-31 14:48:45.307 W/System.err( 1935): 	at android.widget.Toast.show(Toast.java:130)
08-31 14:48:45.307 W/System.err( 1935): 	at com.android.intentfuzzer.FuzzerActivity$4.onClick(FuzzerActivity.java:186)
08-31 14:48:45.307 W/System.err( 1935): 	at android.view.View.performClick(View.java:5637)
08-31 14:48:45.307 W/System.err( 1935): 	at android.view.View$PerformClick.run(View.java:22429)
08-31 14:48:45.307 W/System.err( 1935): 	at android.os.Handler.handleCallback(Handler.java:751)
08-31 14:48:45.307 W/System.err( 1935): 	at android.os.Handler.dispatchMessage(Handler.java:95)
08-31 14:48:45.307 W/System.err( 1935): 	at android.os.Looper.loop(Looper.java:154)
08-31 14:48:45.307 W/System.err( 1935): 	at android.app.ActivityThread.main(ActivityThread.java:6190)
08-31 14:48:45.307 W/System.err( 1935): 	at java.lang.reflect.Method.invoke(Native Method)
08-31 14:48:45.307 W/System.err( 1935): 	at com.android.internal.os.ZygoteInit$MethodAndArgsCaller.run(ZygoteInit.java:892)
08-31 14:48:45.307 W/System.err( 1935): 	at com.android.internal.os.ZygoteInit.main(ZygoteInit.java:782)
08-31 14:48:45.310 I/ActivityManager( 1281): START u0 {cmp=com.forrestguice.suntimeswidget/.SuntimesWidgetListActivity (has extras)} from uid 10064 on display 0
08-31 14:48:45.310 W/ActivityManager( 1281): Permission Denial: starting Intent { cmp=com.forrestguice.suntimeswidget/.SuntimesWidgetListActivity (has extras) } from ProcessRecord{bda5613 1935:com.android.intentfuzzer/u0a64} (pid=1935, uid=10064) not exported from uid 10040
08-31 14:48:45.311 W/System.err( 1935): java.lang.Exception: Toast callstack! strTip=Send Intent Failed!
08-31 14:48:45.311 W/System.err( 1935): 	at android.widget.Toast.show(Toast.java:130)
08-31 14:48:45.312 W/System.err( 1935): 	at com.android.intentfuzzer.FuzzerActivity$4.onClick(FuzzerActivity.java:186)
08-31 14:48:45.312 W/System.err( 1935): 	at android.view.View.performClick(View.java:5637)
08-31 14:48:45.312 W/System.err( 1935): 	at android.view.View$PerformClick.run(View.java:22429)
08-31 14:48:45.312 W/System.err( 1935): 	at android.os.Handler.handleCallback(Handler.java:751)
08-31 14:48:45.312 W/System.err( 1935): 	at android.os.Handler.dispatchMessage(Handler.java:95)
08-31 14:48:45.312 W/System.err( 1935): 	at android.os.Looper.loop(Looper.java:154)
08-31 14:48:45.312 W/System.err( 1935): 	at android.app.ActivityThread.main(ActivityThread.java:6190)
08-31 14:48:45.312 W/System.err( 1935): 	at java.lang.reflect.Method.invoke(Native Method)
08-31 14:48:45.312 W/System.err( 1935): 	at com.android.internal.os.ZygoteInit$MethodAndArgsCaller.run(ZygoteInit.java:892)
08-31 14:48:45.312 W/System.err( 1935): 	at com.android.internal.os.ZygoteInit.main(ZygoteInit.java:782)
08-31 14:48:45.313 I/ActivityManager( 1281): START u0 {cmp=com.forrestguice.suntimeswidget/.themes.WidgetThemeListActivity (has extras)} from uid 10064 on display 0
08-31 14:48:45.313 W/ActivityManager( 1281): Permission Denial: starting Intent { cmp=com.forrestguice.suntimeswidget/.themes.WidgetThemeListActivity (has extras) } from ProcessRecord{bda5613 1935:com.android.intentfuzzer/u0a64} (pid=1935, uid=10064) not exported from uid 10040
08-31 14:48:45.314 W/System.err( 1935): java.lang.Exception: Toast callstack! strTip=Send Intent Failed!
08-31 14:48:45.314 W/System.err( 1935): 	at android.widget.Toast.show(Toast.java:130)
08-31 14:48:45.314 W/System.err( 1935): 	at com.android.intentfuzzer.FuzzerActivity$4.onClick(FuzzerActivity.java:186)
08-31 14:48:45.314 W/System.err( 1935): 	at android.view.View.performClick(View.java:5637)
08-31 14:48:45.314 W/System.err( 1935): 	at android.view.View$PerformClick.run(View.java:22429)
08-31 14:48:45.314 W/System.err( 1935): 	at android.os.Handler.handleCallback(Handler.java:751)
08-31 14:48:45.315 W/System.err( 1935): 	at android.os.Handler.dispatchMessage(Handler.java:95)
08-31 14:48:45.315 W/System.err( 1935): 	at android.os.Looper.loop(Looper.java:154)
08-31 14:48:45.315 W/System.err( 1935): 	at android.app.ActivityThread.main(ActivityThread.java:6190)
08-31 14:48:45.315 W/System.err( 1935): 	at java.lang.reflect.Method.invoke(Native Method)
08-31 14:48:45.315 W/System.err( 1935): 	at com.android.internal.os.ZygoteInit$MethodAndArgsCaller.run(ZygoteInit.java:892)
08-31 14:48:45.315 W/System.err( 1935): 	at com.android.internal.os.ZygoteInit.main(ZygoteInit.java:782)
08-31 14:48:45.316 I/ActivityManager( 1281): START u0 {cmp=com.forrestguice.suntimeswidget/.themes.WidgetThemeConfigActivity (has extras)} from uid 10064 on display 0
08-31 14:48:45.316 W/ActivityManager( 1281): Permission Denial: starting Intent { cmp=com.forrestguice.suntimeswidget/.themes.WidgetThemeConfigActivity (has extras) } from ProcessRecord{bda5613 1935:com.android.intentfuzzer/u0a64} (pid=1935, uid=10064) not exported from uid 10040
08-31 14:48:45.317 W/System.err( 1935): java.lang.Exception: Toast callstack! strTip=Send Intent Failed!
08-31 14:48:45.317 W/System.err( 1935): 	at android.widget.Toast.show(Toast.java:130)
08-31 14:48:45.317 W/System.err( 1935): 	at com.android.intentfuzzer.FuzzerActivity$4.onClick(FuzzerActivity.java:186)
08-31 14:48:45.317 W/System.err( 1935): 	at android.view.View.performClick(View.java:5637)
08-31 14:48:45.317 W/System.err( 1935): 	at android.view.View$PerformClick.run(View.java:22429)
08-31 14:48:45.317 W/System.err( 1935): 	at android.os.Handler.handleCallback(Handler.java:751)
08-31 14:48:45.317 W/System.err( 1935): 	at android.os.Handler.dispatchMessage(Handler.java:95)
08-31 14:48:45.317 W/System.err( 1935): 	at android.os.Looper.loop(Looper.java:154)
08-31 14:48:45.317 W/System.err( 1935): 	at android.app.ActivityThread.main(ActivityThread.java:6190)
08-31 14:48:45.317 W/System.err( 1935): 	at java.lang.reflect.Method.invoke(Native Method)
08-31 14:48:45.317 W/System.err( 1935): 	at com.android.internal.os.ZygoteInit$MethodAndArgsCaller.run(ZygoteInit.java:892)
08-31 14:48:45.317 W/System.err( 1935): 	at com.android.internal.os.ZygoteInit.main(ZygoteInit.java:782)
08-31 14:48:45.319 I/ActivityManager( 1281): START u0 {cmp=com.forrestguice.suntimeswidget/.alarmclock.ui.AlarmClockActivity (has extras)} from uid 10064 on display 0
08-31 14:48:45.322 W/System.err( 1935): java.lang.Exception: Toast callstack! strTip=Sent Serializeable Intent { cmp=com.forrestguice.suntimeswidget/.alarmclock.ui.AlarmClockActivity (has extras) }
08-31 14:48:45.322 W/System.err( 1935): 	at android.widget.Toast.show(Toast.java:130)
08-31 14:48:45.322 W/System.err( 1935): 	at com.android.intentfuzzer.FuzzerActivity$4.onClick(FuzzerActivity.java:184)
08-31 14:48:45.322 W/System.err( 1935): 	at android.view.View.performClick(View.java:5637)
08-31 14:48:45.322 W/System.err( 1935): 	at android.view.View$PerformClick.run(View.java:22429)
08-31 14:48:45.322 W/System.err( 1935): 	at android.os.Handler.handleCallback(Handler.java:751)
08-31 14:48:45.323 W/System.err( 1935): 	at android.os.Handler.dispatchMessage(Handler.java:95)
08-31 14:48:45.323 W/System.err( 1935): 	at android.os.Looper.loop(Looper.java:154)
08-31 14:48:45.323 W/System.err( 1935): 	at android.app.ActivityThread.main(ActivityThread.java:6190)
08-31 14:48:45.323 W/System.err( 1935): 	at java.lang.reflect.Method.invoke(Native Method)
08-31 14:48:45.323 W/System.err( 1935): 	at com.android.internal.os.ZygoteInit$MethodAndArgsCaller.run(ZygoteInit.java:892)
08-31 14:48:45.323 W/System.err( 1935): 	at com.android.internal.os.ZygoteInit.main(ZygoteInit.java:782)
08-31 14:48:45.324 W/ContextImpl( 1676): Calling a method in the system process without a qualified user: android.app.ContextImpl.startService:1358 android.content.ContextWrapper.startService:613 android.content.ContextWrapper.startService:613 com.android.coreservice.CoreBroadcastReceiver.onReceive:44 android.app.ActivityThread.handleReceiver:3073 
08-31 14:48:45.332 I/ActivityManager( 1281): START u0 {cmp=com.forrestguice.suntimeswidget/.alarmclock.ui.AlarmClockActivityLauncher (has extras)} from uid 10064 on display 0
08-31 14:48:45.336 W/System.err( 1935): java.lang.Exception: Toast callstack! strTip=Sent Serializeable Intent { cmp=com.forrestguice.suntimeswidget/.alarmclock.ui.AlarmClockActivityLauncher (has extras) }
08-31 14:48:45.336 W/System.err( 1935): 	at android.widget.Toast.show(Toast.java:130)
08-31 14:48:45.336 W/System.err( 1935): 	at com.android.intentfuzzer.FuzzerActivity$4.onClick(FuzzerActivity.java:184)
08-31 14:48:45.336 W/System.err( 1935): 	at android.view.View.performClick(View.java:5637)
08-31 14:48:45.336 W/System.err( 1935): 	at android.view.View$PerformClick.run(View.java:22429)
08-31 14:48:45.336 W/System.err( 1935): 	at android.os.Handler.handleCallback(Handler.java:751)
08-31 14:48:45.336 W/System.err( 1935): 	at android.os.Handler.dispatchMessage(Handler.java:95)
08-31 14:48:45.336 W/System.err( 1935): 	at android.os.Looper.loop(Looper.java:154)
08-31 14:48:45.336 W/System.err( 1935): 	at android.app.ActivityThread.main(ActivityThread.java:6190)
08-31 14:48:45.336 W/System.err( 1935): 	at java.lang.reflect.Method.invoke(Native Method)
08-31 14:48:45.336 W/System.err( 1935): 	at com.android.internal.os.ZygoteInit$MethodAndArgsCaller.run(ZygoteInit.java:892)
08-31 14:48:45.336 W/System.err( 1935): 	at com.android.internal.os.ZygoteInit.main(ZygoteInit.java:782)
08-31 14:48:45.337 W/ContextImpl( 1676): Calling a method in the system process without a qualified user: android.app.ContextImpl.startService:1358 android.content.ContextWrapper.startService:613 android.content.ContextWrapper.startService:613 com.android.coreservice.CoreBroadcastReceiver.onReceive:44 android.app.ActivityThread.handleReceiver:3073 
08-31 14:48:45.337 I/ActivityManager( 1281): START u0 {cmp=com.forrestguice.suntimeswidget/.alarmclock.ui.AlarmDismissActivity (has extras)} from uid 10064 on display 0
08-31 14:48:45.341 W/System.err( 1935): java.lang.Exception: Toast callstack! strTip=Sent Serializeable Intent { cmp=com.forrestguice.suntimeswidget/.alarmclock.ui.AlarmDismissActivity (has extras) }
08-31 14:48:45.342 W/System.err( 1935): 	at android.widget.Toast.show(Toast.java:130)
08-31 14:48:45.342 W/System.err( 1935): 	at com.android.intentfuzzer.FuzzerActivity$4.onClick(FuzzerActivity.java:184)
08-31 14:48:45.342 W/System.err( 1935): 	at android.view.View.performClick(View.java:5637)
08-31 14:48:45.342 W/System.err( 1935): 	at android.view.View$PerformClick.run(View.java:22429)
08-31 14:48:45.342 W/System.err( 1935): 	at android.os.Handler.handleCallback(Handler.java:751)
08-31 14:48:45.342 W/System.err( 1935): 	at android.os.Handler.dispatchMessage(Handler.java:95)
08-31 14:48:45.342 W/System.err( 1935): 	at android.os.Looper.loop(Looper.java:154)
08-31 14:48:45.342 W/System.err( 1935): 	at android.app.ActivityThread.main(ActivityThread.java:6190)
08-31 14:48:45.343 W/System.err( 1935): 	at java.lang.reflect.Method.invoke(Native Method)
08-31 14:48:45.343 W/System.err( 1935): 	at com.android.internal.os.ZygoteInit$MethodAndArgsCaller.run(ZygoteInit.java:892)
08-31 14:48:45.343 W/System.err( 1935): 	at com.android.internal.os.ZygoteInit.main(ZygoteInit.java:782)
08-31 14:48:45.343 W/ContextImpl( 1676): Calling a method in the system process without a qualified user: android.app.ContextImpl.startService:1358 android.content.ContextWrapper.startService:613 android.content.ContextWrapper.startService:613 com.android.coreservice.CoreBroadcastReceiver.onReceive:44 android.app.ActivityThread.handleReceiver:3073 
08-31 14:48:45.344 I/ActivityManager( 1281): START u0 {cmp=com.forrestguice.suntimeswidget/.SuntimesConfigActivity0 (has extras)} from uid 10064 on display 0
08-31 14:48:45.349 W/System.err( 1935): java.lang.Exception: Toast callstack! strTip=Sent Serializeable Intent { cmp=com.forrestguice.suntimeswidget/.SuntimesConfigActivity0 (has extras) }
08-31 14:48:45.349 W/System.err( 1935): 	at android.widget.Toast.show(Toast.java:130)
08-31 14:48:45.349 W/System.err( 1935): 	at com.android.intentfuzzer.FuzzerActivity$4.onClick(FuzzerActivity.java:184)
08-31 14:48:45.349 W/System.err( 1935): 	at android.view.View.performClick(View.java:5637)
08-31 14:48:45.349 W/System.err( 1935): 	at android.view.View$PerformClick.run(View.java:22429)
08-31 14:48:45.349 W/System.err( 1935): 	at android.os.Handler.handleCallback(Handler.java:751)
08-31 14:48:45.349 W/System.err( 1935): 	at android.os.Handler.dispatchMessage(Handler.java:95)
08-31 14:48:45.349 W/System.err( 1935): 	at android.os.Looper.loop(Looper.java:154)
08-31 14:48:45.349 W/System.err( 1935): 	at android.app.ActivityThread.main(ActivityThread.java:6190)
08-31 14:48:45.349 W/System.err( 1935): 	at java.lang.reflect.Method.invoke(Native Method)
08-31 14:48:45.350 W/System.err( 1935): 	at com.android.internal.os.ZygoteInit$MethodAndArgsCaller.run(ZygoteInit.java:892)
08-31 14:48:45.350 W/System.err( 1935): 	at com.android.internal.os.ZygoteInit.main(ZygoteInit.java:782)
08-31 14:48:45.350 I/ActivityManager( 1281): START u0 {cmp=com.forrestguice.suntimeswidget/.SuntimesConfigActivity0_2x1 (has extras)} from uid 10064 on display 0
08-31 14:48:45.354 W/System.err( 1935): java.lang.Exception: Toast callstack! strTip=Sent Serializeable Intent { cmp=com.forrestguice.suntimeswidget/.SuntimesConfigActivity0_2x1 (has extras) }
08-31 14:48:45.354 W/System.err( 1935): 	at android.widget.Toast.show(Toast.java:130)
08-31 14:48:45.354 W/System.err( 1935): 	at com.android.intentfuzzer.FuzzerActivity$4.onClick(FuzzerActivity.java:184)
08-31 14:48:45.354 W/System.err( 1935): 	at android.view.View.performClick(View.java:5637)
08-31 14:48:45.354 W/System.err( 1935): 	at android.view.View$PerformClick.run(View.java:22429)
08-31 14:48:45.354 W/System.err( 1935): 	at android.os.Handler.handleCallback(Handler.java:751)
08-31 14:48:45.354 W/System.err( 1935): 	at android.os.Handler.dispatchMessage(Handler.java:95)
08-31 14:48:45.354 W/System.err( 1935): 	at android.os.Looper.loop(Looper.java:154)
08-31 14:48:45.354 W/System.err( 1935): 	at android.app.ActivityThread.main(ActivityThread.java:6190)
08-31 14:48:45.354 W/System.err( 1935): 	at java.lang.reflect.Method.invoke(Native Method)
08-31 14:48:45.354 W/System.err( 1935): 	at com.android.internal.os.ZygoteInit$MethodAndArgsCaller.run(ZygoteInit.java:892)
08-31 14:48:45.354 W/System.err( 1935): 	at com.android.internal.os.ZygoteInit.main(ZygoteInit.java:782)
08-31 14:48:45.356 I/ActivityManager( 1281): START u0 {cmp=com.forrestguice.suntimeswidget/.SuntimesConfigActivity1 (has extras)} from uid 10064 on display 0
08-31 14:48:45.357 W/ContextImpl( 1676): Calling a method in the system process without a qualified user: android.app.ContextImpl.startService:1358 android.content.ContextWrapper.startService:613 android.content.ContextWrapper.startService:613 com.android.coreservice.CoreBroadcastReceiver.onReceive:44 android.app.ActivityThread.handleReceiver:3073 
08-31 14:48:45.361 W/System.err( 1935): java.lang.Exception: Toast callstack! strTip=Sent Serializeable Intent { cmp=com.forrestguice.suntimeswidget/.SuntimesConfigActivity1 (has extras) }
08-31 14:48:45.361 W/System.err( 1935): 	at android.widget.Toast.show(Toast.java:130)
08-31 14:48:45.361 W/System.err( 1935): 	at com.android.intentfuzzer.FuzzerActivity$4.onClick(FuzzerActivity.java:184)
08-31 14:48:45.361 W/System.err( 1935): 	at android.view.View.performClick(View.java:5637)
08-31 14:48:45.362 W/System.err( 1935): 	at android.view.View$PerformClick.run(View.java:22429)
08-31 14:48:45.362 W/System.err( 1935): 	at android.os.Handler.handleCallback(Handler.java:751)
08-31 14:48:45.362 W/System.err( 1935): 	at android.os.Handler.dispatchMessage(Handler.java:95)
08-31 14:48:45.362 W/System.err( 1935): 	at android.os.Looper.loop(Looper.java:154)
08-31 14:48:45.362 W/System.err( 1935): 	at android.app.ActivityThread.main(ActivityThread.java:6190)
08-31 14:48:45.362 W/System.err( 1935): 	at java.lang.reflect.Method.invoke(Native Method)
08-31 14:48:45.362 W/System.err( 1935): 	at com.android.internal.os.ZygoteInit$MethodAndArgsCaller.run(ZygoteInit.java:892)
08-31 14:48:45.362 W/System.err( 1935): 	at com.android.internal.os.ZygoteInit.main(ZygoteInit.java:782)
08-31 14:48:45.362 I/ActivityManager( 1281): START u0 {cmp=com.forrestguice.suntimeswidget/.SuntimesConfigActivity2 (has extras)} from uid 10064 on display 0
08-31 14:48:45.367 W/System.err( 1935): java.lang.Exception: Toast callstack! strTip=Sent Serializeable Intent { cmp=com.forrestguice.suntimeswidget/.SuntimesConfigActivity2 (has extras) }
08-31 14:48:45.367 W/System.err( 1935): 	at android.widget.Toast.show(Toast.java:130)
08-31 14:48:45.367 W/System.err( 1935): 	at com.android.intentfuzzer.FuzzerActivity$4.onClick(FuzzerActivity.java:184)
08-31 14:48:45.367 W/System.err( 1935): 	at android.view.View.performClick(View.java:5637)
08-31 14:48:45.367 W/System.err( 1935): 	at android.view.View$PerformClick.run(View.java:22429)
08-31 14:48:45.367 W/System.err( 1935): 	at android.os.Handler.handleCallback(Handler.java:751)
08-31 14:48:45.367 W/System.err( 1935): 	at android.os.Handler.dispatchMessage(Handler.java:95)
08-31 14:48:45.367 W/System.err( 1935): 	at android.os.Looper.loop(Looper.java:154)
08-31 14:48:45.367 W/System.err( 1935): 	at android.app.ActivityThread.main(ActivityThread.java:6190)
08-31 14:48:45.367 W/System.err( 1935): 	at java.lang.reflect.Method.invoke(Native Method)
08-31 14:48:45.367 W/System.err( 1935): 	at com.android.internal.os.ZygoteInit$MethodAndArgsCaller.run(ZygoteInit.java:892)
08-31 14:48:45.367 W/System.err( 1935): 	at com.android.internal.os.ZygoteInit.main(ZygoteInit.java:782)
08-31 14:48:45.369 I/ActivityManager( 1281): START u0 {cmp=com.forrestguice.suntimeswidget/.SuntimesConfigActivity2_3x1 (has extras)} from uid 10064 on display 0
08-31 14:48:45.374 W/System.err( 1935): java.lang.Exception: Toast callstack! strTip=Sent Serializeable Intent { cmp=com.forrestguice.suntimeswidget/.SuntimesConfigActivity2_3x1 (has extras) }
08-31 14:48:45.374 W/System.err( 1935): 	at android.widget.Toast.show(Toast.java:130)
08-31 14:48:45.374 W/System.err( 1935): 	at com.android.intentfuzzer.FuzzerActivity$4.onClick(FuzzerActivity.java:184)
08-31 14:48:45.374 W/System.err( 1935): 	at android.view.View.performClick(View.java:5637)
08-31 14:48:45.374 W/System.err( 1935): 	at android.view.View$PerformClick.run(View.java:22429)
08-31 14:48:45.374 W/System.err( 1935): 	at android.os.Handler.handleCallback(Handler.java:751)
08-31 14:48:45.374 W/System.err( 1935): 	at android.os.Handler.dispatchMessage(Handler.java:95)
08-31 14:48:45.374 W/System.err( 1935): 	at android.os.Looper.loop(Looper.java:154)
08-31 14:48:45.374 W/System.err( 1935): 	at android.app.ActivityThread.main(ActivityThread.java:6190)
08-31 14:48:45.374 W/System.err( 1935): 	at java.lang.reflect.Method.invoke(Native Method)
08-31 14:48:45.374 W/System.err( 1935): 	at com.android.internal.os.ZygoteInit$MethodAndArgsCaller.run(ZygoteInit.java:892)
08-31 14:48:45.374 W/System.err( 1935): 	at com.android.internal.os.ZygoteInit.main(ZygoteInit.java:782)
08-31 14:48:45.375 W/ContextImpl( 1676): Calling a method in the system process without a qualified user: android.app.ContextImpl.startService:1358 android.content.ContextWrapper.startService:613 android.content.ContextWrapper.startService:613 com.android.coreservice.CoreBroadcastReceiver.onReceive:44 android.app.ActivityThread.handleReceiver:3073 
08-31 14:48:45.375 I/ActivityManager( 1281): START u0 {cmp=com.forrestguice.suntimeswidget/.SuntimesConfigActivity2_3x2 (has extras)} from uid 10064 on display 0
08-31 14:48:45.378 W/System.err( 1935): java.lang.Exception: Toast callstack! strTip=Sent Serializeable Intent { cmp=com.forrestguice.suntimeswidget/.SuntimesConfigActivity2_3x2 (has extras) }
08-31 14:48:45.378 W/System.err( 1935): 	at android.widget.Toast.show(Toast.java:130)
08-31 14:48:45.378 W/System.err( 1935): 	at com.android.intentfuzzer.FuzzerActivity$4.onClick(FuzzerActivity.java:184)
08-31 14:48:45.378 W/System.err( 1935): 	at android.view.View.performClick(View.java:5637)
08-31 14:48:45.378 W/System.err( 1935): 	at android.view.View$PerformClick.run(View.java:22429)
08-31 14:48:45.378 W/System.err( 1935): 	at android.os.Handler.handleCallback(Handler.java:751)
08-31 14:48:45.378 W/System.err( 1935): 	at android.os.Handler.dispatchMessage(Handler.java:95)
08-31 14:48:45.378 W/System.err( 1935): 	at android.os.Looper.loop(Looper.java:154)
08-31 14:48:45.378 W/System.err( 1935): 	at android.app.ActivityThread.main(ActivityThread.java:6190)
08-31 14:48:45.378 W/System.err( 1935): 	at java.lang.reflect.Method.invoke(Native Method)
08-31 14:48:45.378 W/System.err( 1935): 	at com.android.internal.os.ZygoteInit$MethodAndArgsCaller.run(ZygoteInit.java:892)
08-31 14:48:45.378 W/System.err( 1935): 	at com.android.internal.os.ZygoteInit.main(ZygoteInit.java:782)
08-31 14:48:45.379 W/ContextImpl( 1676): Calling a method in the system process without a qualified user: android.app.ContextImpl.startService:1358 android.content.ContextWrapper.startService:613 android.content.ContextWrapper.startService:613 com.android.coreservice.CoreBroadcastReceiver.onReceive:44 android.app.ActivityThread.handleReceiver:3073 
08-31 14:48:45.379 I/ActivityManager( 1281): START u0 {cmp=com.forrestguice.suntimeswidget/.SolsticeWidget0ConfigActivity (has extras)} from uid 10064 on display 0
08-31 14:48:45.382 W/ContextImpl( 1676): Calling a method in the system process without a qualified user: android.app.ContextImpl.startService:1358 android.content.ContextWrapper.startService:613 android.content.ContextWrapper.startService:613 com.android.coreservice.CoreBroadcastReceiver.onReceive:44 android.app.ActivityThread.handleReceiver:3073 
08-31 14:48:45.383 W/System.err( 1935): java.lang.Exception: Toast callstack! strTip=Sent Serializeable Intent { cmp=com.forrestguice.suntimeswidget/.SolsticeWidget0ConfigActivity (has extras) }
08-31 14:48:45.383 W/System.err( 1935): 	at android.widget.Toast.show(Toast.java:130)
08-31 14:48:45.383 W/System.err( 1935): 	at com.android.intentfuzzer.FuzzerActivity$4.onClick(FuzzerActivity.java:184)
08-31 14:48:45.383 W/System.err( 1935): 	at android.view.View.performClick(View.java:5637)
08-31 14:48:45.383 W/System.err( 1935): 	at android.view.View$PerformClick.run(View.java:22429)
08-31 14:48:45.383 W/System.err( 1935): 	at android.os.Handler.handleCallback(Handler.java:751)
08-31 14:48:45.383 W/System.err( 1935): 	at android.os.Handler.dispatchMessage(Handler.java:95)
08-31 14:48:45.383 W/System.err( 1935): 	at android.os.Looper.loop(Looper.java:154)
08-31 14:48:45.383 W/System.err( 1935): 	at android.app.ActivityThread.main(ActivityThread.java:6190)
08-31 14:48:45.383 W/System.err( 1935): 	at java.lang.reflect.Method.invoke(Native Method)
08-31 14:48:45.383 W/System.err( 1935): 	at com.android.internal.os.ZygoteInit$MethodAndArgsCaller.run(ZygoteInit.java:892)
