08-31 15:16:36.697 W/System.err( 1935): 	at android.widget.Toast.show(Toast.java:130)
08-31 15:16:36.697 W/System.err( 1935): 	at com.android.intentfuzzer.FuzzerActivity$3.onClick(FuzzerActivity.java:167)
08-31 15:16:36.697 W/System.err( 1935): 	at android.view.View.performClick(View.java:5637)
08-31 15:16:36.697 W/System.err( 1935): 	at android.view.View$PerformClick.run(View.java:22429)
08-31 15:16:36.697 W/System.err( 1935): 	at android.os.Handler.handleCallback(Handler.java:751)
08-31 15:16:36.697 W/System.err( 1935): 	at android.os.Handler.dispatchMessage(Handler.java:95)
08-31 15:16:36.697 W/System.err( 1935): 	at android.os.Looper.loop(Looper.java:154)
08-31 15:16:36.697 W/System.err( 1935): 	at android.app.ActivityThread.main(ActivityThread.java:6190)
08-31 15:16:36.705 W/System.err( 1935): 	at java.lang.reflect.Method.invoke(Native Method)
08-31 15:16:36.706 W/System.err( 1935): 	at com.android.internal.os.ZygoteInit$MethodAndArgsCaller.run(ZygoteInit.java:892)
08-31 15:16:36.706 W/System.err( 1935): 	at com.android.internal.os.ZygoteInit.main(ZygoteInit.java:782)
08-31 15:16:36.708 I/ActivityManager( 1281): START u0 {cmp=com.oriondev.moneywallet/.ui.activity.TransactionListActivity} from uid 10064 on display 0
08-31 15:16:36.708 W/ActivityManager( 1281): Permission Denial: starting Intent { cmp=com.oriondev.moneywallet/.ui.activity.TransactionListActivity } from ProcessRecord{bda5613 1935:com.android.intentfuzzer/u0a64} (pid=1935, uid=10064) not exported from uid 10032
08-31 15:16:36.709 W/System.err( 1935): java.lang.Exception: Toast callstack! strTip=Send Intent Failed!
08-31 15:16:36.709 W/System.err( 1935): 	at android.widget.Toast.show(Toast.java:130)
08-31 15:16:36.709 W/System.err( 1935): 	at com.android.intentfuzzer.FuzzerActivity$3.onClick(FuzzerActivity.java:167)
08-31 15:16:36.709 W/System.err( 1935): 	at android.view.View.performClick(View.java:5637)
08-31 15:16:36.709 W/System.err( 1935): 	at android.view.View$PerformClick.run(View.java:22429)
08-31 15:16:36.709 W/System.err( 1935): 	at android.os.Handler.handleCallback(Handler.java:751)
08-31 15:16:36.709 W/System.err( 1935): 	at android.os.Handler.dispatchMessage(Handler.java:95)
08-31 15:16:36.709 W/System.err( 1935): 	at android.os.Looper.loop(Looper.java:154)
08-31 15:16:36.709 W/System.err( 1935): 	at android.app.ActivityThread.main(ActivityThread.java:6190)
08-31 15:16:36.709 W/System.err( 1935): 	at java.lang.reflect.Method.invoke(Native Method)
08-31 15:16:36.709 W/System.err( 1935): 	at com.android.internal.os.ZygoteInit$MethodAndArgsCaller.run(ZygoteInit.java:892)
08-31 15:16:36.709 W/System.err( 1935): 	at com.android.internal.os.ZygoteInit.main(ZygoteInit.java:782)
08-31 15:16:36.710 I/ActivityManager( 1281): START u0 {cmp=com.oriondev.moneywallet/.ui.activity.LockActivity} from uid 10064 on display 0
08-31 15:16:36.710 W/ActivityManager( 1281): Permission Denial: starting Intent { cmp=com.oriondev.moneywallet/.ui.activity.LockActivity } from ProcessRecord{bda5613 1935:com.android.intentfuzzer/u0a64} (pid=1935, uid=10064) not exported from uid 10032
08-31 15:16:36.712 W/System.err( 1935): java.lang.Exception: Toast callstack! strTip=Send Intent Failed!
08-31 15:16:36.712 W/System.err( 1935): 	at android.widget.Toast.show(Toast.java:130)
08-31 15:16:36.712 W/System.err( 1935): 	at com.android.intentfuzzer.FuzzerActivity$3.onClick(FuzzerActivity.java:167)
08-31 15:16:36.712 W/System.err( 1935): 	at android.view.View.performClick(View.java:5637)
08-31 15:16:36.712 W/System.err( 1935): 	at android.view.View$PerformClick.run(View.java:22429)
08-31 15:16:36.712 W/System.err( 1935): 	at android.os.Handler.handleCallback(Handler.java:751)
08-31 15:16:36.712 W/System.err( 1935): 	at android.os.Handler.dispatchMessage(Handler.java:95)
08-31 15:16:36.712 W/System.err( 1935): 	at android.os.Looper.loop(Looper.java:154)
08-31 15:16:36.712 W/System.err( 1935): 	at android.app.ActivityThread.main(ActivityThread.java:6190)
08-31 15:16:36.712 W/System.err( 1935): 	at java.lang.reflect.Method.invoke(Native Method)
08-31 15:16:36.712 W/System.err( 1935): 	at com.android.internal.os.ZygoteInit$MethodAndArgsCaller.run(ZygoteInit.java:892)
08-31 15:16:36.712 W/System.err( 1935): 	at com.android.internal.os.ZygoteInit.main(ZygoteInit.java:782)
08-31 15:16:36.732 I/ActivityManager( 1281): Start proc 2370:com.oriondev.moneywallet/u0a32 for activity com.oriondev.moneywallet/.ui.activity.LauncherActivity
08-31 15:16:36.746 D/libnativebridge( 2370): call UnloadNativeBridge! state=1
08-31 15:16:36.789 W/ContextImpl( 1676): Calling a method in the system process without a qualified user: android.app.ContextImpl.startService:1358 android.content.ContextWrapper.startService:613 android.content.ContextWrapper.startService:613 com.android.coreservice.CoreBroadcastReceiver.onReceive:53 android.app.ActivityThread.handleReceiver:3073 
08-31 15:16:36.864 E/EGL_adreno( 1935): tid 1952: eglSurfaceAttrib(1338): error 0x3009 (EGL_BAD_MATCH)
08-31 15:16:36.864 W/OpenGLRenderer( 1935): Failed to set EGL_SWAP_BEHAVIOR on surface 0x7fffeb5c9900, error=EGL_BAD_MATCH
08-31 15:16:36.870 D/EGL_adreno( 1935): eglMakeCurrent: 0x7fffeb454c20: ver 3 1 (tinfo 0x7fffeb40d8a0)
08-31 15:16:37.359 W/System  ( 2370): ClassLoader referenced unknown path: /data/app/com.oriondev.moneywallet-1/lib/x86_64
08-31 15:16:37.378 I/MultiDex( 2370): VM with version 2.1.0 has multidex support
08-31 15:16:37.378 I/MultiDex( 2370): Installing application
08-31 15:16:37.378 I/MultiDex( 2370): VM has multidex support, MultiDex support library is disabled.
08-31 15:16:37.594 W/art     ( 2370): Before Android 4.1, method android.graphics.PorterDuffColorFilter android.support.graphics.drawable.VectorDrawableCompat.updateTintFilter(android.graphics.PorterDuffColorFilter, android.content.res.ColorStateList, android.graphics.PorterDuff$Mode) would have incorrectly overridden the package-private method in android.graphics.drawable.Drawable
08-31 15:16:37.732 W/ContextImpl( 1676): Calling a method in the system process without a qualified user: android.app.ContextImpl.startService:1358 android.content.ContextWrapper.startService:613 android.content.ContextWrapper.startService:613 com.android.coreservice.CoreBroadcastReceiver.onReceive:53 android.app.ActivityThread.handleReceiver:3073 
08-31 15:16:37.740 I/HostConnection( 2370): HostConnection::HostConnection: pid=2370, tid=2370, this=0x7fffe8bcff00
08-31 15:16:37.743 I/        ( 2370): fastpipe: Connect success
08-31 15:16:37.743 D/HostConnection( 2370): HostRPC::connect sucess: app=com.oriondev.moneywallet, pid=2370, tid=2370, this=0x7fffd63498c0
08-31 15:16:37.744 D/HostConnection( 2370): queryAndSetGLESMaxVersion select gles-version: 3.1 hostGLVersion:46 process:com.oriondev.moneywallet
08-31 15:16:37.746 I/        ( 2370): fastpipe: Connect success
08-31 15:16:37.747 D/HostConnection( 2370): recv ProcessPuidReply name=com.oriondev.moneywallet puid=12 g_u64CapsFlag=1d
08-31 15:16:37.794 I/HostConnection( 2370): HostConnection::HostConnection: pid=2370, tid=2388, this=0x7fffeb41c4e0
08-31 15:16:37.797 I/        ( 2370): fastpipe: Connect success
08-31 15:16:37.797 D/HostConnection( 2370): HostRPC::connect sucess: app=com.oriondev.moneywallet, pid=2370, tid=2388, this=0x7fffeb468940
08-31 15:16:37.798 D/HostConnection( 2370): queryAndSetGLESMaxVersion select gles-version: 3.1 hostGLVersion:46 process:com.oriondev.moneywallet
08-31 15:16:37.799 I/OpenGLRenderer( 2370): Initialized EGL, version 1.4
08-31 15:16:37.799 D/OpenGLRenderer( 2370): Swap behavior 1
08-31 15:16:37.799 I/EGL_adreno( 2370): eglCreateContext request GLES major-version=2
08-31 15:16:37.851 D/EGL_adreno( 2370): eglCreateContext: 0x7fffeb44f320: maj 3 min 1 rcv 4
08-31 15:16:37.958 D/EGL_adreno( 2370): eglMakeCurrent: 0x7fffeb44f320: ver 3 1 (tinfo 0x7fffeb40d300)
08-31 15:16:37.961 D/HostConnection( 2370): ExtendedRCEncoderContext GL_VERSION return OpenGL ES 3.1
08-31 15:16:37.979 E/EGL_adreno( 2370): tid 2388: eglSurfaceAttrib(1338): error 0x3009 (EGL_BAD_MATCH)
08-31 15:16:37.980 W/OpenGLRenderer( 2370): Failed to set EGL_SWAP_BEHAVIOR on surface 0x7fffeb459b80, error=EGL_BAD_MATCH
08-31 15:16:37.981 D/EGL_adreno( 2370): eglMakeCurrent: 0x7fffeb44f320: ver 3 1 (tinfo 0x7fffeb40d300)
08-31 15:16:38.067 W/ContextImpl( 1676): Calling a method in the system process without a qualified user: android.app.ContextImpl.startService:1358 android.content.ContextWrapper.startService:613 android.content.ContextWrapper.startService:613 com.android.coreservice.CoreBroadcastReceiver.onReceive:69 android.app.ActivityThread.handleReceiver:3073 
08-31 15:16:38.068 I/ActivityManager( 1281): Displayed com.oriondev.moneywallet/.ui.activity.LauncherActivity: +1s351ms
08-31 15:16:38.073 W/ContextImpl( 1676): Calling a method in the system process without a qualified user: android.app.ContextImpl.startService:1358 android.content.ContextWrapper.startService:613 android.content.ContextWrapper.startService:613 com.android.coreservice.CoreBroadcastReceiver.onReceive:69 android.app.ActivityThread.handleReceiver:3073 
08-31 15:16:39.671 D/audio_hw_hal( 1087): log_func, out_standby
08-31 15:16:39.671 D/audio_hw_hal( 1087): raw_close_output_stream, dev=0xf6e480c0, stream =0xf6e43140
08-31 15:16:39.672 D/audio_hw_hal( 1087): raw_close_output_stream, stream=0xf6e43140,  success!
08-31 15:16:40.069 W/WindowManager( 1281): Attempted to remove non-existing token: android.os.Binder@eb1733a
08-31 15:16:40.070 D/EGL_adreno( 1935): eglMakeCurrent: 0x7fffeb454c20: ver 3 1 (tinfo 0x7fffeb40d8a0)
08-31 15:16:40.130 E/EGL_adreno( 1935): tid 1952: eglSurfaceAttrib(1338): error 0x3009 (EGL_BAD_MATCH)
08-31 15:16:40.130 W/OpenGLRenderer( 1935): Failed to set EGL_SWAP_BEHAVIOR on surface 0x7fffeb5c9900, error=EGL_BAD_MATCH
08-31 15:16:40.134 D/EGL_adreno( 1935): eglMakeCurrent: 0x7fffeb454c20: ver 3 1 (tinfo 0x7fffeb40d8a0)
08-31 15:16:43.573 W/WindowManager( 1281): Attempted to remove non-existing token: android.os.Binder@c1ed63
08-31 15:16:43.576 D/EGL_adreno( 1935): eglMakeCurrent: 0x7fffeb454c20: ver 3 1 (tinfo 0x7fffeb40d8a0)
08-31 15:16:43.637 E/EGL_adreno( 1935): tid 1952: eglSurfaceAttrib(1338): error 0x3009 (EGL_BAD_MATCH)
08-31 15:16:43.637 W/OpenGLRenderer( 1935): Failed to set EGL_SWAP_BEHAVIOR on surface 0x7fffeb5c9900, error=EGL_BAD_MATCH
08-31 15:16:43.639 D/EGL_adreno( 1935): eglMakeCurrent: 0x7fffeb454c20: ver 3 1 (tinfo 0x7fffeb40d8a0)
08-31 15:16:45.562 D/WifiStateMachine( 1281): setScanResults mScanResults.size=1
08-31 15:16:47.077 W/WindowManager( 1281): Attempted to remove non-existing token: android.os.Binder@3ccb2de
08-31 15:16:47.079 D/EGL_adreno( 1935): eglMakeCurrent: 0x7fffeb454c20: ver 3 1 (tinfo 0x7fffeb40d8a0)
08-31 15:16:47.141 E/EGL_adreno( 1935): tid 1952: eglSurfaceAttrib(1338): error 0x3009 (EGL_BAD_MATCH)
08-31 15:16:47.141 W/OpenGLRenderer( 1935): Failed to set EGL_SWAP_BEHAVIOR on surface 0x7fffeb5c9900, error=EGL_BAD_MATCH
08-31 15:16:47.145 D/EGL_adreno( 1935): eglMakeCurrent: 0x7fffeb454c20: ver 3 1 (tinfo 0x7fffeb40d8a0)
08-31 15:16:50.582 W/WindowManager( 1281): Attempted to remove non-existing token: android.os.Binder@25bfcbf
08-31 15:16:50.584 D/EGL_adreno( 1935): eglMakeCurrent: 0x7fffeb454c20: ver 3 1 (tinfo 0x7fffeb40d8a0)
08-31 15:16:50.636 E/EGL_adreno( 1935): tid 1952: eglSurfaceAttrib(1338): error 0x3009 (EGL_BAD_MATCH)
08-31 15:16:50.636 W/OpenGLRenderer( 1935): Failed to set EGL_SWAP_BEHAVIOR on surface 0x7fffeb5c9900, error=EGL_BAD_MATCH
08-31 15:16:50.637 D/EGL_adreno( 1935): eglMakeCurrent: 0x7fffeb454c20: ver 3 1 (tinfo 0x7fffeb40d8a0)
08-31 15:16:54.085 W/WindowManager( 1281): Attempted to remove non-existing token: android.os.Binder@2e6ff8c
08-31 15:16:54.087 D/EGL_adreno( 1935): eglMakeCurrent: 0x7fffeb454c20: ver 3 1 (tinfo 0x7fffeb40d8a0)
08-31 15:16:54.135 E/EGL_adreno( 1935): tid 1952: eglSurfaceAttrib(1338): error 0x3009 (EGL_BAD_MATCH)
08-31 15:16:54.135 W/OpenGLRenderer( 1935): Failed to set EGL_SWAP_BEHAVIOR on surface 0x7fffeb5c9900, error=EGL_BAD_MATCH
08-31 15:16:54.137 D/EGL_adreno( 1935): eglMakeCurrent: 0x7fffeb454c20: ver 3 1 (tinfo 0x7fffeb40d8a0)
08-31 15:16:57.591 W/WindowManager( 1281): Attempted to remove non-existing token: android.os.Binder@7fa6d5
08-31 15:16:57.593 D/EGL_adreno( 1935): eglMakeCurrent: 0x7fffeb454c20: ver 3 1 (tinfo 0x7fffeb40d8a0)
08-31 15:16:57.661 E/EGL_adreno( 1935): tid 1952: eglSurfaceAttrib(1338): error 0x3009 (EGL_BAD_MATCH)
08-31 15:16:57.661 W/OpenGLRenderer( 1935): Failed to set EGL_SWAP_BEHAVIOR on surface 0x7fffeb5c9900, error=EGL_BAD_MATCH
08-31 15:16:57.663 D/EGL_adreno( 1935): eglMakeCurrent: 0x7fffeb454c20: ver 3 1 (tinfo 0x7fffeb40d8a0)
08-31 15:17:01.094 W/WindowManager( 1281): Attempted to remove non-existing token: android.os.Binder@8ed1eea
08-31 15:17:01.097 D/EGL_adreno( 1935): eglMakeCurrent: 0x7fffeb454c20: ver 3 1 (tinfo 0x7fffeb40d8a0)
08-31 15:17:01.169 E/EGL_adreno( 1935): tid 1952: eglSurfaceAttrib(1338): error 0x3009 (EGL_BAD_MATCH)
08-31 15:17:01.169 W/OpenGLRenderer( 1935): Failed to set EGL_SWAP_BEHAVIOR on surface 0x7fffeb5c9900, error=EGL_BAD_MATCH
08-31 15:17:01.184 D/EGL_adreno( 1935): eglMakeCurrent: 0x7fffeb454c20: ver 3 1 (tinfo 0x7fffeb40d8a0)
08-31 15:17:04.596 W/WindowManager( 1281): Attempted to remove non-existing token: android.os.Binder@f5da5db
08-31 15:17:04.598 D/EGL_adreno( 1935): eglMakeCurrent: 0x7fffeb454c20: ver 3 1 (tinfo 0x7fffeb40d8a0)
08-31 15:17:04.660 E/EGL_adreno( 1935): tid 1952: eglSurfaceAttrib(1338): error 0x3009 (EGL_BAD_MATCH)
08-31 15:17:04.660 W/OpenGLRenderer( 1935): Failed to set EGL_SWAP_BEHAVIOR on surface 0x7fffeb5c9900, error=EGL_BAD_MATCH
08-31 15:17:04.662 D/EGL_adreno( 1935): eglMakeCurrent: 0x7fffeb454c20: ver 3 1 (tinfo 0x7fffeb40d8a0)
08-31 15:17:08.101 W/WindowManager( 1281): Attempted to remove non-existing token: android.os.Binder@5ca8878
08-31 15:17:08.104 D/EGL_adreno( 1935): eglMakeCurrent: 0x7fffeb454c20: ver 3 1 (tinfo 0x7fffeb40d8a0)
08-31 15:17:08.150 E/EGL_adreno( 1935): tid 1952: eglSurfaceAttrib(1338): error 0x3009 (EGL_BAD_MATCH)
08-31 15:17:08.150 W/OpenGLRenderer( 1935): Failed to set EGL_SWAP_BEHAVIOR on surface 0x7fffeb5c9900, error=EGL_BAD_MATCH
08-31 15:17:08.152 D/EGL_adreno( 1935): eglMakeCurrent: 0x7fffeb454c20: ver 3 1 (tinfo 0x7fffeb40d8a0)
08-31 15:17:11.606 W/WindowManager( 1281): Attempted to remove non-existing token: android.os.Binder@1a0db51
08-31 15:17:11.609 D/EGL_adreno( 1935): eglMakeCurrent: 0x7fffeb454c20: ver 3 1 (tinfo 0x7fffeb40d8a0)
08-31 15:17:11.669 E/EGL_adreno( 1935): tid 1952: eglSurfaceAttrib(1338): error 0x3009 (EGL_BAD_MATCH)
08-31 15:17:11.669 W/OpenGLRenderer( 1935): Failed to set EGL_SWAP_BEHAVIOR on surface 0x7fffeb5c9900, error=EGL_BAD_MATCH
08-31 15:17:11.670 D/EGL_adreno( 1935): eglMakeCurrent: 0x7fffeb454c20: ver 3 1 (tinfo 0x7fffeb40d8a0)
08-31 15:17:15.110 W/WindowManager( 1281): Attempted to remove non-existing token: android.os.Binder@5f63fb6
08-31 15:17:15.112 D/EGL_adreno( 1935): eglMakeCurrent: 0x7fffeb454c20: ver 3 1 (tinfo 0x7fffeb40d8a0)
08-31 15:17:15.168 E/EGL_adreno( 1935): tid 1952: eglSurfaceAttrib(1338): error 0x3009 (EGL_BAD_MATCH)
08-31 15:17:15.168 W/OpenGLRenderer( 1935): Failed to set EGL_SWAP_BEHAVIOR on surface 0x7fffeb5c9900, error=EGL_BAD_MATCH
08-31 15:17:15.174 D/EGL_adreno( 1935): eglMakeCurrent: 0x7fffeb454c20: ver 3 1 (tinfo 0x7fffeb40d8a0)
08-31 15:17:18.615 W/WindowManager( 1281): Attempted to remove non-existing token: android.os.Binder@e06c4b7
08-31 15:17:18.618 D/EGL_adreno( 1935): eglMakeCurrent: 0x7fffeb454c20: ver 3 1 (tinfo 0x7fffeb40d8a0)
08-31 15:17:18.669 E/EGL_adreno( 1935): tid 1952: eglSurfaceAttrib(1338): error 0x3009 (EGL_BAD_MATCH)
08-31 15:17:18.669 W/OpenGLRenderer( 1935): Failed to set EGL_SWAP_BEHAVIOR on surface 0x7fffeb5c9900, error=EGL_BAD_MATCH
08-31 15:17:18.671 D/EGL_adreno( 1935): eglMakeCurrent: 0x7fffeb454c20: ver 3 1 (tinfo 0x7fffeb40d8a0)
08-31 15:17:22.122 W/WindowManager( 1281): Attempted to remove non-existing token: android.os.Binder@55bb424
08-31 15:17:22.125 D/EGL_adreno( 1935): eglMakeCurrent: 0x7fffeb454c20: ver 3 1 (tinfo 0x7fffeb40d8a0)
08-31 15:17:22.193 E/EGL_adreno( 1935): tid 1952: eglSurfaceAttrib(1338): error 0x3009 (EGL_BAD_MATCH)
08-31 15:17:22.194 W/OpenGLRenderer( 1935): Failed to set EGL_SWAP_BEHAVIOR on surface 0x7fffeb5c9900, error=EGL_BAD_MATCH
08-31 15:17:22.196 D/EGL_adreno( 1935): eglMakeCurrent: 0x7fffeb454c20: ver 3 1 (tinfo 0x7fffeb40d8a0)
08-31 15:17:25.628 W/WindowManager( 1281): Attempted to remove non-existing token: android.os.Binder@c6db8d
08-31 15:17:25.629 D/EGL_adreno( 1935): eglMakeCurrent: 0x7fffeb454c20: ver 3 1 (tinfo 0x7fffeb40d8a0)
08-31 15:17:25.694 E/EGL_adreno( 1935): tid 1952: eglSurfaceAttrib(1338): error 0x3009 (EGL_BAD_MATCH)
08-31 15:17:25.694 W/OpenGLRenderer( 1935): Failed to set EGL_SWAP_BEHAVIOR on surface 0x7fffeb5c9900, error=EGL_BAD_MATCH
08-31 15:17:25.696 D/EGL_adreno( 1935): eglMakeCurrent: 0x7fffeb454c20: ver 3 1 (tinfo 0x7fffeb40d8a0)
08-31 15:17:29.133 W/WindowManager( 1281): Attempted to remove non-existing token: android.os.Binder@79ea142
08-31 15:17:29.136 D/EGL_adreno( 1935): eglMakeCurrent: 0x7fffeb454c20: ver 3 1 (tinfo 0x7fffeb40d8a0)
08-31 15:17:29.186 E/EGL_adreno( 1935): tid 1952: eglSurfaceAttrib(1338): error 0x3009 (EGL_BAD_MATCH)
08-31 15:17:29.186 W/OpenGLRenderer( 1935): Failed to set EGL_SWAP_BEHAVIOR on surface 0x7fffeb5c9900, error=EGL_BAD_MATCH
08-31 15:17:29.190 D/EGL_adreno( 1935): eglMakeCurrent: 0x7fffeb454c20: ver 3 1 (tinfo 0x7fffeb40d8a0)
08-31 15:17:32.639 W/WindowManager( 1281): Attempted to remove non-existing token: android.os.Binder@eb8f553
08-31 15:17:32.641 D/EGL_adreno( 1935): eglMakeCurrent: 0x7fffeb454c20: ver 3 1 (tinfo 0x7fffeb40d8a0)
08-31 15:17:32.706 E/EGL_adreno( 1935): tid 1952: eglSurfaceAttrib(1338): error 0x3009 (EGL_BAD_MATCH)
08-31 15:17:32.706 W/OpenGLRenderer( 1935): Failed to set EGL_SWAP_BEHAVIOR on surface 0x7fffeb5c9900, error=EGL_BAD_MATCH
08-31 15:17:32.708 D/EGL_adreno( 1935): eglMakeCurrent: 0x7fffeb454c20: ver 3 1 (tinfo 0x7fffeb40d8a0)
08-31 15:17:36.143 W/WindowManager( 1281): Attempted to remove non-existing token: android.os.Binder@b1ee90
08-31 15:17:36.146 D/EGL_adreno( 1935): eglMakeCurrent: 0x7fffeb454c20: ver 3 1 (tinfo 0x7fffeb40d8a0)
08-31 15:17:36.201 E/EGL_adreno( 1935): tid 1952: eglSurfaceAttrib(1338): error 0x3009 (EGL_BAD_MATCH)
08-31 15:17:36.201 W/OpenGLRenderer( 1935): Failed to set EGL_SWAP_BEHAVIOR on surface 0x7fffeb5c9900, error=EGL_BAD_MATCH
08-31 15:17:36.203 D/EGL_adreno( 1935): eglMakeCurrent: 0x7fffeb454c20: ver 3 1 (tinfo 0x7fffeb40d8a0)
08-31 15:17:39.652 W/WindowManager( 1281): Attempted to remove non-existing token: android.os.Binder@5d2a389
08-31 15:17:39.707 D/EGL_adreno( 1935): eglMakeCurrent: 0x7fffeb454c20: ver 3 1 (tinfo 0x7fffeb40d8a0)
08-31 15:17:39.855 W/WindowManager( 1281): Failed looking up window
08-31 15:17:39.855 W/WindowManager( 1281): java.lang.IllegalArgumentException: Requested window android.os.BinderProxy@d11e905 does not exist
08-31 15:17:39.855 W/WindowManager( 1281): 	at com.android.server.wm.WindowManagerService.windowForClientLocked(WindowManagerService.java:9459)
08-31 15:17:39.855 W/WindowManager( 1281): 	at com.android.server.wm.WindowManagerService.windowForClientLocked(WindowManagerService.java:9450)
08-31 15:17:39.855 W/WindowManager( 1281): 	at com.android.server.wm.WindowManagerService.removeWindow(WindowManagerService.java:2410)
08-31 15:17:39.855 W/WindowManager( 1281): 	at com.android.server.wm.Session.remove(Session.java:202)
08-31 15:17:39.855 W/WindowManager( 1281): 	at android.view.IWindowSession$Stub.onTransact(IWindowSession.java:242)
08-31 15:17:39.855 W/WindowManager( 1281): 	at com.android.server.wm.Session.onTransact(Session.java:145)
08-31 15:17:39.855 W/WindowManager( 1281): 	at android.os.Binder.execTransact(Binder.java:565)
08-31 15:17:40.034 E/EGL_adreno( 1935): tid 1952: eglSurfaceAttrib(1338): error 0x3009 (EGL_BAD_MATCH)
08-31 15:17:40.034 W/OpenGLRenderer( 1935): Failed to set EGL_SWAP_BEHAVIOR on surface 0x7fffeb5c9900, error=EGL_BAD_MATCH
08-31 15:17:40.036 D/EGL_adreno( 1935): eglMakeCurrent: 0x7fffeb454c20: ver 3 1 (tinfo 0x7fffeb40d8a0)
08-31 15:17:43.164 W/WindowManager( 1281): Attempted to remove non-existing token: android.os.Binder@d798f8e
08-31 15:17:43.169 D/EGL_adreno( 1935): eglMakeCurrent: 0x7fffeb454c20: ver 3 1 (tinfo 0x7fffeb40d8a0)
08-31 15:17:43.266 E/EGL_adreno( 1935): tid 1952: eglSurfaceAttrib(1338): error 0x3009 (EGL_BAD_MATCH)
08-31 15:17:43.266 W/OpenGLRenderer( 1935): Failed to set EGL_SWAP_BEHAVIOR on surface 0x7fffeb5c9900, error=EGL_BAD_MATCH
08-31 15:17:43.268 D/EGL_adreno( 1935): eglMakeCurrent: 0x7fffeb454c20: ver 3 1 (tinfo 0x7fffeb40d8a0)
08-31 15:17:46.673 W/WindowManager( 1281): Attempted to remove non-existing token: android.os.Binder@c5393af
08-31 15:17:46.675 D/EGL_adreno( 1935): eglMakeCurrent: 0x7fffeb454c20: ver 3 1 (tinfo 0x7fffeb40d8a0)
08-31 15:17:46.735 E/EGL_adreno( 1935): tid 1952: eglSurfaceAttrib(1338): error 0x3009 (EGL_BAD_MATCH)
08-31 15:17:46.735 W/OpenGLRenderer( 1935): Failed to set EGL_SWAP_BEHAVIOR on surface 0x7fffeb5c9900, error=EGL_BAD_MATCH
08-31 15:17:46.736 D/EGL_adreno( 1935): eglMakeCurrent: 0x7fffeb454c20: ver 3 1 (tinfo 0x7fffeb40d8a0)
08-31 15:17:50.187 W/WindowManager( 1281): Attempted to remove non-existing token: android.os.Binder@eef63bc
08-31 15:17:50.191 D/EGL_adreno( 1935): eglMakeCurrent: 0x7fffeb454c20: ver 3 1 (tinfo 0x7fffeb40d8a0)
08-31 15:17:50.251 E/EGL_adreno( 1935): tid 1952: eglSurfaceAttrib(1338): error 0x3009 (EGL_BAD_MATCH)
08-31 15:17:50.251 W/OpenGLRenderer( 1935): Failed to set EGL_SWAP_BEHAVIOR on surface 0x7fffeb5c9900, error=EGL_BAD_MATCH
08-31 15:17:50.274 D/EGL_adreno( 1935): eglMakeCurrent: 0x7fffeb454c20: ver 3 1 (tinfo 0x7fffeb40d8a0)
08-31 15:17:53.695 W/WindowManager( 1281): Attempted to remove non-existing token: android.os.Binder@bb8ef45
08-31 15:17:53.698 D/EGL_adreno( 1935): eglMakeCurrent: 0x7fffeb454c20: ver 3 1 (tinfo 0x7fffeb40d8a0)
08-31 15:17:53.753 E/EGL_adreno( 1935): tid 1952: eglSurfaceAttrib(1338): error 0x3009 (EGL_BAD_MATCH)
08-31 15:17:53.753 W/OpenGLRenderer( 1935): Failed to set EGL_SWAP_BEHAVIOR on surface 0x7fffeb5c9900, error=EGL_BAD_MATCH
08-31 15:17:53.757 D/EGL_adreno( 1935): eglMakeCurrent: 0x7fffeb454c20: ver 3 1 (tinfo 0x7fffeb40d8a0)
08-31 15:17:57.199 W/WindowManager( 1281): Attempted to remove non-existing token: android.os.Binder@b03169a
08-31 15:17:57.201 D/EGL_adreno( 1935): eglMakeCurrent: 0x7fffeb454c20: ver 3 1 (tinfo 0x7fffeb40d8a0)
08-31 15:17:57.250 E/EGL_adreno( 1935): tid 1952: eglSurfaceAttrib(1338): error 0x3009 (EGL_BAD_MATCH)
08-31 15:17:57.250 W/OpenGLRenderer( 1935): Failed to set EGL_SWAP_BEHAVIOR on surface 0x7fffeb5c9900, error=EGL_BAD_MATCH
08-31 15:17:57.252 D/EGL_adreno( 1935): eglMakeCurrent: 0x7fffeb454c20: ver 3 1 (tinfo 0x7fffeb40d8a0)
08-31 15:18:00.710 W/WindowManager( 1281): Attempted to remove non-existing token: android.os.Binder@64fbbcb
08-31 15:18:00.713 D/EGL_adreno( 1935): eglMakeCurrent: 0x7fffeb454c20: ver 3 1 (tinfo 0x7fffeb40d8a0)
08-31 15:18:00.778 E/EGL_adreno( 1935): tid 1952: eglSurfaceAttrib(1338): error 0x3009 (EGL_BAD_MATCH)
08-31 15:18:00.778 W/OpenGLRenderer( 1935): Failed to set EGL_SWAP_BEHAVIOR on surface 0x7fffeb5c9900, error=EGL_BAD_MATCH
08-31 15:18:00.781 D/EGL_adreno( 1935): eglMakeCurrent: 0x7fffeb454c20: ver 3 1 (tinfo 0x7fffeb40d8a0)
08-31 15:18:04.214 W/WindowManager( 1281): Attempted to remove non-existing token: android.os.Binder@52cffa8
08-31 15:18:04.217 D/EGL_adreno( 1935): eglMakeCurrent: 0x7fffeb454c20: ver 3 1 (tinfo 0x7fffeb40d8a0)
08-31 15:18:04.269 E/EGL_adreno( 1935): tid 1952: eglSurfaceAttrib(1338): error 0x3009 (EGL_BAD_MATCH)
08-31 15:18:04.269 W/OpenGLRenderer( 1935): Failed to set EGL_SWAP_BEHAVIOR on surface 0x7fffeb5c9900, error=EGL_BAD_MATCH
08-31 15:18:04.271 D/EGL_adreno( 1935): eglMakeCurrent: 0x7fffeb454c20: ver 3 1 (tinfo 0x7fffeb40d8a0)
08-31 15:18:07.719 W/WindowManager( 1281): Attempted to remove non-existing token: android.os.Binder@dfe3ac1
08-31 15:18:07.722 D/EGL_adreno( 1935): eglMakeCurrent: 0x7fffeb454c20: ver 3 1 (tinfo 0x7fffeb40d8a0)
08-31 15:18:07.769 E/EGL_adreno( 1935): tid 1952: eglSurfaceAttrib(1338): error 0x3009 (EGL_BAD_MATCH)
08-31 15:18:07.769 W/OpenGLRenderer( 1935): Failed to set EGL_SWAP_BEHAVIOR on surface 0x7fffeb5c9900, error=EGL_BAD_MATCH
08-31 15:18:07.773 D/EGL_adreno( 1935): eglMakeCurrent: 0x7fffeb454c20: ver 3 1 (tinfo 0x7fffeb40d8a0)
08-31 15:18:11.238 D/EGL_adreno( 1935): eglMakeCurrent: 0x7fffeb454c20: ver 3 1 (tinfo 0x7fffeb40d8a0)
08-31 15:18:11.239 W/WindowManager( 1281): Attempted to remove non-existing token: android.os.Binder@d6c0266
08-31 15:18:11.305 E/EGL_adreno( 1935): tid 1952: eglSurfaceAttrib(1338): error 0x3009 (EGL_BAD_MATCH)
08-31 15:18:11.305 W/OpenGLRenderer( 1935): Failed to set EGL_SWAP_BEHAVIOR on surface 0x7fffeb5c9900, error=EGL_BAD_MATCH
08-31 15:18:11.308 D/EGL_adreno( 1935): eglMakeCurrent: 0x7fffeb454c20: ver 3 1 (tinfo 0x7fffeb40d8a0)
08-31 15:18:14.745 W/WindowManager( 1281): Attempted to remove non-existing token: android.os.Binder@9c49a7
08-31 15:18:14.747 D/EGL_adreno( 1935): eglMakeCurrent: 0x7fffeb454c20: ver 3 1 (tinfo 0x7fffeb40d8a0)
08-31 15:18:14.815 E/EGL_adreno( 1935): tid 1952: eglSurfaceAttrib(1338): error 0x3009 (EGL_BAD_MATCH)
08-31 15:18:14.816 W/OpenGLRenderer( 1935): Failed to set EGL_SWAP_BEHAVIOR on surface 0x7fffeb5c9900, error=EGL_BAD_MATCH
08-31 15:18:14.819 D/EGL_adreno( 1935): eglMakeCurrent: 0x7fffeb454c20: ver 3 1 (tinfo 0x7fffeb40d8a0)
08-31 15:18:18.255 W/WindowManager( 1281): Attempted to remove non-existing token: android.os.Binder@f266e54
08-31 15:18:18.259 D/EGL_adreno( 1935): eglMakeCurrent: 0x7fffeb454c20: ver 3 1 (tinfo 0x7fffeb40d8a0)
08-31 15:18:18.329 E/EGL_adreno( 1935): tid 1952: eglSurfaceAttrib(1338): error 0x3009 (EGL_BAD_MATCH)
08-31 15:18:18.329 W/OpenGLRenderer( 1935): Failed to set EGL_SWAP_BEHAVIOR on surface 0x7fffeb5c9900, error=EGL_BAD_MATCH
08-31 15:18:18.330 D/EGL_adreno( 1935): eglMakeCurrent: 0x7fffeb454c20: ver 3 1 (tinfo 0x7fffeb40d8a0)
08-31 15:18:21.760 W/WindowManager( 1281): Attempted to remove non-existing token: android.os.Binder@1f2c1fd
08-31 15:18:21.763 D/EGL_adreno( 1935): eglMakeCurrent: 0x7fffeb454c20: ver 3 1 (tinfo 0x7fffeb40d8a0)
08-31 15:18:21.827 E/EGL_adreno( 1935): tid 1952: eglSurfaceAttrib(1338): error 0x3009 (EGL_BAD_MATCH)
08-31 15:18:21.827 W/OpenGLRenderer( 1935): Failed to set EGL_SWAP_BEHAVIOR on surface 0x7fffeb5c9900, error=EGL_BAD_MATCH
08-31 15:18:21.830 D/EGL_adreno( 1935): eglMakeCurrent: 0x7fffeb454c20: ver 3 1 (tinfo 0x7fffeb40d8a0)
08-31 15:18:25.264 W/WindowManager( 1281): Attempted to remove non-existing token: android.os.Binder@225def2
08-31 15:18:25.267 D/EGL_adreno( 1935): eglMakeCurrent: 0x7fffeb454c20: ver 3 1 (tinfo 0x7fffeb40d8a0)
08-31 15:18:25.319 E/EGL_adreno( 1935): tid 1952: eglSurfaceAttrib(1338): error 0x3009 (EGL_BAD_MATCH)
08-31 15:18:25.319 W/OpenGLRenderer( 1935): Failed to set EGL_SWAP_BEHAVIOR on surface 0x7fffeb5c9900, error=EGL_BAD_MATCH
08-31 15:18:25.321 D/EGL_adreno( 1935): eglMakeCurrent: 0x7fffeb454c20: ver 3 1 (tinfo 0x7fffeb40d8a0)
08-31 15:18:28.770 W/WindowManager( 1281): Attempted to remove non-existing token: android.os.Binder@539d943
08-31 15:18:28.772 D/EGL_adreno( 1935): eglMakeCurrent: 0x7fffeb454c20: ver 3 1 (tinfo 0x7fffeb40d8a0)
08-31 15:18:31.729 W/ContextImpl( 1676): Calling a method in the system process without a qualified user: android.app.ContextImpl.startService:1358 android.content.ContextWrapper.startService:613 android.content.ContextWrapper.startService:613 com.android.coreservice.CoreBroadcastReceiver.onReceive:44 android.app.ActivityThread.handleReceiver:3073 
08-31 15:18:31.744 W/ContextImpl( 1676): Calling a method in the system process without a qualified user: android.app.ContextImpl.startService:1358 android.content.ContextWrapper.startService:613 android.content.ContextWrapper.startService:613 com.android.coreservice.CoreBroadcastReceiver.onReceive:53 android.app.ActivityThread.handleReceiver:3073 
08-31 15:18:31.855 W/ContextImpl( 1676): Calling a method in the system process without a qualified user: android.app.ContextImpl.startService:1358 android.content.ContextWrapper.startService:613 android.content.ContextWrapper.startService:613 com.android.coreservice.CoreBroadcastReceiver.onReceive:69 android.app.ActivityThread.handleReceiver:3073 
08-31 15:18:31.857 W/ContextImpl( 1676): Calling a method in the system process without a qualified user: android.app.ContextImpl.startService:1358 android.content.ContextWrapper.startService:613 android.content.ContextWrapper.startService:613 com.android.coreservice.CoreBroadcastReceiver.onReceive:69 android.app.ActivityThread.handleReceiver:3073 
08-31 15:18:31.870 E/EGL_adreno( 1935): tid 1952: eglSurfaceAttrib(1338): error 0x3009 (EGL_BAD_MATCH)
08-31 15:18:31.870 W/OpenGLRenderer( 1935): Failed to set EGL_SWAP_BEHAVIOR on surface 0x7fffeb5c9900, error=EGL_BAD_MATCH
08-31 15:18:31.872 D/EGL_adreno( 1935): eglMakeCurrent: 0x7fffeb454c20: ver 3 1 (tinfo 0x7fffeb40d8a0)
08-31 15:18:31.930 D/EGL_adreno( 2370): eglMakeCurrent: 0x7fffeb44f320: ver 3 1 (tinfo 0x7fffeb40d300)
08-31 15:18:31.993 I/ActivityManager( 1281): Killing 1764:android.process.media/u0a7 (adj 906): empty for 1938s
08-31 15:18:32.025 D/ActivityManager( 1281): cleanUpApplicationRecord -- 1764
08-31 15:18:33.297 I/ActivityManager( 1281): START u0 {cmp=com.oriondev.moneywallet/.ui.activity.PlacePickerActivity (has extras)} from uid 10064 on display 0
08-31 15:18:33.297 W/ActivityManager( 1281): Permission Denial: starting Intent { cmp=com.oriondev.moneywallet/.ui.activity.PlacePickerActivity (has extras) } from ProcessRecord{bda5613 1935:com.android.intentfuzzer/u0a64} (pid=1935, uid=10064) not exported from uid 10032
08-31 15:18:33.298 D/audio_hw_hal( 1087): raw_start_output_stream, stream=0xf6e43140, sampleRate=48000, channel=2, bps=16, bufSize=4096
08-31 15:18:33.300 W/System.err( 1935): java.lang.Exception: Toast callstack! strTip=Send Intent Failed!
08-31 15:18:33.300 W/System.err( 1935): 	at android.widget.Toast.show(Toast.java:130)
08-31 15:18:33.300 W/System.err( 1935): 	at com.android.intentfuzzer.FuzzerActivity$4.onClick(FuzzerActivity.java:186)
08-31 15:18:33.300 W/System.err( 1935): 	at android.view.View.performClick(View.java:5637)
08-31 15:18:33.300 W/System.err( 1935): 	at android.view.View$PerformClick.run(View.java:22429)
08-31 15:18:33.300 W/System.err( 1935): 	at android.os.Handler.handleCallback(Handler.java:751)
08-31 15:18:33.300 W/System.err( 1935): 	at android.os.Handler.dispatchMessage(Handler.java:95)
08-31 15:18:33.300 W/System.err( 1935): 	at android.os.Looper.loop(Looper.java:154)
08-31 15:18:33.300 W/System.err( 1935): 	at android.app.ActivityThread.main(ActivityThread.java:6190)
08-31 15:18:33.300 W/System.err( 1935): 	at java.lang.reflect.Method.invoke(Native Method)
08-31 15:18:33.300 W/System.err( 1935): 	at com.android.internal.os.ZygoteInit$MethodAndArgsCaller.run(ZygoteInit.java:892)
08-31 15:18:33.300 W/System.err( 1935): 	at com.android.internal.os.ZygoteInit.main(ZygoteInit.java:782)
08-31 15:18:33.302 I/ActivityManager( 1281): START u0 {cmp=com.oriondev.moneywallet/.ui.activity.LauncherActivity (has extras)} from uid 10064 on display 0
08-31 15:18:33.307 W/ContextImpl( 1676): Calling a method in the system process without a qualified user: android.app.ContextImpl.startService:1358 android.content.ContextWrapper.startService:613 android.content.ContextWrapper.startService:613 com.android.coreservice.CoreBroadcastReceiver.onReceive:44 android.app.ActivityThread.handleReceiver:3073 
08-31 15:18:33.307 W/System.err( 1935): java.lang.Exception: Toast callstack! strTip=Sent Serializeable Intent { cmp=com.oriondev.moneywallet/.ui.activity.LauncherActivity (has extras) }
08-31 15:18:33.307 W/System.err( 1935): 	at android.widget.Toast.show(Toast.java:130)
08-31 15:18:33.307 W/System.err( 1935): 	at com.android.intentfuzzer.FuzzerActivity$4.onClick(FuzzerActivity.java:184)
08-31 15:18:33.307 W/System.err( 1935): 	at android.view.View.performClick(View.java:5637)
08-31 15:18:33.307 W/System.err( 1935): 	at android.view.View$PerformClick.run(View.java:22429)
08-31 15:18:33.307 W/System.err( 1935): 	at android.os.Handler.handleCallback(Handler.java:751)
08-31 15:18:33.307 W/System.err( 1935): 	at android.os.Handler.dispatchMessage(Handler.java:95)
08-31 15:18:33.307 W/System.err( 1935): 	at android.os.Looper.loop(Looper.java:154)
08-31 15:18:33.307 W/System.err( 1935): 	at android.app.ActivityThread.main(ActivityThread.java:6190)
08-31 15:18:33.307 W/System.err( 1935): 	at java.lang.reflect.Method.invoke(Native Method)
08-31 15:18:33.307 W/System.err( 1935): 	at com.android.internal.os.ZygoteInit$MethodAndArgsCaller.run(ZygoteInit.java:892)
08-31 15:18:33.307 W/System.err( 1935): 	at com.android.internal.os.ZygoteInit.main(ZygoteInit.java:782)
08-31 15:18:33.308 I/ActivityManager( 1281): START u0 {cmp=com.oriondev.moneywallet/.ui.activity.MainActivity (has extras)} from uid 10064 on display 0
08-31 15:18:33.309 W/ActivityManager( 1281): Permission Denial: starting Intent { cmp=com.oriondev.moneywallet/.ui.activity.MainActivity (has extras) } from ProcessRecord{bda5613 1935:com.android.intentfuzzer/u0a64} (pid=1935, uid=10064) not exported from uid 10032
08-31 15:18:33.310 W/System.err( 1935): java.lang.Exception: Toast callstack! strTip=Send Intent Failed!
08-31 15:18:33.310 W/System.err( 1935): 	at android.widget.Toast.show(Toast.java:130)
08-31 15:18:33.310 W/System.err( 1935): 	at com.android.intentfuzzer.FuzzerActivity$4.onClick(FuzzerActivity.java:186)
08-31 15:18:33.310 W/System.err( 1935): 	at android.view.View.performClick(View.java:5637)
08-31 15:18:33.310 W/System.err( 1935): 	at android.view.View$PerformClick.run(View.java:22429)
08-31 15:18:33.310 W/System.err( 1935): 	at android.os.Handler.handleCallback(Handler.java:751)
08-31 15:18:33.310 W/System.err( 1935): 	at android.os.Handler.dispatchMessage(Handler.java:95)
08-31 15:18:33.310 W/System.err( 1935): 	at android.os.Looper.loop(Looper.java:154)
08-31 15:18:33.310 W/System.err( 1935): 	at android.app.ActivityThread.main(ActivityThread.java:6190)
08-31 15:18:33.310 W/System.err( 1935): 	at java.lang.reflect.Method.invoke(Native Method)
08-31 15:18:33.310 W/System.err( 1935): 	at com.android.internal.os.ZygoteInit$MethodAndArgsCaller.run(ZygoteInit.java:892)
08-31 15:18:33.310 W/System.err( 1935): 	at com.android.internal.os.ZygoteInit.main(ZygoteInit.java:782)
08-31 15:18:33.311 I/ActivityManager( 1281): START u0 {cmp=com.oriondev.moneywallet/.ui.activity.TutorialActivity (has extras)} from uid 10064 on display 0
08-31 15:18:33.311 W/ActivityManager( 1281): Permission Denial: starting Intent { cmp=com.oriondev.moneywallet/.ui.activity.TutorialActivity (has extras) } from ProcessRecord{bda5613 1935:com.android.intentfuzzer/u0a64} (pid=1935, uid=10064) not exported from uid 10032
08-31 15:18:33.312 W/System.err( 1935): java.lang.Exception: Toast callstack! strTip=Send Intent Failed!
08-31 15:18:33.312 W/System.err( 1935): 	at android.widget.Toast.show(Toast.java:130)
08-31 15:18:33.312 W/System.err( 1935): 	at com.android.intentfuzzer.FuzzerActivity$4.onClick(FuzzerActivity.java:186)
08-31 15:18:33.312 W/System.err( 1935): 	at android.view.View.performClick(View.java:5637)
08-31 15:18:33.312 W/System.err( 1935): 	at android.view.View$PerformClick.run(View.java:22429)
08-31 15:18:33.312 W/System.err( 1935): 	at android.os.Handler.handleCallback(Handler.java:751)
08-31 15:18:33.312 W/System.err( 1935): 	at android.os.Handler.dispatchMessage(Handler.java:95)
08-31 15:18:33.312 W/System.err( 1935): 	at android.os.Looper.loop(Looper.java:154)
08-31 15:18:33.312 W/System.err( 1935): 	at android.app.ActivityThread.main(ActivityThread.java:6190)
08-31 15:18:33.312 W/System.err( 1935): 	at java.lang.reflect.Method.invoke(Native Method)
08-31 15:18:33.312 W/System.err( 1935): 	at com.android.internal.os.ZygoteInit$MethodAndArgsCaller.run(ZygoteInit.java:892)
08-31 15:18:33.312 W/System.err( 1935): 	at com.android.internal.os.ZygoteInit.main(ZygoteInit.java:782)
08-31 15:18:33.313 I/ActivityManager( 1281): START u0 {cmp=com.oriondev.moneywallet/.ui.activity.WalletListActivity (has extras)} from uid 10064 on display 0
08-31 15:18:33.313 W/ActivityManager( 1281): Permission Denial: starting Intent { cmp=com.oriondev.moneywallet/.ui.activity.WalletListActivity (has extras) } from ProcessRecord{bda5613 1935:com.android.intentfuzzer/u0a64} (pid=1935, uid=10064) not exported from uid 10032
08-31 15:18:33.315 W/System.err( 1935): java.lang.Exception: Toast callstack! strTip=Send Intent Failed!
08-31 15:18:33.315 W/System.err( 1935): 	at android.widget.Toast.show(Toast.java:130)
08-31 15:18:33.315 W/System.err( 1935): 	at com.android.intentfuzzer.FuzzerActivity$4.onClick(FuzzerActivity.java:186)
08-31 15:18:33.315 W/System.err( 1935): 	at android.view.View.performClick(View.java:5637)
08-31 15:18:33.315 W/System.err( 1935): 	at android.view.View$PerformClick.run(View.java:22429)
08-31 15:18:33.315 W/System.err( 1935): 	at android.os.Handler.handleCallback(Handler.java:751)
08-31 15:18:33.315 W/System.err( 1935): 	at android.os.Handler.dispatchMessage(Handler.java:95)
08-31 15:18:33.315 W/System.err( 1935): 	at android.os.Looper.loop(Looper.java:154)
08-31 15:18:33.315 W/System.err( 1935): 	at android.app.ActivityThread.main(ActivityThread.java:6190)
08-31 15:18:33.315 W/System.err( 1935): 	at java.lang.reflect.Method.invoke(Native Method)
08-31 15:18:33.315 W/System.err( 1935): 	at com.android.internal.os.ZygoteInit$MethodAndArgsCaller.run(ZygoteInit.java:892)
08-31 15:18:33.315 W/System.err( 1935): 	at com.android.internal.os.ZygoteInit.main(ZygoteInit.java:782)
08-31 15:18:33.317 I/ActivityManager( 1281): START u0 {cmp=com.oriondev.moneywallet/.ui.activity.BackupListActivity (has extras)} from uid 10064 on display 0
08-31 15:18:33.317 W/ActivityManager( 1281): Permission Denial: starting Intent { cmp=com.oriondev.moneywallet/.ui.activity.BackupListActivity (has extras) } from ProcessRecord{bda5613 1935:com.android.intentfuzzer/u0a64} (pid=1935, uid=10064) not exported from uid 10032
08-31 15:18:33.318 W/System.err( 1935): java.lang.Exception: Toast callstack! strTip=Send Intent Failed!
08-31 15:18:33.319 W/System.err( 1935): 	at android.widget.Toast.show(Toast.java:130)
08-31 15:18:33.319 W/System.err( 1935): 	at com.android.intentfuzzer.FuzzerActivity$4.onClick(FuzzerActivity.java:186)
08-31 15:18:33.319 W/System.err( 1935): 	at android.view.View.performClick(View.java:5637)
08-31 15:18:33.319 W/System.err( 1935): 	at android.view.View$PerformClick.run(View.java:22429)
08-31 15:18:33.319 W/System.err( 1935): 	at android.os.Handler.handleCallback(Handler.java:751)
08-31 15:18:33.319 W/System.err( 1935): 	at android.os.Handler.dispatchMessage(Handler.java:95)
08-31 15:18:33.319 W/System.err( 1935): 	at android.os.Looper.loop(Looper.java:154)
08-31 15:18:33.319 W/System.err( 1935): 	at android.app.ActivityThread.main(ActivityThread.java:6190)
08-31 15:18:33.319 W/System.err( 1935): 	at java.lang.reflect.Method.invoke(Native Method)
08-31 15:18:33.319 W/System.err( 1935): 	at com.android.internal.os.ZygoteInit$MethodAndArgsCaller.run(ZygoteInit.java:892)
08-31 15:18:33.319 W/System.err( 1935): 	at com.android.internal.os.ZygoteInit.main(ZygoteInit.java:782)
08-31 15:18:33.320 I/ActivityManager( 1281): START u0 {cmp=com.oriondev.moneywallet/.ui.activity.NewEditWalletActivity (has extras)} from uid 10064 on display 0
08-31 15:18:33.320 W/ActivityManager( 1281): Permission Denial: starting Intent { cmp=com.oriondev.moneywallet/.ui.activity.NewEditWalletActivity (has extras) } from ProcessRecord{bda5613 1935:com.android.intentfuzzer/u0a64} (pid=1935, uid=10064) not exported from uid 10032
08-31 15:18:33.321 W/System.err( 1935): java.lang.Exception: Toast callstack! strTip=Send Intent Failed!
08-31 15:18:33.322 W/System.err( 1935): 	at android.widget.Toast.show(Toast.java:130)
08-31 15:18:33.322 W/System.err( 1935): 	at com.android.intentfuzzer.FuzzerActivity$4.onClick(FuzzerActivity.java:186)
08-31 15:18:33.322 W/System.err( 1935): 	at android.view.View.performClick(View.java:5637)
08-31 15:18:33.322 W/System.err( 1935): 	at android.view.View$PerformClick.run(View.java:22429)
08-31 15:18:33.322 W/System.err( 1935): 	at android.os.Handler.handleCallback(Handler.java:751)
08-31 15:18:33.322 W/System.err( 1935): 	at android.os.Handler.dispatchMessage(Handler.java:95)
08-31 15:18:33.322 W/System.err( 1935): 	at android.os.Looper.loop(Looper.java:154)
08-31 15:18:33.322 W/System.err( 1935): 	at android.app.ActivityThread.main(ActivityThread.java:6190)
08-31 15:18:33.322 W/System.err( 1935): 	at java.lang.reflect.Method.invoke(Native Method)
08-31 15:18:33.322 W/System.err( 1935): 	at com.android.internal.os.ZygoteInit$MethodAndArgsCaller.run(ZygoteInit.java:892)
08-31 15:18:33.322 W/System.err( 1935): 	at com.android.internal.os.ZygoteInit.main(ZygoteInit.java:782)
08-31 15:18:33.323 I/ActivityManager( 1281): START u0 {cmp=com.oriondev.moneywallet/.ui.activity.NewEditTransactionActivity (has extras)} from uid 10064 on display 0
08-31 15:18:33.323 W/ActivityManager( 1281): Permission Denial: starting Intent { cmp=com.oriondev.moneywallet/.ui.activity.NewEditTransactionActivity (has extras) } from ProcessRecord{bda5613 1935:com.android.intentfuzzer/u0a64} (pid=1935, uid=10064) not exported from uid 10032
08-31 15:18:33.324 W/System.err( 1935): java.lang.Exception: Toast callstack! strTip=Send Intent Failed!
08-31 15:18:33.324 W/System.err( 1935): 	at android.widget.Toast.show(Toast.java:130)
08-31 15:18:33.324 W/System.err( 1935): 	at com.android.intentfuzzer.FuzzerActivity$4.onClick(FuzzerActivity.java:186)
08-31 15:18:33.324 W/System.err( 1935): 	at android.view.View.performClick(View.java:5637)
08-31 15:18:33.324 W/System.err( 1935): 	at android.view.View$PerformClick.run(View.java:22429)
08-31 15:18:33.324 W/System.err( 1935): 	at android.os.Handler.handleCallback(Handler.java:751)
08-31 15:18:33.324 W/System.err( 1935): 	at android.os.Handler.dispatchMessage(Handler.java:95)
08-31 15:18:33.324 W/System.err( 1935): 	at android.os.Looper.loop(Looper.java:154)
08-31 15:18:33.324 W/System.err( 1935): 	at android.app.ActivityThread.main(ActivityThread.java:6190)
08-31 15:18:33.324 W/System.err( 1935): 	at java.lang.reflect.Method.invoke(Native Method)
08-31 15:18:33.324 W/System.err( 1935): 	at com.android.internal.os.ZygoteInit$MethodAndArgsCaller.run(ZygoteInit.java:892)
08-31 15:18:33.324 W/System.err( 1935): 	at com.android.internal.os.ZygoteInit.main(ZygoteInit.java:782)
08-31 15:18:33.324 I/ActivityManager( 1281): START u0 {cmp=com.oriondev.moneywallet/.ui.activity.NewEditTransferActivity (has extras)} from uid 10064 on display 0
08-31 15:18:33.324 W/ActivityManager( 1281): Permission Denial: starting Intent { cmp=com.oriondev.moneywallet/.ui.activity.NewEditTransferActivity (has extras) } from ProcessRecord{bda5613 1935:com.android.intentfuzzer/u0a64} (pid=1935, uid=10064) not exported from uid 10032
08-31 15:18:33.325 W/System.err( 1935): java.lang.Exception: Toast callstack! strTip=Send Intent Failed!
08-31 15:18:33.325 W/System.err( 1935): 	at android.widget.Toast.show(Toast.java:130)
08-31 15:18:33.325 W/System.err( 1935): 	at com.android.intentfuzzer.FuzzerActivity$4.onClick(FuzzerActivity.java:186)
08-31 15:18:33.325 W/System.err( 1935): 	at android.view.View.performClick(View.java:5637)
08-31 15:18:33.325 W/System.err( 1935): 	at android.view.View$PerformClick.run(View.java:22429)
08-31 15:18:33.325 W/System.err( 1935): 	at android.os.Handler.handleCallback(Handler.java:751)
08-31 15:18:33.325 W/System.err( 1935): 	at android.os.Handler.dispatchMessage(Handler.java:95)
08-31 15:18:33.325 W/System.err( 1935): 	at android.os.Looper.loop(Looper.java:154)
08-31 15:18:33.325 W/System.err( 1935): 	at android.app.ActivityThread.main(ActivityThread.java:6190)
08-31 15:18:33.325 W/System.err( 1935): 	at java.lang.reflect.Method.invoke(Native Method)
08-31 15:18:33.325 W/System.err( 1935): 	at com.android.internal.os.ZygoteInit$MethodAndArgsCaller.run(ZygoteInit.java:892)
08-31 15:18:33.325 W/System.err( 1935): 	at com.android.internal.os.ZygoteInit.main(ZygoteInit.java:782)
08-31 15:18:33.326 I/ActivityManager( 1281): START u0 {cmp=com.oriondev.moneywallet/.ui.activity.NewEditCategoryActivity (has extras)} from uid 10064 on display 0
08-31 15:18:33.326 W/ActivityManager( 1281): Permission Denial: starting Intent { cmp=com.oriondev.moneywallet/.ui.activity.NewEditCategoryActivity (has extras) } from ProcessRecord{bda5613 1935:com.android.intentfuzzer/u0a64} (pid=1935, uid=10064) not exported from uid 10032
08-31 15:18:33.328 W/System.err( 1935): java.lang.Exception: Toast callstack! strTip=Send Intent Failed!
08-31 15:18:33.328 W/System.err( 1935): 	at android.widget.Toast.show(Toast.java:130)
08-31 15:18:33.328 W/System.err( 1935): 	at com.android.intentfuzzer.FuzzerActivity$4.onClick(FuzzerActivity.java:186)
08-31 15:18:33.328 W/System.err( 1935): 	at android.view.View.performClick(View.java:5637)
08-31 15:18:33.328 W/System.err( 1935): 	at android.view.View$PerformClick.run(View.java:22429)
08-31 15:18:33.328 W/System.err( 1935): 	at android.os.Handler.handleCallback(Handler.java:751)
08-31 15:18:33.328 W/System.err( 1935): 	at android.os.Handler.dispatchMessage(Handler.java:95)
08-31 15:18:33.328 W/System.err( 1935): 	at android.os.Looper.loop(Looper.java:154)
08-31 15:18:33.328 W/System.err( 1935): 	at android.app.ActivityThread.main(ActivityThread.java:6190)
08-31 15:18:33.328 W/System.err( 1935): 	at java.lang.reflect.Method.invoke(Native Method)
08-31 15:18:33.328 W/System.err( 1935): 	at com.android.internal.os.ZygoteInit$MethodAndArgsCaller.run(ZygoteInit.java:892)
08-31 15:18:33.328 W/System.err( 1935): 	at com.android.internal.os.ZygoteInit.main(ZygoteInit.java:782)
08-31 15:18:33.329 I/ActivityManager( 1281): START u0 {cmp=com.oriondev.moneywallet/.ui.activity.NewEditDebtActivity (has extras)} from uid 10064 on display 0
08-31 15:18:33.329 W/ActivityManager( 1281): Permission Denial: starting Intent { cmp=com.oriondev.moneywallet/.ui.activity.NewEditDebtActivity (has extras) } from ProcessRecord{bda5613 1935:com.android.intentfuzzer/u0a64} (pid=1935, uid=10064) not exported from uid 10032
08-31 15:18:33.330 W/System.err( 1935): java.lang.Exception: Toast callstack! strTip=Send Intent Failed!
08-31 15:18:33.330 W/System.err( 1935): 	at android.widget.Toast.show(Toast.java:130)
08-31 15:18:33.330 W/System.err( 1935): 	at com.android.intentfuzzer.FuzzerActivity$4.onClick(FuzzerActivity.java:186)
08-31 15:18:33.330 W/System.err( 1935): 	at android.view.View.performClick(View.java:5637)
08-31 15:18:33.331 W/System.err( 1935): 	at android.view.View$PerformClick.run(View.java:22429)
08-31 15:18:33.331 W/System.err( 1935): 	at android.os.Handler.handleCallback(Handler.java:751)
08-31 15:18:33.331 W/System.err( 1935): 	at android.os.Handler.dispatchMessage(Handler.java:95)
08-31 15:18:33.331 W/System.err( 1935): 	at android.os.Looper.loop(Looper.java:154)
08-31 15:18:33.331 W/System.err( 1935): 	at android.app.ActivityThread.main(ActivityThread.java:6190)
08-31 15:18:33.331 W/System.err( 1935): 	at java.lang.reflect.Method.invoke(Native Method)
08-31 15:18:33.331 W/System.err( 1935): 	at com.android.internal.os.ZygoteInit$MethodAndArgsCaller.run(ZygoteInit.java:892)
08-31 15:18:33.331 W/System.err( 1935): 	at com.android.internal.os.ZygoteInit.main(ZygoteInit.java:782)
08-31 15:18:33.331 I/ActivityManager( 1281): START u0 {cmp=com.oriondev.moneywallet/.ui.activity.NewEditBudgetActivity (has extras)} from uid 10064 on display 0
08-31 15:18:33.332 W/ActivityManager( 1281): Permission Denial: starting Intent { cmp=com.oriondev.moneywallet/.ui.activity.NewEditBudgetActivity (has extras) } from ProcessRecord{bda5613 1935:com.android.intentfuzzer/u0a64} (pid=1935, uid=10064) not exported from uid 10032
08-31 15:18:33.333 W/System.err( 1935): java.lang.Exception: Toast callstack! strTip=Send Intent Failed!
08-31 15:18:33.333 W/System.err( 1935): 	at android.widget.Toast.show(Toast.java:130)
08-31 15:18:33.333 W/System.err( 1935): 	at com.android.intentfuzzer.FuzzerActivity$4.onClick(FuzzerActivity.java:186)
08-31 15:18:33.333 W/System.err( 1935): 	at android.view.View.performClick(View.java:5637)
08-31 15:18:33.333 W/System.err( 1935): 	at android.view.View$PerformClick.run(View.java:22429)
08-31 15:18:33.333 W/System.err( 1935): 	at android.os.Handler.handleCallback(Handler.java:751)
08-31 15:18:33.333 W/System.err( 1935): 	at android.os.Handler.dispatchMessage(Handler.java:95)
08-31 15:18:33.333 W/System.err( 1935): 	at android.os.Looper.loop(Looper.java:154)
08-31 15:18:33.333 W/System.err( 1935): 	at android.app.ActivityThread.main(ActivityThread.java:6190)
08-31 15:18:33.333 W/System.err( 1935): 	at java.lang.reflect.Method.invoke(Native Method)
08-31 15:18:33.333 W/System.err( 1935): 	at com.android.internal.os.ZygoteInit$MethodAndArgsCaller.run(ZygoteInit.java:892)
08-31 15:18:33.333 W/System.err( 1935): 	at com.android.internal.os.ZygoteInit.main(ZygoteInit.java:782)
08-31 15:18:33.334 I/ActivityManager( 1281): START u0 {cmp=com.oriondev.moneywallet/.ui.activity.NewEditSavingActivity (has extras)} from uid 10064 on display 0
08-31 15:18:33.335 W/ActivityManager( 1281): Permission Denial: starting Intent { cmp=com.oriondev.moneywallet/.ui.activity.NewEditSavingActivity (has extras) } from ProcessRecord{bda5613 1935:com.android.intentfuzzer/u0a64} (pid=1935, uid=10064) not exported from uid 10032
08-31 15:18:33.336 W/System.err( 1935): java.lang.Exception: Toast callstack! strTip=Send Intent Failed!
08-31 15:18:33.336 W/System.err( 1935): 	at android.widget.Toast.show(Toast.java:130)
