08-31 15:09:04.400 E/EGL_adreno( 1935): tid 1952: eglSurfaceAttrib(1338): error 0x3009 (EGL_BAD_MATCH)
08-31 15:09:04.400 W/OpenGLRenderer( 1935): Failed to set EGL_SWAP_BEHAVIOR on surface 0x7fffeb41b280, error=EGL_BAD_MATCH
08-31 15:09:04.402 D/EGL_adreno( 1935): eglMakeCurrent: 0x7fffeb454c20: ver 3 1 (tinfo 0x7fffeb40d8a0)
08-31 15:09:07.858 W/WindowManager( 1281): Attempted to remove non-existing token: android.os.Binder@764ac82
08-31 15:09:07.861 D/EGL_adreno( 1935): eglMakeCurrent: 0x7fffeb454c20: ver 3 1 (tinfo 0x7fffeb40d8a0)
08-31 15:09:07.919 E/EGL_adreno( 1935): tid 1952: eglSurfaceAttrib(1338): error 0x3009 (EGL_BAD_MATCH)
08-31 15:09:07.919 W/OpenGLRenderer( 1935): Failed to set EGL_SWAP_BEHAVIOR on surface 0x7fffeb41b280, error=EGL_BAD_MATCH
08-31 15:09:07.920 D/EGL_adreno( 1935): eglMakeCurrent: 0x7fffeb454c20: ver 3 1 (tinfo 0x7fffeb40d8a0)
08-31 15:09:11.363 W/WindowManager( 1281): Attempted to remove non-existing token: android.os.Binder@f93f93
08-31 15:09:11.366 D/EGL_adreno( 1935): eglMakeCurrent: 0x7fffeb454c20: ver 3 1 (tinfo 0x7fffeb40d8a0)
08-31 15:09:11.423 E/EGL_adreno( 1935): tid 1952: eglSurfaceAttrib(1338): error 0x3009 (EGL_BAD_MATCH)
08-31 15:09:11.423 W/OpenGLRenderer( 1935): Failed to set EGL_SWAP_BEHAVIOR on surface 0x7fffeb41b280, error=EGL_BAD_MATCH
08-31 15:09:11.425 D/EGL_adreno( 1935): eglMakeCurrent: 0x7fffeb454c20: ver 3 1 (tinfo 0x7fffeb40d8a0)
08-31 15:09:14.874 W/WindowManager( 1281): Attempted to remove non-existing token: android.os.Binder@a310bd0
08-31 15:09:14.877 D/EGL_adreno( 1935): eglMakeCurrent: 0x7fffeb454c20: ver 3 1 (tinfo 0x7fffeb40d8a0)
08-31 15:09:14.934 E/EGL_adreno( 1935): tid 1952: eglSurfaceAttrib(1338): error 0x3009 (EGL_BAD_MATCH)
08-31 15:09:14.934 W/OpenGLRenderer( 1935): Failed to set EGL_SWAP_BEHAVIOR on surface 0x7fffeb41b280, error=EGL_BAD_MATCH
08-31 15:09:14.936 D/EGL_adreno( 1935): eglMakeCurrent: 0x7fffeb454c20: ver 3 1 (tinfo 0x7fffeb40d8a0)
08-31 15:09:18.379 W/WindowManager( 1281): Attempted to remove non-existing token: android.os.Binder@b5b97c9
08-31 15:09:18.382 D/EGL_adreno( 1935): eglMakeCurrent: 0x7fffeb454c20: ver 3 1 (tinfo 0x7fffeb40d8a0)
08-31 15:09:18.438 E/EGL_adreno( 1935): tid 1952: eglSurfaceAttrib(1338): error 0x3009 (EGL_BAD_MATCH)
08-31 15:09:18.438 W/OpenGLRenderer( 1935): Failed to set EGL_SWAP_BEHAVIOR on surface 0x7fffeb41b280, error=EGL_BAD_MATCH
08-31 15:09:18.439 D/EGL_adreno( 1935): eglMakeCurrent: 0x7fffeb454c20: ver 3 1 (tinfo 0x7fffeb40d8a0)
08-31 15:09:21.884 W/WindowManager( 1281): Attempted to remove non-existing token: android.os.Binder@cb50ece
08-31 15:09:21.886 D/EGL_adreno( 1935): eglMakeCurrent: 0x7fffeb454c20: ver 3 1 (tinfo 0x7fffeb40d8a0)
08-31 15:09:21.943 E/EGL_adreno( 1935): tid 1952: eglSurfaceAttrib(1338): error 0x3009 (EGL_BAD_MATCH)
08-31 15:09:21.943 W/OpenGLRenderer( 1935): Failed to set EGL_SWAP_BEHAVIOR on surface 0x7fffeb41b280, error=EGL_BAD_MATCH
08-31 15:09:21.947 D/EGL_adreno( 1935): eglMakeCurrent: 0x7fffeb454c20: ver 3 1 (tinfo 0x7fffeb40d8a0)
08-31 15:09:25.388 W/WindowManager( 1281): Attempted to remove non-existing token: android.os.Binder@d9749da
08-31 15:09:25.391 D/EGL_adreno( 1935): eglMakeCurrent: 0x7fffeb454c20: ver 3 1 (tinfo 0x7fffeb40d8a0)
08-31 15:09:25.446 E/EGL_adreno( 1935): tid 1952: eglSurfaceAttrib(1338): error 0x3009 (EGL_BAD_MATCH)
08-31 15:09:25.446 W/OpenGLRenderer( 1935): Failed to set EGL_SWAP_BEHAVIOR on surface 0x7fffeb41b280, error=EGL_BAD_MATCH
08-31 15:09:25.475 D/EGL_adreno( 1935): eglMakeCurrent: 0x7fffeb454c20: ver 3 1 (tinfo 0x7fffeb40d8a0)
08-31 15:09:28.893 W/WindowManager( 1281): Attempted to remove non-existing token: android.os.Binder@7967fe7
08-31 15:09:28.896 D/EGL_adreno( 1935): eglMakeCurrent: 0x7fffeb454c20: ver 3 1 (tinfo 0x7fffeb40d8a0)
08-31 15:09:28.961 E/EGL_adreno( 1935): tid 1952: eglSurfaceAttrib(1338): error 0x3009 (EGL_BAD_MATCH)
08-31 15:09:28.961 W/OpenGLRenderer( 1935): Failed to set EGL_SWAP_BEHAVIOR on surface 0x7fffeb41b280, error=EGL_BAD_MATCH
08-31 15:09:28.964 D/EGL_adreno( 1935): eglMakeCurrent: 0x7fffeb454c20: ver 3 1 (tinfo 0x7fffeb40d8a0)
08-31 15:09:32.398 W/WindowManager( 1281): Attempted to remove non-existing token: android.os.Binder@dc70900
08-31 15:09:32.401 D/EGL_adreno( 1935): eglMakeCurrent: 0x7fffeb454c20: ver 3 1 (tinfo 0x7fffeb40d8a0)
08-31 15:09:32.450 E/EGL_adreno( 1935): tid 1952: eglSurfaceAttrib(1338): error 0x3009 (EGL_BAD_MATCH)
08-31 15:09:32.450 W/OpenGLRenderer( 1935): Failed to set EGL_SWAP_BEHAVIOR on surface 0x7fffeb41b280, error=EGL_BAD_MATCH
08-31 15:09:32.457 D/EGL_adreno( 1935): eglMakeCurrent: 0x7fffeb454c20: ver 3 1 (tinfo 0x7fffeb40d8a0)
08-31 15:09:35.903 W/WindowManager( 1281): Attempted to remove non-existing token: android.os.Binder@87d0539
08-31 15:09:35.906 D/EGL_adreno( 1935): eglMakeCurrent: 0x7fffeb454c20: ver 3 1 (tinfo 0x7fffeb40d8a0)
08-31 15:09:35.971 E/EGL_adreno( 1935): tid 1952: eglSurfaceAttrib(1338): error 0x3009 (EGL_BAD_MATCH)
08-31 15:09:35.971 W/OpenGLRenderer( 1935): Failed to set EGL_SWAP_BEHAVIOR on surface 0x7fffeb41b280, error=EGL_BAD_MATCH
08-31 15:09:35.973 D/EGL_adreno( 1935): eglMakeCurrent: 0x7fffeb454c20: ver 3 1 (tinfo 0x7fffeb40d8a0)
08-31 15:09:39.409 W/WindowManager( 1281): Attempted to remove non-existing token: android.os.Binder@7e8c77e
08-31 15:09:39.413 D/EGL_adreno( 1935): eglMakeCurrent: 0x7fffeb454c20: ver 3 1 (tinfo 0x7fffeb40d8a0)
08-31 15:09:39.467 E/EGL_adreno( 1935): tid 1952: eglSurfaceAttrib(1338): error 0x3009 (EGL_BAD_MATCH)
08-31 15:09:39.467 W/OpenGLRenderer( 1935): Failed to set EGL_SWAP_BEHAVIOR on surface 0x7fffeb41b280, error=EGL_BAD_MATCH
08-31 15:09:39.469 D/EGL_adreno( 1935): eglMakeCurrent: 0x7fffeb454c20: ver 3 1 (tinfo 0x7fffeb40d8a0)
08-31 15:09:42.915 W/WindowManager( 1281): Attempted to remove non-existing token: android.os.Binder@45984df
08-31 15:09:42.917 D/EGL_adreno( 1935): eglMakeCurrent: 0x7fffeb454c20: ver 3 1 (tinfo 0x7fffeb40d8a0)
08-31 15:09:42.963 E/EGL_adreno( 1935): tid 1952: eglSurfaceAttrib(1338): error 0x3009 (EGL_BAD_MATCH)
08-31 15:09:42.964 W/OpenGLRenderer( 1935): Failed to set EGL_SWAP_BEHAVIOR on surface 0x7fffeb41b280, error=EGL_BAD_MATCH
08-31 15:09:42.975 D/EGL_adreno( 1935): eglMakeCurrent: 0x7fffeb454c20: ver 3 1 (tinfo 0x7fffeb40d8a0)
08-31 15:09:46.420 W/WindowManager( 1281): Attempted to remove non-existing token: android.os.Binder@413b52c
08-31 15:09:46.424 D/EGL_adreno( 1935): eglMakeCurrent: 0x7fffeb454c20: ver 3 1 (tinfo 0x7fffeb40d8a0)
08-31 15:09:50.742 I/HostConnection( 1281): HostConnection::HostConnection: pid=1281, tid=1576, this=0x7fffcdb9d580
08-31 15:09:50.744 I/        ( 1281): fastpipe: Connect success
08-31 15:09:50.744 D/HostConnection( 1281): HostRPC::connect sucess: app=system_server, pid=1281, tid=1576, this=0x7fffd8bcfac0
08-31 15:09:50.745 D/HostConnection( 1281): queryAndSetGLESMaxVersion select gles-version: 3.1 hostGLVersion:46 process:system_server
08-31 15:09:50.759 E/EGL_adreno( 1082): tid 1082: eglCreateSyncKHR(2089): error 0x3004 (EGL_BAD_ATTRIBUTE)
08-31 15:09:50.852 W/art     ( 1281): Long monitor contention with owner Binder:1281_4 (1576) at android.graphics.Bitmap com.android.server.wm.WindowManagerService.screenshotApplicationsInner(android.os.IBinder, int, int, int, boolean, float, android.graphics.Bitmap$Config, boolean)(WindowManagerService.java:6493) waiters=0 in void com.android.server.wm.WindowAnimator$1.doFrame(long) for 128ms
08-31 15:09:50.861 W/art     ( 1281): Long monitor contention with owner Binder:1281_4 (1576) at void com.android.server.am.ActivityManagerService.activityPaused(android.os.IBinder)(ActivityManagerService.java:7045) waiters=0 in void com.android.server.am.BroadcastQueue.processNextBroadcast(boolean) for 144ms
08-31 15:09:50.863 W/ContextImpl( 1676): Calling a method in the system process without a qualified user: android.app.ContextImpl.startService:1358 android.content.ContextWrapper.startService:613 android.content.ContextWrapper.startService:613 com.android.coreservice.CoreBroadcastReceiver.onReceive:44 android.app.ActivityThread.handleReceiver:3073 
08-31 15:09:50.868 W/ContextImpl( 1676): Calling a method in the system process without a qualified user: android.app.ContextImpl.startService:1358 android.content.ContextWrapper.startService:613 android.content.ContextWrapper.startService:613 com.android.coreservice.CoreBroadcastReceiver.onReceive:53 android.app.ActivityThread.handleReceiver:3073 
08-31 15:09:50.883 D/EGL_adreno( 2205): eglMakeCurrent: 0x7fffeb43c5a0: ver 3 1 (tinfo 0x7fffeb40d400)
08-31 15:09:50.898 W/ContextImpl( 1676): Calling a method in the system process without a qualified user: android.app.ContextImpl.sendBroadcast:893 android.content.ContextWrapper.sendBroadcast:426 com.android.coreservice.TabManager.notifyClosing:345 com.android.coreservice.TabManager.updateInner:182 com.android.coreservice.TabManager.onUpdate:217 
08-31 15:09:50.901 E/ActivityManager( 1281): Sending non-protected broadcast android.intent.action.CLOSE_TASK from system 1676:com.android.coreservice/1000 pkg com.android.coreservice
08-31 15:09:50.901 E/ActivityManager( 1281): java.lang.Throwable
08-31 15:09:50.901 E/ActivityManager( 1281): 	at com.android.server.am.ActivityManagerService.checkBroadcastFromSystem(ActivityManagerService.java:18108)
08-31 15:09:50.901 E/ActivityManager( 1281): 	at com.android.server.am.ActivityManagerService.broadcastIntentLocked(ActivityManagerService.java:18680)
08-31 15:09:50.901 E/ActivityManager( 1281): 	at com.android.server.am.ActivityManagerService.broadcastIntent(ActivityManagerService.java:18771)
08-31 15:09:50.901 E/ActivityManager( 1281): 	at android.app.ActivityManagerNative.onTransact(ActivityManagerNative.java:499)
08-31 15:09:50.901 E/ActivityManager( 1281): 	at com.android.server.am.ActivityManagerService.onTransact(ActivityManagerService.java:2820)
08-31 15:09:50.901 E/ActivityManager( 1281): 	at android.os.Binder.execTransact(Binder.java:565)
08-31 15:09:50.908 I/CoreService( 1676): notifyClosing notify tab closed taskPackageName:com.farmerbb.taskbar
08-31 15:09:50.994 W/ContextImpl( 1676): Calling a method in the system process without a qualified user: android.app.ContextImpl.startService:1358 android.content.ContextWrapper.startService:613 android.content.ContextWrapper.startService:613 com.android.coreservice.CoreBroadcastReceiver.onReceive:69 android.app.ActivityThread.handleReceiver:3073 
08-31 15:09:50.999 W/ContextImpl( 1676): Calling a method in the system process without a qualified user: android.app.ContextImpl.startService:1358 android.content.ContextWrapper.startService:613 android.content.ContextWrapper.startService:613 com.android.coreservice.CoreBroadcastReceiver.onReceive:69 android.app.ActivityThread.handleReceiver:3073 
08-31 15:09:51.017 E/EGL_adreno( 1935): tid 1952: eglSurfaceAttrib(1338): error 0x3009 (EGL_BAD_MATCH)
08-31 15:09:51.017 W/OpenGLRenderer( 1935): Failed to set EGL_SWAP_BEHAVIOR on surface 0x7fffeb41b280, error=EGL_BAD_MATCH
08-31 15:09:51.019 D/EGL_adreno( 1935): eglMakeCurrent: 0x7fffeb454c20: ver 3 1 (tinfo 0x7fffeb40d8a0)
08-31 15:09:51.696 I/ActivityManager( 1281): START u0 {cmp=com.farmerbb.taskbar/.MainActivity (has extras)} from uid 10064 on display 0
08-31 15:09:51.698 D/audio_hw_hal( 1087): raw_start_output_stream, stream=0xf6e43140, sampleRate=48000, channel=2, bps=16, bufSize=4096
08-31 15:09:51.699 D/AudioFlinger( 1087): mixer(0xf5983b80) throttle end: throttle time(10)
08-31 15:09:51.703 W/System.err( 1935): java.lang.Exception: Toast callstack! strTip=Sent Serializeable Intent { cmp=com.farmerbb.taskbar/.MainActivity (has extras) }
08-31 15:09:51.703 W/System.err( 1935): 	at android.widget.Toast.show(Toast.java:130)
08-31 15:09:51.703 W/System.err( 1935): 	at com.android.intentfuzzer.FuzzerActivity$4.onClick(FuzzerActivity.java:184)
08-31 15:09:51.703 W/System.err( 1935): 	at android.view.View.performClick(View.java:5637)
08-31 15:09:51.703 W/System.err( 1935): 	at android.view.View$PerformClick.run(View.java:22429)
08-31 15:09:51.703 W/System.err( 1935): 	at android.os.Handler.handleCallback(Handler.java:751)
08-31 15:09:51.703 W/System.err( 1935): 	at android.os.Handler.dispatchMessage(Handler.java:95)
08-31 15:09:51.703 W/System.err( 1935): 	at android.os.Looper.loop(Looper.java:154)
08-31 15:09:51.703 W/System.err( 1935): 	at android.app.ActivityThread.main(ActivityThread.java:6190)
08-31 15:09:51.703 W/System.err( 1935): 	at java.lang.reflect.Method.invoke(Native Method)
08-31 15:09:51.703 W/System.err( 1935): 	at com.android.internal.os.ZygoteInit$MethodAndArgsCaller.run(ZygoteInit.java:892)
08-31 15:09:51.703 W/System.err( 1935): 	at com.android.internal.os.ZygoteInit.main(ZygoteInit.java:782)
08-31 15:09:51.704 I/ActivityManager( 1281): START u0 {cmp=com.farmerbb.taskbar/.activity.InvisibleActivity (has extras)} from uid 10064 on display 0
08-31 15:09:51.704 W/ActivityManager( 1281): Permission Denial: starting Intent { cmp=com.farmerbb.taskbar/.activity.InvisibleActivity (has extras) } from ProcessRecord{bda5613 1935:com.android.intentfuzzer/u0a64} (pid=1935, uid=10064) not exported from uid 10039
08-31 15:09:51.705 W/System.err( 1935): java.lang.Exception: Toast callstack! strTip=Send Intent Failed!
08-31 15:09:51.705 W/System.err( 1935): 	at android.widget.Toast.show(Toast.java:130)
08-31 15:09:51.705 W/System.err( 1935): 	at com.android.intentfuzzer.FuzzerActivity$4.onClick(FuzzerActivity.java:186)
08-31 15:09:51.705 W/System.err( 1935): 	at android.view.View.performClick(View.java:5637)
08-31 15:09:51.705 W/System.err( 1935): 	at android.view.View$PerformClick.run(View.java:22429)
08-31 15:09:51.705 W/System.err( 1935): 	at android.os.Handler.handleCallback(Handler.java:751)
08-31 15:09:51.705 W/System.err( 1935): 	at android.os.Handler.dispatchMessage(Handler.java:95)
08-31 15:09:51.705 W/System.err( 1935): 	at android.os.Looper.loop(Looper.java:154)
08-31 15:09:51.705 W/System.err( 1935): 	at android.app.ActivityThread.main(ActivityThread.java:6190)
08-31 15:09:51.705 W/System.err( 1935): 	at java.lang.reflect.Method.invoke(Native Method)
08-31 15:09:51.705 W/System.err( 1935): 	at com.android.internal.os.ZygoteInit$MethodAndArgsCaller.run(ZygoteInit.java:892)
08-31 15:09:51.706 W/System.err( 1935): 	at com.android.internal.os.ZygoteInit.main(ZygoteInit.java:782)
08-31 15:09:51.707 I/ActivityManager( 1281): START u0 {cmp=com.farmerbb.taskbar/.activity.InvisibleActivityAlt (has extras)} from uid 10064 on display 0
08-31 15:09:51.707 W/ActivityManager( 1281): Permission Denial: starting Intent { cmp=com.farmerbb.taskbar/.activity.InvisibleActivityAlt (has extras) } from ProcessRecord{bda5613 1935:com.android.intentfuzzer/u0a64} (pid=1935, uid=10064) not exported from uid 10039
08-31 15:09:51.708 W/System.err( 1935): java.lang.Exception: Toast callstack! strTip=Send Intent Failed!
08-31 15:09:51.708 W/System.err( 1935): 	at android.widget.Toast.show(Toast.java:130)
08-31 15:09:51.708 W/System.err( 1935): 	at com.android.intentfuzzer.FuzzerActivity$4.onClick(FuzzerActivity.java:186)
08-31 15:09:51.708 W/System.err( 1935): 	at android.view.View.performClick(View.java:5637)
08-31 15:09:51.708 W/System.err( 1935): 	at android.view.View$PerformClick.run(View.java:22429)
08-31 15:09:51.708 W/System.err( 1935): 	at android.os.Handler.handleCallback(Handler.java:751)
08-31 15:09:51.708 W/System.err( 1935): 	at android.os.Handler.dispatchMessage(Handler.java:95)
08-31 15:09:51.708 W/System.err( 1935): 	at android.os.Looper.loop(Looper.java:154)
08-31 15:09:51.708 W/System.err( 1935): 	at android.app.ActivityThread.main(ActivityThread.java:6190)
08-31 15:09:51.708 W/System.err( 1935): 	at java.lang.reflect.Method.invoke(Native Method)
08-31 15:09:51.708 W/System.err( 1935): 	at com.android.internal.os.ZygoteInit$MethodAndArgsCaller.run(ZygoteInit.java:892)
08-31 15:09:51.708 W/System.err( 1935): 	at com.android.internal.os.ZygoteInit.main(ZygoteInit.java:782)
08-31 15:09:51.709 W/ContextImpl( 1676): Calling a method in the system process without a qualified user: android.app.ContextImpl.startService:1358 android.content.ContextWrapper.startService:613 android.content.ContextWrapper.startService:613 com.android.coreservice.CoreBroadcastReceiver.onReceive:44 android.app.ActivityThread.handleReceiver:3073 
08-31 15:09:51.710 I/ActivityManager( 1281): START u0 {cmp=com.farmerbb.taskbar/.activity.dark.InvisibleActivityAltDark (has extras)} from uid 10064 on display 0
08-31 15:09:51.710 W/ActivityManager( 1281): Permission Denial: starting Intent { cmp=com.farmerbb.taskbar/.activity.dark.InvisibleActivityAltDark (has extras) } from ProcessRecord{bda5613 1935:com.android.intentfuzzer/u0a64} (pid=1935, uid=10064) not exported from uid 10039
08-31 15:09:51.711 W/System.err( 1935): java.lang.Exception: Toast callstack! strTip=Send Intent Failed!
08-31 15:09:51.711 W/System.err( 1935): 	at android.widget.Toast.show(Toast.java:130)
08-31 15:09:51.711 W/System.err( 1935): 	at com.android.intentfuzzer.FuzzerActivity$4.onClick(FuzzerActivity.java:186)
08-31 15:09:51.711 W/System.err( 1935): 	at android.view.View.performClick(View.java:5637)
08-31 15:09:51.711 W/System.err( 1935): 	at android.view.View$PerformClick.run(View.java:22429)
08-31 15:09:51.711 W/System.err( 1935): 	at android.os.Handler.handleCallback(Handler.java:751)
08-31 15:09:51.711 W/System.err( 1935): 	at android.os.Handler.dispatchMessage(Handler.java:95)
08-31 15:09:51.711 W/System.err( 1935): 	at android.os.Looper.loop(Looper.java:154)
08-31 15:09:51.711 W/System.err( 1935): 	at android.app.ActivityThread.main(ActivityThread.java:6190)
08-31 15:09:51.711 W/System.err( 1935): 	at java.lang.reflect.Method.invoke(Native Method)
08-31 15:09:51.711 W/System.err( 1935): 	at com.android.internal.os.ZygoteInit$MethodAndArgsCaller.run(ZygoteInit.java:892)
08-31 15:09:51.711 W/System.err( 1935): 	at com.android.internal.os.ZygoteInit.main(ZygoteInit.java:782)
08-31 15:09:51.712 I/ActivityManager( 1281): START u0 {cmp=com.farmerbb.taskbar/.activity.InvisibleActivityFreeform (has extras)} from uid 10064 on display 0
08-31 15:09:51.712 W/ActivityManager( 1281): Permission Denial: starting Intent { cmp=com.farmerbb.taskbar/.activity.InvisibleActivityFreeform (has extras) } from ProcessRecord{bda5613 1935:com.android.intentfuzzer/u0a64} (pid=1935, uid=10064) not exported from uid 10039
08-31 15:09:51.713 W/System.err( 1935): java.lang.Exception: Toast callstack! strTip=Send Intent Failed!
08-31 15:09:51.713 W/System.err( 1935): 	at android.widget.Toast.show(Toast.java:130)
08-31 15:09:51.713 W/System.err( 1935): 	at com.android.intentfuzzer.FuzzerActivity$4.onClick(FuzzerActivity.java:186)
08-31 15:09:51.713 W/System.err( 1935): 	at android.view.View.performClick(View.java:5637)
08-31 15:09:51.713 W/System.err( 1935): 	at android.view.View$PerformClick.run(View.java:22429)
08-31 15:09:51.713 W/System.err( 1935): 	at android.os.Handler.handleCallback(Handler.java:751)
08-31 15:09:51.713 W/System.err( 1935): 	at android.os.Handler.dispatchMessage(Handler.java:95)
08-31 15:09:51.713 W/System.err( 1935): 	at android.os.Looper.loop(Looper.java:154)
08-31 15:09:51.713 W/System.err( 1935): 	at android.app.ActivityThread.main(ActivityThread.java:6190)
08-31 15:09:51.713 W/System.err( 1935): 	at java.lang.reflect.Method.invoke(Native Method)
08-31 15:09:51.714 W/System.err( 1935): 	at com.android.internal.os.ZygoteInit$MethodAndArgsCaller.run(ZygoteInit.java:892)
08-31 15:09:51.714 W/System.err( 1935): 	at com.android.internal.os.ZygoteInit.main(ZygoteInit.java:782)
08-31 15:09:51.715 I/ActivityManager( 1281): START u0 {cmp=com.farmerbb.taskbar/.activity.HomeActivity (has extras)} from uid 10064 on display 0
08-31 15:09:51.716 W/System.err( 1935): java.lang.Exception: Toast callstack! strTip=Send Intent Failed!
08-31 15:09:51.716 W/System.err( 1935): 	at android.widget.Toast.show(Toast.java:130)
08-31 15:09:51.716 W/System.err( 1935): 	at com.android.intentfuzzer.FuzzerActivity$4.onClick(FuzzerActivity.java:186)
08-31 15:09:51.716 W/System.err( 1935): 	at android.view.View.performClick(View.java:5637)
08-31 15:09:51.716 W/System.err( 1935): 	at android.view.View$PerformClick.run(View.java:22429)
08-31 15:09:51.716 W/System.err( 1935): 	at android.os.Handler.handleCallback(Handler.java:751)
08-31 15:09:51.716 W/System.err( 1935): 	at android.os.Handler.dispatchMessage(Handler.java:95)
08-31 15:09:51.716 W/System.err( 1935): 	at android.os.Looper.loop(Looper.java:154)
08-31 15:09:51.716 W/System.err( 1935): 	at android.app.ActivityThread.main(ActivityThread.java:6190)
08-31 15:09:51.716 W/System.err( 1935): 	at java.lang.reflect.Method.invoke(Native Method)
08-31 15:09:51.716 W/System.err( 1935): 	at com.android.internal.os.ZygoteInit$MethodAndArgsCaller.run(ZygoteInit.java:892)
08-31 15:09:51.716 W/System.err( 1935): 	at com.android.internal.os.ZygoteInit.main(ZygoteInit.java:782)
08-31 15:09:51.718 I/ActivityManager( 1281): START u0 {cmp=com.farmerbb.taskbar/.activity.KeyboardShortcutActivity (has extras)} from uid 10064 on display 0
08-31 15:09:51.719 W/System.err( 1935): java.lang.Exception: Toast callstack! strTip=Send Intent Failed!
08-31 15:09:51.719 W/System.err( 1935): 	at android.widget.Toast.show(Toast.java:130)
08-31 15:09:51.719 W/System.err( 1935): 	at com.android.intentfuzzer.FuzzerActivity$4.onClick(FuzzerActivity.java:186)
08-31 15:09:51.719 W/System.err( 1935): 	at android.view.View.performClick(View.java:5637)
08-31 15:09:51.719 W/System.err( 1935): 	at android.view.View$PerformClick.run(View.java:22429)
08-31 15:09:51.719 W/System.err( 1935): 	at android.os.Handler.handleCallback(Handler.java:751)
08-31 15:09:51.719 W/System.err( 1935): 	at android.os.Handler.dispatchMessage(Handler.java:95)
08-31 15:09:51.719 W/System.err( 1935): 	at android.os.Looper.loop(Looper.java:154)
08-31 15:09:51.719 W/System.err( 1935): 	at android.app.ActivityThread.main(ActivityThread.java:6190)
08-31 15:09:51.719 W/System.err( 1935): 	at java.lang.reflect.Method.invoke(Native Method)
08-31 15:09:51.719 W/System.err( 1935): 	at com.android.internal.os.ZygoteInit$MethodAndArgsCaller.run(ZygoteInit.java:892)
08-31 15:09:51.719 W/System.err( 1935): 	at com.android.internal.os.ZygoteInit.main(ZygoteInit.java:782)
08-31 15:09:51.720 I/ActivityManager( 1281): START u0 {cmp=com.farmerbb.taskbar/.activity.ContextMenuActivity (has extras)} from uid 10064 on display 0
08-31 15:09:51.721 W/ActivityManager( 1281): Permission Denial: starting Intent { cmp=com.farmerbb.taskbar/.activity.ContextMenuActivity (has extras) } from ProcessRecord{bda5613 1935:com.android.intentfuzzer/u0a64} (pid=1935, uid=10064) not exported from uid 10039
08-31 15:09:51.722 W/System.err( 1935): java.lang.Exception: Toast callstack! strTip=Send Intent Failed!
08-31 15:09:51.722 W/System.err( 1935): 	at android.widget.Toast.show(Toast.java:130)
08-31 15:09:51.722 W/System.err( 1935): 	at com.android.intentfuzzer.FuzzerActivity$4.onClick(FuzzerActivity.java:186)
08-31 15:09:51.722 W/System.err( 1935): 	at android.view.View.performClick(View.java:5637)
08-31 15:09:51.722 W/System.err( 1935): 	at android.view.View$PerformClick.run(View.java:22429)
08-31 15:09:51.722 W/System.err( 1935): 	at android.os.Handler.handleCallback(Handler.java:751)
08-31 15:09:51.722 W/System.err( 1935): 	at android.os.Handler.dispatchMessage(Handler.java:95)
08-31 15:09:51.722 W/System.err( 1935): 	at android.os.Looper.loop(Looper.java:154)
08-31 15:09:51.722 W/System.err( 1935): 	at android.app.ActivityThread.main(ActivityThread.java:6190)
08-31 15:09:51.722 W/System.err( 1935): 	at java.lang.reflect.Method.invoke(Native Method)
08-31 15:09:51.722 W/System.err( 1935): 	at com.android.internal.os.ZygoteInit$MethodAndArgsCaller.run(ZygoteInit.java:892)
08-31 15:09:51.722 W/System.err( 1935): 	at com.android.internal.os.ZygoteInit.main(ZygoteInit.java:782)
08-31 15:09:51.742 I/ActivityManager( 1281): START u0 {cmp=com.farmerbb.taskbar/.activity.dark.ContextMenuActivityDark (has extras)} from uid 10064 on display 0
08-31 15:09:51.743 W/ActivityManager( 1281): Permission Denial: starting Intent { cmp=com.farmerbb.taskbar/.activity.dark.ContextMenuActivityDark (has extras) } from ProcessRecord{bda5613 1935:com.android.intentfuzzer/u0a64} (pid=1935, uid=10064) not exported from uid 10039
08-31 15:09:51.744 W/System.err( 1935): java.lang.Exception: Toast callstack! strTip=Send Intent Failed!
08-31 15:09:51.744 W/System.err( 1935): 	at android.widget.Toast.show(Toast.java:130)
08-31 15:09:51.744 W/System.err( 1935): 	at com.android.intentfuzzer.FuzzerActivity$4.onClick(FuzzerActivity.java:186)
08-31 15:09:51.744 W/System.err( 1935): 	at android.view.View.performClick(View.java:5637)
08-31 15:09:51.744 W/System.err( 1935): 	at android.view.View$PerformClick.run(View.java:22429)
08-31 15:09:51.744 W/System.err( 1935): 	at android.os.Handler.handleCallback(Handler.java:751)
08-31 15:09:51.744 W/System.err( 1935): 	at android.os.Handler.dispatchMessage(Handler.java:95)
08-31 15:09:51.744 W/System.err( 1935): 	at android.os.Looper.loop(Looper.java:154)
08-31 15:09:51.744 W/System.err( 1935): 	at android.app.ActivityThread.main(ActivityThread.java:6190)
08-31 15:09:51.744 W/System.err( 1935): 	at java.lang.reflect.Method.invoke(Native Method)
08-31 15:09:51.744 W/System.err( 1935): 	at com.android.internal.os.ZygoteInit$MethodAndArgsCaller.run(ZygoteInit.java:892)
08-31 15:09:51.744 W/System.err( 1935): 	at com.android.internal.os.ZygoteInit.main(ZygoteInit.java:782)
08-31 15:09:51.746 I/ActivityManager( 1281): START u0 {cmp=com.farmerbb.taskbar/.activity.SelectAppActivity (has extras)} from uid 10064 on display 0
08-31 15:09:51.746 W/ActivityManager( 1281): Permission Denial: starting Intent { cmp=com.farmerbb.taskbar/.activity.SelectAppActivity (has extras) } from ProcessRecord{bda5613 1935:com.android.intentfuzzer/u0a64} (pid=1935, uid=10064) not exported from uid 10039
08-31 15:09:51.747 W/System.err( 1935): java.lang.Exception: Toast callstack! strTip=Send Intent Failed!
08-31 15:09:51.747 W/System.err( 1935): 	at android.widget.Toast.show(Toast.java:130)
08-31 15:09:51.747 W/System.err( 1935): 	at com.android.intentfuzzer.FuzzerActivity$4.onClick(FuzzerActivity.java:186)
08-31 15:09:51.747 W/System.err( 1935): 	at android.view.View.performClick(View.java:5637)
08-31 15:09:51.747 W/System.err( 1935): 	at android.view.View$PerformClick.run(View.java:22429)
08-31 15:09:51.747 W/System.err( 1935): 	at android.os.Handler.handleCallback(Handler.java:751)
08-31 15:09:51.747 W/System.err( 1935): 	at android.os.Handler.dispatchMessage(Handler.java:95)
08-31 15:09:51.747 W/System.err( 1935): 	at android.os.Looper.loop(Looper.java:154)
08-31 15:09:51.747 W/System.err( 1935): 	at android.app.ActivityThread.main(ActivityThread.java:6190)
08-31 15:09:51.747 W/System.err( 1935): 	at java.lang.reflect.Method.invoke(Native Method)
08-31 15:09:51.747 W/System.err( 1935): 	at com.android.internal.os.ZygoteInit$MethodAndArgsCaller.run(ZygoteInit.java:892)
08-31 15:09:51.747 W/System.err( 1935): 	at com.android.internal.os.ZygoteInit.main(ZygoteInit.java:782)
08-31 15:09:51.748 I/ActivityManager( 1281): START u0 {cmp=com.farmerbb.taskbar/.activity.dark.SelectAppActivityDark (has extras)} from uid 10064 on display 0
08-31 15:09:51.749 W/ActivityManager( 1281): Permission Denial: starting Intent { cmp=com.farmerbb.taskbar/.activity.dark.SelectAppActivityDark (has extras) } from ProcessRecord{bda5613 1935:com.android.intentfuzzer/u0a64} (pid=1935, uid=10064) not exported from uid 10039
08-31 15:09:51.750 W/System.err( 1935): java.lang.Exception: Toast callstack! strTip=Send Intent Failed!
08-31 15:09:51.750 W/System.err( 1935): 	at android.widget.Toast.show(Toast.java:130)
08-31 15:09:51.750 W/System.err( 1935): 	at com.android.intentfuzzer.FuzzerActivity$4.onClick(FuzzerActivity.java:186)
08-31 15:09:51.750 W/System.err( 1935): 	at android.view.View.performClick(View.java:5637)
08-31 15:09:51.750 W/System.err( 1935): 	at android.view.View$PerformClick.run(View.java:22429)
08-31 15:09:51.750 W/System.err( 1935): 	at android.os.Handler.handleCallback(Handler.java:751)
08-31 15:09:51.750 W/System.err( 1935): 	at android.os.Handler.dispatchMessage(Handler.java:95)
08-31 15:09:51.750 W/System.err( 1935): 	at android.os.Looper.loop(Looper.java:154)
08-31 15:09:51.750 W/System.err( 1935): 	at android.app.ActivityThread.main(ActivityThread.java:6190)
08-31 15:09:51.750 W/System.err( 1935): 	at java.lang.reflect.Method.invoke(Native Method)
08-31 15:09:51.750 W/System.err( 1935): 	at com.android.internal.os.ZygoteInit$MethodAndArgsCaller.run(ZygoteInit.java:892)
08-31 15:09:51.750 W/System.err( 1935): 	at com.android.internal.os.ZygoteInit.main(ZygoteInit.java:782)
08-31 15:09:51.751 I/ActivityManager( 1281): START u0 {cmp=com.farmerbb.taskbar/.activity.DummyActivity (has extras)} from uid 10064 on display 0
08-31 15:09:51.751 W/ActivityManager( 1281): Permission Denial: starting Intent { cmp=com.farmerbb.taskbar/.activity.DummyActivity (has extras) } from ProcessRecord{bda5613 1935:com.android.intentfuzzer/u0a64} (pid=1935, uid=10064) not exported from uid 10039
08-31 15:09:51.752 W/System.err( 1935): java.lang.Exception: Toast callstack! strTip=Send Intent Failed!
08-31 15:09:51.752 W/System.err( 1935): 	at android.widget.Toast.show(Toast.java:130)
08-31 15:09:51.752 W/System.err( 1935): 	at com.android.intentfuzzer.FuzzerActivity$4.onClick(FuzzerActivity.java:186)
08-31 15:09:51.752 W/System.err( 1935): 	at android.view.View.performClick(View.java:5637)
08-31 15:09:51.752 W/System.err( 1935): 	at android.view.View$PerformClick.run(View.java:22429)
08-31 15:09:51.752 W/System.err( 1935): 	at android.os.Handler.handleCallback(Handler.java:751)
08-31 15:09:51.752 W/System.err( 1935): 	at android.os.Handler.dispatchMessage(Handler.java:95)
08-31 15:09:51.752 W/System.err( 1935): 	at android.os.Looper.loop(Looper.java:154)
08-31 15:09:51.752 W/System.err( 1935): 	at android.app.ActivityThread.main(ActivityThread.java:6190)
08-31 15:09:51.752 W/System.err( 1935): 	at java.lang.reflect.Method.invoke(Native Method)
08-31 15:09:51.752 W/System.err( 1935): 	at com.android.internal.os.ZygoteInit$MethodAndArgsCaller.run(ZygoteInit.java:892)
08-31 15:09:51.752 W/System.err( 1935): 	at com.android.internal.os.ZygoteInit.main(ZygoteInit.java:782)
08-31 15:09:51.753 I/ActivityManager( 1281): START u0 {cmp=com.farmerbb.taskbar/.activity.ImportSettingsActivity (has extras)} from uid 10064 on display 0
08-31 15:09:51.753 W/ActivityManager( 1281): Permission Denial: starting Intent { cmp=com.farmerbb.taskbar/.activity.ImportSettingsActivity (has extras) } from ProcessRecord{bda5613 1935:com.android.intentfuzzer/u0a64} (pid=1935, uid=10064) not exported from uid 10039
08-31 15:09:51.755 W/System.err( 1935): java.lang.Exception: Toast callstack! strTip=Send Intent Failed!
08-31 15:09:51.755 W/System.err( 1935): 	at android.widget.Toast.show(Toast.java:130)
08-31 15:09:51.755 W/System.err( 1935): 	at com.android.intentfuzzer.FuzzerActivity$4.onClick(FuzzerActivity.java:186)
08-31 15:09:51.755 W/System.err( 1935): 	at android.view.View.performClick(View.java:5637)
08-31 15:09:51.755 W/System.err( 1935): 	at android.view.View$PerformClick.run(View.java:22429)
08-31 15:09:51.755 W/System.err( 1935): 	at android.os.Handler.handleCallback(Handler.java:751)
08-31 15:09:51.755 W/System.err( 1935): 	at android.os.Handler.dispatchMessage(Handler.java:95)
08-31 15:09:51.755 W/System.err( 1935): 	at android.os.Looper.loop(Looper.java:154)
08-31 15:09:51.755 W/System.err( 1935): 	at android.app.ActivityThread.main(ActivityThread.java:6190)
08-31 15:09:51.755 W/System.err( 1935): 	at java.lang.reflect.Method.invoke(Native Method)
08-31 15:09:51.755 W/System.err( 1935): 	at com.android.internal.os.ZygoteInit$MethodAndArgsCaller.run(ZygoteInit.java:892)
08-31 15:09:51.755 W/System.err( 1935): 	at com.android.internal.os.ZygoteInit.main(ZygoteInit.java:782)
08-31 15:09:51.757 I/ActivityManager( 1281): START u0 {cmp=com.farmerbb.taskbar/.activity.IconPackActivity (has extras)} from uid 10064 on display 0
08-31 15:09:51.757 W/ActivityManager( 1281): Permission Denial: starting Intent { cmp=com.farmerbb.taskbar/.activity.IconPackActivity (has extras) } from ProcessRecord{bda5613 1935:com.android.intentfuzzer/u0a64} (pid=1935, uid=10064) not exported from uid 10039
08-31 15:09:51.758 W/System.err( 1935): java.lang.Exception: Toast callstack! strTip=Send Intent Failed!
08-31 15:09:51.758 W/System.err( 1935): 	at android.widget.Toast.show(Toast.java:130)
08-31 15:09:51.758 W/System.err( 1935): 	at com.android.intentfuzzer.FuzzerActivity$4.onClick(FuzzerActivity.java:186)
08-31 15:09:51.759 W/System.err( 1935): 	at android.view.View.performClick(View.java:5637)
08-31 15:09:51.759 W/System.err( 1935): 	at android.view.View$PerformClick.run(View.java:22429)
08-31 15:09:51.759 W/System.err( 1935): 	at android.os.Handler.handleCallback(Handler.java:751)
08-31 15:09:51.759 W/System.err( 1935): 	at android.os.Handler.dispatchMessage(Handler.java:95)
08-31 15:09:51.759 W/System.err( 1935): 	at android.os.Looper.loop(Looper.java:154)
08-31 15:09:51.759 W/System.err( 1935): 	at android.app.ActivityThread.main(ActivityThread.java:6190)
08-31 15:09:51.759 W/System.err( 1935): 	at java.lang.reflect.Method.invoke(Native Method)
08-31 15:09:51.759 W/System.err( 1935): 	at com.android.internal.os.ZygoteInit$MethodAndArgsCaller.run(ZygoteInit.java:892)
08-31 15:09:51.759 W/System.err( 1935): 	at com.android.internal.os.ZygoteInit.main(ZygoteInit.java:782)
08-31 15:09:51.760 I/ActivityManager( 1281): START u0 {cmp=com.farmerbb.taskbar/.activity.dark.IconPackActivityDark (has extras)} from uid 10064 on display 0
08-31 15:09:51.760 W/ActivityManager( 1281): Permission Denial: starting Intent { cmp=com.farmerbb.taskbar/.activity.dark.IconPackActivityDark (has extras) } from ProcessRecord{bda5613 1935:com.android.intentfuzzer/u0a64} (pid=1935, uid=10064) not exported from uid 10039
08-31 15:09:51.762 W/System.err( 1935): java.lang.Exception: Toast callstack! strTip=Send Intent Failed!
08-31 15:09:51.762 W/System.err( 1935): 	at android.widget.Toast.show(Toast.java:130)
08-31 15:09:51.762 W/System.err( 1935): 	at com.android.intentfuzzer.FuzzerActivity$4.onClick(FuzzerActivity.java:186)
08-31 15:09:51.762 W/System.err( 1935): 	at android.view.View.performClick(View.java:5637)
08-31 15:09:51.762 W/System.err( 1935): 	at android.view.View$PerformClick.run(View.java:22429)
08-31 15:09:51.762 W/System.err( 1935): 	at android.os.Handler.handleCallback(Handler.java:751)
08-31 15:09:51.762 W/System.err( 1935): 	at android.os.Handler.dispatchMessage(Handler.java:95)
08-31 15:09:51.762 W/System.err( 1935): 	at android.os.Looper.loop(Looper.java:154)
08-31 15:09:51.762 W/System.err( 1935): 	at android.app.ActivityThread.main(ActivityThread.java:6190)
08-31 15:09:51.762 W/System.err( 1935): 	at java.lang.reflect.Method.invoke(Native Method)
08-31 15:09:51.762 W/System.err( 1935): 	at com.android.internal.os.ZygoteInit$MethodAndArgsCaller.run(ZygoteInit.java:892)
08-31 15:09:51.762 W/System.err( 1935): 	at com.android.internal.os.ZygoteInit.main(ZygoteInit.java:782)
08-31 15:09:51.764 I/ActivityManager( 1281): START u0 {cmp=com.farmerbb.taskbar/.activity.IconPackApplyActivity (has extras)} from uid 10064 on display 0
08-31 15:09:51.771 W/System.err( 1935): java.lang.Exception: Toast callstack! strTip=Sent Serializeable Intent { cmp=com.farmerbb.taskbar/.activity.IconPackApplyActivity (has extras) }
08-31 15:09:51.771 W/System.err( 1935): 	at android.widget.Toast.show(Toast.java:130)
08-31 15:09:51.771 W/System.err( 1935): 	at com.android.intentfuzzer.FuzzerActivity$4.onClick(FuzzerActivity.java:184)
08-31 15:09:51.771 W/System.err( 1935): 	at android.view.View.performClick(View.java:5637)
08-31 15:09:51.771 W/System.err( 1935): 	at android.view.View$PerformClick.run(View.java:22429)
08-31 15:09:51.771 W/System.err( 1935): 	at android.os.Handler.handleCallback(Handler.java:751)
08-31 15:09:51.771 W/System.err( 1935): 	at android.os.Handler.dispatchMessage(Handler.java:95)
08-31 15:09:51.771 W/System.err( 1935): 	at android.os.Looper.loop(Looper.java:154)
08-31 15:09:51.771 W/System.err( 1935): 	at android.app.ActivityThread.main(ActivityThread.java:6190)
08-31 15:09:51.771 W/System.err( 1935): 	at java.lang.reflect.Method.invoke(Native Method)
08-31 15:09:51.771 W/System.err( 1935): 	at com.android.internal.os.ZygoteInit$MethodAndArgsCaller.run(ZygoteInit.java:892)
08-31 15:09:51.771 W/System.err( 1935): 	at com.android.internal.os.ZygoteInit.main(ZygoteInit.java:782)
08-31 15:09:51.772 W/ContextImpl( 1676): Calling a method in the system process without a qualified user: android.app.ContextImpl.startService:1358 android.content.ContextWrapper.startService:613 android.content.ContextWrapper.startService:613 com.android.coreservice.CoreBroadcastReceiver.onReceive:44 android.app.ActivityThread.handleReceiver:3073 
08-31 15:09:51.772 I/ActivityManager( 1281): START u0 {cmp=com.farmerbb.taskbar/.activity.ShortcutActivity (has extras)} from uid 10064 on display 0
08-31 15:09:51.777 W/System.err( 1935): java.lang.Exception: Toast callstack! strTip=Sent Serializeable Intent { cmp=com.farmerbb.taskbar/.activity.ShortcutActivity (has extras) }
08-31 15:09:51.777 W/System.err( 1935): 	at android.widget.Toast.show(Toast.java:130)
08-31 15:09:51.777 W/System.err( 1935): 	at com.android.intentfuzzer.FuzzerActivity$4.onClick(FuzzerActivity.java:184)
08-31 15:09:51.777 W/System.err( 1935): 	at android.view.View.performClick(View.java:5637)
08-31 15:09:51.777 W/System.err( 1935): 	at android.view.View$PerformClick.run(View.java:22429)
08-31 15:09:51.777 W/System.err( 1935): 	at android.os.Handler.handleCallback(Handler.java:751)
08-31 15:09:51.777 W/System.err( 1935): 	at android.os.Handler.dispatchMessage(Handler.java:95)
08-31 15:09:51.777 W/System.err( 1935): 	at android.os.Looper.loop(Looper.java:154)
08-31 15:09:51.777 W/System.err( 1935): 	at android.app.ActivityThread.main(ActivityThread.java:6190)
08-31 15:09:51.777 W/System.err( 1935): 	at java.lang.reflect.Method.invoke(Native Method)
08-31 15:09:51.777 W/System.err( 1935): 	at com.android.internal.os.ZygoteInit$MethodAndArgsCaller.run(ZygoteInit.java:892)
08-31 15:09:51.777 W/System.err( 1935): 	at com.android.internal.os.ZygoteInit.main(ZygoteInit.java:782)
08-31 15:09:51.780 W/ContextImpl( 1676): Calling a method in the system process without a qualified user: android.app.ContextImpl.startService:1358 android.content.ContextWrapper.startService:613 android.content.ContextWrapper.startService:613 com.android.coreservice.CoreBroadcastReceiver.onReceive:44 android.app.ActivityThread.handleReceiver:3073 
08-31 15:09:51.784 I/ActivityManager( 1281): START u0 {cmp=com.farmerbb.taskbar/.activity.StartTaskbarActivity (has extras)} from uid 10064 on display 0
08-31 15:09:51.790 W/System.err( 1935): java.lang.Exception: Toast callstack! strTip=Sent Serializeable Intent { cmp=com.farmerbb.taskbar/.activity.StartTaskbarActivity (has extras) }
08-31 15:09:51.790 W/ContextImpl( 1676): Calling a method in the system process without a qualified user: android.app.ContextImpl.startService:1358 android.content.ContextWrapper.startService:613 android.content.ContextWrapper.startService:613 com.android.coreservice.CoreBroadcastReceiver.onReceive:44 android.app.ActivityThread.handleReceiver:3073 
08-31 15:09:51.790 W/System.err( 1935): 	at android.widget.Toast.show(Toast.java:130)
08-31 15:09:51.790 W/System.err( 1935): 	at com.android.intentfuzzer.FuzzerActivity$4.onClick(FuzzerActivity.java:184)
08-31 15:09:51.790 W/System.err( 1935): 	at android.view.View.performClick(View.java:5637)
08-31 15:09:51.790 W/System.err( 1935): 	at android.view.View$PerformClick.run(View.java:22429)
08-31 15:09:51.790 W/System.err( 1935): 	at android.os.Handler.handleCallback(Handler.java:751)
08-31 15:09:51.790 W/System.err( 1935): 	at android.os.Handler.dispatchMessage(Handler.java:95)
08-31 15:09:51.790 W/System.err( 1935): 	at android.os.Looper.loop(Looper.java:154)
08-31 15:09:51.790 W/System.err( 1935): 	at android.app.ActivityThread.main(ActivityThread.java:6190)
08-31 15:09:51.790 W/System.err( 1935): 	at java.lang.reflect.Method.invoke(Native Method)
08-31 15:09:51.790 W/System.err( 1935): 	at com.android.internal.os.ZygoteInit$MethodAndArgsCaller.run(ZygoteInit.java:892)
08-31 15:09:51.790 W/System.err( 1935): 	at com.android.internal.os.ZygoteInit.main(ZygoteInit.java:782)
08-31 15:09:51.792 I/ActivityManager( 1281): START u0 {cmp=com.farmerbb.taskbar/.activity.ClearDataActivity (has extras)} from uid 10064 on display 0
08-31 15:09:51.792 W/ActivityManager( 1281): Permission Denial: starting Intent { cmp=com.farmerbb.taskbar/.activity.ClearDataActivity (has extras) } from ProcessRecord{bda5613 1935:com.android.intentfuzzer/u0a64} (pid=1935, uid=10064) not exported from uid 10039
08-31 15:09:51.793 W/System.err( 1935): java.lang.Exception: Toast callstack! strTip=Send Intent Failed!
08-31 15:09:51.793 W/System.err( 1935): 	at android.widget.Toast.show(Toast.java:130)
08-31 15:09:51.793 W/System.err( 1935): 	at com.android.intentfuzzer.FuzzerActivity$4.onClick(FuzzerActivity.java:186)
08-31 15:09:51.793 W/System.err( 1935): 	at android.view.View.performClick(View.java:5637)
08-31 15:09:51.794 W/System.err( 1935): 	at android.view.View$PerformClick.run(View.java:22429)
08-31 15:09:51.794 W/System.err( 1935): 	at android.os.Handler.handleCallback(Handler.java:751)
08-31 15:09:51.794 W/System.err( 1935): 	at android.os.Handler.dispatchMessage(Handler.java:95)
08-31 15:09:51.794 W/System.err( 1935): 	at android.os.Looper.loop(Looper.java:154)
08-31 15:09:51.794 W/System.err( 1935): 	at android.app.ActivityThread.main(ActivityThread.java:6190)
08-31 15:09:51.794 W/System.err( 1935): 	at java.lang.reflect.Method.invoke(Native Method)
08-31 15:09:51.794 W/System.err( 1935): 	at com.android.internal.os.ZygoteInit$MethodAndArgsCaller.run(ZygoteInit.java:892)
08-31 15:09:51.794 W/System.err( 1935): 	at com.android.internal.os.ZygoteInit.main(ZygoteInit.java:782)
08-31 15:09:51.795 I/ActivityManager( 1281): START u0 {cmp=com.farmerbb.taskbar/.activity.dark.ClearDataActivityDark (has extras)} from uid 10064 on display 0
08-31 15:09:51.795 W/ActivityManager( 1281): Permission Denial: starting Intent { cmp=com.farmerbb.taskbar/.activity.dark.ClearDataActivityDark (has extras) } from ProcessRecord{bda5613 1935:com.android.intentfuzzer/u0a64} (pid=1935, uid=10064) not exported from uid 10039
08-31 15:09:51.796 W/System.err( 1935): java.lang.Exception: Toast callstack! strTip=Send Intent Failed!
08-31 15:09:51.796 W/System.err( 1935): 	at android.widget.Toast.show(Toast.java:130)
08-31 15:09:51.796 W/System.err( 1935): 	at com.android.intentfuzzer.FuzzerActivity$4.onClick(FuzzerActivity.java:186)
08-31 15:09:51.796 W/System.err( 1935): 	at android.view.View.performClick(View.java:5637)
08-31 15:09:51.796 W/System.err( 1935): 	at android.view.View$PerformClick.run(View.java:22429)
08-31 15:09:51.796 W/System.err( 1935): 	at android.os.Handler.handleCallback(Handler.java:751)
08-31 15:09:51.796 W/System.err( 1935): 	at android.os.Handler.dispatchMessage(Handler.java:95)
08-31 15:09:51.796 W/System.err( 1935): 	at android.os.Looper.loop(Looper.java:154)
08-31 15:09:51.796 W/System.err( 1935): 	at android.app.ActivityThread.main(ActivityThread.java:6190)
08-31 15:09:51.796 W/System.err( 1935): 	at java.lang.reflect.Method.invoke(Native Method)
08-31 15:09:51.796 W/System.err( 1935): 	at com.android.internal.os.ZygoteInit$MethodAndArgsCaller.run(ZygoteInit.java:892)
08-31 15:09:51.796 W/System.err( 1935): 	at com.android.internal.os.ZygoteInit.main(ZygoteInit.java:782)
08-31 15:09:51.798 I/ActivityManager( 1281): START u0 {cmp=com.farmerbb.taskbar/.activity.DashboardActivity (has extras)} from uid 10064 on display 0
08-31 15:09:51.798 W/ActivityManager( 1281): Permission Denial: starting Intent { cmp=com.farmerbb.taskbar/.activity.DashboardActivity (has extras) } from ProcessRecord{bda5613 1935:com.android.intentfuzzer/u0a64} (pid=1935, uid=10064) not exported from uid 10039
08-31 15:09:51.799 W/System.err( 1935): java.lang.Exception: Toast callstack! strTip=Send Intent Failed!
08-31 15:09:51.799 W/System.err( 1935): 	at android.widget.Toast.show(Toast.java:130)
08-31 15:09:51.799 W/System.err( 1935): 	at com.android.intentfuzzer.FuzzerActivity$4.onClick(FuzzerActivity.java:186)
08-31 15:09:51.799 W/System.err( 1935): 	at android.view.View.performClick(View.java:5637)
08-31 15:09:51.800 W/System.err( 1935): 	at android.view.View$PerformClick.run(View.java:22429)
08-31 15:09:51.800 W/System.err( 1935): 	at android.os.Handler.handleCallback(Handler.java:751)
08-31 15:09:51.800 W/System.err( 1935): 	at android.os.Handler.dispatchMessage(Handler.java:95)
08-31 15:09:51.800 W/System.err( 1935): 	at android.os.Looper.loop(Looper.java:154)
08-31 15:09:51.800 W/System.err( 1935): 	at android.app.ActivityThread.main(ActivityThread.java:6190)
08-31 15:09:51.800 W/System.err( 1935): 	at java.lang.reflect.Method.invoke(Native Method)
08-31 15:09:51.800 W/System.err( 1935): 	at com.android.internal.os.ZygoteInit$MethodAndArgsCaller.run(ZygoteInit.java:892)
08-31 15:09:51.800 W/System.err( 1935): 	at com.android.internal.os.ZygoteInit.main(ZygoteInit.java:782)
08-31 15:09:51.802 I/ActivityManager( 1281): START u0 {cmp=com.farmerbb.taskbar/.activity.dark.DashboardActivityDark (has extras)} from uid 10064 on display 0
08-31 15:09:51.802 W/ActivityManager( 1281): Permission Denial: starting Intent { cmp=com.farmerbb.taskbar/.activity.dark.DashboardActivityDark (has extras) } from ProcessRecord{bda5613 1935:com.android.intentfuzzer/u0a64} (pid=1935, uid=10064) not exported from uid 10039
08-31 15:09:51.803 W/System.err( 1935): java.lang.Exception: Toast callstack! strTip=Send Intent Failed!
08-31 15:09:51.803 W/System.err( 1935): 	at android.widget.Toast.show(Toast.java:130)
08-31 15:09:51.803 W/System.err( 1935): 	at com.android.intentfuzzer.FuzzerActivity$4.onClick(FuzzerActivity.java:186)
08-31 15:09:51.803 W/System.err( 1935): 	at android.view.View.performClick(View.java:5637)
08-31 15:09:51.803 W/System.err( 1935): 	at android.view.View$PerformClick.run(View.java:22429)
08-31 15:09:51.803 W/System.err( 1935): 	at android.os.Handler.handleCallback(Handler.java:751)
08-31 15:09:51.803 W/System.err( 1935): 	at android.os.Handler.dispatchMessage(Handler.java:95)
08-31 15:09:51.803 W/System.err( 1935): 	at android.os.Looper.loop(Looper.java:154)
08-31 15:09:51.803 W/System.err( 1935): 	at android.app.ActivityThread.main(ActivityThread.java:6190)
08-31 15:09:51.803 W/System.err( 1935): 	at java.lang.reflect.Method.invoke(Native Method)
08-31 15:09:51.803 W/System.err( 1935): 	at com.android.internal.os.ZygoteInit$MethodAndArgsCaller.run(ZygoteInit.java:892)
08-31 15:09:51.803 W/System.err( 1935): 	at com.android.internal.os.ZygoteInit.main(ZygoteInit.java:782)
08-31 15:09:51.909 E/EGL_adreno( 1082): tid 1082: eglCreateSyncKHR(2089): error 0x3004 (EGL_BAD_ATTRIBUTE)
08-31 15:09:51.956 W/art     ( 1281): Long monitor contention with owner Binder:1281_4 (1576) at void com.android.server.am.ActivityManagerService.activityPaused(android.os.IBinder)(ActivityManagerService.java:7045) waiters=0 in void com.android.server.am.ActivityManagerService.dispatchProcessesChanged() for 149ms
08-31 15:09:51.961 D/AndroidRuntime( 2205): Shutting down VM
--------- beginning of crash
08-31 15:09:51.965 E/AndroidRuntime( 2205): FATAL EXCEPTION: main
08-31 15:09:51.965 E/AndroidRuntime( 2205): Process: com.farmerbb.taskbar, PID: 2205
08-31 15:09:51.965 E/AndroidRuntime( 2205): java.lang.RuntimeException: Unable to start activity ComponentInfo{com.farmerbb.taskbar/com.farmerbb.taskbar.activity.ShortcutActivity}: java.lang.RuntimeException: Parcelable encountered ClassNotFoundException reading a Serializable object (name = com.android.intentfuzzer.util.SerializableTest)
08-31 15:09:51.965 E/AndroidRuntime( 2205): 	at android.app.ActivityThread.performLaunchActivity(ActivityThread.java:2698)
08-31 15:09:51.965 E/AndroidRuntime( 2205): 	at android.app.ActivityThread.handleLaunchActivity(ActivityThread.java:2759)
08-31 15:09:51.965 E/AndroidRuntime( 2205): 	at android.app.ActivityThread.-wrap12(ActivityThread.java)
08-31 15:09:51.965 E/AndroidRuntime( 2205): 	at android.app.ActivityThread$H.handleMessage(ActivityThread.java:1482)
08-31 15:09:51.965 E/AndroidRuntime( 2205): 	at android.os.Handler.dispatchMessage(Handler.java:102)
08-31 15:09:51.965 E/AndroidRuntime( 2205): 	at android.os.Looper.loop(Looper.java:154)
08-31 15:09:51.965 E/AndroidRuntime( 2205): 	at android.app.ActivityThread.main(ActivityThread.java:6190)
08-31 15:09:51.965 E/AndroidRuntime( 2205): 	at java.lang.reflect.Method.invoke(Native Method)
08-31 15:09:51.965 E/AndroidRuntime( 2205): 	at com.android.internal.os.ZygoteInit$MethodAndArgsCaller.run(ZygoteInit.java:892)
08-31 15:09:51.965 E/AndroidRuntime( 2205): 	at com.android.internal.os.ZygoteInit.main(ZygoteInit.java:782)
08-31 15:09:51.965 E/AndroidRuntime( 2205): Caused by: java.lang.RuntimeException: Parcelable encountered ClassNotFoundException reading a Serializable object (name = com.android.intentfuzzer.util.SerializableTest)
08-31 15:09:51.965 E/AndroidRuntime( 2205): 	at android.os.Parcel.readSerializable(Parcel.java:2630)
08-31 15:09:51.965 E/AndroidRuntime( 2205): 	at android.os.Parcel.readValue(Parcel.java:2416)
08-31 15:09:51.965 E/AndroidRuntime( 2205): 	at android.os.Parcel.readArrayMapInternal(Parcel.java:2732)
08-31 15:09:51.965 E/AndroidRuntime( 2205): 	at android.os.BaseBundle.unparcel(BaseBundle.java:269)
08-31 15:09:51.965 E/AndroidRuntime( 2205): 	at android.os.BaseBundle.containsKey(BaseBundle.java:341)
08-31 15:09:51.965 E/AndroidRuntime( 2205): 	at android.content.Intent.hasExtra(Intent.java:6055)
