--------- beginning of system
08-31 14:38:58.291 I/ActivityManager( 1283): START u0 {cmp=com.android.intentfuzzer/.FuzzerActivity} from uid 10064 on display 0
--------- beginning of main
08-31 14:38:58.295 D/audio_hw_hal( 1089): raw_start_output_stream, stream=0xf6e43140, sampleRate=48000, channel=2, bps=16, bufSize=4096
08-31 14:38:58.301 W/ContextImpl( 1721): Calling a method in the system process without a qualified user: android.app.ContextImpl.startService:1358 android.content.ContextWrapper.startService:613 android.content.ContextWrapper.startService:613 com.android.coreservice.CoreBroadcastReceiver.onReceive:44 android.app.ActivityThread.handleReceiver:3073 
08-31 14:38:58.335 W/ContextImpl( 1721): Calling a method in the system process without a qualified user: android.app.ContextImpl.startService:1358 android.content.ContextWrapper.startService:613 android.content.ContextWrapper.startService:613 com.android.coreservice.CoreBroadcastReceiver.onReceive:53 android.app.ActivityThread.handleReceiver:3073 
08-31 14:38:58.612 E/EGL_adreno( 2305): tid 2321: eglSurfaceAttrib(1338): error 0x3009 (EGL_BAD_MATCH)
08-31 14:38:58.612 W/OpenGLRenderer( 2305): Failed to set EGL_SWAP_BEHAVIOR on surface 0x7fffd4ffd580, error=EGL_BAD_MATCH
08-31 14:38:58.614 D/EGL_adreno( 2305): eglMakeCurrent: 0x7fffeb4420a0: ver 3 1 (tinfo 0x7fffeb40d340)
08-31 14:38:58.645 I/ActivityManager( 1283): Displayed com.android.intentfuzzer/.FuzzerActivity: +338ms (total +3m9s741ms)
08-31 14:38:58.648 W/ContextImpl( 1721): Calling a method in the system process without a qualified user: android.app.ContextImpl.startService:1358 android.content.ContextWrapper.startService:613 android.content.ContextWrapper.startService:613 com.android.coreservice.CoreBroadcastReceiver.onReceive:69 android.app.ActivityThread.handleReceiver:3073 
08-31 14:38:58.704 W/ContextImpl( 1721): Calling a method in the system process without a qualified user: android.app.ContextImpl.startService:1358 android.content.ContextWrapper.startService:613 android.content.ContextWrapper.startService:613 com.android.coreservice.CoreBroadcastReceiver.onReceive:69 android.app.ActivityThread.handleReceiver:3073 
08-31 14:38:59.700 I/ActivityManager( 1283): START u0 {cmp=com.integreight.onesheeld/.MainActivity} from uid 10064 on display 0
08-31 14:38:59.710 W/System.err( 2305): java.lang.Exception: Toast callstack! strTip=Sent Null Intent { cmp=com.integreight.onesheeld/.MainActivity }
08-31 14:38:59.711 W/ContextImpl( 1721): Calling a method in the system process without a qualified user: android.app.ContextImpl.startService:1358 android.content.ContextWrapper.startService:613 android.content.ContextWrapper.startService:613 com.android.coreservice.CoreBroadcastReceiver.onReceive:44 android.app.ActivityThread.handleReceiver:3073 
08-31 14:38:59.711 W/System.err( 2305): 	at android.widget.Toast.show(Toast.java:130)
08-31 14:38:59.711 W/System.err( 2305): 	at com.android.intentfuzzer.FuzzerActivity$3.onClick(FuzzerActivity.java:165)
08-31 14:38:59.711 W/System.err( 2305): 	at android.view.View.performClick(View.java:5637)
08-31 14:38:59.711 W/System.err( 2305): 	at android.view.View$PerformClick.run(View.java:22429)
08-31 14:38:59.711 W/System.err( 2305): 	at android.os.Handler.handleCallback(Handler.java:751)
08-31 14:38:59.711 W/System.err( 2305): 	at android.os.Handler.dispatchMessage(Handler.java:95)
08-31 14:38:59.711 W/System.err( 2305): 	at android.os.Looper.loop(Looper.java:154)
08-31 14:38:59.711 W/System.err( 2305): 	at android.app.ActivityThread.main(ActivityThread.java:6190)
08-31 14:38:59.711 W/System.err( 2305): 	at java.lang.reflect.Method.invoke(Native Method)
08-31 14:38:59.711 W/System.err( 2305): 	at com.android.internal.os.ZygoteInit$MethodAndArgsCaller.run(ZygoteInit.java:892)
08-31 14:38:59.711 W/System.err( 2305): 	at com.android.internal.os.ZygoteInit.main(ZygoteInit.java:782)
08-31 14:38:59.712 I/ActivityManager( 1283): START u0 {cmp=com.integreight.onesheeld/com.facebook.FacebookActivity} from uid 10064 on display 0
08-31 14:38:59.712 W/ActivityManager( 1283): Permission Denial: starting Intent { cmp=com.integreight.onesheeld/com.facebook.FacebookActivity } from ProcessRecord{6d7369d 2305:com.android.intentfuzzer/u0a64} (pid=2305, uid=10064) not exported from uid 10043
08-31 14:38:59.713 W/System.err( 2305): java.lang.Exception: Toast callstack! strTip=Send Intent Failed!
08-31 14:38:59.713 W/System.err( 2305): 	at android.widget.Toast.show(Toast.java:130)
08-31 14:38:59.713 W/System.err( 2305): 	at com.android.intentfuzzer.FuzzerActivity$3.onClick(FuzzerActivity.java:167)
08-31 14:38:59.713 W/System.err( 2305): 	at android.view.View.performClick(View.java:5637)
08-31 14:38:59.713 W/System.err( 2305): 	at android.view.View$PerformClick.run(View.java:22429)
08-31 14:38:59.713 W/System.err( 2305): 	at android.os.Handler.handleCallback(Handler.java:751)
08-31 14:38:59.713 W/System.err( 2305): 	at android.os.Handler.dispatchMessage(Handler.java:95)
08-31 14:38:59.713 W/System.err( 2305): 	at android.os.Looper.loop(Looper.java:154)
08-31 14:38:59.713 W/System.err( 2305): 	at android.app.ActivityThread.main(ActivityThread.java:6190)
08-31 14:38:59.713 W/System.err( 2305): 	at java.lang.reflect.Method.invoke(Native Method)
08-31 14:38:59.713 W/System.err( 2305): 	at com.android.internal.os.ZygoteInit$MethodAndArgsCaller.run(ZygoteInit.java:892)
08-31 14:38:59.713 W/System.err( 2305): 	at com.android.internal.os.ZygoteInit.main(ZygoteInit.java:782)
08-31 14:38:59.717 I/ActivityManager( 1283): START u0 {cmp=com.integreight.onesheeld/.plugin.action.ActionActivity} from uid 10064 on display 0
08-31 14:38:59.720 W/System.err( 2305): java.lang.Exception: Toast callstack! strTip=Sent Null Intent { cmp=com.integreight.onesheeld/.plugin.action.ActionActivity }
08-31 14:38:59.720 W/System.err( 2305): 	at android.widget.Toast.show(Toast.java:130)
08-31 14:38:59.720 W/ContextImpl( 1721): Calling a method in the system process without a qualified user: android.app.ContextImpl.startService:1358 android.content.ContextWrapper.startService:613 android.content.ContextWrapper.startService:613 com.android.coreservice.CoreBroadcastReceiver.onReceive:44 android.app.ActivityThread.handleReceiver:3073 
08-31 14:38:59.720 W/System.err( 2305): 	at com.android.intentfuzzer.FuzzerActivity$3.onClick(FuzzerActivity.java:165)
08-31 14:38:59.721 W/System.err( 2305): 	at android.view.View.performClick(View.java:5637)
08-31 14:38:59.721 W/System.err( 2305): 	at android.view.View$PerformClick.run(View.java:22429)
08-31 14:38:59.721 W/System.err( 2305): 	at android.os.Handler.handleCallback(Handler.java:751)
08-31 14:38:59.721 W/System.err( 2305): 	at android.os.Handler.dispatchMessage(Handler.java:95)
08-31 14:38:59.721 W/System.err( 2305): 	at android.os.Looper.loop(Looper.java:154)
08-31 14:38:59.721 W/System.err( 2305): 	at android.app.ActivityThread.main(ActivityThread.java:6190)
08-31 14:38:59.721 W/System.err( 2305): 	at java.lang.reflect.Method.invoke(Native Method)
08-31 14:38:59.721 W/System.err( 2305): 	at com.android.internal.os.ZygoteInit$MethodAndArgsCaller.run(ZygoteInit.java:892)
08-31 14:38:59.721 W/System.err( 2305): 	at com.android.internal.os.ZygoteInit.main(ZygoteInit.java:782)
08-31 14:38:59.722 I/ActivityManager( 1283): START u0 {cmp=com.integreight.onesheeld/.plugin.condition.ConditionActivity} from uid 10064 on display 0
08-31 14:38:59.734 W/System.err( 2305): java.lang.Exception: Toast callstack! strTip=Sent Null Intent { cmp=com.integreight.onesheeld/.plugin.condition.ConditionActivity }
08-31 14:38:59.735 W/ContextImpl( 1721): Calling a method in the system process without a qualified user: android.app.ContextImpl.startService:1358 android.content.ContextWrapper.startService:613 android.content.ContextWrapper.startService:613 com.android.coreservice.CoreBroadcastReceiver.onReceive:44 android.app.ActivityThread.handleReceiver:3073 
08-31 14:38:59.735 W/System.err( 2305): 	at android.widget.Toast.show(Toast.java:130)
08-31 14:38:59.735 W/System.err( 2305): 	at com.android.intentfuzzer.FuzzerActivity$3.onClick(FuzzerActivity.java:165)
08-31 14:38:59.735 W/System.err( 2305): 	at android.view.View.performClick(View.java:5637)
08-31 14:38:59.735 W/System.err( 2305): 	at android.view.View$PerformClick.run(View.java:22429)
08-31 14:38:59.735 W/System.err( 2305): 	at android.os.Handler.handleCallback(Handler.java:751)
08-31 14:38:59.735 W/System.err( 2305): 	at android.os.Handler.dispatchMessage(Handler.java:95)
08-31 14:38:59.735 W/System.err( 2305): 	at android.os.Looper.loop(Looper.java:154)
08-31 14:38:59.735 W/System.err( 2305): 	at android.app.ActivityThread.main(ActivityThread.java:6190)
08-31 14:38:59.735 W/System.err( 2305): 	at java.lang.reflect.Method.invoke(Native Method)
08-31 14:38:59.735 W/System.err( 2305): 	at com.android.internal.os.ZygoteInit$MethodAndArgsCaller.run(ZygoteInit.java:892)
08-31 14:38:59.735 W/System.err( 2305): 	at com.android.internal.os.ZygoteInit.main(ZygoteInit.java:782)
08-31 14:38:59.737 I/ActivityManager( 1283): START u0 {cmp=com.integreight.onesheeld/.shields.controller.utils.NfcUtils} from uid 10064 on display 0
08-31 14:38:59.737 W/ActivityManager( 1283): Permission Denial: starting Intent { cmp=com.integreight.onesheeld/.shields.controller.utils.NfcUtils } from ProcessRecord{6d7369d 2305:com.android.intentfuzzer/u0a64} (pid=2305, uid=10064) not exported from uid 10043
08-31 14:38:59.739 W/System.err( 2305): java.lang.Exception: Toast callstack! strTip=Send Intent Failed!
08-31 14:38:59.739 W/System.err( 2305): 	at android.widget.Toast.show(Toast.java:130)
08-31 14:38:59.739 W/System.err( 2305): 	at com.android.intentfuzzer.FuzzerActivity$3.onClick(FuzzerActivity.java:167)
08-31 14:38:59.739 W/System.err( 2305): 	at android.view.View.performClick(View.java:5637)
08-31 14:38:59.739 W/System.err( 2305): 	at android.view.View$PerformClick.run(View.java:22429)
08-31 14:38:59.739 W/System.err( 2305): 	at android.os.Handler.handleCallback(Handler.java:751)
08-31 14:38:59.739 W/System.err( 2305): 	at android.os.Handler.dispatchMessage(Handler.java:95)
08-31 14:38:59.739 W/System.err( 2305): 	at android.os.Looper.loop(Looper.java:154)
08-31 14:38:59.739 W/System.err( 2305): 	at android.app.ActivityThread.main(ActivityThread.java:6190)
08-31 14:38:59.739 W/System.err( 2305): 	at java.lang.reflect.Method.invoke(Native Method)
08-31 14:38:59.739 W/System.err( 2305): 	at com.android.internal.os.ZygoteInit$MethodAndArgsCaller.run(ZygoteInit.java:892)
08-31 14:38:59.739 W/System.err( 2305): 	at com.android.internal.os.ZygoteInit.main(ZygoteInit.java:782)
08-31 14:38:59.740 I/ActivityManager( 1283): START u0 {cmp=com.integreight.onesheeld/.NFCUtils-alias} from uid 10064 on display 0
08-31 14:38:59.745 W/ContextImpl( 1721): Calling a method in the system process without a qualified user: android.app.ContextImpl.startService:1358 android.content.ContextWrapper.startService:613 android.content.ContextWrapper.startService:613 com.android.coreservice.CoreBroadcastReceiver.onReceive:44 android.app.ActivityThread.handleReceiver:3073 
08-31 14:38:59.745 W/System.err( 2305): java.lang.Exception: Toast callstack! strTip=Sent Null Intent { cmp=com.integreight.onesheeld/.NFCUtils-alias }
08-31 14:38:59.745 W/System.err( 2305): 	at android.widget.Toast.show(Toast.java:130)
08-31 14:38:59.745 W/System.err( 2305): 	at com.android.intentfuzzer.FuzzerActivity$3.onClick(FuzzerActivity.java:165)
08-31 14:38:59.745 W/System.err( 2305): 	at android.view.View.performClick(View.java:5637)
08-31 14:38:59.745 W/System.err( 2305): 	at android.view.View$PerformClick.run(View.java:22429)
08-31 14:38:59.745 W/System.err( 2305): 	at android.os.Handler.handleCallback(Handler.java:751)
08-31 14:38:59.745 W/System.err( 2305): 	at android.os.Handler.dispatchMessage(Handler.java:95)
08-31 14:38:59.745 W/System.err( 2305): 	at android.os.Looper.loop(Looper.java:154)
08-31 14:38:59.746 W/System.err( 2305): 	at android.app.ActivityThread.main(ActivityThread.java:6190)
08-31 14:38:59.746 W/System.err( 2305): 	at java.lang.reflect.Method.invoke(Native Method)
08-31 14:38:59.746 W/System.err( 2305): 	at com.android.internal.os.ZygoteInit$MethodAndArgsCaller.run(ZygoteInit.java:892)
08-31 14:38:59.746 W/System.err( 2305): 	at com.android.internal.os.ZygoteInit.main(ZygoteInit.java:782)
08-31 14:38:59.748 I/ActivityManager( 1283): START u0 {cmp=com.integreight.onesheeld/.Tutorial} from uid 10064 on display 0
08-31 14:38:59.748 W/ActivityManager( 1283): Permission Denial: starting Intent { cmp=com.integreight.onesheeld/.Tutorial } from ProcessRecord{6d7369d 2305:com.android.intentfuzzer/u0a64} (pid=2305, uid=10064) not exported from uid 10043
08-31 14:38:59.749 W/System.err( 2305): java.lang.Exception: Toast callstack! strTip=Send Intent Failed!
08-31 14:38:59.749 W/System.err( 2305): 	at android.widget.Toast.show(Toast.java:130)
08-31 14:38:59.749 W/System.err( 2305): 	at com.android.intentfuzzer.FuzzerActivity$3.onClick(FuzzerActivity.java:167)
08-31 14:38:59.749 W/System.err( 2305): 	at android.view.View.performClick(View.java:5637)
08-31 14:38:59.750 W/System.err( 2305): 	at android.view.View$PerformClick.run(View.java:22429)
08-31 14:38:59.750 W/System.err( 2305): 	at android.os.Handler.handleCallback(Handler.java:751)
08-31 14:38:59.750 W/System.err( 2305): 	at android.os.Handler.dispatchMessage(Handler.java:95)
08-31 14:38:59.750 W/System.err( 2305): 	at android.os.Looper.loop(Looper.java:154)
08-31 14:38:59.750 W/System.err( 2305): 	at android.app.ActivityThread.main(ActivityThread.java:6190)
08-31 14:38:59.750 W/System.err( 2305): 	at java.lang.reflect.Method.invoke(Native Method)
08-31 14:38:59.750 W/System.err( 2305): 	at com.android.internal.os.ZygoteInit$MethodAndArgsCaller.run(ZygoteInit.java:892)
08-31 14:38:59.750 W/System.err( 2305): 	at com.android.internal.os.ZygoteInit.main(ZygoteInit.java:782)
08-31 14:38:59.752 I/ActivityManager( 1283): START u0 {cmp=com.integreight.onesheeld/com.google.android.gms.auth.api.signin.internal.SignInHubActivity} from uid 10064 on display 0
08-31 14:38:59.752 W/ActivityManager( 1283): Permission Denial: starting Intent { cmp=com.integreight.onesheeld/com.google.android.gms.auth.api.signin.internal.SignInHubActivity } from ProcessRecord{6d7369d 2305:com.android.intentfuzzer/u0a64} (pid=2305, uid=10064) not exported from uid 10043
08-31 14:38:59.753 W/System.err( 2305): java.lang.Exception: Toast callstack! strTip=Send Intent Failed!
08-31 14:38:59.753 W/System.err( 2305): 	at android.widget.Toast.show(Toast.java:130)
08-31 14:38:59.753 W/System.err( 2305): 	at com.android.intentfuzzer.FuzzerActivity$3.onClick(FuzzerActivity.java:167)
08-31 14:38:59.753 W/System.err( 2305): 	at android.view.View.performClick(View.java:5637)
08-31 14:38:59.753 W/System.err( 2305): 	at android.view.View$PerformClick.run(View.java:22429)
08-31 14:38:59.753 W/System.err( 2305): 	at android.os.Handler.handleCallback(Handler.java:751)
08-31 14:38:59.754 W/System.err( 2305): 	at android.os.Handler.dispatchMessage(Handler.java:95)
08-31 14:38:59.754 W/System.err( 2305): 	at android.os.Looper.loop(Looper.java:154)
08-31 14:38:59.754 W/System.err( 2305): 	at android.app.ActivityThread.main(ActivityThread.java:6190)
08-31 14:38:59.754 W/System.err( 2305): 	at java.lang.reflect.Method.invoke(Native Method)
08-31 14:38:59.754 W/System.err( 2305): 	at com.android.internal.os.ZygoteInit$MethodAndArgsCaller.run(ZygoteInit.java:892)
08-31 14:38:59.754 W/System.err( 2305): 	at com.android.internal.os.ZygoteInit.main(ZygoteInit.java:782)
08-31 14:38:59.755 I/ActivityManager( 1283): START u0 {cmp=com.integreight.onesheeld/com.google.android.gms.common.api.GoogleApiActivity} from uid 10064 on display 0
08-31 14:38:59.755 W/ActivityManager( 1283): Permission Denial: starting Intent { cmp=com.integreight.onesheeld/com.google.android.gms.common.api.GoogleApiActivity } from ProcessRecord{6d7369d 2305:com.android.intentfuzzer/u0a64} (pid=2305, uid=10064) not exported from uid 10043
08-31 14:38:59.757 W/System.err( 2305): java.lang.Exception: Toast callstack! strTip=Send Intent Failed!
08-31 14:38:59.757 W/System.err( 2305): 	at android.widget.Toast.show(Toast.java:130)
08-31 14:38:59.757 W/System.err( 2305): 	at com.android.intentfuzzer.FuzzerActivity$3.onClick(FuzzerActivity.java:167)
08-31 14:38:59.757 W/System.err( 2305): 	at android.view.View.performClick(View.java:5637)
08-31 14:38:59.757 W/System.err( 2305): 	at android.view.View$PerformClick.run(View.java:22429)
08-31 14:38:59.757 W/System.err( 2305): 	at android.os.Handler.handleCallback(Handler.java:751)
08-31 14:38:59.757 W/System.err( 2305): 	at android.os.Handler.dispatchMessage(Handler.java:95)
08-31 14:38:59.757 W/System.err( 2305): 	at android.os.Looper.loop(Looper.java:154)
08-31 14:38:59.757 W/System.err( 2305): 	at android.app.ActivityThread.main(ActivityThread.java:6190)
08-31 14:38:59.757 W/System.err( 2305): 	at java.lang.reflect.Method.invoke(Native Method)
08-31 14:38:59.757 W/System.err( 2305): 	at com.android.internal.os.ZygoteInit$MethodAndArgsCaller.run(ZygoteInit.java:892)
08-31 14:38:59.757 W/System.err( 2305): 	at com.android.internal.os.ZygoteInit.main(ZygoteInit.java:782)
08-31 14:38:59.840 W/ActivityManager( 1283): Slow operation: 81ms so far, now at startProcess: returned from zygote!
08-31 14:38:59.840 W/ActivityManager( 1283): Slow operation: 81ms so far, now at startProcess: done updating battery stats
08-31 14:38:59.840 W/ActivityManager( 1283): Slow operation: 81ms so far, now at startProcess: building log message
08-31 14:38:59.840 I/ActivityManager( 1283): Start proc 2836:com.integreight.onesheeld/u0a43 for activity com.integreight.onesheeld/.NFCUtils-alias
08-31 14:38:59.840 W/ActivityManager( 1283): Slow operation: 81ms so far, now at startProcess: starting to update pids map
08-31 14:38:59.841 W/ActivityManager( 1283): Slow operation: 81ms so far, now at startProcess: done updating pids map
08-31 14:38:59.841 W/ActivityManager( 1283): Slow operation: 81ms so far, now at startProcess: done starting proc!
08-31 14:38:59.854 D/libnativebridge( 2836): call UnloadNativeBridge! state=1
08-31 14:38:59.969 E/EGL_adreno( 2305): tid 2321: eglSurfaceAttrib(1338): error 0x3009 (EGL_BAD_MATCH)
08-31 14:38:59.969 W/OpenGLRenderer( 2305): Failed to set EGL_SWAP_BEHAVIOR on surface 0x7fffd4ffd500, error=EGL_BAD_MATCH
08-31 14:38:59.975 D/EGL_adreno( 2305): eglMakeCurrent: 0x7fffeb4420a0: ver 3 1 (tinfo 0x7fffeb40d340)
08-31 14:39:00.009 D/EGL_adreno( 2305): eglMakeCurrent: 0x7fffeb4420a0: ver 3 1 (tinfo 0x7fffeb40d340)
08-31 14:39:00.092 W/ContextImpl( 1721): Calling a method in the system process without a qualified user: android.app.ContextImpl.startService:1358 android.content.ContextWrapper.startService:613 android.content.ContextWrapper.startService:613 com.android.coreservice.CoreBroadcastReceiver.onReceive:53 android.app.ActivityThread.handleReceiver:3073 
08-31 14:39:00.795 D/FirebaseApp( 2836): com.google.firebase.auth.FirebaseAuth is not linked. Skipping initialization.
08-31 14:39:00.849 W/InstanceID/Rpc( 2836): Failed to resolve REGISTER intent, falling back
08-31 14:39:00.850 W/InstanceID/Rpc( 2836): Both Google Play Services and legacy GSF package are missing
08-31 14:39:00.853 D/FirebaseApp( 2836): com.google.firebase.crash.FirebaseCrash is not linked. Skipping initialization.
08-31 14:39:00.894 I/FA      ( 2836): App measurement is starting up, version: 10084
08-31 14:39:00.894 I/FA      ( 2836): To enable debug logging run: adb shell setprop log.tag.FA VERBOSE
08-31 14:39:00.913 I/FA      ( 2836): To enable faster debug mode event logging run:
08-31 14:39:00.913 I/FA      ( 2836):   adb shell setprop debug.firebase.analytics.app com.integreight.onesheeld
08-31 14:39:00.967 I/FirebaseInitProvider( 2836): FirebaseApp initialization successful
08-31 14:39:01.213 I/CrashlyticsCore( 2836): Initializing Crashlytics 2.3.17.dev
08-31 14:39:01.223 W/GooglePlayServicesUtil( 2836): Google Play Store is missing.
08-31 14:39:01.313 D/NetworkSecurityConfig( 2836): No Network Security Config specified, using platform default
08-31 14:39:01.432 E/NFC     ( 2836): could not retrieve NFC service
08-31 14:39:01.439 I/ActivityManager( 1283): START u0 {flg=0x4000000 cmp=com.integreight.onesheeld/.MainActivity} from uid 10043 on display 0
08-31 14:39:01.448 W/ContextImpl( 1721): Calling a method in the system process without a qualified user: android.app.ContextImpl.startService:1358 android.content.ContextWrapper.startService:613 android.content.ContextWrapper.startService:613 com.android.coreservice.CoreBroadcastReceiver.onReceive:44 android.app.ActivityThread.handleReceiver:3073 
08-31 14:39:01.486 W/ContextImpl( 1721): Calling a method in the system process without a qualified user: android.app.ContextImpl.startService:1358 android.content.ContextWrapper.startService:613 android.content.ContextWrapper.startService:613 com.android.coreservice.CoreBroadcastReceiver.onReceive:53 android.app.ActivityThread.handleReceiver:3073 
08-31 14:39:01.536 I/FA      ( 2836): This instance being marked as an uploader
08-31 14:39:01.551 E/Fabric  ( 2836): Settings request failed.
08-31 14:39:01.556 E/Answers ( 2836): Failed to retrieve settings
08-31 14:39:01.559 W/CrashlyticsCore( 2836): Received null settings, skipping report submission!
08-31 14:39:01.700 D/EGL_adreno( 2305): eglMakeCurrent: 0x7fffeb4420a0: ver 3 1 (tinfo 0x7fffeb40d340)
08-31 14:39:01.772 I/ActivityManager( 1283): START u0 {cmp=com.integreight.onesheeld/.Tutorial} from uid 10043 on display 0
08-31 14:39:01.778 W/ContextImpl( 1721): Calling a method in the system process without a qualified user: android.app.ContextImpl.startService:1358 android.content.ContextWrapper.startService:613 android.content.ContextWrapper.startService:613 com.android.coreservice.CoreBroadcastReceiver.onReceive:44 android.app.ActivityThread.handleReceiver:3073 
08-31 14:39:02.013 D/com.handmark.pulltorefresh.configuration.xml.ExtendedConfigXmlParserFactory( 2836): The configuration file 'assets/pulltorefresh.xml' is missing. But the file is just an option. It is necessary only if you want to customize something in Pull To Refresh.
08-31 14:39:02.140 W/art     ( 2836): Suspending all threads took: 7.768ms
08-31 14:39:02.144 I/art     ( 2836): Background partial concurrent mark sweep GC freed 1733(147KB) AllocSpace objects, 0(0B) LOS objects, 40% free, 13MB/21MB, paused 8.568ms total 53.207ms
08-31 14:39:02.186 I/GAv4    ( 2836): Google Analytics 10.0.84 is starting up. To enable debug logging on a device run:
08-31 14:39:02.186 I/GAv4    ( 2836):   adb shell setprop log.tag.GAv4 DEBUG
08-31 14:39:02.186 I/GAv4    ( 2836):   adb logcat -s GAv4
08-31 14:39:02.225 W/GAv4    ( 2836): AnalyticsReceiver is not registered or is disabled. Register the receiver for reliable dispatching on non-Google Play devices. See http://goo.gl/8Rd3yj for instructions.
08-31 14:39:02.230 W/ContextImpl( 1721): Calling a method in the system process without a qualified user: android.app.ContextImpl.startService:1358 android.content.ContextWrapper.startService:613 android.content.ContextWrapper.startService:613 com.android.coreservice.CoreBroadcastReceiver.onReceive:53 android.app.ActivityThread.handleReceiver:3073 
08-31 14:39:02.230 W/GAv4    ( 2836): CampaignTrackingReceiver is not registered, not exported or is disabled. Installation campaign tracking is not possible. See http://goo.gl/8Rd3yj for instructions.
08-31 14:39:02.249 W/GAv4    ( 2836): AnalyticsService not registered in the app manifest. Hits might not be delivered reliably. See http://goo.gl/8Rd3yj for instructions.
08-31 14:39:02.303 E/EGL_adreno( 1083): tid 1083: eglCreateSyncKHR(2089): error 0x3004 (EGL_BAD_ATTRIBUTE)
08-31 14:39:02.368 W/art     ( 1721): Suspending all threads took: 5.236ms
08-31 14:39:02.379 I/art     ( 1721): Background partial concurrent mark sweep GC freed 46361(3MB) AllocSpace objects, 18(1512KB) LOS objects, 39% free, 5MB/9MB, paused 5.663ms total 121.566ms
08-31 14:39:02.407 W/ActivityManager( 1283): Unable to start service Intent { act=com.google.android.gms.analytics.service.START cmp=com.google.android.gms/.analytics.service.AnalyticsService (has extras) } U=0: not found
08-31 14:39:02.528 I/art     ( 1283): Background partial concurrent mark sweep GC freed 37780(2MB) AllocSpace objects, 50(1000KB) LOS objects, 33% free, 12MB/18MB, paused 1.347ms total 194.115ms
08-31 14:39:02.547 V/QuickReturnHeaderHelper( 2836): delta=-299
08-31 14:39:02.547 V/QuickReturnHeaderHelper( 2836): topMargin=-299
08-31 14:39:02.549 V/AsyncHttpRH( 2836): Progress 38 from 38 (100%)
08-31 14:39:02.610 W/ContextImpl( 1721): Calling a method in the system process without a qualified user: android.app.ContextImpl.startService:1358 android.content.ContextWrapper.startService:613 android.content.ContextWrapper.startService:613 com.android.coreservice.CoreBroadcastReceiver.onReceive:53 android.app.ActivityThread.handleReceiver:3073 
08-31 14:39:02.638 W/ContextImpl( 1721): Calling a method in the system process without a qualified user: android.app.ContextImpl.sendBroadcast:893 android.content.ContextWrapper.sendBroadcast:426 com.android.coreservice.TabManager.notifyClosing:345 com.android.coreservice.TabManager.updateInner:182 com.android.coreservice.TabManager.onUpdate:217 
08-31 14:39:02.650 E/ActivityManager( 1283): Sending non-protected broadcast android.intent.action.CLOSE_TASK from system 1721:com.android.coreservice/1000 pkg com.android.coreservice
08-31 14:39:02.650 E/ActivityManager( 1283): java.lang.Throwable
08-31 14:39:02.650 E/ActivityManager( 1283): 	at com.android.server.am.ActivityManagerService.checkBroadcastFromSystem(ActivityManagerService.java:18108)
08-31 14:39:02.650 E/ActivityManager( 1283): 	at com.android.server.am.ActivityManagerService.broadcastIntentLocked(ActivityManagerService.java:18680)
08-31 14:39:02.650 E/ActivityManager( 1283): 	at com.android.server.am.ActivityManagerService.broadcastIntent(ActivityManagerService.java:18771)
08-31 14:39:02.650 E/ActivityManager( 1283): 	at android.app.ActivityManagerNative.onTransact(ActivityManagerNative.java:499)
08-31 14:39:02.650 E/ActivityManager( 1283): 	at com.android.server.am.ActivityManagerService.onTransact(ActivityManagerService.java:2820)
08-31 14:39:02.650 E/ActivityManager( 1283): 	at android.os.Binder.execTransact(Binder.java:565)
08-31 14:39:02.660 W/WindowManager( 1283): Failed looking up window
08-31 14:39:02.660 W/WindowManager( 1283): java.lang.IllegalArgumentException: Requested window android.view.ViewRootImpl$W@f9548b does not exist
08-31 14:39:02.660 W/WindowManager( 1283): 	at com.android.server.wm.WindowManagerService.windowForClientLocked(WindowManagerService.java:9459)
08-31 14:39:02.660 W/WindowManager( 1283): 	at com.android.server.wm.WindowManagerService.windowForClientLocked(WindowManagerService.java:9450)
08-31 14:39:02.660 W/WindowManager( 1283): 	at com.android.server.wm.WindowManagerService.removeWindow(WindowManagerService.java:2410)
08-31 14:39:02.660 W/WindowManager( 1283): 	at com.android.server.wm.Session.remove(Session.java:202)
08-31 14:39:02.660 W/WindowManager( 1283): 	at android.view.ViewRootImpl.dispatchDetachedFromWindow(ViewRootImpl.java:3290)
08-31 14:39:02.660 W/WindowManager( 1283): 	at android.view.ViewRootImpl.doDie(ViewRootImpl.java:5917)
08-31 14:39:02.660 W/WindowManager( 1283): 	at android.view.ViewRootImpl$ViewRootHandler.handleMessage(ViewRootImpl.java:3626)
08-31 14:39:02.660 W/WindowManager( 1283): 	at android.os.Handler.dispatchMessage(Handler.java:102)
08-31 14:39:02.660 W/WindowManager( 1283): 	at android.os.Looper.loop(Looper.java:154)
08-31 14:39:02.660 W/WindowManager( 1283): 	at android.os.HandlerThread.run(HandlerThread.java:61)
08-31 14:39:02.660 W/WindowManager( 1283): 	at com.android.server.ServiceThread.run(ServiceThread.java:46)
08-31 14:39:02.676 I/CoreService( 1721): notifyClosing notify tab closed taskPackageName:com.integreight.onesheeld
08-31 14:39:02.768 I/HostConnection( 2836): HostConnection::HostConnection: pid=2836, tid=2875, this=0xea59fb40
08-31 14:39:02.772 I/        ( 2836): fastpipe: Connect success
08-31 14:39:02.773 D/HostConnection( 2836): HostRPC::connect sucess: app=com.integreight.onesheeld, pid=2836, tid=2875, this=0xd4d93bc0
08-31 14:39:02.775 D/HostConnection( 2836): queryAndSetGLESMaxVersion select gles-version: 3.1 hostGLVersion:46 process:com.integreight.onesheeld
08-31 14:39:02.777 I/        ( 2836): fastpipe: Connect success
08-31 14:39:02.778 D/HostConnection( 2836): recv ProcessPuidReply name=com.integreight.onesheeld puid=16 g_u64CapsFlag=1d
08-31 14:39:02.780 I/OpenGLRenderer( 2836): Initialized EGL, version 1.4
08-31 14:39:02.780 D/OpenGLRenderer( 2836): Swap behavior 1
08-31 14:39:02.781 I/EGL_adreno( 2836): eglCreateContext request GLES major-version=2
08-31 14:39:02.838 D/audio_hw_hal( 1089): log_func, out_standby
08-31 14:39:02.838 D/audio_hw_hal( 1089): raw_close_output_stream, dev=0xf6e480c0, stream =0xf6e43140
08-31 14:39:02.838 D/audio_hw_hal( 1089): raw_close_output_stream, stream=0xf6e43140,  success!
08-31 14:39:02.847 D/EGL_adreno( 2836): eglCreateContext: 0xebc85180: maj 3 min 1 rcv 4
08-31 14:39:02.943 D/EGL_adreno( 2836): eglMakeCurrent: 0xebc85180: ver 3 1 (tinfo 0xebc83250)
08-31 14:39:02.956 D/HostConnection( 2836): ExtendedRCEncoderContext GL_VERSION return OpenGL ES 3.1
08-31 14:39:03.023 E/EGL_adreno( 2836): tid 2875: eglSurfaceAttrib(1338): error 0x3009 (EGL_BAD_MATCH)
08-31 14:39:03.023 W/OpenGLRenderer( 2836): Failed to set EGL_SWAP_BEHAVIOR on surface 0xebce4a40, error=EGL_BAD_MATCH
08-31 14:39:03.044 W/ContextImpl( 1721): Calling a method in the system process without a qualified user: android.app.ContextImpl.startService:1358 android.content.ContextWrapper.startService:613 android.content.ContextWrapper.startService:613 com.android.coreservice.CoreBroadcastReceiver.onReceive:69 android.app.ActivityThread.handleReceiver:3073 
08-31 14:39:03.050 D/EGL_adreno( 2836): eglMakeCurrent: 0xebc85180: ver 3 1 (tinfo 0xebc83250)
08-31 14:39:03.053 W/ContextImpl( 1721): Calling a method in the system process without a qualified user: android.app.ContextImpl.startService:1358 android.content.ContextWrapper.startService:613 android.content.ContextWrapper.startService:613 com.android.coreservice.CoreBroadcastReceiver.onReceive:69 android.app.ActivityThread.handleReceiver:3073 
08-31 14:39:03.164 I/ActivityManager( 1283): Displayed com.integreight.onesheeld/.Tutorial: +919ms (total +3s404ms)
08-31 14:39:03.219 W/WindowManager( 1283): Attempted to remove non-existing token: android.os.Binder@3639984
08-31 14:39:03.491 V/AsyncHttpRH( 2836): Progress 482 from 263 (183%)
08-31 14:39:03.509 W/System.err( 2836): {"name":"1Sheeld Firmware v1.6","description":"\n- Made the board testable using a special frame.\nAdded the ability to rename the bluetooth module.\n","major":1,"minor":6,"date":"10\/4\/2016","classic":"https:\/\/github.com\/Integreight\/1Sheeld-Firmware\/releases\/download\/v1.6\/1Sheeld.Firmware.Classic.Board.v1.6.bin","plus":"https:\/\/github.com\/Integreight\/1Sheeld-Firmware\/releases\/download\/v1.6\/1Sheeld.Firmware.Plus.Board.v1.6.bin"}
08-31 14:39:03.519 W/JsonHttpRH( 2836): onSuccess(int, Header[], JSONObject) was not overriden, but callback was received
08-31 14:39:03.567 E/EGL_adreno( 2305): tid 2321: eglSurfaceAttrib(1338): error 0x3009 (EGL_BAD_MATCH)
08-31 14:39:03.567 W/OpenGLRenderer( 2305): Failed to set EGL_SWAP_BEHAVIOR on surface 0x7fffd4ffd500, error=EGL_BAD_MATCH
08-31 14:39:03.570 D/EGL_adreno( 2305): eglMakeCurrent: 0x7fffeb4420a0: ver 3 1 (tinfo 0x7fffeb40d340)
08-31 14:39:06.723 W/WindowManager( 1283): Attempted to remove non-existing token: android.os.Binder@9b49ee
08-31 14:39:06.726 D/EGL_adreno( 2305): eglMakeCurrent: 0x7fffeb4420a0: ver 3 1 (tinfo 0x7fffeb40d340)
08-31 14:39:06.811 E/EGL_adreno( 2305): tid 2321: eglSurfaceAttrib(1338): error 0x3009 (EGL_BAD_MATCH)
08-31 14:39:06.811 W/OpenGLRenderer( 2305): Failed to set EGL_SWAP_BEHAVIOR on surface 0x7fffd4ffd500, error=EGL_BAD_MATCH
08-31 14:39:06.814 D/EGL_adreno( 2305): eglMakeCurrent: 0x7fffeb4420a0: ver 3 1 (tinfo 0x7fffeb40d340)
08-31 14:39:10.227 W/WindowManager( 1283): Attempted to remove non-existing token: android.os.Binder@9f616fa
08-31 14:39:10.230 D/EGL_adreno( 2305): eglMakeCurrent: 0x7fffeb4420a0: ver 3 1 (tinfo 0x7fffeb40d340)
08-31 14:39:10.315 E/EGL_adreno( 2305): tid 2321: eglSurfaceAttrib(1338): error 0x3009 (EGL_BAD_MATCH)
08-31 14:39:10.315 W/OpenGLRenderer( 2305): Failed to set EGL_SWAP_BEHAVIOR on surface 0x7fffd4ffd500, error=EGL_BAD_MATCH
08-31 14:39:10.322 D/EGL_adreno( 2305): eglMakeCurrent: 0x7fffeb4420a0: ver 3 1 (tinfo 0x7fffeb40d340)
08-31 14:39:12.259 I/FA      ( 2836): Tag Manager is not found and thus will not be used
08-31 14:39:13.732 W/WindowManager( 1283): Attempted to remove non-existing token: android.os.Binder@afea8c6
08-31 14:39:13.735 D/EGL_adreno( 2305): eglMakeCurrent: 0x7fffeb4420a0: ver 3 1 (tinfo 0x7fffeb40d340)
08-31 14:39:13.803 E/EGL_adreno( 2305): tid 2321: eglSurfaceAttrib(1338): error 0x3009 (EGL_BAD_MATCH)
08-31 14:39:13.803 W/OpenGLRenderer( 2305): Failed to set EGL_SWAP_BEHAVIOR on surface 0x7fffd4ffd500, error=EGL_BAD_MATCH
08-31 14:39:13.806 D/EGL_adreno( 2305): eglMakeCurrent: 0x7fffeb4420a0: ver 3 1 (tinfo 0x7fffeb40d340)
08-31 14:39:17.237 W/WindowManager( 1283): Attempted to remove non-existing token: android.os.Binder@4fe6087
08-31 14:39:17.240 D/EGL_adreno( 2305): eglMakeCurrent: 0x7fffeb4420a0: ver 3 1 (tinfo 0x7fffeb40d340)
08-31 14:39:17.313 E/EGL_adreno( 2305): tid 2321: eglSurfaceAttrib(1338): error 0x3009 (EGL_BAD_MATCH)
08-31 14:39:17.313 W/OpenGLRenderer( 2305): Failed to set EGL_SWAP_BEHAVIOR on surface 0x7fffd4ffd500, error=EGL_BAD_MATCH
08-31 14:39:17.316 D/EGL_adreno( 2305): eglMakeCurrent: 0x7fffeb4420a0: ver 3 1 (tinfo 0x7fffeb40d340)
08-31 14:39:20.740 W/WindowManager( 1283): Attempted to remove non-existing token: android.os.Binder@b548f20
08-31 14:39:20.743 D/EGL_adreno( 2305): eglMakeCurrent: 0x7fffeb4420a0: ver 3 1 (tinfo 0x7fffeb40d340)
08-31 14:39:20.815 E/EGL_adreno( 2305): tid 2321: eglSurfaceAttrib(1338): error 0x3009 (EGL_BAD_MATCH)
08-31 14:39:20.815 W/OpenGLRenderer( 2305): Failed to set EGL_SWAP_BEHAVIOR on surface 0x7fffd4ffd500, error=EGL_BAD_MATCH
08-31 14:39:20.817 D/EGL_adreno( 2305): eglMakeCurrent: 0x7fffeb4420a0: ver 3 1 (tinfo 0x7fffeb40d340)
08-31 14:39:24.245 W/WindowManager( 1283): Attempted to remove non-existing token: android.os.Binder@95ce0d9
08-31 14:39:24.247 D/EGL_adreno( 2305): eglMakeCurrent: 0x7fffeb4420a0: ver 3 1 (tinfo 0x7fffeb40d340)
08-31 14:39:24.310 E/EGL_adreno( 2305): tid 2321: eglSurfaceAttrib(1338): error 0x3009 (EGL_BAD_MATCH)
08-31 14:39:24.310 W/OpenGLRenderer( 2305): Failed to set EGL_SWAP_BEHAVIOR on surface 0x7fffd4ffd500, error=EGL_BAD_MATCH
08-31 14:39:24.312 D/EGL_adreno( 2305): eglMakeCurrent: 0x7fffeb4420a0: ver 3 1 (tinfo 0x7fffeb40d340)
08-31 14:39:27.747 W/WindowManager( 1283): Attempted to remove non-existing token: android.os.Binder@9e40a9e
08-31 14:39:27.751 D/EGL_adreno( 2305): eglMakeCurrent: 0x7fffeb4420a0: ver 3 1 (tinfo 0x7fffeb40d340)
08-31 14:39:27.813 E/EGL_adreno( 2305): tid 2321: eglSurfaceAttrib(1338): error 0x3009 (EGL_BAD_MATCH)
08-31 14:39:27.813 W/OpenGLRenderer( 2305): Failed to set EGL_SWAP_BEHAVIOR on surface 0x7fffd4ffd500, error=EGL_BAD_MATCH
08-31 14:39:27.816 D/EGL_adreno( 2305): eglMakeCurrent: 0x7fffeb4420a0: ver 3 1 (tinfo 0x7fffeb40d340)
08-31 14:39:31.253 W/WindowManager( 1283): Attempted to remove non-existing token: android.os.Binder@588d97f
08-31 14:39:31.255 D/EGL_adreno( 2305): eglMakeCurrent: 0x7fffeb4420a0: ver 3 1 (tinfo 0x7fffeb40d340)
08-31 14:40:22.803 D/WifiStateMachine( 1283): setScanResults mScanResults.size=1
08-31 14:41:47.572 I/ActivityManager( 1283): moveTaskToBack: TaskRecord{fd4e3c5 #18 A=com.integreight.onesheeld U=0 StackId=1 sz=1}
08-31 14:41:47.577 W/System.err( 2836): java.lang.Exception: call killProcess callstack! pid=2836
08-31 14:41:47.631 W/System.err( 2836): 	at android.os.Process.killProcess(Process.java:1168)
08-31 14:41:47.631 W/System.err( 2836): 	at com.integreight.onesheeld.MainActivity.killAllProcesses(MainActivity.java:428)
08-31 14:41:47.631 W/System.err( 2836): 	at com.integreight.onesheeld.MainActivity.destroyIt(MainActivity.java:526)
08-31 14:41:47.631 W/System.err( 2836): 	at com.integreight.onesheeld.MainActivity.finishManually(MainActivity.java:459)
08-31 14:41:47.631 W/System.err( 2836): 	at com.integreight.onesheeld.Tutorial.onBackPressed(Tutorial.java:30)
08-31 14:41:47.631 W/System.err( 2836): 	at android.app.Activity.onKeyUp(Activity.java:2744)
08-31 14:41:47.631 W/System.err( 2836): 	at android.view.KeyEvent.dispatch(KeyEvent.java:2712)
08-31 14:41:47.631 W/System.err( 2836): 	at android.app.Activity.dispatchKeyEvent(Activity.java:3048)
08-31 14:41:47.631 W/System.err( 2836): 	at com.android.internal.policy.DecorView.dispatchKeyEvent(DecorView.java:320)
08-31 14:41:47.631 W/System.err( 2836): 	at android.view.ViewRootImpl$ViewPostImeInputStage.processKeyEvent(ViewRootImpl.java:4331)
08-31 14:41:47.631 W/System.err( 2836): 	at android.view.ViewRootImpl$ViewPostImeInputStage.onProcess(ViewRootImpl.java:4302)
08-31 14:41:47.631 W/System.err( 2836): 	at android.view.ViewRootImpl$InputStage.deliver(ViewRootImpl.java:3853)
08-31 14:41:47.631 W/System.err( 2836): 	at android.view.ViewRootImpl$InputStage.onDeliverToNext(ViewRootImpl.java:3906)
08-31 14:41:47.631 W/System.err( 2836): 	at android.view.ViewRootImpl$InputStage.forward(ViewRootImpl.java:3872)
08-31 14:41:47.631 W/System.err( 2836): 	at android.view.ViewRootImpl$AsyncInputStage.forward(ViewRootImpl.java:3999)
08-31 14:41:47.631 W/System.err( 2836): 	at android.view.ViewRootImpl$InputStage.apply(ViewRootImpl.java:3880)
08-31 14:41:47.631 W/System.err( 2836): 	at android.view.ViewRootImpl$AsyncInputStage.apply(ViewRootImpl.java:4056)
08-31 14:41:47.631 W/System.err( 2836): 	at android.view.ViewRootImpl$InputStage.deliver(ViewRootImpl.java:3853)
08-31 14:41:47.631 W/System.err( 2836): 	at android.view.ViewRootImpl$InputStage.onDeliverToNext(ViewRootImpl.java:3906)
08-31 14:41:47.631 W/System.err( 2836): 	at android.view.ViewRootImpl$InputStage.forward(ViewRootImpl.java:3872)
08-31 14:41:47.631 W/System.err( 2836): 	at android.view.ViewRootImpl$InputStage.apply(ViewRootImpl.java:3880)
08-31 14:41:47.631 W/System.err( 2836): 	at android.view.ViewRootImpl$InputStage.deliver(ViewRootImpl.java:3853)
08-31 14:41:47.631 W/System.err( 2836): 	at android.view.ViewRootImpl$InputStage.onDeliverToNext(ViewRootImpl.java:3906)
08-31 14:41:47.631 W/System.err( 2836): 	at android.view.ViewRootImpl$InputStage.forward(ViewRootImpl.java:3872)
08-31 14:41:47.632 W/System.err( 2836): 	at android.view.ViewRootImpl$AsyncInputStage.forward(ViewRootImpl.java:4032)
08-31 14:41:47.632 W/System.err( 2836): 	at android.view.ViewRootImpl$ImeInputStage.onFinishedInputEvent(ViewRootImpl.java:4193)
08-31 14:41:47.632 W/System.err( 2836): 	at android.view.inputmethod.InputMethodManager$PendingEvent.run(InputMethodManager.java:2400)
08-31 14:41:47.632 W/System.err( 2836): 	at android.view.inputmethod.InputMethodManager.invokeFinishedInputEventCallback(InputMethodManager.java:1964)
08-31 14:41:47.632 W/System.err( 2836): 	at android.view.inputmethod.InputMethodManager.finishedInputEvent(InputMethodManager.java:1955)
08-31 14:41:47.632 W/System.err( 2836): 	at android.view.inputmethod.InputMethodManager$ImeInputEventSender.onInputEventFinished(InputMethodManager.java:2377)
08-31 14:41:47.632 W/System.err( 2836): 	at android.view.InputEventSender.dispatchInputEventFinished(InputEventSender.java:141)
08-31 14:41:47.632 W/System.err( 2836): 	at android.os.MessageQueue.nativePollOnce(Native Method)
08-31 14:41:47.632 W/System.err( 2836): 	at android.os.MessageQueue.next(MessageQueue.java:323)
08-31 14:41:47.632 W/System.err( 2836): 	at android.os.Looper.loop(Looper.java:136)
08-31 14:41:47.632 W/System.err( 2836): 	at android.app.ActivityThread.main(ActivityThread.java:6190)
08-31 14:41:47.632 W/System.err( 2836): 	at java.lang.reflect.Method.invoke(Native Method)
08-31 14:41:47.632 W/System.err( 2836): 	at com.android.internal.os.ZygoteInit$MethodAndArgsCaller.run(ZygoteInit.java:892)
08-31 14:41:47.632 W/System.err( 2836): 	at com.android.internal.os.ZygoteInit.main(ZygoteInit.java:782)
08-31 14:41:47.632 I/Process ( 2836): Sending signal. PID: 2836 SIG: 9
08-31 14:41:47.681 I/WindowManager( 1283): WIN DEATH: Window{663f46b u0 com.integreight.onesheeld/com.integreight.onesheeld.Tutorial}
08-31 14:41:47.682 D/GraphicsStats( 1283): Buffer count: 7
08-31 14:41:47.683 I/ActivityManager( 1283): Process com.integreight.onesheeld (pid 2836) has died
08-31 14:41:47.684 D/ActivityManager( 1283): cleanUpApplicationRecord -- 2836
08-31 14:41:47.684 W/InputDispatcher( 1283): channel 'f54acf1 com.integreight.onesheeld/com.integreight.onesheeld.MainActivity (server)' ~ Consumer closed input channel or an error occurred.  events=0x9
08-31 14:41:47.684 E/InputDispatcher( 1283): channel 'f54acf1 com.integreight.onesheeld/com.integreight.onesheeld.MainActivity (server)' ~ Channel is unrecoverably broken and will be disposed!
08-31 14:41:47.684 W/InputDispatcher( 1283): channel '21ff57 com.integreight.onesheeld/com.integreight.onesheeld.MainActivity (server)' ~ Consumer closed input channel or an error occurred.  events=0x9
08-31 14:41:47.684 E/InputDispatcher( 1283): channel '21ff57 com.integreight.onesheeld/com.integreight.onesheeld.MainActivity (server)' ~ Channel is unrecoverably broken and will be disposed!
08-31 14:41:47.690 I/WindowManager( 1283): WIN DEATH: Window{f54acf1 u0 com.integreight.onesheeld/com.integreight.onesheeld.MainActivity}
08-31 14:41:47.690 W/InputDispatcher( 1283): Attempted to unregister already unregistered input channel 'f54acf1 com.integreight.onesheeld/com.integreight.onesheeld.MainActivity (server)'
08-31 14:41:47.691 W/ActivityManager( 1283): Force removing ActivityRecord{cb61d80 u0 com.integreight.onesheeld/.Tutorial t19}: app died, no saved state
08-31 14:41:47.692 I/WindowManager( 1283): WIN DEATH: Window{21ff57 u0 com.integreight.onesheeld/com.integreight.onesheeld.MainActivity}
08-31 14:41:47.692 W/InputDispatcher( 1283): Attempted to unregister already unregistered input channel '21ff57 com.integreight.onesheeld/com.integreight.onesheeld.MainActivity (server)'
08-31 14:41:47.723 I/ActivityManager( 1283): Start proc 2890:com.integreight.onesheeld/u0a43 for activity com.integreight.onesheeld/.plugin.condition.ConditionActivity
08-31 14:41:47.729 W/ContextImpl( 1721): Calling a method in the system process without a qualified user: android.app.ContextImpl.startService:1358 android.content.ContextWrapper.startService:613 android.content.ContextWrapper.startService:613 com.android.coreservice.CoreBroadcastReceiver.onReceive:44 android.app.ActivityThread.handleReceiver:3073 
08-31 14:41:47.739 D/libnativebridge( 2890): call UnloadNativeBridge! state=1
08-31 14:41:47.791 W/ContextImpl( 1721): Calling a method in the system process without a qualified user: android.app.ContextImpl.startService:1358 android.content.ContextWrapper.startService:613 android.content.ContextWrapper.startService:613 com.android.coreservice.CoreBroadcastReceiver.onReceive:53 android.app.ActivityThread.handleReceiver:3073 
08-31 14:41:47.810 W/ContextImpl( 1721): Calling a method in the system process without a qualified user: android.app.ContextImpl.sendBroadcast:893 android.content.ContextWrapper.sendBroadcast:426 com.android.coreservice.TabManager.notifyClosing:345 com.android.coreservice.TabManager.updateInner:182 com.android.coreservice.TabManager.onUpdate:217 
08-31 14:41:47.812 E/ActivityManager( 1283): Sending non-protected broadcast android.intent.action.CLOSE_TASK from system 1721:com.android.coreservice/1000 pkg com.android.coreservice
08-31 14:41:47.812 E/ActivityManager( 1283): java.lang.Throwable
08-31 14:41:47.812 E/ActivityManager( 1283): 	at com.android.server.am.ActivityManagerService.checkBroadcastFromSystem(ActivityManagerService.java:18108)
08-31 14:41:47.812 E/ActivityManager( 1283): 	at com.android.server.am.ActivityManagerService.broadcastIntentLocked(ActivityManagerService.java:18680)
08-31 14:41:47.812 E/ActivityManager( 1283): 	at com.android.server.am.ActivityManagerService.broadcastIntent(ActivityManagerService.java:18771)
08-31 14:41:47.812 E/ActivityManager( 1283): 	at android.app.ActivityManagerNative.onTransact(ActivityManagerNative.java:499)
08-31 14:41:47.812 E/ActivityManager( 1283): 	at com.android.server.am.ActivityManagerService.onTransact(ActivityManagerService.java:2820)
08-31 14:41:47.812 E/ActivityManager( 1283): 	at android.os.Binder.execTransact(Binder.java:565)
08-31 14:41:47.816 I/CoreService( 1721): notifyClosing notify tab closed taskPackageName:com.integreight.onesheeld
08-31 14:41:48.313 D/FirebaseApp( 2890): com.google.firebase.auth.FirebaseAuth is not linked. Skipping initialization.
08-31 14:41:48.331 W/InstanceID/Rpc( 2890): Failed to resolve REGISTER intent, falling back
08-31 14:41:48.332 W/InstanceID/Rpc( 2890): Both Google Play Services and legacy GSF package are missing
08-31 14:41:48.334 D/FirebaseApp( 2890): com.google.firebase.crash.FirebaseCrash is not linked. Skipping initialization.
08-31 14:41:48.375 I/FA      ( 2890): App measurement is starting up, version: 10084
08-31 14:41:48.375 I/FA      ( 2890): To enable debug logging run: adb shell setprop log.tag.FA VERBOSE
08-31 14:41:48.395 I/FA      ( 2890): To enable faster debug mode event logging run:
08-31 14:41:48.395 I/FA      ( 2890):   adb shell setprop debug.firebase.analytics.app com.integreight.onesheeld
08-31 14:41:48.447 I/FirebaseInitProvider( 2890): FirebaseApp initialization successful
08-31 14:41:48.610 I/CrashlyticsCore( 2890): Initializing Crashlytics 2.3.17.dev
08-31 14:41:48.625 W/GooglePlayServicesUtil( 2890): Google Play Store is missing.
08-31 14:41:48.669 D/NetworkSecurityConfig( 2890): No Network Security Config specified, using platform default
08-31 14:41:48.831 E/Fabric  ( 2890): Settings request failed.
08-31 14:41:48.832 E/Answers ( 2890): Failed to retrieve settings
08-31 14:41:48.834 W/CrashlyticsCore( 2890): Received null settings, skipping report submission!
08-31 14:41:48.924 W/ContextImpl( 1721): Calling a method in the system process without a qualified user: android.app.ContextImpl.startService:1358 android.content.ContextWrapper.startService:613 android.content.ContextWrapper.startService:613 com.android.coreservice.CoreBroadcastReceiver.onReceive:53 android.app.ActivityThread.handleReceiver:3073 
08-31 14:41:48.962 I/HostConnection( 2890): HostConnection::HostConnection: pid=2890, tid=2924, this=0xea59fa80
08-31 14:41:48.966 I/        ( 2890): fastpipe: Connect success
08-31 14:41:48.967 D/HostConnection( 2890): HostRPC::connect sucess: app=com.integreight.onesheeld, pid=2890, tid=2924, this=0xd57b3700
08-31 14:41:48.970 D/HostConnection( 2890): queryAndSetGLESMaxVersion select gles-version: 3.1 hostGLVersion:46 process:com.integreight.onesheeld
08-31 14:41:48.973 I/        ( 2890): fastpipe: Connect success
08-31 14:41:48.974 D/HostConnection( 2890): recv ProcessPuidReply name=com.integreight.onesheeld puid=17 g_u64CapsFlag=1d
08-31 14:41:48.976 I/OpenGLRenderer( 2890): Initialized EGL, version 1.4
08-31 14:41:48.976 D/OpenGLRenderer( 2890): Swap behavior 1
08-31 14:41:48.976 I/EGL_adreno( 2890): eglCreateContext request GLES major-version=2
08-31 14:41:49.032 D/EGL_adreno( 2890): eglCreateContext: 0xebc85900: maj 3 min 1 rcv 4
08-31 14:41:49.148 D/EGL_adreno( 2890): eglMakeCurrent: 0xebc85900: ver 3 1 (tinfo 0xebc83370)
08-31 14:41:49.165 D/HostConnection( 2890): ExtendedRCEncoderContext GL_VERSION return OpenGL ES 3.1
08-31 14:41:49.181 I/FA      ( 2890): This instance being marked as an uploader
08-31 14:41:49.187 E/EGL_adreno( 2890): tid 2924: eglSurfaceAttrib(1338): error 0x3009 (EGL_BAD_MATCH)
08-31 14:41:49.187 W/OpenGLRenderer( 2890): Failed to set EGL_SWAP_BEHAVIOR on surface 0xebce4cc0, error=EGL_BAD_MATCH
08-31 14:41:49.194 D/EGL_adreno( 2890): eglMakeCurrent: 0xebc85900: ver 3 1 (tinfo 0xebc83370)
08-31 14:41:49.406 I/ActivityManager( 1283): Displayed com.integreight.onesheeld/.plugin.condition.ConditionActivity: +2m49s564ms (total +1s711ms)
08-31 14:41:49.409 V/AsyncHttpRH( 2890): Progress 38 from 38 (100%)
08-31 14:41:49.414 W/ContextImpl( 1721): Calling a method in the system process without a qualified user: android.app.ContextImpl.startService:1358 android.content.ContextWrapper.startService:613 android.content.ContextWrapper.startService:613 com.android.coreservice.CoreBroadcastReceiver.onReceive:69 android.app.ActivityThread.handleReceiver:3073 
08-31 14:41:49.669 W/ContextImpl( 1721): Calling a method in the system process without a qualified user: android.app.ContextImpl.startService:1358 android.content.ContextWrapper.startService:613 android.content.ContextWrapper.startService:613 com.android.coreservice.CoreBroadcastReceiver.onReceive:44 android.app.ActivityThread.handleReceiver:3073 
08-31 14:41:49.694 I/GAv4    ( 2890): Google Analytics 10.0.84 is starting up. To enable debug logging on a device run:
08-31 14:41:49.694 I/GAv4    ( 2890):   adb shell setprop log.tag.GAv4 DEBUG
08-31 14:41:49.694 I/GAv4    ( 2890):   adb logcat -s GAv4
08-31 14:41:49.727 W/GAv4    ( 2890): AnalyticsReceiver is not registered or is disabled. Register the receiver for reliable dispatching on non-Google Play devices. See http://goo.gl/8Rd3yj for instructions.
08-31 14:41:49.738 W/ContextImpl( 1721): Calling a method in the system process without a qualified user: android.app.ContextImpl.startService:1358 android.content.ContextWrapper.startService:613 android.content.ContextWrapper.startService:613 com.android.coreservice.CoreBroadcastReceiver.onReceive:53 android.app.ActivityThread.handleReceiver:3073 
