08-31 21:09:02.726 W/System.err( 1935): 	at android.os.Handler.dispatchMessage(Handler.java:95)
08-31 21:09:02.726 W/System.err( 1935): 	at android.os.Looper.loop(Looper.java:154)
08-31 21:09:02.727 W/System.err( 1935): 	at android.app.ActivityThread.main(ActivityThread.java:6190)
08-31 21:09:02.727 W/System.err( 1935): 	at java.lang.reflect.Method.invoke(Native Method)
08-31 21:09:02.727 W/System.err( 1935): 	at com.android.internal.os.ZygoteInit$MethodAndArgsCaller.run(ZygoteInit.java:892)
08-31 21:09:02.727 W/System.err( 1935): 	at com.android.internal.os.ZygoteInit.main(ZygoteInit.java:782)
08-31 21:09:02.728 I/ActivityManager( 1281): START u0 {cmp=com.fsck.k9/.activity.ManageIdentities (has extras)} from uid 10064 on display 0
08-31 21:09:02.728 W/ActivityManager( 1281): Permission Denial: starting Intent { cmp=com.fsck.k9/.activity.ManageIdentities (has extras) } from ProcessRecord{bda5613 1935:com.android.intentfuzzer/u0a64} (pid=1935, uid=10064) not exported from uid 10041
08-31 21:09:02.729 W/System.err( 1935): java.lang.Exception: Toast callstack! strTip=Send Intent Failed!
08-31 21:09:02.730 W/System.err( 1935): 	at android.widget.Toast.show(Toast.java:130)
08-31 21:09:02.730 W/System.err( 1935): 	at com.android.intentfuzzer.FuzzerActivity$4.onClick(FuzzerActivity.java:186)
08-31 21:09:02.730 W/System.err( 1935): 	at android.view.View.performClick(View.java:5637)
08-31 21:09:02.730 W/System.err( 1935): 	at android.view.View$PerformClick.run(View.java:22429)
08-31 21:09:02.730 W/System.err( 1935): 	at android.os.Handler.handleCallback(Handler.java:751)
08-31 21:09:02.730 W/System.err( 1935): 	at android.os.Handler.dispatchMessage(Handler.java:95)
08-31 21:09:02.730 W/System.err( 1935): 	at android.os.Looper.loop(Looper.java:154)
08-31 21:09:02.730 W/System.err( 1935): 	at android.app.ActivityThread.main(ActivityThread.java:6190)
08-31 21:09:02.730 W/System.err( 1935): 	at java.lang.reflect.Method.invoke(Native Method)
08-31 21:09:02.730 W/System.err( 1935): 	at com.android.internal.os.ZygoteInit$MethodAndArgsCaller.run(ZygoteInit.java:892)
08-31 21:09:02.730 W/System.err( 1935): 	at com.android.internal.os.ZygoteInit.main(ZygoteInit.java:782)
08-31 21:09:02.732 I/ActivityManager( 1281): START u0 {cmp=com.fsck.k9/.activity.EditIdentity (has extras)} from uid 10064 on display 0
08-31 21:09:02.732 W/ActivityManager( 1281): Permission Denial: starting Intent { cmp=com.fsck.k9/.activity.EditIdentity (has extras) } from ProcessRecord{bda5613 1935:com.android.intentfuzzer/u0a64} (pid=1935, uid=10064) not exported from uid 10041
08-31 21:09:02.733 W/System.err( 1935): java.lang.Exception: Toast callstack! strTip=Send Intent Failed!
08-31 21:09:02.733 W/System.err( 1935): 	at android.widget.Toast.show(Toast.java:130)
08-31 21:09:02.733 W/System.err( 1935): 	at com.android.intentfuzzer.FuzzerActivity$4.onClick(FuzzerActivity.java:186)
08-31 21:09:02.734 W/System.err( 1935): 	at android.view.View.performClick(View.java:5637)
08-31 21:09:02.734 W/System.err( 1935): 	at android.view.View$PerformClick.run(View.java:22429)
08-31 21:09:02.734 W/System.err( 1935): 	at android.os.Handler.handleCallback(Handler.java:751)
08-31 21:09:02.734 W/System.err( 1935): 	at android.os.Handler.dispatchMessage(Handler.java:95)
08-31 21:09:02.734 W/System.err( 1935): 	at android.os.Looper.loop(Looper.java:154)
08-31 21:09:02.734 W/System.err( 1935): 	at android.app.ActivityThread.main(ActivityThread.java:6190)
08-31 21:09:02.734 W/System.err( 1935): 	at java.lang.reflect.Method.invoke(Native Method)
08-31 21:09:02.734 W/System.err( 1935): 	at com.android.internal.os.ZygoteInit$MethodAndArgsCaller.run(ZygoteInit.java:892)
08-31 21:09:02.734 W/System.err( 1935): 	at com.android.internal.os.ZygoteInit.main(ZygoteInit.java:782)
08-31 21:09:02.735 I/ActivityManager( 1281): START u0 {cmp=com.fsck.k9/.activity.NotificationDeleteConfirmation (has extras)} from uid 10064 on display 0
08-31 21:09:02.736 W/ActivityManager( 1281): Permission Denial: starting Intent { cmp=com.fsck.k9/.activity.NotificationDeleteConfirmation (has extras) } from ProcessRecord{bda5613 1935:com.android.intentfuzzer/u0a64} (pid=1935, uid=10064) not exported from uid 10041
08-31 21:09:02.737 W/System.err( 1935): java.lang.Exception: Toast callstack! strTip=Send Intent Failed!
08-31 21:09:02.737 W/System.err( 1935): 	at android.widget.Toast.show(Toast.java:130)
08-31 21:09:02.737 W/System.err( 1935): 	at com.android.intentfuzzer.FuzzerActivity$4.onClick(FuzzerActivity.java:186)
08-31 21:09:02.737 W/System.err( 1935): 	at android.view.View.performClick(View.java:5637)
08-31 21:09:02.737 W/System.err( 1935): 	at android.view.View$PerformClick.run(View.java:22429)
08-31 21:09:02.737 W/System.err( 1935): 	at android.os.Handler.handleCallback(Handler.java:751)
08-31 21:09:02.737 W/System.err( 1935): 	at android.os.Handler.dispatchMessage(Handler.java:95)
08-31 21:09:02.737 W/System.err( 1935): 	at android.os.Looper.loop(Looper.java:154)
08-31 21:09:02.737 W/System.err( 1935): 	at android.app.ActivityThread.main(ActivityThread.java:6190)
08-31 21:09:02.737 W/System.err( 1935): 	at java.lang.reflect.Method.invoke(Native Method)
08-31 21:09:02.737 W/System.err( 1935): 	at com.android.internal.os.ZygoteInit$MethodAndArgsCaller.run(ZygoteInit.java:892)
08-31 21:09:02.737 W/System.err( 1935): 	at com.android.internal.os.ZygoteInit.main(ZygoteInit.java:782)
08-31 21:09:02.740 I/ActivityManager( 1281): START u0 {cmp=com.fsck.k9/.activity.setup.AccountSetupCheckSettings (has extras)} from uid 10064 on display 0
08-31 21:09:02.740 W/ActivityManager( 1281): Permission Denial: starting Intent { cmp=com.fsck.k9/.activity.setup.AccountSetupCheckSettings (has extras) } from ProcessRecord{bda5613 1935:com.android.intentfuzzer/u0a64} (pid=1935, uid=10064) not exported from uid 10041
08-31 21:09:02.741 W/System.err( 1935): java.lang.Exception: Toast callstack! strTip=Send Intent Failed!
08-31 21:09:02.741 W/System.err( 1935): 	at android.widget.Toast.show(Toast.java:130)
08-31 21:09:02.741 W/System.err( 1935): 	at com.android.intentfuzzer.FuzzerActivity$4.onClick(FuzzerActivity.java:186)
08-31 21:09:02.741 W/System.err( 1935): 	at android.view.View.performClick(View.java:5637)
08-31 21:09:02.741 W/System.err( 1935): 	at android.view.View$PerformClick.run(View.java:22429)
08-31 21:09:02.741 W/System.err( 1935): 	at android.os.Handler.handleCallback(Handler.java:751)
08-31 21:09:02.741 W/System.err( 1935): 	at android.os.Handler.dispatchMessage(Handler.java:95)
08-31 21:09:02.741 W/System.err( 1935): 	at android.os.Looper.loop(Looper.java:154)
08-31 21:09:02.741 W/System.err( 1935): 	at android.app.ActivityThread.main(ActivityThread.java:6190)
08-31 21:09:02.741 W/System.err( 1935): 	at java.lang.reflect.Method.invoke(Native Method)
08-31 21:09:02.741 W/System.err( 1935): 	at com.android.internal.os.ZygoteInit$MethodAndArgsCaller.run(ZygoteInit.java:892)
08-31 21:09:02.742 W/System.err( 1935): 	at com.android.internal.os.ZygoteInit.main(ZygoteInit.java:782)
08-31 21:09:02.742 I/ActivityManager( 1281): START u0 {cmp=com.fsck.k9/.activity.setup.AccountSettings (has extras)} from uid 10064 on display 0
08-31 21:09:02.742 W/ActivityManager( 1281): Permission Denial: starting Intent { cmp=com.fsck.k9/.activity.setup.AccountSettings (has extras) } from ProcessRecord{bda5613 1935:com.android.intentfuzzer/u0a64} (pid=1935, uid=10064) not exported from uid 10041
08-31 21:09:02.743 W/System.err( 1935): java.lang.Exception: Toast callstack! strTip=Send Intent Failed!
08-31 21:09:02.743 W/System.err( 1935): 	at android.widget.Toast.show(Toast.java:130)
08-31 21:09:02.743 W/System.err( 1935): 	at com.android.intentfuzzer.FuzzerActivity$4.onClick(FuzzerActivity.java:186)
08-31 21:09:02.743 W/System.err( 1935): 	at android.view.View.performClick(View.java:5637)
08-31 21:09:02.743 W/System.err( 1935): 	at android.view.View$PerformClick.run(View.java:22429)
08-31 21:09:02.743 W/System.err( 1935): 	at android.os.Handler.handleCallback(Handler.java:751)
08-31 21:09:02.743 W/System.err( 1935): 	at android.os.Handler.dispatchMessage(Handler.java:95)
08-31 21:09:02.743 W/System.err( 1935): 	at android.os.Looper.loop(Looper.java:154)
08-31 21:09:02.743 W/System.err( 1935): 	at android.app.ActivityThread.main(ActivityThread.java:6190)
08-31 21:09:02.743 W/System.err( 1935): 	at java.lang.reflect.Method.invoke(Native Method)
08-31 21:09:02.743 W/System.err( 1935): 	at com.android.internal.os.ZygoteInit$MethodAndArgsCaller.run(ZygoteInit.java:892)
08-31 21:09:02.743 W/System.err( 1935): 	at com.android.internal.os.ZygoteInit.main(ZygoteInit.java:782)
08-31 21:09:02.745 I/ActivityManager( 1281): START u0 {cmp=com.fsck.k9/.activity.setup.FolderSettings (has extras)} from uid 10064 on display 0
08-31 21:09:02.745 W/ActivityManager( 1281): Permission Denial: starting Intent { cmp=com.fsck.k9/.activity.setup.FolderSettings (has extras) } from ProcessRecord{bda5613 1935:com.android.intentfuzzer/u0a64} (pid=1935, uid=10064) not exported from uid 10041
08-31 21:09:02.747 W/System.err( 1935): java.lang.Exception: Toast callstack! strTip=Send Intent Failed!
08-31 21:09:02.747 W/System.err( 1935): 	at android.widget.Toast.show(Toast.java:130)
08-31 21:09:02.747 W/System.err( 1935): 	at com.android.intentfuzzer.FuzzerActivity$4.onClick(FuzzerActivity.java:186)
08-31 21:09:02.747 W/System.err( 1935): 	at android.view.View.performClick(View.java:5637)
08-31 21:09:02.747 W/System.err( 1935): 	at android.view.View$PerformClick.run(View.java:22429)
08-31 21:09:02.747 W/System.err( 1935): 	at android.os.Handler.handleCallback(Handler.java:751)
08-31 21:09:02.747 W/System.err( 1935): 	at android.os.Handler.dispatchMessage(Handler.java:95)
08-31 21:09:02.747 W/System.err( 1935): 	at android.os.Looper.loop(Looper.java:154)
08-31 21:09:02.747 W/System.err( 1935): 	at android.app.ActivityThread.main(ActivityThread.java:6190)
08-31 21:09:02.747 W/System.err( 1935): 	at java.lang.reflect.Method.invoke(Native Method)
08-31 21:09:02.747 W/System.err( 1935): 	at com.android.internal.os.ZygoteInit$MethodAndArgsCaller.run(ZygoteInit.java:892)
08-31 21:09:02.747 W/System.err( 1935): 	at com.android.internal.os.ZygoteInit.main(ZygoteInit.java:782)
08-31 21:09:02.748 I/ActivityManager( 1281): START u0 {cmp=com.fsck.k9/.activity.FolderList (has extras)} from uid 10064 on display 0
08-31 21:09:02.751 W/ContextImpl( 1676): Calling a method in the system process without a qualified user: android.app.ContextImpl.startService:1358 android.content.ContextWrapper.startService:613 android.content.ContextWrapper.startService:613 com.android.coreservice.CoreBroadcastReceiver.onReceive:44 android.app.ActivityThread.handleReceiver:3073 
08-31 21:09:02.751 W/System.err( 1935): java.lang.Exception: Toast callstack! strTip=Sent Serializeable Intent { cmp=com.fsck.k9/.activity.FolderList (has extras) }
08-31 21:09:02.751 W/System.err( 1935): 	at android.widget.Toast.show(Toast.java:130)
08-31 21:09:02.751 W/System.err( 1935): 	at com.android.intentfuzzer.FuzzerActivity$4.onClick(FuzzerActivity.java:184)
08-31 21:09:02.751 W/System.err( 1935): 	at android.view.View.performClick(View.java:5637)
08-31 21:09:02.751 W/System.err( 1935): 	at android.view.View$PerformClick.run(View.java:22429)
08-31 21:09:02.751 W/System.err( 1935): 	at android.os.Handler.handleCallback(Handler.java:751)
08-31 21:09:02.751 W/System.err( 1935): 	at android.os.Handler.dispatchMessage(Handler.java:95)
08-31 21:09:02.751 W/System.err( 1935): 	at android.os.Looper.loop(Looper.java:154)
08-31 21:09:02.751 W/System.err( 1935): 	at android.app.ActivityThread.main(ActivityThread.java:6190)
08-31 21:09:02.752 W/System.err( 1935): 	at java.lang.reflect.Method.invoke(Native Method)
08-31 21:09:02.752 W/System.err( 1935): 	at com.android.internal.os.ZygoteInit$MethodAndArgsCaller.run(ZygoteInit.java:892)
08-31 21:09:02.752 W/System.err( 1935): 	at com.android.internal.os.ZygoteInit.main(ZygoteInit.java:782)
08-31 21:09:02.755 I/ActivityManager( 1281): START u0 {cmp=com.fsck.k9/.activity.MessageList (has extras)} from uid 10064 on display 0
08-31 21:09:02.760 W/ContextImpl( 1676): Calling a method in the system process without a qualified user: android.app.ContextImpl.startService:1358 android.content.ContextWrapper.startService:613 android.content.ContextWrapper.startService:613 com.android.coreservice.CoreBroadcastReceiver.onReceive:44 android.app.ActivityThread.handleReceiver:3073 
08-31 21:09:02.761 W/System.err( 1935): java.lang.Exception: Toast callstack! strTip=Sent Serializeable Intent { cmp=com.fsck.k9/.activity.MessageList (has extras) }
08-31 21:09:02.761 W/System.err( 1935): 	at android.widget.Toast.show(Toast.java:130)
08-31 21:09:02.761 W/System.err( 1935): 	at com.android.intentfuzzer.FuzzerActivity$4.onClick(FuzzerActivity.java:184)
08-31 21:09:02.761 W/System.err( 1935): 	at android.view.View.performClick(View.java:5637)
08-31 21:09:02.761 W/System.err( 1935): 	at android.view.View$PerformClick.run(View.java:22429)
08-31 21:09:02.761 W/System.err( 1935): 	at android.os.Handler.handleCallback(Handler.java:751)
08-31 21:09:02.761 W/System.err( 1935): 	at android.os.Handler.dispatchMessage(Handler.java:95)
08-31 21:09:02.761 W/System.err( 1935): 	at android.os.Looper.loop(Looper.java:154)
08-31 21:09:02.761 W/System.err( 1935): 	at android.app.ActivityThread.main(ActivityThread.java:6190)
08-31 21:09:02.761 W/System.err( 1935): 	at java.lang.reflect.Method.invoke(Native Method)
08-31 21:09:02.761 W/System.err( 1935): 	at com.android.internal.os.ZygoteInit$MethodAndArgsCaller.run(ZygoteInit.java:892)
08-31 21:09:02.761 W/System.err( 1935): 	at com.android.internal.os.ZygoteInit.main(ZygoteInit.java:782)
08-31 21:09:02.762 I/ActivityManager( 1281): START u0 {cmp=com.fsck.k9/.activity.MessageCompose (has extras)} from uid 10064 on display 0
08-31 21:09:02.763 W/System.err( 1935): java.lang.Exception: Toast callstack! strTip=Send Intent Failed!
08-31 21:09:02.763 W/System.err( 1935): 	at android.widget.Toast.show(Toast.java:130)
08-31 21:09:02.763 W/System.err( 1935): 	at com.android.intentfuzzer.FuzzerActivity$4.onClick(FuzzerActivity.java:186)
08-31 21:09:02.763 W/System.err( 1935): 	at android.view.View.performClick(View.java:5637)
08-31 21:09:02.763 W/System.err( 1935): 	at android.view.View$PerformClick.run(View.java:22429)
08-31 21:09:02.763 W/System.err( 1935): 	at android.os.Handler.handleCallback(Handler.java:751)
08-31 21:09:02.763 W/System.err( 1935): 	at android.os.Handler.dispatchMessage(Handler.java:95)
08-31 21:09:02.763 W/System.err( 1935): 	at android.os.Looper.loop(Looper.java:154)
08-31 21:09:02.763 W/System.err( 1935): 	at android.app.ActivityThread.main(ActivityThread.java:6190)
08-31 21:09:02.763 W/System.err( 1935): 	at java.lang.reflect.Method.invoke(Native Method)
08-31 21:09:02.763 W/System.err( 1935): 	at com.android.internal.os.ZygoteInit$MethodAndArgsCaller.run(ZygoteInit.java:892)
08-31 21:09:02.763 W/System.err( 1935): 	at com.android.internal.os.ZygoteInit.main(ZygoteInit.java:782)
08-31 21:09:02.765 I/ActivityManager( 1281): START u0 {cmp=com.fsck.k9/.activity.Search (has extras)} from uid 10064 on display 0
08-31 21:09:02.772 W/System.err( 1935): java.lang.Exception: Toast callstack! strTip=Sent Serializeable Intent { cmp=com.fsck.k9/.activity.Search (has extras) }
08-31 21:09:02.772 W/System.err( 1935): 	at android.widget.Toast.show(Toast.java:130)
08-31 21:09:02.772 W/System.err( 1935): 	at com.android.intentfuzzer.FuzzerActivity$4.onClick(FuzzerActivity.java:184)
08-31 21:09:02.772 W/System.err( 1935): 	at android.view.View.performClick(View.java:5637)
08-31 21:09:02.772 W/System.err( 1935): 	at android.view.View$PerformClick.run(View.java:22429)
08-31 21:09:02.772 W/System.err( 1935): 	at android.os.Handler.handleCallback(Handler.java:751)
08-31 21:09:02.772 W/System.err( 1935): 	at android.os.Handler.dispatchMessage(Handler.java:95)
08-31 21:09:02.772 W/System.err( 1935): 	at android.os.Looper.loop(Looper.java:154)
08-31 21:09:02.772 W/System.err( 1935): 	at android.app.ActivityThread.main(ActivityThread.java:6190)
08-31 21:09:02.772 W/System.err( 1935): 	at java.lang.reflect.Method.invoke(Native Method)
08-31 21:09:02.772 W/System.err( 1935): 	at com.android.internal.os.ZygoteInit$MethodAndArgsCaller.run(ZygoteInit.java:892)
08-31 21:09:02.772 W/System.err( 1935): 	at com.android.internal.os.ZygoteInit.main(ZygoteInit.java:782)
08-31 21:09:02.774 W/ContextImpl( 1676): Calling a method in the system process without a qualified user: android.app.ContextImpl.startService:1358 android.content.ContextWrapper.startService:613 android.content.ContextWrapper.startService:613 com.android.coreservice.CoreBroadcastReceiver.onReceive:44 android.app.ActivityThread.handleReceiver:3073 
08-31 21:09:02.775 I/ActivityManager( 1281): START u0 {cmp=com.fsck.k9/.activity.LauncherShortcuts (has extras)} from uid 10064 on display 0
08-31 21:09:02.780 W/System.err( 1935): java.lang.Exception: Toast callstack! strTip=Sent Serializeable Intent { cmp=com.fsck.k9/.activity.LauncherShortcuts (has extras) }
08-31 21:09:02.781 W/System.err( 1935): 	at android.widget.Toast.show(Toast.java:130)
08-31 21:09:02.781 W/System.err( 1935): 	at com.android.intentfuzzer.FuzzerActivity$4.onClick(FuzzerActivity.java:184)
08-31 21:09:02.781 W/System.err( 1935): 	at android.view.View.performClick(View.java:5637)
08-31 21:09:02.781 W/System.err( 1935): 	at android.view.View$PerformClick.run(View.java:22429)
08-31 21:09:02.781 W/System.err( 1935): 	at android.os.Handler.handleCallback(Handler.java:751)
08-31 21:09:02.781 W/System.err( 1935): 	at android.os.Handler.dispatchMessage(Handler.java:95)
08-31 21:09:02.781 W/System.err( 1935): 	at android.os.Looper.loop(Looper.java:154)
08-31 21:09:02.781 W/System.err( 1935): 	at android.app.ActivityThread.main(ActivityThread.java:6190)
08-31 21:09:02.781 W/System.err( 1935): 	at java.lang.reflect.Method.invoke(Native Method)
08-31 21:09:02.781 W/System.err( 1935): 	at com.android.internal.os.ZygoteInit$MethodAndArgsCaller.run(ZygoteInit.java:892)
08-31 21:09:02.781 W/System.err( 1935): 	at com.android.internal.os.ZygoteInit.main(ZygoteInit.java:782)
08-31 21:09:02.783 I/ActivityManager( 1281): START u0 {cmp=com.fsck.k9/.activity.EmailAddressList (has extras)} from uid 10064 on display 0
08-31 21:09:02.783 W/ActivityManager( 1281): Permission Denial: starting Intent { cmp=com.fsck.k9/.activity.EmailAddressList (has extras) } from ProcessRecord{bda5613 1935:com.android.intentfuzzer/u0a64} (pid=1935, uid=10064) not exported from uid 10041
08-31 21:09:02.785 W/System.err( 1935): java.lang.Exception: Toast callstack! strTip=Send Intent Failed!
08-31 21:09:02.786 W/System.err( 1935): 	at android.widget.Toast.show(Toast.java:130)
08-31 21:09:02.786 W/System.err( 1935): 	at com.android.intentfuzzer.FuzzerActivity$4.onClick(FuzzerActivity.java:186)
08-31 21:09:02.786 W/System.err( 1935): 	at android.view.View.performClick(View.java:5637)
08-31 21:09:02.786 W/System.err( 1935): 	at android.view.View$PerformClick.run(View.java:22429)
08-31 21:09:02.786 W/System.err( 1935): 	at android.os.Handler.handleCallback(Handler.java:751)
08-31 21:09:02.786 W/System.err( 1935): 	at android.os.Handler.dispatchMessage(Handler.java:95)
08-31 21:09:02.786 W/System.err( 1935): 	at android.os.Looper.loop(Looper.java:154)
08-31 21:09:02.786 W/System.err( 1935): 	at android.app.ActivityThread.main(ActivityThread.java:6190)
08-31 21:09:02.786 W/System.err( 1935): 	at java.lang.reflect.Method.invoke(Native Method)
08-31 21:09:02.786 W/System.err( 1935): 	at com.android.internal.os.ZygoteInit$MethodAndArgsCaller.run(ZygoteInit.java:892)
08-31 21:09:02.786 W/System.err( 1935): 	at com.android.internal.os.ZygoteInit.main(ZygoteInit.java:782)
08-31 21:09:02.787 W/ContextImpl( 1676): Calling a method in the system process without a qualified user: android.app.ContextImpl.startService:1358 android.content.ContextWrapper.startService:613 android.content.ContextWrapper.startService:613 com.android.coreservice.CoreBroadcastReceiver.onReceive:44 android.app.ActivityThread.handleReceiver:3073 
08-31 21:09:02.788 I/ActivityManager( 1281): START u0 {cmp=com.fsck.k9/.activity.UnreadWidgetConfiguration (has extras)} from uid 10064 on display 0
08-31 21:09:02.795 W/System.err( 1935): java.lang.Exception: Toast callstack! strTip=Sent Serializeable Intent { cmp=com.fsck.k9/.activity.UnreadWidgetConfiguration (has extras) }
08-31 21:09:02.795 W/System.err( 1935): 	at android.widget.Toast.show(Toast.java:130)
08-31 21:09:02.795 W/System.err( 1935): 	at com.android.intentfuzzer.FuzzerActivity$4.onClick(FuzzerActivity.java:184)
08-31 21:09:02.795 W/System.err( 1935): 	at android.view.View.performClick(View.java:5637)
08-31 21:09:02.795 W/System.err( 1935): 	at android.view.View$PerformClick.run(View.java:22429)
08-31 21:09:02.795 W/System.err( 1935): 	at android.os.Handler.handleCallback(Handler.java:751)
08-31 21:09:02.795 W/System.err( 1935): 	at android.os.Handler.dispatchMessage(Handler.java:95)
08-31 21:09:02.795 W/System.err( 1935): 	at android.os.Looper.loop(Looper.java:154)
08-31 21:09:02.795 W/System.err( 1935): 	at android.app.ActivityThread.main(ActivityThread.java:6190)
08-31 21:09:02.795 W/System.err( 1935): 	at java.lang.reflect.Method.invoke(Native Method)
08-31 21:09:02.795 W/System.err( 1935): 	at com.android.internal.os.ZygoteInit$MethodAndArgsCaller.run(ZygoteInit.java:892)
08-31 21:09:02.795 W/System.err( 1935): 	at com.android.internal.os.ZygoteInit.main(ZygoteInit.java:782)
08-31 21:09:02.797 I/ActivityManager( 1281): START u0 {cmp=com.fsck.k9/.activity.UpgradeDatabases (has extras)} from uid 10064 on display 0
08-31 21:09:02.797 W/ActivityManager( 1281): Permission Denial: starting Intent { cmp=com.fsck.k9/.activity.UpgradeDatabases (has extras) } from ProcessRecord{bda5613 1935:com.android.intentfuzzer/u0a64} (pid=1935, uid=10064) not exported from uid 10041
08-31 21:09:02.797 W/ContextImpl( 1676): Calling a method in the system process without a qualified user: android.app.ContextImpl.startService:1358 android.content.ContextWrapper.startService:613 android.content.ContextWrapper.startService:613 com.android.coreservice.CoreBroadcastReceiver.onReceive:44 android.app.ActivityThread.handleReceiver:3073 
08-31 21:09:02.800 W/System.err( 1935): java.lang.Exception: Toast callstack! strTip=Send Intent Failed!
08-31 21:09:02.801 W/System.err( 1935): 	at android.widget.Toast.show(Toast.java:130)
08-31 21:09:02.801 W/System.err( 1935): 	at com.android.intentfuzzer.FuzzerActivity$4.onClick(FuzzerActivity.java:186)
08-31 21:09:02.801 W/System.err( 1935): 	at android.view.View.performClick(View.java:5637)
08-31 21:09:02.801 W/System.err( 1935): 	at android.view.View$PerformClick.run(View.java:22429)
08-31 21:09:02.801 W/System.err( 1935): 	at android.os.Handler.handleCallback(Handler.java:751)
08-31 21:09:02.801 W/System.err( 1935): 	at android.os.Handler.dispatchMessage(Handler.java:95)
08-31 21:09:02.801 W/System.err( 1935): 	at android.os.Looper.loop(Looper.java:154)
08-31 21:09:02.801 W/System.err( 1935): 	at android.app.ActivityThread.main(ActivityThread.java:6190)
08-31 21:09:02.801 W/System.err( 1935): 	at java.lang.reflect.Method.invoke(Native Method)
08-31 21:09:02.801 W/System.err( 1935): 	at com.android.internal.os.ZygoteInit$MethodAndArgsCaller.run(ZygoteInit.java:892)
08-31 21:09:02.801 W/System.err( 1935): 	at com.android.internal.os.ZygoteInit.main(ZygoteInit.java:782)
08-31 21:09:02.817 I/ActivityManager( 1281): Start proc 2742:com.fsck.k9/u0a41 for activity com.fsck.k9/.activity.UnreadWidgetConfiguration
08-31 21:09:02.829 D/libnativebridge( 2742): call UnloadNativeBridge! state=1
08-31 21:09:02.873 E/EGL_adreno( 1935): tid 1952: eglSurfaceAttrib(1338): error 0x3009 (EGL_BAD_MATCH)
08-31 21:09:02.873 W/OpenGLRenderer( 1935): Failed to set EGL_SWAP_BEHAVIOR on surface 0x7fffeb5c9a00, error=EGL_BAD_MATCH
08-31 21:09:02.878 D/EGL_adreno( 1935): eglMakeCurrent: 0x7fffeb454c20: ver 3 1 (tinfo 0x7fffeb40d8a0)
08-31 21:09:02.879 W/ContextImpl( 1676): Calling a method in the system process without a qualified user: android.app.ContextImpl.startService:1358 android.content.ContextWrapper.startService:613 android.content.ContextWrapper.startService:613 com.android.coreservice.CoreBroadcastReceiver.onReceive:53 android.app.ActivityThread.handleReceiver:3073 
08-31 21:09:02.941 D/TaskPersister( 1281): getImageFromWriteQueue return null! filePath=/data/system_ce/0/recent_images/16_task_thumbnail.png
08-31 21:09:03.232 D/AndroidRuntime( 2742): Shutting down VM
08-31 21:09:03.267 E/AndroidRuntime( 2742): FATAL EXCEPTION: main
08-31 21:09:03.267 E/AndroidRuntime( 2742): Process: com.fsck.k9, PID: 2742
08-31 21:09:03.267 E/AndroidRuntime( 2742): java.lang.RuntimeException: Unable to start activity ComponentInfo{com.fsck.k9/com.fsck.k9.activity.UnreadWidgetConfiguration}: java.lang.RuntimeException: Parcelable encountered ClassNotFoundException reading a Serializable object (name = com.android.intentfuzzer.util.SerializableTest)
08-31 21:09:03.267 E/AndroidRuntime( 2742): 	at android.app.ActivityThread.performLaunchActivity(ActivityThread.java:2698)
08-31 21:09:03.267 E/AndroidRuntime( 2742): 	at android.app.ActivityThread.handleLaunchActivity(ActivityThread.java:2759)
08-31 21:09:03.267 E/AndroidRuntime( 2742): 	at android.app.ActivityThread.-wrap12(ActivityThread.java)
08-31 21:09:03.267 E/AndroidRuntime( 2742): 	at android.app.ActivityThread$H.handleMessage(ActivityThread.java:1482)
08-31 21:09:03.267 E/AndroidRuntime( 2742): 	at android.os.Handler.dispatchMessage(Handler.java:102)
08-31 21:09:03.267 E/AndroidRuntime( 2742): 	at android.os.Looper.loop(Looper.java:154)
08-31 21:09:03.267 E/AndroidRuntime( 2742): 	at android.app.ActivityThread.main(ActivityThread.java:6190)
08-31 21:09:03.267 E/AndroidRuntime( 2742): 	at java.lang.reflect.Method.invoke(Native Method)
08-31 21:09:03.267 E/AndroidRuntime( 2742): 	at com.android.internal.os.ZygoteInit$MethodAndArgsCaller.run(ZygoteInit.java:892)
08-31 21:09:03.267 E/AndroidRuntime( 2742): 	at com.android.internal.os.ZygoteInit.main(ZygoteInit.java:782)
08-31 21:09:03.267 E/AndroidRuntime( 2742): Caused by: java.lang.RuntimeException: Parcelable encountered ClassNotFoundException reading a Serializable object (name = com.android.intentfuzzer.util.SerializableTest)
08-31 21:09:03.267 E/AndroidRuntime( 2742): 	at android.os.Parcel.readSerializable(Parcel.java:2630)
08-31 21:09:03.267 E/AndroidRuntime( 2742): 	at android.os.Parcel.readValue(Parcel.java:2416)
08-31 21:09:03.267 E/AndroidRuntime( 2742): 	at android.os.Parcel.readArrayMapInternal(Parcel.java:2732)
08-31 21:09:03.267 E/AndroidRuntime( 2742): 	at android.os.BaseBundle.unparcel(BaseBundle.java:269)
08-31 21:09:03.267 E/AndroidRuntime( 2742): 	at android.os.BaseBundle.getBoolean(BaseBundle.java:731)
08-31 21:09:03.267 E/AndroidRuntime( 2742): 	at android.content.Intent.getBooleanExtra(Intent.java:6110)
08-31 21:09:03.267 E/AndroidRuntime( 2742): 	at android.preference.PreferenceActivity.onIsHidingHeaders(PreferenceActivity.java:743)
08-31 21:09:03.267 E/AndroidRuntime( 2742): 	at android.preference.PreferenceActivity.onCreate(PreferenceActivity.java:561)
08-31 21:09:03.267 E/AndroidRuntime( 2742): 	at com.fsck.k9.activity.K9PreferenceActivity.onCreate(K9PreferenceActivity.java:16)
08-31 21:09:03.267 E/AndroidRuntime( 2742): 	at com.fsck.k9.activity.UnreadWidgetConfiguration.onCreate(UnreadWidgetConfiguration.java:61)
08-31 21:09:03.267 E/AndroidRuntime( 2742): 	at android.app.Activity.performCreate(Activity.java:6701)
08-31 21:09:03.267 E/AndroidRuntime( 2742): 	at android.app.Instrumentation.callActivityOnCreate(Instrumentation.java:1118)
08-31 21:09:03.267 E/AndroidRuntime( 2742): 	at android.app.ActivityThread.performLaunchActivity(ActivityThread.java:2651)
08-31 21:09:03.267 E/AndroidRuntime( 2742): 	... 9 more
08-31 21:09:03.267 E/AndroidRuntime( 2742): Caused by: java.lang.ClassNotFoundException: com.android.intentfuzzer.util.SerializableTest
08-31 21:09:03.267 E/AndroidRuntime( 2742): 	at java.lang.Class.classForName(Native Method)
08-31 21:09:03.267 E/AndroidRuntime( 2742): 	at java.lang.Class.forName(Class.java:400)
08-31 21:09:03.267 E/AndroidRuntime( 2742): 	at android.os.Parcel$2.resolveClass(Parcel.java:2616)
08-31 21:09:03.267 E/AndroidRuntime( 2742): 	at java.io.ObjectInputStream.readNonProxyDesc(ObjectInputStream.java:1613)
08-31 21:09:03.267 E/AndroidRuntime( 2742): 	at java.io.ObjectInputStream.readClassDesc(ObjectInputStream.java:1518)
08-31 21:09:03.267 E/AndroidRuntime( 2742): 	at java.io.ObjectInputStream.readOrdinaryObject(ObjectInputStream.java:1772)
08-31 21:09:03.267 E/AndroidRuntime( 2742): 	at java.io.ObjectInputStream.readObject0(ObjectInputStream.java:1351)
08-31 21:09:03.267 E/AndroidRuntime( 2742): 	at java.io.ObjectInputStream.readObject(ObjectInputStream.java:373)
08-31 21:09:03.267 E/AndroidRuntime( 2742): 	at android.os.Parcel.readSerializable(Parcel.java:2624)
08-31 21:09:03.267 E/AndroidRuntime( 2742): 	... 21 more
08-31 21:09:03.267 E/AndroidRuntime( 2742): Caused by: java.lang.ClassNotFoundException: Didn't find class "com.android.intentfuzzer.util.SerializableTest" on path: DexPathList[[zip file "/data/app/com.fsck.k9-1/base.apk"],nativeLibraryDirectories=[/data/app/com.fsck.k9-1/lib/x86_64, /system/fake-libs64, /data/app/com.fsck.k9-1/base.apk!/lib/x86_64, /system/lib64, /vendor/lib64]]
08-31 21:09:03.267 E/AndroidRuntime( 2742): 	at dalvik.system.BaseDexClassLoader.findClass(BaseDexClassLoader.java:56)
08-31 21:09:03.267 E/AndroidRuntime( 2742): 	at java.lang.ClassLoader.loadClass(ClassLoader.java:380)
08-31 21:09:03.267 E/AndroidRuntime( 2742): 	at java.lang.ClassLoader.loadClass(ClassLoader.java:312)
08-31 21:09:03.267 E/AndroidRuntime( 2742): 	... 30 more
08-31 21:09:03.268 W/ActivityManager( 1281):   Force finishing activity com.fsck.k9/.activity.UnreadWidgetConfiguration
08-31 21:09:03.273 W/System.err( 1281): java.lang.Exception: show AlertDialog! title=K-9 
08-31 21:09:03.273 W/System.err( 1281): 	at android.app.AlertDialog.show(AlertDialog.java:134)
08-31 21:09:03.273 W/System.err( 1281): 	at com.android.server.am.AppErrors.handleShowAppErrorUi(AppErrors.java:719)
08-31 21:09:03.273 W/System.err( 1281): 	at com.android.server.am.ActivityManagerService$UiHandler.handleMessage(ActivityManagerService.java:1637)
08-31 21:09:03.273 W/System.err( 1281): 	at android.os.Handler.dispatchMessage(Handler.java:102)
08-31 21:09:03.273 W/System.err( 1281): 	at android.os.Looper.loop(Looper.java:154)
08-31 21:09:03.273 W/System.err( 1281): 	at android.os.HandlerThread.run(HandlerThread.java:61)
08-31 21:09:03.273 W/System.err( 1281): 	at com.android.server.ServiceThread.run(ServiceThread.java:46)
08-31 21:09:03.311 I/HostConnection( 1281): HostConnection::HostConnection: pid=1281, tid=1989, this=0x7fffcdb9dd60
08-31 21:09:03.313 I/        ( 1281): fastpipe: Connect success
08-31 21:09:03.314 D/HostConnection( 1281): HostRPC::connect sucess: app=system_server, pid=1281, tid=1989, this=0x7fffcb5f2f00
08-31 21:09:03.318 D/HostConnection( 1281): queryAndSetGLESMaxVersion select gles-version: 3.1 hostGLVersion:46 process:system_server
08-31 21:09:03.322 I/OpenGLRenderer( 1281): Initialized EGL, version 1.4
08-31 21:09:03.322 D/OpenGLRenderer( 1281): Swap behavior 1
08-31 21:09:03.323 I/EGL_adreno( 1281): eglCreateContext request GLES major-version=2
08-31 21:09:03.349 D/EGL_adreno( 1281): eglCreateContext: 0x7fffccffacc0: maj 3 min 1 rcv 4
08-31 21:09:03.409 D/EGL_adreno( 1281): eglMakeCurrent: 0x7fffccffacc0: ver 3 1 (tinfo 0x7fffcdb14d40)
08-31 21:09:03.433 E/EGL_adreno( 1281): tid 1989: eglSurfaceAttrib(1338): error 0x3009 (EGL_BAD_MATCH)
08-31 21:09:03.434 W/OpenGLRenderer( 1281): Failed to set EGL_SWAP_BEHAVIOR on surface 0x7fffcdaf2fc0, error=EGL_BAD_MATCH
08-31 21:09:03.437 D/EGL_adreno( 1281): eglMakeCurrent: 0x7fffccffacc0: ver 3 1 (tinfo 0x7fffcdb14d40)
08-31 21:09:03.772 W/ActivityManager( 1281): Activity pause timeout for ActivityRecord{13c1121 u0 com.fsck.k9/.activity.UnreadWidgetConfiguration t3 f}
08-31 21:09:03.807 W/ContextImpl( 1676): Calling a method in the system process without a qualified user: android.app.ContextImpl.startService:1358 android.content.ContextWrapper.startService:613 android.content.ContextWrapper.startService:613 com.android.coreservice.CoreBroadcastReceiver.onReceive:44 android.app.ActivityThread.handleReceiver:3073 
08-31 21:09:03.927 D/TaskPersister( 1281): getImageFromWriteQueue return null! filePath=/data/system_ce/0/recent_images/16_task_thumbnail.png
08-31 21:09:05.771 D/audio_hw_hal( 1087): log_func, out_standby
08-31 21:09:05.771 D/audio_hw_hal( 1087): raw_close_output_stream, dev=0xf6e480c0, stream =0xf6e43140
08-31 21:09:05.771 D/audio_hw_hal( 1087): raw_close_output_stream, stream=0xf6e43140,  success!
08-31 21:09:06.173 D/EGL_adreno( 1935): eglMakeCurrent: 0x7fffeb454c20: ver 3 1 (tinfo 0x7fffeb40d8a0)
08-31 21:09:06.188 W/WindowManager( 1281): Attempted to remove non-existing token: android.os.Binder@795c010
08-31 21:09:06.285 E/EGL_adreno( 1935): tid 1952: eglSurfaceAttrib(1338): error 0x3009 (EGL_BAD_MATCH)
08-31 21:09:06.286 W/OpenGLRenderer( 1935): Failed to set EGL_SWAP_BEHAVIOR on surface 0x7fffeb5c9a00, error=EGL_BAD_MATCH
08-31 21:09:06.289 D/EGL_adreno( 1935): eglMakeCurrent: 0x7fffeb454c20: ver 3 1 (tinfo 0x7fffeb40d8a0)
08-31 21:09:08.910 W/WindowManager( 1281): Failed looking up window
08-31 21:09:08.910 W/WindowManager( 1281): java.lang.IllegalArgumentException: Requested window android.view.ViewRootImpl$W@7a7d709 does not exist
08-31 21:09:08.910 W/WindowManager( 1281): 	at com.android.server.wm.WindowManagerService.windowForClientLocked(WindowManagerService.java:9459)
08-31 21:09:08.910 W/WindowManager( 1281): 	at com.android.server.wm.WindowManagerService.windowForClientLocked(WindowManagerService.java:9450)
08-31 21:09:08.910 W/WindowManager( 1281): 	at com.android.server.wm.WindowManagerService.removeWindow(WindowManagerService.java:2410)
08-31 21:09:08.910 W/WindowManager( 1281): 	at com.android.server.wm.Session.remove(Session.java:202)
08-31 21:09:08.910 W/WindowManager( 1281): 	at android.view.ViewRootImpl.dispatchDetachedFromWindow(ViewRootImpl.java:3290)
08-31 21:09:08.910 W/WindowManager( 1281): 	at android.view.ViewRootImpl.doDie(ViewRootImpl.java:5917)
08-31 21:09:08.910 W/WindowManager( 1281): 	at android.view.ViewRootImpl$ViewRootHandler.handleMessage(ViewRootImpl.java:3626)
08-31 21:09:08.910 W/WindowManager( 1281): 	at android.os.Handler.dispatchMessage(Handler.java:102)
08-31 21:09:08.910 W/WindowManager( 1281): 	at android.os.Looper.loop(Looper.java:154)
08-31 21:09:08.910 W/WindowManager( 1281): 	at android.os.HandlerThread.run(HandlerThread.java:61)
08-31 21:09:08.910 W/WindowManager( 1281): 	at com.android.server.ServiceThread.run(ServiceThread.java:46)
08-31 21:09:09.695 D/EGL_adreno( 1935): eglMakeCurrent: 0x7fffeb454c20: ver 3 1 (tinfo 0x7fffeb40d8a0)
08-31 21:09:09.706 W/WindowManager( 1281): Attempted to remove non-existing token: android.os.Binder@4c0b32f
08-31 21:09:09.799 E/EGL_adreno( 1935): tid 1952: eglSurfaceAttrib(1338): error 0x3009 (EGL_BAD_MATCH)
08-31 21:09:09.799 W/OpenGLRenderer( 1935): Failed to set EGL_SWAP_BEHAVIOR on surface 0x7fffeb5c9a00, error=EGL_BAD_MATCH
08-31 21:09:09.806 D/EGL_adreno( 1935): eglMakeCurrent: 0x7fffeb454c20: ver 3 1 (tinfo 0x7fffeb40d8a0)
08-31 21:09:12.672 W/ActivityManager( 1281): Launch timeout has expired, giving up wake lock!
08-31 21:09:13.215 D/EGL_adreno( 1935): eglMakeCurrent: 0x7fffeb454c20: ver 3 1 (tinfo 0x7fffeb40d8a0)
08-31 21:09:13.222 W/WindowManager( 1281): Attempted to remove non-existing token: android.os.Binder@1fecd3c
08-31 21:09:13.337 E/EGL_adreno( 1935): tid 1952: eglSurfaceAttrib(1338): error 0x3009 (EGL_BAD_MATCH)
08-31 21:09:13.337 W/OpenGLRenderer( 1935): Failed to set EGL_SWAP_BEHAVIOR on surface 0x7fffeb5c9a00, error=EGL_BAD_MATCH
08-31 21:09:13.340 D/EGL_adreno( 1935): eglMakeCurrent: 0x7fffeb454c20: ver 3 1 (tinfo 0x7fffeb40d8a0)
08-31 21:09:16.729 D/EGL_adreno( 1935): eglMakeCurrent: 0x7fffeb454c20: ver 3 1 (tinfo 0x7fffeb40d8a0)
08-31 21:09:16.739 W/WindowManager( 1281): Attempted to remove non-existing token: android.os.Binder@46ddac5
08-31 21:09:16.849 E/EGL_adreno( 1935): tid 1952: eglSurfaceAttrib(1338): error 0x3009 (EGL_BAD_MATCH)
08-31 21:09:16.849 W/OpenGLRenderer( 1935): Failed to set EGL_SWAP_BEHAVIOR on surface 0x7fffeb5c9a00, error=EGL_BAD_MATCH
08-31 21:09:16.857 D/EGL_adreno( 1935): eglMakeCurrent: 0x7fffeb454c20: ver 3 1 (tinfo 0x7fffeb40d8a0)
08-31 21:09:20.246 D/EGL_adreno( 1935): eglMakeCurrent: 0x7fffeb454c20: ver 3 1 (tinfo 0x7fffeb40d8a0)
08-31 21:09:20.255 W/WindowManager( 1281): Attempted to remove non-existing token: android.os.Binder@4cc5c1a
08-31 21:09:20.349 E/EGL_adreno( 1935): tid 1952: eglSurfaceAttrib(1338): error 0x3009 (EGL_BAD_MATCH)
08-31 21:09:20.350 W/OpenGLRenderer( 1935): Failed to set EGL_SWAP_BEHAVIOR on surface 0x7fffeb5c9a00, error=EGL_BAD_MATCH
08-31 21:09:20.356 D/EGL_adreno( 1935): eglMakeCurrent: 0x7fffeb454c20: ver 3 1 (tinfo 0x7fffeb40d8a0)
08-31 21:09:23.761 D/EGL_adreno( 1935): eglMakeCurrent: 0x7fffeb454c20: ver 3 1 (tinfo 0x7fffeb40d8a0)
08-31 21:09:23.772 W/WindowManager( 1281): Attempted to remove non-existing token: android.os.Binder@52f534b
08-31 21:09:23.867 E/EGL_adreno( 1935): tid 1952: eglSurfaceAttrib(1338): error 0x3009 (EGL_BAD_MATCH)
08-31 21:09:23.867 W/OpenGLRenderer( 1935): Failed to set EGL_SWAP_BEHAVIOR on surface 0x7fffeb5c9a00, error=EGL_BAD_MATCH
08-31 21:09:23.874 D/EGL_adreno( 1935): eglMakeCurrent: 0x7fffeb454c20: ver 3 1 (tinfo 0x7fffeb40d8a0)
08-31 21:09:25.253 D/WifiStateMachine( 1281): setScanResults mScanResults.size=1
08-31 21:09:27.280 D/EGL_adreno( 1935): eglMakeCurrent: 0x7fffeb454c20: ver 3 1 (tinfo 0x7fffeb40d8a0)
08-31 21:09:27.288 W/WindowManager( 1281): Attempted to remove non-existing token: android.os.Binder@7898128
08-31 21:09:27.400 E/EGL_adreno( 1935): tid 1952: eglSurfaceAttrib(1338): error 0x3009 (EGL_BAD_MATCH)
08-31 21:09:27.400 W/OpenGLRenderer( 1935): Failed to set EGL_SWAP_BEHAVIOR on surface 0x7fffeb5c9a00, error=EGL_BAD_MATCH
08-31 21:09:27.406 D/EGL_adreno( 1935): eglMakeCurrent: 0x7fffeb454c20: ver 3 1 (tinfo 0x7fffeb40d8a0)
08-31 21:09:30.795 D/EGL_adreno( 1935): eglMakeCurrent: 0x7fffeb454c20: ver 3 1 (tinfo 0x7fffeb40d8a0)
08-31 21:09:30.804 W/WindowManager( 1281): Attempted to remove non-existing token: android.os.Binder@7d65e41
08-31 21:09:30.900 E/EGL_adreno( 1935): tid 1952: eglSurfaceAttrib(1338): error 0x3009 (EGL_BAD_MATCH)
08-31 21:09:30.900 W/OpenGLRenderer( 1935): Failed to set EGL_SWAP_BEHAVIOR on surface 0x7fffeb5c9a00, error=EGL_BAD_MATCH
08-31 21:09:30.907 D/EGL_adreno( 1935): eglMakeCurrent: 0x7fffeb454c20: ver 3 1 (tinfo 0x7fffeb40d8a0)
08-31 21:09:34.311 D/EGL_adreno( 1935): eglMakeCurrent: 0x7fffeb454c20: ver 3 1 (tinfo 0x7fffeb40d8a0)
08-31 21:09:34.322 W/WindowManager( 1281): Attempted to remove non-existing token: android.os.Binder@e441fe6
08-31 21:09:34.443 E/EGL_adreno( 1935): tid 1952: eglSurfaceAttrib(1338): error 0x3009 (EGL_BAD_MATCH)
08-31 21:09:34.443 W/OpenGLRenderer( 1935): Failed to set EGL_SWAP_BEHAVIOR on surface 0x7fffeb5c9a00, error=EGL_BAD_MATCH
08-31 21:09:34.446 D/EGL_adreno( 1935): eglMakeCurrent: 0x7fffeb454c20: ver 3 1 (tinfo 0x7fffeb40d8a0)
08-31 21:09:37.829 D/EGL_adreno( 1935): eglMakeCurrent: 0x7fffeb454c20: ver 3 1 (tinfo 0x7fffeb40d8a0)
08-31 21:09:37.838 W/WindowManager( 1281): Attempted to remove non-existing token: android.os.Binder@69dd927
08-31 21:09:37.932 E/EGL_adreno( 1935): tid 1952: eglSurfaceAttrib(1338): error 0x3009 (EGL_BAD_MATCH)
08-31 21:09:37.932 W/OpenGLRenderer( 1935): Failed to set EGL_SWAP_BEHAVIOR on surface 0x7fffeb5c9a00, error=EGL_BAD_MATCH
08-31 21:09:37.940 D/EGL_adreno( 1935): eglMakeCurrent: 0x7fffeb454c20: ver 3 1 (tinfo 0x7fffeb40d8a0)
08-31 21:09:41.353 D/EGL_adreno( 1935): eglMakeCurrent: 0x7fffeb454c20: ver 3 1 (tinfo 0x7fffeb40d8a0)
08-31 21:09:41.355 W/WindowManager( 1281): Attempted to remove non-existing token: android.os.Binder@48987d4
08-31 21:09:41.445 E/EGL_adreno( 1935): tid 1952: eglSurfaceAttrib(1338): error 0x3009 (EGL_BAD_MATCH)
08-31 21:09:41.445 W/OpenGLRenderer( 1935): Failed to set EGL_SWAP_BEHAVIOR on surface 0x7fffeb5c9a00, error=EGL_BAD_MATCH
08-31 21:09:41.455 D/EGL_adreno( 1935): eglMakeCurrent: 0x7fffeb454c20: ver 3 1 (tinfo 0x7fffeb40d8a0)
08-31 21:09:44.863 D/EGL_adreno( 1935): eglMakeCurrent: 0x7fffeb454c20: ver 3 1 (tinfo 0x7fffeb40d8a0)
08-31 21:09:44.872 W/WindowManager( 1281): Attempted to remove non-existing token: android.os.Binder@7e99d7d
08-31 21:09:44.966 E/EGL_adreno( 1935): tid 1952: eglSurfaceAttrib(1338): error 0x3009 (EGL_BAD_MATCH)
08-31 21:09:44.966 W/OpenGLRenderer( 1935): Failed to set EGL_SWAP_BEHAVIOR on surface 0x7fffeb5c9a00, error=EGL_BAD_MATCH
08-31 21:09:44.973 D/EGL_adreno( 1935): eglMakeCurrent: 0x7fffeb454c20: ver 3 1 (tinfo 0x7fffeb40d8a0)
08-31 21:09:48.405 W/WindowManager( 1281): Attempted to remove non-existing token: android.os.Binder@8225472
08-31 21:09:48.413 D/EGL_adreno( 1935): eglMakeCurrent: 0x7fffeb454c20: ver 3 1 (tinfo 0x7fffeb40d8a0)
08-31 21:09:48.534 E/EGL_adreno( 1935): tid 1952: eglSurfaceAttrib(1338): error 0x3009 (EGL_BAD_MATCH)
08-31 21:09:48.535 W/OpenGLRenderer( 1935): Failed to set EGL_SWAP_BEHAVIOR on surface 0x7fffeb5c9a00, error=EGL_BAD_MATCH
08-31 21:09:48.539 D/EGL_adreno( 1935): eglMakeCurrent: 0x7fffeb454c20: ver 3 1 (tinfo 0x7fffeb40d8a0)
08-31 21:09:51.910 D/EGL_adreno( 1935): eglMakeCurrent: 0x7fffeb454c20: ver 3 1 (tinfo 0x7fffeb40d8a0)
08-31 21:09:51.922 W/WindowManager( 1281): Attempted to remove non-existing token: android.os.Binder@e84e0c3
08-31 21:09:52.028 E/EGL_adreno( 1935): tid 1952: eglSurfaceAttrib(1338): error 0x3009 (EGL_BAD_MATCH)
08-31 21:09:52.028 W/OpenGLRenderer( 1935): Failed to set EGL_SWAP_BEHAVIOR on surface 0x7fffeb5c9a00, error=EGL_BAD_MATCH
08-31 21:09:52.029 D/EGL_adreno( 1935): eglMakeCurrent: 0x7fffeb454c20: ver 3 1 (tinfo 0x7fffeb40d8a0)
08-31 21:09:55.429 D/EGL_adreno( 1935): eglMakeCurrent: 0x7fffeb454c20: ver 3 1 (tinfo 0x7fffeb40d8a0)
08-31 21:09:55.439 W/WindowManager( 1281): Attempted to remove non-existing token: android.os.Binder@4e14d40
08-31 21:09:55.544 E/EGL_adreno( 1935): tid 1952: eglSurfaceAttrib(1338): error 0x3009 (EGL_BAD_MATCH)
08-31 21:09:55.544 W/OpenGLRenderer( 1935): Failed to set EGL_SWAP_BEHAVIOR on surface 0x7fffeb5c9a00, error=EGL_BAD_MATCH
08-31 21:09:55.547 D/EGL_adreno( 1935): eglMakeCurrent: 0x7fffeb454c20: ver 3 1 (tinfo 0x7fffeb40d8a0)
08-31 21:09:58.945 D/EGL_adreno( 1935): eglMakeCurrent: 0x7fffeb454c20: ver 3 1 (tinfo 0x7fffeb40d8a0)
08-31 21:09:58.955 W/WindowManager( 1281): Attempted to remove non-existing token: android.os.Binder@8f79479
08-31 21:09:59.063 E/EGL_adreno( 1935): tid 1952: eglSurfaceAttrib(1338): error 0x3009 (EGL_BAD_MATCH)
08-31 21:09:59.063 W/OpenGLRenderer( 1935): Failed to set EGL_SWAP_BEHAVIOR on surface 0x7fffeb5c9a00, error=EGL_BAD_MATCH
08-31 21:09:59.065 D/EGL_adreno( 1935): eglMakeCurrent: 0x7fffeb454c20: ver 3 1 (tinfo 0x7fffeb40d8a0)
08-31 21:10:02.463 D/EGL_adreno( 1935): eglMakeCurrent: 0x7fffeb454c20: ver 3 1 (tinfo 0x7fffeb40d8a0)
08-31 21:10:02.472 W/WindowManager( 1281): Attempted to remove non-existing token: android.os.Binder@f3d45be
08-31 21:10:02.568 E/EGL_adreno( 1935): tid 1952: eglSurfaceAttrib(1338): error 0x3009 (EGL_BAD_MATCH)
08-31 21:10:02.568 W/OpenGLRenderer( 1935): Failed to set EGL_SWAP_BEHAVIOR on surface 0x7fffeb5c9a00, error=EGL_BAD_MATCH
08-31 21:10:02.573 D/EGL_adreno( 1935): eglMakeCurrent: 0x7fffeb454c20: ver 3 1 (tinfo 0x7fffeb40d8a0)
08-31 21:10:05.979 D/EGL_adreno( 1935): eglMakeCurrent: 0x7fffeb454c20: ver 3 1 (tinfo 0x7fffeb40d8a0)
08-31 21:10:05.988 W/WindowManager( 1281): Attempted to remove non-existing token: android.os.Binder@74ac61f
08-31 21:10:06.093 E/EGL_adreno( 1935): tid 1952: eglSurfaceAttrib(1338): error 0x3009 (EGL_BAD_MATCH)
08-31 21:10:06.093 W/OpenGLRenderer( 1935): Failed to set EGL_SWAP_BEHAVIOR on surface 0x7fffeb5c9a00, error=EGL_BAD_MATCH
08-31 21:10:06.094 D/EGL_adreno( 1935): eglMakeCurrent: 0x7fffeb454c20: ver 3 1 (tinfo 0x7fffeb40d8a0)
08-31 21:10:09.493 D/EGL_adreno( 1935): eglMakeCurrent: 0x7fffeb454c20: ver 3 1 (tinfo 0x7fffeb40d8a0)
08-31 21:10:09.505 W/WindowManager( 1281): Attempted to remove non-existing token: android.os.Binder@e2dfd6c
08-31 21:10:09.651 E/EGL_adreno( 1935): tid 1952: eglSurfaceAttrib(1338): error 0x3009 (EGL_BAD_MATCH)
08-31 21:10:09.651 W/OpenGLRenderer( 1935): Failed to set EGL_SWAP_BEHAVIOR on surface 0x7fffeb5c9a00, error=EGL_BAD_MATCH
08-31 21:10:09.657 D/EGL_adreno( 1935): eglMakeCurrent: 0x7fffeb454c20: ver 3 1 (tinfo 0x7fffeb40d8a0)
08-31 21:10:13.012 D/EGL_adreno( 1935): eglMakeCurrent: 0x7fffeb454c20: ver 3 1 (tinfo 0x7fffeb40d8a0)
08-31 21:10:13.022 W/WindowManager( 1281): Attempted to remove non-existing token: android.os.Binder@a53ff35
08-31 21:10:13.122 E/EGL_adreno( 1935): tid 1952: eglSurfaceAttrib(1338): error 0x3009 (EGL_BAD_MATCH)
08-31 21:10:13.122 W/OpenGLRenderer( 1935): Failed to set EGL_SWAP_BEHAVIOR on surface 0x7fffeb5c9a00, error=EGL_BAD_MATCH
08-31 21:10:13.125 D/EGL_adreno( 1935): eglMakeCurrent: 0x7fffeb454c20: ver 3 1 (tinfo 0x7fffeb40d8a0)
08-31 21:10:16.555 W/WindowManager( 1281): Attempted to remove non-existing token: android.os.Binder@583ffca
08-31 21:10:16.571 D/EGL_adreno( 1935): eglMakeCurrent: 0x7fffeb454c20: ver 3 1 (tinfo 0x7fffeb40d8a0)
08-31 21:10:16.694 E/EGL_adreno( 1935): tid 1952: eglSurfaceAttrib(1338): error 0x3009 (EGL_BAD_MATCH)
08-31 21:10:16.694 W/OpenGLRenderer( 1935): Failed to set EGL_SWAP_BEHAVIOR on surface 0x7fffeb5c9a00, error=EGL_BAD_MATCH
08-31 21:10:16.696 D/EGL_adreno( 1935): eglMakeCurrent: 0x7fffeb454c20: ver 3 1 (tinfo 0x7fffeb40d8a0)
08-31 21:10:20.066 D/EGL_adreno( 1935): eglMakeCurrent: 0x7fffeb454c20: ver 3 1 (tinfo 0x7fffeb40d8a0)
08-31 21:10:20.071 W/WindowManager( 1281): Attempted to remove non-existing token: android.os.Binder@aca4e96
08-31 21:10:20.195 E/EGL_adreno( 1935): tid 1952: eglSurfaceAttrib(1338): error 0x3009 (EGL_BAD_MATCH)
08-31 21:10:20.196 W/OpenGLRenderer( 1935): Failed to set EGL_SWAP_BEHAVIOR on surface 0x7fffeb5c9a00, error=EGL_BAD_MATCH
08-31 21:10:20.198 D/EGL_adreno( 1935): eglMakeCurrent: 0x7fffeb454c20: ver 3 1 (tinfo 0x7fffeb40d8a0)
08-31 21:10:23.585 D/EGL_adreno( 1935): eglMakeCurrent: 0x7fffeb454c20: ver 3 1 (tinfo 0x7fffeb40d8a0)
08-31 21:10:23.588 W/WindowManager( 1281): Attempted to remove non-existing token: android.os.Binder@654be22
08-31 21:10:23.701 E/EGL_adreno( 1935): tid 1952: eglSurfaceAttrib(1338): error 0x3009 (EGL_BAD_MATCH)
08-31 21:10:23.701 W/OpenGLRenderer( 1935): Failed to set EGL_SWAP_BEHAVIOR on surface 0x7fffeb5c9a00, error=EGL_BAD_MATCH
08-31 21:10:23.707 D/EGL_adreno( 1935): eglMakeCurrent: 0x7fffeb454c20: ver 3 1 (tinfo 0x7fffeb40d8a0)
08-31 21:10:27.103 D/EGL_adreno( 1935): eglMakeCurrent: 0x7fffeb454c20: ver 3 1 (tinfo 0x7fffeb40d8a0)
08-31 21:10:27.105 W/WindowManager( 1281): Attempted to remove non-existing token: android.os.Binder@44f80b3
08-31 21:10:27.250 E/EGL_adreno( 1935): tid 1952: eglSurfaceAttrib(1338): error 0x3009 (EGL_BAD_MATCH)
08-31 21:10:27.250 W/OpenGLRenderer( 1935): Failed to set EGL_SWAP_BEHAVIOR on surface 0x7fffeb5c9a00, error=EGL_BAD_MATCH
08-31 21:10:27.256 D/EGL_adreno( 1935): eglMakeCurrent: 0x7fffeb454c20: ver 3 1 (tinfo 0x7fffeb40d8a0)
08-31 21:10:30.614 D/EGL_adreno( 1935): eglMakeCurrent: 0x7fffeb454c20: ver 3 1 (tinfo 0x7fffeb40d8a0)
08-31 21:10:30.622 W/WindowManager( 1281): Attempted to remove non-existing token: android.os.Binder@eb7750f
08-31 21:10:30.728 E/EGL_adreno( 1935): tid 1952: eglSurfaceAttrib(1338): error 0x3009 (EGL_BAD_MATCH)
08-31 21:10:30.728 W/OpenGLRenderer( 1935): Failed to set EGL_SWAP_BEHAVIOR on surface 0x7fffeb5c9a00, error=EGL_BAD_MATCH
08-31 21:10:30.731 D/EGL_adreno( 1935): eglMakeCurrent: 0x7fffeb454c20: ver 3 1 (tinfo 0x7fffeb40d8a0)
08-31 21:10:34.166 D/EGL_adreno( 1935): eglMakeCurrent: 0x7fffeb454c20: ver 3 1 (tinfo 0x7fffeb40d8a0)
08-31 21:10:34.172 W/WindowManager( 1281): Attempted to remove non-existing token: android.os.Binder@400532b
08-31 21:10:34.283 E/EGL_adreno( 1935): tid 1952: eglSurfaceAttrib(1338): error 0x3009 (EGL_BAD_MATCH)
08-31 21:10:34.283 W/OpenGLRenderer( 1935): Failed to set EGL_SWAP_BEHAVIOR on surface 0x7fffeb5c9a00, error=EGL_BAD_MATCH
08-31 21:10:34.290 D/EGL_adreno( 1935): eglMakeCurrent: 0x7fffeb454c20: ver 3 1 (tinfo 0x7fffeb40d8a0)
08-31 21:10:37.679 D/EGL_adreno( 1935): eglMakeCurrent: 0x7fffeb454c20: ver 3 1 (tinfo 0x7fffeb40d8a0)
08-31 21:10:37.689 W/WindowManager( 1281): Attempted to remove non-existing token: android.os.Binder@bbcb388
08-31 21:10:37.796 E/EGL_adreno( 1935): tid 1952: eglSurfaceAttrib(1338): error 0x3009 (EGL_BAD_MATCH)
08-31 21:10:37.796 W/OpenGLRenderer( 1935): Failed to set EGL_SWAP_BEHAVIOR on surface 0x7fffeb5c9a00, error=EGL_BAD_MATCH
08-31 21:10:37.809 D/EGL_adreno( 1935): eglMakeCurrent: 0x7fffeb454c20: ver 3 1 (tinfo 0x7fffeb40d8a0)
08-31 21:10:41.195 D/EGL_adreno( 1935): eglMakeCurrent: 0x7fffeb454c20: ver 3 1 (tinfo 0x7fffeb40d8a0)
08-31 21:10:41.205 W/WindowManager( 1281): Attempted to remove non-existing token: android.os.Binder@2d8034
08-31 21:10:41.300 E/EGL_adreno( 1935): tid 1952: eglSurfaceAttrib(1338): error 0x3009 (EGL_BAD_MATCH)
08-31 21:10:41.300 W/OpenGLRenderer( 1935): Failed to set EGL_SWAP_BEHAVIOR on surface 0x7fffeb5c9a00, error=EGL_BAD_MATCH
08-31 21:10:41.307 D/EGL_adreno( 1935): eglMakeCurrent: 0x7fffeb454c20: ver 3 1 (tinfo 0x7fffeb40d8a0)
08-31 21:10:44.714 D/EGL_adreno( 1935): eglMakeCurrent: 0x7fffeb454c20: ver 3 1 (tinfo 0x7fffeb40d8a0)
08-31 21:10:44.722 W/WindowManager( 1281): Attempted to remove non-existing token: android.os.Binder@ca79e5d
08-31 21:10:59.233 W/ActivityManager( 1281):   Force finishing activity com.fsck.k9/.activity.UnreadWidgetConfiguration
