--------- beginning of system
08-31 15:16:35.003 I/ActivityManager( 1281): START u0 {cmp=com.android.intentfuzzer/.FuzzerActivity} from uid 10064 on display 0
--------- beginning of main
08-31 15:16:35.005 D/audio_hw_hal( 1087): raw_start_output_stream, stream=0xf6e43140, sampleRate=48000, channel=2, bps=16, bufSize=4096
08-31 15:16:35.010 I/ActivityManager( 1281): Killing 1896:com.android.carrierconfig/u0a2 (adj 904): empty for 1821s
08-31 15:16:35.010 I/ActivityManager( 1281): Killing 1901:com.android.managedprovisioning/u0a11 (adj 904): empty for 1821s
08-31 15:16:35.012 I/ActivityManager( 1281): Killing 1706:com.android.keychain/1000 (adj 904): empty for 1826s
08-31 15:16:35.019 W/ContextImpl( 1676): Calling a method in the system process without a qualified user: android.app.ContextImpl.startService:1358 android.content.ContextWrapper.startService:613 android.content.ContextWrapper.startService:613 com.android.coreservice.CoreBroadcastReceiver.onReceive:44 android.app.ActivityThread.handleReceiver:3073 
08-31 15:16:35.052 D/ActivityManager( 1281): cleanUpApplicationRecord -- 1896
08-31 15:16:35.055 D/ActivityManager( 1281): cleanUpApplicationRecord -- 1901
08-31 15:16:35.057 D/ActivityManager( 1281): cleanUpApplicationRecord -- 1706
08-31 15:16:35.059 W/ContextImpl( 1676): Calling a method in the system process without a qualified user: android.app.ContextImpl.startService:1358 android.content.ContextWrapper.startService:613 android.content.ContextWrapper.startService:613 com.android.coreservice.CoreBroadcastReceiver.onReceive:53 android.app.ActivityThread.handleReceiver:3073 
08-31 15:16:35.509 E/EGL_adreno( 1935): tid 1952: eglSurfaceAttrib(1338): error 0x3009 (EGL_BAD_MATCH)
08-31 15:16:35.509 W/OpenGLRenderer( 1935): Failed to set EGL_SWAP_BEHAVIOR on surface 0x7fffeb41b280, error=EGL_BAD_MATCH
08-31 15:16:35.511 D/EGL_adreno( 1935): eglMakeCurrent: 0x7fffeb454c20: ver 3 1 (tinfo 0x7fffeb40d8a0)
08-31 15:16:35.545 W/ContextImpl( 1676): Calling a method in the system process without a qualified user: android.app.ContextImpl.startService:1358 android.content.ContextWrapper.startService:613 android.content.ContextWrapper.startService:613 com.android.coreservice.CoreBroadcastReceiver.onReceive:69 android.app.ActivityThread.handleReceiver:3073 
08-31 15:16:35.548 I/ActivityManager( 1281): Displayed com.android.intentfuzzer/.FuzzerActivity: +529ms (total +2m47s38ms)
08-31 15:16:35.599 W/ContextImpl( 1676): Calling a method in the system process without a qualified user: android.app.ContextImpl.startService:1358 android.content.ContextWrapper.startService:613 android.content.ContextWrapper.startService:613 com.android.coreservice.CoreBroadcastReceiver.onReceive:69 android.app.ActivityThread.handleReceiver:3073 
08-31 15:16:36.563 I/ActivityManager( 1281): START u0 {cmp=com.oriondev.moneywallet/.ui.activity.PlacePickerActivity} from uid 10064 on display 0
08-31 15:16:36.563 W/ActivityManager( 1281): Permission Denial: starting Intent { cmp=com.oriondev.moneywallet/.ui.activity.PlacePickerActivity } from ProcessRecord{bda5613 1935:com.android.intentfuzzer/u0a64} (pid=1935, uid=10064) not exported from uid 10032
08-31 15:16:36.564 W/System.err( 1935): java.lang.Exception: Toast callstack! strTip=Send Intent Failed!
08-31 15:16:36.564 W/System.err( 1935): 	at android.widget.Toast.show(Toast.java:130)
08-31 15:16:36.564 W/System.err( 1935): 	at com.android.intentfuzzer.FuzzerActivity$3.onClick(FuzzerActivity.java:167)
08-31 15:16:36.564 W/System.err( 1935): 	at android.view.View.performClick(View.java:5637)
08-31 15:16:36.564 W/System.err( 1935): 	at android.view.View$PerformClick.run(View.java:22429)
08-31 15:16:36.564 W/System.err( 1935): 	at android.os.Handler.handleCallback(Handler.java:751)
08-31 15:16:36.564 W/System.err( 1935): 	at android.os.Handler.dispatchMessage(Handler.java:95)
08-31 15:16:36.564 W/System.err( 1935): 	at android.os.Looper.loop(Looper.java:154)
08-31 15:16:36.564 W/System.err( 1935): 	at android.app.ActivityThread.main(ActivityThread.java:6190)
08-31 15:16:36.564 W/System.err( 1935): 	at java.lang.reflect.Method.invoke(Native Method)
08-31 15:16:36.565 W/System.err( 1935): 	at com.android.internal.os.ZygoteInit$MethodAndArgsCaller.run(ZygoteInit.java:892)
08-31 15:16:36.565 W/System.err( 1935): 	at com.android.internal.os.ZygoteInit.main(ZygoteInit.java:782)
08-31 15:16:36.565 I/ActivityManager( 1281): START u0 {cmp=com.oriondev.moneywallet/.ui.activity.LauncherActivity} from uid 10064 on display 0
08-31 15:16:36.581 W/ContextImpl( 1676): Calling a method in the system process without a qualified user: android.app.ContextImpl.startService:1358 android.content.ContextWrapper.startService:613 android.content.ContextWrapper.startService:613 com.android.coreservice.CoreBroadcastReceiver.onReceive:44 android.app.ActivityThread.handleReceiver:3073 
08-31 15:16:36.581 W/System.err( 1935): java.lang.Exception: Toast callstack! strTip=Sent Null Intent { cmp=com.oriondev.moneywallet/.ui.activity.LauncherActivity }
08-31 15:16:36.581 W/System.err( 1935): 	at android.widget.Toast.show(Toast.java:130)
08-31 15:16:36.581 W/System.err( 1935): 	at com.android.intentfuzzer.FuzzerActivity$3.onClick(FuzzerActivity.java:165)
08-31 15:16:36.581 W/System.err( 1935): 	at android.view.View.performClick(View.java:5637)
08-31 15:16:36.582 W/System.err( 1935): 	at android.view.View$PerformClick.run(View.java:22429)
08-31 15:16:36.582 W/System.err( 1935): 	at android.os.Handler.handleCallback(Handler.java:751)
08-31 15:16:36.582 W/System.err( 1935): 	at android.os.Handler.dispatchMessage(Handler.java:95)
08-31 15:16:36.582 W/System.err( 1935): 	at android.os.Looper.loop(Looper.java:154)
08-31 15:16:36.582 W/System.err( 1935): 	at android.app.ActivityThread.main(ActivityThread.java:6190)
08-31 15:16:36.582 W/System.err( 1935): 	at java.lang.reflect.Method.invoke(Native Method)
08-31 15:16:36.582 W/System.err( 1935): 	at com.android.internal.os.ZygoteInit$MethodAndArgsCaller.run(ZygoteInit.java:892)
08-31 15:16:36.582 W/System.err( 1935): 	at com.android.internal.os.ZygoteInit.main(ZygoteInit.java:782)
08-31 15:16:36.585 I/ActivityManager( 1281): START u0 {cmp=com.oriondev.moneywallet/.ui.activity.MainActivity} from uid 10064 on display 0
08-31 15:16:36.585 W/ActivityManager( 1281): Permission Denial: starting Intent { cmp=com.oriondev.moneywallet/.ui.activity.MainActivity } from ProcessRecord{bda5613 1935:com.android.intentfuzzer/u0a64} (pid=1935, uid=10064) not exported from uid 10032
08-31 15:16:36.586 W/System.err( 1935): java.lang.Exception: Toast callstack! strTip=Send Intent Failed!
08-31 15:16:36.586 W/System.err( 1935): 	at android.widget.Toast.show(Toast.java:130)
08-31 15:16:36.586 W/System.err( 1935): 	at com.android.intentfuzzer.FuzzerActivity$3.onClick(FuzzerActivity.java:167)
08-31 15:16:36.586 W/System.err( 1935): 	at android.view.View.performClick(View.java:5637)
08-31 15:16:36.586 W/System.err( 1935): 	at android.view.View$PerformClick.run(View.java:22429)
08-31 15:16:36.586 W/System.err( 1935): 	at android.os.Handler.handleCallback(Handler.java:751)
08-31 15:16:36.586 W/System.err( 1935): 	at android.os.Handler.dispatchMessage(Handler.java:95)
08-31 15:16:36.586 W/System.err( 1935): 	at android.os.Looper.loop(Looper.java:154)
08-31 15:16:36.586 W/System.err( 1935): 	at android.app.ActivityThread.main(ActivityThread.java:6190)
08-31 15:16:36.586 W/System.err( 1935): 	at java.lang.reflect.Method.invoke(Native Method)
08-31 15:16:36.587 W/System.err( 1935): 	at com.android.internal.os.ZygoteInit$MethodAndArgsCaller.run(ZygoteInit.java:892)
08-31 15:16:36.587 W/System.err( 1935): 	at com.android.internal.os.ZygoteInit.main(ZygoteInit.java:782)
08-31 15:16:36.588 I/ActivityManager( 1281): START u0 {cmp=com.oriondev.moneywallet/.ui.activity.TutorialActivity} from uid 10064 on display 0
08-31 15:16:36.588 W/ActivityManager( 1281): Permission Denial: starting Intent { cmp=com.oriondev.moneywallet/.ui.activity.TutorialActivity } from ProcessRecord{bda5613 1935:com.android.intentfuzzer/u0a64} (pid=1935, uid=10064) not exported from uid 10032
08-31 15:16:36.590 W/System.err( 1935): java.lang.Exception: Toast callstack! strTip=Send Intent Failed!
08-31 15:16:36.590 W/System.err( 1935): 	at android.widget.Toast.show(Toast.java:130)
08-31 15:16:36.590 W/System.err( 1935): 	at com.android.intentfuzzer.FuzzerActivity$3.onClick(FuzzerActivity.java:167)
08-31 15:16:36.590 W/System.err( 1935): 	at android.view.View.performClick(View.java:5637)
08-31 15:16:36.590 W/System.err( 1935): 	at android.view.View$PerformClick.run(View.java:22429)
08-31 15:16:36.590 W/System.err( 1935): 	at android.os.Handler.handleCallback(Handler.java:751)
08-31 15:16:36.590 W/System.err( 1935): 	at android.os.Handler.dispatchMessage(Handler.java:95)
08-31 15:16:36.590 W/System.err( 1935): 	at android.os.Looper.loop(Looper.java:154)
08-31 15:16:36.590 W/System.err( 1935): 	at android.app.ActivityThread.main(ActivityThread.java:6190)
08-31 15:16:36.590 W/System.err( 1935): 	at java.lang.reflect.Method.invoke(Native Method)
08-31 15:16:36.590 W/System.err( 1935): 	at com.android.internal.os.ZygoteInit$MethodAndArgsCaller.run(ZygoteInit.java:892)
08-31 15:16:36.590 W/System.err( 1935): 	at com.android.internal.os.ZygoteInit.main(ZygoteInit.java:782)
08-31 15:16:36.608 I/ActivityManager( 1281): START u0 {cmp=com.oriondev.moneywallet/.ui.activity.WalletListActivity} from uid 10064 on display 0
08-31 15:16:36.608 W/ActivityManager( 1281): Permission Denial: starting Intent { cmp=com.oriondev.moneywallet/.ui.activity.WalletListActivity } from ProcessRecord{bda5613 1935:com.android.intentfuzzer/u0a64} (pid=1935, uid=10064) not exported from uid 10032
08-31 15:16:36.609 W/System.err( 1935): java.lang.Exception: Toast callstack! strTip=Send Intent Failed!
08-31 15:16:36.610 W/System.err( 1935): 	at android.widget.Toast.show(Toast.java:130)
08-31 15:16:36.610 W/System.err( 1935): 	at com.android.intentfuzzer.FuzzerActivity$3.onClick(FuzzerActivity.java:167)
08-31 15:16:36.610 W/System.err( 1935): 	at android.view.View.performClick(View.java:5637)
08-31 15:16:36.610 W/System.err( 1935): 	at android.view.View$PerformClick.run(View.java:22429)
08-31 15:16:36.610 W/System.err( 1935): 	at android.os.Handler.handleCallback(Handler.java:751)
08-31 15:16:36.610 W/System.err( 1935): 	at android.os.Handler.dispatchMessage(Handler.java:95)
08-31 15:16:36.610 W/System.err( 1935): 	at android.os.Looper.loop(Looper.java:154)
08-31 15:16:36.610 W/System.err( 1935): 	at android.app.ActivityThread.main(ActivityThread.java:6190)
08-31 15:16:36.610 W/System.err( 1935): 	at java.lang.reflect.Method.invoke(Native Method)
08-31 15:16:36.610 W/System.err( 1935): 	at com.android.internal.os.ZygoteInit$MethodAndArgsCaller.run(ZygoteInit.java:892)
08-31 15:16:36.610 W/System.err( 1935): 	at com.android.internal.os.ZygoteInit.main(ZygoteInit.java:782)
08-31 15:16:36.611 I/ActivityManager( 1281): START u0 {cmp=com.oriondev.moneywallet/.ui.activity.BackupListActivity} from uid 10064 on display 0
08-31 15:16:36.611 W/ActivityManager( 1281): Permission Denial: starting Intent { cmp=com.oriondev.moneywallet/.ui.activity.BackupListActivity } from ProcessRecord{bda5613 1935:com.android.intentfuzzer/u0a64} (pid=1935, uid=10064) not exported from uid 10032
08-31 15:16:36.612 W/System.err( 1935): java.lang.Exception: Toast callstack! strTip=Send Intent Failed!
08-31 15:16:36.613 W/System.err( 1935): 	at android.widget.Toast.show(Toast.java:130)
08-31 15:16:36.613 W/System.err( 1935): 	at com.android.intentfuzzer.FuzzerActivity$3.onClick(FuzzerActivity.java:167)
08-31 15:16:36.613 W/System.err( 1935): 	at android.view.View.performClick(View.java:5637)
08-31 15:16:36.613 W/System.err( 1935): 	at android.view.View$PerformClick.run(View.java:22429)
08-31 15:16:36.613 W/System.err( 1935): 	at android.os.Handler.handleCallback(Handler.java:751)
08-31 15:16:36.613 W/System.err( 1935): 	at android.os.Handler.dispatchMessage(Handler.java:95)
08-31 15:16:36.613 W/System.err( 1935): 	at android.os.Looper.loop(Looper.java:154)
08-31 15:16:36.613 W/System.err( 1935): 	at android.app.ActivityThread.main(ActivityThread.java:6190)
08-31 15:16:36.613 W/System.err( 1935): 	at java.lang.reflect.Method.invoke(Native Method)
08-31 15:16:36.613 W/System.err( 1935): 	at com.android.internal.os.ZygoteInit$MethodAndArgsCaller.run(ZygoteInit.java:892)
08-31 15:16:36.613 W/System.err( 1935): 	at com.android.internal.os.ZygoteInit.main(ZygoteInit.java:782)
08-31 15:16:36.616 I/ActivityManager( 1281): START u0 {cmp=com.oriondev.moneywallet/.ui.activity.NewEditWalletActivity} from uid 10064 on display 0
08-31 15:16:36.616 W/ActivityManager( 1281): Permission Denial: starting Intent { cmp=com.oriondev.moneywallet/.ui.activity.NewEditWalletActivity } from ProcessRecord{bda5613 1935:com.android.intentfuzzer/u0a64} (pid=1935, uid=10064) not exported from uid 10032
08-31 15:16:36.617 W/System.err( 1935): java.lang.Exception: Toast callstack! strTip=Send Intent Failed!
08-31 15:16:36.618 W/System.err( 1935): 	at android.widget.Toast.show(Toast.java:130)
08-31 15:16:36.618 W/System.err( 1935): 	at com.android.intentfuzzer.FuzzerActivity$3.onClick(FuzzerActivity.java:167)
08-31 15:16:36.618 W/System.err( 1935): 	at android.view.View.performClick(View.java:5637)
08-31 15:16:36.618 W/System.err( 1935): 	at android.view.View$PerformClick.run(View.java:22429)
08-31 15:16:36.618 W/System.err( 1935): 	at android.os.Handler.handleCallback(Handler.java:751)
08-31 15:16:36.618 W/System.err( 1935): 	at android.os.Handler.dispatchMessage(Handler.java:95)
08-31 15:16:36.618 W/System.err( 1935): 	at android.os.Looper.loop(Looper.java:154)
08-31 15:16:36.618 W/System.err( 1935): 	at android.app.ActivityThread.main(ActivityThread.java:6190)
08-31 15:16:36.618 W/System.err( 1935): 	at java.lang.reflect.Method.invoke(Native Method)
08-31 15:16:36.618 W/System.err( 1935): 	at com.android.internal.os.ZygoteInit$MethodAndArgsCaller.run(ZygoteInit.java:892)
08-31 15:16:36.618 W/System.err( 1935): 	at com.android.internal.os.ZygoteInit.main(ZygoteInit.java:782)
08-31 15:16:36.619 I/ActivityManager( 1281): START u0 {cmp=com.oriondev.moneywallet/.ui.activity.NewEditTransactionActivity} from uid 10064 on display 0
08-31 15:16:36.620 W/ActivityManager( 1281): Permission Denial: starting Intent { cmp=com.oriondev.moneywallet/.ui.activity.NewEditTransactionActivity } from ProcessRecord{bda5613 1935:com.android.intentfuzzer/u0a64} (pid=1935, uid=10064) not exported from uid 10032
08-31 15:16:36.621 W/System.err( 1935): java.lang.Exception: Toast callstack! strTip=Send Intent Failed!
08-31 15:16:36.621 W/System.err( 1935): 	at android.widget.Toast.show(Toast.java:130)
08-31 15:16:36.621 W/System.err( 1935): 	at com.android.intentfuzzer.FuzzerActivity$3.onClick(FuzzerActivity.java:167)
08-31 15:16:36.621 W/System.err( 1935): 	at android.view.View.performClick(View.java:5637)
08-31 15:16:36.621 W/System.err( 1935): 	at android.view.View$PerformClick.run(View.java:22429)
08-31 15:16:36.621 W/System.err( 1935): 	at android.os.Handler.handleCallback(Handler.java:751)
08-31 15:16:36.621 W/System.err( 1935): 	at android.os.Handler.dispatchMessage(Handler.java:95)
08-31 15:16:36.621 W/System.err( 1935): 	at android.os.Looper.loop(Looper.java:154)
08-31 15:16:36.621 W/System.err( 1935): 	at android.app.ActivityThread.main(ActivityThread.java:6190)
08-31 15:16:36.621 W/System.err( 1935): 	at java.lang.reflect.Method.invoke(Native Method)
08-31 15:16:36.621 W/System.err( 1935): 	at com.android.internal.os.ZygoteInit$MethodAndArgsCaller.run(ZygoteInit.java:892)
08-31 15:16:36.621 W/System.err( 1935): 	at com.android.internal.os.ZygoteInit.main(ZygoteInit.java:782)
08-31 15:16:36.623 I/ActivityManager( 1281): START u0 {cmp=com.oriondev.moneywallet/.ui.activity.NewEditTransferActivity} from uid 10064 on display 0
08-31 15:16:36.623 W/ActivityManager( 1281): Permission Denial: starting Intent { cmp=com.oriondev.moneywallet/.ui.activity.NewEditTransferActivity } from ProcessRecord{bda5613 1935:com.android.intentfuzzer/u0a64} (pid=1935, uid=10064) not exported from uid 10032
08-31 15:16:36.625 W/System.err( 1935): java.lang.Exception: Toast callstack! strTip=Send Intent Failed!
08-31 15:16:36.625 W/System.err( 1935): 	at android.widget.Toast.show(Toast.java:130)
08-31 15:16:36.625 W/System.err( 1935): 	at com.android.intentfuzzer.FuzzerActivity$3.onClick(FuzzerActivity.java:167)
08-31 15:16:36.625 W/System.err( 1935): 	at android.view.View.performClick(View.java:5637)
08-31 15:16:36.625 W/System.err( 1935): 	at android.view.View$PerformClick.run(View.java:22429)
08-31 15:16:36.625 W/System.err( 1935): 	at android.os.Handler.handleCallback(Handler.java:751)
08-31 15:16:36.625 W/System.err( 1935): 	at android.os.Handler.dispatchMessage(Handler.java:95)
08-31 15:16:36.625 W/System.err( 1935): 	at android.os.Looper.loop(Looper.java:154)
08-31 15:16:36.625 W/System.err( 1935): 	at android.app.ActivityThread.main(ActivityThread.java:6190)
08-31 15:16:36.625 W/System.err( 1935): 	at java.lang.reflect.Method.invoke(Native Method)
08-31 15:16:36.625 W/System.err( 1935): 	at com.android.internal.os.ZygoteInit$MethodAndArgsCaller.run(ZygoteInit.java:892)
08-31 15:16:36.625 W/System.err( 1935): 	at com.android.internal.os.ZygoteInit.main(ZygoteInit.java:782)
08-31 15:16:36.626 I/ActivityManager( 1281): START u0 {cmp=com.oriondev.moneywallet/.ui.activity.NewEditCategoryActivity} from uid 10064 on display 0
08-31 15:16:36.627 W/ActivityManager( 1281): Permission Denial: starting Intent { cmp=com.oriondev.moneywallet/.ui.activity.NewEditCategoryActivity } from ProcessRecord{bda5613 1935:com.android.intentfuzzer/u0a64} (pid=1935, uid=10064) not exported from uid 10032
08-31 15:16:36.628 W/System.err( 1935): java.lang.Exception: Toast callstack! strTip=Send Intent Failed!
08-31 15:16:36.628 W/System.err( 1935): 	at android.widget.Toast.show(Toast.java:130)
08-31 15:16:36.628 W/System.err( 1935): 	at com.android.intentfuzzer.FuzzerActivity$3.onClick(FuzzerActivity.java:167)
08-31 15:16:36.628 W/System.err( 1935): 	at android.view.View.performClick(View.java:5637)
08-31 15:16:36.629 W/System.err( 1935): 	at android.view.View$PerformClick.run(View.java:22429)
08-31 15:16:36.629 W/System.err( 1935): 	at android.os.Handler.handleCallback(Handler.java:751)
08-31 15:16:36.629 W/System.err( 1935): 	at android.os.Handler.dispatchMessage(Handler.java:95)
08-31 15:16:36.629 W/System.err( 1935): 	at android.os.Looper.loop(Looper.java:154)
08-31 15:16:36.629 W/System.err( 1935): 	at android.app.ActivityThread.main(ActivityThread.java:6190)
08-31 15:16:36.629 W/System.err( 1935): 	at java.lang.reflect.Method.invoke(Native Method)
08-31 15:16:36.629 W/System.err( 1935): 	at com.android.internal.os.ZygoteInit$MethodAndArgsCaller.run(ZygoteInit.java:892)
08-31 15:16:36.629 W/System.err( 1935): 	at com.android.internal.os.ZygoteInit.main(ZygoteInit.java:782)
08-31 15:16:36.630 I/ActivityManager( 1281): START u0 {cmp=com.oriondev.moneywallet/.ui.activity.NewEditDebtActivity} from uid 10064 on display 0
08-31 15:16:36.630 W/ActivityManager( 1281): Permission Denial: starting Intent { cmp=com.oriondev.moneywallet/.ui.activity.NewEditDebtActivity } from ProcessRecord{bda5613 1935:com.android.intentfuzzer/u0a64} (pid=1935, uid=10064) not exported from uid 10032
08-31 15:16:36.632 W/System.err( 1935): java.lang.Exception: Toast callstack! strTip=Send Intent Failed!
08-31 15:16:36.632 W/System.err( 1935): 	at android.widget.Toast.show(Toast.java:130)
08-31 15:16:36.632 W/System.err( 1935): 	at com.android.intentfuzzer.FuzzerActivity$3.onClick(FuzzerActivity.java:167)
08-31 15:16:36.632 W/System.err( 1935): 	at android.view.View.performClick(View.java:5637)
08-31 15:16:36.632 W/System.err( 1935): 	at android.view.View$PerformClick.run(View.java:22429)
08-31 15:16:36.632 W/System.err( 1935): 	at android.os.Handler.handleCallback(Handler.java:751)
08-31 15:16:36.633 W/System.err( 1935): 	at android.os.Handler.dispatchMessage(Handler.java:95)
08-31 15:16:36.633 W/System.err( 1935): 	at android.os.Looper.loop(Looper.java:154)
08-31 15:16:36.633 W/System.err( 1935): 	at android.app.ActivityThread.main(ActivityThread.java:6190)
08-31 15:16:36.633 W/System.err( 1935): 	at java.lang.reflect.Method.invoke(Native Method)
08-31 15:16:36.633 W/System.err( 1935): 	at com.android.internal.os.ZygoteInit$MethodAndArgsCaller.run(ZygoteInit.java:892)
08-31 15:16:36.633 W/System.err( 1935): 	at com.android.internal.os.ZygoteInit.main(ZygoteInit.java:782)
08-31 15:16:36.635 I/ActivityManager( 1281): START u0 {cmp=com.oriondev.moneywallet/.ui.activity.NewEditBudgetActivity} from uid 10064 on display 0
08-31 15:16:36.635 W/ActivityManager( 1281): Permission Denial: starting Intent { cmp=com.oriondev.moneywallet/.ui.activity.NewEditBudgetActivity } from ProcessRecord{bda5613 1935:com.android.intentfuzzer/u0a64} (pid=1935, uid=10064) not exported from uid 10032
08-31 15:16:36.637 W/System.err( 1935): java.lang.Exception: Toast callstack! strTip=Send Intent Failed!
08-31 15:16:36.637 W/System.err( 1935): 	at android.widget.Toast.show(Toast.java:130)
08-31 15:16:36.637 W/System.err( 1935): 	at com.android.intentfuzzer.FuzzerActivity$3.onClick(FuzzerActivity.java:167)
08-31 15:16:36.637 W/System.err( 1935): 	at android.view.View.performClick(View.java:5637)
08-31 15:16:36.637 W/System.err( 1935): 	at android.view.View$PerformClick.run(View.java:22429)
08-31 15:16:36.637 W/System.err( 1935): 	at android.os.Handler.handleCallback(Handler.java:751)
08-31 15:16:36.637 W/System.err( 1935): 	at android.os.Handler.dispatchMessage(Handler.java:95)
08-31 15:16:36.637 W/System.err( 1935): 	at android.os.Looper.loop(Looper.java:154)
08-31 15:16:36.637 W/System.err( 1935): 	at android.app.ActivityThread.main(ActivityThread.java:6190)
08-31 15:16:36.637 W/System.err( 1935): 	at java.lang.reflect.Method.invoke(Native Method)
08-31 15:16:36.637 W/System.err( 1935): 	at com.android.internal.os.ZygoteInit$MethodAndArgsCaller.run(ZygoteInit.java:892)
08-31 15:16:36.637 W/System.err( 1935): 	at com.android.internal.os.ZygoteInit.main(ZygoteInit.java:782)
08-31 15:16:36.640 I/ActivityManager( 1281): START u0 {cmp=com.oriondev.moneywallet/.ui.activity.NewEditSavingActivity} from uid 10064 on display 0
08-31 15:16:36.640 W/ActivityManager( 1281): Permission Denial: starting Intent { cmp=com.oriondev.moneywallet/.ui.activity.NewEditSavingActivity } from ProcessRecord{bda5613 1935:com.android.intentfuzzer/u0a64} (pid=1935, uid=10064) not exported from uid 10032
08-31 15:16:36.641 W/System.err( 1935): java.lang.Exception: Toast callstack! strTip=Send Intent Failed!
08-31 15:16:36.642 W/System.err( 1935): 	at android.widget.Toast.show(Toast.java:130)
08-31 15:16:36.642 W/System.err( 1935): 	at com.android.intentfuzzer.FuzzerActivity$3.onClick(FuzzerActivity.java:167)
08-31 15:16:36.642 W/System.err( 1935): 	at android.view.View.performClick(View.java:5637)
08-31 15:16:36.642 W/System.err( 1935): 	at android.view.View$PerformClick.run(View.java:22429)
08-31 15:16:36.642 W/System.err( 1935): 	at android.os.Handler.handleCallback(Handler.java:751)
08-31 15:16:36.642 W/System.err( 1935): 	at android.os.Handler.dispatchMessage(Handler.java:95)
08-31 15:16:36.642 W/System.err( 1935): 	at android.os.Looper.loop(Looper.java:154)
08-31 15:16:36.642 W/System.err( 1935): 	at android.app.ActivityThread.main(ActivityThread.java:6190)
08-31 15:16:36.642 W/System.err( 1935): 	at java.lang.reflect.Method.invoke(Native Method)
08-31 15:16:36.642 W/System.err( 1935): 	at com.android.internal.os.ZygoteInit$MethodAndArgsCaller.run(ZygoteInit.java:892)
08-31 15:16:36.642 W/System.err( 1935): 	at com.android.internal.os.ZygoteInit.main(ZygoteInit.java:782)
08-31 15:16:36.644 I/ActivityManager( 1281): START u0 {cmp=com.oriondev.moneywallet/.ui.activity.NewEditEventActivity} from uid 10064 on display 0
08-31 15:16:36.644 W/ActivityManager( 1281): Permission Denial: starting Intent { cmp=com.oriondev.moneywallet/.ui.activity.NewEditEventActivity } from ProcessRecord{bda5613 1935:com.android.intentfuzzer/u0a64} (pid=1935, uid=10064) not exported from uid 10032
08-31 15:16:36.646 W/System.err( 1935): java.lang.Exception: Toast callstack! strTip=Send Intent Failed!
08-31 15:16:36.646 W/System.err( 1935): 	at android.widget.Toast.show(Toast.java:130)
08-31 15:16:36.646 W/System.err( 1935): 	at com.android.intentfuzzer.FuzzerActivity$3.onClick(FuzzerActivity.java:167)
08-31 15:16:36.646 W/System.err( 1935): 	at android.view.View.performClick(View.java:5637)
08-31 15:16:36.646 W/System.err( 1935): 	at android.view.View$PerformClick.run(View.java:22429)
08-31 15:16:36.646 W/System.err( 1935): 	at android.os.Handler.handleCallback(Handler.java:751)
08-31 15:16:36.647 W/System.err( 1935): 	at android.os.Handler.dispatchMessage(Handler.java:95)
08-31 15:16:36.647 W/System.err( 1935): 	at android.os.Looper.loop(Looper.java:154)
08-31 15:16:36.647 W/System.err( 1935): 	at android.app.ActivityThread.main(ActivityThread.java:6190)
08-31 15:16:36.647 W/System.err( 1935): 	at java.lang.reflect.Method.invoke(Native Method)
08-31 15:16:36.647 W/System.err( 1935): 	at com.android.internal.os.ZygoteInit$MethodAndArgsCaller.run(ZygoteInit.java:892)
08-31 15:16:36.647 W/System.err( 1935): 	at com.android.internal.os.ZygoteInit.main(ZygoteInit.java:782)
08-31 15:16:36.648 I/ActivityManager( 1281): START u0 {cmp=com.oriondev.moneywallet/.ui.activity.NewEditRecurrentTransactionActivity} from uid 10064 on display 0
08-31 15:16:36.649 W/ActivityManager( 1281): Permission Denial: starting Intent { cmp=com.oriondev.moneywallet/.ui.activity.NewEditRecurrentTransactionActivity } from ProcessRecord{bda5613 1935:com.android.intentfuzzer/u0a64} (pid=1935, uid=10064) not exported from uid 10032
08-31 15:16:36.651 W/System.err( 1935): java.lang.Exception: Toast callstack! strTip=Send Intent Failed!
08-31 15:16:36.651 W/System.err( 1935): 	at android.widget.Toast.show(Toast.java:130)
08-31 15:16:36.652 W/System.err( 1935): 	at com.android.intentfuzzer.FuzzerActivity$3.onClick(FuzzerActivity.java:167)
08-31 15:16:36.652 W/System.err( 1935): 	at android.view.View.performClick(View.java:5637)
08-31 15:16:36.652 W/System.err( 1935): 	at android.view.View$PerformClick.run(View.java:22429)
08-31 15:16:36.652 W/System.err( 1935): 	at android.os.Handler.handleCallback(Handler.java:751)
08-31 15:16:36.652 W/System.err( 1935): 	at android.os.Handler.dispatchMessage(Handler.java:95)
08-31 15:16:36.652 W/System.err( 1935): 	at android.os.Looper.loop(Looper.java:154)
08-31 15:16:36.652 W/System.err( 1935): 	at android.app.ActivityThread.main(ActivityThread.java:6190)
08-31 15:16:36.652 W/System.err( 1935): 	at java.lang.reflect.Method.invoke(Native Method)
08-31 15:16:36.652 W/System.err( 1935): 	at com.android.internal.os.ZygoteInit$MethodAndArgsCaller.run(ZygoteInit.java:892)
08-31 15:16:36.652 W/System.err( 1935): 	at com.android.internal.os.ZygoteInit.main(ZygoteInit.java:782)
08-31 15:16:36.654 I/ActivityManager( 1281): START u0 {cmp=com.oriondev.moneywallet/.ui.activity.NewEditRecurrentTransferActivity} from uid 10064 on display 0
08-31 15:16:36.654 W/ActivityManager( 1281): Permission Denial: starting Intent { cmp=com.oriondev.moneywallet/.ui.activity.NewEditRecurrentTransferActivity } from ProcessRecord{bda5613 1935:com.android.intentfuzzer/u0a64} (pid=1935, uid=10064) not exported from uid 10032
08-31 15:16:36.655 W/System.err( 1935): java.lang.Exception: Toast callstack! strTip=Send Intent Failed!
08-31 15:16:36.655 W/System.err( 1935): 	at android.widget.Toast.show(Toast.java:130)
08-31 15:16:36.655 W/System.err( 1935): 	at com.android.intentfuzzer.FuzzerActivity$3.onClick(FuzzerActivity.java:167)
08-31 15:16:36.655 W/System.err( 1935): 	at android.view.View.performClick(View.java:5637)
08-31 15:16:36.655 W/System.err( 1935): 	at android.view.View$PerformClick.run(View.java:22429)
08-31 15:16:36.655 W/System.err( 1935): 	at android.os.Handler.handleCallback(Handler.java:751)
08-31 15:16:36.655 W/System.err( 1935): 	at android.os.Handler.dispatchMessage(Handler.java:95)
08-31 15:16:36.655 W/System.err( 1935): 	at android.os.Looper.loop(Looper.java:154)
08-31 15:16:36.655 W/System.err( 1935): 	at android.app.ActivityThread.main(ActivityThread.java:6190)
08-31 15:16:36.655 W/System.err( 1935): 	at java.lang.reflect.Method.invoke(Native Method)
08-31 15:16:36.655 W/System.err( 1935): 	at com.android.internal.os.ZygoteInit$MethodAndArgsCaller.run(ZygoteInit.java:892)
08-31 15:16:36.655 W/System.err( 1935): 	at com.android.internal.os.ZygoteInit.main(ZygoteInit.java:782)
08-31 15:16:36.657 I/ActivityManager( 1281): START u0 {cmp=com.oriondev.moneywallet/.ui.activity.NewEditTransactionModelActivity} from uid 10064 on display 0
08-31 15:16:36.657 W/ActivityManager( 1281): Permission Denial: starting Intent { cmp=com.oriondev.moneywallet/.ui.activity.NewEditTransactionModelActivity } from ProcessRecord{bda5613 1935:com.android.intentfuzzer/u0a64} (pid=1935, uid=10064) not exported from uid 10032
08-31 15:16:36.658 W/System.err( 1935): java.lang.Exception: Toast callstack! strTip=Send Intent Failed!
08-31 15:16:36.658 W/System.err( 1935): 	at android.widget.Toast.show(Toast.java:130)
08-31 15:16:36.658 W/System.err( 1935): 	at com.android.intentfuzzer.FuzzerActivity$3.onClick(FuzzerActivity.java:167)
08-31 15:16:36.658 W/System.err( 1935): 	at android.view.View.performClick(View.java:5637)
08-31 15:16:36.658 W/System.err( 1935): 	at android.view.View$PerformClick.run(View.java:22429)
08-31 15:16:36.658 W/System.err( 1935): 	at android.os.Handler.handleCallback(Handler.java:751)
08-31 15:16:36.658 W/System.err( 1935): 	at android.os.Handler.dispatchMessage(Handler.java:95)
08-31 15:16:36.658 W/System.err( 1935): 	at android.os.Looper.loop(Looper.java:154)
08-31 15:16:36.658 W/System.err( 1935): 	at android.app.ActivityThread.main(ActivityThread.java:6190)
08-31 15:16:36.658 W/System.err( 1935): 	at java.lang.reflect.Method.invoke(Native Method)
08-31 15:16:36.658 W/System.err( 1935): 	at com.android.internal.os.ZygoteInit$MethodAndArgsCaller.run(ZygoteInit.java:892)
08-31 15:16:36.658 W/System.err( 1935): 	at com.android.internal.os.ZygoteInit.main(ZygoteInit.java:782)
08-31 15:16:36.660 I/ActivityManager( 1281): START u0 {cmp=com.oriondev.moneywallet/.ui.activity.NewEditTransferModelActivity} from uid 10064 on display 0
08-31 15:16:36.660 W/ActivityManager( 1281): Permission Denial: starting Intent { cmp=com.oriondev.moneywallet/.ui.activity.NewEditTransferModelActivity } from ProcessRecord{bda5613 1935:com.android.intentfuzzer/u0a64} (pid=1935, uid=10064) not exported from uid 10032
08-31 15:16:36.661 W/System.err( 1935): java.lang.Exception: Toast callstack! strTip=Send Intent Failed!
08-31 15:16:36.661 W/System.err( 1935): 	at android.widget.Toast.show(Toast.java:130)
08-31 15:16:36.661 W/System.err( 1935): 	at com.android.intentfuzzer.FuzzerActivity$3.onClick(FuzzerActivity.java:167)
08-31 15:16:36.661 W/System.err( 1935): 	at android.view.View.performClick(View.java:5637)
08-31 15:16:36.661 W/System.err( 1935): 	at android.view.View$PerformClick.run(View.java:22429)
08-31 15:16:36.661 W/System.err( 1935): 	at android.os.Handler.handleCallback(Handler.java:751)
08-31 15:16:36.661 W/System.err( 1935): 	at android.os.Handler.dispatchMessage(Handler.java:95)
08-31 15:16:36.661 W/System.err( 1935): 	at android.os.Looper.loop(Looper.java:154)
08-31 15:16:36.661 W/System.err( 1935): 	at android.app.ActivityThread.main(ActivityThread.java:6190)
08-31 15:16:36.661 W/System.err( 1935): 	at java.lang.reflect.Method.invoke(Native Method)
08-31 15:16:36.661 W/System.err( 1935): 	at com.android.internal.os.ZygoteInit$MethodAndArgsCaller.run(ZygoteInit.java:892)
08-31 15:16:36.661 W/System.err( 1935): 	at com.android.internal.os.ZygoteInit.main(ZygoteInit.java:782)
08-31 15:16:36.663 I/ActivityManager( 1281): START u0 {cmp=com.oriondev.moneywallet/.ui.activity.NewEditPlaceActivity} from uid 10064 on display 0
08-31 15:16:36.663 W/ActivityManager( 1281): Permission Denial: starting Intent { cmp=com.oriondev.moneywallet/.ui.activity.NewEditPlaceActivity } from ProcessRecord{bda5613 1935:com.android.intentfuzzer/u0a64} (pid=1935, uid=10064) not exported from uid 10032
08-31 15:16:36.665 W/System.err( 1935): java.lang.Exception: Toast callstack! strTip=Send Intent Failed!
08-31 15:16:36.665 W/System.err( 1935): 	at android.widget.Toast.show(Toast.java:130)
08-31 15:16:36.665 W/System.err( 1935): 	at com.android.intentfuzzer.FuzzerActivity$3.onClick(FuzzerActivity.java:167)
08-31 15:16:36.665 W/System.err( 1935): 	at android.view.View.performClick(View.java:5637)
08-31 15:16:36.665 W/System.err( 1935): 	at android.view.View$PerformClick.run(View.java:22429)
08-31 15:16:36.665 W/System.err( 1935): 	at android.os.Handler.handleCallback(Handler.java:751)
08-31 15:16:36.665 W/System.err( 1935): 	at android.os.Handler.dispatchMessage(Handler.java:95)
08-31 15:16:36.665 W/System.err( 1935): 	at android.os.Looper.loop(Looper.java:154)
08-31 15:16:36.665 W/System.err( 1935): 	at android.app.ActivityThread.main(ActivityThread.java:6190)
08-31 15:16:36.665 W/System.err( 1935): 	at java.lang.reflect.Method.invoke(Native Method)
08-31 15:16:36.665 W/System.err( 1935): 	at com.android.internal.os.ZygoteInit$MethodAndArgsCaller.run(ZygoteInit.java:892)
08-31 15:16:36.665 W/System.err( 1935): 	at com.android.internal.os.ZygoteInit.main(ZygoteInit.java:782)
08-31 15:16:36.666 I/ActivityManager( 1281): START u0 {cmp=com.oriondev.moneywallet/.ui.activity.NewEditPersonActivity} from uid 10064 on display 0
08-31 15:16:36.666 W/ActivityManager( 1281): Permission Denial: starting Intent { cmp=com.oriondev.moneywallet/.ui.activity.NewEditPersonActivity } from ProcessRecord{bda5613 1935:com.android.intentfuzzer/u0a64} (pid=1935, uid=10064) not exported from uid 10032
08-31 15:16:36.667 W/System.err( 1935): java.lang.Exception: Toast callstack! strTip=Send Intent Failed!
08-31 15:16:36.667 W/System.err( 1935): 	at android.widget.Toast.show(Toast.java:130)
08-31 15:16:36.667 W/System.err( 1935): 	at com.android.intentfuzzer.FuzzerActivity$3.onClick(FuzzerActivity.java:167)
08-31 15:16:36.667 W/System.err( 1935): 	at android.view.View.performClick(View.java:5637)
08-31 15:16:36.667 W/System.err( 1935): 	at android.view.View$PerformClick.run(View.java:22429)
08-31 15:16:36.667 W/System.err( 1935): 	at android.os.Handler.handleCallback(Handler.java:751)
08-31 15:16:36.667 W/System.err( 1935): 	at android.os.Handler.dispatchMessage(Handler.java:95)
08-31 15:16:36.667 W/System.err( 1935): 	at android.os.Looper.loop(Looper.java:154)
08-31 15:16:36.667 W/System.err( 1935): 	at android.app.ActivityThread.main(ActivityThread.java:6190)
08-31 15:16:36.668 W/System.err( 1935): 	at java.lang.reflect.Method.invoke(Native Method)
08-31 15:16:36.668 W/System.err( 1935): 	at com.android.internal.os.ZygoteInit$MethodAndArgsCaller.run(ZygoteInit.java:892)
08-31 15:16:36.668 W/System.err( 1935): 	at com.android.internal.os.ZygoteInit.main(ZygoteInit.java:782)
08-31 15:16:36.669 I/ActivityManager( 1281): START u0 {cmp=com.oriondev.moneywallet/.ui.activity.CurrencyListActivity} from uid 10064 on display 0
08-31 15:16:36.669 W/ActivityManager( 1281): Permission Denial: starting Intent { cmp=com.oriondev.moneywallet/.ui.activity.CurrencyListActivity } from ProcessRecord{bda5613 1935:com.android.intentfuzzer/u0a64} (pid=1935, uid=10064) not exported from uid 10032
08-31 15:16:36.670 W/System.err( 1935): java.lang.Exception: Toast callstack! strTip=Send Intent Failed!
08-31 15:16:36.671 W/System.err( 1935): 	at android.widget.Toast.show(Toast.java:130)
08-31 15:16:36.671 W/System.err( 1935): 	at com.android.intentfuzzer.FuzzerActivity$3.onClick(FuzzerActivity.java:167)
08-31 15:16:36.671 W/System.err( 1935): 	at android.view.View.performClick(View.java:5637)
08-31 15:16:36.671 W/System.err( 1935): 	at android.view.View$PerformClick.run(View.java:22429)
08-31 15:16:36.671 W/System.err( 1935): 	at android.os.Handler.handleCallback(Handler.java:751)
08-31 15:16:36.671 W/System.err( 1935): 	at android.os.Handler.dispatchMessage(Handler.java:95)
08-31 15:16:36.671 W/System.err( 1935): 	at android.os.Looper.loop(Looper.java:154)
08-31 15:16:36.671 W/System.err( 1935): 	at android.app.ActivityThread.main(ActivityThread.java:6190)
08-31 15:16:36.671 W/System.err( 1935): 	at java.lang.reflect.Method.invoke(Native Method)
08-31 15:16:36.671 W/System.err( 1935): 	at com.android.internal.os.ZygoteInit$MethodAndArgsCaller.run(ZygoteInit.java:892)
08-31 15:16:36.671 W/System.err( 1935): 	at com.android.internal.os.ZygoteInit.main(ZygoteInit.java:782)
08-31 15:16:36.672 I/ActivityManager( 1281): START u0 {cmp=com.oriondev.moneywallet/.ui.activity.CategoryPickerActivity} from uid 10064 on display 0
08-31 15:16:36.672 W/ActivityManager( 1281): Permission Denial: starting Intent { cmp=com.oriondev.moneywallet/.ui.activity.CategoryPickerActivity } from ProcessRecord{bda5613 1935:com.android.intentfuzzer/u0a64} (pid=1935, uid=10064) not exported from uid 10032
08-31 15:16:36.673 W/System.err( 1935): java.lang.Exception: Toast callstack! strTip=Send Intent Failed!
08-31 15:16:36.673 W/System.err( 1935): 	at android.widget.Toast.show(Toast.java:130)
08-31 15:16:36.673 W/System.err( 1935): 	at com.android.intentfuzzer.FuzzerActivity$3.onClick(FuzzerActivity.java:167)
08-31 15:16:36.673 W/System.err( 1935): 	at android.view.View.performClick(View.java:5637)
08-31 15:16:36.673 W/System.err( 1935): 	at android.view.View$PerformClick.run(View.java:22429)
08-31 15:16:36.673 W/System.err( 1935): 	at android.os.Handler.handleCallback(Handler.java:751)
08-31 15:16:36.673 W/System.err( 1935): 	at android.os.Handler.dispatchMessage(Handler.java:95)
08-31 15:16:36.673 W/System.err( 1935): 	at android.os.Looper.loop(Looper.java:154)
08-31 15:16:36.673 W/System.err( 1935): 	at android.app.ActivityThread.main(ActivityThread.java:6190)
08-31 15:16:36.673 W/System.err( 1935): 	at java.lang.reflect.Method.invoke(Native Method)
08-31 15:16:36.673 W/System.err( 1935): 	at com.android.internal.os.ZygoteInit$MethodAndArgsCaller.run(ZygoteInit.java:892)
08-31 15:16:36.673 W/System.err( 1935): 	at com.android.internal.os.ZygoteInit.main(ZygoteInit.java:782)
08-31 15:16:36.677 I/ActivityManager( 1281): START u0 {cmp=com.oriondev.moneywallet/.ui.activity.IconListActivity} from uid 10064 on display 0
08-31 15:16:36.677 W/ActivityManager( 1281): Permission Denial: starting Intent { cmp=com.oriondev.moneywallet/.ui.activity.IconListActivity } from ProcessRecord{bda5613 1935:com.android.intentfuzzer/u0a64} (pid=1935, uid=10064) not exported from uid 10032
08-31 15:16:36.678 W/System.err( 1935): java.lang.Exception: Toast callstack! strTip=Send Intent Failed!
08-31 15:16:36.678 W/System.err( 1935): 	at android.widget.Toast.show(Toast.java:130)
08-31 15:16:36.678 W/System.err( 1935): 	at com.android.intentfuzzer.FuzzerActivity$3.onClick(FuzzerActivity.java:167)
08-31 15:16:36.678 W/System.err( 1935): 	at android.view.View.performClick(View.java:5637)
08-31 15:16:36.678 W/System.err( 1935): 	at android.view.View$PerformClick.run(View.java:22429)
08-31 15:16:36.678 W/System.err( 1935): 	at android.os.Handler.handleCallback(Handler.java:751)
08-31 15:16:36.678 W/System.err( 1935): 	at android.os.Handler.dispatchMessage(Handler.java:95)
08-31 15:16:36.678 W/System.err( 1935): 	at android.os.Looper.loop(Looper.java:154)
08-31 15:16:36.678 W/System.err( 1935): 	at android.app.ActivityThread.main(ActivityThread.java:6190)
08-31 15:16:36.678 W/System.err( 1935): 	at java.lang.reflect.Method.invoke(Native Method)
08-31 15:16:36.678 W/System.err( 1935): 	at com.android.internal.os.ZygoteInit$MethodAndArgsCaller.run(ZygoteInit.java:892)
08-31 15:16:36.678 W/System.err( 1935): 	at com.android.internal.os.ZygoteInit.main(ZygoteInit.java:782)
08-31 15:16:36.679 I/ActivityManager( 1281): START u0 {cmp=com.oriondev.moneywallet/.ui.activity.CalculatorActivity} from uid 10064 on display 0
08-31 15:16:36.679 W/ActivityManager( 1281): Permission Denial: starting Intent { cmp=com.oriondev.moneywallet/.ui.activity.CalculatorActivity } from ProcessRecord{bda5613 1935:com.android.intentfuzzer/u0a64} (pid=1935, uid=10064) not exported from uid 10032
08-31 15:16:36.680 W/System.err( 1935): java.lang.Exception: Toast callstack! strTip=Send Intent Failed!
08-31 15:16:36.681 W/System.err( 1935): 	at android.widget.Toast.show(Toast.java:130)
08-31 15:16:36.681 W/System.err( 1935): 	at com.android.intentfuzzer.FuzzerActivity$3.onClick(FuzzerActivity.java:167)
08-31 15:16:36.681 W/System.err( 1935): 	at android.view.View.performClick(View.java:5637)
08-31 15:16:36.681 W/System.err( 1935): 	at android.view.View$PerformClick.run(View.java:22429)
08-31 15:16:36.681 W/System.err( 1935): 	at android.os.Handler.handleCallback(Handler.java:751)
08-31 15:16:36.681 W/System.err( 1935): 	at android.os.Handler.dispatchMessage(Handler.java:95)
08-31 15:16:36.681 W/System.err( 1935): 	at android.os.Looper.loop(Looper.java:154)
08-31 15:16:36.681 W/System.err( 1935): 	at android.app.ActivityThread.main(ActivityThread.java:6190)
08-31 15:16:36.681 W/System.err( 1935): 	at java.lang.reflect.Method.invoke(Native Method)
08-31 15:16:36.681 W/System.err( 1935): 	at com.android.internal.os.ZygoteInit$MethodAndArgsCaller.run(ZygoteInit.java:892)
08-31 15:16:36.681 W/System.err( 1935): 	at com.android.internal.os.ZygoteInit.main(ZygoteInit.java:782)
08-31 15:16:36.682 I/ActivityManager( 1281): START u0 {cmp=com.oriondev.moneywallet/.ui.activity.CurrencyConverterActivity} from uid 10064 on display 0
08-31 15:16:36.682 W/ActivityManager( 1281): Permission Denial: starting Intent { cmp=com.oriondev.moneywallet/.ui.activity.CurrencyConverterActivity } from ProcessRecord{bda5613 1935:com.android.intentfuzzer/u0a64} (pid=1935, uid=10064) not exported from uid 10032
08-31 15:16:36.683 W/System.err( 1935): java.lang.Exception: Toast callstack! strTip=Send Intent Failed!
08-31 15:16:36.683 W/System.err( 1935): 	at android.widget.Toast.show(Toast.java:130)
08-31 15:16:36.683 W/System.err( 1935): 	at com.android.intentfuzzer.FuzzerActivity$3.onClick(FuzzerActivity.java:167)
08-31 15:16:36.683 W/System.err( 1935): 	at android.view.View.performClick(View.java:5637)
08-31 15:16:36.683 W/System.err( 1935): 	at android.view.View$PerformClick.run(View.java:22429)
08-31 15:16:36.683 W/System.err( 1935): 	at android.os.Handler.handleCallback(Handler.java:751)
08-31 15:16:36.683 W/System.err( 1935): 	at android.os.Handler.dispatchMessage(Handler.java:95)
08-31 15:16:36.683 W/System.err( 1935): 	at android.os.Looper.loop(Looper.java:154)
08-31 15:16:36.683 W/System.err( 1935): 	at android.app.ActivityThread.main(ActivityThread.java:6190)
08-31 15:16:36.683 W/System.err( 1935): 	at java.lang.reflect.Method.invoke(Native Method)
08-31 15:16:36.683 W/System.err( 1935): 	at com.android.internal.os.ZygoteInit$MethodAndArgsCaller.run(ZygoteInit.java:892)
08-31 15:16:36.683 W/System.err( 1935): 	at com.android.internal.os.ZygoteInit.main(ZygoteInit.java:782)
08-31 15:16:36.684 I/ActivityManager( 1281): START u0 {cmp=com.oriondev.moneywallet/.ui.activity.AboutActivity} from uid 10064 on display 0
08-31 15:16:36.684 W/ActivityManager( 1281): Permission Denial: starting Intent { cmp=com.oriondev.moneywallet/.ui.activity.AboutActivity } from ProcessRecord{bda5613 1935:com.android.intentfuzzer/u0a64} (pid=1935, uid=10064) not exported from uid 10032
08-31 15:16:36.685 W/System.err( 1935): java.lang.Exception: Toast callstack! strTip=Send Intent Failed!
08-31 15:16:36.686 W/System.err( 1935): 	at android.widget.Toast.show(Toast.java:130)
08-31 15:16:36.686 W/System.err( 1935): 	at com.android.intentfuzzer.FuzzerActivity$3.onClick(FuzzerActivity.java:167)
08-31 15:16:36.686 W/System.err( 1935): 	at android.view.View.performClick(View.java:5637)
08-31 15:16:36.686 W/System.err( 1935): 	at android.view.View$PerformClick.run(View.java:22429)
08-31 15:16:36.686 W/System.err( 1935): 	at android.os.Handler.handleCallback(Handler.java:751)
08-31 15:16:36.686 W/System.err( 1935): 	at android.os.Handler.dispatchMessage(Handler.java:95)
08-31 15:16:36.686 W/System.err( 1935): 	at android.os.Looper.loop(Looper.java:154)
08-31 15:16:36.686 W/System.err( 1935): 	at android.app.ActivityThread.main(ActivityThread.java:6190)
08-31 15:16:36.686 W/System.err( 1935): 	at java.lang.reflect.Method.invoke(Native Method)
08-31 15:16:36.686 W/System.err( 1935): 	at com.android.internal.os.ZygoteInit$MethodAndArgsCaller.run(ZygoteInit.java:892)
08-31 15:16:36.686 W/System.err( 1935): 	at com.android.internal.os.ZygoteInit.main(ZygoteInit.java:782)
08-31 15:16:36.689 I/ActivityManager( 1281): START u0 {cmp=com.oriondev.moneywallet/.ui.activity.SearchActivity} from uid 10064 on display 0
08-31 15:16:36.689 W/ActivityManager( 1281): Permission Denial: starting Intent { cmp=com.oriondev.moneywallet/.ui.activity.SearchActivity } from ProcessRecord{bda5613 1935:com.android.intentfuzzer/u0a64} (pid=1935, uid=10064) not exported from uid 10032
08-31 15:16:36.690 W/System.err( 1935): java.lang.Exception: Toast callstack! strTip=Send Intent Failed!
08-31 15:16:36.690 W/System.err( 1935): 	at android.widget.Toast.show(Toast.java:130)
08-31 15:16:36.690 W/System.err( 1935): 	at com.android.intentfuzzer.FuzzerActivity$3.onClick(FuzzerActivity.java:167)
08-31 15:16:36.690 W/System.err( 1935): 	at android.view.View.performClick(View.java:5637)
08-31 15:16:36.690 W/System.err( 1935): 	at android.view.View$PerformClick.run(View.java:22429)
08-31 15:16:36.690 W/System.err( 1935): 	at android.os.Handler.handleCallback(Handler.java:751)
08-31 15:16:36.690 W/System.err( 1935): 	at android.os.Handler.dispatchMessage(Handler.java:95)
08-31 15:16:36.690 W/System.err( 1935): 	at android.os.Looper.loop(Looper.java:154)
08-31 15:16:36.690 W/System.err( 1935): 	at android.app.ActivityThread.main(ActivityThread.java:6190)
08-31 15:16:36.690 W/System.err( 1935): 	at java.lang.reflect.Method.invoke(Native Method)
08-31 15:16:36.690 W/System.err( 1935): 	at com.android.internal.os.ZygoteInit$MethodAndArgsCaller.run(ZygoteInit.java:892)
08-31 15:16:36.690 W/System.err( 1935): 	at com.android.internal.os.ZygoteInit.main(ZygoteInit.java:782)
08-31 15:16:36.692 I/ActivityManager( 1281): START u0 {cmp=com.oriondev.moneywallet/.ui.activity.CalendarActivity} from uid 10064 on display 0
08-31 15:16:36.692 W/ActivityManager( 1281): Permission Denial: starting Intent { cmp=com.oriondev.moneywallet/.ui.activity.CalendarActivity } from ProcessRecord{bda5613 1935:com.android.intentfuzzer/u0a64} (pid=1935, uid=10064) not exported from uid 10032
08-31 15:16:36.693 W/System.err( 1935): java.lang.Exception: Toast callstack! strTip=Send Intent Failed!
08-31 15:16:36.693 W/System.err( 1935): 	at android.widget.Toast.show(Toast.java:130)
08-31 15:16:36.693 W/System.err( 1935): 	at com.android.intentfuzzer.FuzzerActivity$3.onClick(FuzzerActivity.java:167)
08-31 15:16:36.693 W/System.err( 1935): 	at android.view.View.performClick(View.java:5637)
08-31 15:16:36.693 W/System.err( 1935): 	at android.view.View$PerformClick.run(View.java:22429)
08-31 15:16:36.693 W/System.err( 1935): 	at android.os.Handler.handleCallback(Handler.java:751)
08-31 15:16:36.693 W/System.err( 1935): 	at android.os.Handler.dispatchMessage(Handler.java:95)
08-31 15:16:36.693 W/System.err( 1935): 	at android.os.Looper.loop(Looper.java:154)
08-31 15:16:36.693 W/System.err( 1935): 	at android.app.ActivityThread.main(ActivityThread.java:6190)
08-31 15:16:36.693 W/System.err( 1935): 	at java.lang.reflect.Method.invoke(Native Method)
08-31 15:16:36.693 W/System.err( 1935): 	at com.android.internal.os.ZygoteInit$MethodAndArgsCaller.run(ZygoteInit.java:892)
08-31 15:16:36.693 W/System.err( 1935): 	at com.android.internal.os.ZygoteInit.main(ZygoteInit.java:782)
08-31 15:16:36.694 I/ActivityManager( 1281): START u0 {cmp=com.oriondev.moneywallet/.ui.activity.MapActivity} from uid 10064 on display 0
08-31 15:16:36.694 W/ActivityManager( 1281): Permission Denial: starting Intent { cmp=com.oriondev.moneywallet/.ui.activity.MapActivity } from ProcessRecord{bda5613 1935:com.android.intentfuzzer/u0a64} (pid=1935, uid=10064) not exported from uid 10032
08-31 15:16:36.695 W/System.err( 1935): java.lang.Exception: Toast callstack! strTip=Send Intent Failed!
08-31 15:16:36.695 W/System.err( 1935): 	at android.widget.Toast.show(Toast.java:130)
08-31 15:16:36.695 W/System.err( 1935): 	at com.android.intentfuzzer.FuzzerActivity$3.onClick(FuzzerActivity.java:167)
08-31 15:16:36.695 W/System.err( 1935): 	at android.view.View.performClick(View.java:5637)
08-31 15:16:36.695 W/System.err( 1935): 	at android.view.View$PerformClick.run(View.java:22429)
08-31 15:16:36.695 W/System.err( 1935): 	at android.os.Handler.handleCallback(Handler.java:751)
08-31 15:16:36.695 W/System.err( 1935): 	at android.os.Handler.dispatchMessage(Handler.java:95)
08-31 15:16:36.695 W/System.err( 1935): 	at android.os.Looper.loop(Looper.java:154)
08-31 15:16:36.695 W/System.err( 1935): 	at android.app.ActivityThread.main(ActivityThread.java:6190)
08-31 15:16:36.695 W/System.err( 1935): 	at java.lang.reflect.Method.invoke(Native Method)
08-31 15:16:36.695 W/System.err( 1935): 	at com.android.internal.os.ZygoteInit$MethodAndArgsCaller.run(ZygoteInit.java:892)
08-31 15:16:36.695 W/System.err( 1935): 	at com.android.internal.os.ZygoteInit.main(ZygoteInit.java:782)
08-31 15:16:36.696 I/ActivityManager( 1281): START u0 {cmp=com.oriondev.moneywallet/.ui.activity.PeriodDetailActivity} from uid 10064 on display 0
08-31 15:16:36.696 W/ActivityManager( 1281): Permission Denial: starting Intent { cmp=com.oriondev.moneywallet/.ui.activity.PeriodDetailActivity } from ProcessRecord{bda5613 1935:com.android.intentfuzzer/u0a64} (pid=1935, uid=10064) not exported from uid 10032
08-31 15:16:36.697 W/System.err( 1935): java.lang.Exception: Toast callstack! strTip=Send Intent Failed!
