09-01 10:35:43.737 D/StrictMode( 2974): 	at android.os.StrictMode$AndroidBlockGuardPolicy.onReadFromDisk(StrictMode.java:1293)
09-01 10:35:43.737 D/StrictMode( 2974): 	at android.database.sqlite.SQLiteConnection.applyBlockGuardPolicy(SQLiteConnection.java:1041)
09-01 10:35:43.737 D/StrictMode( 2974): 	at android.database.sqlite.SQLiteConnection.executeForString(SQLiteConnection.java:638)
09-01 10:35:43.737 D/StrictMode( 2974): 	at android.database.sqlite.SQLiteConnection.setSyncMode(SQLiteConnection.java:301)
09-01 10:35:43.737 D/StrictMode( 2974): 	at android.database.sqlite.SQLiteConnection.setWalModeFromConfiguration(SQLiteConnection.java:295)
09-01 10:35:43.737 D/StrictMode( 2974): 	at android.database.sqlite.SQLiteConnection.open(SQLiteConnection.java:215)
09-01 10:35:43.737 D/StrictMode( 2974): 	at android.database.sqlite.SQLiteConnection.open(SQLiteConnection.java:193)
09-01 10:35:43.737 D/StrictMode( 2974): 	at android.database.sqlite.SQLiteConnectionPool.openConnectionLocked(SQLiteConnectionPool.java:463)
09-01 10:35:43.737 D/StrictMode( 2974): 	at android.database.sqlite.SQLiteConnectionPool.open(SQLiteConnectionPool.java:185)
09-01 10:35:43.737 D/StrictMode( 2974): 	at android.database.sqlite.SQLiteConnectionPool.open(SQLiteConnectionPool.java:177)
09-01 10:35:43.737 D/StrictMode( 2974): 	at android.database.sqlite.SQLiteDatabase.openInner(SQLiteDatabase.java:808)
09-01 10:35:43.737 D/StrictMode( 2974): 	at android.database.sqlite.SQLiteDatabase.open(SQLiteDatabase.java:793)
09-01 10:35:43.737 D/StrictMode( 2974): 	at android.database.sqlite.SQLiteDatabase.openDatabase(SQLiteDatabase.java:696)
09-01 10:35:43.737 D/StrictMode( 2974): 	at android.app.ContextImpl.openOrCreateDatabase(ContextImpl.java:653)
09-01 10:35:43.737 D/StrictMode( 2974): 	at android.content.ContextWrapper.openOrCreateDatabase(ContextWrapper.java:289)
09-01 10:35:43.737 D/StrictMode( 2974): 	at android.database.sqlite.SQLiteOpenHelper.getDatabaseLocked(SQLiteOpenHelper.java:223)
09-01 10:35:43.737 D/StrictMode( 2974): 	at android.database.sqlite.SQLiteOpenHelper.getReadableDatabase(SQLiteOpenHelper.java:187)
09-01 10:35:43.737 D/StrictMode( 2974): 	at com.etesync.syncadapter.App.loadLanguage(App.kt:107)
09-01 10:35:43.737 D/StrictMode( 2974): 	at com.etesync.syncadapter.App.onCreate(App.kt:77)
09-01 10:35:43.737 D/StrictMode( 2974): 	at android.app.Instrumentation.callApplicationOnCreate(Instrumentation.java:1024)
09-01 10:35:43.737 D/StrictMode( 2974): 	at android.app.ActivityThread.handleBindApplication(ActivityThread.java:5474)
09-01 10:35:43.737 D/StrictMode( 2974): 	at android.app.ActivityThread.-wrap2(ActivityThread.java)
09-01 10:35:43.737 D/StrictMode( 2974): 	at android.app.ActivityThread$H.handleMessage(ActivityThread.java:1550)
09-01 10:35:43.737 D/StrictMode( 2974): 	at android.os.Handler.dispatchMessage(Handler.java:102)
09-01 10:35:43.737 D/StrictMode( 2974): 	at android.os.Looper.loop(Looper.java:154)
09-01 10:35:43.737 D/StrictMode( 2974): 	at android.app.ActivityThread.main(ActivityThread.java:6190)
09-01 10:35:43.737 D/StrictMode( 2974): 	at java.lang.reflect.Method.invoke(Native Method)
09-01 10:35:43.737 D/StrictMode( 2974): 	at com.android.internal.os.ZygoteInit$MethodAndArgsCaller.run(ZygoteInit.java:892)
09-01 10:35:43.737 D/StrictMode( 2974): 	at com.android.internal.os.ZygoteInit.main(ZygoteInit.java:782)
09-01 10:35:43.762 I/etesync ( 2974): [com.etesync.syncadapter.PackageChangedReceiver] Package (un)installed; OpenTasks provider now available = false
09-01 10:35:43.810 W/art     ( 2974): Before Android 4.1, method android.graphics.PorterDuffColorFilter androidx.vectordrawable.graphics.drawable.VectorDrawableCompat.updateTintFilter(android.graphics.PorterDuffColorFilter, android.content.res.ColorStateList, android.graphics.PorterDuff$Mode) would have incorrectly overridden the package-private method in android.graphics.drawable.Drawable
09-01 10:35:43.882 I/AppCompatViewInflater( 2974): app:theme is now deprecated. Please move to using android:theme instead.
09-01 10:35:44.063 I/ActivityManager( 1282): START u0 {act=android.content.pm.action.REQUEST_PERMISSIONS pkg=com.android.packageinstaller cmp=com.android.packageinstaller/.permission.ui.GrantPermissionsActivity (has extras)} from uid 10038 on display 0
09-01 10:35:44.069 W/ContextImpl( 1676): Calling a method in the system process without a qualified user: android.app.ContextImpl.startService:1358 android.content.ContextWrapper.startService:613 android.content.ContextWrapper.startService:613 com.android.coreservice.CoreBroadcastReceiver.onReceive:44 android.app.ActivityThread.handleReceiver:3073 
09-01 10:35:44.084 W/ContextImpl( 1676): Calling a method in the system process without a qualified user: android.app.ContextImpl.startService:1358 android.content.ContextWrapper.startService:613 android.content.ContextWrapper.startService:613 com.android.coreservice.CoreBroadcastReceiver.onReceive:53 android.app.ActivityThread.handleReceiver:3073 
09-01 10:35:44.095 I/HostConnection( 2974): HostConnection::HostConnection: pid=2974, tid=2974, this=0x7fffe8b9e600
09-01 10:35:44.098 I/        ( 2974): fastpipe: Connect success
09-01 10:35:44.099 D/HostConnection( 2974): HostRPC::connect sucess: app=com.etesync.syncadapter, pid=2974, tid=2974, this=0x7fffd5aea8c0
09-01 10:35:44.099 D/HostConnection( 2974): queryAndSetGLESMaxVersion select gles-version: 3.1 hostGLVersion:46 process:com.etesync.syncadapter
09-01 10:35:44.103 I/        ( 2974): fastpipe: Connect success
09-01 10:35:44.104 D/HostConnection( 2974): recv ProcessPuidReply name=com.etesync.syncadapter puid=27 g_u64CapsFlag=1d
09-01 10:35:44.154 I/HostConnection( 2974): HostConnection::HostConnection: pid=2974, tid=2996, this=0x7fffe8b9e4e0
09-01 10:35:44.156 I/        ( 2974): fastpipe: Connect success
09-01 10:35:44.161 D/HostConnection( 2974): HostRPC::connect sucess: app=com.etesync.syncadapter, pid=2974, tid=2996, this=0x7fffd5bf6700
09-01 10:35:44.163 D/HostConnection( 2974): queryAndSetGLESMaxVersion select gles-version: 3.1 hostGLVersion:46 process:com.etesync.syncadapter
09-01 10:35:44.167 I/OpenGLRenderer( 2974): Initialized EGL, version 1.4
09-01 10:35:44.167 D/OpenGLRenderer( 2974): Swap behavior 1
09-01 10:35:44.167 I/EGL_adreno( 2974): eglCreateContext request GLES major-version=2
09-01 10:35:44.202 W/ContextImpl( 1676): Calling a method in the system process without a qualified user: android.app.ContextImpl.startService:1358 android.content.ContextWrapper.startService:613 android.content.ContextWrapper.startService:613 com.android.coreservice.CoreBroadcastReceiver.onReceive:53 android.app.ActivityThread.handleReceiver:3073 
09-01 10:35:44.211 W/ContextImpl( 1676): Calling a method in the system process without a qualified user: android.app.ContextImpl.startService:1358 android.content.ContextWrapper.startService:613 android.content.ContextWrapper.startService:613 com.android.coreservice.CoreBroadcastReceiver.onReceive:44 android.app.ActivityThread.handleReceiver:3073 
09-01 10:35:44.218 D/EGL_adreno( 2974): eglCreateContext: 0x7ffff2f370e0: maj 3 min 1 rcv 4
09-01 10:35:44.295 D/NotificationService( 1282): notify pkg=com.etesync.syncadapter pid=1282
09-01 10:35:44.330 D/EGL_adreno( 2974): eglMakeCurrent: 0x7ffff2f370e0: ver 3 1 (tinfo 0x7ffff2f22680)
09-01 10:35:44.336 D/HostConnection( 2974): ExtendedRCEncoderContext GL_VERSION return OpenGL ES 3.1
09-01 10:35:44.415 E/EGL_adreno( 2974): tid 2996: eglSurfaceAttrib(1338): error 0x3009 (EGL_BAD_MATCH)
09-01 10:35:44.415 W/OpenGLRenderer( 2974): Failed to set EGL_SWAP_BEHAVIOR on surface 0x7fffd6368480, error=EGL_BAD_MATCH
09-01 10:35:44.503 D/EGL_adreno( 2974): eglMakeCurrent: 0x7ffff2f370e0: ver 3 1 (tinfo 0x7ffff2f22680)
09-01 10:35:44.597 W/ContextImpl( 1676): Calling a method in the system process without a qualified user: android.app.ContextImpl.startService:1358 android.content.ContextWrapper.startService:613 android.content.ContextWrapper.startService:613 com.android.coreservice.CoreBroadcastReceiver.onReceive:69 android.app.ActivityThread.handleReceiver:3073 
09-01 10:35:44.605 W/ContextImpl( 1676): Calling a method in the system process without a qualified user: android.app.ContextImpl.startService:1358 android.content.ContextWrapper.startService:613 android.content.ContextWrapper.startService:613 com.android.coreservice.CoreBroadcastReceiver.onReceive:69 android.app.ActivityThread.handleReceiver:3073 
09-01 10:35:44.609 W/ContextImpl( 1676): Calling a method in the system process without a qualified user: android.app.ContextImpl.startService:1358 android.content.ContextWrapper.startService:613 android.content.ContextWrapper.startService:613 com.android.coreservice.CoreBroadcastReceiver.onReceive:53 android.app.ActivityThread.handleReceiver:3073 
09-01 10:35:46.712 W/WindowManager( 1282): Attempted to remove non-existing token: android.os.Binder@7182eb8
09-01 10:35:46.713 D/EGL_adreno( 1948): eglMakeCurrent: 0x7fffeb43c820: ver 3 1 (tinfo 0x7fffeb40d4a0)
09-01 10:35:46.763 E/EGL_adreno( 1948): tid 1965: eglSurfaceAttrib(1338): error 0x3009 (EGL_BAD_MATCH)
09-01 10:35:46.763 W/OpenGLRenderer( 1948): Failed to set EGL_SWAP_BEHAVIOR on surface 0x7fffeb5e4840, error=EGL_BAD_MATCH
09-01 10:35:46.770 D/EGL_adreno( 1948): eglMakeCurrent: 0x7fffeb43c820: ver 3 1 (tinfo 0x7fffeb40d4a0)
09-01 10:35:50.233 W/WindowManager( 1282): Attempted to remove non-existing token: android.os.Binder@dd82491
09-01 10:35:50.234 D/EGL_adreno( 1948): eglMakeCurrent: 0x7fffeb43c820: ver 3 1 (tinfo 0x7fffeb40d4a0)
09-01 10:35:50.297 E/EGL_adreno( 1948): tid 1965: eglSurfaceAttrib(1338): error 0x3009 (EGL_BAD_MATCH)
09-01 10:35:50.297 W/OpenGLRenderer( 1948): Failed to set EGL_SWAP_BEHAVIOR on surface 0x7fffeb5e4840, error=EGL_BAD_MATCH
09-01 10:35:50.303 D/EGL_adreno( 1948): eglMakeCurrent: 0x7fffeb43c820: ver 3 1 (tinfo 0x7fffeb40d4a0)
09-01 10:35:53.751 W/WindowManager( 1282): Attempted to remove non-existing token: android.os.Binder@951eff6
09-01 10:35:53.754 D/EGL_adreno( 1948): eglMakeCurrent: 0x7fffeb43c820: ver 3 1 (tinfo 0x7fffeb40d4a0)
09-01 10:35:53.835 E/EGL_adreno( 1948): tid 1965: eglSurfaceAttrib(1338): error 0x3009 (EGL_BAD_MATCH)
09-01 10:35:53.835 W/OpenGLRenderer( 1948): Failed to set EGL_SWAP_BEHAVIOR on surface 0x7fffeb5e4840, error=EGL_BAD_MATCH
09-01 10:35:53.848 D/EGL_adreno( 1948): eglMakeCurrent: 0x7fffeb43c820: ver 3 1 (tinfo 0x7fffeb40d4a0)
09-01 10:35:57.285 W/WindowManager( 1282): Attempted to remove non-existing token: android.os.Binder@d444ff7
09-01 10:35:57.290 D/EGL_adreno( 1948): eglMakeCurrent: 0x7fffeb43c820: ver 3 1 (tinfo 0x7fffeb40d4a0)
09-01 10:35:57.377 E/EGL_adreno( 1948): tid 1965: eglSurfaceAttrib(1338): error 0x3009 (EGL_BAD_MATCH)
09-01 10:35:57.377 W/OpenGLRenderer( 1948): Failed to set EGL_SWAP_BEHAVIOR on surface 0x7fffeb5e4840, error=EGL_BAD_MATCH
09-01 10:35:57.381 D/EGL_adreno( 1948): eglMakeCurrent: 0x7fffeb43c820: ver 3 1 (tinfo 0x7fffeb40d4a0)
09-01 10:36:00.788 W/WindowManager( 1282): Attempted to remove non-existing token: android.os.Binder@d63f493
09-01 10:36:00.790 D/EGL_adreno( 1948): eglMakeCurrent: 0x7fffeb43c820: ver 3 1 (tinfo 0x7fffeb40d4a0)
09-01 10:36:00.859 E/EGL_adreno( 1948): tid 1965: eglSurfaceAttrib(1338): error 0x3009 (EGL_BAD_MATCH)
09-01 10:36:00.859 W/OpenGLRenderer( 1948): Failed to set EGL_SWAP_BEHAVIOR on surface 0x7fffeb5e4840, error=EGL_BAD_MATCH
09-01 10:36:00.868 D/EGL_adreno( 1948): eglMakeCurrent: 0x7fffeb43c820: ver 3 1 (tinfo 0x7fffeb40d4a0)
09-01 10:36:04.295 W/WindowManager( 1282): Attempted to remove non-existing token: android.os.Binder@4c61cd0
09-01 10:36:04.298 D/EGL_adreno( 1948): eglMakeCurrent: 0x7fffeb43c820: ver 3 1 (tinfo 0x7fffeb40d4a0)
09-01 10:36:04.341 E/EGL_adreno( 1948): tid 1965: eglSurfaceAttrib(1338): error 0x3009 (EGL_BAD_MATCH)
09-01 10:36:04.341 W/OpenGLRenderer( 1948): Failed to set EGL_SWAP_BEHAVIOR on surface 0x7fffeb5e4840, error=EGL_BAD_MATCH
09-01 10:36:04.352 D/EGL_adreno( 1948): eglMakeCurrent: 0x7fffeb43c820: ver 3 1 (tinfo 0x7fffeb40d4a0)
09-01 10:36:07.804 W/WindowManager( 1282): Attempted to remove non-existing token: android.os.Binder@e01d4c9
09-01 10:36:07.807 D/EGL_adreno( 1948): eglMakeCurrent: 0x7fffeb43c820: ver 3 1 (tinfo 0x7fffeb40d4a0)
09-01 10:36:07.860 E/EGL_adreno( 1948): tid 1965: eglSurfaceAttrib(1338): error 0x3009 (EGL_BAD_MATCH)
09-01 10:36:07.860 W/OpenGLRenderer( 1948): Failed to set EGL_SWAP_BEHAVIOR on surface 0x7fffeb5e4840, error=EGL_BAD_MATCH
09-01 10:36:07.869 D/EGL_adreno( 1948): eglMakeCurrent: 0x7fffeb43c820: ver 3 1 (tinfo 0x7fffeb40d4a0)
09-01 10:36:11.310 W/WindowManager( 1282): Attempted to remove non-existing token: android.os.Binder@21307ce
09-01 10:36:11.312 D/EGL_adreno( 1948): eglMakeCurrent: 0x7fffeb43c820: ver 3 1 (tinfo 0x7fffeb40d4a0)
09-01 10:36:11.473 E/EGL_adreno( 1948): tid 1965: eglSurfaceAttrib(1338): error 0x3009 (EGL_BAD_MATCH)
09-01 10:36:11.473 W/OpenGLRenderer( 1948): Failed to set EGL_SWAP_BEHAVIOR on surface 0x7fffeb5e4840, error=EGL_BAD_MATCH
09-01 10:36:11.476 D/EGL_adreno( 1948): eglMakeCurrent: 0x7fffeb43c820: ver 3 1 (tinfo 0x7fffeb40d4a0)
09-01 10:36:14.820 W/WindowManager( 1282): Attempted to remove non-existing token: android.os.Binder@5cf46ef
09-01 10:36:14.822 D/EGL_adreno( 1948): eglMakeCurrent: 0x7fffeb43c820: ver 3 1 (tinfo 0x7fffeb40d4a0)
09-01 10:36:14.875 E/EGL_adreno( 1948): tid 1965: eglSurfaceAttrib(1338): error 0x3009 (EGL_BAD_MATCH)
09-01 10:36:14.875 W/OpenGLRenderer( 1948): Failed to set EGL_SWAP_BEHAVIOR on surface 0x7fffeb5e4840, error=EGL_BAD_MATCH
09-01 10:36:14.877 D/EGL_adreno( 1948): eglMakeCurrent: 0x7fffeb43c820: ver 3 1 (tinfo 0x7fffeb40d4a0)
09-01 10:36:18.326 W/WindowManager( 1282): Attempted to remove non-existing token: android.os.Binder@cb835fc
09-01 10:36:18.329 D/EGL_adreno( 1948): eglMakeCurrent: 0x7fffeb43c820: ver 3 1 (tinfo 0x7fffeb40d4a0)
09-01 10:36:18.390 E/EGL_adreno( 1948): tid 1965: eglSurfaceAttrib(1338): error 0x3009 (EGL_BAD_MATCH)
09-01 10:36:18.390 W/OpenGLRenderer( 1948): Failed to set EGL_SWAP_BEHAVIOR on surface 0x7fffeb5e4840, error=EGL_BAD_MATCH
09-01 10:36:18.403 D/EGL_adreno( 1948): eglMakeCurrent: 0x7fffeb43c820: ver 3 1 (tinfo 0x7fffeb40d4a0)
09-01 10:36:21.835 W/WindowManager( 1282): Attempted to remove non-existing token: android.os.Binder@7c9f485
09-01 10:36:21.839 D/EGL_adreno( 1948): eglMakeCurrent: 0x7fffeb43c820: ver 3 1 (tinfo 0x7fffeb40d4a0)
09-01 10:36:21.891 E/EGL_adreno( 1948): tid 1965: eglSurfaceAttrib(1338): error 0x3009 (EGL_BAD_MATCH)
09-01 10:36:21.891 W/OpenGLRenderer( 1948): Failed to set EGL_SWAP_BEHAVIOR on surface 0x7fffeb5e4840, error=EGL_BAD_MATCH
09-01 10:36:21.902 D/EGL_adreno( 1948): eglMakeCurrent: 0x7fffeb43c820: ver 3 1 (tinfo 0x7fffeb40d4a0)
09-01 10:36:25.343 W/WindowManager( 1282): Attempted to remove non-existing token: android.os.Binder@d5bd2da
09-01 10:36:25.345 D/EGL_adreno( 1948): eglMakeCurrent: 0x7fffeb43c820: ver 3 1 (tinfo 0x7fffeb40d4a0)
09-01 10:36:25.389 E/EGL_adreno( 1948): tid 1965: eglSurfaceAttrib(1338): error 0x3009 (EGL_BAD_MATCH)
09-01 10:36:25.389 W/OpenGLRenderer( 1948): Failed to set EGL_SWAP_BEHAVIOR on surface 0x7fffeb5e4840, error=EGL_BAD_MATCH
09-01 10:36:25.403 D/EGL_adreno( 1948): eglMakeCurrent: 0x7fffeb43c820: ver 3 1 (tinfo 0x7fffeb40d4a0)
09-01 10:36:28.847 W/WindowManager( 1282): Attempted to remove non-existing token: android.os.Binder@8f3630b
09-01 10:36:28.851 D/EGL_adreno( 1948): eglMakeCurrent: 0x7fffeb43c820: ver 3 1 (tinfo 0x7fffeb40d4a0)
09-01 10:36:28.915 E/EGL_adreno( 1948): tid 1965: eglSurfaceAttrib(1338): error 0x3009 (EGL_BAD_MATCH)
09-01 10:36:28.915 W/OpenGLRenderer( 1948): Failed to set EGL_SWAP_BEHAVIOR on surface 0x7fffeb5e4840, error=EGL_BAD_MATCH
09-01 10:36:28.919 D/EGL_adreno( 1948): eglMakeCurrent: 0x7fffeb43c820: ver 3 1 (tinfo 0x7fffeb40d4a0)
09-01 10:36:32.352 W/WindowManager( 1282): Attempted to remove non-existing token: android.os.Binder@d50b5e8
09-01 10:36:32.355 D/EGL_adreno( 1948): eglMakeCurrent: 0x7fffeb43c820: ver 3 1 (tinfo 0x7fffeb40d4a0)
09-01 10:36:32.419 E/EGL_adreno( 1948): tid 1965: eglSurfaceAttrib(1338): error 0x3009 (EGL_BAD_MATCH)
09-01 10:36:32.419 W/OpenGLRenderer( 1948): Failed to set EGL_SWAP_BEHAVIOR on surface 0x7fffeb5e4840, error=EGL_BAD_MATCH
09-01 10:36:32.421 D/EGL_adreno( 1948): eglMakeCurrent: 0x7fffeb43c820: ver 3 1 (tinfo 0x7fffeb40d4a0)
09-01 10:36:35.858 W/WindowManager( 1282): Attempted to remove non-existing token: android.os.Binder@66f4894
09-01 10:36:35.864 D/EGL_adreno( 1948): eglMakeCurrent: 0x7fffeb43c820: ver 3 1 (tinfo 0x7fffeb40d4a0)
09-01 10:36:35.909 E/EGL_adreno( 1948): tid 1965: eglSurfaceAttrib(1338): error 0x3009 (EGL_BAD_MATCH)
09-01 10:36:35.909 W/OpenGLRenderer( 1948): Failed to set EGL_SWAP_BEHAVIOR on surface 0x7fffeb5e4840, error=EGL_BAD_MATCH
09-01 10:36:35.919 D/EGL_adreno( 1948): eglMakeCurrent: 0x7fffeb43c820: ver 3 1 (tinfo 0x7fffeb40d4a0)
09-01 10:36:39.364 W/WindowManager( 1282): Attempted to remove non-existing token: android.os.Binder@bf72f3d
09-01 10:36:39.368 D/EGL_adreno( 1948): eglMakeCurrent: 0x7fffeb43c820: ver 3 1 (tinfo 0x7fffeb40d4a0)
09-01 10:36:39.440 E/EGL_adreno( 1948): tid 1965: eglSurfaceAttrib(1338): error 0x3009 (EGL_BAD_MATCH)
09-01 10:36:39.440 W/OpenGLRenderer( 1948): Failed to set EGL_SWAP_BEHAVIOR on surface 0x7fffeb5e4840, error=EGL_BAD_MATCH
09-01 10:36:39.442 D/EGL_adreno( 1948): eglMakeCurrent: 0x7fffeb43c820: ver 3 1 (tinfo 0x7fffeb40d4a0)
09-01 10:36:42.984 W/WindowManager( 1282): Attempted to remove non-existing token: android.os.Binder@4ca08f5
09-01 10:36:42.987 D/EGL_adreno( 1948): eglMakeCurrent: 0x7fffeb43c820: ver 3 1 (tinfo 0x7fffeb40d4a0)
09-01 10:36:43.006 I/HostConnection( 1948): HostConnection::~HostConnection, pid=1948, tid=1965, this=0x7fffeb41c660, m_stream=0x7fffeb468940
09-01 10:36:43.007 I/        ( 1948): fastpipe: close connect
