08-31 14:25:25.949 W/System.err( 2305): 	at android.widget.Toast.show(Toast.java:130)
08-31 14:25:25.949 W/System.err( 2305): 	at com.android.intentfuzzer.FuzzerActivity$4.onClick(FuzzerActivity.java:186)
08-31 14:25:25.949 W/System.err( 2305): 	at android.view.View.performClick(View.java:5637)
08-31 14:25:25.949 W/System.err( 2305): 	at android.view.View$PerformClick.run(View.java:22429)
08-31 14:25:25.949 W/System.err( 2305): 	at android.os.Handler.handleCallback(Handler.java:751)
08-31 14:25:25.949 W/System.err( 2305): 	at android.os.Handler.dispatchMessage(Handler.java:95)
08-31 14:25:25.949 W/System.err( 2305): 	at android.os.Looper.loop(Looper.java:154)
08-31 14:25:25.949 W/System.err( 2305): 	at android.app.ActivityThread.main(ActivityThread.java:6190)
08-31 14:25:25.949 W/System.err( 2305): 	at java.lang.reflect.Method.invoke(Native Method)
08-31 14:25:25.949 W/System.err( 2305): 	at com.android.internal.os.ZygoteInit$MethodAndArgsCaller.run(ZygoteInit.java:892)
08-31 14:25:25.949 W/System.err( 2305): 	at com.android.internal.os.ZygoteInit.main(ZygoteInit.java:782)
08-31 14:25:25.951 I/ActivityManager( 1283): START u0 {cmp=com.ichi2.anki/.multimediacard.activity.TranslationActivity (has extras)} from uid 10064 on display 0
08-31 14:25:25.951 W/ActivityManager( 1283): Permission Denial: starting Intent { cmp=com.ichi2.anki/.multimediacard.activity.TranslationActivity (has extras) } from ProcessRecord{6d7369d 2305:com.android.intentfuzzer/u0a64} (pid=2305, uid=10064) not exported from uid 10042
08-31 14:25:25.953 W/System.err( 2305): java.lang.Exception: Toast callstack! strTip=Send Intent Failed!
08-31 14:25:25.953 W/System.err( 2305): 	at android.widget.Toast.show(Toast.java:130)
08-31 14:25:25.953 W/System.err( 2305): 	at com.android.intentfuzzer.FuzzerActivity$4.onClick(FuzzerActivity.java:186)
08-31 14:25:25.953 W/System.err( 2305): 	at android.view.View.performClick(View.java:5637)
08-31 14:25:25.953 W/System.err( 2305): 	at android.view.View$PerformClick.run(View.java:22429)
08-31 14:25:25.953 W/System.err( 2305): 	at android.os.Handler.handleCallback(Handler.java:751)
08-31 14:25:25.953 W/System.err( 2305): 	at android.os.Handler.dispatchMessage(Handler.java:95)
08-31 14:25:25.953 W/System.err( 2305): 	at android.os.Looper.loop(Looper.java:154)
08-31 14:25:25.953 W/System.err( 2305): 	at android.app.ActivityThread.main(ActivityThread.java:6190)
08-31 14:25:25.953 W/System.err( 2305): 	at java.lang.reflect.Method.invoke(Native Method)
08-31 14:25:25.953 W/System.err( 2305): 	at com.android.internal.os.ZygoteInit$MethodAndArgsCaller.run(ZygoteInit.java:892)
08-31 14:25:25.953 W/System.err( 2305): 	at com.android.internal.os.ZygoteInit.main(ZygoteInit.java:782)
08-31 14:25:25.956 I/ActivityManager( 1283): START u0 {cmp=com.ichi2.anki/.multimediacard.activity.LoadPronounciationActivity (has extras)} from uid 10064 on display 0
08-31 14:25:25.956 W/ActivityManager( 1283): Permission Denial: starting Intent { cmp=com.ichi2.anki/.multimediacard.activity.LoadPronounciationActivity (has extras) } from ProcessRecord{6d7369d 2305:com.android.intentfuzzer/u0a64} (pid=2305, uid=10064) not exported from uid 10042
08-31 14:25:25.957 W/System.err( 2305): java.lang.Exception: Toast callstack! strTip=Send Intent Failed!
08-31 14:25:25.957 W/System.err( 2305): 	at android.widget.Toast.show(Toast.java:130)
08-31 14:25:25.957 W/System.err( 2305): 	at com.android.intentfuzzer.FuzzerActivity$4.onClick(FuzzerActivity.java:186)
08-31 14:25:25.957 W/System.err( 2305): 	at android.view.View.performClick(View.java:5637)
08-31 14:25:25.957 W/System.err( 2305): 	at android.view.View$PerformClick.run(View.java:22429)
08-31 14:25:25.957 W/System.err( 2305): 	at android.os.Handler.handleCallback(Handler.java:751)
08-31 14:25:25.957 W/System.err( 2305): 	at android.os.Handler.dispatchMessage(Handler.java:95)
08-31 14:25:25.957 W/System.err( 2305): 	at android.os.Looper.loop(Looper.java:154)
08-31 14:25:25.957 W/System.err( 2305): 	at android.app.ActivityThread.main(ActivityThread.java:6190)
08-31 14:25:25.957 W/System.err( 2305): 	at java.lang.reflect.Method.invoke(Native Method)
08-31 14:25:25.957 W/System.err( 2305): 	at com.android.internal.os.ZygoteInit$MethodAndArgsCaller.run(ZygoteInit.java:892)
08-31 14:25:25.957 W/System.err( 2305): 	at com.android.internal.os.ZygoteInit.main(ZygoteInit.java:782)
08-31 14:25:25.959 I/ActivityManager( 1283): START u0 {cmp=com.ichi2.anki/.CardTemplateEditor (has extras)} from uid 10064 on display 0
08-31 14:25:25.959 W/ActivityManager( 1283): Permission Denial: starting Intent { cmp=com.ichi2.anki/.CardTemplateEditor (has extras) } from ProcessRecord{6d7369d 2305:com.android.intentfuzzer/u0a64} (pid=2305, uid=10064) not exported from uid 10042
08-31 14:25:25.961 W/System.err( 2305): java.lang.Exception: Toast callstack! strTip=Send Intent Failed!
08-31 14:25:25.961 W/System.err( 2305): 	at android.widget.Toast.show(Toast.java:130)
08-31 14:25:25.961 W/System.err( 2305): 	at com.android.intentfuzzer.FuzzerActivity$4.onClick(FuzzerActivity.java:186)
08-31 14:25:25.961 W/System.err( 2305): 	at android.view.View.performClick(View.java:5637)
08-31 14:25:25.961 W/System.err( 2305): 	at android.view.View$PerformClick.run(View.java:22429)
08-31 14:25:25.961 W/System.err( 2305): 	at android.os.Handler.handleCallback(Handler.java:751)
08-31 14:25:25.961 W/System.err( 2305): 	at android.os.Handler.dispatchMessage(Handler.java:95)
08-31 14:25:25.961 W/System.err( 2305): 	at android.os.Looper.loop(Looper.java:154)
08-31 14:25:25.961 W/System.err( 2305): 	at android.app.ActivityThread.main(ActivityThread.java:6190)
08-31 14:25:25.961 W/System.err( 2305): 	at java.lang.reflect.Method.invoke(Native Method)
08-31 14:25:25.961 W/System.err( 2305): 	at com.android.internal.os.ZygoteInit$MethodAndArgsCaller.run(ZygoteInit.java:892)
08-31 14:25:25.961 W/System.err( 2305): 	at com.android.internal.os.ZygoteInit.main(ZygoteInit.java:782)
08-31 14:25:26.010 D/AndroidRuntime( 2610): Shutting down VM
08-31 14:25:26.039 E/ACRA    ( 2610): ACRA caught a RuntimeException for com.ichi2.anki
08-31 14:25:26.039 E/ACRA    ( 2610): java.lang.RuntimeException: Unable to start activity ComponentInfo{com.ichi2.anki/com.ichi2.anki.NoteEditor}: java.lang.RuntimeException: Parcelable encountered ClassNotFoundException reading a Serializable object (name = com.android.intentfuzzer.util.SerializableTest)
08-31 14:25:26.039 E/ACRA    ( 2610): 	at android.app.ActivityThread.performLaunchActivity(ActivityThread.java:2698)
08-31 14:25:26.039 E/ACRA    ( 2610): 	at android.app.ActivityThread.handleLaunchActivity(ActivityThread.java:2759)
08-31 14:25:26.039 E/ACRA    ( 2610): 	at android.app.ActivityThread.-wrap12(ActivityThread.java)
08-31 14:25:26.039 E/ACRA    ( 2610): 	at android.app.ActivityThread$H.handleMessage(ActivityThread.java:1482)
08-31 14:25:26.039 E/ACRA    ( 2610): 	at android.os.Handler.dispatchMessage(Handler.java:102)
08-31 14:25:26.039 E/ACRA    ( 2610): 	at android.os.Looper.loop(Looper.java:154)
08-31 14:25:26.039 E/ACRA    ( 2610): 	at android.app.ActivityThread.main(ActivityThread.java:6190)
08-31 14:25:26.039 E/ACRA    ( 2610): 	at java.lang.reflect.Method.invoke(Native Method)
08-31 14:25:26.039 E/ACRA    ( 2610): 	at com.android.internal.os.ZygoteInit$MethodAndArgsCaller.run(ZygoteInit.java:892)
08-31 14:25:26.039 E/ACRA    ( 2610): 	at com.android.internal.os.ZygoteInit.main(ZygoteInit.java:782)
08-31 14:25:26.039 E/ACRA    ( 2610): Caused by: java.lang.RuntimeException: Parcelable encountered ClassNotFoundException reading a Serializable object (name = com.android.intentfuzzer.util.SerializableTest)
08-31 14:25:26.039 E/ACRA    ( 2610): 	at android.os.Parcel.readSerializable(Parcel.java:2630)
08-31 14:25:26.039 E/ACRA    ( 2610): 	at android.os.Parcel.readValue(Parcel.java:2416)
08-31 14:25:26.039 E/ACRA    ( 2610): 	at android.os.Parcel.readArrayMapInternal(Parcel.java:2732)
08-31 14:25:26.039 E/ACRA    ( 2610): 	at android.os.BaseBundle.unparcel(BaseBundle.java:269)
08-31 14:25:26.039 E/ACRA    ( 2610): 	at android.os.BaseBundle.getInt(BaseBundle.java:867)
08-31 14:25:26.039 E/ACRA    ( 2610): 	at android.content.Intent.getIntExtra(Intent.java:6178)
08-31 14:25:26.039 E/ACRA    ( 2610): 	at com.ichi2.anki.NoteEditor.onCreate(NoteEditor.java:301)
08-31 14:25:26.039 E/ACRA    ( 2610): 	at android.app.Activity.performCreate(Activity.java:6701)
08-31 14:25:26.039 E/ACRA    ( 2610): 	at android.app.Instrumentation.callActivityOnCreate(Instrumentation.java:1118)
08-31 14:25:26.039 E/ACRA    ( 2610): 	at android.app.ActivityThread.performLaunchActivity(ActivityThread.java:2651)
08-31 14:25:26.039 E/ACRA    ( 2610): 	... 9 more
08-31 14:25:26.039 E/ACRA    ( 2610): Caused by: java.lang.ClassNotFoundException: com.android.intentfuzzer.util.SerializableTest
08-31 14:25:26.039 E/ACRA    ( 2610): 	at java.lang.Class.classForName(Native Method)
08-31 14:25:26.039 E/ACRA    ( 2610): 	at java.lang.Class.forName(Class.java:400)
08-31 14:25:26.039 E/ACRA    ( 2610): 	at android.os.Parcel$2.resolveClass(Parcel.java:2616)
08-31 14:25:26.039 E/ACRA    ( 2610): 	at java.io.ObjectInputStream.readNonProxyDesc(ObjectInputStream.java:1613)
08-31 14:25:26.039 E/ACRA    ( 2610): 	at java.io.ObjectInputStream.readClassDesc(ObjectInputStream.java:1518)
08-31 14:25:26.039 E/ACRA    ( 2610): 	at java.io.ObjectInputStream.readOrdinaryObject(ObjectInputStream.java:1772)
08-31 14:25:26.039 E/ACRA    ( 2610): 	at java.io.ObjectInputStream.readObject0(ObjectInputStream.java:1351)
08-31 14:25:26.039 E/ACRA    ( 2610): 	at java.io.ObjectInputStream.readObject(ObjectInputStream.java:373)
08-31 14:25:26.039 E/ACRA    ( 2610): 	at android.os.Parcel.readSerializable(Parcel.java:2624)
08-31 14:25:26.039 E/ACRA    ( 2610): 	... 18 more
08-31 14:25:26.039 E/ACRA    ( 2610): Caused by: java.lang.ClassNotFoundException: Didn't find class "com.android.intentfuzzer.util.SerializableTest" on path: DexPathList[[zip file "/data/app/com.ichi2.anki-1/base.apk"],nativeLibraryDirectories=[/data/app/com.ichi2.anki-1/lib/x86_64, /data/app/com.ichi2.anki-1/base.apk!/lib/x86_64, /system/lib64, /vendor/lib64]]
08-31 14:25:26.039 E/ACRA    ( 2610): 	at dalvik.system.BaseDexClassLoader.findClass(BaseDexClassLoader.java:56)
08-31 14:25:26.039 E/ACRA    ( 2610): 	at java.lang.ClassLoader.loadClass(ClassLoader.java:380)
08-31 14:25:26.039 E/ACRA    ( 2610): 	at java.lang.ClassLoader.loadClass(ClassLoader.java:312)
08-31 14:25:26.039 E/ACRA    ( 2610): 	... 27 more
08-31 14:25:26.040 D/ACRA    ( 2610): Building report
08-31 14:25:26.041 D/ACRA    ( 2610): Using custom Report Fields
08-31 14:25:26.043 E/EGL_adreno( 2305): tid 2321: eglSurfaceAttrib(1338): error 0x3009 (EGL_BAD_MATCH)
08-31 14:25:26.043 W/OpenGLRenderer( 2305): Failed to set EGL_SWAP_BEHAVIOR on surface 0x7fffd4ffd580, error=EGL_BAD_MATCH
08-31 14:25:26.047 D/EGL_adreno( 2305): eglMakeCurrent: 0x7fffeb4420a0: ver 3 1 (tinfo 0x7fffeb40d340)
08-31 14:25:26.093 W/System.err( 2610): java.lang.Exception: Toast callstack! strTip=AnkiDroid
08-31 14:25:26.093 W/System.err( 2610): 	at android.widget.Toast.show(Toast.java:130)
08-31 14:25:26.093 W/System.err( 2610): 	at org.acra.util.ToastSender.sendToast(ToastSender.java:27)
08-31 14:25:26.093 W/System.err( 2610): 	at org.acra.ErrorReporter$3.run(ErrorReporter.java:735)
08-31 14:25:26.145 I/ACRA    ( 2610): READ_LOGS granted! ACRA can include LogCat and DropBox data.
08-31 14:25:26.158 D/ACRA    ( 2610): Retrieving logcat output...
08-31 14:25:26.185 E/ACRA    ( 2610): Error while reading application log file 
08-31 14:25:26.185 E/ACRA    ( 2610): java.io.FileNotFoundException: /data/user/0/com.ichi2.anki/files (Is a directory)
08-31 14:25:26.185 E/ACRA    ( 2610): 	at java.io.FileInputStream.open(Native Method)
08-31 14:25:26.185 E/ACRA    ( 2610): 	at java.io.FileInputStream.<init>(FileInputStream.java:146)
08-31 14:25:26.185 E/ACRA    ( 2610): 	at android.app.ContextImpl.openFileInput(ContextImpl.java:476)
08-31 14:25:26.185 E/ACRA    ( 2610): 	at android.content.ContextWrapper.openFileInput(ContextWrapper.java:186)
08-31 14:25:26.185 E/ACRA    ( 2610): 	at org.acra.collector.LogFileCollector.collectLogFile(LogFileCollector.java:61)
08-31 14:25:26.185 E/ACRA    ( 2610): 	at org.acra.collector.CrashReportDataFactory.createCrashData(CrashReportDataFactory.java:334)
08-31 14:25:26.185 E/ACRA    ( 2610): 	at org.acra.ErrorReporter.report(ErrorReporter.java:746)
08-31 14:25:26.185 E/ACRA    ( 2610): 	at org.acra.ErrorReporter.access$1400(ErrorReporter.java:81)
08-31 14:25:26.185 E/ACRA    ( 2610): 	at org.acra.ErrorReporter$ReportBuilder.send(ErrorReporter.java:1142)
08-31 14:25:26.185 E/ACRA    ( 2610): 	at org.acra.ErrorReporter.uncaughtException(ErrorReporter.java:428)
08-31 14:25:26.185 E/ACRA    ( 2610): 	at java.lang.ThreadGroup.uncaughtException(ThreadGroup.java:1068)
08-31 14:25:26.185 E/ACRA    ( 2610): 	at java.lang.ThreadGroup.uncaughtException(ThreadGroup.java:1063)
08-31 14:25:26.215 W/AudioCapabilities( 2610): Unsupported mime audio/ac3
08-31 14:25:26.216 W/AudioCapabilities( 2610): Unsupported mime audio/alac
08-31 14:25:26.218 W/AudioCapabilities( 2610): Unsupported mime audio/x-ape
08-31 14:25:26.219 W/AudioCapabilities( 2610): Unsupported mime audio/ffmpeg
08-31 14:25:26.221 W/AudioCapabilities( 2610): Unsupported mime audio/dts
08-31 14:25:26.226 W/AudioCapabilities( 2610): Unsupported mime audio/mpeg-L2
08-31 14:25:26.228 W/AudioCapabilities( 2610): Unsupported mime audio/vnd.rn-realaudio
08-31 14:25:26.231 W/AudioCapabilities( 2610): Unsupported mime audio/x-ms-wma
08-31 14:25:26.233 W/VideoCapabilities( 2610): Unsupported mime video/divx
08-31 14:25:26.236 W/VideoCapabilities( 2610): Unsupported mime video/x-flv
08-31 14:25:26.248 W/VideoCapabilities( 2610): Unsupported mime video/vnd.rn-realvideo
08-31 14:25:26.250 W/VideoCapabilities( 2610): Unsupported mime video/vc1
08-31 14:25:26.252 W/VideoCapabilities( 2610): Unsupported mime video/ffmpeg
08-31 14:25:26.254 W/VideoCapabilities( 2610): Unsupported mime video/x-ms-wmv
08-31 14:25:26.288 I/VideoCapabilities( 2610): Unsupported profile 4 for video/mp4v-es
08-31 14:25:26.293 W/AudioCapabilities( 2610): Unsupported mime audio/ac3
08-31 14:25:26.293 W/AudioCapabilities( 2610): Unsupported mime audio/alac
08-31 14:25:26.293 W/AudioCapabilities( 2610): Unsupported mime audio/x-ape
08-31 14:25:26.293 W/AudioCapabilities( 2610): Unsupported mime audio/ffmpeg
08-31 14:25:26.293 W/AudioCapabilities( 2610): Unsupported mime audio/dts
08-31 14:25:26.293 W/AudioCapabilities( 2610): Unsupported mime audio/mpeg-L2
08-31 14:25:26.293 W/AudioCapabilities( 2610): Unsupported mime audio/vnd.rn-realaudio
08-31 14:25:26.294 W/AudioCapabilities( 2610): Unsupported mime audio/x-ms-wma
08-31 14:25:26.294 W/VideoCapabilities( 2610): Unsupported mime video/divx
08-31 14:25:26.294 W/VideoCapabilities( 2610): Unsupported mime video/x-flv
08-31 14:25:26.300 W/VideoCapabilities( 2610): Unsupported mime video/vnd.rn-realvideo
08-31 14:25:26.300 W/VideoCapabilities( 2610): Unsupported mime video/vc1
08-31 14:25:26.301 W/VideoCapabilities( 2610): Unsupported mime video/ffmpeg
08-31 14:25:26.302 W/VideoCapabilities( 2610): Unsupported mime video/x-ms-wmv
08-31 14:25:26.310 E/ACRA    ( 2610): Error while retrieving crash data
08-31 14:25:26.310 E/ACRA    ( 2610): java.lang.NullPointerException: Attempt to invoke virtual method 'int org.acra.collector.MediaCodecListCollector$CodecType.ordinal()' on a null object reference
08-31 14:25:26.310 E/ACRA    ( 2610): 	at org.acra.collector.MediaCodecListCollector.collectCapabilitiesForType(MediaCodecListCollector.java:216)
08-31 14:25:26.310 E/ACRA    ( 2610): 	at org.acra.collector.MediaCodecListCollector.collecMediaCodecList(MediaCodecListCollector.java:155)
08-31 14:25:26.310 E/ACRA    ( 2610): 	at org.acra.collector.CrashReportDataFactory.createCrashData(CrashReportDataFactory.java:345)
08-31 14:25:26.310 E/ACRA    ( 2610): 	at org.acra.ErrorReporter.report(ErrorReporter.java:746)
08-31 14:25:26.310 E/ACRA    ( 2610): 	at org.acra.ErrorReporter.access$1400(ErrorReporter.java:81)
08-31 14:25:26.310 E/ACRA    ( 2610): 	at org.acra.ErrorReporter$ReportBuilder.send(ErrorReporter.java:1142)
08-31 14:25:26.310 E/ACRA    ( 2610): 	at org.acra.ErrorReporter.uncaughtException(ErrorReporter.java:428)
08-31 14:25:26.310 E/ACRA    ( 2610): 	at java.lang.ThreadGroup.uncaughtException(ThreadGroup.java:1068)
08-31 14:25:26.310 E/ACRA    ( 2610): 	at java.lang.ThreadGroup.uncaughtException(ThreadGroup.java:1063)
08-31 14:25:26.311 D/ACRA    ( 2610): Writing crash report file 1661927126000.stacktrace.
08-31 14:25:26.326 D/ACRA    ( 2610): Waiting for 2000 millis from 1661927126101 currentMillis=1661927126326
08-31 14:25:26.342 D/ACRA    ( 2610): Waiting for Toast
08-31 14:25:28.158 D/ACRA    ( 2610): Finished waiting for Toast
08-31 14:25:28.158 D/ACRA    ( 2610): Creating CrashReportDialog for 1661927126000.stacktrace
08-31 14:25:28.158 D/ACRA    ( 2610): Creating DialogIntent for 1661927126000.stacktrace exception=java.lang.RuntimeException: Unable to start activity ComponentInfo{com.ichi2.anki/com.ichi2.anki.NoteEditor}: java.lang.RuntimeException: Parcelable encountered ClassNotFoundException reading a Serializable object (name = com.android.intentfuzzer.util.SerializableTest)
08-31 14:25:28.177 I/ActivityManager( 1283): START u0 {flg=0x10000000 cmp=com.ichi2.anki/.dialogs.AnkiDroidCrashReportDialog (has extras)} from uid 10042 on display 0
08-31 14:25:28.181 D/ACRA    ( 2610): Wait for Toast + worker ended. Kill Application ? true
08-31 14:25:28.182 W/ContextImpl( 1721): Calling a method in the system process without a qualified user: android.app.ContextImpl.startService:1358 android.content.ContextWrapper.startService:613 android.content.ContextWrapper.startService:613 com.android.coreservice.CoreBroadcastReceiver.onReceive:44 android.app.ActivityThread.handleReceiver:3073 
08-31 14:25:28.182 E/ACRA    ( 2610): com.ichi2.anki fatal error : Unable to start activity ComponentInfo{com.ichi2.anki/com.ichi2.anki.NoteEditor}: java.lang.RuntimeException: Parcelable encountered ClassNotFoundException reading a Serializable object (name = com.android.intentfuzzer.util.SerializableTest)
08-31 14:25:28.182 E/ACRA    ( 2610): java.lang.RuntimeException: Unable to start activity ComponentInfo{com.ichi2.anki/com.ichi2.anki.NoteEditor}: java.lang.RuntimeException: Parcelable encountered ClassNotFoundException reading a Serializable object (name = com.android.intentfuzzer.util.SerializableTest)
08-31 14:25:28.182 E/ACRA    ( 2610): 	at android.app.ActivityThread.performLaunchActivity(ActivityThread.java:2698)
08-31 14:25:28.182 E/ACRA    ( 2610): 	at android.app.ActivityThread.handleLaunchActivity(ActivityThread.java:2759)
08-31 14:25:28.182 E/ACRA    ( 2610): 	at android.app.ActivityThread.-wrap12(ActivityThread.java)
08-31 14:25:28.182 E/ACRA    ( 2610): 	at android.app.ActivityThread$H.handleMessage(ActivityThread.java:1482)
08-31 14:25:28.182 E/ACRA    ( 2610): 	at android.os.Handler.dispatchMessage(Handler.java:102)
08-31 14:25:28.182 E/ACRA    ( 2610): 	at android.os.Looper.loop(Looper.java:154)
08-31 14:25:28.182 E/ACRA    ( 2610): 	at android.app.ActivityThread.main(ActivityThread.java:6190)
08-31 14:25:28.182 E/ACRA    ( 2610): 	at java.lang.reflect.Method.invoke(Native Method)
08-31 14:25:28.182 E/ACRA    ( 2610): 	at com.android.internal.os.ZygoteInit$MethodAndArgsCaller.run(ZygoteInit.java:892)
08-31 14:25:28.182 E/ACRA    ( 2610): 	at com.android.internal.os.ZygoteInit.main(ZygoteInit.java:782)
08-31 14:25:28.182 E/ACRA    ( 2610): Caused by: java.lang.RuntimeException: Parcelable encountered ClassNotFoundException reading a Serializable object (name = com.android.intentfuzzer.util.SerializableTest)
08-31 14:25:28.182 E/ACRA    ( 2610): 	at android.os.Parcel.readSerializable(Parcel.java:2630)
08-31 14:25:28.182 E/ACRA    ( 2610): 	at android.os.Parcel.readValue(Parcel.java:2416)
08-31 14:25:28.182 E/ACRA    ( 2610): 	at android.os.Parcel.readArrayMapInternal(Parcel.java:2732)
08-31 14:25:28.182 E/ACRA    ( 2610): 	at android.os.BaseBundle.unparcel(BaseBundle.java:269)
08-31 14:25:28.182 E/ACRA    ( 2610): 	at android.os.BaseBundle.getInt(BaseBundle.java:867)
08-31 14:25:28.182 E/ACRA    ( 2610): 	at android.content.Intent.getIntExtra(Intent.java:6178)
08-31 14:25:28.182 E/ACRA    ( 2610): 	at com.ichi2.anki.NoteEditor.onCreate(NoteEditor.java:301)
08-31 14:25:28.182 E/ACRA    ( 2610): 	at android.app.Activity.performCreate(Activity.java:6701)
08-31 14:25:28.182 E/ACRA    ( 2610): 	at android.app.Instrumentation.callActivityOnCreate(Instrumentation.java:1118)
08-31 14:25:28.182 E/ACRA    ( 2610): 	at android.app.ActivityThread.performLaunchActivity(ActivityThread.java:2651)
08-31 14:25:28.182 E/ACRA    ( 2610): 	... 9 more
08-31 14:25:28.182 E/ACRA    ( 2610): Caused by: java.lang.ClassNotFoundException: com.android.intentfuzzer.util.SerializableTest
08-31 14:25:28.182 E/ACRA    ( 2610): 	at java.lang.Class.classForName(Native Method)
08-31 14:25:28.182 E/ACRA    ( 2610): 	at java.lang.Class.forName(Class.java:400)
08-31 14:25:28.182 E/ACRA    ( 2610): 	at android.os.Parcel$2.resolveClass(Parcel.java:2616)
08-31 14:25:28.182 E/ACRA    ( 2610): 	at java.io.ObjectInputStream.readNonProxyDesc(ObjectInputStream.java:1613)
08-31 14:25:28.182 E/ACRA    ( 2610): 	at java.io.ObjectInputStream.readClassDesc(ObjectInputStream.java:1518)
08-31 14:25:28.182 E/ACRA    ( 2610): 	at java.io.ObjectInputStream.readOrdinaryObject(ObjectInputStream.java:1772)
08-31 14:25:28.182 E/ACRA    ( 2610): 	at java.io.ObjectInputStream.readObject0(ObjectInputStream.java:1351)
08-31 14:25:28.182 E/ACRA    ( 2610): 	at java.io.ObjectInputStream.readObject(ObjectInputStream.java:373)
08-31 14:25:28.182 E/ACRA    ( 2610): 	at android.os.Parcel.readSerializable(Parcel.java:2624)
08-31 14:25:28.182 E/ACRA    ( 2610): 	... 18 more
08-31 14:25:28.182 E/ACRA    ( 2610): Caused by: java.lang.ClassNotFoundException: Didn't find class "com.android.intentfuzzer.util.SerializableTest" on path: DexPathList[[zip file "/data/app/com.ichi2.anki-1/base.apk"],nativeLibraryDirectories=[/data/app/com.ichi2.anki-1/lib/x86_64, /data/app/com.ichi2.anki-1/base.apk!/lib/x86_64, /system/lib64, /vendor/lib64]]
08-31 14:25:28.182 E/ACRA    ( 2610): 	at dalvik.system.BaseDexClassLoader.findClass(BaseDexClassLoader.java:56)
08-31 14:25:28.182 E/ACRA    ( 2610): 	at java.lang.ClassLoader.loadClass(ClassLoader.java:380)
08-31 14:25:28.182 E/ACRA    ( 2610): 	at java.lang.ClassLoader.loadClass(ClassLoader.java:312)
08-31 14:25:28.182 E/ACRA    ( 2610): 	... 27 more
08-31 14:25:28.182 I/ACRA    ( 2610): Finishing the last Activity prior to killing the Process
08-31 14:25:28.183 I/ACRA    ( 2610): Finished class com.ichi2.anki.NoteEditor
08-31 14:25:28.183 W/System.err( 2610): java.lang.Exception: call killProcess callstack! pid=2610
08-31 14:25:28.183 W/System.err( 2610): 	at android.os.Process.killProcess(Process.java:1168)
08-31 14:25:28.183 W/System.err( 2610): 	at org.acra.ErrorReporter.endApplication(ErrorReporter.java:476)
08-31 14:25:28.183 W/System.err( 2610): 	at org.acra.ErrorReporter.access$1300(ErrorReporter.java:81)
08-31 14:25:28.183 W/System.err( 2610): 	at org.acra.ErrorReporter$5.run(ErrorReporter.java:851)
08-31 14:25:28.183 I/Process ( 2610): Sending signal. PID: 2610 SIG: 9
08-31 14:25:28.230 D/GraphicsStats( 1283): Buffer count: 6
08-31 14:25:28.231 I/ActivityManager( 1283): Process com.ichi2.anki (pid 2610) has died
08-31 14:25:28.231 D/ActivityManager( 1283): cleanUpApplicationRecord -- 2610
08-31 14:25:28.256 I/ActivityManager( 1283): Start proc 2654:com.ichi2.anki/u0a42 for activity com.ichi2.anki/.dialogs.AnkiDroidCrashReportDialog
08-31 14:25:28.269 D/libnativebridge( 2654): call UnloadNativeBridge! state=1
08-31 14:25:28.292 D/EGL_adreno( 2219): eglMakeCurrent: 0x7fffd192e480: ver 3 0 (tinfo 0x7fffeb5184a0)
08-31 14:25:28.541 I/HostConnection( 2562): HostConnection::~HostConnection, pid=2562, tid=2587, this=0x7fffeb41c4e0, m_stream=0x7fffeb457940
08-31 14:25:28.542 I/        ( 2562): fastpipe: close connect
08-31 14:25:28.551 I/HostConnection( 1752): HostConnection::~HostConnection, pid=1752, tid=1859, this=0x7fffeb41c7e0, m_stream=0x7fffeb58f780
08-31 14:25:28.553 I/        ( 1752): fastpipe: close connect
08-31 14:25:28.589 W/ActivityManager( 1283): Slow operation: 62ms so far, now at attachApplicationLocked: immediately after bindApplication
08-31 14:25:28.589 W/ActivityManager( 1283): Slow operation: 63ms so far, now at attachApplicationLocked: after updateLruProcessLocked
08-31 14:25:28.594 W/ActivityManager( 1283): Slow operation: 67ms so far, now at attachApplicationLocked: after mServices.attachApplicationLocked
08-31 14:25:28.622 W/ContextImpl( 1721): Calling a method in the system process without a qualified user: android.app.ContextImpl.startService:1358 android.content.ContextWrapper.startService:613 android.content.ContextWrapper.startService:613 com.android.coreservice.CoreBroadcastReceiver.onReceive:53 android.app.ActivityThread.handleReceiver:3073 
08-31 14:25:28.924 D/audio_hw_hal( 1089): log_func, out_standby
08-31 14:25:28.924 D/audio_hw_hal( 1089): raw_close_output_stream, dev=0xf6e480c0, stream =0xf6e43140
08-31 14:25:28.924 D/audio_hw_hal( 1089): raw_close_output_stream, stream=0xf6e43140,  success!
08-31 14:25:29.089 D/ACRA    ( 2654): ACRA is enabled for com.ichi2.anki, initializing...
08-31 14:25:29.094 D/ACRA    ( 2654): Using custom Report Fields
08-31 14:25:29.101 D/ACRA    ( 2654): Looking for error files in /data/user/0/com.ichi2.anki/files
08-31 14:25:29.102 D/ACRA    ( 2654): Looking for error files in /data/user/0/com.ichi2.anki/files
08-31 14:25:29.151 W/System  ( 2654): ClassLoader referenced unknown path: /system/app/Chrome/lib/x86_64
08-31 14:25:29.152 D/ApplicationLoaders( 2654): ignored Vulkan layer search path /system/app/Chrome/lib/x86_64:/system/app/Chrome/Chrome.apk!/lib/x86_64:/system/lib64:/vendor/lib64 for namespace 0x7ffff7e220f0
08-31 14:25:29.170 I/WebViewFactory( 2654): Loading com.android.chrome version 86.0.4240.198 (code 424019826)
08-31 14:25:29.342 W/WindowManager( 1283): Attempted to remove non-existing token: android.os.Binder@fc57620
08-31 14:25:29.354 D/EGL_adreno( 2305): eglMakeCurrent: 0x7fffeb4420a0: ver 3 1 (tinfo 0x7fffeb40d340)
08-31 14:25:29.392 W/ResourceType( 2654): Failure getting entry for 0x7f130606 (t=18 e=1542) (error -2147483647)
08-31 14:25:29.409 I/cr_LibraryLoader( 2654): Loaded native library version number "86.0.4240.198"
08-31 14:25:29.416 I/cr_CachingUmaRecorder( 2654): Flushed 5 samples from 5 histograms.
08-31 14:25:29.448 E/EGL_adreno( 2305): tid 2321: eglSurfaceAttrib(1338): error 0x3009 (EGL_BAD_MATCH)
08-31 14:25:29.448 W/OpenGLRenderer( 2305): Failed to set EGL_SWAP_BEHAVIOR on surface 0x7fffd4ffd580, error=EGL_BAD_MATCH
08-31 14:25:29.450 D/EGL_adreno( 2305): eglMakeCurrent: 0x7fffeb4420a0: ver 3 1 (tinfo 0x7fffeb40d340)
08-31 14:25:29.456 D/ACRA    ( 2654): CrashReportDialog extras=Bundle[mParcelledData.dataSize=7600]
08-31 14:25:29.489 D/ACRA    ( 2654): Opening CrashReportDialog for 1661927126000.stacktrace
08-31 14:25:29.542 W/System.err( 2654): java.lang.Exception: show AlertDialog! title=
08-31 14:25:29.546 W/System.err( 2654): 	at android.app.AlertDialog.show(AlertDialog.java:134)
08-31 14:25:29.546 W/System.err( 2654): 	at com.ichi2.anki.dialogs.AnkiDroidCrashReportDialog.onCreate(AnkiDroidCrashReportDialog.java:61)
08-31 14:25:29.546 W/System.err( 2654): 	at android.app.Activity.performCreate(Activity.java:6701)
08-31 14:25:29.546 W/System.err( 2654): 	at android.app.Instrumentation.callActivityOnCreate(Instrumentation.java:1118)
08-31 14:25:29.546 W/System.err( 2654): 	at android.app.ActivityThread.performLaunchActivity(ActivityThread.java:2651)
08-31 14:25:29.546 W/System.err( 2654): 	at android.app.ActivityThread.handleLaunchActivity(ActivityThread.java:2759)
08-31 14:25:29.546 W/System.err( 2654): 	at android.app.ActivityThread.-wrap12(ActivityThread.java)
08-31 14:25:29.546 W/System.err( 2654): 	at android.app.ActivityThread$H.handleMessage(ActivityThread.java:1482)
08-31 14:25:29.546 W/System.err( 2654): 	at android.os.Handler.dispatchMessage(Handler.java:102)
08-31 14:25:29.547 W/System.err( 2654): 	at android.os.Looper.loop(Looper.java:154)
08-31 14:25:29.547 W/System.err( 2654): 	at android.app.ActivityThread.main(ActivityThread.java:6190)
08-31 14:25:29.547 W/System.err( 2654): 	at java.lang.reflect.Method.invoke(Native Method)
08-31 14:25:29.547 W/System.err( 2654): 	at com.android.internal.os.ZygoteInit$MethodAndArgsCaller.run(ZygoteInit.java:892)
08-31 14:25:29.547 W/System.err( 2654): 	at com.android.internal.os.ZygoteInit.main(ZygoteInit.java:782)
08-31 14:25:29.613 I/HostConnection( 2654): HostConnection::HostConnection: pid=2654, tid=2654, this=0x7fffd5b87aa0
08-31 14:25:29.616 I/        ( 2654): fastpipe: Connect success
08-31 14:25:29.617 D/HostConnection( 2654): HostRPC::connect sucess: app=com.ichi2.anki, pid=2654, tid=2654, this=0x7fffd5a3fd40
08-31 14:25:29.619 D/HostConnection( 2654): queryAndSetGLESMaxVersion select gles-version: 3.1 hostGLVersion:46 process:com.ichi2.anki
08-31 14:25:29.620 I/        ( 2654): fastpipe: Connect success
08-31 14:25:29.621 D/HostConnection( 2654): recv ProcessPuidReply name=com.ichi2.anki puid=13 g_u64CapsFlag=1d
08-31 14:25:29.639 W/ContextImpl( 1721): Calling a method in the system process without a qualified user: android.app.ContextImpl.startService:1358 android.content.ContextWrapper.startService:613 android.content.ContextWrapper.startService:613 com.android.coreservice.CoreBroadcastReceiver.onReceive:53 android.app.ActivityThread.handleReceiver:3073 
08-31 14:25:29.778 I/HostConnection( 2654): HostConnection::HostConnection: pid=2654, tid=2678, this=0x7fffd5b87bc0
08-31 14:25:29.780 I/        ( 2654): fastpipe: Connect success
08-31 14:25:29.782 D/HostConnection( 2654): HostRPC::connect sucess: app=com.ichi2.anki, pid=2654, tid=2678, this=0x7fffd637e940
08-31 14:25:29.783 D/HostConnection( 2654): queryAndSetGLESMaxVersion select gles-version: 3.1 hostGLVersion:46 process:com.ichi2.anki
08-31 14:25:29.783 I/OpenGLRenderer( 2654): Initialized EGL, version 1.4
08-31 14:25:29.784 D/OpenGLRenderer( 2654): Swap behavior 1
08-31 14:25:29.785 I/EGL_adreno( 2654): eglCreateContext request GLES major-version=2
08-31 14:25:29.860 D/EGL_adreno( 2654): eglCreateContext: 0x7fffe8b8e8a0: maj 3 min 1 rcv 4
08-31 14:25:29.965 D/EGL_adreno( 2654): eglMakeCurrent: 0x7fffe8b8e8a0: ver 3 1 (tinfo 0x7fffe8b75fc0)
08-31 14:25:29.969 D/HostConnection( 2654): ExtendedRCEncoderContext GL_VERSION return OpenGL ES 3.1
08-31 14:25:29.988 E/EGL_adreno( 2654): tid 2678: eglSurfaceAttrib(1338): error 0x3009 (EGL_BAD_MATCH)
08-31 14:25:29.988 W/OpenGLRenderer( 2654): Failed to set EGL_SWAP_BEHAVIOR on surface 0x7fffd63db800, error=EGL_BAD_MATCH
08-31 14:25:30.049 W/ContextImpl( 1721): Calling a method in the system process without a qualified user: android.app.ContextImpl.startService:1358 android.content.ContextWrapper.startService:613 android.content.ContextWrapper.startService:613 com.android.coreservice.CoreBroadcastReceiver.onReceive:69 android.app.ActivityThread.handleReceiver:3073 
08-31 14:25:30.053 W/ContextImpl( 1721): Calling a method in the system process without a qualified user: android.app.ContextImpl.startService:1358 android.content.ContextWrapper.startService:613 android.content.ContextWrapper.startService:613 com.android.coreservice.CoreBroadcastReceiver.onReceive:69 android.app.ActivityThread.handleReceiver:3073 
08-31 14:25:30.058 W/ContextImpl( 1721): Calling a method in the system process without a qualified user: android.app.ContextImpl.startService:1358 android.content.ContextWrapper.startService:613 android.content.ContextWrapper.startService:613 com.android.coreservice.CoreBroadcastReceiver.onReceive:69 android.app.ActivityThread.handleReceiver:3073 
08-31 14:25:30.067 E/EGL_adreno( 2654): tid 2678: eglSurfaceAttrib(1338): error 0x3009 (EGL_BAD_MATCH)
08-31 14:25:30.067 W/OpenGLRenderer( 2654): Failed to set EGL_SWAP_BEHAVIOR on surface 0x7fffd63db840, error=EGL_BAD_MATCH
08-31 14:25:30.070 D/EGL_adreno( 2654): eglMakeCurrent: 0x7fffe8b8e8a0: ver 3 1 (tinfo 0x7fffe8b75fc0)
08-31 14:25:30.156 D/EGL_adreno( 2654): eglMakeCurrent: 0x7fffe8b8e8a0: ver 3 1 (tinfo 0x7fffe8b75fc0)
08-31 14:25:30.183 D/EGL_adreno( 2654): eglMakeCurrent: 0x7fffe8b8e8a0: ver 3 1 (tinfo 0x7fffe8b75fc0)
08-31 14:25:32.857 W/WindowManager( 1283): Attempted to remove non-existing token: android.os.Binder@dd13bd9
08-31 14:25:32.862 D/EGL_adreno( 2305): eglMakeCurrent: 0x7fffeb4420a0: ver 3 1 (tinfo 0x7fffeb40d340)
08-31 14:25:32.950 E/EGL_adreno( 2305): tid 2321: eglSurfaceAttrib(1338): error 0x3009 (EGL_BAD_MATCH)
08-31 14:25:32.950 W/OpenGLRenderer( 2305): Failed to set EGL_SWAP_BEHAVIOR on surface 0x7fffd4ffd580, error=EGL_BAD_MATCH
08-31 14:25:32.952 D/EGL_adreno( 2305): eglMakeCurrent: 0x7fffeb4420a0: ver 3 1 (tinfo 0x7fffeb40d340)
08-31 14:25:33.239 I/ActivityManager( 1283): Displayed com.ichi2.anki/.dialogs.AnkiDroidCrashReportDialog: +5s6ms (total +7s273ms)
08-31 14:25:36.367 D/EGL_adreno( 2305): eglMakeCurrent: 0x7fffeb4420a0: ver 3 1 (tinfo 0x7fffeb40d340)
08-31 14:25:36.373 W/WindowManager( 1283): Attempted to remove non-existing token: android.os.Binder@528c99e
08-31 14:25:36.495 E/EGL_adreno( 2305): tid 2321: eglSurfaceAttrib(1338): error 0x3009 (EGL_BAD_MATCH)
08-31 14:25:36.495 W/OpenGLRenderer( 2305): Failed to set EGL_SWAP_BEHAVIOR on surface 0x7fffd4ffd580, error=EGL_BAD_MATCH
08-31 14:25:36.507 D/EGL_adreno( 2305): eglMakeCurrent: 0x7fffeb4420a0: ver 3 1 (tinfo 0x7fffeb40d340)
08-31 14:25:39.883 D/EGL_adreno( 2305): eglMakeCurrent: 0x7fffeb4420a0: ver 3 1 (tinfo 0x7fffeb40d340)
08-31 14:25:39.889 W/WindowManager( 1283): Attempted to remove non-existing token: android.os.Binder@e002c7f
08-31 14:25:40.022 E/EGL_adreno( 2305): tid 2321: eglSurfaceAttrib(1338): error 0x3009 (EGL_BAD_MATCH)
08-31 14:25:40.022 W/OpenGLRenderer( 2305): Failed to set EGL_SWAP_BEHAVIOR on surface 0x7fffd4ffd580, error=EGL_BAD_MATCH
08-31 14:25:40.026 D/EGL_adreno( 2305): eglMakeCurrent: 0x7fffeb4420a0: ver 3 1 (tinfo 0x7fffeb40d340)
08-31 14:25:43.399 D/EGL_adreno( 2305): eglMakeCurrent: 0x7fffeb4420a0: ver 3 1 (tinfo 0x7fffeb40d340)
08-31 14:25:43.408 W/WindowManager( 1283): Attempted to remove non-existing token: android.os.Binder@cdbd44c
08-31 14:25:43.528 E/EGL_adreno( 2305): tid 2321: eglSurfaceAttrib(1338): error 0x3009 (EGL_BAD_MATCH)
08-31 14:25:43.528 W/OpenGLRenderer( 2305): Failed to set EGL_SWAP_BEHAVIOR on surface 0x7fffd4ffd580, error=EGL_BAD_MATCH
08-31 14:25:43.532 D/EGL_adreno( 2305): eglMakeCurrent: 0x7fffeb4420a0: ver 3 1 (tinfo 0x7fffeb40d340)
08-31 14:25:46.913 D/EGL_adreno( 2305): eglMakeCurrent: 0x7fffeb4420a0: ver 3 1 (tinfo 0x7fffeb40d340)
08-31 14:25:46.923 W/WindowManager( 1283): Attempted to remove non-existing token: android.os.Binder@310bc95
08-31 14:25:47.057 E/EGL_adreno( 2305): tid 2321: eglSurfaceAttrib(1338): error 0x3009 (EGL_BAD_MATCH)
08-31 14:25:47.057 W/OpenGLRenderer( 2305): Failed to set EGL_SWAP_BEHAVIOR on surface 0x7fffd4ffd580, error=EGL_BAD_MATCH
08-31 14:25:47.059 D/EGL_adreno( 2305): eglMakeCurrent: 0x7fffeb4420a0: ver 3 1 (tinfo 0x7fffeb40d340)
08-31 14:25:50.432 D/EGL_adreno( 2305): eglMakeCurrent: 0x7fffeb4420a0: ver 3 1 (tinfo 0x7fffeb40d340)
08-31 14:25:50.441 W/WindowManager( 1283): Attempted to remove non-existing token: android.os.Binder@98d8d11
08-31 14:25:50.583 E/EGL_adreno( 2305): tid 2321: eglSurfaceAttrib(1338): error 0x3009 (EGL_BAD_MATCH)
08-31 14:25:50.583 W/OpenGLRenderer( 2305): Failed to set EGL_SWAP_BEHAVIOR on surface 0x7fffd4ffd580, error=EGL_BAD_MATCH
08-31 14:25:50.588 D/EGL_adreno( 2305): eglMakeCurrent: 0x7fffeb4420a0: ver 3 1 (tinfo 0x7fffeb40d340)
08-31 14:25:53.951 D/EGL_adreno( 2305): eglMakeCurrent: 0x7fffeb4420a0: ver 3 1 (tinfo 0x7fffeb40d340)
08-31 14:25:53.956 W/WindowManager( 1283): Attempted to remove non-existing token: android.os.Binder@e666e76
08-31 14:25:54.078 E/EGL_adreno( 2305): tid 2321: eglSurfaceAttrib(1338): error 0x3009 (EGL_BAD_MATCH)
08-31 14:25:54.078 W/OpenGLRenderer( 2305): Failed to set EGL_SWAP_BEHAVIOR on surface 0x7fffd4ffd580, error=EGL_BAD_MATCH
08-31 14:25:54.081 D/EGL_adreno( 2305): eglMakeCurrent: 0x7fffeb4420a0: ver 3 1 (tinfo 0x7fffeb40d340)
08-31 14:25:57.470 D/EGL_adreno( 2305): eglMakeCurrent: 0x7fffeb4420a0: ver 3 1 (tinfo 0x7fffeb40d340)
08-31 14:25:57.474 W/WindowManager( 1283): Attempted to remove non-existing token: android.os.Binder@c892c77
08-31 14:25:57.608 E/EGL_adreno( 2305): tid 2321: eglSurfaceAttrib(1338): error 0x3009 (EGL_BAD_MATCH)
08-31 14:25:57.608 W/OpenGLRenderer( 2305): Failed to set EGL_SWAP_BEHAVIOR on surface 0x7fffd4ffd580, error=EGL_BAD_MATCH
08-31 14:25:57.610 D/EGL_adreno( 2305): eglMakeCurrent: 0x7fffeb4420a0: ver 3 1 (tinfo 0x7fffeb40d340)
08-31 14:26:00.978 D/EGL_adreno( 2305): eglMakeCurrent: 0x7fffeb4420a0: ver 3 1 (tinfo 0x7fffeb40d340)
08-31 14:26:00.989 W/WindowManager( 1283): Attempted to remove non-existing token: android.os.Binder@cfe60e4
08-31 14:26:01.109 E/EGL_adreno( 2305): tid 2321: eglSurfaceAttrib(1338): error 0x3009 (EGL_BAD_MATCH)
08-31 14:26:01.109 W/OpenGLRenderer( 2305): Failed to set EGL_SWAP_BEHAVIOR on surface 0x7fffd4ffd580, error=EGL_BAD_MATCH
08-31 14:26:01.123 D/EGL_adreno( 2305): eglMakeCurrent: 0x7fffeb4420a0: ver 3 1 (tinfo 0x7fffeb40d340)
08-31 14:26:04.499 D/EGL_adreno( 2305): eglMakeCurrent: 0x7fffeb4420a0: ver 3 1 (tinfo 0x7fffeb40d340)
08-31 14:26:04.507 W/WindowManager( 1283): Attempted to remove non-existing token: android.os.Binder@e2ce94d
08-31 14:26:04.627 E/EGL_adreno( 2305): tid 2321: eglSurfaceAttrib(1338): error 0x3009 (EGL_BAD_MATCH)
08-31 14:26:04.627 W/OpenGLRenderer( 2305): Failed to set EGL_SWAP_BEHAVIOR on surface 0x7fffd4ffd580, error=EGL_BAD_MATCH
08-31 14:26:04.628 D/EGL_adreno( 2305): eglMakeCurrent: 0x7fffeb4420a0: ver 3 1 (tinfo 0x7fffeb40d340)
08-31 14:26:08.040 D/EGL_adreno( 2305): eglMakeCurrent: 0x7fffeb4420a0: ver 3 1 (tinfo 0x7fffeb40d340)
08-31 14:26:08.041 W/WindowManager( 1283): Attempted to remove non-existing token: android.os.Binder@6c2fc02
08-31 14:26:08.192 E/EGL_adreno( 2305): tid 2321: eglSurfaceAttrib(1338): error 0x3009 (EGL_BAD_MATCH)
08-31 14:26:08.192 W/OpenGLRenderer( 2305): Failed to set EGL_SWAP_BEHAVIOR on surface 0x7fffd4ffd580, error=EGL_BAD_MATCH
08-31 14:26:08.194 D/EGL_adreno( 2305): eglMakeCurrent: 0x7fffeb4420a0: ver 3 1 (tinfo 0x7fffeb40d340)
08-31 14:26:11.552 D/EGL_adreno( 2305): eglMakeCurrent: 0x7fffeb4420a0: ver 3 1 (tinfo 0x7fffeb40d340)
08-31 14:26:11.556 W/WindowManager( 1283): Attempted to remove non-existing token: android.os.Binder@55a1913
08-31 14:26:11.700 E/EGL_adreno( 2305): tid 2321: eglSurfaceAttrib(1338): error 0x3009 (EGL_BAD_MATCH)
08-31 14:26:11.700 W/OpenGLRenderer( 2305): Failed to set EGL_SWAP_BEHAVIOR on surface 0x7fffd4ffd580, error=EGL_BAD_MATCH
08-31 14:26:11.703 D/EGL_adreno( 2305): eglMakeCurrent: 0x7fffeb4420a0: ver 3 1 (tinfo 0x7fffeb40d340)
08-31 14:26:15.068 D/EGL_adreno( 2305): eglMakeCurrent: 0x7fffeb4420a0: ver 3 1 (tinfo 0x7fffeb40d340)
08-31 14:26:15.073 W/WindowManager( 1283): Attempted to remove non-existing token: android.os.Binder@443336f
08-31 14:26:15.175 E/EGL_adreno( 2305): tid 2321: eglSurfaceAttrib(1338): error 0x3009 (EGL_BAD_MATCH)
08-31 14:26:15.175 W/OpenGLRenderer( 2305): Failed to set EGL_SWAP_BEHAVIOR on surface 0x7fffd4ffd580, error=EGL_BAD_MATCH
08-31 14:26:15.178 D/EGL_adreno( 2305): eglMakeCurrent: 0x7fffeb4420a0: ver 3 1 (tinfo 0x7fffeb40d340)
08-31 14:26:18.579 D/EGL_adreno( 2305): eglMakeCurrent: 0x7fffeb4420a0: ver 3 1 (tinfo 0x7fffeb40d340)
08-31 14:26:18.590 W/WindowManager( 1283): Attempted to remove non-existing token: android.os.Binder@122e87c
08-31 14:26:18.698 E/EGL_adreno( 2305): tid 2321: eglSurfaceAttrib(1338): error 0x3009 (EGL_BAD_MATCH)
08-31 14:26:18.698 W/OpenGLRenderer( 2305): Failed to set EGL_SWAP_BEHAVIOR on surface 0x7fffd4ffd580, error=EGL_BAD_MATCH
08-31 14:26:18.700 D/EGL_adreno( 2305): eglMakeCurrent: 0x7fffeb4420a0: ver 3 1 (tinfo 0x7fffeb40d340)
08-31 14:26:22.101 D/EGL_adreno( 2305): eglMakeCurrent: 0x7fffeb4420a0: ver 3 1 (tinfo 0x7fffeb40d340)
08-31 14:26:22.106 W/WindowManager( 1283): Attempted to remove non-existing token: android.os.Binder@a9af505
08-31 14:26:22.211 E/EGL_adreno( 2305): tid 2321: eglSurfaceAttrib(1338): error 0x3009 (EGL_BAD_MATCH)
08-31 14:26:22.211 W/OpenGLRenderer( 2305): Failed to set EGL_SWAP_BEHAVIOR on surface 0x7fffd4ffd580, error=EGL_BAD_MATCH
08-31 14:26:22.212 D/EGL_adreno( 2305): eglMakeCurrent: 0x7fffeb4420a0: ver 3 1 (tinfo 0x7fffeb40d340)
08-31 14:26:25.622 W/WindowManager( 1283): Attempted to remove non-existing token: android.os.Binder@180095a
08-31 14:26:25.625 D/EGL_adreno( 2305): eglMakeCurrent: 0x7fffeb4420a0: ver 3 1 (tinfo 0x7fffeb40d340)
08-31 14:26:25.756 E/EGL_adreno( 2305): tid 2321: eglSurfaceAttrib(1338): error 0x3009 (EGL_BAD_MATCH)
08-31 14:26:25.756 W/OpenGLRenderer( 2305): Failed to set EGL_SWAP_BEHAVIOR on surface 0x7fffd4ffd580, error=EGL_BAD_MATCH
08-31 14:26:25.758 D/EGL_adreno( 2305): eglMakeCurrent: 0x7fffeb4420a0: ver 3 1 (tinfo 0x7fffeb40d340)
08-31 14:26:29.129 D/EGL_adreno( 2305): eglMakeCurrent: 0x7fffeb4420a0: ver 3 1 (tinfo 0x7fffeb40d340)
08-31 14:26:29.139 W/WindowManager( 1283): Attempted to remove non-existing token: android.os.Binder@bf9978b
08-31 14:26:29.253 E/EGL_adreno( 2305): tid 2321: eglSurfaceAttrib(1338): error 0x3009 (EGL_BAD_MATCH)
08-31 14:26:29.253 W/OpenGLRenderer( 2305): Failed to set EGL_SWAP_BEHAVIOR on surface 0x7fffd4ffd580, error=EGL_BAD_MATCH
08-31 14:26:29.255 D/EGL_adreno( 2305): eglMakeCurrent: 0x7fffeb4420a0: ver 3 1 (tinfo 0x7fffeb40d340)
08-31 14:26:32.647 D/EGL_adreno( 2305): eglMakeCurrent: 0x7fffeb4420a0: ver 3 1 (tinfo 0x7fffeb40d340)
08-31 14:26:32.657 W/WindowManager( 1283): Attempted to remove non-existing token: android.os.Binder@5f41068
08-31 14:26:32.759 E/EGL_adreno( 2305): tid 2321: eglSurfaceAttrib(1338): error 0x3009 (EGL_BAD_MATCH)
08-31 14:26:32.759 W/OpenGLRenderer( 2305): Failed to set EGL_SWAP_BEHAVIOR on surface 0x7fffd4ffd580, error=EGL_BAD_MATCH
08-31 14:26:32.762 D/EGL_adreno( 2305): eglMakeCurrent: 0x7fffeb4420a0: ver 3 1 (tinfo 0x7fffeb40d340)
08-31 14:26:36.170 D/EGL_adreno( 2305): eglMakeCurrent: 0x7fffeb4420a0: ver 3 1 (tinfo 0x7fffeb40d340)
08-31 14:26:36.174 W/WindowManager( 1283): Attempted to remove non-existing token: android.os.Binder@e5adc81
08-31 14:26:36.337 E/EGL_adreno( 2305): tid 2321: eglSurfaceAttrib(1338): error 0x3009 (EGL_BAD_MATCH)
08-31 14:26:36.337 W/OpenGLRenderer( 2305): Failed to set EGL_SWAP_BEHAVIOR on surface 0x7fffd4ffd580, error=EGL_BAD_MATCH
08-31 14:26:36.338 D/EGL_adreno( 2305): eglMakeCurrent: 0x7fffeb4420a0: ver 3 1 (tinfo 0x7fffeb40d340)
08-31 14:26:39.680 D/EGL_adreno( 2305): eglMakeCurrent: 0x7fffeb4420a0: ver 3 1 (tinfo 0x7fffeb40d340)
08-31 14:26:39.689 W/WindowManager( 1283): Attempted to remove non-existing token: android.os.Binder@8a56126
08-31 14:26:39.695 W/NotificationService( 1283): Object died trying to show notification android.app.ITransientNotification$Stub$Proxy@2f12879 in package com.ichi2.anki
08-31 14:26:39.729 I/HostConnection( 2305): HostConnection::~HostConnection, pid=2305, tid=2321, this=0x7fffeb41c4e0, m_stream=0x7fffeb457940
08-31 14:26:39.730 I/        ( 2305): fastpipe: close connect
08-31 14:27:02.779 D/WifiStateMachine( 1283): setScanResults mScanResults.size=1
08-31 14:27:40.878 D/ACRA    ( 2654): Looking for error files in /data/user/0/com.ichi2.anki/files
08-31 14:27:40.879 D/ACRA    ( 2654): Deleting file 1661927126000.stacktrace
08-31 14:27:40.882 D/audio_hw_hal( 1089): raw_start_output_stream, stream=0xf6e43140, sampleRate=48000, channel=2, bps=16, bufSize=4096
08-31 14:27:40.905 D/EGL_adreno( 2654): eglMakeCurrent: 0x7fffe8b8e8a0: ver 3 1 (tinfo 0x7fffe8b75fc0)
08-31 14:27:40.994 E/EGL_adreno( 1083): tid 1083: eglCreateSyncKHR(2089): error 0x3004 (EGL_BAD_ATTRIBUTE)
08-31 14:27:41.028 W/ContextImpl( 1721): Calling a method in the system process without a qualified user: android.app.ContextImpl.startService:1358 android.content.ContextWrapper.startService:613 android.content.ContextWrapper.startService:613 com.android.coreservice.CoreBroadcastReceiver.onReceive:44 android.app.ActivityThread.handleReceiver:3073 
08-31 14:27:41.028 W/ActivityManager( 1283): Finishing task with all activities already finished
08-31 14:27:41.028 W/ActivityManager( 1283): Duplicate finish request for ActivityRecord{da68480 u0 com.ichi2.anki/.dialogs.AnkiDroidCrashReportDialog t12 f}
08-31 14:27:41.229 I/AnkiDroid( 2654): openCollection: /storage/emulated/0/AnkiDroid/collection.anki2
08-31 14:27:41.383 W/art     ( 2654): Before Android 4.1, method android.graphics.PorterDuffColorFilter android.support.graphics.drawable.VectorDrawableCompat.updateTintFilter(android.graphics.PorterDuffColorFilter, android.content.res.ColorStateList, android.graphics.PorterDuff$Mode) would have incorrectly overridden the package-private method in android.graphics.drawable.Drawable
08-31 14:27:41.476 W/art     ( 2654): Before Android 4.1, method int android.support.v7.widget.ListViewCompat.lookForSelectablePosition(int, boolean) would have incorrectly overridden the package-private method in android.widget.ListView
08-31 14:27:41.683 W/ContextImpl( 1721): Calling a method in the system process without a qualified user: android.app.ContextImpl.startService:1358 android.content.ContextWrapper.startService:613 android.content.ContextWrapper.startService:613 com.android.coreservice.CoreBroadcastReceiver.onReceive:53 android.app.ActivityThread.handleReceiver:3073 
08-31 14:27:41.933 E/EGL_adreno( 2654): tid 2678: eglSurfaceAttrib(1338): error 0x3009 (EGL_BAD_MATCH)
08-31 14:27:41.933 W/OpenGLRenderer( 2654): Failed to set EGL_SWAP_BEHAVIOR on surface 0x7fffd63db800, error=EGL_BAD_MATCH
08-31 14:27:42.106 D/EGL_adreno( 2654): eglMakeCurrent: 0x7fffe8b8e8a0: ver 3 1 (tinfo 0x7fffe8b75fc0)
08-31 14:27:42.277 W/ContextImpl( 1721): Calling a method in the system process without a qualified user: android.app.ContextImpl.startService:1358 android.content.ContextWrapper.startService:613 android.content.ContextWrapper.startService:613 com.android.coreservice.CoreBroadcastReceiver.onReceive:69 android.app.ActivityThread.handleReceiver:3073 
08-31 14:27:42.329 W/ContextImpl( 1721): Calling a method in the system process without a qualified user: android.app.ContextImpl.startService:1358 android.content.ContextWrapper.startService:613 android.content.ContextWrapper.startService:613 com.android.coreservice.CoreBroadcastReceiver.onReceive:44 android.app.ActivityThread.handleReceiver:3073 
08-31 14:27:42.375 I/HostConnection( 2305): HostConnection::HostConnection: pid=2305, tid=2321, this=0x7fffeb41c4e0
08-31 14:27:42.378 I/        ( 2305): fastpipe: Connect success
08-31 14:27:42.379 D/HostConnection( 2305): HostRPC::connect sucess: app=com.android.intentfuzzer, pid=2305, tid=2321, this=0x7fffeb457940
08-31 14:27:42.379 W/IInputConnectionWrapper( 2654): finishComposingText on inactive InputConnection
08-31 14:27:42.379 D/HostConnection( 2305): queryAndSetGLESMaxVersion select gles-version: 3.1 hostGLVersion:46 process:com.android.intentfuzzer
08-31 14:27:42.380 I/OpenGLRenderer( 2305): Initialized EGL, version 1.4
08-31 14:27:42.380 D/OpenGLRenderer( 2305): Swap behavior 1
08-31 14:27:42.381 I/EGL_adreno( 2305): eglCreateContext request GLES major-version=2
08-31 14:27:42.396 I/ActivityManager( 1283): START u0 {act=android.intent.action.MAIN cat=[android.intent.category.LAUNCHER] flg=0x10008000 cmp=com.ichi2.anki/.DeckPicker} from uid 10042 on display 0
08-31 14:27:42.400 W/ActivityManager( 1283): Activity is launching as a new task, so cancelling activity result.
08-31 14:27:42.446 D/EGL_adreno( 2305): eglCreateContext: 0x7fffeb4420a0: maj 3 min 1 rcv 4
08-31 14:27:42.448 W/ContextImpl( 1721): Calling a method in the system process without a qualified user: android.app.ContextImpl.startService:1358 android.content.ContextWrapper.startService:613 android.content.ContextWrapper.startService:613 com.android.coreservice.CoreBroadcastReceiver.onReceive:44 android.app.ActivityThread.handleReceiver:3073 
08-31 14:27:42.557 D/EGL_adreno( 2305): eglMakeCurrent: 0x7fffeb4420a0: ver 3 1 (tinfo 0x7fffeb40d340)
08-31 14:27:42.600 E/EGL_adreno( 2305): tid 2321: eglSurfaceAttrib(1338): error 0x3009 (EGL_BAD_MATCH)
08-31 14:27:42.600 W/OpenGLRenderer( 2305): Failed to set EGL_SWAP_BEHAVIOR on surface 0x7fffeb41be00, error=EGL_BAD_MATCH
08-31 14:27:42.610 D/EGL_adreno( 2305): eglMakeCurrent: 0x7fffeb4420a0: ver 3 1 (tinfo 0x7fffeb40d340)
08-31 14:27:42.715 W/art     ( 1283): Long monitor contention with owner android.display (1304) at int com.android.server.wm.WindowManagerService.relayoutWindow(com.android.server.wm.Session, android.view.IWindow, int, android.view.WindowManager$LayoutParams, int, int, int, int, android.graphics.Rect, android.graphics.Rect, android.graphics.Rect, android.graphics.Rect, android.graphics.Rect, android.graphics.Rect, android.graphics.Rect, android.content.res.Configuration, android.view.Surface)(WindowManagerService.java:2874) waiters=0 in void com.android.server.wm.WindowManagerService.overridePendingAppTransition(java.lang.String, int, int, android.os.IRemoteCallback) for 254ms
08-31 14:27:42.721 W/art     ( 1283): Long monitor contention with owner Binder:1283_5 (1602) at void com.android.server.am.ActivityManagerService.overridePendingTransition(android.os.IBinder, java.lang.String, int, int)(ActivityManagerService.java:5149) waiters=0 in android.content.pm.ParceledListSlice com.android.server.am.ActivityManagerService.getRecentTasks(int, int, int) for 256ms
