08-31 14:21:32.317 W/System  ( 2548): ClassLoader referenced unknown path: /system/app/Chrome/lib/x86
08-31 14:21:32.448 W/WindowManager( 1283): Attempted to remove non-existing token: android.os.Binder@9d8aafa
08-31 14:21:32.520 D/EGL_adreno( 2305): eglMakeCurrent: 0x7fffeb4420a0: ver 3 1 (tinfo 0x7fffeb40d340)
08-31 14:21:32.724 W/ActivityManager( 1283): Slow operation: 106ms so far, now at attachApplicationLocked: after mServices.attachApplicationLocked
08-31 14:21:32.798 W/ContextImpl( 1721): Calling a method in the system process without a qualified user: android.app.ContextImpl.startService:1358 android.content.ContextWrapper.startService:613 android.content.ContextWrapper.startService:613 com.android.coreservice.CoreBroadcastReceiver.onReceive:53 android.app.ActivityThread.handleReceiver:3073 
08-31 14:21:32.826 I/LoadedApk( 2532): No resource references to update in package com.android.chrome.cablev2_authenticator
08-31 14:21:32.827 I/LoadedApk( 2532): No resource references to update in package com.android.chrome.autofill_assistant
08-31 14:21:32.827 I/LoadedApk( 2532): No resource references to update in package com.android.chrome.chime
08-31 14:21:32.828 I/LoadedApk( 2532): No resource references to update in package com.android.chrome.dev_ui
08-31 14:21:32.829 I/LoadedApk( 2548): No resource references to update in package com.android.chrome.cablev2_authenticator
08-31 14:21:32.829 I/LoadedApk( 2548): No resource references to update in package com.android.chrome.autofill_assistant
08-31 14:21:32.830 I/LoadedApk( 2548): No resource references to update in package com.android.chrome.chime
08-31 14:21:32.830 I/LoadedApk( 2548): No resource references to update in package com.android.chrome.dev_ui
08-31 14:21:32.831 I/LoadedApk( 2548): No resource references to update in package com.android.chrome.stack_unwinder
08-31 14:21:32.831 I/LoadedApk( 2548): No resource references to update in package com.android.chrome.test_dummy
08-31 14:21:32.832 I/LoadedApk( 2532): No resource references to update in package com.android.chrome.stack_unwinder
08-31 14:21:32.833 I/LoadedApk( 2532): No resource references to update in package com.android.chrome.test_dummy
08-31 14:21:32.898 I/art     ( 2562): Starting a blocking GC AddRemoveAppImageSpace
08-31 14:21:32.901 W/System  ( 2562): ClassLoader referenced unknown path: /system/priv-app/PackageInstaller/lib/x86_64
08-31 14:21:32.930 E/EGL_adreno( 2305): tid 2321: eglSurfaceAttrib(1338): error 0x3009 (EGL_BAD_MATCH)
08-31 14:21:32.931 W/OpenGLRenderer( 2305): Failed to set EGL_SWAP_BEHAVIOR on surface 0x7fffeb41b3c0, error=EGL_BAD_MATCH
08-31 14:21:32.933 I/cr_ChildProcessService( 2548): Creating new ChildProcessService pid=2548
08-31 14:21:32.934 I/cr_ChildProcessService( 2532): Creating new ChildProcessService pid=2532
08-31 14:21:32.936 D/EGL_adreno( 2305): eglMakeCurrent: 0x7fffeb4420a0: ver 3 1 (tinfo 0x7fffeb40d340)
08-31 14:21:33.305 I/cr_LibraryLoader( 2532): Loaded native library version number "86.0.4240.198"
08-31 14:21:33.315 I/cr_CachingUmaRecorder( 2532): Flushed 1 samples from 1 histograms.
08-31 14:21:33.331 I/cr_LibraryLoader( 2548): Loaded native library version number "86.0.4240.198"
08-31 14:21:33.332 I/cr_CachingUmaRecorder( 2548): Flushed 1 samples from 1 histograms.
08-31 14:21:33.409 W/art     ( 2500): Suspending all threads took: 10.315ms
08-31 14:21:33.435 W/ContextImpl( 1721): Calling a method in the system process without a qualified user: android.app.ContextImpl.startService:1358 android.content.ContextWrapper.startService:613 android.content.ContextWrapper.startService:613 com.android.coreservice.CoreBroadcastReceiver.onReceive:53 android.app.ActivityThread.handleReceiver:3073 
08-31 14:21:33.438 I/art     ( 2500): Background sticky concurrent mark sweep GC freed 9669(2031KB) AllocSpace objects, 5(100KB) LOS objects, 7% free, 9MB/10MB, paused 14.388ms total 169.887ms
08-31 14:21:33.445 I/Choreographer( 2500): Skipped 157 frames!  The application may be doing too much work on its main thread.
08-31 14:21:33.449 D/EGL_adreno( 2500): eglMakeCurrent: 0x7fffeb448820: ver 3 1 (tinfo 0x7fffeb40d560)
08-31 14:21:33.565 W/ContextImpl( 1721): Calling a method in the system process without a qualified user: android.app.ContextImpl.startService:1358 android.content.ContextWrapper.startService:613 android.content.ContextWrapper.startService:613 com.android.coreservice.CoreBroadcastReceiver.onReceive:53 android.app.ActivityThread.handleReceiver:3073 
08-31 14:21:33.604 E/libEGL  ( 2548): validate_display:99 error 3008 (EGL_BAD_DISPLAY)
08-31 14:21:33.611 I/HostConnection( 2548): HostConnection::HostConnection: pid=2548, tid=2578, this=0xebca6a40
08-31 14:21:33.615 I/        ( 2548): fastpipe: Connect success
08-31 14:21:33.617 D/HostConnection( 2548): HostRPC::connect sucess: app=com.android.chrome:privileged_process0, pid=2548, tid=2578, this=0xf1dcdb40
08-31 14:21:33.621 D/HostConnection( 2548): queryAndSetGLESMaxVersion select gles-version: 3.1 hostGLVersion:46 process:com.android.chrome:privileged_process0
08-31 14:21:33.623 I/        ( 2548): fastpipe: Connect success
08-31 14:21:33.625 D/HostConnection( 2548): recv ProcessPuidReply name=com.android.chrome:privileged_process0 puid=10 g_u64CapsFlag=1d
08-31 14:21:33.783 I/HostConnection( 2562): HostConnection::HostConnection: pid=2562, tid=2562, this=0x7ffff2f7f400
08-31 14:21:33.788 I/        ( 2562): fastpipe: Connect success
08-31 14:21:33.789 D/HostConnection( 2562): HostRPC::connect sucess: app=com.android.packageinstaller, pid=2562, tid=2562, this=0x7fffd6278140
08-31 14:21:33.792 D/HostConnection( 2562): queryAndSetGLESMaxVersion select gles-version: 3.1 hostGLVersion:46 process:com.android.packageinstaller
08-31 14:21:33.794 I/        ( 2562): fastpipe: Connect success
08-31 14:21:33.796 D/HostConnection( 2562): recv ProcessPuidReply name=com.android.packageinstaller puid=11 g_u64CapsFlag=1d
08-31 14:21:33.819 I/EGL_adreno( 2548): eglCreateContext request GLES major-version=2
08-31 14:21:33.819 I/EGL_adreno( 2548): eglCreateContext request GLES minor-version=0
08-31 14:21:33.841 E/EGL_adreno( 2500): tid 2524: eglSurfaceAttrib(1338): error 0x3009 (EGL_BAD_MATCH)
08-31 14:21:33.841 W/OpenGLRenderer( 2500): Failed to set EGL_SWAP_BEHAVIOR on surface 0x7fffeb5ff100, error=EGL_BAD_MATCH
08-31 14:21:33.844 D/EGL_adreno( 2548): eglCreateContext: 0xebc854e0: maj 3 min 1 rcv 4
08-31 14:21:33.859 D/EGL_adreno( 2548): eglMakeCurrent: 0xebc854e0: ver 3 1 (tinfo 0xebc836f0)
08-31 14:21:33.891 D/HostConnection( 2548): ExtendedRCEncoderContext GL_VERSION return OpenGL ES 3.1
08-31 14:21:33.956 W/GLESv2_enc( 2548): no support GL_NUM_PROGRAM_BINARY_FORMATS
08-31 14:21:34.065 I/Choreographer( 2500): Skipped 35 frames!  The application may be doing too much work on its main thread.
08-31 14:21:34.152 D/EGL_adreno( 2500): eglMakeCurrent: 0x7fffeb448820: ver 3 1 (tinfo 0x7fffeb40d560)
08-31 14:21:34.211 I/EGL_adreno( 2548): eglCreateContext request GLES major-version=3
08-31 14:21:34.211 I/EGL_adreno( 2548): eglCreateContext request GLES minor-version=0
08-31 14:21:34.213 D/EGL_adreno( 2548): eglCreateContext: 0xebc85c60: maj 3 min 0 rcv 3
08-31 14:21:34.216 D/EGL_adreno( 2548): eglMakeCurrent: 0xebc85c60: ver 3 0 (tinfo 0xebc836f0)
08-31 14:21:34.221 D/HostConnection( 2548): ExtendedRCEncoderContext GL_VERSION return OpenGL ES 3.1
08-31 14:21:34.244 I/HostConnection( 2562): HostConnection::HostConnection: pid=2562, tid=2587, this=0x7fffeb41c4e0
08-31 14:21:34.245 I/        ( 2562): fastpipe: Connect success
08-31 14:21:34.246 D/HostConnection( 2562): HostRPC::connect sucess: app=com.android.packageinstaller, pid=2562, tid=2587, this=0x7fffeb457940
08-31 14:21:34.247 D/HostConnection( 2562): queryAndSetGLESMaxVersion select gles-version: 3.1 hostGLVersion:46 process:com.android.packageinstaller
08-31 14:21:34.255 E/eglCodecCommon( 2548): glUtilsParamSize: unknow param 0x000088ef
08-31 14:21:34.285 E/eglCodecCommon( 2548): glUtilsParamSize: unknow param 0x000088ef
08-31 14:21:34.285 I/OpenGLRenderer( 2562): Initialized EGL, version 1.4
08-31 14:21:34.285 D/OpenGLRenderer( 2562): Swap behavior 1
08-31 14:21:34.286 I/EGL_adreno( 2562): eglCreateContext request GLES major-version=2
08-31 14:21:34.321 E/eglCodecCommon( 2548): glUtilsParamSize: unknow param 0x000088ef
08-31 14:21:34.364 D/EGL_adreno( 2562): eglCreateContext: 0x7fffeb4420a0: maj 3 min 1 rcv 4
08-31 14:21:34.540 D/EGL_adreno( 2562): eglMakeCurrent: 0x7fffeb4420a0: ver 3 1 (tinfo 0x7fffeb40d320)
08-31 14:21:34.553 D/HostConnection( 2562): ExtendedRCEncoderContext GL_VERSION return OpenGL ES 3.1
08-31 14:21:34.648 E/EGL_adreno( 2562): tid 2587: eglSurfaceAttrib(1338): error 0x3009 (EGL_BAD_MATCH)
08-31 14:21:34.648 W/OpenGLRenderer( 2562): Failed to set EGL_SWAP_BEHAVIOR on surface 0x7fffeb41be80, error=EGL_BAD_MATCH
08-31 14:21:34.696 D/EGL_adreno( 2562): eglMakeCurrent: 0x7fffeb4420a0: ver 3 1 (tinfo 0x7fffeb40d320)
08-31 14:21:34.772 E/AnkiDroid( 2500): CollectionHelper/ Could not initialize AnkiDroid directory
08-31 14:21:34.772 E/AnkiDroid( 2500): com.ichi2.anki.exception.StorageAccessException: Failed to create AnkiDroid directory
08-31 14:21:34.772 E/AnkiDroid( 2500): 	at com.ichi2.anki.CollectionHelper.initializeAnkiDroidDirectory(CollectionHelper.java:157)
08-31 14:21:34.772 E/AnkiDroid( 2500): 	at com.ichi2.anki.CollectionHelper.getCol(CollectionHelper.java:91)
08-31 14:21:34.772 E/AnkiDroid( 2500): 	at com.ichi2.anki.CollectionHelper.getColSafe(CollectionHelper.java:112)
08-31 14:21:34.772 E/AnkiDroid( 2500): 	at com.ichi2.anki.DeckPicker.onPrepareOptionsMenu(DeckPicker.java:520)
08-31 14:21:34.772 E/AnkiDroid( 2500): 	at android.app.Activity.onPreparePanel(Activity.java:3182)
08-31 14:21:34.772 E/AnkiDroid( 2500): 	at android.support.v4.app.FragmentActivity.onPrepareOptionsPanel(FragmentActivity.java:535)
08-31 14:21:34.772 E/AnkiDroid( 2500): 	at android.support.v4.app.FragmentActivity.onPreparePanel(FragmentActivity.java:523)
08-31 14:21:34.772 E/AnkiDroid( 2500): 	at android.support.v7.view.WindowCallbackWrapper.onPreparePanel(WindowCallbackWrapper.java:103)
08-31 14:21:34.772 E/AnkiDroid( 2500): 	at android.support.v7.app.AppCompatDelegateImplBase$AppCompatWindowCallbackBase.onPreparePanel(AppCompatDelegateImplBase.java:362)
08-31 14:21:34.772 E/AnkiDroid( 2500): 	at android.support.v7.view.WindowCallbackWrapper.onPreparePanel(WindowCallbackWrapper.java:103)
08-31 14:21:34.772 E/AnkiDroid( 2500): 	at android.support.v7.app.ToolbarActionBar$ToolbarCallbackWrapper.onPreparePanel(ToolbarActionBar.java:567)
08-31 14:21:34.772 E/AnkiDroid( 2500): 	at android.support.v7.app.ToolbarActionBar.populateOptionsMenu(ToolbarActionBar.java:455)
08-31 14:21:34.772 E/AnkiDroid( 2500): 	at android.support.v7.app.ToolbarActionBar$1.run(ToolbarActionBar.java:61)
08-31 14:21:34.772 E/AnkiDroid( 2500): 	at android.os.Handler.handleCallback(Handler.java:751)
08-31 14:21:34.772 E/AnkiDroid( 2500): 	at android.os.Handler.dispatchMessage(Handler.java:95)
08-31 14:21:34.772 E/AnkiDroid( 2500): 	at android.os.Looper.loop(Looper.java:154)
08-31 14:21:34.772 E/AnkiDroid( 2500): 	at android.app.ActivityThread.main(ActivityThread.java:6190)
08-31 14:21:34.772 E/AnkiDroid( 2500): 	at java.lang.reflect.Method.invoke(Native Method)
08-31 14:21:34.772 E/AnkiDroid( 2500): 	at com.android.internal.os.ZygoteInit$MethodAndArgsCaller.run(ZygoteInit.java:892)
08-31 14:21:34.772 E/AnkiDroid( 2500): 	at com.android.internal.os.ZygoteInit.main(ZygoteInit.java:782)
08-31 14:21:34.775 I/Choreographer( 2500): Skipped 41 frames!  The application may be doing too much work on its main thread.
08-31 14:21:34.866 I/ActivityManager( 1283): Displayed com.android.packageinstaller/.permission.ui.GrantPermissionsActivity: +3s176ms (total +5s969ms)
08-31 14:21:34.888 W/ContextImpl( 1721): Calling a method in the system process without a qualified user: android.app.ContextImpl.startService:1358 android.content.ContextWrapper.startService:613 android.content.ContextWrapper.startService:613 com.android.coreservice.CoreBroadcastReceiver.onReceive:69 android.app.ActivityThread.handleReceiver:3073 
08-31 14:21:34.901 W/ContextImpl( 1721): Calling a method in the system process without a qualified user: android.app.ContextImpl.startService:1358 android.content.ContextWrapper.startService:613 android.content.ContextWrapper.startService:613 com.android.coreservice.CoreBroadcastReceiver.onReceive:69 android.app.ActivityThread.handleReceiver:3073 
08-31 14:21:34.942 I/AnkiDroid( 2500): Saving instance
08-31 14:21:34.950 D/AndroidRuntime( 2500): Shutting down VM
08-31 14:21:34.954 E/ACRA    ( 2500): ACRA caught a NullPointerException for com.ichi2.anki
08-31 14:21:34.954 E/ACRA    ( 2500): java.lang.NullPointerException: Attempt to invoke interface method 'int java.util.List.size()' on a null object reference
08-31 14:21:34.954 E/ACRA    ( 2500): 	at com.ichi2.anki.NoteEditor.onSaveInstanceState(NoteEditor.java:320)
08-31 14:21:34.954 E/ACRA    ( 2500): 	at android.app.Activity.performSaveInstanceState(Activity.java:1433)
08-31 14:21:34.954 E/ACRA    ( 2500): 	at android.app.Instrumentation.callActivityOnSaveInstanceState(Instrumentation.java:1300)
08-31 14:21:34.954 E/ACRA    ( 2500): 	at android.app.ActivityThread.callCallActivityOnSaveInstanceState(ActivityThread.java:4577)
08-31 14:21:34.954 E/ACRA    ( 2500): 	at android.app.ActivityThread.performStopActivityInner(ActivityThread.java:3892)
08-31 14:21:34.954 E/ACRA    ( 2500): 	at android.app.ActivityThread.handleStopActivity(ActivityThread.java:3951)
08-31 14:21:34.954 E/ACRA    ( 2500): 	at android.app.ActivityThread.-wrap25(ActivityThread.java)
08-31 14:21:34.954 E/ACRA    ( 2500): 	at android.app.ActivityThread$H.handleMessage(ActivityThread.java:1516)
08-31 14:21:34.954 E/ACRA    ( 2500): 	at android.os.Handler.dispatchMessage(Handler.java:102)
08-31 14:21:34.954 E/ACRA    ( 2500): 	at android.os.Looper.loop(Looper.java:154)
08-31 14:21:34.954 E/ACRA    ( 2500): 	at android.app.ActivityThread.main(ActivityThread.java:6190)
08-31 14:21:34.954 E/ACRA    ( 2500): 	at java.lang.reflect.Method.invoke(Native Method)
08-31 14:21:34.954 E/ACRA    ( 2500): 	at com.android.internal.os.ZygoteInit$MethodAndArgsCaller.run(ZygoteInit.java:892)
08-31 14:21:34.954 E/ACRA    ( 2500): 	at com.android.internal.os.ZygoteInit.main(ZygoteInit.java:782)
08-31 14:21:34.954 D/ACRA    ( 2500): Building report
08-31 14:21:34.961 D/ACRA    ( 2500): Using custom Report Fields
08-31 14:21:35.067 W/System.err( 2500): java.lang.Exception: Toast callstack! strTip=AnkiDroid
08-31 14:21:35.069 W/System.err( 2500): 	at android.widget.Toast.show(Toast.java:130)
08-31 14:21:35.069 W/System.err( 2500): 	at org.acra.util.ToastSender.sendToast(ToastSender.java:27)
08-31 14:21:35.069 W/System.err( 2500): 	at org.acra.ErrorReporter$3.run(ErrorReporter.java:735)
08-31 14:21:35.140 I/ACRA    ( 2500): READ_LOGS granted! ACRA can include LogCat and DropBox data.
08-31 14:21:35.152 D/ACRA    ( 2500): Retrieving logcat output...
08-31 14:21:35.206 W/art     ( 2500): No such thread id for suspend: 19
08-31 14:21:35.214 E/ACRA    ( 2500): Error while reading application log file 
08-31 14:21:35.214 E/ACRA    ( 2500): java.io.FileNotFoundException: /data/user/0/com.ichi2.anki/files (Is a directory)
08-31 14:21:35.214 E/ACRA    ( 2500): 	at java.io.FileInputStream.open(Native Method)
08-31 14:21:35.214 E/ACRA    ( 2500): 	at java.io.FileInputStream.<init>(FileInputStream.java:146)
08-31 14:21:35.214 E/ACRA    ( 2500): 	at android.app.ContextImpl.openFileInput(ContextImpl.java:476)
08-31 14:21:35.214 E/ACRA    ( 2500): 	at android.content.ContextWrapper.openFileInput(ContextWrapper.java:186)
08-31 14:21:35.214 E/ACRA    ( 2500): 	at org.acra.collector.LogFileCollector.collectLogFile(LogFileCollector.java:61)
08-31 14:21:35.214 E/ACRA    ( 2500): 	at org.acra.collector.CrashReportDataFactory.createCrashData(CrashReportDataFactory.java:334)
08-31 14:21:35.214 E/ACRA    ( 2500): 	at org.acra.ErrorReporter.report(ErrorReporter.java:746)
08-31 14:21:35.214 E/ACRA    ( 2500): 	at org.acra.ErrorReporter.access$1400(ErrorReporter.java:81)
08-31 14:21:35.214 E/ACRA    ( 2500): 	at org.acra.ErrorReporter$ReportBuilder.send(ErrorReporter.java:1142)
08-31 14:21:35.214 E/ACRA    ( 2500): 	at org.acra.ErrorReporter.uncaughtException(ErrorReporter.java:428)
08-31 14:21:35.214 E/ACRA    ( 2500): 	at java.lang.ThreadGroup.uncaughtException(ThreadGroup.java:1068)
08-31 14:21:35.214 E/ACRA    ( 2500): 	at java.lang.ThreadGroup.uncaughtException(ThreadGroup.java:1063)
08-31 14:21:35.281 W/AudioCapabilities( 2500): Unsupported mime audio/ac3
08-31 14:21:35.282 W/AudioCapabilities( 2500): Unsupported mime audio/alac
08-31 14:21:35.284 W/AudioCapabilities( 2500): Unsupported mime audio/x-ape
08-31 14:21:35.285 W/AudioCapabilities( 2500): Unsupported mime audio/ffmpeg
08-31 14:21:35.287 W/AudioCapabilities( 2500): Unsupported mime audio/dts
08-31 14:21:35.289 W/AudioCapabilities( 2500): Unsupported mime audio/mpeg-L2
08-31 14:21:35.292 W/AudioCapabilities( 2500): Unsupported mime audio/vnd.rn-realaudio
08-31 14:21:35.298 W/AudioCapabilities( 2500): Unsupported mime audio/x-ms-wma
08-31 14:21:35.300 W/VideoCapabilities( 2500): Unsupported mime video/divx
08-31 14:21:35.304 W/VideoCapabilities( 2500): Unsupported mime video/x-flv
08-31 14:21:35.319 W/VideoCapabilities( 2500): Unsupported mime video/vnd.rn-realvideo
08-31 14:21:35.321 W/VideoCapabilities( 2500): Unsupported mime video/vc1
08-31 14:21:35.324 W/VideoCapabilities( 2500): Unsupported mime video/ffmpeg
08-31 14:21:35.327 W/VideoCapabilities( 2500): Unsupported mime video/x-ms-wmv
08-31 14:21:35.384 I/VideoCapabilities( 2500): Unsupported profile 4 for video/mp4v-es
08-31 14:21:35.389 W/AudioCapabilities( 2500): Unsupported mime audio/ac3
08-31 14:21:35.389 W/AudioCapabilities( 2500): Unsupported mime audio/alac
08-31 14:21:35.389 W/AudioCapabilities( 2500): Unsupported mime audio/x-ape
08-31 14:21:35.390 W/AudioCapabilities( 2500): Unsupported mime audio/ffmpeg
08-31 14:21:35.390 W/AudioCapabilities( 2500): Unsupported mime audio/dts
08-31 14:21:35.391 W/AudioCapabilities( 2500): Unsupported mime audio/mpeg-L2
08-31 14:21:35.391 W/AudioCapabilities( 2500): Unsupported mime audio/vnd.rn-realaudio
08-31 14:21:35.392 W/AudioCapabilities( 2500): Unsupported mime audio/x-ms-wma
08-31 14:21:35.392 W/VideoCapabilities( 2500): Unsupported mime video/divx
08-31 14:21:35.395 W/VideoCapabilities( 2500): Unsupported mime video/x-flv
08-31 14:21:35.403 W/VideoCapabilities( 2500): Unsupported mime video/vnd.rn-realvideo
08-31 14:21:35.404 W/VideoCapabilities( 2500): Unsupported mime video/vc1
08-31 14:21:35.405 W/VideoCapabilities( 2500): Unsupported mime video/ffmpeg
08-31 14:21:35.408 W/VideoCapabilities( 2500): Unsupported mime video/x-ms-wmv
08-31 14:21:35.419 E/ACRA    ( 2500): Error while retrieving crash data
08-31 14:21:35.419 E/ACRA    ( 2500): java.lang.NullPointerException: Attempt to invoke virtual method 'int org.acra.collector.MediaCodecListCollector$CodecType.ordinal()' on a null object reference
08-31 14:21:35.419 E/ACRA    ( 2500): 	at org.acra.collector.MediaCodecListCollector.collectCapabilitiesForType(MediaCodecListCollector.java:216)
08-31 14:21:35.419 E/ACRA    ( 2500): 	at org.acra.collector.MediaCodecListCollector.collecMediaCodecList(MediaCodecListCollector.java:155)
08-31 14:21:35.419 E/ACRA    ( 2500): 	at org.acra.collector.CrashReportDataFactory.createCrashData(CrashReportDataFactory.java:345)
08-31 14:21:35.419 E/ACRA    ( 2500): 	at org.acra.ErrorReporter.report(ErrorReporter.java:746)
08-31 14:21:35.419 E/ACRA    ( 2500): 	at org.acra.ErrorReporter.access$1400(ErrorReporter.java:81)
08-31 14:21:35.419 E/ACRA    ( 2500): 	at org.acra.ErrorReporter$ReportBuilder.send(ErrorReporter.java:1142)
08-31 14:21:35.419 E/ACRA    ( 2500): 	at org.acra.ErrorReporter.uncaughtException(ErrorReporter.java:428)
08-31 14:21:35.419 E/ACRA    ( 2500): 	at java.lang.ThreadGroup.uncaughtException(ThreadGroup.java:1068)
08-31 14:21:35.419 E/ACRA    ( 2500): 	at java.lang.ThreadGroup.uncaughtException(ThreadGroup.java:1063)
08-31 14:21:35.420 D/ACRA    ( 2500): Writing crash report file 1661926895000.stacktrace.
08-31 14:21:35.432 I/art     ( 2500): Do partial code cache collection, code=25KB, data=30KB
08-31 14:21:35.434 I/art     ( 2500): After code cache collection, code=17KB, data=26KB
08-31 14:21:35.434 I/art     ( 2500): Increasing code cache capacity to 128KB
08-31 14:21:35.498 D/ACRA    ( 2500): Waiting for Toast
08-31 14:21:35.498 D/ACRA    ( 2500): Waiting for 2000 millis from 1661926895072 currentMillis=1661926895498
08-31 14:21:35.499 I/art     ( 2500): Starting a blocking GC HeapTrim
08-31 14:21:35.957 D/EGL_adreno( 2305): eglMakeCurrent: 0x7fffeb4420a0: ver 3 1 (tinfo 0x7fffeb40d340)
08-31 14:21:35.958 E/BufferQueueProducer( 1083): [Toast] cancelBuffer: BufferQueue has been abandoned
08-31 14:21:35.976 W/WindowManager( 1283): Attempted to remove non-existing token: android.os.Binder@cb528ab
08-31 14:21:35.986 W/WindowManager( 1283): Failed looking up window
08-31 14:21:35.986 W/WindowManager( 1283): java.lang.IllegalArgumentException: Requested window android.os.BinderProxy@1997179 does not exist
08-31 14:21:35.986 W/WindowManager( 1283): 	at com.android.server.wm.WindowManagerService.windowForClientLocked(WindowManagerService.java:9459)
08-31 14:21:35.986 W/WindowManager( 1283): 	at com.android.server.wm.WindowManagerService.windowForClientLocked(WindowManagerService.java:9450)
08-31 14:21:35.986 W/WindowManager( 1283): 	at com.android.server.wm.WindowManagerService.removeWindow(WindowManagerService.java:2410)
08-31 14:21:35.986 W/WindowManager( 1283): 	at com.android.server.wm.Session.remove(Session.java:202)
08-31 14:21:35.986 W/WindowManager( 1283): 	at android.view.IWindowSession$Stub.onTransact(IWindowSession.java:242)
08-31 14:21:35.986 W/WindowManager( 1283): 	at com.android.server.wm.Session.onTransact(Session.java:145)
08-31 14:21:35.986 W/WindowManager( 1283): 	at android.os.Binder.execTransact(Binder.java:565)
08-31 14:21:36.068 E/EGL_adreno( 2305): tid 2321: eglSurfaceAttrib(1338): error 0x3009 (EGL_BAD_MATCH)
08-31 14:21:36.068 W/OpenGLRenderer( 2305): Failed to set EGL_SWAP_BEHAVIOR on surface 0x7fffeb41b3c0, error=EGL_BAD_MATCH
08-31 14:21:36.070 D/EGL_adreno( 2305): eglMakeCurrent: 0x7fffeb4420a0: ver 3 1 (tinfo 0x7fffeb40d340)
08-31 14:21:37.209 D/ACRA    ( 2500): Finished waiting for Toast
08-31 14:21:37.210 D/ACRA    ( 2500): Creating CrashReportDialog for 1661926895000.stacktrace
08-31 14:21:37.210 D/ACRA    ( 2500): Creating DialogIntent for 1661926895000.stacktrace exception=java.lang.NullPointerException: Attempt to invoke interface method 'int java.util.List.size()' on a null object reference
08-31 14:21:37.238 I/ActivityManager( 1283): START u0 {flg=0x10000000 cmp=com.ichi2.anki/.dialogs.AnkiDroidCrashReportDialog (has extras)} from uid 10042 on display 0
08-31 14:21:37.268 D/ACRA    ( 2500): Wait for Toast + worker ended. Kill Application ? true
08-31 14:21:37.268 E/ACRA    ( 2500): com.ichi2.anki fatal error : Attempt to invoke interface method 'int java.util.List.size()' on a null object reference
08-31 14:21:37.268 E/ACRA    ( 2500): java.lang.NullPointerException: Attempt to invoke interface method 'int java.util.List.size()' on a null object reference
08-31 14:21:37.268 E/ACRA    ( 2500): 	at com.ichi2.anki.NoteEditor.onSaveInstanceState(NoteEditor.java:320)
08-31 14:21:37.268 E/ACRA    ( 2500): 	at android.app.Activity.performSaveInstanceState(Activity.java:1433)
08-31 14:21:37.268 E/ACRA    ( 2500): 	at android.app.Instrumentation.callActivityOnSaveInstanceState(Instrumentation.java:1300)
08-31 14:21:37.268 E/ACRA    ( 2500): 	at android.app.ActivityThread.callCallActivityOnSaveInstanceState(ActivityThread.java:4577)
08-31 14:21:37.268 E/ACRA    ( 2500): 	at android.app.ActivityThread.performStopActivityInner(ActivityThread.java:3892)
08-31 14:21:37.268 E/ACRA    ( 2500): 	at android.app.ActivityThread.handleStopActivity(ActivityThread.java:3951)
08-31 14:21:37.268 E/ACRA    ( 2500): 	at android.app.ActivityThread.-wrap25(ActivityThread.java)
08-31 14:21:37.268 E/ACRA    ( 2500): 	at android.app.ActivityThread$H.handleMessage(ActivityThread.java:1516)
08-31 14:21:37.268 E/ACRA    ( 2500): 	at android.os.Handler.dispatchMessage(Handler.java:102)
08-31 14:21:37.268 E/ACRA    ( 2500): 	at android.os.Looper.loop(Looper.java:154)
08-31 14:21:37.268 E/ACRA    ( 2500): 	at android.app.ActivityThread.main(ActivityThread.java:6190)
08-31 14:21:37.268 E/ACRA    ( 2500): 	at java.lang.reflect.Method.invoke(Native Method)
08-31 14:21:37.268 E/ACRA    ( 2500): 	at com.android.internal.os.ZygoteInit$MethodAndArgsCaller.run(ZygoteInit.java:892)
08-31 14:21:37.268 E/ACRA    ( 2500): 	at com.android.internal.os.ZygoteInit.main(ZygoteInit.java:782)
08-31 14:21:37.268 I/ACRA    ( 2500): Finishing the last Activity prior to killing the Process
08-31 14:21:37.314 I/ACRA    ( 2500): Finished class com.ichi2.anki.DeckPicker
08-31 14:21:37.314 W/System.err( 2500): java.lang.Exception: call killProcess callstack! pid=2500
08-31 14:21:37.315 W/System.err( 2500): 	at android.os.Process.killProcess(Process.java:1168)
08-31 14:21:37.315 W/System.err( 2500): 	at org.acra.ErrorReporter.endApplication(ErrorReporter.java:476)
08-31 14:21:37.316 W/System.err( 2500): 	at org.acra.ErrorReporter.access$1300(ErrorReporter.java:81)
08-31 14:21:37.317 W/System.err( 2500): 	at org.acra.ErrorReporter$5.run(ErrorReporter.java:851)
08-31 14:21:37.317 I/Process ( 2500): Sending signal. PID: 2500 SIG: 9
08-31 14:21:37.333 E/lowmemorykiller( 1081): Error writing /proc/2500/oom_score_adj; errno=22
08-31 14:21:37.335 E/JavaBinder( 1283): !!! FAILED BINDER TRANSACTION !!!  (parcel size = 3864)
08-31 14:21:37.339 D/GraphicsStats( 1283): Buffer count: 7
08-31 14:21:37.339 I/WindowManager( 1283): WIN DEATH: Window{fc12d29 u0 com.ichi2.anki/com.ichi2.anki.NoteEditor}
08-31 14:21:37.344 W/ActivityManager( 1283): Exception when starting activity com.ichi2.anki/.dialogs.AnkiDroidCrashReportDialog
08-31 14:21:37.344 W/ActivityManager( 1283): android.os.DeadObjectException: Transaction failed on small parcel; remote process probably died
08-31 14:21:37.344 W/ActivityManager( 1283): 	at android.os.BinderProxy.transactNative(Native Method)
08-31 14:21:37.344 W/ActivityManager( 1283): 	at android.os.BinderProxy.transact(Binder.java:615)
08-31 14:21:37.344 W/ActivityManager( 1283): 	at android.app.ApplicationThreadProxy.scheduleLaunchActivity(ApplicationThreadNative.java:884)
08-31 14:21:37.344 W/ActivityManager( 1283): 	at com.android.server.am.ActivityStackSupervisor.realStartActivityLocked(ActivityStackSupervisor.java:1309)
08-31 14:21:37.344 W/ActivityManager( 1283): 	at com.android.server.am.ActivityStackSupervisor.startSpecificActivityLocked(ActivityStackSupervisor.java:1408)
08-31 14:21:37.344 W/ActivityManager( 1283): 	at com.android.server.am.ActivityStack.resumeTopActivityInnerLocked(ActivityStack.java:2585)
08-31 14:21:37.344 W/ActivityManager( 1283): 	at com.android.server.am.ActivityStack.resumeTopActivityUncheckedLocked(ActivityStack.java:2131)
08-31 14:21:37.344 W/ActivityManager( 1283): 	at com.android.server.am.ActivityStackSupervisor.resumeFocusedStackTopActivityLocked(ActivityStackSupervisor.java:1829)
08-31 14:21:37.344 W/ActivityManager( 1283): 	at com.android.server.am.ActivityStack.completePauseLocked(ActivityStack.java:1336)
08-31 14:21:37.344 W/ActivityManager( 1283): 	at com.android.server.am.ActivityStack.activityPausedLocked(ActivityStack.java:1216)
08-31 14:21:37.344 W/ActivityManager( 1283): 	at com.android.server.am.ActivityManagerService.activityPaused(ActivityManagerService.java:7048)
08-31 14:21:37.344 W/ActivityManager( 1283): 	at android.app.ActivityManagerNative.onTransact(ActivityManagerNative.java:571)
08-31 14:21:37.344 W/ActivityManager( 1283): 	at com.android.server.am.ActivityManagerService.onTransact(ActivityManagerService.java:2820)
08-31 14:21:37.344 W/ActivityManager( 1283): 	at android.os.Binder.execTransact(Binder.java:565)
08-31 14:21:37.344 D/ActivityManager( 1283): cleanUpApplicationRecord -- 2500
08-31 14:21:37.357 W/InputDispatcher( 1283): channel 'd0cef04 com.ichi2.anki/com.ichi2.anki.DeckPicker (server)' ~ Consumer closed input channel or an error occurred.  events=0x9
08-31 14:21:37.357 E/InputDispatcher( 1283): channel 'd0cef04 com.ichi2.anki/com.ichi2.anki.DeckPicker (server)' ~ Channel is unrecoverably broken and will be disposed!
08-31 14:21:37.357 W/InputDispatcher( 1283): channel 'fc12d29 com.ichi2.anki/com.ichi2.anki.NoteEditor (server)' ~ Consumer closed input channel or an error occurred.  events=0x9
08-31 14:21:37.357 E/InputDispatcher( 1283): channel 'fc12d29 com.ichi2.anki/com.ichi2.anki.NoteEditor (server)' ~ Channel is unrecoverably broken and will be disposed!
08-31 14:21:37.357 W/InputDispatcher( 1283): Attempted to unregister already unregistered input channel 'fc12d29 com.ichi2.anki/com.ichi2.anki.NoteEditor (server)'
08-31 14:21:37.375 I/WindowManager( 1283): WIN DEATH: Window{d0cef04 u0 com.ichi2.anki/com.ichi2.anki.DeckPicker}
08-31 14:21:37.375 W/InputDispatcher( 1283): Attempted to unregister already unregistered input channel 'd0cef04 com.ichi2.anki/com.ichi2.anki.DeckPicker (server)'
08-31 14:21:37.399 W/ActivityManager( 1283): Force removing ActivityRecord{6083450 u0 com.ichi2.anki/.NoteEditor t8}: app died, no saved state
08-31 14:21:37.399 W/ActivityManager( 1283): Slow operation: 55ms so far, now at startProcess: done killing old proc
08-31 14:21:37.399 W/ActivityManager( 1283): Slow operation: 55ms so far, now at startProcess: added package to existing proc
08-31 14:21:37.399 W/ActivityManager( 1283): Slow operation: 55ms so far, now at startProcess: stepping in to startProcess
08-31 14:21:37.416 I/ActivityManager( 1283): Start proc 2610:com.ichi2.anki/u0a42 for activity com.ichi2.anki/.dialogs.AnkiDroidCrashReportDialog
08-31 14:21:37.416 W/ActivityManager( 1283): Slow operation: 72ms so far, now at startProcess: done starting proc!
08-31 14:21:37.419 W/ContextImpl( 1721): Calling a method in the system process without a qualified user: android.app.ContextImpl.startService:1358 android.content.ContextWrapper.startService:613 android.content.ContextWrapper.startService:613 com.android.coreservice.CoreBroadcastReceiver.onReceive:44 android.app.ActivityThread.handleReceiver:3073 
08-31 14:21:37.420 W/ActivityManager( 1283): Spurious death for ProcessRecord{a6205ac 2610:com.ichi2.anki/u0a42}, curProc for 2500: null
08-31 14:21:37.424 I/ActivityManager( 1283): Killing 1587:com.android.settings/1000 (adj 904): empty for 12059s
08-31 14:21:37.438 D/ActivityManager( 1283): cleanUpApplicationRecord -- 1587
08-31 14:21:37.438 D/GraphicsStats( 1283): Buffer count: 6
08-31 14:21:37.461 D/libnativebridge( 2610): call UnloadNativeBridge! state=1
08-31 14:21:37.737 W/ActivityManager( 1283): Slow operation: 254ms so far, now at attachApplicationLocked: after mServices.attachApplicationLocked
08-31 14:21:37.758 W/ContextImpl( 1721): Calling a method in the system process without a qualified user: android.app.ContextImpl.startService:1358 android.content.ContextWrapper.startService:613 android.content.ContextWrapper.startService:613 com.android.coreservice.CoreBroadcastReceiver.onReceive:53 android.app.ActivityThread.handleReceiver:3073 
08-31 14:21:37.832 W/ContextImpl( 1721): Calling a method in the system process without a qualified user: android.app.ContextImpl.sendBroadcast:893 android.content.ContextWrapper.sendBroadcast:426 com.android.coreservice.TabManager.notifyClosing:345 com.android.coreservice.TabManager.updateInner:182 com.android.coreservice.TabManager.onUpdate:217 
08-31 14:21:37.834 E/ActivityManager( 1283): Sending non-protected broadcast android.intent.action.CLOSE_TASK from system 1721:com.android.coreservice/1000 pkg com.android.coreservice
08-31 14:21:37.834 E/ActivityManager( 1283): java.lang.Throwable
08-31 14:21:37.834 E/ActivityManager( 1283): 	at com.android.server.am.ActivityManagerService.checkBroadcastFromSystem(ActivityManagerService.java:18108)
08-31 14:21:37.834 E/ActivityManager( 1283): 	at com.android.server.am.ActivityManagerService.broadcastIntentLocked(ActivityManagerService.java:18680)
08-31 14:21:37.834 E/ActivityManager( 1283): 	at com.android.server.am.ActivityManagerService.broadcastIntent(ActivityManagerService.java:18771)
08-31 14:21:37.834 E/ActivityManager( 1283): 	at android.app.ActivityManagerNative.onTransact(ActivityManagerNative.java:499)
08-31 14:21:37.834 E/ActivityManager( 1283): 	at com.android.server.am.ActivityManagerService.onTransact(ActivityManagerService.java:2820)
08-31 14:21:37.834 E/ActivityManager( 1283): 	at android.os.Binder.execTransact(Binder.java:565)
08-31 14:21:37.853 I/CoreService( 1721): notifyClosing notify tab closed taskPackageName:com.ichi2.anki
08-31 14:21:38.246 D/ACRA    ( 2610): ACRA is enabled for com.ichi2.anki, initializing...
08-31 14:21:38.253 D/ACRA    ( 2610): Using custom Report Fields
08-31 14:21:38.262 D/ACRA    ( 2610): Looking for error files in /data/user/0/com.ichi2.anki/files
08-31 14:21:38.263 D/ACRA    ( 2610): Deleting file 1661399713000.stacktrace
08-31 14:21:38.263 D/ACRA    ( 2610): Looking for error files in /data/user/0/com.ichi2.anki/files
08-31 14:21:38.323 W/System  ( 2610): ClassLoader referenced unknown path: /system/app/Chrome/lib/x86_64
08-31 14:21:38.324 D/ApplicationLoaders( 2610): ignored Vulkan layer search path /system/app/Chrome/lib/x86_64:/system/app/Chrome/Chrome.apk!/lib/x86_64:/system/lib64:/vendor/lib64 for namespace 0x7ffff7e220f0
08-31 14:21:38.363 I/WebViewFactory( 2610): Loading com.android.chrome version 86.0.4240.198 (code 424019826)
08-31 14:21:38.632 W/ResourceType( 2610): Failure getting entry for 0x7f130606 (t=18 e=1542) (error -2147483647)
08-31 14:21:38.643 I/cr_LibraryLoader( 2610): Loaded native library version number "86.0.4240.198"
08-31 14:21:38.646 I/cr_CachingUmaRecorder( 2610): Flushed 5 samples from 5 histograms.
08-31 14:21:38.678 D/ACRA    ( 2610): CrashReportDialog extras=Bundle[mParcelledData.dataSize=1920]
08-31 14:21:38.699 D/ACRA    ( 2610): Opening CrashReportDialog for 1661926895000.stacktrace
08-31 14:21:38.736 W/System.err( 2610): java.lang.Exception: show AlertDialog! title=
08-31 14:21:38.737 W/System.err( 2610): 	at android.app.AlertDialog.show(AlertDialog.java:134)
08-31 14:21:38.737 W/System.err( 2610): 	at com.ichi2.anki.dialogs.AnkiDroidCrashReportDialog.onCreate(AnkiDroidCrashReportDialog.java:61)
08-31 14:21:38.737 W/System.err( 2610): 	at android.app.Activity.performCreate(Activity.java:6701)
08-31 14:21:38.737 W/System.err( 2610): 	at android.app.Instrumentation.callActivityOnCreate(Instrumentation.java:1118)
08-31 14:21:38.737 W/System.err( 2610): 	at android.app.ActivityThread.performLaunchActivity(ActivityThread.java:2651)
08-31 14:21:38.737 W/System.err( 2610): 	at android.app.ActivityThread.handleLaunchActivity(ActivityThread.java:2759)
08-31 14:21:38.737 W/System.err( 2610): 	at android.app.ActivityThread.-wrap12(ActivityThread.java)
08-31 14:21:38.737 W/System.err( 2610): 	at android.app.ActivityThread$H.handleMessage(ActivityThread.java:1482)
08-31 14:21:38.737 W/System.err( 2610): 	at android.os.Handler.dispatchMessage(Handler.java:102)
08-31 14:21:38.737 W/System.err( 2610): 	at android.os.Looper.loop(Looper.java:154)
08-31 14:21:38.737 W/System.err( 2610): 	at android.app.ActivityThread.main(ActivityThread.java:6190)
08-31 14:21:38.737 W/System.err( 2610): 	at java.lang.reflect.Method.invoke(Native Method)
08-31 14:21:38.737 W/System.err( 2610): 	at com.android.internal.os.ZygoteInit$MethodAndArgsCaller.run(ZygoteInit.java:892)
08-31 14:21:38.737 W/System.err( 2610): 	at com.android.internal.os.ZygoteInit.main(ZygoteInit.java:782)
08-31 14:21:38.786 I/HostConnection( 2610): HostConnection::HostConnection: pid=2610, tid=2610, this=0x7fffe8bfdc20
08-31 14:21:38.790 I/        ( 2610): fastpipe: Connect success
08-31 14:21:38.790 D/HostConnection( 2610): HostRPC::connect sucess: app=com.ichi2.anki, pid=2610, tid=2610, this=0x7fffd5ccdd40
08-31 14:21:38.791 D/HostConnection( 2610): queryAndSetGLESMaxVersion select gles-version: 3.1 hostGLVersion:46 process:com.ichi2.anki
08-31 14:21:38.793 I/        ( 2610): fastpipe: Connect success
08-31 14:21:38.794 D/HostConnection( 2610): recv ProcessPuidReply name=com.ichi2.anki puid=12 g_u64CapsFlag=1d
08-31 14:21:38.813 W/ContextImpl( 1721): Calling a method in the system process without a qualified user: android.app.ContextImpl.startService:1358 android.content.ContextWrapper.startService:613 android.content.ContextWrapper.startService:613 com.android.coreservice.CoreBroadcastReceiver.onReceive:53 android.app.ActivityThread.handleReceiver:3073 
08-31 14:21:38.965 I/HostConnection( 2610): HostConnection::HostConnection: pid=2610, tid=2634, this=0x7fffe8bfdda0
08-31 14:21:38.967 I/        ( 2610): fastpipe: Connect success
08-31 14:21:38.967 D/HostConnection( 2610): HostRPC::connect sucess: app=com.ichi2.anki, pid=2610, tid=2634, this=0x7fffd5f61940
08-31 14:21:38.969 D/HostConnection( 2610): queryAndSetGLESMaxVersion select gles-version: 3.1 hostGLVersion:46 process:com.ichi2.anki
08-31 14:21:38.970 I/OpenGLRenderer( 2610): Initialized EGL, version 1.4
08-31 14:21:38.970 D/OpenGLRenderer( 2610): Swap behavior 1
08-31 14:21:38.970 I/EGL_adreno( 2610): eglCreateContext request GLES major-version=2
08-31 14:21:39.052 D/EGL_adreno( 2610): eglCreateContext: 0x7fffe8b8e8a0: maj 3 min 1 rcv 4
08-31 14:21:39.163 D/EGL_adreno( 2610): eglMakeCurrent: 0x7fffe8b8e8a0: ver 3 1 (tinfo 0x7fffe8b88ec0)
08-31 14:21:39.175 D/HostConnection( 2610): ExtendedRCEncoderContext GL_VERSION return OpenGL ES 3.1
08-31 14:21:39.199 E/EGL_adreno( 2610): tid 2634: eglSurfaceAttrib(1338): error 0x3009 (EGL_BAD_MATCH)
08-31 14:21:39.199 W/OpenGLRenderer( 2610): Failed to set EGL_SWAP_BEHAVIOR on surface 0x7fffd5fb7880, error=EGL_BAD_MATCH
08-31 14:21:39.265 W/ContextImpl( 1721): Calling a method in the system process without a qualified user: android.app.ContextImpl.startService:1358 android.content.ContextWrapper.startService:613 android.content.ContextWrapper.startService:613 com.android.coreservice.CoreBroadcastReceiver.onReceive:69 android.app.ActivityThread.handleReceiver:3073 
08-31 14:21:39.269 W/ContextImpl( 1721): Calling a method in the system process without a qualified user: android.app.ContextImpl.startService:1358 android.content.ContextWrapper.startService:613 android.content.ContextWrapper.startService:613 com.android.coreservice.CoreBroadcastReceiver.onReceive:69 android.app.ActivityThread.handleReceiver:3073 
08-31 14:21:39.279 W/ContextImpl( 1721): Calling a method in the system process without a qualified user: android.app.ContextImpl.startService:1358 android.content.ContextWrapper.startService:613 android.content.ContextWrapper.startService:613 com.android.coreservice.CoreBroadcastReceiver.onReceive:69 android.app.ActivityThread.handleReceiver:3073 
08-31 14:21:39.295 E/EGL_adreno( 2610): tid 2634: eglSurfaceAttrib(1338): error 0x3009 (EGL_BAD_MATCH)
08-31 14:21:39.296 W/OpenGLRenderer( 2610): Failed to set EGL_SWAP_BEHAVIOR on surface 0x7fffd5fb78c0, error=EGL_BAD_MATCH
08-31 14:21:39.301 D/EGL_adreno( 2610): eglMakeCurrent: 0x7fffe8b8e8a0: ver 3 1 (tinfo 0x7fffe8b88ec0)
08-31 14:21:39.410 D/EGL_adreno( 2610): eglMakeCurrent: 0x7fffe8b8e8a0: ver 3 1 (tinfo 0x7fffe8b88ec0)
08-31 14:21:39.462 D/EGL_adreno( 2610): eglMakeCurrent: 0x7fffe8b8e8a0: ver 3 1 (tinfo 0x7fffe8b88ec0)
08-31 14:21:39.506 D/EGL_adreno( 2305): eglMakeCurrent: 0x7fffeb4420a0: ver 3 1 (tinfo 0x7fffeb40d340)
08-31 14:21:39.519 W/WindowManager( 1283): Attempted to remove non-existing token: android.os.Binder@ac89b08
08-31 14:21:39.652 E/EGL_adreno( 2305): tid 2321: eglSurfaceAttrib(1338): error 0x3009 (EGL_BAD_MATCH)
08-31 14:21:39.653 W/OpenGLRenderer( 2305): Failed to set EGL_SWAP_BEHAVIOR on surface 0x7fffeb41b3c0, error=EGL_BAD_MATCH
08-31 14:21:39.654 D/EGL_adreno( 2305): eglMakeCurrent: 0x7fffeb4420a0: ver 3 1 (tinfo 0x7fffeb40d340)
08-31 14:21:42.378 I/ActivityManager( 1283): Displayed com.ichi2.anki/.dialogs.AnkiDroidCrashReportDialog: +5s65ms
08-31 14:21:42.786 D/WifiStateMachine( 1283): setScanResults mScanResults.size=1
08-31 14:21:43.024 W/WindowManager( 1283): Attempted to remove non-existing token: android.os.Binder@6d6a2a1
08-31 14:21:43.030 D/EGL_adreno( 2305): eglMakeCurrent: 0x7fffeb4420a0: ver 3 1 (tinfo 0x7fffeb40d340)
08-31 14:21:43.185 E/EGL_adreno( 2305): tid 2321: eglSurfaceAttrib(1338): error 0x3009 (EGL_BAD_MATCH)
08-31 14:21:43.185 W/OpenGLRenderer( 2305): Failed to set EGL_SWAP_BEHAVIOR on surface 0x7fffeb41b3c0, error=EGL_BAD_MATCH
08-31 14:21:43.188 D/EGL_adreno( 2305): eglMakeCurrent: 0x7fffeb4420a0: ver 3 1 (tinfo 0x7fffeb40d340)
08-31 14:21:46.562 D/EGL_adreno( 2305): eglMakeCurrent: 0x7fffeb4420a0: ver 3 1 (tinfo 0x7fffeb40d340)
08-31 14:21:46.573 W/WindowManager( 1283): Attempted to remove non-existing token: android.os.Binder@8767cc6
08-31 14:21:46.721 E/EGL_adreno( 2305): tid 2321: eglSurfaceAttrib(1338): error 0x3009 (EGL_BAD_MATCH)
08-31 14:21:46.722 W/OpenGLRenderer( 2305): Failed to set EGL_SWAP_BEHAVIOR on surface 0x7fffeb41b3c0, error=EGL_BAD_MATCH
08-31 14:21:46.724 D/EGL_adreno( 2305): eglMakeCurrent: 0x7fffeb4420a0: ver 3 1 (tinfo 0x7fffeb40d340)
08-31 14:21:50.081 D/EGL_adreno( 2305): eglMakeCurrent: 0x7fffeb4420a0: ver 3 1 (tinfo 0x7fffeb40d340)
08-31 14:21:50.090 W/WindowManager( 1283): Attempted to remove non-existing token: android.os.Binder@b9ba487
08-31 14:21:50.216 E/EGL_adreno( 2305): tid 2321: eglSurfaceAttrib(1338): error 0x3009 (EGL_BAD_MATCH)
08-31 14:21:50.216 W/OpenGLRenderer( 2305): Failed to set EGL_SWAP_BEHAVIOR on surface 0x7fffeb41b3c0, error=EGL_BAD_MATCH
08-31 14:21:50.217 D/EGL_adreno( 2305): eglMakeCurrent: 0x7fffeb4420a0: ver 3 1 (tinfo 0x7fffeb40d340)
08-31 14:21:53.598 D/EGL_adreno( 2305): eglMakeCurrent: 0x7fffeb4420a0: ver 3 1 (tinfo 0x7fffeb40d340)
08-31 14:21:53.606 W/WindowManager( 1283): Attempted to remove non-existing token: android.os.Binder@f840223
08-31 14:21:53.732 E/EGL_adreno( 2305): tid 2321: eglSurfaceAttrib(1338): error 0x3009 (EGL_BAD_MATCH)
08-31 14:21:53.732 W/OpenGLRenderer( 2305): Failed to set EGL_SWAP_BEHAVIOR on surface 0x7fffeb41b3c0, error=EGL_BAD_MATCH
08-31 14:21:53.734 D/EGL_adreno( 2305): eglMakeCurrent: 0x7fffeb4420a0: ver 3 1 (tinfo 0x7fffeb40d340)
08-31 14:21:57.129 D/EGL_adreno( 2305): eglMakeCurrent: 0x7fffeb4420a0: ver 3 1 (tinfo 0x7fffeb40d340)
08-31 14:21:57.139 W/WindowManager( 1283): Attempted to remove non-existing token: android.os.Binder@c025e9e
08-31 14:21:57.265 E/EGL_adreno( 2305): tid 2321: eglSurfaceAttrib(1338): error 0x3009 (EGL_BAD_MATCH)
08-31 14:21:57.265 W/OpenGLRenderer( 2305): Failed to set EGL_SWAP_BEHAVIOR on surface 0x7fffeb41b3c0, error=EGL_BAD_MATCH
08-31 14:21:57.267 D/EGL_adreno( 2305): eglMakeCurrent: 0x7fffeb4420a0: ver 3 1 (tinfo 0x7fffeb40d340)
08-31 14:22:00.644 D/EGL_adreno( 2305): eglMakeCurrent: 0x7fffeb4420a0: ver 3 1 (tinfo 0x7fffeb40d340)
08-31 14:22:00.656 W/WindowManager( 1283): Attempted to remove non-existing token: android.os.Binder@35929b
08-31 14:22:00.808 E/EGL_adreno( 2305): tid 2321: eglSurfaceAttrib(1338): error 0x3009 (EGL_BAD_MATCH)
08-31 14:22:00.808 W/OpenGLRenderer( 2305): Failed to set EGL_SWAP_BEHAVIOR on surface 0x7fffeb41b3c0, error=EGL_BAD_MATCH
08-31 14:22:00.815 D/EGL_adreno( 2305): eglMakeCurrent: 0x7fffeb4420a0: ver 3 1 (tinfo 0x7fffeb40d340)
08-31 14:22:04.163 D/EGL_adreno( 2305): eglMakeCurrent: 0x7fffeb4420a0: ver 3 1 (tinfo 0x7fffeb40d340)
08-31 14:22:04.173 W/WindowManager( 1283): Attempted to remove non-existing token: android.os.Binder@8251de4
08-31 14:22:04.288 E/EGL_adreno( 2305): tid 2321: eglSurfaceAttrib(1338): error 0x3009 (EGL_BAD_MATCH)
08-31 14:22:04.289 W/OpenGLRenderer( 2305): Failed to set EGL_SWAP_BEHAVIOR on surface 0x7fffeb41b3c0, error=EGL_BAD_MATCH
08-31 14:22:04.291 D/EGL_adreno( 2305): eglMakeCurrent: 0x7fffeb4420a0: ver 3 1 (tinfo 0x7fffeb40d340)
08-31 14:22:07.683 D/EGL_adreno( 2305): eglMakeCurrent: 0x7fffeb4420a0: ver 3 1 (tinfo 0x7fffeb40d340)
08-31 14:22:07.690 W/WindowManager( 1283): Attempted to remove non-existing token: android.os.Binder@941624d
08-31 14:22:07.811 E/EGL_adreno( 2305): tid 2321: eglSurfaceAttrib(1338): error 0x3009 (EGL_BAD_MATCH)
08-31 14:22:07.811 W/OpenGLRenderer( 2305): Failed to set EGL_SWAP_BEHAVIOR on surface 0x7fffeb41b3c0, error=EGL_BAD_MATCH
08-31 14:22:07.845 D/EGL_adreno( 2305): eglMakeCurrent: 0x7fffeb4420a0: ver 3 1 (tinfo 0x7fffeb40d340)
08-31 14:22:11.197 D/EGL_adreno( 2305): eglMakeCurrent: 0x7fffeb4420a0: ver 3 1 (tinfo 0x7fffeb40d340)
08-31 14:22:11.216 W/WindowManager( 1283): Attempted to remove non-existing token: android.os.Binder@1588102
08-31 14:22:11.335 E/EGL_adreno( 2305): tid 2321: eglSurfaceAttrib(1338): error 0x3009 (EGL_BAD_MATCH)
08-31 14:22:11.335 W/OpenGLRenderer( 2305): Failed to set EGL_SWAP_BEHAVIOR on surface 0x7fffeb41b3c0, error=EGL_BAD_MATCH
08-31 14:22:11.339 D/EGL_adreno( 2305): eglMakeCurrent: 0x7fffeb4420a0: ver 3 1 (tinfo 0x7fffeb40d340)
08-31 14:22:14.727 D/EGL_adreno( 2305): eglMakeCurrent: 0x7fffeb4420a0: ver 3 1 (tinfo 0x7fffeb40d340)
08-31 14:22:14.742 W/WindowManager( 1283): Attempted to remove non-existing token: android.os.Binder@389ba13
08-31 14:22:14.872 E/EGL_adreno( 2305): tid 2321: eglSurfaceAttrib(1338): error 0x3009 (EGL_BAD_MATCH)
08-31 14:22:14.872 W/OpenGLRenderer( 2305): Failed to set EGL_SWAP_BEHAVIOR on surface 0x7fffeb41b3c0, error=EGL_BAD_MATCH
08-31 14:22:14.876 D/EGL_adreno( 2305): eglMakeCurrent: 0x7fffeb4420a0: ver 3 1 (tinfo 0x7fffeb40d340)
08-31 14:22:18.251 D/EGL_adreno( 2305): eglMakeCurrent: 0x7fffeb4420a0: ver 3 1 (tinfo 0x7fffeb40d340)
08-31 14:22:18.257 W/WindowManager( 1283): Attempted to remove non-existing token: android.os.Binder@c4be46f
08-31 14:22:18.396 E/EGL_adreno( 2305): tid 2321: eglSurfaceAttrib(1338): error 0x3009 (EGL_BAD_MATCH)
08-31 14:22:18.397 W/OpenGLRenderer( 2305): Failed to set EGL_SWAP_BEHAVIOR on surface 0x7fffeb41b3c0, error=EGL_BAD_MATCH
08-31 14:22:18.399 D/EGL_adreno( 2305): eglMakeCurrent: 0x7fffeb4420a0: ver 3 1 (tinfo 0x7fffeb40d340)
08-31 14:22:21.765 D/EGL_adreno( 2305): eglMakeCurrent: 0x7fffeb4420a0: ver 3 1 (tinfo 0x7fffeb40d340)
08-31 14:22:21.773 W/WindowManager( 1283): Attempted to remove non-existing token: android.os.Binder@8c4457c
08-31 14:22:21.945 E/EGL_adreno( 2305): tid 2321: eglSurfaceAttrib(1338): error 0x3009 (EGL_BAD_MATCH)
08-31 14:22:21.945 W/OpenGLRenderer( 2305): Failed to set EGL_SWAP_BEHAVIOR on surface 0x7fffeb41b3c0, error=EGL_BAD_MATCH
08-31 14:22:21.947 D/EGL_adreno( 2305): eglMakeCurrent: 0x7fffeb4420a0: ver 3 1 (tinfo 0x7fffeb40d340)
08-31 14:22:25.286 D/EGL_adreno( 2305): eglMakeCurrent: 0x7fffeb4420a0: ver 3 1 (tinfo 0x7fffeb40d340)
08-31 14:22:25.290 W/WindowManager( 1283): Attempted to remove non-existing token: android.os.Binder@2a58e05
08-31 14:22:25.396 E/EGL_adreno( 2305): tid 2321: eglSurfaceAttrib(1338): error 0x3009 (EGL_BAD_MATCH)
08-31 14:22:25.396 W/OpenGLRenderer( 2305): Failed to set EGL_SWAP_BEHAVIOR on surface 0x7fffeb41b3c0, error=EGL_BAD_MATCH
08-31 14:22:25.399 D/EGL_adreno( 2305): eglMakeCurrent: 0x7fffeb4420a0: ver 3 1 (tinfo 0x7fffeb40d340)
08-31 14:22:28.796 D/EGL_adreno( 2305): eglMakeCurrent: 0x7fffeb4420a0: ver 3 1 (tinfo 0x7fffeb40d340)
08-31 14:22:28.807 W/WindowManager( 1283): Attempted to remove non-existing token: android.os.Binder@ea12e5a
08-31 14:22:28.916 E/EGL_adreno( 2305): tid 2321: eglSurfaceAttrib(1338): error 0x3009 (EGL_BAD_MATCH)
08-31 14:22:28.916 W/OpenGLRenderer( 2305): Failed to set EGL_SWAP_BEHAVIOR on surface 0x7fffeb41b3c0, error=EGL_BAD_MATCH
08-31 14:22:28.918 D/EGL_adreno( 2305): eglMakeCurrent: 0x7fffeb4420a0: ver 3 1 (tinfo 0x7fffeb40d340)
08-31 14:22:32.323 W/WindowManager( 1283): Attempted to remove non-existing token: android.os.Binder@a5c588b
08-31 14:22:32.324 D/EGL_adreno( 2305): eglMakeCurrent: 0x7fffeb4420a0: ver 3 1 (tinfo 0x7fffeb40d340)
08-31 14:22:32.449 E/EGL_adreno( 2305): tid 2321: eglSurfaceAttrib(1338): error 0x3009 (EGL_BAD_MATCH)
08-31 14:22:32.449 W/OpenGLRenderer( 2305): Failed to set EGL_SWAP_BEHAVIOR on surface 0x7fffeb41b3c0, error=EGL_BAD_MATCH
08-31 14:22:32.451 D/EGL_adreno( 2305): eglMakeCurrent: 0x7fffeb4420a0: ver 3 1 (tinfo 0x7fffeb40d340)
08-31 14:22:35.831 D/EGL_adreno( 2305): eglMakeCurrent: 0x7fffeb4420a0: ver 3 1 (tinfo 0x7fffeb40d340)
08-31 14:22:35.839 W/WindowManager( 1283): Attempted to remove non-existing token: android.os.Binder@2ce3d68
08-31 14:22:35.958 E/EGL_adreno( 2305): tid 2321: eglSurfaceAttrib(1338): error 0x3009 (EGL_BAD_MATCH)
08-31 14:22:35.958 W/OpenGLRenderer( 2305): Failed to set EGL_SWAP_BEHAVIOR on surface 0x7fffeb41b3c0, error=EGL_BAD_MATCH
08-31 14:22:35.961 D/EGL_adreno( 2305): eglMakeCurrent: 0x7fffeb4420a0: ver 3 1 (tinfo 0x7fffeb40d340)
08-31 14:22:39.356 D/EGL_adreno( 2305): eglMakeCurrent: 0x7fffeb4420a0: ver 3 1 (tinfo 0x7fffeb40d340)
08-31 14:22:39.356 W/WindowManager( 1283): Attempted to remove non-existing token: android.os.Binder@ef60581
08-31 14:22:39.489 E/EGL_adreno( 2305): tid 2321: eglSurfaceAttrib(1338): error 0x3009 (EGL_BAD_MATCH)
08-31 14:22:39.489 W/OpenGLRenderer( 2305): Failed to set EGL_SWAP_BEHAVIOR on surface 0x7fffeb41b3c0, error=EGL_BAD_MATCH
08-31 14:22:39.490 D/EGL_adreno( 2305): eglMakeCurrent: 0x7fffeb4420a0: ver 3 1 (tinfo 0x7fffeb40d340)
08-31 14:22:42.865 D/EGL_adreno( 2305): eglMakeCurrent: 0x7fffeb4420a0: ver 3 1 (tinfo 0x7fffeb40d340)
08-31 14:22:42.873 W/WindowManager( 1283): Attempted to remove non-existing token: android.os.Binder@733d626
08-31 14:22:42.879 W/NotificationService( 1283): Object died trying to show notification android.app.ITransientNotification$Stub$Proxy@61428bf in package com.ichi2.anki
