--------- beginning of system
08-31 14:46:40.632 D/ConnectivityService( 1281): handleLingerComplete for NetworkAgentInfo [Ethernet () - 100]
--------- beginning of main
08-31 14:46:40.633 D/Ethernet( 1281): NetworkAgent: NetworkAgent channel lost
08-31 14:46:40.633 D/ConnectivityService( 1281): NetworkAgentInfo [Ethernet () - 100] got DISCONNECTED, was satisfying 2
08-31 14:46:40.636 D/DhcpClient( 1281): doQuit
08-31 14:46:40.642 I/EthernetNetworkFactory( 1281): Updating mNetworkAgent with: [ Transports: ETHERNET Capabilities: INTERNET&NOT_RESTRICTED&TRUSTED&NOT_VPN LinkUpBandwidth>=100000Kbps LinkDnBandwidth>=100000Kbps], [type: Ethernet[], state: DISCONNECTED/DISCONNECTED, reason: (unspecified), extra: 00:db:1a:cf:bf:a9, failover: false, available: true, roaming: false, metered: false], {LinkAddresses: []  Routes: [] DnsAddresses: [] Domains: null MTU: 0}
08-31 14:46:40.649 D/DhcpClient( 1281): onQuitting
08-31 14:46:40.667 D/DhcpClient( 1281): Receive thread stopped
08-31 14:47:04.614 D/WifiStateMachine( 1281): setScanResults mScanResults.size=1
08-31 14:47:06.918 I/ActivityManager( 1281): START u0 {cmp=com.forrestguice.suntimeswidget/.SuntimesActivity} from uid 10064 on display 0
08-31 14:47:06.923 D/audio_hw_hal( 1087): raw_start_output_stream, stream=0xf6e43140, sampleRate=48000, channel=2, bps=16, bufSize=4096
08-31 14:47:06.932 W/ContextImpl( 1676): Calling a method in the system process without a qualified user: android.app.ContextImpl.startService:1358 android.content.ContextWrapper.startService:613 android.content.ContextWrapper.startService:613 com.android.coreservice.CoreBroadcastReceiver.onReceive:44 android.app.ActivityThread.handleReceiver:3073 
08-31 14:47:06.949 W/System.err( 1935): java.lang.Exception: Toast callstack! strTip=Sent Null Intent { cmp=com.forrestguice.suntimeswidget/.SuntimesActivity }
08-31 14:47:06.951 W/System.err( 1935): 	at android.widget.Toast.show(Toast.java:130)
08-31 14:47:06.952 W/System.err( 1935): 	at com.android.intentfuzzer.FuzzerActivity$3.onClick(FuzzerActivity.java:165)
08-31 14:47:06.952 W/System.err( 1935): 	at android.view.View.performClick(View.java:5637)
08-31 14:47:06.952 W/System.err( 1935): 	at android.view.View$PerformClick.run(View.java:22429)
08-31 14:47:06.952 W/System.err( 1935): 	at android.os.Handler.handleCallback(Handler.java:751)
08-31 14:47:06.952 W/System.err( 1935): 	at android.os.Handler.dispatchMessage(Handler.java:95)
08-31 14:47:06.952 W/System.err( 1935): 	at android.os.Looper.loop(Looper.java:154)
08-31 14:47:06.952 W/System.err( 1935): 	at android.app.ActivityThread.main(ActivityThread.java:6190)
08-31 14:47:06.952 W/System.err( 1935): 	at java.lang.reflect.Method.invoke(Native Method)
08-31 14:47:06.952 W/System.err( 1935): 	at com.android.internal.os.ZygoteInit$MethodAndArgsCaller.run(ZygoteInit.java:892)
08-31 14:47:06.952 W/System.err( 1935): 	at com.android.internal.os.ZygoteInit.main(ZygoteInit.java:782)
08-31 14:47:06.978 I/ActivityManager( 1281): START u0 {cmp=com.forrestguice.suntimeswidget/.SuntimesSettingsActivity} from uid 10064 on display 0
08-31 14:47:06.982 W/ActivityManager( 1281): Permission Denial: starting Intent { cmp=com.forrestguice.suntimeswidget/.SuntimesSettingsActivity } from ProcessRecord{bda5613 1935:com.android.intentfuzzer/u0a64} (pid=1935, uid=10064) not exported from uid 10040
08-31 14:47:06.987 W/System.err( 1935): java.lang.Exception: Toast callstack! strTip=Send Intent Failed!
08-31 14:47:06.988 W/System.err( 1935): 	at android.widget.Toast.show(Toast.java:130)
08-31 14:47:06.988 W/System.err( 1935): 	at com.android.intentfuzzer.FuzzerActivity$3.onClick(FuzzerActivity.java:167)
08-31 14:47:06.988 W/System.err( 1935): 	at android.view.View.performClick(View.java:5637)
08-31 14:47:06.988 W/System.err( 1935): 	at android.view.View$PerformClick.run(View.java:22429)
08-31 14:47:06.988 W/System.err( 1935): 	at android.os.Handler.handleCallback(Handler.java:751)
08-31 14:47:06.988 W/System.err( 1935): 	at android.os.Handler.dispatchMessage(Handler.java:95)
08-31 14:47:06.988 W/System.err( 1935): 	at android.os.Looper.loop(Looper.java:154)
08-31 14:47:06.988 W/System.err( 1935): 	at android.app.ActivityThread.main(ActivityThread.java:6190)
08-31 14:47:06.988 W/System.err( 1935): 	at java.lang.reflect.Method.invoke(Native Method)
08-31 14:47:06.988 W/System.err( 1935): 	at com.android.internal.os.ZygoteInit$MethodAndArgsCaller.run(ZygoteInit.java:892)
08-31 14:47:06.988 W/System.err( 1935): 	at com.android.internal.os.ZygoteInit.main(ZygoteInit.java:782)
08-31 14:47:06.990 I/ActivityManager( 1281): START u0 {cmp=com.forrestguice.suntimeswidget/.SuntimesWidgetListActivity} from uid 10064 on display 0
08-31 14:47:06.990 W/ActivityManager( 1281): Permission Denial: starting Intent { cmp=com.forrestguice.suntimeswidget/.SuntimesWidgetListActivity } from ProcessRecord{bda5613 1935:com.android.intentfuzzer/u0a64} (pid=1935, uid=10064) not exported from uid 10040
08-31 14:47:06.992 W/System.err( 1935): java.lang.Exception: Toast callstack! strTip=Send Intent Failed!
08-31 14:47:06.992 W/System.err( 1935): 	at android.widget.Toast.show(Toast.java:130)
08-31 14:47:06.992 W/System.err( 1935): 	at com.android.intentfuzzer.FuzzerActivity$3.onClick(FuzzerActivity.java:167)
08-31 14:47:06.992 W/System.err( 1935): 	at android.view.View.performClick(View.java:5637)
08-31 14:47:06.992 W/System.err( 1935): 	at android.view.View$PerformClick.run(View.java:22429)
08-31 14:47:06.992 W/System.err( 1935): 	at android.os.Handler.handleCallback(Handler.java:751)
08-31 14:47:06.992 W/System.err( 1935): 	at android.os.Handler.dispatchMessage(Handler.java:95)
08-31 14:47:06.992 W/System.err( 1935): 	at android.os.Looper.loop(Looper.java:154)
08-31 14:47:06.992 W/System.err( 1935): 	at android.app.ActivityThread.main(ActivityThread.java:6190)
08-31 14:47:06.992 W/System.err( 1935): 	at java.lang.reflect.Method.invoke(Native Method)
08-31 14:47:06.992 W/System.err( 1935): 	at com.android.internal.os.ZygoteInit$MethodAndArgsCaller.run(ZygoteInit.java:892)
08-31 14:47:06.992 W/System.err( 1935): 	at com.android.internal.os.ZygoteInit.main(ZygoteInit.java:782)
08-31 14:47:06.993 I/ActivityManager( 1281): START u0 {cmp=com.forrestguice.suntimeswidget/.themes.WidgetThemeListActivity} from uid 10064 on display 0
08-31 14:47:06.994 W/ActivityManager( 1281): Permission Denial: starting Intent { cmp=com.forrestguice.suntimeswidget/.themes.WidgetThemeListActivity } from ProcessRecord{bda5613 1935:com.android.intentfuzzer/u0a64} (pid=1935, uid=10064) not exported from uid 10040
08-31 14:47:06.995 W/System.err( 1935): java.lang.Exception: Toast callstack! strTip=Send Intent Failed!
08-31 14:47:06.995 W/System.err( 1935): 	at android.widget.Toast.show(Toast.java:130)
08-31 14:47:06.995 W/System.err( 1935): 	at com.android.intentfuzzer.FuzzerActivity$3.onClick(FuzzerActivity.java:167)
08-31 14:47:06.995 W/System.err( 1935): 	at android.view.View.performClick(View.java:5637)
08-31 14:47:06.995 W/System.err( 1935): 	at android.view.View$PerformClick.run(View.java:22429)
08-31 14:47:06.995 W/System.err( 1935): 	at android.os.Handler.handleCallback(Handler.java:751)
08-31 14:47:06.995 W/System.err( 1935): 	at android.os.Handler.dispatchMessage(Handler.java:95)
08-31 14:47:06.995 W/System.err( 1935): 	at android.os.Looper.loop(Looper.java:154)
08-31 14:47:06.995 W/System.err( 1935): 	at android.app.ActivityThread.main(ActivityThread.java:6190)
08-31 14:47:06.995 W/System.err( 1935): 	at java.lang.reflect.Method.invoke(Native Method)
08-31 14:47:06.995 W/System.err( 1935): 	at com.android.internal.os.ZygoteInit$MethodAndArgsCaller.run(ZygoteInit.java:892)
08-31 14:47:06.995 W/System.err( 1935): 	at com.android.internal.os.ZygoteInit.main(ZygoteInit.java:782)
08-31 14:47:06.998 I/ActivityManager( 1281): START u0 {cmp=com.forrestguice.suntimeswidget/.themes.WidgetThemeConfigActivity} from uid 10064 on display 0
08-31 14:47:06.998 W/ActivityManager( 1281): Permission Denial: starting Intent { cmp=com.forrestguice.suntimeswidget/.themes.WidgetThemeConfigActivity } from ProcessRecord{bda5613 1935:com.android.intentfuzzer/u0a64} (pid=1935, uid=10064) not exported from uid 10040
08-31 14:47:06.999 W/System.err( 1935): java.lang.Exception: Toast callstack! strTip=Send Intent Failed!
08-31 14:47:06.999 W/System.err( 1935): 	at android.widget.Toast.show(Toast.java:130)
08-31 14:47:06.999 W/System.err( 1935): 	at com.android.intentfuzzer.FuzzerActivity$3.onClick(FuzzerActivity.java:167)
08-31 14:47:06.999 W/System.err( 1935): 	at android.view.View.performClick(View.java:5637)
08-31 14:47:07.000 W/System.err( 1935): 	at android.view.View$PerformClick.run(View.java:22429)
08-31 14:47:07.000 W/System.err( 1935): 	at android.os.Handler.handleCallback(Handler.java:751)
08-31 14:47:07.000 W/System.err( 1935): 	at android.os.Handler.dispatchMessage(Handler.java:95)
08-31 14:47:07.000 W/System.err( 1935): 	at android.os.Looper.loop(Looper.java:154)
08-31 14:47:07.000 W/System.err( 1935): 	at android.app.ActivityThread.main(ActivityThread.java:6190)
08-31 14:47:07.000 W/System.err( 1935): 	at java.lang.reflect.Method.invoke(Native Method)
08-31 14:47:07.000 W/System.err( 1935): 	at com.android.internal.os.ZygoteInit$MethodAndArgsCaller.run(ZygoteInit.java:892)
08-31 14:47:07.000 W/System.err( 1935): 	at com.android.internal.os.ZygoteInit.main(ZygoteInit.java:782)
08-31 14:47:07.003 I/ActivityManager( 1281): START u0 {cmp=com.forrestguice.suntimeswidget/.alarmclock.ui.AlarmClockActivity} from uid 10064 on display 0
08-31 14:47:07.008 W/ContextImpl( 1676): Calling a method in the system process without a qualified user: android.app.ContextImpl.startService:1358 android.content.ContextWrapper.startService:613 android.content.ContextWrapper.startService:613 com.android.coreservice.CoreBroadcastReceiver.onReceive:44 android.app.ActivityThread.handleReceiver:3073 
08-31 14:47:07.009 W/System.err( 1935): java.lang.Exception: Toast callstack! strTip=Sent Null Intent { cmp=com.forrestguice.suntimeswidget/.alarmclock.ui.AlarmClockActivity }
08-31 14:47:07.009 W/System.err( 1935): 	at android.widget.Toast.show(Toast.java:130)
08-31 14:47:07.009 W/System.err( 1935): 	at com.android.intentfuzzer.FuzzerActivity$3.onClick(FuzzerActivity.java:165)
08-31 14:47:07.009 W/System.err( 1935): 	at android.view.View.performClick(View.java:5637)
08-31 14:47:07.009 W/System.err( 1935): 	at android.view.View$PerformClick.run(View.java:22429)
08-31 14:47:07.009 W/System.err( 1935): 	at android.os.Handler.handleCallback(Handler.java:751)
08-31 14:47:07.009 W/System.err( 1935): 	at android.os.Handler.dispatchMessage(Handler.java:95)
08-31 14:47:07.009 W/System.err( 1935): 	at android.os.Looper.loop(Looper.java:154)
08-31 14:47:07.009 W/System.err( 1935): 	at android.app.ActivityThread.main(ActivityThread.java:6190)
08-31 14:47:07.009 W/System.err( 1935): 	at java.lang.reflect.Method.invoke(Native Method)
08-31 14:47:07.009 W/System.err( 1935): 	at com.android.internal.os.ZygoteInit$MethodAndArgsCaller.run(ZygoteInit.java:892)
08-31 14:47:07.009 W/System.err( 1935): 	at com.android.internal.os.ZygoteInit.main(ZygoteInit.java:782)
08-31 14:47:07.011 I/ActivityManager( 1281): START u0 {cmp=com.forrestguice.suntimeswidget/.alarmclock.ui.AlarmClockActivityLauncher} from uid 10064 on display 0
08-31 14:47:07.017 W/System.err( 1935): java.lang.Exception: Toast callstack! strTip=Sent Null Intent { cmp=com.forrestguice.suntimeswidget/.alarmclock.ui.AlarmClockActivityLauncher }
08-31 14:47:07.017 W/System.err( 1935): 	at android.widget.Toast.show(Toast.java:130)
08-31 14:47:07.017 W/System.err( 1935): 	at com.android.intentfuzzer.FuzzerActivity$3.onClick(FuzzerActivity.java:165)
08-31 14:47:07.017 W/System.err( 1935): 	at android.view.View.performClick(View.java:5637)
08-31 14:47:07.017 W/System.err( 1935): 	at android.view.View$PerformClick.run(View.java:22429)
08-31 14:47:07.017 W/System.err( 1935): 	at android.os.Handler.handleCallback(Handler.java:751)
08-31 14:47:07.017 W/System.err( 1935): 	at android.os.Handler.dispatchMessage(Handler.java:95)
08-31 14:47:07.017 W/System.err( 1935): 	at android.os.Looper.loop(Looper.java:154)
08-31 14:47:07.017 W/System.err( 1935): 	at android.app.ActivityThread.main(ActivityThread.java:6190)
08-31 14:47:07.017 W/System.err( 1935): 	at java.lang.reflect.Method.invoke(Native Method)
08-31 14:47:07.017 W/System.err( 1935): 	at com.android.internal.os.ZygoteInit$MethodAndArgsCaller.run(ZygoteInit.java:892)
08-31 14:47:07.017 W/System.err( 1935): 	at com.android.internal.os.ZygoteInit.main(ZygoteInit.java:782)
08-31 14:47:07.018 W/ContextImpl( 1676): Calling a method in the system process without a qualified user: android.app.ContextImpl.startService:1358 android.content.ContextWrapper.startService:613 android.content.ContextWrapper.startService:613 com.android.coreservice.CoreBroadcastReceiver.onReceive:44 android.app.ActivityThread.handleReceiver:3073 
08-31 14:47:07.020 I/ActivityManager( 1281): START u0 {cmp=com.forrestguice.suntimeswidget/.alarmclock.ui.AlarmDismissActivity} from uid 10064 on display 0
08-31 14:47:07.026 W/System.err( 1935): java.lang.Exception: Toast callstack! strTip=Sent Null Intent { cmp=com.forrestguice.suntimeswidget/.alarmclock.ui.AlarmDismissActivity }
08-31 14:47:07.026 W/System.err( 1935): 	at android.widget.Toast.show(Toast.java:130)
08-31 14:47:07.026 W/System.err( 1935): 	at com.android.intentfuzzer.FuzzerActivity$3.onClick(FuzzerActivity.java:165)
08-31 14:47:07.027 W/System.err( 1935): 	at android.view.View.performClick(View.java:5637)
08-31 14:47:07.027 W/System.err( 1935): 	at android.view.View$PerformClick.run(View.java:22429)
08-31 14:47:07.027 W/System.err( 1935): 	at android.os.Handler.handleCallback(Handler.java:751)
08-31 14:47:07.027 W/System.err( 1935): 	at android.os.Handler.dispatchMessage(Handler.java:95)
08-31 14:47:07.027 W/System.err( 1935): 	at android.os.Looper.loop(Looper.java:154)
08-31 14:47:07.027 W/System.err( 1935): 	at android.app.ActivityThread.main(ActivityThread.java:6190)
08-31 14:47:07.027 W/System.err( 1935): 	at java.lang.reflect.Method.invoke(Native Method)
08-31 14:47:07.027 W/System.err( 1935): 	at com.android.internal.os.ZygoteInit$MethodAndArgsCaller.run(ZygoteInit.java:892)
08-31 14:47:07.027 W/System.err( 1935): 	at com.android.internal.os.ZygoteInit.main(ZygoteInit.java:782)
08-31 14:47:07.028 W/ContextImpl( 1676): Calling a method in the system process without a qualified user: android.app.ContextImpl.startService:1358 android.content.ContextWrapper.startService:613 android.content.ContextWrapper.startService:613 com.android.coreservice.CoreBroadcastReceiver.onReceive:44 android.app.ActivityThread.handleReceiver:3073 
08-31 14:47:07.029 I/ActivityManager( 1281): START u0 {cmp=com.forrestguice.suntimeswidget/.SuntimesConfigActivity0} from uid 10064 on display 0
08-31 14:47:07.044 W/System.err( 1935): java.lang.Exception: Toast callstack! strTip=Sent Null Intent { cmp=com.forrestguice.suntimeswidget/.SuntimesConfigActivity0 }
08-31 14:47:07.044 W/System.err( 1935): 	at android.widget.Toast.show(Toast.java:130)
08-31 14:47:07.044 W/System.err( 1935): 	at com.android.intentfuzzer.FuzzerActivity$3.onClick(FuzzerActivity.java:165)
08-31 14:47:07.044 W/System.err( 1935): 	at android.view.View.performClick(View.java:5637)
08-31 14:47:07.044 W/System.err( 1935): 	at android.view.View$PerformClick.run(View.java:22429)
08-31 14:47:07.044 W/System.err( 1935): 	at android.os.Handler.handleCallback(Handler.java:751)
08-31 14:47:07.044 W/System.err( 1935): 	at android.os.Handler.dispatchMessage(Handler.java:95)
08-31 14:47:07.044 W/System.err( 1935): 	at android.os.Looper.loop(Looper.java:154)
08-31 14:47:07.044 W/System.err( 1935): 	at android.app.ActivityThread.main(ActivityThread.java:6190)
08-31 14:47:07.044 W/System.err( 1935): 	at java.lang.reflect.Method.invoke(Native Method)
08-31 14:47:07.044 W/System.err( 1935): 	at com.android.internal.os.ZygoteInit$MethodAndArgsCaller.run(ZygoteInit.java:892)
08-31 14:47:07.044 W/System.err( 1935): 	at com.android.internal.os.ZygoteInit.main(ZygoteInit.java:782)
08-31 14:47:07.044 W/ContextImpl( 1676): Calling a method in the system process without a qualified user: android.app.ContextImpl.startService:1358 android.content.ContextWrapper.startService:613 android.content.ContextWrapper.startService:613 com.android.coreservice.CoreBroadcastReceiver.onReceive:44 android.app.ActivityThread.handleReceiver:3073 
08-31 14:47:07.045 I/ActivityManager( 1281): START u0 {cmp=com.forrestguice.suntimeswidget/.SuntimesConfigActivity0_2x1} from uid 10064 on display 0
08-31 14:47:07.049 W/System.err( 1935): java.lang.Exception: Toast callstack! strTip=Sent Null Intent { cmp=com.forrestguice.suntimeswidget/.SuntimesConfigActivity0_2x1 }
08-31 14:47:07.049 W/System.err( 1935): 	at android.widget.Toast.show(Toast.java:130)
08-31 14:47:07.049 W/System.err( 1935): 	at com.android.intentfuzzer.FuzzerActivity$3.onClick(FuzzerActivity.java:165)
08-31 14:47:07.049 W/System.err( 1935): 	at android.view.View.performClick(View.java:5637)
08-31 14:47:07.049 W/System.err( 1935): 	at android.view.View$PerformClick.run(View.java:22429)
08-31 14:47:07.049 W/System.err( 1935): 	at android.os.Handler.handleCallback(Handler.java:751)
08-31 14:47:07.049 W/System.err( 1935): 	at android.os.Handler.dispatchMessage(Handler.java:95)
08-31 14:47:07.049 W/System.err( 1935): 	at android.os.Looper.loop(Looper.java:154)
08-31 14:47:07.049 W/System.err( 1935): 	at android.app.ActivityThread.main(ActivityThread.java:6190)
08-31 14:47:07.049 W/System.err( 1935): 	at java.lang.reflect.Method.invoke(Native Method)
08-31 14:47:07.049 W/System.err( 1935): 	at com.android.internal.os.ZygoteInit$MethodAndArgsCaller.run(ZygoteInit.java:892)
08-31 14:47:07.049 W/System.err( 1935): 	at com.android.internal.os.ZygoteInit.main(ZygoteInit.java:782)
08-31 14:47:07.049 W/ContextImpl( 1676): Calling a method in the system process without a qualified user: android.app.ContextImpl.startService:1358 android.content.ContextWrapper.startService:613 android.content.ContextWrapper.startService:613 com.android.coreservice.CoreBroadcastReceiver.onReceive:44 android.app.ActivityThread.handleReceiver:3073 
08-31 14:47:07.050 I/ActivityManager( 1281): START u0 {cmp=com.forrestguice.suntimeswidget/.SuntimesConfigActivity1} from uid 10064 on display 0
08-31 14:47:07.053 W/System.err( 1935): java.lang.Exception: Toast callstack! strTip=Sent Null Intent { cmp=com.forrestguice.suntimeswidget/.SuntimesConfigActivity1 }
08-31 14:47:07.053 W/System.err( 1935): 	at android.widget.Toast.show(Toast.java:130)
08-31 14:47:07.053 W/System.err( 1935): 	at com.android.intentfuzzer.FuzzerActivity$3.onClick(FuzzerActivity.java:165)
08-31 14:47:07.053 W/System.err( 1935): 	at android.view.View.performClick(View.java:5637)
08-31 14:47:07.053 W/System.err( 1935): 	at android.view.View$PerformClick.run(View.java:22429)
08-31 14:47:07.053 W/System.err( 1935): 	at android.os.Handler.handleCallback(Handler.java:751)
08-31 14:47:07.053 W/System.err( 1935): 	at android.os.Handler.dispatchMessage(Handler.java:95)
08-31 14:47:07.053 W/System.err( 1935): 	at android.os.Looper.loop(Looper.java:154)
08-31 14:47:07.053 W/System.err( 1935): 	at android.app.ActivityThread.main(ActivityThread.java:6190)
08-31 14:47:07.053 W/System.err( 1935): 	at java.lang.reflect.Method.invoke(Native Method)
08-31 14:47:07.053 W/System.err( 1935): 	at com.android.internal.os.ZygoteInit$MethodAndArgsCaller.run(ZygoteInit.java:892)
08-31 14:47:07.053 W/System.err( 1935): 	at com.android.internal.os.ZygoteInit.main(ZygoteInit.java:782)
08-31 14:47:07.053 W/ContextImpl( 1676): Calling a method in the system process without a qualified user: android.app.ContextImpl.startService:1358 android.content.ContextWrapper.startService:613 android.content.ContextWrapper.startService:613 com.android.coreservice.CoreBroadcastReceiver.onReceive:44 android.app.ActivityThread.handleReceiver:3073 
08-31 14:47:07.056 W/ContextImpl( 1676): Calling a method in the system process without a qualified user: android.app.ContextImpl.startService:1358 android.content.ContextWrapper.startService:613 android.content.ContextWrapper.startService:613 com.android.coreservice.CoreBroadcastReceiver.onReceive:44 android.app.ActivityThread.handleReceiver:3073 
08-31 14:47:07.058 I/ActivityManager( 1281): START u0 {cmp=com.forrestguice.suntimeswidget/.SuntimesConfigActivity2} from uid 10064 on display 0
08-31 14:47:07.063 W/System.err( 1935): java.lang.Exception: Toast callstack! strTip=Sent Null Intent { cmp=com.forrestguice.suntimeswidget/.SuntimesConfigActivity2 }
08-31 14:47:07.063 W/System.err( 1935): 	at android.widget.Toast.show(Toast.java:130)
08-31 14:47:07.063 W/System.err( 1935): 	at com.android.intentfuzzer.FuzzerActivity$3.onClick(FuzzerActivity.java:165)
08-31 14:47:07.063 W/System.err( 1935): 	at android.view.View.performClick(View.java:5637)
08-31 14:47:07.063 W/System.err( 1935): 	at android.view.View$PerformClick.run(View.java:22429)
08-31 14:47:07.063 W/System.err( 1935): 	at android.os.Handler.handleCallback(Handler.java:751)
08-31 14:47:07.063 W/ContextImpl( 1676): Calling a method in the system process without a qualified user: android.app.ContextImpl.startService:1358 android.content.ContextWrapper.startService:613 android.content.ContextWrapper.startService:613 com.android.coreservice.CoreBroadcastReceiver.onReceive:44 android.app.ActivityThread.handleReceiver:3073 
08-31 14:47:07.063 W/System.err( 1935): 	at android.os.Handler.dispatchMessage(Handler.java:95)
08-31 14:47:07.063 W/System.err( 1935): 	at android.os.Looper.loop(Looper.java:154)
08-31 14:47:07.063 W/System.err( 1935): 	at android.app.ActivityThread.main(ActivityThread.java:6190)
08-31 14:47:07.063 W/System.err( 1935): 	at java.lang.reflect.Method.invoke(Native Method)
08-31 14:47:07.063 W/System.err( 1935): 	at com.android.internal.os.ZygoteInit$MethodAndArgsCaller.run(ZygoteInit.java:892)
08-31 14:47:07.063 W/System.err( 1935): 	at com.android.internal.os.ZygoteInit.main(ZygoteInit.java:782)
08-31 14:47:07.064 I/ActivityManager( 1281): START u0 {cmp=com.forrestguice.suntimeswidget/.SuntimesConfigActivity2_3x1} from uid 10064 on display 0
08-31 14:47:07.068 W/System.err( 1935): java.lang.Exception: Toast callstack! strTip=Sent Null Intent { cmp=com.forrestguice.suntimeswidget/.SuntimesConfigActivity2_3x1 }
08-31 14:47:07.068 W/System.err( 1935): 	at android.widget.Toast.show(Toast.java:130)
08-31 14:47:07.068 W/System.err( 1935): 	at com.android.intentfuzzer.FuzzerActivity$3.onClick(FuzzerActivity.java:165)
08-31 14:47:07.068 W/System.err( 1935): 	at android.view.View.performClick(View.java:5637)
08-31 14:47:07.068 W/System.err( 1935): 	at android.view.View$PerformClick.run(View.java:22429)
08-31 14:47:07.068 W/System.err( 1935): 	at android.os.Handler.handleCallback(Handler.java:751)
08-31 14:47:07.068 W/System.err( 1935): 	at android.os.Handler.dispatchMessage(Handler.java:95)
08-31 14:47:07.068 W/System.err( 1935): 	at android.os.Looper.loop(Looper.java:154)
08-31 14:47:07.068 W/System.err( 1935): 	at android.app.ActivityThread.main(ActivityThread.java:6190)
08-31 14:47:07.068 W/System.err( 1935): 	at java.lang.reflect.Method.invoke(Native Method)
08-31 14:47:07.068 W/System.err( 1935): 	at com.android.internal.os.ZygoteInit$MethodAndArgsCaller.run(ZygoteInit.java:892)
08-31 14:47:07.068 W/System.err( 1935): 	at com.android.internal.os.ZygoteInit.main(ZygoteInit.java:782)
08-31 14:47:07.069 I/ActivityManager( 1281): START u0 {cmp=com.forrestguice.suntimeswidget/.SuntimesConfigActivity2_3x2} from uid 10064 on display 0
08-31 14:47:07.069 W/ContextImpl( 1676): Calling a method in the system process without a qualified user: android.app.ContextImpl.startService:1358 android.content.ContextWrapper.startService:613 android.content.ContextWrapper.startService:613 com.android.coreservice.CoreBroadcastReceiver.onReceive:44 android.app.ActivityThread.handleReceiver:3073 
08-31 14:47:07.073 W/System.err( 1935): java.lang.Exception: Toast callstack! strTip=Sent Null Intent { cmp=com.forrestguice.suntimeswidget/.SuntimesConfigActivity2_3x2 }
08-31 14:47:07.073 W/System.err( 1935): 	at android.widget.Toast.show(Toast.java:130)
08-31 14:47:07.073 W/System.err( 1935): 	at com.android.intentfuzzer.FuzzerActivity$3.onClick(FuzzerActivity.java:165)
08-31 14:47:07.073 W/System.err( 1935): 	at android.view.View.performClick(View.java:5637)
08-31 14:47:07.073 W/System.err( 1935): 	at android.view.View$PerformClick.run(View.java:22429)
08-31 14:47:07.073 W/System.err( 1935): 	at android.os.Handler.handleCallback(Handler.java:751)
08-31 14:47:07.073 W/System.err( 1935): 	at android.os.Handler.dispatchMessage(Handler.java:95)
08-31 14:47:07.073 W/System.err( 1935): 	at android.os.Looper.loop(Looper.java:154)
08-31 14:47:07.073 W/System.err( 1935): 	at android.app.ActivityThread.main(ActivityThread.java:6190)
08-31 14:47:07.073 W/System.err( 1935): 	at java.lang.reflect.Method.invoke(Native Method)
08-31 14:47:07.073 W/System.err( 1935): 	at com.android.internal.os.ZygoteInit$MethodAndArgsCaller.run(ZygoteInit.java:892)
08-31 14:47:07.073 W/System.err( 1935): 	at com.android.internal.os.ZygoteInit.main(ZygoteInit.java:782)
08-31 14:47:07.074 I/ActivityManager( 1281): START u0 {cmp=com.forrestguice.suntimeswidget/.SolsticeWidget0ConfigActivity} from uid 10064 on display 0
08-31 14:47:07.079 W/System.err( 1935): java.lang.Exception: Toast callstack! strTip=Sent Null Intent { cmp=com.forrestguice.suntimeswidget/.SolsticeWidget0ConfigActivity }
08-31 14:47:07.079 W/System.err( 1935): 	at android.widget.Toast.show(Toast.java:130)
08-31 14:47:07.079 W/System.err( 1935): 	at com.android.intentfuzzer.FuzzerActivity$3.onClick(FuzzerActivity.java:165)
08-31 14:47:07.079 W/System.err( 1935): 	at android.view.View.performClick(View.java:5637)
08-31 14:47:07.079 W/System.err( 1935): 	at android.view.View$PerformClick.run(View.java:22429)
08-31 14:47:07.079 W/System.err( 1935): 	at android.os.Handler.handleCallback(Handler.java:751)
08-31 14:47:07.079 W/System.err( 1935): 	at android.os.Handler.dispatchMessage(Handler.java:95)
08-31 14:47:07.079 W/System.err( 1935): 	at android.os.Looper.loop(Looper.java:154)
08-31 14:47:07.079 W/System.err( 1935): 	at android.app.ActivityThread.main(ActivityThread.java:6190)
08-31 14:47:07.079 W/System.err( 1935): 	at java.lang.reflect.Method.invoke(Native Method)
08-31 14:47:07.079 W/System.err( 1935): 	at com.android.internal.os.ZygoteInit$MethodAndArgsCaller.run(ZygoteInit.java:892)
08-31 14:47:07.079 W/System.err( 1935): 	at com.android.internal.os.ZygoteInit.main(ZygoteInit.java:782)
08-31 14:47:07.080 W/ContextImpl( 1676): Calling a method in the system process without a qualified user: android.app.ContextImpl.startService:1358 android.content.ContextWrapper.startService:613 android.content.ContextWrapper.startService:613 com.android.coreservice.CoreBroadcastReceiver.onReceive:44 android.app.ActivityThread.handleReceiver:3073 
08-31 14:47:07.080 I/ActivityManager( 1281): START u0 {cmp=com.forrestguice.suntimeswidget/.MoonWidget0ConfigActivity} from uid 10064 on display 0
08-31 14:47:07.086 W/System.err( 1935): java.lang.Exception: Toast callstack! strTip=Sent Null Intent { cmp=com.forrestguice.suntimeswidget/.MoonWidget0ConfigActivity }
08-31 14:47:07.086 W/System.err( 1935): 	at android.widget.Toast.show(Toast.java:130)
08-31 14:47:07.086 W/System.err( 1935): 	at com.android.intentfuzzer.FuzzerActivity$3.onClick(FuzzerActivity.java:165)
08-31 14:47:07.086 W/System.err( 1935): 	at android.view.View.performClick(View.java:5637)
08-31 14:47:07.086 W/System.err( 1935): 	at android.view.View$PerformClick.run(View.java:22429)
08-31 14:47:07.086 W/System.err( 1935): 	at android.os.Handler.handleCallback(Handler.java:751)
08-31 14:47:07.086 W/System.err( 1935): 	at android.os.Handler.dispatchMessage(Handler.java:95)
08-31 14:47:07.086 W/System.err( 1935): 	at android.os.Looper.loop(Looper.java:154)
08-31 14:47:07.086 W/System.err( 1935): 	at android.app.ActivityThread.main(ActivityThread.java:6190)
08-31 14:47:07.086 W/System.err( 1935): 	at java.lang.reflect.Method.invoke(Native Method)
08-31 14:47:07.086 W/System.err( 1935): 	at com.android.internal.os.ZygoteInit$MethodAndArgsCaller.run(ZygoteInit.java:892)
08-31 14:47:07.086 W/System.err( 1935): 	at com.android.internal.os.ZygoteInit.main(ZygoteInit.java:782)
08-31 14:47:07.088 W/ContextImpl( 1676): Calling a method in the system process without a qualified user: android.app.ContextImpl.startService:1358 android.content.ContextWrapper.startService:613 android.content.ContextWrapper.startService:613 com.android.coreservice.CoreBroadcastReceiver.onReceive:44 android.app.ActivityThread.handleReceiver:3073 
08-31 14:47:07.088 I/ActivityManager( 1281): START u0 {cmp=com.forrestguice.suntimeswidget/.MoonWidget0ConfigActivity_2x1} from uid 10064 on display 0
08-31 14:47:07.092 W/System.err( 1935): java.lang.Exception: Toast callstack! strTip=Sent Null Intent { cmp=com.forrestguice.suntimeswidget/.MoonWidget0ConfigActivity_2x1 }
08-31 14:47:07.092 W/System.err( 1935): 	at android.widget.Toast.show(Toast.java:130)
08-31 14:47:07.092 W/System.err( 1935): 	at com.android.intentfuzzer.FuzzerActivity$3.onClick(FuzzerActivity.java:165)
08-31 14:47:07.092 W/System.err( 1935): 	at android.view.View.performClick(View.java:5637)
08-31 14:47:07.092 W/System.err( 1935): 	at android.view.View$PerformClick.run(View.java:22429)
08-31 14:47:07.092 W/System.err( 1935): 	at android.os.Handler.handleCallback(Handler.java:751)
08-31 14:47:07.092 W/System.err( 1935): 	at android.os.Handler.dispatchMessage(Handler.java:95)
08-31 14:47:07.092 W/System.err( 1935): 	at android.os.Looper.loop(Looper.java:154)
08-31 14:47:07.092 W/System.err( 1935): 	at android.app.ActivityThread.main(ActivityThread.java:6190)
08-31 14:47:07.092 W/System.err( 1935): 	at java.lang.reflect.Method.invoke(Native Method)
08-31 14:47:07.092 W/System.err( 1935): 	at com.android.internal.os.ZygoteInit$MethodAndArgsCaller.run(ZygoteInit.java:892)
08-31 14:47:07.092 W/System.err( 1935): 	at com.android.internal.os.ZygoteInit.main(ZygoteInit.java:782)
08-31 14:47:07.093 I/ActivityManager( 1281): START u0 {cmp=com.forrestguice.suntimeswidget/.MoonWidget0ConfigActivity_3x1} from uid 10064 on display 0
08-31 14:47:07.098 W/ContextImpl( 1676): Calling a method in the system process without a qualified user: android.app.ContextImpl.startService:1358 android.content.ContextWrapper.startService:613 android.content.ContextWrapper.startService:613 com.android.coreservice.CoreBroadcastReceiver.onReceive:44 android.app.ActivityThread.handleReceiver:3073 
08-31 14:47:07.098 W/System.err( 1935): java.lang.Exception: Toast callstack! strTip=Sent Null Intent { cmp=com.forrestguice.suntimeswidget/.MoonWidget0ConfigActivity_3x1 }
08-31 14:47:07.098 W/System.err( 1935): 	at android.widget.Toast.show(Toast.java:130)
08-31 14:47:07.098 W/System.err( 1935): 	at com.android.intentfuzzer.FuzzerActivity$3.onClick(FuzzerActivity.java:165)
08-31 14:47:07.098 W/System.err( 1935): 	at android.view.View.performClick(View.java:5637)
08-31 14:47:07.098 W/System.err( 1935): 	at android.view.View$PerformClick.run(View.java:22429)
08-31 14:47:07.098 W/System.err( 1935): 	at android.os.Handler.handleCallback(Handler.java:751)
08-31 14:47:07.098 W/System.err( 1935): 	at android.os.Handler.dispatchMessage(Handler.java:95)
08-31 14:47:07.098 W/System.err( 1935): 	at android.os.Looper.loop(Looper.java:154)
08-31 14:47:07.098 W/System.err( 1935): 	at android.app.ActivityThread.main(ActivityThread.java:6190)
08-31 14:47:07.098 W/System.err( 1935): 	at java.lang.reflect.Method.invoke(Native Method)
08-31 14:47:07.098 W/System.err( 1935): 	at com.android.internal.os.ZygoteInit$MethodAndArgsCaller.run(ZygoteInit.java:892)
08-31 14:47:07.098 W/System.err( 1935): 	at com.android.internal.os.ZygoteInit.main(ZygoteInit.java:782)
08-31 14:47:07.099 I/ActivityManager( 1281): START u0 {cmp=com.forrestguice.suntimeswidget/.ClockWidget0ConfigActivity} from uid 10064 on display 0
08-31 14:47:07.104 W/System.err( 1935): java.lang.Exception: Toast callstack! strTip=Sent Null Intent { cmp=com.forrestguice.suntimeswidget/.ClockWidget0ConfigActivity }
08-31 14:47:07.104 W/System.err( 1935): 	at android.widget.Toast.show(Toast.java:130)
08-31 14:47:07.104 W/System.err( 1935): 	at com.android.intentfuzzer.FuzzerActivity$3.onClick(FuzzerActivity.java:165)
08-31 14:47:07.104 W/System.err( 1935): 	at android.view.View.performClick(View.java:5637)
08-31 14:47:07.104 W/System.err( 1935): 	at android.view.View$PerformClick.run(View.java:22429)
08-31 14:47:07.104 W/System.err( 1935): 	at android.os.Handler.handleCallback(Handler.java:751)
08-31 14:47:07.104 W/System.err( 1935): 	at android.os.Handler.dispatchMessage(Handler.java:95)
08-31 14:47:07.104 W/System.err( 1935): 	at android.os.Looper.loop(Looper.java:154)
08-31 14:47:07.104 W/System.err( 1935): 	at android.app.ActivityThread.main(ActivityThread.java:6190)
08-31 14:47:07.104 W/System.err( 1935): 	at java.lang.reflect.Method.invoke(Native Method)
08-31 14:47:07.104 W/System.err( 1935): 	at com.android.internal.os.ZygoteInit$MethodAndArgsCaller.run(ZygoteInit.java:892)
08-31 14:47:07.104 W/System.err( 1935): 	at com.android.internal.os.ZygoteInit.main(ZygoteInit.java:782)
08-31 14:47:07.105 W/ContextImpl( 1676): Calling a method in the system process without a qualified user: android.app.ContextImpl.startService:1358 android.content.ContextWrapper.startService:613 android.content.ContextWrapper.startService:613 com.android.coreservice.CoreBroadcastReceiver.onReceive:44 android.app.ActivityThread.handleReceiver:3073 
08-31 14:47:07.109 I/ActivityManager( 1281): START u0 {cmp=com.forrestguice.suntimeswidget/.ClockWidget0ConfigActivity_3x1} from uid 10064 on display 0
08-31 14:47:07.115 W/System.err( 1935): java.lang.Exception: Toast callstack! strTip=Sent Null Intent { cmp=com.forrestguice.suntimeswidget/.ClockWidget0ConfigActivity_3x1 }
08-31 14:47:07.116 W/System.err( 1935): 	at android.widget.Toast.show(Toast.java:130)
08-31 14:47:07.116 W/System.err( 1935): 	at com.android.intentfuzzer.FuzzerActivity$3.onClick(FuzzerActivity.java:165)
08-31 14:47:07.116 W/System.err( 1935): 	at android.view.View.performClick(View.java:5637)
08-31 14:47:07.116 W/System.err( 1935): 	at android.view.View$PerformClick.run(View.java:22429)
08-31 14:47:07.116 W/System.err( 1935): 	at android.os.Handler.handleCallback(Handler.java:751)
08-31 14:47:07.116 W/System.err( 1935): 	at android.os.Handler.dispatchMessage(Handler.java:95)
08-31 14:47:07.116 W/System.err( 1935): 	at android.os.Looper.loop(Looper.java:154)
08-31 14:47:07.116 W/System.err( 1935): 	at android.app.ActivityThread.main(ActivityThread.java:6190)
08-31 14:47:07.116 W/System.err( 1935): 	at java.lang.reflect.Method.invoke(Native Method)
08-31 14:47:07.116 W/System.err( 1935): 	at com.android.internal.os.ZygoteInit$MethodAndArgsCaller.run(ZygoteInit.java:892)
08-31 14:47:07.116 W/System.err( 1935): 	at com.android.internal.os.ZygoteInit.main(ZygoteInit.java:782)
08-31 14:47:07.116 W/ContextImpl( 1676): Calling a method in the system process without a qualified user: android.app.ContextImpl.startService:1358 android.content.ContextWrapper.startService:613 android.content.ContextWrapper.startService:613 com.android.coreservice.CoreBroadcastReceiver.onReceive:44 android.app.ActivityThread.handleReceiver:3073 
08-31 14:47:07.131 I/ActivityManager( 1281): Start proc 1964:com.forrestguice.suntimeswidget/u0a40 for activity com.forrestguice.suntimeswidget/.ClockWidget0ConfigActivity_3x1
08-31 14:47:07.136 W/ContextImpl( 1676): Calling a method in the system process without a qualified user: android.app.ContextImpl.startService:1358 android.content.ContextWrapper.startService:613 android.content.ContextWrapper.startService:613 com.android.coreservice.CoreBroadcastReceiver.onReceive:44 android.app.ActivityThread.handleReceiver:3073 
08-31 14:47:07.139 W/ContextImpl( 1676): Calling a method in the system process without a qualified user: android.app.ContextImpl.startService:1358 android.content.ContextWrapper.startService:613 android.content.ContextWrapper.startService:613 com.android.coreservice.CoreBroadcastReceiver.onReceive:44 android.app.ActivityThread.handleReceiver:3073 
08-31 14:47:07.145 D/libnativebridge( 1964): call UnloadNativeBridge! state=1
08-31 14:47:07.203 W/ContextImpl( 1676): Calling a method in the system process without a qualified user: android.app.ContextImpl.startService:1358 android.content.ContextWrapper.startService:613 android.content.ContextWrapper.startService:613 com.android.coreservice.CoreBroadcastReceiver.onReceive:53 android.app.ActivityThread.handleReceiver:3073 
08-31 14:47:07.227 E/EGL_adreno( 1935): tid 1952: eglSurfaceAttrib(1338): error 0x3009 (EGL_BAD_MATCH)
08-31 14:47:07.227 W/OpenGLRenderer( 1935): Failed to set EGL_SWAP_BEHAVIOR on surface 0x7fffeb5e2fc0, error=EGL_BAD_MATCH
08-31 14:47:07.230 D/EGL_adreno( 1935): eglMakeCurrent: 0x7fffeb454c20: ver 3 1 (tinfo 0x7fffeb40d8a0)
08-31 14:47:07.455 I/HostConnection( 1082): HostConnection::HostConnection: pid=1082, tid=1953, this=0x7ffff5e1d660
08-31 14:47:07.457 I/        ( 1082): fastpipe: Connect success
08-31 14:47:07.457 D/HostConnection( 1082): HostRPC::connect sucess: app=/system/bin/surfaceflinger, pid=1082, tid=1953, this=0x7ffff5f83580
08-31 14:47:07.459 D/HostConnection( 1082): queryAndSetGLESMaxVersion select gles-version: 3.1 hostGLVersion:46 process:/system/bin/surfaceflinger
08-31 14:47:07.592 W/System  ( 1964): ClassLoader referenced unknown path: /data/app/com.forrestguice.suntimeswidget-1/lib/x86_64
08-31 14:47:07.724 I/TIME4A  ( 1964): Starting Time4A (v4.2-2018g published on 2018-12-21)
08-31 14:47:07.724 I/TIME4A  ( 1964): Main-Thread consumed in ms: 41
08-31 14:47:07.794 W/art     ( 1964): Before Android 4.1, method android.graphics.PorterDuffColorFilter android.support.graphics.drawable.VectorDrawableCompat.updateTintFilter(android.graphics.PorterDuffColorFilter, android.content.res.ColorStateList, android.graphics.PorterDuff$Mode) would have incorrectly overridden the package-private method in android.graphics.drawable.Drawable
08-31 14:47:07.939 W/CONFIG  ( 1964): Invalid widget ID! returning early.
08-31 14:47:07.946 W/ContextImpl( 1676): Calling a method in the system process without a qualified user: android.app.ContextImpl.startService:1358 android.content.ContextWrapper.startService:613 android.content.ContextWrapper.startService:613 com.android.coreservice.CoreBroadcastReceiver.onReceive:53 android.app.ActivityThread.handleReceiver:3073 
08-31 14:47:07.951 W/ContextImpl( 1676): Calling a method in the system process without a qualified user: android.app.ContextImpl.startService:1358 android.content.ContextWrapper.startService:613 android.content.ContextWrapper.startService:613 com.android.coreservice.CoreBroadcastReceiver.onReceive:44 android.app.ActivityThread.handleReceiver:3073 
08-31 14:47:08.004 W/CONFIG  ( 1964): Invalid widget ID! returning early.
08-31 14:47:08.012 W/ContextImpl( 1676): Calling a method in the system process without a qualified user: android.app.ContextImpl.startService:1358 android.content.ContextWrapper.startService:613 android.content.ContextWrapper.startService:613 com.android.coreservice.CoreBroadcastReceiver.onReceive:53 android.app.ActivityThread.handleReceiver:3073 
08-31 14:47:08.017 W/ContextImpl( 1676): Calling a method in the system process without a qualified user: android.app.ContextImpl.startService:1358 android.content.ContextWrapper.startService:613 android.content.ContextWrapper.startService:613 com.android.coreservice.CoreBroadcastReceiver.onReceive:44 android.app.ActivityThread.handleReceiver:3073 
08-31 14:47:08.065 W/CONFIG  ( 1964): Invalid widget ID! returning early.
08-31 14:47:08.071 W/ContextImpl( 1676): Calling a method in the system process without a qualified user: android.app.ContextImpl.startService:1358 android.content.ContextWrapper.startService:613 android.content.ContextWrapper.startService:613 com.android.coreservice.CoreBroadcastReceiver.onReceive:53 android.app.ActivityThread.handleReceiver:3073 
08-31 14:47:08.075 W/ContextImpl( 1676): Calling a method in the system process without a qualified user: android.app.ContextImpl.startService:1358 android.content.ContextWrapper.startService:613 android.content.ContextWrapper.startService:613 com.android.coreservice.CoreBroadcastReceiver.onReceive:44 android.app.ActivityThread.handleReceiver:3073 
08-31 14:47:08.116 W/CONFIG  ( 1964): Invalid widget ID! returning early.
08-31 14:47:08.121 W/ContextImpl( 1676): Calling a method in the system process without a qualified user: android.app.ContextImpl.startService:1358 android.content.ContextWrapper.startService:613 android.content.ContextWrapper.startService:613 com.android.coreservice.CoreBroadcastReceiver.onReceive:53 android.app.ActivityThread.handleReceiver:3073 
08-31 14:47:08.126 W/ContextImpl( 1676): Calling a method in the system process without a qualified user: android.app.ContextImpl.startService:1358 android.content.ContextWrapper.startService:613 android.content.ContextWrapper.startService:613 com.android.coreservice.CoreBroadcastReceiver.onReceive:44 android.app.ActivityThread.handleReceiver:3073 
08-31 14:47:08.164 W/CONFIG  ( 1964): Invalid widget ID! returning early.
08-31 14:47:08.174 W/ContextImpl( 1676): Calling a method in the system process without a qualified user: android.app.ContextImpl.startService:1358 android.content.ContextWrapper.startService:613 android.content.ContextWrapper.startService:613 com.android.coreservice.CoreBroadcastReceiver.onReceive:53 android.app.ActivityThread.handleReceiver:3073 
08-31 14:47:08.183 W/ContextImpl( 1676): Calling a method in the system process without a qualified user: android.app.ContextImpl.startService:1358 android.content.ContextWrapper.startService:613 android.content.ContextWrapper.startService:613 com.android.coreservice.CoreBroadcastReceiver.onReceive:44 android.app.ActivityThread.handleReceiver:3073 
08-31 14:47:08.221 W/CONFIG  ( 1964): Invalid widget ID! returning early.
08-31 14:47:08.226 W/ContextImpl( 1676): Calling a method in the system process without a qualified user: android.app.ContextImpl.startService:1358 android.content.ContextWrapper.startService:613 android.content.ContextWrapper.startService:613 com.android.coreservice.CoreBroadcastReceiver.onReceive:53 android.app.ActivityThread.handleReceiver:3073 
08-31 14:47:08.231 W/ContextImpl( 1676): Calling a method in the system process without a qualified user: android.app.ContextImpl.startService:1358 android.content.ContextWrapper.startService:613 android.content.ContextWrapper.startService:613 com.android.coreservice.CoreBroadcastReceiver.onReceive:44 android.app.ActivityThread.handleReceiver:3073 
08-31 14:47:08.283 W/CONFIG  ( 1964): Invalid widget ID! returning early.
08-31 14:47:08.283 I/art     ( 1964): Do partial code cache collection, code=29KB, data=26KB
08-31 14:47:08.284 I/art     ( 1964): After code cache collection, code=29KB, data=26KB
08-31 14:47:08.284 I/art     ( 1964): Increasing code cache capacity to 128KB
08-31 14:47:08.287 W/ContextImpl( 1676): Calling a method in the system process without a qualified user: android.app.ContextImpl.startService:1358 android.content.ContextWrapper.startService:613 android.content.ContextWrapper.startService:613 com.android.coreservice.CoreBroadcastReceiver.onReceive:53 android.app.ActivityThread.handleReceiver:3073 
08-31 14:47:08.294 W/ContextImpl( 1676): Calling a method in the system process without a qualified user: android.app.ContextImpl.startService:1358 android.content.ContextWrapper.startService:613 android.content.ContextWrapper.startService:613 com.android.coreservice.CoreBroadcastReceiver.onReceive:44 android.app.ActivityThread.handleReceiver:3073 
08-31 14:47:08.326 W/CONFIG  ( 1964): Invalid widget ID! returning early.
08-31 14:47:08.332 W/ContextImpl( 1676): Calling a method in the system process without a qualified user: android.app.ContextImpl.startService:1358 android.content.ContextWrapper.startService:613 android.content.ContextWrapper.startService:613 com.android.coreservice.CoreBroadcastReceiver.onReceive:53 android.app.ActivityThread.handleReceiver:3073 
08-31 14:47:08.337 W/ContextImpl( 1676): Calling a method in the system process without a qualified user: android.app.ContextImpl.startService:1358 android.content.ContextWrapper.startService:613 android.content.ContextWrapper.startService:613 com.android.coreservice.CoreBroadcastReceiver.onReceive:44 android.app.ActivityThread.handleReceiver:3073 
08-31 14:47:08.370 W/CONFIG  ( 1964): Invalid widget ID! returning early.
08-31 14:47:08.375 W/ContextImpl( 1676): Calling a method in the system process without a qualified user: android.app.ContextImpl.startService:1358 android.content.ContextWrapper.startService:613 android.content.ContextWrapper.startService:613 com.android.coreservice.CoreBroadcastReceiver.onReceive:53 android.app.ActivityThread.handleReceiver:3073 
08-31 14:47:08.379 W/ContextImpl( 1676): Calling a method in the system process without a qualified user: android.app.ContextImpl.startService:1358 android.content.ContextWrapper.startService:613 android.content.ContextWrapper.startService:613 com.android.coreservice.CoreBroadcastReceiver.onReceive:44 android.app.ActivityThread.handleReceiver:3073 
08-31 14:47:08.414 W/CONFIG  ( 1964): Invalid widget ID! returning early.
08-31 14:47:08.420 W/ContextImpl( 1676): Calling a method in the system process without a qualified user: android.app.ContextImpl.startService:1358 android.content.ContextWrapper.startService:613 android.content.ContextWrapper.startService:613 com.android.coreservice.CoreBroadcastReceiver.onReceive:53 android.app.ActivityThread.handleReceiver:3073 
08-31 14:47:08.426 W/ContextImpl( 1676): Calling a method in the system process without a qualified user: android.app.ContextImpl.startService:1358 android.content.ContextWrapper.startService:613 android.content.ContextWrapper.startService:613 com.android.coreservice.CoreBroadcastReceiver.onReceive:44 android.app.ActivityThread.handleReceiver:3073 
08-31 14:47:08.466 W/CONFIG  ( 1964): Invalid widget ID! returning early.
08-31 14:47:08.481 W/ContextImpl( 1676): Calling a method in the system process without a qualified user: android.app.ContextImpl.startService:1358 android.content.ContextWrapper.startService:613 android.content.ContextWrapper.startService:613 com.android.coreservice.CoreBroadcastReceiver.onReceive:53 android.app.ActivityThread.handleReceiver:3073 
08-31 14:47:08.489 W/ContextImpl( 1676): Calling a method in the system process without a qualified user: android.app.ContextImpl.startService:1358 android.content.ContextWrapper.startService:613 android.content.ContextWrapper.startService:613 com.android.coreservice.CoreBroadcastReceiver.onReceive:44 android.app.ActivityThread.handleReceiver:3073 
08-31 14:47:08.530 W/CONFIG  ( 1964): Invalid widget ID! returning early.
08-31 14:47:08.535 W/ContextImpl( 1676): Calling a method in the system process without a qualified user: android.app.ContextImpl.startService:1358 android.content.ContextWrapper.startService:613 android.content.ContextWrapper.startService:613 com.android.coreservice.CoreBroadcastReceiver.onReceive:53 android.app.ActivityThread.handleReceiver:3073 
08-31 14:47:08.540 W/ContextImpl( 1676): Calling a method in the system process without a qualified user: android.app.ContextImpl.startService:1358 android.content.ContextWrapper.startService:613 android.content.ContextWrapper.startService:613 com.android.coreservice.CoreBroadcastReceiver.onReceive:44 android.app.ActivityThread.handleReceiver:3073 
08-31 14:47:08.712 W/ContextImpl( 1676): Calling a method in the system process without a qualified user: android.app.ContextImpl.startService:1358 android.content.ContextWrapper.startService:613 android.content.ContextWrapper.startService:613 com.android.coreservice.CoreBroadcastReceiver.onReceive:53 android.app.ActivityThread.handleReceiver:3073 
08-31 14:47:08.719 I/HostConnection( 1964): HostConnection::HostConnection: pid=1964, tid=1964, this=0x7fffd6081780
08-31 14:47:08.723 I/        ( 1964): fastpipe: Connect success
08-31 14:47:08.724 D/HostConnection( 1964): HostRPC::connect sucess: app=com.forrestguice.suntimeswidget, pid=1964, tid=1964, this=0x7fffd5cac100
08-31 14:47:08.724 D/HostConnection( 1964): queryAndSetGLESMaxVersion select gles-version: 3.1 hostGLVersion:46 process:com.forrestguice.suntimeswidget
08-31 14:47:08.726 I/        ( 1964): fastpipe: Connect success
08-31 14:47:08.727 D/HostConnection( 1964): recv ProcessPuidReply name=com.forrestguice.suntimeswidget puid=7 g_u64CapsFlag=1d
08-31 14:47:08.775 I/HostConnection( 1964): HostConnection::HostConnection: pid=1964, tid=1985, this=0x7fffd60818a0
08-31 14:47:08.777 I/        ( 1964): fastpipe: Connect success
08-31 14:47:08.782 I/OpenGLRenderer( 1964): Initialized EGL, version 1.4
08-31 14:47:08.782 D/OpenGLRenderer( 1964): Swap behavior 1
08-31 14:47:08.783 I/EGL_adreno( 1964): eglCreateContext request GLES major-version=2
08-31 14:47:08.860 D/EGL_adreno( 1964): eglCreateContext: 0x7fffd5f8e5a0: maj 3 min 1 rcv 4
08-31 14:47:08.987 D/EGL_adreno( 1964): eglMakeCurrent: 0x7fffd5f8e5a0: ver 3 1 (tinfo 0x7fffd5c99340)
08-31 14:47:08.991 D/HostConnection( 1964): ExtendedRCEncoderContext GL_VERSION return OpenGL ES 3.1
08-31 14:47:09.019 E/EGL_adreno( 1964): tid 1985: eglSurfaceAttrib(1338): error 0x3009 (EGL_BAD_MATCH)
08-31 14:47:09.019 W/OpenGLRenderer( 1964): Failed to set EGL_SWAP_BEHAVIOR on surface 0x7fffe8bdefc0, error=EGL_BAD_MATCH
08-31 14:47:09.048 D/EGL_adreno( 1964): eglMakeCurrent: 0x7fffd5f8e5a0: ver 3 1 (tinfo 0x7fffd5c99340)
