--------- beginning of system
08-31 21:07:00.128 I/ActivityManager( 1281): START u0 {cmp=com.android.intentfuzzer/.FuzzerActivity} from uid 10064 on display 0
--------- beginning of main
08-31 21:07:00.134 D/audio_hw_hal( 1087): raw_start_output_stream, stream=0xf6e43140, sampleRate=48000, channel=2, bps=16, bufSize=4096
08-31 21:07:00.139 W/ContextImpl( 1676): Calling a method in the system process without a qualified user: android.app.ContextImpl.startService:1358 android.content.ContextWrapper.startService:613 android.content.ContextWrapper.startService:613 com.android.coreservice.CoreBroadcastReceiver.onReceive:44 android.app.ActivityThread.handleReceiver:3073 
08-31 21:07:00.175 W/ContextImpl( 1676): Calling a method in the system process without a qualified user: android.app.ContextImpl.startService:1358 android.content.ContextWrapper.startService:613 android.content.ContextWrapper.startService:613 com.android.coreservice.CoreBroadcastReceiver.onReceive:53 android.app.ActivityThread.handleReceiver:3073 
08-31 21:07:00.284 D/TaskPersister( 1281): getImageFromWriteQueue return null! filePath=/data/system_ce/0/recent_images/16_task_thumbnail.png
08-31 21:07:00.333 E/EGL_adreno( 1935): tid 1952: eglSurfaceAttrib(1338): error 0x3009 (EGL_BAD_MATCH)
08-31 21:07:00.333 W/OpenGLRenderer( 1935): Failed to set EGL_SWAP_BEHAVIOR on surface 0x7fffeb5c9a00, error=EGL_BAD_MATCH
08-31 21:07:00.334 D/EGL_adreno( 1935): eglMakeCurrent: 0x7fffeb454c20: ver 3 1 (tinfo 0x7fffeb40d8a0)
08-31 21:07:00.384 I/ActivityManager( 1281): Displayed com.android.intentfuzzer/.FuzzerActivity: +245ms (total +4m37s930ms)
08-31 21:07:00.387 W/ContextImpl( 1676): Calling a method in the system process without a qualified user: android.app.ContextImpl.startService:1358 android.content.ContextWrapper.startService:613 android.content.ContextWrapper.startService:613 com.android.coreservice.CoreBroadcastReceiver.onReceive:69 android.app.ActivityThread.handleReceiver:3073 
08-31 21:07:00.513 W/ContextImpl( 1676): Calling a method in the system process without a qualified user: android.app.ContextImpl.startService:1358 android.content.ContextWrapper.startService:613 android.content.ContextWrapper.startService:613 com.android.coreservice.CoreBroadcastReceiver.onReceive:69 android.app.ActivityThread.handleReceiver:3073 
08-31 21:07:01.663 I/ActivityManager( 1281): START u0 {cmp=com.fsck.k9/.activity.Accounts} from uid 10064 on display 0
08-31 21:07:01.672 W/System.err( 1935): java.lang.Exception: Toast callstack! strTip=Sent Null Intent { cmp=com.fsck.k9/.activity.Accounts }
08-31 21:07:01.673 W/System.err( 1935): 	at android.widget.Toast.show(Toast.java:130)
08-31 21:07:01.673 W/System.err( 1935): 	at com.android.intentfuzzer.FuzzerActivity$3.onClick(FuzzerActivity.java:165)
08-31 21:07:01.673 W/ContextImpl( 1676): Calling a method in the system process without a qualified user: android.app.ContextImpl.startService:1358 android.content.ContextWrapper.startService:613 android.content.ContextWrapper.startService:613 com.android.coreservice.CoreBroadcastReceiver.onReceive:44 android.app.ActivityThread.handleReceiver:3073 
08-31 21:07:01.673 W/System.err( 1935): 	at android.view.View.performClick(View.java:5637)
08-31 21:07:01.673 W/System.err( 1935): 	at android.view.View$PerformClick.run(View.java:22429)
08-31 21:07:01.673 W/System.err( 1935): 	at android.os.Handler.handleCallback(Handler.java:751)
08-31 21:07:01.673 W/System.err( 1935): 	at android.os.Handler.dispatchMessage(Handler.java:95)
08-31 21:07:01.673 W/System.err( 1935): 	at android.os.Looper.loop(Looper.java:154)
08-31 21:07:01.673 W/System.err( 1935): 	at android.app.ActivityThread.main(ActivityThread.java:6190)
08-31 21:07:01.673 W/System.err( 1935): 	at java.lang.reflect.Method.invoke(Native Method)
08-31 21:07:01.673 W/System.err( 1935): 	at com.android.internal.os.ZygoteInit$MethodAndArgsCaller.run(ZygoteInit.java:892)
08-31 21:07:01.673 W/System.err( 1935): 	at com.android.internal.os.ZygoteInit.main(ZygoteInit.java:782)
08-31 21:07:01.674 I/ActivityManager( 1281): START u0 {cmp=com.fsck.k9/.activity.setup.Prefs} from uid 10064 on display 0
08-31 21:07:01.674 W/ActivityManager( 1281): Permission Denial: starting Intent { cmp=com.fsck.k9/.activity.setup.Prefs } from ProcessRecord{bda5613 1935:com.android.intentfuzzer/u0a64} (pid=1935, uid=10064) not exported from uid 10041
08-31 21:07:01.676 W/System.err( 1935): java.lang.Exception: Toast callstack! strTip=Send Intent Failed!
08-31 21:07:01.676 W/System.err( 1935): 	at android.widget.Toast.show(Toast.java:130)
08-31 21:07:01.676 W/System.err( 1935): 	at com.android.intentfuzzer.FuzzerActivity$3.onClick(FuzzerActivity.java:167)
08-31 21:07:01.676 W/System.err( 1935): 	at android.view.View.performClick(View.java:5637)
08-31 21:07:01.676 W/System.err( 1935): 	at android.view.View$PerformClick.run(View.java:22429)
08-31 21:07:01.676 W/System.err( 1935): 	at android.os.Handler.handleCallback(Handler.java:751)
08-31 21:07:01.676 W/System.err( 1935): 	at android.os.Handler.dispatchMessage(Handler.java:95)
08-31 21:07:01.676 W/System.err( 1935): 	at android.os.Looper.loop(Looper.java:154)
08-31 21:07:01.676 W/System.err( 1935): 	at android.app.ActivityThread.main(ActivityThread.java:6190)
08-31 21:07:01.676 W/System.err( 1935): 	at java.lang.reflect.Method.invoke(Native Method)
08-31 21:07:01.676 W/System.err( 1935): 	at com.android.internal.os.ZygoteInit$MethodAndArgsCaller.run(ZygoteInit.java:892)
08-31 21:07:01.676 W/System.err( 1935): 	at com.android.internal.os.ZygoteInit.main(ZygoteInit.java:782)
08-31 21:07:01.677 I/ActivityManager( 1281): START u0 {cmp=com.fsck.k9/.activity.setup.WelcomeMessage} from uid 10064 on display 0
08-31 21:07:01.677 W/ActivityManager( 1281): Permission Denial: starting Intent { cmp=com.fsck.k9/.activity.setup.WelcomeMessage } from ProcessRecord{bda5613 1935:com.android.intentfuzzer/u0a64} (pid=1935, uid=10064) not exported from uid 10041
08-31 21:07:01.678 W/System.err( 1935): java.lang.Exception: Toast callstack! strTip=Send Intent Failed!
08-31 21:07:01.679 W/System.err( 1935): 	at android.widget.Toast.show(Toast.java:130)
08-31 21:07:01.679 W/System.err( 1935): 	at com.android.intentfuzzer.FuzzerActivity$3.onClick(FuzzerActivity.java:167)
08-31 21:07:01.679 W/System.err( 1935): 	at android.view.View.performClick(View.java:5637)
08-31 21:07:01.679 W/System.err( 1935): 	at android.view.View$PerformClick.run(View.java:22429)
08-31 21:07:01.679 W/System.err( 1935): 	at android.os.Handler.handleCallback(Handler.java:751)
08-31 21:07:01.679 W/System.err( 1935): 	at android.os.Handler.dispatchMessage(Handler.java:95)
08-31 21:07:01.679 W/System.err( 1935): 	at android.os.Looper.loop(Looper.java:154)
08-31 21:07:01.679 W/System.err( 1935): 	at android.app.ActivityThread.main(ActivityThread.java:6190)
08-31 21:07:01.679 W/System.err( 1935): 	at java.lang.reflect.Method.invoke(Native Method)
08-31 21:07:01.679 W/System.err( 1935): 	at com.android.internal.os.ZygoteInit$MethodAndArgsCaller.run(ZygoteInit.java:892)
08-31 21:07:01.679 W/System.err( 1935): 	at com.android.internal.os.ZygoteInit.main(ZygoteInit.java:782)
08-31 21:07:01.681 I/ActivityManager( 1281): START u0 {cmp=com.fsck.k9/.activity.setup.OpenPgpAppSelectDialog} from uid 10064 on display 0
08-31 21:07:01.681 W/ActivityManager( 1281): Permission Denial: starting Intent { cmp=com.fsck.k9/.activity.setup.OpenPgpAppSelectDialog } from ProcessRecord{bda5613 1935:com.android.intentfuzzer/u0a64} (pid=1935, uid=10064) not exported from uid 10041
08-31 21:07:01.682 W/System.err( 1935): java.lang.Exception: Toast callstack! strTip=Send Intent Failed!
08-31 21:07:01.683 W/System.err( 1935): 	at android.widget.Toast.show(Toast.java:130)
08-31 21:07:01.683 W/System.err( 1935): 	at com.android.intentfuzzer.FuzzerActivity$3.onClick(FuzzerActivity.java:167)
08-31 21:07:01.683 W/System.err( 1935): 	at android.view.View.performClick(View.java:5637)
08-31 21:07:01.683 W/System.err( 1935): 	at android.view.View$PerformClick.run(View.java:22429)
08-31 21:07:01.683 W/System.err( 1935): 	at android.os.Handler.handleCallback(Handler.java:751)
08-31 21:07:01.683 W/System.err( 1935): 	at android.os.Handler.dispatchMessage(Handler.java:95)
08-31 21:07:01.683 W/System.err( 1935): 	at android.os.Looper.loop(Looper.java:154)
08-31 21:07:01.683 W/System.err( 1935): 	at android.app.ActivityThread.main(ActivityThread.java:6190)
08-31 21:07:01.683 W/System.err( 1935): 	at java.lang.reflect.Method.invoke(Native Method)
08-31 21:07:01.683 W/System.err( 1935): 	at com.android.internal.os.ZygoteInit$MethodAndArgsCaller.run(ZygoteInit.java:892)
08-31 21:07:01.683 W/System.err( 1935): 	at com.android.internal.os.ZygoteInit.main(ZygoteInit.java:782)
08-31 21:07:01.684 I/ActivityManager( 1281): START u0 {cmp=com.fsck.k9/.activity.setup.FontSizeSettings} from uid 10064 on display 0
08-31 21:07:01.684 W/ActivityManager( 1281): Permission Denial: starting Intent { cmp=com.fsck.k9/.activity.setup.FontSizeSettings } from ProcessRecord{bda5613 1935:com.android.intentfuzzer/u0a64} (pid=1935, uid=10064) not exported from uid 10041
08-31 21:07:01.685 W/System.err( 1935): java.lang.Exception: Toast callstack! strTip=Send Intent Failed!
08-31 21:07:01.686 W/System.err( 1935): 	at android.widget.Toast.show(Toast.java:130)
08-31 21:07:01.686 W/System.err( 1935): 	at com.android.intentfuzzer.FuzzerActivity$3.onClick(FuzzerActivity.java:167)
08-31 21:07:01.686 W/System.err( 1935): 	at android.view.View.performClick(View.java:5637)
08-31 21:07:01.686 W/System.err( 1935): 	at android.view.View$PerformClick.run(View.java:22429)
08-31 21:07:01.686 W/System.err( 1935): 	at android.os.Handler.handleCallback(Handler.java:751)
08-31 21:07:01.686 W/System.err( 1935): 	at android.os.Handler.dispatchMessage(Handler.java:95)
08-31 21:07:01.686 W/System.err( 1935): 	at android.os.Looper.loop(Looper.java:154)
08-31 21:07:01.686 W/System.err( 1935): 	at android.app.ActivityThread.main(ActivityThread.java:6190)
08-31 21:07:01.686 W/System.err( 1935): 	at java.lang.reflect.Method.invoke(Native Method)
08-31 21:07:01.686 W/System.err( 1935): 	at com.android.internal.os.ZygoteInit$MethodAndArgsCaller.run(ZygoteInit.java:892)
08-31 21:07:01.686 W/System.err( 1935): 	at com.android.internal.os.ZygoteInit.main(ZygoteInit.java:782)
08-31 21:07:01.687 I/ActivityManager( 1281): START u0 {cmp=com.fsck.k9/.activity.setup.AccountSetupBasics} from uid 10064 on display 0
08-31 21:07:01.687 W/ActivityManager( 1281): Permission Denial: starting Intent { cmp=com.fsck.k9/.activity.setup.AccountSetupBasics } from ProcessRecord{bda5613 1935:com.android.intentfuzzer/u0a64} (pid=1935, uid=10064) not exported from uid 10041
08-31 21:07:01.690 W/System.err( 1935): java.lang.Exception: Toast callstack! strTip=Send Intent Failed!
08-31 21:07:01.690 W/System.err( 1935): 	at android.widget.Toast.show(Toast.java:130)
08-31 21:07:01.690 W/System.err( 1935): 	at com.android.intentfuzzer.FuzzerActivity$3.onClick(FuzzerActivity.java:167)
08-31 21:07:01.690 W/System.err( 1935): 	at android.view.View.performClick(View.java:5637)
08-31 21:07:01.690 W/System.err( 1935): 	at android.view.View$PerformClick.run(View.java:22429)
08-31 21:07:01.690 W/System.err( 1935): 	at android.os.Handler.handleCallback(Handler.java:751)
08-31 21:07:01.690 W/System.err( 1935): 	at android.os.Handler.dispatchMessage(Handler.java:95)
08-31 21:07:01.690 W/System.err( 1935): 	at android.os.Looper.loop(Looper.java:154)
08-31 21:07:01.690 W/System.err( 1935): 	at android.app.ActivityThread.main(ActivityThread.java:6190)
08-31 21:07:01.690 W/System.err( 1935): 	at java.lang.reflect.Method.invoke(Native Method)
08-31 21:07:01.690 W/System.err( 1935): 	at com.android.internal.os.ZygoteInit$MethodAndArgsCaller.run(ZygoteInit.java:892)
08-31 21:07:01.690 W/System.err( 1935): 	at com.android.internal.os.ZygoteInit.main(ZygoteInit.java:782)
08-31 21:07:01.710 I/ActivityManager( 1281): START u0 {cmp=com.fsck.k9/.activity.setup.AccountSetupAccountType} from uid 10064 on display 0
08-31 21:07:01.710 W/ActivityManager( 1281): Permission Denial: starting Intent { cmp=com.fsck.k9/.activity.setup.AccountSetupAccountType } from ProcessRecord{bda5613 1935:com.android.intentfuzzer/u0a64} (pid=1935, uid=10064) not exported from uid 10041
08-31 21:07:01.711 W/System.err( 1935): java.lang.Exception: Toast callstack! strTip=Send Intent Failed!
08-31 21:07:01.712 W/System.err( 1935): 	at android.widget.Toast.show(Toast.java:130)
08-31 21:07:01.712 W/System.err( 1935): 	at com.android.intentfuzzer.FuzzerActivity$3.onClick(FuzzerActivity.java:167)
08-31 21:07:01.712 W/System.err( 1935): 	at android.view.View.performClick(View.java:5637)
08-31 21:07:01.712 W/System.err( 1935): 	at android.view.View$PerformClick.run(View.java:22429)
08-31 21:07:01.712 W/System.err( 1935): 	at android.os.Handler.handleCallback(Handler.java:751)
08-31 21:07:01.712 W/System.err( 1935): 	at android.os.Handler.dispatchMessage(Handler.java:95)
08-31 21:07:01.712 W/System.err( 1935): 	at android.os.Looper.loop(Looper.java:154)
08-31 21:07:01.712 W/System.err( 1935): 	at android.app.ActivityThread.main(ActivityThread.java:6190)
08-31 21:07:01.712 W/System.err( 1935): 	at java.lang.reflect.Method.invoke(Native Method)
08-31 21:07:01.712 W/System.err( 1935): 	at com.android.internal.os.ZygoteInit$MethodAndArgsCaller.run(ZygoteInit.java:892)
08-31 21:07:01.712 W/System.err( 1935): 	at com.android.internal.os.ZygoteInit.main(ZygoteInit.java:782)
08-31 21:07:01.714 I/ActivityManager( 1281): START u0 {cmp=com.fsck.k9/.activity.setup.AccountSetupIncoming} from uid 10064 on display 0
08-31 21:07:01.714 W/ActivityManager( 1281): Permission Denial: starting Intent { cmp=com.fsck.k9/.activity.setup.AccountSetupIncoming } from ProcessRecord{bda5613 1935:com.android.intentfuzzer/u0a64} (pid=1935, uid=10064) not exported from uid 10041
08-31 21:07:01.715 W/System.err( 1935): java.lang.Exception: Toast callstack! strTip=Send Intent Failed!
08-31 21:07:01.716 W/System.err( 1935): 	at android.widget.Toast.show(Toast.java:130)
08-31 21:07:01.716 W/System.err( 1935): 	at com.android.intentfuzzer.FuzzerActivity$3.onClick(FuzzerActivity.java:167)
08-31 21:07:01.716 W/System.err( 1935): 	at android.view.View.performClick(View.java:5637)
08-31 21:07:01.716 W/System.err( 1935): 	at android.view.View$PerformClick.run(View.java:22429)
08-31 21:07:01.716 W/System.err( 1935): 	at android.os.Handler.handleCallback(Handler.java:751)
08-31 21:07:01.716 W/System.err( 1935): 	at android.os.Handler.dispatchMessage(Handler.java:95)
08-31 21:07:01.716 W/System.err( 1935): 	at android.os.Looper.loop(Looper.java:154)
08-31 21:07:01.716 W/System.err( 1935): 	at android.app.ActivityThread.main(ActivityThread.java:6190)
08-31 21:07:01.716 W/System.err( 1935): 	at java.lang.reflect.Method.invoke(Native Method)
08-31 21:07:01.716 W/System.err( 1935): 	at com.android.internal.os.ZygoteInit$MethodAndArgsCaller.run(ZygoteInit.java:892)
08-31 21:07:01.716 W/System.err( 1935): 	at com.android.internal.os.ZygoteInit.main(ZygoteInit.java:782)
08-31 21:07:01.718 I/ActivityManager( 1281): START u0 {cmp=com.fsck.k9/.activity.setup.AccountSetupComposition} from uid 10064 on display 0
08-31 21:07:01.718 W/ActivityManager( 1281): Permission Denial: starting Intent { cmp=com.fsck.k9/.activity.setup.AccountSetupComposition } from ProcessRecord{bda5613 1935:com.android.intentfuzzer/u0a64} (pid=1935, uid=10064) not exported from uid 10041
08-31 21:07:01.719 W/System.err( 1935): java.lang.Exception: Toast callstack! strTip=Send Intent Failed!
08-31 21:07:01.719 W/System.err( 1935): 	at android.widget.Toast.show(Toast.java:130)
08-31 21:07:01.719 W/System.err( 1935): 	at com.android.intentfuzzer.FuzzerActivity$3.onClick(FuzzerActivity.java:167)
08-31 21:07:01.719 W/System.err( 1935): 	at android.view.View.performClick(View.java:5637)
08-31 21:07:01.719 W/System.err( 1935): 	at android.view.View$PerformClick.run(View.java:22429)
08-31 21:07:01.719 W/System.err( 1935): 	at android.os.Handler.handleCallback(Handler.java:751)
08-31 21:07:01.719 W/System.err( 1935): 	at android.os.Handler.dispatchMessage(Handler.java:95)
08-31 21:07:01.719 W/System.err( 1935): 	at android.os.Looper.loop(Looper.java:154)
08-31 21:07:01.719 W/System.err( 1935): 	at android.app.ActivityThread.main(ActivityThread.java:6190)
08-31 21:07:01.719 W/System.err( 1935): 	at java.lang.reflect.Method.invoke(Native Method)
08-31 21:07:01.719 W/System.err( 1935): 	at com.android.internal.os.ZygoteInit$MethodAndArgsCaller.run(ZygoteInit.java:892)
08-31 21:07:01.719 W/System.err( 1935): 	at com.android.internal.os.ZygoteInit.main(ZygoteInit.java:782)
08-31 21:07:01.720 I/ActivityManager( 1281): START u0 {cmp=com.fsck.k9/.activity.setup.AccountSetupOutgoing} from uid 10064 on display 0
08-31 21:07:01.720 W/ActivityManager( 1281): Permission Denial: starting Intent { cmp=com.fsck.k9/.activity.setup.AccountSetupOutgoing } from ProcessRecord{bda5613 1935:com.android.intentfuzzer/u0a64} (pid=1935, uid=10064) not exported from uid 10041
08-31 21:07:01.722 W/System.err( 1935): java.lang.Exception: Toast callstack! strTip=Send Intent Failed!
08-31 21:07:01.722 W/System.err( 1935): 	at android.widget.Toast.show(Toast.java:130)
08-31 21:07:01.722 W/System.err( 1935): 	at com.android.intentfuzzer.FuzzerActivity$3.onClick(FuzzerActivity.java:167)
08-31 21:07:01.722 W/System.err( 1935): 	at android.view.View.performClick(View.java:5637)
08-31 21:07:01.722 W/System.err( 1935): 	at android.view.View$PerformClick.run(View.java:22429)
08-31 21:07:01.722 W/System.err( 1935): 	at android.os.Handler.handleCallback(Handler.java:751)
08-31 21:07:01.722 W/System.err( 1935): 	at android.os.Handler.dispatchMessage(Handler.java:95)
08-31 21:07:01.722 W/System.err( 1935): 	at android.os.Looper.loop(Looper.java:154)
08-31 21:07:01.722 W/System.err( 1935): 	at android.app.ActivityThread.main(ActivityThread.java:6190)
08-31 21:07:01.722 W/System.err( 1935): 	at java.lang.reflect.Method.invoke(Native Method)
08-31 21:07:01.723 W/System.err( 1935): 	at com.android.internal.os.ZygoteInit$MethodAndArgsCaller.run(ZygoteInit.java:892)
08-31 21:07:01.723 W/System.err( 1935): 	at com.android.internal.os.ZygoteInit.main(ZygoteInit.java:782)
08-31 21:07:01.724 I/ActivityManager( 1281): START u0 {cmp=com.fsck.k9/.activity.setup.AccountSetupOptions} from uid 10064 on display 0
08-31 21:07:01.724 W/ActivityManager( 1281): Permission Denial: starting Intent { cmp=com.fsck.k9/.activity.setup.AccountSetupOptions } from ProcessRecord{bda5613 1935:com.android.intentfuzzer/u0a64} (pid=1935, uid=10064) not exported from uid 10041
08-31 21:07:01.725 W/System.err( 1935): java.lang.Exception: Toast callstack! strTip=Send Intent Failed!
08-31 21:07:01.725 W/System.err( 1935): 	at android.widget.Toast.show(Toast.java:130)
08-31 21:07:01.725 W/System.err( 1935): 	at com.android.intentfuzzer.FuzzerActivity$3.onClick(FuzzerActivity.java:167)
08-31 21:07:01.725 W/System.err( 1935): 	at android.view.View.performClick(View.java:5637)
08-31 21:07:01.725 W/System.err( 1935): 	at android.view.View$PerformClick.run(View.java:22429)
08-31 21:07:01.726 W/System.err( 1935): 	at android.os.Handler.handleCallback(Handler.java:751)
08-31 21:07:01.726 W/System.err( 1935): 	at android.os.Handler.dispatchMessage(Handler.java:95)
08-31 21:07:01.726 W/System.err( 1935): 	at android.os.Looper.loop(Looper.java:154)
08-31 21:07:01.726 W/System.err( 1935): 	at android.app.ActivityThread.main(ActivityThread.java:6190)
08-31 21:07:01.726 W/System.err( 1935): 	at java.lang.reflect.Method.invoke(Native Method)
08-31 21:07:01.726 W/System.err( 1935): 	at com.android.internal.os.ZygoteInit$MethodAndArgsCaller.run(ZygoteInit.java:892)
08-31 21:07:01.726 W/System.err( 1935): 	at com.android.internal.os.ZygoteInit.main(ZygoteInit.java:782)
08-31 21:07:01.728 I/ActivityManager( 1281): START u0 {cmp=com.fsck.k9/.activity.setup.AccountSetupNames} from uid 10064 on display 0
08-31 21:07:01.728 W/ActivityManager( 1281): Permission Denial: starting Intent { cmp=com.fsck.k9/.activity.setup.AccountSetupNames } from ProcessRecord{bda5613 1935:com.android.intentfuzzer/u0a64} (pid=1935, uid=10064) not exported from uid 10041
08-31 21:07:01.730 W/System.err( 1935): java.lang.Exception: Toast callstack! strTip=Send Intent Failed!
08-31 21:07:01.730 W/System.err( 1935): 	at android.widget.Toast.show(Toast.java:130)
08-31 21:07:01.730 W/System.err( 1935): 	at com.android.intentfuzzer.FuzzerActivity$3.onClick(FuzzerActivity.java:167)
08-31 21:07:01.730 W/System.err( 1935): 	at android.view.View.performClick(View.java:5637)
08-31 21:07:01.730 W/System.err( 1935): 	at android.view.View$PerformClick.run(View.java:22429)
08-31 21:07:01.730 W/System.err( 1935): 	at android.os.Handler.handleCallback(Handler.java:751)
08-31 21:07:01.730 W/System.err( 1935): 	at android.os.Handler.dispatchMessage(Handler.java:95)
08-31 21:07:01.730 W/System.err( 1935): 	at android.os.Looper.loop(Looper.java:154)
08-31 21:07:01.730 W/System.err( 1935): 	at android.app.ActivityThread.main(ActivityThread.java:6190)
08-31 21:07:01.730 W/System.err( 1935): 	at java.lang.reflect.Method.invoke(Native Method)
08-31 21:07:01.730 W/System.err( 1935): 	at com.android.internal.os.ZygoteInit$MethodAndArgsCaller.run(ZygoteInit.java:892)
08-31 21:07:01.730 W/System.err( 1935): 	at com.android.internal.os.ZygoteInit.main(ZygoteInit.java:782)
08-31 21:07:01.731 I/ActivityManager( 1281): START u0 {cmp=com.fsck.k9/.activity.ChooseAccount} from uid 10064 on display 0
08-31 21:07:01.731 W/ActivityManager( 1281): Permission Denial: starting Intent { cmp=com.fsck.k9/.activity.ChooseAccount } from ProcessRecord{bda5613 1935:com.android.intentfuzzer/u0a64} (pid=1935, uid=10064) not exported from uid 10041
08-31 21:07:01.733 W/System.err( 1935): java.lang.Exception: Toast callstack! strTip=Send Intent Failed!
08-31 21:07:01.733 W/System.err( 1935): 	at android.widget.Toast.show(Toast.java:130)
08-31 21:07:01.733 W/System.err( 1935): 	at com.android.intentfuzzer.FuzzerActivity$3.onClick(FuzzerActivity.java:167)
08-31 21:07:01.734 W/System.err( 1935): 	at android.view.View.performClick(View.java:5637)
08-31 21:07:01.734 W/System.err( 1935): 	at android.view.View$PerformClick.run(View.java:22429)
08-31 21:07:01.734 W/System.err( 1935): 	at android.os.Handler.handleCallback(Handler.java:751)
08-31 21:07:01.734 W/System.err( 1935): 	at android.os.Handler.dispatchMessage(Handler.java:95)
08-31 21:07:01.734 W/System.err( 1935): 	at android.os.Looper.loop(Looper.java:154)
08-31 21:07:01.734 W/System.err( 1935): 	at android.app.ActivityThread.main(ActivityThread.java:6190)
08-31 21:07:01.734 W/System.err( 1935): 	at java.lang.reflect.Method.invoke(Native Method)
08-31 21:07:01.734 W/System.err( 1935): 	at com.android.internal.os.ZygoteInit$MethodAndArgsCaller.run(ZygoteInit.java:892)
08-31 21:07:01.734 W/System.err( 1935): 	at com.android.internal.os.ZygoteInit.main(ZygoteInit.java:782)
08-31 21:07:01.736 I/ActivityManager( 1281): START u0 {cmp=com.fsck.k9/.activity.ChooseFolder} from uid 10064 on display 0
08-31 21:07:01.736 W/ActivityManager( 1281): Permission Denial: starting Intent { cmp=com.fsck.k9/.activity.ChooseFolder } from ProcessRecord{bda5613 1935:com.android.intentfuzzer/u0a64} (pid=1935, uid=10064) not exported from uid 10041
08-31 21:07:01.737 W/System.err( 1935): java.lang.Exception: Toast callstack! strTip=Send Intent Failed!
08-31 21:07:01.737 W/System.err( 1935): 	at android.widget.Toast.show(Toast.java:130)
08-31 21:07:01.737 W/System.err( 1935): 	at com.android.intentfuzzer.FuzzerActivity$3.onClick(FuzzerActivity.java:167)
08-31 21:07:01.737 W/System.err( 1935): 	at android.view.View.performClick(View.java:5637)
08-31 21:07:01.737 W/System.err( 1935): 	at android.view.View$PerformClick.run(View.java:22429)
08-31 21:07:01.737 W/System.err( 1935): 	at android.os.Handler.handleCallback(Handler.java:751)
08-31 21:07:01.737 W/System.err( 1935): 	at android.os.Handler.dispatchMessage(Handler.java:95)
08-31 21:07:01.737 W/System.err( 1935): 	at android.os.Looper.loop(Looper.java:154)
08-31 21:07:01.737 W/System.err( 1935): 	at android.app.ActivityThread.main(ActivityThread.java:6190)
08-31 21:07:01.737 W/System.err( 1935): 	at java.lang.reflect.Method.invoke(Native Method)
08-31 21:07:01.737 W/System.err( 1935): 	at com.android.internal.os.ZygoteInit$MethodAndArgsCaller.run(ZygoteInit.java:892)
08-31 21:07:01.737 W/System.err( 1935): 	at com.android.internal.os.ZygoteInit.main(ZygoteInit.java:782)
08-31 21:07:01.739 I/ActivityManager( 1281): START u0 {cmp=com.fsck.k9/.activity.ChooseIdentity} from uid 10064 on display 0
08-31 21:07:01.739 W/ActivityManager( 1281): Permission Denial: starting Intent { cmp=com.fsck.k9/.activity.ChooseIdentity } from ProcessRecord{bda5613 1935:com.android.intentfuzzer/u0a64} (pid=1935, uid=10064) not exported from uid 10041
08-31 21:07:01.740 W/System.err( 1935): java.lang.Exception: Toast callstack! strTip=Send Intent Failed!
08-31 21:07:01.740 W/System.err( 1935): 	at android.widget.Toast.show(Toast.java:130)
08-31 21:07:01.740 W/System.err( 1935): 	at com.android.intentfuzzer.FuzzerActivity$3.onClick(FuzzerActivity.java:167)
08-31 21:07:01.740 W/System.err( 1935): 	at android.view.View.performClick(View.java:5637)
08-31 21:07:01.740 W/System.err( 1935): 	at android.view.View$PerformClick.run(View.java:22429)
08-31 21:07:01.740 W/System.err( 1935): 	at android.os.Handler.handleCallback(Handler.java:751)
08-31 21:07:01.740 W/System.err( 1935): 	at android.os.Handler.dispatchMessage(Handler.java:95)
08-31 21:07:01.740 W/System.err( 1935): 	at android.os.Looper.loop(Looper.java:154)
08-31 21:07:01.740 W/System.err( 1935): 	at android.app.ActivityThread.main(ActivityThread.java:6190)
08-31 21:07:01.740 W/System.err( 1935): 	at java.lang.reflect.Method.invoke(Native Method)
08-31 21:07:01.740 W/System.err( 1935): 	at com.android.internal.os.ZygoteInit$MethodAndArgsCaller.run(ZygoteInit.java:892)
08-31 21:07:01.740 W/System.err( 1935): 	at com.android.internal.os.ZygoteInit.main(ZygoteInit.java:782)
08-31 21:07:01.747 I/ActivityManager( 1281): START u0 {cmp=com.fsck.k9/.activity.ManageIdentities} from uid 10064 on display 0
08-31 21:07:01.747 W/ActivityManager( 1281): Permission Denial: starting Intent { cmp=com.fsck.k9/.activity.ManageIdentities } from ProcessRecord{bda5613 1935:com.android.intentfuzzer/u0a64} (pid=1935, uid=10064) not exported from uid 10041
08-31 21:07:01.748 W/System.err( 1935): java.lang.Exception: Toast callstack! strTip=Send Intent Failed!
08-31 21:07:01.749 W/System.err( 1935): 	at android.widget.Toast.show(Toast.java:130)
08-31 21:07:01.749 W/System.err( 1935): 	at com.android.intentfuzzer.FuzzerActivity$3.onClick(FuzzerActivity.java:167)
08-31 21:07:01.749 W/System.err( 1935): 	at android.view.View.performClick(View.java:5637)
08-31 21:07:01.749 W/System.err( 1935): 	at android.view.View$PerformClick.run(View.java:22429)
08-31 21:07:01.749 W/System.err( 1935): 	at android.os.Handler.handleCallback(Handler.java:751)
08-31 21:07:01.749 W/System.err( 1935): 	at android.os.Handler.dispatchMessage(Handler.java:95)
08-31 21:07:01.749 W/System.err( 1935): 	at android.os.Looper.loop(Looper.java:154)
08-31 21:07:01.749 W/System.err( 1935): 	at android.app.ActivityThread.main(ActivityThread.java:6190)
08-31 21:07:01.749 W/System.err( 1935): 	at java.lang.reflect.Method.invoke(Native Method)
08-31 21:07:01.749 W/System.err( 1935): 	at com.android.internal.os.ZygoteInit$MethodAndArgsCaller.run(ZygoteInit.java:892)
08-31 21:07:01.749 W/System.err( 1935): 	at com.android.internal.os.ZygoteInit.main(ZygoteInit.java:782)
08-31 21:07:01.750 I/ActivityManager( 1281): START u0 {cmp=com.fsck.k9/.activity.EditIdentity} from uid 10064 on display 0
08-31 21:07:01.750 W/ActivityManager( 1281): Permission Denial: starting Intent { cmp=com.fsck.k9/.activity.EditIdentity } from ProcessRecord{bda5613 1935:com.android.intentfuzzer/u0a64} (pid=1935, uid=10064) not exported from uid 10041
08-31 21:07:01.752 W/System.err( 1935): java.lang.Exception: Toast callstack! strTip=Send Intent Failed!
08-31 21:07:01.752 W/System.err( 1935): 	at android.widget.Toast.show(Toast.java:130)
08-31 21:07:01.752 W/System.err( 1935): 	at com.android.intentfuzzer.FuzzerActivity$3.onClick(FuzzerActivity.java:167)
08-31 21:07:01.752 W/System.err( 1935): 	at android.view.View.performClick(View.java:5637)
08-31 21:07:01.752 W/System.err( 1935): 	at android.view.View$PerformClick.run(View.java:22429)
08-31 21:07:01.752 W/System.err( 1935): 	at android.os.Handler.handleCallback(Handler.java:751)
08-31 21:07:01.752 W/System.err( 1935): 	at android.os.Handler.dispatchMessage(Handler.java:95)
08-31 21:07:01.752 W/System.err( 1935): 	at android.os.Looper.loop(Looper.java:154)
08-31 21:07:01.752 W/System.err( 1935): 	at android.app.ActivityThread.main(ActivityThread.java:6190)
08-31 21:07:01.752 W/System.err( 1935): 	at java.lang.reflect.Method.invoke(Native Method)
08-31 21:07:01.752 W/System.err( 1935): 	at com.android.internal.os.ZygoteInit$MethodAndArgsCaller.run(ZygoteInit.java:892)
08-31 21:07:01.752 W/System.err( 1935): 	at com.android.internal.os.ZygoteInit.main(ZygoteInit.java:782)
08-31 21:07:01.753 I/ActivityManager( 1281): START u0 {cmp=com.fsck.k9/.activity.NotificationDeleteConfirmation} from uid 10064 on display 0
08-31 21:07:01.753 W/ActivityManager( 1281): Permission Denial: starting Intent { cmp=com.fsck.k9/.activity.NotificationDeleteConfirmation } from ProcessRecord{bda5613 1935:com.android.intentfuzzer/u0a64} (pid=1935, uid=10064) not exported from uid 10041
08-31 21:07:01.755 W/System.err( 1935): java.lang.Exception: Toast callstack! strTip=Send Intent Failed!
08-31 21:07:01.755 W/System.err( 1935): 	at android.widget.Toast.show(Toast.java:130)
08-31 21:07:01.755 W/System.err( 1935): 	at com.android.intentfuzzer.FuzzerActivity$3.onClick(FuzzerActivity.java:167)
08-31 21:07:01.755 W/System.err( 1935): 	at android.view.View.performClick(View.java:5637)
08-31 21:07:01.755 W/System.err( 1935): 	at android.view.View$PerformClick.run(View.java:22429)
08-31 21:07:01.755 W/System.err( 1935): 	at android.os.Handler.handleCallback(Handler.java:751)
08-31 21:07:01.755 W/System.err( 1935): 	at android.os.Handler.dispatchMessage(Handler.java:95)
08-31 21:07:01.755 W/System.err( 1935): 	at android.os.Looper.loop(Looper.java:154)
08-31 21:07:01.755 W/System.err( 1935): 	at android.app.ActivityThread.main(ActivityThread.java:6190)
08-31 21:07:01.755 W/System.err( 1935): 	at java.lang.reflect.Method.invoke(Native Method)
08-31 21:07:01.755 W/System.err( 1935): 	at com.android.internal.os.ZygoteInit$MethodAndArgsCaller.run(ZygoteInit.java:892)
08-31 21:07:01.755 W/System.err( 1935): 	at com.android.internal.os.ZygoteInit.main(ZygoteInit.java:782)
08-31 21:07:01.757 I/ActivityManager( 1281): START u0 {cmp=com.fsck.k9/.activity.setup.AccountSetupCheckSettings} from uid 10064 on display 0
08-31 21:07:01.757 W/ActivityManager( 1281): Permission Denial: starting Intent { cmp=com.fsck.k9/.activity.setup.AccountSetupCheckSettings } from ProcessRecord{bda5613 1935:com.android.intentfuzzer/u0a64} (pid=1935, uid=10064) not exported from uid 10041
08-31 21:07:01.758 W/System.err( 1935): java.lang.Exception: Toast callstack! strTip=Send Intent Failed!
08-31 21:07:01.758 W/System.err( 1935): 	at android.widget.Toast.show(Toast.java:130)
08-31 21:07:01.758 W/System.err( 1935): 	at com.android.intentfuzzer.FuzzerActivity$3.onClick(FuzzerActivity.java:167)
08-31 21:07:01.758 W/System.err( 1935): 	at android.view.View.performClick(View.java:5637)
08-31 21:07:01.758 W/System.err( 1935): 	at android.view.View$PerformClick.run(View.java:22429)
08-31 21:07:01.758 W/System.err( 1935): 	at android.os.Handler.handleCallback(Handler.java:751)
08-31 21:07:01.758 W/System.err( 1935): 	at android.os.Handler.dispatchMessage(Handler.java:95)
08-31 21:07:01.758 W/System.err( 1935): 	at android.os.Looper.loop(Looper.java:154)
08-31 21:07:01.758 W/System.err( 1935): 	at android.app.ActivityThread.main(ActivityThread.java:6190)
08-31 21:07:01.758 W/System.err( 1935): 	at java.lang.reflect.Method.invoke(Native Method)
08-31 21:07:01.759 W/System.err( 1935): 	at com.android.internal.os.ZygoteInit$MethodAndArgsCaller.run(ZygoteInit.java:892)
08-31 21:07:01.759 W/System.err( 1935): 	at com.android.internal.os.ZygoteInit.main(ZygoteInit.java:782)
08-31 21:07:01.760 I/ActivityManager( 1281): START u0 {cmp=com.fsck.k9/.activity.setup.AccountSettings} from uid 10064 on display 0
08-31 21:07:01.760 W/ActivityManager( 1281): Permission Denial: starting Intent { cmp=com.fsck.k9/.activity.setup.AccountSettings } from ProcessRecord{bda5613 1935:com.android.intentfuzzer/u0a64} (pid=1935, uid=10064) not exported from uid 10041
08-31 21:07:01.761 W/System.err( 1935): java.lang.Exception: Toast callstack! strTip=Send Intent Failed!
08-31 21:07:01.761 W/System.err( 1935): 	at android.widget.Toast.show(Toast.java:130)
08-31 21:07:01.761 W/System.err( 1935): 	at com.android.intentfuzzer.FuzzerActivity$3.onClick(FuzzerActivity.java:167)
08-31 21:07:01.761 W/System.err( 1935): 	at android.view.View.performClick(View.java:5637)
08-31 21:07:01.761 W/System.err( 1935): 	at android.view.View$PerformClick.run(View.java:22429)
08-31 21:07:01.761 W/System.err( 1935): 	at android.os.Handler.handleCallback(Handler.java:751)
08-31 21:07:01.761 W/System.err( 1935): 	at android.os.Handler.dispatchMessage(Handler.java:95)
08-31 21:07:01.761 W/System.err( 1935): 	at android.os.Looper.loop(Looper.java:154)
08-31 21:07:01.761 W/System.err( 1935): 	at android.app.ActivityThread.main(ActivityThread.java:6190)
08-31 21:07:01.761 W/System.err( 1935): 	at java.lang.reflect.Method.invoke(Native Method)
08-31 21:07:01.761 W/System.err( 1935): 	at com.android.internal.os.ZygoteInit$MethodAndArgsCaller.run(ZygoteInit.java:892)
08-31 21:07:01.761 W/System.err( 1935): 	at com.android.internal.os.ZygoteInit.main(ZygoteInit.java:782)
08-31 21:07:01.762 I/ActivityManager( 1281): START u0 {cmp=com.fsck.k9/.activity.setup.FolderSettings} from uid 10064 on display 0
08-31 21:07:01.762 W/ActivityManager( 1281): Permission Denial: starting Intent { cmp=com.fsck.k9/.activity.setup.FolderSettings } from ProcessRecord{bda5613 1935:com.android.intentfuzzer/u0a64} (pid=1935, uid=10064) not exported from uid 10041
08-31 21:07:01.763 W/System.err( 1935): java.lang.Exception: Toast callstack! strTip=Send Intent Failed!
08-31 21:07:01.763 W/System.err( 1935): 	at android.widget.Toast.show(Toast.java:130)
08-31 21:07:01.763 W/System.err( 1935): 	at com.android.intentfuzzer.FuzzerActivity$3.onClick(FuzzerActivity.java:167)
08-31 21:07:01.763 W/System.err( 1935): 	at android.view.View.performClick(View.java:5637)
08-31 21:07:01.763 W/System.err( 1935): 	at android.view.View$PerformClick.run(View.java:22429)
08-31 21:07:01.763 W/System.err( 1935): 	at android.os.Handler.handleCallback(Handler.java:751)
08-31 21:07:01.763 W/System.err( 1935): 	at android.os.Handler.dispatchMessage(Handler.java:95)
08-31 21:07:01.763 W/System.err( 1935): 	at android.os.Looper.loop(Looper.java:154)
08-31 21:07:01.763 W/System.err( 1935): 	at android.app.ActivityThread.main(ActivityThread.java:6190)
08-31 21:07:01.763 W/System.err( 1935): 	at java.lang.reflect.Method.invoke(Native Method)
08-31 21:07:01.763 W/System.err( 1935): 	at com.android.internal.os.ZygoteInit$MethodAndArgsCaller.run(ZygoteInit.java:892)
08-31 21:07:01.763 W/System.err( 1935): 	at com.android.internal.os.ZygoteInit.main(ZygoteInit.java:782)
08-31 21:07:01.764 I/ActivityManager( 1281): START u0 {cmp=com.fsck.k9/.activity.FolderList} from uid 10064 on display 0
08-31 21:07:01.768 W/System.err( 1935): java.lang.Exception: Toast callstack! strTip=Sent Null Intent { cmp=com.fsck.k9/.activity.FolderList }
08-31 21:07:01.769 W/System.err( 1935): 	at android.widget.Toast.show(Toast.java:130)
08-31 21:07:01.769 W/System.err( 1935): 	at com.android.intentfuzzer.FuzzerActivity$3.onClick(FuzzerActivity.java:165)
08-31 21:07:01.769 W/System.err( 1935): 	at android.view.View.performClick(View.java:5637)
08-31 21:07:01.769 W/System.err( 1935): 	at android.view.View$PerformClick.run(View.java:22429)
08-31 21:07:01.769 W/System.err( 1935): 	at android.os.Handler.handleCallback(Handler.java:751)
08-31 21:07:01.769 W/System.err( 1935): 	at android.os.Handler.dispatchMessage(Handler.java:95)
08-31 21:07:01.769 W/System.err( 1935): 	at android.os.Looper.loop(Looper.java:154)
08-31 21:07:01.769 W/System.err( 1935): 	at android.app.ActivityThread.main(ActivityThread.java:6190)
08-31 21:07:01.769 W/System.err( 1935): 	at java.lang.reflect.Method.invoke(Native Method)
08-31 21:07:01.769 W/System.err( 1935): 	at com.android.internal.os.ZygoteInit$MethodAndArgsCaller.run(ZygoteInit.java:892)
08-31 21:07:01.769 W/System.err( 1935): 	at com.android.internal.os.ZygoteInit.main(ZygoteInit.java:782)
08-31 21:07:01.769 W/ContextImpl( 1676): Calling a method in the system process without a qualified user: android.app.ContextImpl.startService:1358 android.content.ContextWrapper.startService:613 android.content.ContextWrapper.startService:613 com.android.coreservice.CoreBroadcastReceiver.onReceive:44 android.app.ActivityThread.handleReceiver:3073 
08-31 21:07:01.770 I/ActivityManager( 1281): START u0 {cmp=com.fsck.k9/.activity.MessageList} from uid 10064 on display 0
08-31 21:07:01.777 W/ContextImpl( 1676): Calling a method in the system process without a qualified user: android.app.ContextImpl.startService:1358 android.content.ContextWrapper.startService:613 android.content.ContextWrapper.startService:613 com.android.coreservice.CoreBroadcastReceiver.onReceive:44 android.app.ActivityThread.handleReceiver:3073 
08-31 21:07:01.777 W/System.err( 1935): java.lang.Exception: Toast callstack! strTip=Sent Null Intent { cmp=com.fsck.k9/.activity.MessageList }
08-31 21:07:01.777 W/System.err( 1935): 	at android.widget.Toast.show(Toast.java:130)
08-31 21:07:01.777 W/System.err( 1935): 	at com.android.intentfuzzer.FuzzerActivity$3.onClick(FuzzerActivity.java:165)
08-31 21:07:01.777 W/System.err( 1935): 	at android.view.View.performClick(View.java:5637)
08-31 21:07:01.777 W/System.err( 1935): 	at android.view.View$PerformClick.run(View.java:22429)
08-31 21:07:01.777 W/System.err( 1935): 	at android.os.Handler.handleCallback(Handler.java:751)
08-31 21:07:01.777 W/System.err( 1935): 	at android.os.Handler.dispatchMessage(Handler.java:95)
08-31 21:07:01.777 W/System.err( 1935): 	at android.os.Looper.loop(Looper.java:154)
08-31 21:07:01.777 W/System.err( 1935): 	at android.app.ActivityThread.main(ActivityThread.java:6190)
08-31 21:07:01.777 W/System.err( 1935): 	at java.lang.reflect.Method.invoke(Native Method)
08-31 21:07:01.777 W/System.err( 1935): 	at com.android.internal.os.ZygoteInit$MethodAndArgsCaller.run(ZygoteInit.java:892)
08-31 21:07:01.778 W/System.err( 1935): 	at com.android.internal.os.ZygoteInit.main(ZygoteInit.java:782)
08-31 21:07:01.781 I/ActivityManager( 1281): START u0 {cmp=com.fsck.k9/.activity.MessageCompose} from uid 10064 on display 0
08-31 21:07:01.785 W/System.err( 1935): java.lang.Exception: Toast callstack! strTip=Send Intent Failed!
08-31 21:07:01.785 W/System.err( 1935): 	at android.widget.Toast.show(Toast.java:130)
08-31 21:07:01.785 W/System.err( 1935): 	at com.android.intentfuzzer.FuzzerActivity$3.onClick(FuzzerActivity.java:167)
08-31 21:07:01.785 W/System.err( 1935): 	at android.view.View.performClick(View.java:5637)
08-31 21:07:01.785 W/System.err( 1935): 	at android.view.View$PerformClick.run(View.java:22429)
08-31 21:07:01.785 W/System.err( 1935): 	at android.os.Handler.handleCallback(Handler.java:751)
08-31 21:07:01.785 W/System.err( 1935): 	at android.os.Handler.dispatchMessage(Handler.java:95)
08-31 21:07:01.785 W/System.err( 1935): 	at android.os.Looper.loop(Looper.java:154)
08-31 21:07:01.785 W/System.err( 1935): 	at android.app.ActivityThread.main(ActivityThread.java:6190)
08-31 21:07:01.786 W/System.err( 1935): 	at java.lang.reflect.Method.invoke(Native Method)
08-31 21:07:01.786 W/System.err( 1935): 	at com.android.internal.os.ZygoteInit$MethodAndArgsCaller.run(ZygoteInit.java:892)
08-31 21:07:01.786 W/System.err( 1935): 	at com.android.internal.os.ZygoteInit.main(ZygoteInit.java:782)
08-31 21:07:01.787 I/ActivityManager( 1281): START u0 {cmp=com.fsck.k9/.activity.Search} from uid 10064 on display 0
08-31 21:07:01.793 W/System.err( 1935): java.lang.Exception: Toast callstack! strTip=Sent Null Intent { cmp=com.fsck.k9/.activity.Search }
08-31 21:07:01.793 W/System.err( 1935): 	at android.widget.Toast.show(Toast.java:130)
08-31 21:07:01.794 W/System.err( 1935): 	at com.android.intentfuzzer.FuzzerActivity$3.onClick(FuzzerActivity.java:165)
08-31 21:07:01.794 W/System.err( 1935): 	at android.view.View.performClick(View.java:5637)
08-31 21:07:01.794 W/System.err( 1935): 	at android.view.View$PerformClick.run(View.java:22429)
08-31 21:07:01.794 W/System.err( 1935): 	at android.os.Handler.handleCallback(Handler.java:751)
08-31 21:07:01.794 W/System.err( 1935): 	at android.os.Handler.dispatchMessage(Handler.java:95)
08-31 21:07:01.794 W/System.err( 1935): 	at android.os.Looper.loop(Looper.java:154)
08-31 21:07:01.794 W/System.err( 1935): 	at android.app.ActivityThread.main(ActivityThread.java:6190)
08-31 21:07:01.794 W/System.err( 1935): 	at java.lang.reflect.Method.invoke(Native Method)
08-31 21:07:01.794 W/System.err( 1935): 	at com.android.internal.os.ZygoteInit$MethodAndArgsCaller.run(ZygoteInit.java:892)
08-31 21:07:01.794 W/System.err( 1935): 	at com.android.internal.os.ZygoteInit.main(ZygoteInit.java:782)
08-31 21:07:01.794 W/ContextImpl( 1676): Calling a method in the system process without a qualified user: android.app.ContextImpl.startService:1358 android.content.ContextWrapper.startService:613 android.content.ContextWrapper.startService:613 com.android.coreservice.CoreBroadcastReceiver.onReceive:44 android.app.ActivityThread.handleReceiver:3073 
08-31 21:07:01.796 I/ActivityManager( 1281): START u0 {cmp=com.fsck.k9/.activity.LauncherShortcuts} from uid 10064 on display 0
08-31 21:07:01.800 W/System.err( 1935): java.lang.Exception: Toast callstack! strTip=Sent Null Intent { cmp=com.fsck.k9/.activity.LauncherShortcuts }
08-31 21:07:01.800 W/System.err( 1935): 	at android.widget.Toast.show(Toast.java:130)
08-31 21:07:01.800 W/System.err( 1935): 	at com.android.intentfuzzer.FuzzerActivity$3.onClick(FuzzerActivity.java:165)
08-31 21:07:01.800 W/System.err( 1935): 	at android.view.View.performClick(View.java:5637)
08-31 21:07:01.800 W/System.err( 1935): 	at android.view.View$PerformClick.run(View.java:22429)
08-31 21:07:01.801 W/System.err( 1935): 	at android.os.Handler.handleCallback(Handler.java:751)
08-31 21:07:01.801 W/System.err( 1935): 	at android.os.Handler.dispatchMessage(Handler.java:95)
08-31 21:07:01.801 W/System.err( 1935): 	at android.os.Looper.loop(Looper.java:154)
08-31 21:07:01.801 W/System.err( 1935): 	at android.app.ActivityThread.main(ActivityThread.java:6190)
08-31 21:07:01.801 W/System.err( 1935): 	at java.lang.reflect.Method.invoke(Native Method)
08-31 21:07:01.801 W/System.err( 1935): 	at com.android.internal.os.ZygoteInit$MethodAndArgsCaller.run(ZygoteInit.java:892)
08-31 21:07:01.801 W/System.err( 1935): 	at com.android.internal.os.ZygoteInit.main(ZygoteInit.java:782)
08-31 21:07:01.803 W/ContextImpl( 1676): Calling a method in the system process without a qualified user: android.app.ContextImpl.startService:1358 android.content.ContextWrapper.startService:613 android.content.ContextWrapper.startService:613 com.android.coreservice.CoreBroadcastReceiver.onReceive:44 android.app.ActivityThread.handleReceiver:3073 
08-31 21:07:01.804 I/ActivityManager( 1281): START u0 {cmp=com.fsck.k9/.activity.EmailAddressList} from uid 10064 on display 0
08-31 21:07:01.804 W/ActivityManager( 1281): Permission Denial: starting Intent { cmp=com.fsck.k9/.activity.EmailAddressList } from ProcessRecord{bda5613 1935:com.android.intentfuzzer/u0a64} (pid=1935, uid=10064) not exported from uid 10041
08-31 21:07:01.805 W/System.err( 1935): java.lang.Exception: Toast callstack! strTip=Send Intent Failed!
08-31 21:07:01.805 W/System.err( 1935): 	at android.widget.Toast.show(Toast.java:130)
08-31 21:07:01.805 W/System.err( 1935): 	at com.android.intentfuzzer.FuzzerActivity$3.onClick(FuzzerActivity.java:167)
08-31 21:07:01.805 W/System.err( 1935): 	at android.view.View.performClick(View.java:5637)
08-31 21:07:01.805 W/System.err( 1935): 	at android.view.View$PerformClick.run(View.java:22429)
08-31 21:07:01.805 W/System.err( 1935): 	at android.os.Handler.handleCallback(Handler.java:751)
08-31 21:07:01.805 W/System.err( 1935): 	at android.os.Handler.dispatchMessage(Handler.java:95)
08-31 21:07:01.805 W/System.err( 1935): 	at android.os.Looper.loop(Looper.java:154)
08-31 21:07:01.805 W/System.err( 1935): 	at android.app.ActivityThread.main(ActivityThread.java:6190)
08-31 21:07:01.805 W/System.err( 1935): 	at java.lang.reflect.Method.invoke(Native Method)
08-31 21:07:01.805 W/System.err( 1935): 	at com.android.internal.os.ZygoteInit$MethodAndArgsCaller.run(ZygoteInit.java:892)
08-31 21:07:01.805 W/System.err( 1935): 	at com.android.internal.os.ZygoteInit.main(ZygoteInit.java:782)
08-31 21:07:01.806 I/ActivityManager( 1281): START u0 {cmp=com.fsck.k9/.activity.UnreadWidgetConfiguration} from uid 10064 on display 0
08-31 21:07:01.812 W/ContextImpl( 1676): Calling a method in the system process without a qualified user: android.app.ContextImpl.startService:1358 android.content.ContextWrapper.startService:613 android.content.ContextWrapper.startService:613 com.android.coreservice.CoreBroadcastReceiver.onReceive:44 android.app.ActivityThread.handleReceiver:3073 
08-31 21:07:01.856 W/System.err( 1935): java.lang.Exception: Toast callstack! strTip=Sent Null Intent { cmp=com.fsck.k9/.activity.UnreadWidgetConfiguration }
08-31 21:07:01.856 W/System.err( 1935): 	at android.widget.Toast.show(Toast.java:130)
08-31 21:07:01.856 W/System.err( 1935): 	at com.android.intentfuzzer.FuzzerActivity$3.onClick(FuzzerActivity.java:165)
08-31 21:07:01.856 W/System.err( 1935): 	at android.view.View.performClick(View.java:5637)
08-31 21:07:01.856 W/System.err( 1935): 	at android.view.View$PerformClick.run(View.java:22429)
08-31 21:07:01.856 W/System.err( 1935): 	at android.os.Handler.handleCallback(Handler.java:751)
08-31 21:07:01.856 W/System.err( 1935): 	at android.os.Handler.dispatchMessage(Handler.java:95)
08-31 21:07:01.856 W/System.err( 1935): 	at android.os.Looper.loop(Looper.java:154)
08-31 21:07:01.856 W/System.err( 1935): 	at android.app.ActivityThread.main(ActivityThread.java:6190)
08-31 21:07:01.856 W/System.err( 1935): 	at java.lang.reflect.Method.invoke(Native Method)
08-31 21:07:01.856 W/System.err( 1935): 	at com.android.internal.os.ZygoteInit$MethodAndArgsCaller.run(ZygoteInit.java:892)
08-31 21:07:01.856 W/System.err( 1935): 	at com.android.internal.os.ZygoteInit.main(ZygoteInit.java:782)
08-31 21:07:01.858 I/ActivityManager( 1281): START u0 {cmp=com.fsck.k9/.activity.UpgradeDatabases} from uid 10064 on display 0
08-31 21:07:01.858 W/ActivityManager( 1281): Permission Denial: starting Intent { cmp=com.fsck.k9/.activity.UpgradeDatabases } from ProcessRecord{bda5613 1935:com.android.intentfuzzer/u0a64} (pid=1935, uid=10064) not exported from uid 10041
08-31 21:07:01.860 W/System.err( 1935): java.lang.Exception: Toast callstack! strTip=Send Intent Failed!
08-31 21:07:01.860 W/System.err( 1935): 	at android.widget.Toast.show(Toast.java:130)
08-31 21:07:01.860 W/System.err( 1935): 	at com.android.intentfuzzer.FuzzerActivity$3.onClick(FuzzerActivity.java:167)
08-31 21:07:01.860 W/System.err( 1935): 	at android.view.View.performClick(View.java:5637)
08-31 21:07:01.860 W/System.err( 1935): 	at android.view.View$PerformClick.run(View.java:22429)
08-31 21:07:01.860 W/System.err( 1935): 	at android.os.Handler.handleCallback(Handler.java:751)
08-31 21:07:01.860 W/System.err( 1935): 	at android.os.Handler.dispatchMessage(Handler.java:95)
08-31 21:07:01.860 W/System.err( 1935): 	at android.os.Looper.loop(Looper.java:154)
08-31 21:07:01.860 W/System.err( 1935): 	at android.app.ActivityThread.main(ActivityThread.java:6190)
08-31 21:07:01.860 W/System.err( 1935): 	at java.lang.reflect.Method.invoke(Native Method)
08-31 21:07:01.860 W/System.err( 1935): 	at com.android.internal.os.ZygoteInit$MethodAndArgsCaller.run(ZygoteInit.java:892)
08-31 21:07:01.860 W/System.err( 1935): 	at com.android.internal.os.ZygoteInit.main(ZygoteInit.java:782)
08-31 21:07:01.878 I/ActivityManager( 1281): Start proc 2720:com.fsck.k9/u0a41 for activity com.fsck.k9/.activity.UnreadWidgetConfiguration
08-31 21:07:01.893 D/libnativebridge( 2720): call UnloadNativeBridge! state=1
08-31 21:07:01.911 E/EGL_adreno( 1935): tid 1952: eglSurfaceAttrib(1338): error 0x3009 (EGL_BAD_MATCH)
08-31 21:07:01.911 W/OpenGLRenderer( 1935): Failed to set EGL_SWAP_BEHAVIOR on surface 0x7fffeb5bcb00, error=EGL_BAD_MATCH
08-31 21:07:01.915 D/EGL_adreno( 1935): eglMakeCurrent: 0x7fffeb454c20: ver 3 1 (tinfo 0x7fffeb40d8a0)
08-31 21:07:01.933 W/ContextImpl( 1676): Calling a method in the system process without a qualified user: android.app.ContextImpl.startService:1358 android.content.ContextWrapper.startService:613 android.content.ContextWrapper.startService:613 com.android.coreservice.CoreBroadcastReceiver.onReceive:53 android.app.ActivityThread.handleReceiver:3073 
08-31 21:07:02.347 W/ContextImpl( 1676): Calling a method in the system process without a qualified user: android.app.ContextImpl.startService:1358 android.content.ContextWrapper.startService:613 android.content.ContextWrapper.startService:613 com.android.coreservice.CoreBroadcastReceiver.onReceive:53 android.app.ActivityThread.handleReceiver:3073 
