08-31 15:18:33.336 W/System.err( 1935): 	at com.android.intentfuzzer.FuzzerActivity$4.onClick(FuzzerActivity.java:186)
08-31 15:18:33.336 W/System.err( 1935): 	at android.view.View.performClick(View.java:5637)
08-31 15:18:33.336 W/System.err( 1935): 	at android.view.View$PerformClick.run(View.java:22429)
08-31 15:18:33.336 W/System.err( 1935): 	at android.os.Handler.handleCallback(Handler.java:751)
08-31 15:18:33.336 W/System.err( 1935): 	at android.os.Handler.dispatchMessage(Handler.java:95)
08-31 15:18:33.336 W/System.err( 1935): 	at android.os.Looper.loop(Looper.java:154)
08-31 15:18:33.336 W/System.err( 1935): 	at android.app.ActivityThread.main(ActivityThread.java:6190)
08-31 15:18:33.336 W/System.err( 1935): 	at java.lang.reflect.Method.invoke(Native Method)
08-31 15:18:33.336 W/System.err( 1935): 	at com.android.internal.os.ZygoteInit$MethodAndArgsCaller.run(ZygoteInit.java:892)
08-31 15:18:33.336 W/System.err( 1935): 	at com.android.internal.os.ZygoteInit.main(ZygoteInit.java:782)
08-31 15:18:33.337 I/ActivityManager( 1281): START u0 {cmp=com.oriondev.moneywallet/.ui.activity.NewEditEventActivity (has extras)} from uid 10064 on display 0
08-31 15:18:33.337 W/ActivityManager( 1281): Permission Denial: starting Intent { cmp=com.oriondev.moneywallet/.ui.activity.NewEditEventActivity (has extras) } from ProcessRecord{bda5613 1935:com.android.intentfuzzer/u0a64} (pid=1935, uid=10064) not exported from uid 10032
08-31 15:18:33.338 W/System.err( 1935): java.lang.Exception: Toast callstack! strTip=Send Intent Failed!
08-31 15:18:33.338 W/System.err( 1935): 	at android.widget.Toast.show(Toast.java:130)
08-31 15:18:33.338 W/System.err( 1935): 	at com.android.intentfuzzer.FuzzerActivity$4.onClick(FuzzerActivity.java:186)
08-31 15:18:33.338 W/System.err( 1935): 	at android.view.View.performClick(View.java:5637)
08-31 15:18:33.338 W/System.err( 1935): 	at android.view.View$PerformClick.run(View.java:22429)
08-31 15:18:33.339 W/System.err( 1935): 	at android.os.Handler.handleCallback(Handler.java:751)
08-31 15:18:33.339 W/System.err( 1935): 	at android.os.Handler.dispatchMessage(Handler.java:95)
08-31 15:18:33.339 W/System.err( 1935): 	at android.os.Looper.loop(Looper.java:154)
08-31 15:18:33.339 W/System.err( 1935): 	at android.app.ActivityThread.main(ActivityThread.java:6190)
08-31 15:18:33.339 W/System.err( 1935): 	at java.lang.reflect.Method.invoke(Native Method)
08-31 15:18:33.339 W/System.err( 1935): 	at com.android.internal.os.ZygoteInit$MethodAndArgsCaller.run(ZygoteInit.java:892)
08-31 15:18:33.339 W/System.err( 1935): 	at com.android.internal.os.ZygoteInit.main(ZygoteInit.java:782)
08-31 15:18:33.340 I/ActivityManager( 1281): START u0 {cmp=com.oriondev.moneywallet/.ui.activity.NewEditRecurrentTransactionActivity (has extras)} from uid 10064 on display 0
08-31 15:18:33.340 W/ActivityManager( 1281): Permission Denial: starting Intent { cmp=com.oriondev.moneywallet/.ui.activity.NewEditRecurrentTransactionActivity (has extras) } from ProcessRecord{bda5613 1935:com.android.intentfuzzer/u0a64} (pid=1935, uid=10064) not exported from uid 10032
08-31 15:18:33.342 W/System.err( 1935): java.lang.Exception: Toast callstack! strTip=Send Intent Failed!
08-31 15:18:33.343 W/System.err( 1935): 	at android.widget.Toast.show(Toast.java:130)
08-31 15:18:33.343 W/System.err( 1935): 	at com.android.intentfuzzer.FuzzerActivity$4.onClick(FuzzerActivity.java:186)
08-31 15:18:33.343 W/System.err( 1935): 	at android.view.View.performClick(View.java:5637)
08-31 15:18:33.343 W/System.err( 1935): 	at android.view.View$PerformClick.run(View.java:22429)
08-31 15:18:33.343 W/System.err( 1935): 	at android.os.Handler.handleCallback(Handler.java:751)
08-31 15:18:33.343 W/System.err( 1935): 	at android.os.Handler.dispatchMessage(Handler.java:95)
08-31 15:18:33.343 W/System.err( 1935): 	at android.os.Looper.loop(Looper.java:154)
08-31 15:18:33.343 W/System.err( 1935): 	at android.app.ActivityThread.main(ActivityThread.java:6190)
08-31 15:18:33.343 W/System.err( 1935): 	at java.lang.reflect.Method.invoke(Native Method)
08-31 15:18:33.343 W/System.err( 1935): 	at com.android.internal.os.ZygoteInit$MethodAndArgsCaller.run(ZygoteInit.java:892)
08-31 15:18:33.343 W/System.err( 1935): 	at com.android.internal.os.ZygoteInit.main(ZygoteInit.java:782)
08-31 15:18:33.344 I/ActivityManager( 1281): START u0 {cmp=com.oriondev.moneywallet/.ui.activity.NewEditRecurrentTransferActivity (has extras)} from uid 10064 on display 0
08-31 15:18:33.344 W/ActivityManager( 1281): Permission Denial: starting Intent { cmp=com.oriondev.moneywallet/.ui.activity.NewEditRecurrentTransferActivity (has extras) } from ProcessRecord{bda5613 1935:com.android.intentfuzzer/u0a64} (pid=1935, uid=10064) not exported from uid 10032
08-31 15:18:33.345 W/System.err( 1935): java.lang.Exception: Toast callstack! strTip=Send Intent Failed!
08-31 15:18:33.345 W/System.err( 1935): 	at android.widget.Toast.show(Toast.java:130)
08-31 15:18:33.345 W/System.err( 1935): 	at com.android.intentfuzzer.FuzzerActivity$4.onClick(FuzzerActivity.java:186)
08-31 15:18:33.345 W/System.err( 1935): 	at android.view.View.performClick(View.java:5637)
08-31 15:18:33.345 W/System.err( 1935): 	at android.view.View$PerformClick.run(View.java:22429)
08-31 15:18:33.346 W/System.err( 1935): 	at android.os.Handler.handleCallback(Handler.java:751)
08-31 15:18:33.346 W/System.err( 1935): 	at android.os.Handler.dispatchMessage(Handler.java:95)
08-31 15:18:33.346 W/System.err( 1935): 	at android.os.Looper.loop(Looper.java:154)
08-31 15:18:33.346 W/System.err( 1935): 	at android.app.ActivityThread.main(ActivityThread.java:6190)
08-31 15:18:33.346 W/System.err( 1935): 	at java.lang.reflect.Method.invoke(Native Method)
08-31 15:18:33.346 W/System.err( 1935): 	at com.android.internal.os.ZygoteInit$MethodAndArgsCaller.run(ZygoteInit.java:892)
08-31 15:18:33.346 W/System.err( 1935): 	at com.android.internal.os.ZygoteInit.main(ZygoteInit.java:782)
08-31 15:18:33.347 I/ActivityManager( 1281): START u0 {cmp=com.oriondev.moneywallet/.ui.activity.NewEditTransactionModelActivity (has extras)} from uid 10064 on display 0
08-31 15:18:33.347 W/ActivityManager( 1281): Permission Denial: starting Intent { cmp=com.oriondev.moneywallet/.ui.activity.NewEditTransactionModelActivity (has extras) } from ProcessRecord{bda5613 1935:com.android.intentfuzzer/u0a64} (pid=1935, uid=10064) not exported from uid 10032
08-31 15:18:33.348 W/System.err( 1935): java.lang.Exception: Toast callstack! strTip=Send Intent Failed!
08-31 15:18:33.348 W/System.err( 1935): 	at android.widget.Toast.show(Toast.java:130)
08-31 15:18:33.348 W/System.err( 1935): 	at com.android.intentfuzzer.FuzzerActivity$4.onClick(FuzzerActivity.java:186)
08-31 15:18:33.348 W/System.err( 1935): 	at android.view.View.performClick(View.java:5637)
08-31 15:18:33.348 W/System.err( 1935): 	at android.view.View$PerformClick.run(View.java:22429)
08-31 15:18:33.348 W/System.err( 1935): 	at android.os.Handler.handleCallback(Handler.java:751)
08-31 15:18:33.348 W/System.err( 1935): 	at android.os.Handler.dispatchMessage(Handler.java:95)
08-31 15:18:33.348 W/System.err( 1935): 	at android.os.Looper.loop(Looper.java:154)
08-31 15:18:33.348 W/System.err( 1935): 	at android.app.ActivityThread.main(ActivityThread.java:6190)
08-31 15:18:33.348 W/System.err( 1935): 	at java.lang.reflect.Method.invoke(Native Method)
08-31 15:18:33.348 W/System.err( 1935): 	at com.android.internal.os.ZygoteInit$MethodAndArgsCaller.run(ZygoteInit.java:892)
08-31 15:18:33.348 W/System.err( 1935): 	at com.android.internal.os.ZygoteInit.main(ZygoteInit.java:782)
08-31 15:18:33.350 I/ActivityManager( 1281): START u0 {cmp=com.oriondev.moneywallet/.ui.activity.NewEditTransferModelActivity (has extras)} from uid 10064 on display 0
08-31 15:18:33.350 W/ActivityManager( 1281): Permission Denial: starting Intent { cmp=com.oriondev.moneywallet/.ui.activity.NewEditTransferModelActivity (has extras) } from ProcessRecord{bda5613 1935:com.android.intentfuzzer/u0a64} (pid=1935, uid=10064) not exported from uid 10032
08-31 15:18:33.351 W/System.err( 1935): java.lang.Exception: Toast callstack! strTip=Send Intent Failed!
08-31 15:18:33.351 W/System.err( 1935): 	at android.widget.Toast.show(Toast.java:130)
08-31 15:18:33.352 W/System.err( 1935): 	at com.android.intentfuzzer.FuzzerActivity$4.onClick(FuzzerActivity.java:186)
08-31 15:18:33.352 W/System.err( 1935): 	at android.view.View.performClick(View.java:5637)
08-31 15:18:33.352 W/System.err( 1935): 	at android.view.View$PerformClick.run(View.java:22429)
08-31 15:18:33.352 W/System.err( 1935): 	at android.os.Handler.handleCallback(Handler.java:751)
08-31 15:18:33.352 W/System.err( 1935): 	at android.os.Handler.dispatchMessage(Handler.java:95)
08-31 15:18:33.352 W/System.err( 1935): 	at android.os.Looper.loop(Looper.java:154)
08-31 15:18:33.352 W/System.err( 1935): 	at android.app.ActivityThread.main(ActivityThread.java:6190)
08-31 15:18:33.352 W/System.err( 1935): 	at java.lang.reflect.Method.invoke(Native Method)
08-31 15:18:33.352 W/System.err( 1935): 	at com.android.internal.os.ZygoteInit$MethodAndArgsCaller.run(ZygoteInit.java:892)
08-31 15:18:33.352 W/System.err( 1935): 	at com.android.internal.os.ZygoteInit.main(ZygoteInit.java:782)
08-31 15:18:33.353 I/ActivityManager( 1281): START u0 {cmp=com.oriondev.moneywallet/.ui.activity.NewEditPlaceActivity (has extras)} from uid 10064 on display 0
08-31 15:18:33.353 W/ActivityManager( 1281): Permission Denial: starting Intent { cmp=com.oriondev.moneywallet/.ui.activity.NewEditPlaceActivity (has extras) } from ProcessRecord{bda5613 1935:com.android.intentfuzzer/u0a64} (pid=1935, uid=10064) not exported from uid 10032
08-31 15:18:33.355 W/System.err( 1935): java.lang.Exception: Toast callstack! strTip=Send Intent Failed!
08-31 15:18:33.355 W/System.err( 1935): 	at android.widget.Toast.show(Toast.java:130)
08-31 15:18:33.355 W/System.err( 1935): 	at com.android.intentfuzzer.FuzzerActivity$4.onClick(FuzzerActivity.java:186)
08-31 15:18:33.355 W/System.err( 1935): 	at android.view.View.performClick(View.java:5637)
08-31 15:18:33.355 W/System.err( 1935): 	at android.view.View$PerformClick.run(View.java:22429)
08-31 15:18:33.355 W/System.err( 1935): 	at android.os.Handler.handleCallback(Handler.java:751)
08-31 15:18:33.355 W/System.err( 1935): 	at android.os.Handler.dispatchMessage(Handler.java:95)
08-31 15:18:33.355 W/System.err( 1935): 	at android.os.Looper.loop(Looper.java:154)
08-31 15:18:33.355 W/System.err( 1935): 	at android.app.ActivityThread.main(ActivityThread.java:6190)
08-31 15:18:33.355 W/System.err( 1935): 	at java.lang.reflect.Method.invoke(Native Method)
08-31 15:18:33.355 W/System.err( 1935): 	at com.android.internal.os.ZygoteInit$MethodAndArgsCaller.run(ZygoteInit.java:892)
08-31 15:18:33.355 W/System.err( 1935): 	at com.android.internal.os.ZygoteInit.main(ZygoteInit.java:782)
08-31 15:18:33.357 I/ActivityManager( 1281): START u0 {cmp=com.oriondev.moneywallet/.ui.activity.NewEditPersonActivity (has extras)} from uid 10064 on display 0
08-31 15:18:33.357 W/ActivityManager( 1281): Permission Denial: starting Intent { cmp=com.oriondev.moneywallet/.ui.activity.NewEditPersonActivity (has extras) } from ProcessRecord{bda5613 1935:com.android.intentfuzzer/u0a64} (pid=1935, uid=10064) not exported from uid 10032
08-31 15:18:33.358 W/System.err( 1935): java.lang.Exception: Toast callstack! strTip=Send Intent Failed!
08-31 15:18:33.359 W/System.err( 1935): 	at android.widget.Toast.show(Toast.java:130)
08-31 15:18:33.359 W/System.err( 1935): 	at com.android.intentfuzzer.FuzzerActivity$4.onClick(FuzzerActivity.java:186)
08-31 15:18:33.359 W/System.err( 1935): 	at android.view.View.performClick(View.java:5637)
08-31 15:18:33.359 W/System.err( 1935): 	at android.view.View$PerformClick.run(View.java:22429)
08-31 15:18:33.359 W/System.err( 1935): 	at android.os.Handler.handleCallback(Handler.java:751)
08-31 15:18:33.359 W/System.err( 1935): 	at android.os.Handler.dispatchMessage(Handler.java:95)
08-31 15:18:33.359 W/System.err( 1935): 	at android.os.Looper.loop(Looper.java:154)
08-31 15:18:33.359 W/System.err( 1935): 	at android.app.ActivityThread.main(ActivityThread.java:6190)
08-31 15:18:33.359 W/System.err( 1935): 	at java.lang.reflect.Method.invoke(Native Method)
08-31 15:18:33.359 W/System.err( 1935): 	at com.android.internal.os.ZygoteInit$MethodAndArgsCaller.run(ZygoteInit.java:892)
08-31 15:18:33.359 W/System.err( 1935): 	at com.android.internal.os.ZygoteInit.main(ZygoteInit.java:782)
08-31 15:18:33.360 I/ActivityManager( 1281): START u0 {cmp=com.oriondev.moneywallet/.ui.activity.CurrencyListActivity (has extras)} from uid 10064 on display 0
08-31 15:18:33.360 W/ActivityManager( 1281): Permission Denial: starting Intent { cmp=com.oriondev.moneywallet/.ui.activity.CurrencyListActivity (has extras) } from ProcessRecord{bda5613 1935:com.android.intentfuzzer/u0a64} (pid=1935, uid=10064) not exported from uid 10032
08-31 15:18:33.361 W/System.err( 1935): java.lang.Exception: Toast callstack! strTip=Send Intent Failed!
08-31 15:18:33.362 W/System.err( 1935): 	at android.widget.Toast.show(Toast.java:130)
08-31 15:18:33.362 W/System.err( 1935): 	at com.android.intentfuzzer.FuzzerActivity$4.onClick(FuzzerActivity.java:186)
08-31 15:18:33.362 W/System.err( 1935): 	at android.view.View.performClick(View.java:5637)
08-31 15:18:33.362 W/System.err( 1935): 	at android.view.View$PerformClick.run(View.java:22429)
08-31 15:18:33.362 W/System.err( 1935): 	at android.os.Handler.handleCallback(Handler.java:751)
08-31 15:18:33.362 W/System.err( 1935): 	at android.os.Handler.dispatchMessage(Handler.java:95)
08-31 15:18:33.362 W/System.err( 1935): 	at android.os.Looper.loop(Looper.java:154)
08-31 15:18:33.362 W/System.err( 1935): 	at android.app.ActivityThread.main(ActivityThread.java:6190)
08-31 15:18:33.362 W/System.err( 1935): 	at java.lang.reflect.Method.invoke(Native Method)
08-31 15:18:33.362 W/System.err( 1935): 	at com.android.internal.os.ZygoteInit$MethodAndArgsCaller.run(ZygoteInit.java:892)
08-31 15:18:33.362 W/System.err( 1935): 	at com.android.internal.os.ZygoteInit.main(ZygoteInit.java:782)
08-31 15:18:33.363 I/ActivityManager( 1281): START u0 {cmp=com.oriondev.moneywallet/.ui.activity.CategoryPickerActivity (has extras)} from uid 10064 on display 0
08-31 15:18:33.364 W/ActivityManager( 1281): Permission Denial: starting Intent { cmp=com.oriondev.moneywallet/.ui.activity.CategoryPickerActivity (has extras) } from ProcessRecord{bda5613 1935:com.android.intentfuzzer/u0a64} (pid=1935, uid=10064) not exported from uid 10032
08-31 15:18:33.365 W/System.err( 1935): java.lang.Exception: Toast callstack! strTip=Send Intent Failed!
08-31 15:18:33.365 W/System.err( 1935): 	at android.widget.Toast.show(Toast.java:130)
08-31 15:18:33.365 W/System.err( 1935): 	at com.android.intentfuzzer.FuzzerActivity$4.onClick(FuzzerActivity.java:186)
08-31 15:18:33.365 W/System.err( 1935): 	at android.view.View.performClick(View.java:5637)
08-31 15:18:33.365 W/System.err( 1935): 	at android.view.View$PerformClick.run(View.java:22429)
08-31 15:18:33.365 W/System.err( 1935): 	at android.os.Handler.handleCallback(Handler.java:751)
08-31 15:18:33.365 W/System.err( 1935): 	at android.os.Handler.dispatchMessage(Handler.java:95)
08-31 15:18:33.365 W/System.err( 1935): 	at android.os.Looper.loop(Looper.java:154)
08-31 15:18:33.365 W/System.err( 1935): 	at android.app.ActivityThread.main(ActivityThread.java:6190)
08-31 15:18:33.365 W/System.err( 1935): 	at java.lang.reflect.Method.invoke(Native Method)
08-31 15:18:33.365 W/System.err( 1935): 	at com.android.internal.os.ZygoteInit$MethodAndArgsCaller.run(ZygoteInit.java:892)
08-31 15:18:33.365 W/System.err( 1935): 	at com.android.internal.os.ZygoteInit.main(ZygoteInit.java:782)
08-31 15:18:33.367 I/ActivityManager( 1281): START u0 {cmp=com.oriondev.moneywallet/.ui.activity.IconListActivity (has extras)} from uid 10064 on display 0
08-31 15:18:33.367 W/ActivityManager( 1281): Permission Denial: starting Intent { cmp=com.oriondev.moneywallet/.ui.activity.IconListActivity (has extras) } from ProcessRecord{bda5613 1935:com.android.intentfuzzer/u0a64} (pid=1935, uid=10064) not exported from uid 10032
08-31 15:18:33.369 W/System.err( 1935): java.lang.Exception: Toast callstack! strTip=Send Intent Failed!
08-31 15:18:33.369 W/System.err( 1935): 	at android.widget.Toast.show(Toast.java:130)
08-31 15:18:33.369 W/System.err( 1935): 	at com.android.intentfuzzer.FuzzerActivity$4.onClick(FuzzerActivity.java:186)
08-31 15:18:33.369 W/System.err( 1935): 	at android.view.View.performClick(View.java:5637)
08-31 15:18:33.369 W/System.err( 1935): 	at android.view.View$PerformClick.run(View.java:22429)
08-31 15:18:33.369 W/System.err( 1935): 	at android.os.Handler.handleCallback(Handler.java:751)
08-31 15:18:33.369 W/System.err( 1935): 	at android.os.Handler.dispatchMessage(Handler.java:95)
08-31 15:18:33.369 W/System.err( 1935): 	at android.os.Looper.loop(Looper.java:154)
08-31 15:18:33.369 W/System.err( 1935): 	at android.app.ActivityThread.main(ActivityThread.java:6190)
08-31 15:18:33.369 W/System.err( 1935): 	at java.lang.reflect.Method.invoke(Native Method)
08-31 15:18:33.369 W/System.err( 1935): 	at com.android.internal.os.ZygoteInit$MethodAndArgsCaller.run(ZygoteInit.java:892)
08-31 15:18:33.369 W/System.err( 1935): 	at com.android.internal.os.ZygoteInit.main(ZygoteInit.java:782)
08-31 15:18:33.371 I/ActivityManager( 1281): START u0 {cmp=com.oriondev.moneywallet/.ui.activity.CalculatorActivity (has extras)} from uid 10064 on display 0
08-31 15:18:33.371 W/ActivityManager( 1281): Permission Denial: starting Intent { cmp=com.oriondev.moneywallet/.ui.activity.CalculatorActivity (has extras) } from ProcessRecord{bda5613 1935:com.android.intentfuzzer/u0a64} (pid=1935, uid=10064) not exported from uid 10032
08-31 15:18:33.372 W/System.err( 1935): java.lang.Exception: Toast callstack! strTip=Send Intent Failed!
08-31 15:18:33.372 W/System.err( 1935): 	at android.widget.Toast.show(Toast.java:130)
08-31 15:18:33.372 W/System.err( 1935): 	at com.android.intentfuzzer.FuzzerActivity$4.onClick(FuzzerActivity.java:186)
08-31 15:18:33.372 W/System.err( 1935): 	at android.view.View.performClick(View.java:5637)
08-31 15:18:33.372 W/System.err( 1935): 	at android.view.View$PerformClick.run(View.java:22429)
08-31 15:18:33.372 W/System.err( 1935): 	at android.os.Handler.handleCallback(Handler.java:751)
08-31 15:18:33.372 W/System.err( 1935): 	at android.os.Handler.dispatchMessage(Handler.java:95)
08-31 15:18:33.372 W/System.err( 1935): 	at android.os.Looper.loop(Looper.java:154)
08-31 15:18:33.373 W/System.err( 1935): 	at android.app.ActivityThread.main(ActivityThread.java:6190)
08-31 15:18:33.373 W/System.err( 1935): 	at java.lang.reflect.Method.invoke(Native Method)
08-31 15:18:33.373 W/System.err( 1935): 	at com.android.internal.os.ZygoteInit$MethodAndArgsCaller.run(ZygoteInit.java:892)
08-31 15:18:33.373 W/System.err( 1935): 	at com.android.internal.os.ZygoteInit.main(ZygoteInit.java:782)
08-31 15:18:33.374 I/ActivityManager( 1281): START u0 {cmp=com.oriondev.moneywallet/.ui.activity.CurrencyConverterActivity (has extras)} from uid 10064 on display 0
08-31 15:18:33.374 W/ActivityManager( 1281): Permission Denial: starting Intent { cmp=com.oriondev.moneywallet/.ui.activity.CurrencyConverterActivity (has extras) } from ProcessRecord{bda5613 1935:com.android.intentfuzzer/u0a64} (pid=1935, uid=10064) not exported from uid 10032
08-31 15:18:33.375 W/System.err( 1935): java.lang.Exception: Toast callstack! strTip=Send Intent Failed!
08-31 15:18:33.375 W/System.err( 1935): 	at android.widget.Toast.show(Toast.java:130)
08-31 15:18:33.375 W/System.err( 1935): 	at com.android.intentfuzzer.FuzzerActivity$4.onClick(FuzzerActivity.java:186)
08-31 15:18:33.375 W/System.err( 1935): 	at android.view.View.performClick(View.java:5637)
08-31 15:18:33.375 W/System.err( 1935): 	at android.view.View$PerformClick.run(View.java:22429)
08-31 15:18:33.375 W/System.err( 1935): 	at android.os.Handler.handleCallback(Handler.java:751)
08-31 15:18:33.375 W/System.err( 1935): 	at android.os.Handler.dispatchMessage(Handler.java:95)
08-31 15:18:33.375 W/System.err( 1935): 	at android.os.Looper.loop(Looper.java:154)
08-31 15:18:33.375 W/System.err( 1935): 	at android.app.ActivityThread.main(ActivityThread.java:6190)
08-31 15:18:33.375 W/System.err( 1935): 	at java.lang.reflect.Method.invoke(Native Method)
08-31 15:18:33.375 W/System.err( 1935): 	at com.android.internal.os.ZygoteInit$MethodAndArgsCaller.run(ZygoteInit.java:892)
08-31 15:18:33.375 W/System.err( 1935): 	at com.android.internal.os.ZygoteInit.main(ZygoteInit.java:782)
08-31 15:18:33.377 I/ActivityManager( 1281): START u0 {cmp=com.oriondev.moneywallet/.ui.activity.AboutActivity (has extras)} from uid 10064 on display 0
08-31 15:18:33.377 W/ActivityManager( 1281): Permission Denial: starting Intent { cmp=com.oriondev.moneywallet/.ui.activity.AboutActivity (has extras) } from ProcessRecord{bda5613 1935:com.android.intentfuzzer/u0a64} (pid=1935, uid=10064) not exported from uid 10032
08-31 15:18:33.378 W/System.err( 1935): java.lang.Exception: Toast callstack! strTip=Send Intent Failed!
08-31 15:18:33.378 W/System.err( 1935): 	at android.widget.Toast.show(Toast.java:130)
08-31 15:18:33.378 W/System.err( 1935): 	at com.android.intentfuzzer.FuzzerActivity$4.onClick(FuzzerActivity.java:186)
08-31 15:18:33.379 W/System.err( 1935): 	at android.view.View.performClick(View.java:5637)
08-31 15:18:33.379 W/System.err( 1935): 	at android.view.View$PerformClick.run(View.java:22429)
08-31 15:18:33.379 W/System.err( 1935): 	at android.os.Handler.handleCallback(Handler.java:751)
08-31 15:18:33.379 W/System.err( 1935): 	at android.os.Handler.dispatchMessage(Handler.java:95)
08-31 15:18:33.379 W/System.err( 1935): 	at android.os.Looper.loop(Looper.java:154)
08-31 15:18:33.379 W/System.err( 1935): 	at android.app.ActivityThread.main(ActivityThread.java:6190)
08-31 15:18:33.379 W/System.err( 1935): 	at java.lang.reflect.Method.invoke(Native Method)
08-31 15:18:33.379 W/System.err( 1935): 	at com.android.internal.os.ZygoteInit$MethodAndArgsCaller.run(ZygoteInit.java:892)
08-31 15:18:33.379 W/System.err( 1935): 	at com.android.internal.os.ZygoteInit.main(ZygoteInit.java:782)
08-31 15:18:33.380 I/ActivityManager( 1281): START u0 {cmp=com.oriondev.moneywallet/.ui.activity.SearchActivity (has extras)} from uid 10064 on display 0
08-31 15:18:33.380 W/ActivityManager( 1281): Permission Denial: starting Intent { cmp=com.oriondev.moneywallet/.ui.activity.SearchActivity (has extras) } from ProcessRecord{bda5613 1935:com.android.intentfuzzer/u0a64} (pid=1935, uid=10064) not exported from uid 10032
08-31 15:18:33.381 W/System.err( 1935): java.lang.Exception: Toast callstack! strTip=Send Intent Failed!
08-31 15:18:33.381 W/System.err( 1935): 	at android.widget.Toast.show(Toast.java:130)
08-31 15:18:33.382 W/System.err( 1935): 	at com.android.intentfuzzer.FuzzerActivity$4.onClick(FuzzerActivity.java:186)
08-31 15:18:33.382 W/System.err( 1935): 	at android.view.View.performClick(View.java:5637)
08-31 15:18:33.382 W/System.err( 1935): 	at android.view.View$PerformClick.run(View.java:22429)
08-31 15:18:33.382 W/System.err( 1935): 	at android.os.Handler.handleCallback(Handler.java:751)
08-31 15:18:33.382 W/System.err( 1935): 	at android.os.Handler.dispatchMessage(Handler.java:95)
08-31 15:18:33.382 W/System.err( 1935): 	at android.os.Looper.loop(Looper.java:154)
08-31 15:18:33.382 W/System.err( 1935): 	at android.app.ActivityThread.main(ActivityThread.java:6190)
08-31 15:18:33.382 W/System.err( 1935): 	at java.lang.reflect.Method.invoke(Native Method)
08-31 15:18:33.382 W/System.err( 1935): 	at com.android.internal.os.ZygoteInit$MethodAndArgsCaller.run(ZygoteInit.java:892)
08-31 15:18:33.382 W/System.err( 1935): 	at com.android.internal.os.ZygoteInit.main(ZygoteInit.java:782)
08-31 15:18:33.383 I/ActivityManager( 1281): START u0 {cmp=com.oriondev.moneywallet/.ui.activity.CalendarActivity (has extras)} from uid 10064 on display 0
08-31 15:18:33.383 W/ActivityManager( 1281): Permission Denial: starting Intent { cmp=com.oriondev.moneywallet/.ui.activity.CalendarActivity (has extras) } from ProcessRecord{bda5613 1935:com.android.intentfuzzer/u0a64} (pid=1935, uid=10064) not exported from uid 10032
08-31 15:18:33.385 W/System.err( 1935): java.lang.Exception: Toast callstack! strTip=Send Intent Failed!
08-31 15:18:33.385 W/System.err( 1935): 	at android.widget.Toast.show(Toast.java:130)
08-31 15:18:33.385 W/System.err( 1935): 	at com.android.intentfuzzer.FuzzerActivity$4.onClick(FuzzerActivity.java:186)
08-31 15:18:33.385 W/System.err( 1935): 	at android.view.View.performClick(View.java:5637)
08-31 15:18:33.385 W/System.err( 1935): 	at android.view.View$PerformClick.run(View.java:22429)
08-31 15:18:33.385 W/System.err( 1935): 	at android.os.Handler.handleCallback(Handler.java:751)
08-31 15:18:33.385 W/System.err( 1935): 	at android.os.Handler.dispatchMessage(Handler.java:95)
08-31 15:18:33.385 W/System.err( 1935): 	at android.os.Looper.loop(Looper.java:154)
08-31 15:18:33.385 W/System.err( 1935): 	at android.app.ActivityThread.main(ActivityThread.java:6190)
08-31 15:18:33.385 W/System.err( 1935): 	at java.lang.reflect.Method.invoke(Native Method)
08-31 15:18:33.385 W/System.err( 1935): 	at com.android.internal.os.ZygoteInit$MethodAndArgsCaller.run(ZygoteInit.java:892)
08-31 15:18:33.385 W/System.err( 1935): 	at com.android.internal.os.ZygoteInit.main(ZygoteInit.java:782)
08-31 15:18:33.386 I/ActivityManager( 1281): START u0 {cmp=com.oriondev.moneywallet/.ui.activity.MapActivity (has extras)} from uid 10064 on display 0
08-31 15:18:33.386 W/ActivityManager( 1281): Permission Denial: starting Intent { cmp=com.oriondev.moneywallet/.ui.activity.MapActivity (has extras) } from ProcessRecord{bda5613 1935:com.android.intentfuzzer/u0a64} (pid=1935, uid=10064) not exported from uid 10032
08-31 15:18:33.387 W/System.err( 1935): java.lang.Exception: Toast callstack! strTip=Send Intent Failed!
08-31 15:18:33.387 W/System.err( 1935): 	at android.widget.Toast.show(Toast.java:130)
08-31 15:18:33.387 W/System.err( 1935): 	at com.android.intentfuzzer.FuzzerActivity$4.onClick(FuzzerActivity.java:186)
08-31 15:18:33.387 W/System.err( 1935): 	at android.view.View.performClick(View.java:5637)
08-31 15:18:33.387 W/System.err( 1935): 	at android.view.View$PerformClick.run(View.java:22429)
08-31 15:18:33.387 W/System.err( 1935): 	at android.os.Handler.handleCallback(Handler.java:751)
08-31 15:18:33.387 W/System.err( 1935): 	at android.os.Handler.dispatchMessage(Handler.java:95)
08-31 15:18:33.387 W/System.err( 1935): 	at android.os.Looper.loop(Looper.java:154)
08-31 15:18:33.387 W/System.err( 1935): 	at android.app.ActivityThread.main(ActivityThread.java:6190)
08-31 15:18:33.387 W/System.err( 1935): 	at java.lang.reflect.Method.invoke(Native Method)
08-31 15:18:33.388 W/System.err( 1935): 	at com.android.internal.os.ZygoteInit$MethodAndArgsCaller.run(ZygoteInit.java:892)
08-31 15:18:33.388 W/System.err( 1935): 	at com.android.internal.os.ZygoteInit.main(ZygoteInit.java:782)
08-31 15:18:33.388 I/ActivityManager( 1281): START u0 {cmp=com.oriondev.moneywallet/.ui.activity.PeriodDetailActivity (has extras)} from uid 10064 on display 0
08-31 15:18:33.388 W/ActivityManager( 1281): Permission Denial: starting Intent { cmp=com.oriondev.moneywallet/.ui.activity.PeriodDetailActivity (has extras) } from ProcessRecord{bda5613 1935:com.android.intentfuzzer/u0a64} (pid=1935, uid=10064) not exported from uid 10032
08-31 15:18:33.390 W/System.err( 1935): java.lang.Exception: Toast callstack! strTip=Send Intent Failed!
08-31 15:18:33.390 W/System.err( 1935): 	at android.widget.Toast.show(Toast.java:130)
08-31 15:18:33.390 W/System.err( 1935): 	at com.android.intentfuzzer.FuzzerActivity$4.onClick(FuzzerActivity.java:186)
08-31 15:18:33.390 W/System.err( 1935): 	at android.view.View.performClick(View.java:5637)
08-31 15:18:33.390 W/System.err( 1935): 	at android.view.View$PerformClick.run(View.java:22429)
08-31 15:18:33.390 W/System.err( 1935): 	at android.os.Handler.handleCallback(Handler.java:751)
08-31 15:18:33.390 W/System.err( 1935): 	at android.os.Handler.dispatchMessage(Handler.java:95)
08-31 15:18:33.390 W/System.err( 1935): 	at android.os.Looper.loop(Looper.java:154)
08-31 15:18:33.390 W/System.err( 1935): 	at android.app.ActivityThread.main(ActivityThread.java:6190)
08-31 15:18:33.390 W/System.err( 1935): 	at java.lang.reflect.Method.invoke(Native Method)
08-31 15:18:33.390 W/System.err( 1935): 	at com.android.internal.os.ZygoteInit$MethodAndArgsCaller.run(ZygoteInit.java:892)
08-31 15:18:33.390 W/System.err( 1935): 	at com.android.internal.os.ZygoteInit.main(ZygoteInit.java:782)
08-31 15:18:33.391 I/ActivityManager( 1281): START u0 {cmp=com.oriondev.moneywallet/.ui.activity.TransactionListActivity (has extras)} from uid 10064 on display 0
08-31 15:18:33.391 W/ActivityManager( 1281): Permission Denial: starting Intent { cmp=com.oriondev.moneywallet/.ui.activity.TransactionListActivity (has extras) } from ProcessRecord{bda5613 1935:com.android.intentfuzzer/u0a64} (pid=1935, uid=10064) not exported from uid 10032
08-31 15:18:33.392 W/System.err( 1935): java.lang.Exception: Toast callstack! strTip=Send Intent Failed!
08-31 15:18:33.392 W/System.err( 1935): 	at android.widget.Toast.show(Toast.java:130)
08-31 15:18:33.392 W/System.err( 1935): 	at com.android.intentfuzzer.FuzzerActivity$4.onClick(FuzzerActivity.java:186)
08-31 15:18:33.392 W/System.err( 1935): 	at android.view.View.performClick(View.java:5637)
08-31 15:18:33.392 W/System.err( 1935): 	at android.view.View$PerformClick.run(View.java:22429)
08-31 15:18:33.392 W/System.err( 1935): 	at android.os.Handler.handleCallback(Handler.java:751)
08-31 15:18:33.392 W/System.err( 1935): 	at android.os.Handler.dispatchMessage(Handler.java:95)
08-31 15:18:33.392 W/System.err( 1935): 	at android.os.Looper.loop(Looper.java:154)
08-31 15:18:33.392 W/System.err( 1935): 	at android.app.ActivityThread.main(ActivityThread.java:6190)
08-31 15:18:33.392 W/System.err( 1935): 	at java.lang.reflect.Method.invoke(Native Method)
08-31 15:18:33.392 W/System.err( 1935): 	at com.android.internal.os.ZygoteInit$MethodAndArgsCaller.run(ZygoteInit.java:892)
08-31 15:18:33.392 W/System.err( 1935): 	at com.android.internal.os.ZygoteInit.main(ZygoteInit.java:782)
08-31 15:18:33.394 I/ActivityManager( 1281): START u0 {cmp=com.oriondev.moneywallet/.ui.activity.LockActivity (has extras)} from uid 10064 on display 0
08-31 15:18:33.394 W/ActivityManager( 1281): Permission Denial: starting Intent { cmp=com.oriondev.moneywallet/.ui.activity.LockActivity (has extras) } from ProcessRecord{bda5613 1935:com.android.intentfuzzer/u0a64} (pid=1935, uid=10064) not exported from uid 10032
08-31 15:18:33.395 W/System.err( 1935): java.lang.Exception: Toast callstack! strTip=Send Intent Failed!
08-31 15:18:33.395 W/System.err( 1935): 	at android.widget.Toast.show(Toast.java:130)
08-31 15:18:33.395 W/System.err( 1935): 	at com.android.intentfuzzer.FuzzerActivity$4.onClick(FuzzerActivity.java:186)
08-31 15:18:33.395 W/System.err( 1935): 	at android.view.View.performClick(View.java:5637)
08-31 15:18:33.395 W/System.err( 1935): 	at android.view.View$PerformClick.run(View.java:22429)
08-31 15:18:33.395 W/System.err( 1935): 	at android.os.Handler.handleCallback(Handler.java:751)
08-31 15:18:33.395 W/System.err( 1935): 	at android.os.Handler.dispatchMessage(Handler.java:95)
08-31 15:18:33.395 W/System.err( 1935): 	at android.os.Looper.loop(Looper.java:154)
08-31 15:18:33.395 W/System.err( 1935): 	at android.app.ActivityThread.main(ActivityThread.java:6190)
08-31 15:18:33.395 W/System.err( 1935): 	at java.lang.reflect.Method.invoke(Native Method)
08-31 15:18:33.395 W/System.err( 1935): 	at com.android.internal.os.ZygoteInit$MethodAndArgsCaller.run(ZygoteInit.java:892)
08-31 15:18:33.395 W/System.err( 1935): 	at com.android.internal.os.ZygoteInit.main(ZygoteInit.java:782)
08-31 15:18:33.420 W/ContextImpl( 1676): Calling a method in the system process without a qualified user: android.app.ContextImpl.startService:1358 android.content.ContextWrapper.startService:613 android.content.ContextWrapper.startService:613 com.android.coreservice.CoreBroadcastReceiver.onReceive:53 android.app.ActivityThread.handleReceiver:3073 
08-31 15:18:33.455 E/EGL_adreno( 1935): tid 1952: eglSurfaceAttrib(1338): error 0x3009 (EGL_BAD_MATCH)
08-31 15:18:33.455 W/OpenGLRenderer( 1935): Failed to set EGL_SWAP_BEHAVIOR on surface 0x7fffeb41b280, error=EGL_BAD_MATCH
08-31 15:18:33.459 D/EGL_adreno( 1935): eglMakeCurrent: 0x7fffeb454c20: ver 3 1 (tinfo 0x7fffeb40d8a0)
08-31 15:18:33.560 E/EGL_adreno( 2370): tid 2388: eglSurfaceAttrib(1338): error 0x3009 (EGL_BAD_MATCH)
08-31 15:18:33.560 W/OpenGLRenderer( 2370): Failed to set EGL_SWAP_BEHAVIOR on surface 0x7fffeb459b80, error=EGL_BAD_MATCH
08-31 15:18:33.562 D/EGL_adreno( 2370): eglMakeCurrent: 0x7fffeb44f320: ver 3 1 (tinfo 0x7fffeb40d300)
08-31 15:18:33.647 W/ContextImpl( 1676): Calling a method in the system process without a qualified user: android.app.ContextImpl.startService:1358 android.content.ContextWrapper.startService:613 android.content.ContextWrapper.startService:613 com.android.coreservice.CoreBroadcastReceiver.onReceive:69 android.app.ActivityThread.handleReceiver:3073 
08-31 15:18:33.651 W/ContextImpl( 1676): Calling a method in the system process without a qualified user: android.app.ContextImpl.startService:1358 android.content.ContextWrapper.startService:613 android.content.ContextWrapper.startService:613 com.android.coreservice.CoreBroadcastReceiver.onReceive:69 android.app.ActivityThread.handleReceiver:3073 
08-31 15:18:33.658 I/ActivityManager( 1281): Displayed com.oriondev.moneywallet/.ui.activity.LauncherActivity: +259ms
08-31 15:18:36.399 D/audio_hw_hal( 1087): log_func, out_standby
08-31 15:18:36.399 D/audio_hw_hal( 1087): raw_close_output_stream, dev=0xf6e480c0, stream =0xf6e43140
08-31 15:18:36.399 D/audio_hw_hal( 1087): raw_close_output_stream, stream=0xf6e43140,  success!
08-31 15:18:36.806 W/WindowManager( 1281): Attempted to remove non-existing token: android.os.Binder@578e361
08-31 15:18:36.808 D/EGL_adreno( 1935): eglMakeCurrent: 0x7fffeb454c20: ver 3 1 (tinfo 0x7fffeb40d8a0)
08-31 15:18:36.886 E/EGL_adreno( 1935): tid 1952: eglSurfaceAttrib(1338): error 0x3009 (EGL_BAD_MATCH)
08-31 15:18:36.886 W/OpenGLRenderer( 1935): Failed to set EGL_SWAP_BEHAVIOR on surface 0x7fffeb41b280, error=EGL_BAD_MATCH
08-31 15:18:36.888 D/EGL_adreno( 1935): eglMakeCurrent: 0x7fffeb454c20: ver 3 1 (tinfo 0x7fffeb40d8a0)
08-31 15:18:40.311 W/WindowManager( 1281): Attempted to remove non-existing token: android.os.Binder@e7f549d
08-31 15:18:40.314 D/EGL_adreno( 1935): eglMakeCurrent: 0x7fffeb454c20: ver 3 1 (tinfo 0x7fffeb40d8a0)
08-31 15:18:40.369 E/EGL_adreno( 1935): tid 1952: eglSurfaceAttrib(1338): error 0x3009 (EGL_BAD_MATCH)
08-31 15:18:40.369 W/OpenGLRenderer( 1935): Failed to set EGL_SWAP_BEHAVIOR on surface 0x7fffeb41b280, error=EGL_BAD_MATCH
08-31 15:18:40.371 D/EGL_adreno( 1935): eglMakeCurrent: 0x7fffeb454c20: ver 3 1 (tinfo 0x7fffeb40d8a0)
08-31 15:18:43.819 W/WindowManager( 1281): Attempted to remove non-existing token: android.os.Binder@66d0d12
08-31 15:18:43.822 D/EGL_adreno( 1935): eglMakeCurrent: 0x7fffeb454c20: ver 3 1 (tinfo 0x7fffeb40d8a0)
08-31 15:18:43.870 E/EGL_adreno( 1935): tid 1952: eglSurfaceAttrib(1338): error 0x3009 (EGL_BAD_MATCH)
08-31 15:18:43.870 W/OpenGLRenderer( 1935): Failed to set EGL_SWAP_BEHAVIOR on surface 0x7fffeb41b280, error=EGL_BAD_MATCH
08-31 15:18:43.872 D/EGL_adreno( 1935): eglMakeCurrent: 0x7fffeb454c20: ver 3 1 (tinfo 0x7fffeb40d8a0)
08-31 15:18:47.324 W/WindowManager( 1281): Attempted to remove non-existing token: android.os.Binder@4563ce3
08-31 15:18:47.326 D/EGL_adreno( 1935): eglMakeCurrent: 0x7fffeb454c20: ver 3 1 (tinfo 0x7fffeb40d8a0)
08-31 15:18:47.385 E/EGL_adreno( 1935): tid 1952: eglSurfaceAttrib(1338): error 0x3009 (EGL_BAD_MATCH)
08-31 15:18:47.385 W/OpenGLRenderer( 1935): Failed to set EGL_SWAP_BEHAVIOR on surface 0x7fffeb41b280, error=EGL_BAD_MATCH
08-31 15:18:47.390 D/EGL_adreno( 1935): eglMakeCurrent: 0x7fffeb454c20: ver 3 1 (tinfo 0x7fffeb40d8a0)
08-31 15:18:50.831 W/WindowManager( 1281): Attempted to remove non-existing token: android.os.Binder@9d746e0
08-31 15:18:50.833 D/EGL_adreno( 1935): eglMakeCurrent: 0x7fffeb454c20: ver 3 1 (tinfo 0x7fffeb40d8a0)
08-31 15:18:50.903 E/EGL_adreno( 1935): tid 1952: eglSurfaceAttrib(1338): error 0x3009 (EGL_BAD_MATCH)
08-31 15:18:50.903 W/OpenGLRenderer( 1935): Failed to set EGL_SWAP_BEHAVIOR on surface 0x7fffeb41b280, error=EGL_BAD_MATCH
08-31 15:18:50.905 D/EGL_adreno( 1935): eglMakeCurrent: 0x7fffeb454c20: ver 3 1 (tinfo 0x7fffeb40d8a0)
08-31 15:18:54.334 W/WindowManager( 1281): Attempted to remove non-existing token: android.os.Binder@9819d99
08-31 15:18:54.338 D/EGL_adreno( 1935): eglMakeCurrent: 0x7fffeb454c20: ver 3 1 (tinfo 0x7fffeb40d8a0)
08-31 15:18:54.411 E/EGL_adreno( 1935): tid 1952: eglSurfaceAttrib(1338): error 0x3009 (EGL_BAD_MATCH)
08-31 15:18:54.411 W/OpenGLRenderer( 1935): Failed to set EGL_SWAP_BEHAVIOR on surface 0x7fffeb41b280, error=EGL_BAD_MATCH
08-31 15:18:54.413 D/EGL_adreno( 1935): eglMakeCurrent: 0x7fffeb454c20: ver 3 1 (tinfo 0x7fffeb40d8a0)
08-31 15:18:57.836 W/WindowManager( 1281): Attempted to remove non-existing token: android.os.Binder@78ae85e
08-31 15:18:57.839 D/EGL_adreno( 1935): eglMakeCurrent: 0x7fffeb454c20: ver 3 1 (tinfo 0x7fffeb40d8a0)
08-31 15:18:57.886 E/EGL_adreno( 1935): tid 1952: eglSurfaceAttrib(1338): error 0x3009 (EGL_BAD_MATCH)
08-31 15:18:57.886 W/OpenGLRenderer( 1935): Failed to set EGL_SWAP_BEHAVIOR on surface 0x7fffeb41b280, error=EGL_BAD_MATCH
08-31 15:18:57.890 D/EGL_adreno( 1935): eglMakeCurrent: 0x7fffeb454c20: ver 3 1 (tinfo 0x7fffeb40d8a0)
08-31 15:19:01.338 W/WindowManager( 1281): Attempted to remove non-existing token: android.os.Binder@fa5c43f
08-31 15:19:01.341 D/EGL_adreno( 1935): eglMakeCurrent: 0x7fffeb454c20: ver 3 1 (tinfo 0x7fffeb40d8a0)
08-31 15:19:01.414 E/EGL_adreno( 1935): tid 1952: eglSurfaceAttrib(1338): error 0x3009 (EGL_BAD_MATCH)
08-31 15:19:01.414 W/OpenGLRenderer( 1935): Failed to set EGL_SWAP_BEHAVIOR on surface 0x7fffeb41b280, error=EGL_BAD_MATCH
08-31 15:19:01.416 D/EGL_adreno( 1935): eglMakeCurrent: 0x7fffeb454c20: ver 3 1 (tinfo 0x7fffeb40d8a0)
08-31 15:19:04.851 W/WindowManager( 1281): Attempted to remove non-existing token: android.os.Binder@319f10c
08-31 15:19:04.853 D/EGL_adreno( 1935): eglMakeCurrent: 0x7fffeb454c20: ver 3 1 (tinfo 0x7fffeb40d8a0)
08-31 15:19:04.902 E/EGL_adreno( 1935): tid 1952: eglSurfaceAttrib(1338): error 0x3009 (EGL_BAD_MATCH)
08-31 15:19:04.902 W/OpenGLRenderer( 1935): Failed to set EGL_SWAP_BEHAVIOR on surface 0x7fffeb41b280, error=EGL_BAD_MATCH
08-31 15:19:04.904 D/EGL_adreno( 1935): eglMakeCurrent: 0x7fffeb454c20: ver 3 1 (tinfo 0x7fffeb40d8a0)
08-31 15:19:08.356 W/WindowManager( 1281): Attempted to remove non-existing token: android.os.Binder@4c57a55
08-31 15:19:08.360 D/EGL_adreno( 1935): eglMakeCurrent: 0x7fffeb454c20: ver 3 1 (tinfo 0x7fffeb40d8a0)
08-31 15:19:08.462 E/EGL_adreno( 1935): tid 1952: eglSurfaceAttrib(1338): error 0x3009 (EGL_BAD_MATCH)
08-31 15:19:08.463 W/OpenGLRenderer( 1935): Failed to set EGL_SWAP_BEHAVIOR on surface 0x7fffeb41b280, error=EGL_BAD_MATCH
08-31 15:19:08.465 D/EGL_adreno( 1935): eglMakeCurrent: 0x7fffeb454c20: ver 3 1 (tinfo 0x7fffeb40d8a0)
08-31 15:19:11.861 W/WindowManager( 1281): Attempted to remove non-existing token: android.os.Binder@6192c6a
08-31 15:19:11.864 D/EGL_adreno( 1935): eglMakeCurrent: 0x7fffeb454c20: ver 3 1 (tinfo 0x7fffeb40d8a0)
08-31 15:19:11.925 E/EGL_adreno( 1935): tid 1952: eglSurfaceAttrib(1338): error 0x3009 (EGL_BAD_MATCH)
08-31 15:19:11.925 W/OpenGLRenderer( 1935): Failed to set EGL_SWAP_BEHAVIOR on surface 0x7fffeb41b280, error=EGL_BAD_MATCH
08-31 15:19:11.927 D/EGL_adreno( 1935): eglMakeCurrent: 0x7fffeb454c20: ver 3 1 (tinfo 0x7fffeb40d8a0)
08-31 15:19:15.366 W/WindowManager( 1281): Attempted to remove non-existing token: android.os.Binder@83c655b
08-31 15:19:15.386 D/EGL_adreno( 1935): eglMakeCurrent: 0x7fffeb454c20: ver 3 1 (tinfo 0x7fffeb40d8a0)
08-31 15:19:15.484 E/EGL_adreno( 1935): tid 1952: eglSurfaceAttrib(1338): error 0x3009 (EGL_BAD_MATCH)
08-31 15:19:15.484 W/OpenGLRenderer( 1935): Failed to set EGL_SWAP_BEHAVIOR on surface 0x7fffeb5c9900, error=EGL_BAD_MATCH
08-31 15:19:15.491 D/EGL_adreno( 1935): eglMakeCurrent: 0x7fffeb454c20: ver 3 1 (tinfo 0x7fffeb40d8a0)
08-31 15:19:18.885 W/WindowManager( 1281): Attempted to remove non-existing token: android.os.Binder@7fb11f8
08-31 15:19:18.898 D/EGL_adreno( 1935): eglMakeCurrent: 0x7fffeb454c20: ver 3 1 (tinfo 0x7fffeb40d8a0)
08-31 15:19:19.034 E/EGL_adreno( 1935): tid 1952: eglSurfaceAttrib(1338): error 0x3009 (EGL_BAD_MATCH)
08-31 15:19:19.034 W/OpenGLRenderer( 1935): Failed to set EGL_SWAP_BEHAVIOR on surface 0x7fffeb5c9900, error=EGL_BAD_MATCH
08-31 15:19:19.036 D/EGL_adreno( 1935): eglMakeCurrent: 0x7fffeb454c20: ver 3 1 (tinfo 0x7fffeb40d8a0)
08-31 15:19:22.395 W/WindowManager( 1281): Attempted to remove non-existing token: android.os.Binder@33066d1
08-31 15:19:22.401 D/EGL_adreno( 1935): eglMakeCurrent: 0x7fffeb454c20: ver 3 1 (tinfo 0x7fffeb40d8a0)
08-31 15:19:22.492 E/EGL_adreno( 1935): tid 1952: eglSurfaceAttrib(1338): error 0x3009 (EGL_BAD_MATCH)
08-31 15:19:22.492 W/OpenGLRenderer( 1935): Failed to set EGL_SWAP_BEHAVIOR on surface 0x7fffeb5c9900, error=EGL_BAD_MATCH
08-31 15:19:22.495 D/EGL_adreno( 1935): eglMakeCurrent: 0x7fffeb454c20: ver 3 1 (tinfo 0x7fffeb40d8a0)
08-31 15:19:25.565 D/WifiStateMachine( 1281): setScanResults mScanResults.size=1
08-31 15:19:25.906 W/WindowManager( 1281): Attempted to remove non-existing token: android.os.Binder@195a536
08-31 15:19:25.910 D/EGL_adreno( 1935): eglMakeCurrent: 0x7fffeb454c20: ver 3 1 (tinfo 0x7fffeb40d8a0)
08-31 15:19:25.985 E/EGL_adreno( 1935): tid 1952: eglSurfaceAttrib(1338): error 0x3009 (EGL_BAD_MATCH)
08-31 15:19:25.985 W/OpenGLRenderer( 1935): Failed to set EGL_SWAP_BEHAVIOR on surface 0x7fffeb5c9900, error=EGL_BAD_MATCH
08-31 15:19:25.991 D/EGL_adreno( 1935): eglMakeCurrent: 0x7fffeb454c20: ver 3 1 (tinfo 0x7fffeb40d8a0)
08-31 15:19:29.412 W/WindowManager( 1281): Attempted to remove non-existing token: android.os.Binder@2d1fc37
08-31 15:19:29.415 D/EGL_adreno( 1935): eglMakeCurrent: 0x7fffeb454c20: ver 3 1 (tinfo 0x7fffeb40d8a0)
08-31 15:19:29.472 E/EGL_adreno( 1935): tid 1952: eglSurfaceAttrib(1338): error 0x3009 (EGL_BAD_MATCH)
08-31 15:19:29.472 W/OpenGLRenderer( 1935): Failed to set EGL_SWAP_BEHAVIOR on surface 0x7fffeb5c9900, error=EGL_BAD_MATCH
08-31 15:19:29.475 D/EGL_adreno( 1935): eglMakeCurrent: 0x7fffeb454c20: ver 3 1 (tinfo 0x7fffeb40d8a0)
08-31 15:19:32.922 W/WindowManager( 1281): Attempted to remove non-existing token: android.os.Binder@7cb55a4
08-31 15:19:32.924 D/EGL_adreno( 1935): eglMakeCurrent: 0x7fffeb454c20: ver 3 1 (tinfo 0x7fffeb40d8a0)
08-31 15:19:32.988 E/EGL_adreno( 1935): tid 1952: eglSurfaceAttrib(1338): error 0x3009 (EGL_BAD_MATCH)
08-31 15:19:32.988 W/OpenGLRenderer( 1935): Failed to set EGL_SWAP_BEHAVIOR on surface 0x7fffeb5c9900, error=EGL_BAD_MATCH
08-31 15:19:33.009 D/EGL_adreno( 1935): eglMakeCurrent: 0x7fffeb454c20: ver 3 1 (tinfo 0x7fffeb40d8a0)
08-31 15:19:36.431 W/WindowManager( 1281): Attempted to remove non-existing token: android.os.Binder@6839f0d
08-31 15:19:36.434 D/EGL_adreno( 1935): eglMakeCurrent: 0x7fffeb454c20: ver 3 1 (tinfo 0x7fffeb40d8a0)
08-31 15:19:36.483 E/EGL_adreno( 1935): tid 1952: eglSurfaceAttrib(1338): error 0x3009 (EGL_BAD_MATCH)
08-31 15:19:36.483 W/OpenGLRenderer( 1935): Failed to set EGL_SWAP_BEHAVIOR on surface 0x7fffeb5c9900, error=EGL_BAD_MATCH
08-31 15:19:36.485 D/EGL_adreno( 1935): eglMakeCurrent: 0x7fffeb454c20: ver 3 1 (tinfo 0x7fffeb40d8a0)
08-31 15:19:39.936 W/WindowManager( 1281): Attempted to remove non-existing token: android.os.Binder@18edec2
08-31 15:19:39.938 D/EGL_adreno( 1935): eglMakeCurrent: 0x7fffeb454c20: ver 3 1 (tinfo 0x7fffeb40d8a0)
08-31 15:19:39.993 E/EGL_adreno( 1935): tid 1952: eglSurfaceAttrib(1338): error 0x3009 (EGL_BAD_MATCH)
08-31 15:19:39.993 W/OpenGLRenderer( 1935): Failed to set EGL_SWAP_BEHAVIOR on surface 0x7fffeb5c9900, error=EGL_BAD_MATCH
08-31 15:19:39.995 D/EGL_adreno( 1935): eglMakeCurrent: 0x7fffeb454c20: ver 3 1 (tinfo 0x7fffeb40d8a0)
08-31 15:19:43.442 W/WindowManager( 1281): Attempted to remove non-existing token: android.os.Binder@dc024d3
08-31 15:19:43.444 D/EGL_adreno( 1935): eglMakeCurrent: 0x7fffeb454c20: ver 3 1 (tinfo 0x7fffeb40d8a0)
08-31 15:19:43.506 E/EGL_adreno( 1935): tid 1952: eglSurfaceAttrib(1338): error 0x3009 (EGL_BAD_MATCH)
08-31 15:19:43.506 W/OpenGLRenderer( 1935): Failed to set EGL_SWAP_BEHAVIOR on surface 0x7fffeb5c9900, error=EGL_BAD_MATCH
08-31 15:19:43.508 D/EGL_adreno( 1935): eglMakeCurrent: 0x7fffeb454c20: ver 3 1 (tinfo 0x7fffeb40d8a0)
08-31 15:19:46.946 W/WindowManager( 1281): Attempted to remove non-existing token: android.os.Binder@43a2810
08-31 15:19:46.949 D/EGL_adreno( 1935): eglMakeCurrent: 0x7fffeb454c20: ver 3 1 (tinfo 0x7fffeb40d8a0)
08-31 15:19:47.009 E/EGL_adreno( 1935): tid 1952: eglSurfaceAttrib(1338): error 0x3009 (EGL_BAD_MATCH)
08-31 15:19:47.009 W/OpenGLRenderer( 1935): Failed to set EGL_SWAP_BEHAVIOR on surface 0x7fffeb5c9900, error=EGL_BAD_MATCH
08-31 15:19:47.012 D/EGL_adreno( 1935): eglMakeCurrent: 0x7fffeb454c20: ver 3 1 (tinfo 0x7fffeb40d8a0)
08-31 15:19:50.452 W/WindowManager( 1281): Attempted to remove non-existing token: android.os.Binder@1581f09
08-31 15:19:50.455 D/EGL_adreno( 1935): eglMakeCurrent: 0x7fffeb454c20: ver 3 1 (tinfo 0x7fffeb40d8a0)
08-31 15:19:50.513 E/EGL_adreno( 1935): tid 1952: eglSurfaceAttrib(1338): error 0x3009 (EGL_BAD_MATCH)
08-31 15:19:50.513 W/OpenGLRenderer( 1935): Failed to set EGL_SWAP_BEHAVIOR on surface 0x7fffeb5c9900, error=EGL_BAD_MATCH
08-31 15:19:50.515 D/EGL_adreno( 1935): eglMakeCurrent: 0x7fffeb454c20: ver 3 1 (tinfo 0x7fffeb40d8a0)
08-31 15:19:53.960 W/WindowManager( 1281): Attempted to remove non-existing token: android.os.Binder@5f0250e
08-31 15:19:53.964 D/EGL_adreno( 1935): eglMakeCurrent: 0x7fffeb454c20: ver 3 1 (tinfo 0x7fffeb40d8a0)
08-31 15:19:54.031 E/EGL_adreno( 1935): tid 1952: eglSurfaceAttrib(1338): error 0x3009 (EGL_BAD_MATCH)
08-31 15:19:54.031 W/OpenGLRenderer( 1935): Failed to set EGL_SWAP_BEHAVIOR on surface 0x7fffeb5c9900, error=EGL_BAD_MATCH
08-31 15:19:54.033 D/EGL_adreno( 1935): eglMakeCurrent: 0x7fffeb454c20: ver 3 1 (tinfo 0x7fffeb40d8a0)
08-31 15:19:57.501 D/EGL_adreno( 1935): eglMakeCurrent: 0x7fffeb454c20: ver 3 1 (tinfo 0x7fffeb40d8a0)
08-31 15:19:57.502 W/WindowManager( 1281): Attempted to remove non-existing token: android.os.Binder@95e3b2f
08-31 15:19:57.554 E/EGL_adreno( 1935): tid 1952: eglSurfaceAttrib(1338): error 0x3009 (EGL_BAD_MATCH)
08-31 15:19:57.554 W/OpenGLRenderer( 1935): Failed to set EGL_SWAP_BEHAVIOR on surface 0x7fffeb5c9900, error=EGL_BAD_MATCH
08-31 15:19:57.557 D/EGL_adreno( 1935): eglMakeCurrent: 0x7fffeb454c20: ver 3 1 (tinfo 0x7fffeb40d8a0)
08-31 15:20:01.004 W/WindowManager( 1281): Attempted to remove non-existing token: android.os.Binder@881b53c
08-31 15:20:01.006 D/EGL_adreno( 1935): eglMakeCurrent: 0x7fffeb454c20: ver 3 1 (tinfo 0x7fffeb40d8a0)
08-31 15:20:01.052 E/EGL_adreno( 1935): tid 1952: eglSurfaceAttrib(1338): error 0x3009 (EGL_BAD_MATCH)
08-31 15:20:01.052 W/OpenGLRenderer( 1935): Failed to set EGL_SWAP_BEHAVIOR on surface 0x7fffeb5c9900, error=EGL_BAD_MATCH
08-31 15:20:01.055 D/EGL_adreno( 1935): eglMakeCurrent: 0x7fffeb454c20: ver 3 1 (tinfo 0x7fffeb40d8a0)
08-31 15:20:04.506 W/WindowManager( 1281): Attempted to remove non-existing token: android.os.Binder@cdaa2c5
08-31 15:20:04.508 D/EGL_adreno( 1935): eglMakeCurrent: 0x7fffeb454c20: ver 3 1 (tinfo 0x7fffeb40d8a0)
08-31 15:20:04.577 E/EGL_adreno( 1935): tid 1952: eglSurfaceAttrib(1338): error 0x3009 (EGL_BAD_MATCH)
08-31 15:20:04.577 W/OpenGLRenderer( 1935): Failed to set EGL_SWAP_BEHAVIOR on surface 0x7fffeb5c9900, error=EGL_BAD_MATCH
08-31 15:20:04.578 D/EGL_adreno( 1935): eglMakeCurrent: 0x7fffeb454c20: ver 3 1 (tinfo 0x7fffeb40d8a0)
08-31 15:20:08.020 W/WindowManager( 1281): Attempted to remove non-existing token: android.os.Binder@d841a
08-31 15:20:08.023 D/EGL_adreno( 1935): eglMakeCurrent: 0x7fffeb454c20: ver 3 1 (tinfo 0x7fffeb40d8a0)
08-31 15:20:08.077 E/EGL_adreno( 1935): tid 1952: eglSurfaceAttrib(1338): error 0x3009 (EGL_BAD_MATCH)
08-31 15:20:08.077 W/OpenGLRenderer( 1935): Failed to set EGL_SWAP_BEHAVIOR on surface 0x7fffeb5c9900, error=EGL_BAD_MATCH
08-31 15:20:08.080 D/EGL_adreno( 1935): eglMakeCurrent: 0x7fffeb454c20: ver 3 1 (tinfo 0x7fffeb40d8a0)
08-31 15:20:11.525 W/WindowManager( 1281): Attempted to remove non-existing token: android.os.Binder@a1d5b4b
08-31 15:20:11.528 D/EGL_adreno( 1935): eglMakeCurrent: 0x7fffeb454c20: ver 3 1 (tinfo 0x7fffeb40d8a0)
08-31 15:20:11.592 E/EGL_adreno( 1935): tid 1952: eglSurfaceAttrib(1338): error 0x3009 (EGL_BAD_MATCH)
08-31 15:20:11.592 W/OpenGLRenderer( 1935): Failed to set EGL_SWAP_BEHAVIOR on surface 0x7fffeb5c9900, error=EGL_BAD_MATCH
08-31 15:20:11.595 D/EGL_adreno( 1935): eglMakeCurrent: 0x7fffeb454c20: ver 3 1 (tinfo 0x7fffeb40d8a0)
08-31 15:20:15.028 W/WindowManager( 1281): Attempted to remove non-existing token: android.os.Binder@752e928
08-31 15:20:15.031 D/EGL_adreno( 1935): eglMakeCurrent: 0x7fffeb454c20: ver 3 1 (tinfo 0x7fffeb40d8a0)
08-31 15:20:15.086 E/EGL_adreno( 1935): tid 1952: eglSurfaceAttrib(1338): error 0x3009 (EGL_BAD_MATCH)
08-31 15:20:15.086 W/OpenGLRenderer( 1935): Failed to set EGL_SWAP_BEHAVIOR on surface 0x7fffeb5c9900, error=EGL_BAD_MATCH
08-31 15:20:15.090 D/EGL_adreno( 1935): eglMakeCurrent: 0x7fffeb454c20: ver 3 1 (tinfo 0x7fffeb40d8a0)
08-31 15:20:18.535 W/WindowManager( 1281): Attempted to remove non-existing token: android.os.Binder@e47a641
