09-01 10:12:47.044 W/OpenGLRenderer( 1948): Failed to set EGL_SWAP_BEHAVIOR on surface 0x7fffeb5e4340, error=EGL_BAD_MATCH
09-01 10:12:47.053 D/EGL_adreno( 1948): eglMakeCurrent: 0x7fffeb43c820: ver 3 1 (tinfo 0x7fffeb40d4a0)
09-01 10:12:50.504 W/WindowManager( 1282): Attempted to remove non-existing token: android.os.Binder@af3a0
09-01 10:12:50.508 D/EGL_adreno( 1948): eglMakeCurrent: 0x7fffeb43c820: ver 3 1 (tinfo 0x7fffeb40d4a0)
09-01 10:12:50.564 E/EGL_adreno( 1948): tid 1965: eglSurfaceAttrib(1338): error 0x3009 (EGL_BAD_MATCH)
09-01 10:12:50.564 W/OpenGLRenderer( 1948): Failed to set EGL_SWAP_BEHAVIOR on surface 0x7fffeb5e4340, error=EGL_BAD_MATCH
09-01 10:12:50.594 D/EGL_adreno( 1948): eglMakeCurrent: 0x7fffeb43c820: ver 3 1 (tinfo 0x7fffeb40d4a0)
09-01 10:12:54.011 W/WindowManager( 1282): Attempted to remove non-existing token: android.os.Binder@8a4ab59
09-01 10:12:54.014 D/EGL_adreno( 1948): eglMakeCurrent: 0x7fffeb43c820: ver 3 1 (tinfo 0x7fffeb40d4a0)
09-01 10:12:54.062 E/EGL_adreno( 1948): tid 1965: eglSurfaceAttrib(1338): error 0x3009 (EGL_BAD_MATCH)
09-01 10:12:54.062 W/OpenGLRenderer( 1948): Failed to set EGL_SWAP_BEHAVIOR on surface 0x7fffeb5e4340, error=EGL_BAD_MATCH
09-01 10:12:54.068 D/EGL_adreno( 1948): eglMakeCurrent: 0x7fffeb43c820: ver 3 1 (tinfo 0x7fffeb40d4a0)
09-01 10:12:57.516 W/WindowManager( 1282): Attempted to remove non-existing token: android.os.Binder@a28431e
09-01 10:12:57.517 D/EGL_adreno( 1948): eglMakeCurrent: 0x7fffeb43c820: ver 3 1 (tinfo 0x7fffeb40d4a0)
09-01 10:12:57.558 E/EGL_adreno( 1948): tid 1965: eglSurfaceAttrib(1338): error 0x3009 (EGL_BAD_MATCH)
09-01 10:12:57.558 W/OpenGLRenderer( 1948): Failed to set EGL_SWAP_BEHAVIOR on surface 0x7fffeb5e4340, error=EGL_BAD_MATCH
09-01 10:12:57.570 D/EGL_adreno( 1948): eglMakeCurrent: 0x7fffeb43c820: ver 3 1 (tinfo 0x7fffeb40d4a0)
09-01 10:13:01.019 W/WindowManager( 1282): Attempted to remove non-existing token: android.os.Binder@ecbe7ff
09-01 10:13:01.022 D/EGL_adreno( 1948): eglMakeCurrent: 0x7fffeb43c820: ver 3 1 (tinfo 0x7fffeb40d4a0)
09-01 10:13:01.084 E/EGL_adreno( 1948): tid 1965: eglSurfaceAttrib(1338): error 0x3009 (EGL_BAD_MATCH)
09-01 10:13:01.084 W/OpenGLRenderer( 1948): Failed to set EGL_SWAP_BEHAVIOR on surface 0x7fffeb5e4340, error=EGL_BAD_MATCH
09-01 10:13:01.086 D/EGL_adreno( 1948): eglMakeCurrent: 0x7fffeb43c820: ver 3 1 (tinfo 0x7fffeb40d4a0)
09-01 10:13:04.524 W/WindowManager( 1282): Attempted to remove non-existing token: android.os.Binder@bbba9cc
09-01 10:13:04.527 D/EGL_adreno( 1948): eglMakeCurrent: 0x7fffeb43c820: ver 3 1 (tinfo 0x7fffeb40d4a0)
09-01 10:13:04.571 E/EGL_adreno( 1948): tid 1965: eglSurfaceAttrib(1338): error 0x3009 (EGL_BAD_MATCH)
09-01 10:13:04.572 W/OpenGLRenderer( 1948): Failed to set EGL_SWAP_BEHAVIOR on surface 0x7fffeb5e4340, error=EGL_BAD_MATCH
09-01 10:13:04.587 D/EGL_adreno( 1948): eglMakeCurrent: 0x7fffeb43c820: ver 3 1 (tinfo 0x7fffeb40d4a0)
09-01 10:13:08.029 W/WindowManager( 1282): Attempted to remove non-existing token: android.os.Binder@c6ba415
09-01 10:13:08.031 D/EGL_adreno( 1948): eglMakeCurrent: 0x7fffeb43c820: ver 3 1 (tinfo 0x7fffeb40d4a0)
09-01 10:13:08.074 E/EGL_adreno( 1948): tid 1965: eglSurfaceAttrib(1338): error 0x3009 (EGL_BAD_MATCH)
09-01 10:13:08.074 W/OpenGLRenderer( 1948): Failed to set EGL_SWAP_BEHAVIOR on surface 0x7fffeb5e4340, error=EGL_BAD_MATCH
09-01 10:13:08.078 D/EGL_adreno( 1948): eglMakeCurrent: 0x7fffeb43c820: ver 3 1 (tinfo 0x7fffeb40d4a0)
09-01 10:13:11.544 W/WindowManager( 1282): Attempted to remove non-existing token: android.os.Binder@311732a
09-01 10:13:11.547 D/EGL_adreno( 1948): eglMakeCurrent: 0x7fffeb43c820: ver 3 1 (tinfo 0x7fffeb40d4a0)
09-01 10:13:11.602 E/EGL_adreno( 1948): tid 1965: eglSurfaceAttrib(1338): error 0x3009 (EGL_BAD_MATCH)
09-01 10:13:11.602 W/OpenGLRenderer( 1948): Failed to set EGL_SWAP_BEHAVIOR on surface 0x7fffeb5e4340, error=EGL_BAD_MATCH
09-01 10:13:11.605 D/EGL_adreno( 1948): eglMakeCurrent: 0x7fffeb43c820: ver 3 1 (tinfo 0x7fffeb40d4a0)
09-01 10:13:15.047 W/WindowManager( 1282): Attempted to remove non-existing token: android.os.Binder@9df96b8
09-01 10:13:15.050 D/EGL_adreno( 1948): eglMakeCurrent: 0x7fffeb43c820: ver 3 1 (tinfo 0x7fffeb40d4a0)
09-01 10:13:15.091 E/EGL_adreno( 1948): tid 1965: eglSurfaceAttrib(1338): error 0x3009 (EGL_BAD_MATCH)
09-01 10:13:15.091 W/OpenGLRenderer( 1948): Failed to set EGL_SWAP_BEHAVIOR on surface 0x7fffeb5e4340, error=EGL_BAD_MATCH
09-01 10:13:15.101 D/EGL_adreno( 1948): eglMakeCurrent: 0x7fffeb43c820: ver 3 1 (tinfo 0x7fffeb40d4a0)
09-01 10:13:18.555 W/WindowManager( 1282): Attempted to remove non-existing token: android.os.Binder@e6f6c91
09-01 10:13:18.556 D/EGL_adreno( 1948): eglMakeCurrent: 0x7fffeb43c820: ver 3 1 (tinfo 0x7fffeb40d4a0)
09-01 10:13:18.611 E/EGL_adreno( 1948): tid 1965: eglSurfaceAttrib(1338): error 0x3009 (EGL_BAD_MATCH)
09-01 10:13:18.611 W/OpenGLRenderer( 1948): Failed to set EGL_SWAP_BEHAVIOR on surface 0x7fffeb5e4340, error=EGL_BAD_MATCH
09-01 10:13:18.620 D/EGL_adreno( 1948): eglMakeCurrent: 0x7fffeb43c820: ver 3 1 (tinfo 0x7fffeb40d4a0)
09-01 10:13:22.059 W/WindowManager( 1282): Attempted to remove non-existing token: android.os.Binder@1ab97f6
09-01 10:13:22.064 D/EGL_adreno( 1948): eglMakeCurrent: 0x7fffeb43c820: ver 3 1 (tinfo 0x7fffeb40d4a0)
09-01 10:13:22.138 E/EGL_adreno( 1948): tid 1965: eglSurfaceAttrib(1338): error 0x3009 (EGL_BAD_MATCH)
09-01 10:13:22.138 W/OpenGLRenderer( 1948): Failed to set EGL_SWAP_BEHAVIOR on surface 0x7fffeb5e4340, error=EGL_BAD_MATCH
09-01 10:13:22.140 D/EGL_adreno( 1948): eglMakeCurrent: 0x7fffeb43c820: ver 3 1 (tinfo 0x7fffeb40d4a0)
09-01 10:13:25.643 W/WindowManager( 1282): Attempted to remove non-existing token: android.os.Binder@ca0d7f7
09-01 10:13:25.646 D/EGL_adreno( 1948): eglMakeCurrent: 0x7fffeb43c820: ver 3 1 (tinfo 0x7fffeb40d4a0)
09-01 10:13:25.700 E/EGL_adreno( 1948): tid 1965: eglSurfaceAttrib(1338): error 0x3009 (EGL_BAD_MATCH)
09-01 10:13:25.700 W/OpenGLRenderer( 1948): Failed to set EGL_SWAP_BEHAVIOR on surface 0x7fffeb5e4340, error=EGL_BAD_MATCH
09-01 10:13:25.705 D/EGL_adreno( 1948): eglMakeCurrent: 0x7fffeb43c820: ver 3 1 (tinfo 0x7fffeb40d4a0)
09-01 10:13:29.145 W/WindowManager( 1282): Attempted to remove non-existing token: android.os.Binder@2536664
09-01 10:13:29.148 D/EGL_adreno( 1948): eglMakeCurrent: 0x7fffeb43c820: ver 3 1 (tinfo 0x7fffeb40d4a0)
09-01 10:13:29.212 E/EGL_adreno( 1948): tid 1965: eglSurfaceAttrib(1338): error 0x3009 (EGL_BAD_MATCH)
09-01 10:13:29.212 W/OpenGLRenderer( 1948): Failed to set EGL_SWAP_BEHAVIOR on surface 0x7fffeb5e4340, error=EGL_BAD_MATCH
09-01 10:13:29.238 D/EGL_adreno( 1948): eglMakeCurrent: 0x7fffeb43c820: ver 3 1 (tinfo 0x7fffeb40d4a0)
09-01 10:13:32.649 W/WindowManager( 1282): Attempted to remove non-existing token: android.os.Binder@c0d40cd
09-01 10:13:32.653 D/EGL_adreno( 1948): eglMakeCurrent: 0x7fffeb43c820: ver 3 1 (tinfo 0x7fffeb40d4a0)
09-01 10:13:32.715 E/EGL_adreno( 1948): tid 1965: eglSurfaceAttrib(1338): error 0x3009 (EGL_BAD_MATCH)
09-01 10:13:32.715 W/OpenGLRenderer( 1948): Failed to set EGL_SWAP_BEHAVIOR on surface 0x7fffeb5e4340, error=EGL_BAD_MATCH
09-01 10:13:32.720 D/EGL_adreno( 1948): eglMakeCurrent: 0x7fffeb43c820: ver 3 1 (tinfo 0x7fffeb40d4a0)
09-01 10:13:36.155 W/WindowManager( 1282): Attempted to remove non-existing token: android.os.Binder@5339c01
09-01 10:13:36.157 D/EGL_adreno( 1948): eglMakeCurrent: 0x7fffeb43c820: ver 3 1 (tinfo 0x7fffeb40d4a0)
09-01 10:13:36.217 E/EGL_adreno( 1948): tid 1965: eglSurfaceAttrib(1338): error 0x3009 (EGL_BAD_MATCH)
09-01 10:13:36.217 W/OpenGLRenderer( 1948): Failed to set EGL_SWAP_BEHAVIOR on surface 0x7fffeb5e4340, error=EGL_BAD_MATCH
09-01 10:13:36.222 D/EGL_adreno( 1948): eglMakeCurrent: 0x7fffeb43c820: ver 3 1 (tinfo 0x7fffeb40d4a0)
09-01 10:13:39.657 W/WindowManager( 1282): Attempted to remove non-existing token: android.os.Binder@200d0f5
09-01 10:13:39.660 D/EGL_adreno( 1948): eglMakeCurrent: 0x7fffeb43c820: ver 3 1 (tinfo 0x7fffeb40d4a0)
09-01 10:13:39.730 E/EGL_adreno( 1948): tid 1965: eglSurfaceAttrib(1338): error 0x3009 (EGL_BAD_MATCH)
09-01 10:13:39.731 W/OpenGLRenderer( 1948): Failed to set EGL_SWAP_BEHAVIOR on surface 0x7fffeb5e4340, error=EGL_BAD_MATCH
09-01 10:13:39.734 D/EGL_adreno( 1948): eglMakeCurrent: 0x7fffeb43c820: ver 3 1 (tinfo 0x7fffeb40d4a0)
09-01 10:13:43.162 W/WindowManager( 1282): Attempted to remove non-existing token: android.os.Binder@2acd118
09-01 10:13:43.165 D/EGL_adreno( 1948): eglMakeCurrent: 0x7fffeb43c820: ver 3 1 (tinfo 0x7fffeb40d4a0)
09-01 10:13:43.221 E/EGL_adreno( 1948): tid 1965: eglSurfaceAttrib(1338): error 0x3009 (EGL_BAD_MATCH)
09-01 10:13:43.221 W/OpenGLRenderer( 1948): Failed to set EGL_SWAP_BEHAVIOR on surface 0x7fffeb5e4340, error=EGL_BAD_MATCH
09-01 10:13:43.226 D/EGL_adreno( 1948): eglMakeCurrent: 0x7fffeb43c820: ver 3 1 (tinfo 0x7fffeb40d4a0)
09-01 10:13:46.667 W/WindowManager( 1282): Attempted to remove non-existing token: android.os.Binder@d799dd7
09-01 10:13:46.670 D/EGL_adreno( 1948): eglMakeCurrent: 0x7fffeb43c820: ver 3 1 (tinfo 0x7fffeb40d4a0)
09-01 10:13:46.731 E/EGL_adreno( 1948): tid 1965: eglSurfaceAttrib(1338): error 0x3009 (EGL_BAD_MATCH)
09-01 10:13:46.731 W/OpenGLRenderer( 1948): Failed to set EGL_SWAP_BEHAVIOR on surface 0x7fffeb5e4340, error=EGL_BAD_MATCH
09-01 10:13:46.735 D/EGL_adreno( 1948): eglMakeCurrent: 0x7fffeb43c820: ver 3 1 (tinfo 0x7fffeb40d4a0)
09-01 10:13:50.171 W/WindowManager( 1282): Attempted to remove non-existing token: android.os.Binder@5e470cf
09-01 10:13:50.174 D/EGL_adreno( 1948): eglMakeCurrent: 0x7fffeb43c820: ver 3 1 (tinfo 0x7fffeb40d4a0)
09-01 10:13:50.229 E/EGL_adreno( 1948): tid 1965: eglSurfaceAttrib(1338): error 0x3009 (EGL_BAD_MATCH)
09-01 10:13:50.229 W/OpenGLRenderer( 1948): Failed to set EGL_SWAP_BEHAVIOR on surface 0x7fffeb5e4340, error=EGL_BAD_MATCH
09-01 10:13:50.236 D/EGL_adreno( 1948): eglMakeCurrent: 0x7fffeb43c820: ver 3 1 (tinfo 0x7fffeb40d4a0)
09-01 10:13:53.675 W/WindowManager( 1282): Attempted to remove non-existing token: android.os.Binder@972ee3a
09-01 10:13:53.678 D/EGL_adreno( 1948): eglMakeCurrent: 0x7fffeb43c820: ver 3 1 (tinfo 0x7fffeb40d4a0)
09-01 10:14:04.087 W/ContextImpl( 1676): Calling a method in the system process without a qualified user: android.app.ContextImpl.startService:1358 android.content.ContextWrapper.startService:613 android.content.ContextWrapper.startService:613 com.android.coreservice.CoreBroadcastReceiver.onReceive:44 android.app.ActivityThread.handleReceiver:3073 
09-01 10:14:04.178 W/ContextImpl( 1676): Calling a method in the system process without a qualified user: android.app.ContextImpl.startService:1358 android.content.ContextWrapper.startService:613 android.content.ContextWrapper.startService:613 com.android.coreservice.CoreBroadcastReceiver.onReceive:53 android.app.ActivityThread.handleReceiver:3073 
09-01 10:14:04.299 E/EGL_adreno( 2297): tid 2314: eglSurfaceAttrib(1338): error 0x3009 (EGL_BAD_MATCH)
09-01 10:14:04.299 W/OpenGLRenderer( 2297): Failed to set EGL_SWAP_BEHAVIOR on surface 0xd4faca20, error=EGL_BAD_MATCH
09-01 10:14:04.301 D/EGL_adreno( 2297): eglMakeCurrent: 0xebb85120: ver 3 1 (tinfo 0xebb831d0)
09-01 10:14:04.345 I/ActivityManager( 1282): Displayed com.csipsimple/.widgets.AccountWidgetConfigure: +263ms
09-01 10:14:04.349 W/ContextImpl( 1676): Calling a method in the system process without a qualified user: android.app.ContextImpl.startService:1358 android.content.ContextWrapper.startService:613 android.content.ContextWrapper.startService:613 com.android.coreservice.CoreBroadcastReceiver.onReceive:69 android.app.ActivityThread.handleReceiver:3073 
09-01 10:14:05.183 W/ContextImpl( 1676): Calling a method in the system process without a qualified user: android.app.ContextImpl.startService:1358 android.content.ContextWrapper.startService:613 android.content.ContextWrapper.startService:613 com.android.coreservice.CoreBroadcastReceiver.onReceive:44 android.app.ActivityThread.handleReceiver:3073 
09-01 10:14:05.190 W/ContextImpl( 1676): Calling a method in the system process without a qualified user: android.app.ContextImpl.startService:1358 android.content.ContextWrapper.startService:613 android.content.ContextWrapper.startService:613 com.android.coreservice.CoreBroadcastReceiver.onReceive:53 android.app.ActivityThread.handleReceiver:3073 
09-01 10:14:05.294 W/ContextImpl( 1676): Calling a method in the system process without a qualified user: android.app.ContextImpl.startService:1358 android.content.ContextWrapper.startService:613 android.content.ContextWrapper.startService:613 com.android.coreservice.CoreBroadcastReceiver.onReceive:69 android.app.ActivityThread.handleReceiver:3073 
09-01 10:14:05.296 W/ContextImpl( 1676): Calling a method in the system process without a qualified user: android.app.ContextImpl.startService:1358 android.content.ContextWrapper.startService:613 android.content.ContextWrapper.startService:613 com.android.coreservice.CoreBroadcastReceiver.onReceive:69 android.app.ActivityThread.handleReceiver:3073 
09-01 10:14:05.305 E/EGL_adreno( 1948): tid 1965: eglSurfaceAttrib(1338): error 0x3009 (EGL_BAD_MATCH)
09-01 10:14:05.305 W/OpenGLRenderer( 1948): Failed to set EGL_SWAP_BEHAVIOR on surface 0x7fffeb5e4340, error=EGL_BAD_MATCH
09-01 10:14:05.307 D/EGL_adreno( 1948): eglMakeCurrent: 0x7fffeb43c820: ver 3 1 (tinfo 0x7fffeb40d4a0)
09-01 10:14:05.396 D/EGL_adreno( 2297): eglMakeCurrent: 0xebb85120: ver 3 1 (tinfo 0xebb831d0)
09-01 10:14:06.283 D/audio_hw_hal( 1088): raw_start_output_stream, stream=0xf6e43140, sampleRate=48000, channel=2, bps=16, bufSize=4096
09-01 10:14:06.283 I/ActivityManager( 1282): START u0 {cmp=com.csipsimple/.ui.SipHome (has extras)} from uid 10064 on display 0
09-01 10:14:06.288 W/System.err( 1948): java.lang.Exception: Toast callstack! strTip=Sent Serializeable Intent { cmp=com.csipsimple/.ui.SipHome (has extras) }
09-01 10:14:06.288 W/ContextImpl( 1676): Calling a method in the system process without a qualified user: android.app.ContextImpl.startService:1358 android.content.ContextWrapper.startService:613 android.content.ContextWrapper.startService:613 com.android.coreservice.CoreBroadcastReceiver.onReceive:44 android.app.ActivityThread.handleReceiver:3073 
09-01 10:14:06.288 W/System.err( 1948): 	at android.widget.Toast.show(Toast.java:130)
09-01 10:14:06.288 W/System.err( 1948): 	at com.android.intentfuzzer.FuzzerActivity$4.onClick(FuzzerActivity.java:184)
09-01 10:14:06.288 W/System.err( 1948): 	at android.view.View.performClick(View.java:5637)
09-01 10:14:06.288 W/System.err( 1948): 	at android.view.View$PerformClick.run(View.java:22429)
09-01 10:14:06.288 W/System.err( 1948): 	at android.os.Handler.handleCallback(Handler.java:751)
09-01 10:14:06.288 W/System.err( 1948): 	at android.os.Handler.dispatchMessage(Handler.java:95)
09-01 10:14:06.289 W/System.err( 1948): 	at android.os.Looper.loop(Looper.java:154)
09-01 10:14:06.289 W/System.err( 1948): 	at android.app.ActivityThread.main(ActivityThread.java:6190)
09-01 10:14:06.289 W/System.err( 1948): 	at java.lang.reflect.Method.invoke(Native Method)
09-01 10:14:06.289 W/System.err( 1948): 	at com.android.internal.os.ZygoteInit$MethodAndArgsCaller.run(ZygoteInit.java:892)
09-01 10:14:06.289 W/System.err( 1948): 	at com.android.internal.os.ZygoteInit.main(ZygoteInit.java:782)
09-01 10:14:06.290 I/ActivityManager( 1282): START u0 {cmp=com.csipsimple/.ui.calllog.CallLogDetailsActivity (has extras)} from uid 10064 on display 0
09-01 10:14:06.290 W/ActivityManager( 1282): Permission Denial: starting Intent { cmp=com.csipsimple/.ui.calllog.CallLogDetailsActivity (has extras) } from ProcessRecord{4ccee7c 1948:com.android.intentfuzzer/u0a64} (pid=1948, uid=10064) not exported from uid 10037
09-01 10:14:06.291 W/System.err( 1948): java.lang.Exception: Toast callstack! strTip=Send Intent Failed!
09-01 10:14:06.291 W/System.err( 1948): 	at android.widget.Toast.show(Toast.java:130)
09-01 10:14:06.291 W/System.err( 1948): 	at com.android.intentfuzzer.FuzzerActivity$4.onClick(FuzzerActivity.java:186)
09-01 10:14:06.292 W/System.err( 1948): 	at android.view.View.performClick(View.java:5637)
09-01 10:14:06.292 W/System.err( 1948): 	at android.view.View$PerformClick.run(View.java:22429)
09-01 10:14:06.292 W/System.err( 1948): 	at android.os.Handler.handleCallback(Handler.java:751)
09-01 10:14:06.292 W/System.err( 1948): 	at android.os.Handler.dispatchMessage(Handler.java:95)
09-01 10:14:06.292 W/System.err( 1948): 	at android.os.Looper.loop(Looper.java:154)
09-01 10:14:06.292 W/System.err( 1948): 	at android.app.ActivityThread.main(ActivityThread.java:6190)
09-01 10:14:06.292 W/System.err( 1948): 	at java.lang.reflect.Method.invoke(Native Method)
09-01 10:14:06.292 W/System.err( 1948): 	at com.android.internal.os.ZygoteInit$MethodAndArgsCaller.run(ZygoteInit.java:892)
09-01 10:14:06.292 W/System.err( 1948): 	at com.android.internal.os.ZygoteInit.main(ZygoteInit.java:782)
09-01 10:14:06.293 I/ActivityManager( 1282): START u0 {cmp=com.csipsimple/.ui.filters.AccountFilters (has extras)} from uid 10064 on display 0
09-01 10:14:06.294 W/ActivityManager( 1282): Permission Denial: starting Intent { cmp=com.csipsimple/.ui.filters.AccountFilters (has extras) } from ProcessRecord{4ccee7c 1948:com.android.intentfuzzer/u0a64} (pid=1948, uid=10064) not exported from uid 10037
09-01 10:14:06.295 W/System.err( 1948): java.lang.Exception: Toast callstack! strTip=Send Intent Failed!
09-01 10:14:06.295 W/System.err( 1948): 	at android.widget.Toast.show(Toast.java:130)
09-01 10:14:06.295 W/System.err( 1948): 	at com.android.intentfuzzer.FuzzerActivity$4.onClick(FuzzerActivity.java:186)
09-01 10:14:06.295 W/System.err( 1948): 	at android.view.View.performClick(View.java:5637)
09-01 10:14:06.295 W/System.err( 1948): 	at android.view.View$PerformClick.run(View.java:22429)
09-01 10:14:06.295 W/System.err( 1948): 	at android.os.Handler.handleCallback(Handler.java:751)
09-01 10:14:06.295 W/System.err( 1948): 	at android.os.Handler.dispatchMessage(Handler.java:95)
09-01 10:14:06.295 W/System.err( 1948): 	at android.os.Looper.loop(Looper.java:154)
09-01 10:14:06.295 W/System.err( 1948): 	at android.app.ActivityThread.main(ActivityThread.java:6190)
09-01 10:14:06.295 W/System.err( 1948): 	at java.lang.reflect.Method.invoke(Native Method)
09-01 10:14:06.295 W/System.err( 1948): 	at com.android.internal.os.ZygoteInit$MethodAndArgsCaller.run(ZygoteInit.java:892)
09-01 10:14:06.295 W/System.err( 1948): 	at com.android.internal.os.ZygoteInit.main(ZygoteInit.java:782)
09-01 10:14:06.296 I/ActivityManager( 1282): START u0 {cmp=com.csipsimple/.ui.filters.EditFilter (has extras)} from uid 10064 on display 0
09-01 10:14:06.296 W/ActivityManager( 1282): Permission Denial: starting Intent { cmp=com.csipsimple/.ui.filters.EditFilter (has extras) } from ProcessRecord{4ccee7c 1948:com.android.intentfuzzer/u0a64} (pid=1948, uid=10064) not exported from uid 10037
09-01 10:14:06.298 W/System.err( 1948): java.lang.Exception: Toast callstack! strTip=Send Intent Failed!
09-01 10:14:06.298 W/System.err( 1948): 	at android.widget.Toast.show(Toast.java:130)
09-01 10:14:06.298 W/System.err( 1948): 	at com.android.intentfuzzer.FuzzerActivity$4.onClick(FuzzerActivity.java:186)
09-01 10:14:06.298 W/System.err( 1948): 	at android.view.View.performClick(View.java:5637)
09-01 10:14:06.298 W/System.err( 1948): 	at android.view.View$PerformClick.run(View.java:22429)
09-01 10:14:06.298 W/System.err( 1948): 	at android.os.Handler.handleCallback(Handler.java:751)
09-01 10:14:06.298 W/System.err( 1948): 	at android.os.Handler.dispatchMessage(Handler.java:95)
09-01 10:14:06.298 W/System.err( 1948): 	at android.os.Looper.loop(Looper.java:154)
09-01 10:14:06.298 W/System.err( 1948): 	at android.app.ActivityThread.main(ActivityThread.java:6190)
09-01 10:14:06.298 W/System.err( 1948): 	at java.lang.reflect.Method.invoke(Native Method)
09-01 10:14:06.298 W/System.err( 1948): 	at com.android.internal.os.ZygoteInit$MethodAndArgsCaller.run(ZygoteInit.java:892)
09-01 10:14:06.298 W/System.err( 1948): 	at com.android.internal.os.ZygoteInit.main(ZygoteInit.java:782)
09-01 10:14:06.299 I/ActivityManager( 1282): START u0 {cmp=com.csipsimple/.wizards.WizardChooser (has extras)} from uid 10064 on display 0
09-01 10:14:06.299 W/ActivityManager( 1282): Permission Denial: starting Intent { cmp=com.csipsimple/.wizards.WizardChooser (has extras) } from ProcessRecord{4ccee7c 1948:com.android.intentfuzzer/u0a64} (pid=1948, uid=10064) not exported from uid 10037
09-01 10:14:06.300 W/System.err( 1948): java.lang.Exception: Toast callstack! strTip=Send Intent Failed!
09-01 10:14:06.300 W/System.err( 1948): 	at android.widget.Toast.show(Toast.java:130)
09-01 10:14:06.300 W/System.err( 1948): 	at com.android.intentfuzzer.FuzzerActivity$4.onClick(FuzzerActivity.java:186)
09-01 10:14:06.300 W/System.err( 1948): 	at android.view.View.performClick(View.java:5637)
09-01 10:14:06.300 W/System.err( 1948): 	at android.view.View$PerformClick.run(View.java:22429)
09-01 10:14:06.300 W/System.err( 1948): 	at android.os.Handler.handleCallback(Handler.java:751)
09-01 10:14:06.300 W/System.err( 1948): 	at android.os.Handler.dispatchMessage(Handler.java:95)
09-01 10:14:06.301 W/System.err( 1948): 	at android.os.Looper.loop(Looper.java:154)
09-01 10:14:06.301 W/System.err( 1948): 	at android.app.ActivityThread.main(ActivityThread.java:6190)
09-01 10:14:06.301 W/System.err( 1948): 	at java.lang.reflect.Method.invoke(Native Method)
09-01 10:14:06.301 W/System.err( 1948): 	at com.android.internal.os.ZygoteInit$MethodAndArgsCaller.run(ZygoteInit.java:892)
09-01 10:14:06.301 W/System.err( 1948): 	at com.android.internal.os.ZygoteInit.main(ZygoteInit.java:782)
09-01 10:14:06.302 I/ActivityManager( 1282): START u0 {cmp=com.csipsimple/.ui.prefs.hc.MainPrefs (has extras)} from uid 10064 on display 0
09-01 10:14:06.303 W/ActivityManager( 1282): Permission Denial: starting Intent { cmp=com.csipsimple/.ui.prefs.hc.MainPrefs (has extras) } from ProcessRecord{4ccee7c 1948:com.android.intentfuzzer/u0a64} (pid=1948, uid=10064) requires android.permission.CONFIGURE_SIP
09-01 10:14:06.304 W/System.err( 1948): java.lang.Exception: Toast callstack! strTip=Send Intent Failed!
09-01 10:14:06.304 W/System.err( 1948): 	at android.widget.Toast.show(Toast.java:130)
09-01 10:14:06.304 W/System.err( 1948): 	at com.android.intentfuzzer.FuzzerActivity$4.onClick(FuzzerActivity.java:186)
09-01 10:14:06.304 W/System.err( 1948): 	at android.view.View.performClick(View.java:5637)
09-01 10:14:06.304 W/System.err( 1948): 	at android.view.View$PerformClick.run(View.java:22429)
09-01 10:14:06.304 W/System.err( 1948): 	at android.os.Handler.handleCallback(Handler.java:751)
09-01 10:14:06.304 W/System.err( 1948): 	at android.os.Handler.dispatchMessage(Handler.java:95)
09-01 10:14:06.304 W/System.err( 1948): 	at android.os.Looper.loop(Looper.java:154)
09-01 10:14:06.304 W/System.err( 1948): 	at android.app.ActivityThread.main(ActivityThread.java:6190)
09-01 10:14:06.304 W/System.err( 1948): 	at java.lang.reflect.Method.invoke(Native Method)
09-01 10:14:06.304 W/System.err( 1948): 	at com.android.internal.os.ZygoteInit$MethodAndArgsCaller.run(ZygoteInit.java:892)
09-01 10:14:06.304 W/System.err( 1948): 	at com.android.internal.os.ZygoteInit.main(ZygoteInit.java:782)
09-01 10:14:06.305 I/ActivityManager( 1282): START u0 {cmp=com.csipsimple/.ui.prefs.cupcake.MainPrefs (has extras)} from uid 10064 on display 0
09-01 10:14:06.306 W/System.err( 1948): java.lang.Exception: Toast callstack! strTip=Send Intent Failed!
09-01 10:14:06.306 W/System.err( 1948): 	at android.widget.Toast.show(Toast.java:130)
09-01 10:14:06.306 W/System.err( 1948): 	at com.android.intentfuzzer.FuzzerActivity$4.onClick(FuzzerActivity.java:186)
09-01 10:14:06.306 W/System.err( 1948): 	at android.view.View.performClick(View.java:5637)
09-01 10:14:06.306 W/System.err( 1948): 	at android.view.View$PerformClick.run(View.java:22429)
09-01 10:14:06.306 W/System.err( 1948): 	at android.os.Handler.handleCallback(Handler.java:751)
09-01 10:14:06.306 W/System.err( 1948): 	at android.os.Handler.dispatchMessage(Handler.java:95)
09-01 10:14:06.306 W/System.err( 1948): 	at android.os.Looper.loop(Looper.java:154)
09-01 10:14:06.306 W/System.err( 1948): 	at android.app.ActivityThread.main(ActivityThread.java:6190)
09-01 10:14:06.306 W/System.err( 1948): 	at java.lang.reflect.Method.invoke(Native Method)
09-01 10:14:06.306 W/System.err( 1948): 	at com.android.internal.os.ZygoteInit$MethodAndArgsCaller.run(ZygoteInit.java:892)
09-01 10:14:06.306 W/System.err( 1948): 	at com.android.internal.os.ZygoteInit.main(ZygoteInit.java:782)
09-01 10:14:06.308 I/ActivityManager( 1282): START u0 {cmp=com.csipsimple/.ui.prefs.cupcake.PrefsLoaderActivity (has extras)} from uid 10064 on display 0
09-01 10:14:06.308 W/ActivityManager( 1282): Permission Denial: starting Intent { cmp=com.csipsimple/.ui.prefs.cupcake.PrefsLoaderActivity (has extras) } from ProcessRecord{4ccee7c 1948:com.android.intentfuzzer/u0a64} (pid=1948, uid=10064) not exported from uid 10037
09-01 10:14:06.309 W/System.err( 1948): java.lang.Exception: Toast callstack! strTip=Send Intent Failed!
09-01 10:14:06.309 W/System.err( 1948): 	at android.widget.Toast.show(Toast.java:130)
09-01 10:14:06.309 W/System.err( 1948): 	at com.android.intentfuzzer.FuzzerActivity$4.onClick(FuzzerActivity.java:186)
09-01 10:14:06.309 W/System.err( 1948): 	at android.view.View.performClick(View.java:5637)
09-01 10:14:06.309 W/System.err( 1948): 	at android.view.View$PerformClick.run(View.java:22429)
09-01 10:14:06.309 W/System.err( 1948): 	at android.os.Handler.handleCallback(Handler.java:751)
09-01 10:14:06.309 W/System.err( 1948): 	at android.os.Handler.dispatchMessage(Handler.java:95)
09-01 10:14:06.309 W/System.err( 1948): 	at android.os.Looper.loop(Looper.java:154)
09-01 10:14:06.310 W/System.err( 1948): 	at android.app.ActivityThread.main(ActivityThread.java:6190)
09-01 10:14:06.310 W/System.err( 1948): 	at java.lang.reflect.Method.invoke(Native Method)
09-01 10:14:06.310 W/System.err( 1948): 	at com.android.internal.os.ZygoteInit$MethodAndArgsCaller.run(ZygoteInit.java:892)
09-01 10:14:06.310 W/System.err( 1948): 	at com.android.internal.os.ZygoteInit.main(ZygoteInit.java:782)
09-01 10:14:06.311 I/ActivityManager( 1282): START u0 {cmp=com.csipsimple/.ui.prefs.PrefsFilters (has extras)} from uid 10064 on display 0
09-01 10:14:06.311 W/ActivityManager( 1282): Permission Denial: starting Intent { cmp=com.csipsimple/.ui.prefs.PrefsFilters (has extras) } from ProcessRecord{4ccee7c 1948:com.android.intentfuzzer/u0a64} (pid=1948, uid=10064) not exported from uid 10037
09-01 10:14:06.313 W/System.err( 1948): java.lang.Exception: Toast callstack! strTip=Send Intent Failed!
09-01 10:14:06.313 W/System.err( 1948): 	at android.widget.Toast.show(Toast.java:130)
09-01 10:14:06.313 W/System.err( 1948): 	at com.android.intentfuzzer.FuzzerActivity$4.onClick(FuzzerActivity.java:186)
09-01 10:14:06.313 W/System.err( 1948): 	at android.view.View.performClick(View.java:5637)
09-01 10:14:06.313 W/System.err( 1948): 	at android.view.View$PerformClick.run(View.java:22429)
09-01 10:14:06.313 W/System.err( 1948): 	at android.os.Handler.handleCallback(Handler.java:751)
09-01 10:14:06.313 W/System.err( 1948): 	at android.os.Handler.dispatchMessage(Handler.java:95)
09-01 10:14:06.313 W/System.err( 1948): 	at android.os.Looper.loop(Looper.java:154)
09-01 10:14:06.313 W/System.err( 1948): 	at android.app.ActivityThread.main(ActivityThread.java:6190)
09-01 10:14:06.313 W/System.err( 1948): 	at java.lang.reflect.Method.invoke(Native Method)
09-01 10:14:06.313 W/System.err( 1948): 	at com.android.internal.os.ZygoteInit$MethodAndArgsCaller.run(ZygoteInit.java:892)
09-01 10:14:06.313 W/System.err( 1948): 	at com.android.internal.os.ZygoteInit.main(ZygoteInit.java:782)
09-01 10:14:06.314 I/ActivityManager( 1282): START u0 {cmp=com.csipsimple/.ui.prefs.PrefsFast (has extras)} from uid 10064 on display 0
09-01 10:14:06.314 W/ActivityManager( 1282): Permission Denial: starting Intent { cmp=com.csipsimple/.ui.prefs.PrefsFast (has extras) } from ProcessRecord{4ccee7c 1948:com.android.intentfuzzer/u0a64} (pid=1948, uid=10064) requires android.permission.CONFIGURE_SIP
09-01 10:14:06.315 W/System.err( 1948): java.lang.Exception: Toast callstack! strTip=Send Intent Failed!
09-01 10:14:06.315 W/System.err( 1948): 	at android.widget.Toast.show(Toast.java:130)
09-01 10:14:06.315 W/System.err( 1948): 	at com.android.intentfuzzer.FuzzerActivity$4.onClick(FuzzerActivity.java:186)
09-01 10:14:06.315 W/System.err( 1948): 	at android.view.View.performClick(View.java:5637)
09-01 10:14:06.315 W/System.err( 1948): 	at android.view.View$PerformClick.run(View.java:22429)
09-01 10:14:06.315 W/System.err( 1948): 	at android.os.Handler.handleCallback(Handler.java:751)
09-01 10:14:06.315 W/System.err( 1948): 	at android.os.Handler.dispatchMessage(Handler.java:95)
09-01 10:14:06.315 W/System.err( 1948): 	at android.os.Looper.loop(Looper.java:154)
09-01 10:14:06.315 W/System.err( 1948): 	at android.app.ActivityThread.main(ActivityThread.java:6190)
09-01 10:14:06.316 W/System.err( 1948): 	at java.lang.reflect.Method.invoke(Native Method)
09-01 10:14:06.316 W/System.err( 1948): 	at com.android.internal.os.ZygoteInit$MethodAndArgsCaller.run(ZygoteInit.java:892)
09-01 10:14:06.316 W/System.err( 1948): 	at com.android.internal.os.ZygoteInit.main(ZygoteInit.java:782)
09-01 10:14:06.317 I/ActivityManager( 1282): START u0 {cmp=com.csipsimple/.ui.prefs.Codecs (has extras)} from uid 10064 on display 0
09-01 10:14:06.317 W/ActivityManager( 1282): Permission Denial: starting Intent { cmp=com.csipsimple/.ui.prefs.Codecs (has extras) } from ProcessRecord{4ccee7c 1948:com.android.intentfuzzer/u0a64} (pid=1948, uid=10064) not exported from uid 10037
09-01 10:14:06.318 W/System.err( 1948): java.lang.Exception: Toast callstack! strTip=Send Intent Failed!
09-01 10:14:06.318 W/System.err( 1948): 	at android.widget.Toast.show(Toast.java:130)
09-01 10:14:06.318 W/System.err( 1948): 	at com.android.intentfuzzer.FuzzerActivity$4.onClick(FuzzerActivity.java:186)
09-01 10:14:06.318 W/System.err( 1948): 	at android.view.View.performClick(View.java:5637)
09-01 10:14:06.318 W/System.err( 1948): 	at android.view.View$PerformClick.run(View.java:22429)
09-01 10:14:06.318 W/System.err( 1948): 	at android.os.Handler.handleCallback(Handler.java:751)
09-01 10:14:06.318 W/System.err( 1948): 	at android.os.Handler.dispatchMessage(Handler.java:95)
09-01 10:14:06.318 W/System.err( 1948): 	at android.os.Looper.loop(Looper.java:154)
09-01 10:14:06.318 W/System.err( 1948): 	at android.app.ActivityThread.main(ActivityThread.java:6190)
09-01 10:14:06.318 W/System.err( 1948): 	at java.lang.reflect.Method.invoke(Native Method)
09-01 10:14:06.318 W/System.err( 1948): 	at com.android.internal.os.ZygoteInit$MethodAndArgsCaller.run(ZygoteInit.java:892)
09-01 10:14:06.318 W/System.err( 1948): 	at com.android.internal.os.ZygoteInit.main(ZygoteInit.java:782)
09-01 10:14:06.319 I/ActivityManager( 1282): START u0 {cmp=com.csipsimple/.ui.prefs.AudioTester (has extras)} from uid 10064 on display 0
09-01 10:14:06.319 W/ActivityManager( 1282): Permission Denial: starting Intent { cmp=com.csipsimple/.ui.prefs.AudioTester (has extras) } from ProcessRecord{4ccee7c 1948:com.android.intentfuzzer/u0a64} (pid=1948, uid=10064) not exported from uid 10037
09-01 10:14:06.321 W/System.err( 1948): java.lang.Exception: Toast callstack! strTip=Send Intent Failed!
09-01 10:14:06.321 W/System.err( 1948): 	at android.widget.Toast.show(Toast.java:130)
09-01 10:14:06.321 W/System.err( 1948): 	at com.android.intentfuzzer.FuzzerActivity$4.onClick(FuzzerActivity.java:186)
09-01 10:14:06.321 W/System.err( 1948): 	at android.view.View.performClick(View.java:5637)
09-01 10:14:06.321 W/System.err( 1948): 	at android.view.View$PerformClick.run(View.java:22429)
09-01 10:14:06.321 W/System.err( 1948): 	at android.os.Handler.handleCallback(Handler.java:751)
09-01 10:14:06.321 W/System.err( 1948): 	at android.os.Handler.dispatchMessage(Handler.java:95)
09-01 10:14:06.321 W/System.err( 1948): 	at android.os.Looper.loop(Looper.java:154)
09-01 10:14:06.321 W/System.err( 1948): 	at android.app.ActivityThread.main(ActivityThread.java:6190)
09-01 10:14:06.321 W/System.err( 1948): 	at java.lang.reflect.Method.invoke(Native Method)
09-01 10:14:06.321 W/System.err( 1948): 	at com.android.internal.os.ZygoteInit$MethodAndArgsCaller.run(ZygoteInit.java:892)
09-01 10:14:06.321 W/System.err( 1948): 	at com.android.internal.os.ZygoteInit.main(ZygoteInit.java:782)
09-01 10:14:06.322 I/ActivityManager( 1282): START u0 {cmp=com.csipsimple/.wizards.BasePrefsWizard (has extras)} from uid 10064 on display 0
09-01 10:14:06.322 W/ActivityManager( 1282): Permission Denial: starting Intent { cmp=com.csipsimple/.wizards.BasePrefsWizard (has extras) } from ProcessRecord{4ccee7c 1948:com.android.intentfuzzer/u0a64} (pid=1948, uid=10064) not exported from uid 10037
09-01 10:14:06.324 W/System.err( 1948): java.lang.Exception: Toast callstack! strTip=Send Intent Failed!
09-01 10:14:06.324 W/System.err( 1948): 	at android.widget.Toast.show(Toast.java:130)
09-01 10:14:06.324 W/System.err( 1948): 	at com.android.intentfuzzer.FuzzerActivity$4.onClick(FuzzerActivity.java:186)
09-01 10:14:06.324 W/System.err( 1948): 	at android.view.View.performClick(View.java:5637)
09-01 10:14:06.324 W/System.err( 1948): 	at android.view.View$PerformClick.run(View.java:22429)
09-01 10:14:06.324 W/System.err( 1948): 	at android.os.Handler.handleCallback(Handler.java:751)
09-01 10:14:06.324 W/System.err( 1948): 	at android.os.Handler.dispatchMessage(Handler.java:95)
09-01 10:14:06.324 W/System.err( 1948): 	at android.os.Looper.loop(Looper.java:154)
09-01 10:14:06.324 W/System.err( 1948): 	at android.app.ActivityThread.main(ActivityThread.java:6190)
09-01 10:14:06.324 W/System.err( 1948): 	at java.lang.reflect.Method.invoke(Native Method)
09-01 10:14:06.324 W/System.err( 1948): 	at com.android.internal.os.ZygoteInit$MethodAndArgsCaller.run(ZygoteInit.java:892)
09-01 10:14:06.324 W/System.err( 1948): 	at com.android.internal.os.ZygoteInit.main(ZygoteInit.java:782)
09-01 10:14:06.326 I/ActivityManager( 1282): START u0 {cmp=com.csipsimple/.ui.outgoingcall.OutgoingCallChooser (has extras)} from uid 10064 on display 0
09-01 10:14:06.330 W/System.err( 1948): java.lang.Exception: Toast callstack! strTip=Sent Serializeable Intent { cmp=com.csipsimple/.ui.outgoingcall.OutgoingCallChooser (has extras) }
09-01 10:14:06.330 W/System.err( 1948): 	at android.widget.Toast.show(Toast.java:130)
09-01 10:14:06.330 W/System.err( 1948): 	at com.android.intentfuzzer.FuzzerActivity$4.onClick(FuzzerActivity.java:184)
09-01 10:14:06.330 W/System.err( 1948): 	at android.view.View.performClick(View.java:5637)
09-01 10:14:06.330 W/System.err( 1948): 	at android.view.View$PerformClick.run(View.java:22429)
09-01 10:14:06.330 W/System.err( 1948): 	at android.os.Handler.handleCallback(Handler.java:751)
09-01 10:14:06.330 W/System.err( 1948): 	at android.os.Handler.dispatchMessage(Handler.java:95)
09-01 10:14:06.330 W/System.err( 1948): 	at android.os.Looper.loop(Looper.java:154)
09-01 10:14:06.330 W/System.err( 1948): 	at android.app.ActivityThread.main(ActivityThread.java:6190)
09-01 10:14:06.330 W/System.err( 1948): 	at java.lang.reflect.Method.invoke(Native Method)
09-01 10:14:06.330 W/System.err( 1948): 	at com.android.internal.os.ZygoteInit$MethodAndArgsCaller.run(ZygoteInit.java:892)
09-01 10:14:06.330 W/System.err( 1948): 	at com.android.internal.os.ZygoteInit.main(ZygoteInit.java:782)
09-01 10:14:06.331 I/ActivityManager( 1282): START u0 {cmp=com.csipsimple/.ui.PrivilegedOutgoingSipCallBroadcaster (has extras)} from uid 10064 on display 0
09-01 10:14:06.331 W/ActivityManager( 1282): Permission Denial: starting Intent { cmp=com.csipsimple/.ui.PrivilegedOutgoingSipCallBroadcaster (has extras) } from ProcessRecord{4ccee7c 1948:com.android.intentfuzzer/u0a64} (pid=1948, uid=10064) requires android.permission.CALL_PRIVILEGED
09-01 10:14:06.332 W/System.err( 1948): java.lang.Exception: Toast callstack! strTip=Send Intent Failed!
09-01 10:14:06.332 W/System.err( 1948): 	at android.widget.Toast.show(Toast.java:130)
09-01 10:14:06.333 W/System.err( 1948): 	at com.android.intentfuzzer.FuzzerActivity$4.onClick(FuzzerActivity.java:186)
09-01 10:14:06.333 W/System.err( 1948): 	at android.view.View.performClick(View.java:5637)
09-01 10:14:06.333 W/System.err( 1948): 	at android.view.View$PerformClick.run(View.java:22429)
09-01 10:14:06.333 W/System.err( 1948): 	at android.os.Handler.handleCallback(Handler.java:751)
09-01 10:14:06.333 W/System.err( 1948): 	at android.os.Handler.dispatchMessage(Handler.java:95)
09-01 10:14:06.333 W/System.err( 1948): 	at android.os.Looper.loop(Looper.java:154)
09-01 10:14:06.333 W/System.err( 1948): 	at android.app.ActivityThread.main(ActivityThread.java:6190)
09-01 10:14:06.333 W/System.err( 1948): 	at java.lang.reflect.Method.invoke(Native Method)
09-01 10:14:06.333 W/System.err( 1948): 	at com.android.internal.os.ZygoteInit$MethodAndArgsCaller.run(ZygoteInit.java:892)
09-01 10:14:06.333 W/System.err( 1948): 	at com.android.internal.os.ZygoteInit.main(ZygoteInit.java:782)
09-01 10:14:06.334 I/ActivityManager( 1282): START u0 {cmp=com.csipsimple/.ui.PrivilegedOutgoingCallBroadcaster (has extras)} from uid 10064 on display 0
09-01 10:14:06.335 W/System.err( 1948): java.lang.Exception: Toast callstack! strTip=Send Intent Failed!
09-01 10:14:06.335 W/System.err( 1948): 	at android.widget.Toast.show(Toast.java:130)
09-01 10:14:06.335 W/System.err( 1948): 	at com.android.intentfuzzer.FuzzerActivity$4.onClick(FuzzerActivity.java:186)
09-01 10:14:06.335 W/System.err( 1948): 	at android.view.View.performClick(View.java:5637)
09-01 10:14:06.335 W/System.err( 1948): 	at android.view.View$PerformClick.run(View.java:22429)
09-01 10:14:06.335 W/System.err( 1948): 	at android.os.Handler.handleCallback(Handler.java:751)
09-01 10:14:06.335 W/System.err( 1948): 	at android.os.Handler.dispatchMessage(Handler.java:95)
09-01 10:14:06.335 W/System.err( 1948): 	at android.os.Looper.loop(Looper.java:154)
09-01 10:14:06.335 W/System.err( 1948): 	at android.app.ActivityThread.main(ActivityThread.java:6190)
09-01 10:14:06.335 W/System.err( 1948): 	at java.lang.reflect.Method.invoke(Native Method)
09-01 10:14:06.335 W/System.err( 1948): 	at com.android.internal.os.ZygoteInit$MethodAndArgsCaller.run(ZygoteInit.java:892)
09-01 10:14:06.335 W/System.err( 1948): 	at com.android.internal.os.ZygoteInit.main(ZygoteInit.java:782)
09-01 10:14:06.337 I/ActivityManager( 1282): START u0 {cmp=com.csipsimple/.ui.incall.InCallActivity (has extras)} from uid 10064 on display 0
09-01 10:14:06.337 W/ActivityManager( 1282): Permission Denial: starting Intent { cmp=com.csipsimple/.ui.incall.InCallActivity (has extras) } from ProcessRecord{4ccee7c 1948:com.android.intentfuzzer/u0a64} (pid=1948, uid=10064) requires android.permission.CONFIGURE_SIP
09-01 10:14:06.338 W/System.err( 1948): java.lang.Exception: Toast callstack! strTip=Send Intent Failed!
09-01 10:14:06.338 W/System.err( 1948): 	at android.widget.Toast.show(Toast.java:130)
09-01 10:14:06.338 W/System.err( 1948): 	at com.android.intentfuzzer.FuzzerActivity$4.onClick(FuzzerActivity.java:186)
09-01 10:14:06.338 W/System.err( 1948): 	at android.view.View.performClick(View.java:5637)
09-01 10:14:06.338 W/System.err( 1948): 	at android.view.View$PerformClick.run(View.java:22429)
09-01 10:14:06.338 W/System.err( 1948): 	at android.os.Handler.handleCallback(Handler.java:751)
09-01 10:14:06.338 W/System.err( 1948): 	at android.os.Handler.dispatchMessage(Handler.java:95)
09-01 10:14:06.338 W/System.err( 1948): 	at android.os.Looper.loop(Looper.java:154)
09-01 10:14:06.338 W/System.err( 1948): 	at android.app.ActivityThread.main(ActivityThread.java:6190)
09-01 10:14:06.338 W/System.err( 1948): 	at java.lang.reflect.Method.invoke(Native Method)
09-01 10:14:06.338 W/System.err( 1948): 	at com.android.internal.os.ZygoteInit$MethodAndArgsCaller.run(ZygoteInit.java:892)
09-01 10:14:06.338 W/System.err( 1948): 	at com.android.internal.os.ZygoteInit.main(ZygoteInit.java:782)
09-01 10:14:06.340 I/ActivityManager( 1282): START u0 {cmp=com.csipsimple/.ui.PickupSipUri (has extras)} from uid 10064 on display 0
09-01 10:14:06.340 W/ActivityManager( 1282): Permission Denial: starting Intent { cmp=com.csipsimple/.ui.PickupSipUri (has extras) } from ProcessRecord{4ccee7c 1948:com.android.intentfuzzer/u0a64} (pid=1948, uid=10064) not exported from uid 10037
09-01 10:14:06.341 W/System.err( 1948): java.lang.Exception: Toast callstack! strTip=Send Intent Failed!
09-01 10:14:06.342 W/System.err( 1948): 	at android.widget.Toast.show(Toast.java:130)
09-01 10:14:06.342 W/System.err( 1948): 	at com.android.intentfuzzer.FuzzerActivity$4.onClick(FuzzerActivity.java:186)
09-01 10:14:06.342 W/System.err( 1948): 	at android.view.View.performClick(View.java:5637)
09-01 10:14:06.342 W/System.err( 1948): 	at android.view.View$PerformClick.run(View.java:22429)
09-01 10:14:06.342 W/System.err( 1948): 	at android.os.Handler.handleCallback(Handler.java:751)
09-01 10:14:06.342 W/System.err( 1948): 	at android.os.Handler.dispatchMessage(Handler.java:95)
09-01 10:14:06.342 W/System.err( 1948): 	at android.os.Looper.loop(Looper.java:154)
09-01 10:14:06.342 W/System.err( 1948): 	at android.app.ActivityThread.main(ActivityThread.java:6190)
09-01 10:14:06.342 W/System.err( 1948): 	at java.lang.reflect.Method.invoke(Native Method)
09-01 10:14:06.342 W/System.err( 1948): 	at com.android.internal.os.ZygoteInit$MethodAndArgsCaller.run(ZygoteInit.java:892)
09-01 10:14:06.342 W/System.err( 1948): 	at com.android.internal.os.ZygoteInit.main(ZygoteInit.java:782)
09-01 10:14:06.343 I/ActivityManager( 1282): START u0 {cmp=com.csipsimple/.ui.incall.InCallMediaControl (has extras)} from uid 10064 on display 0
09-01 10:14:06.343 W/ActivityManager( 1282): Permission Denial: starting Intent { cmp=com.csipsimple/.ui.incall.InCallMediaControl (has extras) } from ProcessRecord{4ccee7c 1948:com.android.intentfuzzer/u0a64} (pid=1948, uid=10064) not exported from uid 10037
09-01 10:14:06.344 W/System.err( 1948): java.lang.Exception: Toast callstack! strTip=Send Intent Failed!
09-01 10:14:06.344 W/System.err( 1948): 	at android.widget.Toast.show(Toast.java:130)
09-01 10:14:06.344 W/System.err( 1948): 	at com.android.intentfuzzer.FuzzerActivity$4.onClick(FuzzerActivity.java:186)
09-01 10:14:06.344 W/System.err( 1948): 	at android.view.View.performClick(View.java:5637)
09-01 10:14:06.344 W/System.err( 1948): 	at android.view.View$PerformClick.run(View.java:22429)
09-01 10:14:06.344 W/System.err( 1948): 	at android.os.Handler.handleCallback(Handler.java:751)
09-01 10:14:06.344 W/System.err( 1948): 	at android.os.Handler.dispatchMessage(Handler.java:95)
09-01 10:14:06.344 W/System.err( 1948): 	at android.os.Looper.loop(Looper.java:154)
09-01 10:14:06.344 W/System.err( 1948): 	at android.app.ActivityThread.main(ActivityThread.java:6190)
09-01 10:14:06.344 W/System.err( 1948): 	at java.lang.reflect.Method.invoke(Native Method)
09-01 10:14:06.344 W/System.err( 1948): 	at com.android.internal.os.ZygoteInit$MethodAndArgsCaller.run(ZygoteInit.java:892)
09-01 10:14:06.344 W/System.err( 1948): 	at com.android.internal.os.ZygoteInit.main(ZygoteInit.java:782)
09-01 10:14:06.345 I/ActivityManager( 1282): START u0 {cmp=com.csipsimple/.widgets.AccountWidgetConfigure (has extras)} from uid 10064 on display 0
09-01 10:14:06.352 W/ContextImpl( 1676): Calling a method in the system process without a qualified user: android.app.ContextImpl.startService:1358 android.content.ContextWrapper.startService:613 android.content.ContextWrapper.startService:613 com.android.coreservice.CoreBroadcastReceiver.onReceive:44 android.app.ActivityThread.handleReceiver:3073 
09-01 10:14:06.352 W/System.err( 1948): java.lang.Exception: Toast callstack! strTip=Sent Serializeable Intent { cmp=com.csipsimple/.widgets.AccountWidgetConfigure (has extras) }
09-01 10:14:06.353 W/System.err( 1948): 	at android.widget.Toast.show(Toast.java:130)
09-01 10:14:06.353 W/System.err( 1948): 	at com.android.intentfuzzer.FuzzerActivity$4.onClick(FuzzerActivity.java:184)
09-01 10:14:06.353 W/System.err( 1948): 	at android.view.View.performClick(View.java:5637)
09-01 10:14:06.353 W/System.err( 1948): 	at android.view.View$PerformClick.run(View.java:22429)
09-01 10:14:06.353 W/System.err( 1948): 	at android.os.Handler.handleCallback(Handler.java:751)
09-01 10:14:06.353 W/System.err( 1948): 	at android.os.Handler.dispatchMessage(Handler.java:95)
09-01 10:14:06.353 W/System.err( 1948): 	at android.os.Looper.loop(Looper.java:154)
09-01 10:14:06.353 W/System.err( 1948): 	at android.app.ActivityThread.main(ActivityThread.java:6190)
09-01 10:14:06.353 W/System.err( 1948): 	at java.lang.reflect.Method.invoke(Native Method)
09-01 10:14:06.353 W/System.err( 1948): 	at com.android.internal.os.ZygoteInit$MethodAndArgsCaller.run(ZygoteInit.java:892)
09-01 10:14:06.353 W/System.err( 1948): 	at com.android.internal.os.ZygoteInit.main(ZygoteInit.java:782)
09-01 10:14:06.355 I/ActivityManager( 1282): START u0 {cmp=com.csipsimple/.widgets.ShortcutWidgetConfigure (has extras)} from uid 10064 on display 0
09-01 10:14:06.359 W/ContextImpl( 1676): Calling a method in the system process without a qualified user: android.app.ContextImpl.startService:1358 android.content.ContextWrapper.startService:613 android.content.ContextWrapper.startService:613 com.android.coreservice.CoreBroadcastReceiver.onReceive:44 android.app.ActivityThread.handleReceiver:3073 
09-01 10:14:06.360 W/System.err( 1948): java.lang.Exception: Toast callstack! strTip=Sent Serializeable Intent { cmp=com.csipsimple/.widgets.ShortcutWidgetConfigure (has extras) }
09-01 10:14:06.360 W/System.err( 1948): 	at android.widget.Toast.show(Toast.java:130)
09-01 10:14:06.360 W/System.err( 1948): 	at com.android.intentfuzzer.FuzzerActivity$4.onClick(FuzzerActivity.java:184)
09-01 10:14:06.360 W/System.err( 1948): 	at android.view.View.performClick(View.java:5637)
09-01 10:14:06.360 W/System.err( 1948): 	at android.view.View$PerformClick.run(View.java:22429)
09-01 10:14:06.360 W/System.err( 1948): 	at android.os.Handler.handleCallback(Handler.java:751)
09-01 10:14:06.360 W/System.err( 1948): 	at android.os.Handler.dispatchMessage(Handler.java:95)
09-01 10:14:06.360 W/System.err( 1948): 	at android.os.Looper.loop(Looper.java:154)
09-01 10:14:06.360 W/System.err( 1948): 	at android.app.ActivityThread.main(ActivityThread.java:6190)
09-01 10:14:06.360 W/System.err( 1948): 	at java.lang.reflect.Method.invoke(Native Method)
09-01 10:14:06.360 W/System.err( 1948): 	at com.android.internal.os.ZygoteInit$MethodAndArgsCaller.run(ZygoteInit.java:892)
09-01 10:14:06.360 W/System.err( 1948): 	at com.android.internal.os.ZygoteInit.main(ZygoteInit.java:782)
09-01 10:14:06.361 I/ActivityManager( 1282): START u0 {cmp=com.csipsimple/.ui.messages.MessageActivity (has extras)} from uid 10064 on display 0
09-01 10:14:06.361 W/ActivityManager( 1282): Permission Denial: starting Intent { cmp=com.csipsimple/.ui.messages.MessageActivity (has extras) } from ProcessRecord{4ccee7c 1948:com.android.intentfuzzer/u0a64} (pid=1948, uid=10064) not exported from uid 10037
09-01 10:14:06.363 W/System.err( 1948): java.lang.Exception: Toast callstack! strTip=Send Intent Failed!
09-01 10:14:06.363 W/System.err( 1948): 	at android.widget.Toast.show(Toast.java:130)
09-01 10:14:06.363 W/System.err( 1948): 	at com.android.intentfuzzer.FuzzerActivity$4.onClick(FuzzerActivity.java:186)
09-01 10:14:06.363 W/System.err( 1948): 	at android.view.View.performClick(View.java:5637)
09-01 10:14:06.363 W/System.err( 1948): 	at android.view.View$PerformClick.run(View.java:22429)
09-01 10:14:06.363 W/System.err( 1948): 	at android.os.Handler.handleCallback(Handler.java:751)
09-01 10:14:06.363 W/System.err( 1948): 	at android.os.Handler.dispatchMessage(Handler.java:95)
09-01 10:14:06.363 W/System.err( 1948): 	at android.os.Looper.loop(Looper.java:154)
09-01 10:14:06.363 W/System.err( 1948): 	at android.app.ActivityThread.main(ActivityThread.java:6190)
09-01 10:14:06.363 W/System.err( 1948): 	at java.lang.reflect.Method.invoke(Native Method)
09-01 10:14:06.363 W/System.err( 1948): 	at com.android.internal.os.ZygoteInit$MethodAndArgsCaller.run(ZygoteInit.java:892)
09-01 10:14:06.363 W/System.err( 1948): 	at com.android.internal.os.ZygoteInit.main(ZygoteInit.java:782)
09-01 10:14:06.365 I/ActivityManager( 1282): START u0 {cmp=com.csipsimple/.ui.account.AccountsEditList (has extras)} from uid 10064 on display 0
09-01 10:14:06.365 W/ActivityManager( 1282): Permission Denial: starting Intent { cmp=com.csipsimple/.ui.account.AccountsEditList (has extras) } from ProcessRecord{4ccee7c 1948:com.android.intentfuzzer/u0a64} (pid=1948, uid=10064) not exported from uid 10037
09-01 10:14:06.367 W/System.err( 1948): java.lang.Exception: Toast callstack! strTip=Send Intent Failed!
09-01 10:14:06.367 W/System.err( 1948): 	at android.widget.Toast.show(Toast.java:130)
09-01 10:14:06.367 W/System.err( 1948): 	at com.android.intentfuzzer.FuzzerActivity$4.onClick(FuzzerActivity.java:186)
09-01 10:14:06.367 W/System.err( 1948): 	at android.view.View.performClick(View.java:5637)
09-01 10:14:06.367 W/System.err( 1948): 	at android.view.View$PerformClick.run(View.java:22429)
09-01 10:14:06.367 W/System.err( 1948): 	at android.os.Handler.handleCallback(Handler.java:751)
09-01 10:14:06.367 W/System.err( 1948): 	at android.os.Handler.dispatchMessage(Handler.java:95)
09-01 10:14:06.367 W/System.err( 1948): 	at android.os.Looper.loop(Looper.java:154)
09-01 10:14:06.367 W/System.err( 1948): 	at android.app.ActivityThread.main(ActivityThread.java:6190)
09-01 10:14:06.367 W/System.err( 1948): 	at java.lang.reflect.Method.invoke(Native Method)
