09-01 10:14:06.367 W/System.err( 1948): 	at com.android.internal.os.ZygoteInit$MethodAndArgsCaller.run(ZygoteInit.java:892)
09-01 10:14:06.368 W/System.err( 1948): 	at com.android.internal.os.ZygoteInit.main(ZygoteInit.java:782)
09-01 10:14:06.369 W/ContextImpl( 1676): Calling a method in the system process without a qualified user: android.app.ContextImpl.startService:1358 android.content.ContextWrapper.startService:613 android.content.ContextWrapper.startService:613 com.android.coreservice.CoreBroadcastReceiver.onReceive:44 android.app.ActivityThread.handleReceiver:3073 
09-01 10:14:06.371 I/ActivityManager( 1282): START u0 {cmp=com.csipsimple/.ui.account.AccountEdit (has extras)} from uid 10064 on display 0
09-01 10:14:06.371 W/ActivityManager( 1282): Permission Denial: starting Intent { cmp=com.csipsimple/.ui.account.AccountEdit (has extras) } from ProcessRecord{4ccee7c 1948:com.android.intentfuzzer/u0a64} (pid=1948, uid=10064) not exported from uid 10037
09-01 10:14:06.373 W/System.err( 1948): java.lang.Exception: Toast callstack! strTip=Send Intent Failed!
09-01 10:14:06.373 W/System.err( 1948): 	at android.widget.Toast.show(Toast.java:130)
09-01 10:14:06.373 W/System.err( 1948): 	at com.android.intentfuzzer.FuzzerActivity$4.onClick(FuzzerActivity.java:186)
09-01 10:14:06.373 W/System.err( 1948): 	at android.view.View.performClick(View.java:5637)
09-01 10:14:06.373 W/System.err( 1948): 	at android.view.View$PerformClick.run(View.java:22429)
09-01 10:14:06.373 W/System.err( 1948): 	at android.os.Handler.handleCallback(Handler.java:751)
09-01 10:14:06.373 W/System.err( 1948): 	at android.os.Handler.dispatchMessage(Handler.java:95)
09-01 10:14:06.373 W/System.err( 1948): 	at android.os.Looper.loop(Looper.java:154)
09-01 10:14:06.373 W/System.err( 1948): 	at android.app.ActivityThread.main(ActivityThread.java:6190)
09-01 10:14:06.373 W/System.err( 1948): 	at java.lang.reflect.Method.invoke(Native Method)
09-01 10:14:06.373 W/System.err( 1948): 	at com.android.internal.os.ZygoteInit$MethodAndArgsCaller.run(ZygoteInit.java:892)
09-01 10:14:06.373 W/System.err( 1948): 	at com.android.internal.os.ZygoteInit.main(ZygoteInit.java:782)
09-01 10:14:06.375 I/ActivityManager( 1282): START u0 {cmp=com.csipsimple/.wizards.impl.MondotalkCreate (has extras)} from uid 10064 on display 0
09-01 10:14:06.375 W/ActivityManager( 1282): Permission Denial: starting Intent { cmp=com.csipsimple/.wizards.impl.MondotalkCreate (has extras) } from ProcessRecord{4ccee7c 1948:com.android.intentfuzzer/u0a64} (pid=1948, uid=10064) not exported from uid 10037
09-01 10:14:06.376 W/System.err( 1948): java.lang.Exception: Toast callstack! strTip=Send Intent Failed!
09-01 10:14:06.376 W/System.err( 1948): 	at android.widget.Toast.show(Toast.java:130)
09-01 10:14:06.376 W/System.err( 1948): 	at com.android.intentfuzzer.FuzzerActivity$4.onClick(FuzzerActivity.java:186)
09-01 10:14:06.376 W/System.err( 1948): 	at android.view.View.performClick(View.java:5637)
09-01 10:14:06.376 W/System.err( 1948): 	at android.view.View$PerformClick.run(View.java:22429)
09-01 10:14:06.377 W/System.err( 1948): 	at android.os.Handler.handleCallback(Handler.java:751)
09-01 10:14:06.377 W/System.err( 1948): 	at android.os.Handler.dispatchMessage(Handler.java:95)
09-01 10:14:06.377 W/System.err( 1948): 	at android.os.Looper.loop(Looper.java:154)
09-01 10:14:06.377 W/System.err( 1948): 	at android.app.ActivityThread.main(ActivityThread.java:6190)
09-01 10:14:06.377 W/System.err( 1948): 	at java.lang.reflect.Method.invoke(Native Method)
09-01 10:14:06.377 W/System.err( 1948): 	at com.android.internal.os.ZygoteInit$MethodAndArgsCaller.run(ZygoteInit.java:892)
09-01 10:14:06.377 W/System.err( 1948): 	at com.android.internal.os.ZygoteInit.main(ZygoteInit.java:782)
09-01 10:14:06.415 E/EGL_adreno( 1083): tid 1083: eglCreateSyncKHR(2089): error 0x3004 (EGL_BAD_ATTRIBUTE)
09-01 10:14:06.472 D/AndroidRuntime( 2297): Shutting down VM
--------- beginning of crash
09-01 10:14:06.477 E/AndroidRuntime( 2297): FATAL EXCEPTION: main
09-01 10:14:06.477 E/AndroidRuntime( 2297): Process: com.csipsimple, PID: 2297
09-01 10:14:06.477 E/AndroidRuntime( 2297): java.lang.RuntimeException: Unable to start activity ComponentInfo{com.csipsimple/com.csipsimple.widgets.ShortcutWidgetConfigure}: java.lang.RuntimeException: Parcelable encountered ClassNotFoundException reading a Serializable object (name = com.android.intentfuzzer.util.SerializableTest)
09-01 10:14:06.477 E/AndroidRuntime( 2297): 	at android.app.ActivityThread.performLaunchActivity(ActivityThread.java:2698)
09-01 10:14:06.477 E/AndroidRuntime( 2297): 	at android.app.ActivityThread.handleLaunchActivity(ActivityThread.java:2759)
09-01 10:14:06.477 E/AndroidRuntime( 2297): 	at android.app.ActivityThread.-wrap12(ActivityThread.java)
09-01 10:14:06.477 E/AndroidRuntime( 2297): 	at android.app.ActivityThread$H.handleMessage(ActivityThread.java:1482)
09-01 10:14:06.477 E/AndroidRuntime( 2297): 	at android.os.Handler.dispatchMessage(Handler.java:102)
09-01 10:14:06.477 E/AndroidRuntime( 2297): 	at android.os.Looper.loop(Looper.java:154)
09-01 10:14:06.477 E/AndroidRuntime( 2297): 	at android.app.ActivityThread.main(ActivityThread.java:6190)
09-01 10:14:06.477 E/AndroidRuntime( 2297): 	at java.lang.reflect.Method.invoke(Native Method)
09-01 10:14:06.477 E/AndroidRuntime( 2297): 	at com.android.internal.os.ZygoteInit$MethodAndArgsCaller.run(ZygoteInit.java:892)
09-01 10:14:06.477 E/AndroidRuntime( 2297): 	at com.android.internal.os.ZygoteInit.main(ZygoteInit.java:782)
09-01 10:14:06.477 E/AndroidRuntime( 2297): Caused by: java.lang.RuntimeException: Parcelable encountered ClassNotFoundException reading a Serializable object (name = com.android.intentfuzzer.util.SerializableTest)
09-01 10:14:06.477 E/AndroidRuntime( 2297): 	at android.os.Parcel.readSerializable(Parcel.java:2630)
09-01 10:14:06.477 E/AndroidRuntime( 2297): 	at android.os.Parcel.readValue(Parcel.java:2416)
09-01 10:14:06.477 E/AndroidRuntime( 2297): 	at android.os.Parcel.readArrayMapInternal(Parcel.java:2732)
09-01 10:14:06.477 E/AndroidRuntime( 2297): 	at android.os.BaseBundle.unparcel(BaseBundle.java:269)
09-01 10:14:06.477 E/AndroidRuntime( 2297): 	at android.os.BaseBundle.getInt(BaseBundle.java:867)
09-01 10:14:06.477 E/AndroidRuntime( 2297): 	at com.csipsimple.widgets.ShortcutWidgetConfigure.onCreate(ShortcutWidgetConfigure.java:82)
09-01 10:14:06.477 E/AndroidRuntime( 2297): 	at android.app.Activity.performCreate(Activity.java:6701)
09-01 10:14:06.477 E/AndroidRuntime( 2297): 	at android.app.Instrumentation.callActivityOnCreate(Instrumentation.java:1118)
09-01 10:14:06.477 E/AndroidRuntime( 2297): 	at android.app.ActivityThread.performLaunchActivity(ActivityThread.java:2651)
09-01 10:14:06.477 E/AndroidRuntime( 2297): 	... 9 more
09-01 10:14:06.477 E/AndroidRuntime( 2297): Caused by: java.lang.ClassNotFoundException: com.android.intentfuzzer.util.SerializableTest
09-01 10:14:06.477 E/AndroidRuntime( 2297): 	at java.lang.Class.classForName(Native Method)
09-01 10:14:06.477 E/AndroidRuntime( 2297): 	at java.lang.Class.forName(Class.java:400)
09-01 10:14:06.477 E/AndroidRuntime( 2297): 	at android.os.Parcel$2.resolveClass(Parcel.java:2616)
09-01 10:14:06.477 E/AndroidRuntime( 2297): 	at java.io.ObjectInputStream.readNonProxyDesc(ObjectInputStream.java:1613)
09-01 10:14:06.477 E/AndroidRuntime( 2297): 	at java.io.ObjectInputStream.readClassDesc(ObjectInputStream.java:1518)
09-01 10:14:06.477 E/AndroidRuntime( 2297): 	at java.io.ObjectInputStream.readOrdinaryObject(ObjectInputStream.java:1772)
09-01 10:14:06.477 E/AndroidRuntime( 2297): 	at java.io.ObjectInputStream.readObject0(ObjectInputStream.java:1351)
09-01 10:14:06.477 E/AndroidRuntime( 2297): 	at java.io.ObjectInputStream.readObject(ObjectInputStream.java:373)
09-01 10:14:06.477 E/AndroidRuntime( 2297): 	at android.os.Parcel.readSerializable(Parcel.java:2624)
09-01 10:14:06.477 E/AndroidRuntime( 2297): 	... 17 more
09-01 10:14:06.477 E/AndroidRuntime( 2297): Caused by: java.lang.ClassNotFoundException: Didn't find class "com.android.intentfuzzer.util.SerializableTest" on path: DexPathList[[zip file "/data/app/com.csipsimple-1/base.apk"],nativeLibraryDirectories=[/data/app/com.csipsimple-1/lib/arm, /system/fake-libs, /data/app/com.csipsimple-1/base.apk!/lib/armeabi-v7a, /system/lib, /vendor/lib]]
09-01 10:14:06.477 E/AndroidRuntime( 2297): 	at dalvik.system.BaseDexClassLoader.findClass(BaseDexClassLoader.java:56)
09-01 10:14:06.477 E/AndroidRuntime( 2297): 	at java.lang.ClassLoader.loadClass(ClassLoader.java:380)
09-01 10:14:06.477 E/AndroidRuntime( 2297): 	at java.lang.ClassLoader.loadClass(ClassLoader.java:312)
09-01 10:14:06.477 E/AndroidRuntime( 2297): 	... 26 more
09-01 10:14:06.480 W/InputMethodManagerService( 1282): Focus gain on non-focused client com.android.internal.view.IInputMethodClient$Stub$Proxy@6014fa5 (uid=10064 pid=1948)
09-01 10:14:06.481 W/ActivityManager( 1282):   Force finishing activity com.csipsimple/.widgets.ShortcutWidgetConfigure
09-01 10:14:06.491 W/System.err( 1282): java.lang.Exception: show AlertDialog! title=CSipSimple
09-01 10:14:06.491 W/System.err( 1282): 	at android.app.AlertDialog.show(AlertDialog.java:134)
09-01 10:14:06.491 W/System.err( 1282): 	at com.android.server.am.AppErrors.handleShowAppErrorUi(AppErrors.java:719)
09-01 10:14:06.491 W/System.err( 1282): 	at com.android.server.am.ActivityManagerService$UiHandler.handleMessage(ActivityManagerService.java:1637)
09-01 10:14:06.491 W/System.err( 1282): 	at android.os.Handler.dispatchMessage(Handler.java:102)
09-01 10:14:06.491 W/System.err( 1282): 	at android.os.Looper.loop(Looper.java:154)
09-01 10:14:06.491 W/System.err( 1282): 	at android.os.HandlerThread.run(HandlerThread.java:61)
09-01 10:14:06.491 W/System.err( 1282): 	at com.android.server.ServiceThread.run(ServiceThread.java:46)
09-01 10:14:06.537 I/art     ( 1282): Background partial concurrent mark sweep GC freed 49704(2MB) AllocSpace objects, 48(956KB) LOS objects, 33% free, 11MB/17MB, paused 7.498ms total 101.768ms
09-01 10:14:06.591 I/HostConnection( 1282): HostConnection::HostConnection: pid=1282, tid=1997, this=0x7fffcbbd3060
09-01 10:14:06.593 I/        ( 1282): fastpipe: Connect success
09-01 10:14:06.594 D/HostConnection( 1282): HostRPC::connect sucess: app=system_server, pid=1282, tid=1997, this=0x7fffcbc60180
09-01 10:14:06.596 D/HostConnection( 1282): queryAndSetGLESMaxVersion select gles-version: 3.1 hostGLVersion:46 process:system_server
09-01 10:14:06.601 E/EGL_adreno( 1948): tid 1965: eglSurfaceAttrib(1338): error 0x3009 (EGL_BAD_MATCH)
09-01 10:14:06.601 W/OpenGLRenderer( 1948): Failed to set EGL_SWAP_BEHAVIOR on surface 0x7fffeb5e42c0, error=EGL_BAD_MATCH
09-01 10:14:06.602 I/OpenGLRenderer( 1282): Initialized EGL, version 1.4
09-01 10:14:06.602 D/OpenGLRenderer( 1282): Swap behavior 1
09-01 10:14:06.603 I/EGL_adreno( 1282): eglCreateContext request GLES major-version=2
09-01 10:14:06.626 D/EGL_adreno( 1282): eglCreateContext: 0x7fffcb827e00: maj 3 min 1 rcv 4
09-01 10:14:06.626 D/EGL_adreno( 1948): eglMakeCurrent: 0x7fffeb43c820: ver 3 1 (tinfo 0x7fffeb40d4a0)
09-01 10:14:06.691 D/EGL_adreno( 1282): eglMakeCurrent: 0x7fffcb827e00: ver 3 1 (tinfo 0x7fffccfa5f40)
09-01 10:14:06.706 D/EGL_adreno( 1948): eglMakeCurrent: 0x7fffeb43c820: ver 3 1 (tinfo 0x7fffeb40d4a0)
09-01 10:14:06.716 E/EGL_adreno( 1282): tid 1997: eglSurfaceAttrib(1338): error 0x3009 (EGL_BAD_MATCH)
09-01 10:14:06.716 W/OpenGLRenderer( 1282): Failed to set EGL_SWAP_BEHAVIOR on surface 0x7fffeb59ab80, error=EGL_BAD_MATCH
09-01 10:14:06.754 D/EGL_adreno( 1282): eglMakeCurrent: 0x7fffcb827e00: ver 3 1 (tinfo 0x7fffccfa5f40)
09-01 10:14:06.987 W/ActivityManager( 1282): Activity pause timeout for ActivityRecord{81b595f u0 com.csipsimple/.widgets.ShortcutWidgetConfigure t3 f}
09-01 10:14:07.054 W/ContextImpl( 1676): Calling a method in the system process without a qualified user: android.app.ContextImpl.startService:1358 android.content.ContextWrapper.startService:613 android.content.ContextWrapper.startService:613 com.android.coreservice.CoreBroadcastReceiver.onReceive:44 android.app.ActivityThread.handleReceiver:3073 
09-01 10:14:09.385 D/audio_hw_hal( 1088): log_func, out_standby
09-01 10:14:09.385 D/audio_hw_hal( 1088): raw_close_output_stream, dev=0xf6e480c0, stream =0xf6e43140
09-01 10:14:09.385 D/audio_hw_hal( 1088): raw_close_output_stream, stream=0xf6e43140,  success!
09-01 10:14:09.801 W/WindowManager( 1282): Attempted to remove non-existing token: android.os.Binder@c768f77
09-01 10:14:09.896 E/EGL_adreno( 1948): tid 1965: eglSurfaceAttrib(1338): error 0x3009 (EGL_BAD_MATCH)
09-01 10:14:09.896 W/OpenGLRenderer( 1948): Failed to set EGL_SWAP_BEHAVIOR on surface 0x7fffeb5e42c0, error=EGL_BAD_MATCH
09-01 10:14:09.903 D/EGL_adreno( 1948): eglMakeCurrent: 0x7fffeb43c820: ver 3 1 (tinfo 0x7fffeb40d4a0)
09-01 10:14:13.305 D/EGL_adreno( 1948): eglMakeCurrent: 0x7fffeb43c820: ver 3 1 (tinfo 0x7fffeb40d4a0)
09-01 10:14:13.318 W/WindowManager( 1282): Attempted to remove non-existing token: android.os.Binder@b3b87e4
09-01 10:14:13.409 E/EGL_adreno( 1948): tid 1965: eglSurfaceAttrib(1338): error 0x3009 (EGL_BAD_MATCH)
09-01 10:14:13.409 W/OpenGLRenderer( 1948): Failed to set EGL_SWAP_BEHAVIOR on surface 0x7fffeb5e42c0, error=EGL_BAD_MATCH
09-01 10:14:13.419 D/EGL_adreno( 1948): eglMakeCurrent: 0x7fffeb43c820: ver 3 1 (tinfo 0x7fffeb40d4a0)
09-01 10:14:13.752 D/WifiStateMachine( 1282): setScanResults mScanResults.size=1
09-01 10:14:16.292 W/ActivityManager( 1282): Launch timeout has expired, giving up wake lock!
09-01 10:14:16.830 D/EGL_adreno( 1948): eglMakeCurrent: 0x7fffeb43c820: ver 3 1 (tinfo 0x7fffeb40d4a0)
09-01 10:14:16.835 W/WindowManager( 1282): Attempted to remove non-existing token: android.os.Binder@a18844d
09-01 10:14:16.930 E/EGL_adreno( 1948): tid 1965: eglSurfaceAttrib(1338): error 0x3009 (EGL_BAD_MATCH)
09-01 10:14:16.930 W/OpenGLRenderer( 1948): Failed to set EGL_SWAP_BEHAVIOR on surface 0x7fffeb5e42c0, error=EGL_BAD_MATCH
09-01 10:14:16.936 D/EGL_adreno( 1948): eglMakeCurrent: 0x7fffeb43c820: ver 3 1 (tinfo 0x7fffeb40d4a0)
09-01 10:14:20.353 D/EGL_adreno( 1948): eglMakeCurrent: 0x7fffeb43c820: ver 3 1 (tinfo 0x7fffeb40d4a0)
09-01 10:14:20.368 W/WindowManager( 1282): Attempted to remove non-existing token: android.os.Binder@54dfb02
09-01 10:14:20.461 E/EGL_adreno( 1948): tid 1965: eglSurfaceAttrib(1338): error 0x3009 (EGL_BAD_MATCH)
09-01 10:14:20.461 W/OpenGLRenderer( 1948): Failed to set EGL_SWAP_BEHAVIOR on surface 0x7fffeb5e42c0, error=EGL_BAD_MATCH
09-01 10:14:20.469 D/EGL_adreno( 1948): eglMakeCurrent: 0x7fffeb43c820: ver 3 1 (tinfo 0x7fffeb40d4a0)
09-01 10:14:23.950 D/EGL_adreno( 1948): eglMakeCurrent: 0x7fffeb43c820: ver 3 1 (tinfo 0x7fffeb40d4a0)
09-01 10:14:23.951 W/WindowManager( 1282): Attempted to remove non-existing token: android.os.Binder@a3aac13
09-01 10:14:24.062 E/EGL_adreno( 1948): tid 1965: eglSurfaceAttrib(1338): error 0x3009 (EGL_BAD_MATCH)
09-01 10:14:24.062 W/OpenGLRenderer( 1948): Failed to set EGL_SWAP_BEHAVIOR on surface 0x7fffeb5e42c0, error=EGL_BAD_MATCH
09-01 10:14:24.069 D/EGL_adreno( 1948): eglMakeCurrent: 0x7fffeb43c820: ver 3 1 (tinfo 0x7fffeb40d4a0)
09-01 10:14:27.459 D/EGL_adreno( 1948): eglMakeCurrent: 0x7fffeb43c820: ver 3 1 (tinfo 0x7fffeb40d4a0)
09-01 10:14:27.468 W/WindowManager( 1282): Attempted to remove non-existing token: android.os.Binder@51b3e50
09-01 10:14:27.564 E/EGL_adreno( 1948): tid 1965: eglSurfaceAttrib(1338): error 0x3009 (EGL_BAD_MATCH)
09-01 10:14:27.564 W/OpenGLRenderer( 1948): Failed to set EGL_SWAP_BEHAVIOR on surface 0x7fffeb5e42c0, error=EGL_BAD_MATCH
09-01 10:14:27.569 D/EGL_adreno( 1948): eglMakeCurrent: 0x7fffeb43c820: ver 3 1 (tinfo 0x7fffeb40d4a0)
09-01 10:14:30.975 D/EGL_adreno( 1948): eglMakeCurrent: 0x7fffeb43c820: ver 3 1 (tinfo 0x7fffeb40d4a0)
09-01 10:14:30.984 W/WindowManager( 1282): Attempted to remove non-existing token: android.os.Binder@b761849
09-01 10:14:31.080 E/EGL_adreno( 1948): tid 1965: eglSurfaceAttrib(1338): error 0x3009 (EGL_BAD_MATCH)
09-01 10:14:31.080 W/OpenGLRenderer( 1948): Failed to set EGL_SWAP_BEHAVIOR on surface 0x7fffeb5e42c0, error=EGL_BAD_MATCH
09-01 10:14:31.086 D/EGL_adreno( 1948): eglMakeCurrent: 0x7fffeb43c820: ver 3 1 (tinfo 0x7fffeb40d4a0)
09-01 10:14:34.493 D/EGL_adreno( 1948): eglMakeCurrent: 0x7fffeb43c820: ver 3 1 (tinfo 0x7fffeb40d4a0)
09-01 10:14:34.503 W/WindowManager( 1282): Attempted to remove non-existing token: android.os.Binder@e24c54e
09-01 10:14:34.610 E/EGL_adreno( 1948): tid 1965: eglSurfaceAttrib(1338): error 0x3009 (EGL_BAD_MATCH)
09-01 10:14:34.610 W/OpenGLRenderer( 1948): Failed to set EGL_SWAP_BEHAVIOR on surface 0x7fffeb5e42c0, error=EGL_BAD_MATCH
09-01 10:14:34.612 D/EGL_adreno( 1948): eglMakeCurrent: 0x7fffeb43c820: ver 3 1 (tinfo 0x7fffeb40d4a0)
09-01 10:14:38.041 D/EGL_adreno( 1948): eglMakeCurrent: 0x7fffeb43c820: ver 3 1 (tinfo 0x7fffeb40d4a0)
09-01 10:14:38.051 W/WindowManager( 1282): Attempted to remove non-existing token: android.os.Binder@219f66f
09-01 10:14:38.146 E/EGL_adreno( 1948): tid 1965: eglSurfaceAttrib(1338): error 0x3009 (EGL_BAD_MATCH)
09-01 10:14:38.146 W/OpenGLRenderer( 1948): Failed to set EGL_SWAP_BEHAVIOR on surface 0x7fffeb5e42c0, error=EGL_BAD_MATCH
09-01 10:14:38.153 D/EGL_adreno( 1948): eglMakeCurrent: 0x7fffeb43c820: ver 3 1 (tinfo 0x7fffeb40d4a0)
09-01 10:14:41.557 D/EGL_adreno( 1948): eglMakeCurrent: 0x7fffeb43c820: ver 3 1 (tinfo 0x7fffeb40d4a0)
09-01 10:14:41.568 W/WindowManager( 1282): Attempted to remove non-existing token: android.os.Binder@6fdef7c
09-01 10:14:41.662 E/EGL_adreno( 1948): tid 1965: eglSurfaceAttrib(1338): error 0x3009 (EGL_BAD_MATCH)
09-01 10:14:41.662 W/OpenGLRenderer( 1948): Failed to set EGL_SWAP_BEHAVIOR on surface 0x7fffeb5e42c0, error=EGL_BAD_MATCH
09-01 10:14:41.670 D/EGL_adreno( 1948): eglMakeCurrent: 0x7fffeb43c820: ver 3 1 (tinfo 0x7fffeb40d4a0)
09-01 10:14:45.084 D/EGL_adreno( 1948): eglMakeCurrent: 0x7fffeb43c820: ver 3 1 (tinfo 0x7fffeb40d4a0)
09-01 10:14:45.085 W/WindowManager( 1282): Attempted to remove non-existing token: android.os.Binder@efef005
09-01 10:14:45.196 E/EGL_adreno( 1948): tid 1965: eglSurfaceAttrib(1338): error 0x3009 (EGL_BAD_MATCH)
09-01 10:14:45.196 W/OpenGLRenderer( 1948): Failed to set EGL_SWAP_BEHAVIOR on surface 0x7fffeb5e42c0, error=EGL_BAD_MATCH
09-01 10:14:45.203 D/EGL_adreno( 1948): eglMakeCurrent: 0x7fffeb43c820: ver 3 1 (tinfo 0x7fffeb40d4a0)
09-01 10:14:48.591 D/EGL_adreno( 1948): eglMakeCurrent: 0x7fffeb43c820: ver 3 1 (tinfo 0x7fffeb40d4a0)
09-01 10:14:48.601 W/WindowManager( 1282): Attempted to remove non-existing token: android.os.Binder@88be85a
09-01 10:14:48.695 E/EGL_adreno( 1948): tid 1965: eglSurfaceAttrib(1338): error 0x3009 (EGL_BAD_MATCH)
09-01 10:14:48.695 W/OpenGLRenderer( 1948): Failed to set EGL_SWAP_BEHAVIOR on surface 0x7fffeb5e42c0, error=EGL_BAD_MATCH
09-01 10:14:48.702 D/EGL_adreno( 1948): eglMakeCurrent: 0x7fffeb43c820: ver 3 1 (tinfo 0x7fffeb40d4a0)
09-01 10:14:52.108 D/EGL_adreno( 1948): eglMakeCurrent: 0x7fffeb43c820: ver 3 1 (tinfo 0x7fffeb40d4a0)
09-01 10:14:52.118 W/WindowManager( 1282): Attempted to remove non-existing token: android.os.Binder@3f98a8b
09-01 10:14:52.245 E/EGL_adreno( 1948): tid 1965: eglSurfaceAttrib(1338): error 0x3009 (EGL_BAD_MATCH)
09-01 10:14:52.246 W/OpenGLRenderer( 1948): Failed to set EGL_SWAP_BEHAVIOR on surface 0x7fffeb5e42c0, error=EGL_BAD_MATCH
09-01 10:14:52.253 D/EGL_adreno( 1948): eglMakeCurrent: 0x7fffeb43c820: ver 3 1 (tinfo 0x7fffeb40d4a0)
09-01 10:14:55.627 D/EGL_adreno( 1948): eglMakeCurrent: 0x7fffeb43c820: ver 3 1 (tinfo 0x7fffeb40d4a0)
09-01 10:14:55.634 W/WindowManager( 1282): Attempted to remove non-existing token: android.os.Binder@4838781
09-01 10:14:55.814 E/EGL_adreno( 1948): tid 1965: eglSurfaceAttrib(1338): error 0x3009 (EGL_BAD_MATCH)
09-01 10:14:55.814 W/OpenGLRenderer( 1948): Failed to set EGL_SWAP_BEHAVIOR on surface 0x7fffeb5e42c0, error=EGL_BAD_MATCH
09-01 10:14:55.819 D/EGL_adreno( 1948): eglMakeCurrent: 0x7fffeb43c820: ver 3 1 (tinfo 0x7fffeb40d4a0)
09-01 10:14:59.142 D/EGL_adreno( 1948): eglMakeCurrent: 0x7fffeb43c820: ver 3 1 (tinfo 0x7fffeb40d4a0)
09-01 10:14:59.151 W/WindowManager( 1282): Attempted to remove non-existing token: android.os.Binder@e103026
09-01 10:14:59.245 E/EGL_adreno( 1948): tid 1965: eglSurfaceAttrib(1338): error 0x3009 (EGL_BAD_MATCH)
09-01 10:14:59.245 W/OpenGLRenderer( 1948): Failed to set EGL_SWAP_BEHAVIOR on surface 0x7fffeb5e42c0, error=EGL_BAD_MATCH
09-01 10:14:59.253 D/EGL_adreno( 1948): eglMakeCurrent: 0x7fffeb43c820: ver 3 1 (tinfo 0x7fffeb40d4a0)
09-01 10:15:02.692 D/EGL_adreno( 1948): eglMakeCurrent: 0x7fffeb43c820: ver 3 1 (tinfo 0x7fffeb40d4a0)
09-01 10:15:02.701 W/WindowManager( 1282): Attempted to remove non-existing token: android.os.Binder@ef44467
09-01 10:15:02.829 E/EGL_adreno( 1948): tid 1965: eglSurfaceAttrib(1338): error 0x3009 (EGL_BAD_MATCH)
09-01 10:15:02.829 W/OpenGLRenderer( 1948): Failed to set EGL_SWAP_BEHAVIOR on surface 0x7fffeb5e42c0, error=EGL_BAD_MATCH
09-01 10:15:02.836 D/EGL_adreno( 1948): eglMakeCurrent: 0x7fffeb43c820: ver 3 1 (tinfo 0x7fffeb40d4a0)
09-01 10:15:06.217 W/WindowManager( 1282): Attempted to remove non-existing token: android.os.Binder@982b214
09-01 10:15:06.218 D/EGL_adreno( 1948): eglMakeCurrent: 0x7fffeb43c820: ver 3 1 (tinfo 0x7fffeb40d4a0)
09-01 10:15:06.329 E/EGL_adreno( 1948): tid 1965: eglSurfaceAttrib(1338): error 0x3009 (EGL_BAD_MATCH)
09-01 10:15:06.329 W/OpenGLRenderer( 1948): Failed to set EGL_SWAP_BEHAVIOR on surface 0x7fffeb5e42c0, error=EGL_BAD_MATCH
09-01 10:15:06.336 D/EGL_adreno( 1948): eglMakeCurrent: 0x7fffeb43c820: ver 3 1 (tinfo 0x7fffeb40d4a0)
09-01 10:15:09.729 D/EGL_adreno( 1948): eglMakeCurrent: 0x7fffeb43c820: ver 3 1 (tinfo 0x7fffeb40d4a0)
09-01 10:15:09.734 W/WindowManager( 1282): Attempted to remove non-existing token: android.os.Binder@e601abd
09-01 10:15:09.828 E/EGL_adreno( 1948): tid 1965: eglSurfaceAttrib(1338): error 0x3009 (EGL_BAD_MATCH)
09-01 10:15:09.828 W/OpenGLRenderer( 1948): Failed to set EGL_SWAP_BEHAVIOR on surface 0x7fffeb5e42c0, error=EGL_BAD_MATCH
09-01 10:15:09.836 D/EGL_adreno( 1948): eglMakeCurrent: 0x7fffeb43c820: ver 3 1 (tinfo 0x7fffeb40d4a0)
09-01 10:15:13.247 D/EGL_adreno( 1948): eglMakeCurrent: 0x7fffeb43c820: ver 3 1 (tinfo 0x7fffeb40d4a0)
09-01 10:15:13.251 W/WindowManager( 1282): Attempted to remove non-existing token: android.os.Binder@23f28b2
09-01 10:15:13.365 E/EGL_adreno( 1948): tid 1965: eglSurfaceAttrib(1338): error 0x3009 (EGL_BAD_MATCH)
09-01 10:15:13.365 W/OpenGLRenderer( 1948): Failed to set EGL_SWAP_BEHAVIOR on surface 0x7fffeb5e42c0, error=EGL_BAD_MATCH
09-01 10:15:13.370 D/EGL_adreno( 1948): eglMakeCurrent: 0x7fffeb43c820: ver 3 1 (tinfo 0x7fffeb40d4a0)
09-01 10:15:16.760 D/EGL_adreno( 1948): eglMakeCurrent: 0x7fffeb43c820: ver 3 1 (tinfo 0x7fffeb40d4a0)
09-01 10:15:16.767 W/WindowManager( 1282): Attempted to remove non-existing token: android.os.Binder@1f31dfe
09-01 10:15:16.875 E/EGL_adreno( 1948): tid 1965: eglSurfaceAttrib(1338): error 0x3009 (EGL_BAD_MATCH)
09-01 10:15:16.875 W/OpenGLRenderer( 1948): Failed to set EGL_SWAP_BEHAVIOR on surface 0x7fffeb5e42c0, error=EGL_BAD_MATCH
09-01 10:15:16.876 D/EGL_adreno( 1948): eglMakeCurrent: 0x7fffeb43c820: ver 3 1 (tinfo 0x7fffeb40d4a0)
09-01 10:15:20.286 D/EGL_adreno( 1948): eglMakeCurrent: 0x7fffeb43c820: ver 3 1 (tinfo 0x7fffeb40d4a0)
09-01 10:15:20.302 W/WindowManager( 1282): Attempted to remove non-existing token: android.os.Binder@b5f1c0a
09-01 10:15:20.396 E/EGL_adreno( 1948): tid 1965: eglSurfaceAttrib(1338): error 0x3009 (EGL_BAD_MATCH)
09-01 10:15:20.396 W/OpenGLRenderer( 1948): Failed to set EGL_SWAP_BEHAVIOR on surface 0x7fffeb5e42c0, error=EGL_BAD_MATCH
09-01 10:15:20.403 D/EGL_adreno( 1948): eglMakeCurrent: 0x7fffeb43c820: ver 3 1 (tinfo 0x7fffeb40d4a0)
09-01 10:15:23.816 D/EGL_adreno( 1948): eglMakeCurrent: 0x7fffeb43c820: ver 3 1 (tinfo 0x7fffeb40d4a0)
09-01 10:15:23.818 W/WindowManager( 1282): Attempted to remove non-existing token: android.os.Binder@bc62c7b
09-01 10:15:23.928 E/EGL_adreno( 1948): tid 1965: eglSurfaceAttrib(1338): error 0x3009 (EGL_BAD_MATCH)
09-01 10:15:23.928 W/OpenGLRenderer( 1948): Failed to set EGL_SWAP_BEHAVIOR on surface 0x7fffeb5e42c0, error=EGL_BAD_MATCH
09-01 10:15:23.935 D/EGL_adreno( 1948): eglMakeCurrent: 0x7fffeb43c820: ver 3 1 (tinfo 0x7fffeb40d4a0)
09-01 10:15:27.325 D/EGL_adreno( 1948): eglMakeCurrent: 0x7fffeb43c820: ver 3 1 (tinfo 0x7fffeb40d4a0)
09-01 10:15:27.335 W/WindowManager( 1282): Attempted to remove non-existing token: android.os.Binder@7109a98
09-01 10:15:27.471 E/EGL_adreno( 1948): tid 1965: eglSurfaceAttrib(1338): error 0x3009 (EGL_BAD_MATCH)
09-01 10:15:27.471 W/OpenGLRenderer( 1948): Failed to set EGL_SWAP_BEHAVIOR on surface 0x7fffeb5e42c0, error=EGL_BAD_MATCH
09-01 10:15:27.473 D/EGL_adreno( 1948): eglMakeCurrent: 0x7fffeb43c820: ver 3 1 (tinfo 0x7fffeb40d4a0)
09-01 10:15:30.841 D/EGL_adreno( 1948): eglMakeCurrent: 0x7fffeb43c820: ver 3 1 (tinfo 0x7fffeb40d4a0)
09-01 10:15:30.851 W/WindowManager( 1282): Attempted to remove non-existing token: android.os.Binder@abc52f1
09-01 10:15:30.948 E/EGL_adreno( 1948): tid 1965: eglSurfaceAttrib(1338): error 0x3009 (EGL_BAD_MATCH)
09-01 10:15:30.948 W/OpenGLRenderer( 1948): Failed to set EGL_SWAP_BEHAVIOR on surface 0x7fffeb5e42c0, error=EGL_BAD_MATCH
09-01 10:15:30.952 D/EGL_adreno( 1948): eglMakeCurrent: 0x7fffeb43c820: ver 3 1 (tinfo 0x7fffeb40d4a0)
09-01 10:15:34.356 D/EGL_adreno( 1948): eglMakeCurrent: 0x7fffeb43c820: ver 3 1 (tinfo 0x7fffeb40d4a0)
09-01 10:15:34.368 W/WindowManager( 1282): Attempted to remove non-existing token: android.os.Binder@adaeed6
