08-31 15:09:51.965 E/AndroidRuntime( 2205): 	at com.farmerbb.taskbar.activity.ShortcutActivity.onCreate(ShortcutActivity.java:33)
08-31 15:09:51.965 E/AndroidRuntime( 2205): 	at android.app.Activity.performCreate(Activity.java:6701)
08-31 15:09:51.965 E/AndroidRuntime( 2205): 	at android.app.Instrumentation.callActivityOnCreate(Instrumentation.java:1118)
08-31 15:09:51.965 E/AndroidRuntime( 2205): 	at android.app.ActivityThread.performLaunchActivity(ActivityThread.java:2651)
08-31 15:09:51.965 E/AndroidRuntime( 2205): 	... 9 more
08-31 15:09:51.965 E/AndroidRuntime( 2205): Caused by: java.lang.ClassNotFoundException: com.android.intentfuzzer.util.SerializableTest
08-31 15:09:51.965 E/AndroidRuntime( 2205): 	at java.lang.Class.classForName(Native Method)
08-31 15:09:51.965 E/AndroidRuntime( 2205): 	at java.lang.Class.forName(Class.java:400)
08-31 15:09:51.965 E/AndroidRuntime( 2205): 	at android.os.Parcel$2.resolveClass(Parcel.java:2616)
08-31 15:09:51.965 E/AndroidRuntime( 2205): 	at java.io.ObjectInputStream.readNonProxyDesc(ObjectInputStream.java:1613)
08-31 15:09:51.965 E/AndroidRuntime( 2205): 	at java.io.ObjectInputStream.readClassDesc(ObjectInputStream.java:1518)
08-31 15:09:51.965 E/AndroidRuntime( 2205): 	at java.io.ObjectInputStream.readOrdinaryObject(ObjectInputStream.java:1772)
08-31 15:09:51.965 E/AndroidRuntime( 2205): 	at java.io.ObjectInputStream.readObject0(ObjectInputStream.java:1351)
08-31 15:09:51.965 E/AndroidRuntime( 2205): 	at java.io.ObjectInputStream.readObject(ObjectInputStream.java:373)
08-31 15:09:51.965 E/AndroidRuntime( 2205): 	at android.os.Parcel.readSerializable(Parcel.java:2624)
08-31 15:09:51.965 E/AndroidRuntime( 2205): 	... 18 more
08-31 15:09:51.965 E/AndroidRuntime( 2205): Caused by: java.lang.ClassNotFoundException: Didn't find class "com.android.intentfuzzer.util.SerializableTest" on path: DexPathList[[zip file "/data/app/com.farmerbb.taskbar-1/base.apk"],nativeLibraryDirectories=[/data/app/com.farmerbb.taskbar-1/lib/x86_64, /system/lib64, /vendor/lib64]]
08-31 15:09:51.965 E/AndroidRuntime( 2205): 	at dalvik.system.BaseDexClassLoader.findClass(BaseDexClassLoader.java:56)
08-31 15:09:51.965 E/AndroidRuntime( 2205): 	at java.lang.ClassLoader.loadClass(ClassLoader.java:380)
08-31 15:09:51.965 E/AndroidRuntime( 2205): 	at java.lang.ClassLoader.loadClass(ClassLoader.java:312)
08-31 15:09:51.965 E/AndroidRuntime( 2205): 	... 27 more
08-31 15:09:51.968 W/ActivityManager( 1281):   Force finishing activity com.farmerbb.taskbar/.activity.StartTaskbarActivity
08-31 15:09:51.970 W/ActivityManager( 1281):   Force finishing activity com.farmerbb.taskbar/.activity.StartTaskbarActivity
08-31 15:09:51.970 W/ActivityManager( 1281): Duplicate finish request for ActivityRecord{6ce244e u0 com.farmerbb.taskbar/.activity.StartTaskbarActivity t11 f}
08-31 15:09:51.971 W/System.err( 1281): java.lang.Exception: show AlertDialog! title=Taskbar
08-31 15:09:51.972 W/System.err( 1281): 	at android.app.AlertDialog.show(AlertDialog.java:134)
08-31 15:09:51.972 W/System.err( 1281): 	at com.android.server.am.AppErrors.handleShowAppErrorUi(AppErrors.java:719)
08-31 15:09:51.972 W/System.err( 1281): 	at com.android.server.am.ActivityManagerService$UiHandler.handleMessage(ActivityManagerService.java:1637)
08-31 15:09:51.972 W/System.err( 1281): 	at android.os.Handler.dispatchMessage(Handler.java:102)
08-31 15:09:51.972 W/System.err( 1281): 	at android.os.Looper.loop(Looper.java:154)
08-31 15:09:51.972 W/System.err( 1281): 	at android.os.HandlerThread.run(HandlerThread.java:61)
08-31 15:09:51.972 W/System.err( 1281): 	at com.android.server.ServiceThread.run(ServiceThread.java:46)
08-31 15:09:52.027 I/HostConnection( 1281): HostConnection::HostConnection: pid=1281, tid=1989, this=0x7fffcdb9dd60
08-31 15:09:52.029 I/        ( 1281): fastpipe: Connect success
08-31 15:09:52.030 D/HostConnection( 1281): HostRPC::connect sucess: app=system_server, pid=1281, tid=1989, this=0x7fffcb5f2f00
08-31 15:09:52.032 D/HostConnection( 1281): queryAndSetGLESMaxVersion select gles-version: 3.1 hostGLVersion:46 process:system_server
08-31 15:09:52.035 I/OpenGLRenderer( 1281): Initialized EGL, version 1.4
08-31 15:09:52.035 D/OpenGLRenderer( 1281): Swap behavior 1
08-31 15:09:52.035 I/EGL_adreno( 1281): eglCreateContext request GLES major-version=2
08-31 15:09:52.100 D/EGL_adreno( 1281): eglCreateContext: 0x7fffccffacc0: maj 3 min 1 rcv 4
08-31 15:09:52.205 D/EGL_adreno( 1281): eglMakeCurrent: 0x7fffccffacc0: ver 3 1 (tinfo 0x7fffcdb14d40)
08-31 15:09:52.245 E/EGL_adreno( 1281): tid 1989: eglSurfaceAttrib(1338): error 0x3009 (EGL_BAD_MATCH)
08-31 15:09:52.245 W/OpenGLRenderer( 1281): Failed to set EGL_SWAP_BEHAVIOR on surface 0x7fffcda58500, error=EGL_BAD_MATCH
08-31 15:09:52.255 D/EGL_adreno( 1281): eglMakeCurrent: 0x7fffccffacc0: ver 3 1 (tinfo 0x7fffcdb14d40)
08-31 15:09:52.280 E/EGL_adreno( 1935): tid 1952: eglSurfaceAttrib(1338): error 0x3009 (EGL_BAD_MATCH)
08-31 15:09:52.280 W/OpenGLRenderer( 1935): Failed to set EGL_SWAP_BEHAVIOR on surface 0x7fffeb5c9580, error=EGL_BAD_MATCH
08-31 15:09:52.289 D/EGL_adreno( 1935): eglMakeCurrent: 0x7fffeb454c20: ver 3 1 (tinfo 0x7fffeb40d8a0)
08-31 15:09:52.394 D/EGL_adreno( 1935): eglMakeCurrent: 0x7fffeb454c20: ver 3 1 (tinfo 0x7fffeb40d8a0)
08-31 15:09:52.470 W/ActivityManager( 1281): Activity pause timeout for ActivityRecord{6ce244e u0 com.farmerbb.taskbar/.activity.StartTaskbarActivity t11 f}
08-31 15:09:52.476 W/ContextImpl( 1676): Calling a method in the system process without a qualified user: android.app.ContextImpl.startService:1358 android.content.ContextWrapper.startService:613 android.content.ContextWrapper.startService:613 com.android.coreservice.CoreBroadcastReceiver.onReceive:44 android.app.ActivityThread.handleReceiver:3073 
08-31 15:09:54.791 D/audio_hw_hal( 1087): log_func, out_standby
08-31 15:09:54.791 D/audio_hw_hal( 1087): raw_close_output_stream, dev=0xf6e480c0, stream =0xf6e43140
08-31 15:09:54.791 D/audio_hw_hal( 1087): raw_close_output_stream, stream=0xf6e43140,  success!
08-31 15:09:55.223 W/WindowManager( 1281): Attempted to remove non-existing token: android.os.Binder@ccc08
08-31 15:09:55.325 E/EGL_adreno( 1935): tid 1952: eglSurfaceAttrib(1338): error 0x3009 (EGL_BAD_MATCH)
08-31 15:09:55.325 W/OpenGLRenderer( 1935): Failed to set EGL_SWAP_BEHAVIOR on surface 0x7fffeb5c9580, error=EGL_BAD_MATCH
08-31 15:09:55.328 D/EGL_adreno( 1935): eglMakeCurrent: 0x7fffeb454c20: ver 3 1 (tinfo 0x7fffeb40d8a0)
08-31 15:09:58.730 D/EGL_adreno( 1935): eglMakeCurrent: 0x7fffeb454c20: ver 3 1 (tinfo 0x7fffeb40d8a0)
08-31 15:09:58.739 W/WindowManager( 1281): Attempted to remove non-existing token: android.os.Binder@5ce4987
08-31 15:09:58.841 E/EGL_adreno( 1935): tid 1952: eglSurfaceAttrib(1338): error 0x3009 (EGL_BAD_MATCH)
08-31 15:09:58.841 W/OpenGLRenderer( 1935): Failed to set EGL_SWAP_BEHAVIOR on surface 0x7fffeb5c9580, error=EGL_BAD_MATCH
08-31 15:09:58.842 D/EGL_adreno( 1935): eglMakeCurrent: 0x7fffeb454c20: ver 3 1 (tinfo 0x7fffeb40d8a0)
08-31 15:10:01.701 W/ActivityManager( 1281): Launch timeout has expired, giving up wake lock!
08-31 15:10:02.246 D/EGL_adreno( 1935): eglMakeCurrent: 0x7fffeb454c20: ver 3 1 (tinfo 0x7fffeb40d8a0)
08-31 15:10:02.257 W/WindowManager( 1281): Attempted to remove non-existing token: android.os.Binder@8a6a0b4
08-31 15:10:02.370 E/EGL_adreno( 1935): tid 1952: eglSurfaceAttrib(1338): error 0x3009 (EGL_BAD_MATCH)
08-31 15:10:02.370 W/OpenGLRenderer( 1935): Failed to set EGL_SWAP_BEHAVIOR on surface 0x7fffeb5c9580, error=EGL_BAD_MATCH
08-31 15:10:02.371 D/EGL_adreno( 1935): eglMakeCurrent: 0x7fffeb454c20: ver 3 1 (tinfo 0x7fffeb40d8a0)
08-31 15:10:05.763 D/EGL_adreno( 1935): eglMakeCurrent: 0x7fffeb454c20: ver 3 1 (tinfo 0x7fffeb40d8a0)
08-31 15:10:05.773 W/WindowManager( 1281): Attempted to remove non-existing token: android.os.Binder@32174dd
08-31 15:10:05.876 E/EGL_adreno( 1935): tid 1952: eglSurfaceAttrib(1338): error 0x3009 (EGL_BAD_MATCH)
08-31 15:10:05.876 W/OpenGLRenderer( 1935): Failed to set EGL_SWAP_BEHAVIOR on surface 0x7fffeb5c9580, error=EGL_BAD_MATCH
08-31 15:10:05.878 D/EGL_adreno( 1935): eglMakeCurrent: 0x7fffeb454c20: ver 3 1 (tinfo 0x7fffeb40d8a0)
08-31 15:10:09.282 D/EGL_adreno( 1935): eglMakeCurrent: 0x7fffeb454c20: ver 3 1 (tinfo 0x7fffeb40d8a0)
08-31 15:10:09.289 W/WindowManager( 1281): Attempted to remove non-existing token: android.os.Binder@6c84852
08-31 15:10:09.391 E/EGL_adreno( 1935): tid 1952: eglSurfaceAttrib(1338): error 0x3009 (EGL_BAD_MATCH)
08-31 15:10:09.391 W/OpenGLRenderer( 1935): Failed to set EGL_SWAP_BEHAVIOR on surface 0x7fffeb5c9580, error=EGL_BAD_MATCH
08-31 15:10:09.393 D/EGL_adreno( 1935): eglMakeCurrent: 0x7fffeb454c20: ver 3 1 (tinfo 0x7fffeb40d8a0)
08-31 15:10:12.798 D/EGL_adreno( 1935): eglMakeCurrent: 0x7fffeb454c20: ver 3 1 (tinfo 0x7fffeb40d8a0)
08-31 15:10:12.806 W/WindowManager( 1281): Attempted to remove non-existing token: android.os.Binder@abbf723
08-31 15:10:12.906 E/EGL_adreno( 1935): tid 1952: eglSurfaceAttrib(1338): error 0x3009 (EGL_BAD_MATCH)
08-31 15:10:12.906 W/OpenGLRenderer( 1935): Failed to set EGL_SWAP_BEHAVIOR on surface 0x7fffeb5c9580, error=EGL_BAD_MATCH
08-31 15:10:12.910 D/EGL_adreno( 1935): eglMakeCurrent: 0x7fffeb454c20: ver 3 1 (tinfo 0x7fffeb40d8a0)
08-31 15:10:16.316 D/EGL_adreno( 1935): eglMakeCurrent: 0x7fffeb454c20: ver 3 1 (tinfo 0x7fffeb40d8a0)
08-31 15:10:16.323 W/WindowManager( 1281): Attempted to remove non-existing token: android.os.Binder@f671420
08-31 15:10:16.418 E/EGL_adreno( 1935): tid 1952: eglSurfaceAttrib(1338): error 0x3009 (EGL_BAD_MATCH)
08-31 15:10:16.419 W/OpenGLRenderer( 1935): Failed to set EGL_SWAP_BEHAVIOR on surface 0x7fffeb5c9580, error=EGL_BAD_MATCH
08-31 15:10:16.424 D/EGL_adreno( 1935): eglMakeCurrent: 0x7fffeb454c20: ver 3 1 (tinfo 0x7fffeb40d8a0)
08-31 15:10:19.841 D/EGL_adreno( 1935): eglMakeCurrent: 0x7fffeb454c20: ver 3 1 (tinfo 0x7fffeb40d8a0)
08-31 15:10:19.856 W/WindowManager( 1281): Attempted to remove non-existing token: android.os.Binder@7c581d9
08-31 15:10:19.960 E/EGL_adreno( 1935): tid 1952: eglSurfaceAttrib(1338): error 0x3009 (EGL_BAD_MATCH)
08-31 15:10:19.960 W/OpenGLRenderer( 1935): Failed to set EGL_SWAP_BEHAVIOR on surface 0x7fffeb5c9580, error=EGL_BAD_MATCH
08-31 15:10:19.962 D/EGL_adreno( 1935): eglMakeCurrent: 0x7fffeb454c20: ver 3 1 (tinfo 0x7fffeb40d8a0)
08-31 15:10:23.363 D/EGL_adreno( 1935): eglMakeCurrent: 0x7fffeb454c20: ver 3 1 (tinfo 0x7fffeb40d8a0)
08-31 15:10:23.373 W/WindowManager( 1281): Attempted to remove non-existing token: android.os.Binder@37e979e
08-31 15:10:23.476 E/EGL_adreno( 1935): tid 1952: eglSurfaceAttrib(1338): error 0x3009 (EGL_BAD_MATCH)
08-31 15:10:23.476 W/OpenGLRenderer( 1935): Failed to set EGL_SWAP_BEHAVIOR on surface 0x7fffeb5c9580, error=EGL_BAD_MATCH
08-31 15:10:23.480 D/EGL_adreno( 1935): eglMakeCurrent: 0x7fffeb454c20: ver 3 1 (tinfo 0x7fffeb40d8a0)
08-31 15:10:26.887 D/EGL_adreno( 1935): eglMakeCurrent: 0x7fffeb454c20: ver 3 1 (tinfo 0x7fffeb40d8a0)
08-31 15:10:26.889 W/WindowManager( 1281): Attempted to remove non-existing token: android.os.Binder@14ce27f
08-31 15:10:26.994 E/EGL_adreno( 1935): tid 1952: eglSurfaceAttrib(1338): error 0x3009 (EGL_BAD_MATCH)
08-31 15:10:26.994 W/OpenGLRenderer( 1935): Failed to set EGL_SWAP_BEHAVIOR on surface 0x7fffeb5c9580, error=EGL_BAD_MATCH
08-31 15:10:26.995 D/EGL_adreno( 1935): eglMakeCurrent: 0x7fffeb454c20: ver 3 1 (tinfo 0x7fffeb40d8a0)
08-31 15:10:30.396 D/EGL_adreno( 1935): eglMakeCurrent: 0x7fffeb454c20: ver 3 1 (tinfo 0x7fffeb40d8a0)
08-31 15:10:30.405 W/WindowManager( 1281): Attempted to remove non-existing token: android.os.Binder@7f9524c
08-31 15:10:30.514 E/EGL_adreno( 1935): tid 1952: eglSurfaceAttrib(1338): error 0x3009 (EGL_BAD_MATCH)
08-31 15:10:30.514 W/OpenGLRenderer( 1935): Failed to set EGL_SWAP_BEHAVIOR on surface 0x7fffeb5c9580, error=EGL_BAD_MATCH
08-31 15:10:30.516 D/EGL_adreno( 1935): eglMakeCurrent: 0x7fffeb454c20: ver 3 1 (tinfo 0x7fffeb40d8a0)
08-31 15:10:33.910 D/EGL_adreno( 1935): eglMakeCurrent: 0x7fffeb454c20: ver 3 1 (tinfo 0x7fffeb40d8a0)
08-31 15:10:33.923 W/WindowManager( 1281): Attempted to remove non-existing token: android.os.Binder@f036295
08-31 15:10:34.026 E/EGL_adreno( 1935): tid 1952: eglSurfaceAttrib(1338): error 0x3009 (EGL_BAD_MATCH)
08-31 15:10:34.026 W/OpenGLRenderer( 1935): Failed to set EGL_SWAP_BEHAVIOR on surface 0x7fffeb5c9580, error=EGL_BAD_MATCH
08-31 15:10:34.028 D/EGL_adreno( 1935): eglMakeCurrent: 0x7fffeb454c20: ver 3 1 (tinfo 0x7fffeb40d8a0)
08-31 15:10:37.427 D/EGL_adreno( 1935): eglMakeCurrent: 0x7fffeb454c20: ver 3 1 (tinfo 0x7fffeb40d8a0)
08-31 15:10:37.439 W/WindowManager( 1281): Attempted to remove non-existing token: android.os.Binder@b88faa
08-31 15:10:37.546 E/EGL_adreno( 1935): tid 1952: eglSurfaceAttrib(1338): error 0x3009 (EGL_BAD_MATCH)
08-31 15:10:37.547 W/OpenGLRenderer( 1935): Failed to set EGL_SWAP_BEHAVIOR on surface 0x7fffeb5c9580, error=EGL_BAD_MATCH
08-31 15:10:37.548 D/EGL_adreno( 1935): eglMakeCurrent: 0x7fffeb454c20: ver 3 1 (tinfo 0x7fffeb40d8a0)
08-31 15:10:40.946 D/EGL_adreno( 1935): eglMakeCurrent: 0x7fffeb454c20: ver 3 1 (tinfo 0x7fffeb40d8a0)
08-31 15:10:40.956 W/WindowManager( 1281): Attempted to remove non-existing token: android.os.Binder@1d7279b
08-31 15:10:41.062 E/EGL_adreno( 1935): tid 1952: eglSurfaceAttrib(1338): error 0x3009 (EGL_BAD_MATCH)
08-31 15:10:41.062 W/OpenGLRenderer( 1935): Failed to set EGL_SWAP_BEHAVIOR on surface 0x7fffeb5c9580, error=EGL_BAD_MATCH
08-31 15:10:41.064 D/EGL_adreno( 1935): eglMakeCurrent: 0x7fffeb454c20: ver 3 1 (tinfo 0x7fffeb40d8a0)
08-31 15:10:44.465 D/EGL_adreno( 1935): eglMakeCurrent: 0x7fffeb454c20: ver 3 1 (tinfo 0x7fffeb40d8a0)
08-31 15:10:44.474 W/WindowManager( 1281): Attempted to remove non-existing token: android.os.Binder@38f4738
08-31 15:10:44.593 E/EGL_adreno( 1935): tid 1952: eglSurfaceAttrib(1338): error 0x3009 (EGL_BAD_MATCH)
08-31 15:10:44.593 W/OpenGLRenderer( 1935): Failed to set EGL_SWAP_BEHAVIOR on surface 0x7fffeb5c9580, error=EGL_BAD_MATCH
08-31 15:10:44.596 D/EGL_adreno( 1935): eglMakeCurrent: 0x7fffeb454c20: ver 3 1 (tinfo 0x7fffeb40d8a0)
08-31 15:10:47.982 D/EGL_adreno( 1935): eglMakeCurrent: 0x7fffeb454c20: ver 3 1 (tinfo 0x7fffeb40d8a0)
08-31 15:10:47.990 W/WindowManager( 1281): Attempted to remove non-existing token: android.os.Binder@28d9ee4
08-31 15:10:48.102 E/EGL_adreno( 1935): tid 1952: eglSurfaceAttrib(1338): error 0x3009 (EGL_BAD_MATCH)
08-31 15:10:48.102 W/OpenGLRenderer( 1935): Failed to set EGL_SWAP_BEHAVIOR on surface 0x7fffeb5c9580, error=EGL_BAD_MATCH
08-31 15:10:48.105 D/EGL_adreno( 1935): eglMakeCurrent: 0x7fffeb454c20: ver 3 1 (tinfo 0x7fffeb40d8a0)
08-31 15:10:51.497 D/EGL_adreno( 1935): eglMakeCurrent: 0x7fffeb454c20: ver 3 1 (tinfo 0x7fffeb40d8a0)
08-31 15:10:51.506 W/WindowManager( 1281): Attempted to remove non-existing token: android.os.Binder@77d9349
08-31 15:10:51.616 E/EGL_adreno( 1935): tid 1952: eglSurfaceAttrib(1338): error 0x3009 (EGL_BAD_MATCH)
08-31 15:10:51.616 W/OpenGLRenderer( 1935): Failed to set EGL_SWAP_BEHAVIOR on surface 0x7fffeb5c9580, error=EGL_BAD_MATCH
08-31 15:10:51.619 D/EGL_adreno( 1935): eglMakeCurrent: 0x7fffeb454c20: ver 3 1 (tinfo 0x7fffeb40d8a0)
08-31 15:10:55.012 D/EGL_adreno( 1935): eglMakeCurrent: 0x7fffeb454c20: ver 3 1 (tinfo 0x7fffeb40d8a0)
08-31 15:10:55.022 W/WindowManager( 1281): Attempted to remove non-existing token: android.os.Binder@bec375a
08-31 15:10:55.128 E/EGL_adreno( 1935): tid 1952: eglSurfaceAttrib(1338): error 0x3009 (EGL_BAD_MATCH)
08-31 15:10:55.129 W/OpenGLRenderer( 1935): Failed to set EGL_SWAP_BEHAVIOR on surface 0x7fffeb5c9580, error=EGL_BAD_MATCH
08-31 15:10:55.131 D/EGL_adreno( 1935): eglMakeCurrent: 0x7fffeb454c20: ver 3 1 (tinfo 0x7fffeb40d8a0)
08-31 15:10:58.530 D/EGL_adreno( 1935): eglMakeCurrent: 0x7fffeb454c20: ver 3 1 (tinfo 0x7fffeb40d8a0)
08-31 15:10:58.540 W/WindowManager( 1281): Attempted to remove non-existing token: android.os.Binder@60d2d8b
08-31 15:10:58.660 E/EGL_adreno( 1935): tid 1952: eglSurfaceAttrib(1338): error 0x3009 (EGL_BAD_MATCH)
08-31 15:10:58.661 W/OpenGLRenderer( 1935): Failed to set EGL_SWAP_BEHAVIOR on surface 0x7fffeb5c9580, error=EGL_BAD_MATCH
08-31 15:10:58.662 D/EGL_adreno( 1935): eglMakeCurrent: 0x7fffeb454c20: ver 3 1 (tinfo 0x7fffeb40d8a0)
08-31 15:11:02.046 D/EGL_adreno( 1935): eglMakeCurrent: 0x7fffeb454c20: ver 3 1 (tinfo 0x7fffeb40d8a0)
08-31 15:11:02.056 W/WindowManager( 1281): Attempted to remove non-existing token: android.os.Binder@bfeee68
08-31 15:11:02.161 E/EGL_adreno( 1935): tid 1952: eglSurfaceAttrib(1338): error 0x3009 (EGL_BAD_MATCH)
08-31 15:11:02.161 W/OpenGLRenderer( 1935): Failed to set EGL_SWAP_BEHAVIOR on surface 0x7fffeb5c9580, error=EGL_BAD_MATCH
08-31 15:11:02.163 D/EGL_adreno( 1935): eglMakeCurrent: 0x7fffeb454c20: ver 3 1 (tinfo 0x7fffeb40d8a0)
08-31 15:11:05.562 D/EGL_adreno( 1935): eglMakeCurrent: 0x7fffeb454c20: ver 3 1 (tinfo 0x7fffeb40d8a0)
08-31 15:11:05.574 W/WindowManager( 1281): Attempted to remove non-existing token: android.os.Binder@49f6281
08-31 15:11:05.672 E/EGL_adreno( 1935): tid 1952: eglSurfaceAttrib(1338): error 0x3009 (EGL_BAD_MATCH)
08-31 15:11:05.672 W/OpenGLRenderer( 1935): Failed to set EGL_SWAP_BEHAVIOR on surface 0x7fffeb5c9580, error=EGL_BAD_MATCH
08-31 15:11:05.675 D/EGL_adreno( 1935): eglMakeCurrent: 0x7fffeb454c20: ver 3 1 (tinfo 0x7fffeb40d8a0)
08-31 15:11:09.081 D/EGL_adreno( 1935): eglMakeCurrent: 0x7fffeb454c20: ver 3 1 (tinfo 0x7fffeb40d8a0)
08-31 15:11:09.089 W/WindowManager( 1281): Attempted to remove non-existing token: android.os.Binder@8a66f26
08-31 15:11:25.552 D/WifiStateMachine( 1281): setScanResults mScanResults.size=1
