09-01 10:16:45.268 W/OpenGLRenderer( 1948): Failed to set EGL_SWAP_BEHAVIOR on surface 0x7fffeb5e41c0, error=EGL_BAD_MATCH
09-01 10:16:45.271 D/EGL_adreno( 1948): eglMakeCurrent: 0x7fffeb43c820: ver 3 1 (tinfo 0x7fffeb40d4a0)
09-01 10:16:48.706 W/WindowManager( 1282): Attempted to remove non-existing token: android.os.Binder@2693fcf
09-01 10:16:48.710 D/EGL_adreno( 1948): eglMakeCurrent: 0x7fffeb43c820: ver 3 1 (tinfo 0x7fffeb40d4a0)
09-01 10:16:48.763 E/EGL_adreno( 1948): tid 1965: eglSurfaceAttrib(1338): error 0x3009 (EGL_BAD_MATCH)
09-01 10:16:48.763 W/OpenGLRenderer( 1948): Failed to set EGL_SWAP_BEHAVIOR on surface 0x7fffeb5e41c0, error=EGL_BAD_MATCH
09-01 10:16:48.769 D/EGL_adreno( 1948): eglMakeCurrent: 0x7fffeb43c820: ver 3 1 (tinfo 0x7fffeb40d4a0)
09-01 10:16:52.209 W/WindowManager( 1282): Attempted to remove non-existing token: android.os.Binder@6e409eb
09-01 10:16:52.213 D/EGL_adreno( 1948): eglMakeCurrent: 0x7fffeb43c820: ver 3 1 (tinfo 0x7fffeb40d4a0)
09-01 10:16:52.259 E/EGL_adreno( 1948): tid 1965: eglSurfaceAttrib(1338): error 0x3009 (EGL_BAD_MATCH)
09-01 10:16:52.259 W/OpenGLRenderer( 1948): Failed to set EGL_SWAP_BEHAVIOR on surface 0x7fffeb5e41c0, error=EGL_BAD_MATCH
09-01 10:16:52.270 D/EGL_adreno( 1948): eglMakeCurrent: 0x7fffeb43c820: ver 3 1 (tinfo 0x7fffeb40d4a0)
09-01 10:16:53.760 D/WifiStateMachine( 1282): setScanResults mScanResults.size=1
09-01 10:16:55.749 W/WindowManager( 1282): Attempted to remove non-existing token: android.os.Binder@a960bf4
09-01 10:16:55.752 D/EGL_adreno( 1948): eglMakeCurrent: 0x7fffeb43c820: ver 3 1 (tinfo 0x7fffeb40d4a0)
09-01 10:16:55.791 E/EGL_adreno( 1948): tid 1965: eglSurfaceAttrib(1338): error 0x3009 (EGL_BAD_MATCH)
09-01 10:16:55.792 W/OpenGLRenderer( 1948): Failed to set EGL_SWAP_BEHAVIOR on surface 0x7fffeb5e41c0, error=EGL_BAD_MATCH
09-01 10:16:55.795 D/EGL_adreno( 1948): eglMakeCurrent: 0x7fffeb43c820: ver 3 1 (tinfo 0x7fffeb40d4a0)
09-01 10:16:59.253 W/WindowManager( 1282): Attempted to remove non-existing token: android.os.Binder@73c1019
09-01 10:16:59.255 D/EGL_adreno( 1948): eglMakeCurrent: 0x7fffeb43c820: ver 3 1 (tinfo 0x7fffeb40d4a0)
09-01 10:16:59.318 E/EGL_adreno( 1948): tid 1965: eglSurfaceAttrib(1338): error 0x3009 (EGL_BAD_MATCH)
09-01 10:16:59.318 W/OpenGLRenderer( 1948): Failed to set EGL_SWAP_BEHAVIOR on surface 0x7fffeb5e41c0, error=EGL_BAD_MATCH
09-01 10:16:59.320 D/EGL_adreno( 1948): eglMakeCurrent: 0x7fffeb43c820: ver 3 1 (tinfo 0x7fffeb40d4a0)
09-01 10:17:02.758 W/WindowManager( 1282): Attempted to remove non-existing token: android.os.Binder@dd0a8de
09-01 10:17:02.760 D/EGL_adreno( 1948): eglMakeCurrent: 0x7fffeb43c820: ver 3 1 (tinfo 0x7fffeb40d4a0)
09-01 10:17:02.823 E/EGL_adreno( 1948): tid 1965: eglSurfaceAttrib(1338): error 0x3009 (EGL_BAD_MATCH)
09-01 10:17:02.823 W/OpenGLRenderer( 1948): Failed to set EGL_SWAP_BEHAVIOR on surface 0x7fffeb5e41c0, error=EGL_BAD_MATCH
09-01 10:17:02.825 D/EGL_adreno( 1948): eglMakeCurrent: 0x7fffeb43c820: ver 3 1 (tinfo 0x7fffeb40d4a0)
09-01 10:17:06.262 W/WindowManager( 1282): Attempted to remove non-existing token: android.os.Binder@e3a74ea
09-01 10:17:06.264 D/EGL_adreno( 1948): eglMakeCurrent: 0x7fffeb43c820: ver 3 1 (tinfo 0x7fffeb40d4a0)
09-01 10:17:06.306 E/EGL_adreno( 1948): tid 1965: eglSurfaceAttrib(1338): error 0x3009 (EGL_BAD_MATCH)
09-01 10:17:06.306 W/OpenGLRenderer( 1948): Failed to set EGL_SWAP_BEHAVIOR on surface 0x7fffeb5e41c0, error=EGL_BAD_MATCH
09-01 10:17:06.309 D/EGL_adreno( 1948): eglMakeCurrent: 0x7fffeb43c820: ver 3 1 (tinfo 0x7fffeb40d4a0)
09-01 10:17:09.826 D/EGL_adreno( 1948): eglMakeCurrent: 0x7fffeb43c820: ver 3 1 (tinfo 0x7fffeb40d4a0)
09-01 10:17:09.827 W/WindowManager( 1282): Attempted to remove non-existing token: android.os.Binder@57f43db
09-01 10:17:09.876 E/EGL_adreno( 1948): tid 1965: eglSurfaceAttrib(1338): error 0x3009 (EGL_BAD_MATCH)
09-01 10:17:09.876 W/OpenGLRenderer( 1948): Failed to set EGL_SWAP_BEHAVIOR on surface 0x7fffeb5e41c0, error=EGL_BAD_MATCH
09-01 10:17:09.887 D/EGL_adreno( 1948): eglMakeCurrent: 0x7fffeb43c820: ver 3 1 (tinfo 0x7fffeb40d4a0)
09-01 10:17:13.327 W/WindowManager( 1282): Attempted to remove non-existing token: android.os.Binder@7a442b7
09-01 10:17:13.329 D/EGL_adreno( 1948): eglMakeCurrent: 0x7fffeb43c820: ver 3 1 (tinfo 0x7fffeb40d4a0)
09-01 10:17:13.375 E/EGL_adreno( 1948): tid 1965: eglSurfaceAttrib(1338): error 0x3009 (EGL_BAD_MATCH)
09-01 10:17:13.375 W/OpenGLRenderer( 1948): Failed to set EGL_SWAP_BEHAVIOR on surface 0x7fffeb5e41c0, error=EGL_BAD_MATCH
09-01 10:17:13.377 D/EGL_adreno( 1948): eglMakeCurrent: 0x7fffeb43c820: ver 3 1 (tinfo 0x7fffeb40d4a0)
09-01 10:17:16.839 W/WindowManager( 1282): Attempted to remove non-existing token: android.os.Binder@dce5a24
09-01 10:17:16.840 D/EGL_adreno( 1948): eglMakeCurrent: 0x7fffeb43c820: ver 3 1 (tinfo 0x7fffeb40d4a0)
09-01 10:17:16.902 E/EGL_adreno( 1948): tid 1965: eglSurfaceAttrib(1338): error 0x3009 (EGL_BAD_MATCH)
09-01 10:17:16.902 W/OpenGLRenderer( 1948): Failed to set EGL_SWAP_BEHAVIOR on surface 0x7fffeb5e41c0, error=EGL_BAD_MATCH
09-01 10:17:16.903 D/EGL_adreno( 1948): eglMakeCurrent: 0x7fffeb43c820: ver 3 1 (tinfo 0x7fffeb40d4a0)
09-01 10:17:20.341 W/WindowManager( 1282): Attempted to remove non-existing token: android.os.Binder@4a8f490
09-01 10:17:20.344 D/EGL_adreno( 1948): eglMakeCurrent: 0x7fffeb43c820: ver 3 1 (tinfo 0x7fffeb40d4a0)
09-01 10:17:20.406 E/EGL_adreno( 1948): tid 1965: eglSurfaceAttrib(1338): error 0x3009 (EGL_BAD_MATCH)
09-01 10:17:20.406 W/OpenGLRenderer( 1948): Failed to set EGL_SWAP_BEHAVIOR on surface 0x7fffeb5e41c0, error=EGL_BAD_MATCH
09-01 10:17:20.408 D/EGL_adreno( 1948): eglMakeCurrent: 0x7fffeb43c820: ver 3 1 (tinfo 0x7fffeb40d4a0)
09-01 10:17:23.847 W/WindowManager( 1282): Attempted to remove non-existing token: android.os.Binder@250c9bc
09-01 10:17:23.850 D/EGL_adreno( 1948): eglMakeCurrent: 0x7fffeb43c820: ver 3 1 (tinfo 0x7fffeb40d4a0)
09-01 10:17:23.890 E/EGL_adreno( 1948): tid 1965: eglSurfaceAttrib(1338): error 0x3009 (EGL_BAD_MATCH)
09-01 10:17:23.890 W/OpenGLRenderer( 1948): Failed to set EGL_SWAP_BEHAVIOR on surface 0x7fffeb5e41c0, error=EGL_BAD_MATCH
09-01 10:17:23.891 D/EGL_adreno( 1948): eglMakeCurrent: 0x7fffeb43c820: ver 3 1 (tinfo 0x7fffeb40d4a0)
09-01 10:17:27.352 W/WindowManager( 1282): Attempted to remove non-existing token: android.os.Binder@d455d45
09-01 10:17:27.355 D/EGL_adreno( 1948): eglMakeCurrent: 0x7fffeb43c820: ver 3 1 (tinfo 0x7fffeb40d4a0)
09-01 10:17:33.701 W/ContextImpl( 1676): Calling a method in the system process without a qualified user: android.app.ContextImpl.startService:1358 android.content.ContextWrapper.startService:613 android.content.ContextWrapper.startService:613 com.android.coreservice.CoreBroadcastReceiver.onReceive:69 android.app.ActivityThread.handleReceiver:3073 
09-01 10:17:34.574 W/ContextImpl( 1676): Calling a method in the system process without a qualified user: android.app.ContextImpl.startService:1358 android.content.ContextWrapper.startService:613 android.content.ContextWrapper.startService:613 com.android.coreservice.CoreBroadcastReceiver.onReceive:44 android.app.ActivityThread.handleReceiver:3073 
09-01 10:17:34.590 D/AndroidRuntime( 2325): Shutting down VM
--------- beginning of crash
09-01 10:17:34.598 E/AndroidRuntime( 2325): FATAL EXCEPTION: main
09-01 10:17:34.598 E/AndroidRuntime( 2325): Process: de.danoeh.antennapod, PID: 2325
09-01 10:17:34.598 E/AndroidRuntime( 2325): java.lang.RuntimeException: Unable to start activity ComponentInfo{de.danoeh.antennapod/de.danoeh.antennapod.activity.OnlineFeedViewActivity}: java.lang.IllegalArgumentException: Activity must be started with feedurl argument!
09-01 10:17:34.598 E/AndroidRuntime( 2325): 	at android.app.ActivityThread.performLaunchActivity(ActivityThread.java:2698)
09-01 10:17:34.598 E/AndroidRuntime( 2325): 	at android.app.ActivityThread.handleLaunchActivity(ActivityThread.java:2759)
09-01 10:17:34.598 E/AndroidRuntime( 2325): 	at android.app.ActivityThread.-wrap12(ActivityThread.java)
09-01 10:17:34.598 E/AndroidRuntime( 2325): 	at android.app.ActivityThread$H.handleMessage(ActivityThread.java:1482)
09-01 10:17:34.598 E/AndroidRuntime( 2325): 	at android.os.Handler.dispatchMessage(Handler.java:102)
09-01 10:17:34.598 E/AndroidRuntime( 2325): 	at android.os.Looper.loop(Looper.java:154)
09-01 10:17:34.598 E/AndroidRuntime( 2325): 	at android.app.ActivityThread.main(ActivityThread.java:6190)
09-01 10:17:34.598 E/AndroidRuntime( 2325): 	at java.lang.reflect.Method.invoke(Native Method)
09-01 10:17:34.598 E/AndroidRuntime( 2325): 	at com.android.internal.os.ZygoteInit$MethodAndArgsCaller.run(ZygoteInit.java:892)
09-01 10:17:34.598 E/AndroidRuntime( 2325): 	at com.android.internal.os.ZygoteInit.main(ZygoteInit.java:782)
09-01 10:17:34.598 E/AndroidRuntime( 2325): Caused by: java.lang.IllegalArgumentException: Activity must be started with feedurl argument!
09-01 10:17:34.598 E/AndroidRuntime( 2325): 	at de.danoeh.antennapod.activity.OnlineFeedViewActivity.onCreate(OnlineFeedViewActivity.java:153)
09-01 10:17:34.598 E/AndroidRuntime( 2325): 	at android.app.Activity.performCreate(Activity.java:6701)
09-01 10:17:34.598 E/AndroidRuntime( 2325): 	at android.app.Instrumentation.callActivityOnCreate(Instrumentation.java:1118)
09-01 10:17:34.598 E/AndroidRuntime( 2325): 	at android.app.ActivityThread.performLaunchActivity(ActivityThread.java:2651)
09-01 10:17:34.598 E/AndroidRuntime( 2325): 	... 9 more
09-01 10:17:34.600 W/ActivityManager( 1282):   Force finishing activity de.danoeh.antennapod/.activity.OnlineFeedViewActivity
09-01 10:17:34.605 W/System.err( 1282): java.lang.Exception: show AlertDialog! title=AntennaPod已停止运行
09-01 10:17:34.605 W/System.err( 1282): 	at android.app.AlertDialog.show(AlertDialog.java:134)
09-01 10:17:34.606 W/System.err( 1282): 	at com.android.server.am.AppErrors.handleShowAppErrorUi(AppErrors.java:719)
09-01 10:17:34.606 W/System.err( 1282): 	at com.android.server.am.ActivityManagerService$UiHandler.handleMessage(ActivityManagerService.java:1637)
09-01 10:17:34.606 W/System.err( 1282): 	at android.os.Handler.dispatchMessage(Handler.java:102)
09-01 10:17:34.606 W/System.err( 1282): 	at android.os.Looper.loop(Looper.java:154)
09-01 10:17:34.606 W/System.err( 1282): 	at android.os.HandlerThread.run(HandlerThread.java:61)
09-01 10:17:34.606 W/System.err( 1282): 	at com.android.server.ServiceThread.run(ServiceThread.java:46)
09-01 10:17:34.656 I/HostConnection( 1282): HostConnection::HostConnection: pid=1282, tid=1997, this=0x7fffcbbd3060
09-01 10:17:34.659 I/        ( 1282): fastpipe: Connect success
09-01 10:17:34.661 D/HostConnection( 1282): HostRPC::connect sucess: app=system_server, pid=1282, tid=1997, this=0x7fffcbc60180
09-01 10:17:34.663 D/HostConnection( 1282): queryAndSetGLESMaxVersion select gles-version: 3.1 hostGLVersion:46 process:system_server
09-01 10:17:34.667 I/OpenGLRenderer( 1282): Initialized EGL, version 1.4
09-01 10:17:34.667 D/OpenGLRenderer( 1282): Swap behavior 1
09-01 10:17:34.668 I/EGL_adreno( 1282): eglCreateContext request GLES major-version=2
09-01 10:17:34.691 D/EGL_adreno( 1282): eglCreateContext: 0x7fffcb827e00: maj 3 min 1 rcv 4
09-01 10:17:34.760 D/EGL_adreno( 1282): eglMakeCurrent: 0x7fffcb827e00: ver 3 1 (tinfo 0x7fffccfa5f40)
09-01 10:17:34.784 E/EGL_adreno( 1282): tid 1997: eglSurfaceAttrib(1338): error 0x3009 (EGL_BAD_MATCH)
09-01 10:17:34.785 W/OpenGLRenderer( 1282): Failed to set EGL_SWAP_BEHAVIOR on surface 0x7fffcce3fac0, error=EGL_BAD_MATCH
09-01 10:17:34.791 D/EGL_adreno( 1282): eglMakeCurrent: 0x7fffcb827e00: ver 3 1 (tinfo 0x7fffccfa5f40)
09-01 10:17:35.105 W/ActivityManager( 1282): Activity pause timeout for ActivityRecord{c2b898d u0 de.danoeh.antennapod/.activity.OnlineFeedViewActivity t3 f}
09-01 10:17:35.105 D/WindowManager( 1282): updateRotationUncheckedLocked! mLastOrientation=6 old-mRotation=0 old-mAltOrientation=false new-mRotation=1 new-mAltOrientation=false
09-01 10:17:35.117 I/gralloc_default( 1083): fb_setOrientation: orientation=1
09-01 10:17:35.117 I/ActivityManager( 1282): Config changes=480 {1.0 ?mcc?mnc [zh_CN] ldltr sw360dp w640dp h336dp 480dpi nrml long land finger qwerty/v/v -nav/h s.8}
09-01 10:17:35.242 W/ContextImpl( 1676): Calling a method in the system process without a qualified user: android.app.ContextImpl.startService:1358 android.content.ContextWrapper.startService:613 android.content.ContextWrapper.startService:613 com.android.coreservice.CoreBroadcastReceiver.onReceive:44 android.app.ActivityThread.handleReceiver:3073 
09-01 10:17:35.248 W/ContextImpl( 1676): Calling a method in the system process without a qualified user: android.app.ContextImpl.startService:1358 android.content.ContextWrapper.startService:613 android.content.ContextWrapper.startService:613 com.android.coreservice.CoreBroadcastReceiver.onReceive:69 android.app.ActivityThread.handleReceiver:3073 
09-01 10:17:35.248 D/EGL_adreno( 1282): eglMakeCurrent: 0x7fffcb827e00: ver 3 1 (tinfo 0x7fffccfa5f40)
09-01 10:17:35.291 I/InputReader( 1282): Reconfiguring input devices.  changes=0x00000004
09-01 10:17:35.291 I/InputReader( 1282): Device reconfigured: id=2, name='input', size 1080x1920, orientation 1, mode 1, display id 0
09-01 10:17:35.299 E/EGL_adreno( 1282): tid 1997: eglSurfaceAttrib(1338): error 0x3009 (EGL_BAD_MATCH)
09-01 10:17:35.299 W/OpenGLRenderer( 1282): Failed to set EGL_SWAP_BEHAVIOR on surface 0x7fffcce3fac0, error=EGL_BAD_MATCH
09-01 10:17:35.302 D/EGL_adreno( 1282): eglMakeCurrent: 0x7fffcb827e00: ver 3 1 (tinfo 0x7fffccfa5f40)
09-01 10:17:35.422 D/EGL_adreno( 1282): eglMakeCurrent: 0x7fffcb827e00: ver 3 1 (tinfo 0x7fffccfa5f40)
09-01 10:17:35.452 E/EGL_adreno( 1282): tid 1997: eglSurfaceAttrib(1338): error 0x3009 (EGL_BAD_MATCH)
09-01 10:17:35.452 W/OpenGLRenderer( 1282): Failed to set EGL_SWAP_BEHAVIOR on surface 0x7fffcce3fac0, error=EGL_BAD_MATCH
09-01 10:17:35.454 D/EGL_adreno( 1282): eglMakeCurrent: 0x7fffcb827e00: ver 3 1 (tinfo 0x7fffccfa5f40)
09-01 10:17:35.476 D/EGL_adreno( 1369): eglMakeCurrent: 0x7fffeb45da00: ver 3 1 (tinfo 0x7fffeb40d580)
09-01 10:17:35.535 E/EGL_adreno( 1369): tid 1643: eglSurfaceAttrib(1338): error 0x3009 (EGL_BAD_MATCH)
09-01 10:17:35.535 W/OpenGLRenderer( 1369): Failed to set EGL_SWAP_BEHAVIOR on surface 0x7fffeb5b7440, error=EGL_BAD_MATCH
09-01 10:17:35.540 D/EGL_adreno( 1369): eglMakeCurrent: 0x7fffeb45da00: ver 3 1 (tinfo 0x7fffeb40d580)
09-01 10:17:40.118 I/WindowManager( 1282): Screen frozen for +5s12ms due to Window{e260a71 u0 StatusBar}
09-01 10:17:40.119 W/ActivityManager( 1282):   Force finishing activity de.danoeh.antennapod/.activity.gpoddernet.GpodnetAuthenticationActivity
09-01 10:17:40.132 D/EGL_adreno( 1282): eglMakeCurrent: 0x7fffcb827e00: ver 3 1 (tinfo 0x7fffccfa5f40)
09-01 10:17:40.153 W/SurfaceFlinger( 1083): couldn't log to binary event log: overflow.
09-01 10:17:40.154 W/ActivityManager( 1282):   Force finishing activity de.danoeh.antennapod/.activity.OnlineFeedViewActivity
09-01 10:17:40.155 W/ActivityManager( 1282):   Force finishing activity de.danoeh.antennapod/.activity.VideoplayerActivity
09-01 10:17:40.185 I/HostConnection( 1282): HostConnection::~HostConnection, pid=1282, tid=1997, this=0x7fffcbbd3060, m_stream=0x7fffcbc60180
09-01 10:17:40.186 D/WindowManager( 1282): updateRotationUncheckedLocked! mLastOrientation=-1 old-mRotation=1 old-mAltOrientation=false new-mRotation=0 new-mAltOrientation=false
09-01 10:17:40.187 I/        ( 1282): fastpipe: close connect
09-01 10:17:40.205 I/gralloc_default( 1083): fb_setOrientation: orientation=0
09-01 10:17:40.206 I/ActivityManager( 1282): Config changes=480 {1.0 ?mcc?mnc [zh_CN] ldltr sw360dp w360dp h616dp 480dpi nrml long port finger qwerty/v/v -nav/h s.9}
09-01 10:17:40.322 W/ActivityManager( 1282):   Force finishing activity de.danoeh.antennapod/.activity.OpmlImportFromIntentActivity
09-01 10:17:40.387 W/ActivityManager( 1282):   Force finishing activity de.danoeh.antennapod/.activity.FlattrAuthActivity
09-01 10:17:40.452 W/ActivityManager( 1282):   Force finishing activity de.danoeh.antennapod/.activity.AudioplayerActivity
09-01 10:17:40.487 E/ActivityManager( 1282): Found activity ActivityRecord{dd43189 u0 de.danoeh.antennapod/.activity.gpoddernet.GpodnetAuthenticationActivity t3 f} in proc activity list using null instead of expected ProcessRecord{9766855 2325:de.danoeh.antennapod/u0a33}
09-01 10:17:40.555 I/ActivityManager( 1282): Killing 2325:de.danoeh.antennapod/u0a33 (adj 199): crash
09-01 10:17:40.555 D/ActivityManager( 1282): cleanUpApplicationRecord -- 2325
09-01 10:17:40.557 W/art     ( 1282): Long monitor contention with owner Binder:1282_9 (1776) at void com.android.server.am.AppErrors.crashApplicationInner(com.android.server.am.ProcessRecord, android.app.ApplicationErrorReport$CrashInfo)(AppErrors.java:372) waiters=2 in void com.android.server.am.ActivityManagerService$MainHandler.handleMessage(android.os.Message) for 371ms
09-01 10:17:40.558 W/art     ( 1282): Long monitor contention with owner Binder:1282_9 (1776) at void com.android.server.am.AppErrors.crashApplicationInner(com.android.server.am.ProcessRecord, android.app.ApplicationErrorReport$CrashInfo)(AppErrors.java:372) waiters=1 in void com.android.server.am.ActivityManagerService.unregisterReceiver(android.content.IIntentReceiver) for 387ms
09-01 10:17:40.560 W/art     ( 1282): Long monitor contention with owner Binder:1282_9 (1776) at void com.android.server.am.AppErrors.crashApplicationInner(com.android.server.am.ProcessRecord, android.app.ApplicationErrorReport$CrashInfo)(AppErrors.java:372) waiters=3 in android.content.pm.UserInfo com.android.server.am.UserController.getCurrentUser() for 330ms
09-01 10:17:40.560 W/ContextImpl( 1676): Calling a method in the system process without a qualified user: android.app.ContextImpl.startService:1358 android.content.ContextWrapper.startService:613 android.content.ContextWrapper.startService:613 com.android.coreservice.CoreBroadcastReceiver.onReceive:44 android.app.ActivityThread.handleReceiver:3073 
09-01 10:17:40.565 W/InputEventReceiver( 1282): Attempted to finish an input event but the input event receiver has already been disposed.
09-01 10:17:40.572 W/ContextImpl( 1676): Calling a method in the system process without a qualified user: android.app.ContextImpl.startService:1358 android.content.ContextWrapper.startService:613 android.content.ContextWrapper.startService:613 com.android.coreservice.CoreBroadcastReceiver.onReceive:44 android.app.ActivityThread.handleReceiver:3073 
09-01 10:17:40.576 I/InputReader( 1282): Reconfiguring input devices.  changes=0x00000004
09-01 10:17:40.576 I/InputReader( 1282): Device reconfigured: id=2, name='input', size 1080x1920, orientation 0, mode 1, display id 0
09-01 10:17:40.583 W/AppOps  ( 1282): Finishing op nesting under-run: uid 1000 pkg android code 24 time=0 duration=0 nesting=0
09-01 10:17:40.584 W/ContextImpl( 1676): Calling a method in the system process without a qualified user: android.app.ContextImpl.startService:1358 android.content.ContextWrapper.startService:613 android.content.ContextWrapper.startService:613 com.android.coreservice.CoreBroadcastReceiver.onReceive:44 android.app.ActivityThread.handleReceiver:3073 
09-01 10:17:40.590 W/ContextImpl( 1676): Calling a method in the system process without a qualified user: android.app.ContextImpl.startService:1358 android.content.ContextWrapper.startService:613 android.content.ContextWrapper.startService:613 com.android.coreservice.CoreBroadcastReceiver.onReceive:44 android.app.ActivityThread.handleReceiver:3073 
09-01 10:17:40.593 W/ContextImpl( 1676): Calling a method in the system process without a qualified user: android.app.ContextImpl.startService:1358 android.content.ContextWrapper.startService:613 android.content.ContextWrapper.startService:613 com.android.coreservice.CoreBroadcastReceiver.onReceive:69 android.app.ActivityThread.handleReceiver:3073 
09-01 10:17:40.598 W/ContextImpl( 1676): Calling a method in the system process without a qualified user: android.app.ContextImpl.startService:1358 android.content.ContextWrapper.startService:613 android.content.ContextWrapper.startService:613 com.android.coreservice.CoreBroadcastReceiver.onReceive:53 android.app.ActivityThread.handleReceiver:3073 
09-01 10:17:40.608 W/ContextImpl( 1676): Calling a method in the system process without a qualified user: android.app.ContextImpl.startService:1358 android.content.ContextWrapper.startService:613 android.content.ContextWrapper.startService:613 com.android.coreservice.CoreBroadcastReceiver.onReceive:53 android.app.ActivityThread.handleReceiver:3073 
09-01 10:17:40.616 D/GraphicsStats( 1282): Buffer count: 8
09-01 10:17:40.637 I/art     ( 1369): Do full code cache collection, code=111KB, data=124KB
09-01 10:17:40.637 I/art     ( 1369): Starting a blocking GC JitCodeCache
09-01 10:17:40.637 I/art     ( 1369): After code cache collection, code=97KB, data=89KB
09-01 10:17:40.804 D/EGL_adreno( 1369): eglMakeCurrent: 0x7fffeb45da00: ver 3 1 (tinfo 0x7fffeb40d580)
09-01 10:17:40.844 E/EGL_adreno( 1948): tid 1965: eglSurfaceAttrib(1338): error 0x3009 (EGL_BAD_MATCH)
09-01 10:17:40.844 W/OpenGLRenderer( 1948): Failed to set EGL_SWAP_BEHAVIOR on surface 0x7fffeb5e4200, error=EGL_BAD_MATCH
09-01 10:17:40.857 D/EGL_adreno( 1948): eglMakeCurrent: 0x7fffeb43c820: ver 3 1 (tinfo 0x7fffeb40d4a0)
09-01 10:17:40.868 E/EGL_adreno( 1369): tid 1643: eglSurfaceAttrib(1338): error 0x3009 (EGL_BAD_MATCH)
09-01 10:17:40.868 W/OpenGLRenderer( 1369): Failed to set EGL_SWAP_BEHAVIOR on surface 0x7fffeb5b7440, error=EGL_BAD_MATCH
09-01 10:17:40.900 D/EGL_adreno( 1369): eglMakeCurrent: 0x7fffeb45da00: ver 3 1 (tinfo 0x7fffeb40d580)
09-01 10:17:40.907 W/ContextImpl( 1676): Calling a method in the system process without a qualified user: android.app.ContextImpl.startService:1358 android.content.ContextWrapper.startService:613 android.content.ContextWrapper.startService:613 com.android.coreservice.CoreBroadcastReceiver.onReceive:69 android.app.ActivityThread.handleReceiver:3073 
09-01 10:17:40.968 I/WindowManager( 1282): Screen frozen for +781ms due to Window{e260a71 u0 StatusBar}
09-01 10:17:40.979 W/ContextImpl( 1676): Calling a method in the system process without a qualified user: android.app.ContextImpl.startService:1358 android.content.ContextWrapper.startService:613 android.content.ContextWrapper.startService:613 com.android.coreservice.CoreBroadcastReceiver.onReceive:44 android.app.ActivityThread.handleReceiver:3073 
09-01 10:17:40.985 W/ContextImpl( 1676): Calling a method in the system process without a qualified user: android.app.ContextImpl.startService:1358 android.content.ContextWrapper.startService:613 android.content.ContextWrapper.startService:613 com.android.coreservice.CoreBroadcastReceiver.onReceive:53 android.app.ActivityThread.handleReceiver:3073 
09-01 10:17:41.115 W/ContextImpl( 1676): Calling a method in the system process without a qualified user: android.app.ContextImpl.startService:1358 android.content.ContextWrapper.startService:613 android.content.ContextWrapper.startService:613 com.android.coreservice.CoreBroadcastReceiver.onReceive:69 android.app.ActivityThread.handleReceiver:3073 
09-01 10:17:41.119 E/EGL_adreno( 1948): tid 1965: eglSurfaceAttrib(1338): error 0x3009 (EGL_BAD_MATCH)
09-01 10:17:41.119 W/OpenGLRenderer( 1948): Failed to set EGL_SWAP_BEHAVIOR on surface 0x7fffeb5e42c0, error=EGL_BAD_MATCH
09-01 10:17:41.128 D/EGL_adreno( 1948): eglMakeCurrent: 0x7fffeb43c820: ver 3 1 (tinfo 0x7fffeb40d4a0)
09-01 10:17:42.976 I/art     ( 1282): Starting a blocking GC Explicit
09-01 10:17:43.022 I/art     ( 1282): Explicit concurrent mark sweep GC freed 26242(1334KB) AllocSpace objects, 23(460KB) LOS objects, 33% free, 11MB/17MB, paused 814us total 45.401ms
09-01 10:17:43.472 I/ActivityManager( 1282): START u0 {cmp=com.android.intentfuzzer/.FuzzerActivity} from uid 10064 on display 0
09-01 10:17:43.475 D/audio_hw_hal( 1088): raw_start_output_stream, stream=0xf6e43140, sampleRate=48000, channel=2, bps=16, bufSize=4096
09-01 10:17:43.480 W/ContextImpl( 1676): Calling a method in the system process without a qualified user: android.app.ContextImpl.startService:1358 android.content.ContextWrapper.startService:613 android.content.ContextWrapper.startService:613 com.android.coreservice.CoreBroadcastReceiver.onReceive:44 android.app.ActivityThread.handleReceiver:3073 
09-01 10:17:43.499 W/ContextImpl( 1676): Calling a method in the system process without a qualified user: android.app.ContextImpl.startService:1358 android.content.ContextWrapper.startService:613 android.content.ContextWrapper.startService:613 com.android.coreservice.CoreBroadcastReceiver.onReceive:53 android.app.ActivityThread.handleReceiver:3073 
09-01 10:17:43.632 E/EGL_adreno( 1948): tid 1965: eglSurfaceAttrib(1338): error 0x3009 (EGL_BAD_MATCH)
09-01 10:17:43.632 W/OpenGLRenderer( 1948): Failed to set EGL_SWAP_BEHAVIOR on surface 0x7fffeb5e4340, error=EGL_BAD_MATCH
09-01 10:17:43.633 D/EGL_adreno( 1948): eglMakeCurrent: 0x7fffeb43c820: ver 3 1 (tinfo 0x7fffeb40d4a0)
09-01 10:17:43.679 I/ActivityManager( 1282): Displayed com.android.intentfuzzer/.FuzzerActivity: +197ms (total +9s108ms)
09-01 10:17:43.682 W/ContextImpl( 1676): Calling a method in the system process without a qualified user: android.app.ContextImpl.startService:1358 android.content.ContextWrapper.startService:613 android.content.ContextWrapper.startService:613 com.android.coreservice.CoreBroadcastReceiver.onReceive:69 android.app.ActivityThread.handleReceiver:3073 
09-01 10:17:43.787 W/ContextImpl( 1676): Calling a method in the system process without a qualified user: android.app.ContextImpl.startService:1358 android.content.ContextWrapper.startService:613 android.content.ContextWrapper.startService:613 com.android.coreservice.CoreBroadcastReceiver.onReceive:69 android.app.ActivityThread.handleReceiver:3073 
09-01 10:17:44.905 I/ActivityManager( 1282): START u0 {cmp=de.danoeh.antennapod/.activity.SplashActivity (has extras)} from uid 10064 on display 0
09-01 10:17:44.912 W/System.err( 1948): java.lang.Exception: Toast callstack! strTip=Sent Serializeable Intent { cmp=de.danoeh.antennapod/.activity.SplashActivity (has extras) }
09-01 10:17:44.912 W/System.err( 1948): 	at android.widget.Toast.show(Toast.java:130)
09-01 10:17:44.912 W/System.err( 1948): 	at com.android.intentfuzzer.FuzzerActivity$4.onClick(FuzzerActivity.java:184)
09-01 10:17:44.912 W/System.err( 1948): 	at android.view.View.performClick(View.java:5637)
09-01 10:17:44.912 W/System.err( 1948): 	at android.view.View$PerformClick.run(View.java:22429)
09-01 10:17:44.912 W/System.err( 1948): 	at android.os.Handler.handleCallback(Handler.java:751)
09-01 10:17:44.912 W/System.err( 1948): 	at android.os.Handler.dispatchMessage(Handler.java:95)
09-01 10:17:44.912 W/System.err( 1948): 	at android.os.Looper.loop(Looper.java:154)
09-01 10:17:44.912 W/System.err( 1948): 	at android.app.ActivityThread.main(ActivityThread.java:6190)
09-01 10:17:44.912 W/System.err( 1948): 	at java.lang.reflect.Method.invoke(Native Method)
09-01 10:17:44.912 W/System.err( 1948): 	at com.android.internal.os.ZygoteInit$MethodAndArgsCaller.run(ZygoteInit.java:892)
09-01 10:17:44.912 W/System.err( 1948): 	at com.android.internal.os.ZygoteInit.main(ZygoteInit.java:782)
09-01 10:17:44.913 W/ContextImpl( 1676): Calling a method in the system process without a qualified user: android.app.ContextImpl.startService:1358 android.content.ContextWrapper.startService:613 android.content.ContextWrapper.startService:613 com.android.coreservice.CoreBroadcastReceiver.onReceive:44 android.app.ActivityThread.handleReceiver:3073 
09-01 10:17:44.916 I/ActivityManager( 1282): START u0 {cmp=de.danoeh.antennapod/.activity.MainActivity (has extras)} from uid 10064 on display 0
09-01 10:17:44.916 W/ActivityManager( 1282): Permission Denial: starting Intent { cmp=de.danoeh.antennapod/.activity.MainActivity (has extras) } from ProcessRecord{4ccee7c 1948:com.android.intentfuzzer/u0a64} (pid=1948, uid=10064) not exported from uid 10033
09-01 10:17:44.918 W/System.err( 1948): java.lang.Exception: Toast callstack! strTip=Send Intent Failed!
09-01 10:17:44.918 W/System.err( 1948): 	at android.widget.Toast.show(Toast.java:130)
09-01 10:17:44.918 W/System.err( 1948): 	at com.android.intentfuzzer.FuzzerActivity$4.onClick(FuzzerActivity.java:186)
09-01 10:17:44.918 W/System.err( 1948): 	at android.view.View.performClick(View.java:5637)
09-01 10:17:44.918 W/System.err( 1948): 	at android.view.View$PerformClick.run(View.java:22429)
09-01 10:17:44.918 W/System.err( 1948): 	at android.os.Handler.handleCallback(Handler.java:751)
09-01 10:17:44.918 W/System.err( 1948): 	at android.os.Handler.dispatchMessage(Handler.java:95)
09-01 10:17:44.918 W/System.err( 1948): 	at android.os.Looper.loop(Looper.java:154)
09-01 10:17:44.918 W/System.err( 1948): 	at android.app.ActivityThread.main(ActivityThread.java:6190)
09-01 10:17:44.918 W/System.err( 1948): 	at java.lang.reflect.Method.invoke(Native Method)
09-01 10:17:44.918 W/System.err( 1948): 	at com.android.internal.os.ZygoteInit$MethodAndArgsCaller.run(ZygoteInit.java:892)
09-01 10:17:44.918 W/System.err( 1948): 	at com.android.internal.os.ZygoteInit.main(ZygoteInit.java:782)
09-01 10:17:44.920 I/ActivityManager( 1282): START u0 {cmp=de.danoeh.antennapod/.activity.AudioplayerActivity (has extras)} from uid 10064 on display 0
09-01 10:17:44.928 W/System.err( 1948): java.lang.Exception: Toast callstack! strTip=Sent Serializeable Intent { cmp=de.danoeh.antennapod/.activity.AudioplayerActivity (has extras) }
09-01 10:17:44.928 W/System.err( 1948): 	at android.widget.Toast.show(Toast.java:130)
09-01 10:17:44.928 W/System.err( 1948): 	at com.android.intentfuzzer.FuzzerActivity$4.onClick(FuzzerActivity.java:184)
09-01 10:17:44.928 W/System.err( 1948): 	at android.view.View.performClick(View.java:5637)
09-01 10:17:44.928 W/System.err( 1948): 	at android.view.View$PerformClick.run(View.java:22429)
09-01 10:17:44.928 W/System.err( 1948): 	at android.os.Handler.handleCallback(Handler.java:751)
09-01 10:17:44.928 W/System.err( 1948): 	at android.os.Handler.dispatchMessage(Handler.java:95)
09-01 10:17:44.928 W/System.err( 1948): 	at android.os.Looper.loop(Looper.java:154)
09-01 10:17:44.928 W/System.err( 1948): 	at android.app.ActivityThread.main(ActivityThread.java:6190)
09-01 10:17:44.928 W/System.err( 1948): 	at java.lang.reflect.Method.invoke(Native Method)
09-01 10:17:44.928 W/System.err( 1948): 	at com.android.internal.os.ZygoteInit$MethodAndArgsCaller.run(ZygoteInit.java:892)
09-01 10:17:44.928 W/System.err( 1948): 	at com.android.internal.os.ZygoteInit.main(ZygoteInit.java:782)
09-01 10:17:44.931 W/ContextImpl( 1676): Calling a method in the system process without a qualified user: android.app.ContextImpl.startService:1358 android.content.ContextWrapper.startService:613 android.content.ContextWrapper.startService:613 com.android.coreservice.CoreBroadcastReceiver.onReceive:44 android.app.ActivityThread.handleReceiver:3073 
09-01 10:17:44.932 I/ActivityManager( 1282): START u0 {cmp=de.danoeh.antennapod/.activity.CastplayerActivity (has extras)} from uid 10064 on display 0
09-01 10:17:44.932 W/ActivityManager( 1282): Permission Denial: starting Intent { cmp=de.danoeh.antennapod/.activity.CastplayerActivity (has extras) } from ProcessRecord{4ccee7c 1948:com.android.intentfuzzer/u0a64} (pid=1948, uid=10064) not exported from uid 10033
09-01 10:17:44.933 W/System.err( 1948): java.lang.Exception: Toast callstack! strTip=Send Intent Failed!
09-01 10:17:44.933 W/System.err( 1948): 	at android.widget.Toast.show(Toast.java:130)
09-01 10:17:44.934 W/System.err( 1948): 	at com.android.intentfuzzer.FuzzerActivity$4.onClick(FuzzerActivity.java:186)
09-01 10:17:44.934 W/System.err( 1948): 	at android.view.View.performClick(View.java:5637)
09-01 10:17:44.934 W/System.err( 1948): 	at android.view.View$PerformClick.run(View.java:22429)
09-01 10:17:44.934 W/System.err( 1948): 	at android.os.Handler.handleCallback(Handler.java:751)
09-01 10:17:44.934 W/System.err( 1948): 	at android.os.Handler.dispatchMessage(Handler.java:95)
09-01 10:17:44.934 W/System.err( 1948): 	at android.os.Looper.loop(Looper.java:154)
09-01 10:17:44.934 W/System.err( 1948): 	at android.app.ActivityThread.main(ActivityThread.java:6190)
09-01 10:17:44.934 W/System.err( 1948): 	at java.lang.reflect.Method.invoke(Native Method)
09-01 10:17:44.934 W/System.err( 1948): 	at com.android.internal.os.ZygoteInit$MethodAndArgsCaller.run(ZygoteInit.java:892)
09-01 10:17:44.934 W/System.err( 1948): 	at com.android.internal.os.ZygoteInit.main(ZygoteInit.java:782)
09-01 10:17:44.935 D/AudioFlinger( 1088): mixer(0xf5983b80) throttle end: throttle time(9)
09-01 10:17:44.936 I/ActivityManager( 1282): START u0 {cmp=de.danoeh.antennapod/.activity.DownloadAuthenticationActivity (has extras)} from uid 10064 on display 0
09-01 10:17:44.936 W/ActivityManager( 1282): Permission Denial: starting Intent { cmp=de.danoeh.antennapod/.activity.DownloadAuthenticationActivity (has extras) } from ProcessRecord{4ccee7c 1948:com.android.intentfuzzer/u0a64} (pid=1948, uid=10064) not exported from uid 10033
09-01 10:17:44.937 W/System.err( 1948): java.lang.Exception: Toast callstack! strTip=Send Intent Failed!
09-01 10:17:44.937 W/System.err( 1948): 	at android.widget.Toast.show(Toast.java:130)
09-01 10:17:44.937 W/System.err( 1948): 	at com.android.intentfuzzer.FuzzerActivity$4.onClick(FuzzerActivity.java:186)
09-01 10:17:44.937 W/System.err( 1948): 	at android.view.View.performClick(View.java:5637)
09-01 10:17:44.937 W/System.err( 1948): 	at android.view.View$PerformClick.run(View.java:22429)
09-01 10:17:44.937 W/System.err( 1948): 	at android.os.Handler.handleCallback(Handler.java:751)
09-01 10:17:44.937 W/System.err( 1948): 	at android.os.Handler.dispatchMessage(Handler.java:95)
09-01 10:17:44.937 W/System.err( 1948): 	at android.os.Looper.loop(Looper.java:154)
09-01 10:17:44.937 W/System.err( 1948): 	at android.app.ActivityThread.main(ActivityThread.java:6190)
09-01 10:17:44.937 W/System.err( 1948): 	at java.lang.reflect.Method.invoke(Native Method)
09-01 10:17:44.937 W/System.err( 1948): 	at com.android.internal.os.ZygoteInit$MethodAndArgsCaller.run(ZygoteInit.java:892)
09-01 10:17:44.937 W/System.err( 1948): 	at com.android.internal.os.ZygoteInit.main(ZygoteInit.java:782)
09-01 10:17:44.938 I/ActivityManager( 1282): START u0 {cmp=de.danoeh.antennapod/.activity.PreferenceActivity (has extras)} from uid 10064 on display 0
09-01 10:17:44.938 W/ActivityManager( 1282): Permission Denial: starting Intent { cmp=de.danoeh.antennapod/.activity.PreferenceActivity (has extras) } from ProcessRecord{4ccee7c 1948:com.android.intentfuzzer/u0a64} (pid=1948, uid=10064) not exported from uid 10033
09-01 10:17:44.939 W/System.err( 1948): java.lang.Exception: Toast callstack! strTip=Send Intent Failed!
09-01 10:17:44.939 W/System.err( 1948): 	at android.widget.Toast.show(Toast.java:130)
09-01 10:17:44.939 W/System.err( 1948): 	at com.android.intentfuzzer.FuzzerActivity$4.onClick(FuzzerActivity.java:186)
09-01 10:17:44.939 W/System.err( 1948): 	at android.view.View.performClick(View.java:5637)
09-01 10:17:44.940 W/System.err( 1948): 	at android.view.View$PerformClick.run(View.java:22429)
09-01 10:17:44.940 W/System.err( 1948): 	at android.os.Handler.handleCallback(Handler.java:751)
09-01 10:17:44.940 W/System.err( 1948): 	at android.os.Handler.dispatchMessage(Handler.java:95)
09-01 10:17:44.940 W/System.err( 1948): 	at android.os.Looper.loop(Looper.java:154)
09-01 10:17:44.940 W/System.err( 1948): 	at android.app.ActivityThread.main(ActivityThread.java:6190)
09-01 10:17:44.940 W/System.err( 1948): 	at java.lang.reflect.Method.invoke(Native Method)
09-01 10:17:44.940 W/System.err( 1948): 	at com.android.internal.os.ZygoteInit$MethodAndArgsCaller.run(ZygoteInit.java:892)
09-01 10:17:44.940 W/System.err( 1948): 	at com.android.internal.os.ZygoteInit.main(ZygoteInit.java:782)
09-01 10:17:44.944 W/ContextImpl( 1676): Calling a method in the system process without a qualified user: android.app.ContextImpl.startService:1358 android.content.ContextWrapper.startService:613 android.content.ContextWrapper.startService:613 com.android.coreservice.CoreBroadcastReceiver.onReceive:44 android.app.ActivityThread.handleReceiver:3073 
09-01 10:17:44.944 I/ActivityManager( 1282): START u0 {cmp=de.danoeh.antennapod/.activity.FeedInfoActivity (has extras)} from uid 10064 on display 0
09-01 10:17:44.944 W/ActivityManager( 1282): Permission Denial: starting Intent { cmp=de.danoeh.antennapod/.activity.FeedInfoActivity (has extras) } from ProcessRecord{4ccee7c 1948:com.android.intentfuzzer/u0a64} (pid=1948, uid=10064) not exported from uid 10033
09-01 10:17:44.947 W/System.err( 1948): java.lang.Exception: Toast callstack! strTip=Send Intent Failed!
09-01 10:17:44.947 W/System.err( 1948): 	at android.widget.Toast.show(Toast.java:130)
09-01 10:17:44.947 W/System.err( 1948): 	at com.android.intentfuzzer.FuzzerActivity$4.onClick(FuzzerActivity.java:186)
09-01 10:17:44.947 W/System.err( 1948): 	at android.view.View.performClick(View.java:5637)
09-01 10:17:44.947 W/System.err( 1948): 	at android.view.View$PerformClick.run(View.java:22429)
09-01 10:17:44.947 W/System.err( 1948): 	at android.os.Handler.handleCallback(Handler.java:751)
09-01 10:17:44.947 W/System.err( 1948): 	at android.os.Handler.dispatchMessage(Handler.java:95)
09-01 10:17:44.947 W/System.err( 1948): 	at android.os.Looper.loop(Looper.java:154)
09-01 10:17:44.947 W/System.err( 1948): 	at android.app.ActivityThread.main(ActivityThread.java:6190)
09-01 10:17:44.947 W/System.err( 1948): 	at java.lang.reflect.Method.invoke(Native Method)
09-01 10:17:44.947 W/System.err( 1948): 	at com.android.internal.os.ZygoteInit$MethodAndArgsCaller.run(ZygoteInit.java:892)
09-01 10:17:44.947 W/System.err( 1948): 	at com.android.internal.os.ZygoteInit.main(ZygoteInit.java:782)
09-01 10:17:44.949 I/ActivityManager( 1282): START u0 {cmp=de.danoeh.antennapod/.activity.FeedSettingsActivity (has extras)} from uid 10064 on display 0
09-01 10:17:44.950 W/ActivityManager( 1282): Permission Denial: starting Intent { cmp=de.danoeh.antennapod/.activity.FeedSettingsActivity (has extras) } from ProcessRecord{4ccee7c 1948:com.android.intentfuzzer/u0a64} (pid=1948, uid=10064) not exported from uid 10033
09-01 10:17:44.951 W/System.err( 1948): java.lang.Exception: Toast callstack! strTip=Send Intent Failed!
09-01 10:17:44.951 W/System.err( 1948): 	at android.widget.Toast.show(Toast.java:130)
09-01 10:17:44.951 W/System.err( 1948): 	at com.android.intentfuzzer.FuzzerActivity$4.onClick(FuzzerActivity.java:186)
09-01 10:17:44.951 W/System.err( 1948): 	at android.view.View.performClick(View.java:5637)
09-01 10:17:44.951 W/System.err( 1948): 	at android.view.View$PerformClick.run(View.java:22429)
09-01 10:17:44.951 W/System.err( 1948): 	at android.os.Handler.handleCallback(Handler.java:751)
09-01 10:17:44.951 W/System.err( 1948): 	at android.os.Handler.dispatchMessage(Handler.java:95)
09-01 10:17:44.951 W/System.err( 1948): 	at android.os.Looper.loop(Looper.java:154)
09-01 10:17:44.951 W/System.err( 1948): 	at android.app.ActivityThread.main(ActivityThread.java:6190)
09-01 10:17:44.951 W/System.err( 1948): 	at java.lang.reflect.Method.invoke(Native Method)
09-01 10:17:44.951 W/System.err( 1948): 	at com.android.internal.os.ZygoteInit$MethodAndArgsCaller.run(ZygoteInit.java:892)
09-01 10:17:44.951 W/System.err( 1948): 	at com.android.internal.os.ZygoteInit.main(ZygoteInit.java:782)
09-01 10:17:44.971 I/ActivityManager( 1282): START u0 {cmp=de.danoeh.antennapod/.activity.StorageErrorActivity (has extras)} from uid 10064 on display 0
09-01 10:17:44.971 W/ActivityManager( 1282): Permission Denial: starting Intent { cmp=de.danoeh.antennapod/.activity.StorageErrorActivity (has extras) } from ProcessRecord{4ccee7c 1948:com.android.intentfuzzer/u0a64} (pid=1948, uid=10064) not exported from uid 10033
09-01 10:17:44.973 W/System.err( 1948): java.lang.Exception: Toast callstack! strTip=Send Intent Failed!
09-01 10:17:44.973 W/System.err( 1948): 	at android.widget.Toast.show(Toast.java:130)
09-01 10:17:44.973 W/System.err( 1948): 	at com.android.intentfuzzer.FuzzerActivity$4.onClick(FuzzerActivity.java:186)
09-01 10:17:44.973 W/System.err( 1948): 	at android.view.View.performClick(View.java:5637)
09-01 10:17:44.973 W/System.err( 1948): 	at android.view.View$PerformClick.run(View.java:22429)
09-01 10:17:44.973 W/System.err( 1948): 	at android.os.Handler.handleCallback(Handler.java:751)
09-01 10:17:44.973 W/System.err( 1948): 	at android.os.Handler.dispatchMessage(Handler.java:95)
09-01 10:17:44.973 W/System.err( 1948): 	at android.os.Looper.loop(Looper.java:154)
09-01 10:17:44.973 W/System.err( 1948): 	at android.app.ActivityThread.main(ActivityThread.java:6190)
09-01 10:17:44.973 W/System.err( 1948): 	at java.lang.reflect.Method.invoke(Native Method)
09-01 10:17:44.973 W/System.err( 1948): 	at com.android.internal.os.ZygoteInit$MethodAndArgsCaller.run(ZygoteInit.java:892)
09-01 10:17:44.974 W/System.err( 1948): 	at com.android.internal.os.ZygoteInit.main(ZygoteInit.java:782)
09-01 10:17:44.976 I/ActivityManager( 1282): START u0 {cmp=de.danoeh.antennapod/.activity.FlattrAuthActivity (has extras)} from uid 10064 on display 0
09-01 10:17:44.981 W/ContextImpl( 1676): Calling a method in the system process without a qualified user: android.app.ContextImpl.startService:1358 android.content.ContextWrapper.startService:613 android.content.ContextWrapper.startService:613 com.android.coreservice.CoreBroadcastReceiver.onReceive:44 android.app.ActivityThread.handleReceiver:3073 
09-01 10:17:44.982 W/System.err( 1948): java.lang.Exception: Toast callstack! strTip=Sent Serializeable Intent { cmp=de.danoeh.antennapod/.activity.FlattrAuthActivity (has extras) }
09-01 10:17:44.982 W/System.err( 1948): 	at android.widget.Toast.show(Toast.java:130)
09-01 10:17:44.982 W/System.err( 1948): 	at com.android.intentfuzzer.FuzzerActivity$4.onClick(FuzzerActivity.java:184)
09-01 10:17:44.982 W/System.err( 1948): 	at android.view.View.performClick(View.java:5637)
09-01 10:17:44.982 W/System.err( 1948): 	at android.view.View$PerformClick.run(View.java:22429)
09-01 10:17:44.982 W/System.err( 1948): 	at android.os.Handler.handleCallback(Handler.java:751)
09-01 10:17:44.982 W/System.err( 1948): 	at android.os.Handler.dispatchMessage(Handler.java:95)
09-01 10:17:44.982 W/System.err( 1948): 	at android.os.Looper.loop(Looper.java:154)
09-01 10:17:44.982 W/System.err( 1948): 	at android.app.ActivityThread.main(ActivityThread.java:6190)
09-01 10:17:44.982 W/System.err( 1948): 	at java.lang.reflect.Method.invoke(Native Method)
09-01 10:17:44.982 W/System.err( 1948): 	at com.android.internal.os.ZygoteInit$MethodAndArgsCaller.run(ZygoteInit.java:892)
09-01 10:17:44.982 W/System.err( 1948): 	at com.android.internal.os.ZygoteInit.main(ZygoteInit.java:782)
09-01 10:17:44.983 I/ActivityManager( 1282): START u0 {cmp=de.danoeh.antennapod/.activity.AboutActivity (has extras)} from uid 10064 on display 0
09-01 10:17:44.983 W/ActivityManager( 1282): Permission Denial: starting Intent { cmp=de.danoeh.antennapod/.activity.AboutActivity (has extras) } from ProcessRecord{4ccee7c 1948:com.android.intentfuzzer/u0a64} (pid=1948, uid=10064) not exported from uid 10033
09-01 10:17:44.984 W/System.err( 1948): java.lang.Exception: Toast callstack! strTip=Send Intent Failed!
09-01 10:17:44.984 W/System.err( 1948): 	at android.widget.Toast.show(Toast.java:130)
09-01 10:17:44.984 W/System.err( 1948): 	at com.android.intentfuzzer.FuzzerActivity$4.onClick(FuzzerActivity.java:186)
09-01 10:17:44.984 W/System.err( 1948): 	at android.view.View.performClick(View.java:5637)
09-01 10:17:44.984 W/System.err( 1948): 	at android.view.View$PerformClick.run(View.java:22429)
09-01 10:17:44.984 W/System.err( 1948): 	at android.os.Handler.handleCallback(Handler.java:751)
09-01 10:17:44.984 W/System.err( 1948): 	at android.os.Handler.dispatchMessage(Handler.java:95)
09-01 10:17:44.984 W/System.err( 1948): 	at android.os.Looper.loop(Looper.java:154)
09-01 10:17:44.985 W/System.err( 1948): 	at android.app.ActivityThread.main(ActivityThread.java:6190)
09-01 10:17:44.985 W/System.err( 1948): 	at java.lang.reflect.Method.invoke(Native Method)
09-01 10:17:44.985 W/System.err( 1948): 	at com.android.internal.os.ZygoteInit$MethodAndArgsCaller.run(ZygoteInit.java:892)
09-01 10:17:44.985 W/System.err( 1948): 	at com.android.internal.os.ZygoteInit.main(ZygoteInit.java:782)
09-01 10:17:44.986 I/ActivityManager( 1282): START u0 {cmp=de.danoeh.antennapod/.activity.StatisticsActivity (has extras)} from uid 10064 on display 0
09-01 10:17:44.986 W/ActivityManager( 1282): Permission Denial: starting Intent { cmp=de.danoeh.antennapod/.activity.StatisticsActivity (has extras) } from ProcessRecord{4ccee7c 1948:com.android.intentfuzzer/u0a64} (pid=1948, uid=10064) not exported from uid 10033
09-01 10:17:44.987 W/System.err( 1948): java.lang.Exception: Toast callstack! strTip=Send Intent Failed!
09-01 10:17:44.987 W/System.err( 1948): 	at android.widget.Toast.show(Toast.java:130)
09-01 10:17:44.987 W/System.err( 1948): 	at com.android.intentfuzzer.FuzzerActivity$4.onClick(FuzzerActivity.java:186)
09-01 10:17:44.987 W/System.err( 1948): 	at android.view.View.performClick(View.java:5637)
09-01 10:17:44.987 W/System.err( 1948): 	at android.view.View$PerformClick.run(View.java:22429)
09-01 10:17:44.987 W/System.err( 1948): 	at android.os.Handler.handleCallback(Handler.java:751)
09-01 10:17:44.987 W/System.err( 1948): 	at android.os.Handler.dispatchMessage(Handler.java:95)
09-01 10:17:44.987 W/System.err( 1948): 	at android.os.Looper.loop(Looper.java:154)
09-01 10:17:44.987 W/System.err( 1948): 	at android.app.ActivityThread.main(ActivityThread.java:6190)
09-01 10:17:44.987 W/System.err( 1948): 	at java.lang.reflect.Method.invoke(Native Method)
09-01 10:17:44.987 W/System.err( 1948): 	at com.android.internal.os.ZygoteInit$MethodAndArgsCaller.run(ZygoteInit.java:892)
09-01 10:17:44.987 W/System.err( 1948): 	at com.android.internal.os.ZygoteInit.main(ZygoteInit.java:782)
09-01 10:17:44.989 I/ActivityManager( 1282): START u0 {cmp=de.danoeh.antennapod/.activity.ImportExportActivity (has extras)} from uid 10064 on display 0
09-01 10:17:44.990 W/ActivityManager( 1282): Permission Denial: starting Intent { cmp=de.danoeh.antennapod/.activity.ImportExportActivity (has extras) } from ProcessRecord{4ccee7c 1948:com.android.intentfuzzer/u0a64} (pid=1948, uid=10064) not exported from uid 10033
09-01 10:17:44.992 W/System.err( 1948): java.lang.Exception: Toast callstack! strTip=Send Intent Failed!
09-01 10:17:44.992 W/System.err( 1948): 	at android.widget.Toast.show(Toast.java:130)
09-01 10:17:44.992 W/System.err( 1948): 	at com.android.intentfuzzer.FuzzerActivity$4.onClick(FuzzerActivity.java:186)
09-01 10:17:44.992 W/System.err( 1948): 	at android.view.View.performClick(View.java:5637)
09-01 10:17:44.992 W/System.err( 1948): 	at android.view.View$PerformClick.run(View.java:22429)
09-01 10:17:44.992 W/System.err( 1948): 	at android.os.Handler.handleCallback(Handler.java:751)
09-01 10:17:44.992 W/System.err( 1948): 	at android.os.Handler.dispatchMessage(Handler.java:95)
09-01 10:17:44.992 W/System.err( 1948): 	at android.os.Looper.loop(Looper.java:154)
09-01 10:17:44.992 W/System.err( 1948): 	at android.app.ActivityThread.main(ActivityThread.java:6190)
09-01 10:17:44.992 W/System.err( 1948): 	at java.lang.reflect.Method.invoke(Native Method)
09-01 10:17:44.992 W/System.err( 1948): 	at com.android.internal.os.ZygoteInit$MethodAndArgsCaller.run(ZygoteInit.java:892)
09-01 10:17:44.992 W/System.err( 1948): 	at com.android.internal.os.ZygoteInit.main(ZygoteInit.java:782)
09-01 10:17:44.993 I/ActivityManager( 1282): START u0 {cmp=de.danoeh.antennapod/.activity.OpmlImportFromPathActivity (has extras)} from uid 10064 on display 0
09-01 10:17:44.993 W/ActivityManager( 1282): Permission Denial: starting Intent { cmp=de.danoeh.antennapod/.activity.OpmlImportFromPathActivity (has extras) } from ProcessRecord{4ccee7c 1948:com.android.intentfuzzer/u0a64} (pid=1948, uid=10064) not exported from uid 10033
09-01 10:17:44.995 W/System.err( 1948): java.lang.Exception: Toast callstack! strTip=Send Intent Failed!
09-01 10:17:44.995 W/System.err( 1948): 	at android.widget.Toast.show(Toast.java:130)
09-01 10:17:44.996 W/System.err( 1948): 	at com.android.intentfuzzer.FuzzerActivity$4.onClick(FuzzerActivity.java:186)
09-01 10:17:44.996 W/System.err( 1948): 	at android.view.View.performClick(View.java:5637)
09-01 10:17:44.996 W/System.err( 1948): 	at android.view.View$PerformClick.run(View.java:22429)
09-01 10:17:44.996 W/System.err( 1948): 	at android.os.Handler.handleCallback(Handler.java:751)
09-01 10:17:44.996 W/System.err( 1948): 	at android.os.Handler.dispatchMessage(Handler.java:95)
09-01 10:17:44.996 W/System.err( 1948): 	at android.os.Looper.loop(Looper.java:154)
09-01 10:17:44.996 W/System.err( 1948): 	at android.app.ActivityThread.main(ActivityThread.java:6190)
09-01 10:17:44.996 W/System.err( 1948): 	at java.lang.reflect.Method.invoke(Native Method)
09-01 10:17:44.996 W/System.err( 1948): 	at com.android.internal.os.ZygoteInit$MethodAndArgsCaller.run(ZygoteInit.java:892)
09-01 10:17:44.996 W/System.err( 1948): 	at com.android.internal.os.ZygoteInit.main(ZygoteInit.java:782)
09-01 10:17:44.998 I/ActivityManager( 1282): START u0 {cmp=de.danoeh.antennapod/.activity.OpmlImportFromIntentActivity (has extras)} from uid 10064 on display 0
09-01 10:17:45.003 W/ContextImpl( 1676): Calling a method in the system process without a qualified user: android.app.ContextImpl.startService:1358 android.content.ContextWrapper.startService:613 android.content.ContextWrapper.startService:613 com.android.coreservice.CoreBroadcastReceiver.onReceive:44 android.app.ActivityThread.handleReceiver:3073 
