--------- beginning of system
09-01 10:16:12.010 I/ActivityManager( 1282): START u0 {cmp=com.android.intentfuzzer/.FuzzerActivity} from uid 10064 on display 0
--------- beginning of main
09-01 10:16:12.014 D/audio_hw_hal( 1088): raw_start_output_stream, stream=0xf6e43140, sampleRate=48000, channel=2, bps=16, bufSize=4096
09-01 10:16:12.018 W/ContextImpl( 1676): Calling a method in the system process without a qualified user: android.app.ContextImpl.startService:1358 android.content.ContextWrapper.startService:613 android.content.ContextWrapper.startService:613 com.android.coreservice.CoreBroadcastReceiver.onReceive:44 android.app.ActivityThread.handleReceiver:3073 
09-01 10:16:12.048 W/ContextImpl( 1676): Calling a method in the system process without a qualified user: android.app.ContextImpl.startService:1358 android.content.ContextWrapper.startService:613 android.content.ContextWrapper.startService:613 com.android.coreservice.CoreBroadcastReceiver.onReceive:53 android.app.ActivityThread.handleReceiver:3073 
09-01 10:16:12.415 E/EGL_adreno( 1948): tid 1965: eglSurfaceAttrib(1338): error 0x3009 (EGL_BAD_MATCH)
09-01 10:16:12.415 W/OpenGLRenderer( 1948): Failed to set EGL_SWAP_BEHAVIOR on surface 0x7fffeb5e4200, error=EGL_BAD_MATCH
09-01 10:16:12.417 D/EGL_adreno( 1948): eglMakeCurrent: 0x7fffeb43c820: ver 3 1 (tinfo 0x7fffeb40d4a0)
09-01 10:16:12.448 I/ActivityManager( 1282): Displayed com.android.intentfuzzer/.FuzzerActivity: +427ms (total +2m6s69ms)
09-01 10:16:12.450 W/ContextImpl( 1676): Calling a method in the system process without a qualified user: android.app.ContextImpl.startService:1358 android.content.ContextWrapper.startService:613 android.content.ContextWrapper.startService:613 com.android.coreservice.CoreBroadcastReceiver.onReceive:69 android.app.ActivityThread.handleReceiver:3073 
09-01 10:16:12.494 W/ContextImpl( 1676): Calling a method in the system process without a qualified user: android.app.ContextImpl.startService:1358 android.content.ContextWrapper.startService:613 android.content.ContextWrapper.startService:613 com.android.coreservice.CoreBroadcastReceiver.onReceive:69 android.app.ActivityThread.handleReceiver:3073 
09-01 10:16:13.635 I/ActivityManager( 1282): START u0 {cmp=de.danoeh.antennapod/.activity.SplashActivity} from uid 10064 on display 0
09-01 10:16:13.645 W/ContextImpl( 1676): Calling a method in the system process without a qualified user: android.app.ContextImpl.startService:1358 android.content.ContextWrapper.startService:613 android.content.ContextWrapper.startService:613 com.android.coreservice.CoreBroadcastReceiver.onReceive:44 android.app.ActivityThread.handleReceiver:3073 
09-01 10:16:13.645 W/System.err( 1948): java.lang.Exception: Toast callstack! strTip=Sent Null Intent { cmp=de.danoeh.antennapod/.activity.SplashActivity }
09-01 10:16:13.645 W/System.err( 1948): 	at android.widget.Toast.show(Toast.java:130)
09-01 10:16:13.645 W/System.err( 1948): 	at com.android.intentfuzzer.FuzzerActivity$3.onClick(FuzzerActivity.java:165)
09-01 10:16:13.645 W/System.err( 1948): 	at android.view.View.performClick(View.java:5637)
09-01 10:16:13.645 W/System.err( 1948): 	at android.view.View$PerformClick.run(View.java:22429)
09-01 10:16:13.645 W/System.err( 1948): 	at android.os.Handler.handleCallback(Handler.java:751)
09-01 10:16:13.645 W/System.err( 1948): 	at android.os.Handler.dispatchMessage(Handler.java:95)
09-01 10:16:13.645 W/System.err( 1948): 	at android.os.Looper.loop(Looper.java:154)
09-01 10:16:13.645 W/System.err( 1948): 	at android.app.ActivityThread.main(ActivityThread.java:6190)
09-01 10:16:13.645 W/System.err( 1948): 	at java.lang.reflect.Method.invoke(Native Method)
09-01 10:16:13.645 W/System.err( 1948): 	at com.android.internal.os.ZygoteInit$MethodAndArgsCaller.run(ZygoteInit.java:892)
09-01 10:16:13.645 W/System.err( 1948): 	at com.android.internal.os.ZygoteInit.main(ZygoteInit.java:782)
09-01 10:16:13.649 I/ActivityManager( 1282): START u0 {cmp=de.danoeh.antennapod/.activity.MainActivity} from uid 10064 on display 0
09-01 10:16:13.649 W/ActivityManager( 1282): Permission Denial: starting Intent { cmp=de.danoeh.antennapod/.activity.MainActivity } from ProcessRecord{4ccee7c 1948:com.android.intentfuzzer/u0a64} (pid=1948, uid=10064) not exported from uid 10033
09-01 10:16:13.650 W/System.err( 1948): java.lang.Exception: Toast callstack! strTip=Send Intent Failed!
09-01 10:16:13.650 W/System.err( 1948): 	at android.widget.Toast.show(Toast.java:130)
09-01 10:16:13.650 W/System.err( 1948): 	at com.android.intentfuzzer.FuzzerActivity$3.onClick(FuzzerActivity.java:167)
09-01 10:16:13.650 W/System.err( 1948): 	at android.view.View.performClick(View.java:5637)
09-01 10:16:13.650 W/System.err( 1948): 	at android.view.View$PerformClick.run(View.java:22429)
09-01 10:16:13.650 W/System.err( 1948): 	at android.os.Handler.handleCallback(Handler.java:751)
09-01 10:16:13.650 W/System.err( 1948): 	at android.os.Handler.dispatchMessage(Handler.java:95)
09-01 10:16:13.650 W/System.err( 1948): 	at android.os.Looper.loop(Looper.java:154)
09-01 10:16:13.650 W/System.err( 1948): 	at android.app.ActivityThread.main(ActivityThread.java:6190)
09-01 10:16:13.650 W/System.err( 1948): 	at java.lang.reflect.Method.invoke(Native Method)
09-01 10:16:13.650 W/System.err( 1948): 	at com.android.internal.os.ZygoteInit$MethodAndArgsCaller.run(ZygoteInit.java:892)
09-01 10:16:13.650 W/System.err( 1948): 	at com.android.internal.os.ZygoteInit.main(ZygoteInit.java:782)
09-01 10:16:13.652 I/ActivityManager( 1282): START u0 {cmp=de.danoeh.antennapod/.activity.AudioplayerActivity} from uid 10064 on display 0
09-01 10:16:13.661 W/ContextImpl( 1676): Calling a method in the system process without a qualified user: android.app.ContextImpl.startService:1358 android.content.ContextWrapper.startService:613 android.content.ContextWrapper.startService:613 com.android.coreservice.CoreBroadcastReceiver.onReceive:44 android.app.ActivityThread.handleReceiver:3073 
09-01 10:16:13.663 W/System.err( 1948): java.lang.Exception: Toast callstack! strTip=Sent Null Intent { cmp=de.danoeh.antennapod/.activity.AudioplayerActivity }
09-01 10:16:13.663 W/System.err( 1948): 	at android.widget.Toast.show(Toast.java:130)
09-01 10:16:13.663 W/System.err( 1948): 	at com.android.intentfuzzer.FuzzerActivity$3.onClick(FuzzerActivity.java:165)
09-01 10:16:13.663 W/System.err( 1948): 	at android.view.View.performClick(View.java:5637)
09-01 10:16:13.663 W/System.err( 1948): 	at android.view.View$PerformClick.run(View.java:22429)
09-01 10:16:13.663 W/System.err( 1948): 	at android.os.Handler.handleCallback(Handler.java:751)
09-01 10:16:13.663 W/System.err( 1948): 	at android.os.Handler.dispatchMessage(Handler.java:95)
09-01 10:16:13.663 W/System.err( 1948): 	at android.os.Looper.loop(Looper.java:154)
09-01 10:16:13.663 W/System.err( 1948): 	at android.app.ActivityThread.main(ActivityThread.java:6190)
09-01 10:16:13.663 W/System.err( 1948): 	at java.lang.reflect.Method.invoke(Native Method)
09-01 10:16:13.663 W/System.err( 1948): 	at com.android.internal.os.ZygoteInit$MethodAndArgsCaller.run(ZygoteInit.java:892)
09-01 10:16:13.663 W/System.err( 1948): 	at com.android.internal.os.ZygoteInit.main(ZygoteInit.java:782)
09-01 10:16:13.664 W/ContextImpl( 1676): Calling a method in the system process without a qualified user: android.app.ContextImpl.startService:1358 android.content.ContextWrapper.startService:613 android.content.ContextWrapper.startService:613 com.android.coreservice.CoreBroadcastReceiver.onReceive:44 android.app.ActivityThread.handleReceiver:3073 
09-01 10:16:13.664 I/ActivityManager( 1282): START u0 {cmp=de.danoeh.antennapod/.activity.CastplayerActivity} from uid 10064 on display 0
09-01 10:16:13.666 W/ActivityManager( 1282): Permission Denial: starting Intent { cmp=de.danoeh.antennapod/.activity.CastplayerActivity } from ProcessRecord{4ccee7c 1948:com.android.intentfuzzer/u0a64} (pid=1948, uid=10064) not exported from uid 10033
09-01 10:16:13.667 W/System.err( 1948): java.lang.Exception: Toast callstack! strTip=Send Intent Failed!
09-01 10:16:13.667 W/System.err( 1948): 	at android.widget.Toast.show(Toast.java:130)
09-01 10:16:13.667 W/System.err( 1948): 	at com.android.intentfuzzer.FuzzerActivity$3.onClick(FuzzerActivity.java:167)
09-01 10:16:13.668 W/System.err( 1948): 	at android.view.View.performClick(View.java:5637)
09-01 10:16:13.668 W/System.err( 1948): 	at android.view.View$PerformClick.run(View.java:22429)
09-01 10:16:13.668 W/System.err( 1948): 	at android.os.Handler.handleCallback(Handler.java:751)
09-01 10:16:13.668 W/System.err( 1948): 	at android.os.Handler.dispatchMessage(Handler.java:95)
09-01 10:16:13.668 W/System.err( 1948): 	at android.os.Looper.loop(Looper.java:154)
09-01 10:16:13.668 W/System.err( 1948): 	at android.app.ActivityThread.main(ActivityThread.java:6190)
09-01 10:16:13.668 W/System.err( 1948): 	at java.lang.reflect.Method.invoke(Native Method)
09-01 10:16:13.668 W/System.err( 1948): 	at com.android.internal.os.ZygoteInit$MethodAndArgsCaller.run(ZygoteInit.java:892)
09-01 10:16:13.668 W/System.err( 1948): 	at com.android.internal.os.ZygoteInit.main(ZygoteInit.java:782)
09-01 10:16:13.669 I/ActivityManager( 1282): START u0 {cmp=de.danoeh.antennapod/.activity.DownloadAuthenticationActivity} from uid 10064 on display 0
09-01 10:16:13.670 W/ActivityManager( 1282): Permission Denial: starting Intent { cmp=de.danoeh.antennapod/.activity.DownloadAuthenticationActivity } from ProcessRecord{4ccee7c 1948:com.android.intentfuzzer/u0a64} (pid=1948, uid=10064) not exported from uid 10033
09-01 10:16:13.671 W/System.err( 1948): java.lang.Exception: Toast callstack! strTip=Send Intent Failed!
09-01 10:16:13.671 W/System.err( 1948): 	at android.widget.Toast.show(Toast.java:130)
09-01 10:16:13.671 W/System.err( 1948): 	at com.android.intentfuzzer.FuzzerActivity$3.onClick(FuzzerActivity.java:167)
09-01 10:16:13.671 W/System.err( 1948): 	at android.view.View.performClick(View.java:5637)
09-01 10:16:13.671 W/System.err( 1948): 	at android.view.View$PerformClick.run(View.java:22429)
09-01 10:16:13.671 W/System.err( 1948): 	at android.os.Handler.handleCallback(Handler.java:751)
09-01 10:16:13.671 W/System.err( 1948): 	at android.os.Handler.dispatchMessage(Handler.java:95)
09-01 10:16:13.671 W/System.err( 1948): 	at android.os.Looper.loop(Looper.java:154)
09-01 10:16:13.671 W/System.err( 1948): 	at android.app.ActivityThread.main(ActivityThread.java:6190)
09-01 10:16:13.671 W/System.err( 1948): 	at java.lang.reflect.Method.invoke(Native Method)
09-01 10:16:13.671 W/System.err( 1948): 	at com.android.internal.os.ZygoteInit$MethodAndArgsCaller.run(ZygoteInit.java:892)
09-01 10:16:13.671 W/System.err( 1948): 	at com.android.internal.os.ZygoteInit.main(ZygoteInit.java:782)
09-01 10:16:13.673 I/ActivityManager( 1282): START u0 {cmp=de.danoeh.antennapod/.activity.PreferenceActivity} from uid 10064 on display 0
09-01 10:16:13.673 W/ActivityManager( 1282): Permission Denial: starting Intent { cmp=de.danoeh.antennapod/.activity.PreferenceActivity } from ProcessRecord{4ccee7c 1948:com.android.intentfuzzer/u0a64} (pid=1948, uid=10064) not exported from uid 10033
09-01 10:16:13.675 W/System.err( 1948): java.lang.Exception: Toast callstack! strTip=Send Intent Failed!
09-01 10:16:13.675 W/System.err( 1948): 	at android.widget.Toast.show(Toast.java:130)
09-01 10:16:13.675 W/System.err( 1948): 	at com.android.intentfuzzer.FuzzerActivity$3.onClick(FuzzerActivity.java:167)
09-01 10:16:13.675 W/System.err( 1948): 	at android.view.View.performClick(View.java:5637)
09-01 10:16:13.675 W/System.err( 1948): 	at android.view.View$PerformClick.run(View.java:22429)
09-01 10:16:13.675 W/System.err( 1948): 	at android.os.Handler.handleCallback(Handler.java:751)
09-01 10:16:13.675 W/System.err( 1948): 	at android.os.Handler.dispatchMessage(Handler.java:95)
09-01 10:16:13.675 W/System.err( 1948): 	at android.os.Looper.loop(Looper.java:154)
09-01 10:16:13.675 W/System.err( 1948): 	at android.app.ActivityThread.main(ActivityThread.java:6190)
09-01 10:16:13.675 W/System.err( 1948): 	at java.lang.reflect.Method.invoke(Native Method)
09-01 10:16:13.675 W/System.err( 1948): 	at com.android.internal.os.ZygoteInit$MethodAndArgsCaller.run(ZygoteInit.java:892)
09-01 10:16:13.675 W/System.err( 1948): 	at com.android.internal.os.ZygoteInit.main(ZygoteInit.java:782)
09-01 10:16:13.676 I/ActivityManager( 1282): START u0 {cmp=de.danoeh.antennapod/.activity.FeedInfoActivity} from uid 10064 on display 0
09-01 10:16:13.676 W/ActivityManager( 1282): Permission Denial: starting Intent { cmp=de.danoeh.antennapod/.activity.FeedInfoActivity } from ProcessRecord{4ccee7c 1948:com.android.intentfuzzer/u0a64} (pid=1948, uid=10064) not exported from uid 10033
09-01 10:16:13.677 W/System.err( 1948): java.lang.Exception: Toast callstack! strTip=Send Intent Failed!
09-01 10:16:13.678 W/System.err( 1948): 	at android.widget.Toast.show(Toast.java:130)
09-01 10:16:13.678 W/System.err( 1948): 	at com.android.intentfuzzer.FuzzerActivity$3.onClick(FuzzerActivity.java:167)
09-01 10:16:13.678 W/System.err( 1948): 	at android.view.View.performClick(View.java:5637)
09-01 10:16:13.678 W/System.err( 1948): 	at android.view.View$PerformClick.run(View.java:22429)
09-01 10:16:13.678 W/System.err( 1948): 	at android.os.Handler.handleCallback(Handler.java:751)
09-01 10:16:13.678 W/System.err( 1948): 	at android.os.Handler.dispatchMessage(Handler.java:95)
09-01 10:16:13.678 W/System.err( 1948): 	at android.os.Looper.loop(Looper.java:154)
09-01 10:16:13.678 W/System.err( 1948): 	at android.app.ActivityThread.main(ActivityThread.java:6190)
09-01 10:16:13.678 W/System.err( 1948): 	at java.lang.reflect.Method.invoke(Native Method)
09-01 10:16:13.679 W/System.err( 1948): 	at com.android.internal.os.ZygoteInit$MethodAndArgsCaller.run(ZygoteInit.java:892)
09-01 10:16:13.679 W/System.err( 1948): 	at com.android.internal.os.ZygoteInit.main(ZygoteInit.java:782)
09-01 10:16:13.679 I/ActivityManager( 1282): START u0 {cmp=de.danoeh.antennapod/.activity.FeedSettingsActivity} from uid 10064 on display 0
09-01 10:16:13.679 W/ActivityManager( 1282): Permission Denial: starting Intent { cmp=de.danoeh.antennapod/.activity.FeedSettingsActivity } from ProcessRecord{4ccee7c 1948:com.android.intentfuzzer/u0a64} (pid=1948, uid=10064) not exported from uid 10033
09-01 10:16:13.681 W/System.err( 1948): java.lang.Exception: Toast callstack! strTip=Send Intent Failed!
09-01 10:16:13.681 W/System.err( 1948): 	at android.widget.Toast.show(Toast.java:130)
09-01 10:16:13.681 W/System.err( 1948): 	at com.android.intentfuzzer.FuzzerActivity$3.onClick(FuzzerActivity.java:167)
09-01 10:16:13.681 W/System.err( 1948): 	at android.view.View.performClick(View.java:5637)
09-01 10:16:13.681 W/System.err( 1948): 	at android.view.View$PerformClick.run(View.java:22429)
09-01 10:16:13.681 W/System.err( 1948): 	at android.os.Handler.handleCallback(Handler.java:751)
09-01 10:16:13.681 W/System.err( 1948): 	at android.os.Handler.dispatchMessage(Handler.java:95)
09-01 10:16:13.681 W/System.err( 1948): 	at android.os.Looper.loop(Looper.java:154)
09-01 10:16:13.681 W/System.err( 1948): 	at android.app.ActivityThread.main(ActivityThread.java:6190)
09-01 10:16:13.681 W/System.err( 1948): 	at java.lang.reflect.Method.invoke(Native Method)
09-01 10:16:13.681 W/System.err( 1948): 	at com.android.internal.os.ZygoteInit$MethodAndArgsCaller.run(ZygoteInit.java:892)
09-01 10:16:13.681 W/System.err( 1948): 	at com.android.internal.os.ZygoteInit.main(ZygoteInit.java:782)
09-01 10:16:13.682 I/ActivityManager( 1282): START u0 {cmp=de.danoeh.antennapod/.activity.StorageErrorActivity} from uid 10064 on display 0
09-01 10:16:13.682 W/ActivityManager( 1282): Permission Denial: starting Intent { cmp=de.danoeh.antennapod/.activity.StorageErrorActivity } from ProcessRecord{4ccee7c 1948:com.android.intentfuzzer/u0a64} (pid=1948, uid=10064) not exported from uid 10033
09-01 10:16:13.684 W/System.err( 1948): java.lang.Exception: Toast callstack! strTip=Send Intent Failed!
09-01 10:16:13.684 W/System.err( 1948): 	at android.widget.Toast.show(Toast.java:130)
09-01 10:16:13.684 W/System.err( 1948): 	at com.android.intentfuzzer.FuzzerActivity$3.onClick(FuzzerActivity.java:167)
09-01 10:16:13.684 W/System.err( 1948): 	at android.view.View.performClick(View.java:5637)
09-01 10:16:13.684 W/System.err( 1948): 	at android.view.View$PerformClick.run(View.java:22429)
09-01 10:16:13.684 W/System.err( 1948): 	at android.os.Handler.handleCallback(Handler.java:751)
09-01 10:16:13.684 W/System.err( 1948): 	at android.os.Handler.dispatchMessage(Handler.java:95)
09-01 10:16:13.684 W/System.err( 1948): 	at android.os.Looper.loop(Looper.java:154)
09-01 10:16:13.684 W/System.err( 1948): 	at android.app.ActivityThread.main(ActivityThread.java:6190)
09-01 10:16:13.684 W/System.err( 1948): 	at java.lang.reflect.Method.invoke(Native Method)
09-01 10:16:13.684 W/System.err( 1948): 	at com.android.internal.os.ZygoteInit$MethodAndArgsCaller.run(ZygoteInit.java:892)
09-01 10:16:13.684 W/System.err( 1948): 	at com.android.internal.os.ZygoteInit.main(ZygoteInit.java:782)
09-01 10:16:13.685 I/ActivityManager( 1282): START u0 {cmp=de.danoeh.antennapod/.activity.FlattrAuthActivity} from uid 10064 on display 0
09-01 10:16:13.688 W/System.err( 1948): java.lang.Exception: Toast callstack! strTip=Sent Null Intent { cmp=de.danoeh.antennapod/.activity.FlattrAuthActivity }
09-01 10:16:13.688 W/System.err( 1948): 	at android.widget.Toast.show(Toast.java:130)
09-01 10:16:13.688 W/System.err( 1948): 	at com.android.intentfuzzer.FuzzerActivity$3.onClick(FuzzerActivity.java:165)
09-01 10:16:13.688 W/System.err( 1948): 	at android.view.View.performClick(View.java:5637)
09-01 10:16:13.688 W/System.err( 1948): 	at android.view.View$PerformClick.run(View.java:22429)
09-01 10:16:13.688 W/System.err( 1948): 	at android.os.Handler.handleCallback(Handler.java:751)
09-01 10:16:13.688 W/System.err( 1948): 	at android.os.Handler.dispatchMessage(Handler.java:95)
09-01 10:16:13.688 W/System.err( 1948): 	at android.os.Looper.loop(Looper.java:154)
09-01 10:16:13.688 W/System.err( 1948): 	at android.app.ActivityThread.main(ActivityThread.java:6190)
09-01 10:16:13.688 W/System.err( 1948): 	at java.lang.reflect.Method.invoke(Native Method)
09-01 10:16:13.688 W/System.err( 1948): 	at com.android.internal.os.ZygoteInit$MethodAndArgsCaller.run(ZygoteInit.java:892)
09-01 10:16:13.688 W/System.err( 1948): 	at com.android.internal.os.ZygoteInit.main(ZygoteInit.java:782)
09-01 10:16:13.690 I/ActivityManager( 1282): START u0 {cmp=de.danoeh.antennapod/.activity.AboutActivity} from uid 10064 on display 0
09-01 10:16:13.690 W/ActivityManager( 1282): Permission Denial: starting Intent { cmp=de.danoeh.antennapod/.activity.AboutActivity } from ProcessRecord{4ccee7c 1948:com.android.intentfuzzer/u0a64} (pid=1948, uid=10064) not exported from uid 10033
09-01 10:16:13.691 W/System.err( 1948): java.lang.Exception: Toast callstack! strTip=Send Intent Failed!
09-01 10:16:13.691 W/System.err( 1948): 	at android.widget.Toast.show(Toast.java:130)
09-01 10:16:13.691 W/System.err( 1948): 	at com.android.intentfuzzer.FuzzerActivity$3.onClick(FuzzerActivity.java:167)
09-01 10:16:13.691 W/System.err( 1948): 	at android.view.View.performClick(View.java:5637)
09-01 10:16:13.691 W/System.err( 1948): 	at android.view.View$PerformClick.run(View.java:22429)
09-01 10:16:13.691 W/System.err( 1948): 	at android.os.Handler.handleCallback(Handler.java:751)
09-01 10:16:13.691 W/System.err( 1948): 	at android.os.Handler.dispatchMessage(Handler.java:95)
09-01 10:16:13.691 W/System.err( 1948): 	at android.os.Looper.loop(Looper.java:154)
09-01 10:16:13.691 W/System.err( 1948): 	at android.app.ActivityThread.main(ActivityThread.java:6190)
09-01 10:16:13.691 W/System.err( 1948): 	at java.lang.reflect.Method.invoke(Native Method)
09-01 10:16:13.691 W/System.err( 1948): 	at com.android.internal.os.ZygoteInit$MethodAndArgsCaller.run(ZygoteInit.java:892)
09-01 10:16:13.691 W/System.err( 1948): 	at com.android.internal.os.ZygoteInit.main(ZygoteInit.java:782)
09-01 10:16:13.691 W/ContextImpl( 1676): Calling a method in the system process without a qualified user: android.app.ContextImpl.startService:1358 android.content.ContextWrapper.startService:613 android.content.ContextWrapper.startService:613 com.android.coreservice.CoreBroadcastReceiver.onReceive:44 android.app.ActivityThread.handleReceiver:3073 
09-01 10:16:13.692 I/ActivityManager( 1282): START u0 {cmp=de.danoeh.antennapod/.activity.StatisticsActivity} from uid 10064 on display 0
09-01 10:16:13.692 W/ActivityManager( 1282): Permission Denial: starting Intent { cmp=de.danoeh.antennapod/.activity.StatisticsActivity } from ProcessRecord{4ccee7c 1948:com.android.intentfuzzer/u0a64} (pid=1948, uid=10064) not exported from uid 10033
09-01 10:16:13.693 W/System.err( 1948): java.lang.Exception: Toast callstack! strTip=Send Intent Failed!
09-01 10:16:13.694 W/System.err( 1948): 	at android.widget.Toast.show(Toast.java:130)
09-01 10:16:13.694 W/System.err( 1948): 	at com.android.intentfuzzer.FuzzerActivity$3.onClick(FuzzerActivity.java:167)
09-01 10:16:13.694 W/System.err( 1948): 	at android.view.View.performClick(View.java:5637)
09-01 10:16:13.694 W/System.err( 1948): 	at android.view.View$PerformClick.run(View.java:22429)
09-01 10:16:13.694 W/System.err( 1948): 	at android.os.Handler.handleCallback(Handler.java:751)
09-01 10:16:13.694 W/System.err( 1948): 	at android.os.Handler.dispatchMessage(Handler.java:95)
09-01 10:16:13.694 W/System.err( 1948): 	at android.os.Looper.loop(Looper.java:154)
09-01 10:16:13.694 W/System.err( 1948): 	at android.app.ActivityThread.main(ActivityThread.java:6190)
09-01 10:16:13.694 W/System.err( 1948): 	at java.lang.reflect.Method.invoke(Native Method)
09-01 10:16:13.694 W/System.err( 1948): 	at com.android.internal.os.ZygoteInit$MethodAndArgsCaller.run(ZygoteInit.java:892)
09-01 10:16:13.694 W/System.err( 1948): 	at com.android.internal.os.ZygoteInit.main(ZygoteInit.java:782)
09-01 10:16:13.695 I/ActivityManager( 1282): START u0 {cmp=de.danoeh.antennapod/.activity.ImportExportActivity} from uid 10064 on display 0
09-01 10:16:13.695 W/ActivityManager( 1282): Permission Denial: starting Intent { cmp=de.danoeh.antennapod/.activity.ImportExportActivity } from ProcessRecord{4ccee7c 1948:com.android.intentfuzzer/u0a64} (pid=1948, uid=10064) not exported from uid 10033
09-01 10:16:13.696 W/System.err( 1948): java.lang.Exception: Toast callstack! strTip=Send Intent Failed!
09-01 10:16:13.696 W/System.err( 1948): 	at android.widget.Toast.show(Toast.java:130)
09-01 10:16:13.696 W/System.err( 1948): 	at com.android.intentfuzzer.FuzzerActivity$3.onClick(FuzzerActivity.java:167)
09-01 10:16:13.696 W/System.err( 1948): 	at android.view.View.performClick(View.java:5637)
09-01 10:16:13.697 W/System.err( 1948): 	at android.view.View$PerformClick.run(View.java:22429)
09-01 10:16:13.697 W/System.err( 1948): 	at android.os.Handler.handleCallback(Handler.java:751)
09-01 10:16:13.697 W/System.err( 1948): 	at android.os.Handler.dispatchMessage(Handler.java:95)
09-01 10:16:13.697 W/System.err( 1948): 	at android.os.Looper.loop(Looper.java:154)
09-01 10:16:13.697 W/System.err( 1948): 	at android.app.ActivityThread.main(ActivityThread.java:6190)
09-01 10:16:13.697 W/System.err( 1948): 	at java.lang.reflect.Method.invoke(Native Method)
09-01 10:16:13.697 W/System.err( 1948): 	at com.android.internal.os.ZygoteInit$MethodAndArgsCaller.run(ZygoteInit.java:892)
09-01 10:16:13.697 W/System.err( 1948): 	at com.android.internal.os.ZygoteInit.main(ZygoteInit.java:782)
09-01 10:16:13.698 I/ActivityManager( 1282): START u0 {cmp=de.danoeh.antennapod/.activity.OpmlImportFromPathActivity} from uid 10064 on display 0
09-01 10:16:13.698 W/ActivityManager( 1282): Permission Denial: starting Intent { cmp=de.danoeh.antennapod/.activity.OpmlImportFromPathActivity } from ProcessRecord{4ccee7c 1948:com.android.intentfuzzer/u0a64} (pid=1948, uid=10064) not exported from uid 10033
09-01 10:16:13.699 W/System.err( 1948): java.lang.Exception: Toast callstack! strTip=Send Intent Failed!
09-01 10:16:13.699 W/System.err( 1948): 	at android.widget.Toast.show(Toast.java:130)
09-01 10:16:13.699 W/System.err( 1948): 	at com.android.intentfuzzer.FuzzerActivity$3.onClick(FuzzerActivity.java:167)
09-01 10:16:13.699 W/System.err( 1948): 	at android.view.View.performClick(View.java:5637)
09-01 10:16:13.699 W/System.err( 1948): 	at android.view.View$PerformClick.run(View.java:22429)
09-01 10:16:13.699 W/System.err( 1948): 	at android.os.Handler.handleCallback(Handler.java:751)
09-01 10:16:13.700 W/System.err( 1948): 	at android.os.Handler.dispatchMessage(Handler.java:95)
09-01 10:16:13.700 W/System.err( 1948): 	at android.os.Looper.loop(Looper.java:154)
09-01 10:16:13.700 W/System.err( 1948): 	at android.app.ActivityThread.main(ActivityThread.java:6190)
09-01 10:16:13.700 W/System.err( 1948): 	at java.lang.reflect.Method.invoke(Native Method)
09-01 10:16:13.700 W/System.err( 1948): 	at com.android.internal.os.ZygoteInit$MethodAndArgsCaller.run(ZygoteInit.java:892)
09-01 10:16:13.700 W/System.err( 1948): 	at com.android.internal.os.ZygoteInit.main(ZygoteInit.java:782)
09-01 10:16:13.701 I/ActivityManager( 1282): START u0 {cmp=de.danoeh.antennapod/.activity.OpmlImportFromIntentActivity} from uid 10064 on display 0
09-01 10:16:13.707 W/System.err( 1948): java.lang.Exception: Toast callstack! strTip=Sent Null Intent { cmp=de.danoeh.antennapod/.activity.OpmlImportFromIntentActivity }
09-01 10:16:13.707 W/System.err( 1948): 	at android.widget.Toast.show(Toast.java:130)
09-01 10:16:13.707 W/System.err( 1948): 	at com.android.intentfuzzer.FuzzerActivity$3.onClick(FuzzerActivity.java:165)
09-01 10:16:13.707 W/System.err( 1948): 	at android.view.View.performClick(View.java:5637)
09-01 10:16:13.707 W/System.err( 1948): 	at android.view.View$PerformClick.run(View.java:22429)
09-01 10:16:13.707 W/System.err( 1948): 	at android.os.Handler.handleCallback(Handler.java:751)
09-01 10:16:13.707 W/System.err( 1948): 	at android.os.Handler.dispatchMessage(Handler.java:95)
09-01 10:16:13.707 W/System.err( 1948): 	at android.os.Looper.loop(Looper.java:154)
09-01 10:16:13.707 W/System.err( 1948): 	at android.app.ActivityThread.main(ActivityThread.java:6190)
09-01 10:16:13.707 W/System.err( 1948): 	at java.lang.reflect.Method.invoke(Native Method)
09-01 10:16:13.707 W/System.err( 1948): 	at com.android.internal.os.ZygoteInit$MethodAndArgsCaller.run(ZygoteInit.java:892)
09-01 10:16:13.707 W/System.err( 1948): 	at com.android.internal.os.ZygoteInit.main(ZygoteInit.java:782)
09-01 10:16:13.707 W/ContextImpl( 1676): Calling a method in the system process without a qualified user: android.app.ContextImpl.startService:1358 android.content.ContextWrapper.startService:613 android.content.ContextWrapper.startService:613 com.android.coreservice.CoreBroadcastReceiver.onReceive:44 android.app.ActivityThread.handleReceiver:3073 
09-01 10:16:13.715 I/ActivityManager( 1282): START u0 {cmp=de.danoeh.antennapod/.activity.OpmlFeedChooserActivity} from uid 10064 on display 0
09-01 10:16:13.715 W/ActivityManager( 1282): Permission Denial: starting Intent { cmp=de.danoeh.antennapod/.activity.OpmlFeedChooserActivity } from ProcessRecord{4ccee7c 1948:com.android.intentfuzzer/u0a64} (pid=1948, uid=10064) not exported from uid 10033
09-01 10:16:13.716 W/System.err( 1948): java.lang.Exception: Toast callstack! strTip=Send Intent Failed!
09-01 10:16:13.716 W/System.err( 1948): 	at android.widget.Toast.show(Toast.java:130)
09-01 10:16:13.716 W/System.err( 1948): 	at com.android.intentfuzzer.FuzzerActivity$3.onClick(FuzzerActivity.java:167)
09-01 10:16:13.716 W/System.err( 1948): 	at android.view.View.performClick(View.java:5637)
09-01 10:16:13.716 W/System.err( 1948): 	at android.view.View$PerformClick.run(View.java:22429)
09-01 10:16:13.716 W/System.err( 1948): 	at android.os.Handler.handleCallback(Handler.java:751)
09-01 10:16:13.716 W/System.err( 1948): 	at android.os.Handler.dispatchMessage(Handler.java:95)
09-01 10:16:13.716 W/System.err( 1948): 	at android.os.Looper.loop(Looper.java:154)
09-01 10:16:13.716 W/System.err( 1948): 	at android.app.ActivityThread.main(ActivityThread.java:6190)
09-01 10:16:13.716 W/System.err( 1948): 	at java.lang.reflect.Method.invoke(Native Method)
09-01 10:16:13.716 W/System.err( 1948): 	at com.android.internal.os.ZygoteInit$MethodAndArgsCaller.run(ZygoteInit.java:892)
09-01 10:16:13.716 W/System.err( 1948): 	at com.android.internal.os.ZygoteInit.main(ZygoteInit.java:782)
09-01 10:16:13.721 I/ActivityManager( 1282): START u0 {cmp=de.danoeh.antennapod/.activity.VideoplayerActivity} from uid 10064 on display 0
09-01 10:16:13.727 W/ContextImpl( 1676): Calling a method in the system process without a qualified user: android.app.ContextImpl.startService:1358 android.content.ContextWrapper.startService:613 android.content.ContextWrapper.startService:613 com.android.coreservice.CoreBroadcastReceiver.onReceive:44 android.app.ActivityThread.handleReceiver:3073 
09-01 10:16:13.727 W/System.err( 1948): java.lang.Exception: Toast callstack! strTip=Sent Null Intent { cmp=de.danoeh.antennapod/.activity.VideoplayerActivity }
09-01 10:16:13.727 W/System.err( 1948): 	at android.widget.Toast.show(Toast.java:130)
09-01 10:16:13.727 W/System.err( 1948): 	at com.android.intentfuzzer.FuzzerActivity$3.onClick(FuzzerActivity.java:165)
09-01 10:16:13.727 W/System.err( 1948): 	at android.view.View.performClick(View.java:5637)
09-01 10:16:13.727 W/System.err( 1948): 	at android.view.View$PerformClick.run(View.java:22429)
09-01 10:16:13.727 W/System.err( 1948): 	at android.os.Handler.handleCallback(Handler.java:751)
09-01 10:16:13.727 W/System.err( 1948): 	at android.os.Handler.dispatchMessage(Handler.java:95)
09-01 10:16:13.727 W/System.err( 1948): 	at android.os.Looper.loop(Looper.java:154)
09-01 10:16:13.727 W/System.err( 1948): 	at android.app.ActivityThread.main(ActivityThread.java:6190)
09-01 10:16:13.727 W/System.err( 1948): 	at java.lang.reflect.Method.invoke(Native Method)
09-01 10:16:13.727 W/System.err( 1948): 	at com.android.internal.os.ZygoteInit$MethodAndArgsCaller.run(ZygoteInit.java:892)
09-01 10:16:13.727 W/System.err( 1948): 	at com.android.internal.os.ZygoteInit.main(ZygoteInit.java:782)
09-01 10:16:13.729 I/ActivityManager( 1282): START u0 {cmp=de.danoeh.antennapod/.activity.DirectoryChooserActivity} from uid 10064 on display 0
09-01 10:16:13.729 W/ActivityManager( 1282): Permission Denial: starting Intent { cmp=de.danoeh.antennapod/.activity.DirectoryChooserActivity } from ProcessRecord{4ccee7c 1948:com.android.intentfuzzer/u0a64} (pid=1948, uid=10064) not exported from uid 10033
09-01 10:16:13.731 W/System.err( 1948): java.lang.Exception: Toast callstack! strTip=Send Intent Failed!
09-01 10:16:13.731 W/System.err( 1948): 	at android.widget.Toast.show(Toast.java:130)
09-01 10:16:13.731 W/System.err( 1948): 	at com.android.intentfuzzer.FuzzerActivity$3.onClick(FuzzerActivity.java:167)
09-01 10:16:13.731 W/System.err( 1948): 	at android.view.View.performClick(View.java:5637)
09-01 10:16:13.731 W/System.err( 1948): 	at android.view.View$PerformClick.run(View.java:22429)
09-01 10:16:13.731 W/System.err( 1948): 	at android.os.Handler.handleCallback(Handler.java:751)
09-01 10:16:13.731 W/System.err( 1948): 	at android.os.Handler.dispatchMessage(Handler.java:95)
09-01 10:16:13.731 W/System.err( 1948): 	at android.os.Looper.loop(Looper.java:154)
09-01 10:16:13.731 W/System.err( 1948): 	at android.app.ActivityThread.main(ActivityThread.java:6190)
09-01 10:16:13.731 W/System.err( 1948): 	at java.lang.reflect.Method.invoke(Native Method)
09-01 10:16:13.731 W/System.err( 1948): 	at com.android.internal.os.ZygoteInit$MethodAndArgsCaller.run(ZygoteInit.java:892)
09-01 10:16:13.731 W/System.err( 1948): 	at com.android.internal.os.ZygoteInit.main(ZygoteInit.java:782)
09-01 10:16:13.733 I/ActivityManager( 1282): START u0 {cmp=de.danoeh.antennapod/.activity.OnlineFeedViewActivity} from uid 10064 on display 0
09-01 10:16:13.737 W/ContextImpl( 1676): Calling a method in the system process without a qualified user: android.app.ContextImpl.startService:1358 android.content.ContextWrapper.startService:613 android.content.ContextWrapper.startService:613 com.android.coreservice.CoreBroadcastReceiver.onReceive:44 android.app.ActivityThread.handleReceiver:3073 
09-01 10:16:13.739 W/System.err( 1948): java.lang.Exception: Toast callstack! strTip=Sent Null Intent { cmp=de.danoeh.antennapod/.activity.OnlineFeedViewActivity }
09-01 10:16:13.739 W/System.err( 1948): 	at android.widget.Toast.show(Toast.java:130)
09-01 10:16:13.739 W/System.err( 1948): 	at com.android.intentfuzzer.FuzzerActivity$3.onClick(FuzzerActivity.java:165)
09-01 10:16:13.739 W/System.err( 1948): 	at android.view.View.performClick(View.java:5637)
09-01 10:16:13.739 W/System.err( 1948): 	at android.view.View$PerformClick.run(View.java:22429)
09-01 10:16:13.739 W/System.err( 1948): 	at android.os.Handler.handleCallback(Handler.java:751)
09-01 10:16:13.739 W/System.err( 1948): 	at android.os.Handler.dispatchMessage(Handler.java:95)
09-01 10:16:13.739 W/System.err( 1948): 	at android.os.Looper.loop(Looper.java:154)
09-01 10:16:13.739 W/System.err( 1948): 	at android.app.ActivityThread.main(ActivityThread.java:6190)
09-01 10:16:13.739 W/System.err( 1948): 	at java.lang.reflect.Method.invoke(Native Method)
09-01 10:16:13.739 W/System.err( 1948): 	at com.android.internal.os.ZygoteInit$MethodAndArgsCaller.run(ZygoteInit.java:892)
09-01 10:16:13.739 W/System.err( 1948): 	at com.android.internal.os.ZygoteInit.main(ZygoteInit.java:782)
09-01 10:16:13.741 I/ActivityManager( 1282): START u0 {cmp=de.danoeh.antennapod/.activity.gpoddernet.GpodnetAuthenticationActivity} from uid 10064 on display 0
09-01 10:16:13.744 W/System.err( 1948): java.lang.Exception: Toast callstack! strTip=Sent Null Intent { cmp=de.danoeh.antennapod/.activity.gpoddernet.GpodnetAuthenticationActivity }
09-01 10:16:13.745 W/System.err( 1948): 	at android.widget.Toast.show(Toast.java:130)
09-01 10:16:13.745 W/System.err( 1948): 	at com.android.intentfuzzer.FuzzerActivity$3.onClick(FuzzerActivity.java:165)
09-01 10:16:13.745 W/System.err( 1948): 	at android.view.View.performClick(View.java:5637)
09-01 10:16:13.745 W/System.err( 1948): 	at android.view.View$PerformClick.run(View.java:22429)
09-01 10:16:13.745 W/System.err( 1948): 	at android.os.Handler.handleCallback(Handler.java:751)
09-01 10:16:13.745 W/System.err( 1948): 	at android.os.Handler.dispatchMessage(Handler.java:95)
09-01 10:16:13.745 W/System.err( 1948): 	at android.os.Looper.loop(Looper.java:154)
09-01 10:16:13.745 W/System.err( 1948): 	at android.app.ActivityThread.main(ActivityThread.java:6190)
09-01 10:16:13.745 W/System.err( 1948): 	at java.lang.reflect.Method.invoke(Native Method)
09-01 10:16:13.745 W/System.err( 1948): 	at com.android.internal.os.ZygoteInit$MethodAndArgsCaller.run(ZygoteInit.java:892)
09-01 10:16:13.745 W/System.err( 1948): 	at com.android.internal.os.ZygoteInit.main(ZygoteInit.java:782)
09-01 10:16:13.746 I/ActivityManager( 1282): START u0 {cmp=de.danoeh.antennapod/com.google.android.gms.common.api.GoogleApiActivity} from uid 10064 on display 0
09-01 10:16:13.746 W/ActivityManager( 1282): Permission Denial: starting Intent { cmp=de.danoeh.antennapod/com.google.android.gms.common.api.GoogleApiActivity } from ProcessRecord{4ccee7c 1948:com.android.intentfuzzer/u0a64} (pid=1948, uid=10064) not exported from uid 10033
09-01 10:16:13.747 W/System.err( 1948): java.lang.Exception: Toast callstack! strTip=Send Intent Failed!
09-01 10:16:13.747 W/System.err( 1948): 	at android.widget.Toast.show(Toast.java:130)
09-01 10:16:13.747 W/System.err( 1948): 	at com.android.intentfuzzer.FuzzerActivity$3.onClick(FuzzerActivity.java:167)
09-01 10:16:13.747 W/System.err( 1948): 	at android.view.View.performClick(View.java:5637)
09-01 10:16:13.747 W/System.err( 1948): 	at android.view.View$PerformClick.run(View.java:22429)
09-01 10:16:13.747 W/System.err( 1948): 	at android.os.Handler.handleCallback(Handler.java:751)
09-01 10:16:13.747 W/System.err( 1948): 	at android.os.Handler.dispatchMessage(Handler.java:95)
09-01 10:16:13.747 W/System.err( 1948): 	at android.os.Looper.loop(Looper.java:154)
09-01 10:16:13.747 W/System.err( 1948): 	at android.app.ActivityThread.main(ActivityThread.java:6190)
09-01 10:16:13.747 W/System.err( 1948): 	at java.lang.reflect.Method.invoke(Native Method)
09-01 10:16:13.747 W/System.err( 1948): 	at com.android.internal.os.ZygoteInit$MethodAndArgsCaller.run(ZygoteInit.java:892)
09-01 10:16:13.747 W/System.err( 1948): 	at com.android.internal.os.ZygoteInit.main(ZygoteInit.java:782)
09-01 10:16:13.753 W/ContextImpl( 1676): Calling a method in the system process without a qualified user: android.app.ContextImpl.startService:1358 android.content.ContextWrapper.startService:613 android.content.ContextWrapper.startService:613 com.android.coreservice.CoreBroadcastReceiver.onReceive:44 android.app.ActivityThread.handleReceiver:3073 
09-01 10:16:13.770 I/ActivityManager( 1282): Start proc 2325:de.danoeh.antennapod/u0a33 for activity de.danoeh.antennapod/.activity.gpoddernet.GpodnetAuthenticationActivity
09-01 10:16:13.795 D/libnativebridge( 2325): call UnloadNativeBridge! state=1
09-01 10:16:13.838 E/EGL_adreno( 1083): tid 1083: eglCreateSyncKHR(2089): error 0x3004 (EGL_BAD_ATTRIBUTE)
09-01 10:16:13.869 W/art     ( 1282): Long monitor contention with owner Binder:1282_1 (1293) at void com.android.server.am.ActivityManagerService.activityPaused(android.os.IBinder)(ActivityManagerService.java:7045) waiters=1 in void com.android.server.am.ActivityManagerService.dispatchUidsChanged() for 115ms
09-01 10:16:13.880 W/InputMethodManagerService( 1282): Focus gain on non-focused client com.android.internal.view.IInputMethodClient$Stub$Proxy@6014fa5 (uid=10064 pid=1948)
09-01 10:16:13.898 W/ContextImpl( 1676): Calling a method in the system process without a qualified user: android.app.ContextImpl.startService:1358 android.content.ContextWrapper.startService:613 android.content.ContextWrapper.startService:613 com.android.coreservice.CoreBroadcastReceiver.onReceive:53 android.app.ActivityThread.handleReceiver:3073 
09-01 10:16:13.941 E/EGL_adreno( 1948): tid 1965: eglSurfaceAttrib(1338): error 0x3009 (EGL_BAD_MATCH)
09-01 10:16:13.941 W/OpenGLRenderer( 1948): Failed to set EGL_SWAP_BEHAVIOR on surface 0x7fffeb5e41c0, error=EGL_BAD_MATCH
09-01 10:16:13.945 D/EGL_adreno( 1948): eglMakeCurrent: 0x7fffeb43c820: ver 3 1 (tinfo 0x7fffeb40d4a0)
09-01 10:16:13.985 I/art     ( 1282): Background partial concurrent mark sweep GC freed 68639(3MB) AllocSpace objects, 78(1648KB) LOS objects, 33% free, 11MB/17MB, paused 2.570ms total 121.526ms
09-01 10:16:14.476 W/System  ( 2325): ClassLoader referenced unknown path: /data/app/de.danoeh.antennapod-1/lib/x86_64
09-01 10:16:14.630 V/MediaRouter( 2325): Adding route: RouteInfo{ name=平板电脑, description=null, status=null, category=RouteCategory{ name=null types=ROUTE_TYPE_LIVE_AUDIO ROUTE_TYPE_LIVE_VIDEO  groupable=false }, supportedTypes=ROUTE_TYPE_LIVE_AUDIO ROUTE_TYPE_LIVE_VIDEO , presentationDisplay=null }
09-01 10:16:14.637 V/MediaRouter( 2325): Updating audio routes: AudioRoutesInfo{ type=SPEAKER }
09-01 10:16:14.640 V/MediaRouter( 2325): Selecting route: RouteInfo{ name=平板电脑, description=null, status=null, category=RouteCategory{ name=null types=ROUTE_TYPE_LIVE_AUDIO ROUTE_TYPE_LIVE_VIDEO  groupable=false }, supportedTypes=ROUTE_TYPE_LIVE_AUDIO ROUTE_TYPE_LIVE_VIDEO , presentationDisplay=null }
09-01 10:16:14.894 D/NetworkSecurityConfig( 2325): No Network Security Config specified, using platform default
09-01 10:16:14.967 W/ContextImpl( 1676): Calling a method in the system process without a qualified user: android.app.ContextImpl.startService:1358 android.content.ContextWrapper.startService:613 android.content.ContextWrapper.startService:613 com.android.coreservice.CoreBroadcastReceiver.onReceive:53 android.app.ActivityThread.handleReceiver:3073 
09-01 10:16:14.977 I/HostConnection( 2325): HostConnection::HostConnection: pid=2325, tid=2325, this=0x7fffd6308100
09-01 10:16:14.980 I/        ( 2325): fastpipe: Connect success
09-01 10:16:14.980 D/HostConnection( 2325): HostRPC::connect sucess: app=de.danoeh.antennapod, pid=2325, tid=2325, this=0x7fffd635eb80
09-01 10:16:14.981 D/HostConnection( 2325): queryAndSetGLESMaxVersion select gles-version: 3.1 hostGLVersion:46 process:de.danoeh.antennapod
09-01 10:16:14.983 I/        ( 2325): fastpipe: Connect success
09-01 10:16:14.984 D/HostConnection( 2325): recv ProcessPuidReply name=de.danoeh.antennapod puid=16 g_u64CapsFlag=1d
09-01 10:16:14.988 V/MediaRouter( 2325): Selecting route: RouteInfo{ name=平板电脑, description=null, status=null, category=RouteCategory{ name=null types=ROUTE_TYPE_LIVE_AUDIO ROUTE_TYPE_LIVE_VIDEO  groupable=false }, supportedTypes=ROUTE_TYPE_LIVE_AUDIO ROUTE_TYPE_LIVE_VIDEO , presentationDisplay=null }
09-01 10:16:15.088 I/HostConnection( 2325): HostConnection::HostConnection: pid=2325, tid=2347, this=0x7fffd6307fe0
09-01 10:16:15.090 I/        ( 2325): fastpipe: Connect success
09-01 10:16:15.091 D/HostConnection( 2325): HostRPC::connect sucess: app=de.danoeh.antennapod, pid=2325, tid=2347, this=0x7fffd55f76c0
09-01 10:16:15.093 D/HostConnection( 2325): queryAndSetGLESMaxVersion select gles-version: 3.1 hostGLVersion:46 process:de.danoeh.antennapod
09-01 10:16:15.096 I/OpenGLRenderer( 2325): Initialized EGL, version 1.4
09-01 10:16:15.096 D/OpenGLRenderer( 2325): Swap behavior 1
09-01 10:16:15.097 I/EGL_adreno( 2325): eglCreateContext request GLES major-version=2
09-01 10:16:15.128 D/EGL_adreno( 2325): eglCreateContext: 0x7fffe8a80440: maj 3 min 1 rcv 4
09-01 10:16:15.231 D/EGL_adreno( 2325): eglMakeCurrent: 0x7fffe8a80440: ver 3 1 (tinfo 0x7fffe8b886e0)
09-01 10:16:15.236 D/HostConnection( 2325): ExtendedRCEncoderContext GL_VERSION return OpenGL ES 3.1
09-01 10:16:15.250 E/EGL_adreno( 2325): tid 2347: eglSurfaceAttrib(1338): error 0x3009 (EGL_BAD_MATCH)
09-01 10:16:15.250 W/OpenGLRenderer( 2325): Failed to set EGL_SWAP_BEHAVIOR on surface 0x7fffd576a340, error=EGL_BAD_MATCH
09-01 10:16:15.274 W/art     ( 2325): Before Android 4.1, method int android.support.v7.widget.ListViewCompat.lookForSelectablePosition(int, boolean) would have incorrectly overridden the package-private method in android.widget.ListView
09-01 10:16:15.282 D/EGL_adreno( 2325): eglMakeCurrent: 0x7fffe8a80440: ver 3 1 (tinfo 0x7fffe8b886e0)
09-01 10:16:15.372 I/ActivityManager( 1282): Displayed de.danoeh.antennapod/.activity.gpoddernet.GpodnetAuthenticationActivity: +1s623ms
09-01 10:16:15.381 W/ContextImpl( 1676): Calling a method in the system process without a qualified user: android.app.ContextImpl.startService:1358 android.content.ContextWrapper.startService:613 android.content.ContextWrapper.startService:613 com.android.coreservice.CoreBroadcastReceiver.onReceive:69 android.app.ActivityThread.handleReceiver:3073 
09-01 10:16:15.381 W/InputService( 1789): onEvaluateInputViewShown inputType=0 imeOptions=0
09-01 10:16:15.382 W/InputService( 1789): onEvaluateInputViewShown inputType=0 imeOptions=0
09-01 10:16:15.390 D/NotificationService( 1282): notify pkg=android pid=1282
09-01 10:16:15.391 D/NotificationService( 1282): notify pkg=android pid=1282
09-01 10:16:15.407 W/ContextImpl( 1676): Calling a method in the system process without a qualified user: android.app.ContextImpl.startService:1358 android.content.ContextWrapper.startService:613 android.content.ContextWrapper.startService:613 com.android.coreservice.CoreBroadcastReceiver.onReceive:69 android.app.ActivityThread.handleReceiver:3073 
09-01 10:16:15.410 W/ContextImpl( 1676): Calling a method in the system process without a qualified user: android.app.ContextImpl.startService:1358 android.content.ContextWrapper.startService:613 android.content.ContextWrapper.startService:613 com.android.coreservice.CoreBroadcastReceiver.onReceive:69 android.app.ActivityThread.handleReceiver:3073 
09-01 10:16:15.610 W/ContextImpl( 1676): Calling a method in the system process without a qualified user: android.app.ContextImpl.startService:1358 android.content.ContextWrapper.startService:613 android.content.ContextWrapper.startService:613 com.android.coreservice.CoreBroadcastReceiver.onReceive:69 android.app.ActivityThread.handleReceiver:3073 
09-01 10:16:15.614 W/ContextImpl( 1676): Calling a method in the system process without a qualified user: android.app.ContextImpl.startService:1358 android.content.ContextWrapper.startService:613 android.content.ContextWrapper.startService:613 com.android.coreservice.CoreBroadcastReceiver.onReceive:69 android.app.ActivityThread.handleReceiver:3073 
09-01 10:16:15.627 D/NotificationService( 1282): notify pkg=android pid=1282
09-01 10:16:15.690 E/EGL_adreno( 1789): tid 2285: eglSurfaceAttrib(1338): error 0x3009 (EGL_BAD_MATCH)
09-01 10:16:15.690 W/OpenGLRenderer( 1789): Failed to set EGL_SWAP_BEHAVIOR on surface 0x7fffeb81d540, error=EGL_BAD_MATCH
09-01 10:16:16.746 D/audio_hw_hal( 1088): log_func, out_standby
09-01 10:16:16.747 D/audio_hw_hal( 1088): raw_close_output_stream, dev=0xf6e480c0, stream =0xf6e43140
09-01 10:16:16.747 D/audio_hw_hal( 1088): raw_close_output_stream, stream=0xf6e43140,  success!
09-01 10:16:17.149 W/WindowManager( 1282): Attempted to remove non-existing token: android.os.Binder@c223e3d
09-01 10:16:17.150 D/EGL_adreno( 1948): eglMakeCurrent: 0x7fffeb43c820: ver 3 1 (tinfo 0x7fffeb40d4a0)
09-01 10:16:17.273 E/EGL_adreno( 1948): tid 1965: eglSurfaceAttrib(1338): error 0x3009 (EGL_BAD_MATCH)
09-01 10:16:17.273 W/OpenGLRenderer( 1948): Failed to set EGL_SWAP_BEHAVIOR on surface 0x7fffeb5e41c0, error=EGL_BAD_MATCH
09-01 10:16:17.276 D/EGL_adreno( 1948): eglMakeCurrent: 0x7fffeb43c820: ver 3 1 (tinfo 0x7fffeb40d4a0)
09-01 10:16:20.661 W/WindowManager( 1282): Attempted to remove non-existing token: android.os.Binder@9b94632
09-01 10:16:20.665 D/EGL_adreno( 1948): eglMakeCurrent: 0x7fffeb43c820: ver 3 1 (tinfo 0x7fffeb40d4a0)
09-01 10:16:20.718 E/EGL_adreno( 1948): tid 1965: eglSurfaceAttrib(1338): error 0x3009 (EGL_BAD_MATCH)
09-01 10:16:20.718 W/OpenGLRenderer( 1948): Failed to set EGL_SWAP_BEHAVIOR on surface 0x7fffeb5e41c0, error=EGL_BAD_MATCH
09-01 10:16:20.723 D/EGL_adreno( 1948): eglMakeCurrent: 0x7fffeb43c820: ver 3 1 (tinfo 0x7fffeb40d4a0)
09-01 10:16:24.167 W/WindowManager( 1282): Attempted to remove non-existing token: android.os.Binder@60060df
09-01 10:16:24.170 D/EGL_adreno( 1948): eglMakeCurrent: 0x7fffeb43c820: ver 3 1 (tinfo 0x7fffeb40d4a0)
09-01 10:16:24.227 E/EGL_adreno( 1948): tid 1965: eglSurfaceAttrib(1338): error 0x3009 (EGL_BAD_MATCH)
09-01 10:16:24.227 W/OpenGLRenderer( 1948): Failed to set EGL_SWAP_BEHAVIOR on surface 0x7fffeb5e41c0, error=EGL_BAD_MATCH
09-01 10:16:24.252 D/EGL_adreno( 1948): eglMakeCurrent: 0x7fffeb43c820: ver 3 1 (tinfo 0x7fffeb40d4a0)
09-01 10:16:27.673 W/WindowManager( 1282): Attempted to remove non-existing token: android.os.Binder@f67f7f5
09-01 10:16:27.674 D/EGL_adreno( 1948): eglMakeCurrent: 0x7fffeb43c820: ver 3 1 (tinfo 0x7fffeb40d4a0)
09-01 10:16:27.724 E/EGL_adreno( 1948): tid 1965: eglSurfaceAttrib(1338): error 0x3009 (EGL_BAD_MATCH)
09-01 10:16:27.724 W/OpenGLRenderer( 1948): Failed to set EGL_SWAP_BEHAVIOR on surface 0x7fffeb5e41c0, error=EGL_BAD_MATCH
09-01 10:16:27.736 D/EGL_adreno( 1948): eglMakeCurrent: 0x7fffeb43c820: ver 3 1 (tinfo 0x7fffeb40d4a0)
09-01 10:16:31.177 W/WindowManager( 1282): Attempted to remove non-existing token: android.os.Binder@94f698a
09-01 10:16:31.179 D/EGL_adreno( 1948): eglMakeCurrent: 0x7fffeb43c820: ver 3 1 (tinfo 0x7fffeb40d4a0)
09-01 10:16:31.226 E/EGL_adreno( 1948): tid 1965: eglSurfaceAttrib(1338): error 0x3009 (EGL_BAD_MATCH)
09-01 10:16:31.226 W/OpenGLRenderer( 1948): Failed to set EGL_SWAP_BEHAVIOR on surface 0x7fffeb5e41c0, error=EGL_BAD_MATCH
09-01 10:16:31.227 D/EGL_adreno( 1948): eglMakeCurrent: 0x7fffeb43c820: ver 3 1 (tinfo 0x7fffeb40d4a0)
09-01 10:16:34.683 W/WindowManager( 1282): Attempted to remove non-existing token: android.os.Binder@83f6418
09-01 10:16:34.685 D/EGL_adreno( 1948): eglMakeCurrent: 0x7fffeb43c820: ver 3 1 (tinfo 0x7fffeb40d4a0)
09-01 10:16:34.757 E/EGL_adreno( 1948): tid 1965: eglSurfaceAttrib(1338): error 0x3009 (EGL_BAD_MATCH)
09-01 10:16:34.757 W/OpenGLRenderer( 1948): Failed to set EGL_SWAP_BEHAVIOR on surface 0x7fffeb5e41c0, error=EGL_BAD_MATCH
09-01 10:16:34.759 D/EGL_adreno( 1948): eglMakeCurrent: 0x7fffeb43c820: ver 3 1 (tinfo 0x7fffeb40d4a0)
09-01 10:16:38.188 W/WindowManager( 1282): Attempted to remove non-existing token: android.os.Binder@60d1e71
09-01 10:16:38.191 D/EGL_adreno( 1948): eglMakeCurrent: 0x7fffeb43c820: ver 3 1 (tinfo 0x7fffeb40d4a0)
09-01 10:16:38.248 E/EGL_adreno( 1948): tid 1965: eglSurfaceAttrib(1338): error 0x3009 (EGL_BAD_MATCH)
09-01 10:16:38.249 W/OpenGLRenderer( 1948): Failed to set EGL_SWAP_BEHAVIOR on surface 0x7fffeb5e41c0, error=EGL_BAD_MATCH
09-01 10:16:38.275 D/EGL_adreno( 1948): eglMakeCurrent: 0x7fffeb43c820: ver 3 1 (tinfo 0x7fffeb40d4a0)
09-01 10:16:41.696 W/WindowManager( 1282): Attempted to remove non-existing token: android.os.Binder@f429456
09-01 10:16:41.700 D/EGL_adreno( 1948): eglMakeCurrent: 0x7fffeb43c820: ver 3 1 (tinfo 0x7fffeb40d4a0)
09-01 10:16:41.753 E/EGL_adreno( 1948): tid 1965: eglSurfaceAttrib(1338): error 0x3009 (EGL_BAD_MATCH)
09-01 10:16:41.753 W/OpenGLRenderer( 1948): Failed to set EGL_SWAP_BEHAVIOR on surface 0x7fffeb5e41c0, error=EGL_BAD_MATCH
09-01 10:16:41.755 D/EGL_adreno( 1948): eglMakeCurrent: 0x7fffeb43c820: ver 3 1 (tinfo 0x7fffeb40d4a0)
09-01 10:16:45.201 W/WindowManager( 1282): Attempted to remove non-existing token: android.os.Binder@90f8cd7
09-01 10:16:45.203 D/EGL_adreno( 1948): eglMakeCurrent: 0x7fffeb43c820: ver 3 1 (tinfo 0x7fffeb40d4a0)
09-01 10:16:45.268 E/EGL_adreno( 1948): tid 1965: eglSurfaceAttrib(1338): error 0x3009 (EGL_BAD_MATCH)
