--------- beginning of system
08-31 15:12:02.768 I/ActivityManager( 1281): START u0 {cmp=dev.ukanth.ufirewall/.MainActivity} from uid 10064 on display 0
--------- beginning of main
08-31 15:12:02.772 D/audio_hw_hal( 1087): raw_start_output_stream, stream=0xf6e43140, sampleRate=48000, channel=2, bps=16, bufSize=4096
08-31 15:12:02.779 W/System.err( 1935): java.lang.Exception: Toast callstack! strTip=Sent Null Intent { cmp=dev.ukanth.ufirewall/.MainActivity }
08-31 15:12:02.779 W/System.err( 1935): 	at android.widget.Toast.show(Toast.java:130)
08-31 15:12:02.779 W/System.err( 1935): 	at com.android.intentfuzzer.FuzzerActivity$3.onClick(FuzzerActivity.java:165)
08-31 15:12:02.779 W/System.err( 1935): 	at android.view.View.performClick(View.java:5637)
08-31 15:12:02.779 W/System.err( 1935): 	at android.view.View$PerformClick.run(View.java:22429)
08-31 15:12:02.779 W/System.err( 1935): 	at android.os.Handler.handleCallback(Handler.java:751)
08-31 15:12:02.779 W/System.err( 1935): 	at android.os.Handler.dispatchMessage(Handler.java:95)
08-31 15:12:02.779 W/System.err( 1935): 	at android.os.Looper.loop(Looper.java:154)
08-31 15:12:02.779 W/System.err( 1935): 	at android.app.ActivityThread.main(ActivityThread.java:6190)
08-31 15:12:02.779 W/System.err( 1935): 	at java.lang.reflect.Method.invoke(Native Method)
08-31 15:12:02.779 W/System.err( 1935): 	at com.android.internal.os.ZygoteInit$MethodAndArgsCaller.run(ZygoteInit.java:892)
08-31 15:12:02.779 W/System.err( 1935): 	at com.android.internal.os.ZygoteInit.main(ZygoteInit.java:782)
08-31 15:12:02.781 I/ActivityManager( 1281): START u0 {cmp=dev.ukanth.ufirewall/.preferences.PreferencesActivity} from uid 10064 on display 0
08-31 15:12:02.781 W/ActivityManager( 1281): Permission Denial: starting Intent { cmp=dev.ukanth.ufirewall/.preferences.PreferencesActivity } from ProcessRecord{bda5613 1935:com.android.intentfuzzer/u0a64} (pid=1935, uid=10064) not exported from uid 10047
08-31 15:12:02.782 W/ContextImpl( 1676): Calling a method in the system process without a qualified user: android.app.ContextImpl.startService:1358 android.content.ContextWrapper.startService:613 android.content.ContextWrapper.startService:613 com.android.coreservice.CoreBroadcastReceiver.onReceive:44 android.app.ActivityThread.handleReceiver:3073 
08-31 15:12:02.783 W/System.err( 1935): java.lang.Exception: Toast callstack! strTip=Send Intent Failed!
08-31 15:12:02.783 W/System.err( 1935): 	at android.widget.Toast.show(Toast.java:130)
08-31 15:12:02.783 W/System.err( 1935): 	at com.android.intentfuzzer.FuzzerActivity$3.onClick(FuzzerActivity.java:167)
08-31 15:12:02.783 W/System.err( 1935): 	at android.view.View.performClick(View.java:5637)
08-31 15:12:02.783 W/System.err( 1935): 	at android.view.View$PerformClick.run(View.java:22429)
08-31 15:12:02.783 W/System.err( 1935): 	at android.os.Handler.handleCallback(Handler.java:751)
08-31 15:12:02.783 W/System.err( 1935): 	at android.os.Handler.dispatchMessage(Handler.java:95)
08-31 15:12:02.783 W/System.err( 1935): 	at android.os.Looper.loop(Looper.java:154)
08-31 15:12:02.783 W/System.err( 1935): 	at android.app.ActivityThread.main(ActivityThread.java:6190)
08-31 15:12:02.783 W/System.err( 1935): 	at java.lang.reflect.Method.invoke(Native Method)
08-31 15:12:02.783 W/System.err( 1935): 	at com.android.internal.os.ZygoteInit$MethodAndArgsCaller.run(ZygoteInit.java:892)
08-31 15:12:02.783 W/System.err( 1935): 	at com.android.internal.os.ZygoteInit.main(ZygoteInit.java:782)
08-31 15:12:02.785 I/ActivityManager( 1281): START u0 {cmp=dev.ukanth.ufirewall/.activity.HelpActivity} from uid 10064 on display 0
08-31 15:12:02.785 W/ActivityManager( 1281): Permission Denial: starting Intent { cmp=dev.ukanth.ufirewall/.activity.HelpActivity } from ProcessRecord{bda5613 1935:com.android.intentfuzzer/u0a64} (pid=1935, uid=10064) not exported from uid 10047
08-31 15:12:02.786 W/System.err( 1935): java.lang.Exception: Toast callstack! strTip=Send Intent Failed!
08-31 15:12:02.786 W/System.err( 1935): 	at android.widget.Toast.show(Toast.java:130)
08-31 15:12:02.786 W/System.err( 1935): 	at com.android.intentfuzzer.FuzzerActivity$3.onClick(FuzzerActivity.java:167)
08-31 15:12:02.786 W/System.err( 1935): 	at android.view.View.performClick(View.java:5637)
08-31 15:12:02.786 W/System.err( 1935): 	at android.view.View$PerformClick.run(View.java:22429)
08-31 15:12:02.786 W/System.err( 1935): 	at android.os.Handler.handleCallback(Handler.java:751)
08-31 15:12:02.786 W/System.err( 1935): 	at android.os.Handler.dispatchMessage(Handler.java:95)
08-31 15:12:02.786 W/System.err( 1935): 	at android.os.Looper.loop(Looper.java:154)
08-31 15:12:02.786 W/System.err( 1935): 	at android.app.ActivityThread.main(ActivityThread.java:6190)
08-31 15:12:02.786 W/System.err( 1935): 	at java.lang.reflect.Method.invoke(Native Method)
08-31 15:12:02.786 W/System.err( 1935): 	at com.android.internal.os.ZygoteInit$MethodAndArgsCaller.run(ZygoteInit.java:892)
08-31 15:12:02.786 W/System.err( 1935): 	at com.android.internal.os.ZygoteInit.main(ZygoteInit.java:782)
08-31 15:12:02.787 I/ActivityManager( 1281): START u0 {cmp=dev.ukanth.ufirewall/.activity.RulesActivity} from uid 10064 on display 0
08-31 15:12:02.787 W/ActivityManager( 1281): Permission Denial: starting Intent { cmp=dev.ukanth.ufirewall/.activity.RulesActivity } from ProcessRecord{bda5613 1935:com.android.intentfuzzer/u0a64} (pid=1935, uid=10064) not exported from uid 10047
08-31 15:12:02.788 W/System.err( 1935): java.lang.Exception: Toast callstack! strTip=Send Intent Failed!
08-31 15:12:02.788 W/System.err( 1935): 	at android.widget.Toast.show(Toast.java:130)
08-31 15:12:02.788 W/System.err( 1935): 	at com.android.intentfuzzer.FuzzerActivity$3.onClick(FuzzerActivity.java:167)
08-31 15:12:02.788 W/System.err( 1935): 	at android.view.View.performClick(View.java:5637)
08-31 15:12:02.788 W/System.err( 1935): 	at android.view.View$PerformClick.run(View.java:22429)
08-31 15:12:02.788 W/System.err( 1935): 	at android.os.Handler.handleCallback(Handler.java:751)
08-31 15:12:02.789 W/System.err( 1935): 	at android.os.Handler.dispatchMessage(Handler.java:95)
08-31 15:12:02.789 W/System.err( 1935): 	at android.os.Looper.loop(Looper.java:154)
08-31 15:12:02.789 W/System.err( 1935): 	at android.app.ActivityThread.main(ActivityThread.java:6190)
08-31 15:12:02.789 W/System.err( 1935): 	at java.lang.reflect.Method.invoke(Native Method)
08-31 15:12:02.789 W/System.err( 1935): 	at com.android.internal.os.ZygoteInit$MethodAndArgsCaller.run(ZygoteInit.java:892)
08-31 15:12:02.789 W/System.err( 1935): 	at com.android.internal.os.ZygoteInit.main(ZygoteInit.java:782)
08-31 15:12:02.825 I/ActivityManager( 1281): START u0 {cmp=dev.ukanth.ufirewall/.activity.ProfileActivity} from uid 10064 on display 0
08-31 15:12:02.825 W/ActivityManager( 1281): Permission Denial: starting Intent { cmp=dev.ukanth.ufirewall/.activity.ProfileActivity } from ProcessRecord{bda5613 1935:com.android.intentfuzzer/u0a64} (pid=1935, uid=10064) not exported from uid 10047
08-31 15:12:02.826 W/System.err( 1935): java.lang.Exception: Toast callstack! strTip=Send Intent Failed!
08-31 15:12:02.826 W/System.err( 1935): 	at android.widget.Toast.show(Toast.java:130)
08-31 15:12:02.826 W/System.err( 1935): 	at com.android.intentfuzzer.FuzzerActivity$3.onClick(FuzzerActivity.java:167)
08-31 15:12:02.826 W/System.err( 1935): 	at android.view.View.performClick(View.java:5637)
08-31 15:12:02.826 W/System.err( 1935): 	at android.view.View$PerformClick.run(View.java:22429)
08-31 15:12:02.826 W/System.err( 1935): 	at android.os.Handler.handleCallback(Handler.java:751)
08-31 15:12:02.826 W/System.err( 1935): 	at android.os.Handler.dispatchMessage(Handler.java:95)
08-31 15:12:02.826 W/System.err( 1935): 	at android.os.Looper.loop(Looper.java:154)
08-31 15:12:02.826 W/System.err( 1935): 	at android.app.ActivityThread.main(ActivityThread.java:6190)
08-31 15:12:02.827 W/System.err( 1935): 	at java.lang.reflect.Method.invoke(Native Method)
08-31 15:12:02.827 W/System.err( 1935): 	at com.android.internal.os.ZygoteInit$MethodAndArgsCaller.run(ZygoteInit.java:892)
08-31 15:12:02.827 W/System.err( 1935): 	at com.android.internal.os.ZygoteInit.main(ZygoteInit.java:782)
08-31 15:12:02.827 I/ActivityManager( 1281): START u0 {cmp=dev.ukanth.ufirewall/.activity.AppDetailActivity} from uid 10064 on display 0
08-31 15:12:02.827 W/ActivityManager( 1281): Permission Denial: starting Intent { cmp=dev.ukanth.ufirewall/.activity.AppDetailActivity } from ProcessRecord{bda5613 1935:com.android.intentfuzzer/u0a64} (pid=1935, uid=10064) not exported from uid 10047
08-31 15:12:02.829 W/System.err( 1935): java.lang.Exception: Toast callstack! strTip=Send Intent Failed!
08-31 15:12:02.829 W/System.err( 1935): 	at android.widget.Toast.show(Toast.java:130)
08-31 15:12:02.829 W/System.err( 1935): 	at com.android.intentfuzzer.FuzzerActivity$3.onClick(FuzzerActivity.java:167)
08-31 15:12:02.829 W/System.err( 1935): 	at android.view.View.performClick(View.java:5637)
08-31 15:12:02.829 W/System.err( 1935): 	at android.view.View$PerformClick.run(View.java:22429)
08-31 15:12:02.829 W/System.err( 1935): 	at android.os.Handler.handleCallback(Handler.java:751)
08-31 15:12:02.829 W/System.err( 1935): 	at android.os.Handler.dispatchMessage(Handler.java:95)
08-31 15:12:02.829 W/System.err( 1935): 	at android.os.Looper.loop(Looper.java:154)
08-31 15:12:02.829 W/System.err( 1935): 	at android.app.ActivityThread.main(ActivityThread.java:6190)
08-31 15:12:02.829 W/System.err( 1935): 	at java.lang.reflect.Method.invoke(Native Method)
08-31 15:12:02.829 W/System.err( 1935): 	at com.android.internal.os.ZygoteInit$MethodAndArgsCaller.run(ZygoteInit.java:892)
08-31 15:12:02.829 W/System.err( 1935): 	at com.android.internal.os.ZygoteInit.main(ZygoteInit.java:782)
08-31 15:12:02.830 I/ActivityManager( 1281): START u0 {cmp=dev.ukanth.ufirewall/.activity.LogActivity} from uid 10064 on display 0
08-31 15:12:02.830 W/ActivityManager( 1281): Permission Denial: starting Intent { cmp=dev.ukanth.ufirewall/.activity.LogActivity } from ProcessRecord{bda5613 1935:com.android.intentfuzzer/u0a64} (pid=1935, uid=10064) not exported from uid 10047
08-31 15:12:02.832 W/System.err( 1935): java.lang.Exception: Toast callstack! strTip=Send Intent Failed!
08-31 15:12:02.832 W/System.err( 1935): 	at android.widget.Toast.show(Toast.java:130)
08-31 15:12:02.832 W/System.err( 1935): 	at com.android.intentfuzzer.FuzzerActivity$3.onClick(FuzzerActivity.java:167)
08-31 15:12:02.832 W/System.err( 1935): 	at android.view.View.performClick(View.java:5637)
08-31 15:12:02.832 W/System.err( 1935): 	at android.view.View$PerformClick.run(View.java:22429)
08-31 15:12:02.832 W/System.err( 1935): 	at android.os.Handler.handleCallback(Handler.java:751)
08-31 15:12:02.832 W/System.err( 1935): 	at android.os.Handler.dispatchMessage(Handler.java:95)
08-31 15:12:02.832 W/System.err( 1935): 	at android.os.Looper.loop(Looper.java:154)
08-31 15:12:02.832 W/System.err( 1935): 	at android.app.ActivityThread.main(ActivityThread.java:6190)
08-31 15:12:02.832 W/System.err( 1935): 	at java.lang.reflect.Method.invoke(Native Method)
08-31 15:12:02.832 W/System.err( 1935): 	at com.android.internal.os.ZygoteInit$MethodAndArgsCaller.run(ZygoteInit.java:892)
08-31 15:12:02.832 W/System.err( 1935): 	at com.android.internal.os.ZygoteInit.main(ZygoteInit.java:782)
08-31 15:12:02.833 I/ActivityManager( 1281): START u0 {cmp=dev.ukanth.ufirewall/.activity.OldLogActivity} from uid 10064 on display 0
08-31 15:12:02.833 W/ActivityManager( 1281): Permission Denial: starting Intent { cmp=dev.ukanth.ufirewall/.activity.OldLogActivity } from ProcessRecord{bda5613 1935:com.android.intentfuzzer/u0a64} (pid=1935, uid=10064) not exported from uid 10047
08-31 15:12:02.834 W/System.err( 1935): java.lang.Exception: Toast callstack! strTip=Send Intent Failed!
08-31 15:12:02.834 W/System.err( 1935): 	at android.widget.Toast.show(Toast.java:130)
08-31 15:12:02.834 W/System.err( 1935): 	at com.android.intentfuzzer.FuzzerActivity$3.onClick(FuzzerActivity.java:167)
08-31 15:12:02.834 W/System.err( 1935): 	at android.view.View.performClick(View.java:5637)
08-31 15:12:02.834 W/System.err( 1935): 	at android.view.View$PerformClick.run(View.java:22429)
08-31 15:12:02.834 W/System.err( 1935): 	at android.os.Handler.handleCallback(Handler.java:751)
08-31 15:12:02.834 W/System.err( 1935): 	at android.os.Handler.dispatchMessage(Handler.java:95)
08-31 15:12:02.834 W/System.err( 1935): 	at android.os.Looper.loop(Looper.java:154)
08-31 15:12:02.834 W/System.err( 1935): 	at android.app.ActivityThread.main(ActivityThread.java:6190)
08-31 15:12:02.835 W/System.err( 1935): 	at java.lang.reflect.Method.invoke(Native Method)
08-31 15:12:02.835 W/System.err( 1935): 	at com.android.internal.os.ZygoteInit$MethodAndArgsCaller.run(ZygoteInit.java:892)
08-31 15:12:02.835 W/System.err( 1935): 	at com.android.internal.os.ZygoteInit.main(ZygoteInit.java:782)
08-31 15:12:02.835 I/ActivityManager( 1281): START u0 {cmp=dev.ukanth.ufirewall/.activity.LogDetailActivity} from uid 10064 on display 0
08-31 15:12:02.835 W/ActivityManager( 1281): Permission Denial: starting Intent { cmp=dev.ukanth.ufirewall/.activity.LogDetailActivity } from ProcessRecord{bda5613 1935:com.android.intentfuzzer/u0a64} (pid=1935, uid=10064) not exported from uid 10047
08-31 15:12:02.837 W/System.err( 1935): java.lang.Exception: Toast callstack! strTip=Send Intent Failed!
08-31 15:12:02.837 W/System.err( 1935): 	at android.widget.Toast.show(Toast.java:130)
08-31 15:12:02.837 W/System.err( 1935): 	at com.android.intentfuzzer.FuzzerActivity$3.onClick(FuzzerActivity.java:167)
08-31 15:12:02.837 W/System.err( 1935): 	at android.view.View.performClick(View.java:5637)
08-31 15:12:02.837 W/System.err( 1935): 	at android.view.View$PerformClick.run(View.java:22429)
08-31 15:12:02.837 W/System.err( 1935): 	at android.os.Handler.handleCallback(Handler.java:751)
08-31 15:12:02.837 W/System.err( 1935): 	at android.os.Handler.dispatchMessage(Handler.java:95)
08-31 15:12:02.837 W/System.err( 1935): 	at android.os.Looper.loop(Looper.java:154)
08-31 15:12:02.837 W/System.err( 1935): 	at android.app.ActivityThread.main(ActivityThread.java:6190)
08-31 15:12:02.837 W/System.err( 1935): 	at java.lang.reflect.Method.invoke(Native Method)
08-31 15:12:02.837 W/System.err( 1935): 	at com.android.internal.os.ZygoteInit$MethodAndArgsCaller.run(ZygoteInit.java:892)
08-31 15:12:02.837 W/System.err( 1935): 	at com.android.internal.os.ZygoteInit.main(ZygoteInit.java:782)
08-31 15:12:02.838 I/ActivityManager( 1281): START u0 {cmp=dev.ukanth.ufirewall/.activity.DataDumpActivity} from uid 10064 on display 0
08-31 15:12:02.839 W/ActivityManager( 1281): Permission Denial: starting Intent { cmp=dev.ukanth.ufirewall/.activity.DataDumpActivity } from ProcessRecord{bda5613 1935:com.android.intentfuzzer/u0a64} (pid=1935, uid=10064) not exported from uid 10047
08-31 15:12:02.840 W/System.err( 1935): java.lang.Exception: Toast callstack! strTip=Send Intent Failed!
08-31 15:12:02.840 W/System.err( 1935): 	at android.widget.Toast.show(Toast.java:130)
08-31 15:12:02.840 W/System.err( 1935): 	at com.android.intentfuzzer.FuzzerActivity$3.onClick(FuzzerActivity.java:167)
08-31 15:12:02.840 W/System.err( 1935): 	at android.view.View.performClick(View.java:5637)
08-31 15:12:02.840 W/System.err( 1935): 	at android.view.View$PerformClick.run(View.java:22429)
08-31 15:12:02.840 W/System.err( 1935): 	at android.os.Handler.handleCallback(Handler.java:751)
08-31 15:12:02.840 W/System.err( 1935): 	at android.os.Handler.dispatchMessage(Handler.java:95)
08-31 15:12:02.840 W/System.err( 1935): 	at android.os.Looper.loop(Looper.java:154)
08-31 15:12:02.840 W/System.err( 1935): 	at android.app.ActivityThread.main(ActivityThread.java:6190)
08-31 15:12:02.840 W/System.err( 1935): 	at java.lang.reflect.Method.invoke(Native Method)
08-31 15:12:02.840 W/System.err( 1935): 	at com.android.internal.os.ZygoteInit$MethodAndArgsCaller.run(ZygoteInit.java:892)
08-31 15:12:02.840 W/System.err( 1935): 	at com.android.internal.os.ZygoteInit.main(ZygoteInit.java:782)
08-31 15:12:02.843 I/ActivityManager( 1281): START u0 {cmp=dev.ukanth.ufirewall/.widget.ToggleWidgetActivity} from uid 10064 on display 0
08-31 15:12:02.851 W/System.err( 1935): java.lang.Exception: Toast callstack! strTip=Sent Null Intent { cmp=dev.ukanth.ufirewall/.widget.ToggleWidgetActivity }
08-31 15:12:02.852 W/System.err( 1935): 	at android.widget.Toast.show(Toast.java:130)
08-31 15:12:02.852 W/System.err( 1935): 	at com.android.intentfuzzer.FuzzerActivity$3.onClick(FuzzerActivity.java:165)
08-31 15:12:02.852 W/System.err( 1935): 	at android.view.View.performClick(View.java:5637)
08-31 15:12:02.852 W/System.err( 1935): 	at android.view.View$PerformClick.run(View.java:22429)
08-31 15:12:02.852 W/System.err( 1935): 	at android.os.Handler.handleCallback(Handler.java:751)
08-31 15:12:02.852 W/System.err( 1935): 	at android.os.Handler.dispatchMessage(Handler.java:95)
08-31 15:12:02.852 W/System.err( 1935): 	at android.os.Looper.loop(Looper.java:154)
08-31 15:12:02.852 W/System.err( 1935): 	at android.app.ActivityThread.main(ActivityThread.java:6190)
08-31 15:12:02.852 W/System.err( 1935): 	at java.lang.reflect.Method.invoke(Native Method)
08-31 15:12:02.852 W/System.err( 1935): 	at com.android.internal.os.ZygoteInit$MethodAndArgsCaller.run(ZygoteInit.java:892)
08-31 15:12:02.852 W/System.err( 1935): 	at com.android.internal.os.ZygoteInit.main(ZygoteInit.java:782)
08-31 15:12:02.852 W/ContextImpl( 1676): Calling a method in the system process without a qualified user: android.app.ContextImpl.startService:1358 android.content.ContextWrapper.startService:613 android.content.ContextWrapper.startService:613 com.android.coreservice.CoreBroadcastReceiver.onReceive:44 android.app.ActivityThread.handleReceiver:3073 
08-31 15:12:02.855 I/ActivityManager( 1281): START u0 {cmp=dev.ukanth.ufirewall/.widget.ToggleWidgetOldActivity} from uid 10064 on display 0
08-31 15:12:02.859 W/System.err( 1935): java.lang.Exception: Toast callstack! strTip=Sent Null Intent { cmp=dev.ukanth.ufirewall/.widget.ToggleWidgetOldActivity }
08-31 15:12:02.859 W/System.err( 1935): 	at android.widget.Toast.show(Toast.java:130)
08-31 15:12:02.859 W/System.err( 1935): 	at com.android.intentfuzzer.FuzzerActivity$3.onClick(FuzzerActivity.java:165)
08-31 15:12:02.859 W/System.err( 1935): 	at android.view.View.performClick(View.java:5637)
08-31 15:12:02.859 W/System.err( 1935): 	at android.view.View$PerformClick.run(View.java:22429)
08-31 15:12:02.859 W/System.err( 1935): 	at android.os.Handler.handleCallback(Handler.java:751)
08-31 15:12:02.859 W/System.err( 1935): 	at android.os.Handler.dispatchMessage(Handler.java:95)
08-31 15:12:02.859 W/System.err( 1935): 	at android.os.Looper.loop(Looper.java:154)
08-31 15:12:02.859 W/System.err( 1935): 	at android.app.ActivityThread.main(ActivityThread.java:6190)
08-31 15:12:02.859 W/System.err( 1935): 	at java.lang.reflect.Method.invoke(Native Method)
08-31 15:12:02.859 W/System.err( 1935): 	at com.android.internal.os.ZygoteInit$MethodAndArgsCaller.run(ZygoteInit.java:892)
08-31 15:12:02.859 W/System.err( 1935): 	at com.android.internal.os.ZygoteInit.main(ZygoteInit.java:782)
08-31 15:12:02.860 W/ContextImpl( 1676): Calling a method in the system process without a qualified user: android.app.ContextImpl.startService:1358 android.content.ContextWrapper.startService:613 android.content.ContextWrapper.startService:613 com.android.coreservice.CoreBroadcastReceiver.onReceive:44 android.app.ActivityThread.handleReceiver:3073 
08-31 15:12:02.861 I/ActivityManager( 1281): START u0 {cmp=dev.ukanth.ufirewall/.activity.CustomScriptActivity} from uid 10064 on display 0
08-31 15:12:02.861 W/ActivityManager( 1281): Permission Denial: starting Intent { cmp=dev.ukanth.ufirewall/.activity.CustomScriptActivity } from ProcessRecord{bda5613 1935:com.android.intentfuzzer/u0a64} (pid=1935, uid=10064) not exported from uid 10047
08-31 15:12:02.862 W/System.err( 1935): java.lang.Exception: Toast callstack! strTip=Send Intent Failed!
08-31 15:12:02.862 W/System.err( 1935): 	at android.widget.Toast.show(Toast.java:130)
08-31 15:12:02.862 W/System.err( 1935): 	at com.android.intentfuzzer.FuzzerActivity$3.onClick(FuzzerActivity.java:167)
08-31 15:12:02.862 W/System.err( 1935): 	at android.view.View.performClick(View.java:5637)
08-31 15:12:02.862 W/System.err( 1935): 	at android.view.View$PerformClick.run(View.java:22429)
08-31 15:12:02.862 W/System.err( 1935): 	at android.os.Handler.handleCallback(Handler.java:751)
08-31 15:12:02.862 W/System.err( 1935): 	at android.os.Handler.dispatchMessage(Handler.java:95)
08-31 15:12:02.862 W/System.err( 1935): 	at android.os.Looper.loop(Looper.java:154)
08-31 15:12:02.862 W/System.err( 1935): 	at android.app.ActivityThread.main(ActivityThread.java:6190)
08-31 15:12:02.862 W/System.err( 1935): 	at java.lang.reflect.Method.invoke(Native Method)
08-31 15:12:02.862 W/System.err( 1935): 	at com.android.internal.os.ZygoteInit$MethodAndArgsCaller.run(ZygoteInit.java:892)
08-31 15:12:02.862 W/System.err( 1935): 	at com.android.internal.os.ZygoteInit.main(ZygoteInit.java:782)
08-31 15:12:02.864 I/ActivityManager( 1281): START u0 {cmp=dev.ukanth.ufirewall/haibison.android.lockpattern.LockPatternActivity} from uid 10064 on display 0
08-31 15:12:02.864 W/ActivityManager( 1281): Permission Denial: starting Intent { cmp=dev.ukanth.ufirewall/haibison.android.lockpattern.LockPatternActivity } from ProcessRecord{bda5613 1935:com.android.intentfuzzer/u0a64} (pid=1935, uid=10064) not exported from uid 10047
08-31 15:12:02.867 W/System.err( 1935): java.lang.Exception: Toast callstack! strTip=Send Intent Failed!
08-31 15:12:02.868 W/System.err( 1935): 	at android.widget.Toast.show(Toast.java:130)
08-31 15:12:02.868 W/System.err( 1935): 	at com.android.intentfuzzer.FuzzerActivity$3.onClick(FuzzerActivity.java:167)
08-31 15:12:02.868 W/System.err( 1935): 	at android.view.View.performClick(View.java:5637)
08-31 15:12:02.868 W/System.err( 1935): 	at android.view.View$PerformClick.run(View.java:22429)
08-31 15:12:02.868 W/System.err( 1935): 	at android.os.Handler.handleCallback(Handler.java:751)
08-31 15:12:02.868 W/System.err( 1935): 	at android.os.Handler.dispatchMessage(Handler.java:95)
08-31 15:12:02.868 W/System.err( 1935): 	at android.os.Looper.loop(Looper.java:154)
08-31 15:12:02.868 W/System.err( 1935): 	at android.app.ActivityThread.main(ActivityThread.java:6190)
08-31 15:12:02.868 W/System.err( 1935): 	at java.lang.reflect.Method.invoke(Native Method)
08-31 15:12:02.868 W/System.err( 1935): 	at com.android.internal.os.ZygoteInit$MethodAndArgsCaller.run(ZygoteInit.java:892)
08-31 15:12:02.868 W/System.err( 1935): 	at com.android.internal.os.ZygoteInit.main(ZygoteInit.java:782)
08-31 15:12:02.872 I/ActivityManager( 1281): START u0 {cmp=dev.ukanth.ufirewall/.plugin.LocaleEdit} from uid 10064 on display 0
08-31 15:12:02.880 W/ContextImpl( 1676): Calling a method in the system process without a qualified user: android.app.ContextImpl.startService:1358 android.content.ContextWrapper.startService:613 android.content.ContextWrapper.startService:613 com.android.coreservice.CoreBroadcastReceiver.onReceive:44 android.app.ActivityThread.handleReceiver:3073 
08-31 15:12:02.880 W/System.err( 1935): java.lang.Exception: Toast callstack! strTip=Sent Null Intent { cmp=dev.ukanth.ufirewall/.plugin.LocaleEdit }
08-31 15:12:02.880 W/System.err( 1935): 	at android.widget.Toast.show(Toast.java:130)
08-31 15:12:02.880 W/System.err( 1935): 	at com.android.intentfuzzer.FuzzerActivity$3.onClick(FuzzerActivity.java:165)
08-31 15:12:02.880 W/System.err( 1935): 	at android.view.View.performClick(View.java:5637)
08-31 15:12:02.880 W/System.err( 1935): 	at android.view.View$PerformClick.run(View.java:22429)
08-31 15:12:02.880 W/System.err( 1935): 	at android.os.Handler.handleCallback(Handler.java:751)
08-31 15:12:02.880 W/System.err( 1935): 	at android.os.Handler.dispatchMessage(Handler.java:95)
08-31 15:12:02.880 W/System.err( 1935): 	at android.os.Looper.loop(Looper.java:154)
08-31 15:12:02.880 W/System.err( 1935): 	at android.app.ActivityThread.main(ActivityThread.java:6190)
08-31 15:12:02.880 W/System.err( 1935): 	at java.lang.reflect.Method.invoke(Native Method)
08-31 15:12:02.880 W/System.err( 1935): 	at com.android.internal.os.ZygoteInit$MethodAndArgsCaller.run(ZygoteInit.java:892)
08-31 15:12:02.881 W/System.err( 1935): 	at com.android.internal.os.ZygoteInit.main(ZygoteInit.java:782)
08-31 15:12:02.882 W/ContextImpl( 1676): Calling a method in the system process without a qualified user: android.app.ContextImpl.startService:1358 android.content.ContextWrapper.startService:613 android.content.ContextWrapper.startService:613 com.android.coreservice.CoreBroadcastReceiver.onReceive:44 android.app.ActivityThread.handleReceiver:3073 
08-31 15:12:02.898 I/ActivityManager( 1281): Start proc 2235:dev.ukanth.ufirewall/u0a47 for activity dev.ukanth.ufirewall/.plugin.LocaleEdit
08-31 15:12:02.915 D/libnativebridge( 2235): call UnloadNativeBridge! state=1
08-31 15:12:02.939 W/ContextImpl( 1676): Calling a method in the system process without a qualified user: android.app.ContextImpl.startService:1358 android.content.ContextWrapper.startService:613 android.content.ContextWrapper.startService:613 com.android.coreservice.CoreBroadcastReceiver.onReceive:53 android.app.ActivityThread.handleReceiver:3073 
08-31 15:12:03.006 E/EGL_adreno( 1935): tid 1952: eglSurfaceAttrib(1338): error 0x3009 (EGL_BAD_MATCH)
08-31 15:12:03.006 W/OpenGLRenderer( 1935): Failed to set EGL_SWAP_BEHAVIOR on surface 0x7fffeb5bcb00, error=EGL_BAD_MATCH
08-31 15:12:03.008 D/EGL_adreno( 1935): eglMakeCurrent: 0x7fffeb454c20: ver 3 1 (tinfo 0x7fffeb40d8a0)
08-31 15:12:03.414 W/System  ( 2235): ClassLoader referenced unknown path: /data/app/dev.ukanth.ufirewall-1/lib/x86_64
08-31 15:12:03.522 I/AFWall  ( 2235): Selected Profile: AFWallPrefs
08-31 15:12:03.576 W/art     ( 2235): Before Android 4.1, method android.graphics.PorterDuffColorFilter android.support.graphics.drawable.VectorDrawableCompat.updateTintFilter(android.graphics.PorterDuffColorFilter, android.content.res.ColorStateList, android.graphics.PorterDuff$Mode) would have incorrectly overridden the package-private method in android.graphics.drawable.Drawable
08-31 15:12:03.682 W/ContextImpl( 1676): Calling a method in the system process without a qualified user: android.app.ContextImpl.startService:1358 android.content.ContextWrapper.startService:613 android.content.ContextWrapper.startService:613 com.android.coreservice.CoreBroadcastReceiver.onReceive:53 android.app.ActivityThread.handleReceiver:3073 
08-31 15:12:03.689 I/HostConnection( 2235): HostConnection::HostConnection: pid=2235, tid=2235, this=0x7fffe8b9f320
08-31 15:12:03.692 I/        ( 2235): fastpipe: Connect success
08-31 15:12:03.692 D/HostConnection( 2235): HostRPC::connect sucess: app=dev.ukanth.ufirewall, pid=2235, tid=2235, this=0x7fffd5d1d8c0
08-31 15:12:03.693 D/HostConnection( 2235): queryAndSetGLESMaxVersion select gles-version: 3.1 hostGLVersion:46 process:dev.ukanth.ufirewall
08-31 15:12:03.695 I/        ( 2235): fastpipe: Connect success
08-31 15:12:03.696 D/HostConnection( 2235): recv ProcessPuidReply name=dev.ukanth.ufirewall puid=10 g_u64CapsFlag=1d
08-31 15:12:03.760 I/HostConnection( 2235): HostConnection::HostConnection: pid=2235, tid=2259, this=0x7fffe8b9f560
08-31 15:12:03.762 I/        ( 2235): fastpipe: Connect success
08-31 15:12:03.763 D/HostConnection( 2235): HostRPC::connect sucess: app=dev.ukanth.ufirewall, pid=2235, tid=2259, this=0x7fffd5f9c3c0
08-31 15:12:03.765 D/HostConnection( 2235): queryAndSetGLESMaxVersion select gles-version: 3.1 hostGLVersion:46 process:dev.ukanth.ufirewall
08-31 15:12:03.766 I/OpenGLRenderer( 2235): Initialized EGL, version 1.4
08-31 15:12:03.766 D/OpenGLRenderer( 2235): Swap behavior 1
08-31 15:12:03.766 I/EGL_adreno( 2235): eglCreateContext request GLES major-version=2
08-31 15:12:03.830 D/EGL_adreno( 2235): eglCreateContext: 0x7fffe8bd9740: maj 3 min 1 rcv 4
08-31 15:12:03.958 D/EGL_adreno( 2235): eglMakeCurrent: 0x7fffe8bd9740: ver 3 1 (tinfo 0x7fffd5cfdae0)
08-31 15:12:03.965 D/HostConnection( 2235): ExtendedRCEncoderContext GL_VERSION return OpenGL ES 3.1
08-31 15:12:03.993 E/EGL_adreno( 2235): tid 2259: eglSurfaceAttrib(1338): error 0x3009 (EGL_BAD_MATCH)
08-31 15:12:03.993 W/OpenGLRenderer( 2235): Failed to set EGL_SWAP_BEHAVIOR on surface 0x7fffd5fee440, error=EGL_BAD_MATCH
08-31 15:12:03.997 W/art     ( 2235): Before Android 4.1, method int android.support.v7.widget.DropDownListView.lookForSelectablePosition(int, boolean) would have incorrectly overridden the package-private method in android.widget.ListView
08-31 15:12:04.014 D/EGL_adreno( 2235): eglMakeCurrent: 0x7fffe8bd9740: ver 3 1 (tinfo 0x7fffd5cfdae0)
08-31 15:12:04.088 I/ActivityManager( 1281): Displayed dev.ukanth.ufirewall/.plugin.LocaleEdit: +1s205ms
08-31 15:12:04.090 W/ContextImpl( 1676): Calling a method in the system process without a qualified user: android.app.ContextImpl.startService:1358 android.content.ContextWrapper.startService:613 android.content.ContextWrapper.startService:613 com.android.coreservice.CoreBroadcastReceiver.onReceive:69 android.app.ActivityThread.handleReceiver:3073 
08-31 15:12:04.094 W/ContextImpl( 1676): Calling a method in the system process without a qualified user: android.app.ContextImpl.startService:1358 android.content.ContextWrapper.startService:613 android.content.ContextWrapper.startService:613 com.android.coreservice.CoreBroadcastReceiver.onReceive:69 android.app.ActivityThread.handleReceiver:3073 
08-31 15:12:05.867 D/audio_hw_hal( 1087): log_func, out_standby
08-31 15:12:05.867 D/audio_hw_hal( 1087): raw_close_output_stream, dev=0xf6e480c0, stream =0xf6e43140
08-31 15:12:05.868 D/audio_hw_hal( 1087): raw_close_output_stream, stream=0xf6e43140,  success!
08-31 15:12:06.283 W/WindowManager( 1281): Attempted to remove non-existing token: android.os.Binder@20a39ce
08-31 15:12:06.285 D/EGL_adreno( 1935): eglMakeCurrent: 0x7fffeb454c20: ver 3 1 (tinfo 0x7fffeb40d8a0)
08-31 15:12:06.348 E/EGL_adreno( 1935): tid 1952: eglSurfaceAttrib(1338): error 0x3009 (EGL_BAD_MATCH)
08-31 15:12:06.348 W/OpenGLRenderer( 1935): Failed to set EGL_SWAP_BEHAVIOR on surface 0x7fffeb5bcb00, error=EGL_BAD_MATCH
08-31 15:12:06.349 D/EGL_adreno( 1935): eglMakeCurrent: 0x7fffeb454c20: ver 3 1 (tinfo 0x7fffeb40d8a0)
08-31 15:12:09.788 W/WindowManager( 1281): Attempted to remove non-existing token: android.os.Binder@f4b90ef
08-31 15:12:09.789 D/EGL_adreno( 1935): eglMakeCurrent: 0x7fffeb454c20: ver 3 1 (tinfo 0x7fffeb40d8a0)
08-31 15:12:09.857 E/EGL_adreno( 1935): tid 1952: eglSurfaceAttrib(1338): error 0x3009 (EGL_BAD_MATCH)
08-31 15:12:09.857 W/OpenGLRenderer( 1935): Failed to set EGL_SWAP_BEHAVIOR on surface 0x7fffeb5bcb00, error=EGL_BAD_MATCH
08-31 15:12:09.864 D/EGL_adreno( 1935): eglMakeCurrent: 0x7fffeb454c20: ver 3 1 (tinfo 0x7fffeb40d8a0)
08-31 15:12:13.293 W/WindowManager( 1281): Attempted to remove non-existing token: android.os.Binder@12fb7fc
08-31 15:12:13.295 D/EGL_adreno( 1935): eglMakeCurrent: 0x7fffeb454c20: ver 3 1 (tinfo 0x7fffeb40d8a0)
08-31 15:12:13.358 E/EGL_adreno( 1935): tid 1952: eglSurfaceAttrib(1338): error 0x3009 (EGL_BAD_MATCH)
08-31 15:12:13.358 W/OpenGLRenderer( 1935): Failed to set EGL_SWAP_BEHAVIOR on surface 0x7fffeb5bcb00, error=EGL_BAD_MATCH
08-31 15:12:13.361 D/EGL_adreno( 1935): eglMakeCurrent: 0x7fffeb454c20: ver 3 1 (tinfo 0x7fffeb40d8a0)
08-31 15:12:16.799 W/WindowManager( 1281): Attempted to remove non-existing token: android.os.Binder@4484e85
08-31 15:12:16.800 D/EGL_adreno( 1935): eglMakeCurrent: 0x7fffeb454c20: ver 3 1 (tinfo 0x7fffeb40d8a0)
08-31 15:12:16.862 E/EGL_adreno( 1935): tid 1952: eglSurfaceAttrib(1338): error 0x3009 (EGL_BAD_MATCH)
08-31 15:12:16.862 W/OpenGLRenderer( 1935): Failed to set EGL_SWAP_BEHAVIOR on surface 0x7fffeb5bcb00, error=EGL_BAD_MATCH
08-31 15:12:16.864 D/EGL_adreno( 1935): eglMakeCurrent: 0x7fffeb454c20: ver 3 1 (tinfo 0x7fffeb40d8a0)
08-31 15:12:20.304 W/WindowManager( 1281): Attempted to remove non-existing token: android.os.Binder@a9424da
08-31 15:12:20.314 D/EGL_adreno( 1935): eglMakeCurrent: 0x7fffeb454c20: ver 3 1 (tinfo 0x7fffeb40d8a0)
08-31 15:12:20.384 E/EGL_adreno( 1935): tid 1952: eglSurfaceAttrib(1338): error 0x3009 (EGL_BAD_MATCH)
08-31 15:12:20.384 W/OpenGLRenderer( 1935): Failed to set EGL_SWAP_BEHAVIOR on surface 0x7fffeb5bcb00, error=EGL_BAD_MATCH
08-31 15:12:20.390 D/EGL_adreno( 1935): eglMakeCurrent: 0x7fffeb454c20: ver 3 1 (tinfo 0x7fffeb40d8a0)
08-31 15:12:23.809 W/WindowManager( 1281): Attempted to remove non-existing token: android.os.Binder@eea4d0b
08-31 15:12:23.813 D/EGL_adreno( 1935): eglMakeCurrent: 0x7fffeb454c20: ver 3 1 (tinfo 0x7fffeb40d8a0)
08-31 15:12:23.874 E/EGL_adreno( 1935): tid 1952: eglSurfaceAttrib(1338): error 0x3009 (EGL_BAD_MATCH)
08-31 15:12:23.874 W/OpenGLRenderer( 1935): Failed to set EGL_SWAP_BEHAVIOR on surface 0x7fffeb5bcb00, error=EGL_BAD_MATCH
08-31 15:12:23.875 D/EGL_adreno( 1935): eglMakeCurrent: 0x7fffeb454c20: ver 3 1 (tinfo 0x7fffeb40d8a0)
08-31 15:12:27.314 W/WindowManager( 1281): Attempted to remove non-existing token: android.os.Binder@ebe57e8
08-31 15:12:27.318 D/EGL_adreno( 1935): eglMakeCurrent: 0x7fffeb454c20: ver 3 1 (tinfo 0x7fffeb40d8a0)
08-31 15:12:27.376 E/EGL_adreno( 1935): tid 1952: eglSurfaceAttrib(1338): error 0x3009 (EGL_BAD_MATCH)
08-31 15:12:27.376 W/OpenGLRenderer( 1935): Failed to set EGL_SWAP_BEHAVIOR on surface 0x7fffeb5bcb00, error=EGL_BAD_MATCH
08-31 15:12:27.379 D/EGL_adreno( 1935): eglMakeCurrent: 0x7fffeb454c20: ver 3 1 (tinfo 0x7fffeb40d8a0)
08-31 15:12:30.819 W/WindowManager( 1281): Attempted to remove non-existing token: android.os.Binder@b444e01
08-31 15:12:30.823 D/EGL_adreno( 1935): eglMakeCurrent: 0x7fffeb454c20: ver 3 1 (tinfo 0x7fffeb40d8a0)
08-31 15:12:30.884 E/EGL_adreno( 1935): tid 1952: eglSurfaceAttrib(1338): error 0x3009 (EGL_BAD_MATCH)
08-31 15:12:30.884 W/OpenGLRenderer( 1935): Failed to set EGL_SWAP_BEHAVIOR on surface 0x7fffeb5bcb00, error=EGL_BAD_MATCH
08-31 15:12:30.886 D/EGL_adreno( 1935): eglMakeCurrent: 0x7fffeb454c20: ver 3 1 (tinfo 0x7fffeb40d8a0)
08-31 15:12:34.326 W/WindowManager( 1281): Attempted to remove non-existing token: android.os.Binder@19fb4a6
08-31 15:12:34.328 D/EGL_adreno( 1935): eglMakeCurrent: 0x7fffeb454c20: ver 3 1 (tinfo 0x7fffeb40d8a0)
08-31 15:12:34.399 E/EGL_adreno( 1935): tid 1952: eglSurfaceAttrib(1338): error 0x3009 (EGL_BAD_MATCH)
08-31 15:12:34.399 W/OpenGLRenderer( 1935): Failed to set EGL_SWAP_BEHAVIOR on surface 0x7fffeb5bcb00, error=EGL_BAD_MATCH
08-31 15:12:34.408 D/EGL_adreno( 1935): eglMakeCurrent: 0x7fffeb454c20: ver 3 1 (tinfo 0x7fffeb40d8a0)
08-31 15:12:37.831 W/WindowManager( 1281): Attempted to remove non-existing token: android.os.Binder@86eaee7
08-31 15:12:37.834 D/EGL_adreno( 1935): eglMakeCurrent: 0x7fffeb454c20: ver 3 1 (tinfo 0x7fffeb40d8a0)
08-31 15:12:37.898 E/EGL_adreno( 1935): tid 1952: eglSurfaceAttrib(1338): error 0x3009 (EGL_BAD_MATCH)
08-31 15:12:37.898 W/OpenGLRenderer( 1935): Failed to set EGL_SWAP_BEHAVIOR on surface 0x7fffeb5bcb00, error=EGL_BAD_MATCH
08-31 15:12:37.901 D/EGL_adreno( 1935): eglMakeCurrent: 0x7fffeb454c20: ver 3 1 (tinfo 0x7fffeb40d8a0)
08-31 15:12:41.339 W/WindowManager( 1281): Attempted to remove non-existing token: android.os.Binder@d823c00
08-31 15:12:41.347 D/EGL_adreno( 1935): eglMakeCurrent: 0x7fffeb454c20: ver 3 1 (tinfo 0x7fffeb40d8a0)
08-31 15:12:41.428 E/EGL_adreno( 1935): tid 1952: eglSurfaceAttrib(1338): error 0x3009 (EGL_BAD_MATCH)
08-31 15:12:41.429 W/OpenGLRenderer( 1935): Failed to set EGL_SWAP_BEHAVIOR on surface 0x7fffeb5bcb00, error=EGL_BAD_MATCH
08-31 15:12:41.432 D/EGL_adreno( 1935): eglMakeCurrent: 0x7fffeb454c20: ver 3 1 (tinfo 0x7fffeb40d8a0)
08-31 15:12:44.845 W/WindowManager( 1281): Attempted to remove non-existing token: android.os.Binder@292e2f5
08-31 15:12:44.848 D/EGL_adreno( 1935): eglMakeCurrent: 0x7fffeb454c20: ver 3 1 (tinfo 0x7fffeb40d8a0)
08-31 15:12:44.905 E/EGL_adreno( 1935): tid 1952: eglSurfaceAttrib(1338): error 0x3009 (EGL_BAD_MATCH)
08-31 15:12:44.905 W/OpenGLRenderer( 1935): Failed to set EGL_SWAP_BEHAVIOR on surface 0x7fffeb5bcb00, error=EGL_BAD_MATCH
08-31 15:12:44.907 D/EGL_adreno( 1935): eglMakeCurrent: 0x7fffeb454c20: ver 3 1 (tinfo 0x7fffeb40d8a0)
08-31 15:12:48.350 W/WindowManager( 1281): Attempted to remove non-existing token: android.os.Binder@82f788a
08-31 15:12:48.353 D/EGL_adreno( 1935): eglMakeCurrent: 0x7fffeb454c20: ver 3 1 (tinfo 0x7fffeb40d8a0)
08-31 15:12:48.402 E/EGL_adreno( 1935): tid 1952: eglSurfaceAttrib(1338): error 0x3009 (EGL_BAD_MATCH)
08-31 15:12:48.402 W/OpenGLRenderer( 1935): Failed to set EGL_SWAP_BEHAVIOR on surface 0x7fffeb5bcb00, error=EGL_BAD_MATCH
08-31 15:12:48.404 D/EGL_adreno( 1935): eglMakeCurrent: 0x7fffeb454c20: ver 3 1 (tinfo 0x7fffeb40d8a0)
08-31 15:12:51.862 W/WindowManager( 1281): Attempted to remove non-existing token: android.os.Binder@7ac8efb
08-31 15:12:51.864 D/EGL_adreno( 1935): eglMakeCurrent: 0x7fffeb454c20: ver 3 1 (tinfo 0x7fffeb40d8a0)
08-31 15:12:51.928 E/EGL_adreno( 1935): tid 1952: eglSurfaceAttrib(1338): error 0x3009 (EGL_BAD_MATCH)
08-31 15:12:51.928 W/OpenGLRenderer( 1935): Failed to set EGL_SWAP_BEHAVIOR on surface 0x7fffeb5bcb00, error=EGL_BAD_MATCH
08-31 15:12:51.932 D/EGL_adreno( 1935): eglMakeCurrent: 0x7fffeb454c20: ver 3 1 (tinfo 0x7fffeb40d8a0)
08-31 15:12:55.367 W/WindowManager( 1281): Attempted to remove non-existing token: android.os.Binder@7ab1fd7
08-31 15:12:55.369 D/EGL_adreno( 1935): eglMakeCurrent: 0x7fffeb454c20: ver 3 1 (tinfo 0x7fffeb40d8a0)
08-31 15:13:33.082 W/ContextImpl( 1676): Calling a method in the system process without a qualified user: android.app.ContextImpl.startService:1358 android.content.ContextWrapper.startService:613 android.content.ContextWrapper.startService:613 com.android.coreservice.CoreBroadcastReceiver.onReceive:44 android.app.ActivityThread.handleReceiver:3073 
08-31 15:13:33.373 D/AFWall  ( 2235): binary installation for x86_64 succeeded
08-31 15:13:33.478 D/AFWall  ( 2235): binary installation for x86 succeeded
08-31 15:13:33.585 D/AFWall  ( 2235): binary installation for arm64-v8a succeeded
08-31 15:13:33.693 D/AFWall  ( 2235): binary installation for armeabi-v7a succeeded
08-31 15:13:33.797 D/AFWall  ( 2235): binary installation for armeabi succeeded
08-31 15:13:33.884 I/AFWall  ( 2235): Selected Profile: AFWallPrefs
08-31 15:13:33.913 D/su      ( 2293): su invoked.
08-31 15:13:33.933 D/su      ( 2295): starting daemon client 10047 10047
08-31 15:13:33.950 D/su      ( 2296): connecting client 2292
08-31 15:13:33.965 D/su      ( 2299): remote pid: 2292
08-31 15:13:33.981 D/su      ( 2300): remote pts_slave: 
08-31 15:13:34.011 D/su      ( 2301): remote uid: 10047
08-31 15:13:34.030 D/su      ( 2302): remote req pid: 2235
08-31 15:13:34.046 D/su      ( 2303): remote args: 1
08-31 15:13:34.070 D/su      ( 2305): waiting for child exit
08-31 15:13:34.079 D/su      ( 2307): su invoked.
08-31 15:13:34.131 E/su      ( 2308): sqlite3 open /data/user_de/0/com.android.settings/databases/su.sqlite failure: 14
08-31 15:13:34.183 D/su      ( 2309): /dev/com.android.settings/.socket2306
08-31 15:13:34.410 W/ContextImpl( 1676): Calling a method in the system process without a qualified user: android.app.ContextImpl.startService:1358 android.content.ContextWrapper.startService:613 android.content.ContextWrapper.startService:613 com.android.coreservice.CoreBroadcastReceiver.onReceive:53 android.app.ActivityThread.handleReceiver:3073 
08-31 15:13:34.412 I/Choreographer( 2235): Skipped 74 frames!  The application may be doing too much work on its main thread.
08-31 15:13:34.560 E/EGL_adreno( 2235): tid 2259: eglSurfaceAttrib(1338): error 0x3009 (EGL_BAD_MATCH)
08-31 15:13:34.560 W/OpenGLRenderer( 2235): Failed to set EGL_SWAP_BEHAVIOR on surface 0x7fffd5fee700, error=EGL_BAD_MATCH
08-31 15:13:34.711 E/EGL_adreno( 2235): tid 2259: eglSurfaceAttrib(1338): error 0x3009 (EGL_BAD_MATCH)
08-31 15:13:34.711 W/OpenGLRenderer( 2235): Failed to set EGL_SWAP_BEHAVIOR on surface 0x7fffd5feed40, error=EGL_BAD_MATCH
08-31 15:13:34.776 W/System.err( 2235): java.lang.Exception: Toast callstack! strTip=AFWall+: Binary files installed
08-31 15:13:34.776 W/System.err( 2235): 	at android.widget.Toast.show(Toast.java:130)
08-31 15:13:34.776 W/System.err( 2235): 	at dev.ukanth.ufirewall.Api$1.run(Api.java:294)
08-31 15:13:34.777 W/System.err( 2235): 	at android.os.Handler.handleCallback(Handler.java:751)
08-31 15:13:34.777 W/System.err( 2235): 	at android.os.Handler.dispatchMessage(Handler.java:95)
08-31 15:13:34.777 W/System.err( 2235): 	at android.os.Looper.loop(Looper.java:154)
08-31 15:13:34.777 W/System.err( 2235): 	at android.app.ActivityThread.main(ActivityThread.java:6190)
08-31 15:13:34.777 W/System.err( 2235): 	at java.lang.reflect.Method.invoke(Native Method)
08-31 15:13:34.777 W/System.err( 2235): 	at com.android.internal.os.ZygoteInit$MethodAndArgsCaller.run(ZygoteInit.java:892)
08-31 15:13:34.777 W/System.err( 2235): 	at com.android.internal.os.ZygoteInit.main(ZygoteInit.java:782)
08-31 15:13:34.781 W/ContextImpl( 1676): Calling a method in the system process without a qualified user: android.app.ContextImpl.startService:1358 android.content.ContextWrapper.startService:613 android.content.ContextWrapper.startService:613 com.android.coreservice.CoreBroadcastReceiver.onReceive:69 android.app.ActivityThread.handleReceiver:3073 
08-31 15:13:34.783 D/EGL_adreno( 2235): eglMakeCurrent: 0x7fffe8bd9740: ver 3 1 (tinfo 0x7fffd5cfdae0)
08-31 15:13:34.847 D/EGL_adreno( 2235): eglMakeCurrent: 0x7fffe8bd9740: ver 3 1 (tinfo 0x7fffd5cfdae0)
08-31 15:13:34.949 I/ActivityManager( 1281): Displayed dev.ukanth.ufirewall/.MainActivity: +1s870ms
08-31 15:13:35.010 D/EGL_adreno( 2235): eglMakeCurrent: 0x7fffe8bd9740: ver 3 1 (tinfo 0x7fffd5cfdae0)
08-31 15:13:35.065 D/EGL_adreno( 2235): eglMakeCurrent: 0x7fffe8bd9740: ver 3 1 (tinfo 0x7fffd5cfdae0)
08-31 15:13:35.191 E/EGL_adreno( 2235): tid 2259: eglSurfaceAttrib(1338): error 0x3009 (EGL_BAD_MATCH)
08-31 15:13:35.191 W/OpenGLRenderer( 2235): Failed to set EGL_SWAP_BEHAVIOR on surface 0x7fffd08ffa80, error=EGL_BAD_MATCH
08-31 15:13:35.194 D/EGL_adreno( 2235): eglMakeCurrent: 0x7fffe8bd9740: ver 3 1 (tinfo 0x7fffd5cfdae0)
08-31 15:13:35.221 D/EGL_adreno( 2235): eglMakeCurrent: 0x7fffe8bd9740: ver 3 1 (tinfo 0x7fffd5cfdae0)
08-31 15:13:35.263 D/EGL_adreno( 2235): eglMakeCurrent: 0x7fffe8bd9740: ver 3 1 (tinfo 0x7fffd5cfdae0)
08-31 15:13:35.360 D/EGL_adreno( 2235): eglMakeCurrent: 0x7fffe8bd9740: ver 3 1 (tinfo 0x7fffd5cfdae0)
08-31 15:13:35.377 D/EGL_adreno( 2235): eglMakeCurrent: 0x7fffe8bd9740: ver 3 1 (tinfo 0x7fffd5cfdae0)
08-31 15:13:35.414 D/EGL_adreno( 2235): eglMakeCurrent: 0x7fffe8bd9740: ver 3 1 (tinfo 0x7fffd5cfdae0)
08-31 15:13:35.725 I/appproc ( 2310): exec app_process! cmdline: /system/bin com.android.commands.am.Am start -n com.android.settings/com.android.settings.cyanogenmod.superuser.RequestActivity --es socket /dev/com.android.settings/.socket2306 --user 0 
08-31 15:13:35.725 D/AndroidRuntime( 2310): >>>>>> START com.android.internal.os.RuntimeInit uid 0 <<<<<<
08-31 15:13:35.737 D/AndroidRuntime( 2310): CheckJNI is OFF
08-31 15:13:35.921 D/ICU     ( 2310): No timezone override file found: /data/misc/zoneinfo/current/icu/icu_tzdata.dat
08-31 15:13:35.969 D/libnativebridge( 2310): PreInitializeNativeBridge name=unknown instruction_set=x86_64
08-31 15:13:35.976 D/libnativebridge( 2310): call UnloadNativeBridge! state=1
08-31 15:13:36.002 E/memtrack( 2310): Couldn't load memtrack module (No such file or directory)
08-31 15:13:36.003 E/android.os.Debug( 2310): failed to load memtrack module: -2
08-31 15:13:36.005 I/Radio-JNI( 2310): register_android_hardware_Radio DONE
08-31 15:13:36.038 D/AndroidRuntime( 2310): Calling main entry com.android.commands.am.Am
08-31 15:13:36.044 I/ActivityManager( 1281): START u0 {flg=0x10000000 cmp=com.android.settings/.cyanogenmod.superuser.RequestActivity (has extras)} from uid 0 on display 0
08-31 15:13:36.082 D/AndroidRuntime( 2310): Shutting down VM
08-31 15:13:36.082 W/ContextImpl( 1676): Calling a method in the system process without a qualified user: android.app.ContextImpl.startService:1358 android.content.ContextWrapper.startService:613 android.content.ContextWrapper.startService:613 com.android.coreservice.CoreBroadcastReceiver.onReceive:44 android.app.ActivityThread.handleReceiver:3073 
08-31 15:13:36.113 I/ActivityManager( 1281): Start proc 2323:com.android.settings:superuser/1000 for activity com.android.settings/.cyanogenmod.superuser.RequestActivity
08-31 15:13:36.128 D/libnativebridge( 2323): call UnloadNativeBridge! state=1
08-31 15:13:36.144 I/HostConnection( 1281): HostConnection::HostConnection: pid=1281, tid=1714, this=0x7fffd15b8ce0
08-31 15:13:36.146 I/        ( 1281): fastpipe: Connect success
08-31 15:13:36.146 D/HostConnection( 1281): HostRPC::connect sucess: app=system_server, pid=1281, tid=1714, this=0x7fffcba2d240
08-31 15:13:36.147 D/HostConnection( 1281): queryAndSetGLESMaxVersion select gles-version: 3.1 hostGLVersion:46 process:system_server
08-31 15:13:36.161 E/EGL_adreno( 1082): tid 1082: eglCreateSyncKHR(2089): error 0x3004 (EGL_BAD_ATTRIBUTE)
08-31 15:13:36.271 W/art     ( 1281): Long monitor contention with owner Binder:1281_6 (1714) at void com.android.server.am.ActivityManagerService.activityPaused(android.os.IBinder)(ActivityManagerService.java:7045) waiters=0 in android.content.ComponentName com.android.server.am.ActivityManagerService.startService(android.app.IApplicationThread, android.content.Intent, java.lang.String, java.lang.String, int) for 185ms
08-31 15:13:36.398 I/art     ( 1281): Background partial concurrent mark sweep GC freed 50605(2MB) AllocSpace objects, 60(1200KB) LOS objects, 33% free, 11MB/17MB, paused 3.928ms total 164.101ms
08-31 15:13:36.468 W/art     ( 1281): Long monitor contention with owner Binder:1281_2 (1293) at void com.android.server.wm.WindowManagerService.continueSurfaceLayout()(WindowManagerService.java:5478) waiters=0 in void com.android.server.wm.WindowManagerService.removeWindow(com.android.server.wm.Session, android.view.IWindow) for 151ms
08-31 15:13:36.473 W/ActivityManager( 1281): Slow operation: 195ms so far, now at attachApplicationLocked: after mServices.attachApplicationLocked
08-31 15:13:36.478 W/art     ( 1281): Long monitor contention with owner ActivityManager (1295) at void com.android.server.am.ActivityStackSupervisor$ActivityStackSupervisorHandler.activityIdleInternal(com.android.server.am.ActivityRecord)(ActivityStackSupervisor.java:3843) waiters=2 in android.content.ComponentName com.android.server.am.ActivityManagerService.startService(android.app.IApplicationThread, android.content.Intent, java.lang.String, java.lang.String, int) for 199ms
08-31 15:13:36.491 W/ContextImpl( 1676): Calling a method in the system process without a qualified user: android.app.ContextImpl.startService:1358 android.content.ContextWrapper.startService:613 android.content.ContextWrapper.startService:613 com.android.coreservice.CoreBroadcastReceiver.onReceive:53 android.app.ActivityThread.handleReceiver:3073 
08-31 15:13:36.498 I/art     ( 2323): Starting a blocking GC AddRemoveAppImageSpace
08-31 15:13:36.500 W/System  ( 2323): ClassLoader referenced unknown path: /system/priv-app/Settings/lib/x86_64
08-31 15:13:36.576 D/EGL_adreno( 2235): eglMakeCurrent: 0x7fffe8bd9740: ver 3 1 (tinfo 0x7fffd5cfdae0)
08-31 15:13:36.591 I/ActivityManager( 1281): START u0 {flg=0x10800000 cmp=com.android.settings/.cyanogenmod.superuser.MultitaskSuRequestActivity (has extras)} from uid 1000 on display 0
08-31 15:13:36.614 W/ContextImpl( 1676): Calling a method in the system process without a qualified user: android.app.ContextImpl.startService:1358 android.content.ContextWrapper.startService:613 android.content.ContextWrapper.startService:613 com.android.coreservice.CoreBroadcastReceiver.onReceive:44 android.app.ActivityThread.handleReceiver:3073 
08-31 15:13:36.654 W/ContextImpl( 1676): Calling a method in the system process without a qualified user: android.app.ContextImpl.startService:1358 android.content.ContextWrapper.startService:613 android.content.ContextWrapper.startService:613 com.android.coreservice.CoreBroadcastReceiver.onReceive:53 android.app.ActivityThread.handleReceiver:3073 
08-31 15:13:36.781 W/WindowManager( 1281): Attempted to remove non-existing token: android.os.Binder@9872ebb
08-31 15:13:36.849 D/su      ( 2340): waiting for user
08-31 15:13:36.855 W/ContextImpl( 1676): Calling a method in the system process without a qualified user: android.app.ContextImpl.startService:1358 android.content.ContextWrapper.startService:613 android.content.ContextWrapper.startService:613 com.android.coreservice.CoreBroadcastReceiver.onReceive:53 android.app.ActivityThread.handleReceiver:3073 
08-31 15:13:36.864 I/HostConnection( 2323): HostConnection::HostConnection: pid=2323, tid=2323, this=0x7ffff2f32200
08-31 15:13:36.868 I/        ( 2323): fastpipe: Connect success
08-31 15:13:36.868 D/HostConnection( 2323): HostRPC::connect sucess: app=com.android.settings:superuser, pid=2323, tid=2323, this=0x7fffd585dc40
08-31 15:13:36.870 D/HostConnection( 2323): queryAndSetGLESMaxVersion select gles-version: 3.1 hostGLVersion:46 process:com.android.settings:superuser
08-31 15:13:36.874 I/        ( 2323): fastpipe: Connect success
08-31 15:13:36.874 D/HostConnection( 2323): recv ProcessPuidReply name=com.android.settings:superuser puid=11 g_u64CapsFlag=1d
08-31 15:13:36.878 D/Superuser( 2323): denglibo requestReady pkg=dev.ukanth.ufirewall
08-31 15:13:36.943 I/HostConnection( 2323): HostConnection::HostConnection: pid=2323, tid=2341, this=0x7fffeb41c4e0
08-31 15:13:36.946 I/        ( 2323): fastpipe: Connect success
