08-31 15:13:36.946 D/HostConnection( 2323): HostRPC::connect sucess: app=com.android.settings:superuser, pid=2323, tid=2341, this=0x7fffeb45e940
08-31 15:13:36.947 D/HostConnection( 2323): queryAndSetGLESMaxVersion select gles-version: 3.1 hostGLVersion:46 process:com.android.settings:superuser
08-31 15:13:36.949 I/OpenGLRenderer( 2323): Initialized EGL, version 1.4
08-31 15:13:36.949 D/OpenGLRenderer( 2323): Swap behavior 1
08-31 15:13:36.949 I/EGL_adreno( 2323): eglCreateContext request GLES major-version=2
08-31 15:13:36.998 D/EGL_adreno( 2323): eglCreateContext: 0x7fffeb447320: maj 3 min 1 rcv 4
08-31 15:13:37.098 D/EGL_adreno( 2323): eglMakeCurrent: 0x7fffeb447320: ver 3 1 (tinfo 0x7fffeb40d380)
08-31 15:13:37.104 D/HostConnection( 2323): ExtendedRCEncoderContext GL_VERSION return OpenGL ES 3.1
08-31 15:13:37.157 W/ContextImpl( 1676): Calling a method in the system process without a qualified user: android.app.ContextImpl.startService:1358 android.content.ContextWrapper.startService:613 android.content.ContextWrapper.startService:613 com.android.coreservice.CoreBroadcastReceiver.onReceive:69 android.app.ActivityThread.handleReceiver:3073 
08-31 15:13:37.168 W/ContextImpl( 1676): Calling a method in the system process without a qualified user: android.app.ContextImpl.startService:1358 android.content.ContextWrapper.startService:613 android.content.ContextWrapper.startService:613 com.android.coreservice.CoreBroadcastReceiver.onReceive:69 android.app.ActivityThread.handleReceiver:3073 
08-31 15:13:37.170 E/EGL_adreno( 2323): tid 2341: eglSurfaceAttrib(1338): error 0x3009 (EGL_BAD_MATCH)
08-31 15:13:37.170 W/OpenGLRenderer( 2323): Failed to set EGL_SWAP_BEHAVIOR on surface 0x7fffeb418e80, error=EGL_BAD_MATCH
08-31 15:13:37.180 D/EGL_adreno( 2323): eglMakeCurrent: 0x7fffeb447320: ver 3 1 (tinfo 0x7fffeb40d380)
08-31 15:13:37.303 I/ActivityManager( 1281): Displayed com.android.settings/.cyanogenmod.superuser.MultitaskSuRequestActivity: +651ms (total +1s225ms)
08-31 15:13:38.088 E/EGL_adreno( 1082): tid 1082: eglCreateSyncKHR(2089): error 0x3004 (EGL_BAD_ATTRIBUTE)
08-31 15:13:38.129 W/ContextImpl( 1676): Calling a method in the system process without a qualified user: android.app.ContextImpl.startService:1358 android.content.ContextWrapper.startService:613 android.content.ContextWrapper.startService:613 com.android.coreservice.CoreBroadcastReceiver.onReceive:44 android.app.ActivityThread.handleReceiver:3073 
08-31 15:13:38.156 D/EGL_adreno( 2323): eglMakeCurrent: 0x7fffeb447320: ver 3 1 (tinfo 0x7fffeb40d380)
08-31 15:13:38.215 E/EGL_adreno( 2235): tid 2259: eglSurfaceAttrib(1338): error 0x3009 (EGL_BAD_MATCH)
08-31 15:13:38.215 W/OpenGLRenderer( 2235): Failed to set EGL_SWAP_BEHAVIOR on surface 0x7fffd08ffa80, error=EGL_BAD_MATCH
08-31 15:13:38.218 I/AFWall  ( 2235): Selected Profile: AFWallPrefs
08-31 15:13:38.226 W/ContextImpl( 1676): Calling a method in the system process without a qualified user: android.app.ContextImpl.startService:1358 android.content.ContextWrapper.startService:613 android.content.ContextWrapper.startService:613 com.android.coreservice.CoreBroadcastReceiver.onReceive:53 android.app.ActivityThread.handleReceiver:3073 
08-31 15:13:38.236 D/EGL_adreno( 2235): eglMakeCurrent: 0x7fffe8bd9740: ver 3 1 (tinfo 0x7fffd5cfdae0)
08-31 15:13:38.237 W/ContextImpl( 1676): Calling a method in the system process without a qualified user: android.app.ContextImpl.startService:1358 android.content.ContextWrapper.startService:613 android.content.ContextWrapper.startService:613 com.android.coreservice.CoreBroadcastReceiver.onReceive:69 android.app.ActivityThread.handleReceiver:3073 
08-31 15:13:38.240 W/ContextImpl( 1676): Calling a method in the system process without a qualified user: android.app.ContextImpl.startService:1358 android.content.ContextWrapper.startService:613 android.content.ContextWrapper.startService:613 com.android.coreservice.CoreBroadcastReceiver.onReceive:69 android.app.ActivityThread.handleReceiver:3073 
08-31 15:13:38.308 I/art     ( 2235): Do partial code cache collection, code=25KB, data=29KB
08-31 15:13:38.308 I/art     ( 2235): After code cache collection, code=25KB, data=29KB
08-31 15:13:38.308 I/art     ( 2235): Increasing code cache capacity to 128KB
08-31 15:13:38.476 E/EGL_adreno( 2235): tid 2259: eglSurfaceAttrib(1338): error 0x3009 (EGL_BAD_MATCH)
08-31 15:13:38.476 W/OpenGLRenderer( 2235): Failed to set EGL_SWAP_BEHAVIOR on surface 0x7fffd5fee700, error=EGL_BAD_MATCH
08-31 15:13:38.554 D/EGL_adreno( 2235): eglMakeCurrent: 0x7fffe8bd9740: ver 3 1 (tinfo 0x7fffd5cfdae0)
08-31 15:13:38.611 D/EGL_adreno( 2235): eglMakeCurrent: 0x7fffe8bd9740: ver 3 1 (tinfo 0x7fffd5cfdae0)
08-31 15:13:38.625 D/EGL_adreno( 2235): eglMakeCurrent: 0x7fffe8bd9740: ver 3 1 (tinfo 0x7fffd5cfdae0)
08-31 15:13:38.659 D/EGL_adreno( 2235): eglMakeCurrent: 0x7fffe8bd9740: ver 3 1 (tinfo 0x7fffd5cfdae0)
08-31 15:13:39.844 D/EGL_adreno( 2235): eglMakeCurrent: 0x7fffe8bd9740: ver 3 1 (tinfo 0x7fffd5cfdae0)
08-31 15:13:39.872 D/EGL_adreno( 2235): eglMakeCurrent: 0x7fffe8bd9740: ver 3 1 (tinfo 0x7fffd5cfdae0)
08-31 15:13:41.814 I/ActivityManager( 1281): START u0 {flg=0x10804000 cmp=com.android.systemui/.recents.RecentsActivity} from uid 10017 on display 0
08-31 15:13:41.866 E/EGL_adreno( 1082): tid 1082: eglCreateSyncKHR(2089): error 0x3004 (EGL_BAD_ATTRIBUTE)
08-31 15:13:41.925 W/ContextImpl( 1676): Calling a method in the system process without a qualified user: android.app.ContextImpl.startService:1358 android.content.ContextWrapper.startService:613 android.content.ContextWrapper.startService:613 com.android.coreservice.CoreBroadcastReceiver.onReceive:44 android.app.ActivityThread.handleReceiver:3073 
08-31 15:13:41.937 W/ActivityManager( 1281): Finishing task with all activities already finished
08-31 15:13:41.937 W/ActivityManager( 1281): Duplicate finish request for ActivityRecord{4694f4e u0 com.android.settings/.cyanogenmod.superuser.MultitaskSuRequestActivity t14 f}
08-31 15:13:41.948 D/EGL_adreno( 2235): eglMakeCurrent: 0x7fffe8bd9740: ver 3 1 (tinfo 0x7fffd5cfdae0)
08-31 15:13:41.965 W/SurfaceFlinger( 1082): couldn't log to binary event log: overflow.
08-31 15:13:41.966 W/su      ( 2343): request rejected (10047->0 /system/bin/sh)
08-31 15:13:41.990 D/su      ( 2344): sending code
08-31 15:13:42.006 D/su      ( 2347): client exited 1
08-31 15:13:42.018 D/su      ( 2346): child exited
08-31 15:13:42.074 W/ContextImpl( 1676): Calling a method in the system process without a qualified user: android.app.ContextImpl.startService:1358 android.content.ContextWrapper.startService:613 android.content.ContextWrapper.startService:613 com.android.coreservice.CoreBroadcastReceiver.onReceive:53 android.app.ActivityThread.handleReceiver:3073 
08-31 15:13:42.241 E/EGL_adreno( 1368): tid 1643: eglSurfaceAttrib(1338): error 0x3009 (EGL_BAD_MATCH)
08-31 15:13:42.241 W/OpenGLRenderer( 1368): Failed to set EGL_SWAP_BEHAVIOR on surface 0x7fffd5faee00, error=EGL_BAD_MATCH
08-31 15:13:42.261 W/ContextImpl( 1676): Calling a method in the system process without a qualified user: android.app.ContextImpl.startService:1358 android.content.ContextWrapper.startService:613 android.content.ContextWrapper.startService:613 com.android.coreservice.CoreBroadcastReceiver.onReceive:69 android.app.ActivityThread.handleReceiver:3073 
08-31 15:13:42.263 D/EGL_adreno( 1368): eglMakeCurrent: 0x7fffd5e998e0: ver 3 1 (tinfo 0x7fffd5eb6040)
08-31 15:13:42.265 W/ContextImpl( 1676): Calling a method in the system process without a qualified user: android.app.ContextImpl.startService:1358 android.content.ContextWrapper.startService:613 android.content.ContextWrapper.startService:613 com.android.coreservice.CoreBroadcastReceiver.onReceive:69 android.app.ActivityThread.handleReceiver:3073 
08-31 15:13:42.415 D/EGL_adreno( 1368): eglMakeCurrent: 0x7fffd5e998e0: ver 3 1 (tinfo 0x7fffd5eb6040)
08-31 15:13:42.426 D/EGL_adreno( 1368): eglMakeCurrent: 0x7fffd5e998e0: ver 3 1 (tinfo 0x7fffd5eb6040)
08-31 15:13:42.428 I/ActivityManager( 1281): Displayed com.android.systemui/.recents.RecentsActivity: +525ms
08-31 15:13:43.167 I/appproc ( 2342): exec app_process! cmdline: /system/bin com.android.commands.am.Am broadcast -n com.android.settings/com.android.settings.cyanogenmod.superuser.SuReceiver --ei binary_version 16 --es from_name u0_a47 --es desired_name  --ei uid 10047 --ei desired_uid 0 --es command /system/bin/sh --es action deny --user 0 
08-31 15:13:43.167 D/AndroidRuntime( 2342): >>>>>> START com.android.internal.os.RuntimeInit uid 0 <<<<<<
08-31 15:13:43.171 D/AndroidRuntime( 2342): CheckJNI is OFF
08-31 15:13:43.245 D/ICU     ( 2342): No timezone override file found: /data/misc/zoneinfo/current/icu/icu_tzdata.dat
08-31 15:13:43.261 D/libnativebridge( 2342): PreInitializeNativeBridge name=unknown instruction_set=x86_64
08-31 15:13:43.262 D/libnativebridge( 2342): call UnloadNativeBridge! state=1
08-31 15:13:43.276 E/memtrack( 2342): Couldn't load memtrack module (No such file or directory)
08-31 15:13:43.276 E/android.os.Debug( 2342): failed to load memtrack module: -2
08-31 15:13:43.277 I/Radio-JNI( 2342): register_android_hardware_Radio DONE
08-31 15:13:43.289 D/AndroidRuntime( 2342): Calling main entry com.android.commands.am.Am
08-31 15:13:43.329 W/System.err( 1577): java.lang.Exception: Toast callstack! strTip=AFWall+
08-31 15:13:43.330 W/System.err( 1577): 	at android.widget.Toast.show(Toast.java:130)
08-31 15:13:43.330 W/System.err( 1577): 	at com.koushikdutta.superuser.SuReceiver.onReceive(SuReceiver.java:103)
08-31 15:13:43.330 W/System.err( 1577): 	at android.app.ActivityThread.handleReceiver(ActivityThread.java:3073)
08-31 15:13:43.330 W/System.err( 1577): 	at android.app.ActivityThread.-wrap18(ActivityThread.java)
08-31 15:13:43.330 W/System.err( 1577): 	at android.app.ActivityThread$H.handleMessage(ActivityThread.java:1566)
08-31 15:13:43.330 W/System.err( 1577): 	at android.os.Handler.dispatchMessage(Handler.java:102)
08-31 15:13:43.330 W/System.err( 1577): 	at android.os.Looper.loop(Looper.java:154)
08-31 15:13:43.330 W/System.err( 1577): 	at android.app.ActivityThread.main(ActivityThread.java:6190)
08-31 15:13:43.330 W/System.err( 1577): 	at java.lang.reflect.Method.invoke(Native Method)
08-31 15:13:43.330 W/System.err( 1577): 	at com.android.internal.os.ZygoteInit$MethodAndArgsCaller.run(ZygoteInit.java:892)
08-31 15:13:43.330 W/System.err( 1577): 	at com.android.internal.os.ZygoteInit.main(ZygoteInit.java:782)
08-31 15:13:43.333 D/AndroidRuntime( 2342): Shutting down VM
08-31 15:13:43.412 E/EGL_adreno( 1577): tid 1605: eglSurfaceAttrib(1338): error 0x3009 (EGL_BAD_MATCH)
08-31 15:13:43.412 W/OpenGLRenderer( 1577): Failed to set EGL_SWAP_BEHAVIOR on surface 0x7fffeb41b4c0, error=EGL_BAD_MATCH
08-31 15:13:43.414 D/EGL_adreno( 1577): eglMakeCurrent: 0x7fffeb43c820: ver 3 1 (tinfo 0x7fffeb40d4c0)
08-31 15:13:44.420 D/audio_hw_hal( 1087): raw_start_output_stream, stream=0xf6e43140, sampleRate=48000, channel=2, bps=16, bufSize=4096
08-31 15:13:44.424 W/ContextImpl( 1676): Calling a method in the system process without a qualified user: android.app.ContextImpl.startService:1358 android.content.ContextWrapper.startService:613 android.content.ContextWrapper.startService:613 com.android.coreservice.CoreBroadcastReceiver.onReceive:44 android.app.ActivityThread.handleReceiver:3073 
08-31 15:13:44.428 E/ActivityManager( 1281): applyOptionsLocked: Unknown animationType=0
08-31 15:13:44.444 I/AFWall  ( 2235): Selected Profile: AFWallPrefs
08-31 15:13:44.455 W/ContextImpl( 1676): Calling a method in the system process without a qualified user: android.app.ContextImpl.startService:1358 android.content.ContextWrapper.startService:613 android.content.ContextWrapper.startService:613 com.android.coreservice.CoreBroadcastReceiver.onReceive:53 android.app.ActivityThread.handleReceiver:3073 
08-31 15:13:44.456 D/EGL_adreno( 1368): eglMakeCurrent: 0x7fffd5e998e0: ver 3 1 (tinfo 0x7fffd5eb6040)
08-31 15:13:44.464 D/EGL_adreno( 1368): eglMakeCurrent: 0x7fffd5e998e0: ver 3 1 (tinfo 0x7fffd5eb6040)
08-31 15:13:44.594 E/EGL_adreno( 2235): tid 2259: eglSurfaceAttrib(1338): error 0x3009 (EGL_BAD_MATCH)
08-31 15:13:44.595 W/OpenGLRenderer( 2235): Failed to set EGL_SWAP_BEHAVIOR on surface 0x7fffd08ffa80, error=EGL_BAD_MATCH
08-31 15:13:44.687 D/EGL_adreno( 2235): eglMakeCurrent: 0x7fffe8bd9740: ver 3 1 (tinfo 0x7fffd5cfdae0)
08-31 15:13:44.688 W/ContextImpl( 1676): Calling a method in the system process without a qualified user: android.app.ContextImpl.startService:1358 android.content.ContextWrapper.startService:613 android.content.ContextWrapper.startService:613 com.android.coreservice.CoreBroadcastReceiver.onReceive:69 android.app.ActivityThread.handleReceiver:3073 
08-31 15:13:44.698 W/ContextImpl( 1676): Calling a method in the system process without a qualified user: android.app.ContextImpl.startService:1358 android.content.ContextWrapper.startService:613 android.content.ContextWrapper.startService:613 com.android.coreservice.CoreBroadcastReceiver.onReceive:69 android.app.ActivityThread.handleReceiver:3073 
08-31 15:13:44.880 D/EGL_adreno( 1368): eglMakeCurrent: 0x7fffd5e998e0: ver 3 1 (tinfo 0x7fffd5eb6040)
08-31 15:13:45.483 W/WindowManager( 1281): Attempted to remove non-existing token: android.os.Binder@f50c6b
08-31 15:13:45.484 D/EGL_adreno( 1577): eglMakeCurrent: 0x7fffeb43c820: ver 3 1 (tinfo 0x7fffeb40d4c0)
08-31 15:13:47.042 W/ContextImpl( 1676): Calling a method in the system process without a qualified user: android.app.ContextImpl.startService:1358 android.content.ContextWrapper.startService:613 android.content.ContextWrapper.startService:613 com.android.coreservice.CoreBroadcastReceiver.onReceive:44 android.app.ActivityThread.handleReceiver:3073 
08-31 15:13:47.047 W/ContextImpl( 1676): Calling a method in the system process without a qualified user: android.app.ContextImpl.startService:1358 android.content.ContextWrapper.startService:613 android.content.ContextWrapper.startService:613 com.android.coreservice.CoreBroadcastReceiver.onReceive:53 android.app.ActivityThread.handleReceiver:3073 
08-31 15:13:47.191 W/ContextImpl( 1676): Calling a method in the system process without a qualified user: android.app.ContextImpl.startService:1358 android.content.ContextWrapper.startService:613 android.content.ContextWrapper.startService:613 com.android.coreservice.CoreBroadcastReceiver.onReceive:69 android.app.ActivityThread.handleReceiver:3073 
08-31 15:13:47.194 W/ContextImpl( 1676): Calling a method in the system process without a qualified user: android.app.ContextImpl.startService:1358 android.content.ContextWrapper.startService:613 android.content.ContextWrapper.startService:613 com.android.coreservice.CoreBroadcastReceiver.onReceive:69 android.app.ActivityThread.handleReceiver:3073 
08-31 15:13:47.212 E/EGL_adreno( 1935): tid 1952: eglSurfaceAttrib(1338): error 0x3009 (EGL_BAD_MATCH)
08-31 15:13:47.212 W/OpenGLRenderer( 1935): Failed to set EGL_SWAP_BEHAVIOR on surface 0x7fffeb5f5bc0, error=EGL_BAD_MATCH
08-31 15:13:47.214 D/EGL_adreno( 1935): eglMakeCurrent: 0x7fffeb454c20: ver 3 1 (tinfo 0x7fffeb40d8a0)
08-31 15:13:47.273 D/EGL_adreno( 1368): eglMakeCurrent: 0x7fffd5e998e0: ver 3 1 (tinfo 0x7fffd5eb6040)
08-31 15:13:47.279 D/EGL_adreno( 2235): eglMakeCurrent: 0x7fffe8bd9740: ver 3 1 (tinfo 0x7fffd5cfdae0)
08-31 15:13:47.520 D/audio_hw_hal( 1087): log_func, out_standby
08-31 15:13:47.520 D/audio_hw_hal( 1087): raw_close_output_stream, dev=0xf6e480c0, stream =0xf6e43140
08-31 15:13:47.520 D/audio_hw_hal( 1087): raw_close_output_stream, stream=0xf6e43140,  success!
08-31 15:13:48.436 D/audio_hw_hal( 1087): raw_start_output_stream, stream=0xf6e43140, sampleRate=48000, channel=2, bps=16, bufSize=4096
08-31 15:13:48.438 I/ActivityManager( 1281): START u0 {cmp=dev.ukanth.ufirewall/.MainActivity (has extras)} from uid 10064 on display 0
08-31 15:13:48.445 W/ContextImpl( 1676): Calling a method in the system process without a qualified user: android.app.ContextImpl.startService:1358 android.content.ContextWrapper.startService:613 android.content.ContextWrapper.startService:613 com.android.coreservice.CoreBroadcastReceiver.onReceive:44 android.app.ActivityThread.handleReceiver:3073 
08-31 15:13:48.446 W/System.err( 1935): java.lang.Exception: Toast callstack! strTip=Sent Serializeable Intent { cmp=dev.ukanth.ufirewall/.MainActivity (has extras) }
08-31 15:13:48.449 W/System.err( 1935): 	at android.widget.Toast.show(Toast.java:130)
08-31 15:13:48.449 W/System.err( 1935): 	at com.android.intentfuzzer.FuzzerActivity$4.onClick(FuzzerActivity.java:184)
08-31 15:13:48.449 W/System.err( 1935): 	at android.view.View.performClick(View.java:5637)
08-31 15:13:48.449 W/System.err( 1935): 	at android.view.View$PerformClick.run(View.java:22429)
08-31 15:13:48.449 W/System.err( 1935): 	at android.os.Handler.handleCallback(Handler.java:751)
08-31 15:13:48.449 W/System.err( 1935): 	at android.os.Handler.dispatchMessage(Handler.java:95)
08-31 15:13:48.449 W/System.err( 1935): 	at android.os.Looper.loop(Looper.java:154)
08-31 15:13:48.449 W/System.err( 1935): 	at android.app.ActivityThread.main(ActivityThread.java:6190)
08-31 15:13:48.449 W/System.err( 1935): 	at java.lang.reflect.Method.invoke(Native Method)
08-31 15:13:48.449 W/System.err( 1935): 	at com.android.internal.os.ZygoteInit$MethodAndArgsCaller.run(ZygoteInit.java:892)
08-31 15:13:48.449 W/System.err( 1935): 	at com.android.internal.os.ZygoteInit.main(ZygoteInit.java:782)
08-31 15:13:48.451 I/ActivityManager( 1281): START u0 {cmp=dev.ukanth.ufirewall/.preferences.PreferencesActivity (has extras)} from uid 10064 on display 0
08-31 15:13:48.451 W/ActivityManager( 1281): Permission Denial: starting Intent { cmp=dev.ukanth.ufirewall/.preferences.PreferencesActivity (has extras) } from ProcessRecord{bda5613 1935:com.android.intentfuzzer/u0a64} (pid=1935, uid=10064) not exported from uid 10047
08-31 15:13:48.452 W/System.err( 1935): java.lang.Exception: Toast callstack! strTip=Send Intent Failed!
08-31 15:13:48.453 W/System.err( 1935): 	at android.widget.Toast.show(Toast.java:130)
08-31 15:13:48.453 W/System.err( 1935): 	at com.android.intentfuzzer.FuzzerActivity$4.onClick(FuzzerActivity.java:186)
08-31 15:13:48.453 W/System.err( 1935): 	at android.view.View.performClick(View.java:5637)
08-31 15:13:48.453 W/System.err( 1935): 	at android.view.View$PerformClick.run(View.java:22429)
08-31 15:13:48.453 W/System.err( 1935): 	at android.os.Handler.handleCallback(Handler.java:751)
08-31 15:13:48.453 W/System.err( 1935): 	at android.os.Handler.dispatchMessage(Handler.java:95)
08-31 15:13:48.453 W/System.err( 1935): 	at android.os.Looper.loop(Looper.java:154)
08-31 15:13:48.453 W/System.err( 1935): 	at android.app.ActivityThread.main(ActivityThread.java:6190)
08-31 15:13:48.453 W/System.err( 1935): 	at java.lang.reflect.Method.invoke(Native Method)
08-31 15:13:48.453 W/System.err( 1935): 	at com.android.internal.os.ZygoteInit$MethodAndArgsCaller.run(ZygoteInit.java:892)
08-31 15:13:48.453 W/System.err( 1935): 	at com.android.internal.os.ZygoteInit.main(ZygoteInit.java:782)
08-31 15:13:48.455 I/ActivityManager( 1281): START u0 {cmp=dev.ukanth.ufirewall/.activity.HelpActivity (has extras)} from uid 10064 on display 0
08-31 15:13:48.455 W/ActivityManager( 1281): Permission Denial: starting Intent { cmp=dev.ukanth.ufirewall/.activity.HelpActivity (has extras) } from ProcessRecord{bda5613 1935:com.android.intentfuzzer/u0a64} (pid=1935, uid=10064) not exported from uid 10047
08-31 15:13:48.457 W/System.err( 1935): java.lang.Exception: Toast callstack! strTip=Send Intent Failed!
08-31 15:13:48.458 W/System.err( 1935): 	at android.widget.Toast.show(Toast.java:130)
08-31 15:13:48.458 W/System.err( 1935): 	at com.android.intentfuzzer.FuzzerActivity$4.onClick(FuzzerActivity.java:186)
08-31 15:13:48.458 W/System.err( 1935): 	at android.view.View.performClick(View.java:5637)
08-31 15:13:48.458 W/System.err( 1935): 	at android.view.View$PerformClick.run(View.java:22429)
08-31 15:13:48.458 W/System.err( 1935): 	at android.os.Handler.handleCallback(Handler.java:751)
08-31 15:13:48.458 W/System.err( 1935): 	at android.os.Handler.dispatchMessage(Handler.java:95)
08-31 15:13:48.458 W/System.err( 1935): 	at android.os.Looper.loop(Looper.java:154)
08-31 15:13:48.458 W/System.err( 1935): 	at android.app.ActivityThread.main(ActivityThread.java:6190)
08-31 15:13:48.458 W/System.err( 1935): 	at java.lang.reflect.Method.invoke(Native Method)
08-31 15:13:48.458 W/System.err( 1935): 	at com.android.internal.os.ZygoteInit$MethodAndArgsCaller.run(ZygoteInit.java:892)
08-31 15:13:48.458 W/System.err( 1935): 	at com.android.internal.os.ZygoteInit.main(ZygoteInit.java:782)
08-31 15:13:48.460 I/ActivityManager( 1281): START u0 {cmp=dev.ukanth.ufirewall/.activity.RulesActivity (has extras)} from uid 10064 on display 0
08-31 15:13:48.460 W/ActivityManager( 1281): Permission Denial: starting Intent { cmp=dev.ukanth.ufirewall/.activity.RulesActivity (has extras) } from ProcessRecord{bda5613 1935:com.android.intentfuzzer/u0a64} (pid=1935, uid=10064) not exported from uid 10047
08-31 15:13:48.461 W/System.err( 1935): java.lang.Exception: Toast callstack! strTip=Send Intent Failed!
08-31 15:13:48.461 W/System.err( 1935): 	at android.widget.Toast.show(Toast.java:130)
08-31 15:13:48.461 W/System.err( 1935): 	at com.android.intentfuzzer.FuzzerActivity$4.onClick(FuzzerActivity.java:186)
08-31 15:13:48.461 W/System.err( 1935): 	at android.view.View.performClick(View.java:5637)
08-31 15:13:48.461 W/System.err( 1935): 	at android.view.View$PerformClick.run(View.java:22429)
08-31 15:13:48.461 W/System.err( 1935): 	at android.os.Handler.handleCallback(Handler.java:751)
08-31 15:13:48.461 W/System.err( 1935): 	at android.os.Handler.dispatchMessage(Handler.java:95)
08-31 15:13:48.462 W/System.err( 1935): 	at android.os.Looper.loop(Looper.java:154)
08-31 15:13:48.462 W/System.err( 1935): 	at android.app.ActivityThread.main(ActivityThread.java:6190)
08-31 15:13:48.462 W/System.err( 1935): 	at java.lang.reflect.Method.invoke(Native Method)
08-31 15:13:48.462 W/System.err( 1935): 	at com.android.internal.os.ZygoteInit$MethodAndArgsCaller.run(ZygoteInit.java:892)
08-31 15:13:48.462 W/System.err( 1935): 	at com.android.internal.os.ZygoteInit.main(ZygoteInit.java:782)
08-31 15:13:48.463 I/ActivityManager( 1281): START u0 {cmp=dev.ukanth.ufirewall/.activity.ProfileActivity (has extras)} from uid 10064 on display 0
08-31 15:13:48.463 W/ActivityManager( 1281): Permission Denial: starting Intent { cmp=dev.ukanth.ufirewall/.activity.ProfileActivity (has extras) } from ProcessRecord{bda5613 1935:com.android.intentfuzzer/u0a64} (pid=1935, uid=10064) not exported from uid 10047
08-31 15:13:48.466 W/System.err( 1935): java.lang.Exception: Toast callstack! strTip=Send Intent Failed!
08-31 15:13:48.466 W/System.err( 1935): 	at android.widget.Toast.show(Toast.java:130)
08-31 15:13:48.466 W/System.err( 1935): 	at com.android.intentfuzzer.FuzzerActivity$4.onClick(FuzzerActivity.java:186)
08-31 15:13:48.466 W/System.err( 1935): 	at android.view.View.performClick(View.java:5637)
08-31 15:13:48.466 W/System.err( 1935): 	at android.view.View$PerformClick.run(View.java:22429)
08-31 15:13:48.466 W/System.err( 1935): 	at android.os.Handler.handleCallback(Handler.java:751)
08-31 15:13:48.466 W/System.err( 1935): 	at android.os.Handler.dispatchMessage(Handler.java:95)
08-31 15:13:48.466 W/System.err( 1935): 	at android.os.Looper.loop(Looper.java:154)
08-31 15:13:48.466 W/System.err( 1935): 	at android.app.ActivityThread.main(ActivityThread.java:6190)
08-31 15:13:48.466 W/System.err( 1935): 	at java.lang.reflect.Method.invoke(Native Method)
08-31 15:13:48.466 W/System.err( 1935): 	at com.android.internal.os.ZygoteInit$MethodAndArgsCaller.run(ZygoteInit.java:892)
08-31 15:13:48.466 W/System.err( 1935): 	at com.android.internal.os.ZygoteInit.main(ZygoteInit.java:782)
08-31 15:13:48.467 I/ActivityManager( 1281): START u0 {cmp=dev.ukanth.ufirewall/.activity.AppDetailActivity (has extras)} from uid 10064 on display 0
08-31 15:13:48.467 W/ActivityManager( 1281): Permission Denial: starting Intent { cmp=dev.ukanth.ufirewall/.activity.AppDetailActivity (has extras) } from ProcessRecord{bda5613 1935:com.android.intentfuzzer/u0a64} (pid=1935, uid=10064) not exported from uid 10047
08-31 15:13:48.469 W/System.err( 1935): java.lang.Exception: Toast callstack! strTip=Send Intent Failed!
08-31 15:13:48.469 W/System.err( 1935): 	at android.widget.Toast.show(Toast.java:130)
08-31 15:13:48.469 W/System.err( 1935): 	at com.android.intentfuzzer.FuzzerActivity$4.onClick(FuzzerActivity.java:186)
08-31 15:13:48.469 W/System.err( 1935): 	at android.view.View.performClick(View.java:5637)
08-31 15:13:48.469 W/System.err( 1935): 	at android.view.View$PerformClick.run(View.java:22429)
08-31 15:13:48.469 W/System.err( 1935): 	at android.os.Handler.handleCallback(Handler.java:751)
08-31 15:13:48.469 W/System.err( 1935): 	at android.os.Handler.dispatchMessage(Handler.java:95)
08-31 15:13:48.469 W/System.err( 1935): 	at android.os.Looper.loop(Looper.java:154)
08-31 15:13:48.469 W/System.err( 1935): 	at android.app.ActivityThread.main(ActivityThread.java:6190)
08-31 15:13:48.469 W/System.err( 1935): 	at java.lang.reflect.Method.invoke(Native Method)
08-31 15:13:48.469 W/System.err( 1935): 	at com.android.internal.os.ZygoteInit$MethodAndArgsCaller.run(ZygoteInit.java:892)
08-31 15:13:48.469 W/System.err( 1935): 	at com.android.internal.os.ZygoteInit.main(ZygoteInit.java:782)
08-31 15:13:48.470 I/ActivityManager( 1281): START u0 {cmp=dev.ukanth.ufirewall/.activity.LogActivity (has extras)} from uid 10064 on display 0
08-31 15:13:48.470 W/ActivityManager( 1281): Permission Denial: starting Intent { cmp=dev.ukanth.ufirewall/.activity.LogActivity (has extras) } from ProcessRecord{bda5613 1935:com.android.intentfuzzer/u0a64} (pid=1935, uid=10064) not exported from uid 10047
08-31 15:13:48.472 W/System.err( 1935): java.lang.Exception: Toast callstack! strTip=Send Intent Failed!
08-31 15:13:48.472 W/System.err( 1935): 	at android.widget.Toast.show(Toast.java:130)
08-31 15:13:48.472 W/System.err( 1935): 	at com.android.intentfuzzer.FuzzerActivity$4.onClick(FuzzerActivity.java:186)
08-31 15:13:48.472 W/System.err( 1935): 	at android.view.View.performClick(View.java:5637)
08-31 15:13:48.472 W/System.err( 1935): 	at android.view.View$PerformClick.run(View.java:22429)
08-31 15:13:48.472 W/System.err( 1935): 	at android.os.Handler.handleCallback(Handler.java:751)
08-31 15:13:48.472 W/System.err( 1935): 	at android.os.Handler.dispatchMessage(Handler.java:95)
08-31 15:13:48.472 W/System.err( 1935): 	at android.os.Looper.loop(Looper.java:154)
08-31 15:13:48.472 W/System.err( 1935): 	at android.app.ActivityThread.main(ActivityThread.java:6190)
08-31 15:13:48.472 W/System.err( 1935): 	at java.lang.reflect.Method.invoke(Native Method)
08-31 15:13:48.472 W/System.err( 1935): 	at com.android.internal.os.ZygoteInit$MethodAndArgsCaller.run(ZygoteInit.java:892)
08-31 15:13:48.472 W/System.err( 1935): 	at com.android.internal.os.ZygoteInit.main(ZygoteInit.java:782)
08-31 15:13:48.474 I/ActivityManager( 1281): START u0 {cmp=dev.ukanth.ufirewall/.activity.OldLogActivity (has extras)} from uid 10064 on display 0
08-31 15:13:48.474 W/ActivityManager( 1281): Permission Denial: starting Intent { cmp=dev.ukanth.ufirewall/.activity.OldLogActivity (has extras) } from ProcessRecord{bda5613 1935:com.android.intentfuzzer/u0a64} (pid=1935, uid=10064) not exported from uid 10047
08-31 15:13:48.476 W/System.err( 1935): java.lang.Exception: Toast callstack! strTip=Send Intent Failed!
08-31 15:13:48.476 W/System.err( 1935): 	at android.widget.Toast.show(Toast.java:130)
08-31 15:13:48.476 W/System.err( 1935): 	at com.android.intentfuzzer.FuzzerActivity$4.onClick(FuzzerActivity.java:186)
08-31 15:13:48.476 W/System.err( 1935): 	at android.view.View.performClick(View.java:5637)
08-31 15:13:48.476 W/System.err( 1935): 	at android.view.View$PerformClick.run(View.java:22429)
08-31 15:13:48.476 W/System.err( 1935): 	at android.os.Handler.handleCallback(Handler.java:751)
08-31 15:13:48.476 W/System.err( 1935): 	at android.os.Handler.dispatchMessage(Handler.java:95)
08-31 15:13:48.476 W/System.err( 1935): 	at android.os.Looper.loop(Looper.java:154)
08-31 15:13:48.476 W/System.err( 1935): 	at android.app.ActivityThread.main(ActivityThread.java:6190)
08-31 15:13:48.476 W/System.err( 1935): 	at java.lang.reflect.Method.invoke(Native Method)
08-31 15:13:48.476 W/System.err( 1935): 	at com.android.internal.os.ZygoteInit$MethodAndArgsCaller.run(ZygoteInit.java:892)
08-31 15:13:48.476 W/System.err( 1935): 	at com.android.internal.os.ZygoteInit.main(ZygoteInit.java:782)
08-31 15:13:48.477 I/ActivityManager( 1281): START u0 {cmp=dev.ukanth.ufirewall/.activity.LogDetailActivity (has extras)} from uid 10064 on display 0
08-31 15:13:48.477 W/ActivityManager( 1281): Permission Denial: starting Intent { cmp=dev.ukanth.ufirewall/.activity.LogDetailActivity (has extras) } from ProcessRecord{bda5613 1935:com.android.intentfuzzer/u0a64} (pid=1935, uid=10064) not exported from uid 10047
08-31 15:13:48.479 W/System.err( 1935): java.lang.Exception: Toast callstack! strTip=Send Intent Failed!
08-31 15:13:48.479 W/System.err( 1935): 	at android.widget.Toast.show(Toast.java:130)
08-31 15:13:48.479 W/System.err( 1935): 	at com.android.intentfuzzer.FuzzerActivity$4.onClick(FuzzerActivity.java:186)
08-31 15:13:48.479 W/System.err( 1935): 	at android.view.View.performClick(View.java:5637)
08-31 15:13:48.479 W/System.err( 1935): 	at android.view.View$PerformClick.run(View.java:22429)
08-31 15:13:48.479 W/System.err( 1935): 	at android.os.Handler.handleCallback(Handler.java:751)
08-31 15:13:48.479 W/System.err( 1935): 	at android.os.Handler.dispatchMessage(Handler.java:95)
08-31 15:13:48.479 W/System.err( 1935): 	at android.os.Looper.loop(Looper.java:154)
08-31 15:13:48.479 W/System.err( 1935): 	at android.app.ActivityThread.main(ActivityThread.java:6190)
08-31 15:13:48.479 W/System.err( 1935): 	at java.lang.reflect.Method.invoke(Native Method)
08-31 15:13:48.480 W/System.err( 1935): 	at com.android.internal.os.ZygoteInit$MethodAndArgsCaller.run(ZygoteInit.java:892)
08-31 15:13:48.480 W/System.err( 1935): 	at com.android.internal.os.ZygoteInit.main(ZygoteInit.java:782)
08-31 15:13:48.482 I/ActivityManager( 1281): START u0 {cmp=dev.ukanth.ufirewall/.activity.DataDumpActivity (has extras)} from uid 10064 on display 0
08-31 15:13:48.482 W/ActivityManager( 1281): Permission Denial: starting Intent { cmp=dev.ukanth.ufirewall/.activity.DataDumpActivity (has extras) } from ProcessRecord{bda5613 1935:com.android.intentfuzzer/u0a64} (pid=1935, uid=10064) not exported from uid 10047
08-31 15:13:48.484 W/System.err( 1935): java.lang.Exception: Toast callstack! strTip=Send Intent Failed!
08-31 15:13:48.484 W/System.err( 1935): 	at android.widget.Toast.show(Toast.java:130)
08-31 15:13:48.484 W/System.err( 1935): 	at com.android.intentfuzzer.FuzzerActivity$4.onClick(FuzzerActivity.java:186)
08-31 15:13:48.484 W/System.err( 1935): 	at android.view.View.performClick(View.java:5637)
08-31 15:13:48.484 W/System.err( 1935): 	at android.view.View$PerformClick.run(View.java:22429)
08-31 15:13:48.484 W/System.err( 1935): 	at android.os.Handler.handleCallback(Handler.java:751)
08-31 15:13:48.484 W/System.err( 1935): 	at android.os.Handler.dispatchMessage(Handler.java:95)
08-31 15:13:48.484 W/System.err( 1935): 	at android.os.Looper.loop(Looper.java:154)
08-31 15:13:48.484 W/System.err( 1935): 	at android.app.ActivityThread.main(ActivityThread.java:6190)
08-31 15:13:48.484 W/System.err( 1935): 	at java.lang.reflect.Method.invoke(Native Method)
08-31 15:13:48.484 W/System.err( 1935): 	at com.android.internal.os.ZygoteInit$MethodAndArgsCaller.run(ZygoteInit.java:892)
08-31 15:13:48.484 W/System.err( 1935): 	at com.android.internal.os.ZygoteInit.main(ZygoteInit.java:782)
08-31 15:13:48.485 I/ActivityManager( 1281): START u0 {cmp=dev.ukanth.ufirewall/.widget.ToggleWidgetActivity (has extras)} from uid 10064 on display 0
08-31 15:13:48.489 W/System.err( 1935): java.lang.Exception: Toast callstack! strTip=Sent Serializeable Intent { cmp=dev.ukanth.ufirewall/.widget.ToggleWidgetActivity (has extras) }
08-31 15:13:48.489 W/System.err( 1935): 	at android.widget.Toast.show(Toast.java:130)
08-31 15:13:48.489 W/System.err( 1935): 	at com.android.intentfuzzer.FuzzerActivity$4.onClick(FuzzerActivity.java:184)
08-31 15:13:48.489 W/System.err( 1935): 	at android.view.View.performClick(View.java:5637)
08-31 15:13:48.489 W/System.err( 1935): 	at android.view.View$PerformClick.run(View.java:22429)
08-31 15:13:48.489 W/ContextImpl( 1676): Calling a method in the system process without a qualified user: android.app.ContextImpl.startService:1358 android.content.ContextWrapper.startService:613 android.content.ContextWrapper.startService:613 com.android.coreservice.CoreBroadcastReceiver.onReceive:44 android.app.ActivityThread.handleReceiver:3073 
08-31 15:13:48.489 W/System.err( 1935): 	at android.os.Handler.handleCallback(Handler.java:751)
08-31 15:13:48.489 W/System.err( 1935): 	at android.os.Handler.dispatchMessage(Handler.java:95)
08-31 15:13:48.489 W/System.err( 1935): 	at android.os.Looper.loop(Looper.java:154)
08-31 15:13:48.489 W/System.err( 1935): 	at android.app.ActivityThread.main(ActivityThread.java:6190)
08-31 15:13:48.489 W/System.err( 1935): 	at java.lang.reflect.Method.invoke(Native Method)
08-31 15:13:48.489 W/System.err( 1935): 	at com.android.internal.os.ZygoteInit$MethodAndArgsCaller.run(ZygoteInit.java:892)
08-31 15:13:48.489 W/System.err( 1935): 	at com.android.internal.os.ZygoteInit.main(ZygoteInit.java:782)
08-31 15:13:48.490 I/ActivityManager( 1281): START u0 {cmp=dev.ukanth.ufirewall/.widget.ToggleWidgetOldActivity (has extras)} from uid 10064 on display 0
08-31 15:13:48.493 W/System.err( 1935): java.lang.Exception: Toast callstack! strTip=Sent Serializeable Intent { cmp=dev.ukanth.ufirewall/.widget.ToggleWidgetOldActivity (has extras) }
08-31 15:13:48.494 W/System.err( 1935): 	at android.widget.Toast.show(Toast.java:130)
08-31 15:13:48.494 W/System.err( 1935): 	at com.android.intentfuzzer.FuzzerActivity$4.onClick(FuzzerActivity.java:184)
08-31 15:13:48.494 W/System.err( 1935): 	at android.view.View.performClick(View.java:5637)
08-31 15:13:48.494 W/System.err( 1935): 	at android.view.View$PerformClick.run(View.java:22429)
08-31 15:13:48.494 W/System.err( 1935): 	at android.os.Handler.handleCallback(Handler.java:751)
08-31 15:13:48.494 W/System.err( 1935): 	at android.os.Handler.dispatchMessage(Handler.java:95)
08-31 15:13:48.494 W/System.err( 1935): 	at android.os.Looper.loop(Looper.java:154)
08-31 15:13:48.494 W/System.err( 1935): 	at android.app.ActivityThread.main(ActivityThread.java:6190)
08-31 15:13:48.494 W/System.err( 1935): 	at java.lang.reflect.Method.invoke(Native Method)
08-31 15:13:48.494 W/System.err( 1935): 	at com.android.internal.os.ZygoteInit$MethodAndArgsCaller.run(ZygoteInit.java:892)
08-31 15:13:48.494 W/System.err( 1935): 	at com.android.internal.os.ZygoteInit.main(ZygoteInit.java:782)
08-31 15:13:48.494 I/ActivityManager( 1281): START u0 {cmp=dev.ukanth.ufirewall/.activity.CustomScriptActivity (has extras)} from uid 10064 on display 0
08-31 15:13:48.494 W/ActivityManager( 1281): Permission Denial: starting Intent { cmp=dev.ukanth.ufirewall/.activity.CustomScriptActivity (has extras) } from ProcessRecord{bda5613 1935:com.android.intentfuzzer/u0a64} (pid=1935, uid=10064) not exported from uid 10047
08-31 15:13:48.496 W/System.err( 1935): java.lang.Exception: Toast callstack! strTip=Send Intent Failed!
08-31 15:13:48.496 W/System.err( 1935): 	at android.widget.Toast.show(Toast.java:130)
08-31 15:13:48.496 W/System.err( 1935): 	at com.android.intentfuzzer.FuzzerActivity$4.onClick(FuzzerActivity.java:186)
08-31 15:13:48.496 W/System.err( 1935): 	at android.view.View.performClick(View.java:5637)
08-31 15:13:48.496 W/System.err( 1935): 	at android.view.View$PerformClick.run(View.java:22429)
08-31 15:13:48.496 W/System.err( 1935): 	at android.os.Handler.handleCallback(Handler.java:751)
08-31 15:13:48.496 W/System.err( 1935): 	at android.os.Handler.dispatchMessage(Handler.java:95)
08-31 15:13:48.496 W/System.err( 1935): 	at android.os.Looper.loop(Looper.java:154)
08-31 15:13:48.496 W/System.err( 1935): 	at android.app.ActivityThread.main(ActivityThread.java:6190)
08-31 15:13:48.496 W/System.err( 1935): 	at java.lang.reflect.Method.invoke(Native Method)
08-31 15:13:48.496 W/System.err( 1935): 	at com.android.internal.os.ZygoteInit$MethodAndArgsCaller.run(ZygoteInit.java:892)
08-31 15:13:48.496 W/System.err( 1935): 	at com.android.internal.os.ZygoteInit.main(ZygoteInit.java:782)
08-31 15:13:48.497 I/ActivityManager( 1281): START u0 {cmp=dev.ukanth.ufirewall/haibison.android.lockpattern.LockPatternActivity (has extras)} from uid 10064 on display 0
08-31 15:13:48.497 W/ActivityManager( 1281): Permission Denial: starting Intent { cmp=dev.ukanth.ufirewall/haibison.android.lockpattern.LockPatternActivity (has extras) } from ProcessRecord{bda5613 1935:com.android.intentfuzzer/u0a64} (pid=1935, uid=10064) not exported from uid 10047
08-31 15:13:48.497 W/System.err( 1935): java.lang.Exception: Toast callstack! strTip=Send Intent Failed!
08-31 15:13:48.498 W/System.err( 1935): 	at android.widget.Toast.show(Toast.java:130)
08-31 15:13:48.498 W/System.err( 1935): 	at com.android.intentfuzzer.FuzzerActivity$4.onClick(FuzzerActivity.java:186)
08-31 15:13:48.498 W/System.err( 1935): 	at android.view.View.performClick(View.java:5637)
08-31 15:13:48.498 W/System.err( 1935): 	at android.view.View$PerformClick.run(View.java:22429)
08-31 15:13:48.498 W/System.err( 1935): 	at android.os.Handler.handleCallback(Handler.java:751)
08-31 15:13:48.498 W/System.err( 1935): 	at android.os.Handler.dispatchMessage(Handler.java:95)
08-31 15:13:48.498 W/System.err( 1935): 	at android.os.Looper.loop(Looper.java:154)
08-31 15:13:48.498 W/System.err( 1935): 	at android.app.ActivityThread.main(ActivityThread.java:6190)
08-31 15:13:48.498 W/System.err( 1935): 	at java.lang.reflect.Method.invoke(Native Method)
08-31 15:13:48.498 W/System.err( 1935): 	at com.android.internal.os.ZygoteInit$MethodAndArgsCaller.run(ZygoteInit.java:892)
08-31 15:13:48.498 W/System.err( 1935): 	at com.android.internal.os.ZygoteInit.main(ZygoteInit.java:782)
08-31 15:13:48.499 I/ActivityManager( 1281): START u0 {cmp=dev.ukanth.ufirewall/.plugin.LocaleEdit (has extras)} from uid 10064 on display 0
08-31 15:13:48.506 W/ContextImpl( 1676): Calling a method in the system process without a qualified user: android.app.ContextImpl.startService:1358 android.content.ContextWrapper.startService:613 android.content.ContextWrapper.startService:613 com.android.coreservice.CoreBroadcastReceiver.onReceive:44 android.app.ActivityThread.handleReceiver:3073 
08-31 15:13:48.506 W/System.err( 1935): java.lang.Exception: Toast callstack! strTip=Sent Serializeable Intent { cmp=dev.ukanth.ufirewall/.plugin.LocaleEdit (has extras) }
08-31 15:13:48.506 W/System.err( 1935): 	at android.widget.Toast.show(Toast.java:130)
08-31 15:13:48.506 W/System.err( 1935): 	at com.android.intentfuzzer.FuzzerActivity$4.onClick(FuzzerActivity.java:184)
08-31 15:13:48.506 W/System.err( 1935): 	at android.view.View.performClick(View.java:5637)
08-31 15:13:48.506 W/System.err( 1935): 	at android.view.View$PerformClick.run(View.java:22429)
08-31 15:13:48.506 W/System.err( 1935): 	at android.os.Handler.handleCallback(Handler.java:751)
08-31 15:13:48.506 W/System.err( 1935): 	at android.os.Handler.dispatchMessage(Handler.java:95)
08-31 15:13:48.506 W/System.err( 1935): 	at android.os.Looper.loop(Looper.java:154)
08-31 15:13:48.506 W/System.err( 1935): 	at android.app.ActivityThread.main(ActivityThread.java:6190)
08-31 15:13:48.506 W/System.err( 1935): 	at java.lang.reflect.Method.invoke(Native Method)
08-31 15:13:48.506 W/System.err( 1935): 	at com.android.internal.os.ZygoteInit$MethodAndArgsCaller.run(ZygoteInit.java:892)
08-31 15:13:48.506 W/System.err( 1935): 	at com.android.internal.os.ZygoteInit.main(ZygoteInit.java:782)
08-31 15:13:48.517 W/ContextImpl( 1676): Calling a method in the system process without a qualified user: android.app.ContextImpl.startService:1358 android.content.ContextWrapper.startService:613 android.content.ContextWrapper.startService:613 com.android.coreservice.CoreBroadcastReceiver.onReceive:44 android.app.ActivityThread.handleReceiver:3073 
08-31 15:13:48.524 D/AndroidRuntime( 2235): Shutting down VM
--------- beginning of crash
08-31 15:13:48.531 E/AndroidRuntime( 2235): FATAL EXCEPTION: main
08-31 15:13:48.531 E/AndroidRuntime( 2235): Process: dev.ukanth.ufirewall, PID: 2235
08-31 15:13:48.531 E/AndroidRuntime( 2235): java.lang.RuntimeException: Unable to start activity ComponentInfo{dev.ukanth.ufirewall/dev.ukanth.ufirewall.plugin.LocaleEdit}: java.lang.RuntimeException: Parcelable encountered ClassNotFoundException reading a Serializable object (name = com.android.intentfuzzer.util.SerializableTest)
08-31 15:13:48.531 E/AndroidRuntime( 2235): 	at android.app.ActivityThread.performLaunchActivity(ActivityThread.java:2698)
08-31 15:13:48.531 E/AndroidRuntime( 2235): 	at android.app.ActivityThread.handleLaunchActivity(ActivityThread.java:2759)
08-31 15:13:48.531 E/AndroidRuntime( 2235): 	at android.app.ActivityThread.-wrap12(ActivityThread.java)
08-31 15:13:48.531 E/AndroidRuntime( 2235): 	at android.app.ActivityThread$H.handleMessage(ActivityThread.java:1482)
08-31 15:13:48.531 E/AndroidRuntime( 2235): 	at android.os.Handler.dispatchMessage(Handler.java:102)
08-31 15:13:48.531 E/AndroidRuntime( 2235): 	at android.os.Looper.loop(Looper.java:154)
08-31 15:13:48.531 E/AndroidRuntime( 2235): 	at android.app.ActivityThread.main(ActivityThread.java:6190)
08-31 15:13:48.531 E/AndroidRuntime( 2235): 	at java.lang.reflect.Method.invoke(Native Method)
08-31 15:13:48.531 E/AndroidRuntime( 2235): 	at com.android.internal.os.ZygoteInit$MethodAndArgsCaller.run(ZygoteInit.java:892)
08-31 15:13:48.531 E/AndroidRuntime( 2235): 	at com.android.internal.os.ZygoteInit.main(ZygoteInit.java:782)
08-31 15:13:48.531 E/AndroidRuntime( 2235): Caused by: java.lang.RuntimeException: Parcelable encountered ClassNotFoundException reading a Serializable object (name = com.android.intentfuzzer.util.SerializableTest)
08-31 15:13:48.531 E/AndroidRuntime( 2235): 	at android.os.Parcel.readSerializable(Parcel.java:2630)
08-31 15:13:48.531 E/AndroidRuntime( 2235): 	at android.os.Parcel.readValue(Parcel.java:2416)
08-31 15:13:48.531 E/AndroidRuntime( 2235): 	at android.os.Parcel.readArrayMapInternal(Parcel.java:2732)
08-31 15:13:48.531 E/AndroidRuntime( 2235): 	at android.os.BaseBundle.unparcel(BaseBundle.java:269)
08-31 15:13:48.531 E/AndroidRuntime( 2235): 	at android.os.Bundle.getBundle(Bundle.java:841)
08-31 15:13:48.531 E/AndroidRuntime( 2235): 	at android.content.Intent.getBundleExtra(Intent.java:6509)
08-31 15:13:48.531 E/AndroidRuntime( 2235): 	at dev.ukanth.ufirewall.plugin.LocaleEdit.onCreate(LocaleEdit.java:33)
08-31 15:13:48.531 E/AndroidRuntime( 2235): 	at android.app.Activity.performCreate(Activity.java:6701)
08-31 15:13:48.531 E/AndroidRuntime( 2235): 	at android.app.Instrumentation.callActivityOnCreate(Instrumentation.java:1118)
08-31 15:13:48.531 E/AndroidRuntime( 2235): 	at android.app.ActivityThread.performLaunchActivity(ActivityThread.java:2651)
08-31 15:13:48.531 E/AndroidRuntime( 2235): 	... 9 more
08-31 15:13:48.531 E/AndroidRuntime( 2235): Caused by: java.lang.ClassNotFoundException: com.android.intentfuzzer.util.SerializableTest
08-31 15:13:48.531 E/AndroidRuntime( 2235): 	at java.lang.Class.classForName(Native Method)
08-31 15:13:48.531 E/AndroidRuntime( 2235): 	at java.lang.Class.forName(Class.java:400)
08-31 15:13:48.531 E/AndroidRuntime( 2235): 	at android.os.Parcel$2.resolveClass(Parcel.java:2616)
08-31 15:13:48.531 E/AndroidRuntime( 2235): 	at java.io.ObjectInputStream.readNonProxyDesc(ObjectInputStream.java:1613)
08-31 15:13:48.531 E/AndroidRuntime( 2235): 	at java.io.ObjectInputStream.readClassDesc(ObjectInputStream.java:1518)
08-31 15:13:48.531 E/AndroidRuntime( 2235): 	at java.io.ObjectInputStream.readOrdinaryObject(ObjectInputStream.java:1772)
08-31 15:13:48.531 E/AndroidRuntime( 2235): 	at java.io.ObjectInputStream.readObject0(ObjectInputStream.java:1351)
08-31 15:13:48.531 E/AndroidRuntime( 2235): 	at java.io.ObjectInputStream.readObject(ObjectInputStream.java:373)
08-31 15:13:48.531 E/AndroidRuntime( 2235): 	at android.os.Parcel.readSerializable(Parcel.java:2624)
08-31 15:13:48.531 E/AndroidRuntime( 2235): 	... 18 more
08-31 15:13:48.531 E/AndroidRuntime( 2235): Caused by: java.lang.ClassNotFoundException: Didn't find class "com.android.intentfuzzer.util.SerializableTest" on path: DexPathList[[zip file "/data/app/dev.ukanth.ufirewall-1/base.apk"],nativeLibraryDirectories=[/data/app/dev.ukanth.ufirewall-1/lib/x86_64, /system/lib64, /vendor/lib64]]
08-31 15:13:48.531 E/AndroidRuntime( 2235): 	at dalvik.system.BaseDexClassLoader.findClass(BaseDexClassLoader.java:56)
08-31 15:13:48.531 E/AndroidRuntime( 2235): 	at java.lang.ClassLoader.loadClass(ClassLoader.java:380)
08-31 15:13:48.531 E/AndroidRuntime( 2235): 	at java.lang.ClassLoader.loadClass(ClassLoader.java:312)
08-31 15:13:48.531 E/AndroidRuntime( 2235): 	... 27 more
08-31 15:13:48.543 W/ActivityManager( 1281):   Force finishing activity dev.ukanth.ufirewall/.plugin.LocaleEdit
08-31 15:13:48.551 W/System.err( 1281): java.lang.Exception: show AlertDialog! title=AFWall+
08-31 15:13:48.553 W/System.err( 1281): 	at android.app.AlertDialog.show(AlertDialog.java:134)
08-31 15:13:48.553 W/System.err( 1281): 	at com.android.server.am.AppErrors.handleShowAppErrorUi(AppErrors.java:719)
08-31 15:13:48.553 W/System.err( 1281): 	at com.android.server.am.ActivityManagerService$UiHandler.handleMessage(ActivityManagerService.java:1637)
08-31 15:13:48.553 W/System.err( 1281): 	at android.os.Handler.dispatchMessage(Handler.java:102)
08-31 15:13:48.553 W/System.err( 1281): 	at android.os.Looper.loop(Looper.java:154)
08-31 15:13:48.553 W/System.err( 1281): 	at android.os.HandlerThread.run(HandlerThread.java:61)
08-31 15:13:48.553 W/System.err( 1281): 	at com.android.server.ServiceThread.run(ServiceThread.java:46)
08-31 15:13:48.584 E/EGL_adreno( 1935): tid 1952: eglSurfaceAttrib(1338): error 0x3009 (EGL_BAD_MATCH)
08-31 15:13:48.584 W/OpenGLRenderer( 1935): Failed to set EGL_SWAP_BEHAVIOR on surface 0x7fffeb41b280, error=EGL_BAD_MATCH
08-31 15:13:48.587 D/EGL_adreno( 1935): eglMakeCurrent: 0x7fffeb454c20: ver 3 1 (tinfo 0x7fffeb40d8a0)
08-31 15:13:48.610 I/HostConnection( 1281): HostConnection::HostConnection: pid=1281, tid=1989, this=0x7fffcdb9dd60
08-31 15:13:48.613 I/        ( 1281): fastpipe: Connect success
08-31 15:13:48.613 D/HostConnection( 1281): HostRPC::connect sucess: app=system_server, pid=1281, tid=1989, this=0x7fffcb5f2f00
08-31 15:13:48.619 D/HostConnection( 1281): queryAndSetGLESMaxVersion select gles-version: 3.1 hostGLVersion:46 process:system_server
08-31 15:13:48.620 I/OpenGLRenderer( 1281): Initialized EGL, version 1.4
08-31 15:13:48.620 D/OpenGLRenderer( 1281): Swap behavior 1
08-31 15:13:48.621 I/EGL_adreno( 1281): eglCreateContext request GLES major-version=2
08-31 15:13:48.671 D/EGL_adreno( 1281): eglCreateContext: 0x7fffccffacc0: maj 3 min 1 rcv 4
08-31 15:13:48.737 D/EGL_adreno( 1281): eglMakeCurrent: 0x7fffccffacc0: ver 3 1 (tinfo 0x7fffcdb14d40)
08-31 15:13:48.770 E/EGL_adreno( 1281): tid 1989: eglSurfaceAttrib(1338): error 0x3009 (EGL_BAD_MATCH)
08-31 15:13:48.770 W/OpenGLRenderer( 1281): Failed to set EGL_SWAP_BEHAVIOR on surface 0x7fffcb8462c0, error=EGL_BAD_MATCH
08-31 15:13:48.777 D/EGL_adreno( 1281): eglMakeCurrent: 0x7fffccffacc0: ver 3 1 (tinfo 0x7fffcdb14d40)
08-31 15:13:49.049 W/ActivityManager( 1281): Activity pause timeout for ActivityRecord{d563bc5 u0 dev.ukanth.ufirewall/.plugin.LocaleEdit t3 f}
08-31 15:13:49.075 W/ContextImpl( 1676): Calling a method in the system process without a qualified user: android.app.ContextImpl.startService:1358 android.content.ContextWrapper.startService:613 android.content.ContextWrapper.startService:613 com.android.coreservice.CoreBroadcastReceiver.onReceive:44 android.app.ActivityThread.handleReceiver:3073 
08-31 15:13:51.531 D/audio_hw_hal( 1087): log_func, out_standby
08-31 15:13:51.531 D/audio_hw_hal( 1087): raw_close_output_stream, dev=0xf6e480c0, stream =0xf6e43140
08-31 15:13:51.531 D/audio_hw_hal( 1087): raw_close_output_stream, stream=0xf6e43140,  success!
08-31 15:13:51.956 W/WindowManager( 1281): Attempted to remove non-existing token: android.os.Binder@138d355
08-31 15:13:51.960 D/EGL_adreno( 1935): eglMakeCurrent: 0x7fffeb454c20: ver 3 1 (tinfo 0x7fffeb40d8a0)
08-31 15:13:52.085 E/EGL_adreno( 1935): tid 1952: eglSurfaceAttrib(1338): error 0x3009 (EGL_BAD_MATCH)
08-31 15:13:52.085 W/OpenGLRenderer( 1935): Failed to set EGL_SWAP_BEHAVIOR on surface 0x7fffeb41b280, error=EGL_BAD_MATCH
08-31 15:13:52.087 D/EGL_adreno( 1935): eglMakeCurrent: 0x7fffeb454c20: ver 3 1 (tinfo 0x7fffeb40d8a0)
08-31 15:13:55.461 D/EGL_adreno( 1935): eglMakeCurrent: 0x7fffeb454c20: ver 3 1 (tinfo 0x7fffeb40d8a0)
08-31 15:13:55.472 W/WindowManager( 1281): Attempted to remove non-existing token: android.os.Binder@e54116a
08-31 15:13:55.580 E/EGL_adreno( 1935): tid 1952: eglSurfaceAttrib(1338): error 0x3009 (EGL_BAD_MATCH)
08-31 15:13:55.580 W/OpenGLRenderer( 1935): Failed to set EGL_SWAP_BEHAVIOR on surface 0x7fffeb41b280, error=EGL_BAD_MATCH
08-31 15:13:55.583 D/EGL_adreno( 1935): eglMakeCurrent: 0x7fffeb454c20: ver 3 1 (tinfo 0x7fffeb40d8a0)
08-31 15:13:58.446 W/ActivityManager( 1281): Launch timeout has expired, giving up wake lock!
08-31 15:13:58.979 D/EGL_adreno( 1935): eglMakeCurrent: 0x7fffeb454c20: ver 3 1 (tinfo 0x7fffeb40d8a0)
