08-31 15:13:58.989 W/WindowManager( 1281): Attempted to remove non-existing token: android.os.Binder@915e65b
08-31 15:13:59.098 E/EGL_adreno( 1935): tid 1952: eglSurfaceAttrib(1338): error 0x3009 (EGL_BAD_MATCH)
08-31 15:13:59.098 W/OpenGLRenderer( 1935): Failed to set EGL_SWAP_BEHAVIOR on surface 0x7fffeb41b280, error=EGL_BAD_MATCH
08-31 15:13:59.101 D/EGL_adreno( 1935): eglMakeCurrent: 0x7fffeb454c20: ver 3 1 (tinfo 0x7fffeb40d8a0)
08-31 15:14:02.494 D/EGL_adreno( 1935): eglMakeCurrent: 0x7fffeb454c20: ver 3 1 (tinfo 0x7fffeb40d8a0)
08-31 15:14:02.506 W/WindowManager( 1281): Attempted to remove non-existing token: android.os.Binder@fe4fef8
08-31 15:14:02.611 E/EGL_adreno( 1935): tid 1952: eglSurfaceAttrib(1338): error 0x3009 (EGL_BAD_MATCH)
08-31 15:14:02.612 W/OpenGLRenderer( 1935): Failed to set EGL_SWAP_BEHAVIOR on surface 0x7fffeb41b280, error=EGL_BAD_MATCH
08-31 15:14:02.613 D/EGL_adreno( 1935): eglMakeCurrent: 0x7fffeb454c20: ver 3 1 (tinfo 0x7fffeb40d8a0)
08-31 15:14:05.552 D/WifiStateMachine( 1281): setScanResults mScanResults.size=1
08-31 15:14:06.010 D/EGL_adreno( 1935): eglMakeCurrent: 0x7fffeb454c20: ver 3 1 (tinfo 0x7fffeb40d8a0)
08-31 15:14:06.023 W/WindowManager( 1281): Attempted to remove non-existing token: android.os.Binder@6004fd1
08-31 15:14:06.129 E/EGL_adreno( 1935): tid 1952: eglSurfaceAttrib(1338): error 0x3009 (EGL_BAD_MATCH)
08-31 15:14:06.129 W/OpenGLRenderer( 1935): Failed to set EGL_SWAP_BEHAVIOR on surface 0x7fffeb41b280, error=EGL_BAD_MATCH
08-31 15:14:06.131 D/EGL_adreno( 1935): eglMakeCurrent: 0x7fffeb454c20: ver 3 1 (tinfo 0x7fffeb40d8a0)
08-31 15:14:09.530 D/EGL_adreno( 1935): eglMakeCurrent: 0x7fffeb454c20: ver 3 1 (tinfo 0x7fffeb40d8a0)
08-31 15:14:09.539 W/WindowManager( 1281): Attempted to remove non-existing token: android.os.Binder@319da36
08-31 15:14:09.648 E/EGL_adreno( 1935): tid 1952: eglSurfaceAttrib(1338): error 0x3009 (EGL_BAD_MATCH)
08-31 15:14:09.648 W/OpenGLRenderer( 1935): Failed to set EGL_SWAP_BEHAVIOR on surface 0x7fffeb41b280, error=EGL_BAD_MATCH
08-31 15:14:09.650 D/EGL_adreno( 1935): eglMakeCurrent: 0x7fffeb454c20: ver 3 1 (tinfo 0x7fffeb40d8a0)
08-31 15:14:13.046 D/EGL_adreno( 1935): eglMakeCurrent: 0x7fffeb454c20: ver 3 1 (tinfo 0x7fffeb40d8a0)
08-31 15:14:13.056 W/WindowManager( 1281): Attempted to remove non-existing token: android.os.Binder@e428d37
08-31 15:14:13.159 E/EGL_adreno( 1935): tid 1952: eglSurfaceAttrib(1338): error 0x3009 (EGL_BAD_MATCH)
08-31 15:14:13.159 W/OpenGLRenderer( 1935): Failed to set EGL_SWAP_BEHAVIOR on surface 0x7fffeb41b280, error=EGL_BAD_MATCH
08-31 15:14:13.161 D/EGL_adreno( 1935): eglMakeCurrent: 0x7fffeb454c20: ver 3 1 (tinfo 0x7fffeb40d8a0)
08-31 15:14:16.564 D/EGL_adreno( 1935): eglMakeCurrent: 0x7fffeb454c20: ver 3 1 (tinfo 0x7fffeb40d8a0)
08-31 15:14:16.572 W/WindowManager( 1281): Attempted to remove non-existing token: android.os.Binder@8e712a4
08-31 15:14:16.679 E/EGL_adreno( 1935): tid 1952: eglSurfaceAttrib(1338): error 0x3009 (EGL_BAD_MATCH)
08-31 15:14:16.679 W/OpenGLRenderer( 1935): Failed to set EGL_SWAP_BEHAVIOR on surface 0x7fffeb41b280, error=EGL_BAD_MATCH
08-31 15:14:16.681 D/EGL_adreno( 1935): eglMakeCurrent: 0x7fffeb454c20: ver 3 1 (tinfo 0x7fffeb40d8a0)
08-31 15:14:20.080 D/EGL_adreno( 1935): eglMakeCurrent: 0x7fffeb454c20: ver 3 1 (tinfo 0x7fffeb40d8a0)
08-31 15:14:20.090 W/WindowManager( 1281): Attempted to remove non-existing token: android.os.Binder@e9180d
08-31 15:14:20.197 E/EGL_adreno( 1935): tid 1952: eglSurfaceAttrib(1338): error 0x3009 (EGL_BAD_MATCH)
08-31 15:14:20.197 W/OpenGLRenderer( 1935): Failed to set EGL_SWAP_BEHAVIOR on surface 0x7fffeb41b280, error=EGL_BAD_MATCH
08-31 15:14:20.199 D/EGL_adreno( 1935): eglMakeCurrent: 0x7fffeb454c20: ver 3 1 (tinfo 0x7fffeb40d8a0)
08-31 15:14:23.598 D/EGL_adreno( 1935): eglMakeCurrent: 0x7fffeb454c20: ver 3 1 (tinfo 0x7fffeb40d8a0)
08-31 15:14:23.605 W/WindowManager( 1281): Attempted to remove non-existing token: android.os.Binder@fa163c2
08-31 15:14:23.715 E/EGL_adreno( 1935): tid 1952: eglSurfaceAttrib(1338): error 0x3009 (EGL_BAD_MATCH)
08-31 15:14:23.715 W/OpenGLRenderer( 1935): Failed to set EGL_SWAP_BEHAVIOR on surface 0x7fffeb41b280, error=EGL_BAD_MATCH
08-31 15:14:23.718 D/EGL_adreno( 1935): eglMakeCurrent: 0x7fffeb454c20: ver 3 1 (tinfo 0x7fffeb40d8a0)
08-31 15:14:27.113 D/EGL_adreno( 1935): eglMakeCurrent: 0x7fffeb454c20: ver 3 1 (tinfo 0x7fffeb40d8a0)
08-31 15:14:27.122 W/WindowManager( 1281): Attempted to remove non-existing token: android.os.Binder@7d4b510
08-31 15:14:27.234 E/EGL_adreno( 1935): tid 1952: eglSurfaceAttrib(1338): error 0x3009 (EGL_BAD_MATCH)
08-31 15:14:27.234 W/OpenGLRenderer( 1935): Failed to set EGL_SWAP_BEHAVIOR on surface 0x7fffeb41b280, error=EGL_BAD_MATCH
08-31 15:14:27.237 D/EGL_adreno( 1935): eglMakeCurrent: 0x7fffeb454c20: ver 3 1 (tinfo 0x7fffeb40d8a0)
08-31 15:14:30.629 D/EGL_adreno( 1935): eglMakeCurrent: 0x7fffeb454c20: ver 3 1 (tinfo 0x7fffeb40d8a0)
08-31 15:14:30.639 W/WindowManager( 1281): Attempted to remove non-existing token: android.os.Binder@325fa0e
08-31 15:14:30.746 E/EGL_adreno( 1935): tid 1952: eglSurfaceAttrib(1338): error 0x3009 (EGL_BAD_MATCH)
08-31 15:14:30.746 W/OpenGLRenderer( 1935): Failed to set EGL_SWAP_BEHAVIOR on surface 0x7fffeb41b280, error=EGL_BAD_MATCH
08-31 15:14:30.747 D/EGL_adreno( 1935): eglMakeCurrent: 0x7fffeb454c20: ver 3 1 (tinfo 0x7fffeb40d8a0)
08-31 15:14:34.146 D/EGL_adreno( 1935): eglMakeCurrent: 0x7fffeb454c20: ver 3 1 (tinfo 0x7fffeb40d8a0)
08-31 15:14:34.155 W/WindowManager( 1281): Attempted to remove non-existing token: android.os.Binder@e2fec2f
08-31 15:14:34.260 E/EGL_adreno( 1935): tid 1952: eglSurfaceAttrib(1338): error 0x3009 (EGL_BAD_MATCH)
08-31 15:14:34.260 W/OpenGLRenderer( 1935): Failed to set EGL_SWAP_BEHAVIOR on surface 0x7fffeb41b280, error=EGL_BAD_MATCH
08-31 15:14:34.262 D/EGL_adreno( 1935): eglMakeCurrent: 0x7fffeb454c20: ver 3 1 (tinfo 0x7fffeb40d8a0)
08-31 15:14:37.663 D/EGL_adreno( 1935): eglMakeCurrent: 0x7fffeb454c20: ver 3 1 (tinfo 0x7fffeb40d8a0)
08-31 15:14:37.672 W/WindowManager( 1281): Attempted to remove non-existing token: android.os.Binder@fb8123c
08-31 15:14:37.784 E/EGL_adreno( 1935): tid 1952: eglSurfaceAttrib(1338): error 0x3009 (EGL_BAD_MATCH)
08-31 15:14:37.784 W/OpenGLRenderer( 1935): Failed to set EGL_SWAP_BEHAVIOR on surface 0x7fffeb41b280, error=EGL_BAD_MATCH
08-31 15:14:37.787 D/EGL_adreno( 1935): eglMakeCurrent: 0x7fffeb454c20: ver 3 1 (tinfo 0x7fffeb40d8a0)
08-31 15:14:41.176 D/EGL_adreno( 1935): eglMakeCurrent: 0x7fffeb454c20: ver 3 1 (tinfo 0x7fffeb40d8a0)
08-31 15:14:41.189 W/WindowManager( 1281): Attempted to remove non-existing token: android.os.Binder@8121628
08-31 15:15:33.312 W/ActivityManager( 1281):   Force finishing activity dev.ukanth.ufirewall/.plugin.LocaleEdit
08-31 15:15:33.312 W/ActivityManager( 1281):   Force finishing activity dev.ukanth.ufirewall/.MainActivity
08-31 15:15:33.324 E/ActivityManager( 1281): Found activity ActivityRecord{d563bc5 u0 dev.ukanth.ufirewall/.plugin.LocaleEdit t3 f} in proc activity list using null instead of expected ProcessRecord{1abb032 2235:dev.ukanth.ufirewall/u0a47}
08-31 15:15:33.824 W/art     ( 1281): Long monitor contention with owner Binder:1281_4 (1576) at void com.android.server.wm.WindowManagerService.continueSurfaceLayout()(WindowManagerService.java:5478) waiters=1 in int com.android.server.wm.WindowManagerService.relayoutWindow(com.android.server.wm.Session, android.view.IWindow, int, android.view.WindowManager$LayoutParams, int, int, int, int, android.graphics.Rect, android.graphics.Rect, android.graphics.Rect, android.graphics.Rect, android.graphics.Rect, android.graphics.Rect, android.graphics.Rect, android.content.res.Configuration, android.view.Surface) for 484ms
08-31 15:15:33.824 W/art     ( 1281): Long monitor contention with owner Binder:1281_4 (1576) at void com.android.server.wm.WindowManagerService.continueSurfaceLayout()(WindowManagerService.java:5478) waiters=0 in void com.android.server.wm.WindowAnimator$1.doFrame(long) for 485ms
08-31 15:15:33.836 D/EGL_adreno( 1281): eglMakeCurrent: 0x7fffccffacc0: ver 3 1 (tinfo 0x7fffcdb14d40)
08-31 15:15:33.856 I/ActivityManager( 1281): Killing 2235:dev.ukanth.ufirewall/u0a47 (adj 199): crash
08-31 15:15:33.857 D/ActivityManager( 1281): cleanUpApplicationRecord -- 2235
08-31 15:15:33.859 W/art     ( 1281): Long monitor contention with owner Binder:1281_4 (1576) at void com.android.server.am.AppErrors.crashApplicationInner(com.android.server.am.ProcessRecord, android.app.ApplicationErrorReport$CrashInfo)(AppErrors.java:372) waiters=0 in void com.android.server.am.ActivityManagerService$MainHandler.handleMessage(android.os.Message) for 535ms
08-31 15:15:33.861 W/ContextImpl( 1676): Calling a method in the system process without a qualified user: android.app.ContextImpl.startService:1358 android.content.ContextWrapper.startService:613 android.content.ContextWrapper.startService:613 com.android.coreservice.CoreBroadcastReceiver.onReceive:44 android.app.ActivityThread.handleReceiver:3073 
08-31 15:15:33.864 W/ContextImpl( 1676): Calling a method in the system process without a qualified user: android.app.ContextImpl.startService:1358 android.content.ContextWrapper.startService:613 android.content.ContextWrapper.startService:613 com.android.coreservice.CoreBroadcastReceiver.onReceive:53 android.app.ActivityThread.handleReceiver:3073 
08-31 15:15:33.892 W/InputEventReceiver( 1281): Attempted to finish an input event but the input event receiver has already been disposed.
08-31 15:15:33.894 I/Choreographer( 1281): Skipped 34 frames!  The application may be doing too much work on its main thread.
08-31 15:15:33.897 D/GraphicsStats( 1281): Buffer count: 7
08-31 15:15:33.949 I/HostConnection( 1281): HostConnection::~HostConnection, pid=1281, tid=1989, this=0x7fffcdb9dd60, m_stream=0x7fffcb5f2f00
08-31 15:15:33.950 I/        ( 1281): fastpipe: close connect
08-31 15:15:33.962 I/Choreographer( 1935): Skipped 36 frames!  The application may be doing too much work on its main thread.
08-31 15:15:34.115 E/EGL_adreno( 1935): tid 1952: eglSurfaceAttrib(1338): error 0x3009 (EGL_BAD_MATCH)
08-31 15:15:34.115 W/OpenGLRenderer( 1935): Failed to set EGL_SWAP_BEHAVIOR on surface 0x7fffeb41b280, error=EGL_BAD_MATCH
08-31 15:15:34.121 D/EGL_adreno( 1935): eglMakeCurrent: 0x7fffeb454c20: ver 3 1 (tinfo 0x7fffeb40d8a0)
08-31 15:15:34.124 W/ContextImpl( 1676): Calling a method in the system process without a qualified user: android.app.ContextImpl.startService:1358 android.content.ContextWrapper.startService:613 android.content.ContextWrapper.startService:613 com.android.coreservice.CoreBroadcastReceiver.onReceive:53 android.app.ActivityThread.handleReceiver:3073 
08-31 15:15:34.155 W/InputMethodManagerService( 1281): Window already focused, ignoring focus gain of: com.android.internal.view.IInputMethodClient$Stub$Proxy@18209f5 attribute=null, token = android.os.BinderProxy@f89d59
08-31 15:15:34.156 W/AppOps  ( 1281): Finishing op nesting under-run: uid 1000 pkg android code 24 time=0 duration=0 nesting=0
