08-31 15:21:25.875 I/TableUtils( 2396): executed create table statement changed 1 rows: CREATE TABLE `Schedules` (`Cycle` VARCHAR , `Days` VARCHAR , `Dose` FLOAT , `_id` INTEGER PRIMARY KEY AUTOINCREMENT , `Medicine` BIGINT , `Patient` BIGINT , `Rrule` VARCHAR , `Scanned` SMALLINT , `Start` VARCHAR , `Starttime` VARCHAR , `State` VARCHAR , `Type` INTEGER ) 
08-31 15:21:25.878 I/TableUtils( 2396): creating table 'ScheduleItems'
08-31 15:21:25.879 I/TableUtils( 2396): executed create table statement changed 1 rows: CREATE TABLE `ScheduleItems` (`Dose` FLOAT , `_id` INTEGER PRIMARY KEY AUTOINCREMENT , `Routine` BIGINT , `Schedule` BIGINT ) 
08-31 15:21:25.885 I/TableUtils( 2396): creating table 'DailyScheduleItems'
08-31 15:21:25.886 I/TableUtils( 2396): executed create table statement changed 1 rows: CREATE TABLE `DailyScheduleItems` (`Date` VARCHAR , `_id` INTEGER PRIMARY KEY AUTOINCREMENT , `Patient` BIGINT , `Schedule` BIGINT , `ScheduleItem` BIGINT , `TakenToday` SMALLINT , `Time` VARCHAR , `TimeTaken` VARCHAR ) 
08-31 15:21:25.890 I/TableUtils( 2396): creating table 'Pickups'
08-31 15:21:25.891 I/TableUtils( 2396): executed create table statement changed 1 rows: CREATE TABLE `Pickups` (`From` VARCHAR , `_id` INTEGER PRIMARY KEY AUTOINCREMENT , `Medicine` BIGINT , `Taken` SMALLINT , `To` VARCHAR ) 
08-31 15:21:25.891 I/TableUtils( 2396): creating table 'Patients'
08-31 15:21:25.892 I/TableUtils( 2396): executed create table statement changed 1 rows: CREATE TABLE `Patients` (`Avatar` VARCHAR , `Color` INTEGER , `_id` INTEGER PRIMARY KEY AUTOINCREMENT , `Default` SMALLINT , `Name` VARCHAR ) 
08-31 15:21:25.895 I/TableUtils( 2396): creating table 'HtmlCache'
08-31 15:21:25.897 I/TableUtils( 2396): executed create table statement changed 1 rows: CREATE TABLE `HtmlCache` (`Data` VARCHAR , `HashCode` INTEGER , `_id` INTEGER PRIMARY KEY AUTOINCREMENT , `Timestamp` VARCHAR , `ttl` BIGINT ,  UNIQUE (`HashCode`)) 
08-31 15:21:25.900 I/TableUtils( 2396): creating table 'ActiveIngredient'
08-31 15:21:25.900 I/TableUtils( 2396): executed create table statement changed 1 rows: CREATE TABLE `ActiveIngredient` (`ActiveIngredientCode` VARCHAR , `ActiveIngredientID` VARCHAR , `_id` INTEGER PRIMARY KEY AUTOINCREMENT , `Name` VARCHAR ) 
08-31 15:21:25.903 I/TableUtils( 2396): creating table 'ContentUnit'
08-31 15:21:25.904 I/TableUtils( 2396): executed create table statement changed 1 rows: CREATE TABLE `ContentUnit` (`ContentUnitID` VARCHAR , `_id` INTEGER PRIMARY KEY AUTOINCREMENT , `Name` VARCHAR ) 
08-31 15:21:25.906 I/TableUtils( 2396): creating table 'Excipient'
08-31 15:21:25.907 I/TableUtils( 2396): executed create table statement changed 1 rows: CREATE TABLE `Excipient` (`ExcipientID` VARCHAR , `_id` INTEGER PRIMARY KEY AUTOINCREMENT , `Name` VARCHAR ) 
08-31 15:21:25.910 I/TableUtils( 2396): creating table 'HomogeneousGroup'
08-31 15:21:25.911 I/TableUtils( 2396): executed create table statement changed 1 rows: CREATE TABLE `HomogeneousGroup` (`HomogeneousGroupID` VARCHAR , `_id` INTEGER PRIMARY KEY AUTOINCREMENT , `Name` VARCHAR ) 
08-31 15:21:25.913 I/TableUtils( 2396): creating table 'PackageType'
08-31 15:21:25.915 I/TableUtils( 2396): executed create table statement changed 1 rows: CREATE TABLE `PackageType` (`_id` INTEGER PRIMARY KEY AUTOINCREMENT , `name` VARCHAR , `PackageTypeID` VARCHAR ) 
08-31 15:21:25.918 I/art     ( 2396): Compiler allocated 4MB to compile void com.j256.ormlite.field.FieldType.<init>(com.j256.ormlite.support.ConnectionSource, java.lang.String, java.lang.reflect.Field, com.j256.ormlite.field.DatabaseFieldConfig, java.lang.Class)
08-31 15:21:25.925 I/TableUtils( 2396): creating table 'Prescription'
08-31 15:21:25.926 I/TableUtils( 2396): executed create table statement changed 1 rows: CREATE TABLE `Prescription` (`AffectsDriving` SMALLINT , `Code` VARCHAR , `Content` VARCHAR , `ContentUnit` VARCHAR , `DCPCode` VARCHAR , `Dose` VARCHAR , `Generic` SMALLINT , `HomogeneousGroup` VARCHAR , `_id` INTEGER PRIMARY KEY AUTOINCREMENT , `Name` VARCHAR , `PID` VARCHAR , `PackageType` VARCHAR , `PackagingUnits` FLOAT , `PresentationForm` VARCHAR ) 
08-31 15:21:25.929 I/TableUtils( 2396): creating table 'PresentationForm'
08-31 15:21:25.930 I/TableUtils( 2396): executed create table statement changed 1 rows: CREATE TABLE `PresentationForm` (`_id` INTEGER PRIMARY KEY AUTOINCREMENT , `Name` VARCHAR , `PresentationFormID` VARCHAR ) 
08-31 15:21:25.931 I/TableUtils( 2396): creating table 'PrescriptionActiveIngredient'
08-31 15:21:25.932 I/TableUtils( 2396): executed create table statement changed 1 rows: CREATE TABLE `PrescriptionActiveIngredient` (`ActiveIngredientID` VARCHAR , `_id` INTEGER PRIMARY KEY AUTOINCREMENT , `PrescriptionCode` VARCHAR ) 
08-31 15:21:25.934 I/TableUtils( 2396): creating table 'PrescriptionExcipient'
08-31 15:21:25.936 I/TableUtils( 2396): executed create table statement changed 1 rows: CREATE TABLE `PrescriptionExcipient` (`ExcipientID` VARCHAR , `_id` INTEGER PRIMARY KEY AUTOINCREMENT , `PrescriptionCode` VARCHAR ) 
08-31 15:21:25.940 I/TableUtils( 2396): creating table 'Allergens'
08-31 15:21:25.942 I/TableUtils( 2396): executed create table statement changed 1 rows: CREATE TABLE `Allergens` (`Group` VARCHAR , `_id` INTEGER PRIMARY KEY AUTOINCREMENT , `Identifier` VARCHAR , `Name` VARCHAR , `Patient` BIGINT , `Type` VARCHAR , UNIQUE (`Identifier`,`Patient`,`Type`) ) 
08-31 15:21:25.946 I/TableUtils( 2396): creating table 'PatientAlerts'
08-31 15:21:25.947 I/TableUtils( 2396): executed create table statement changed 1 rows: CREATE TABLE `PatientAlerts` (`_id` INTEGER PRIMARY KEY AUTOINCREMENT , `Details` VARCHAR , `Level` INTEGER , `Medicine` BIGINT , `Patient` BIGINT , `Type` VARCHAR ) 
08-31 15:21:25.951 I/TableUtils( 2396): creating table 'AllergyGroups'
08-31 15:21:25.952 I/TableUtils( 2396): executed create table statement changed 1 rows: CREATE TABLE `AllergyGroups` (`Expression` VARCHAR , `_id` INTEGER PRIMARY KEY AUTOINCREMENT , `Name` VARCHAR , `Precedence` INTEGER ) 
08-31 15:21:26.167 I/art     ( 2396): Do partial code cache collection, code=26KB, data=30KB
08-31 15:21:26.167 I/art     ( 2396): After code cache collection, code=26KB, data=30KB
08-31 15:21:26.167 I/art     ( 2396): Increasing code cache capacity to 128KB
08-31 15:21:26.253 D/EventBus( 2396): No subscribers registered for event class es.usc.citius.servando.calendula.scheduling.DailyAgenda$AgendaUpdatedEvent
08-31 15:21:26.253 D/EventBus( 2396): No subscribers registered for event class org.greenrobot.eventbus.g
08-31 15:21:26.340 I/art     ( 2396): Rejecting re-init on previously-failed class java.lang.Class<com.evernote.android.job.gcm.PlatformGcmService>: java.lang.NoClassDefFoundError: Failed resolution of: Lcom/google/android/gms/gcm/GcmTaskService;
08-31 15:21:26.340 I/art     ( 2396):   at boolean com.evernote.android.job.a.b.a(android.content.Context) ((null):-1)
08-31 15:21:26.340 I/art     ( 2396):   at boolean com.evernote.android.job.a.c.a(android.content.Context) ((null):-1)
08-31 15:21:26.340 I/art     ( 2396):   at void com.evernote.android.job.g$a.a(android.content.Context, int) ((null):-1)
08-31 15:21:26.340 I/art     ( 2396):   at void com.evernote.android.job.e.a(com.evernote.android.job.i) ((null):-1)
08-31 15:21:26.340 I/art     ( 2396):   at int com.evernote.android.job.i.y() ((null):-1)
08-31 15:21:26.340 I/art     ( 2396):   at void es.usc.citius.servando.calendula.jobs.CalendulaJobScheduler.scheduleJob(es.usc.citius.servando.calendula.jobs.CalendulaJob) ((null):-1)
08-31 15:21:26.340 I/art     ( 2396):   at void es.usc.citius.servando.calendula.jobs.CalendulaJobScheduler.scheduleJobs(es.usc.citius.servando.calendula.jobs.CalendulaJob[]) ((null):-1)
08-31 15:21:26.340 I/art     ( 2396):   at void es.usc.citius.servando.calendula.modules.modules.BaseModule.onApplicationStartup(android.content.Context) ((null):-1)
08-31 15:21:26.340 I/art     ( 2396):   at void es.usc.citius.servando.calendula.modules.ModuleManager.run(es.usc.citius.servando.calendula.modules.CalendulaModule, android.content.Context) ((null):-1)
08-31 15:21:26.340 I/art     ( 2396):   at void es.usc.citius.servando.calendula.modules.ModuleManager.run(java.util.Collection, android.content.Context) ((null):-1)
08-31 15:21:26.340 I/art     ( 2396):   at void es.usc.citius.servando.calendula.modules.ModuleManager.runModules(java.lang.String, android.content.Context) ((null):-1)
08-31 15:21:26.340 I/art     ( 2396):   at void es.usc.citius.servando.calendula.CalendulaApp.onCreate() ((null):-1)
08-31 15:21:26.340 I/art     ( 2396):   at void android.app.Instrumentation.callApplicationOnCreate(android.app.Application) (Instrumentation.java:1024)
08-31 15:21:26.340 I/art     ( 2396):   at void android.app.ActivityThread.handleBindApplication(android.app.ActivityThread$AppBindData) (ActivityThread.java:5474)
08-31 15:21:26.340 I/art     ( 2396):   at void android.app.ActivityThread.-wrap2(android.app.ActivityThread, android.app.ActivityThread$AppBindData) (ActivityThread.java:-1)
08-31 15:21:26.340 I/art     ( 2396):   at void android.app.ActivityThread$H.handleMessage(android.os.Message) (ActivityThread.java:1550)
08-31 15:21:26.340 I/art     ( 2396):   at void android.os.Handler.dispatchMessage(android.os.Message) (Handler.java:102)
08-31 15:21:26.340 I/art     ( 2396):   at void android.os.Looper.loop() (Looper.java:154)
08-31 15:21:26.340 I/art     ( 2396):   at void android.app.ActivityThread.main(java.lang.String[]) (ActivityThread.java:6190)
08-31 15:21:26.340 I/art     ( 2396):   at java.lang.Object java.lang.reflect.Method.invoke!(java.lang.Object, java.lang.Object[]) (Method.java:-2)
08-31 15:21:26.340 I/art     ( 2396):   at void com.android.internal.os.ZygoteInit$MethodAndArgsCaller.run() (ZygoteInit.java:892)
08-31 15:21:26.340 I/art     ( 2396):   at void com.android.internal.os.ZygoteInit.main(java.lang.String[]) (ZygoteInit.java:782)
08-31 15:21:26.340 I/art     ( 2396): Caused by: java.lang.ClassNotFoundException: Didn't find class "com.google.android.gms.gcm.GcmTaskService" on path: DexPathList[[zip file "/data/app/es.usc.citius.servando.calendula-1/base.apk"],nativeLibraryDirectories=[/data/app/es.usc.citius.servando.calendula-1/lib/x86_64, /data/app/es.usc.citius.servando.calendula-1/base.apk!/lib/x86_64, /system/lib64, /vendor/lib64]]
08-31 15:21:26.340 I/art     ( 2396):   at java.lang.Class dalvik.system.BaseDexClassLoader.findClass(java.lang.String) (BaseDexClassLoader.java:56)
08-31 15:21:26.340 I/art     ( 2396):   at java.lang.Class java.lang.ClassLoader.loadClass(java.lang.String, boolean) (ClassLoader.java:380)
08-31 15:21:26.340 I/art     ( 2396):   at java.lang.Class java.lang.ClassLoader.loadClass(java.lang.String) (ClassLoader.java:312)
08-31 15:21:26.340 I/art     ( 2396):   at boolean com.evernote.android.job.a.b.a(android.content.Context) ((null):-1)
08-31 15:21:26.340 I/art     ( 2396):   at boolean com.evernote.android.job.a.c.a(android.content.Context) ((null):-1)
08-31 15:21:26.340 I/art     ( 2396):   at void com.evernote.android.job.g$a.a(android.content.Context, int) ((null):-1)
08-31 15:21:26.340 I/art     ( 2396):   at void com.evernote.android.job.e.a(com.evernote.android.job.i) ((null):-1)
08-31 15:21:26.340 I/art     ( 2396):   at int com.evernote.android.job.i.y() ((null):-1)
08-31 15:21:26.340 I/art     ( 2396):   at void es.usc.citius.servando.calendula.jobs.CalendulaJobScheduler.scheduleJob(es.usc.citius.servando.calendula.jobs.CalendulaJob) ((null):-1)
08-31 15:21:26.340 I/art     ( 2396):   at void es.usc.citius.servando.calendula.jobs.CalendulaJobScheduler.scheduleJobs(es.usc.citius.servando.calendula.jobs.CalendulaJob[]) ((null):-1)
08-31 15:21:26.340 I/art     ( 2396):   at void es.usc.citius.servando.calendula.modules.modules.BaseModule.onApplicationStartup(android.content.Context) ((null):-1)
08-31 15:21:26.340 I/art     ( 2396):   at void es.usc.citius.servando.calendula.modules.ModuleManager.run(es.usc.citius.servando.calendula.modules.CalendulaModule, android.content.Context) ((null):-1)
08-31 15:21:26.340 I/art     ( 2396):   at void es.usc.citius.servando.calendula.modules.ModuleManager.run(java.util.Collection, android.content.Context) ((null):-1)
08-31 15:21:26.340 I/art     ( 2396):   at void es.usc.citius.servando.calendula.modules.ModuleManager.runModules(java.lang.String, android.content.Context) ((null):-1)
08-31 15:21:26.340 I/art     ( 2396):   at void es.usc.citius.servando.calendula.CalendulaApp.onCreate() ((null):-1)
08-31 15:21:26.340 I/art     ( 2396):   at void android.app.Instrumentation.callApplicationOnCreate(android.app.Application) (Instrumentation.java:1024)
08-31 15:21:26.340 I/art     ( 2396):   at void android.app.ActivityThread.handleBindApplication(android.app.ActivityThread$AppBindData) (ActivityThread.java:5474)
08-31 15:21:26.340 I/art     ( 2396):   at void android.app.ActivityThread.-wrap2(android.app.ActivityThread, android.app.ActivityThread$AppBindData) (ActivityThread.java:-1)
08-31 15:21:26.340 I/art     ( 2396):   at void android.app.ActivityThread$H.handleMessage(android.os.Message) (ActivityThread.java:1550)
08-31 15:21:26.340 I/art     ( 2396):   at void android.os.Handler.dispatchMessage(android.os.Message) (Handler.java:102)
08-31 15:21:26.340 I/art     ( 2396):   at void android.os.Looper.loop() (Looper.java:154)
08-31 15:21:26.340 I/art     ( 2396):   at void android.app.ActivityThread.main(java.lang.String[]) (ActivityThread.java:6190)
08-31 15:21:26.340 I/art     ( 2396):   at java.lang.Object java.lang.reflect.Method.invoke!(java.lang.Object, java.lang.Object[]) (Method.java:-2)
08-31 15:21:26.340 I/art     ( 2396):   at void com.android.internal.os.ZygoteInit$MethodAndArgsCaller.run() (ZygoteInit.java:892)
08-31 15:21:26.340 I/art     ( 2396):   at void com.android.internal.os.ZygoteInit.main(java.lang.String[]) (ZygoteInit.java:782)
08-31 15:21:26.340 I/art     ( 2396): 
08-31 15:21:26.359 D/JobProxy24( 2396): Schedule periodic jobInfo success, request{id=1, tag=CheckDatabaseUpdJob}, interval 00:00:00 (+7 days), flex 00:00:00 (+7 days)
08-31 15:21:26.377 D/JobProxy24( 2396): Schedule periodic jobInfo success, request{id=2, tag=PurgeCacheJob}, interval 00:00:00 (+30 days), flex 00:00:00 (+30 days)
08-31 15:21:26.464 W/System.err( 2396): java.lang.Exception: Toast callstack! strTip=El fichero de actualizacin no es vlido!
08-31 15:21:26.464 W/System.err( 2396): 	at android.widget.Toast.show(Toast.java:130)
08-31 15:21:26.464 W/System.err( 2396): 	at es.usc.citius.servando.calendula.activities.UpdateFromFileActivity.onCreate(Unknown Source)
08-31 15:21:26.464 W/System.err( 2396): 	at android.app.Activity.performCreate(Activity.java:6701)
08-31 15:21:26.464 W/System.err( 2396): 	at android.app.Instrumentation.callActivityOnCreate(Instrumentation.java:1118)
08-31 15:21:26.464 W/System.err( 2396): 	at android.app.ActivityThread.performLaunchActivity(ActivityThread.java:2651)
08-31 15:21:26.464 W/System.err( 2396): 	at android.app.ActivityThread.handleLaunchActivity(ActivityThread.java:2759)
08-31 15:21:26.464 W/System.err( 2396): 	at android.app.ActivityThread.-wrap12(ActivityThread.java)
08-31 15:21:26.464 W/System.err( 2396): 	at android.app.ActivityThread$H.handleMessage(ActivityThread.java:1482)
08-31 15:21:26.464 W/System.err( 2396): 	at android.os.Handler.dispatchMessage(Handler.java:102)
08-31 15:21:26.464 W/System.err( 2396): 	at android.os.Looper.loop(Looper.java:154)
08-31 15:21:26.464 W/System.err( 2396): 	at android.app.ActivityThread.main(ActivityThread.java:6190)
08-31 15:21:26.464 W/System.err( 2396): 	at java.lang.reflect.Method.invoke(Native Method)
08-31 15:21:26.464 W/System.err( 2396): 	at com.android.internal.os.ZygoteInit$MethodAndArgsCaller.run(ZygoteInit.java:892)
08-31 15:21:26.464 W/System.err( 2396): 	at com.android.internal.os.ZygoteInit.main(ZygoteInit.java:782)
08-31 15:21:26.471 W/ContextImpl( 1676): Calling a method in the system process without a qualified user: android.app.ContextImpl.startService:1358 android.content.ContextWrapper.startService:613 android.content.ContextWrapper.startService:613 com.android.coreservice.CoreBroadcastReceiver.onReceive:53 android.app.ActivityThread.handleReceiver:3073 
08-31 15:21:26.471 D/JobRescheduleService( 2396): Reschedule service started
08-31 15:21:26.481 W/ContextImpl( 1676): Calling a method in the system process without a qualified user: android.app.ContextImpl.startService:1358 android.content.ContextWrapper.startService:613 android.content.ContextWrapper.startService:613 com.android.coreservice.CoreBroadcastReceiver.onReceive:44 android.app.ActivityThread.handleReceiver:3073 
08-31 15:21:26.485 I/ActivityManager( 1281): START u0 {cmp=es.usc.citius.servando.calendula/.HomePagerActivity} from uid 10048 on display 0
08-31 15:21:26.490 W/ContextImpl( 1676): Calling a method in the system process without a qualified user: android.app.ContextImpl.startService:1358 android.content.ContextWrapper.startService:613 android.content.ContextWrapper.startService:613 com.android.coreservice.CoreBroadcastReceiver.onReceive:44 android.app.ActivityThread.handleReceiver:3073 
08-31 15:21:26.499 W/ContextImpl( 1676): Calling a method in the system process without a qualified user: android.app.ContextImpl.startService:1358 android.content.ContextWrapper.startService:613 android.content.ContextWrapper.startService:613 com.android.coreservice.CoreBroadcastReceiver.onReceive:53 android.app.ActivityThread.handleReceiver:3073 
08-31 15:21:26.798 W/WindowManager( 1281): Failed looking up window
08-31 15:21:26.798 W/WindowManager( 1281): java.lang.IllegalArgumentException: Requested window android.view.ViewRootImpl$W@5df96ec does not exist
08-31 15:21:26.798 W/WindowManager( 1281): 	at com.android.server.wm.WindowManagerService.windowForClientLocked(WindowManagerService.java:9459)
08-31 15:21:26.798 W/WindowManager( 1281): 	at com.android.server.wm.WindowManagerService.windowForClientLocked(WindowManagerService.java:9450)
08-31 15:21:26.798 W/WindowManager( 1281): 	at com.android.server.wm.WindowManagerService.removeWindow(WindowManagerService.java:2410)
08-31 15:21:26.798 W/WindowManager( 1281): 	at com.android.server.wm.Session.remove(Session.java:202)
08-31 15:21:26.798 W/WindowManager( 1281): 	at android.view.ViewRootImpl.dispatchDetachedFromWindow(ViewRootImpl.java:3290)
08-31 15:21:26.798 W/WindowManager( 1281): 	at android.view.ViewRootImpl.doDie(ViewRootImpl.java:5917)
08-31 15:21:26.798 W/WindowManager( 1281): 	at android.view.ViewRootImpl$ViewRootHandler.handleMessage(ViewRootImpl.java:3626)
08-31 15:21:26.798 W/WindowManager( 1281): 	at android.os.Handler.dispatchMessage(Handler.java:102)
08-31 15:21:26.798 W/WindowManager( 1281): 	at android.os.Looper.loop(Looper.java:154)
08-31 15:21:26.798 W/WindowManager( 1281): 	at android.os.HandlerThread.run(HandlerThread.java:61)
08-31 15:21:26.798 W/WindowManager( 1281): 	at com.android.server.ServiceThread.run(ServiceThread.java:46)
08-31 15:21:27.156 W/Settings( 2396): Setting airplane_mode_on has moved from android.provider.Settings.System to android.provider.Settings.Global, returning read-only value.
08-31 15:21:27.196 W/ContextImpl( 1676): Calling a method in the system process without a qualified user: android.app.ContextImpl.startService:1358 android.content.ContextWrapper.startService:613 android.content.ContextWrapper.startService:613 com.android.coreservice.CoreBroadcastReceiver.onReceive:53 android.app.ActivityThread.handleReceiver:3073 
08-31 15:21:27.204 I/HostConnection( 2396): HostConnection::HostConnection: pid=2396, tid=2396, this=0x7ffff2f326e0
08-31 15:21:27.207 I/        ( 2396): fastpipe: Connect success
08-31 15:21:27.208 D/HostConnection( 2396): HostRPC::connect sucess: app=es.usc.citius.servando.calendula, pid=2396, tid=2396, this=0x7fffd5bf2a40
08-31 15:21:27.209 D/HostConnection( 2396): queryAndSetGLESMaxVersion select gles-version: 3.1 hostGLVersion:46 process:es.usc.citius.servando.calendula
08-31 15:21:27.211 I/        ( 2396): fastpipe: Connect success
08-31 15:21:27.212 D/HostConnection( 2396): recv ProcessPuidReply name=es.usc.citius.servando.calendula puid=13 g_u64CapsFlag=1d
08-31 15:21:27.413 I/art     ( 2396): Do partial code cache collection, code=52KB, data=61KB
08-31 15:21:27.413 I/art     ( 2396): After code cache collection, code=50KB, data=60KB
08-31 15:21:27.413 I/art     ( 2396): Increasing code cache capacity to 256KB
08-31 15:21:27.527 I/HostConnection( 2396): HostConnection::HostConnection: pid=2396, tid=2424, this=0x7fffeb41c7e0
08-31 15:21:27.529 I/        ( 2396): fastpipe: Connect success
08-31 15:21:27.529 D/HostConnection( 2396): HostRPC::connect sucess: app=es.usc.citius.servando.calendula, pid=2396, tid=2424, this=0x7fffeb4d2940
08-31 15:21:27.530 D/HostConnection( 2396): queryAndSetGLESMaxVersion select gles-version: 3.1 hostGLVersion:46 process:es.usc.citius.servando.calendula
08-31 15:21:27.532 I/OpenGLRenderer( 2396): Initialized EGL, version 1.4
08-31 15:21:27.532 D/OpenGLRenderer( 2396): Swap behavior 1
08-31 15:21:27.532 I/EGL_adreno( 2396): eglCreateContext request GLES major-version=2
08-31 15:21:27.595 D/EGL_adreno( 2396): eglCreateContext: 0x7fffeb4407a0: maj 3 min 1 rcv 4
08-31 15:21:27.702 D/EGL_adreno( 2396): eglMakeCurrent: 0x7fffeb4407a0: ver 3 1 (tinfo 0x7fffeb40dfa0)
08-31 15:21:27.709 D/HostConnection( 2396): ExtendedRCEncoderContext GL_VERSION return OpenGL ES 3.1
08-31 15:21:27.743 E/EGL_adreno( 2396): tid 2424: eglSurfaceAttrib(1338): error 0x3009 (EGL_BAD_MATCH)
08-31 15:21:27.743 W/OpenGLRenderer( 2396): Failed to set EGL_SWAP_BEHAVIOR on surface 0x7fffd3a56140, error=EGL_BAD_MATCH
08-31 15:21:27.952 I/Choreographer( 2396): Skipped 42 frames!  The application may be doing too much work on its main thread.
08-31 15:21:27.958 D/EGL_adreno( 2396): eglMakeCurrent: 0x7fffeb4407a0: ver 3 1 (tinfo 0x7fffeb40dfa0)
08-31 15:21:28.063 I/ActivityManager( 1281): Displayed es.usc.citius.servando.calendula/.HomePagerActivity: +1s556ms (total +2s942ms)
08-31 15:21:28.070 D/audio_hw_hal( 1087): log_func, out_standby
08-31 15:21:28.070 D/audio_hw_hal( 1087): raw_close_output_stream, dev=0xf6e480c0, stream =0xf6e43140
08-31 15:21:28.071 D/audio_hw_hal( 1087): raw_close_output_stream, stream=0xf6e43140,  success!
08-31 15:21:28.132 W/ContextImpl( 1676): Calling a method in the system process without a qualified user: android.app.ContextImpl.startService:1358 android.content.ContextWrapper.startService:613 android.content.ContextWrapper.startService:613 com.android.coreservice.CoreBroadcastReceiver.onReceive:69 android.app.ActivityThread.handleReceiver:3073 
08-31 15:21:28.138 W/ContextImpl( 1676): Calling a method in the system process without a qualified user: android.app.ContextImpl.startService:1358 android.content.ContextWrapper.startService:613 android.content.ContextWrapper.startService:613 com.android.coreservice.CoreBroadcastReceiver.onReceive:69 android.app.ActivityThread.handleReceiver:3073 
08-31 15:21:28.142 I/ActivityManager( 1281): START u0 {cmp=es.usc.citius.servando.calendula/.activities.MaterialIntroActivity} from uid 10048 on display 0
08-31 15:21:28.163 W/ContextImpl( 1676): Calling a method in the system process without a qualified user: android.app.ContextImpl.startService:1358 android.content.ContextWrapper.startService:613 android.content.ContextWrapper.startService:613 com.android.coreservice.CoreBroadcastReceiver.onReceive:44 android.app.ActivityThread.handleReceiver:3073 
08-31 15:21:28.207 I/art     ( 2396): Do full code cache collection, code=122KB, data=123KB
08-31 15:21:28.208 I/art     ( 2396): Starting a blocking GC JitCodeCache
08-31 15:21:28.209 I/art     ( 2396): After code cache collection, code=82KB, data=63KB
08-31 15:21:28.390 W/ContextImpl( 1676): Calling a method in the system process without a qualified user: android.app.ContextImpl.startService:1358 android.content.ContextWrapper.startService:613 android.content.ContextWrapper.startService:613 com.android.coreservice.CoreBroadcastReceiver.onReceive:53 android.app.ActivityThread.handleReceiver:3073 
08-31 15:21:28.464 W/WindowManager( 1281): Attempted to remove non-existing token: android.os.Binder@19b381d
08-31 15:21:28.483 D/EGL_adreno( 1935): eglMakeCurrent: 0x7fffeb454c20: ver 3 1 (tinfo 0x7fffeb40d8a0)
08-31 15:21:28.647 W/WindowManager( 1281): Failed looking up window
08-31 15:21:28.647 W/WindowManager( 1281): java.lang.IllegalArgumentException: Requested window android.os.BinderProxy@4bce3a2 does not exist
08-31 15:21:28.647 W/WindowManager( 1281): 	at com.android.server.wm.WindowManagerService.windowForClientLocked(WindowManagerService.java:9459)
08-31 15:21:28.647 W/WindowManager( 1281): 	at com.android.server.wm.WindowManagerService.windowForClientLocked(WindowManagerService.java:9450)
08-31 15:21:28.647 W/WindowManager( 1281): 	at com.android.server.wm.WindowManagerService.removeWindow(WindowManagerService.java:2410)
08-31 15:21:28.647 W/WindowManager( 1281): 	at com.android.server.wm.Session.remove(Session.java:202)
08-31 15:21:28.647 W/WindowManager( 1281): 	at android.view.IWindowSession$Stub.onTransact(IWindowSession.java:242)
08-31 15:21:28.647 W/WindowManager( 1281): 	at com.android.server.wm.Session.onTransact(Session.java:145)
08-31 15:21:28.647 W/WindowManager( 1281): 	at android.os.Binder.execTransact(Binder.java:565)
08-31 15:21:28.709 E/EGL_adreno( 1935): tid 1952: eglSurfaceAttrib(1338): error 0x3009 (EGL_BAD_MATCH)
08-31 15:21:28.709 W/OpenGLRenderer( 1935): Failed to set EGL_SWAP_BEHAVIOR on surface 0x7fffeb5f5b40, error=EGL_BAD_MATCH
08-31 15:21:28.711 D/EGL_adreno( 1935): eglMakeCurrent: 0x7fffeb454c20: ver 3 1 (tinfo 0x7fffeb40d8a0)
08-31 15:21:28.849 E/EGL_adreno( 2396): tid 2424: eglSurfaceAttrib(1338): error 0x3009 (EGL_BAD_MATCH)
08-31 15:21:28.849 W/OpenGLRenderer( 2396): Failed to set EGL_SWAP_BEHAVIOR on surface 0x7fffd3a56940, error=EGL_BAD_MATCH
08-31 15:21:28.855 D/EGL_adreno( 2396): eglMakeCurrent: 0x7fffeb4407a0: ver 3 1 (tinfo 0x7fffeb40dfa0)
08-31 15:21:29.093 D/EGL_adreno( 2396): eglMakeCurrent: 0x7fffeb4407a0: ver 3 1 (tinfo 0x7fffeb40dfa0)
08-31 15:21:29.096 I/ActivityManager( 1281): Displayed es.usc.citius.servando.calendula/.activities.MaterialIntroActivity: +808ms
08-31 15:21:29.099 W/ContextImpl( 1676): Calling a method in the system process without a qualified user: android.app.ContextImpl.startService:1358 android.content.ContextWrapper.startService:613 android.content.ContextWrapper.startService:613 com.android.coreservice.CoreBroadcastReceiver.onReceive:69 android.app.ActivityThread.handleReceiver:3073 
08-31 15:21:29.137 D/EGL_adreno( 2396): eglMakeCurrent: 0x7fffeb4407a0: ver 3 1 (tinfo 0x7fffeb40dfa0)
08-31 15:21:29.176 D/EGL_adreno( 2396): eglMakeCurrent: 0x7fffeb4407a0: ver 3 1 (tinfo 0x7fffeb40dfa0)
08-31 15:21:31.360 D/PlatformJobService( 2396): Run job, request{id=1, tag=CheckDatabaseUpdJob}, waited 00:00:05, interval 00:00:00 (+7 days), flex 00:00:00 (+7 days)
08-31 15:21:31.360 I/JobExecutor( 2396): Executing request{id=1, tag=CheckDatabaseUpdJob}, context PlatformJobService
08-31 15:21:31.369 I/JobExecutor( 2396): Finished job{id=1, finished=true, result=SUCCESS, canceled=false, periodic=true, class=CheckDatabaseUpdatesJob, tag=CheckDatabaseUpdJob}
08-31 15:21:31.376 D/PlatformJobService( 2396): Finished job, request{id=1, tag=CheckDatabaseUpdJob} SUCCESS
08-31 15:21:31.968 W/WindowManager( 1281): Attempted to remove non-existing token: android.os.Binder@d9dea92
08-31 15:21:31.968 D/EGL_adreno( 1935): eglMakeCurrent: 0x7fffeb454c20: ver 3 1 (tinfo 0x7fffeb40d8a0)
08-31 15:21:32.027 E/EGL_adreno( 1935): tid 1952: eglSurfaceAttrib(1338): error 0x3009 (EGL_BAD_MATCH)
08-31 15:21:32.027 W/OpenGLRenderer( 1935): Failed to set EGL_SWAP_BEHAVIOR on surface 0x7fffeb5f5b40, error=EGL_BAD_MATCH
08-31 15:21:32.030 D/EGL_adreno( 1935): eglMakeCurrent: 0x7fffeb454c20: ver 3 1 (tinfo 0x7fffeb40d8a0)
08-31 15:21:35.478 W/WindowManager( 1281): Attempted to remove non-existing token: android.os.Binder@8a18c63
08-31 15:21:35.482 D/EGL_adreno( 1935): eglMakeCurrent: 0x7fffeb454c20: ver 3 1 (tinfo 0x7fffeb40d8a0)
08-31 15:21:35.544 E/EGL_adreno( 1935): tid 1952: eglSurfaceAttrib(1338): error 0x3009 (EGL_BAD_MATCH)
08-31 15:21:35.544 W/OpenGLRenderer( 1935): Failed to set EGL_SWAP_BEHAVIOR on surface 0x7fffeb5f5b40, error=EGL_BAD_MATCH
08-31 15:21:35.546 D/EGL_adreno( 1935): eglMakeCurrent: 0x7fffeb454c20: ver 3 1 (tinfo 0x7fffeb40d8a0)
08-31 15:21:36.540 D/JobRescheduleService( 2396): Reschedule 0 jobs of 2 jobs
08-31 15:21:38.981 W/WindowManager( 1281): Attempted to remove non-existing token: android.os.Binder@d212060
08-31 15:21:38.983 D/EGL_adreno( 1935): eglMakeCurrent: 0x7fffeb454c20: ver 3 1 (tinfo 0x7fffeb40d8a0)
08-31 15:21:39.056 E/EGL_adreno( 1935): tid 1952: eglSurfaceAttrib(1338): error 0x3009 (EGL_BAD_MATCH)
08-31 15:21:39.056 W/OpenGLRenderer( 1935): Failed to set EGL_SWAP_BEHAVIOR on surface 0x7fffeb5f5b40, error=EGL_BAD_MATCH
08-31 15:21:39.057 D/EGL_adreno( 1935): eglMakeCurrent: 0x7fffeb454c20: ver 3 1 (tinfo 0x7fffeb40d8a0)
08-31 15:21:42.486 W/WindowManager( 1281): Attempted to remove non-existing token: android.os.Binder@9383919
08-31 15:21:42.489 D/EGL_adreno( 1935): eglMakeCurrent: 0x7fffeb454c20: ver 3 1 (tinfo 0x7fffeb40d8a0)
08-31 15:21:42.543 E/EGL_adreno( 1935): tid 1952: eglSurfaceAttrib(1338): error 0x3009 (EGL_BAD_MATCH)
08-31 15:21:42.543 W/OpenGLRenderer( 1935): Failed to set EGL_SWAP_BEHAVIOR on surface 0x7fffeb5f5b40, error=EGL_BAD_MATCH
08-31 15:21:42.545 D/EGL_adreno( 1935): eglMakeCurrent: 0x7fffeb454c20: ver 3 1 (tinfo 0x7fffeb40d8a0)
08-31 15:21:45.991 W/WindowManager( 1281): Attempted to remove non-existing token: android.os.Binder@ac1dde
08-31 15:21:45.993 D/EGL_adreno( 1935): eglMakeCurrent: 0x7fffeb454c20: ver 3 1 (tinfo 0x7fffeb40d8a0)
08-31 15:21:46.055 E/EGL_adreno( 1935): tid 1952: eglSurfaceAttrib(1338): error 0x3009 (EGL_BAD_MATCH)
08-31 15:21:46.055 W/OpenGLRenderer( 1935): Failed to set EGL_SWAP_BEHAVIOR on surface 0x7fffeb5f5b40, error=EGL_BAD_MATCH
08-31 15:21:46.058 D/EGL_adreno( 1935): eglMakeCurrent: 0x7fffeb454c20: ver 3 1 (tinfo 0x7fffeb40d8a0)
08-31 15:21:49.494 W/WindowManager( 1281): Attempted to remove non-existing token: android.os.Binder@2168bbf
08-31 15:21:49.497 D/EGL_adreno( 1935): eglMakeCurrent: 0x7fffeb454c20: ver 3 1 (tinfo 0x7fffeb40d8a0)
08-31 15:21:49.558 E/EGL_adreno( 1935): tid 1952: eglSurfaceAttrib(1338): error 0x3009 (EGL_BAD_MATCH)
08-31 15:21:49.558 W/OpenGLRenderer( 1935): Failed to set EGL_SWAP_BEHAVIOR on surface 0x7fffeb5f5b40, error=EGL_BAD_MATCH
08-31 15:21:49.561 D/EGL_adreno( 1935): eglMakeCurrent: 0x7fffeb454c20: ver 3 1 (tinfo 0x7fffeb40d8a0)
08-31 15:21:52.997 W/WindowManager( 1281): Attempted to remove non-existing token: android.os.Binder@6e7e28c
08-31 15:21:52.998 D/EGL_adreno( 1935): eglMakeCurrent: 0x7fffeb454c20: ver 3 1 (tinfo 0x7fffeb40d8a0)
08-31 15:21:53.068 E/EGL_adreno( 1935): tid 1952: eglSurfaceAttrib(1338): error 0x3009 (EGL_BAD_MATCH)
08-31 15:21:53.068 W/OpenGLRenderer( 1935): Failed to set EGL_SWAP_BEHAVIOR on surface 0x7fffeb5f5b40, error=EGL_BAD_MATCH
08-31 15:21:53.070 D/EGL_adreno( 1935): eglMakeCurrent: 0x7fffeb454c20: ver 3 1 (tinfo 0x7fffeb40d8a0)
08-31 15:21:56.503 W/WindowManager( 1281): Attempted to remove non-existing token: android.os.Binder@aa433b7
08-31 15:21:56.505 D/EGL_adreno( 1935): eglMakeCurrent: 0x7fffeb454c20: ver 3 1 (tinfo 0x7fffeb40d8a0)
08-31 15:21:56.557 E/EGL_adreno( 1935): tid 1952: eglSurfaceAttrib(1338): error 0x3009 (EGL_BAD_MATCH)
08-31 15:21:56.557 W/OpenGLRenderer( 1935): Failed to set EGL_SWAP_BEHAVIOR on surface 0x7fffeb5f5b40, error=EGL_BAD_MATCH
08-31 15:21:56.559 D/EGL_adreno( 1935): eglMakeCurrent: 0x7fffeb454c20: ver 3 1 (tinfo 0x7fffeb40d8a0)
08-31 15:22:00.004 W/WindowManager( 1281): Attempted to remove non-existing token: android.os.Binder@635f724
08-31 15:22:00.007 D/EGL_adreno( 1935): eglMakeCurrent: 0x7fffeb454c20: ver 3 1 (tinfo 0x7fffeb40d8a0)
08-31 15:22:00.086 E/EGL_adreno( 1935): tid 1952: eglSurfaceAttrib(1338): error 0x3009 (EGL_BAD_MATCH)
08-31 15:22:00.086 W/OpenGLRenderer( 1935): Failed to set EGL_SWAP_BEHAVIOR on surface 0x7fffeb5f5b40, error=EGL_BAD_MATCH
08-31 15:22:00.087 D/EGL_adreno( 1935): eglMakeCurrent: 0x7fffeb454c20: ver 3 1 (tinfo 0x7fffeb40d8a0)
08-31 15:22:03.510 W/WindowManager( 1281): Attempted to remove non-existing token: android.os.Binder@1f628d
08-31 15:22:03.512 D/EGL_adreno( 1935): eglMakeCurrent: 0x7fffeb454c20: ver 3 1 (tinfo 0x7fffeb40d8a0)
08-31 15:22:03.575 E/EGL_adreno( 1935): tid 1952: eglSurfaceAttrib(1338): error 0x3009 (EGL_BAD_MATCH)
08-31 15:22:03.575 W/OpenGLRenderer( 1935): Failed to set EGL_SWAP_BEHAVIOR on surface 0x7fffeb5f5b40, error=EGL_BAD_MATCH
08-31 15:22:03.577 D/EGL_adreno( 1935): eglMakeCurrent: 0x7fffeb454c20: ver 3 1 (tinfo 0x7fffeb40d8a0)
08-31 15:22:05.465 I/art     ( 2396): Rejecting re-init on previously-failed class java.lang.Class<android.support.v4.app.z$f>: java.lang.NoClassDefFoundError: Failed resolution of: Landroid/app/job/JobServiceEngine;
08-31 15:22:05.465 I/art     ( 2396):   at void es.usc.citius.servando.calendula.scheduling.AlarmReceiver.onReceive(android.content.Context, android.content.Intent) ((null):-1)
08-31 15:22:05.465 I/art     ( 2396):   at void android.app.ActivityThread.handleReceiver(android.app.ActivityThread$ReceiverData) (ActivityThread.java:3073)
08-31 15:22:05.465 I/art     ( 2396):   at void android.app.ActivityThread.-wrap18(android.app.ActivityThread, android.app.ActivityThread$ReceiverData) (ActivityThread.java:-1)
08-31 15:22:05.465 I/art     ( 2396):   at void android.app.ActivityThread$H.handleMessage(android.os.Message) (ActivityThread.java:1566)
08-31 15:22:05.465 I/art     ( 2396):   at void android.os.Handler.dispatchMessage(android.os.Message) (Handler.java:102)
08-31 15:22:05.465 I/art     ( 2396):   at void android.os.Looper.loop() (Looper.java:154)
08-31 15:22:05.465 I/art     ( 2396):   at void android.app.ActivityThread.main(java.lang.String[]) (ActivityThread.java:6190)
08-31 15:22:05.465 I/art     ( 2396):   at java.lang.Object java.lang.reflect.Method.invoke!(java.lang.Object, java.lang.Object[]) (Method.java:-2)
08-31 15:22:05.465 I/art     ( 2396):   at void com.android.internal.os.ZygoteInit$MethodAndArgsCaller.run() (ZygoteInit.java:892)
08-31 15:22:05.465 I/art     ( 2396):   at void com.android.internal.os.ZygoteInit.main(java.lang.String[]) (ZygoteInit.java:782)
08-31 15:22:05.465 I/art     ( 2396): Caused by: java.lang.ClassNotFoundException: Didn't find class "android.app.job.JobServiceEngine" on path: DexPathList[[zip file "/data/app/es.usc.citius.servando.calendula-1/base.apk"],nativeLibraryDirectories=[/data/app/es.usc.citius.servando.calendula-1/lib/x86_64, /data/app/es.usc.citius.servando.calendula-1/base.apk!/lib/x86_64, /system/lib64, /vendor/lib64]]
08-31 15:22:05.465 I/art     ( 2396):   at java.lang.Class dalvik.system.BaseDexClassLoader.findClass(java.lang.String) (BaseDexClassLoader.java:56)
08-31 15:22:05.465 I/art     ( 2396):   at java.lang.Class java.lang.ClassLoader.loadClass(java.lang.String, boolean) (ClassLoader.java:380)
08-31 15:22:05.465 I/art     ( 2396):   at java.lang.Class java.lang.ClassLoader.loadClass(java.lang.String) (ClassLoader.java:312)
08-31 15:22:05.465 I/art     ( 2396):   at void es.usc.citius.servando.calendula.scheduling.AlarmReceiver.onReceive(android.content.Context, android.content.Intent) ((null):-1)
08-31 15:22:05.465 I/art     ( 2396):   at void android.app.ActivityThread.handleReceiver(android.app.ActivityThread$ReceiverData) (ActivityThread.java:3073)
08-31 15:22:05.465 I/art     ( 2396):   at void android.app.ActivityThread.-wrap18(android.app.ActivityThread, android.app.ActivityThread$ReceiverData) (ActivityThread.java:-1)
08-31 15:22:05.465 I/art     ( 2396):   at void android.app.ActivityThread$H.handleMessage(android.os.Message) (ActivityThread.java:1566)
08-31 15:22:05.465 I/art     ( 2396):   at void android.os.Handler.dispatchMessage(android.os.Message) (Handler.java:102)
08-31 15:22:05.465 I/art     ( 2396):   at void android.os.Looper.loop() (Looper.java:154)
08-31 15:22:05.465 I/art     ( 2396):   at void android.app.ActivityThread.main(java.lang.String[]) (ActivityThread.java:6190)
08-31 15:22:05.465 I/art     ( 2396):   at java.lang.Object java.lang.reflect.Method.invoke!(java.lang.Object, java.lang.Object[]) (Method.java:-2)
08-31 15:22:05.465 I/art     ( 2396):   at void com.android.internal.os.ZygoteInit$MethodAndArgsCaller.run() (ZygoteInit.java:892)
08-31 15:22:05.465 I/art     ( 2396):   at void com.android.internal.os.ZygoteInit.main(java.lang.String[]) (ZygoteInit.java:782)
08-31 15:22:05.465 I/art     ( 2396): 
08-31 15:22:05.570 D/WifiStateMachine( 1281): setScanResults mScanResults.size=1
08-31 15:22:07.015 W/WindowManager( 1281): Attempted to remove non-existing token: android.os.Binder@3721c42
08-31 15:22:07.018 D/EGL_adreno( 1935): eglMakeCurrent: 0x7fffeb454c20: ver 3 1 (tinfo 0x7fffeb40d8a0)
08-31 15:22:07.095 E/EGL_adreno( 1935): tid 1952: eglSurfaceAttrib(1338): error 0x3009 (EGL_BAD_MATCH)
08-31 15:22:07.095 W/OpenGLRenderer( 1935): Failed to set EGL_SWAP_BEHAVIOR on surface 0x7fffeb5f5b40, error=EGL_BAD_MATCH
08-31 15:22:07.100 D/EGL_adreno( 1935): eglMakeCurrent: 0x7fffeb454c20: ver 3 1 (tinfo 0x7fffeb40d8a0)
08-31 15:22:10.541 W/WindowManager( 1281): Attempted to remove non-existing token: android.os.Binder@289ba8e
08-31 15:22:10.542 D/EGL_adreno( 1935): eglMakeCurrent: 0x7fffeb454c20: ver 3 1 (tinfo 0x7fffeb40d8a0)
08-31 15:22:10.610 E/EGL_adreno( 1935): tid 1952: eglSurfaceAttrib(1338): error 0x3009 (EGL_BAD_MATCH)
08-31 15:22:10.610 W/OpenGLRenderer( 1935): Failed to set EGL_SWAP_BEHAVIOR on surface 0x7fffeb5f5b40, error=EGL_BAD_MATCH
08-31 15:22:10.612 D/EGL_adreno( 1935): eglMakeCurrent: 0x7fffeb454c20: ver 3 1 (tinfo 0x7fffeb40d8a0)
08-31 15:22:14.046 W/WindowManager( 1281): Attempted to remove non-existing token: android.os.Binder@34fe2af
08-31 15:22:14.048 D/EGL_adreno( 1935): eglMakeCurrent: 0x7fffeb454c20: ver 3 1 (tinfo 0x7fffeb40d8a0)
08-31 15:22:14.120 E/EGL_adreno( 1935): tid 1952: eglSurfaceAttrib(1338): error 0x3009 (EGL_BAD_MATCH)
08-31 15:22:14.121 W/OpenGLRenderer( 1935): Failed to set EGL_SWAP_BEHAVIOR on surface 0x7fffeb5f5b40, error=EGL_BAD_MATCH
08-31 15:22:14.124 D/EGL_adreno( 1935): eglMakeCurrent: 0x7fffeb454c20: ver 3 1 (tinfo 0x7fffeb40d8a0)
08-31 15:22:17.551 W/WindowManager( 1281): Attempted to remove non-existing token: android.os.Binder@26f06bc
08-31 15:22:17.554 D/EGL_adreno( 1935): eglMakeCurrent: 0x7fffeb454c20: ver 3 1 (tinfo 0x7fffeb40d8a0)
08-31 15:22:17.614 E/EGL_adreno( 1935): tid 1952: eglSurfaceAttrib(1338): error 0x3009 (EGL_BAD_MATCH)
08-31 15:22:17.615 W/OpenGLRenderer( 1935): Failed to set EGL_SWAP_BEHAVIOR on surface 0x7fffeb5f5b40, error=EGL_BAD_MATCH
08-31 15:22:17.617 D/EGL_adreno( 1935): eglMakeCurrent: 0x7fffeb454c20: ver 3 1 (tinfo 0x7fffeb40d8a0)
08-31 15:22:21.056 W/WindowManager( 1281): Attempted to remove non-existing token: android.os.Binder@ebb5645
08-31 15:22:21.059 D/EGL_adreno( 1935): eglMakeCurrent: 0x7fffeb454c20: ver 3 1 (tinfo 0x7fffeb40d8a0)
08-31 15:22:21.131 E/EGL_adreno( 1935): tid 1952: eglSurfaceAttrib(1338): error 0x3009 (EGL_BAD_MATCH)
08-31 15:22:21.131 W/OpenGLRenderer( 1935): Failed to set EGL_SWAP_BEHAVIOR on surface 0x7fffeb5f5b40, error=EGL_BAD_MATCH
08-31 15:22:21.133 D/EGL_adreno( 1935): eglMakeCurrent: 0x7fffeb454c20: ver 3 1 (tinfo 0x7fffeb40d8a0)
08-31 15:22:24.558 W/WindowManager( 1281): Attempted to remove non-existing token: android.os.Binder@241facb
08-31 15:22:24.560 D/EGL_adreno( 1935): eglMakeCurrent: 0x7fffeb454c20: ver 3 1 (tinfo 0x7fffeb40d8a0)
08-31 15:22:24.655 E/EGL_adreno( 1935): tid 1952: eglSurfaceAttrib(1338): error 0x3009 (EGL_BAD_MATCH)
08-31 15:22:24.655 W/OpenGLRenderer( 1935): Failed to set EGL_SWAP_BEHAVIOR on surface 0x7fffeb5f5b40, error=EGL_BAD_MATCH
08-31 15:22:24.660 D/EGL_adreno( 1935): eglMakeCurrent: 0x7fffeb454c20: ver 3 1 (tinfo 0x7fffeb40d8a0)
08-31 15:22:28.063 W/WindowManager( 1281): Attempted to remove non-existing token: android.os.Binder@c4011c1
08-31 15:22:28.067 D/EGL_adreno( 1935): eglMakeCurrent: 0x7fffeb454c20: ver 3 1 (tinfo 0x7fffeb40d8a0)
08-31 15:22:28.149 E/EGL_adreno( 1935): tid 1952: eglSurfaceAttrib(1338): error 0x3009 (EGL_BAD_MATCH)
08-31 15:22:28.149 W/OpenGLRenderer( 1935): Failed to set EGL_SWAP_BEHAVIOR on surface 0x7fffeb5f5b40, error=EGL_BAD_MATCH
08-31 15:22:28.151 D/EGL_adreno( 1935): eglMakeCurrent: 0x7fffeb454c20: ver 3 1 (tinfo 0x7fffeb40d8a0)
08-31 15:22:31.566 W/WindowManager( 1281): Attempted to remove non-existing token: android.os.Binder@6b2f54a
08-31 15:22:31.570 D/EGL_adreno( 1935): eglMakeCurrent: 0x7fffeb454c20: ver 3 1 (tinfo 0x7fffeb40d8a0)
08-31 15:22:31.625 E/EGL_adreno( 1935): tid 1952: eglSurfaceAttrib(1338): error 0x3009 (EGL_BAD_MATCH)
08-31 15:22:31.625 W/OpenGLRenderer( 1935): Failed to set EGL_SWAP_BEHAVIOR on surface 0x7fffeb5f5b40, error=EGL_BAD_MATCH
08-31 15:22:31.628 D/EGL_adreno( 1935): eglMakeCurrent: 0x7fffeb454c20: ver 3 1 (tinfo 0x7fffeb40d8a0)
08-31 15:22:35.072 W/WindowManager( 1281): Attempted to remove non-existing token: android.os.Binder@22b2cbb
08-31 15:22:35.073 D/EGL_adreno( 1935): eglMakeCurrent: 0x7fffeb454c20: ver 3 1 (tinfo 0x7fffeb40d8a0)
08-31 15:22:35.147 E/EGL_adreno( 1935): tid 1952: eglSurfaceAttrib(1338): error 0x3009 (EGL_BAD_MATCH)
08-31 15:22:35.147 W/OpenGLRenderer( 1935): Failed to set EGL_SWAP_BEHAVIOR on surface 0x7fffeb5f5b40, error=EGL_BAD_MATCH
08-31 15:22:35.152 D/EGL_adreno( 1935): eglMakeCurrent: 0x7fffeb454c20: ver 3 1 (tinfo 0x7fffeb40d8a0)
08-31 15:22:38.581 W/WindowManager( 1281): Attempted to remove non-existing token: android.os.Binder@7a535d8
08-31 15:22:38.584 D/EGL_adreno( 1935): eglMakeCurrent: 0x7fffeb454c20: ver 3 1 (tinfo 0x7fffeb40d8a0)
08-31 15:22:38.641 E/EGL_adreno( 1935): tid 1952: eglSurfaceAttrib(1338): error 0x3009 (EGL_BAD_MATCH)
08-31 15:22:38.641 W/OpenGLRenderer( 1935): Failed to set EGL_SWAP_BEHAVIOR on surface 0x7fffeb5f5b40, error=EGL_BAD_MATCH
08-31 15:22:38.645 D/EGL_adreno( 1935): eglMakeCurrent: 0x7fffeb454c20: ver 3 1 (tinfo 0x7fffeb40d8a0)
08-31 15:22:42.084 W/WindowManager( 1281): Attempted to remove non-existing token: android.os.Binder@4cfed31
08-31 15:22:42.087 D/EGL_adreno( 1935): eglMakeCurrent: 0x7fffeb454c20: ver 3 1 (tinfo 0x7fffeb40d8a0)
08-31 15:22:42.145 E/EGL_adreno( 1935): tid 1952: eglSurfaceAttrib(1338): error 0x3009 (EGL_BAD_MATCH)
08-31 15:22:42.145 W/OpenGLRenderer( 1935): Failed to set EGL_SWAP_BEHAVIOR on surface 0x7fffeb5f5b40, error=EGL_BAD_MATCH
08-31 15:22:42.148 D/EGL_adreno( 1935): eglMakeCurrent: 0x7fffeb454c20: ver 3 1 (tinfo 0x7fffeb40d8a0)
08-31 15:22:45.589 W/WindowManager( 1281): Attempted to remove non-existing token: android.os.Binder@bb31c16
08-31 15:22:45.591 D/EGL_adreno( 1935): eglMakeCurrent: 0x7fffeb454c20: ver 3 1 (tinfo 0x7fffeb40d8a0)
08-31 15:22:45.653 E/EGL_adreno( 1935): tid 1952: eglSurfaceAttrib(1338): error 0x3009 (EGL_BAD_MATCH)
08-31 15:22:45.653 W/OpenGLRenderer( 1935): Failed to set EGL_SWAP_BEHAVIOR on surface 0x7fffeb5f5b40, error=EGL_BAD_MATCH
08-31 15:22:45.657 D/EGL_adreno( 1935): eglMakeCurrent: 0x7fffeb454c20: ver 3 1 (tinfo 0x7fffeb40d8a0)
08-31 15:22:49.094 W/WindowManager( 1281): Attempted to remove non-existing token: android.os.Binder@cd5d997
08-31 15:22:49.099 D/EGL_adreno( 1935): eglMakeCurrent: 0x7fffeb454c20: ver 3 1 (tinfo 0x7fffeb40d8a0)
08-31 15:22:49.154 E/EGL_adreno( 1935): tid 1952: eglSurfaceAttrib(1338): error 0x3009 (EGL_BAD_MATCH)
08-31 15:22:49.154 W/OpenGLRenderer( 1935): Failed to set EGL_SWAP_BEHAVIOR on surface 0x7fffeb5f5b40, error=EGL_BAD_MATCH
08-31 15:22:49.175 D/EGL_adreno( 1935): eglMakeCurrent: 0x7fffeb454c20: ver 3 1 (tinfo 0x7fffeb40d8a0)
08-31 15:22:52.600 W/WindowManager( 1281): Attempted to remove non-existing token: android.os.Binder@123d784
08-31 15:22:52.601 D/EGL_adreno( 1935): eglMakeCurrent: 0x7fffeb454c20: ver 3 1 (tinfo 0x7fffeb40d8a0)
08-31 15:22:52.660 E/EGL_adreno( 1935): tid 1952: eglSurfaceAttrib(1338): error 0x3009 (EGL_BAD_MATCH)
08-31 15:22:52.660 W/OpenGLRenderer( 1935): Failed to set EGL_SWAP_BEHAVIOR on surface 0x7fffeb5f5b40, error=EGL_BAD_MATCH
08-31 15:22:52.663 D/EGL_adreno( 1935): eglMakeCurrent: 0x7fffeb454c20: ver 3 1 (tinfo 0x7fffeb40d8a0)
08-31 15:22:56.106 W/WindowManager( 1281): Attempted to remove non-existing token: android.os.Binder@c052b6d
08-31 15:22:56.109 D/EGL_adreno( 1935): eglMakeCurrent: 0x7fffeb454c20: ver 3 1 (tinfo 0x7fffeb40d8a0)
08-31 15:22:56.181 E/EGL_adreno( 2396): tid 2424: eglSurfaceAttrib(1338): error 0x3009 (EGL_BAD_MATCH)
08-31 15:22:56.181 W/OpenGLRenderer( 2396): Failed to set EGL_SWAP_BEHAVIOR on surface 0x7fffeb5bc080, error=EGL_BAD_MATCH
08-31 15:22:56.183 D/EGL_adreno( 2396): eglMakeCurrent: 0x7fffeb4407a0: ver 3 1 (tinfo 0x7fffeb40dfa0)
08-31 15:22:56.645 D/EGL_adreno( 2396): eglMakeCurrent: 0x7fffeb4407a0: ver 3 1 (tinfo 0x7fffeb40dfa0)
08-31 15:22:59.611 W/WindowManager( 1281): Attempted to remove non-existing token: android.os.Binder@87cbaab
08-31 15:23:08.796 W/ContextImpl( 1676): Calling a method in the system process without a qualified user: android.app.ContextImpl.startService:1358 android.content.ContextWrapper.startService:613 android.content.ContextWrapper.startService:613 com.android.coreservice.CoreBroadcastReceiver.onReceive:44 android.app.ActivityThread.handleReceiver:3073 
08-31 15:23:08.800 W/ContextImpl( 1676): Calling a method in the system process without a qualified user: android.app.ContextImpl.startService:1358 android.content.ContextWrapper.startService:613 android.content.ContextWrapper.startService:613 com.android.coreservice.CoreBroadcastReceiver.onReceive:53 android.app.ActivityThread.handleReceiver:3073 
08-31 15:23:08.811 W/ContextImpl( 1676): Calling a method in the system process without a qualified user: android.app.ContextImpl.startService:1358 android.content.ContextWrapper.startService:613 android.content.ContextWrapper.startService:613 com.android.coreservice.CoreBroadcastReceiver.onReceive:69 android.app.ActivityThread.handleReceiver:3073 
08-31 15:23:08.922 W/SurfaceFlinger( 1082): couldn't log to binary event log: overflow.
08-31 15:23:10.003 W/SurfaceFlinger( 1082): FB is protected: PERMISSION_DENIED
08-31 15:23:10.003 W/WindowManager( 1281): Screenshot failure taking screenshot for (1080x1920) to layer 21030
08-31 15:23:10.011 W/ContextImpl( 1676): Calling a method in the system process without a qualified user: android.app.ContextImpl.startService:1358 android.content.ContextWrapper.startService:613 android.content.ContextWrapper.startService:613 com.android.coreservice.CoreBroadcastReceiver.onReceive:44 android.app.ActivityThread.handleReceiver:3073 
08-31 15:23:10.016 W/ContextImpl( 1676): Calling a method in the system process without a qualified user: android.app.ContextImpl.startService:1358 android.content.ContextWrapper.startService:613 android.content.ContextWrapper.startService:613 com.android.coreservice.CoreBroadcastReceiver.onReceive:53 android.app.ActivityThread.handleReceiver:3073 
08-31 15:23:10.033 D/EGL_adreno( 2396): eglMakeCurrent: 0x7fffeb4407a0: ver 3 1 (tinfo 0x7fffeb40dfa0)
08-31 15:23:10.038 W/ContextImpl( 1676): Calling a method in the system process without a qualified user: android.app.ContextImpl.sendBroadcast:893 android.content.ContextWrapper.sendBroadcast:426 com.android.coreservice.TabManager.notifyClosing:345 com.android.coreservice.TabManager.updateInner:182 com.android.coreservice.TabManager.onUpdate:217 
08-31 15:23:10.042 E/ActivityManager( 1281): Sending non-protected broadcast android.intent.action.CLOSE_TASK from system 1676:com.android.coreservice/1000 pkg com.android.coreservice
08-31 15:23:10.042 E/ActivityManager( 1281): java.lang.Throwable
08-31 15:23:10.042 E/ActivityManager( 1281): 	at com.android.server.am.ActivityManagerService.checkBroadcastFromSystem(ActivityManagerService.java:18108)
08-31 15:23:10.042 E/ActivityManager( 1281): 	at com.android.server.am.ActivityManagerService.broadcastIntentLocked(ActivityManagerService.java:18680)
08-31 15:23:10.042 E/ActivityManager( 1281): 	at com.android.server.am.ActivityManagerService.broadcastIntent(ActivityManagerService.java:18771)
08-31 15:23:10.042 E/ActivityManager( 1281): 	at android.app.ActivityManagerNative.onTransact(ActivityManagerNative.java:499)
08-31 15:23:10.042 E/ActivityManager( 1281): 	at com.android.server.am.ActivityManagerService.onTransact(ActivityManagerService.java:2820)
08-31 15:23:10.042 E/ActivityManager( 1281): 	at android.os.Binder.execTransact(Binder.java:565)
08-31 15:23:10.046 I/CoreService( 1676): notifyClosing notify tab closed taskPackageName:es.usc.citius.servando.calendula
08-31 15:23:10.165 E/EGL_adreno( 1935): tid 1952: eglSurfaceAttrib(1338): error 0x3009 (EGL_BAD_MATCH)
08-31 15:23:10.165 W/OpenGLRenderer( 1935): Failed to set EGL_SWAP_BEHAVIOR on surface 0x7fffeb5f5b40, error=EGL_BAD_MATCH
08-31 15:23:10.168 D/EGL_adreno( 1935): eglMakeCurrent: 0x7fffeb454c20: ver 3 1 (tinfo 0x7fffeb40d8a0)
08-31 15:23:10.267 W/ContextImpl( 1676): Calling a method in the system process without a qualified user: android.app.ContextImpl.startService:1358 android.content.ContextWrapper.startService:613 android.content.ContextWrapper.startService:613 com.android.coreservice.CoreBroadcastReceiver.onReceive:69 android.app.ActivityThread.handleReceiver:3073 
08-31 15:23:10.275 W/ContextImpl( 1676): Calling a method in the system process without a qualified user: android.app.ContextImpl.startService:1358 android.content.ContextWrapper.startService:613 android.content.ContextWrapper.startService:613 com.android.coreservice.CoreBroadcastReceiver.onReceive:69 android.app.ActivityThread.handleReceiver:3073 
