--------- beginning of system
08-31 15:20:54.727 W/ContextImpl( 1676): Calling a method in the system process without a qualified user: android.app.ContextImpl.startService:1358 android.content.ContextWrapper.startService:613 android.content.ContextWrapper.startService:613 com.android.coreservice.CoreBroadcastReceiver.onReceive:44 android.app.ActivityThread.handleReceiver:3073 
08-31 15:20:54.747 W/ContextImpl( 1676): Calling a method in the system process without a qualified user: android.app.ContextImpl.startService:1358 android.content.ContextWrapper.startService:613 android.content.ContextWrapper.startService:613 com.android.coreservice.CoreBroadcastReceiver.onReceive:53 android.app.ActivityThread.handleReceiver:3073 
08-31 15:20:54.851 W/ContextImpl( 1676): Calling a method in the system process without a qualified user: android.app.ContextImpl.startService:1358 android.content.ContextWrapper.startService:613 android.content.ContextWrapper.startService:613 com.android.coreservice.CoreBroadcastReceiver.onReceive:69 android.app.ActivityThread.handleReceiver:3073 
08-31 15:20:54.853 W/ContextImpl( 1676): Calling a method in the system process without a qualified user: android.app.ContextImpl.startService:1358 android.content.ContextWrapper.startService:613 android.content.ContextWrapper.startService:613 com.android.coreservice.CoreBroadcastReceiver.onReceive:69 android.app.ActivityThread.handleReceiver:3073 
--------- beginning of main
08-31 15:20:54.865 E/EGL_adreno( 1935): tid 1952: eglSurfaceAttrib(1338): error 0x3009 (EGL_BAD_MATCH)
08-31 15:20:54.865 W/OpenGLRenderer( 1935): Failed to set EGL_SWAP_BEHAVIOR on surface 0x7fffeb5c9900, error=EGL_BAD_MATCH
08-31 15:20:54.867 D/EGL_adreno( 1935): eglMakeCurrent: 0x7fffeb454c20: ver 3 1 (tinfo 0x7fffeb40d8a0)
08-31 15:20:54.932 D/EGL_adreno( 2370): eglMakeCurrent: 0x7fffeb44f320: ver 3 1 (tinfo 0x7fffeb40d300)
08-31 15:20:55.809 W/ContextImpl( 1676): Calling a method in the system process without a qualified user: android.app.ContextImpl.startService:1358 android.content.ContextWrapper.startService:613 android.content.ContextWrapper.startService:613 com.android.coreservice.CoreBroadcastReceiver.onReceive:44 android.app.ActivityThread.handleReceiver:3073 
08-31 15:20:55.811 W/ContextImpl( 1676): Calling a method in the system process without a qualified user: android.app.ContextImpl.startService:1358 android.content.ContextWrapper.startService:613 android.content.ContextWrapper.startService:613 com.android.coreservice.CoreBroadcastReceiver.onReceive:53 android.app.ActivityThread.handleReceiver:3073 
08-31 15:20:55.910 W/ContextImpl( 1676): Calling a method in the system process without a qualified user: android.app.ContextImpl.startService:1358 android.content.ContextWrapper.startService:613 android.content.ContextWrapper.startService:613 com.android.coreservice.CoreBroadcastReceiver.onReceive:69 android.app.ActivityThread.handleReceiver:3073 
08-31 15:20:55.923 E/EGL_adreno( 1935): tid 1952: eglSurfaceAttrib(1338): error 0x3009 (EGL_BAD_MATCH)
08-31 15:20:55.923 W/OpenGLRenderer( 1935): Failed to set EGL_SWAP_BEHAVIOR on surface 0x7fffeb5c9580, error=EGL_BAD_MATCH
08-31 15:20:55.925 D/EGL_adreno( 1935): eglMakeCurrent: 0x7fffeb454c20: ver 3 1 (tinfo 0x7fffeb40d8a0)
08-31 15:20:55.981 D/EGL_adreno( 1935): eglMakeCurrent: 0x7fffeb454c20: ver 3 1 (tinfo 0x7fffeb40d8a0)
08-31 15:20:56.026 D/EGL_adreno( 1935): eglMakeCurrent: 0x7fffeb454c20: ver 3 1 (tinfo 0x7fffeb40d8a0)
08-31 15:20:57.039 D/EGL_adreno( 1935): eglMakeCurrent: 0x7fffeb454c20: ver 3 1 (tinfo 0x7fffeb40d8a0)
08-31 15:21:23.127 I/ActivityManager( 1281): START u0 {cmp=com.android.intentfuzzer/.FuzzerActivity} from uid 10064 on display 0
08-31 15:21:23.129 D/audio_hw_hal( 1087): raw_start_output_stream, stream=0xf6e43140, sampleRate=48000, channel=2, bps=16, bufSize=4096
08-31 15:21:23.132 W/ContextImpl( 1676): Calling a method in the system process without a qualified user: android.app.ContextImpl.startService:1358 android.content.ContextWrapper.startService:613 android.content.ContextWrapper.startService:613 com.android.coreservice.CoreBroadcastReceiver.onReceive:44 android.app.ActivityThread.handleReceiver:3073 
08-31 15:21:23.155 W/ContextImpl( 1676): Calling a method in the system process without a qualified user: android.app.ContextImpl.startService:1358 android.content.ContextWrapper.startService:613 android.content.ContextWrapper.startService:613 com.android.coreservice.CoreBroadcastReceiver.onReceive:53 android.app.ActivityThread.handleReceiver:3073 
08-31 15:21:23.662 E/EGL_adreno( 1935): tid 1952: eglSurfaceAttrib(1338): error 0x3009 (EGL_BAD_MATCH)
08-31 15:21:23.663 W/OpenGLRenderer( 1935): Failed to set EGL_SWAP_BEHAVIOR on surface 0x7fffeb5c9900, error=EGL_BAD_MATCH
08-31 15:21:23.664 D/EGL_adreno( 1935): eglMakeCurrent: 0x7fffeb454c20: ver 3 1 (tinfo 0x7fffeb40d8a0)
08-31 15:21:23.695 I/ActivityManager( 1281): Displayed com.android.intentfuzzer/.FuzzerActivity: +555ms
08-31 15:21:23.697 W/ContextImpl( 1676): Calling a method in the system process without a qualified user: android.app.ContextImpl.startService:1358 android.content.ContextWrapper.startService:613 android.content.ContextWrapper.startService:613 com.android.coreservice.CoreBroadcastReceiver.onReceive:69 android.app.ActivityThread.handleReceiver:3073 
08-31 15:21:23.749 W/ContextImpl( 1676): Calling a method in the system process without a qualified user: android.app.ContextImpl.startService:1358 android.content.ContextWrapper.startService:613 android.content.ContextWrapper.startService:613 com.android.coreservice.CoreBroadcastReceiver.onReceive:69 android.app.ActivityThread.handleReceiver:3073 
08-31 15:21:24.958 I/ActivityManager( 1281): START u0 {cmp=es.usc.citius.servando.calendula/.activities.MaterialIntroActivity} from uid 10064 on display 0
08-31 15:21:24.958 W/ActivityManager( 1281): Permission Denial: starting Intent { cmp=es.usc.citius.servando.calendula/.activities.MaterialIntroActivity } from ProcessRecord{bda5613 1935:com.android.intentfuzzer/u0a64} (pid=1935, uid=10064) not exported from uid 10048
08-31 15:21:24.959 W/System.err( 1935): java.lang.Exception: Toast callstack! strTip=Send Intent Failed!
08-31 15:21:24.960 W/System.err( 1935): 	at android.widget.Toast.show(Toast.java:130)
08-31 15:21:24.960 W/System.err( 1935): 	at com.android.intentfuzzer.FuzzerActivity$3.onClick(FuzzerActivity.java:167)
08-31 15:21:24.960 W/System.err( 1935): 	at android.view.View.performClick(View.java:5637)
08-31 15:21:24.960 W/System.err( 1935): 	at android.view.View$PerformClick.run(View.java:22429)
08-31 15:21:24.960 W/System.err( 1935): 	at android.os.Handler.handleCallback(Handler.java:751)
08-31 15:21:24.960 W/System.err( 1935): 	at android.os.Handler.dispatchMessage(Handler.java:95)
08-31 15:21:24.960 W/System.err( 1935): 	at android.os.Looper.loop(Looper.java:154)
08-31 15:21:24.960 W/System.err( 1935): 	at android.app.ActivityThread.main(ActivityThread.java:6190)
08-31 15:21:24.960 W/System.err( 1935): 	at java.lang.reflect.Method.invoke(Native Method)
08-31 15:21:24.960 W/System.err( 1935): 	at com.android.internal.os.ZygoteInit$MethodAndArgsCaller.run(ZygoteInit.java:892)
08-31 15:21:24.960 W/System.err( 1935): 	at com.android.internal.os.ZygoteInit.main(ZygoteInit.java:782)
08-31 15:21:24.961 I/ActivityManager( 1281): START u0 {cmp=es.usc.citius.servando.calendula/.activities.SchedulesHelpActivity} from uid 10064 on display 0
08-31 15:21:24.961 W/ActivityManager( 1281): Permission Denial: starting Intent { cmp=es.usc.citius.servando.calendula/.activities.SchedulesHelpActivity } from ProcessRecord{bda5613 1935:com.android.intentfuzzer/u0a64} (pid=1935, uid=10064) not exported from uid 10048
08-31 15:21:24.963 W/System.err( 1935): java.lang.Exception: Toast callstack! strTip=Send Intent Failed!
08-31 15:21:24.963 W/System.err( 1935): 	at android.widget.Toast.show(Toast.java:130)
08-31 15:21:24.963 W/System.err( 1935): 	at com.android.intentfuzzer.FuzzerActivity$3.onClick(FuzzerActivity.java:167)
08-31 15:21:24.963 W/System.err( 1935): 	at android.view.View.performClick(View.java:5637)
08-31 15:21:24.963 W/System.err( 1935): 	at android.view.View$PerformClick.run(View.java:22429)
08-31 15:21:24.963 W/System.err( 1935): 	at android.os.Handler.handleCallback(Handler.java:751)
08-31 15:21:24.963 W/System.err( 1935): 	at android.os.Handler.dispatchMessage(Handler.java:95)
08-31 15:21:24.963 W/System.err( 1935): 	at android.os.Looper.loop(Looper.java:154)
08-31 15:21:24.963 W/System.err( 1935): 	at android.app.ActivityThread.main(ActivityThread.java:6190)
08-31 15:21:24.963 W/System.err( 1935): 	at java.lang.reflect.Method.invoke(Native Method)
08-31 15:21:24.963 W/System.err( 1935): 	at com.android.internal.os.ZygoteInit$MethodAndArgsCaller.run(ZygoteInit.java:892)
08-31 15:21:24.963 W/System.err( 1935): 	at com.android.internal.os.ZygoteInit.main(ZygoteInit.java:782)
08-31 15:21:24.965 I/ActivityManager( 1281): START u0 {cmp=es.usc.citius.servando.calendula/.activities.RoutinesActivity} from uid 10064 on display 0
08-31 15:21:24.965 W/ActivityManager( 1281): Permission Denial: starting Intent { cmp=es.usc.citius.servando.calendula/.activities.RoutinesActivity } from ProcessRecord{bda5613 1935:com.android.intentfuzzer/u0a64} (pid=1935, uid=10064) not exported from uid 10048
08-31 15:21:24.966 W/System.err( 1935): java.lang.Exception: Toast callstack! strTip=Send Intent Failed!
08-31 15:21:24.966 W/System.err( 1935): 	at android.widget.Toast.show(Toast.java:130)
08-31 15:21:24.966 W/System.err( 1935): 	at com.android.intentfuzzer.FuzzerActivity$3.onClick(FuzzerActivity.java:167)
08-31 15:21:24.966 W/System.err( 1935): 	at android.view.View.performClick(View.java:5637)
08-31 15:21:24.966 W/System.err( 1935): 	at android.view.View$PerformClick.run(View.java:22429)
08-31 15:21:24.966 W/System.err( 1935): 	at android.os.Handler.handleCallback(Handler.java:751)
08-31 15:21:24.966 W/System.err( 1935): 	at android.os.Handler.dispatchMessage(Handler.java:95)
08-31 15:21:24.966 W/System.err( 1935): 	at android.os.Looper.loop(Looper.java:154)
08-31 15:21:24.966 W/System.err( 1935): 	at android.app.ActivityThread.main(ActivityThread.java:6190)
08-31 15:21:24.966 W/System.err( 1935): 	at java.lang.reflect.Method.invoke(Native Method)
08-31 15:21:24.967 W/System.err( 1935): 	at com.android.internal.os.ZygoteInit$MethodAndArgsCaller.run(ZygoteInit.java:892)
08-31 15:21:24.967 W/System.err( 1935): 	at com.android.internal.os.ZygoteInit.main(ZygoteInit.java:782)
08-31 15:21:24.967 I/ActivityManager( 1281): START u0 {cmp=es.usc.citius.servando.calendula/.HomePagerActivity} from uid 10064 on display 0
08-31 15:21:24.968 W/ActivityManager( 1281): Permission Denial: starting Intent { cmp=es.usc.citius.servando.calendula/.HomePagerActivity } from ProcessRecord{bda5613 1935:com.android.intentfuzzer/u0a64} (pid=1935, uid=10064) not exported from uid 10048
08-31 15:21:24.969 W/System.err( 1935): java.lang.Exception: Toast callstack! strTip=Send Intent Failed!
08-31 15:21:24.969 W/System.err( 1935): 	at android.widget.Toast.show(Toast.java:130)
08-31 15:21:24.969 W/System.err( 1935): 	at com.android.intentfuzzer.FuzzerActivity$3.onClick(FuzzerActivity.java:167)
08-31 15:21:24.969 W/System.err( 1935): 	at android.view.View.performClick(View.java:5637)
08-31 15:21:24.969 W/System.err( 1935): 	at android.view.View$PerformClick.run(View.java:22429)
08-31 15:21:24.969 W/System.err( 1935): 	at android.os.Handler.handleCallback(Handler.java:751)
08-31 15:21:24.969 W/System.err( 1935): 	at android.os.Handler.dispatchMessage(Handler.java:95)
08-31 15:21:24.969 W/System.err( 1935): 	at android.os.Looper.loop(Looper.java:154)
08-31 15:21:24.969 W/System.err( 1935): 	at android.app.ActivityThread.main(ActivityThread.java:6190)
08-31 15:21:24.969 W/System.err( 1935): 	at java.lang.reflect.Method.invoke(Native Method)
08-31 15:21:24.969 W/System.err( 1935): 	at com.android.internal.os.ZygoteInit$MethodAndArgsCaller.run(ZygoteInit.java:892)
08-31 15:21:24.969 W/System.err( 1935): 	at com.android.internal.os.ZygoteInit.main(ZygoteInit.java:782)
08-31 15:21:24.971 I/ActivityManager( 1281): START u0 {cmp=es.usc.citius.servando.calendula/.activities.MedicineInfoActivity} from uid 10064 on display 0
08-31 15:21:24.971 W/ActivityManager( 1281): Permission Denial: starting Intent { cmp=es.usc.citius.servando.calendula/.activities.MedicineInfoActivity } from ProcessRecord{bda5613 1935:com.android.intentfuzzer/u0a64} (pid=1935, uid=10064) not exported from uid 10048
08-31 15:21:24.974 W/System.err( 1935): java.lang.Exception: Toast callstack! strTip=Send Intent Failed!
08-31 15:21:24.974 W/System.err( 1935): 	at android.widget.Toast.show(Toast.java:130)
08-31 15:21:24.974 W/System.err( 1935): 	at com.android.intentfuzzer.FuzzerActivity$3.onClick(FuzzerActivity.java:167)
08-31 15:21:24.974 W/System.err( 1935): 	at android.view.View.performClick(View.java:5637)
08-31 15:21:24.974 W/System.err( 1935): 	at android.view.View$PerformClick.run(View.java:22429)
08-31 15:21:24.974 W/System.err( 1935): 	at android.os.Handler.handleCallback(Handler.java:751)
08-31 15:21:24.974 W/System.err( 1935): 	at android.os.Handler.dispatchMessage(Handler.java:95)
08-31 15:21:24.974 W/System.err( 1935): 	at android.os.Looper.loop(Looper.java:154)
08-31 15:21:24.974 W/System.err( 1935): 	at android.app.ActivityThread.main(ActivityThread.java:6190)
08-31 15:21:24.974 W/System.err( 1935): 	at java.lang.reflect.Method.invoke(Native Method)
08-31 15:21:24.974 W/System.err( 1935): 	at com.android.internal.os.ZygoteInit$MethodAndArgsCaller.run(ZygoteInit.java:892)
08-31 15:21:24.974 W/System.err( 1935): 	at com.android.internal.os.ZygoteInit.main(ZygoteInit.java:782)
08-31 15:21:24.975 I/ActivityManager( 1281): START u0 {cmp=es.usc.citius.servando.calendula/.activities.MedicinesActivity} from uid 10064 on display 0
08-31 15:21:24.975 W/ActivityManager( 1281): Permission Denial: starting Intent { cmp=es.usc.citius.servando.calendula/.activities.MedicinesActivity } from ProcessRecord{bda5613 1935:com.android.intentfuzzer/u0a64} (pid=1935, uid=10064) not exported from uid 10048
08-31 15:21:24.976 W/System.err( 1935): java.lang.Exception: Toast callstack! strTip=Send Intent Failed!
08-31 15:21:24.976 W/System.err( 1935): 	at android.widget.Toast.show(Toast.java:130)
08-31 15:21:24.976 W/System.err( 1935): 	at com.android.intentfuzzer.FuzzerActivity$3.onClick(FuzzerActivity.java:167)
08-31 15:21:24.976 W/System.err( 1935): 	at android.view.View.performClick(View.java:5637)
08-31 15:21:24.976 W/System.err( 1935): 	at android.view.View$PerformClick.run(View.java:22429)
08-31 15:21:24.976 W/System.err( 1935): 	at android.os.Handler.handleCallback(Handler.java:751)
08-31 15:21:24.976 W/System.err( 1935): 	at android.os.Handler.dispatchMessage(Handler.java:95)
08-31 15:21:24.977 W/System.err( 1935): 	at android.os.Looper.loop(Looper.java:154)
08-31 15:21:24.977 W/System.err( 1935): 	at android.app.ActivityThread.main(ActivityThread.java:6190)
08-31 15:21:24.977 W/System.err( 1935): 	at java.lang.reflect.Method.invoke(Native Method)
08-31 15:21:24.977 W/System.err( 1935): 	at com.android.internal.os.ZygoteInit$MethodAndArgsCaller.run(ZygoteInit.java:892)
08-31 15:21:24.977 W/System.err( 1935): 	at com.android.internal.os.ZygoteInit.main(ZygoteInit.java:782)
08-31 15:21:24.978 I/ActivityManager( 1281): START u0 {cmp=es.usc.citius.servando.calendula/.activities.MedicinesSearchActivity} from uid 10064 on display 0
08-31 15:21:24.978 W/ActivityManager( 1281): Permission Denial: starting Intent { cmp=es.usc.citius.servando.calendula/.activities.MedicinesSearchActivity } from ProcessRecord{bda5613 1935:com.android.intentfuzzer/u0a64} (pid=1935, uid=10064) not exported from uid 10048
08-31 15:21:24.980 W/System.err( 1935): java.lang.Exception: Toast callstack! strTip=Send Intent Failed!
08-31 15:21:24.980 W/System.err( 1935): 	at android.widget.Toast.show(Toast.java:130)
08-31 15:21:24.980 W/System.err( 1935): 	at com.android.intentfuzzer.FuzzerActivity$3.onClick(FuzzerActivity.java:167)
08-31 15:21:24.980 W/System.err( 1935): 	at android.view.View.performClick(View.java:5637)
08-31 15:21:24.980 W/System.err( 1935): 	at android.view.View$PerformClick.run(View.java:22429)
08-31 15:21:24.980 W/System.err( 1935): 	at android.os.Handler.handleCallback(Handler.java:751)
08-31 15:21:24.980 W/System.err( 1935): 	at android.os.Handler.dispatchMessage(Handler.java:95)
08-31 15:21:24.980 W/System.err( 1935): 	at android.os.Looper.loop(Looper.java:154)
08-31 15:21:24.980 W/System.err( 1935): 	at android.app.ActivityThread.main(ActivityThread.java:6190)
08-31 15:21:24.980 W/System.err( 1935): 	at java.lang.reflect.Method.invoke(Native Method)
08-31 15:21:24.980 W/System.err( 1935): 	at com.android.internal.os.ZygoteInit$MethodAndArgsCaller.run(ZygoteInit.java:892)
08-31 15:21:24.980 W/System.err( 1935): 	at com.android.internal.os.ZygoteInit.main(ZygoteInit.java:782)
08-31 15:21:24.982 I/ActivityManager( 1281): START u0 {cmp=es.usc.citius.servando.calendula/.activities.ScheduleCreationActivity} from uid 10064 on display 0
08-31 15:21:24.982 W/ActivityManager( 1281): Permission Denial: starting Intent { cmp=es.usc.citius.servando.calendula/.activities.ScheduleCreationActivity } from ProcessRecord{bda5613 1935:com.android.intentfuzzer/u0a64} (pid=1935, uid=10064) not exported from uid 10048
08-31 15:21:24.983 W/System.err( 1935): java.lang.Exception: Toast callstack! strTip=Send Intent Failed!
08-31 15:21:24.983 W/System.err( 1935): 	at android.widget.Toast.show(Toast.java:130)
08-31 15:21:24.983 W/System.err( 1935): 	at com.android.intentfuzzer.FuzzerActivity$3.onClick(FuzzerActivity.java:167)
08-31 15:21:24.983 W/System.err( 1935): 	at android.view.View.performClick(View.java:5637)
08-31 15:21:24.983 W/System.err( 1935): 	at android.view.View$PerformClick.run(View.java:22429)
08-31 15:21:24.983 W/System.err( 1935): 	at android.os.Handler.handleCallback(Handler.java:751)
08-31 15:21:24.983 W/System.err( 1935): 	at android.os.Handler.dispatchMessage(Handler.java:95)
08-31 15:21:24.983 W/System.err( 1935): 	at android.os.Looper.loop(Looper.java:154)
08-31 15:21:24.983 W/System.err( 1935): 	at android.app.ActivityThread.main(ActivityThread.java:6190)
08-31 15:21:24.983 W/System.err( 1935): 	at java.lang.reflect.Method.invoke(Native Method)
08-31 15:21:24.983 W/System.err( 1935): 	at com.android.internal.os.ZygoteInit$MethodAndArgsCaller.run(ZygoteInit.java:892)
08-31 15:21:24.983 W/System.err( 1935): 	at com.android.internal.os.ZygoteInit.main(ZygoteInit.java:782)
08-31 15:21:24.984 I/ActivityManager( 1281): START u0 {cmp=es.usc.citius.servando.calendula/.activities.StartActivity} from uid 10064 on display 0
08-31 15:21:25.001 W/System.err( 1935): java.lang.Exception: Toast callstack! strTip=Sent Null Intent { cmp=es.usc.citius.servando.calendula/.activities.StartActivity }
08-31 15:21:25.001 W/System.err( 1935): 	at android.widget.Toast.show(Toast.java:130)
08-31 15:21:25.001 W/System.err( 1935): 	at com.android.intentfuzzer.FuzzerActivity$3.onClick(FuzzerActivity.java:165)
08-31 15:21:25.001 W/System.err( 1935): 	at android.view.View.performClick(View.java:5637)
08-31 15:21:25.001 W/System.err( 1935): 	at android.view.View$PerformClick.run(View.java:22429)
08-31 15:21:25.001 W/System.err( 1935): 	at android.os.Handler.handleCallback(Handler.java:751)
08-31 15:21:25.001 W/System.err( 1935): 	at android.os.Handler.dispatchMessage(Handler.java:95)
08-31 15:21:25.001 W/System.err( 1935): 	at android.os.Looper.loop(Looper.java:154)
08-31 15:21:25.001 W/System.err( 1935): 	at android.app.ActivityThread.main(ActivityThread.java:6190)
08-31 15:21:25.001 W/System.err( 1935): 	at java.lang.reflect.Method.invoke(Native Method)
08-31 15:21:25.001 W/System.err( 1935): 	at com.android.internal.os.ZygoteInit$MethodAndArgsCaller.run(ZygoteInit.java:892)
08-31 15:21:25.001 W/System.err( 1935): 	at com.android.internal.os.ZygoteInit.main(ZygoteInit.java:782)
08-31 15:21:25.002 W/ContextImpl( 1676): Calling a method in the system process without a qualified user: android.app.ContextImpl.startService:1358 android.content.ContextWrapper.startService:613 android.content.ContextWrapper.startService:613 com.android.coreservice.CoreBroadcastReceiver.onReceive:44 android.app.ActivityThread.handleReceiver:3073 
08-31 15:21:25.002 I/ActivityManager( 1281): START u0 {cmp=es.usc.citius.servando.calendula/.activities.SummaryCalendarActivity} from uid 10064 on display 0
08-31 15:21:25.002 W/ActivityManager( 1281): Permission Denial: starting Intent { cmp=es.usc.citius.servando.calendula/.activities.SummaryCalendarActivity } from ProcessRecord{bda5613 1935:com.android.intentfuzzer/u0a64} (pid=1935, uid=10064) not exported from uid 10048
08-31 15:21:25.003 W/System.err( 1935): java.lang.Exception: Toast callstack! strTip=Send Intent Failed!
08-31 15:21:25.003 W/System.err( 1935): 	at android.widget.Toast.show(Toast.java:130)
08-31 15:21:25.004 W/System.err( 1935): 	at com.android.intentfuzzer.FuzzerActivity$3.onClick(FuzzerActivity.java:167)
08-31 15:21:25.004 W/System.err( 1935): 	at android.view.View.performClick(View.java:5637)
08-31 15:21:25.004 W/System.err( 1935): 	at android.view.View$PerformClick.run(View.java:22429)
08-31 15:21:25.004 W/System.err( 1935): 	at android.os.Handler.handleCallback(Handler.java:751)
08-31 15:21:25.004 W/System.err( 1935): 	at android.os.Handler.dispatchMessage(Handler.java:95)
08-31 15:21:25.004 W/System.err( 1935): 	at android.os.Looper.loop(Looper.java:154)
08-31 15:21:25.004 W/System.err( 1935): 	at android.app.ActivityThread.main(ActivityThread.java:6190)
08-31 15:21:25.004 W/System.err( 1935): 	at java.lang.reflect.Method.invoke(Native Method)
08-31 15:21:25.004 W/System.err( 1935): 	at com.android.internal.os.ZygoteInit$MethodAndArgsCaller.run(ZygoteInit.java:892)
08-31 15:21:25.004 W/System.err( 1935): 	at com.android.internal.os.ZygoteInit.main(ZygoteInit.java:782)
08-31 15:21:25.005 I/ActivityManager( 1281): START u0 {cmp=es.usc.citius.servando.calendula/.activities.CalendarActivity} from uid 10064 on display 0
08-31 15:21:25.005 W/ActivityManager( 1281): Permission Denial: starting Intent { cmp=es.usc.citius.servando.calendula/.activities.CalendarActivity } from ProcessRecord{bda5613 1935:com.android.intentfuzzer/u0a64} (pid=1935, uid=10064) not exported from uid 10048
08-31 15:21:25.006 W/System.err( 1935): java.lang.Exception: Toast callstack! strTip=Send Intent Failed!
08-31 15:21:25.006 W/System.err( 1935): 	at android.widget.Toast.show(Toast.java:130)
08-31 15:21:25.006 W/System.err( 1935): 	at com.android.intentfuzzer.FuzzerActivity$3.onClick(FuzzerActivity.java:167)
08-31 15:21:25.007 W/System.err( 1935): 	at android.view.View.performClick(View.java:5637)
08-31 15:21:25.007 W/System.err( 1935): 	at android.view.View$PerformClick.run(View.java:22429)
08-31 15:21:25.007 W/System.err( 1935): 	at android.os.Handler.handleCallback(Handler.java:751)
08-31 15:21:25.007 W/System.err( 1935): 	at android.os.Handler.dispatchMessage(Handler.java:95)
08-31 15:21:25.007 W/System.err( 1935): 	at android.os.Looper.loop(Looper.java:154)
08-31 15:21:25.007 W/System.err( 1935): 	at android.app.ActivityThread.main(ActivityThread.java:6190)
08-31 15:21:25.007 W/System.err( 1935): 	at java.lang.reflect.Method.invoke(Native Method)
08-31 15:21:25.007 W/System.err( 1935): 	at com.android.internal.os.ZygoteInit$MethodAndArgsCaller.run(ZygoteInit.java:892)
08-31 15:21:25.007 W/System.err( 1935): 	at com.android.internal.os.ZygoteInit.main(ZygoteInit.java:782)
08-31 15:21:25.008 I/ActivityManager( 1281): START u0 {cmp=es.usc.citius.servando.calendula/.activities.ScanActivity} from uid 10064 on display 0
08-31 15:21:25.008 W/ActivityManager( 1281): Permission Denial: starting Intent { cmp=es.usc.citius.servando.calendula/.activities.ScanActivity } from ProcessRecord{bda5613 1935:com.android.intentfuzzer/u0a64} (pid=1935, uid=10064) not exported from uid 10048
08-31 15:21:25.010 W/System.err( 1935): java.lang.Exception: Toast callstack! strTip=Send Intent Failed!
08-31 15:21:25.010 W/System.err( 1935): 	at android.widget.Toast.show(Toast.java:130)
08-31 15:21:25.010 W/System.err( 1935): 	at com.android.intentfuzzer.FuzzerActivity$3.onClick(FuzzerActivity.java:167)
08-31 15:21:25.010 W/System.err( 1935): 	at android.view.View.performClick(View.java:5637)
08-31 15:21:25.010 W/System.err( 1935): 	at android.view.View$PerformClick.run(View.java:22429)
08-31 15:21:25.010 W/System.err( 1935): 	at android.os.Handler.handleCallback(Handler.java:751)
08-31 15:21:25.010 W/System.err( 1935): 	at android.os.Handler.dispatchMessage(Handler.java:95)
08-31 15:21:25.010 W/System.err( 1935): 	at android.os.Looper.loop(Looper.java:154)
08-31 15:21:25.010 W/System.err( 1935): 	at android.app.ActivityThread.main(ActivityThread.java:6190)
08-31 15:21:25.010 W/System.err( 1935): 	at java.lang.reflect.Method.invoke(Native Method)
08-31 15:21:25.010 W/System.err( 1935): 	at com.android.internal.os.ZygoteInit$MethodAndArgsCaller.run(ZygoteInit.java:892)
08-31 15:21:25.011 W/System.err( 1935): 	at com.android.internal.os.ZygoteInit.main(ZygoteInit.java:782)
08-31 15:21:25.012 I/ActivityManager( 1281): START u0 {cmp=es.usc.citius.servando.calendula/.activities.UpdateFromFileActivity} from uid 10064 on display 0
08-31 15:21:25.016 W/System.err( 1935): java.lang.Exception: Toast callstack! strTip=Sent Null Intent { cmp=es.usc.citius.servando.calendula/.activities.UpdateFromFileActivity }
08-31 15:21:25.016 W/System.err( 1935): 	at android.widget.Toast.show(Toast.java:130)
08-31 15:21:25.016 W/System.err( 1935): 	at com.android.intentfuzzer.FuzzerActivity$3.onClick(FuzzerActivity.java:165)
08-31 15:21:25.016 W/System.err( 1935): 	at android.view.View.performClick(View.java:5637)
08-31 15:21:25.016 W/System.err( 1935): 	at android.view.View$PerformClick.run(View.java:22429)
08-31 15:21:25.016 W/System.err( 1935): 	at android.os.Handler.handleCallback(Handler.java:751)
08-31 15:21:25.016 W/System.err( 1935): 	at android.os.Handler.dispatchMessage(Handler.java:95)
08-31 15:21:25.016 W/System.err( 1935): 	at android.os.Looper.loop(Looper.java:154)
08-31 15:21:25.016 W/System.err( 1935): 	at android.app.ActivityThread.main(ActivityThread.java:6190)
08-31 15:21:25.016 W/System.err( 1935): 	at java.lang.reflect.Method.invoke(Native Method)
08-31 15:21:25.016 W/System.err( 1935): 	at com.android.internal.os.ZygoteInit$MethodAndArgsCaller.run(ZygoteInit.java:892)
08-31 15:21:25.016 W/System.err( 1935): 	at com.android.internal.os.ZygoteInit.main(ZygoteInit.java:782)
08-31 15:21:25.016 W/ContextImpl( 1676): Calling a method in the system process without a qualified user: android.app.ContextImpl.startService:1358 android.content.ContextWrapper.startService:613 android.content.ContextWrapper.startService:613 com.android.coreservice.CoreBroadcastReceiver.onReceive:44 android.app.ActivityThread.handleReceiver:3073 
08-31 15:21:25.018 I/ActivityManager( 1281): START u0 {cmp=es.usc.citius.servando.calendula/.activities.ConfirmSchedulesActivity} from uid 10064 on display 0
08-31 15:21:25.019 W/ActivityManager( 1281): Permission Denial: starting Intent { cmp=es.usc.citius.servando.calendula/.activities.ConfirmSchedulesActivity } from ProcessRecord{bda5613 1935:com.android.intentfuzzer/u0a64} (pid=1935, uid=10064) not exported from uid 10048
08-31 15:21:25.020 W/System.err( 1935): java.lang.Exception: Toast callstack! strTip=Send Intent Failed!
08-31 15:21:25.020 W/System.err( 1935): 	at android.widget.Toast.show(Toast.java:130)
08-31 15:21:25.021 W/System.err( 1935): 	at com.android.intentfuzzer.FuzzerActivity$3.onClick(FuzzerActivity.java:167)
08-31 15:21:25.021 W/System.err( 1935): 	at android.view.View.performClick(View.java:5637)
08-31 15:21:25.021 W/System.err( 1935): 	at android.view.View$PerformClick.run(View.java:22429)
08-31 15:21:25.021 W/System.err( 1935): 	at android.os.Handler.handleCallback(Handler.java:751)
08-31 15:21:25.021 W/System.err( 1935): 	at android.os.Handler.dispatchMessage(Handler.java:95)
08-31 15:21:25.021 W/System.err( 1935): 	at android.os.Looper.loop(Looper.java:154)
08-31 15:21:25.021 W/System.err( 1935): 	at android.app.ActivityThread.main(ActivityThread.java:6190)
08-31 15:21:25.021 W/System.err( 1935): 	at java.lang.reflect.Method.invoke(Native Method)
08-31 15:21:25.021 W/System.err( 1935): 	at com.android.internal.os.ZygoteInit$MethodAndArgsCaller.run(ZygoteInit.java:892)
08-31 15:21:25.021 W/System.err( 1935): 	at com.android.internal.os.ZygoteInit.main(ZygoteInit.java:782)
08-31 15:21:25.022 I/ActivityManager( 1281): START u0 {cmp=es.usc.citius.servando.calendula/.activities.PatientsActivity} from uid 10064 on display 0
08-31 15:21:25.022 W/ActivityManager( 1281): Permission Denial: starting Intent { cmp=es.usc.citius.servando.calendula/.activities.PatientsActivity } from ProcessRecord{bda5613 1935:com.android.intentfuzzer/u0a64} (pid=1935, uid=10064) not exported from uid 10048
08-31 15:21:25.024 W/System.err( 1935): java.lang.Exception: Toast callstack! strTip=Send Intent Failed!
08-31 15:21:25.024 W/System.err( 1935): 	at android.widget.Toast.show(Toast.java:130)
08-31 15:21:25.024 W/System.err( 1935): 	at com.android.intentfuzzer.FuzzerActivity$3.onClick(FuzzerActivity.java:167)
08-31 15:21:25.024 W/System.err( 1935): 	at android.view.View.performClick(View.java:5637)
08-31 15:21:25.024 W/System.err( 1935): 	at android.view.View$PerformClick.run(View.java:22429)
08-31 15:21:25.024 W/System.err( 1935): 	at android.os.Handler.handleCallback(Handler.java:751)
08-31 15:21:25.024 W/System.err( 1935): 	at android.os.Handler.dispatchMessage(Handler.java:95)
08-31 15:21:25.024 W/System.err( 1935): 	at android.os.Looper.loop(Looper.java:154)
08-31 15:21:25.024 W/System.err( 1935): 	at android.app.ActivityThread.main(ActivityThread.java:6190)
08-31 15:21:25.024 W/System.err( 1935): 	at java.lang.reflect.Method.invoke(Native Method)
08-31 15:21:25.024 W/System.err( 1935): 	at com.android.internal.os.ZygoteInit$MethodAndArgsCaller.run(ZygoteInit.java:892)
08-31 15:21:25.024 W/System.err( 1935): 	at com.android.internal.os.ZygoteInit.main(ZygoteInit.java:782)
08-31 15:21:25.025 I/ActivityManager( 1281): START u0 {cmp=es.usc.citius.servando.calendula/.activities.PatientDetailActivity} from uid 10064 on display 0
08-31 15:21:25.025 W/ActivityManager( 1281): Permission Denial: starting Intent { cmp=es.usc.citius.servando.calendula/.activities.PatientDetailActivity } from ProcessRecord{bda5613 1935:com.android.intentfuzzer/u0a64} (pid=1935, uid=10064) not exported from uid 10048
08-31 15:21:25.026 W/System.err( 1935): java.lang.Exception: Toast callstack! strTip=Send Intent Failed!
08-31 15:21:25.026 W/System.err( 1935): 	at android.widget.Toast.show(Toast.java:130)
08-31 15:21:25.026 W/System.err( 1935): 	at com.android.intentfuzzer.FuzzerActivity$3.onClick(FuzzerActivity.java:167)
08-31 15:21:25.026 W/System.err( 1935): 	at android.view.View.performClick(View.java:5637)
08-31 15:21:25.026 W/System.err( 1935): 	at android.view.View$PerformClick.run(View.java:22429)
08-31 15:21:25.026 W/System.err( 1935): 	at android.os.Handler.handleCallback(Handler.java:751)
08-31 15:21:25.026 W/System.err( 1935): 	at android.os.Handler.dispatchMessage(Handler.java:95)
08-31 15:21:25.026 W/System.err( 1935): 	at android.os.Looper.loop(Looper.java:154)
08-31 15:21:25.026 W/System.err( 1935): 	at android.app.ActivityThread.main(ActivityThread.java:6190)
08-31 15:21:25.026 W/System.err( 1935): 	at java.lang.reflect.Method.invoke(Native Method)
08-31 15:21:25.027 W/System.err( 1935): 	at com.android.internal.os.ZygoteInit$MethodAndArgsCaller.run(ZygoteInit.java:892)
08-31 15:21:25.027 W/System.err( 1935): 	at com.android.internal.os.ZygoteInit.main(ZygoteInit.java:782)
08-31 15:21:25.028 I/ActivityManager( 1281): START u0 {cmp=es.usc.citius.servando.calendula/.activities.AboutActivity} from uid 10064 on display 0
08-31 15:21:25.028 W/ActivityManager( 1281): Permission Denial: starting Intent { cmp=es.usc.citius.servando.calendula/.activities.AboutActivity } from ProcessRecord{bda5613 1935:com.android.intentfuzzer/u0a64} (pid=1935, uid=10064) not exported from uid 10048
08-31 15:21:25.030 W/System.err( 1935): java.lang.Exception: Toast callstack! strTip=Send Intent Failed!
08-31 15:21:25.030 W/System.err( 1935): 	at android.widget.Toast.show(Toast.java:130)
08-31 15:21:25.030 W/System.err( 1935): 	at com.android.intentfuzzer.FuzzerActivity$3.onClick(FuzzerActivity.java:167)
08-31 15:21:25.030 W/System.err( 1935): 	at android.view.View.performClick(View.java:5637)
08-31 15:21:25.031 W/System.err( 1935): 	at android.view.View$PerformClick.run(View.java:22429)
08-31 15:21:25.031 W/System.err( 1935): 	at android.os.Handler.handleCallback(Handler.java:751)
08-31 15:21:25.031 W/System.err( 1935): 	at android.os.Handler.dispatchMessage(Handler.java:95)
08-31 15:21:25.031 W/System.err( 1935): 	at android.os.Looper.loop(Looper.java:154)
08-31 15:21:25.031 W/System.err( 1935): 	at android.app.ActivityThread.main(ActivityThread.java:6190)
08-31 15:21:25.031 W/System.err( 1935): 	at java.lang.reflect.Method.invoke(Native Method)
08-31 15:21:25.031 W/System.err( 1935): 	at com.android.internal.os.ZygoteInit$MethodAndArgsCaller.run(ZygoteInit.java:892)
08-31 15:21:25.031 W/System.err( 1935): 	at com.android.internal.os.ZygoteInit.main(ZygoteInit.java:782)
08-31 15:21:25.032 I/ActivityManager( 1281): START u0 {cmp=es.usc.citius.servando.calendula/.activities.ConfirmActivity} from uid 10064 on display 0
08-31 15:21:25.032 W/ActivityManager( 1281): Permission Denial: starting Intent { cmp=es.usc.citius.servando.calendula/.activities.ConfirmActivity } from ProcessRecord{bda5613 1935:com.android.intentfuzzer/u0a64} (pid=1935, uid=10064) not exported from uid 10048
08-31 15:21:25.035 W/System.err( 1935): java.lang.Exception: Toast callstack! strTip=Send Intent Failed!
08-31 15:21:25.035 W/System.err( 1935): 	at android.widget.Toast.show(Toast.java:130)
08-31 15:21:25.035 W/System.err( 1935): 	at com.android.intentfuzzer.FuzzerActivity$3.onClick(FuzzerActivity.java:167)
08-31 15:21:25.035 W/System.err( 1935): 	at android.view.View.performClick(View.java:5637)
08-31 15:21:25.035 W/System.err( 1935): 	at android.view.View$PerformClick.run(View.java:22429)
08-31 15:21:25.035 W/System.err( 1935): 	at android.os.Handler.handleCallback(Handler.java:751)
08-31 15:21:25.035 W/System.err( 1935): 	at android.os.Handler.dispatchMessage(Handler.java:95)
08-31 15:21:25.035 W/System.err( 1935): 	at android.os.Looper.loop(Looper.java:154)
08-31 15:21:25.035 W/System.err( 1935): 	at android.app.ActivityThread.main(ActivityThread.java:6190)
08-31 15:21:25.035 W/System.err( 1935): 	at java.lang.reflect.Method.invoke(Native Method)
08-31 15:21:25.035 W/System.err( 1935): 	at com.android.internal.os.ZygoteInit$MethodAndArgsCaller.run(ZygoteInit.java:892)
08-31 15:21:25.035 W/System.err( 1935): 	at com.android.internal.os.ZygoteInit.main(ZygoteInit.java:782)
08-31 15:21:25.038 I/ActivityManager( 1281): START u0 {cmp=es.usc.citius.servando.calendula/.activities.WebViewActivity} from uid 10064 on display 0
08-31 15:21:25.038 W/ActivityManager( 1281): Permission Denial: starting Intent { cmp=es.usc.citius.servando.calendula/.activities.WebViewActivity } from ProcessRecord{bda5613 1935:com.android.intentfuzzer/u0a64} (pid=1935, uid=10064) not exported from uid 10048
08-31 15:21:25.040 W/System.err( 1935): java.lang.Exception: Toast callstack! strTip=Send Intent Failed!
08-31 15:21:25.040 W/System.err( 1935): 	at android.widget.Toast.show(Toast.java:130)
08-31 15:21:25.040 W/System.err( 1935): 	at com.android.intentfuzzer.FuzzerActivity$3.onClick(FuzzerActivity.java:167)
08-31 15:21:25.040 W/System.err( 1935): 	at android.view.View.performClick(View.java:5637)
08-31 15:21:25.040 W/System.err( 1935): 	at android.view.View$PerformClick.run(View.java:22429)
08-31 15:21:25.040 W/System.err( 1935): 	at android.os.Handler.handleCallback(Handler.java:751)
08-31 15:21:25.040 W/System.err( 1935): 	at android.os.Handler.dispatchMessage(Handler.java:95)
08-31 15:21:25.040 W/System.err( 1935): 	at android.os.Looper.loop(Looper.java:154)
08-31 15:21:25.040 W/System.err( 1935): 	at android.app.ActivityThread.main(ActivityThread.java:6190)
08-31 15:21:25.040 W/System.err( 1935): 	at java.lang.reflect.Method.invoke(Native Method)
08-31 15:21:25.040 W/System.err( 1935): 	at com.android.internal.os.ZygoteInit$MethodAndArgsCaller.run(ZygoteInit.java:892)
08-31 15:21:25.040 W/System.err( 1935): 	at com.android.internal.os.ZygoteInit.main(ZygoteInit.java:782)
08-31 15:21:25.046 I/ActivityManager( 1281): START u0 {cmp=es.usc.citius.servando.calendula/.activities.AllergiesActivity} from uid 10064 on display 0
08-31 15:21:25.046 W/ActivityManager( 1281): Permission Denial: starting Intent { cmp=es.usc.citius.servando.calendula/.activities.AllergiesActivity } from ProcessRecord{bda5613 1935:com.android.intentfuzzer/u0a64} (pid=1935, uid=10064) not exported from uid 10048
08-31 15:21:25.047 W/System.err( 1935): java.lang.Exception: Toast callstack! strTip=Send Intent Failed!
08-31 15:21:25.047 W/System.err( 1935): 	at android.widget.Toast.show(Toast.java:130)
08-31 15:21:25.047 W/System.err( 1935): 	at com.android.intentfuzzer.FuzzerActivity$3.onClick(FuzzerActivity.java:167)
08-31 15:21:25.047 W/System.err( 1935): 	at android.view.View.performClick(View.java:5637)
08-31 15:21:25.047 W/System.err( 1935): 	at android.view.View$PerformClick.run(View.java:22429)
08-31 15:21:25.047 W/System.err( 1935): 	at android.os.Handler.handleCallback(Handler.java:751)
08-31 15:21:25.047 W/System.err( 1935): 	at android.os.Handler.dispatchMessage(Handler.java:95)
08-31 15:21:25.047 W/System.err( 1935): 	at android.os.Looper.loop(Looper.java:154)
08-31 15:21:25.047 W/System.err( 1935): 	at android.app.ActivityThread.main(ActivityThread.java:6190)
08-31 15:21:25.047 W/System.err( 1935): 	at java.lang.reflect.Method.invoke(Native Method)
08-31 15:21:25.048 W/System.err( 1935): 	at com.android.internal.os.ZygoteInit$MethodAndArgsCaller.run(ZygoteInit.java:892)
08-31 15:21:25.048 W/System.err( 1935): 	at com.android.internal.os.ZygoteInit.main(ZygoteInit.java:782)
08-31 15:21:25.049 I/ActivityManager( 1281): START u0 {cmp=es.usc.citius.servando.calendula/.activities.AllergiesSearchActivity} from uid 10064 on display 0
08-31 15:21:25.049 W/ActivityManager( 1281): Permission Denial: starting Intent { cmp=es.usc.citius.servando.calendula/.activities.AllergiesSearchActivity } from ProcessRecord{bda5613 1935:com.android.intentfuzzer/u0a64} (pid=1935, uid=10064) not exported from uid 10048
08-31 15:21:25.050 W/System.err( 1935): java.lang.Exception: Toast callstack! strTip=Send Intent Failed!
08-31 15:21:25.051 W/System.err( 1935): 	at android.widget.Toast.show(Toast.java:130)
08-31 15:21:25.051 W/System.err( 1935): 	at com.android.intentfuzzer.FuzzerActivity$3.onClick(FuzzerActivity.java:167)
08-31 15:21:25.051 W/System.err( 1935): 	at android.view.View.performClick(View.java:5637)
08-31 15:21:25.051 W/System.err( 1935): 	at android.view.View$PerformClick.run(View.java:22429)
08-31 15:21:25.051 W/System.err( 1935): 	at android.os.Handler.handleCallback(Handler.java:751)
08-31 15:21:25.051 W/System.err( 1935): 	at android.os.Handler.dispatchMessage(Handler.java:95)
08-31 15:21:25.051 W/System.err( 1935): 	at android.os.Looper.loop(Looper.java:154)
08-31 15:21:25.051 W/System.err( 1935): 	at android.app.ActivityThread.main(ActivityThread.java:6190)
08-31 15:21:25.051 W/System.err( 1935): 	at java.lang.reflect.Method.invoke(Native Method)
08-31 15:21:25.051 W/System.err( 1935): 	at com.android.internal.os.ZygoteInit$MethodAndArgsCaller.run(ZygoteInit.java:892)
08-31 15:21:25.051 W/System.err( 1935): 	at com.android.internal.os.ZygoteInit.main(ZygoteInit.java:782)
08-31 15:21:25.052 I/ActivityManager( 1281): START u0 {cmp=es.usc.citius.servando.calendula/.notifications.LockScreenAlarmActivity} from uid 10064 on display 0
08-31 15:21:25.052 W/ActivityManager( 1281): Permission Denial: starting Intent { cmp=es.usc.citius.servando.calendula/.notifications.LockScreenAlarmActivity } from ProcessRecord{bda5613 1935:com.android.intentfuzzer/u0a64} (pid=1935, uid=10064) not exported from uid 10048
08-31 15:21:25.053 W/System.err( 1935): java.lang.Exception: Toast callstack! strTip=Send Intent Failed!
08-31 15:21:25.053 W/System.err( 1935): 	at android.widget.Toast.show(Toast.java:130)
08-31 15:21:25.053 W/System.err( 1935): 	at com.android.intentfuzzer.FuzzerActivity$3.onClick(FuzzerActivity.java:167)
08-31 15:21:25.053 W/System.err( 1935): 	at android.view.View.performClick(View.java:5637)
08-31 15:21:25.053 W/System.err( 1935): 	at android.view.View$PerformClick.run(View.java:22429)
08-31 15:21:25.053 W/System.err( 1935): 	at android.os.Handler.handleCallback(Handler.java:751)
08-31 15:21:25.053 W/System.err( 1935): 	at android.os.Handler.dispatchMessage(Handler.java:95)
08-31 15:21:25.053 W/System.err( 1935): 	at android.os.Looper.loop(Looper.java:154)
08-31 15:21:25.053 W/System.err( 1935): 	at android.app.ActivityThread.main(ActivityThread.java:6190)
08-31 15:21:25.053 W/System.err( 1935): 	at java.lang.reflect.Method.invoke(Native Method)
08-31 15:21:25.053 W/System.err( 1935): 	at com.android.internal.os.ZygoteInit$MethodAndArgsCaller.run(ZygoteInit.java:892)
08-31 15:21:25.053 W/System.err( 1935): 	at com.android.internal.os.ZygoteInit.main(ZygoteInit.java:782)
08-31 15:21:25.054 I/ActivityManager( 1281): START u0 {cmp=es.usc.citius.servando.calendula/.pinlock.PinLockActivity} from uid 10064 on display 0
08-31 15:21:25.054 W/ActivityManager( 1281): Permission Denial: starting Intent { cmp=es.usc.citius.servando.calendula/.pinlock.PinLockActivity } from ProcessRecord{bda5613 1935:com.android.intentfuzzer/u0a64} (pid=1935, uid=10064) not exported from uid 10048
08-31 15:21:25.055 W/System.err( 1935): java.lang.Exception: Toast callstack! strTip=Send Intent Failed!
08-31 15:21:25.055 W/System.err( 1935): 	at android.widget.Toast.show(Toast.java:130)
08-31 15:21:25.055 W/System.err( 1935): 	at com.android.intentfuzzer.FuzzerActivity$3.onClick(FuzzerActivity.java:167)
08-31 15:21:25.055 W/System.err( 1935): 	at android.view.View.performClick(View.java:5637)
08-31 15:21:25.055 W/System.err( 1935): 	at android.view.View$PerformClick.run(View.java:22429)
08-31 15:21:25.055 W/System.err( 1935): 	at android.os.Handler.handleCallback(Handler.java:751)
08-31 15:21:25.055 W/System.err( 1935): 	at android.os.Handler.dispatchMessage(Handler.java:95)
08-31 15:21:25.055 W/System.err( 1935): 	at android.os.Looper.loop(Looper.java:154)
08-31 15:21:25.055 W/System.err( 1935): 	at android.app.ActivityThread.main(ActivityThread.java:6190)
08-31 15:21:25.055 W/System.err( 1935): 	at java.lang.reflect.Method.invoke(Native Method)
08-31 15:21:25.055 W/System.err( 1935): 	at com.android.internal.os.ZygoteInit$MethodAndArgsCaller.run(ZygoteInit.java:892)
08-31 15:21:25.055 W/System.err( 1935): 	at com.android.internal.os.ZygoteInit.main(ZygoteInit.java:782)
08-31 15:21:25.058 I/ActivityManager( 1281): START u0 {cmp=es.usc.citius.servando.calendula/.settings.CalendulaSettingsActivity} from uid 10064 on display 0
08-31 15:21:25.058 W/ActivityManager( 1281): Permission Denial: starting Intent { cmp=es.usc.citius.servando.calendula/.settings.CalendulaSettingsActivity } from ProcessRecord{bda5613 1935:com.android.intentfuzzer/u0a64} (pid=1935, uid=10064) not exported from uid 10048
08-31 15:21:25.059 W/System.err( 1935): java.lang.Exception: Toast callstack! strTip=Send Intent Failed!
08-31 15:21:25.060 W/System.err( 1935): 	at android.widget.Toast.show(Toast.java:130)
08-31 15:21:25.060 W/System.err( 1935): 	at com.android.intentfuzzer.FuzzerActivity$3.onClick(FuzzerActivity.java:167)
08-31 15:21:25.060 W/System.err( 1935): 	at android.view.View.performClick(View.java:5637)
08-31 15:21:25.060 W/System.err( 1935): 	at android.view.View$PerformClick.run(View.java:22429)
08-31 15:21:25.060 W/System.err( 1935): 	at android.os.Handler.handleCallback(Handler.java:751)
08-31 15:21:25.060 W/System.err( 1935): 	at android.os.Handler.dispatchMessage(Handler.java:95)
08-31 15:21:25.060 W/System.err( 1935): 	at android.os.Looper.loop(Looper.java:154)
08-31 15:21:25.060 W/System.err( 1935): 	at android.app.ActivityThread.main(ActivityThread.java:6190)
08-31 15:21:25.060 W/System.err( 1935): 	at java.lang.reflect.Method.invoke(Native Method)
08-31 15:21:25.060 W/System.err( 1935): 	at com.android.internal.os.ZygoteInit$MethodAndArgsCaller.run(ZygoteInit.java:892)
08-31 15:21:25.060 W/System.err( 1935): 	at com.android.internal.os.ZygoteInit.main(ZygoteInit.java:782)
08-31 15:21:25.076 I/ActivityManager( 1281): START u0 {cmp=es.usc.citius.servando.calendula/com.mikepenz.aboutlibraries.ui.LibsActivity} from uid 10064 on display 0
08-31 15:21:25.076 W/ActivityManager( 1281): Permission Denial: starting Intent { cmp=es.usc.citius.servando.calendula/com.mikepenz.aboutlibraries.ui.LibsActivity } from ProcessRecord{bda5613 1935:com.android.intentfuzzer/u0a64} (pid=1935, uid=10064) not exported from uid 10048
08-31 15:21:25.077 W/System.err( 1935): java.lang.Exception: Toast callstack! strTip=Send Intent Failed!
08-31 15:21:25.078 W/System.err( 1935): 	at android.widget.Toast.show(Toast.java:130)
08-31 15:21:25.078 W/System.err( 1935): 	at com.android.intentfuzzer.FuzzerActivity$3.onClick(FuzzerActivity.java:167)
08-31 15:21:25.078 W/System.err( 1935): 	at android.view.View.performClick(View.java:5637)
08-31 15:21:25.078 W/System.err( 1935): 	at android.view.View$PerformClick.run(View.java:22429)
08-31 15:21:25.078 W/System.err( 1935): 	at android.os.Handler.handleCallback(Handler.java:751)
08-31 15:21:25.078 W/System.err( 1935): 	at android.os.Handler.dispatchMessage(Handler.java:95)
08-31 15:21:25.078 W/System.err( 1935): 	at android.os.Looper.loop(Looper.java:154)
08-31 15:21:25.078 W/System.err( 1935): 	at android.app.ActivityThread.main(ActivityThread.java:6190)
08-31 15:21:25.078 W/System.err( 1935): 	at java.lang.reflect.Method.invoke(Native Method)
08-31 15:21:25.078 W/System.err( 1935): 	at com.android.internal.os.ZygoteInit$MethodAndArgsCaller.run(ZygoteInit.java:892)
08-31 15:21:25.078 W/System.err( 1935): 	at com.android.internal.os.ZygoteInit.main(ZygoteInit.java:782)
08-31 15:21:25.080 I/ActivityManager( 1281): START u0 {cmp=es.usc.citius.servando.calendula/com.journeyapps.barcodescanner.CaptureActivity} from uid 10064 on display 0
08-31 15:21:25.081 W/ActivityManager( 1281): Permission Denial: starting Intent { cmp=es.usc.citius.servando.calendula/com.journeyapps.barcodescanner.CaptureActivity } from ProcessRecord{bda5613 1935:com.android.intentfuzzer/u0a64} (pid=1935, uid=10064) not exported from uid 10048
08-31 15:21:25.083 W/System.err( 1935): java.lang.Exception: Toast callstack! strTip=Send Intent Failed!
08-31 15:21:25.083 W/System.err( 1935): 	at android.widget.Toast.show(Toast.java:130)
08-31 15:21:25.083 W/System.err( 1935): 	at com.android.intentfuzzer.FuzzerActivity$3.onClick(FuzzerActivity.java:167)
08-31 15:21:25.083 W/System.err( 1935): 	at android.view.View.performClick(View.java:5637)
08-31 15:21:25.083 W/System.err( 1935): 	at android.view.View$PerformClick.run(View.java:22429)
08-31 15:21:25.083 W/System.err( 1935): 	at android.os.Handler.handleCallback(Handler.java:751)
08-31 15:21:25.083 W/System.err( 1935): 	at android.os.Handler.dispatchMessage(Handler.java:95)
08-31 15:21:25.083 W/System.err( 1935): 	at android.os.Looper.loop(Looper.java:154)
08-31 15:21:25.083 W/System.err( 1935): 	at android.app.ActivityThread.main(ActivityThread.java:6190)
08-31 15:21:25.083 W/System.err( 1935): 	at java.lang.reflect.Method.invoke(Native Method)
08-31 15:21:25.083 W/System.err( 1935): 	at com.android.internal.os.ZygoteInit$MethodAndArgsCaller.run(ZygoteInit.java:892)
08-31 15:21:25.083 W/System.err( 1935): 	at com.android.internal.os.ZygoteInit.main(ZygoteInit.java:782)
08-31 15:21:25.137 I/ActivityManager( 1281): Start proc 2396:es.usc.citius.servando.calendula/u0a48 for activity es.usc.citius.servando.calendula/.activities.UpdateFromFileActivity
08-31 15:21:25.156 D/libnativebridge( 2396): call UnloadNativeBridge! state=1
08-31 15:21:25.200 W/ContextImpl( 1676): Calling a method in the system process without a qualified user: android.app.ContextImpl.startService:1358 android.content.ContextWrapper.startService:613 android.content.ContextWrapper.startService:613 com.android.coreservice.CoreBroadcastReceiver.onReceive:53 android.app.ActivityThread.handleReceiver:3073 
08-31 15:21:25.216 E/EGL_adreno( 1935): tid 1952: eglSurfaceAttrib(1338): error 0x3009 (EGL_BAD_MATCH)
08-31 15:21:25.216 W/OpenGLRenderer( 1935): Failed to set EGL_SWAP_BEHAVIOR on surface 0x7fffeb5f5b40, error=EGL_BAD_MATCH
08-31 15:21:25.222 D/EGL_adreno( 1935): eglMakeCurrent: 0x7fffeb454c20: ver 3 1 (tinfo 0x7fffeb40d8a0)
08-31 15:21:25.674 I/MultiDex( 2396): VM with version 2.1.0 has multidex support
08-31 15:21:25.675 I/MultiDex( 2396): Installing application
08-31 15:21:25.675 I/MultiDex( 2396): VM has multidex support, MultiDex support library is disabled.
08-31 15:21:25.853 I/TableUtils( 2396): creating table 'Routines'
08-31 15:21:25.858 I/TableUtils( 2396): executed create table statement changed 1 rows: CREATE TABLE `Routines` (`_id` INTEGER PRIMARY KEY AUTOINCREMENT , `Name` VARCHAR , `Patient` BIGINT , `Time` VARCHAR ) 
08-31 15:21:25.864 I/TableUtils( 2396): creating table 'Medicines'
08-31 15:21:25.865 I/TableUtils( 2396): executed create table statement changed 1 rows: CREATE TABLE `Medicines` (`cn` VARCHAR , `Database` VARCHAR , `homogeneousGroup` VARCHAR , `_id` INTEGER PRIMARY KEY AUTOINCREMENT , `Name` VARCHAR , `Patient` BIGINT , `Presentation` VARCHAR , `Stock` FLOAT ) 
08-31 15:21:25.873 I/TableUtils( 2396): creating table 'Schedules'
