08-31 15:23:27.878 W/System.err( 1935): 	at com.android.internal.os.ZygoteInit$MethodAndArgsCaller.run(ZygoteInit.java:892)
08-31 15:23:27.878 W/System.err( 1935): 	at com.android.internal.os.ZygoteInit.main(ZygoteInit.java:782)
08-31 15:23:27.880 I/ActivityManager( 1281): START u0 {cmp=es.usc.citius.servando.calendula/.settings.CalendulaSettingsActivity (has extras)} from uid 10064 on display 0
08-31 15:23:27.880 W/ActivityManager( 1281): Permission Denial: starting Intent { cmp=es.usc.citius.servando.calendula/.settings.CalendulaSettingsActivity (has extras) } from ProcessRecord{bda5613 1935:com.android.intentfuzzer/u0a64} (pid=1935, uid=10064) not exported from uid 10048
08-31 15:23:27.881 W/System.err( 1935): java.lang.Exception: Toast callstack! strTip=Send Intent Failed!
08-31 15:23:27.882 W/System.err( 1935): 	at android.widget.Toast.show(Toast.java:130)
08-31 15:23:27.882 W/System.err( 1935): 	at com.android.intentfuzzer.FuzzerActivity$4.onClick(FuzzerActivity.java:186)
08-31 15:23:27.882 W/System.err( 1935): 	at android.view.View.performClick(View.java:5637)
08-31 15:23:27.882 W/System.err( 1935): 	at android.view.View$PerformClick.run(View.java:22429)
08-31 15:23:27.882 W/System.err( 1935): 	at android.os.Handler.handleCallback(Handler.java:751)
08-31 15:23:27.882 W/System.err( 1935): 	at android.os.Handler.dispatchMessage(Handler.java:95)
08-31 15:23:27.882 W/System.err( 1935): 	at android.os.Looper.loop(Looper.java:154)
08-31 15:23:27.882 W/System.err( 1935): 	at android.app.ActivityThread.main(ActivityThread.java:6190)
08-31 15:23:27.882 W/System.err( 1935): 	at java.lang.reflect.Method.invoke(Native Method)
08-31 15:23:27.882 W/System.err( 1935): 	at com.android.internal.os.ZygoteInit$MethodAndArgsCaller.run(ZygoteInit.java:892)
08-31 15:23:27.882 W/System.err( 1935): 	at com.android.internal.os.ZygoteInit.main(ZygoteInit.java:782)
08-31 15:23:27.884 I/ActivityManager( 1281): START u0 {cmp=es.usc.citius.servando.calendula/com.mikepenz.aboutlibraries.ui.LibsActivity (has extras)} from uid 10064 on display 0
08-31 15:23:27.884 W/ActivityManager( 1281): Permission Denial: starting Intent { cmp=es.usc.citius.servando.calendula/com.mikepenz.aboutlibraries.ui.LibsActivity (has extras) } from ProcessRecord{bda5613 1935:com.android.intentfuzzer/u0a64} (pid=1935, uid=10064) not exported from uid 10048
08-31 15:23:27.886 W/System.err( 1935): java.lang.Exception: Toast callstack! strTip=Send Intent Failed!
08-31 15:23:27.886 W/System.err( 1935): 	at android.widget.Toast.show(Toast.java:130)
08-31 15:23:27.886 W/System.err( 1935): 	at com.android.intentfuzzer.FuzzerActivity$4.onClick(FuzzerActivity.java:186)
08-31 15:23:27.886 W/System.err( 1935): 	at android.view.View.performClick(View.java:5637)
08-31 15:23:27.886 W/System.err( 1935): 	at android.view.View$PerformClick.run(View.java:22429)
08-31 15:23:27.886 W/System.err( 1935): 	at android.os.Handler.handleCallback(Handler.java:751)
08-31 15:23:27.886 W/System.err( 1935): 	at android.os.Handler.dispatchMessage(Handler.java:95)
08-31 15:23:27.886 W/System.err( 1935): 	at android.os.Looper.loop(Looper.java:154)
08-31 15:23:27.886 W/System.err( 1935): 	at android.app.ActivityThread.main(ActivityThread.java:6190)
08-31 15:23:27.886 W/System.err( 1935): 	at java.lang.reflect.Method.invoke(Native Method)
08-31 15:23:27.886 W/System.err( 1935): 	at com.android.internal.os.ZygoteInit$MethodAndArgsCaller.run(ZygoteInit.java:892)
08-31 15:23:27.886 W/System.err( 1935): 	at com.android.internal.os.ZygoteInit.main(ZygoteInit.java:782)
08-31 15:23:27.888 I/ActivityManager( 1281): START u0 {cmp=es.usc.citius.servando.calendula/com.journeyapps.barcodescanner.CaptureActivity (has extras)} from uid 10064 on display 0
08-31 15:23:27.888 W/ActivityManager( 1281): Permission Denial: starting Intent { cmp=es.usc.citius.servando.calendula/com.journeyapps.barcodescanner.CaptureActivity (has extras) } from ProcessRecord{bda5613 1935:com.android.intentfuzzer/u0a64} (pid=1935, uid=10064) not exported from uid 10048
08-31 15:23:27.890 W/System.err( 1935): java.lang.Exception: Toast callstack! strTip=Send Intent Failed!
08-31 15:23:27.890 W/System.err( 1935): 	at android.widget.Toast.show(Toast.java:130)
08-31 15:23:27.890 W/System.err( 1935): 	at com.android.intentfuzzer.FuzzerActivity$4.onClick(FuzzerActivity.java:186)
08-31 15:23:27.890 W/System.err( 1935): 	at android.view.View.performClick(View.java:5637)
08-31 15:23:27.890 W/System.err( 1935): 	at android.view.View$PerformClick.run(View.java:22429)
08-31 15:23:27.890 W/System.err( 1935): 	at android.os.Handler.handleCallback(Handler.java:751)
08-31 15:23:27.890 W/System.err( 1935): 	at android.os.Handler.dispatchMessage(Handler.java:95)
08-31 15:23:27.890 W/System.err( 1935): 	at android.os.Looper.loop(Looper.java:154)
08-31 15:23:27.890 W/System.err( 1935): 	at android.app.ActivityThread.main(ActivityThread.java:6190)
08-31 15:23:27.890 W/System.err( 1935): 	at java.lang.reflect.Method.invoke(Native Method)
08-31 15:23:27.890 W/System.err( 1935): 	at com.android.internal.os.ZygoteInit$MethodAndArgsCaller.run(ZygoteInit.java:892)
08-31 15:23:27.890 W/System.err( 1935): 	at com.android.internal.os.ZygoteInit.main(ZygoteInit.java:782)
08-31 15:23:27.911 I/ActivityManager( 1281): Start proc 2436:es.usc.citius.servando.calendula/u0a48 for activity es.usc.citius.servando.calendula/.activities.UpdateFromFileActivity
08-31 15:23:27.931 D/libnativebridge( 2436): call UnloadNativeBridge! state=1
08-31 15:23:27.957 W/ContextImpl( 1676): Calling a method in the system process without a qualified user: android.app.ContextImpl.startService:1358 android.content.ContextWrapper.startService:613 android.content.ContextWrapper.startService:613 com.android.coreservice.CoreBroadcastReceiver.onReceive:53 android.app.ActivityThread.handleReceiver:3073 
08-31 15:23:27.992 D/EGL_adreno( 1935): eglMakeCurrent: 0x7fffeb454c20: ver 3 1 (tinfo 0x7fffeb40d8a0)
08-31 15:23:28.295 I/MultiDex( 2436): VM with version 2.1.0 has multidex support
08-31 15:23:28.295 I/MultiDex( 2436): Installing application
08-31 15:23:28.295 I/MultiDex( 2436): VM has multidex support, MultiDex support library is disabled.
08-31 15:23:28.439 I/art     ( 2436): Compiler allocated 4MB to compile void com.j256.ormlite.field.FieldType.<init>(com.j256.ormlite.support.ConnectionSource, java.lang.String, java.lang.reflect.Field, com.j256.ormlite.field.DatabaseFieldConfig, java.lang.Class)
08-31 15:23:28.800 W/System.err( 2436): java.lang.Exception: Toast callstack! strTip=El fichero de actualizacin no es vlido!
08-31 15:23:28.800 W/System.err( 2436): 	at android.widget.Toast.show(Toast.java:130)
08-31 15:23:28.800 W/System.err( 2436): 	at es.usc.citius.servando.calendula.activities.UpdateFromFileActivity.onCreate(Unknown Source)
08-31 15:23:28.800 W/System.err( 2436): 	at android.app.Activity.performCreate(Activity.java:6701)
08-31 15:23:28.800 W/System.err( 2436): 	at android.app.Instrumentation.callActivityOnCreate(Instrumentation.java:1118)
08-31 15:23:28.800 W/System.err( 2436): 	at android.app.ActivityThread.performLaunchActivity(ActivityThread.java:2651)
08-31 15:23:28.800 W/System.err( 2436): 	at android.app.ActivityThread.handleLaunchActivity(ActivityThread.java:2759)
08-31 15:23:28.800 W/System.err( 2436): 	at android.app.ActivityThread.-wrap12(ActivityThread.java)
08-31 15:23:28.800 W/System.err( 2436): 	at android.app.ActivityThread$H.handleMessage(ActivityThread.java:1482)
08-31 15:23:28.800 W/System.err( 2436): 	at android.os.Handler.dispatchMessage(Handler.java:102)
08-31 15:23:28.800 W/System.err( 2436): 	at android.os.Looper.loop(Looper.java:154)
08-31 15:23:28.800 W/System.err( 2436): 	at android.app.ActivityThread.main(ActivityThread.java:6190)
08-31 15:23:28.800 W/System.err( 2436): 	at java.lang.reflect.Method.invoke(Native Method)
08-31 15:23:28.800 W/System.err( 2436): 	at com.android.internal.os.ZygoteInit$MethodAndArgsCaller.run(ZygoteInit.java:892)
08-31 15:23:28.800 W/System.err( 2436): 	at com.android.internal.os.ZygoteInit.main(ZygoteInit.java:782)
08-31 15:23:28.807 W/ContextImpl( 1676): Calling a method in the system process without a qualified user: android.app.ContextImpl.startService:1358 android.content.ContextWrapper.startService:613 android.content.ContextWrapper.startService:613 com.android.coreservice.CoreBroadcastReceiver.onReceive:53 android.app.ActivityThread.handleReceiver:3073 
08-31 15:23:28.810 D/JobRescheduleService( 2436): Reschedule service started
08-31 15:23:28.814 W/ContextImpl( 1676): Calling a method in the system process without a qualified user: android.app.ContextImpl.startService:1358 android.content.ContextWrapper.startService:613 android.content.ContextWrapper.startService:613 com.android.coreservice.CoreBroadcastReceiver.onReceive:44 android.app.ActivityThread.handleReceiver:3073 
08-31 15:23:28.819 D/AndroidRuntime( 2436): Shutting down VM
08-31 15:23:28.820 E/AndroidRuntime( 2436): FATAL EXCEPTION: main
08-31 15:23:28.820 E/AndroidRuntime( 2436): Process: es.usc.citius.servando.calendula, PID: 2436
08-31 15:23:28.820 E/AndroidRuntime( 2436): java.lang.RuntimeException: Unable to start activity ComponentInfo{es.usc.citius.servando.calendula/es.usc.citius.servando.calendula.activities.StartActivity}: java.lang.RuntimeException: Parcelable encountered ClassNotFoundException reading a Serializable object (name = com.android.intentfuzzer.util.SerializableTest)
08-31 15:23:28.820 E/AndroidRuntime( 2436): 	at android.app.ActivityThread.performLaunchActivity(ActivityThread.java:2698)
08-31 15:23:28.820 E/AndroidRuntime( 2436): 	at android.app.ActivityThread.handleLaunchActivity(ActivityThread.java:2759)
08-31 15:23:28.820 E/AndroidRuntime( 2436): 	at android.app.ActivityThread.-wrap12(ActivityThread.java)
08-31 15:23:28.820 E/AndroidRuntime( 2436): 	at android.app.ActivityThread$H.handleMessage(ActivityThread.java:1482)
08-31 15:23:28.820 E/AndroidRuntime( 2436): 	at android.os.Handler.dispatchMessage(Handler.java:102)
08-31 15:23:28.820 E/AndroidRuntime( 2436): 	at android.os.Looper.loop(Looper.java:154)
08-31 15:23:28.820 E/AndroidRuntime( 2436): 	at android.app.ActivityThread.main(ActivityThread.java:6190)
08-31 15:23:28.820 E/AndroidRuntime( 2436): 	at java.lang.reflect.Method.invoke(Native Method)
08-31 15:23:28.820 E/AndroidRuntime( 2436): 	at com.android.internal.os.ZygoteInit$MethodAndArgsCaller.run(ZygoteInit.java:892)
08-31 15:23:28.820 E/AndroidRuntime( 2436): 	at com.android.internal.os.ZygoteInit.main(ZygoteInit.java:782)
08-31 15:23:28.820 E/AndroidRuntime( 2436): Caused by: java.lang.RuntimeException: Parcelable encountered ClassNotFoundException reading a Serializable object (name = com.android.intentfuzzer.util.SerializableTest)
08-31 15:23:28.820 E/AndroidRuntime( 2436): 	at android.os.Parcel.readSerializable(Parcel.java:2630)
08-31 15:23:28.820 E/AndroidRuntime( 2436): 	at android.os.Parcel.readValue(Parcel.java:2416)
08-31 15:23:28.820 E/AndroidRuntime( 2436): 	at android.os.Parcel.readArrayMapInternal(Parcel.java:2732)
08-31 15:23:28.820 E/AndroidRuntime( 2436): 	at android.os.BaseBundle.unparcel(BaseBundle.java:269)
08-31 15:23:28.820 E/AndroidRuntime( 2436): 	at android.os.BaseBundle.getBoolean(BaseBundle.java:731)
08-31 15:23:28.820 E/AndroidRuntime( 2436): 	at android.content.Intent.getBooleanExtra(Intent.java:6110)
08-31 15:23:28.820 E/AndroidRuntime( 2436): 	at es.usc.citius.servando.calendula.activities.StartActivity.verifyUnlockAndLaunch(Unknown Source)
08-31 15:23:28.820 E/AndroidRuntime( 2436): 	at es.usc.citius.servando.calendula.activities.StartActivity.onCreate(Unknown Source)
08-31 15:23:28.820 E/AndroidRuntime( 2436): 	at android.app.Activity.performCreate(Activity.java:6701)
08-31 15:23:28.820 E/AndroidRuntime( 2436): 	at android.app.Instrumentation.callActivityOnCreate(Instrumentation.java:1118)
08-31 15:23:28.820 E/AndroidRuntime( 2436): 	at android.app.ActivityThread.performLaunchActivity(ActivityThread.java:2651)
08-31 15:23:28.820 E/AndroidRuntime( 2436): 	... 9 more
08-31 15:23:28.820 E/AndroidRuntime( 2436): Caused by: java.lang.ClassNotFoundException: com.android.intentfuzzer.util.SerializableTest
08-31 15:23:28.820 E/AndroidRuntime( 2436): 	at java.lang.Class.classForName(Native Method)
08-31 15:23:28.820 E/AndroidRuntime( 2436): 	at java.lang.Class.forName(Class.java:400)
08-31 15:23:28.820 E/AndroidRuntime( 2436): 	at android.os.Parcel$2.resolveClass(Parcel.java:2616)
08-31 15:23:28.820 E/AndroidRuntime( 2436): 	at java.io.ObjectInputStream.readNonProxyDesc(ObjectInputStream.java:1613)
08-31 15:23:28.820 E/AndroidRuntime( 2436): 	at java.io.ObjectInputStream.readClassDesc(ObjectInputStream.java:1518)
08-31 15:23:28.820 E/AndroidRuntime( 2436): 	at java.io.ObjectInputStream.readOrdinaryObject(ObjectInputStream.java:1772)
08-31 15:23:28.820 E/AndroidRuntime( 2436): 	at java.io.ObjectInputStream.readObject0(ObjectInputStream.java:1351)
08-31 15:23:28.820 E/AndroidRuntime( 2436): 	at java.io.ObjectInputStream.readObject(ObjectInputStream.java:373)
08-31 15:23:28.820 E/AndroidRuntime( 2436): 	at android.os.Parcel.readSerializable(Parcel.java:2624)
08-31 15:23:28.820 E/AndroidRuntime( 2436): 	... 19 more
08-31 15:23:28.820 E/AndroidRuntime( 2436): Caused by: java.lang.ClassNotFoundException: Didn't find class "com.android.intentfuzzer.util.SerializableTest" on path: DexPathList[[zip file "/data/app/es.usc.citius.servando.calendula-1/base.apk"],nativeLibraryDirectories=[/data/app/es.usc.citius.servando.calendula-1/lib/x86_64, /data/app/es.usc.citius.servando.calendula-1/base.apk!/lib/x86_64, /system/lib64, /vendor/lib64]]
08-31 15:23:28.820 E/AndroidRuntime( 2436): 	at dalvik.system.BaseDexClassLoader.findClass(BaseDexClassLoader.java:56)
08-31 15:23:28.820 E/AndroidRuntime( 2436): 	at java.lang.ClassLoader.loadClass(ClassLoader.java:380)
08-31 15:23:28.820 E/AndroidRuntime( 2436): 	at java.lang.ClassLoader.loadClass(ClassLoader.java:312)
08-31 15:23:28.820 E/AndroidRuntime( 2436): 	... 28 more
08-31 15:23:28.821 W/ActivityManager( 1281):   Force finishing activity es.usc.citius.servando.calendula/.activities.StartActivity
08-31 15:23:28.825 W/ActivityManager( 1281):   Force finishing activity com.android.intentfuzzer/.FuzzerActivity
08-31 15:23:28.828 W/System.err( 1281): java.lang.Exception: show AlertDialog! title=Calendula
08-31 15:23:28.828 W/System.err( 1281): 	at android.app.AlertDialog.show(AlertDialog.java:134)
08-31 15:23:28.828 W/System.err( 1281): 	at com.android.server.am.AppErrors.handleShowAppErrorUi(AppErrors.java:719)
08-31 15:23:28.828 W/System.err( 1281): 	at com.android.server.am.ActivityManagerService$UiHandler.handleMessage(ActivityManagerService.java:1637)
08-31 15:23:28.828 W/System.err( 1281): 	at android.os.Handler.dispatchMessage(Handler.java:102)
08-31 15:23:28.828 W/System.err( 1281): 	at android.os.Looper.loop(Looper.java:154)
08-31 15:23:28.828 W/System.err( 1281): 	at android.os.HandlerThread.run(HandlerThread.java:61)
08-31 15:23:28.828 W/System.err( 1281): 	at com.android.server.ServiceThread.run(ServiceThread.java:46)
08-31 15:23:28.840 W/ContextImpl( 1676): Calling a method in the system process without a qualified user: android.app.ContextImpl.startService:1358 android.content.ContextWrapper.startService:613 android.content.ContextWrapper.startService:613 com.android.coreservice.CoreBroadcastReceiver.onReceive:44 android.app.ActivityThread.handleReceiver:3073 
08-31 15:23:28.849 W/WindowManager( 1281): Attempted to remove non-existing token: android.os.Binder@97fe122
08-31 15:23:28.875 I/HostConnection( 1281): HostConnection::HostConnection: pid=1281, tid=1989, this=0x7fffcdb9dd60
08-31 15:23:28.877 I/        ( 1281): fastpipe: Connect success
08-31 15:23:28.877 D/HostConnection( 1281): HostRPC::connect sucess: app=system_server, pid=1281, tid=1989, this=0x7fffcb5f2f00
08-31 15:23:28.878 D/HostConnection( 1281): queryAndSetGLESMaxVersion select gles-version: 3.1 hostGLVersion:46 process:system_server
08-31 15:23:28.881 I/OpenGLRenderer( 1281): Initialized EGL, version 1.4
08-31 15:23:28.881 D/OpenGLRenderer( 1281): Swap behavior 1
08-31 15:23:28.881 I/EGL_adreno( 1281): eglCreateContext request GLES major-version=2
08-31 15:23:28.939 D/TaskPersister( 1281): getImageFromWriteQueue return null! filePath=/data/system_ce/0/recent_images/16_task_thumbnail.png
08-31 15:23:28.951 D/EGL_adreno( 1281): eglCreateContext: 0x7fffccffacc0: maj 3 min 1 rcv 4
08-31 15:23:29.020 D/EGL_adreno( 1281): eglMakeCurrent: 0x7fffccffacc0: ver 3 1 (tinfo 0x7fffcdb14d40)
08-31 15:23:29.063 E/EGL_adreno( 1281): tid 1989: eglSurfaceAttrib(1338): error 0x3009 (EGL_BAD_MATCH)
08-31 15:23:29.063 W/OpenGLRenderer( 1281): Failed to set EGL_SWAP_BEHAVIOR on surface 0x7fffcda68700, error=EGL_BAD_MATCH
08-31 15:23:29.070 D/EGL_adreno( 1281): eglMakeCurrent: 0x7fffccffacc0: ver 3 1 (tinfo 0x7fffcdb14d40)
08-31 15:23:29.096 E/EGL_adreno( 1935): tid 1952: eglSurfaceAttrib(1338): error 0x3009 (EGL_BAD_MATCH)
08-31 15:23:29.096 W/OpenGLRenderer( 1935): Failed to set EGL_SWAP_BEHAVIOR on surface 0x7fffeb5c9580, error=EGL_BAD_MATCH
08-31 15:23:29.100 D/EGL_adreno( 1935): eglMakeCurrent: 0x7fffeb454c20: ver 3 1 (tinfo 0x7fffeb40d8a0)
08-31 15:23:29.327 W/ActivityManager( 1281): Activity pause timeout for ActivityRecord{5e831af u0 es.usc.citius.servando.calendula/.activities.StartActivity t3 f}
08-31 15:23:29.476 W/ContextImpl( 1676): Calling a method in the system process without a qualified user: android.app.ContextImpl.startService:1358 android.content.ContextWrapper.startService:613 android.content.ContextWrapper.startService:613 com.android.coreservice.CoreBroadcastReceiver.onReceive:53 android.app.ActivityThread.handleReceiver:3073 
08-31 15:23:29.610 E/EGL_adreno( 1935): tid 1952: eglSurfaceAttrib(1338): error 0x3009 (EGL_BAD_MATCH)
08-31 15:23:29.611 W/OpenGLRenderer( 1935): Failed to set EGL_SWAP_BEHAVIOR on surface 0x7fffeb41bd00, error=EGL_BAD_MATCH
08-31 15:23:29.615 D/EGL_adreno( 1935): eglMakeCurrent: 0x7fffeb454c20: ver 3 1 (tinfo 0x7fffeb40d8a0)
08-31 15:23:29.978 W/WindowManager( 1281): Failed looking up window
08-31 15:23:29.978 W/WindowManager( 1281): java.lang.IllegalArgumentException: Requested window android.view.ViewRootImpl$W@866a7a7 does not exist
08-31 15:23:29.978 W/WindowManager( 1281): 	at com.android.server.wm.WindowManagerService.windowForClientLocked(WindowManagerService.java:9459)
08-31 15:23:29.978 W/WindowManager( 1281): 	at com.android.server.wm.WindowManagerService.windowForClientLocked(WindowManagerService.java:9450)
08-31 15:23:29.978 W/WindowManager( 1281): 	at com.android.server.wm.WindowManagerService.removeWindow(WindowManagerService.java:2410)
08-31 15:23:29.978 W/WindowManager( 1281): 	at com.android.server.wm.Session.remove(Session.java:202)
08-31 15:23:29.978 W/WindowManager( 1281): 	at android.view.ViewRootImpl.dispatchDetachedFromWindow(ViewRootImpl.java:3290)
08-31 15:23:29.978 W/WindowManager( 1281): 	at android.view.ViewRootImpl.doDie(ViewRootImpl.java:5917)
08-31 15:23:29.978 W/WindowManager( 1281): 	at android.view.ViewRootImpl$ViewRootHandler.handleMessage(ViewRootImpl.java:3626)
08-31 15:23:29.978 W/WindowManager( 1281): 	at android.os.Handler.dispatchMessage(Handler.java:102)
08-31 15:23:29.978 W/WindowManager( 1281): 	at android.os.Looper.loop(Looper.java:154)
08-31 15:23:29.978 W/WindowManager( 1281): 	at android.os.HandlerThread.run(HandlerThread.java:61)
08-31 15:23:29.978 W/WindowManager( 1281): 	at com.android.server.ServiceThread.run(ServiceThread.java:46)
08-31 15:23:30.869 D/audio_hw_hal( 1087): log_func, out_standby
08-31 15:23:30.869 D/audio_hw_hal( 1087): raw_close_output_stream, dev=0xf6e480c0, stream =0xf6e43140
08-31 15:23:30.869 D/audio_hw_hal( 1087): raw_close_output_stream, stream=0xf6e43140,  success!
08-31 15:23:32.356 W/WindowManager( 1281): Attempted to remove non-existing token: android.os.Binder@45767b3
08-31 15:23:32.476 E/EGL_adreno( 1935): tid 1952: eglSurfaceAttrib(1338): error 0x3009 (EGL_BAD_MATCH)
08-31 15:23:32.476 W/OpenGLRenderer( 1935): Failed to set EGL_SWAP_BEHAVIOR on surface 0x7fffeb5c9580, error=EGL_BAD_MATCH
08-31 15:23:32.477 D/EGL_adreno( 1935): eglMakeCurrent: 0x7fffeb454c20: ver 3 1 (tinfo 0x7fffeb40d8a0)
08-31 15:23:35.875 D/EGL_adreno( 1935): eglMakeCurrent: 0x7fffeb454c20: ver 3 1 (tinfo 0x7fffeb40d8a0)
08-31 15:23:35.890 W/WindowManager( 1281): Attempted to remove non-existing token: android.os.Binder@241e170
08-31 15:23:36.020 E/EGL_adreno( 1935): tid 1952: eglSurfaceAttrib(1338): error 0x3009 (EGL_BAD_MATCH)
08-31 15:23:36.020 W/OpenGLRenderer( 1935): Failed to set EGL_SWAP_BEHAVIOR on surface 0x7fffeb5c9580, error=EGL_BAD_MATCH
08-31 15:23:36.021 D/EGL_adreno( 1935): eglMakeCurrent: 0x7fffeb454c20: ver 3 1 (tinfo 0x7fffeb40d8a0)
08-31 15:23:38.916 D/JobRescheduleService( 2436): Reschedule 0 jobs of 2 jobs
08-31 15:23:39.406 D/EGL_adreno( 1935): eglMakeCurrent: 0x7fffeb454c20: ver 3 1 (tinfo 0x7fffeb40d8a0)
08-31 15:23:39.423 W/WindowManager( 1281): Attempted to remove non-existing token: android.os.Binder@55d4ce9
08-31 15:23:39.570 E/EGL_adreno( 1935): tid 1952: eglSurfaceAttrib(1338): error 0x3009 (EGL_BAD_MATCH)
08-31 15:23:39.570 W/OpenGLRenderer( 1935): Failed to set EGL_SWAP_BEHAVIOR on surface 0x7fffeb5c9580, error=EGL_BAD_MATCH
08-31 15:23:39.574 D/EGL_adreno( 1935): eglMakeCurrent: 0x7fffeb454c20: ver 3 1 (tinfo 0x7fffeb40d8a0)
08-31 15:23:39.983 W/ActivityManager( 1281): Activity destroy timeout for ActivityRecord{5e831af u0 es.usc.citius.servando.calendula/.activities.StartActivity t3 f}
08-31 15:23:39.984 W/ActivityManager( 1281): Activity destroy timeout for ActivityRecord{975eef9 u0 es.usc.citius.servando.calendula/.activities.UpdateFromFileActivity t3 f}
08-31 15:23:42.943 D/EGL_adreno( 1935): eglMakeCurrent: 0x7fffeb454c20: ver 3 1 (tinfo 0x7fffeb40d8a0)
08-31 15:23:42.956 W/WindowManager( 1281): Attempted to remove non-existing token: android.os.Binder@634cea5
08-31 15:23:43.112 E/EGL_adreno( 1935): tid 1952: eglSurfaceAttrib(1338): error 0x3009 (EGL_BAD_MATCH)
08-31 15:23:43.112 W/OpenGLRenderer( 1935): Failed to set EGL_SWAP_BEHAVIOR on surface 0x7fffeb5c9580, error=EGL_BAD_MATCH
08-31 15:23:43.118 D/EGL_adreno( 1935): eglMakeCurrent: 0x7fffeb454c20: ver 3 1 (tinfo 0x7fffeb40d8a0)
08-31 15:23:46.464 D/EGL_adreno( 1935): eglMakeCurrent: 0x7fffeb454c20: ver 3 1 (tinfo 0x7fffeb40d8a0)
08-31 15:23:46.472 W/WindowManager( 1281): Attempted to remove non-existing token: android.os.Binder@410727a
08-31 15:23:46.576 E/EGL_adreno( 1935): tid 1952: eglSurfaceAttrib(1338): error 0x3009 (EGL_BAD_MATCH)
08-31 15:23:46.576 W/OpenGLRenderer( 1935): Failed to set EGL_SWAP_BEHAVIOR on surface 0x7fffeb5c9580, error=EGL_BAD_MATCH
08-31 15:23:46.578 D/EGL_adreno( 1935): eglMakeCurrent: 0x7fffeb454c20: ver 3 1 (tinfo 0x7fffeb40d8a0)
08-31 15:23:50.018 W/WindowManager( 1281): Attempted to remove non-existing token: android.os.Binder@23e1a2b
08-31 15:23:50.056 D/EGL_adreno( 1935): eglMakeCurrent: 0x7fffeb454c20: ver 3 1 (tinfo 0x7fffeb40d8a0)
08-31 15:23:50.180 E/EGL_adreno( 1935): tid 1952: eglSurfaceAttrib(1338): error 0x3009 (EGL_BAD_MATCH)
08-31 15:23:50.180 W/OpenGLRenderer( 1935): Failed to set EGL_SWAP_BEHAVIOR on surface 0x7fffeb5c9580, error=EGL_BAD_MATCH
08-31 15:23:50.182 D/EGL_adreno( 1935): eglMakeCurrent: 0x7fffeb454c20: ver 3 1 (tinfo 0x7fffeb40d8a0)
08-31 15:23:53.527 D/EGL_adreno( 1935): eglMakeCurrent: 0x7fffeb454c20: ver 3 1 (tinfo 0x7fffeb40d8a0)
08-31 15:23:53.539 W/WindowManager( 1281): Attempted to remove non-existing token: android.os.Binder@8ac6e88
08-31 15:23:53.652 E/EGL_adreno( 1935): tid 1952: eglSurfaceAttrib(1338): error 0x3009 (EGL_BAD_MATCH)
08-31 15:23:53.652 W/OpenGLRenderer( 1935): Failed to set EGL_SWAP_BEHAVIOR on surface 0x7fffeb5c9580, error=EGL_BAD_MATCH
08-31 15:23:53.657 D/EGL_adreno( 1935): eglMakeCurrent: 0x7fffeb454c20: ver 3 1 (tinfo 0x7fffeb40d8a0)
08-31 15:23:57.050 D/EGL_adreno( 1935): eglMakeCurrent: 0x7fffeb454c20: ver 3 1 (tinfo 0x7fffeb40d8a0)
08-31 15:23:57.056 W/WindowManager( 1281): Attempted to remove non-existing token: android.os.Binder@bddeb34
08-31 15:23:57.180 E/EGL_adreno( 1935): tid 1952: eglSurfaceAttrib(1338): error 0x3009 (EGL_BAD_MATCH)
08-31 15:23:57.180 W/OpenGLRenderer( 1935): Failed to set EGL_SWAP_BEHAVIOR on surface 0x7fffeb5c9580, error=EGL_BAD_MATCH
08-31 15:23:57.181 D/EGL_adreno( 1935): eglMakeCurrent: 0x7fffeb454c20: ver 3 1 (tinfo 0x7fffeb40d8a0)
08-31 15:24:00.563 D/EGL_adreno( 1935): eglMakeCurrent: 0x7fffeb454c20: ver 3 1 (tinfo 0x7fffeb40d8a0)
08-31 15:24:00.572 W/WindowManager( 1281): Attempted to remove non-existing token: android.os.Binder@95f2d5d
08-31 15:24:00.677 E/EGL_adreno( 1935): tid 1952: eglSurfaceAttrib(1338): error 0x3009 (EGL_BAD_MATCH)
08-31 15:24:00.677 W/OpenGLRenderer( 1935): Failed to set EGL_SWAP_BEHAVIOR on surface 0x7fffeb5c9580, error=EGL_BAD_MATCH
08-31 15:24:00.679 D/EGL_adreno( 1935): eglMakeCurrent: 0x7fffeb454c20: ver 3 1 (tinfo 0x7fffeb40d8a0)
08-31 15:24:04.081 D/EGL_adreno( 1935): eglMakeCurrent: 0x7fffeb454c20: ver 3 1 (tinfo 0x7fffeb40d8a0)
08-31 15:24:04.089 W/WindowManager( 1281): Attempted to remove non-existing token: android.os.Binder@46d6d2
08-31 15:24:04.193 E/EGL_adreno( 1935): tid 1952: eglSurfaceAttrib(1338): error 0x3009 (EGL_BAD_MATCH)
08-31 15:24:04.193 W/OpenGLRenderer( 1935): Failed to set EGL_SWAP_BEHAVIOR on surface 0x7fffeb5c9580, error=EGL_BAD_MATCH
08-31 15:24:04.195 D/EGL_adreno( 1935): eglMakeCurrent: 0x7fffeb454c20: ver 3 1 (tinfo 0x7fffeb40d8a0)
08-31 15:24:07.596 D/EGL_adreno( 1935): eglMakeCurrent: 0x7fffeb454c20: ver 3 1 (tinfo 0x7fffeb40d8a0)
08-31 15:24:07.605 W/WindowManager( 1281): Attempted to remove non-existing token: android.os.Binder@c09a3a3
08-31 15:24:07.711 E/EGL_adreno( 1935): tid 1952: eglSurfaceAttrib(1338): error 0x3009 (EGL_BAD_MATCH)
08-31 15:24:07.711 W/OpenGLRenderer( 1935): Failed to set EGL_SWAP_BEHAVIOR on surface 0x7fffeb5c9580, error=EGL_BAD_MATCH
08-31 15:24:07.713 D/EGL_adreno( 1935): eglMakeCurrent: 0x7fffeb454c20: ver 3 1 (tinfo 0x7fffeb40d8a0)
08-31 15:24:11.111 D/EGL_adreno( 1935): eglMakeCurrent: 0x7fffeb454c20: ver 3 1 (tinfo 0x7fffeb40d8a0)
08-31 15:24:11.123 W/WindowManager( 1281): Attempted to remove non-existing token: android.os.Binder@30886a0
08-31 15:24:11.229 E/EGL_adreno( 1935): tid 1952: eglSurfaceAttrib(1338): error 0x3009 (EGL_BAD_MATCH)
08-31 15:24:11.229 W/OpenGLRenderer( 1935): Failed to set EGL_SWAP_BEHAVIOR on surface 0x7fffeb5c9580, error=EGL_BAD_MATCH
08-31 15:24:11.232 D/EGL_adreno( 1935): eglMakeCurrent: 0x7fffeb454c20: ver 3 1 (tinfo 0x7fffeb40d8a0)
08-31 15:24:14.662 D/EGL_adreno( 1935): eglMakeCurrent: 0x7fffeb454c20: ver 3 1 (tinfo 0x7fffeb40d8a0)
08-31 15:24:14.673 W/WindowManager( 1281): Attempted to remove non-existing token: android.os.Binder@3664259
08-31 15:24:14.801 E/EGL_adreno( 1935): tid 1952: eglSurfaceAttrib(1338): error 0x3009 (EGL_BAD_MATCH)
08-31 15:24:14.801 W/OpenGLRenderer( 1935): Failed to set EGL_SWAP_BEHAVIOR on surface 0x7fffeb5c9580, error=EGL_BAD_MATCH
08-31 15:24:14.803 D/EGL_adreno( 1935): eglMakeCurrent: 0x7fffeb454c20: ver 3 1 (tinfo 0x7fffeb40d8a0)
08-31 15:24:18.187 D/EGL_adreno( 1935): eglMakeCurrent: 0x7fffeb454c20: ver 3 1 (tinfo 0x7fffeb40d8a0)
08-31 15:24:18.190 W/WindowManager( 1281): Attempted to remove non-existing token: android.os.Binder@4978e1e
08-31 15:24:18.295 E/EGL_adreno( 1935): tid 1952: eglSurfaceAttrib(1338): error 0x3009 (EGL_BAD_MATCH)
08-31 15:24:18.295 W/OpenGLRenderer( 1935): Failed to set EGL_SWAP_BEHAVIOR on surface 0x7fffeb5c9580, error=EGL_BAD_MATCH
08-31 15:24:18.297 D/EGL_adreno( 1935): eglMakeCurrent: 0x7fffeb454c20: ver 3 1 (tinfo 0x7fffeb40d8a0)
08-31 15:24:21.701 D/EGL_adreno( 1935): eglMakeCurrent: 0x7fffeb454c20: ver 3 1 (tinfo 0x7fffeb40d8a0)
08-31 15:24:21.706 W/WindowManager( 1281): Attempted to remove non-existing token: android.os.Binder@b08d6ff
08-31 15:24:21.830 E/EGL_adreno( 1935): tid 1952: eglSurfaceAttrib(1338): error 0x3009 (EGL_BAD_MATCH)
08-31 15:24:21.830 W/OpenGLRenderer( 1935): Failed to set EGL_SWAP_BEHAVIOR on surface 0x7fffeb5c9580, error=EGL_BAD_MATCH
08-31 15:24:21.832 D/EGL_adreno( 1935): eglMakeCurrent: 0x7fffeb454c20: ver 3 1 (tinfo 0x7fffeb40d8a0)
08-31 15:24:25.231 D/EGL_adreno( 1935): eglMakeCurrent: 0x7fffeb454c20: ver 3 1 (tinfo 0x7fffeb40d8a0)
08-31 15:24:25.240 W/WindowManager( 1281): Attempted to remove non-existing token: android.os.Binder@c7f6ccc
08-31 15:24:25.354 E/EGL_adreno( 1935): tid 1952: eglSurfaceAttrib(1338): error 0x3009 (EGL_BAD_MATCH)
08-31 15:24:25.354 W/OpenGLRenderer( 1935): Failed to set EGL_SWAP_BEHAVIOR on surface 0x7fffeb5c9580, error=EGL_BAD_MATCH
08-31 15:24:25.356 D/EGL_adreno( 1935): eglMakeCurrent: 0x7fffeb454c20: ver 3 1 (tinfo 0x7fffeb40d8a0)
08-31 15:24:28.748 D/EGL_adreno( 1935): eglMakeCurrent: 0x7fffeb454c20: ver 3 1 (tinfo 0x7fffeb40d8a0)
08-31 15:24:28.756 W/WindowManager( 1281): Attempted to remove non-existing token: android.os.Binder@72fab15
08-31 15:24:28.864 E/EGL_adreno( 1935): tid 1952: eglSurfaceAttrib(1338): error 0x3009 (EGL_BAD_MATCH)
08-31 15:24:28.864 W/OpenGLRenderer( 1935): Failed to set EGL_SWAP_BEHAVIOR on surface 0x7fffeb5c9580, error=EGL_BAD_MATCH
08-31 15:24:28.866 D/EGL_adreno( 1935): eglMakeCurrent: 0x7fffeb454c20: ver 3 1 (tinfo 0x7fffeb40d8a0)
08-31 15:24:32.355 D/EGL_adreno( 1935): eglMakeCurrent: 0x7fffeb454c20: ver 3 1 (tinfo 0x7fffeb40d8a0)
08-31 15:24:32.373 W/WindowManager( 1281): Attempted to remove non-existing token: android.os.Binder@caa6e2a
08-31 15:24:32.498 E/EGL_adreno( 1935): tid 1952: eglSurfaceAttrib(1338): error 0x3009 (EGL_BAD_MATCH)
08-31 15:24:32.498 W/OpenGLRenderer( 1935): Failed to set EGL_SWAP_BEHAVIOR on surface 0x7fffeb5c9580, error=EGL_BAD_MATCH
08-31 15:24:32.501 D/EGL_adreno( 1935): eglMakeCurrent: 0x7fffeb454c20: ver 3 1 (tinfo 0x7fffeb40d8a0)
08-31 15:24:35.889 W/WindowManager( 1281): Attempted to remove non-existing token: android.os.Binder@9de41b
08-31 15:24:35.890 D/EGL_adreno( 1935): eglMakeCurrent: 0x7fffeb454c20: ver 3 1 (tinfo 0x7fffeb40d8a0)
08-31 15:24:36.020 E/EGL_adreno( 1935): tid 1952: eglSurfaceAttrib(1338): error 0x3009 (EGL_BAD_MATCH)
08-31 15:24:36.020 W/OpenGLRenderer( 1935): Failed to set EGL_SWAP_BEHAVIOR on surface 0x7fffeb5c9580, error=EGL_BAD_MATCH
08-31 15:24:36.021 D/EGL_adreno( 1935): eglMakeCurrent: 0x7fffeb454c20: ver 3 1 (tinfo 0x7fffeb40d8a0)
08-31 15:24:39.482 D/EGL_adreno( 1935): eglMakeCurrent: 0x7fffeb454c20: ver 3 1 (tinfo 0x7fffeb40d8a0)
08-31 15:24:39.489 W/WindowManager( 1281): Attempted to remove non-existing token: android.os.Binder@69c89b8
08-31 15:24:39.628 E/EGL_adreno( 1935): tid 1952: eglSurfaceAttrib(1338): error 0x3009 (EGL_BAD_MATCH)
08-31 15:24:39.629 W/OpenGLRenderer( 1935): Failed to set EGL_SWAP_BEHAVIOR on surface 0x7fffeb5c9580, error=EGL_BAD_MATCH
08-31 15:24:39.633 D/EGL_adreno( 1935): eglMakeCurrent: 0x7fffeb454c20: ver 3 1 (tinfo 0x7fffeb40d8a0)
08-31 15:24:42.998 D/EGL_adreno( 1935): eglMakeCurrent: 0x7fffeb454c20: ver 3 1 (tinfo 0x7fffeb40d8a0)
08-31 15:24:43.006 W/WindowManager( 1281): Attempted to remove non-existing token: android.os.Binder@eece391
08-31 15:24:43.009 W/NotificationService( 1281): Object died trying to show notification android.app.ITransientNotification$Stub$Proxy@3f3b70c in package es.usc.citius.servando.calendula
08-31 15:24:43.111 E/EGL_adreno( 1935): tid 1952: eglSurfaceAttrib(1338): error 0x3009 (EGL_BAD_MATCH)
08-31 15:24:43.112 W/OpenGLRenderer( 1935): Failed to set EGL_SWAP_BEHAVIOR on surface 0x7fffeb5c9580, error=EGL_BAD_MATCH
08-31 15:24:43.116 D/EGL_adreno( 1935): eglMakeCurrent: 0x7fffeb454c20: ver 3 1 (tinfo 0x7fffeb40d8a0)
08-31 15:24:45.615 D/WifiStateMachine( 1281): setScanResults mScanResults.size=1
08-31 15:24:46.517 D/EGL_adreno( 1935): eglMakeCurrent: 0x7fffeb454c20: ver 3 1 (tinfo 0x7fffeb40d8a0)
08-31 15:24:46.523 W/WindowManager( 1281): Attempted to remove non-existing token: android.os.Binder@b5da2b7
08-31 15:24:46.656 E/EGL_adreno( 1935): tid 1952: eglSurfaceAttrib(1338): error 0x3009 (EGL_BAD_MATCH)
08-31 15:24:46.656 W/OpenGLRenderer( 1935): Failed to set EGL_SWAP_BEHAVIOR on surface 0x7fffeb5c9580, error=EGL_BAD_MATCH
08-31 15:24:46.658 D/EGL_adreno( 1935): eglMakeCurrent: 0x7fffeb454c20: ver 3 1 (tinfo 0x7fffeb40d8a0)
08-31 15:24:50.031 D/EGL_adreno( 1935): eglMakeCurrent: 0x7fffeb454c20: ver 3 1 (tinfo 0x7fffeb40d8a0)
08-31 15:24:50.040 W/WindowManager( 1281): Attempted to remove non-existing token: android.os.Binder@efc3a24
08-31 15:24:50.155 E/EGL_adreno( 1935): tid 1952: eglSurfaceAttrib(1338): error 0x3009 (EGL_BAD_MATCH)
08-31 15:24:50.155 W/OpenGLRenderer( 1935): Failed to set EGL_SWAP_BEHAVIOR on surface 0x7fffeb5c9580, error=EGL_BAD_MATCH
08-31 15:24:50.159 D/EGL_adreno( 1935): eglMakeCurrent: 0x7fffeb454c20: ver 3 1 (tinfo 0x7fffeb40d8a0)
08-31 15:24:53.547 D/EGL_adreno( 1935): eglMakeCurrent: 0x7fffeb454c20: ver 3 1 (tinfo 0x7fffeb40d8a0)
08-31 15:24:53.555 W/WindowManager( 1281): Attempted to remove non-existing token: android.os.Binder@6f3e98d
08-31 15:24:53.660 E/EGL_adreno( 1935): tid 1952: eglSurfaceAttrib(1338): error 0x3009 (EGL_BAD_MATCH)
08-31 15:24:53.660 W/OpenGLRenderer( 1935): Failed to set EGL_SWAP_BEHAVIOR on surface 0x7fffeb5c9580, error=EGL_BAD_MATCH
08-31 15:24:53.663 D/EGL_adreno( 1935): eglMakeCurrent: 0x7fffeb454c20: ver 3 1 (tinfo 0x7fffeb40d8a0)
08-31 15:24:57.068 D/EGL_adreno( 1935): eglMakeCurrent: 0x7fffeb454c20: ver 3 1 (tinfo 0x7fffeb40d8a0)
08-31 15:24:57.072 W/WindowManager( 1281): Attempted to remove non-existing token: android.os.Binder@7119742
08-31 15:24:57.179 E/EGL_adreno( 1935): tid 1952: eglSurfaceAttrib(1338): error 0x3009 (EGL_BAD_MATCH)
08-31 15:24:57.179 W/OpenGLRenderer( 1935): Failed to set EGL_SWAP_BEHAVIOR on surface 0x7fffeb5c9580, error=EGL_BAD_MATCH
08-31 15:24:57.180 D/EGL_adreno( 1935): eglMakeCurrent: 0x7fffeb454c20: ver 3 1 (tinfo 0x7fffeb40d8a0)
08-31 15:25:00.577 D/EGL_adreno( 1935): eglMakeCurrent: 0x7fffeb454c20: ver 3 1 (tinfo 0x7fffeb40d8a0)
08-31 15:25:00.589 W/WindowManager( 1281): Attempted to remove non-existing token: android.os.Binder@d9fb353
08-31 15:25:00.698 E/EGL_adreno( 1935): tid 1952: eglSurfaceAttrib(1338): error 0x3009 (EGL_BAD_MATCH)
08-31 15:25:00.698 W/OpenGLRenderer( 1935): Failed to set EGL_SWAP_BEHAVIOR on surface 0x7fffeb5c9580, error=EGL_BAD_MATCH
08-31 15:25:00.699 D/EGL_adreno( 1935): eglMakeCurrent: 0x7fffeb454c20: ver 3 1 (tinfo 0x7fffeb40d8a0)
08-31 15:25:04.096 D/EGL_adreno( 1935): eglMakeCurrent: 0x7fffeb454c20: ver 3 1 (tinfo 0x7fffeb40d8a0)
08-31 15:25:04.106 W/WindowManager( 1281): Attempted to remove non-existing token: android.os.Binder@ad4d490
08-31 15:25:04.208 E/EGL_adreno( 1935): tid 1952: eglSurfaceAttrib(1338): error 0x3009 (EGL_BAD_MATCH)
08-31 15:25:04.208 W/OpenGLRenderer( 1935): Failed to set EGL_SWAP_BEHAVIOR on surface 0x7fffeb5c9580, error=EGL_BAD_MATCH
08-31 15:25:04.210 D/EGL_adreno( 1935): eglMakeCurrent: 0x7fffeb454c20: ver 3 1 (tinfo 0x7fffeb40d8a0)
08-31 15:25:07.611 D/EGL_adreno( 1935): eglMakeCurrent: 0x7fffeb454c20: ver 3 1 (tinfo 0x7fffeb40d8a0)
08-31 15:25:07.623 W/WindowManager( 1281): Attempted to remove non-existing token: android.os.Binder@cc29189
08-31 15:25:07.728 E/EGL_adreno( 1935): tid 1952: eglSurfaceAttrib(1338): error 0x3009 (EGL_BAD_MATCH)
08-31 15:25:07.728 W/OpenGLRenderer( 1935): Failed to set EGL_SWAP_BEHAVIOR on surface 0x7fffeb5c9580, error=EGL_BAD_MATCH
08-31 15:25:07.731 D/EGL_adreno( 1935): eglMakeCurrent: 0x7fffeb454c20: ver 3 1 (tinfo 0x7fffeb40d8a0)
08-31 15:25:11.133 D/EGL_adreno( 1935): eglMakeCurrent: 0x7fffeb454c20: ver 3 1 (tinfo 0x7fffeb40d8a0)
08-31 15:25:11.140 W/WindowManager( 1281): Attempted to remove non-existing token: android.os.Binder@25e58e
08-31 15:25:11.280 E/EGL_adreno( 1935): tid 1952: eglSurfaceAttrib(1338): error 0x3009 (EGL_BAD_MATCH)
08-31 15:25:11.280 W/OpenGLRenderer( 1935): Failed to set EGL_SWAP_BEHAVIOR on surface 0x7fffeb5c9580, error=EGL_BAD_MATCH
08-31 15:25:11.283 D/EGL_adreno( 1935): eglMakeCurrent: 0x7fffeb454c20: ver 3 1 (tinfo 0x7fffeb40d8a0)
08-31 15:25:14.648 D/EGL_adreno( 1935): eglMakeCurrent: 0x7fffeb454c20: ver 3 1 (tinfo 0x7fffeb40d8a0)
08-31 15:25:14.656 W/WindowManager( 1281): Attempted to remove non-existing token: android.os.Binder@c7f4ffd
08-31 15:25:14.771 E/EGL_adreno( 1935): tid 1952: eglSurfaceAttrib(1338): error 0x3009 (EGL_BAD_MATCH)
08-31 15:25:14.771 W/OpenGLRenderer( 1935): Failed to set EGL_SWAP_BEHAVIOR on surface 0x7fffeb5c9580, error=EGL_BAD_MATCH
08-31 15:25:14.773 D/EGL_adreno( 1935): eglMakeCurrent: 0x7fffeb454c20: ver 3 1 (tinfo 0x7fffeb40d8a0)
08-31 15:25:18.164 D/EGL_adreno( 1935): eglMakeCurrent: 0x7fffeb454c20: ver 3 1 (tinfo 0x7fffeb40d8a0)
08-31 15:25:18.174 W/WindowManager( 1281): Attempted to remove non-existing token: android.os.Binder@74254f2
08-31 15:25:18.299 E/EGL_adreno( 1935): tid 1952: eglSurfaceAttrib(1338): error 0x3009 (EGL_BAD_MATCH)
08-31 15:25:18.299 W/OpenGLRenderer( 1935): Failed to set EGL_SWAP_BEHAVIOR on surface 0x7fffeb5c9580, error=EGL_BAD_MATCH
08-31 15:25:18.300 D/EGL_adreno( 1935): eglMakeCurrent: 0x7fffeb454c20: ver 3 1 (tinfo 0x7fffeb40d8a0)
08-31 15:25:21.681 D/EGL_adreno( 1935): eglMakeCurrent: 0x7fffeb454c20: ver 3 1 (tinfo 0x7fffeb40d8a0)
08-31 15:25:21.690 W/WindowManager( 1281): Attempted to remove non-existing token: android.os.Binder@24c1743
08-31 15:25:21.794 E/EGL_adreno( 1935): tid 1952: eglSurfaceAttrib(1338): error 0x3009 (EGL_BAD_MATCH)
08-31 15:25:21.795 W/OpenGLRenderer( 1935): Failed to set EGL_SWAP_BEHAVIOR on surface 0x7fffeb5c9580, error=EGL_BAD_MATCH
08-31 15:25:21.796 D/EGL_adreno( 1935): eglMakeCurrent: 0x7fffeb454c20: ver 3 1 (tinfo 0x7fffeb40d8a0)
08-31 15:25:25.241 D/EGL_adreno( 1935): eglMakeCurrent: 0x7fffeb454c20: ver 3 1 (tinfo 0x7fffeb40d8a0)
08-31 15:25:25.255 W/WindowManager( 1281): Attempted to remove non-existing token: android.os.Binder@a4e81c0
08-31 15:25:25.385 E/EGL_adreno( 1935): tid 1952: eglSurfaceAttrib(1338): error 0x3009 (EGL_BAD_MATCH)
08-31 15:25:25.385 W/OpenGLRenderer( 1935): Failed to set EGL_SWAP_BEHAVIOR on surface 0x7fffeb5c9580, error=EGL_BAD_MATCH
08-31 15:25:25.390 D/EGL_adreno( 1935): eglMakeCurrent: 0x7fffeb454c20: ver 3 1 (tinfo 0x7fffeb40d8a0)
08-31 15:25:28.762 D/EGL_adreno( 1935): eglMakeCurrent: 0x7fffeb454c20: ver 3 1 (tinfo 0x7fffeb40d8a0)
08-31 15:25:28.772 W/WindowManager( 1281): Attempted to remove non-existing token: android.os.Binder@279f9ec
08-31 15:25:28.898 E/EGL_adreno( 1935): tid 1952: eglSurfaceAttrib(1338): error 0x3009 (EGL_BAD_MATCH)
08-31 15:25:28.898 W/OpenGLRenderer( 1935): Failed to set EGL_SWAP_BEHAVIOR on surface 0x7fffeb5c9580, error=EGL_BAD_MATCH
08-31 15:25:28.901 D/EGL_adreno( 1935): eglMakeCurrent: 0x7fffeb454c20: ver 3 1 (tinfo 0x7fffeb40d8a0)
08-31 15:25:32.279 D/EGL_adreno( 1935): eglMakeCurrent: 0x7fffeb454c20: ver 3 1 (tinfo 0x7fffeb40d8a0)
08-31 15:25:32.289 W/WindowManager( 1281): Attempted to remove non-existing token: android.os.Binder@9d81b5
08-31 15:25:32.410 E/EGL_adreno( 1935): tid 1952: eglSurfaceAttrib(1338): error 0x3009 (EGL_BAD_MATCH)
08-31 15:25:32.410 W/OpenGLRenderer( 1935): Failed to set EGL_SWAP_BEHAVIOR on surface 0x7fffeb5c9580, error=EGL_BAD_MATCH
08-31 15:25:32.412 D/EGL_adreno( 1935): eglMakeCurrent: 0x7fffeb454c20: ver 3 1 (tinfo 0x7fffeb40d8a0)
08-31 15:25:35.795 D/EGL_adreno( 1935): eglMakeCurrent: 0x7fffeb454c20: ver 3 1 (tinfo 0x7fffeb40d8a0)
08-31 15:25:35.806 W/WindowManager( 1281): Attempted to remove non-existing token: android.os.Binder@793904a
08-31 15:25:35.929 E/EGL_adreno( 1935): tid 1952: eglSurfaceAttrib(1338): error 0x3009 (EGL_BAD_MATCH)
08-31 15:25:35.929 W/OpenGLRenderer( 1935): Failed to set EGL_SWAP_BEHAVIOR on surface 0x7fffeb5c9580, error=EGL_BAD_MATCH
08-31 15:25:35.930 D/EGL_adreno( 1935): eglMakeCurrent: 0x7fffeb454c20: ver 3 1 (tinfo 0x7fffeb40d8a0)
08-31 15:25:39.314 D/EGL_adreno( 1935): eglMakeCurrent: 0x7fffeb454c20: ver 3 1 (tinfo 0x7fffeb40d8a0)
08-31 15:25:39.322 W/WindowManager( 1281): Attempted to remove non-existing token: android.os.Binder@3072bbb
08-31 15:25:39.443 E/EGL_adreno( 1935): tid 1952: eglSurfaceAttrib(1338): error 0x3009 (EGL_BAD_MATCH)
08-31 15:25:39.443 W/OpenGLRenderer( 1935): Failed to set EGL_SWAP_BEHAVIOR on surface 0x7fffeb5c9580, error=EGL_BAD_MATCH
08-31 15:25:39.445 D/EGL_adreno( 1935): eglMakeCurrent: 0x7fffeb454c20: ver 3 1 (tinfo 0x7fffeb40d8a0)
08-31 15:25:42.833 D/EGL_adreno( 1935): eglMakeCurrent: 0x7fffeb454c20: ver 3 1 (tinfo 0x7fffeb40d8a0)
08-31 15:25:42.839 W/WindowManager( 1281): Attempted to remove non-existing token: android.os.Binder@702c8d8
08-31 15:25:42.951 E/EGL_adreno( 1935): tid 1952: eglSurfaceAttrib(1338): error 0x3009 (EGL_BAD_MATCH)
08-31 15:25:42.951 W/OpenGLRenderer( 1935): Failed to set EGL_SWAP_BEHAVIOR on surface 0x7fffeb5c9580, error=EGL_BAD_MATCH
08-31 15:25:42.955 D/EGL_adreno( 1935): eglMakeCurrent: 0x7fffeb454c20: ver 3 1 (tinfo 0x7fffeb40d8a0)
08-31 15:25:45.505 W/BroadcastQueue( 1281): Timeout of broadcast BroadcastRecord{768cfb1 u0 null} - receiver=android.os.BinderProxy@ace8c96, started 60033ms ago
08-31 15:25:45.505 W/BroadcastQueue( 1281): Receiver during timeout: ResolveInfo{acbc017 es.usc.citius.servando.calendula/.scheduling.AlarmReceiver m=0x0}
08-31 15:25:45.510 I/ActivityManager( 1281): Crashing app skipping ANR: ProcessRecord{611fc04 2436:es.usc.citius.servando.calendula/u0a48} Broadcast of Intent { flg=0x14 cmp=es.usc.citius.servando.calendula/.scheduling.AlarmReceiver (has extras) }
08-31 15:25:46.353 D/EGL_adreno( 1935): eglMakeCurrent: 0x7fffeb454c20: ver 3 1 (tinfo 0x7fffeb40d8a0)
08-31 15:25:46.356 W/WindowManager( 1281): Attempted to remove non-existing token: android.os.Binder@4718431
08-31 15:25:46.462 E/EGL_adreno( 1935): tid 1952: eglSurfaceAttrib(1338): error 0x3009 (EGL_BAD_MATCH)
08-31 15:25:46.462 W/OpenGLRenderer( 1935): Failed to set EGL_SWAP_BEHAVIOR on surface 0x7fffeb5c9580, error=EGL_BAD_MATCH
08-31 15:25:46.465 D/EGL_adreno( 1935): eglMakeCurrent: 0x7fffeb454c20: ver 3 1 (tinfo 0x7fffeb40d8a0)
08-31 15:25:49.864 D/EGL_adreno( 1935): eglMakeCurrent: 0x7fffeb454c20: ver 3 1 (tinfo 0x7fffeb40d8a0)
08-31 15:25:49.872 W/WindowManager( 1281): Attempted to remove non-existing token: android.os.Binder@9826716
08-31 15:25:49.983 E/EGL_adreno( 1935): tid 1952: eglSurfaceAttrib(1338): error 0x3009 (EGL_BAD_MATCH)
08-31 15:25:49.984 W/OpenGLRenderer( 1935): Failed to set EGL_SWAP_BEHAVIOR on surface 0x7fffeb5c9580, error=EGL_BAD_MATCH
08-31 15:25:49.987 D/EGL_adreno( 1935): eglMakeCurrent: 0x7fffeb454c20: ver 3 1 (tinfo 0x7fffeb40d8a0)
08-31 15:25:53.388 D/EGL_adreno( 1935): eglMakeCurrent: 0x7fffeb454c20: ver 3 1 (tinfo 0x7fffeb40d8a0)
08-31 15:25:53.389 W/WindowManager( 1281): Attempted to remove non-existing token: android.os.Binder@8f2c897
08-31 15:25:53.509 E/EGL_adreno( 1935): tid 1952: eglSurfaceAttrib(1338): error 0x3009 (EGL_BAD_MATCH)
08-31 15:25:53.509 W/OpenGLRenderer( 1935): Failed to set EGL_SWAP_BEHAVIOR on surface 0x7fffeb5c9580, error=EGL_BAD_MATCH
08-31 15:25:53.513 D/EGL_adreno( 1935): eglMakeCurrent: 0x7fffeb454c20: ver 3 1 (tinfo 0x7fffeb40d8a0)
08-31 15:25:56.896 D/EGL_adreno( 1935): eglMakeCurrent: 0x7fffeb454c20: ver 3 1 (tinfo 0x7fffeb40d8a0)
08-31 15:25:56.905 W/WindowManager( 1281): Attempted to remove non-existing token: android.os.Binder@4479a84
08-31 15:25:57.015 E/EGL_adreno( 1935): tid 1952: eglSurfaceAttrib(1338): error 0x3009 (EGL_BAD_MATCH)
08-31 15:25:57.015 W/OpenGLRenderer( 1935): Failed to set EGL_SWAP_BEHAVIOR on surface 0x7fffeb5c9580, error=EGL_BAD_MATCH
08-31 15:25:57.016 D/EGL_adreno( 1935): eglMakeCurrent: 0x7fffeb454c20: ver 3 1 (tinfo 0x7fffeb40d8a0)
08-31 15:26:00.410 D/EGL_adreno( 1935): eglMakeCurrent: 0x7fffeb454c20: ver 3 1 (tinfo 0x7fffeb40d8a0)
08-31 15:26:00.423 W/WindowManager( 1281): Attempted to remove non-existing token: android.os.Binder@9a9326d
08-31 15:26:00.526 E/EGL_adreno( 1935): tid 1952: eglSurfaceAttrib(1338): error 0x3009 (EGL_BAD_MATCH)
08-31 15:26:00.526 W/OpenGLRenderer( 1935): Failed to set EGL_SWAP_BEHAVIOR on surface 0x7fffeb5c9580, error=EGL_BAD_MATCH
08-31 15:26:00.528 D/EGL_adreno( 1935): eglMakeCurrent: 0x7fffeb454c20: ver 3 1 (tinfo 0x7fffeb40d8a0)
08-31 15:26:03.930 D/EGL_adreno( 1935): eglMakeCurrent: 0x7fffeb454c20: ver 3 1 (tinfo 0x7fffeb40d8a0)
08-31 15:26:03.939 W/WindowManager( 1281): Attempted to remove non-existing token: android.os.Binder@7b5dea2
08-31 15:26:04.062 E/EGL_adreno( 1935): tid 1952: eglSurfaceAttrib(1338): error 0x3009 (EGL_BAD_MATCH)
08-31 15:26:04.062 W/OpenGLRenderer( 1935): Failed to set EGL_SWAP_BEHAVIOR on surface 0x7fffeb5c9580, error=EGL_BAD_MATCH
08-31 15:26:04.064 D/EGL_adreno( 1935): eglMakeCurrent: 0x7fffeb454c20: ver 3 1 (tinfo 0x7fffeb40d8a0)
08-31 15:26:07.484 D/EGL_adreno( 1935): eglMakeCurrent: 0x7fffeb454c20: ver 3 1 (tinfo 0x7fffeb40d8a0)
08-31 15:26:07.489 W/WindowManager( 1281): Attempted to remove non-existing token: android.os.Binder@5915733
08-31 15:26:07.604 E/EGL_adreno( 1935): tid 1952: eglSurfaceAttrib(1338): error 0x3009 (EGL_BAD_MATCH)
08-31 15:26:07.604 W/OpenGLRenderer( 1935): Failed to set EGL_SWAP_BEHAVIOR on surface 0x7fffeb5c9580, error=EGL_BAD_MATCH
08-31 15:26:07.624 D/EGL_adreno( 1935): eglMakeCurrent: 0x7fffeb454c20: ver 3 1 (tinfo 0x7fffeb40d8a0)
08-31 15:26:10.996 D/EGL_adreno( 1935): eglMakeCurrent: 0x7fffeb454c20: ver 3 1 (tinfo 0x7fffeb40d8a0)
08-31 15:26:11.007 W/WindowManager( 1281): Attempted to remove non-existing token: android.os.Binder@be5daf0
08-31 15:26:11.116 E/EGL_adreno( 1935): tid 1952: eglSurfaceAttrib(1338): error 0x3009 (EGL_BAD_MATCH)
08-31 15:26:11.116 W/OpenGLRenderer( 1935): Failed to set EGL_SWAP_BEHAVIOR on surface 0x7fffeb5c9580, error=EGL_BAD_MATCH
08-31 15:26:11.118 D/EGL_adreno( 1935): eglMakeCurrent: 0x7fffeb454c20: ver 3 1 (tinfo 0x7fffeb40d8a0)
08-31 15:26:14.518 D/EGL_adreno( 1935): eglMakeCurrent: 0x7fffeb454c20: ver 3 1 (tinfo 0x7fffeb40d8a0)
08-31 15:26:14.522 W/WindowManager( 1281): Attempted to remove non-existing token: android.os.Binder@f338869
08-31 15:26:18.028 W/WindowManager( 1281): Attempted to remove non-existing token: android.os.Binder@9f34225
