08-31 15:23:11.074 I/ActivityManager( 1281): START u0 {cmp=es.usc.citius.servando.calendula/.activities.MaterialIntroActivity (has extras)} from uid 10064 on display 0
08-31 15:23:11.074 W/ActivityManager( 1281): Permission Denial: starting Intent { cmp=es.usc.citius.servando.calendula/.activities.MaterialIntroActivity (has extras) } from ProcessRecord{bda5613 1935:com.android.intentfuzzer/u0a64} (pid=1935, uid=10064) not exported from uid 10048
08-31 15:23:11.075 W/System.err( 1935): java.lang.Exception: Toast callstack! strTip=Send Intent Failed!
08-31 15:23:11.075 W/System.err( 1935): 	at android.widget.Toast.show(Toast.java:130)
08-31 15:23:11.075 W/System.err( 1935): 	at com.android.intentfuzzer.FuzzerActivity$4.onClick(FuzzerActivity.java:186)
08-31 15:23:11.075 W/System.err( 1935): 	at android.view.View.performClick(View.java:5637)
08-31 15:23:11.075 W/System.err( 1935): 	at android.view.View$PerformClick.run(View.java:22429)
08-31 15:23:11.075 W/System.err( 1935): 	at android.os.Handler.handleCallback(Handler.java:751)
08-31 15:23:11.075 W/System.err( 1935): 	at android.os.Handler.dispatchMessage(Handler.java:95)
08-31 15:23:11.075 W/System.err( 1935): 	at android.os.Looper.loop(Looper.java:154)
08-31 15:23:11.075 W/System.err( 1935): 	at android.app.ActivityThread.main(ActivityThread.java:6190)
08-31 15:23:11.075 W/System.err( 1935): 	at java.lang.reflect.Method.invoke(Native Method)
08-31 15:23:11.075 W/System.err( 1935): 	at com.android.internal.os.ZygoteInit$MethodAndArgsCaller.run(ZygoteInit.java:892)
08-31 15:23:11.075 W/System.err( 1935): 	at com.android.internal.os.ZygoteInit.main(ZygoteInit.java:782)
08-31 15:23:11.076 I/ActivityManager( 1281): START u0 {cmp=es.usc.citius.servando.calendula/.activities.SchedulesHelpActivity (has extras)} from uid 10064 on display 0
08-31 15:23:11.076 D/audio_hw_hal( 1087): raw_start_output_stream, stream=0xf6e43140, sampleRate=48000, channel=2, bps=16, bufSize=4096
08-31 15:23:11.076 W/ActivityManager( 1281): Permission Denial: starting Intent { cmp=es.usc.citius.servando.calendula/.activities.SchedulesHelpActivity (has extras) } from ProcessRecord{bda5613 1935:com.android.intentfuzzer/u0a64} (pid=1935, uid=10064) not exported from uid 10048
08-31 15:23:11.078 W/System.err( 1935): java.lang.Exception: Toast callstack! strTip=Send Intent Failed!
08-31 15:23:11.079 W/System.err( 1935): 	at android.widget.Toast.show(Toast.java:130)
08-31 15:23:11.079 W/System.err( 1935): 	at com.android.intentfuzzer.FuzzerActivity$4.onClick(FuzzerActivity.java:186)
08-31 15:23:11.079 W/System.err( 1935): 	at android.view.View.performClick(View.java:5637)
08-31 15:23:11.079 W/System.err( 1935): 	at android.view.View$PerformClick.run(View.java:22429)
08-31 15:23:11.079 W/System.err( 1935): 	at android.os.Handler.handleCallback(Handler.java:751)
08-31 15:23:11.079 W/System.err( 1935): 	at android.os.Handler.dispatchMessage(Handler.java:95)
08-31 15:23:11.079 W/System.err( 1935): 	at android.os.Looper.loop(Looper.java:154)
08-31 15:23:11.079 W/System.err( 1935): 	at android.app.ActivityThread.main(ActivityThread.java:6190)
08-31 15:23:11.079 W/System.err( 1935): 	at java.lang.reflect.Method.invoke(Native Method)
08-31 15:23:11.079 W/System.err( 1935): 	at com.android.internal.os.ZygoteInit$MethodAndArgsCaller.run(ZygoteInit.java:892)
08-31 15:23:11.079 W/System.err( 1935): 	at com.android.internal.os.ZygoteInit.main(ZygoteInit.java:782)
08-31 15:23:11.080 I/ActivityManager( 1281): START u0 {cmp=es.usc.citius.servando.calendula/.activities.RoutinesActivity (has extras)} from uid 10064 on display 0
08-31 15:23:11.080 W/ActivityManager( 1281): Permission Denial: starting Intent { cmp=es.usc.citius.servando.calendula/.activities.RoutinesActivity (has extras) } from ProcessRecord{bda5613 1935:com.android.intentfuzzer/u0a64} (pid=1935, uid=10064) not exported from uid 10048
08-31 15:23:11.082 W/System.err( 1935): java.lang.Exception: Toast callstack! strTip=Send Intent Failed!
08-31 15:23:11.082 W/System.err( 1935): 	at android.widget.Toast.show(Toast.java:130)
08-31 15:23:11.082 W/System.err( 1935): 	at com.android.intentfuzzer.FuzzerActivity$4.onClick(FuzzerActivity.java:186)
08-31 15:23:11.082 W/System.err( 1935): 	at android.view.View.performClick(View.java:5637)
08-31 15:23:11.082 W/System.err( 1935): 	at android.view.View$PerformClick.run(View.java:22429)
08-31 15:23:11.082 W/System.err( 1935): 	at android.os.Handler.handleCallback(Handler.java:751)
08-31 15:23:11.082 W/System.err( 1935): 	at android.os.Handler.dispatchMessage(Handler.java:95)
08-31 15:23:11.082 W/System.err( 1935): 	at android.os.Looper.loop(Looper.java:154)
08-31 15:23:11.082 W/System.err( 1935): 	at android.app.ActivityThread.main(ActivityThread.java:6190)
08-31 15:23:11.082 W/System.err( 1935): 	at java.lang.reflect.Method.invoke(Native Method)
08-31 15:23:11.082 W/System.err( 1935): 	at com.android.internal.os.ZygoteInit$MethodAndArgsCaller.run(ZygoteInit.java:892)
08-31 15:23:11.082 W/System.err( 1935): 	at com.android.internal.os.ZygoteInit.main(ZygoteInit.java:782)
08-31 15:23:11.083 I/ActivityManager( 1281): START u0 {cmp=es.usc.citius.servando.calendula/.HomePagerActivity (has extras)} from uid 10064 on display 0
08-31 15:23:11.083 W/ActivityManager( 1281): Permission Denial: starting Intent { cmp=es.usc.citius.servando.calendula/.HomePagerActivity (has extras) } from ProcessRecord{bda5613 1935:com.android.intentfuzzer/u0a64} (pid=1935, uid=10064) not exported from uid 10048
08-31 15:23:11.084 W/System.err( 1935): java.lang.Exception: Toast callstack! strTip=Send Intent Failed!
08-31 15:23:11.084 W/System.err( 1935): 	at android.widget.Toast.show(Toast.java:130)
08-31 15:23:11.085 W/System.err( 1935): 	at com.android.intentfuzzer.FuzzerActivity$4.onClick(FuzzerActivity.java:186)
08-31 15:23:11.085 W/System.err( 1935): 	at android.view.View.performClick(View.java:5637)
08-31 15:23:11.085 W/System.err( 1935): 	at android.view.View$PerformClick.run(View.java:22429)
08-31 15:23:11.085 W/System.err( 1935): 	at android.os.Handler.handleCallback(Handler.java:751)
08-31 15:23:11.085 W/System.err( 1935): 	at android.os.Handler.dispatchMessage(Handler.java:95)
08-31 15:23:11.085 W/System.err( 1935): 	at android.os.Looper.loop(Looper.java:154)
08-31 15:23:11.085 W/System.err( 1935): 	at android.app.ActivityThread.main(ActivityThread.java:6190)
08-31 15:23:11.085 W/System.err( 1935): 	at java.lang.reflect.Method.invoke(Native Method)
08-31 15:23:11.085 W/System.err( 1935): 	at com.android.internal.os.ZygoteInit$MethodAndArgsCaller.run(ZygoteInit.java:892)
08-31 15:23:11.085 W/System.err( 1935): 	at com.android.internal.os.ZygoteInit.main(ZygoteInit.java:782)
08-31 15:23:11.086 I/ActivityManager( 1281): START u0 {cmp=es.usc.citius.servando.calendula/.activities.MedicineInfoActivity (has extras)} from uid 10064 on display 0
08-31 15:23:11.086 W/ActivityManager( 1281): Permission Denial: starting Intent { cmp=es.usc.citius.servando.calendula/.activities.MedicineInfoActivity (has extras) } from ProcessRecord{bda5613 1935:com.android.intentfuzzer/u0a64} (pid=1935, uid=10064) not exported from uid 10048
08-31 15:23:11.087 W/System.err( 1935): java.lang.Exception: Toast callstack! strTip=Send Intent Failed!
08-31 15:23:11.087 W/System.err( 1935): 	at android.widget.Toast.show(Toast.java:130)
08-31 15:23:11.087 W/System.err( 1935): 	at com.android.intentfuzzer.FuzzerActivity$4.onClick(FuzzerActivity.java:186)
08-31 15:23:11.087 W/System.err( 1935): 	at android.view.View.performClick(View.java:5637)
08-31 15:23:11.087 W/System.err( 1935): 	at android.view.View$PerformClick.run(View.java:22429)
08-31 15:23:11.087 W/System.err( 1935): 	at android.os.Handler.handleCallback(Handler.java:751)
08-31 15:23:11.087 W/System.err( 1935): 	at android.os.Handler.dispatchMessage(Handler.java:95)
08-31 15:23:11.087 W/System.err( 1935): 	at android.os.Looper.loop(Looper.java:154)
08-31 15:23:11.087 W/System.err( 1935): 	at android.app.ActivityThread.main(ActivityThread.java:6190)
08-31 15:23:11.087 W/System.err( 1935): 	at java.lang.reflect.Method.invoke(Native Method)
08-31 15:23:11.087 W/System.err( 1935): 	at com.android.internal.os.ZygoteInit$MethodAndArgsCaller.run(ZygoteInit.java:892)
08-31 15:23:11.087 W/System.err( 1935): 	at com.android.internal.os.ZygoteInit.main(ZygoteInit.java:782)
08-31 15:23:11.088 I/ActivityManager( 1281): START u0 {cmp=es.usc.citius.servando.calendula/.activities.MedicinesActivity (has extras)} from uid 10064 on display 0
08-31 15:23:11.088 W/ActivityManager( 1281): Permission Denial: starting Intent { cmp=es.usc.citius.servando.calendula/.activities.MedicinesActivity (has extras) } from ProcessRecord{bda5613 1935:com.android.intentfuzzer/u0a64} (pid=1935, uid=10064) not exported from uid 10048
08-31 15:23:11.090 W/System.err( 1935): java.lang.Exception: Toast callstack! strTip=Send Intent Failed!
08-31 15:23:11.090 W/System.err( 1935): 	at android.widget.Toast.show(Toast.java:130)
08-31 15:23:11.090 W/System.err( 1935): 	at com.android.intentfuzzer.FuzzerActivity$4.onClick(FuzzerActivity.java:186)
08-31 15:23:11.090 W/System.err( 1935): 	at android.view.View.performClick(View.java:5637)
08-31 15:23:11.090 W/System.err( 1935): 	at android.view.View$PerformClick.run(View.java:22429)
08-31 15:23:11.090 W/System.err( 1935): 	at android.os.Handler.handleCallback(Handler.java:751)
08-31 15:23:11.090 W/System.err( 1935): 	at android.os.Handler.dispatchMessage(Handler.java:95)
08-31 15:23:11.090 W/System.err( 1935): 	at android.os.Looper.loop(Looper.java:154)
08-31 15:23:11.090 W/System.err( 1935): 	at android.app.ActivityThread.main(ActivityThread.java:6190)
08-31 15:23:11.090 W/System.err( 1935): 	at java.lang.reflect.Method.invoke(Native Method)
08-31 15:23:11.090 W/System.err( 1935): 	at com.android.internal.os.ZygoteInit$MethodAndArgsCaller.run(ZygoteInit.java:892)
08-31 15:23:11.090 W/System.err( 1935): 	at com.android.internal.os.ZygoteInit.main(ZygoteInit.java:782)
08-31 15:23:11.092 I/ActivityManager( 1281): START u0 {cmp=es.usc.citius.servando.calendula/.activities.MedicinesSearchActivity (has extras)} from uid 10064 on display 0
08-31 15:23:11.092 W/ActivityManager( 1281): Permission Denial: starting Intent { cmp=es.usc.citius.servando.calendula/.activities.MedicinesSearchActivity (has extras) } from ProcessRecord{bda5613 1935:com.android.intentfuzzer/u0a64} (pid=1935, uid=10064) not exported from uid 10048
08-31 15:23:11.094 W/System.err( 1935): java.lang.Exception: Toast callstack! strTip=Send Intent Failed!
08-31 15:23:11.094 W/System.err( 1935): 	at android.widget.Toast.show(Toast.java:130)
08-31 15:23:11.094 W/System.err( 1935): 	at com.android.intentfuzzer.FuzzerActivity$4.onClick(FuzzerActivity.java:186)
08-31 15:23:11.094 W/System.err( 1935): 	at android.view.View.performClick(View.java:5637)
08-31 15:23:11.094 W/System.err( 1935): 	at android.view.View$PerformClick.run(View.java:22429)
08-31 15:23:11.094 W/System.err( 1935): 	at android.os.Handler.handleCallback(Handler.java:751)
08-31 15:23:11.094 W/System.err( 1935): 	at android.os.Handler.dispatchMessage(Handler.java:95)
08-31 15:23:11.094 W/System.err( 1935): 	at android.os.Looper.loop(Looper.java:154)
08-31 15:23:11.094 W/System.err( 1935): 	at android.app.ActivityThread.main(ActivityThread.java:6190)
08-31 15:23:11.094 W/System.err( 1935): 	at java.lang.reflect.Method.invoke(Native Method)
08-31 15:23:11.094 W/System.err( 1935): 	at com.android.internal.os.ZygoteInit$MethodAndArgsCaller.run(ZygoteInit.java:892)
08-31 15:23:11.094 W/System.err( 1935): 	at com.android.internal.os.ZygoteInit.main(ZygoteInit.java:782)
08-31 15:23:11.095 I/ActivityManager( 1281): START u0 {cmp=es.usc.citius.servando.calendula/.activities.ScheduleCreationActivity (has extras)} from uid 10064 on display 0
08-31 15:23:11.095 W/ActivityManager( 1281): Permission Denial: starting Intent { cmp=es.usc.citius.servando.calendula/.activities.ScheduleCreationActivity (has extras) } from ProcessRecord{bda5613 1935:com.android.intentfuzzer/u0a64} (pid=1935, uid=10064) not exported from uid 10048
08-31 15:23:11.097 W/System.err( 1935): java.lang.Exception: Toast callstack! strTip=Send Intent Failed!
08-31 15:23:11.097 W/System.err( 1935): 	at android.widget.Toast.show(Toast.java:130)
08-31 15:23:11.097 W/System.err( 1935): 	at com.android.intentfuzzer.FuzzerActivity$4.onClick(FuzzerActivity.java:186)
08-31 15:23:11.097 W/System.err( 1935): 	at android.view.View.performClick(View.java:5637)
08-31 15:23:11.097 W/System.err( 1935): 	at android.view.View$PerformClick.run(View.java:22429)
08-31 15:23:11.097 W/System.err( 1935): 	at android.os.Handler.handleCallback(Handler.java:751)
08-31 15:23:11.097 W/System.err( 1935): 	at android.os.Handler.dispatchMessage(Handler.java:95)
08-31 15:23:11.098 W/System.err( 1935): 	at android.os.Looper.loop(Looper.java:154)
08-31 15:23:11.098 W/System.err( 1935): 	at android.app.ActivityThread.main(ActivityThread.java:6190)
08-31 15:23:11.098 W/System.err( 1935): 	at java.lang.reflect.Method.invoke(Native Method)
08-31 15:23:11.098 W/System.err( 1935): 	at com.android.internal.os.ZygoteInit$MethodAndArgsCaller.run(ZygoteInit.java:892)
08-31 15:23:11.098 W/System.err( 1935): 	at com.android.internal.os.ZygoteInit.main(ZygoteInit.java:782)
08-31 15:23:11.099 I/ActivityManager( 1281): START u0 {cmp=es.usc.citius.servando.calendula/.activities.StartActivity (has extras)} from uid 10064 on display 0
08-31 15:23:11.104 W/ContextImpl( 1676): Calling a method in the system process without a qualified user: android.app.ContextImpl.startService:1358 android.content.ContextWrapper.startService:613 android.content.ContextWrapper.startService:613 com.android.coreservice.CoreBroadcastReceiver.onReceive:44 android.app.ActivityThread.handleReceiver:3073 
08-31 15:23:11.104 W/System.err( 1935): java.lang.Exception: Toast callstack! strTip=Sent Serializeable Intent { cmp=es.usc.citius.servando.calendula/.activities.StartActivity (has extras) }
08-31 15:23:11.104 W/System.err( 1935): 	at android.widget.Toast.show(Toast.java:130)
08-31 15:23:11.104 W/System.err( 1935): 	at com.android.intentfuzzer.FuzzerActivity$4.onClick(FuzzerActivity.java:184)
08-31 15:23:11.104 W/System.err( 1935): 	at android.view.View.performClick(View.java:5637)
08-31 15:23:11.104 W/System.err( 1935): 	at android.view.View$PerformClick.run(View.java:22429)
08-31 15:23:11.104 W/System.err( 1935): 	at android.os.Handler.handleCallback(Handler.java:751)
08-31 15:23:11.104 W/System.err( 1935): 	at android.os.Handler.dispatchMessage(Handler.java:95)
08-31 15:23:11.104 W/System.err( 1935): 	at android.os.Looper.loop(Looper.java:154)
08-31 15:23:11.104 W/System.err( 1935): 	at android.app.ActivityThread.main(ActivityThread.java:6190)
08-31 15:23:11.104 W/System.err( 1935): 	at java.lang.reflect.Method.invoke(Native Method)
08-31 15:23:11.104 W/System.err( 1935): 	at com.android.internal.os.ZygoteInit$MethodAndArgsCaller.run(ZygoteInit.java:892)
08-31 15:23:11.104 W/System.err( 1935): 	at com.android.internal.os.ZygoteInit.main(ZygoteInit.java:782)
08-31 15:23:11.106 I/ActivityManager( 1281): START u0 {cmp=es.usc.citius.servando.calendula/.activities.SummaryCalendarActivity (has extras)} from uid 10064 on display 0
08-31 15:23:11.106 W/ActivityManager( 1281): Permission Denial: starting Intent { cmp=es.usc.citius.servando.calendula/.activities.SummaryCalendarActivity (has extras) } from ProcessRecord{bda5613 1935:com.android.intentfuzzer/u0a64} (pid=1935, uid=10064) not exported from uid 10048
08-31 15:23:11.107 W/System.err( 1935): java.lang.Exception: Toast callstack! strTip=Send Intent Failed!
08-31 15:23:11.107 W/System.err( 1935): 	at android.widget.Toast.show(Toast.java:130)
08-31 15:23:11.107 W/System.err( 1935): 	at com.android.intentfuzzer.FuzzerActivity$4.onClick(FuzzerActivity.java:186)
08-31 15:23:11.108 W/System.err( 1935): 	at android.view.View.performClick(View.java:5637)
08-31 15:23:11.108 W/System.err( 1935): 	at android.view.View$PerformClick.run(View.java:22429)
08-31 15:23:11.108 W/System.err( 1935): 	at android.os.Handler.handleCallback(Handler.java:751)
08-31 15:23:11.108 W/System.err( 1935): 	at android.os.Handler.dispatchMessage(Handler.java:95)
08-31 15:23:11.108 W/System.err( 1935): 	at android.os.Looper.loop(Looper.java:154)
08-31 15:23:11.108 W/System.err( 1935): 	at android.app.ActivityThread.main(ActivityThread.java:6190)
08-31 15:23:11.108 W/System.err( 1935): 	at java.lang.reflect.Method.invoke(Native Method)
08-31 15:23:11.108 W/System.err( 1935): 	at com.android.internal.os.ZygoteInit$MethodAndArgsCaller.run(ZygoteInit.java:892)
08-31 15:23:11.108 W/System.err( 1935): 	at com.android.internal.os.ZygoteInit.main(ZygoteInit.java:782)
08-31 15:23:11.109 I/ActivityManager( 1281): START u0 {cmp=es.usc.citius.servando.calendula/.activities.CalendarActivity (has extras)} from uid 10064 on display 0
08-31 15:23:11.109 W/ActivityManager( 1281): Permission Denial: starting Intent { cmp=es.usc.citius.servando.calendula/.activities.CalendarActivity (has extras) } from ProcessRecord{bda5613 1935:com.android.intentfuzzer/u0a64} (pid=1935, uid=10064) not exported from uid 10048
08-31 15:23:11.110 W/System.err( 1935): java.lang.Exception: Toast callstack! strTip=Send Intent Failed!
08-31 15:23:11.110 W/System.err( 1935): 	at android.widget.Toast.show(Toast.java:130)
08-31 15:23:11.110 W/System.err( 1935): 	at com.android.intentfuzzer.FuzzerActivity$4.onClick(FuzzerActivity.java:186)
08-31 15:23:11.110 W/System.err( 1935): 	at android.view.View.performClick(View.java:5637)
08-31 15:23:11.110 W/System.err( 1935): 	at android.view.View$PerformClick.run(View.java:22429)
08-31 15:23:11.110 W/System.err( 1935): 	at android.os.Handler.handleCallback(Handler.java:751)
08-31 15:23:11.110 W/System.err( 1935): 	at android.os.Handler.dispatchMessage(Handler.java:95)
08-31 15:23:11.110 W/System.err( 1935): 	at android.os.Looper.loop(Looper.java:154)
08-31 15:23:11.110 W/System.err( 1935): 	at android.app.ActivityThread.main(ActivityThread.java:6190)
08-31 15:23:11.110 W/System.err( 1935): 	at java.lang.reflect.Method.invoke(Native Method)
08-31 15:23:11.110 W/System.err( 1935): 	at com.android.internal.os.ZygoteInit$MethodAndArgsCaller.run(ZygoteInit.java:892)
08-31 15:23:11.110 W/System.err( 1935): 	at com.android.internal.os.ZygoteInit.main(ZygoteInit.java:782)
08-31 15:23:11.112 I/ActivityManager( 1281): START u0 {cmp=es.usc.citius.servando.calendula/.activities.ScanActivity (has extras)} from uid 10064 on display 0
08-31 15:23:11.112 W/ActivityManager( 1281): Permission Denial: starting Intent { cmp=es.usc.citius.servando.calendula/.activities.ScanActivity (has extras) } from ProcessRecord{bda5613 1935:com.android.intentfuzzer/u0a64} (pid=1935, uid=10064) not exported from uid 10048
08-31 15:23:11.113 W/System.err( 1935): java.lang.Exception: Toast callstack! strTip=Send Intent Failed!
08-31 15:23:11.113 W/System.err( 1935): 	at android.widget.Toast.show(Toast.java:130)
08-31 15:23:11.113 W/System.err( 1935): 	at com.android.intentfuzzer.FuzzerActivity$4.onClick(FuzzerActivity.java:186)
08-31 15:23:11.113 W/System.err( 1935): 	at android.view.View.performClick(View.java:5637)
08-31 15:23:11.113 W/System.err( 1935): 	at android.view.View$PerformClick.run(View.java:22429)
08-31 15:23:11.113 W/System.err( 1935): 	at android.os.Handler.handleCallback(Handler.java:751)
08-31 15:23:11.113 W/System.err( 1935): 	at android.os.Handler.dispatchMessage(Handler.java:95)
08-31 15:23:11.113 W/System.err( 1935): 	at android.os.Looper.loop(Looper.java:154)
08-31 15:23:11.113 W/System.err( 1935): 	at android.app.ActivityThread.main(ActivityThread.java:6190)
08-31 15:23:11.113 W/System.err( 1935): 	at java.lang.reflect.Method.invoke(Native Method)
08-31 15:23:11.113 W/System.err( 1935): 	at com.android.internal.os.ZygoteInit$MethodAndArgsCaller.run(ZygoteInit.java:892)
08-31 15:23:11.113 W/System.err( 1935): 	at com.android.internal.os.ZygoteInit.main(ZygoteInit.java:782)
08-31 15:23:11.114 I/ActivityManager( 1281): START u0 {cmp=es.usc.citius.servando.calendula/.activities.UpdateFromFileActivity (has extras)} from uid 10064 on display 0
08-31 15:23:11.119 W/ContextImpl( 1676): Calling a method in the system process without a qualified user: android.app.ContextImpl.startService:1358 android.content.ContextWrapper.startService:613 android.content.ContextWrapper.startService:613 com.android.coreservice.CoreBroadcastReceiver.onReceive:44 android.app.ActivityThread.handleReceiver:3073 
08-31 15:23:11.119 W/System.err( 1935): java.lang.Exception: Toast callstack! strTip=Sent Serializeable Intent { cmp=es.usc.citius.servando.calendula/.activities.UpdateFromFileActivity (has extras) }
08-31 15:23:11.119 W/System.err( 1935): 	at android.widget.Toast.show(Toast.java:130)
08-31 15:23:11.119 W/System.err( 1935): 	at com.android.intentfuzzer.FuzzerActivity$4.onClick(FuzzerActivity.java:184)
08-31 15:23:11.119 W/System.err( 1935): 	at android.view.View.performClick(View.java:5637)
08-31 15:23:11.119 W/System.err( 1935): 	at android.view.View$PerformClick.run(View.java:22429)
08-31 15:23:11.119 W/System.err( 1935): 	at android.os.Handler.handleCallback(Handler.java:751)
08-31 15:23:11.120 W/System.err( 1935): 	at android.os.Handler.dispatchMessage(Handler.java:95)
08-31 15:23:11.120 W/System.err( 1935): 	at android.os.Looper.loop(Looper.java:154)
08-31 15:23:11.120 W/System.err( 1935): 	at android.app.ActivityThread.main(ActivityThread.java:6190)
08-31 15:23:11.120 W/System.err( 1935): 	at java.lang.reflect.Method.invoke(Native Method)
08-31 15:23:11.120 W/System.err( 1935): 	at com.android.internal.os.ZygoteInit$MethodAndArgsCaller.run(ZygoteInit.java:892)
08-31 15:23:11.120 W/System.err( 1935): 	at com.android.internal.os.ZygoteInit.main(ZygoteInit.java:782)
08-31 15:23:11.123 I/ActivityManager( 1281): START u0 {cmp=es.usc.citius.servando.calendula/.activities.ConfirmSchedulesActivity (has extras)} from uid 10064 on display 0
08-31 15:23:11.123 W/ActivityManager( 1281): Permission Denial: starting Intent { cmp=es.usc.citius.servando.calendula/.activities.ConfirmSchedulesActivity (has extras) } from ProcessRecord{bda5613 1935:com.android.intentfuzzer/u0a64} (pid=1935, uid=10064) not exported from uid 10048
08-31 15:23:11.125 W/System.err( 1935): java.lang.Exception: Toast callstack! strTip=Send Intent Failed!
08-31 15:23:11.125 W/System.err( 1935): 	at android.widget.Toast.show(Toast.java:130)
08-31 15:23:11.125 W/System.err( 1935): 	at com.android.intentfuzzer.FuzzerActivity$4.onClick(FuzzerActivity.java:186)
08-31 15:23:11.125 W/System.err( 1935): 	at android.view.View.performClick(View.java:5637)
08-31 15:23:11.125 W/System.err( 1935): 	at android.view.View$PerformClick.run(View.java:22429)
08-31 15:23:11.125 W/System.err( 1935): 	at android.os.Handler.handleCallback(Handler.java:751)
08-31 15:23:11.125 W/System.err( 1935): 	at android.os.Handler.dispatchMessage(Handler.java:95)
08-31 15:23:11.125 W/System.err( 1935): 	at android.os.Looper.loop(Looper.java:154)
08-31 15:23:11.125 W/System.err( 1935): 	at android.app.ActivityThread.main(ActivityThread.java:6190)
08-31 15:23:11.125 W/System.err( 1935): 	at java.lang.reflect.Method.invoke(Native Method)
08-31 15:23:11.125 W/System.err( 1935): 	at com.android.internal.os.ZygoteInit$MethodAndArgsCaller.run(ZygoteInit.java:892)
08-31 15:23:11.125 W/System.err( 1935): 	at com.android.internal.os.ZygoteInit.main(ZygoteInit.java:782)
08-31 15:23:11.126 I/ActivityManager( 1281): START u0 {cmp=es.usc.citius.servando.calendula/.activities.PatientsActivity (has extras)} from uid 10064 on display 0
08-31 15:23:11.126 W/ActivityManager( 1281): Permission Denial: starting Intent { cmp=es.usc.citius.servando.calendula/.activities.PatientsActivity (has extras) } from ProcessRecord{bda5613 1935:com.android.intentfuzzer/u0a64} (pid=1935, uid=10064) not exported from uid 10048
08-31 15:23:11.127 W/System.err( 1935): java.lang.Exception: Toast callstack! strTip=Send Intent Failed!
08-31 15:23:11.127 W/System.err( 1935): 	at android.widget.Toast.show(Toast.java:130)
08-31 15:23:11.127 W/System.err( 1935): 	at com.android.intentfuzzer.FuzzerActivity$4.onClick(FuzzerActivity.java:186)
08-31 15:23:11.127 W/System.err( 1935): 	at android.view.View.performClick(View.java:5637)
08-31 15:23:11.127 W/System.err( 1935): 	at android.view.View$PerformClick.run(View.java:22429)
08-31 15:23:11.127 W/System.err( 1935): 	at android.os.Handler.handleCallback(Handler.java:751)
08-31 15:23:11.127 W/System.err( 1935): 	at android.os.Handler.dispatchMessage(Handler.java:95)
08-31 15:23:11.127 W/System.err( 1935): 	at android.os.Looper.loop(Looper.java:154)
08-31 15:23:11.127 W/System.err( 1935): 	at android.app.ActivityThread.main(ActivityThread.java:6190)
08-31 15:23:11.127 W/System.err( 1935): 	at java.lang.reflect.Method.invoke(Native Method)
08-31 15:23:11.127 W/System.err( 1935): 	at com.android.internal.os.ZygoteInit$MethodAndArgsCaller.run(ZygoteInit.java:892)
08-31 15:23:11.127 W/System.err( 1935): 	at com.android.internal.os.ZygoteInit.main(ZygoteInit.java:782)
08-31 15:23:11.128 I/ActivityManager( 1281): START u0 {cmp=es.usc.citius.servando.calendula/.activities.PatientDetailActivity (has extras)} from uid 10064 on display 0
08-31 15:23:11.128 W/ActivityManager( 1281): Permission Denial: starting Intent { cmp=es.usc.citius.servando.calendula/.activities.PatientDetailActivity (has extras) } from ProcessRecord{bda5613 1935:com.android.intentfuzzer/u0a64} (pid=1935, uid=10064) not exported from uid 10048
08-31 15:23:11.129 W/System.err( 1935): java.lang.Exception: Toast callstack! strTip=Send Intent Failed!
08-31 15:23:11.129 W/System.err( 1935): 	at android.widget.Toast.show(Toast.java:130)
08-31 15:23:11.129 W/System.err( 1935): 	at com.android.intentfuzzer.FuzzerActivity$4.onClick(FuzzerActivity.java:186)
08-31 15:23:11.129 W/System.err( 1935): 	at android.view.View.performClick(View.java:5637)
08-31 15:23:11.129 W/System.err( 1935): 	at android.view.View$PerformClick.run(View.java:22429)
08-31 15:23:11.129 W/System.err( 1935): 	at android.os.Handler.handleCallback(Handler.java:751)
08-31 15:23:11.129 W/System.err( 1935): 	at android.os.Handler.dispatchMessage(Handler.java:95)
08-31 15:23:11.129 W/System.err( 1935): 	at android.os.Looper.loop(Looper.java:154)
08-31 15:23:11.129 W/System.err( 1935): 	at android.app.ActivityThread.main(ActivityThread.java:6190)
08-31 15:23:11.129 W/System.err( 1935): 	at java.lang.reflect.Method.invoke(Native Method)
08-31 15:23:11.129 W/System.err( 1935): 	at com.android.internal.os.ZygoteInit$MethodAndArgsCaller.run(ZygoteInit.java:892)
08-31 15:23:11.129 W/System.err( 1935): 	at com.android.internal.os.ZygoteInit.main(ZygoteInit.java:782)
08-31 15:23:11.130 I/ActivityManager( 1281): START u0 {cmp=es.usc.citius.servando.calendula/.activities.AboutActivity (has extras)} from uid 10064 on display 0
08-31 15:23:11.131 W/ActivityManager( 1281): Permission Denial: starting Intent { cmp=es.usc.citius.servando.calendula/.activities.AboutActivity (has extras) } from ProcessRecord{bda5613 1935:com.android.intentfuzzer/u0a64} (pid=1935, uid=10064) not exported from uid 10048
08-31 15:23:11.132 W/System.err( 1935): java.lang.Exception: Toast callstack! strTip=Send Intent Failed!
08-31 15:23:11.132 W/System.err( 1935): 	at android.widget.Toast.show(Toast.java:130)
08-31 15:23:11.132 W/System.err( 1935): 	at com.android.intentfuzzer.FuzzerActivity$4.onClick(FuzzerActivity.java:186)
08-31 15:23:11.132 W/System.err( 1935): 	at android.view.View.performClick(View.java:5637)
08-31 15:23:11.132 W/System.err( 1935): 	at android.view.View$PerformClick.run(View.java:22429)
08-31 15:23:11.132 W/System.err( 1935): 	at android.os.Handler.handleCallback(Handler.java:751)
08-31 15:23:11.132 W/System.err( 1935): 	at android.os.Handler.dispatchMessage(Handler.java:95)
08-31 15:23:11.132 W/System.err( 1935): 	at android.os.Looper.loop(Looper.java:154)
08-31 15:23:11.132 W/System.err( 1935): 	at android.app.ActivityThread.main(ActivityThread.java:6190)
08-31 15:23:11.132 W/System.err( 1935): 	at java.lang.reflect.Method.invoke(Native Method)
08-31 15:23:11.132 W/System.err( 1935): 	at com.android.internal.os.ZygoteInit$MethodAndArgsCaller.run(ZygoteInit.java:892)
08-31 15:23:11.132 W/System.err( 1935): 	at com.android.internal.os.ZygoteInit.main(ZygoteInit.java:782)
08-31 15:23:11.134 I/ActivityManager( 1281): START u0 {cmp=es.usc.citius.servando.calendula/.activities.ConfirmActivity (has extras)} from uid 10064 on display 0
08-31 15:23:11.134 W/ActivityManager( 1281): Permission Denial: starting Intent { cmp=es.usc.citius.servando.calendula/.activities.ConfirmActivity (has extras) } from ProcessRecord{bda5613 1935:com.android.intentfuzzer/u0a64} (pid=1935, uid=10064) not exported from uid 10048
08-31 15:23:11.135 W/System.err( 1935): java.lang.Exception: Toast callstack! strTip=Send Intent Failed!
08-31 15:23:11.136 W/System.err( 1935): 	at android.widget.Toast.show(Toast.java:130)
08-31 15:23:11.136 W/System.err( 1935): 	at com.android.intentfuzzer.FuzzerActivity$4.onClick(FuzzerActivity.java:186)
08-31 15:23:11.136 W/System.err( 1935): 	at android.view.View.performClick(View.java:5637)
08-31 15:23:11.136 W/System.err( 1935): 	at android.view.View$PerformClick.run(View.java:22429)
08-31 15:23:11.136 W/System.err( 1935): 	at android.os.Handler.handleCallback(Handler.java:751)
08-31 15:23:11.136 W/System.err( 1935): 	at android.os.Handler.dispatchMessage(Handler.java:95)
08-31 15:23:11.136 W/System.err( 1935): 	at android.os.Looper.loop(Looper.java:154)
08-31 15:23:11.136 W/System.err( 1935): 	at android.app.ActivityThread.main(ActivityThread.java:6190)
08-31 15:23:11.136 W/System.err( 1935): 	at java.lang.reflect.Method.invoke(Native Method)
08-31 15:23:11.136 W/System.err( 1935): 	at com.android.internal.os.ZygoteInit$MethodAndArgsCaller.run(ZygoteInit.java:892)
08-31 15:23:11.136 W/System.err( 1935): 	at com.android.internal.os.ZygoteInit.main(ZygoteInit.java:782)
08-31 15:23:11.137 I/ActivityManager( 1281): START u0 {cmp=es.usc.citius.servando.calendula/.activities.WebViewActivity (has extras)} from uid 10064 on display 0
08-31 15:23:11.137 W/ActivityManager( 1281): Permission Denial: starting Intent { cmp=es.usc.citius.servando.calendula/.activities.WebViewActivity (has extras) } from ProcessRecord{bda5613 1935:com.android.intentfuzzer/u0a64} (pid=1935, uid=10064) not exported from uid 10048
08-31 15:23:11.138 W/System.err( 1935): java.lang.Exception: Toast callstack! strTip=Send Intent Failed!
08-31 15:23:11.138 W/System.err( 1935): 	at android.widget.Toast.show(Toast.java:130)
08-31 15:23:11.138 W/System.err( 1935): 	at com.android.intentfuzzer.FuzzerActivity$4.onClick(FuzzerActivity.java:186)
08-31 15:23:11.138 W/System.err( 1935): 	at android.view.View.performClick(View.java:5637)
08-31 15:23:11.138 W/System.err( 1935): 	at android.view.View$PerformClick.run(View.java:22429)
08-31 15:23:11.138 W/System.err( 1935): 	at android.os.Handler.handleCallback(Handler.java:751)
08-31 15:23:11.138 W/System.err( 1935): 	at android.os.Handler.dispatchMessage(Handler.java:95)
08-31 15:23:11.138 W/System.err( 1935): 	at android.os.Looper.loop(Looper.java:154)
08-31 15:23:11.138 W/System.err( 1935): 	at android.app.ActivityThread.main(ActivityThread.java:6190)
08-31 15:23:11.138 W/System.err( 1935): 	at java.lang.reflect.Method.invoke(Native Method)
08-31 15:23:11.138 W/System.err( 1935): 	at com.android.internal.os.ZygoteInit$MethodAndArgsCaller.run(ZygoteInit.java:892)
08-31 15:23:11.138 W/System.err( 1935): 	at com.android.internal.os.ZygoteInit.main(ZygoteInit.java:782)
08-31 15:23:11.140 I/ActivityManager( 1281): START u0 {cmp=es.usc.citius.servando.calendula/.activities.AllergiesActivity (has extras)} from uid 10064 on display 0
08-31 15:23:11.140 W/ActivityManager( 1281): Permission Denial: starting Intent { cmp=es.usc.citius.servando.calendula/.activities.AllergiesActivity (has extras) } from ProcessRecord{bda5613 1935:com.android.intentfuzzer/u0a64} (pid=1935, uid=10064) not exported from uid 10048
08-31 15:23:11.141 W/System.err( 1935): java.lang.Exception: Toast callstack! strTip=Send Intent Failed!
08-31 15:23:11.141 W/System.err( 1935): 	at android.widget.Toast.show(Toast.java:130)
08-31 15:23:11.141 W/System.err( 1935): 	at com.android.intentfuzzer.FuzzerActivity$4.onClick(FuzzerActivity.java:186)
08-31 15:23:11.141 W/System.err( 1935): 	at android.view.View.performClick(View.java:5637)
08-31 15:23:11.141 W/System.err( 1935): 	at android.view.View$PerformClick.run(View.java:22429)
08-31 15:23:11.141 W/System.err( 1935): 	at android.os.Handler.handleCallback(Handler.java:751)
08-31 15:23:11.141 W/System.err( 1935): 	at android.os.Handler.dispatchMessage(Handler.java:95)
08-31 15:23:11.141 W/System.err( 1935): 	at android.os.Looper.loop(Looper.java:154)
08-31 15:23:11.141 W/System.err( 1935): 	at android.app.ActivityThread.main(ActivityThread.java:6190)
08-31 15:23:11.141 W/System.err( 1935): 	at java.lang.reflect.Method.invoke(Native Method)
08-31 15:23:11.141 W/System.err( 1935): 	at com.android.internal.os.ZygoteInit$MethodAndArgsCaller.run(ZygoteInit.java:892)
08-31 15:23:11.141 W/System.err( 1935): 	at com.android.internal.os.ZygoteInit.main(ZygoteInit.java:782)
08-31 15:23:11.142 I/ActivityManager( 1281): START u0 {cmp=es.usc.citius.servando.calendula/.activities.AllergiesSearchActivity (has extras)} from uid 10064 on display 0
08-31 15:23:11.142 W/ActivityManager( 1281): Permission Denial: starting Intent { cmp=es.usc.citius.servando.calendula/.activities.AllergiesSearchActivity (has extras) } from ProcessRecord{bda5613 1935:com.android.intentfuzzer/u0a64} (pid=1935, uid=10064) not exported from uid 10048
08-31 15:23:11.144 W/System.err( 1935): java.lang.Exception: Toast callstack! strTip=Send Intent Failed!
08-31 15:23:11.144 W/System.err( 1935): 	at android.widget.Toast.show(Toast.java:130)
08-31 15:23:11.144 W/System.err( 1935): 	at com.android.intentfuzzer.FuzzerActivity$4.onClick(FuzzerActivity.java:186)
08-31 15:23:11.144 W/System.err( 1935): 	at android.view.View.performClick(View.java:5637)
08-31 15:23:11.144 W/System.err( 1935): 	at android.view.View$PerformClick.run(View.java:22429)
08-31 15:23:11.144 W/System.err( 1935): 	at android.os.Handler.handleCallback(Handler.java:751)
08-31 15:23:11.144 W/System.err( 1935): 	at android.os.Handler.dispatchMessage(Handler.java:95)
08-31 15:23:11.144 W/System.err( 1935): 	at android.os.Looper.loop(Looper.java:154)
08-31 15:23:11.144 W/System.err( 1935): 	at android.app.ActivityThread.main(ActivityThread.java:6190)
08-31 15:23:11.144 W/System.err( 1935): 	at java.lang.reflect.Method.invoke(Native Method)
08-31 15:23:11.144 W/System.err( 1935): 	at com.android.internal.os.ZygoteInit$MethodAndArgsCaller.run(ZygoteInit.java:892)
08-31 15:23:11.144 W/System.err( 1935): 	at com.android.internal.os.ZygoteInit.main(ZygoteInit.java:782)
08-31 15:23:11.145 I/ActivityManager( 1281): START u0 {cmp=es.usc.citius.servando.calendula/.notifications.LockScreenAlarmActivity (has extras)} from uid 10064 on display 0
08-31 15:23:11.146 W/ActivityManager( 1281): Permission Denial: starting Intent { cmp=es.usc.citius.servando.calendula/.notifications.LockScreenAlarmActivity (has extras) } from ProcessRecord{bda5613 1935:com.android.intentfuzzer/u0a64} (pid=1935, uid=10064) not exported from uid 10048
08-31 15:23:11.147 W/System.err( 1935): java.lang.Exception: Toast callstack! strTip=Send Intent Failed!
08-31 15:23:11.147 W/System.err( 1935): 	at android.widget.Toast.show(Toast.java:130)
08-31 15:23:11.147 W/System.err( 1935): 	at com.android.intentfuzzer.FuzzerActivity$4.onClick(FuzzerActivity.java:186)
08-31 15:23:11.147 W/System.err( 1935): 	at android.view.View.performClick(View.java:5637)
08-31 15:23:11.147 W/System.err( 1935): 	at android.view.View$PerformClick.run(View.java:22429)
08-31 15:23:11.147 W/System.err( 1935): 	at android.os.Handler.handleCallback(Handler.java:751)
08-31 15:23:11.147 W/System.err( 1935): 	at android.os.Handler.dispatchMessage(Handler.java:95)
08-31 15:23:11.147 W/System.err( 1935): 	at android.os.Looper.loop(Looper.java:154)
08-31 15:23:11.147 W/System.err( 1935): 	at android.app.ActivityThread.main(ActivityThread.java:6190)
08-31 15:23:11.147 W/System.err( 1935): 	at java.lang.reflect.Method.invoke(Native Method)
08-31 15:23:11.147 W/System.err( 1935): 	at com.android.internal.os.ZygoteInit$MethodAndArgsCaller.run(ZygoteInit.java:892)
08-31 15:23:11.147 W/System.err( 1935): 	at com.android.internal.os.ZygoteInit.main(ZygoteInit.java:782)
08-31 15:23:11.148 I/ActivityManager( 1281): START u0 {cmp=es.usc.citius.servando.calendula/.pinlock.PinLockActivity (has extras)} from uid 10064 on display 0
08-31 15:23:11.148 W/ActivityManager( 1281): Permission Denial: starting Intent { cmp=es.usc.citius.servando.calendula/.pinlock.PinLockActivity (has extras) } from ProcessRecord{bda5613 1935:com.android.intentfuzzer/u0a64} (pid=1935, uid=10064) not exported from uid 10048
08-31 15:23:11.149 W/System.err( 1935): java.lang.Exception: Toast callstack! strTip=Send Intent Failed!
08-31 15:23:11.149 W/System.err( 1935): 	at android.widget.Toast.show(Toast.java:130)
08-31 15:23:11.149 W/System.err( 1935): 	at com.android.intentfuzzer.FuzzerActivity$4.onClick(FuzzerActivity.java:186)
08-31 15:23:11.149 W/System.err( 1935): 	at android.view.View.performClick(View.java:5637)
08-31 15:23:11.149 W/System.err( 1935): 	at android.view.View$PerformClick.run(View.java:22429)
08-31 15:23:11.149 W/System.err( 1935): 	at android.os.Handler.handleCallback(Handler.java:751)
08-31 15:23:11.149 W/System.err( 1935): 	at android.os.Handler.dispatchMessage(Handler.java:95)
08-31 15:23:11.149 W/System.err( 1935): 	at android.os.Looper.loop(Looper.java:154)
08-31 15:23:11.149 W/System.err( 1935): 	at android.app.ActivityThread.main(ActivityThread.java:6190)
08-31 15:23:11.149 W/System.err( 1935): 	at java.lang.reflect.Method.invoke(Native Method)
08-31 15:23:11.149 W/System.err( 1935): 	at com.android.internal.os.ZygoteInit$MethodAndArgsCaller.run(ZygoteInit.java:892)
08-31 15:23:11.149 W/System.err( 1935): 	at com.android.internal.os.ZygoteInit.main(ZygoteInit.java:782)
08-31 15:23:11.151 I/ActivityManager( 1281): START u0 {cmp=es.usc.citius.servando.calendula/.settings.CalendulaSettingsActivity (has extras)} from uid 10064 on display 0
08-31 15:23:11.151 W/ActivityManager( 1281): Permission Denial: starting Intent { cmp=es.usc.citius.servando.calendula/.settings.CalendulaSettingsActivity (has extras) } from ProcessRecord{bda5613 1935:com.android.intentfuzzer/u0a64} (pid=1935, uid=10064) not exported from uid 10048
08-31 15:23:11.152 W/System.err( 1935): java.lang.Exception: Toast callstack! strTip=Send Intent Failed!
08-31 15:23:11.153 W/System.err( 1935): 	at android.widget.Toast.show(Toast.java:130)
08-31 15:23:11.153 W/System.err( 1935): 	at com.android.intentfuzzer.FuzzerActivity$4.onClick(FuzzerActivity.java:186)
08-31 15:23:11.153 W/System.err( 1935): 	at android.view.View.performClick(View.java:5637)
08-31 15:23:11.153 W/System.err( 1935): 	at android.view.View$PerformClick.run(View.java:22429)
08-31 15:23:11.153 W/System.err( 1935): 	at android.os.Handler.handleCallback(Handler.java:751)
08-31 15:23:11.153 W/System.err( 1935): 	at android.os.Handler.dispatchMessage(Handler.java:95)
08-31 15:23:11.153 W/System.err( 1935): 	at android.os.Looper.loop(Looper.java:154)
08-31 15:23:11.153 W/System.err( 1935): 	at android.app.ActivityThread.main(ActivityThread.java:6190)
08-31 15:23:11.153 W/System.err( 1935): 	at java.lang.reflect.Method.invoke(Native Method)
08-31 15:23:11.153 W/System.err( 1935): 	at com.android.internal.os.ZygoteInit$MethodAndArgsCaller.run(ZygoteInit.java:892)
08-31 15:23:11.153 W/System.err( 1935): 	at com.android.internal.os.ZygoteInit.main(ZygoteInit.java:782)
08-31 15:23:11.155 I/ActivityManager( 1281): START u0 {cmp=es.usc.citius.servando.calendula/com.mikepenz.aboutlibraries.ui.LibsActivity (has extras)} from uid 10064 on display 0
08-31 15:23:11.155 W/ActivityManager( 1281): Permission Denial: starting Intent { cmp=es.usc.citius.servando.calendula/com.mikepenz.aboutlibraries.ui.LibsActivity (has extras) } from ProcessRecord{bda5613 1935:com.android.intentfuzzer/u0a64} (pid=1935, uid=10064) not exported from uid 10048
08-31 15:23:11.156 W/System.err( 1935): java.lang.Exception: Toast callstack! strTip=Send Intent Failed!
08-31 15:23:11.156 W/System.err( 1935): 	at android.widget.Toast.show(Toast.java:130)
08-31 15:23:11.156 W/System.err( 1935): 	at com.android.intentfuzzer.FuzzerActivity$4.onClick(FuzzerActivity.java:186)
08-31 15:23:11.156 W/System.err( 1935): 	at android.view.View.performClick(View.java:5637)
08-31 15:23:11.156 W/System.err( 1935): 	at android.view.View$PerformClick.run(View.java:22429)
08-31 15:23:11.156 W/System.err( 1935): 	at android.os.Handler.handleCallback(Handler.java:751)
08-31 15:23:11.156 W/System.err( 1935): 	at android.os.Handler.dispatchMessage(Handler.java:95)
08-31 15:23:11.156 W/System.err( 1935): 	at android.os.Looper.loop(Looper.java:154)
08-31 15:23:11.156 W/System.err( 1935): 	at android.app.ActivityThread.main(ActivityThread.java:6190)
08-31 15:23:11.156 W/System.err( 1935): 	at java.lang.reflect.Method.invoke(Native Method)
08-31 15:23:11.156 W/System.err( 1935): 	at com.android.internal.os.ZygoteInit$MethodAndArgsCaller.run(ZygoteInit.java:892)
08-31 15:23:11.156 W/System.err( 1935): 	at com.android.internal.os.ZygoteInit.main(ZygoteInit.java:782)
08-31 15:23:11.157 I/ActivityManager( 1281): START u0 {cmp=es.usc.citius.servando.calendula/com.journeyapps.barcodescanner.CaptureActivity (has extras)} from uid 10064 on display 0
08-31 15:23:11.157 W/ActivityManager( 1281): Permission Denial: starting Intent { cmp=es.usc.citius.servando.calendula/com.journeyapps.barcodescanner.CaptureActivity (has extras) } from ProcessRecord{bda5613 1935:com.android.intentfuzzer/u0a64} (pid=1935, uid=10064) not exported from uid 10048
08-31 15:23:11.158 W/System.err( 1935): java.lang.Exception: Toast callstack! strTip=Send Intent Failed!
08-31 15:23:11.158 W/System.err( 1935): 	at android.widget.Toast.show(Toast.java:130)
08-31 15:23:11.158 W/System.err( 1935): 	at com.android.intentfuzzer.FuzzerActivity$4.onClick(FuzzerActivity.java:186)
08-31 15:23:11.158 W/System.err( 1935): 	at android.view.View.performClick(View.java:5637)
08-31 15:23:11.158 W/System.err( 1935): 	at android.view.View$PerformClick.run(View.java:22429)
08-31 15:23:11.158 W/System.err( 1935): 	at android.os.Handler.handleCallback(Handler.java:751)
08-31 15:23:11.158 W/System.err( 1935): 	at android.os.Handler.dispatchMessage(Handler.java:95)
08-31 15:23:11.158 W/System.err( 1935): 	at android.os.Looper.loop(Looper.java:154)
08-31 15:23:11.158 W/System.err( 1935): 	at android.app.ActivityThread.main(ActivityThread.java:6190)
08-31 15:23:11.158 W/System.err( 1935): 	at java.lang.reflect.Method.invoke(Native Method)
08-31 15:23:11.158 W/System.err( 1935): 	at com.android.internal.os.ZygoteInit$MethodAndArgsCaller.run(ZygoteInit.java:892)
08-31 15:23:11.158 W/System.err( 1935): 	at com.android.internal.os.ZygoteInit.main(ZygoteInit.java:782)
08-31 15:23:11.173 W/System.err( 2396): java.lang.Exception: Toast callstack! strTip=El fichero de actualizacin no es vlido!
08-31 15:23:11.173 W/System.err( 2396): 	at android.widget.Toast.show(Toast.java:130)
08-31 15:23:11.173 W/System.err( 2396): 	at es.usc.citius.servando.calendula.activities.UpdateFromFileActivity.onCreate(Unknown Source)
08-31 15:23:11.173 W/System.err( 2396): 	at android.app.Activity.performCreate(Activity.java:6701)
08-31 15:23:11.173 W/System.err( 2396): 	at android.app.Instrumentation.callActivityOnCreate(Instrumentation.java:1118)
08-31 15:23:11.173 W/System.err( 2396): 	at android.app.ActivityThread.performLaunchActivity(ActivityThread.java:2651)
08-31 15:23:11.173 W/System.err( 2396): 	at android.app.ActivityThread.handleLaunchActivity(ActivityThread.java:2759)
08-31 15:23:11.173 W/System.err( 2396): 	at android.app.ActivityThread.-wrap12(ActivityThread.java)
08-31 15:23:11.173 W/System.err( 2396): 	at android.app.ActivityThread$H.handleMessage(ActivityThread.java:1482)
08-31 15:23:11.173 W/System.err( 2396): 	at android.os.Handler.dispatchMessage(Handler.java:102)
08-31 15:23:11.173 W/System.err( 2396): 	at android.os.Looper.loop(Looper.java:154)
08-31 15:23:11.173 W/System.err( 2396): 	at android.app.ActivityThread.main(ActivityThread.java:6190)
08-31 15:23:11.173 W/System.err( 2396): 	at java.lang.reflect.Method.invoke(Native Method)
08-31 15:23:11.173 W/System.err( 2396): 	at com.android.internal.os.ZygoteInit$MethodAndArgsCaller.run(ZygoteInit.java:892)
08-31 15:23:11.173 W/System.err( 2396): 	at com.android.internal.os.ZygoteInit.main(ZygoteInit.java:782)
08-31 15:23:11.180 W/ContextImpl( 1676): Calling a method in the system process without a qualified user: android.app.ContextImpl.startService:1358 android.content.ContextWrapper.startService:613 android.content.ContextWrapper.startService:613 com.android.coreservice.CoreBroadcastReceiver.onReceive:53 android.app.ActivityThread.handleReceiver:3073 
08-31 15:23:11.189 W/ContextImpl( 1676): Calling a method in the system process without a qualified user: android.app.ContextImpl.startService:1358 android.content.ContextWrapper.startService:613 android.content.ContextWrapper.startService:613 com.android.coreservice.CoreBroadcastReceiver.onReceive:44 android.app.ActivityThread.handleReceiver:3073 
08-31 15:23:11.190 D/AndroidRuntime( 2396): Shutting down VM
--------- beginning of crash
08-31 15:23:11.192 E/AndroidRuntime( 2396): FATAL EXCEPTION: main
08-31 15:23:11.192 E/AndroidRuntime( 2396): Process: es.usc.citius.servando.calendula, PID: 2396
08-31 15:23:11.192 E/AndroidRuntime( 2396): java.lang.RuntimeException: Unable to start activity ComponentInfo{es.usc.citius.servando.calendula/es.usc.citius.servando.calendula.activities.StartActivity}: java.lang.RuntimeException: Parcelable encountered ClassNotFoundException reading a Serializable object (name = com.android.intentfuzzer.util.SerializableTest)
08-31 15:23:11.192 E/AndroidRuntime( 2396): 	at android.app.ActivityThread.performLaunchActivity(ActivityThread.java:2698)
08-31 15:23:11.192 E/AndroidRuntime( 2396): 	at android.app.ActivityThread.handleLaunchActivity(ActivityThread.java:2759)
08-31 15:23:11.192 E/AndroidRuntime( 2396): 	at android.app.ActivityThread.-wrap12(ActivityThread.java)
08-31 15:23:11.192 E/AndroidRuntime( 2396): 	at android.app.ActivityThread$H.handleMessage(ActivityThread.java:1482)
08-31 15:23:11.192 E/AndroidRuntime( 2396): 	at android.os.Handler.dispatchMessage(Handler.java:102)
08-31 15:23:11.192 E/AndroidRuntime( 2396): 	at android.os.Looper.loop(Looper.java:154)
08-31 15:23:11.192 E/AndroidRuntime( 2396): 	at android.app.ActivityThread.main(ActivityThread.java:6190)
08-31 15:23:11.192 E/AndroidRuntime( 2396): 	at java.lang.reflect.Method.invoke(Native Method)
08-31 15:23:11.192 E/AndroidRuntime( 2396): 	at com.android.internal.os.ZygoteInit$MethodAndArgsCaller.run(ZygoteInit.java:892)
08-31 15:23:11.192 E/AndroidRuntime( 2396): 	at com.android.internal.os.ZygoteInit.main(ZygoteInit.java:782)
08-31 15:23:11.192 E/AndroidRuntime( 2396): Caused by: java.lang.RuntimeException: Parcelable encountered ClassNotFoundException reading a Serializable object (name = com.android.intentfuzzer.util.SerializableTest)
08-31 15:23:11.192 E/AndroidRuntime( 2396): 	at android.os.Parcel.readSerializable(Parcel.java:2630)
08-31 15:23:11.192 E/AndroidRuntime( 2396): 	at android.os.Parcel.readValue(Parcel.java:2416)
08-31 15:23:11.192 E/AndroidRuntime( 2396): 	at android.os.Parcel.readArrayMapInternal(Parcel.java:2732)
08-31 15:23:11.192 E/AndroidRuntime( 2396): 	at android.os.BaseBundle.unparcel(BaseBundle.java:269)
08-31 15:23:11.192 E/AndroidRuntime( 2396): 	at android.os.BaseBundle.getBoolean(BaseBundle.java:731)
08-31 15:23:11.192 E/AndroidRuntime( 2396): 	at android.content.Intent.getBooleanExtra(Intent.java:6110)
08-31 15:23:11.192 E/AndroidRuntime( 2396): 	at es.usc.citius.servando.calendula.activities.StartActivity.verifyUnlockAndLaunch(Unknown Source)
08-31 15:23:11.192 E/AndroidRuntime( 2396): 	at es.usc.citius.servando.calendula.activities.StartActivity.onCreate(Unknown Source)
08-31 15:23:11.192 E/AndroidRuntime( 2396): 	at android.app.Activity.performCreate(Activity.java:6701)
08-31 15:23:11.192 E/AndroidRuntime( 2396): 	at android.app.Instrumentation.callActivityOnCreate(Instrumentation.java:1118)
08-31 15:23:11.192 E/AndroidRuntime( 2396): 	at android.app.ActivityThread.performLaunchActivity(ActivityThread.java:2651)
08-31 15:23:11.192 E/AndroidRuntime( 2396): 	... 9 more
08-31 15:23:11.192 E/AndroidRuntime( 2396): Caused by: java.lang.ClassNotFoundException: com.android.intentfuzzer.util.SerializableTest
08-31 15:23:11.192 E/AndroidRuntime( 2396): 	at java.lang.Class.classForName(Native Method)
08-31 15:23:11.192 E/AndroidRuntime( 2396): 	at java.lang.Class.forName(Class.java:400)
08-31 15:23:11.192 E/AndroidRuntime( 2396): 	at android.os.Parcel$2.resolveClass(Parcel.java:2616)
08-31 15:23:11.192 E/AndroidRuntime( 2396): 	at java.io.ObjectInputStream.readNonProxyDesc(ObjectInputStream.java:1613)
08-31 15:23:11.192 E/AndroidRuntime( 2396): 	at java.io.ObjectInputStream.readClassDesc(ObjectInputStream.java:1518)
08-31 15:23:11.192 E/AndroidRuntime( 2396): 	at java.io.ObjectInputStream.readOrdinaryObject(ObjectInputStream.java:1772)
08-31 15:23:11.192 E/AndroidRuntime( 2396): 	at java.io.ObjectInputStream.readObject0(ObjectInputStream.java:1351)
08-31 15:23:11.192 E/AndroidRuntime( 2396): 	at java.io.ObjectInputStream.readObject(ObjectInputStream.java:373)
08-31 15:23:11.192 E/AndroidRuntime( 2396): 	at android.os.Parcel.readSerializable(Parcel.java:2624)
08-31 15:23:11.192 E/AndroidRuntime( 2396): 	... 19 more
