--------- beginning of system
09-01 10:37:34.504 I/ActivityManager( 1282): START u0 {cmp=com.android.intentfuzzer/.FuzzerActivity} from uid 10064 on display 0
--------- beginning of main
09-01 10:37:34.505 D/audio_hw_hal( 1088): raw_start_output_stream, stream=0xf6e43140, sampleRate=48000, channel=2, bps=16, bufSize=4096
09-01 10:37:34.511 W/ContextImpl( 1676): Calling a method in the system process without a qualified user: android.app.ContextImpl.startService:1358 android.content.ContextWrapper.startService:613 android.content.ContextWrapper.startService:613 com.android.coreservice.CoreBroadcastReceiver.onReceive:44 android.app.ActivityThread.handleReceiver:3073 
09-01 10:37:34.558 W/ContextImpl( 1676): Calling a method in the system process without a qualified user: android.app.ContextImpl.startService:1358 android.content.ContextWrapper.startService:613 android.content.ContextWrapper.startService:613 com.android.coreservice.CoreBroadcastReceiver.onReceive:53 android.app.ActivityThread.handleReceiver:3073 
09-01 10:37:35.004 E/EGL_adreno( 1948): tid 1965: eglSurfaceAttrib(1338): error 0x3009 (EGL_BAD_MATCH)
09-01 10:37:35.004 W/OpenGLRenderer( 1948): Failed to set EGL_SWAP_BEHAVIOR on surface 0x7fffeb5e4980, error=EGL_BAD_MATCH
09-01 10:37:35.006 D/EGL_adreno( 1948): eglMakeCurrent: 0x7fffeb43c820: ver 3 1 (tinfo 0x7fffeb40d4a0)
09-01 10:37:35.031 I/ActivityManager( 1282): Displayed com.android.intentfuzzer/.FuzzerActivity: +513ms (total +2m0s651ms)
09-01 10:37:35.037 W/ContextImpl( 1676): Calling a method in the system process without a qualified user: android.app.ContextImpl.startService:1358 android.content.ContextWrapper.startService:613 android.content.ContextWrapper.startService:613 com.android.coreservice.CoreBroadcastReceiver.onReceive:69 android.app.ActivityThread.handleReceiver:3073 
09-01 10:37:35.080 W/ContextImpl( 1676): Calling a method in the system process without a qualified user: android.app.ContextImpl.startService:1358 android.content.ContextWrapper.startService:613 android.content.ContextWrapper.startService:613 com.android.coreservice.CoreBroadcastReceiver.onReceive:69 android.app.ActivityThread.handleReceiver:3073 
09-01 10:37:36.166 I/ActivityManager( 1282): START u0 {cmp=eu.vranckaert.worktime/.activities.HomeActivity} from uid 10064 on display 0
09-01 10:37:36.177 W/ContextImpl( 1676): Calling a method in the system process without a qualified user: android.app.ContextImpl.startService:1358 android.content.ContextWrapper.startService:613 android.content.ContextWrapper.startService:613 com.android.coreservice.CoreBroadcastReceiver.onReceive:44 android.app.ActivityThread.handleReceiver:3073 
09-01 10:37:36.177 W/System.err( 1948): java.lang.Exception: Toast callstack! strTip=Sent Null Intent { cmp=eu.vranckaert.worktime/.activities.HomeActivity }
09-01 10:37:36.178 W/System.err( 1948): 	at android.widget.Toast.show(Toast.java:130)
09-01 10:37:36.178 W/System.err( 1948): 	at com.android.intentfuzzer.FuzzerActivity$3.onClick(FuzzerActivity.java:165)
09-01 10:37:36.178 W/System.err( 1948): 	at android.view.View.performClick(View.java:5637)
09-01 10:37:36.178 W/System.err( 1948): 	at android.view.View$PerformClick.run(View.java:22429)
09-01 10:37:36.178 W/System.err( 1948): 	at android.os.Handler.handleCallback(Handler.java:751)
09-01 10:37:36.178 W/System.err( 1948): 	at android.os.Handler.dispatchMessage(Handler.java:95)
09-01 10:37:36.178 W/System.err( 1948): 	at android.os.Looper.loop(Looper.java:154)
09-01 10:37:36.178 W/System.err( 1948): 	at android.app.ActivityThread.main(ActivityThread.java:6190)
09-01 10:37:36.178 W/System.err( 1948): 	at java.lang.reflect.Method.invoke(Native Method)
09-01 10:37:36.178 W/System.err( 1948): 	at com.android.internal.os.ZygoteInit$MethodAndArgsCaller.run(ZygoteInit.java:892)
09-01 10:37:36.178 W/System.err( 1948): 	at com.android.internal.os.ZygoteInit.main(ZygoteInit.java:782)
09-01 10:37:36.180 I/ActivityManager( 1282): START u0 {cmp=eu.vranckaert.worktime/.activities.projects.ManageProjectsActivity} from uid 10064 on display 0
09-01 10:37:36.180 W/ActivityManager( 1282): Permission Denial: starting Intent { cmp=eu.vranckaert.worktime/.activities.projects.ManageProjectsActivity } from ProcessRecord{4ccee7c 1948:com.android.intentfuzzer/u0a64} (pid=1948, uid=10064) not exported from uid 10049
09-01 10:37:36.182 W/System.err( 1948): java.lang.Exception: Toast callstack! strTip=Send Intent Failed!
09-01 10:37:36.182 W/System.err( 1948): 	at android.widget.Toast.show(Toast.java:130)
09-01 10:37:36.182 W/System.err( 1948): 	at com.android.intentfuzzer.FuzzerActivity$3.onClick(FuzzerActivity.java:167)
09-01 10:37:36.182 W/System.err( 1948): 	at android.view.View.performClick(View.java:5637)
09-01 10:37:36.182 W/System.err( 1948): 	at android.view.View$PerformClick.run(View.java:22429)
09-01 10:37:36.182 W/System.err( 1948): 	at android.os.Handler.handleCallback(Handler.java:751)
09-01 10:37:36.182 W/System.err( 1948): 	at android.os.Handler.dispatchMessage(Handler.java:95)
09-01 10:37:36.182 W/System.err( 1948): 	at android.os.Looper.loop(Looper.java:154)
09-01 10:37:36.182 W/System.err( 1948): 	at android.app.ActivityThread.main(ActivityThread.java:6190)
09-01 10:37:36.183 W/System.err( 1948): 	at java.lang.reflect.Method.invoke(Native Method)
09-01 10:37:36.183 W/System.err( 1948): 	at com.android.internal.os.ZygoteInit$MethodAndArgsCaller.run(ZygoteInit.java:892)
09-01 10:37:36.183 W/System.err( 1948): 	at com.android.internal.os.ZygoteInit.main(ZygoteInit.java:782)
09-01 10:37:36.185 I/ActivityManager( 1282): START u0 {cmp=eu.vranckaert.worktime/.activities.projects.AddEditProjectActivity} from uid 10064 on display 0
09-01 10:37:36.185 W/ActivityManager( 1282): Permission Denial: starting Intent { cmp=eu.vranckaert.worktime/.activities.projects.AddEditProjectActivity } from ProcessRecord{4ccee7c 1948:com.android.intentfuzzer/u0a64} (pid=1948, uid=10064) not exported from uid 10049
09-01 10:37:36.188 W/System.err( 1948): java.lang.Exception: Toast callstack! strTip=Send Intent Failed!
09-01 10:37:36.188 W/System.err( 1948): 	at android.widget.Toast.show(Toast.java:130)
09-01 10:37:36.188 W/System.err( 1948): 	at com.android.intentfuzzer.FuzzerActivity$3.onClick(FuzzerActivity.java:167)
09-01 10:37:36.188 W/System.err( 1948): 	at android.view.View.performClick(View.java:5637)
09-01 10:37:36.188 W/System.err( 1948): 	at android.view.View$PerformClick.run(View.java:22429)
09-01 10:37:36.188 W/System.err( 1948): 	at android.os.Handler.handleCallback(Handler.java:751)
09-01 10:37:36.188 W/System.err( 1948): 	at android.os.Handler.dispatchMessage(Handler.java:95)
09-01 10:37:36.188 W/System.err( 1948): 	at android.os.Looper.loop(Looper.java:154)
09-01 10:37:36.188 W/System.err( 1948): 	at android.app.ActivityThread.main(ActivityThread.java:6190)
09-01 10:37:36.188 W/System.err( 1948): 	at java.lang.reflect.Method.invoke(Native Method)
09-01 10:37:36.188 W/System.err( 1948): 	at com.android.internal.os.ZygoteInit$MethodAndArgsCaller.run(ZygoteInit.java:892)
09-01 10:37:36.188 W/System.err( 1948): 	at com.android.internal.os.ZygoteInit.main(ZygoteInit.java:782)
09-01 10:37:36.191 I/ActivityManager( 1282): START u0 {cmp=eu.vranckaert.worktime/.activities.projects.ProjectDetailsActivity} from uid 10064 on display 0
09-01 10:37:36.191 W/ActivityManager( 1282): Permission Denial: starting Intent { cmp=eu.vranckaert.worktime/.activities.projects.ProjectDetailsActivity } from ProcessRecord{4ccee7c 1948:com.android.intentfuzzer/u0a64} (pid=1948, uid=10064) not exported from uid 10049
09-01 10:37:36.194 W/System.err( 1948): java.lang.Exception: Toast callstack! strTip=Send Intent Failed!
09-01 10:37:36.194 W/System.err( 1948): 	at android.widget.Toast.show(Toast.java:130)
09-01 10:37:36.194 W/System.err( 1948): 	at com.android.intentfuzzer.FuzzerActivity$3.onClick(FuzzerActivity.java:167)
09-01 10:37:36.194 W/System.err( 1948): 	at android.view.View.performClick(View.java:5637)
09-01 10:37:36.194 W/System.err( 1948): 	at android.view.View$PerformClick.run(View.java:22429)
09-01 10:37:36.194 W/System.err( 1948): 	at android.os.Handler.handleCallback(Handler.java:751)
09-01 10:37:36.194 W/System.err( 1948): 	at android.os.Handler.dispatchMessage(Handler.java:95)
09-01 10:37:36.194 W/System.err( 1948): 	at android.os.Looper.loop(Looper.java:154)
09-01 10:37:36.194 W/System.err( 1948): 	at android.app.ActivityThread.main(ActivityThread.java:6190)
09-01 10:37:36.194 W/System.err( 1948): 	at java.lang.reflect.Method.invoke(Native Method)
09-01 10:37:36.194 W/System.err( 1948): 	at com.android.internal.os.ZygoteInit$MethodAndArgsCaller.run(ZygoteInit.java:892)
09-01 10:37:36.194 W/System.err( 1948): 	at com.android.internal.os.ZygoteInit.main(ZygoteInit.java:782)
09-01 10:37:36.196 I/ActivityManager( 1282): START u0 {cmp=eu.vranckaert.worktime/.activities.projects.CopyProjectActivity} from uid 10064 on display 0
09-01 10:37:36.196 W/ActivityManager( 1282): Permission Denial: starting Intent { cmp=eu.vranckaert.worktime/.activities.projects.CopyProjectActivity } from ProcessRecord{4ccee7c 1948:com.android.intentfuzzer/u0a64} (pid=1948, uid=10064) not exported from uid 10049
09-01 10:37:36.197 W/System.err( 1948): java.lang.Exception: Toast callstack! strTip=Send Intent Failed!
09-01 10:37:36.197 W/System.err( 1948): 	at android.widget.Toast.show(Toast.java:130)
09-01 10:37:36.197 W/System.err( 1948): 	at com.android.intentfuzzer.FuzzerActivity$3.onClick(FuzzerActivity.java:167)
09-01 10:37:36.197 W/System.err( 1948): 	at android.view.View.performClick(View.java:5637)
09-01 10:37:36.197 W/System.err( 1948): 	at android.view.View$PerformClick.run(View.java:22429)
09-01 10:37:36.197 W/System.err( 1948): 	at android.os.Handler.handleCallback(Handler.java:751)
09-01 10:37:36.197 W/System.err( 1948): 	at android.os.Handler.dispatchMessage(Handler.java:95)
09-01 10:37:36.197 W/System.err( 1948): 	at android.os.Looper.loop(Looper.java:154)
09-01 10:37:36.197 W/System.err( 1948): 	at android.app.ActivityThread.main(ActivityThread.java:6190)
09-01 10:37:36.197 W/System.err( 1948): 	at java.lang.reflect.Method.invoke(Native Method)
09-01 10:37:36.197 W/System.err( 1948): 	at com.android.internal.os.ZygoteInit$MethodAndArgsCaller.run(ZygoteInit.java:892)
09-01 10:37:36.198 W/System.err( 1948): 	at com.android.internal.os.ZygoteInit.main(ZygoteInit.java:782)
09-01 10:37:36.200 I/ActivityManager( 1282): START u0 {cmp=eu.vranckaert.worktime/.activities.projects.SelectProjectActivity} from uid 10064 on display 0
09-01 10:37:36.200 W/ActivityManager( 1282): Permission Denial: starting Intent { cmp=eu.vranckaert.worktime/.activities.projects.SelectProjectActivity } from ProcessRecord{4ccee7c 1948:com.android.intentfuzzer/u0a64} (pid=1948, uid=10064) not exported from uid 10049
09-01 10:37:36.201 W/System.err( 1948): java.lang.Exception: Toast callstack! strTip=Send Intent Failed!
09-01 10:37:36.201 W/System.err( 1948): 	at android.widget.Toast.show(Toast.java:130)
09-01 10:37:36.201 W/System.err( 1948): 	at com.android.intentfuzzer.FuzzerActivity$3.onClick(FuzzerActivity.java:167)
09-01 10:37:36.201 W/System.err( 1948): 	at android.view.View.performClick(View.java:5637)
09-01 10:37:36.201 W/System.err( 1948): 	at android.view.View$PerformClick.run(View.java:22429)
09-01 10:37:36.201 W/System.err( 1948): 	at android.os.Handler.handleCallback(Handler.java:751)
09-01 10:37:36.201 W/System.err( 1948): 	at android.os.Handler.dispatchMessage(Handler.java:95)
09-01 10:37:36.201 W/System.err( 1948): 	at android.os.Looper.loop(Looper.java:154)
09-01 10:37:36.201 W/System.err( 1948): 	at android.app.ActivityThread.main(ActivityThread.java:6190)
09-01 10:37:36.201 W/System.err( 1948): 	at java.lang.reflect.Method.invoke(Native Method)
09-01 10:37:36.201 W/System.err( 1948): 	at com.android.internal.os.ZygoteInit$MethodAndArgsCaller.run(ZygoteInit.java:892)
09-01 10:37:36.201 W/System.err( 1948): 	at com.android.internal.os.ZygoteInit.main(ZygoteInit.java:782)
09-01 10:37:36.203 I/ActivityManager( 1282): START u0 {cmp=eu.vranckaert.worktime/.activities.tasks.AddEditTaskActivity} from uid 10064 on display 0
09-01 10:37:36.203 W/ActivityManager( 1282): Permission Denial: starting Intent { cmp=eu.vranckaert.worktime/.activities.tasks.AddEditTaskActivity } from ProcessRecord{4ccee7c 1948:com.android.intentfuzzer/u0a64} (pid=1948, uid=10064) not exported from uid 10049
09-01 10:37:36.205 W/System.err( 1948): java.lang.Exception: Toast callstack! strTip=Send Intent Failed!
09-01 10:37:36.205 W/System.err( 1948): 	at android.widget.Toast.show(Toast.java:130)
09-01 10:37:36.205 W/System.err( 1948): 	at com.android.intentfuzzer.FuzzerActivity$3.onClick(FuzzerActivity.java:167)
09-01 10:37:36.205 W/System.err( 1948): 	at android.view.View.performClick(View.java:5637)
09-01 10:37:36.205 W/System.err( 1948): 	at android.view.View$PerformClick.run(View.java:22429)
09-01 10:37:36.205 W/System.err( 1948): 	at android.os.Handler.handleCallback(Handler.java:751)
09-01 10:37:36.205 W/System.err( 1948): 	at android.os.Handler.dispatchMessage(Handler.java:95)
09-01 10:37:36.205 W/System.err( 1948): 	at android.os.Looper.loop(Looper.java:154)
09-01 10:37:36.205 W/System.err( 1948): 	at android.app.ActivityThread.main(ActivityThread.java:6190)
09-01 10:37:36.205 W/System.err( 1948): 	at java.lang.reflect.Method.invoke(Native Method)
09-01 10:37:36.205 W/System.err( 1948): 	at com.android.internal.os.ZygoteInit$MethodAndArgsCaller.run(ZygoteInit.java:892)
09-01 10:37:36.205 W/System.err( 1948): 	at com.android.internal.os.ZygoteInit.main(ZygoteInit.java:782)
09-01 10:37:36.207 I/ActivityManager( 1282): START u0 {cmp=eu.vranckaert.worktime/.activities.tasks.SelectTaskActivity} from uid 10064 on display 0
09-01 10:37:36.207 W/ActivityManager( 1282): Permission Denial: starting Intent { cmp=eu.vranckaert.worktime/.activities.tasks.SelectTaskActivity } from ProcessRecord{4ccee7c 1948:com.android.intentfuzzer/u0a64} (pid=1948, uid=10064) not exported from uid 10049
09-01 10:37:36.208 W/System.err( 1948): java.lang.Exception: Toast callstack! strTip=Send Intent Failed!
09-01 10:37:36.209 W/System.err( 1948): 	at android.widget.Toast.show(Toast.java:130)
09-01 10:37:36.209 W/System.err( 1948): 	at com.android.intentfuzzer.FuzzerActivity$3.onClick(FuzzerActivity.java:167)
09-01 10:37:36.209 W/System.err( 1948): 	at android.view.View.performClick(View.java:5637)
09-01 10:37:36.209 W/System.err( 1948): 	at android.view.View$PerformClick.run(View.java:22429)
09-01 10:37:36.209 W/System.err( 1948): 	at android.os.Handler.handleCallback(Handler.java:751)
09-01 10:37:36.209 W/System.err( 1948): 	at android.os.Handler.dispatchMessage(Handler.java:95)
09-01 10:37:36.209 W/System.err( 1948): 	at android.os.Looper.loop(Looper.java:154)
09-01 10:37:36.209 W/System.err( 1948): 	at android.app.ActivityThread.main(ActivityThread.java:6190)
09-01 10:37:36.209 W/System.err( 1948): 	at java.lang.reflect.Method.invoke(Native Method)
09-01 10:37:36.209 W/System.err( 1948): 	at com.android.internal.os.ZygoteInit$MethodAndArgsCaller.run(ZygoteInit.java:892)
09-01 10:37:36.209 W/System.err( 1948): 	at com.android.internal.os.ZygoteInit.main(ZygoteInit.java:782)
09-01 10:37:36.210 I/ActivityManager( 1282): START u0 {cmp=eu.vranckaert.worktime/.activities.timeregistrations.TimeRegistrationListActivity} from uid 10064 on display 0
09-01 10:37:36.210 W/ActivityManager( 1282): Permission Denial: starting Intent { cmp=eu.vranckaert.worktime/.activities.timeregistrations.TimeRegistrationListActivity } from ProcessRecord{4ccee7c 1948:com.android.intentfuzzer/u0a64} (pid=1948, uid=10064) not exported from uid 10049
09-01 10:37:36.211 W/System.err( 1948): java.lang.Exception: Toast callstack! strTip=Send Intent Failed!
09-01 10:37:36.211 W/System.err( 1948): 	at android.widget.Toast.show(Toast.java:130)
09-01 10:37:36.211 W/System.err( 1948): 	at com.android.intentfuzzer.FuzzerActivity$3.onClick(FuzzerActivity.java:167)
09-01 10:37:36.211 W/System.err( 1948): 	at android.view.View.performClick(View.java:5637)
09-01 10:37:36.211 W/System.err( 1948): 	at android.view.View$PerformClick.run(View.java:22429)
09-01 10:37:36.211 W/System.err( 1948): 	at android.os.Handler.handleCallback(Handler.java:751)
09-01 10:37:36.211 W/System.err( 1948): 	at android.os.Handler.dispatchMessage(Handler.java:95)
09-01 10:37:36.211 W/System.err( 1948): 	at android.os.Looper.loop(Looper.java:154)
09-01 10:37:36.212 W/System.err( 1948): 	at android.app.ActivityThread.main(ActivityThread.java:6190)
09-01 10:37:36.212 W/System.err( 1948): 	at java.lang.reflect.Method.invoke(Native Method)
09-01 10:37:36.212 W/System.err( 1948): 	at com.android.internal.os.ZygoteInit$MethodAndArgsCaller.run(ZygoteInit.java:892)
09-01 10:37:36.212 W/System.err( 1948): 	at com.android.internal.os.ZygoteInit.main(ZygoteInit.java:782)
09-01 10:37:36.213 I/ActivityManager( 1282): START u0 {cmp=eu.vranckaert.worktime/.activities.timeregistrations.TimeRegistrationDetailActivity} from uid 10064 on display 0
09-01 10:37:36.213 W/ActivityManager( 1282): Permission Denial: starting Intent { cmp=eu.vranckaert.worktime/.activities.timeregistrations.TimeRegistrationDetailActivity } from ProcessRecord{4ccee7c 1948:com.android.intentfuzzer/u0a64} (pid=1948, uid=10064) not exported from uid 10049
09-01 10:37:36.215 W/System.err( 1948): java.lang.Exception: Toast callstack! strTip=Send Intent Failed!
09-01 10:37:36.215 W/System.err( 1948): 	at android.widget.Toast.show(Toast.java:130)
09-01 10:37:36.215 W/System.err( 1948): 	at com.android.intentfuzzer.FuzzerActivity$3.onClick(FuzzerActivity.java:167)
09-01 10:37:36.215 W/System.err( 1948): 	at android.view.View.performClick(View.java:5637)
09-01 10:37:36.215 W/System.err( 1948): 	at android.view.View$PerformClick.run(View.java:22429)
09-01 10:37:36.215 W/System.err( 1948): 	at android.os.Handler.handleCallback(Handler.java:751)
09-01 10:37:36.215 W/System.err( 1948): 	at android.os.Handler.dispatchMessage(Handler.java:95)
09-01 10:37:36.215 W/System.err( 1948): 	at android.os.Looper.loop(Looper.java:154)
09-01 10:37:36.215 W/System.err( 1948): 	at android.app.ActivityThread.main(ActivityThread.java:6190)
09-01 10:37:36.215 W/System.err( 1948): 	at java.lang.reflect.Method.invoke(Native Method)
09-01 10:37:36.215 W/System.err( 1948): 	at com.android.internal.os.ZygoteInit$MethodAndArgsCaller.run(ZygoteInit.java:892)
09-01 10:37:36.215 W/System.err( 1948): 	at com.android.internal.os.ZygoteInit.main(ZygoteInit.java:782)
09-01 10:37:36.217 I/ActivityManager( 1282): START u0 {cmp=eu.vranckaert.worktime/.activities.timeregistrations.TimeRegistrationActionActivity} from uid 10064 on display 0
09-01 10:37:36.217 W/ActivityManager( 1282): Permission Denial: starting Intent { cmp=eu.vranckaert.worktime/.activities.timeregistrations.TimeRegistrationActionActivity } from ProcessRecord{4ccee7c 1948:com.android.intentfuzzer/u0a64} (pid=1948, uid=10064) not exported from uid 10049
09-01 10:37:36.219 W/System.err( 1948): java.lang.Exception: Toast callstack! strTip=Send Intent Failed!
09-01 10:37:36.220 W/System.err( 1948): 	at android.widget.Toast.show(Toast.java:130)
09-01 10:37:36.220 W/System.err( 1948): 	at com.android.intentfuzzer.FuzzerActivity$3.onClick(FuzzerActivity.java:167)
09-01 10:37:36.220 W/System.err( 1948): 	at android.view.View.performClick(View.java:5637)
09-01 10:37:36.220 W/System.err( 1948): 	at android.view.View$PerformClick.run(View.java:22429)
09-01 10:37:36.220 W/System.err( 1948): 	at android.os.Handler.handleCallback(Handler.java:751)
09-01 10:37:36.220 W/System.err( 1948): 	at android.os.Handler.dispatchMessage(Handler.java:95)
09-01 10:37:36.220 W/System.err( 1948): 	at android.os.Looper.loop(Looper.java:154)
09-01 10:37:36.220 W/System.err( 1948): 	at android.app.ActivityThread.main(ActivityThread.java:6190)
09-01 10:37:36.220 W/System.err( 1948): 	at java.lang.reflect.Method.invoke(Native Method)
09-01 10:37:36.220 W/System.err( 1948): 	at com.android.internal.os.ZygoteInit$MethodAndArgsCaller.run(ZygoteInit.java:892)
09-01 10:37:36.220 W/System.err( 1948): 	at com.android.internal.os.ZygoteInit.main(ZygoteInit.java:782)
09-01 10:37:36.246 I/ActivityManager( 1282): START u0 {cmp=eu.vranckaert.worktime/.activities.timeregistrations.TimeRegistrationPunchInActivity} from uid 10064 on display 0
09-01 10:37:36.246 W/ActivityManager( 1282): Permission Denial: starting Intent { cmp=eu.vranckaert.worktime/.activities.timeregistrations.TimeRegistrationPunchInActivity } from ProcessRecord{4ccee7c 1948:com.android.intentfuzzer/u0a64} (pid=1948, uid=10064) not exported from uid 10049
09-01 10:37:36.248 W/System.err( 1948): java.lang.Exception: Toast callstack! strTip=Send Intent Failed!
09-01 10:37:36.248 W/System.err( 1948): 	at android.widget.Toast.show(Toast.java:130)
09-01 10:37:36.248 W/System.err( 1948): 	at com.android.intentfuzzer.FuzzerActivity$3.onClick(FuzzerActivity.java:167)
09-01 10:37:36.248 W/System.err( 1948): 	at android.view.View.performClick(View.java:5637)
09-01 10:37:36.248 W/System.err( 1948): 	at android.view.View$PerformClick.run(View.java:22429)
09-01 10:37:36.248 W/System.err( 1948): 	at android.os.Handler.handleCallback(Handler.java:751)
09-01 10:37:36.248 W/System.err( 1948): 	at android.os.Handler.dispatchMessage(Handler.java:95)
09-01 10:37:36.248 W/System.err( 1948): 	at android.os.Looper.loop(Looper.java:154)
09-01 10:37:36.248 W/System.err( 1948): 	at android.app.ActivityThread.main(ActivityThread.java:6190)
09-01 10:37:36.248 W/System.err( 1948): 	at java.lang.reflect.Method.invoke(Native Method)
09-01 10:37:36.248 W/System.err( 1948): 	at com.android.internal.os.ZygoteInit$MethodAndArgsCaller.run(ZygoteInit.java:892)
09-01 10:37:36.248 W/System.err( 1948): 	at com.android.internal.os.ZygoteInit.main(ZygoteInit.java:782)
09-01 10:37:36.250 I/ActivityManager( 1282): START u0 {cmp=eu.vranckaert.worktime/.activities.timeregistrations.TimeRegistrationPunchOutActivity} from uid 10064 on display 0
09-01 10:37:36.250 W/ActivityManager( 1282): Permission Denial: starting Intent { cmp=eu.vranckaert.worktime/.activities.timeregistrations.TimeRegistrationPunchOutActivity } from ProcessRecord{4ccee7c 1948:com.android.intentfuzzer/u0a64} (pid=1948, uid=10064) not exported from uid 10049
09-01 10:37:36.252 W/System.err( 1948): java.lang.Exception: Toast callstack! strTip=Send Intent Failed!
09-01 10:37:36.252 W/System.err( 1948): 	at android.widget.Toast.show(Toast.java:130)
09-01 10:37:36.252 W/System.err( 1948): 	at com.android.intentfuzzer.FuzzerActivity$3.onClick(FuzzerActivity.java:167)
09-01 10:37:36.252 W/System.err( 1948): 	at android.view.View.performClick(View.java:5637)
09-01 10:37:36.252 W/System.err( 1948): 	at android.view.View$PerformClick.run(View.java:22429)
09-01 10:37:36.252 W/System.err( 1948): 	at android.os.Handler.handleCallback(Handler.java:751)
09-01 10:37:36.252 W/System.err( 1948): 	at android.os.Handler.dispatchMessage(Handler.java:95)
09-01 10:37:36.252 W/System.err( 1948): 	at android.os.Looper.loop(Looper.java:154)
09-01 10:37:36.252 W/System.err( 1948): 	at android.app.ActivityThread.main(ActivityThread.java:6190)
09-01 10:37:36.252 W/System.err( 1948): 	at java.lang.reflect.Method.invoke(Native Method)
09-01 10:37:36.252 W/System.err( 1948): 	at com.android.internal.os.ZygoteInit$MethodAndArgsCaller.run(ZygoteInit.java:892)
09-01 10:37:36.252 W/System.err( 1948): 	at com.android.internal.os.ZygoteInit.main(ZygoteInit.java:782)
09-01 10:37:36.254 I/ActivityManager( 1282): START u0 {cmp=eu.vranckaert.worktime/.activities.timeregistrations.TimeRegistrationDeleteActivity} from uid 10064 on display 0
09-01 10:37:36.254 W/ActivityManager( 1282): Permission Denial: starting Intent { cmp=eu.vranckaert.worktime/.activities.timeregistrations.TimeRegistrationDeleteActivity } from ProcessRecord{4ccee7c 1948:com.android.intentfuzzer/u0a64} (pid=1948, uid=10064) not exported from uid 10049
09-01 10:37:36.257 W/System.err( 1948): java.lang.Exception: Toast callstack! strTip=Send Intent Failed!
09-01 10:37:36.257 W/System.err( 1948): 	at android.widget.Toast.show(Toast.java:130)
09-01 10:37:36.257 W/System.err( 1948): 	at com.android.intentfuzzer.FuzzerActivity$3.onClick(FuzzerActivity.java:167)
09-01 10:37:36.257 W/System.err( 1948): 	at android.view.View.performClick(View.java:5637)
09-01 10:37:36.258 W/System.err( 1948): 	at android.view.View$PerformClick.run(View.java:22429)
09-01 10:37:36.258 W/System.err( 1948): 	at android.os.Handler.handleCallback(Handler.java:751)
09-01 10:37:36.258 W/System.err( 1948): 	at android.os.Handler.dispatchMessage(Handler.java:95)
09-01 10:37:36.258 W/System.err( 1948): 	at android.os.Looper.loop(Looper.java:154)
09-01 10:37:36.258 W/System.err( 1948): 	at android.app.ActivityThread.main(ActivityThread.java:6190)
09-01 10:37:36.258 W/System.err( 1948): 	at java.lang.reflect.Method.invoke(Native Method)
09-01 10:37:36.258 W/System.err( 1948): 	at com.android.internal.os.ZygoteInit$MethodAndArgsCaller.run(ZygoteInit.java:892)
09-01 10:37:36.258 W/System.err( 1948): 	at com.android.internal.os.ZygoteInit.main(ZygoteInit.java:782)
09-01 10:37:36.261 I/ActivityManager( 1282): START u0 {cmp=eu.vranckaert.worktime/.activities.timeregistrations.TimeRegistrationRestartActivity} from uid 10064 on display 0
09-01 10:37:36.261 W/ActivityManager( 1282): Permission Denial: starting Intent { cmp=eu.vranckaert.worktime/.activities.timeregistrations.TimeRegistrationRestartActivity } from ProcessRecord{4ccee7c 1948:com.android.intentfuzzer/u0a64} (pid=1948, uid=10064) not exported from uid 10049
09-01 10:37:36.262 W/System.err( 1948): java.lang.Exception: Toast callstack! strTip=Send Intent Failed!
09-01 10:37:36.262 W/System.err( 1948): 	at android.widget.Toast.show(Toast.java:130)
09-01 10:37:36.262 W/System.err( 1948): 	at com.android.intentfuzzer.FuzzerActivity$3.onClick(FuzzerActivity.java:167)
09-01 10:37:36.262 W/System.err( 1948): 	at android.view.View.performClick(View.java:5637)
09-01 10:37:36.262 W/System.err( 1948): 	at android.view.View$PerformClick.run(View.java:22429)
09-01 10:37:36.263 W/System.err( 1948): 	at android.os.Handler.handleCallback(Handler.java:751)
09-01 10:37:36.263 W/System.err( 1948): 	at android.os.Handler.dispatchMessage(Handler.java:95)
09-01 10:37:36.263 W/System.err( 1948): 	at android.os.Looper.loop(Looper.java:154)
09-01 10:37:36.263 W/System.err( 1948): 	at android.app.ActivityThread.main(ActivityThread.java:6190)
09-01 10:37:36.263 W/System.err( 1948): 	at java.lang.reflect.Method.invoke(Native Method)
09-01 10:37:36.263 W/System.err( 1948): 	at com.android.internal.os.ZygoteInit$MethodAndArgsCaller.run(ZygoteInit.java:892)
09-01 10:37:36.263 W/System.err( 1948): 	at com.android.internal.os.ZygoteInit.main(ZygoteInit.java:782)
09-01 10:37:36.264 I/ActivityManager( 1282): START u0 {cmp=eu.vranckaert.worktime/.activities.timeregistrations.TimeRegistrationSetCommentActivity} from uid 10064 on display 0
09-01 10:37:36.264 W/ActivityManager( 1282): Permission Denial: starting Intent { cmp=eu.vranckaert.worktime/.activities.timeregistrations.TimeRegistrationSetCommentActivity } from ProcessRecord{4ccee7c 1948:com.android.intentfuzzer/u0a64} (pid=1948, uid=10064) not exported from uid 10049
09-01 10:37:36.266 W/System.err( 1948): java.lang.Exception: Toast callstack! strTip=Send Intent Failed!
09-01 10:37:36.266 W/System.err( 1948): 	at android.widget.Toast.show(Toast.java:130)
09-01 10:37:36.266 W/System.err( 1948): 	at com.android.intentfuzzer.FuzzerActivity$3.onClick(FuzzerActivity.java:167)
09-01 10:37:36.266 W/System.err( 1948): 	at android.view.View.performClick(View.java:5637)
09-01 10:37:36.266 W/System.err( 1948): 	at android.view.View$PerformClick.run(View.java:22429)
09-01 10:37:36.266 W/System.err( 1948): 	at android.os.Handler.handleCallback(Handler.java:751)
09-01 10:37:36.266 W/System.err( 1948): 	at android.os.Handler.dispatchMessage(Handler.java:95)
09-01 10:37:36.266 W/System.err( 1948): 	at android.os.Looper.loop(Looper.java:154)
09-01 10:37:36.266 W/System.err( 1948): 	at android.app.ActivityThread.main(ActivityThread.java:6190)
09-01 10:37:36.266 W/System.err( 1948): 	at java.lang.reflect.Method.invoke(Native Method)
09-01 10:37:36.266 W/System.err( 1948): 	at com.android.internal.os.ZygoteInit$MethodAndArgsCaller.run(ZygoteInit.java:892)
09-01 10:37:36.266 W/System.err( 1948): 	at com.android.internal.os.ZygoteInit.main(ZygoteInit.java:782)
09-01 10:37:36.268 I/ActivityManager( 1282): START u0 {cmp=eu.vranckaert.worktime/.activities.timeregistrations.TimeRegistrationEditProjectAndTaskActivity} from uid 10064 on display 0
09-01 10:37:36.268 W/ActivityManager( 1282): Permission Denial: starting Intent { cmp=eu.vranckaert.worktime/.activities.timeregistrations.TimeRegistrationEditProjectAndTaskActivity } from ProcessRecord{4ccee7c 1948:com.android.intentfuzzer/u0a64} (pid=1948, uid=10064) not exported from uid 10049
09-01 10:37:36.269 W/System.err( 1948): java.lang.Exception: Toast callstack! strTip=Send Intent Failed!
09-01 10:37:36.269 W/System.err( 1948): 	at android.widget.Toast.show(Toast.java:130)
09-01 10:37:36.269 W/System.err( 1948): 	at com.android.intentfuzzer.FuzzerActivity$3.onClick(FuzzerActivity.java:167)
09-01 10:37:36.269 W/System.err( 1948): 	at android.view.View.performClick(View.java:5637)
09-01 10:37:36.269 W/System.err( 1948): 	at android.view.View$PerformClick.run(View.java:22429)
09-01 10:37:36.269 W/System.err( 1948): 	at android.os.Handler.handleCallback(Handler.java:751)
09-01 10:37:36.269 W/System.err( 1948): 	at android.os.Handler.dispatchMessage(Handler.java:95)
09-01 10:37:36.269 W/System.err( 1948): 	at android.os.Looper.loop(Looper.java:154)
09-01 10:37:36.269 W/System.err( 1948): 	at android.app.ActivityThread.main(ActivityThread.java:6190)
09-01 10:37:36.269 W/System.err( 1948): 	at java.lang.reflect.Method.invoke(Native Method)
09-01 10:37:36.269 W/System.err( 1948): 	at com.android.internal.os.ZygoteInit$MethodAndArgsCaller.run(ZygoteInit.java:892)
09-01 10:37:36.269 W/System.err( 1948): 	at com.android.internal.os.ZygoteInit.main(ZygoteInit.java:782)
09-01 10:37:36.271 I/ActivityManager( 1282): START u0 {cmp=eu.vranckaert.worktime/.activities.timeregistrations.TimeRegistrationEditStartTimeActivity} from uid 10064 on display 0
09-01 10:37:36.271 W/ActivityManager( 1282): Permission Denial: starting Intent { cmp=eu.vranckaert.worktime/.activities.timeregistrations.TimeRegistrationEditStartTimeActivity } from ProcessRecord{4ccee7c 1948:com.android.intentfuzzer/u0a64} (pid=1948, uid=10064) not exported from uid 10049
09-01 10:37:36.273 W/System.err( 1948): java.lang.Exception: Toast callstack! strTip=Send Intent Failed!
09-01 10:37:36.273 W/System.err( 1948): 	at android.widget.Toast.show(Toast.java:130)
09-01 10:37:36.273 W/System.err( 1948): 	at com.android.intentfuzzer.FuzzerActivity$3.onClick(FuzzerActivity.java:167)
09-01 10:37:36.273 W/System.err( 1948): 	at android.view.View.performClick(View.java:5637)
09-01 10:37:36.273 W/System.err( 1948): 	at android.view.View$PerformClick.run(View.java:22429)
09-01 10:37:36.273 W/System.err( 1948): 	at android.os.Handler.handleCallback(Handler.java:751)
09-01 10:37:36.273 W/System.err( 1948): 	at android.os.Handler.dispatchMessage(Handler.java:95)
09-01 10:37:36.273 W/System.err( 1948): 	at android.os.Looper.loop(Looper.java:154)
09-01 10:37:36.273 W/System.err( 1948): 	at android.app.ActivityThread.main(ActivityThread.java:6190)
09-01 10:37:36.273 W/System.err( 1948): 	at java.lang.reflect.Method.invoke(Native Method)
09-01 10:37:36.273 W/System.err( 1948): 	at com.android.internal.os.ZygoteInit$MethodAndArgsCaller.run(ZygoteInit.java:892)
09-01 10:37:36.273 W/System.err( 1948): 	at com.android.internal.os.ZygoteInit.main(ZygoteInit.java:782)
09-01 10:37:36.275 I/ActivityManager( 1282): START u0 {cmp=eu.vranckaert.worktime/.activities.timeregistrations.TimeRegistrationEditEndTimeActivity} from uid 10064 on display 0
09-01 10:37:36.275 W/ActivityManager( 1282): Permission Denial: starting Intent { cmp=eu.vranckaert.worktime/.activities.timeregistrations.TimeRegistrationEditEndTimeActivity } from ProcessRecord{4ccee7c 1948:com.android.intentfuzzer/u0a64} (pid=1948, uid=10064) not exported from uid 10049
09-01 10:37:36.279 W/System.err( 1948): java.lang.Exception: Toast callstack! strTip=Send Intent Failed!
09-01 10:37:36.279 W/System.err( 1948): 	at android.widget.Toast.show(Toast.java:130)
09-01 10:37:36.279 W/System.err( 1948): 	at com.android.intentfuzzer.FuzzerActivity$3.onClick(FuzzerActivity.java:167)
09-01 10:37:36.279 W/System.err( 1948): 	at android.view.View.performClick(View.java:5637)
09-01 10:37:36.279 W/System.err( 1948): 	at android.view.View$PerformClick.run(View.java:22429)
09-01 10:37:36.279 W/System.err( 1948): 	at android.os.Handler.handleCallback(Handler.java:751)
09-01 10:37:36.279 W/System.err( 1948): 	at android.os.Handler.dispatchMessage(Handler.java:95)
09-01 10:37:36.279 W/System.err( 1948): 	at android.os.Looper.loop(Looper.java:154)
09-01 10:37:36.279 W/System.err( 1948): 	at android.app.ActivityThread.main(ActivityThread.java:6190)
09-01 10:37:36.279 W/System.err( 1948): 	at java.lang.reflect.Method.invoke(Native Method)
09-01 10:37:36.279 W/System.err( 1948): 	at com.android.internal.os.ZygoteInit$MethodAndArgsCaller.run(ZygoteInit.java:892)
09-01 10:37:36.279 W/System.err( 1948): 	at com.android.internal.os.ZygoteInit.main(ZygoteInit.java:782)
09-01 10:37:36.280 I/ActivityManager( 1282): START u0 {cmp=eu.vranckaert.worktime/.activities.timeregistrations.TimeRegistrationSplitActivity} from uid 10064 on display 0
09-01 10:37:36.280 W/ActivityManager( 1282): Permission Denial: starting Intent { cmp=eu.vranckaert.worktime/.activities.timeregistrations.TimeRegistrationSplitActivity } from ProcessRecord{4ccee7c 1948:com.android.intentfuzzer/u0a64} (pid=1948, uid=10064) not exported from uid 10049
09-01 10:37:36.281 W/System.err( 1948): java.lang.Exception: Toast callstack! strTip=Send Intent Failed!
09-01 10:37:36.281 W/System.err( 1948): 	at android.widget.Toast.show(Toast.java:130)
09-01 10:37:36.281 W/System.err( 1948): 	at com.android.intentfuzzer.FuzzerActivity$3.onClick(FuzzerActivity.java:167)
09-01 10:37:36.281 W/System.err( 1948): 	at android.view.View.performClick(View.java:5637)
09-01 10:37:36.281 W/System.err( 1948): 	at android.view.View$PerformClick.run(View.java:22429)
09-01 10:37:36.281 W/System.err( 1948): 	at android.os.Handler.handleCallback(Handler.java:751)
09-01 10:37:36.281 W/System.err( 1948): 	at android.os.Handler.dispatchMessage(Handler.java:95)
09-01 10:37:36.281 W/System.err( 1948): 	at android.os.Looper.loop(Looper.java:154)
09-01 10:37:36.281 W/System.err( 1948): 	at android.app.ActivityThread.main(ActivityThread.java:6190)
09-01 10:37:36.281 W/System.err( 1948): 	at java.lang.reflect.Method.invoke(Native Method)
09-01 10:37:36.281 W/System.err( 1948): 	at com.android.internal.os.ZygoteInit$MethodAndArgsCaller.run(ZygoteInit.java:892)
09-01 10:37:36.281 W/System.err( 1948): 	at com.android.internal.os.ZygoteInit.main(ZygoteInit.java:782)
09-01 10:37:36.282 I/ActivityManager( 1282): START u0 {cmp=eu.vranckaert.worktime/.activities.timeregistrations.TimeRegistrationAddActivity} from uid 10064 on display 0
09-01 10:37:36.282 W/ActivityManager( 1282): Permission Denial: starting Intent { cmp=eu.vranckaert.worktime/.activities.timeregistrations.TimeRegistrationAddActivity } from ProcessRecord{4ccee7c 1948:com.android.intentfuzzer/u0a64} (pid=1948, uid=10064) not exported from uid 10049
09-01 10:37:36.283 W/System.err( 1948): java.lang.Exception: Toast callstack! strTip=Send Intent Failed!
09-01 10:37:36.283 W/System.err( 1948): 	at android.widget.Toast.show(Toast.java:130)
09-01 10:37:36.283 W/System.err( 1948): 	at com.android.intentfuzzer.FuzzerActivity$3.onClick(FuzzerActivity.java:167)
09-01 10:37:36.283 W/System.err( 1948): 	at android.view.View.performClick(View.java:5637)
09-01 10:37:36.283 W/System.err( 1948): 	at android.view.View$PerformClick.run(View.java:22429)
09-01 10:37:36.283 W/System.err( 1948): 	at android.os.Handler.handleCallback(Handler.java:751)
09-01 10:37:36.283 W/System.err( 1948): 	at android.os.Handler.dispatchMessage(Handler.java:95)
09-01 10:37:36.283 W/System.err( 1948): 	at android.os.Looper.loop(Looper.java:154)
09-01 10:37:36.283 W/System.err( 1948): 	at android.app.ActivityThread.main(ActivityThread.java:6190)
09-01 10:37:36.283 W/System.err( 1948): 	at java.lang.reflect.Method.invoke(Native Method)
09-01 10:37:36.283 W/System.err( 1948): 	at com.android.internal.os.ZygoteInit$MethodAndArgsCaller.run(ZygoteInit.java:892)
09-01 10:37:36.284 W/System.err( 1948): 	at com.android.internal.os.ZygoteInit.main(ZygoteInit.java:782)
09-01 10:37:36.287 I/ActivityManager( 1282): START u0 {cmp=eu.vranckaert.worktime/.activities.reporting.ReportingCriteriaActivity} from uid 10064 on display 0
09-01 10:37:36.287 W/ActivityManager( 1282): Permission Denial: starting Intent { cmp=eu.vranckaert.worktime/.activities.reporting.ReportingCriteriaActivity } from ProcessRecord{4ccee7c 1948:com.android.intentfuzzer/u0a64} (pid=1948, uid=10064) not exported from uid 10049
09-01 10:37:36.288 W/System.err( 1948): java.lang.Exception: Toast callstack! strTip=Send Intent Failed!
09-01 10:37:36.288 W/System.err( 1948): 	at android.widget.Toast.show(Toast.java:130)
09-01 10:37:36.288 W/System.err( 1948): 	at com.android.intentfuzzer.FuzzerActivity$3.onClick(FuzzerActivity.java:167)
09-01 10:37:36.288 W/System.err( 1948): 	at android.view.View.performClick(View.java:5637)
09-01 10:37:36.288 W/System.err( 1948): 	at android.view.View$PerformClick.run(View.java:22429)
09-01 10:37:36.288 W/System.err( 1948): 	at android.os.Handler.handleCallback(Handler.java:751)
09-01 10:37:36.288 W/System.err( 1948): 	at android.os.Handler.dispatchMessage(Handler.java:95)
09-01 10:37:36.288 W/System.err( 1948): 	at android.os.Looper.loop(Looper.java:154)
09-01 10:37:36.288 W/System.err( 1948): 	at android.app.ActivityThread.main(ActivityThread.java:6190)
09-01 10:37:36.288 W/System.err( 1948): 	at java.lang.reflect.Method.invoke(Native Method)
09-01 10:37:36.288 W/System.err( 1948): 	at com.android.internal.os.ZygoteInit$MethodAndArgsCaller.run(ZygoteInit.java:892)
09-01 10:37:36.288 W/System.err( 1948): 	at com.android.internal.os.ZygoteInit.main(ZygoteInit.java:782)
09-01 10:37:36.290 I/ActivityManager( 1282): START u0 {cmp=eu.vranckaert.worktime/.activities.reporting.ReportingResultActivity} from uid 10064 on display 0
09-01 10:37:36.291 W/ActivityManager( 1282): Permission Denial: starting Intent { cmp=eu.vranckaert.worktime/.activities.reporting.ReportingResultActivity } from ProcessRecord{4ccee7c 1948:com.android.intentfuzzer/u0a64} (pid=1948, uid=10064) not exported from uid 10049
09-01 10:37:36.292 W/System.err( 1948): java.lang.Exception: Toast callstack! strTip=Send Intent Failed!
09-01 10:37:36.292 W/System.err( 1948): 	at android.widget.Toast.show(Toast.java:130)
09-01 10:37:36.292 W/System.err( 1948): 	at com.android.intentfuzzer.FuzzerActivity$3.onClick(FuzzerActivity.java:167)
09-01 10:37:36.292 W/System.err( 1948): 	at android.view.View.performClick(View.java:5637)
09-01 10:37:36.292 W/System.err( 1948): 	at android.view.View$PerformClick.run(View.java:22429)
09-01 10:37:36.292 W/System.err( 1948): 	at android.os.Handler.handleCallback(Handler.java:751)
09-01 10:37:36.292 W/System.err( 1948): 	at android.os.Handler.dispatchMessage(Handler.java:95)
09-01 10:37:36.292 W/System.err( 1948): 	at android.os.Looper.loop(Looper.java:154)
09-01 10:37:36.292 W/System.err( 1948): 	at android.app.ActivityThread.main(ActivityThread.java:6190)
09-01 10:37:36.292 W/System.err( 1948): 	at java.lang.reflect.Method.invoke(Native Method)
09-01 10:37:36.292 W/System.err( 1948): 	at com.android.internal.os.ZygoteInit$MethodAndArgsCaller.run(ZygoteInit.java:892)
09-01 10:37:36.293 W/System.err( 1948): 	at com.android.internal.os.ZygoteInit.main(ZygoteInit.java:782)
09-01 10:37:36.294 I/ActivityManager( 1282): START u0 {cmp=eu.vranckaert.worktime/.activities.reporting.ReportingExportActivity} from uid 10064 on display 0
09-01 10:37:36.294 W/ActivityManager( 1282): Permission Denial: starting Intent { cmp=eu.vranckaert.worktime/.activities.reporting.ReportingExportActivity } from ProcessRecord{4ccee7c 1948:com.android.intentfuzzer/u0a64} (pid=1948, uid=10064) not exported from uid 10049
09-01 10:37:36.296 W/System.err( 1948): java.lang.Exception: Toast callstack! strTip=Send Intent Failed!
09-01 10:37:36.296 W/System.err( 1948): 	at android.widget.Toast.show(Toast.java:130)
09-01 10:37:36.296 W/System.err( 1948): 	at com.android.intentfuzzer.FuzzerActivity$3.onClick(FuzzerActivity.java:167)
09-01 10:37:36.296 W/System.err( 1948): 	at android.view.View.performClick(View.java:5637)
09-01 10:37:36.296 W/System.err( 1948): 	at android.view.View$PerformClick.run(View.java:22429)
09-01 10:37:36.296 W/System.err( 1948): 	at android.os.Handler.handleCallback(Handler.java:751)
09-01 10:37:36.296 W/System.err( 1948): 	at android.os.Handler.dispatchMessage(Handler.java:95)
09-01 10:37:36.296 W/System.err( 1948): 	at android.os.Looper.loop(Looper.java:154)
09-01 10:37:36.296 W/System.err( 1948): 	at android.app.ActivityThread.main(ActivityThread.java:6190)
09-01 10:37:36.296 W/System.err( 1948): 	at java.lang.reflect.Method.invoke(Native Method)
09-01 10:37:36.296 W/System.err( 1948): 	at com.android.internal.os.ZygoteInit$MethodAndArgsCaller.run(ZygoteInit.java:892)
09-01 10:37:36.296 W/System.err( 1948): 	at com.android.internal.os.ZygoteInit.main(ZygoteInit.java:782)
09-01 10:37:36.298 I/ActivityManager( 1282): START u0 {cmp=eu.vranckaert.worktime/.activities.about.AboutActivity} from uid 10064 on display 0
09-01 10:37:36.298 W/ActivityManager( 1282): Permission Denial: starting Intent { cmp=eu.vranckaert.worktime/.activities.about.AboutActivity } from ProcessRecord{4ccee7c 1948:com.android.intentfuzzer/u0a64} (pid=1948, uid=10064) not exported from uid 10049
09-01 10:37:36.299 W/System.err( 1948): java.lang.Exception: Toast callstack! strTip=Send Intent Failed!
09-01 10:37:36.299 W/System.err( 1948): 	at android.widget.Toast.show(Toast.java:130)
09-01 10:37:36.299 W/System.err( 1948): 	at com.android.intentfuzzer.FuzzerActivity$3.onClick(FuzzerActivity.java:167)
09-01 10:37:36.299 W/System.err( 1948): 	at android.view.View.performClick(View.java:5637)
09-01 10:37:36.299 W/System.err( 1948): 	at android.view.View$PerformClick.run(View.java:22429)
09-01 10:37:36.300 W/System.err( 1948): 	at android.os.Handler.handleCallback(Handler.java:751)
09-01 10:37:36.300 W/System.err( 1948): 	at android.os.Handler.dispatchMessage(Handler.java:95)
09-01 10:37:36.300 W/System.err( 1948): 	at android.os.Looper.loop(Looper.java:154)
09-01 10:37:36.300 W/System.err( 1948): 	at android.app.ActivityThread.main(ActivityThread.java:6190)
09-01 10:37:36.300 W/System.err( 1948): 	at java.lang.reflect.Method.invoke(Native Method)
09-01 10:37:36.300 W/System.err( 1948): 	at com.android.internal.os.ZygoteInit$MethodAndArgsCaller.run(ZygoteInit.java:892)
09-01 10:37:36.300 W/System.err( 1948): 	at com.android.internal.os.ZygoteInit.main(ZygoteInit.java:782)
09-01 10:37:36.302 I/ActivityManager( 1282): START u0 {cmp=eu.vranckaert.worktime/.activities.preferences.PreferencesActivity} from uid 10064 on display 0
09-01 10:37:36.302 W/ActivityManager( 1282): Permission Denial: starting Intent { cmp=eu.vranckaert.worktime/.activities.preferences.PreferencesActivity } from ProcessRecord{4ccee7c 1948:com.android.intentfuzzer/u0a64} (pid=1948, uid=10064) not exported from uid 10049
09-01 10:37:36.303 W/System.err( 1948): java.lang.Exception: Toast callstack! strTip=Send Intent Failed!
09-01 10:37:36.303 W/System.err( 1948): 	at android.widget.Toast.show(Toast.java:130)
09-01 10:37:36.304 W/System.err( 1948): 	at com.android.intentfuzzer.FuzzerActivity$3.onClick(FuzzerActivity.java:167)
09-01 10:37:36.304 W/System.err( 1948): 	at android.view.View.performClick(View.java:5637)
09-01 10:37:36.304 W/System.err( 1948): 	at android.view.View$PerformClick.run(View.java:22429)
09-01 10:37:36.304 W/System.err( 1948): 	at android.os.Handler.handleCallback(Handler.java:751)
09-01 10:37:36.304 W/System.err( 1948): 	at android.os.Handler.dispatchMessage(Handler.java:95)
09-01 10:37:36.304 W/System.err( 1948): 	at android.os.Looper.loop(Looper.java:154)
09-01 10:37:36.304 W/System.err( 1948): 	at android.app.ActivityThread.main(ActivityThread.java:6190)
09-01 10:37:36.304 W/System.err( 1948): 	at java.lang.reflect.Method.invoke(Native Method)
09-01 10:37:36.304 W/System.err( 1948): 	at com.android.internal.os.ZygoteInit$MethodAndArgsCaller.run(ZygoteInit.java:892)
09-01 10:37:36.304 W/System.err( 1948): 	at com.android.internal.os.ZygoteInit.main(ZygoteInit.java:782)
09-01 10:37:36.305 I/ActivityManager( 1282): START u0 {cmp=eu.vranckaert.worktime/.activities.preferences.BackupPreferencesActivity} from uid 10064 on display 0
09-01 10:37:36.305 W/ActivityManager( 1282): Permission Denial: starting Intent { cmp=eu.vranckaert.worktime/.activities.preferences.BackupPreferencesActivity } from ProcessRecord{4ccee7c 1948:com.android.intentfuzzer/u0a64} (pid=1948, uid=10064) not exported from uid 10049
09-01 10:37:36.307 W/System.err( 1948): java.lang.Exception: Toast callstack! strTip=Send Intent Failed!
09-01 10:37:36.307 W/System.err( 1948): 	at android.widget.Toast.show(Toast.java:130)
09-01 10:37:36.307 W/System.err( 1948): 	at com.android.intentfuzzer.FuzzerActivity$3.onClick(FuzzerActivity.java:167)
09-01 10:37:36.307 W/System.err( 1948): 	at android.view.View.performClick(View.java:5637)
09-01 10:37:36.307 W/System.err( 1948): 	at android.view.View$PerformClick.run(View.java:22429)
09-01 10:37:36.307 W/System.err( 1948): 	at android.os.Handler.handleCallback(Handler.java:751)
09-01 10:37:36.307 W/System.err( 1948): 	at android.os.Handler.dispatchMessage(Handler.java:95)
09-01 10:37:36.307 W/System.err( 1948): 	at android.os.Looper.loop(Looper.java:154)
09-01 10:37:36.307 W/System.err( 1948): 	at android.app.ActivityThread.main(ActivityThread.java:6190)
09-01 10:37:36.307 W/System.err( 1948): 	at java.lang.reflect.Method.invoke(Native Method)
09-01 10:37:36.307 W/System.err( 1948): 	at com.android.internal.os.ZygoteInit$MethodAndArgsCaller.run(ZygoteInit.java:892)
09-01 10:37:36.307 W/System.err( 1948): 	at com.android.internal.os.ZygoteInit.main(ZygoteInit.java:782)
09-01 10:37:36.308 I/ActivityManager( 1282): START u0 {cmp=eu.vranckaert.worktime/.activities.preferences.DateTimePreferencesActivity} from uid 10064 on display 0
09-01 10:37:36.309 W/ActivityManager( 1282): Permission Denial: starting Intent { cmp=eu.vranckaert.worktime/.activities.preferences.DateTimePreferencesActivity } from ProcessRecord{4ccee7c 1948:com.android.intentfuzzer/u0a64} (pid=1948, uid=10064) not exported from uid 10049
09-01 10:37:36.310 W/System.err( 1948): java.lang.Exception: Toast callstack! strTip=Send Intent Failed!
09-01 10:37:36.311 W/System.err( 1948): 	at android.widget.Toast.show(Toast.java:130)
09-01 10:37:36.311 W/System.err( 1948): 	at com.android.intentfuzzer.FuzzerActivity$3.onClick(FuzzerActivity.java:167)
09-01 10:37:36.311 W/System.err( 1948): 	at android.view.View.performClick(View.java:5637)
09-01 10:37:36.311 W/System.err( 1948): 	at android.view.View$PerformClick.run(View.java:22429)
09-01 10:37:36.311 W/System.err( 1948): 	at android.os.Handler.handleCallback(Handler.java:751)
09-01 10:37:36.311 W/System.err( 1948): 	at android.os.Handler.dispatchMessage(Handler.java:95)
09-01 10:37:36.311 W/System.err( 1948): 	at android.os.Looper.loop(Looper.java:154)
09-01 10:37:36.311 W/System.err( 1948): 	at android.app.ActivityThread.main(ActivityThread.java:6190)
09-01 10:37:36.311 W/System.err( 1948): 	at java.lang.reflect.Method.invoke(Native Method)
09-01 10:37:36.311 W/System.err( 1948): 	at com.android.internal.os.ZygoteInit$MethodAndArgsCaller.run(ZygoteInit.java:892)
09-01 10:37:36.311 W/System.err( 1948): 	at com.android.internal.os.ZygoteInit.main(ZygoteInit.java:782)
09-01 10:37:36.312 I/ActivityManager( 1282): START u0 {cmp=eu.vranckaert.worktime/.activities.preferences.NotificationsPreferencesActivity} from uid 10064 on display 0
09-01 10:37:36.312 W/ActivityManager( 1282): Permission Denial: starting Intent { cmp=eu.vranckaert.worktime/.activities.preferences.NotificationsPreferencesActivity } from ProcessRecord{4ccee7c 1948:com.android.intentfuzzer/u0a64} (pid=1948, uid=10064) not exported from uid 10049
09-01 10:37:36.314 W/System.err( 1948): java.lang.Exception: Toast callstack! strTip=Send Intent Failed!
09-01 10:37:36.314 W/System.err( 1948): 	at android.widget.Toast.show(Toast.java:130)
09-01 10:37:36.314 W/System.err( 1948): 	at com.android.intentfuzzer.FuzzerActivity$3.onClick(FuzzerActivity.java:167)
09-01 10:37:36.314 W/System.err( 1948): 	at android.view.View.performClick(View.java:5637)
09-01 10:37:36.314 W/System.err( 1948): 	at android.view.View$PerformClick.run(View.java:22429)
09-01 10:37:36.314 W/System.err( 1948): 	at android.os.Handler.handleCallback(Handler.java:751)
09-01 10:37:36.314 W/System.err( 1948): 	at android.os.Handler.dispatchMessage(Handler.java:95)
09-01 10:37:36.314 W/System.err( 1948): 	at android.os.Looper.loop(Looper.java:154)
09-01 10:37:36.314 W/System.err( 1948): 	at android.app.ActivityThread.main(ActivityThread.java:6190)
09-01 10:37:36.314 W/System.err( 1948): 	at java.lang.reflect.Method.invoke(Native Method)
09-01 10:37:36.314 W/System.err( 1948): 	at com.android.internal.os.ZygoteInit$MethodAndArgsCaller.run(ZygoteInit.java:892)
09-01 10:37:36.314 W/System.err( 1948): 	at com.android.internal.os.ZygoteInit.main(ZygoteInit.java:782)
09-01 10:37:36.316 I/ActivityManager( 1282): START u0 {cmp=eu.vranckaert.worktime/.activities.preferences.ProjectsAndTasksPreferencesActivity} from uid 10064 on display 0
