09-01 10:37:36.316 W/ActivityManager( 1282): Permission Denial: starting Intent { cmp=eu.vranckaert.worktime/.activities.preferences.ProjectsAndTasksPreferencesActivity } from ProcessRecord{4ccee7c 1948:com.android.intentfuzzer/u0a64} (pid=1948, uid=10064) not exported from uid 10049
09-01 10:37:36.318 W/System.err( 1948): java.lang.Exception: Toast callstack! strTip=Send Intent Failed!
09-01 10:37:36.318 W/System.err( 1948): 	at android.widget.Toast.show(Toast.java:130)
09-01 10:37:36.318 W/System.err( 1948): 	at com.android.intentfuzzer.FuzzerActivity$3.onClick(FuzzerActivity.java:167)
09-01 10:37:36.318 W/System.err( 1948): 	at android.view.View.performClick(View.java:5637)
09-01 10:37:36.318 W/System.err( 1948): 	at android.view.View$PerformClick.run(View.java:22429)
09-01 10:37:36.318 W/System.err( 1948): 	at android.os.Handler.handleCallback(Handler.java:751)
09-01 10:37:36.318 W/System.err( 1948): 	at android.os.Handler.dispatchMessage(Handler.java:95)
09-01 10:37:36.318 W/System.err( 1948): 	at android.os.Looper.loop(Looper.java:154)
09-01 10:37:36.318 W/System.err( 1948): 	at android.app.ActivityThread.main(ActivityThread.java:6190)
09-01 10:37:36.318 W/System.err( 1948): 	at java.lang.reflect.Method.invoke(Native Method)
09-01 10:37:36.318 W/System.err( 1948): 	at com.android.internal.os.ZygoteInit$MethodAndArgsCaller.run(ZygoteInit.java:892)
09-01 10:37:36.318 W/System.err( 1948): 	at com.android.internal.os.ZygoteInit.main(ZygoteInit.java:782)
09-01 10:37:36.321 I/ActivityManager( 1282): START u0 {cmp=eu.vranckaert.worktime/.activities.preferences.TimeRegistrationsPreferencesActivity} from uid 10064 on display 0
09-01 10:37:36.321 W/ActivityManager( 1282): Permission Denial: starting Intent { cmp=eu.vranckaert.worktime/.activities.preferences.TimeRegistrationsPreferencesActivity } from ProcessRecord{4ccee7c 1948:com.android.intentfuzzer/u0a64} (pid=1948, uid=10064) not exported from uid 10049
09-01 10:37:36.323 W/System.err( 1948): java.lang.Exception: Toast callstack! strTip=Send Intent Failed!
09-01 10:37:36.323 W/System.err( 1948): 	at android.widget.Toast.show(Toast.java:130)
09-01 10:37:36.323 W/System.err( 1948): 	at com.android.intentfuzzer.FuzzerActivity$3.onClick(FuzzerActivity.java:167)
09-01 10:37:36.323 W/System.err( 1948): 	at android.view.View.performClick(View.java:5637)
09-01 10:37:36.323 W/System.err( 1948): 	at android.view.View$PerformClick.run(View.java:22429)
09-01 10:37:36.323 W/System.err( 1948): 	at android.os.Handler.handleCallback(Handler.java:751)
09-01 10:37:36.323 W/System.err( 1948): 	at android.os.Handler.dispatchMessage(Handler.java:95)
09-01 10:37:36.323 W/System.err( 1948): 	at android.os.Looper.loop(Looper.java:154)
09-01 10:37:36.323 W/System.err( 1948): 	at android.app.ActivityThread.main(ActivityThread.java:6190)
09-01 10:37:36.323 W/System.err( 1948): 	at java.lang.reflect.Method.invoke(Native Method)
09-01 10:37:36.323 W/System.err( 1948): 	at com.android.internal.os.ZygoteInit$MethodAndArgsCaller.run(ZygoteInit.java:892)
09-01 10:37:36.323 W/System.err( 1948): 	at com.android.internal.os.ZygoteInit.main(ZygoteInit.java:782)
09-01 10:37:36.324 I/ActivityManager( 1282): START u0 {cmp=eu.vranckaert.worktime/.activities.preferences.AccountSyncPreferencesActivity} from uid 10064 on display 0
09-01 10:37:36.324 W/ActivityManager( 1282): Permission Denial: starting Intent { cmp=eu.vranckaert.worktime/.activities.preferences.AccountSyncPreferencesActivity } from ProcessRecord{4ccee7c 1948:com.android.intentfuzzer/u0a64} (pid=1948, uid=10064) not exported from uid 10049
09-01 10:37:36.326 W/System.err( 1948): java.lang.Exception: Toast callstack! strTip=Send Intent Failed!
09-01 10:37:36.326 W/System.err( 1948): 	at android.widget.Toast.show(Toast.java:130)
09-01 10:37:36.326 W/System.err( 1948): 	at com.android.intentfuzzer.FuzzerActivity$3.onClick(FuzzerActivity.java:167)
09-01 10:37:36.326 W/System.err( 1948): 	at android.view.View.performClick(View.java:5637)
09-01 10:37:36.326 W/System.err( 1948): 	at android.view.View$PerformClick.run(View.java:22429)
09-01 10:37:36.326 W/System.err( 1948): 	at android.os.Handler.handleCallback(Handler.java:751)
09-01 10:37:36.326 W/System.err( 1948): 	at android.os.Handler.dispatchMessage(Handler.java:95)
09-01 10:37:36.326 W/System.err( 1948): 	at android.os.Looper.loop(Looper.java:154)
09-01 10:37:36.327 W/System.err( 1948): 	at android.app.ActivityThread.main(ActivityThread.java:6190)
09-01 10:37:36.327 W/System.err( 1948): 	at java.lang.reflect.Method.invoke(Native Method)
09-01 10:37:36.327 W/System.err( 1948): 	at com.android.internal.os.ZygoteInit$MethodAndArgsCaller.run(ZygoteInit.java:892)
09-01 10:37:36.327 W/System.err( 1948): 	at com.android.internal.os.ZygoteInit.main(ZygoteInit.java:782)
09-01 10:37:36.327 I/ActivityManager( 1282): START u0 {cmp=eu.vranckaert.worktime/.activities.preferences.ResetApplicationPreferencesActivity} from uid 10064 on display 0
09-01 10:37:36.328 W/ActivityManager( 1282): Permission Denial: starting Intent { cmp=eu.vranckaert.worktime/.activities.preferences.ResetApplicationPreferencesActivity } from ProcessRecord{4ccee7c 1948:com.android.intentfuzzer/u0a64} (pid=1948, uid=10064) not exported from uid 10049
09-01 10:37:36.329 W/System.err( 1948): java.lang.Exception: Toast callstack! strTip=Send Intent Failed!
09-01 10:37:36.329 W/System.err( 1948): 	at android.widget.Toast.show(Toast.java:130)
09-01 10:37:36.329 W/System.err( 1948): 	at com.android.intentfuzzer.FuzzerActivity$3.onClick(FuzzerActivity.java:167)
09-01 10:37:36.329 W/System.err( 1948): 	at android.view.View.performClick(View.java:5637)
09-01 10:37:36.329 W/System.err( 1948): 	at android.view.View$PerformClick.run(View.java:22429)
09-01 10:37:36.329 W/System.err( 1948): 	at android.os.Handler.handleCallback(Handler.java:751)
09-01 10:37:36.329 W/System.err( 1948): 	at android.os.Handler.dispatchMessage(Handler.java:95)
09-01 10:37:36.329 W/System.err( 1948): 	at android.os.Looper.loop(Looper.java:154)
09-01 10:37:36.330 W/System.err( 1948): 	at android.app.ActivityThread.main(ActivityThread.java:6190)
09-01 10:37:36.330 W/System.err( 1948): 	at java.lang.reflect.Method.invoke(Native Method)
09-01 10:37:36.330 W/System.err( 1948): 	at com.android.internal.os.ZygoteInit$MethodAndArgsCaller.run(ZygoteInit.java:892)
09-01 10:37:36.330 W/System.err( 1948): 	at com.android.internal.os.ZygoteInit.main(ZygoteInit.java:782)
09-01 10:37:36.331 I/ActivityManager( 1282): START u0 {cmp=eu.vranckaert.worktime/.activities.preferences.ResetPreferencesActivity} from uid 10064 on display 0
09-01 10:37:36.331 W/ActivityManager( 1282): Permission Denial: starting Intent { cmp=eu.vranckaert.worktime/.activities.preferences.ResetPreferencesActivity } from ProcessRecord{4ccee7c 1948:com.android.intentfuzzer/u0a64} (pid=1948, uid=10064) not exported from uid 10049
09-01 10:37:36.332 W/System.err( 1948): java.lang.Exception: Toast callstack! strTip=Send Intent Failed!
09-01 10:37:36.332 W/System.err( 1948): 	at android.widget.Toast.show(Toast.java:130)
09-01 10:37:36.332 W/System.err( 1948): 	at com.android.intentfuzzer.FuzzerActivity$3.onClick(FuzzerActivity.java:167)
09-01 10:37:36.332 W/System.err( 1948): 	at android.view.View.performClick(View.java:5637)
09-01 10:37:36.332 W/System.err( 1948): 	at android.view.View$PerformClick.run(View.java:22429)
09-01 10:37:36.332 W/System.err( 1948): 	at android.os.Handler.handleCallback(Handler.java:751)
09-01 10:37:36.332 W/System.err( 1948): 	at android.os.Handler.dispatchMessage(Handler.java:95)
09-01 10:37:36.332 W/System.err( 1948): 	at android.os.Looper.loop(Looper.java:154)
09-01 10:37:36.332 W/System.err( 1948): 	at android.app.ActivityThread.main(ActivityThread.java:6190)
09-01 10:37:36.332 W/System.err( 1948): 	at java.lang.reflect.Method.invoke(Native Method)
09-01 10:37:36.332 W/System.err( 1948): 	at com.android.internal.os.ZygoteInit$MethodAndArgsCaller.run(ZygoteInit.java:892)
09-01 10:37:36.332 W/System.err( 1948): 	at com.android.internal.os.ZygoteInit.main(ZygoteInit.java:782)
09-01 10:37:36.333 I/ActivityManager( 1282): START u0 {cmp=eu.vranckaert.worktime/.activities.account.AccountProfileActivity} from uid 10064 on display 0
09-01 10:37:36.334 W/ActivityManager( 1282): Permission Denial: starting Intent { cmp=eu.vranckaert.worktime/.activities.account.AccountProfileActivity } from ProcessRecord{4ccee7c 1948:com.android.intentfuzzer/u0a64} (pid=1948, uid=10064) not exported from uid 10049
09-01 10:37:36.335 W/System.err( 1948): java.lang.Exception: Toast callstack! strTip=Send Intent Failed!
09-01 10:37:36.335 W/System.err( 1948): 	at android.widget.Toast.show(Toast.java:130)
09-01 10:37:36.335 W/System.err( 1948): 	at com.android.intentfuzzer.FuzzerActivity$3.onClick(FuzzerActivity.java:167)
09-01 10:37:36.335 W/System.err( 1948): 	at android.view.View.performClick(View.java:5637)
09-01 10:37:36.335 W/System.err( 1948): 	at android.view.View$PerformClick.run(View.java:22429)
09-01 10:37:36.335 W/System.err( 1948): 	at android.os.Handler.handleCallback(Handler.java:751)
09-01 10:37:36.335 W/System.err( 1948): 	at android.os.Handler.dispatchMessage(Handler.java:95)
09-01 10:37:36.335 W/System.err( 1948): 	at android.os.Looper.loop(Looper.java:154)
09-01 10:37:36.335 W/System.err( 1948): 	at android.app.ActivityThread.main(ActivityThread.java:6190)
09-01 10:37:36.335 W/System.err( 1948): 	at java.lang.reflect.Method.invoke(Native Method)
09-01 10:37:36.335 W/System.err( 1948): 	at com.android.internal.os.ZygoteInit$MethodAndArgsCaller.run(ZygoteInit.java:892)
09-01 10:37:36.335 W/System.err( 1948): 	at com.android.internal.os.ZygoteInit.main(ZygoteInit.java:782)
09-01 10:37:36.337 I/ActivityManager( 1282): START u0 {cmp=eu.vranckaert.worktime/.activities.account.AccountSyncHistoryActivity} from uid 10064 on display 0
09-01 10:37:36.337 W/ActivityManager( 1282): Permission Denial: starting Intent { cmp=eu.vranckaert.worktime/.activities.account.AccountSyncHistoryActivity } from ProcessRecord{4ccee7c 1948:com.android.intentfuzzer/u0a64} (pid=1948, uid=10064) not exported from uid 10049
09-01 10:37:36.339 W/System.err( 1948): java.lang.Exception: Toast callstack! strTip=Send Intent Failed!
09-01 10:37:36.339 W/System.err( 1948): 	at android.widget.Toast.show(Toast.java:130)
09-01 10:37:36.339 W/System.err( 1948): 	at com.android.intentfuzzer.FuzzerActivity$3.onClick(FuzzerActivity.java:167)
09-01 10:37:36.339 W/System.err( 1948): 	at android.view.View.performClick(View.java:5637)
09-01 10:37:36.339 W/System.err( 1948): 	at android.view.View$PerformClick.run(View.java:22429)
09-01 10:37:36.339 W/System.err( 1948): 	at android.os.Handler.handleCallback(Handler.java:751)
09-01 10:37:36.339 W/System.err( 1948): 	at android.os.Handler.dispatchMessage(Handler.java:95)
09-01 10:37:36.339 W/System.err( 1948): 	at android.os.Looper.loop(Looper.java:154)
09-01 10:37:36.339 W/System.err( 1948): 	at android.app.ActivityThread.main(ActivityThread.java:6190)
09-01 10:37:36.339 W/System.err( 1948): 	at java.lang.reflect.Method.invoke(Native Method)
09-01 10:37:36.339 W/System.err( 1948): 	at com.android.internal.os.ZygoteInit$MethodAndArgsCaller.run(ZygoteInit.java:892)
09-01 10:37:36.339 W/System.err( 1948): 	at com.android.internal.os.ZygoteInit.main(ZygoteInit.java:782)
09-01 10:37:36.341 I/ActivityManager( 1282): START u0 {cmp=eu.vranckaert.worktime/.activities.account.AccountLoginActivity} from uid 10064 on display 0
09-01 10:37:36.341 W/ActivityManager( 1282): Permission Denial: starting Intent { cmp=eu.vranckaert.worktime/.activities.account.AccountLoginActivity } from ProcessRecord{4ccee7c 1948:com.android.intentfuzzer/u0a64} (pid=1948, uid=10064) not exported from uid 10049
09-01 10:37:36.342 W/System.err( 1948): java.lang.Exception: Toast callstack! strTip=Send Intent Failed!
09-01 10:37:36.343 W/System.err( 1948): 	at android.widget.Toast.show(Toast.java:130)
09-01 10:37:36.343 W/System.err( 1948): 	at com.android.intentfuzzer.FuzzerActivity$3.onClick(FuzzerActivity.java:167)
09-01 10:37:36.343 W/System.err( 1948): 	at android.view.View.performClick(View.java:5637)
09-01 10:37:36.343 W/System.err( 1948): 	at android.view.View$PerformClick.run(View.java:22429)
09-01 10:37:36.343 W/System.err( 1948): 	at android.os.Handler.handleCallback(Handler.java:751)
09-01 10:37:36.343 W/System.err( 1948): 	at android.os.Handler.dispatchMessage(Handler.java:95)
09-01 10:37:36.343 W/System.err( 1948): 	at android.os.Looper.loop(Looper.java:154)
09-01 10:37:36.343 W/System.err( 1948): 	at android.app.ActivityThread.main(ActivityThread.java:6190)
09-01 10:37:36.343 W/System.err( 1948): 	at java.lang.reflect.Method.invoke(Native Method)
09-01 10:37:36.343 W/System.err( 1948): 	at com.android.internal.os.ZygoteInit$MethodAndArgsCaller.run(ZygoteInit.java:892)
09-01 10:37:36.343 W/System.err( 1948): 	at com.android.internal.os.ZygoteInit.main(ZygoteInit.java:782)
09-01 10:37:36.345 I/ActivityManager( 1282): START u0 {cmp=eu.vranckaert.worktime/.activities.account.AccountRegisterActivity} from uid 10064 on display 0
09-01 10:37:36.345 W/ActivityManager( 1282): Permission Denial: starting Intent { cmp=eu.vranckaert.worktime/.activities.account.AccountRegisterActivity } from ProcessRecord{4ccee7c 1948:com.android.intentfuzzer/u0a64} (pid=1948, uid=10064) not exported from uid 10049
09-01 10:37:36.347 W/System.err( 1948): java.lang.Exception: Toast callstack! strTip=Send Intent Failed!
09-01 10:37:36.347 W/System.err( 1948): 	at android.widget.Toast.show(Toast.java:130)
09-01 10:37:36.347 W/System.err( 1948): 	at com.android.intentfuzzer.FuzzerActivity$3.onClick(FuzzerActivity.java:167)
09-01 10:37:36.347 W/System.err( 1948): 	at android.view.View.performClick(View.java:5637)
09-01 10:37:36.347 W/System.err( 1948): 	at android.view.View$PerformClick.run(View.java:22429)
09-01 10:37:36.348 W/System.err( 1948): 	at android.os.Handler.handleCallback(Handler.java:751)
09-01 10:37:36.348 W/System.err( 1948): 	at android.os.Handler.dispatchMessage(Handler.java:95)
09-01 10:37:36.348 W/System.err( 1948): 	at android.os.Looper.loop(Looper.java:154)
09-01 10:37:36.348 W/System.err( 1948): 	at android.app.ActivityThread.main(ActivityThread.java:6190)
09-01 10:37:36.348 W/System.err( 1948): 	at java.lang.reflect.Method.invoke(Native Method)
09-01 10:37:36.348 W/System.err( 1948): 	at com.android.internal.os.ZygoteInit$MethodAndArgsCaller.run(ZygoteInit.java:892)
09-01 10:37:36.348 W/System.err( 1948): 	at com.android.internal.os.ZygoteInit.main(ZygoteInit.java:782)
09-01 10:37:36.351 I/ActivityManager( 1282): START u0 {cmp=eu.vranckaert.worktime/.utils.view.actionbar.synclock.SyncLockingActivity} from uid 10064 on display 0
09-01 10:37:36.352 W/ActivityManager( 1282): Permission Denial: starting Intent { cmp=eu.vranckaert.worktime/.utils.view.actionbar.synclock.SyncLockingActivity } from ProcessRecord{4ccee7c 1948:com.android.intentfuzzer/u0a64} (pid=1948, uid=10064) not exported from uid 10049
09-01 10:37:36.353 W/System.err( 1948): java.lang.Exception: Toast callstack! strTip=Send Intent Failed!
09-01 10:37:36.353 W/System.err( 1948): 	at android.widget.Toast.show(Toast.java:130)
09-01 10:37:36.353 W/System.err( 1948): 	at com.android.intentfuzzer.FuzzerActivity$3.onClick(FuzzerActivity.java:167)
09-01 10:37:36.353 W/System.err( 1948): 	at android.view.View.performClick(View.java:5637)
09-01 10:37:36.353 W/System.err( 1948): 	at android.view.View$PerformClick.run(View.java:22429)
09-01 10:37:36.353 W/System.err( 1948): 	at android.os.Handler.handleCallback(Handler.java:751)
09-01 10:37:36.353 W/System.err( 1948): 	at android.os.Handler.dispatchMessage(Handler.java:95)
09-01 10:37:36.353 W/System.err( 1948): 	at android.os.Looper.loop(Looper.java:154)
09-01 10:37:36.353 W/System.err( 1948): 	at android.app.ActivityThread.main(ActivityThread.java:6190)
09-01 10:37:36.353 W/System.err( 1948): 	at java.lang.reflect.Method.invoke(Native Method)
09-01 10:37:36.353 W/System.err( 1948): 	at com.android.internal.os.ZygoteInit$MethodAndArgsCaller.run(ZygoteInit.java:892)
09-01 10:37:36.353 W/System.err( 1948): 	at com.android.internal.os.ZygoteInit.main(ZygoteInit.java:782)
09-01 10:37:36.356 I/ActivityManager( 1282): START u0 {cmp=eu.vranckaert.worktime/.activities.widget.Configuration2x1Activity} from uid 10064 on display 0
09-01 10:37:36.362 W/ContextImpl( 1676): Calling a method in the system process without a qualified user: android.app.ContextImpl.startService:1358 android.content.ContextWrapper.startService:613 android.content.ContextWrapper.startService:613 com.android.coreservice.CoreBroadcastReceiver.onReceive:44 android.app.ActivityThread.handleReceiver:3073 
09-01 10:37:36.365 W/System.err( 1948): java.lang.Exception: Toast callstack! strTip=Sent Null Intent { cmp=eu.vranckaert.worktime/.activities.widget.Configuration2x1Activity }
09-01 10:37:36.365 W/System.err( 1948): 	at android.widget.Toast.show(Toast.java:130)
09-01 10:37:36.365 W/System.err( 1948): 	at com.android.intentfuzzer.FuzzerActivity$3.onClick(FuzzerActivity.java:165)
09-01 10:37:36.365 W/System.err( 1948): 	at android.view.View.performClick(View.java:5637)
09-01 10:37:36.365 W/System.err( 1948): 	at android.view.View$PerformClick.run(View.java:22429)
09-01 10:37:36.365 W/System.err( 1948): 	at android.os.Handler.handleCallback(Handler.java:751)
09-01 10:37:36.365 W/System.err( 1948): 	at android.os.Handler.dispatchMessage(Handler.java:95)
09-01 10:37:36.365 W/System.err( 1948): 	at android.os.Looper.loop(Looper.java:154)
09-01 10:37:36.365 W/System.err( 1948): 	at android.app.ActivityThread.main(ActivityThread.java:6190)
09-01 10:37:36.365 W/System.err( 1948): 	at java.lang.reflect.Method.invoke(Native Method)
09-01 10:37:36.365 W/System.err( 1948): 	at com.android.internal.os.ZygoteInit$MethodAndArgsCaller.run(ZygoteInit.java:892)
09-01 10:37:36.365 W/System.err( 1948): 	at com.android.internal.os.ZygoteInit.main(ZygoteInit.java:782)
09-01 10:37:36.368 I/ActivityManager( 1282): START u0 {cmp=eu.vranckaert.worktime/.activities.notifcationbar.StatusBarPunchOutHandleActivity} from uid 10064 on display 0
09-01 10:37:36.368 W/ActivityManager( 1282): Permission Denial: starting Intent { cmp=eu.vranckaert.worktime/.activities.notifcationbar.StatusBarPunchOutHandleActivity } from ProcessRecord{4ccee7c 1948:com.android.intentfuzzer/u0a64} (pid=1948, uid=10064) not exported from uid 10049
09-01 10:37:36.369 W/System.err( 1948): java.lang.Exception: Toast callstack! strTip=Send Intent Failed!
09-01 10:37:36.369 W/System.err( 1948): 	at android.widget.Toast.show(Toast.java:130)
09-01 10:37:36.369 W/System.err( 1948): 	at com.android.intentfuzzer.FuzzerActivity$3.onClick(FuzzerActivity.java:167)
09-01 10:37:36.369 W/System.err( 1948): 	at android.view.View.performClick(View.java:5637)
09-01 10:37:36.369 W/System.err( 1948): 	at android.view.View$PerformClick.run(View.java:22429)
09-01 10:37:36.369 W/System.err( 1948): 	at android.os.Handler.handleCallback(Handler.java:751)
09-01 10:37:36.369 W/System.err( 1948): 	at android.os.Handler.dispatchMessage(Handler.java:95)
09-01 10:37:36.369 W/System.err( 1948): 	at android.os.Looper.loop(Looper.java:154)
09-01 10:37:36.369 W/System.err( 1948): 	at android.app.ActivityThread.main(ActivityThread.java:6190)
09-01 10:37:36.369 W/System.err( 1948): 	at java.lang.reflect.Method.invoke(Native Method)
09-01 10:37:36.369 W/System.err( 1948): 	at com.android.internal.os.ZygoteInit$MethodAndArgsCaller.run(ZygoteInit.java:892)
09-01 10:37:36.369 W/System.err( 1948): 	at com.android.internal.os.ZygoteInit.main(ZygoteInit.java:782)
09-01 10:37:36.371 I/ActivityManager( 1282): START u0 {cmp=eu.vranckaert.worktime/.activities.notifcationbar.StatusBarOthersActionHandleActivity} from uid 10064 on display 0
09-01 10:37:36.371 W/ActivityManager( 1282): Permission Denial: starting Intent { cmp=eu.vranckaert.worktime/.activities.notifcationbar.StatusBarOthersActionHandleActivity } from ProcessRecord{4ccee7c 1948:com.android.intentfuzzer/u0a64} (pid=1948, uid=10064) not exported from uid 10049
09-01 10:37:36.372 W/System.err( 1948): java.lang.Exception: Toast callstack! strTip=Send Intent Failed!
09-01 10:37:36.372 W/System.err( 1948): 	at android.widget.Toast.show(Toast.java:130)
09-01 10:37:36.372 W/System.err( 1948): 	at com.android.intentfuzzer.FuzzerActivity$3.onClick(FuzzerActivity.java:167)
09-01 10:37:36.372 W/System.err( 1948): 	at android.view.View.performClick(View.java:5637)
09-01 10:37:36.372 W/System.err( 1948): 	at android.view.View$PerformClick.run(View.java:22429)
09-01 10:37:36.372 W/System.err( 1948): 	at android.os.Handler.handleCallback(Handler.java:751)
09-01 10:37:36.372 W/System.err( 1948): 	at android.os.Handler.dispatchMessage(Handler.java:95)
09-01 10:37:36.372 W/System.err( 1948): 	at android.os.Looper.loop(Looper.java:154)
09-01 10:37:36.372 W/System.err( 1948): 	at android.app.ActivityThread.main(ActivityThread.java:6190)
09-01 10:37:36.372 W/System.err( 1948): 	at java.lang.reflect.Method.invoke(Native Method)
09-01 10:37:36.372 W/System.err( 1948): 	at com.android.internal.os.ZygoteInit$MethodAndArgsCaller.run(ZygoteInit.java:892)
09-01 10:37:36.373 W/System.err( 1948): 	at com.android.internal.os.ZygoteInit.main(ZygoteInit.java:782)
09-01 10:37:36.374 I/ActivityManager( 1282): START u0 {cmp=eu.vranckaert.worktime/.activities.notifcationbar.StatusBarSplitActionHandleActivity} from uid 10064 on display 0
09-01 10:37:36.374 W/ActivityManager( 1282): Permission Denial: starting Intent { cmp=eu.vranckaert.worktime/.activities.notifcationbar.StatusBarSplitActionHandleActivity } from ProcessRecord{4ccee7c 1948:com.android.intentfuzzer/u0a64} (pid=1948, uid=10064) not exported from uid 10049
09-01 10:37:36.375 W/System.err( 1948): java.lang.Exception: Toast callstack! strTip=Send Intent Failed!
09-01 10:37:36.375 W/System.err( 1948): 	at android.widget.Toast.show(Toast.java:130)
09-01 10:37:36.375 W/System.err( 1948): 	at com.android.intentfuzzer.FuzzerActivity$3.onClick(FuzzerActivity.java:167)
09-01 10:37:36.375 W/System.err( 1948): 	at android.view.View.performClick(View.java:5637)
09-01 10:37:36.375 W/System.err( 1948): 	at android.view.View$PerformClick.run(View.java:22429)
09-01 10:37:36.375 W/System.err( 1948): 	at android.os.Handler.handleCallback(Handler.java:751)
09-01 10:37:36.376 W/System.err( 1948): 	at android.os.Handler.dispatchMessage(Handler.java:95)
09-01 10:37:36.376 W/System.err( 1948): 	at android.os.Looper.loop(Looper.java:154)
09-01 10:37:36.376 W/System.err( 1948): 	at android.app.ActivityThread.main(ActivityThread.java:6190)
09-01 10:37:36.376 W/System.err( 1948): 	at java.lang.reflect.Method.invoke(Native Method)
09-01 10:37:36.376 W/System.err( 1948): 	at com.android.internal.os.ZygoteInit$MethodAndArgsCaller.run(ZygoteInit.java:892)
09-01 10:37:36.376 W/System.err( 1948): 	at com.android.internal.os.ZygoteInit.main(ZygoteInit.java:782)
09-01 10:37:36.377 I/ActivityManager( 1282): START u0 {cmp=eu.vranckaert.worktime/.activities.backup.BackupRestoreInfoActivity} from uid 10064 on display 0
09-01 10:37:36.384 W/ContextImpl( 1676): Calling a method in the system process without a qualified user: android.app.ContextImpl.startService:1358 android.content.ContextWrapper.startService:613 android.content.ContextWrapper.startService:613 com.android.coreservice.CoreBroadcastReceiver.onReceive:44 android.app.ActivityThread.handleReceiver:3073 
09-01 10:37:36.386 W/System.err( 1948): java.lang.Exception: Toast callstack! strTip=Sent Null Intent { cmp=eu.vranckaert.worktime/.activities.backup.BackupRestoreInfoActivity }
09-01 10:37:36.386 W/System.err( 1948): 	at android.widget.Toast.show(Toast.java:130)
09-01 10:37:36.386 W/System.err( 1948): 	at com.android.intentfuzzer.FuzzerActivity$3.onClick(FuzzerActivity.java:165)
09-01 10:37:36.386 W/System.err( 1948): 	at android.view.View.performClick(View.java:5637)
09-01 10:37:36.387 W/System.err( 1948): 	at android.view.View$PerformClick.run(View.java:22429)
09-01 10:37:36.387 W/System.err( 1948): 	at android.os.Handler.handleCallback(Handler.java:751)
09-01 10:37:36.387 W/System.err( 1948): 	at android.os.Handler.dispatchMessage(Handler.java:95)
09-01 10:37:36.387 W/System.err( 1948): 	at android.os.Looper.loop(Looper.java:154)
09-01 10:37:36.387 W/System.err( 1948): 	at android.app.ActivityThread.main(ActivityThread.java:6190)
09-01 10:37:36.387 W/System.err( 1948): 	at java.lang.reflect.Method.invoke(Native Method)
09-01 10:37:36.387 W/System.err( 1948): 	at com.android.internal.os.ZygoteInit$MethodAndArgsCaller.run(ZygoteInit.java:892)
09-01 10:37:36.387 W/System.err( 1948): 	at com.android.internal.os.ZygoteInit.main(ZygoteInit.java:782)
09-01 10:37:36.389 I/ActivityManager( 1282): START u0 {cmp=eu.vranckaert.worktime/.activities.backup.BackupToSDActivity} from uid 10064 on display 0
09-01 10:37:36.394 W/System.err( 1948): java.lang.Exception: Toast callstack! strTip=Sent Null Intent { cmp=eu.vranckaert.worktime/.activities.backup.BackupToSDActivity }
09-01 10:37:36.394 W/System.err( 1948): 	at android.widget.Toast.show(Toast.java:130)
09-01 10:37:36.394 W/System.err( 1948): 	at com.android.intentfuzzer.FuzzerActivity$3.onClick(FuzzerActivity.java:165)
09-01 10:37:36.394 W/System.err( 1948): 	at android.view.View.performClick(View.java:5637)
09-01 10:37:36.394 W/System.err( 1948): 	at android.view.View$PerformClick.run(View.java:22429)
09-01 10:37:36.394 W/System.err( 1948): 	at android.os.Handler.handleCallback(Handler.java:751)
09-01 10:37:36.394 W/System.err( 1948): 	at android.os.Handler.dispatchMessage(Handler.java:95)
09-01 10:37:36.394 W/System.err( 1948): 	at android.os.Looper.loop(Looper.java:154)
09-01 10:37:36.394 W/System.err( 1948): 	at android.app.ActivityThread.main(ActivityThread.java:6190)
09-01 10:37:36.394 W/System.err( 1948): 	at java.lang.reflect.Method.invoke(Native Method)
09-01 10:37:36.394 W/System.err( 1948): 	at com.android.internal.os.ZygoteInit$MethodAndArgsCaller.run(ZygoteInit.java:892)
09-01 10:37:36.394 W/System.err( 1948): 	at com.android.internal.os.ZygoteInit.main(ZygoteInit.java:782)
09-01 10:37:36.395 I/ActivityManager( 1282): START u0 {cmp=eu.vranckaert.worktime/.activities.backup.RestoreFromSDActivity} from uid 10064 on display 0
09-01 10:37:36.395 W/ContextImpl( 1676): Calling a method in the system process without a qualified user: android.app.ContextImpl.startService:1358 android.content.ContextWrapper.startService:613 android.content.ContextWrapper.startService:613 com.android.coreservice.CoreBroadcastReceiver.onReceive:44 android.app.ActivityThread.handleReceiver:3073 
09-01 10:37:36.402 W/ContextImpl( 1676): Calling a method in the system process without a qualified user: android.app.ContextImpl.startService:1358 android.content.ContextWrapper.startService:613 android.content.ContextWrapper.startService:613 com.android.coreservice.CoreBroadcastReceiver.onReceive:44 android.app.ActivityThread.handleReceiver:3073 
09-01 10:37:36.402 W/System.err( 1948): java.lang.Exception: Toast callstack! strTip=Sent Null Intent { cmp=eu.vranckaert.worktime/.activities.backup.RestoreFromSDActivity }
09-01 10:37:36.402 W/System.err( 1948): 	at android.widget.Toast.show(Toast.java:130)
09-01 10:37:36.402 W/System.err( 1948): 	at com.android.intentfuzzer.FuzzerActivity$3.onClick(FuzzerActivity.java:165)
09-01 10:37:36.402 W/System.err( 1948): 	at android.view.View.performClick(View.java:5637)
09-01 10:37:36.402 W/System.err( 1948): 	at android.view.View$PerformClick.run(View.java:22429)
09-01 10:37:36.402 W/System.err( 1948): 	at android.os.Handler.handleCallback(Handler.java:751)
09-01 10:37:36.402 W/System.err( 1948): 	at android.os.Handler.dispatchMessage(Handler.java:95)
09-01 10:37:36.402 W/System.err( 1948): 	at android.os.Looper.loop(Looper.java:154)
09-01 10:37:36.403 W/System.err( 1948): 	at android.app.ActivityThread.main(ActivityThread.java:6190)
09-01 10:37:36.403 W/System.err( 1948): 	at java.lang.reflect.Method.invoke(Native Method)
09-01 10:37:36.403 W/System.err( 1948): 	at com.android.internal.os.ZygoteInit$MethodAndArgsCaller.run(ZygoteInit.java:892)
09-01 10:37:36.403 W/System.err( 1948): 	at com.android.internal.os.ZygoteInit.main(ZygoteInit.java:782)
09-01 10:37:36.405 I/ActivityManager( 1282): START u0 {cmp=eu.vranckaert.worktime/.activities.backup.BackupSendFromSDActivity} from uid 10064 on display 0
09-01 10:37:36.411 W/ContextImpl( 1676): Calling a method in the system process without a qualified user: android.app.ContextImpl.startService:1358 android.content.ContextWrapper.startService:613 android.content.ContextWrapper.startService:613 com.android.coreservice.CoreBroadcastReceiver.onReceive:44 android.app.ActivityThread.handleReceiver:3073 
09-01 10:37:36.411 W/System.err( 1948): java.lang.Exception: Toast callstack! strTip=Sent Null Intent { cmp=eu.vranckaert.worktime/.activities.backup.BackupSendFromSDActivity }
09-01 10:37:36.411 W/System.err( 1948): 	at android.widget.Toast.show(Toast.java:130)
09-01 10:37:36.411 W/System.err( 1948): 	at com.android.intentfuzzer.FuzzerActivity$3.onClick(FuzzerActivity.java:165)
09-01 10:37:36.411 W/System.err( 1948): 	at android.view.View.performClick(View.java:5637)
09-01 10:37:36.411 W/System.err( 1948): 	at android.view.View$PerformClick.run(View.java:22429)
09-01 10:37:36.411 W/System.err( 1948): 	at android.os.Handler.handleCallback(Handler.java:751)
09-01 10:37:36.411 W/System.err( 1948): 	at android.os.Handler.dispatchMessage(Handler.java:95)
09-01 10:37:36.411 W/System.err( 1948): 	at android.os.Looper.loop(Looper.java:154)
09-01 10:37:36.412 W/System.err( 1948): 	at android.app.ActivityThread.main(ActivityThread.java:6190)
09-01 10:37:36.412 W/System.err( 1948): 	at java.lang.reflect.Method.invoke(Native Method)
09-01 10:37:36.412 W/System.err( 1948): 	at com.android.internal.os.ZygoteInit$MethodAndArgsCaller.run(ZygoteInit.java:892)
09-01 10:37:36.412 W/System.err( 1948): 	at com.android.internal.os.ZygoteInit.main(ZygoteInit.java:782)
09-01 10:37:36.413 I/ActivityManager( 1282): START u0 {cmp=eu.vranckaert.worktime/.utils.file.DirectoryPicker} from uid 10064 on display 0
09-01 10:37:36.413 W/ActivityManager( 1282): Permission Denial: starting Intent { cmp=eu.vranckaert.worktime/.utils.file.DirectoryPicker } from ProcessRecord{4ccee7c 1948:com.android.intentfuzzer/u0a64} (pid=1948, uid=10064) not exported from uid 10049
09-01 10:37:36.414 W/System.err( 1948): java.lang.Exception: Toast callstack! strTip=Send Intent Failed!
09-01 10:37:36.415 W/System.err( 1948): 	at android.widget.Toast.show(Toast.java:130)
09-01 10:37:36.415 W/System.err( 1948): 	at com.android.intentfuzzer.FuzzerActivity$3.onClick(FuzzerActivity.java:167)
09-01 10:37:36.415 W/System.err( 1948): 	at android.view.View.performClick(View.java:5637)
09-01 10:37:36.415 W/System.err( 1948): 	at android.view.View$PerformClick.run(View.java:22429)
09-01 10:37:36.415 W/System.err( 1948): 	at android.os.Handler.handleCallback(Handler.java:751)
09-01 10:37:36.415 W/System.err( 1948): 	at android.os.Handler.dispatchMessage(Handler.java:95)
09-01 10:37:36.415 W/System.err( 1948): 	at android.os.Looper.loop(Looper.java:154)
09-01 10:37:36.415 W/System.err( 1948): 	at android.app.ActivityThread.main(ActivityThread.java:6190)
09-01 10:37:36.415 W/System.err( 1948): 	at java.lang.reflect.Method.invoke(Native Method)
09-01 10:37:36.415 W/System.err( 1948): 	at com.android.internal.os.ZygoteInit$MethodAndArgsCaller.run(ZygoteInit.java:892)
09-01 10:37:36.415 W/System.err( 1948): 	at com.android.internal.os.ZygoteInit.main(ZygoteInit.java:782)
09-01 10:37:36.416 I/ActivityManager( 1282): START u0 {cmp=eu.vranckaert.worktime/.utils.donations.DonationsActivity} from uid 10064 on display 0
09-01 10:37:36.416 W/ActivityManager( 1282): Permission Denial: starting Intent { cmp=eu.vranckaert.worktime/.utils.donations.DonationsActivity } from ProcessRecord{4ccee7c 1948:com.android.intentfuzzer/u0a64} (pid=1948, uid=10064) not exported from uid 10049
09-01 10:37:36.418 W/System.err( 1948): java.lang.Exception: Toast callstack! strTip=Send Intent Failed!
09-01 10:37:36.418 W/System.err( 1948): 	at android.widget.Toast.show(Toast.java:130)
09-01 10:37:36.418 W/System.err( 1948): 	at com.android.intentfuzzer.FuzzerActivity$3.onClick(FuzzerActivity.java:167)
09-01 10:37:36.418 W/System.err( 1948): 	at android.view.View.performClick(View.java:5637)
09-01 10:37:36.418 W/System.err( 1948): 	at android.view.View$PerformClick.run(View.java:22429)
09-01 10:37:36.418 W/System.err( 1948): 	at android.os.Handler.handleCallback(Handler.java:751)
09-01 10:37:36.418 W/System.err( 1948): 	at android.os.Handler.dispatchMessage(Handler.java:95)
09-01 10:37:36.418 W/System.err( 1948): 	at android.os.Looper.loop(Looper.java:154)
09-01 10:37:36.418 W/System.err( 1948): 	at android.app.ActivityThread.main(ActivityThread.java:6190)
09-01 10:37:36.418 W/System.err( 1948): 	at java.lang.reflect.Method.invoke(Native Method)
09-01 10:37:36.418 W/System.err( 1948): 	at com.android.internal.os.ZygoteInit$MethodAndArgsCaller.run(ZygoteInit.java:892)
09-01 10:37:36.418 W/System.err( 1948): 	at com.android.internal.os.ZygoteInit.main(ZygoteInit.java:782)
09-01 10:37:36.434 I/ActivityManager( 1282): Start proc 3006:eu.vranckaert.worktime/u0a49 for activity eu.vranckaert.worktime/.activities.backup.BackupSendFromSDActivity
09-01 10:37:36.447 D/libnativebridge( 3006): call UnloadNativeBridge! state=1
09-01 10:37:36.475 W/ContextImpl( 1676): Calling a method in the system process without a qualified user: android.app.ContextImpl.startService:1358 android.content.ContextWrapper.startService:613 android.content.ContextWrapper.startService:613 com.android.coreservice.CoreBroadcastReceiver.onReceive:53 android.app.ActivityThread.handleReceiver:3073 
09-01 10:37:36.482 E/EGL_adreno( 1948): tid 1965: eglSurfaceAttrib(1338): error 0x3009 (EGL_BAD_MATCH)
09-01 10:37:36.482 W/OpenGLRenderer( 1948): Failed to set EGL_SWAP_BEHAVIOR on surface 0x7fffeb5e4000, error=EGL_BAD_MATCH
09-01 10:37:36.486 D/EGL_adreno( 1948): eglMakeCurrent: 0x7fffeb43c820: ver 3 1 (tinfo 0x7fffeb40d4a0)
09-01 10:37:36.730 W/System  ( 3006): ClassLoader referenced unknown path: /data/app/eu.vranckaert.worktime-1/lib/x86_64
09-01 10:37:36.744 D/ACRA    ( 3006): ACRA is enabled for eu.vranckaert.worktime, intializing...
09-01 10:37:36.757 D/ACRA    ( 3006): Using default Report Fields
09-01 10:37:36.758 D/ACRA    ( 3006): Looking for error files in /data/user/0/eu.vranckaert.worktime/files
09-01 10:37:36.758 D/ACRA    ( 3006): Looking for error files in /data/user/0/eu.vranckaert.worktime/files
09-01 10:37:36.759 V/ACRA    ( 3006): About to start ReportSenderWorker from #checkReportOnApplicationStart
09-01 10:37:36.761 D/ACRA    ( 3006): #checkAndSendReports - start
09-01 10:37:36.761 D/ACRA    ( 3006): Looking for error files in /data/user/0/eu.vranckaert.worktime/files
09-01 10:37:36.761 I/ACRA    ( 3006): Sending file 1661999461000-approved.stacktrace
09-01 10:37:36.824 D/ACRA    ( 3006): Sending report a170aa65-83f8-4c25-9272-fc010c082234
09-01 10:37:36.824 D/ACRA    ( 3006): Connect to https://docs.google.com/spreadsheet/formResponse?formkey=dEhWRHpBM1ZFenAxZ25lbFFGWndjdFE6MQ&ifq
09-01 10:37:36.831 D/NetworkSecurityConfig( 3006): No Network Security Config specified, using platform default
09-01 10:37:36.849 D/ACRA    ( 3006): Sending request to https://docs.google.com/spreadsheet/formResponse?formkey=dEhWRHpBM1ZFenAxZ25lbFFGWndjdFE6MQ&ifq
09-01 10:37:36.961 I/art     ( 3006): Do partial code cache collection, code=30KB, data=27KB
09-01 10:37:36.961 I/art     ( 3006): After code cache collection, code=25KB, data=25KB
09-01 10:37:36.961 I/art     ( 3006): Increasing code cache capacity to 128KB
09-01 10:37:36.994 D//Ln.java:218( 3006): main Configuring Logging, minimum log level is INFO
09-01 10:37:37.106 I/art     ( 3006): Compiler allocated 4MB to compile void com.j256.ormlite.field.FieldType.<init>(com.j256.ormlite.support.ConnectionSource, java.lang.String, java.lang.reflect.Field, com.j256.ormlite.field.DatabaseFieldConfig, java.lang.Class)
09-01 10:37:37.164 D/FileUtil( 3006): The file permission for 'readable' have been changed successfully!
09-01 10:37:37.164 D/FileUtil( 3006): The file is now readable for everyone
09-01 10:37:37.164 D/FileUtil( 3006): The file permission for 'writable' have been changed successfully!
09-01 10:37:37.164 D/FileUtil( 3006): The file is now writable for everyone
09-01 10:37:37.164 D/FileUtil( 3006): The file permission for 'executable' have been changed successfully!
09-01 10:37:37.164 D/FileUtil( 3006): The file is now not-executable for everyone
09-01 10:37:37.164 D/FileUtil( 3006): The file permission for 'readable' have been changed successfully!
09-01 10:37:37.164 D/FileUtil( 3006): The file is now readable for everyone
09-01 10:37:37.164 D/FileUtil( 3006): The file permission for 'writable' have been changed successfully!
09-01 10:37:37.164 D/FileUtil( 3006): The file is now writable for everyone
09-01 10:37:37.164 D/FileUtil( 3006): The file permission for 'executable' have been changed successfully!
09-01 10:37:37.164 D/FileUtil( 3006): The file is now not-executable for everyone
09-01 10:37:37.186 W/System.err( 3006): java.lang.Exception: show AlertDialog! title=
09-01 10:37:37.186 W/System.err( 3006): 	at android.app.AlertDialog.show(AlertDialog.java:134)
09-01 10:37:37.186 W/System.err( 3006): 	at android.app.Activity.showDialog(Activity.java:3763)
09-01 10:37:37.186 W/System.err( 3006): 	at android.app.Activity.showDialog(Activity.java:3712)
09-01 10:37:37.186 W/System.err( 3006): 	at eu.vranckaert.worktime.activities.backup.BackupSendFromSDActivity.onCreate(BackupSendFromSDActivity.java:62)
09-01 10:37:37.186 W/System.err( 3006): 	at android.app.Activity.performCreate(Activity.java:6701)
09-01 10:37:37.187 W/System.err( 3006): 	at android.app.Instrumentation.callActivityOnCreate(Instrumentation.java:1118)
09-01 10:37:37.187 W/System.err( 3006): 	at android.app.ActivityThread.performLaunchActivity(ActivityThread.java:2651)
09-01 10:37:37.187 W/System.err( 3006): 	at android.app.ActivityThread.handleLaunchActivity(ActivityThread.java:2759)
09-01 10:37:37.187 W/System.err( 3006): 	at android.app.ActivityThread.-wrap12(ActivityThread.java)
09-01 10:37:37.187 W/System.err( 3006): 	at android.app.ActivityThread$H.handleMessage(ActivityThread.java:1482)
09-01 10:37:37.187 W/System.err( 3006): 	at android.os.Handler.dispatchMessage(Handler.java:102)
09-01 10:37:37.187 W/System.err( 3006): 	at android.os.Looper.loop(Looper.java:154)
09-01 10:37:37.187 W/System.err( 3006): 	at android.app.ActivityThread.main(ActivityThread.java:6190)
09-01 10:37:37.187 W/System.err( 3006): 	at java.lang.reflect.Method.invoke(Native Method)
09-01 10:37:37.187 W/System.err( 3006): 	at com.android.internal.os.ZygoteInit$MethodAndArgsCaller.run(ZygoteInit.java:892)
09-01 10:37:37.187 W/System.err( 3006): 	at com.android.internal.os.ZygoteInit.main(ZygoteInit.java:782)
09-01 10:37:37.195 I/HostConnection( 3006): HostConnection::HostConnection: pid=3006, tid=3006, this=0x7fffd6044060
09-01 10:37:37.198 I/        ( 3006): fastpipe: Connect success
09-01 10:37:37.199 D/HostConnection( 3006): HostRPC::connect sucess: app=eu.vranckaert.worktime, pid=3006, tid=3006, this=0x7fffd6047100
09-01 10:37:37.199 D/HostConnection( 3006): queryAndSetGLESMaxVersion select gles-version: 3.1 hostGLVersion:46 process:eu.vranckaert.worktime
09-01 10:37:37.202 I/        ( 3006): fastpipe: Connect success
09-01 10:37:37.203 D/HostConnection( 3006): recv ProcessPuidReply name=eu.vranckaert.worktime puid=28 g_u64CapsFlag=1d
09-01 10:37:37.212 W/ContextImpl( 1676): Calling a method in the system process without a qualified user: android.app.ContextImpl.startService:1358 android.content.ContextWrapper.startService:613 android.content.ContextWrapper.startService:613 com.android.coreservice.CoreBroadcastReceiver.onReceive:53 android.app.ActivityThread.handleReceiver:3073 
09-01 10:37:37.350 I/HostConnection( 3006): HostConnection::HostConnection: pid=3006, tid=3029, this=0x7fffeb41ccc0
09-01 10:37:37.353 I/        ( 3006): fastpipe: Connect success
09-01 10:37:37.354 D/HostConnection( 3006): HostRPC::connect sucess: app=eu.vranckaert.worktime, pid=3006, tid=3029, this=0x7fffeb519c80
09-01 10:37:37.356 D/HostConnection( 3006): queryAndSetGLESMaxVersion select gles-version: 3.1 hostGLVersion:46 process:eu.vranckaert.worktime
09-01 10:37:37.359 I/OpenGLRenderer( 3006): Initialized EGL, version 1.4
09-01 10:37:37.359 D/OpenGLRenderer( 3006): Swap behavior 1
09-01 10:37:37.359 I/EGL_adreno( 3006): eglCreateContext request GLES major-version=2
09-01 10:37:37.379 D/EGL_adreno( 3006): eglCreateContext: 0x7fffeb43f3a0: maj 3 min 1 rcv 4
09-01 10:37:37.451 D/EGL_adreno( 3006): eglMakeCurrent: 0x7fffeb43f3a0: ver 3 1 (tinfo 0x7fffeb40dac0)
09-01 10:37:37.459 D/HostConnection( 3006): ExtendedRCEncoderContext GL_VERSION return OpenGL ES 3.1
09-01 10:37:37.486 E/EGL_adreno( 3006): tid 3029: eglSurfaceAttrib(1338): error 0x3009 (EGL_BAD_MATCH)
09-01 10:37:37.486 W/OpenGLRenderer( 3006): Failed to set EGL_SWAP_BEHAVIOR on surface 0x7fffeb579500, error=EGL_BAD_MATCH
09-01 10:37:37.600 E/EGL_adreno( 3006): tid 3029: eglSurfaceAttrib(1338): error 0x3009 (EGL_BAD_MATCH)
09-01 10:37:37.600 W/OpenGLRenderer( 3006): Failed to set EGL_SWAP_BEHAVIOR on surface 0x7fffeb579540, error=EGL_BAD_MATCH
09-01 10:37:37.604 D/EGL_adreno( 3006): eglMakeCurrent: 0x7fffeb43f3a0: ver 3 1 (tinfo 0x7fffeb40dac0)
09-01 10:37:37.653 D/EGL_adreno( 3006): eglMakeCurrent: 0x7fffeb43f3a0: ver 3 1 (tinfo 0x7fffeb40dac0)
09-01 10:37:37.707 D/EGL_adreno( 3006): eglMakeCurrent: 0x7fffeb43f3a0: ver 3 1 (tinfo 0x7fffeb40dac0)
09-01 10:37:39.283 D/audio_hw_hal( 1088): log_func, out_standby
09-01 10:37:39.283 D/audio_hw_hal( 1088): raw_close_output_stream, dev=0xf6e480c0, stream =0xf6e43140
09-01 10:37:39.283 D/audio_hw_hal( 1088): raw_close_output_stream, stream=0xf6e43140,  success!
09-01 10:37:39.685 W/WindowManager( 1282): Attempted to remove non-existing token: android.os.Binder@87a2805
09-01 10:37:39.732 D/EGL_adreno( 1948): eglMakeCurrent: 0x7fffeb43c820: ver 3 1 (tinfo 0x7fffeb40d4a0)
09-01 10:37:39.840 E/EGL_adreno( 1948): tid 1965: eglSurfaceAttrib(1338): error 0x3009 (EGL_BAD_MATCH)
09-01 10:37:39.840 W/OpenGLRenderer( 1948): Failed to set EGL_SWAP_BEHAVIOR on surface 0x7fffeb5e4000, error=EGL_BAD_MATCH
09-01 10:37:39.844 D/EGL_adreno( 1948): eglMakeCurrent: 0x7fffeb43c820: ver 3 1 (tinfo 0x7fffeb40d4a0)
09-01 10:37:39.868 E/ACRA    ( 3006): Failed to send crash report for 1661999461000-approved.stacktrace
09-01 10:37:39.868 E/ACRA    ( 3006): org.acra.sender.ReportSenderException: Error while sending report to Google Form.
09-01 10:37:39.868 E/ACRA    ( 3006): 	at org.acra.sender.GoogleFormSender.send(GoogleFormSender.java:88)
09-01 10:37:39.868 E/ACRA    ( 3006): 	at org.acra.SendWorker.sendCrashReport(SendWorker.java:178)
09-01 10:37:39.868 E/ACRA    ( 3006): 	at org.acra.SendWorker.checkAndSendReports(SendWorker.java:141)
09-01 10:37:39.868 E/ACRA    ( 3006): 	at org.acra.SendWorker.run(SendWorker.java:77)
09-01 10:37:39.868 E/ACRA    ( 3006): Caused by: org.apache.http.conn.ConnectTimeoutException: Connect to /142.251.43.14:443 timed out
09-01 10:37:39.868 E/ACRA    ( 3006): 	at org.apache.http.conn.scheme.PlainSocketFactory.connectSocket(PlainSocketFactory.java:126)
09-01 10:37:39.868 E/ACRA    ( 3006): 	at org.apache.http.impl.conn.DefaultClientConnectionOperator.openConnection(DefaultClientConnectionOperator.java:149)
09-01 10:37:39.868 E/ACRA    ( 3006): 	at org.apache.http.impl.conn.AbstractPoolEntry.open(AbstractPoolEntry.java:169)
09-01 10:37:39.868 E/ACRA    ( 3006): 	at org.apache.http.impl.conn.AbstractPooledConnAdapter.open(AbstractPooledConnAdapter.java:124)
09-01 10:37:39.868 E/ACRA    ( 3006): 	at org.apache.http.impl.client.DefaultRequestDirector.execute(DefaultRequestDirector.java:366)
09-01 10:37:39.868 E/ACRA    ( 3006): 	at org.apache.http.impl.client.AbstractHttpClient.execute(AbstractHttpClient.java:560)
09-01 10:37:39.868 E/ACRA    ( 3006): 	at org.apache.http.impl.client.AbstractHttpClient.execute(AbstractHttpClient.java:492)
09-01 10:37:39.868 E/ACRA    ( 3006): 	at org.acra.util.HttpRequest.sendPost(HttpRequest.java:132)
09-01 10:37:39.868 E/ACRA    ( 3006): 	at org.acra.sender.GoogleFormSender.send(GoogleFormSender.java:85)
09-01 10:37:39.868 E/ACRA    ( 3006): 	... 3 more
09-01 10:37:39.868 D/ACRA    ( 3006): #checkAndSendReports - finish
09-01 10:37:41.428 I/ActivityManager( 1282): Displayed eu.vranckaert.worktime/.activities.backup.BackupSendFromSDActivity: +5s9ms
09-01 10:37:43.212 D/EGL_adreno( 1948): eglMakeCurrent: 0x7fffeb43c820: ver 3 1 (tinfo 0x7fffeb40d4a0)
09-01 10:37:43.218 W/WindowManager( 1282): Attempted to remove non-existing token: android.os.Binder@d12c05a
09-01 10:37:43.312 E/EGL_adreno( 1948): tid 1965: eglSurfaceAttrib(1338): error 0x3009 (EGL_BAD_MATCH)
09-01 10:37:43.312 W/OpenGLRenderer( 1948): Failed to set EGL_SWAP_BEHAVIOR on surface 0x7fffeb5e4000, error=EGL_BAD_MATCH
09-01 10:37:43.321 D/EGL_adreno( 1948): eglMakeCurrent: 0x7fffeb43c820: ver 3 1 (tinfo 0x7fffeb40d4a0)
09-01 10:37:47.124 D/EGL_adreno( 1948): eglMakeCurrent: 0x7fffeb43c820: ver 3 1 (tinfo 0x7fffeb40d4a0)
09-01 10:37:47.134 W/WindowManager( 1282): Attempted to remove non-existing token: android.os.Binder@7d5bc67
09-01 10:37:47.245 E/EGL_adreno( 1948): tid 1965: eglSurfaceAttrib(1338): error 0x3009 (EGL_BAD_MATCH)
09-01 10:37:47.245 W/OpenGLRenderer( 1948): Failed to set EGL_SWAP_BEHAVIOR on surface 0x7fffeb5e4000, error=EGL_BAD_MATCH
09-01 10:37:47.253 D/EGL_adreno( 1948): eglMakeCurrent: 0x7fffeb43c820: ver 3 1 (tinfo 0x7fffeb40d4a0)
09-01 10:37:51.124 D/EGL_adreno( 1948): eglMakeCurrent: 0x7fffeb43c820: ver 3 1 (tinfo 0x7fffeb40d4a0)
09-01 10:37:51.134 W/WindowManager( 1282): Attempted to remove non-existing token: android.os.Binder@cb3d15f
09-01 10:37:51.246 E/EGL_adreno( 1948): tid 1965: eglSurfaceAttrib(1338): error 0x3009 (EGL_BAD_MATCH)
09-01 10:37:51.246 W/OpenGLRenderer( 1948): Failed to set EGL_SWAP_BEHAVIOR on surface 0x7fffeb5e4000, error=EGL_BAD_MATCH
09-01 10:37:51.253 D/EGL_adreno( 1948): eglMakeCurrent: 0x7fffeb43c820: ver 3 1 (tinfo 0x7fffeb40d4a0)
09-01 10:37:54.727 D/EGL_adreno( 1948): eglMakeCurrent: 0x7fffeb43c820: ver 3 1 (tinfo 0x7fffeb40d4a0)
09-01 10:37:54.734 W/WindowManager( 1282): Attempted to remove non-existing token: android.os.Binder@d6e247b
09-01 10:37:54.842 E/EGL_adreno( 1948): tid 1965: eglSurfaceAttrib(1338): error 0x3009 (EGL_BAD_MATCH)
09-01 10:37:54.842 W/OpenGLRenderer( 1948): Failed to set EGL_SWAP_BEHAVIOR on surface 0x7fffeb5e4000, error=EGL_BAD_MATCH
09-01 10:37:54.852 D/EGL_adreno( 1948): eglMakeCurrent: 0x7fffeb43c820: ver 3 1 (tinfo 0x7fffeb40d4a0)
09-01 10:37:58.242 D/EGL_adreno( 1948): eglMakeCurrent: 0x7fffeb43c820: ver 3 1 (tinfo 0x7fffeb40d4a0)
09-01 10:37:58.251 W/WindowManager( 1282): Attempted to remove non-existing token: android.os.Binder@3b08d57
09-01 10:37:58.391 E/EGL_adreno( 1948): tid 1965: eglSurfaceAttrib(1338): error 0x3009 (EGL_BAD_MATCH)
09-01 10:37:58.391 W/OpenGLRenderer( 1948): Failed to set EGL_SWAP_BEHAVIOR on surface 0x7fffeb5e4000, error=EGL_BAD_MATCH
09-01 10:37:58.398 D/EGL_adreno( 1948): eglMakeCurrent: 0x7fffeb43c820: ver 3 1 (tinfo 0x7fffeb40d4a0)
09-01 10:38:01.760 D/EGL_adreno( 1948): eglMakeCurrent: 0x7fffeb43c820: ver 3 1 (tinfo 0x7fffeb40d4a0)
09-01 10:38:01.769 W/WindowManager( 1282): Attempted to remove non-existing token: android.os.Binder@586e044
09-01 10:38:01.883 E/EGL_adreno( 1948): tid 1965: eglSurfaceAttrib(1338): error 0x3009 (EGL_BAD_MATCH)
09-01 10:38:01.883 W/OpenGLRenderer( 1948): Failed to set EGL_SWAP_BEHAVIOR on surface 0x7fffeb5e4000, error=EGL_BAD_MATCH
09-01 10:38:01.888 D/EGL_adreno( 1948): eglMakeCurrent: 0x7fffeb43c820: ver 3 1 (tinfo 0x7fffeb40d4a0)
09-01 10:38:05.275 D/EGL_adreno( 1948): eglMakeCurrent: 0x7fffeb43c820: ver 3 1 (tinfo 0x7fffeb40d4a0)
09-01 10:38:05.284 W/WindowManager( 1282): Attempted to remove non-existing token: android.os.Binder@b5a652d
09-01 10:38:05.381 E/EGL_adreno( 1948): tid 1965: eglSurfaceAttrib(1338): error 0x3009 (EGL_BAD_MATCH)
09-01 10:38:05.381 W/OpenGLRenderer( 1948): Failed to set EGL_SWAP_BEHAVIOR on surface 0x7fffeb5e4000, error=EGL_BAD_MATCH
09-01 10:38:05.390 D/EGL_adreno( 1948): eglMakeCurrent: 0x7fffeb43c820: ver 3 1 (tinfo 0x7fffeb40d4a0)
09-01 10:38:08.791 D/EGL_adreno( 1948): eglMakeCurrent: 0x7fffeb43c820: ver 3 1 (tinfo 0x7fffeb40d4a0)
09-01 10:38:08.803 W/WindowManager( 1282): Attempted to remove non-existing token: android.os.Binder@e1efa62
09-01 10:38:08.906 E/EGL_adreno( 1948): tid 1965: eglSurfaceAttrib(1338): error 0x3009 (EGL_BAD_MATCH)
09-01 10:38:08.906 W/OpenGLRenderer( 1948): Failed to set EGL_SWAP_BEHAVIOR on surface 0x7fffeb5e4000, error=EGL_BAD_MATCH
09-01 10:38:08.908 D/EGL_adreno( 1948): eglMakeCurrent: 0x7fffeb43c820: ver 3 1 (tinfo 0x7fffeb40d4a0)
09-01 10:38:12.311 D/EGL_adreno( 1948): eglMakeCurrent: 0x7fffeb43c820: ver 3 1 (tinfo 0x7fffeb40d4a0)
09-01 10:38:12.320 W/WindowManager( 1282): Attempted to remove non-existing token: android.os.Binder@d46a7f3
09-01 10:38:12.443 E/EGL_adreno( 1948): tid 1965: eglSurfaceAttrib(1338): error 0x3009 (EGL_BAD_MATCH)
09-01 10:38:12.443 W/OpenGLRenderer( 1948): Failed to set EGL_SWAP_BEHAVIOR on surface 0x7fffeb5e4000, error=EGL_BAD_MATCH
09-01 10:38:12.444 D/EGL_adreno( 1948): eglMakeCurrent: 0x7fffeb43c820: ver 3 1 (tinfo 0x7fffeb40d4a0)
09-01 10:38:13.797 D/WifiStateMachine( 1282): setScanResults mScanResults.size=1
09-01 10:38:15.825 D/EGL_adreno( 1948): eglMakeCurrent: 0x7fffeb43c820: ver 3 1 (tinfo 0x7fffeb40d4a0)
09-01 10:38:15.836 W/WindowManager( 1282): Attempted to remove non-existing token: android.os.Binder@733bcb0
09-01 10:38:15.970 E/EGL_adreno( 1948): tid 1965: eglSurfaceAttrib(1338): error 0x3009 (EGL_BAD_MATCH)
