09-01 10:38:15.970 W/OpenGLRenderer( 1948): Failed to set EGL_SWAP_BEHAVIOR on surface 0x7fffeb5e4000, error=EGL_BAD_MATCH
09-01 10:38:15.974 D/EGL_adreno( 1948): eglMakeCurrent: 0x7fffeb43c820: ver 3 1 (tinfo 0x7fffeb40d4a0)
09-01 10:38:19.343 D/EGL_adreno( 1948): eglMakeCurrent: 0x7fffeb43c820: ver 3 1 (tinfo 0x7fffeb40d4a0)
09-01 10:38:19.351 W/WindowManager( 1282): Attempted to remove non-existing token: android.os.Binder@4a52729
09-01 10:38:19.474 E/EGL_adreno( 1948): tid 1965: eglSurfaceAttrib(1338): error 0x3009 (EGL_BAD_MATCH)
09-01 10:38:19.474 W/OpenGLRenderer( 1948): Failed to set EGL_SWAP_BEHAVIOR on surface 0x7fffeb5e4000, error=EGL_BAD_MATCH
09-01 10:38:19.476 D/EGL_adreno( 1948): eglMakeCurrent: 0x7fffeb43c820: ver 3 1 (tinfo 0x7fffeb40d4a0)
09-01 10:38:22.858 D/EGL_adreno( 1948): eglMakeCurrent: 0x7fffeb43c820: ver 3 1 (tinfo 0x7fffeb40d4a0)
09-01 10:38:22.868 W/WindowManager( 1282): Attempted to remove non-existing token: android.os.Binder@ef65aae
09-01 10:38:23.021 E/EGL_adreno( 1948): tid 1965: eglSurfaceAttrib(1338): error 0x3009 (EGL_BAD_MATCH)
09-01 10:38:23.021 W/OpenGLRenderer( 1948): Failed to set EGL_SWAP_BEHAVIOR on surface 0x7fffeb5e4000, error=EGL_BAD_MATCH
09-01 10:38:23.024 D/EGL_adreno( 1948): eglMakeCurrent: 0x7fffeb43c820: ver 3 1 (tinfo 0x7fffeb40d4a0)
09-01 10:38:26.375 D/EGL_adreno( 1948): eglMakeCurrent: 0x7fffeb43c820: ver 3 1 (tinfo 0x7fffeb40d4a0)
09-01 10:38:26.384 W/WindowManager( 1282): Attempted to remove non-existing token: android.os.Binder@f19d04f
09-01 10:38:26.490 E/EGL_adreno( 1948): tid 1965: eglSurfaceAttrib(1338): error 0x3009 (EGL_BAD_MATCH)
09-01 10:38:26.490 W/OpenGLRenderer( 1948): Failed to set EGL_SWAP_BEHAVIOR on surface 0x7fffeb5e4000, error=EGL_BAD_MATCH
09-01 10:38:26.491 D/EGL_adreno( 1948): eglMakeCurrent: 0x7fffeb43c820: ver 3 1 (tinfo 0x7fffeb40d4a0)
09-01 10:38:29.891 D/EGL_adreno( 1948): eglMakeCurrent: 0x7fffeb43c820: ver 3 1 (tinfo 0x7fffeb40d4a0)
09-01 10:38:29.902 W/WindowManager( 1282): Attempted to remove non-existing token: android.os.Binder@78ff3dc
09-01 10:38:30.015 E/EGL_adreno( 1948): tid 1965: eglSurfaceAttrib(1338): error 0x3009 (EGL_BAD_MATCH)
09-01 10:38:30.015 W/OpenGLRenderer( 1948): Failed to set EGL_SWAP_BEHAVIOR on surface 0x7fffeb5e4000, error=EGL_BAD_MATCH
09-01 10:38:30.019 D/EGL_adreno( 1948): eglMakeCurrent: 0x7fffeb43c820: ver 3 1 (tinfo 0x7fffeb40d4a0)
09-01 10:38:33.409 D/EGL_adreno( 1948): eglMakeCurrent: 0x7fffeb43c820: ver 3 1 (tinfo 0x7fffeb40d4a0)
09-01 10:38:33.417 W/WindowManager( 1282): Attempted to remove non-existing token: android.os.Binder@cc00ce5
09-01 10:38:33.515 E/EGL_adreno( 1948): tid 1965: eglSurfaceAttrib(1338): error 0x3009 (EGL_BAD_MATCH)
09-01 10:38:33.515 W/OpenGLRenderer( 1948): Failed to set EGL_SWAP_BEHAVIOR on surface 0x7fffeb5e4000, error=EGL_BAD_MATCH
09-01 10:38:33.519 D/EGL_adreno( 1948): eglMakeCurrent: 0x7fffeb43c820: ver 3 1 (tinfo 0x7fffeb40d4a0)
09-01 10:38:36.926 D/EGL_adreno( 1948): eglMakeCurrent: 0x7fffeb43c820: ver 3 1 (tinfo 0x7fffeb40d4a0)
09-01 10:38:36.934 W/WindowManager( 1282): Attempted to remove non-existing token: android.os.Binder@fd173ba
09-01 10:38:37.064 E/EGL_adreno( 1948): tid 1965: eglSurfaceAttrib(1338): error 0x3009 (EGL_BAD_MATCH)
09-01 10:38:37.064 W/OpenGLRenderer( 1948): Failed to set EGL_SWAP_BEHAVIOR on surface 0x7fffeb5e4000, error=EGL_BAD_MATCH
09-01 10:38:37.070 D/EGL_adreno( 1948): eglMakeCurrent: 0x7fffeb43c820: ver 3 1 (tinfo 0x7fffeb40d4a0)
09-01 10:38:40.441 D/EGL_adreno( 1948): eglMakeCurrent: 0x7fffeb43c820: ver 3 1 (tinfo 0x7fffeb40d4a0)
09-01 10:38:40.451 W/WindowManager( 1282): Attempted to remove non-existing token: android.os.Binder@94d226b
09-01 10:38:40.598 E/EGL_adreno( 1948): tid 1965: eglSurfaceAttrib(1338): error 0x3009 (EGL_BAD_MATCH)
09-01 10:38:40.598 W/OpenGLRenderer( 1948): Failed to set EGL_SWAP_BEHAVIOR on surface 0x7fffeb5e4000, error=EGL_BAD_MATCH
09-01 10:38:40.603 D/EGL_adreno( 1948): eglMakeCurrent: 0x7fffeb43c820: ver 3 1 (tinfo 0x7fffeb40d4a0)
09-01 10:38:43.963 D/EGL_adreno( 1948): eglMakeCurrent: 0x7fffeb43c820: ver 3 1 (tinfo 0x7fffeb40d4a0)
09-01 10:38:43.968 W/WindowManager( 1282): Attempted to remove non-existing token: android.os.Binder@1671c8
09-01 10:38:44.074 E/EGL_adreno( 1948): tid 1965: eglSurfaceAttrib(1338): error 0x3009 (EGL_BAD_MATCH)
09-01 10:38:44.075 W/OpenGLRenderer( 1948): Failed to set EGL_SWAP_BEHAVIOR on surface 0x7fffeb5e4000, error=EGL_BAD_MATCH
09-01 10:38:44.077 D/EGL_adreno( 1948): eglMakeCurrent: 0x7fffeb43c820: ver 3 1 (tinfo 0x7fffeb40d4a0)
09-01 10:38:47.475 D/EGL_adreno( 1948): eglMakeCurrent: 0x7fffeb43c820: ver 3 1 (tinfo 0x7fffeb40d4a0)
09-01 10:38:47.484 W/WindowManager( 1282): Attempted to remove non-existing token: android.os.Binder@8e99261
09-01 10:38:47.580 E/EGL_adreno( 1948): tid 1965: eglSurfaceAttrib(1338): error 0x3009 (EGL_BAD_MATCH)
09-01 10:38:47.580 W/OpenGLRenderer( 1948): Failed to set EGL_SWAP_BEHAVIOR on surface 0x7fffeb5e4000, error=EGL_BAD_MATCH
09-01 10:38:47.587 D/EGL_adreno( 1948): eglMakeCurrent: 0x7fffeb43c820: ver 3 1 (tinfo 0x7fffeb40d4a0)
09-01 10:38:50.989 D/EGL_adreno( 1948): eglMakeCurrent: 0x7fffeb43c820: ver 3 1 (tinfo 0x7fffeb40d4a0)
09-01 10:38:51.001 W/WindowManager( 1282): Attempted to remove non-existing token: android.os.Binder@e131186
09-01 10:38:51.096 E/EGL_adreno( 1948): tid 1965: eglSurfaceAttrib(1338): error 0x3009 (EGL_BAD_MATCH)
09-01 10:38:51.096 W/OpenGLRenderer( 1948): Failed to set EGL_SWAP_BEHAVIOR on surface 0x7fffeb5e4000, error=EGL_BAD_MATCH
09-01 10:38:51.103 D/EGL_adreno( 1948): eglMakeCurrent: 0x7fffeb43c820: ver 3 1 (tinfo 0x7fffeb40d4a0)
09-01 10:38:54.508 D/EGL_adreno( 1948): eglMakeCurrent: 0x7fffeb43c820: ver 3 1 (tinfo 0x7fffeb40d4a0)
09-01 10:38:54.517 W/WindowManager( 1282): Attempted to remove non-existing token: android.os.Binder@1197a47
09-01 10:38:54.623 E/EGL_adreno( 1948): tid 1965: eglSurfaceAttrib(1338): error 0x3009 (EGL_BAD_MATCH)
09-01 10:38:54.623 W/OpenGLRenderer( 1948): Failed to set EGL_SWAP_BEHAVIOR on surface 0x7fffeb5e4000, error=EGL_BAD_MATCH
09-01 10:38:54.626 D/EGL_adreno( 1948): eglMakeCurrent: 0x7fffeb43c820: ver 3 1 (tinfo 0x7fffeb40d4a0)
09-01 10:38:58.025 D/EGL_adreno( 1948): eglMakeCurrent: 0x7fffeb43c820: ver 3 1 (tinfo 0x7fffeb40d4a0)
09-01 10:38:58.034 W/WindowManager( 1282): Attempted to remove non-existing token: android.os.Binder@504e274
09-01 10:38:58.134 E/EGL_adreno( 1948): tid 1965: eglSurfaceAttrib(1338): error 0x3009 (EGL_BAD_MATCH)
09-01 10:38:58.134 W/OpenGLRenderer( 1948): Failed to set EGL_SWAP_BEHAVIOR on surface 0x7fffeb5e4000, error=EGL_BAD_MATCH
09-01 10:38:58.138 D/EGL_adreno( 1948): eglMakeCurrent: 0x7fffeb43c820: ver 3 1 (tinfo 0x7fffeb40d4a0)
09-01 10:39:01.539 D/EGL_adreno( 1948): eglMakeCurrent: 0x7fffeb43c820: ver 3 1 (tinfo 0x7fffeb40d4a0)
09-01 10:39:01.559 W/WindowManager( 1282): Attempted to remove non-existing token: android.os.Binder@9cbf39d
09-01 10:39:01.678 E/EGL_adreno( 1948): tid 1965: eglSurfaceAttrib(1338): error 0x3009 (EGL_BAD_MATCH)
09-01 10:39:01.678 W/OpenGLRenderer( 1948): Failed to set EGL_SWAP_BEHAVIOR on surface 0x7fffeb5e4000, error=EGL_BAD_MATCH
09-01 10:39:01.686 D/EGL_adreno( 1948): eglMakeCurrent: 0x7fffeb43c820: ver 3 1 (tinfo 0x7fffeb40d4a0)
09-01 10:39:05.067 D/EGL_adreno( 1948): eglMakeCurrent: 0x7fffeb43c820: ver 3 1 (tinfo 0x7fffeb40d4a0)
09-01 10:39:05.068 W/WindowManager( 1282): Attempted to remove non-existing token: android.os.Binder@87ec012
09-01 10:39:05.195 E/EGL_adreno( 1948): tid 1965: eglSurfaceAttrib(1338): error 0x3009 (EGL_BAD_MATCH)
09-01 10:39:05.195 W/OpenGLRenderer( 1948): Failed to set EGL_SWAP_BEHAVIOR on surface 0x7fffeb5e4000, error=EGL_BAD_MATCH
09-01 10:39:05.201 D/EGL_adreno( 1948): eglMakeCurrent: 0x7fffeb43c820: ver 3 1 (tinfo 0x7fffeb40d4a0)
09-01 10:39:08.574 D/EGL_adreno( 1948): eglMakeCurrent: 0x7fffeb43c820: ver 3 1 (tinfo 0x7fffeb40d4a0)
09-01 10:39:08.585 W/WindowManager( 1282): Attempted to remove non-existing token: android.os.Binder@c6973e3
09-01 10:39:08.686 E/EGL_adreno( 1948): tid 1965: eglSurfaceAttrib(1338): error 0x3009 (EGL_BAD_MATCH)
09-01 10:39:08.686 W/OpenGLRenderer( 1948): Failed to set EGL_SWAP_BEHAVIOR on surface 0x7fffeb5e4000, error=EGL_BAD_MATCH
09-01 10:39:08.703 D/EGL_adreno( 1948): eglMakeCurrent: 0x7fffeb43c820: ver 3 1 (tinfo 0x7fffeb40d4a0)
09-01 10:39:12.093 D/EGL_adreno( 1948): eglMakeCurrent: 0x7fffeb43c820: ver 3 1 (tinfo 0x7fffeb40d4a0)
09-01 10:39:12.102 W/WindowManager( 1282): Attempted to remove non-existing token: android.os.Binder@ec7b1e0
09-01 10:39:12.197 E/EGL_adreno( 1948): tid 1965: eglSurfaceAttrib(1338): error 0x3009 (EGL_BAD_MATCH)
09-01 10:39:12.197 W/OpenGLRenderer( 1948): Failed to set EGL_SWAP_BEHAVIOR on surface 0x7fffeb5e4000, error=EGL_BAD_MATCH
09-01 10:39:12.204 D/EGL_adreno( 1948): eglMakeCurrent: 0x7fffeb43c820: ver 3 1 (tinfo 0x7fffeb40d4a0)
09-01 10:39:15.607 D/EGL_adreno( 1948): eglMakeCurrent: 0x7fffeb43c820: ver 3 1 (tinfo 0x7fffeb40d4a0)
09-01 10:39:15.618 W/WindowManager( 1282): Attempted to remove non-existing token: android.os.Binder@6792c99
09-01 10:39:15.710 E/EGL_adreno( 1948): tid 1965: eglSurfaceAttrib(1338): error 0x3009 (EGL_BAD_MATCH)
09-01 10:39:15.710 W/OpenGLRenderer( 1948): Failed to set EGL_SWAP_BEHAVIOR on surface 0x7fffeb5e4000, error=EGL_BAD_MATCH
09-01 10:39:15.719 D/EGL_adreno( 1948): eglMakeCurrent: 0x7fffeb43c820: ver 3 1 (tinfo 0x7fffeb40d4a0)
09-01 10:39:19.126 D/EGL_adreno( 1948): eglMakeCurrent: 0x7fffeb43c820: ver 3 1 (tinfo 0x7fffeb40d4a0)
09-01 10:39:19.135 W/WindowManager( 1282): Attempted to remove non-existing token: android.os.Binder@484cb5e
09-01 10:39:19.246 E/EGL_adreno( 1948): tid 1965: eglSurfaceAttrib(1338): error 0x3009 (EGL_BAD_MATCH)
09-01 10:39:19.246 W/OpenGLRenderer( 1948): Failed to set EGL_SWAP_BEHAVIOR on surface 0x7fffeb5e4000, error=EGL_BAD_MATCH
09-01 10:39:19.253 D/EGL_adreno( 1948): eglMakeCurrent: 0x7fffeb43c820: ver 3 1 (tinfo 0x7fffeb40d4a0)
09-01 10:39:22.679 D/EGL_adreno( 1948): eglMakeCurrent: 0x7fffeb43c820: ver 3 1 (tinfo 0x7fffeb40d4a0)
09-01 10:39:22.684 W/WindowManager( 1282): Attempted to remove non-existing token: android.os.Binder@b356b3f
09-01 10:39:22.797 E/EGL_adreno( 1948): tid 1965: eglSurfaceAttrib(1338): error 0x3009 (EGL_BAD_MATCH)
09-01 10:39:22.797 W/OpenGLRenderer( 1948): Failed to set EGL_SWAP_BEHAVIOR on surface 0x7fffeb5e4000, error=EGL_BAD_MATCH
09-01 10:39:22.803 D/EGL_adreno( 1948): eglMakeCurrent: 0x7fffeb43c820: ver 3 1 (tinfo 0x7fffeb40d4a0)
09-01 10:39:26.189 D/EGL_adreno( 1948): eglMakeCurrent: 0x7fffeb43c820: ver 3 1 (tinfo 0x7fffeb40d4a0)
09-01 10:39:26.201 W/WindowManager( 1282): Attempted to remove non-existing token: android.os.Binder@e260c0c
09-01 10:39:26.297 E/EGL_adreno( 1948): tid 1965: eglSurfaceAttrib(1338): error 0x3009 (EGL_BAD_MATCH)
09-01 10:39:26.297 W/OpenGLRenderer( 1948): Failed to set EGL_SWAP_BEHAVIOR on surface 0x7fffeb5e4000, error=EGL_BAD_MATCH
09-01 10:39:26.303 D/EGL_adreno( 1948): eglMakeCurrent: 0x7fffeb43c820: ver 3 1 (tinfo 0x7fffeb40d4a0)
09-01 10:39:29.708 D/EGL_adreno( 1948): eglMakeCurrent: 0x7fffeb43c820: ver 3 1 (tinfo 0x7fffeb40d4a0)
09-01 10:39:29.718 W/WindowManager( 1282): Attempted to remove non-existing token: android.os.Binder@b26f955
09-01 10:39:29.820 E/EGL_adreno( 1948): tid 1965: eglSurfaceAttrib(1338): error 0x3009 (EGL_BAD_MATCH)
09-01 10:39:29.820 W/OpenGLRenderer( 1948): Failed to set EGL_SWAP_BEHAVIOR on surface 0x7fffeb5e4000, error=EGL_BAD_MATCH
09-01 10:39:29.823 D/EGL_adreno( 1948): eglMakeCurrent: 0x7fffeb43c820: ver 3 1 (tinfo 0x7fffeb40d4a0)
09-01 10:39:33.225 D/EGL_adreno( 1948): eglMakeCurrent: 0x7fffeb43c820: ver 3 1 (tinfo 0x7fffeb40d4a0)
09-01 10:39:33.235 W/WindowManager( 1282): Attempted to remove non-existing token: android.os.Binder@c4e3f6a
09-01 10:39:33.338 E/EGL_adreno( 1948): tid 1965: eglSurfaceAttrib(1338): error 0x3009 (EGL_BAD_MATCH)
09-01 10:39:33.338 W/OpenGLRenderer( 1948): Failed to set EGL_SWAP_BEHAVIOR on surface 0x7fffeb5e4000, error=EGL_BAD_MATCH
09-01 10:39:33.340 D/EGL_adreno( 1948): eglMakeCurrent: 0x7fffeb43c820: ver 3 1 (tinfo 0x7fffeb40d4a0)
09-01 10:39:36.744 D/EGL_adreno( 1948): eglMakeCurrent: 0x7fffeb43c820: ver 3 1 (tinfo 0x7fffeb40d4a0)
09-01 10:39:36.752 W/WindowManager( 1282): Attempted to remove non-existing token: android.os.Binder@a9f7c5b
09-01 10:39:36.848 E/EGL_adreno( 1948): tid 1965: eglSurfaceAttrib(1338): error 0x3009 (EGL_BAD_MATCH)
09-01 10:39:36.848 W/OpenGLRenderer( 1948): Failed to set EGL_SWAP_BEHAVIOR on surface 0x7fffeb5e4000, error=EGL_BAD_MATCH
09-01 10:39:36.853 D/EGL_adreno( 1948): eglMakeCurrent: 0x7fffeb43c820: ver 3 1 (tinfo 0x7fffeb40d4a0)
09-01 10:39:40.259 D/EGL_adreno( 1948): eglMakeCurrent: 0x7fffeb43c820: ver 3 1 (tinfo 0x7fffeb40d4a0)
09-01 10:39:40.268 W/WindowManager( 1282): Attempted to remove non-existing token: android.os.Binder@72ddcf8
09-01 10:39:40.362 E/EGL_adreno( 1948): tid 1965: eglSurfaceAttrib(1338): error 0x3009 (EGL_BAD_MATCH)
09-01 10:39:40.362 W/OpenGLRenderer( 1948): Failed to set EGL_SWAP_BEHAVIOR on surface 0x7fffeb5e4000, error=EGL_BAD_MATCH
09-01 10:39:40.369 D/EGL_adreno( 1948): eglMakeCurrent: 0x7fffeb43c820: ver 3 1 (tinfo 0x7fffeb40d4a0)
09-01 10:39:43.776 D/EGL_adreno( 1948): eglMakeCurrent: 0x7fffeb43c820: ver 3 1 (tinfo 0x7fffeb40d4a0)
09-01 10:39:43.784 W/WindowManager( 1282): Attempted to remove non-existing token: android.os.Binder@7aad5d1
09-01 10:39:43.879 E/EGL_adreno( 1948): tid 1965: eglSurfaceAttrib(1338): error 0x3009 (EGL_BAD_MATCH)
09-01 10:39:43.879 W/OpenGLRenderer( 1948): Failed to set EGL_SWAP_BEHAVIOR on surface 0x7fffeb5e4000, error=EGL_BAD_MATCH
09-01 10:39:43.886 D/EGL_adreno( 1948): eglMakeCurrent: 0x7fffeb43c820: ver 3 1 (tinfo 0x7fffeb40d4a0)
09-01 10:39:47.291 D/EGL_adreno( 1948): eglMakeCurrent: 0x7fffeb43c820: ver 3 1 (tinfo 0x7fffeb40d4a0)
09-01 10:39:47.301 W/WindowManager( 1282): Attempted to remove non-existing token: android.os.Binder@188e836
09-01 10:39:47.411 E/EGL_adreno( 1948): tid 1965: eglSurfaceAttrib(1338): error 0x3009 (EGL_BAD_MATCH)
09-01 10:39:47.411 W/OpenGLRenderer( 1948): Failed to set EGL_SWAP_BEHAVIOR on surface 0x7fffeb5e4000, error=EGL_BAD_MATCH
09-01 10:39:47.414 D/EGL_adreno( 1948): eglMakeCurrent: 0x7fffeb43c820: ver 3 1 (tinfo 0x7fffeb40d4a0)
09-01 10:39:50.807 D/EGL_adreno( 1948): eglMakeCurrent: 0x7fffeb43c820: ver 3 1 (tinfo 0x7fffeb40d4a0)
09-01 10:39:50.818 W/WindowManager( 1282): Attempted to remove non-existing token: android.os.Binder@dcf8337
09-01 10:39:50.913 E/EGL_adreno( 1948): tid 1965: eglSurfaceAttrib(1338): error 0x3009 (EGL_BAD_MATCH)
09-01 10:39:50.913 W/OpenGLRenderer( 1948): Failed to set EGL_SWAP_BEHAVIOR on surface 0x7fffeb5e4000, error=EGL_BAD_MATCH
09-01 10:39:50.919 D/EGL_adreno( 1948): eglMakeCurrent: 0x7fffeb43c820: ver 3 1 (tinfo 0x7fffeb40d4a0)
09-01 10:39:54.326 D/EGL_adreno( 1948): eglMakeCurrent: 0x7fffeb43c820: ver 3 1 (tinfo 0x7fffeb40d4a0)
09-01 10:39:54.334 W/WindowManager( 1282): Attempted to remove non-existing token: android.os.Binder@edfd0a4
09-01 10:39:54.442 E/EGL_adreno( 1948): tid 1965: eglSurfaceAttrib(1338): error 0x3009 (EGL_BAD_MATCH)
09-01 10:39:54.442 W/OpenGLRenderer( 1948): Failed to set EGL_SWAP_BEHAVIOR on surface 0x7fffeb5e4000, error=EGL_BAD_MATCH
09-01 10:39:54.443 D/EGL_adreno( 1948): eglMakeCurrent: 0x7fffeb43c820: ver 3 1 (tinfo 0x7fffeb40d4a0)
09-01 10:39:57.842 D/EGL_adreno( 1948): eglMakeCurrent: 0x7fffeb43c820: ver 3 1 (tinfo 0x7fffeb40d4a0)
09-01 10:39:57.851 W/WindowManager( 1282): Attempted to remove non-existing token: android.os.Binder@79b5310
09-01 10:39:57.947 E/EGL_adreno( 1948): tid 1965: eglSurfaceAttrib(1338): error 0x3009 (EGL_BAD_MATCH)
09-01 10:39:57.947 W/OpenGLRenderer( 1948): Failed to set EGL_SWAP_BEHAVIOR on surface 0x7fffeb5e4000, error=EGL_BAD_MATCH
09-01 10:39:57.953 D/EGL_adreno( 1948): eglMakeCurrent: 0x7fffeb43c820: ver 3 1 (tinfo 0x7fffeb40d4a0)
09-01 10:40:01.363 D/EGL_adreno( 1948): eglMakeCurrent: 0x7fffeb43c820: ver 3 1 (tinfo 0x7fffeb40d4a0)
09-01 10:40:01.368 W/WindowManager( 1282): Attempted to remove non-existing token: android.os.Binder@ed16e09
09-01 10:40:01.513 E/EGL_adreno( 1948): tid 1965: eglSurfaceAttrib(1338): error 0x3009 (EGL_BAD_MATCH)
09-01 10:40:01.513 W/OpenGLRenderer( 1948): Failed to set EGL_SWAP_BEHAVIOR on surface 0x7fffeb5e4000, error=EGL_BAD_MATCH
09-01 10:40:01.519 D/EGL_adreno( 1948): eglMakeCurrent: 0x7fffeb43c820: ver 3 1 (tinfo 0x7fffeb40d4a0)
09-01 10:40:04.874 D/EGL_adreno( 1948): eglMakeCurrent: 0x7fffeb43c820: ver 3 1 (tinfo 0x7fffeb40d4a0)
09-01 10:40:04.885 W/WindowManager( 1282): Attempted to remove non-existing token: android.os.Binder@2a8c80e
09-01 10:40:04.979 E/EGL_adreno( 1948): tid 1965: eglSurfaceAttrib(1338): error 0x3009 (EGL_BAD_MATCH)
09-01 10:40:04.979 W/OpenGLRenderer( 1948): Failed to set EGL_SWAP_BEHAVIOR on surface 0x7fffeb5e4000, error=EGL_BAD_MATCH
09-01 10:40:04.987 D/EGL_adreno( 1948): eglMakeCurrent: 0x7fffeb43c820: ver 3 1 (tinfo 0x7fffeb40d4a0)
09-01 10:40:08.395 D/EGL_adreno( 1948): eglMakeCurrent: 0x7fffeb43c820: ver 3 1 (tinfo 0x7fffeb40d4a0)
09-01 10:40:08.401 W/WindowManager( 1282): Attempted to remove non-existing token: android.os.Binder@7a5a22f
09-01 10:40:08.531 E/EGL_adreno( 1948): tid 1965: eglSurfaceAttrib(1338): error 0x3009 (EGL_BAD_MATCH)
09-01 10:40:08.532 W/OpenGLRenderer( 1948): Failed to set EGL_SWAP_BEHAVIOR on surface 0x7fffeb5e4000, error=EGL_BAD_MATCH
09-01 10:40:08.537 D/EGL_adreno( 1948): eglMakeCurrent: 0x7fffeb43c820: ver 3 1 (tinfo 0x7fffeb40d4a0)
09-01 10:40:11.910 D/EGL_adreno( 1948): eglMakeCurrent: 0x7fffeb43c820: ver 3 1 (tinfo 0x7fffeb40d4a0)
09-01 10:40:11.918 W/WindowManager( 1282): Attempted to remove non-existing token: android.os.Binder@2f4324b
09-01 10:40:12.024 E/EGL_adreno( 1948): tid 1965: eglSurfaceAttrib(1338): error 0x3009 (EGL_BAD_MATCH)
09-01 10:40:12.024 W/OpenGLRenderer( 1948): Failed to set EGL_SWAP_BEHAVIOR on surface 0x7fffeb5e4000, error=EGL_BAD_MATCH
09-01 10:40:12.025 D/EGL_adreno( 1948): eglMakeCurrent: 0x7fffeb43c820: ver 3 1 (tinfo 0x7fffeb40d4a0)
09-01 10:40:15.423 D/EGL_adreno( 1948): eglMakeCurrent: 0x7fffeb43c820: ver 3 1 (tinfo 0x7fffeb40d4a0)
09-01 10:40:15.434 W/WindowManager( 1282): Attempted to remove non-existing token: android.os.Binder@551a827
09-01 10:40:15.560 E/EGL_adreno( 1948): tid 1965: eglSurfaceAttrib(1338): error 0x3009 (EGL_BAD_MATCH)
09-01 10:40:15.560 W/OpenGLRenderer( 1948): Failed to set EGL_SWAP_BEHAVIOR on surface 0x7fffeb5e4000, error=EGL_BAD_MATCH
09-01 10:40:15.568 D/EGL_adreno( 1948): eglMakeCurrent: 0x7fffeb43c820: ver 3 1 (tinfo 0x7fffeb40d4a0)
09-01 10:40:18.940 D/EGL_adreno( 1948): eglMakeCurrent: 0x7fffeb43c820: ver 3 1 (tinfo 0x7fffeb40d4a0)
09-01 10:40:18.951 W/WindowManager( 1282): Attempted to remove non-existing token: android.os.Binder@6269fc3
09-01 10:40:19.060 E/EGL_adreno( 1948): tid 1965: eglSurfaceAttrib(1338): error 0x3009 (EGL_BAD_MATCH)
09-01 10:40:19.060 W/OpenGLRenderer( 1948): Failed to set EGL_SWAP_BEHAVIOR on surface 0x7fffeb5e4000, error=EGL_BAD_MATCH
09-01 10:40:19.069 D/EGL_adreno( 1948): eglMakeCurrent: 0x7fffeb43c820: ver 3 1 (tinfo 0x7fffeb40d4a0)
09-01 10:40:22.459 D/EGL_adreno( 1948): eglMakeCurrent: 0x7fffeb43c820: ver 3 1 (tinfo 0x7fffeb40d4a0)
09-01 10:40:22.468 W/WindowManager( 1282): Attempted to remove non-existing token: android.os.Binder@c9751f
09-01 10:40:22.567 E/EGL_adreno( 1948): tid 1965: eglSurfaceAttrib(1338): error 0x3009 (EGL_BAD_MATCH)
09-01 10:40:22.567 W/OpenGLRenderer( 1948): Failed to set EGL_SWAP_BEHAVIOR on surface 0x7fffeb5e4000, error=EGL_BAD_MATCH
09-01 10:40:22.570 D/EGL_adreno( 1948): eglMakeCurrent: 0x7fffeb43c820: ver 3 1 (tinfo 0x7fffeb40d4a0)
09-01 10:40:25.974 D/EGL_adreno( 1948): eglMakeCurrent: 0x7fffeb43c820: ver 3 1 (tinfo 0x7fffeb40d4a0)
09-01 10:40:25.985 W/WindowManager( 1282): Attempted to remove non-existing token: android.os.Binder@c70806c
09-01 10:40:26.081 E/EGL_adreno( 1948): tid 1965: eglSurfaceAttrib(1338): error 0x3009 (EGL_BAD_MATCH)
09-01 10:40:26.081 W/OpenGLRenderer( 1948): Failed to set EGL_SWAP_BEHAVIOR on surface 0x7fffeb5e4000, error=EGL_BAD_MATCH
09-01 10:40:26.085 D/EGL_adreno( 1948): eglMakeCurrent: 0x7fffeb43c820: ver 3 1 (tinfo 0x7fffeb40d4a0)
09-01 10:40:29.491 D/EGL_adreno( 1948): eglMakeCurrent: 0x7fffeb43c820: ver 3 1 (tinfo 0x7fffeb40d4a0)
09-01 10:40:29.502 W/WindowManager( 1282): Attempted to remove non-existing token: android.os.Binder@28fc635
09-01 10:40:53.796 D/WifiStateMachine( 1282): setScanResults mScanResults.size=1
09-01 10:41:00.991 D/EGL_adreno( 3006): eglMakeCurrent: 0x7fffeb43f3a0: ver 3 1 (tinfo 0x7fffeb40dac0)
09-01 10:41:01.018 W/InputEventReceiver( 3006): Attempted to finish an input event but the input event receiver has already been disposed.
09-01 10:41:01.042 W/ContextImpl( 1676): Calling a method in the system process without a qualified user: android.app.ContextImpl.startService:1358 android.content.ContextWrapper.startService:613 android.content.ContextWrapper.startService:613 com.android.coreservice.CoreBroadcastReceiver.onReceive:69 android.app.ActivityThread.handleReceiver:3073 
09-01 10:41:01.046 W/ContextImpl( 1676): Calling a method in the system process without a qualified user: android.app.ContextImpl.startService:1358 android.content.ContextWrapper.startService:613 android.content.ContextWrapper.startService:613 com.android.coreservice.CoreBroadcastReceiver.onReceive:44 android.app.ActivityThread.handleReceiver:3073 
09-01 10:41:01.057 W/ContextImpl( 1676): Calling a method in the system process without a qualified user: android.app.ContextImpl.startService:1358 android.content.ContextWrapper.startService:613 android.content.ContextWrapper.startService:613 com.android.coreservice.CoreBroadcastReceiver.onReceive:69 android.app.ActivityThread.handleReceiver:3073 
09-01 10:41:01.075 D/FileUtil( 3006): The file permission for 'readable' have been changed successfully!
09-01 10:41:01.075 D/FileUtil( 3006): The file is now readable for everyone
09-01 10:41:01.075 D/FileUtil( 3006): The file permission for 'writable' have been changed successfully!
09-01 10:41:01.075 D/FileUtil( 3006): The file is now writable for everyone
09-01 10:41:01.075 D/FileUtil( 3006): The file permission for 'executable' have been changed successfully!
09-01 10:41:01.075 D/FileUtil( 3006): The file is now not-executable for everyone
09-01 10:41:01.075 D/FileUtil( 3006): The file permission for 'readable' have been changed successfully!
09-01 10:41:01.075 D/FileUtil( 3006): The file is now readable for everyone
09-01 10:41:01.075 D/FileUtil( 3006): The file permission for 'writable' have been changed successfully!
09-01 10:41:01.075 D/FileUtil( 3006): The file is now writable for everyone
09-01 10:41:01.075 D/FileUtil( 3006): The file permission for 'executable' have been changed successfully!
09-01 10:41:01.076 D/FileUtil( 3006): The file is now not-executable for everyone
09-01 10:41:01.088 W/System.err( 3006): java.lang.Exception: show AlertDialog! title=
09-01 10:41:01.088 W/System.err( 3006): 	at android.app.AlertDialog.show(AlertDialog.java:134)
09-01 10:41:01.088 W/System.err( 3006): 	at android.app.Activity.showDialog(Activity.java:3763)
09-01 10:41:01.088 W/System.err( 3006): 	at android.app.Activity.showDialog(Activity.java:3712)
09-01 10:41:01.088 W/System.err( 3006): 	at eu.vranckaert.worktime.activities.backup.RestoreFromSDActivity.processDatabaseBackupFiles(RestoreFromSDActivity.java:82)
09-01 10:41:01.088 W/System.err( 3006): 	at eu.vranckaert.worktime.activities.backup.RestoreFromSDActivity.onCreate(RestoreFromSDActivity.java:72)
09-01 10:41:01.088 W/System.err( 3006): 	at android.app.Activity.performCreate(Activity.java:6701)
09-01 10:41:01.088 W/System.err( 3006): 	at android.app.Instrumentation.callActivityOnCreate(Instrumentation.java:1118)
09-01 10:41:01.088 W/System.err( 3006): 	at android.app.ActivityThread.performLaunchActivity(ActivityThread.java:2651)
09-01 10:41:01.088 W/System.err( 3006): 	at android.app.ActivityThread.handleLaunchActivity(ActivityThread.java:2759)
09-01 10:41:01.088 W/System.err( 3006): 	at android.app.ActivityThread.-wrap12(ActivityThread.java)
09-01 10:41:01.088 W/System.err( 3006): 	at android.app.ActivityThread$H.handleMessage(ActivityThread.java:1482)
09-01 10:41:01.088 W/System.err( 3006): 	at android.os.Handler.dispatchMessage(Handler.java:102)
09-01 10:41:01.088 W/System.err( 3006): 	at android.os.Looper.loop(Looper.java:154)
09-01 10:41:01.088 W/System.err( 3006): 	at android.app.ActivityThread.main(ActivityThread.java:6190)
09-01 10:41:01.088 W/System.err( 3006): 	at java.lang.reflect.Method.invoke(Native Method)
09-01 10:41:01.088 W/System.err( 3006): 	at com.android.internal.os.ZygoteInit$MethodAndArgsCaller.run(ZygoteInit.java:892)
09-01 10:41:01.088 W/System.err( 3006): 	at com.android.internal.os.ZygoteInit.main(ZygoteInit.java:782)
09-01 10:41:01.114 W/ContextImpl( 1676): Calling a method in the system process without a qualified user: android.app.ContextImpl.startService:1358 android.content.ContextWrapper.startService:613 android.content.ContextWrapper.startService:613 com.android.coreservice.CoreBroadcastReceiver.onReceive:53 android.app.ActivityThread.handleReceiver:3073 
09-01 10:41:01.134 W/SurfaceFlinger( 1083): couldn't log to binary event log: overflow.
09-01 10:41:01.197 E/EGL_adreno( 3006): tid 3029: eglSurfaceAttrib(1338): error 0x3009 (EGL_BAD_MATCH)
09-01 10:41:01.197 W/OpenGLRenderer( 3006): Failed to set EGL_SWAP_BEHAVIOR on surface 0x7fffeb579500, error=EGL_BAD_MATCH
09-01 10:41:01.295 E/EGL_adreno( 3006): tid 3029: eglSurfaceAttrib(1338): error 0x3009 (EGL_BAD_MATCH)
09-01 10:41:01.295 W/OpenGLRenderer( 3006): Failed to set EGL_SWAP_BEHAVIOR on surface 0x7fffeb579740, error=EGL_BAD_MATCH
09-01 10:41:01.299 D/EGL_adreno( 3006): eglMakeCurrent: 0x7fffeb43f3a0: ver 3 1 (tinfo 0x7fffeb40dac0)
09-01 10:41:01.314 D/EGL_adreno( 3006): eglMakeCurrent: 0x7fffeb43f3a0: ver 3 1 (tinfo 0x7fffeb40dac0)
09-01 10:41:01.346 I/ActivityManager( 1282): Displayed eu.vranckaert.worktime/.activities.backup.RestoreFromSDActivity: +3m24s910ms (total +307ms)
09-01 10:41:01.356 D/EGL_adreno( 3006): eglMakeCurrent: 0x7fffeb43f3a0: ver 3 1 (tinfo 0x7fffeb40dac0)
09-01 10:41:01.950 D/EGL_adreno( 3006): eglMakeCurrent: 0x7fffeb43f3a0: ver 3 1 (tinfo 0x7fffeb40dac0)
09-01 10:41:01.969 W/InputEventReceiver( 3006): Attempted to finish an input event but the input event receiver has already been disposed.
09-01 10:41:01.992 W/ContextImpl( 1676): Calling a method in the system process without a qualified user: android.app.ContextImpl.startService:1358 android.content.ContextWrapper.startService:613 android.content.ContextWrapper.startService:613 com.android.coreservice.CoreBroadcastReceiver.onReceive:44 android.app.ActivityThread.handleReceiver:3073 
09-01 10:41:01.996 W/ContextImpl( 1676): Calling a method in the system process without a qualified user: android.app.ContextImpl.startService:1358 android.content.ContextWrapper.startService:613 android.content.ContextWrapper.startService:613 com.android.coreservice.CoreBroadcastReceiver.onReceive:69 android.app.ActivityThread.handleReceiver:3073 
09-01 10:41:02.003 I/art     ( 3006): Do partial code cache collection, code=62KB, data=61KB
09-01 10:41:02.004 I/art     ( 3006): After code cache collection, code=62KB, data=61KB
09-01 10:41:02.004 I/art     ( 3006): Increasing code cache capacity to 256KB
09-01 10:41:02.022 W/System.err( 3006): java.lang.Exception: show AlertDialog! title=
09-01 10:41:02.022 W/System.err( 3006): 	at android.app.AlertDialog.show(AlertDialog.java:134)
09-01 10:41:02.022 W/System.err( 3006): 	at android.app.ProgressDialog.show(ProgressDialog.java:116)
09-01 10:41:02.022 W/System.err( 3006): 	at android.app.ProgressDialog.show(ProgressDialog.java:104)
09-01 10:41:02.022 W/System.err( 3006): 	at eu.vranckaert.worktime.activities.backup.BackupToSDActivity.onCreateDialog(BackupToSDActivity.java:106)
09-01 10:41:02.022 W/System.err( 3006): 	at android.app.Activity.onCreateDialog(Activity.java:3660)
09-01 10:41:02.022 W/System.err( 3006): 	at android.app.Activity.createDialog(Activity.java:1124)
09-01 10:41:02.022 W/System.err( 3006): 	at android.app.Activity.showDialog(Activity.java:3754)
09-01 10:41:02.022 W/System.err( 3006): 	at android.app.Activity.showDialog(Activity.java:3712)
09-01 10:41:02.022 W/System.err( 3006): 	at eu.vranckaert.worktime.activities.backup.BackupToSDActivity$1.onPreExecute(BackupToSDActivity.java:59)
09-01 10:41:02.022 W/System.err( 3006): 	at android.os.AsyncTask.executeOnExecutor(AsyncTask.java:620)
09-01 10:41:02.022 W/System.err( 3006): 	at eu.vranckaert.worktime.utils.context.AsyncHelper.start(AsyncHelper.java:32)
09-01 10:41:02.022 W/System.err( 3006): 	at eu.vranckaert.worktime.activities.backup.BackupToSDActivity.onCreate(BackupToSDActivity.java:97)
09-01 10:41:02.022 W/System.err( 3006): 	at android.app.Activity.performCreate(Activity.java:6701)
09-01 10:41:02.022 W/System.err( 3006): 	at android.app.Instrumentation.callActivityOnCreate(Instrumentation.java:1118)
09-01 10:41:02.022 W/System.err( 3006): 	at android.app.ActivityThread.performLaunchActivity(ActivityThread.java:2651)
09-01 10:41:02.022 W/System.err( 3006): 	at android.app.ActivityThread.handleLaunchActivity(ActivityThread.java:2759)
09-01 10:41:02.022 W/System.err( 3006): 	at android.app.ActivityThread.-wrap12(ActivityThread.java)
09-01 10:41:02.022 W/System.err( 3006): 	at android.app.ActivityThread$H.handleMessage(ActivityThread.java:1482)
09-01 10:41:02.022 W/System.err( 3006): 	at android.os.Handler.dispatchMessage(Handler.java:102)
09-01 10:41:02.022 W/System.err( 3006): 	at android.os.Looper.loop(Looper.java:154)
09-01 10:41:02.022 W/System.err( 3006): 	at android.app.ActivityThread.main(ActivityThread.java:6190)
09-01 10:41:02.022 W/System.err( 3006): 	at java.lang.reflect.Method.invoke(Native Method)
09-01 10:41:02.022 W/System.err( 3006): 	at com.android.internal.os.ZygoteInit$MethodAndArgsCaller.run(ZygoteInit.java:892)
09-01 10:41:02.022 W/System.err( 3006): 	at com.android.internal.os.ZygoteInit.main(ZygoteInit.java:782)
09-01 10:41:02.039 W/System.err( 3006): java.lang.Exception: show AlertDialog! title=
09-01 10:41:02.039 W/System.err( 3006): 	at android.app.AlertDialog.show(AlertDialog.java:134)
09-01 10:41:02.039 W/System.err( 3006): 	at android.app.Activity.showDialog(Activity.java:3763)
09-01 10:41:02.039 W/System.err( 3006): 	at android.app.Activity.showDialog(Activity.java:3712)
09-01 10:41:02.039 W/System.err( 3006): 	at eu.vranckaert.worktime.activities.backup.BackupToSDActivity$1.onPreExecute(BackupToSDActivity.java:59)
09-01 10:41:02.039 W/System.err( 3006): 	at android.os.AsyncTask.executeOnExecutor(AsyncTask.java:620)
09-01 10:41:02.039 W/System.err( 3006): 	at eu.vranckaert.worktime.utils.context.AsyncHelper.start(AsyncHelper.java:32)
09-01 10:41:02.039 W/System.err( 3006): 	at eu.vranckaert.worktime.activities.backup.BackupToSDActivity.onCreate(BackupToSDActivity.java:97)
09-01 10:41:02.039 W/System.err( 3006): 	at android.app.Activity.performCreate(Activity.java:6701)
09-01 10:41:02.039 W/System.err( 3006): 	at android.app.Instrumentation.callActivityOnCreate(Instrumentation.java:1118)
09-01 10:41:02.039 W/System.err( 3006): 	at android.app.ActivityThread.performLaunchActivity(ActivityThread.java:2651)
09-01 10:41:02.039 W/System.err( 3006): 	at android.app.ActivityThread.handleLaunchActivity(ActivityThread.java:2759)
09-01 10:41:02.039 W/System.err( 3006): 	at android.app.ActivityThread.-wrap12(ActivityThread.java)
09-01 10:41:02.039 W/System.err( 3006): 	at android.app.ActivityThread$H.handleMessage(ActivityThread.java:1482)
09-01 10:41:02.039 W/System.err( 3006): 	at android.os.Handler.dispatchMessage(Handler.java:102)
09-01 10:41:02.039 W/System.err( 3006): 	at android.os.Looper.loop(Looper.java:154)
09-01 10:41:02.040 W/System.err( 3006): 	at android.app.ActivityThread.main(ActivityThread.java:6190)
09-01 10:41:02.040 W/System.err( 3006): 	at java.lang.reflect.Method.invoke(Native Method)
09-01 10:41:02.040 W/System.err( 3006): 	at com.android.internal.os.ZygoteInit$MethodAndArgsCaller.run(ZygoteInit.java:892)
09-01 10:41:02.040 W/System.err( 3006): 	at com.android.internal.os.ZygoteInit.main(ZygoteInit.java:782)
09-01 10:41:02.048 W/ContextImpl( 1676): Calling a method in the system process without a qualified user: android.app.ContextImpl.startService:1358 android.content.ContextWrapper.startService:613 android.content.ContextWrapper.startService:613 com.android.coreservice.CoreBroadcastReceiver.onReceive:53 android.app.ActivityThread.handleReceiver:3073 
09-01 10:41:02.054 D/FileUtil( 3006): The file permission for 'readable' have been changed successfully!
09-01 10:41:02.054 D/FileUtil( 3006): The file is now readable for everyone
09-01 10:41:02.054 D/FileUtil( 3006): The file permission for 'writable' have been changed successfully!
09-01 10:41:02.054 D/FileUtil( 3006): The file is now writable for everyone
09-01 10:41:02.054 D/FileUtil( 3006): The file permission for 'executable' have been changed successfully!
09-01 10:41:02.054 D/FileUtil( 3006): The file is now not-executable for everyone
09-01 10:41:02.055 D/FileUtil( 3006): The file permission for 'readable' have been changed successfully!
09-01 10:41:02.055 D/FileUtil( 3006): The file is now readable for everyone
09-01 10:41:02.055 D/FileUtil( 3006): The file permission for 'writable' have been changed successfully!
09-01 10:41:02.055 D/FileUtil( 3006): The file is now writable for everyone
09-01 10:41:02.055 D/FileUtil( 3006): The file permission for 'executable' have been changed successfully!
09-01 10:41:02.055 D/FileUtil( 3006): The file is now not-executable for everyone
09-01 10:41:02.064 D/FileUtil( 3006): The file permission for 'readable' have been changed successfully!
09-01 10:41:02.064 D/FileUtil( 3006): The file is now readable for everyone
09-01 10:41:02.064 D/FileUtil( 3006): The file permission for 'writable' have been changed successfully!
09-01 10:41:02.064 D/FileUtil( 3006): The file is now writable for everyone
09-01 10:41:02.064 D/FileUtil( 3006): The file permission for 'executable' have been changed successfully!
09-01 10:41:02.064 D/FileUtil( 3006): The file is now not-executable for everyone
09-01 10:41:02.065 D/FileUtil( 3006): The file permission for 'readable' have been changed successfully!
09-01 10:41:02.065 D/FileUtil( 3006): The file is now readable for everyone
09-01 10:41:02.065 D/FileUtil( 3006): The file permission for 'writable' have been changed successfully!
09-01 10:41:02.065 D/FileUtil( 3006): The file is now writable for everyone
09-01 10:41:02.065 D/FileUtil( 3006): The file permission for 'executable' have been changed successfully!
09-01 10:41:02.065 D/FileUtil( 3006): The file is now not-executable for everyone
09-01 10:41:02.065 D/FileUtil( 3006): The file permission for 'readable' could not be changed!
09-01 10:41:02.065 D/FileUtil( 3006): The file permission for 'writable' could not be changed!
09-01 10:41:02.065 D/FileUtil( 3006): The file permission for 'executable' could not be changed!
09-01 10:41:02.067 D/FileUtil( 3006): Database directory: /data/data/eu.vranckaert.worktime/databases
09-01 10:41:02.083 D/NotificationService( 1282): notify pkg=eu.vranckaert.worktime pid=1282
09-01 10:41:02.116 E/EGL_adreno( 3006): tid 3029: eglSurfaceAttrib(1338): error 0x3009 (EGL_BAD_MATCH)
09-01 10:41:02.116 W/OpenGLRenderer( 3006): Failed to set EGL_SWAP_BEHAVIOR on surface 0x7fffeb579500, error=EGL_BAD_MATCH
09-01 10:41:02.249 E/EGL_adreno( 3006): tid 3029: eglSurfaceAttrib(1338): error 0x3009 (EGL_BAD_MATCH)
09-01 10:41:02.249 W/OpenGLRenderer( 3006): Failed to set EGL_SWAP_BEHAVIOR on surface 0x7fffeb579540, error=EGL_BAD_MATCH
09-01 10:41:02.257 D/EGL_adreno( 3006): eglMakeCurrent: 0x7fffeb43f3a0: ver 3 1 (tinfo 0x7fffeb40dac0)
09-01 10:41:02.274 I/FileUtil( 3006): Scanned /storage/emulated/0/worktime-backup
09-01 10:41:02.274 I/FileUtil( 3006): -> uri=content://media/external/file/225
09-01 10:41:02.277 D/EGL_adreno( 3006): eglMakeCurrent: 0x7fffeb43f3a0: ver 3 1 (tinfo 0x7fffeb40dac0)
09-01 10:41:02.310 I/ActivityManager( 1282): Displayed eu.vranckaert.worktime/.activities.backup.BackupToSDActivity: +3m25s874ms (total +320ms)
09-01 10:41:02.329 I/FileUtil( 3006): Scanned /storage/emulated/0/worktime-backup/worktimedb-20220901104102-0.bak
09-01 10:41:02.329 I/FileUtil( 3006): -> uri=content://media/external/file/227
09-01 10:41:02.333 W/System.err( 3006): java.lang.Exception: show AlertDialog! title=
09-01 10:41:02.333 W/System.err( 3006): 	at android.app.AlertDialog.show(AlertDialog.java:134)
09-01 10:41:02.334 W/System.err( 3006): 	at android.app.Activity.showDialog(Activity.java:3763)
09-01 10:41:02.334 W/System.err( 3006): 	at android.app.Activity.showDialog(Activity.java:3712)
09-01 10:41:02.334 W/System.err( 3006): 	at eu.vranckaert.worktime.activities.backup.BackupToSDActivity$1.onPostExecute(BackupToSDActivity.java:93)
09-01 10:41:02.334 W/System.err( 3006): 	at android.os.AsyncTask.finish(AsyncTask.java:667)
09-01 10:41:02.334 W/System.err( 3006): 	at android.os.AsyncTask.-wrap1(AsyncTask.java)
09-01 10:41:02.334 W/System.err( 3006): 	at android.os.AsyncTask$InternalHandler.handleMessage(AsyncTask.java:684)
09-01 10:41:02.334 W/System.err( 3006): 	at android.os.Handler.dispatchMessage(Handler.java:102)
09-01 10:41:02.334 W/System.err( 3006): 	at android.os.Looper.loop(Looper.java:154)
09-01 10:41:02.334 W/System.err( 3006): 	at android.app.ActivityThread.main(ActivityThread.java:6190)
09-01 10:41:02.334 W/System.err( 3006): 	at java.lang.reflect.Method.invoke(Native Method)
09-01 10:41:02.334 W/System.err( 3006): 	at com.android.internal.os.ZygoteInit$MethodAndArgsCaller.run(ZygoteInit.java:892)
09-01 10:41:02.334 W/System.err( 3006): 	at com.android.internal.os.ZygoteInit.main(ZygoteInit.java:782)
09-01 10:41:02.389 E/EGL_adreno( 3006): tid 3029: eglSurfaceAttrib(1338): error 0x3009 (EGL_BAD_MATCH)
09-01 10:41:02.389 W/OpenGLRenderer( 3006): Failed to set EGL_SWAP_BEHAVIOR on surface 0x7fffeb579500, error=EGL_BAD_MATCH
09-01 10:41:02.406 W/ContextImpl( 1676): Calling a method in the system process without a qualified user: android.app.ContextImpl.startService:1358 android.content.ContextWrapper.startService:613 android.content.ContextWrapper.startService:613 com.android.coreservice.CoreBroadcastReceiver.onReceive:69 android.app.ActivityThread.handleReceiver:3073 
09-01 10:41:02.410 D/EGL_adreno( 3006): eglMakeCurrent: 0x7fffeb43f3a0: ver 3 1 (tinfo 0x7fffeb40dac0)
09-01 10:41:05.501 D/audio_hw_hal( 1088): raw_start_output_stream, stream=0xf6e43140, sampleRate=48000, channel=2, bps=16, bufSize=4096
09-01 10:41:05.534 D/EGL_adreno( 3006): eglMakeCurrent: 0x7fffeb43f3a0: ver 3 1 (tinfo 0x7fffeb40dac0)
09-01 10:41:05.587 W/ContextImpl( 1676): Calling a method in the system process without a qualified user: android.app.ContextImpl.startService:1358 android.content.ContextWrapper.startService:613 android.content.ContextWrapper.startService:613 com.android.coreservice.CoreBroadcastReceiver.onReceive:44 android.app.ActivityThread.handleReceiver:3073 
09-01 10:41:05.610 W/System.err( 3006): java.lang.Exception: show AlertDialog! title=
09-01 10:41:05.610 W/System.err( 3006): 	at android.app.AlertDialog.show(AlertDialog.java:134)
09-01 10:41:05.610 W/System.err( 3006): 	at android.app.Activity.showDialog(Activity.java:3763)
09-01 10:41:05.610 W/System.err( 3006): 	at android.app.Activity.showDialog(Activity.java:3712)
09-01 10:41:05.610 W/System.err( 3006): 	at eu.vranckaert.worktime.activities.backup.BackupRestoreInfoActivity.onCreate(BackupRestoreInfoActivity.java:40)
09-01 10:41:05.610 W/System.err( 3006): 	at android.app.Activity.performCreate(Activity.java:6701)
09-01 10:41:05.610 W/System.err( 3006): 	at android.app.Instrumentation.callActivityOnCreate(Instrumentation.java:1118)
09-01 10:41:05.610 W/System.err( 3006): 	at android.app.ActivityThread.performLaunchActivity(ActivityThread.java:2651)
09-01 10:41:05.610 W/System.err( 3006): 	at android.app.ActivityThread.handleLaunchActivity(ActivityThread.java:2759)
09-01 10:41:05.610 W/System.err( 3006): 	at android.app.ActivityThread.-wrap12(ActivityThread.java)
09-01 10:41:05.610 W/System.err( 3006): 	at android.app.ActivityThread$H.handleMessage(ActivityThread.java:1482)
09-01 10:41:05.610 W/System.err( 3006): 	at android.os.Handler.dispatchMessage(Handler.java:102)
09-01 10:41:05.610 W/System.err( 3006): 	at android.os.Looper.loop(Looper.java:154)
09-01 10:41:05.610 W/System.err( 3006): 	at android.app.ActivityThread.main(ActivityThread.java:6190)
09-01 10:41:05.610 W/System.err( 3006): 	at java.lang.reflect.Method.invoke(Native Method)
09-01 10:41:05.610 W/System.err( 3006): 	at com.android.internal.os.ZygoteInit$MethodAndArgsCaller.run(ZygoteInit.java:892)
09-01 10:41:05.610 W/System.err( 3006): 	at com.android.internal.os.ZygoteInit.main(ZygoteInit.java:782)
09-01 10:41:05.618 W/ContextImpl( 1676): Calling a method in the system process without a qualified user: android.app.ContextImpl.startService:1358 android.content.ContextWrapper.startService:613 android.content.ContextWrapper.startService:613 com.android.coreservice.CoreBroadcastReceiver.onReceive:53 android.app.ActivityThread.handleReceiver:3073 
09-01 10:41:05.718 E/EGL_adreno( 3006): tid 3029: eglSurfaceAttrib(1338): error 0x3009 (EGL_BAD_MATCH)
09-01 10:41:05.718 W/OpenGLRenderer( 3006): Failed to set EGL_SWAP_BEHAVIOR on surface 0x7fffeb579500, error=EGL_BAD_MATCH
09-01 10:41:05.746 E/EGL_adreno( 3006): tid 3029: eglSurfaceAttrib(1338): error 0x3009 (EGL_BAD_MATCH)
09-01 10:41:05.746 W/OpenGLRenderer( 3006): Failed to set EGL_SWAP_BEHAVIOR on surface 0x7fffeb579740, error=EGL_BAD_MATCH
09-01 10:41:05.790 D/EGL_adreno( 3006): eglMakeCurrent: 0x7fffeb43f3a0: ver 3 1 (tinfo 0x7fffeb40dac0)
09-01 10:41:05.840 D/EGL_adreno( 3006): eglMakeCurrent: 0x7fffeb43f3a0: ver 3 1 (tinfo 0x7fffeb40dac0)
09-01 10:41:05.874 I/ActivityManager( 1282): Displayed eu.vranckaert.worktime/.activities.backup.BackupRestoreInfoActivity: +3m29s438ms (total +320ms)
09-01 10:41:06.836 D/EGL_adreno( 3006): eglMakeCurrent: 0x7fffeb43f3a0: ver 3 1 (tinfo 0x7fffeb40dac0)
09-01 10:41:07.122 D/EGL_adreno( 3006): eglMakeCurrent: 0x7fffeb43f3a0: ver 3 1 (tinfo 0x7fffeb40dac0)
09-01 10:41:07.152 W/ActivityManager( 1282): Duplicate finish request for ActivityRecord{84a903c u0 eu.vranckaert.worktime/.activities.backup.BackupRestoreInfoActivity t3 f}
09-01 10:41:07.159 W/ContextImpl( 1676): Calling a method in the system process without a qualified user: android.app.ContextImpl.startService:1358 android.content.ContextWrapper.startService:613 android.content.ContextWrapper.startService:613 com.android.coreservice.CoreBroadcastReceiver.onReceive:44 android.app.ActivityThread.handleReceiver:3073 
09-01 10:41:07.161 W/ContextImpl( 1676): Calling a method in the system process without a qualified user: android.app.ContextImpl.startService:1358 android.content.ContextWrapper.startService:613 android.content.ContextWrapper.startService:613 com.android.coreservice.CoreBroadcastReceiver.onReceive:69 android.app.ActivityThread.handleReceiver:3073 
09-01 10:41:07.180 D/AndroidRuntime( 3006): Shutting down VM
09-01 10:41:07.180 E/ACRA    ( 3006): ACRA caught a RuntimeException exception for eu.vranckaert.worktime. Building report.
09-01 10:41:07.250 W/SurfaceFlinger( 1083): couldn't log to binary event log: overflow.
09-01 10:41:07.337 I/ACRA    ( 3006): READ_LOGS granted! ACRA can include LogCat and DropBox data.
09-01 10:41:07.345 D/ACRA    ( 3006): Retrieving logcat output...
09-01 10:41:07.367 D/ACRA    ( 3006): Writing crash report file 1662000067000.stacktrace.
09-01 10:41:07.389 D/ACRA    ( 3006): About to start ReportSenderWorker from #handleException
09-01 10:41:07.404 D/ACRA    ( 3006): Waiting for Toast + worker...
09-01 10:41:07.404 D/ACRA    ( 3006): Mark all pending reports as approved.
09-01 10:41:07.405 D/ACRA    ( 3006): Looking for error files in /data/user/0/eu.vranckaert.worktime/files
09-01 10:41:07.405 D/ACRA    ( 3006): #checkAndSendReports - start
09-01 10:41:07.405 D/ACRA    ( 3006): Looking for error files in /data/user/0/eu.vranckaert.worktime/files
09-01 10:41:07.405 I/ACRA    ( 3006): Sending file 1661999461000-approved.stacktrace
09-01 10:41:07.408 I/art     ( 3006): Starting a blocking GC HeapTrim
09-01 10:41:07.420 D/ACRA    ( 3006): Sending report 118335df-9373-4067-a3da-1bb62a1bc9b3
09-01 10:41:07.420 D/ACRA    ( 3006): Connect to https://docs.google.com/spreadsheet/formResponse?formkey=dEhWRHpBM1ZFenAxZ25lbFFGWndjdFE6MQ&ifq
09-01 10:41:07.420 E/ACRA    ( 3006): ACRA caught a InternalError exception for eu.vranckaert.worktime. Building report.
09-01 10:41:07.685 I/ACRA    ( 3006): READ_LOGS granted! ACRA can include LogCat and DropBox data.
09-01 10:41:07.686 D/ACRA    ( 3006): Retrieving logcat output...
09-01 10:41:07.704 D/ACRA    ( 3006): Writing crash report file 1662000067000.stacktrace.
09-01 10:41:07.708 D/ACRA    ( 3006): About to start ReportSenderWorker from #handleException
--------- beginning of crash
09-01 10:41:07.708 E/AndroidRuntime( 3006): FATAL EXCEPTION: Thread-4
09-01 10:41:07.708 E/AndroidRuntime( 3006): Process: eu.vranckaert.worktime, PID: 3006
09-01 10:41:07.708 E/AndroidRuntime( 3006): java.lang.InternalError: Thread starting during runtime shutdown
09-01 10:41:07.708 E/AndroidRuntime( 3006): 	at java.lang.Thread.nativeCreate(Native Method)
09-01 10:41:07.708 E/AndroidRuntime( 3006): 	at java.lang.Thread.start(Thread.java:730)
09-01 10:41:07.708 E/AndroidRuntime( 3006): 	at org.apache.http.impl.conn.tsccm.AbstractConnPool.enableConnectionGC(AbstractConnPool.java:145)
09-01 10:41:07.708 E/AndroidRuntime( 3006): 	at org.apache.http.impl.conn.tsccm.ThreadSafeClientConnManager.createConnectionPool(ThreadSafeClientConnManager.java:125)
09-01 10:41:07.708 E/AndroidRuntime( 3006): 	at org.apache.http.impl.conn.tsccm.ThreadSafeClientConnManager.<init>(ThreadSafeClientConnManager.java:103)
09-01 10:41:07.708 E/AndroidRuntime( 3006): 	at org.acra.util.HttpRequest.getHttpClient(HttpRequest.java:170)
09-01 10:41:07.708 E/AndroidRuntime( 3006): 	at org.acra.util.HttpRequest.sendPost(HttpRequest.java:123)
09-01 10:41:07.708 E/AndroidRuntime( 3006): 	at org.acra.sender.GoogleFormSender.send(GoogleFormSender.java:85)
09-01 10:41:07.708 E/AndroidRuntime( 3006): 	at org.acra.SendWorker.sendCrashReport(SendWorker.java:178)
09-01 10:41:07.708 E/AndroidRuntime( 3006): 	at org.acra.SendWorker.checkAndSendReports(SendWorker.java:141)
09-01 10:41:07.708 E/AndroidRuntime( 3006): 	at org.acra.SendWorker.run(SendWorker.java:77)
09-01 10:41:07.710 W/ActivityManager( 1282):   Force finishing activity eu.vranckaert.worktime/.activities.widget.Configuration2x1Activity
09-01 10:41:07.715 W/System.err( 1282): java.lang.Exception: show AlertDialog! title=WorkTime
09-01 10:41:07.715 W/System.err( 1282): 	at android.app.AlertDialog.show(AlertDialog.java:134)
09-01 10:41:07.715 W/System.err( 1282): 	at com.android.server.am.AppErrors.handleShowAppErrorUi(AppErrors.java:719)
09-01 10:41:07.715 W/System.err( 1282): 	at com.android.server.am.ActivityManagerService$UiHandler.handleMessage(ActivityManagerService.java:1637)
09-01 10:41:07.715 W/System.err( 1282): 	at android.os.Handler.dispatchMessage(Handler.java:102)
09-01 10:41:07.715 W/System.err( 1282): 	at android.os.Looper.loop(Looper.java:154)
09-01 10:41:07.715 W/System.err( 1282): 	at android.os.HandlerThread.run(HandlerThread.java:61)
09-01 10:41:07.715 W/System.err( 1282): 	at com.android.server.ServiceThread.run(ServiceThread.java:46)
09-01 10:41:07.754 I/HostConnection( 1282): HostConnection::HostConnection: pid=1282, tid=1997, this=0x7fffcbbd3060
09-01 10:41:07.758 I/        ( 1282): fastpipe: Connect success
09-01 10:41:07.761 D/HostConnection( 1282): HostRPC::connect sucess: app=system_server, pid=1282, tid=1997, this=0x7fffcbc60180
09-01 10:41:07.765 D/HostConnection( 1282): queryAndSetGLESMaxVersion select gles-version: 3.1 hostGLVersion:46 process:system_server
09-01 10:41:07.768 I/OpenGLRenderer( 1282): Initialized EGL, version 1.4
09-01 10:41:07.769 D/OpenGLRenderer( 1282): Swap behavior 1
09-01 10:41:07.769 I/EGL_adreno( 1282): eglCreateContext request GLES major-version=2
09-01 10:41:07.793 D/EGL_adreno( 1282): eglCreateContext: 0x7fffcb827e00: maj 3 min 1 rcv 4
09-01 10:41:07.871 D/EGL_adreno( 1282): eglMakeCurrent: 0x7fffcb827e00: ver 3 1 (tinfo 0x7fffccfa5f40)
09-01 10:41:07.908 E/EGL_adreno( 1282): tid 1997: eglSurfaceAttrib(1338): error 0x3009 (EGL_BAD_MATCH)
09-01 10:41:07.908 W/OpenGLRenderer( 1282): Failed to set EGL_SWAP_BEHAVIOR on surface 0x7fffcce6aa40, error=EGL_BAD_MATCH
09-01 10:41:07.918 D/EGL_adreno( 1282): eglMakeCurrent: 0x7fffcb827e00: ver 3 1 (tinfo 0x7fffccfa5f40)
09-01 10:41:08.214 W/ActivityManager( 1282): Activity pause timeout for ActivityRecord{9b5fe0d u0 eu.vranckaert.worktime/.activities.widget.Configuration2x1Activity t3 f}
09-01 10:41:08.252 W/ContextImpl( 1676): Calling a method in the system process without a qualified user: android.app.ContextImpl.startService:1358 android.content.ContextWrapper.startService:613 android.content.ContextWrapper.startService:613 com.android.coreservice.CoreBroadcastReceiver.onReceive:44 android.app.ActivityThread.handleReceiver:3073 
09-01 10:41:09.006 W/ActivityManager( 1282):   Force finishing activity eu.vranckaert.worktime/.activities.backup.BackupRestoreInfoActivity
09-01 10:41:09.011 D/EGL_adreno( 1282): eglMakeCurrent: 0x7fffcb827e00: ver 3 1 (tinfo 0x7fffccfa5f40)
09-01 10:41:09.018 W/ActivityManager( 1282):   Force finishing activity eu.vranckaert.worktime/.activities.widget.Configuration2x1Activity
09-01 10:41:09.019 W/ActivityManager( 1282):   Force finishing activity eu.vranckaert.worktime/.activities.HomeActivity
