09-01 10:41:11.014 W/ActivityManager( 1282): Permission Denial: starting Intent { cmp=eu.vranckaert.worktime/.activities.preferences.DateTimePreferencesActivity (has extras) } from ProcessRecord{4ccee7c 1948:com.android.intentfuzzer/u0a64} (pid=1948, uid=10064) not exported from uid 10049
09-01 10:41:11.016 W/System.err( 1948): java.lang.Exception: Toast callstack! strTip=Send Intent Failed!
09-01 10:41:11.016 W/System.err( 1948): 	at android.widget.Toast.show(Toast.java:130)
09-01 10:41:11.016 W/System.err( 1948): 	at com.android.intentfuzzer.FuzzerActivity$4.onClick(FuzzerActivity.java:186)
09-01 10:41:11.016 W/System.err( 1948): 	at android.view.View.performClick(View.java:5637)
09-01 10:41:11.016 W/System.err( 1948): 	at android.view.View$PerformClick.run(View.java:22429)
09-01 10:41:11.017 W/System.err( 1948): 	at android.os.Handler.handleCallback(Handler.java:751)
09-01 10:41:11.017 W/System.err( 1948): 	at android.os.Handler.dispatchMessage(Handler.java:95)
09-01 10:41:11.017 W/System.err( 1948): 	at android.os.Looper.loop(Looper.java:154)
09-01 10:41:11.017 W/System.err( 1948): 	at android.app.ActivityThread.main(ActivityThread.java:6190)
09-01 10:41:11.017 W/System.err( 1948): 	at java.lang.reflect.Method.invoke(Native Method)
09-01 10:41:11.017 W/System.err( 1948): 	at com.android.internal.os.ZygoteInit$MethodAndArgsCaller.run(ZygoteInit.java:892)
09-01 10:41:11.017 W/System.err( 1948): 	at com.android.internal.os.ZygoteInit.main(ZygoteInit.java:782)
09-01 10:41:11.019 I/ActivityManager( 1282): START u0 {cmp=eu.vranckaert.worktime/.activities.preferences.NotificationsPreferencesActivity (has extras)} from uid 10064 on display 0
09-01 10:41:11.019 W/ActivityManager( 1282): Permission Denial: starting Intent { cmp=eu.vranckaert.worktime/.activities.preferences.NotificationsPreferencesActivity (has extras) } from ProcessRecord{4ccee7c 1948:com.android.intentfuzzer/u0a64} (pid=1948, uid=10064) not exported from uid 10049
09-01 10:41:11.021 W/System.err( 1948): java.lang.Exception: Toast callstack! strTip=Send Intent Failed!
09-01 10:41:11.021 W/System.err( 1948): 	at android.widget.Toast.show(Toast.java:130)
09-01 10:41:11.021 W/System.err( 1948): 	at com.android.intentfuzzer.FuzzerActivity$4.onClick(FuzzerActivity.java:186)
09-01 10:41:11.021 W/System.err( 1948): 	at android.view.View.performClick(View.java:5637)
09-01 10:41:11.021 W/System.err( 1948): 	at android.view.View$PerformClick.run(View.java:22429)
09-01 10:41:11.022 W/System.err( 1948): 	at android.os.Handler.handleCallback(Handler.java:751)
09-01 10:41:11.022 W/System.err( 1948): 	at android.os.Handler.dispatchMessage(Handler.java:95)
09-01 10:41:11.022 W/System.err( 1948): 	at android.os.Looper.loop(Looper.java:154)
09-01 10:41:11.022 W/System.err( 1948): 	at android.app.ActivityThread.main(ActivityThread.java:6190)
09-01 10:41:11.022 W/System.err( 1948): 	at java.lang.reflect.Method.invoke(Native Method)
09-01 10:41:11.022 W/System.err( 1948): 	at com.android.internal.os.ZygoteInit$MethodAndArgsCaller.run(ZygoteInit.java:892)
09-01 10:41:11.022 W/System.err( 1948): 	at com.android.internal.os.ZygoteInit.main(ZygoteInit.java:782)
09-01 10:41:11.023 I/ActivityManager( 1282): START u0 {cmp=eu.vranckaert.worktime/.activities.preferences.ProjectsAndTasksPreferencesActivity (has extras)} from uid 10064 on display 0
09-01 10:41:11.023 W/ActivityManager( 1282): Permission Denial: starting Intent { cmp=eu.vranckaert.worktime/.activities.preferences.ProjectsAndTasksPreferencesActivity (has extras) } from ProcessRecord{4ccee7c 1948:com.android.intentfuzzer/u0a64} (pid=1948, uid=10064) not exported from uid 10049
09-01 10:41:11.024 W/System.err( 1948): java.lang.Exception: Toast callstack! strTip=Send Intent Failed!
09-01 10:41:11.025 W/System.err( 1948): 	at android.widget.Toast.show(Toast.java:130)
09-01 10:41:11.025 W/System.err( 1948): 	at com.android.intentfuzzer.FuzzerActivity$4.onClick(FuzzerActivity.java:186)
09-01 10:41:11.025 W/System.err( 1948): 	at android.view.View.performClick(View.java:5637)
09-01 10:41:11.025 W/System.err( 1948): 	at android.view.View$PerformClick.run(View.java:22429)
09-01 10:41:11.025 W/System.err( 1948): 	at android.os.Handler.handleCallback(Handler.java:751)
09-01 10:41:11.025 W/System.err( 1948): 	at android.os.Handler.dispatchMessage(Handler.java:95)
09-01 10:41:11.025 W/System.err( 1948): 	at android.os.Looper.loop(Looper.java:154)
09-01 10:41:11.025 W/System.err( 1948): 	at android.app.ActivityThread.main(ActivityThread.java:6190)
09-01 10:41:11.025 W/System.err( 1948): 	at java.lang.reflect.Method.invoke(Native Method)
09-01 10:41:11.025 W/System.err( 1948): 	at com.android.internal.os.ZygoteInit$MethodAndArgsCaller.run(ZygoteInit.java:892)
09-01 10:41:11.025 W/System.err( 1948): 	at com.android.internal.os.ZygoteInit.main(ZygoteInit.java:782)
09-01 10:41:11.026 I/ActivityManager( 1282): START u0 {cmp=eu.vranckaert.worktime/.activities.preferences.TimeRegistrationsPreferencesActivity (has extras)} from uid 10064 on display 0
09-01 10:41:11.027 W/ActivityManager( 1282): Permission Denial: starting Intent { cmp=eu.vranckaert.worktime/.activities.preferences.TimeRegistrationsPreferencesActivity (has extras) } from ProcessRecord{4ccee7c 1948:com.android.intentfuzzer/u0a64} (pid=1948, uid=10064) not exported from uid 10049
09-01 10:41:11.029 W/System.err( 1948): java.lang.Exception: Toast callstack! strTip=Send Intent Failed!
09-01 10:41:11.029 W/System.err( 1948): 	at android.widget.Toast.show(Toast.java:130)
09-01 10:41:11.029 W/System.err( 1948): 	at com.android.intentfuzzer.FuzzerActivity$4.onClick(FuzzerActivity.java:186)
09-01 10:41:11.029 W/System.err( 1948): 	at android.view.View.performClick(View.java:5637)
09-01 10:41:11.029 W/System.err( 1948): 	at android.view.View$PerformClick.run(View.java:22429)
09-01 10:41:11.029 W/System.err( 1948): 	at android.os.Handler.handleCallback(Handler.java:751)
09-01 10:41:11.029 W/System.err( 1948): 	at android.os.Handler.dispatchMessage(Handler.java:95)
09-01 10:41:11.029 W/System.err( 1948): 	at android.os.Looper.loop(Looper.java:154)
09-01 10:41:11.029 W/System.err( 1948): 	at android.app.ActivityThread.main(ActivityThread.java:6190)
09-01 10:41:11.029 W/System.err( 1948): 	at java.lang.reflect.Method.invoke(Native Method)
09-01 10:41:11.029 W/System.err( 1948): 	at com.android.internal.os.ZygoteInit$MethodAndArgsCaller.run(ZygoteInit.java:892)
09-01 10:41:11.029 W/System.err( 1948): 	at com.android.internal.os.ZygoteInit.main(ZygoteInit.java:782)
09-01 10:41:11.030 I/ActivityManager( 1282): START u0 {cmp=eu.vranckaert.worktime/.activities.preferences.AccountSyncPreferencesActivity (has extras)} from uid 10064 on display 0
09-01 10:41:11.030 W/ActivityManager( 1282): Permission Denial: starting Intent { cmp=eu.vranckaert.worktime/.activities.preferences.AccountSyncPreferencesActivity (has extras) } from ProcessRecord{4ccee7c 1948:com.android.intentfuzzer/u0a64} (pid=1948, uid=10064) not exported from uid 10049
09-01 10:41:11.032 W/System.err( 1948): java.lang.Exception: Toast callstack! strTip=Send Intent Failed!
09-01 10:41:11.032 W/System.err( 1948): 	at android.widget.Toast.show(Toast.java:130)
09-01 10:41:11.032 W/System.err( 1948): 	at com.android.intentfuzzer.FuzzerActivity$4.onClick(FuzzerActivity.java:186)
09-01 10:41:11.032 W/System.err( 1948): 	at android.view.View.performClick(View.java:5637)
09-01 10:41:11.032 W/System.err( 1948): 	at android.view.View$PerformClick.run(View.java:22429)
09-01 10:41:11.032 W/System.err( 1948): 	at android.os.Handler.handleCallback(Handler.java:751)
09-01 10:41:11.032 W/System.err( 1948): 	at android.os.Handler.dispatchMessage(Handler.java:95)
09-01 10:41:11.032 W/System.err( 1948): 	at android.os.Looper.loop(Looper.java:154)
09-01 10:41:11.032 W/System.err( 1948): 	at android.app.ActivityThread.main(ActivityThread.java:6190)
09-01 10:41:11.032 W/System.err( 1948): 	at java.lang.reflect.Method.invoke(Native Method)
09-01 10:41:11.032 W/System.err( 1948): 	at com.android.internal.os.ZygoteInit$MethodAndArgsCaller.run(ZygoteInit.java:892)
09-01 10:41:11.032 W/System.err( 1948): 	at com.android.internal.os.ZygoteInit.main(ZygoteInit.java:782)
09-01 10:41:11.034 I/ActivityManager( 1282): START u0 {cmp=eu.vranckaert.worktime/.activities.preferences.ResetApplicationPreferencesActivity (has extras)} from uid 10064 on display 0
09-01 10:41:11.034 W/ActivityManager( 1282): Permission Denial: starting Intent { cmp=eu.vranckaert.worktime/.activities.preferences.ResetApplicationPreferencesActivity (has extras) } from ProcessRecord{4ccee7c 1948:com.android.intentfuzzer/u0a64} (pid=1948, uid=10064) not exported from uid 10049
09-01 10:41:11.036 W/System.err( 1948): java.lang.Exception: Toast callstack! strTip=Send Intent Failed!
09-01 10:41:11.036 W/System.err( 1948): 	at android.widget.Toast.show(Toast.java:130)
09-01 10:41:11.036 W/System.err( 1948): 	at com.android.intentfuzzer.FuzzerActivity$4.onClick(FuzzerActivity.java:186)
09-01 10:41:11.036 W/System.err( 1948): 	at android.view.View.performClick(View.java:5637)
09-01 10:41:11.036 W/System.err( 1948): 	at android.view.View$PerformClick.run(View.java:22429)
09-01 10:41:11.036 W/System.err( 1948): 	at android.os.Handler.handleCallback(Handler.java:751)
09-01 10:41:11.036 W/System.err( 1948): 	at android.os.Handler.dispatchMessage(Handler.java:95)
09-01 10:41:11.036 W/System.err( 1948): 	at android.os.Looper.loop(Looper.java:154)
09-01 10:41:11.036 W/System.err( 1948): 	at android.app.ActivityThread.main(ActivityThread.java:6190)
09-01 10:41:11.036 W/System.err( 1948): 	at java.lang.reflect.Method.invoke(Native Method)
09-01 10:41:11.037 W/System.err( 1948): 	at com.android.internal.os.ZygoteInit$MethodAndArgsCaller.run(ZygoteInit.java:892)
09-01 10:41:11.037 W/System.err( 1948): 	at com.android.internal.os.ZygoteInit.main(ZygoteInit.java:782)
09-01 10:41:11.038 I/ActivityManager( 1282): START u0 {cmp=eu.vranckaert.worktime/.activities.preferences.ResetPreferencesActivity (has extras)} from uid 10064 on display 0
09-01 10:41:11.038 W/ActivityManager( 1282): Permission Denial: starting Intent { cmp=eu.vranckaert.worktime/.activities.preferences.ResetPreferencesActivity (has extras) } from ProcessRecord{4ccee7c 1948:com.android.intentfuzzer/u0a64} (pid=1948, uid=10064) not exported from uid 10049
09-01 10:41:11.040 W/System.err( 1948): java.lang.Exception: Toast callstack! strTip=Send Intent Failed!
09-01 10:41:11.040 W/System.err( 1948): 	at android.widget.Toast.show(Toast.java:130)
09-01 10:41:11.040 W/System.err( 1948): 	at com.android.intentfuzzer.FuzzerActivity$4.onClick(FuzzerActivity.java:186)
09-01 10:41:11.040 W/System.err( 1948): 	at android.view.View.performClick(View.java:5637)
09-01 10:41:11.040 W/System.err( 1948): 	at android.view.View$PerformClick.run(View.java:22429)
09-01 10:41:11.040 W/System.err( 1948): 	at android.os.Handler.handleCallback(Handler.java:751)
09-01 10:41:11.040 W/System.err( 1948): 	at android.os.Handler.dispatchMessage(Handler.java:95)
09-01 10:41:11.040 W/System.err( 1948): 	at android.os.Looper.loop(Looper.java:154)
09-01 10:41:11.040 W/System.err( 1948): 	at android.app.ActivityThread.main(ActivityThread.java:6190)
09-01 10:41:11.040 W/System.err( 1948): 	at java.lang.reflect.Method.invoke(Native Method)
09-01 10:41:11.040 W/System.err( 1948): 	at com.android.internal.os.ZygoteInit$MethodAndArgsCaller.run(ZygoteInit.java:892)
09-01 10:41:11.040 W/System.err( 1948): 	at com.android.internal.os.ZygoteInit.main(ZygoteInit.java:782)
09-01 10:41:11.042 I/ActivityManager( 1282): START u0 {cmp=eu.vranckaert.worktime/.activities.account.AccountProfileActivity (has extras)} from uid 10064 on display 0
09-01 10:41:11.042 W/ActivityManager( 1282): Permission Denial: starting Intent { cmp=eu.vranckaert.worktime/.activities.account.AccountProfileActivity (has extras) } from ProcessRecord{4ccee7c 1948:com.android.intentfuzzer/u0a64} (pid=1948, uid=10064) not exported from uid 10049
09-01 10:41:11.044 W/System.err( 1948): java.lang.Exception: Toast callstack! strTip=Send Intent Failed!
09-01 10:41:11.044 W/System.err( 1948): 	at android.widget.Toast.show(Toast.java:130)
09-01 10:41:11.044 W/System.err( 1948): 	at com.android.intentfuzzer.FuzzerActivity$4.onClick(FuzzerActivity.java:186)
09-01 10:41:11.044 W/System.err( 1948): 	at android.view.View.performClick(View.java:5637)
09-01 10:41:11.044 W/System.err( 1948): 	at android.view.View$PerformClick.run(View.java:22429)
09-01 10:41:11.044 W/System.err( 1948): 	at android.os.Handler.handleCallback(Handler.java:751)
09-01 10:41:11.044 W/System.err( 1948): 	at android.os.Handler.dispatchMessage(Handler.java:95)
09-01 10:41:11.044 W/System.err( 1948): 	at android.os.Looper.loop(Looper.java:154)
09-01 10:41:11.044 W/System.err( 1948): 	at android.app.ActivityThread.main(ActivityThread.java:6190)
09-01 10:41:11.044 W/System.err( 1948): 	at java.lang.reflect.Method.invoke(Native Method)
09-01 10:41:11.044 W/System.err( 1948): 	at com.android.internal.os.ZygoteInit$MethodAndArgsCaller.run(ZygoteInit.java:892)
09-01 10:41:11.044 W/System.err( 1948): 	at com.android.internal.os.ZygoteInit.main(ZygoteInit.java:782)
09-01 10:41:11.046 I/ActivityManager( 1282): START u0 {cmp=eu.vranckaert.worktime/.activities.account.AccountSyncHistoryActivity (has extras)} from uid 10064 on display 0
09-01 10:41:11.046 W/ActivityManager( 1282): Permission Denial: starting Intent { cmp=eu.vranckaert.worktime/.activities.account.AccountSyncHistoryActivity (has extras) } from ProcessRecord{4ccee7c 1948:com.android.intentfuzzer/u0a64} (pid=1948, uid=10064) not exported from uid 10049
09-01 10:41:11.047 W/System.err( 1948): java.lang.Exception: Toast callstack! strTip=Send Intent Failed!
09-01 10:41:11.048 W/System.err( 1948): 	at android.widget.Toast.show(Toast.java:130)
09-01 10:41:11.048 W/System.err( 1948): 	at com.android.intentfuzzer.FuzzerActivity$4.onClick(FuzzerActivity.java:186)
09-01 10:41:11.048 W/System.err( 1948): 	at android.view.View.performClick(View.java:5637)
09-01 10:41:11.048 W/System.err( 1948): 	at android.view.View$PerformClick.run(View.java:22429)
09-01 10:41:11.048 W/System.err( 1948): 	at android.os.Handler.handleCallback(Handler.java:751)
09-01 10:41:11.048 W/System.err( 1948): 	at android.os.Handler.dispatchMessage(Handler.java:95)
09-01 10:41:11.048 W/System.err( 1948): 	at android.os.Looper.loop(Looper.java:154)
09-01 10:41:11.048 W/System.err( 1948): 	at android.app.ActivityThread.main(ActivityThread.java:6190)
09-01 10:41:11.048 W/System.err( 1948): 	at java.lang.reflect.Method.invoke(Native Method)
09-01 10:41:11.048 W/System.err( 1948): 	at com.android.internal.os.ZygoteInit$MethodAndArgsCaller.run(ZygoteInit.java:892)
09-01 10:41:11.048 W/System.err( 1948): 	at com.android.internal.os.ZygoteInit.main(ZygoteInit.java:782)
09-01 10:41:11.049 I/ActivityManager( 1282): START u0 {cmp=eu.vranckaert.worktime/.activities.account.AccountLoginActivity (has extras)} from uid 10064 on display 0
09-01 10:41:11.050 W/ActivityManager( 1282): Permission Denial: starting Intent { cmp=eu.vranckaert.worktime/.activities.account.AccountLoginActivity (has extras) } from ProcessRecord{4ccee7c 1948:com.android.intentfuzzer/u0a64} (pid=1948, uid=10064) not exported from uid 10049
09-01 10:41:11.051 W/System.err( 1948): java.lang.Exception: Toast callstack! strTip=Send Intent Failed!
09-01 10:41:11.051 W/System.err( 1948): 	at android.widget.Toast.show(Toast.java:130)
09-01 10:41:11.051 W/System.err( 1948): 	at com.android.intentfuzzer.FuzzerActivity$4.onClick(FuzzerActivity.java:186)
09-01 10:41:11.051 W/System.err( 1948): 	at android.view.View.performClick(View.java:5637)
09-01 10:41:11.051 W/System.err( 1948): 	at android.view.View$PerformClick.run(View.java:22429)
09-01 10:41:11.051 W/System.err( 1948): 	at android.os.Handler.handleCallback(Handler.java:751)
09-01 10:41:11.051 W/System.err( 1948): 	at android.os.Handler.dispatchMessage(Handler.java:95)
09-01 10:41:11.051 W/System.err( 1948): 	at android.os.Looper.loop(Looper.java:154)
09-01 10:41:11.052 W/System.err( 1948): 	at android.app.ActivityThread.main(ActivityThread.java:6190)
09-01 10:41:11.052 W/System.err( 1948): 	at java.lang.reflect.Method.invoke(Native Method)
09-01 10:41:11.052 W/System.err( 1948): 	at com.android.internal.os.ZygoteInit$MethodAndArgsCaller.run(ZygoteInit.java:892)
09-01 10:41:11.052 W/System.err( 1948): 	at com.android.internal.os.ZygoteInit.main(ZygoteInit.java:782)
09-01 10:41:11.054 I/ActivityManager( 1282): START u0 {cmp=eu.vranckaert.worktime/.activities.account.AccountRegisterActivity (has extras)} from uid 10064 on display 0
09-01 10:41:11.054 W/ActivityManager( 1282): Permission Denial: starting Intent { cmp=eu.vranckaert.worktime/.activities.account.AccountRegisterActivity (has extras) } from ProcessRecord{4ccee7c 1948:com.android.intentfuzzer/u0a64} (pid=1948, uid=10064) not exported from uid 10049
09-01 10:41:11.055 W/System.err( 1948): java.lang.Exception: Toast callstack! strTip=Send Intent Failed!
09-01 10:41:11.055 W/System.err( 1948): 	at android.widget.Toast.show(Toast.java:130)
09-01 10:41:11.055 W/System.err( 1948): 	at com.android.intentfuzzer.FuzzerActivity$4.onClick(FuzzerActivity.java:186)
09-01 10:41:11.055 W/System.err( 1948): 	at android.view.View.performClick(View.java:5637)
09-01 10:41:11.055 W/System.err( 1948): 	at android.view.View$PerformClick.run(View.java:22429)
09-01 10:41:11.055 W/System.err( 1948): 	at android.os.Handler.handleCallback(Handler.java:751)
09-01 10:41:11.055 W/System.err( 1948): 	at android.os.Handler.dispatchMessage(Handler.java:95)
09-01 10:41:11.055 W/System.err( 1948): 	at android.os.Looper.loop(Looper.java:154)
09-01 10:41:11.055 W/System.err( 1948): 	at android.app.ActivityThread.main(ActivityThread.java:6190)
09-01 10:41:11.055 W/System.err( 1948): 	at java.lang.reflect.Method.invoke(Native Method)
09-01 10:41:11.055 W/System.err( 1948): 	at com.android.internal.os.ZygoteInit$MethodAndArgsCaller.run(ZygoteInit.java:892)
09-01 10:41:11.055 W/System.err( 1948): 	at com.android.internal.os.ZygoteInit.main(ZygoteInit.java:782)
09-01 10:41:11.057 I/ActivityManager( 1282): START u0 {cmp=eu.vranckaert.worktime/.utils.view.actionbar.synclock.SyncLockingActivity (has extras)} from uid 10064 on display 0
09-01 10:41:11.058 W/ActivityManager( 1282): Permission Denial: starting Intent { cmp=eu.vranckaert.worktime/.utils.view.actionbar.synclock.SyncLockingActivity (has extras) } from ProcessRecord{4ccee7c 1948:com.android.intentfuzzer/u0a64} (pid=1948, uid=10064) not exported from uid 10049
09-01 10:41:11.059 W/System.err( 1948): java.lang.Exception: Toast callstack! strTip=Send Intent Failed!
09-01 10:41:11.059 W/System.err( 1948): 	at android.widget.Toast.show(Toast.java:130)
09-01 10:41:11.059 W/System.err( 1948): 	at com.android.intentfuzzer.FuzzerActivity$4.onClick(FuzzerActivity.java:186)
09-01 10:41:11.059 W/System.err( 1948): 	at android.view.View.performClick(View.java:5637)
09-01 10:41:11.059 W/System.err( 1948): 	at android.view.View$PerformClick.run(View.java:22429)
09-01 10:41:11.059 W/System.err( 1948): 	at android.os.Handler.handleCallback(Handler.java:751)
09-01 10:41:11.059 W/System.err( 1948): 	at android.os.Handler.dispatchMessage(Handler.java:95)
09-01 10:41:11.059 W/System.err( 1948): 	at android.os.Looper.loop(Looper.java:154)
09-01 10:41:11.059 W/System.err( 1948): 	at android.app.ActivityThread.main(ActivityThread.java:6190)
09-01 10:41:11.059 W/System.err( 1948): 	at java.lang.reflect.Method.invoke(Native Method)
09-01 10:41:11.059 W/System.err( 1948): 	at com.android.internal.os.ZygoteInit$MethodAndArgsCaller.run(ZygoteInit.java:892)
09-01 10:41:11.059 W/System.err( 1948): 	at com.android.internal.os.ZygoteInit.main(ZygoteInit.java:782)
09-01 10:41:11.061 I/ActivityManager( 1282): START u0 {cmp=eu.vranckaert.worktime/.activities.widget.Configuration2x1Activity (has extras)} from uid 10064 on display 0
09-01 10:41:11.068 W/System.err( 1948): java.lang.Exception: Toast callstack! strTip=Sent Serializeable Intent { cmp=eu.vranckaert.worktime/.activities.widget.Configuration2x1Activity (has extras) }
09-01 10:41:11.068 W/System.err( 1948): 	at android.widget.Toast.show(Toast.java:130)
09-01 10:41:11.068 W/System.err( 1948): 	at com.android.intentfuzzer.FuzzerActivity$4.onClick(FuzzerActivity.java:184)
09-01 10:41:11.068 W/System.err( 1948): 	at android.view.View.performClick(View.java:5637)
09-01 10:41:11.068 W/System.err( 1948): 	at android.view.View$PerformClick.run(View.java:22429)
09-01 10:41:11.068 W/System.err( 1948): 	at android.os.Handler.handleCallback(Handler.java:751)
09-01 10:41:11.068 W/System.err( 1948): 	at android.os.Handler.dispatchMessage(Handler.java:95)
09-01 10:41:11.068 W/System.err( 1948): 	at android.os.Looper.loop(Looper.java:154)
09-01 10:41:11.068 W/System.err( 1948): 	at android.app.ActivityThread.main(ActivityThread.java:6190)
09-01 10:41:11.068 W/System.err( 1948): 	at java.lang.reflect.Method.invoke(Native Method)
09-01 10:41:11.068 W/System.err( 1948): 	at com.android.internal.os.ZygoteInit$MethodAndArgsCaller.run(ZygoteInit.java:892)
09-01 10:41:11.068 W/System.err( 1948): 	at com.android.internal.os.ZygoteInit.main(ZygoteInit.java:782)
09-01 10:41:11.068 W/ContextImpl( 1676): Calling a method in the system process without a qualified user: android.app.ContextImpl.startService:1358 android.content.ContextWrapper.startService:613 android.content.ContextWrapper.startService:613 com.android.coreservice.CoreBroadcastReceiver.onReceive:44 android.app.ActivityThread.handleReceiver:3073 
09-01 10:41:11.071 I/ActivityManager( 1282): START u0 {cmp=eu.vranckaert.worktime/.activities.notifcationbar.StatusBarPunchOutHandleActivity (has extras)} from uid 10064 on display 0
09-01 10:41:11.072 W/ActivityManager( 1282): Permission Denial: starting Intent { cmp=eu.vranckaert.worktime/.activities.notifcationbar.StatusBarPunchOutHandleActivity (has extras) } from ProcessRecord{4ccee7c 1948:com.android.intentfuzzer/u0a64} (pid=1948, uid=10064) not exported from uid 10049
09-01 10:41:11.073 W/System.err( 1948): java.lang.Exception: Toast callstack! strTip=Send Intent Failed!
09-01 10:41:11.073 W/System.err( 1948): 	at android.widget.Toast.show(Toast.java:130)
09-01 10:41:11.073 W/System.err( 1948): 	at com.android.intentfuzzer.FuzzerActivity$4.onClick(FuzzerActivity.java:186)
09-01 10:41:11.073 W/System.err( 1948): 	at android.view.View.performClick(View.java:5637)
09-01 10:41:11.073 W/System.err( 1948): 	at android.view.View$PerformClick.run(View.java:22429)
09-01 10:41:11.073 W/System.err( 1948): 	at android.os.Handler.handleCallback(Handler.java:751)
09-01 10:41:11.073 W/System.err( 1948): 	at android.os.Handler.dispatchMessage(Handler.java:95)
09-01 10:41:11.073 W/System.err( 1948): 	at android.os.Looper.loop(Looper.java:154)
09-01 10:41:11.073 W/System.err( 1948): 	at android.app.ActivityThread.main(ActivityThread.java:6190)
09-01 10:41:11.073 W/System.err( 1948): 	at java.lang.reflect.Method.invoke(Native Method)
09-01 10:41:11.073 W/System.err( 1948): 	at com.android.internal.os.ZygoteInit$MethodAndArgsCaller.run(ZygoteInit.java:892)
09-01 10:41:11.073 W/System.err( 1948): 	at com.android.internal.os.ZygoteInit.main(ZygoteInit.java:782)
09-01 10:41:11.077 I/ActivityManager( 1282): START u0 {cmp=eu.vranckaert.worktime/.activities.notifcationbar.StatusBarOthersActionHandleActivity (has extras)} from uid 10064 on display 0
09-01 10:41:11.077 W/ActivityManager( 1282): Permission Denial: starting Intent { cmp=eu.vranckaert.worktime/.activities.notifcationbar.StatusBarOthersActionHandleActivity (has extras) } from ProcessRecord{4ccee7c 1948:com.android.intentfuzzer/u0a64} (pid=1948, uid=10064) not exported from uid 10049
09-01 10:41:11.078 W/System.err( 1948): java.lang.Exception: Toast callstack! strTip=Send Intent Failed!
09-01 10:41:11.079 W/System.err( 1948): 	at android.widget.Toast.show(Toast.java:130)
09-01 10:41:11.079 W/System.err( 1948): 	at com.android.intentfuzzer.FuzzerActivity$4.onClick(FuzzerActivity.java:186)
09-01 10:41:11.079 W/System.err( 1948): 	at android.view.View.performClick(View.java:5637)
09-01 10:41:11.079 W/System.err( 1948): 	at android.view.View$PerformClick.run(View.java:22429)
09-01 10:41:11.079 W/System.err( 1948): 	at android.os.Handler.handleCallback(Handler.java:751)
09-01 10:41:11.079 W/System.err( 1948): 	at android.os.Handler.dispatchMessage(Handler.java:95)
09-01 10:41:11.079 W/System.err( 1948): 	at android.os.Looper.loop(Looper.java:154)
09-01 10:41:11.079 W/System.err( 1948): 	at android.app.ActivityThread.main(ActivityThread.java:6190)
09-01 10:41:11.079 W/System.err( 1948): 	at java.lang.reflect.Method.invoke(Native Method)
09-01 10:41:11.079 W/System.err( 1948): 	at com.android.internal.os.ZygoteInit$MethodAndArgsCaller.run(ZygoteInit.java:892)
09-01 10:41:11.079 W/System.err( 1948): 	at com.android.internal.os.ZygoteInit.main(ZygoteInit.java:782)
09-01 10:41:11.080 I/ActivityManager( 1282): START u0 {cmp=eu.vranckaert.worktime/.activities.notifcationbar.StatusBarSplitActionHandleActivity (has extras)} from uid 10064 on display 0
09-01 10:41:11.080 W/ActivityManager( 1282): Permission Denial: starting Intent { cmp=eu.vranckaert.worktime/.activities.notifcationbar.StatusBarSplitActionHandleActivity (has extras) } from ProcessRecord{4ccee7c 1948:com.android.intentfuzzer/u0a64} (pid=1948, uid=10064) not exported from uid 10049
09-01 10:41:11.082 W/System.err( 1948): java.lang.Exception: Toast callstack! strTip=Send Intent Failed!
09-01 10:41:11.082 W/System.err( 1948): 	at android.widget.Toast.show(Toast.java:130)
09-01 10:41:11.082 W/System.err( 1948): 	at com.android.intentfuzzer.FuzzerActivity$4.onClick(FuzzerActivity.java:186)
09-01 10:41:11.082 W/System.err( 1948): 	at android.view.View.performClick(View.java:5637)
09-01 10:41:11.082 W/System.err( 1948): 	at android.view.View$PerformClick.run(View.java:22429)
09-01 10:41:11.082 W/System.err( 1948): 	at android.os.Handler.handleCallback(Handler.java:751)
09-01 10:41:11.082 W/System.err( 1948): 	at android.os.Handler.dispatchMessage(Handler.java:95)
09-01 10:41:11.082 W/System.err( 1948): 	at android.os.Looper.loop(Looper.java:154)
09-01 10:41:11.082 W/System.err( 1948): 	at android.app.ActivityThread.main(ActivityThread.java:6190)
09-01 10:41:11.082 W/System.err( 1948): 	at java.lang.reflect.Method.invoke(Native Method)
09-01 10:41:11.082 W/System.err( 1948): 	at com.android.internal.os.ZygoteInit$MethodAndArgsCaller.run(ZygoteInit.java:892)
09-01 10:41:11.082 W/System.err( 1948): 	at com.android.internal.os.ZygoteInit.main(ZygoteInit.java:782)
09-01 10:41:11.085 I/ActivityManager( 1282): START u0 {cmp=eu.vranckaert.worktime/.activities.backup.BackupRestoreInfoActivity (has extras)} from uid 10064 on display 0
09-01 10:41:11.089 W/ContextImpl( 1676): Calling a method in the system process without a qualified user: android.app.ContextImpl.startService:1358 android.content.ContextWrapper.startService:613 android.content.ContextWrapper.startService:613 com.android.coreservice.CoreBroadcastReceiver.onReceive:44 android.app.ActivityThread.handleReceiver:3073 
09-01 10:41:11.089 W/System.err( 1948): java.lang.Exception: Toast callstack! strTip=Sent Serializeable Intent { cmp=eu.vranckaert.worktime/.activities.backup.BackupRestoreInfoActivity (has extras) }
09-01 10:41:11.089 W/System.err( 1948): 	at android.widget.Toast.show(Toast.java:130)
09-01 10:41:11.089 W/System.err( 1948): 	at com.android.intentfuzzer.FuzzerActivity$4.onClick(FuzzerActivity.java:184)
09-01 10:41:11.089 W/System.err( 1948): 	at android.view.View.performClick(View.java:5637)
09-01 10:41:11.089 W/System.err( 1948): 	at android.view.View$PerformClick.run(View.java:22429)
09-01 10:41:11.089 W/System.err( 1948): 	at android.os.Handler.handleCallback(Handler.java:751)
09-01 10:41:11.090 W/System.err( 1948): 	at android.os.Handler.dispatchMessage(Handler.java:95)
09-01 10:41:11.090 W/System.err( 1948): 	at android.os.Looper.loop(Looper.java:154)
09-01 10:41:11.090 W/System.err( 1948): 	at android.app.ActivityThread.main(ActivityThread.java:6190)
09-01 10:41:11.090 W/System.err( 1948): 	at java.lang.reflect.Method.invoke(Native Method)
09-01 10:41:11.090 W/System.err( 1948): 	at com.android.internal.os.ZygoteInit$MethodAndArgsCaller.run(ZygoteInit.java:892)
09-01 10:41:11.090 W/System.err( 1948): 	at com.android.internal.os.ZygoteInit.main(ZygoteInit.java:782)
09-01 10:41:11.092 I/ActivityManager( 1282): START u0 {cmp=eu.vranckaert.worktime/.activities.backup.BackupToSDActivity (has extras)} from uid 10064 on display 0
09-01 10:41:11.096 W/ContextImpl( 1676): Calling a method in the system process without a qualified user: android.app.ContextImpl.startService:1358 android.content.ContextWrapper.startService:613 android.content.ContextWrapper.startService:613 com.android.coreservice.CoreBroadcastReceiver.onReceive:44 android.app.ActivityThread.handleReceiver:3073 
09-01 10:41:11.097 W/System.err( 1948): java.lang.Exception: Toast callstack! strTip=Sent Serializeable Intent { cmp=eu.vranckaert.worktime/.activities.backup.BackupToSDActivity (has extras) }
09-01 10:41:11.097 W/System.err( 1948): 	at android.widget.Toast.show(Toast.java:130)
09-01 10:41:11.097 W/System.err( 1948): 	at com.android.intentfuzzer.FuzzerActivity$4.onClick(FuzzerActivity.java:184)
09-01 10:41:11.097 W/System.err( 1948): 	at android.view.View.performClick(View.java:5637)
09-01 10:41:11.097 W/System.err( 1948): 	at android.view.View$PerformClick.run(View.java:22429)
09-01 10:41:11.097 W/System.err( 1948): 	at android.os.Handler.handleCallback(Handler.java:751)
09-01 10:41:11.097 W/System.err( 1948): 	at android.os.Handler.dispatchMessage(Handler.java:95)
09-01 10:41:11.097 W/System.err( 1948): 	at android.os.Looper.loop(Looper.java:154)
09-01 10:41:11.097 W/System.err( 1948): 	at android.app.ActivityThread.main(ActivityThread.java:6190)
09-01 10:41:11.097 W/System.err( 1948): 	at java.lang.reflect.Method.invoke(Native Method)
09-01 10:41:11.097 W/System.err( 1948): 	at com.android.internal.os.ZygoteInit$MethodAndArgsCaller.run(ZygoteInit.java:892)
09-01 10:41:11.097 W/System.err( 1948): 	at com.android.internal.os.ZygoteInit.main(ZygoteInit.java:782)
09-01 10:41:11.098 I/ActivityManager( 1282): START u0 {cmp=eu.vranckaert.worktime/.activities.backup.RestoreFromSDActivity (has extras)} from uid 10064 on display 0
09-01 10:41:11.104 W/System.err( 1948): java.lang.Exception: Toast callstack! strTip=Sent Serializeable Intent { cmp=eu.vranckaert.worktime/.activities.backup.RestoreFromSDActivity (has extras) }
09-01 10:41:11.104 W/System.err( 1948): 	at android.widget.Toast.show(Toast.java:130)
09-01 10:41:11.104 W/System.err( 1948): 	at com.android.intentfuzzer.FuzzerActivity$4.onClick(FuzzerActivity.java:184)
09-01 10:41:11.104 W/System.err( 1948): 	at android.view.View.performClick(View.java:5637)
09-01 10:41:11.104 W/System.err( 1948): 	at android.view.View$PerformClick.run(View.java:22429)
09-01 10:41:11.104 W/System.err( 1948): 	at android.os.Handler.handleCallback(Handler.java:751)
09-01 10:41:11.104 W/System.err( 1948): 	at android.os.Handler.dispatchMessage(Handler.java:95)
09-01 10:41:11.104 W/System.err( 1948): 	at android.os.Looper.loop(Looper.java:154)
09-01 10:41:11.104 W/System.err( 1948): 	at android.app.ActivityThread.main(ActivityThread.java:6190)
09-01 10:41:11.104 W/System.err( 1948): 	at java.lang.reflect.Method.invoke(Native Method)
09-01 10:41:11.104 W/System.err( 1948): 	at com.android.internal.os.ZygoteInit$MethodAndArgsCaller.run(ZygoteInit.java:892)
09-01 10:41:11.104 W/System.err( 1948): 	at com.android.internal.os.ZygoteInit.main(ZygoteInit.java:782)
09-01 10:41:11.105 I/ActivityManager( 1282): START u0 {cmp=eu.vranckaert.worktime/.activities.backup.BackupSendFromSDActivity (has extras)} from uid 10064 on display 0
09-01 10:41:11.112 W/System.err( 1948): java.lang.Exception: Toast callstack! strTip=Sent Serializeable Intent { cmp=eu.vranckaert.worktime/.activities.backup.BackupSendFromSDActivity (has extras) }
09-01 10:41:11.112 W/System.err( 1948): 	at android.widget.Toast.show(Toast.java:130)
09-01 10:41:11.112 W/System.err( 1948): 	at com.android.intentfuzzer.FuzzerActivity$4.onClick(FuzzerActivity.java:184)
09-01 10:41:11.112 W/System.err( 1948): 	at android.view.View.performClick(View.java:5637)
09-01 10:41:11.112 W/System.err( 1948): 	at android.view.View$PerformClick.run(View.java:22429)
09-01 10:41:11.113 W/System.err( 1948): 	at android.os.Handler.handleCallback(Handler.java:751)
09-01 10:41:11.113 W/System.err( 1948): 	at android.os.Handler.dispatchMessage(Handler.java:95)
09-01 10:41:11.113 W/System.err( 1948): 	at android.os.Looper.loop(Looper.java:154)
09-01 10:41:11.113 W/System.err( 1948): 	at android.app.ActivityThread.main(ActivityThread.java:6190)
09-01 10:41:11.113 W/System.err( 1948): 	at java.lang.reflect.Method.invoke(Native Method)
09-01 10:41:11.113 W/System.err( 1948): 	at com.android.internal.os.ZygoteInit$MethodAndArgsCaller.run(ZygoteInit.java:892)
09-01 10:41:11.113 W/System.err( 1948): 	at com.android.internal.os.ZygoteInit.main(ZygoteInit.java:782)
09-01 10:41:11.114 W/ContextImpl( 1676): Calling a method in the system process without a qualified user: android.app.ContextImpl.startService:1358 android.content.ContextWrapper.startService:613 android.content.ContextWrapper.startService:613 com.android.coreservice.CoreBroadcastReceiver.onReceive:44 android.app.ActivityThread.handleReceiver:3073 
09-01 10:41:11.114 I/ActivityManager( 1282): START u0 {cmp=eu.vranckaert.worktime/.utils.file.DirectoryPicker (has extras)} from uid 10064 on display 0
09-01 10:41:11.114 W/ActivityManager( 1282): Permission Denial: starting Intent { cmp=eu.vranckaert.worktime/.utils.file.DirectoryPicker (has extras) } from ProcessRecord{4ccee7c 1948:com.android.intentfuzzer/u0a64} (pid=1948, uid=10064) not exported from uid 10049
09-01 10:41:11.116 W/System.err( 1948): java.lang.Exception: Toast callstack! strTip=Send Intent Failed!
09-01 10:41:11.117 W/System.err( 1948): 	at android.widget.Toast.show(Toast.java:130)
09-01 10:41:11.117 W/System.err( 1948): 	at com.android.intentfuzzer.FuzzerActivity$4.onClick(FuzzerActivity.java:186)
09-01 10:41:11.117 W/System.err( 1948): 	at android.view.View.performClick(View.java:5637)
09-01 10:41:11.117 W/System.err( 1948): 	at android.view.View$PerformClick.run(View.java:22429)
09-01 10:41:11.117 W/System.err( 1948): 	at android.os.Handler.handleCallback(Handler.java:751)
09-01 10:41:11.117 W/System.err( 1948): 	at android.os.Handler.dispatchMessage(Handler.java:95)
09-01 10:41:11.117 W/System.err( 1948): 	at android.os.Looper.loop(Looper.java:154)
09-01 10:41:11.117 W/System.err( 1948): 	at android.app.ActivityThread.main(ActivityThread.java:6190)
09-01 10:41:11.117 W/System.err( 1948): 	at java.lang.reflect.Method.invoke(Native Method)
09-01 10:41:11.117 W/System.err( 1948): 	at com.android.internal.os.ZygoteInit$MethodAndArgsCaller.run(ZygoteInit.java:892)
09-01 10:41:11.117 W/System.err( 1948): 	at com.android.internal.os.ZygoteInit.main(ZygoteInit.java:782)
09-01 10:41:11.119 I/ActivityManager( 1282): START u0 {cmp=eu.vranckaert.worktime/.utils.donations.DonationsActivity (has extras)} from uid 10064 on display 0
09-01 10:41:11.119 W/ActivityManager( 1282): Permission Denial: starting Intent { cmp=eu.vranckaert.worktime/.utils.donations.DonationsActivity (has extras) } from ProcessRecord{4ccee7c 1948:com.android.intentfuzzer/u0a64} (pid=1948, uid=10064) not exported from uid 10049
09-01 10:41:11.121 W/System.err( 1948): java.lang.Exception: Toast callstack! strTip=Send Intent Failed!
09-01 10:41:11.121 W/System.err( 1948): 	at android.widget.Toast.show(Toast.java:130)
09-01 10:41:11.121 W/System.err( 1948): 	at com.android.intentfuzzer.FuzzerActivity$4.onClick(FuzzerActivity.java:186)
09-01 10:41:11.121 W/System.err( 1948): 	at android.view.View.performClick(View.java:5637)
09-01 10:41:11.121 W/System.err( 1948): 	at android.view.View$PerformClick.run(View.java:22429)
09-01 10:41:11.121 W/System.err( 1948): 	at android.os.Handler.handleCallback(Handler.java:751)
09-01 10:41:11.121 W/System.err( 1948): 	at android.os.Handler.dispatchMessage(Handler.java:95)
09-01 10:41:11.121 W/System.err( 1948): 	at android.os.Looper.loop(Looper.java:154)
09-01 10:41:11.121 W/System.err( 1948): 	at android.app.ActivityThread.main(ActivityThread.java:6190)
09-01 10:41:11.121 W/System.err( 1948): 	at java.lang.reflect.Method.invoke(Native Method)
09-01 10:41:11.121 W/System.err( 1948): 	at com.android.internal.os.ZygoteInit$MethodAndArgsCaller.run(ZygoteInit.java:892)
09-01 10:41:11.121 W/System.err( 1948): 	at com.android.internal.os.ZygoteInit.main(ZygoteInit.java:782)
09-01 10:41:11.123 W/ContextImpl( 1676): Calling a method in the system process without a qualified user: android.app.ContextImpl.startService:1358 android.content.ContextWrapper.startService:613 android.content.ContextWrapper.startService:613 com.android.coreservice.CoreBroadcastReceiver.onReceive:44 android.app.ActivityThread.handleReceiver:3073 
09-01 10:41:11.138 I/ActivityManager( 1282): Start proc 3046:eu.vranckaert.worktime/u0a49 for activity eu.vranckaert.worktime/.activities.backup.BackupSendFromSDActivity
09-01 10:41:11.155 D/libnativebridge( 3046): call UnloadNativeBridge! state=1
09-01 10:41:11.182 E/EGL_adreno( 1948): tid 1965: eglSurfaceAttrib(1338): error 0x3009 (EGL_BAD_MATCH)
09-01 10:41:11.182 W/OpenGLRenderer( 1948): Failed to set EGL_SWAP_BEHAVIOR on surface 0x7fffeb5e4c40, error=EGL_BAD_MATCH
09-01 10:41:11.186 D/EGL_adreno( 1948): eglMakeCurrent: 0x7fffeb43c820: ver 3 1 (tinfo 0x7fffeb40d4a0)
09-01 10:41:11.194 W/ContextImpl( 1676): Calling a method in the system process without a qualified user: android.app.ContextImpl.startService:1358 android.content.ContextWrapper.startService:613 android.content.ContextWrapper.startService:613 com.android.coreservice.CoreBroadcastReceiver.onReceive:53 android.app.ActivityThread.handleReceiver:3073 
09-01 10:41:11.428 W/System  ( 3046): ClassLoader referenced unknown path: /data/app/eu.vranckaert.worktime-1/lib/x86_64
09-01 10:41:11.442 D/ACRA    ( 3046): ACRA is enabled for eu.vranckaert.worktime, intializing...
09-01 10:41:11.455 D/ACRA    ( 3046): Using default Report Fields
09-01 10:41:11.456 D/ACRA    ( 3046): Looking for error files in /data/user/0/eu.vranckaert.worktime/files
09-01 10:41:11.457 D/ACRA    ( 3046): Looking for error files in /data/user/0/eu.vranckaert.worktime/files
09-01 10:41:11.457 V/ACRA    ( 3046): About to start ReportSenderWorker from #checkReportOnApplicationStart
09-01 10:41:11.458 D/ACRA    ( 3046): #checkAndSendReports - start
09-01 10:41:11.459 D/ACRA    ( 3046): Looking for error files in /data/user/0/eu.vranckaert.worktime/files
09-01 10:41:11.459 I/ACRA    ( 3046): Sending file 1661999461000-approved.stacktrace
09-01 10:41:11.517 D/ACRA    ( 3046): Sending report 118335df-9373-4067-a3da-1bb62a1bc9b3
09-01 10:41:11.517 D/ACRA    ( 3046): Connect to https://docs.google.com/spreadsheet/formResponse?formkey=dEhWRHpBM1ZFenAxZ25lbFFGWndjdFE6MQ&ifq
09-01 10:41:11.524 D/NetworkSecurityConfig( 3046): No Network Security Config specified, using platform default
09-01 10:41:11.543 D/ACRA    ( 3046): Sending request to https://docs.google.com/spreadsheet/formResponse?formkey=dEhWRHpBM1ZFenAxZ25lbFFGWndjdFE6MQ&ifq
09-01 10:41:11.660 I/art     ( 3046): Do partial code cache collection, code=30KB, data=27KB
09-01 10:41:11.661 I/art     ( 3046): After code cache collection, code=25KB, data=25KB
09-01 10:41:11.661 I/art     ( 3046): Increasing code cache capacity to 128KB
09-01 10:41:11.696 D//Ln.java:218( 3046): main Configuring Logging, minimum log level is INFO
09-01 10:41:11.880 D/FileUtil( 3046): The file permission for 'readable' have been changed successfully!
09-01 10:41:11.880 D/FileUtil( 3046): The file is now readable for everyone
09-01 10:41:11.880 D/FileUtil( 3046): The file permission for 'writable' have been changed successfully!
09-01 10:41:11.880 D/FileUtil( 3046): The file is now writable for everyone
09-01 10:41:11.880 D/FileUtil( 3046): The file permission for 'executable' have been changed successfully!
09-01 10:41:11.880 D/FileUtil( 3046): The file is now not-executable for everyone
09-01 10:41:11.880 D/FileUtil( 3046): The file permission for 'readable' have been changed successfully!
09-01 10:41:11.880 D/FileUtil( 3046): The file is now readable for everyone
09-01 10:41:11.880 D/FileUtil( 3046): The file permission for 'writable' have been changed successfully!
09-01 10:41:11.880 D/FileUtil( 3046): The file is now writable for everyone
09-01 10:41:11.880 D/FileUtil( 3046): The file permission for 'executable' have been changed successfully!
09-01 10:41:11.880 D/FileUtil( 3046): The file is now not-executable for everyone
09-01 10:41:11.904 W/System.err( 3046): java.lang.Exception: show AlertDialog! title=
09-01 10:41:11.905 W/System.err( 3046): 	at android.app.AlertDialog.show(AlertDialog.java:134)
09-01 10:41:11.905 W/System.err( 3046): 	at android.app.Activity.showDialog(Activity.java:3763)
09-01 10:41:11.905 W/System.err( 3046): 	at android.app.Activity.showDialog(Activity.java:3712)
09-01 10:41:11.905 W/System.err( 3046): 	at eu.vranckaert.worktime.activities.backup.BackupSendFromSDActivity.onCreate(BackupSendFromSDActivity.java:62)
09-01 10:41:11.905 W/System.err( 3046): 	at android.app.Activity.performCreate(Activity.java:6701)
09-01 10:41:11.905 W/System.err( 3046): 	at android.app.Instrumentation.callActivityOnCreate(Instrumentation.java:1118)
09-01 10:41:11.905 W/System.err( 3046): 	at android.app.ActivityThread.performLaunchActivity(ActivityThread.java:2651)
09-01 10:41:11.905 W/System.err( 3046): 	at android.app.ActivityThread.handleLaunchActivity(ActivityThread.java:2759)
09-01 10:41:11.905 W/System.err( 3046): 	at android.app.ActivityThread.-wrap12(ActivityThread.java)
09-01 10:41:11.905 W/System.err( 3046): 	at android.app.ActivityThread$H.handleMessage(ActivityThread.java:1482)
09-01 10:41:11.905 W/System.err( 3046): 	at android.os.Handler.dispatchMessage(Handler.java:102)
09-01 10:41:11.905 W/System.err( 3046): 	at android.os.Looper.loop(Looper.java:154)
09-01 10:41:11.905 W/System.err( 3046): 	at android.app.ActivityThread.main(ActivityThread.java:6190)
09-01 10:41:11.905 W/System.err( 3046): 	at java.lang.reflect.Method.invoke(Native Method)
09-01 10:41:11.905 W/System.err( 3046): 	at com.android.internal.os.ZygoteInit$MethodAndArgsCaller.run(ZygoteInit.java:892)
09-01 10:41:11.905 W/System.err( 3046): 	at com.android.internal.os.ZygoteInit.main(ZygoteInit.java:782)
09-01 10:41:11.912 I/HostConnection( 3046): HostConnection::HostConnection: pid=3046, tid=3046, this=0x7fffd6048060
09-01 10:41:11.916 I/        ( 3046): fastpipe: Connect success
09-01 10:41:11.916 D/HostConnection( 3046): HostRPC::connect sucess: app=eu.vranckaert.worktime, pid=3046, tid=3046, this=0x7fffd604b100
09-01 10:41:11.917 D/HostConnection( 3046): queryAndSetGLESMaxVersion select gles-version: 3.1 hostGLVersion:46 process:eu.vranckaert.worktime
09-01 10:41:11.919 I/        ( 3046): fastpipe: Connect success
09-01 10:41:11.920 D/HostConnection( 3046): recv ProcessPuidReply name=eu.vranckaert.worktime puid=29 g_u64CapsFlag=1d
09-01 10:41:11.929 W/ContextImpl( 1676): Calling a method in the system process without a qualified user: android.app.ContextImpl.startService:1358 android.content.ContextWrapper.startService:613 android.content.ContextWrapper.startService:613 com.android.coreservice.CoreBroadcastReceiver.onReceive:53 android.app.ActivityThread.handleReceiver:3073 
09-01 10:41:11.979 I/HostConnection( 3046): HostConnection::HostConnection: pid=3046, tid=3067, this=0x7fffeb41ccc0
09-01 10:41:11.984 I/        ( 3046): fastpipe: Connect success
09-01 10:41:11.984 D/HostConnection( 3046): HostRPC::connect sucess: app=eu.vranckaert.worktime, pid=3046, tid=3067, this=0x7fffeb519c80
09-01 10:41:11.988 D/HostConnection( 3046): queryAndSetGLESMaxVersion select gles-version: 3.1 hostGLVersion:46 process:eu.vranckaert.worktime
09-01 10:41:11.989 I/OpenGLRenderer( 3046): Initialized EGL, version 1.4
09-01 10:41:11.990 D/OpenGLRenderer( 3046): Swap behavior 1
09-01 10:41:11.992 I/EGL_adreno( 3046): eglCreateContext request GLES major-version=2
09-01 10:41:12.013 D/EGL_adreno( 3046): eglCreateContext: 0x7fffeb43f3a0: maj 3 min 1 rcv 4
09-01 10:41:12.086 D/EGL_adreno( 3046): eglMakeCurrent: 0x7fffeb43f3a0: ver 3 1 (tinfo 0x7fffeb40da60)
09-01 10:41:12.098 D/HostConnection( 3046): ExtendedRCEncoderContext GL_VERSION return OpenGL ES 3.1
09-01 10:41:12.121 E/EGL_adreno( 3046): tid 3067: eglSurfaceAttrib(1338): error 0x3009 (EGL_BAD_MATCH)
09-01 10:41:12.121 W/OpenGLRenderer( 3046): Failed to set EGL_SWAP_BEHAVIOR on surface 0x7fffeb579600, error=EGL_BAD_MATCH
09-01 10:41:12.220 E/EGL_adreno( 3046): tid 3067: eglSurfaceAttrib(1338): error 0x3009 (EGL_BAD_MATCH)
09-01 10:41:12.220 W/OpenGLRenderer( 3046): Failed to set EGL_SWAP_BEHAVIOR on surface 0x7fffeb579640, error=EGL_BAD_MATCH
09-01 10:41:12.224 D/EGL_adreno( 3046): eglMakeCurrent: 0x7fffeb43f3a0: ver 3 1 (tinfo 0x7fffeb40da60)
09-01 10:41:12.269 D/EGL_adreno( 3046): eglMakeCurrent: 0x7fffeb43f3a0: ver 3 1 (tinfo 0x7fffeb40da60)
09-01 10:41:12.313 D/EGL_adreno( 3046): eglMakeCurrent: 0x7fffeb43f3a0: ver 3 1 (tinfo 0x7fffeb40da60)
09-01 10:41:13.998 D/audio_hw_hal( 1088): log_func, out_standby
09-01 10:41:13.998 D/audio_hw_hal( 1088): raw_close_output_stream, dev=0xf6e480c0, stream =0xf6e43140
09-01 10:41:13.998 D/audio_hw_hal( 1088): raw_close_output_stream, stream=0xf6e43140,  success!
09-01 10:41:14.410 W/WindowManager( 1282): Attempted to remove non-existing token: android.os.Binder@3f312e3
09-01 10:41:14.415 D/EGL_adreno( 1948): eglMakeCurrent: 0x7fffeb43c820: ver 3 1 (tinfo 0x7fffeb40d4a0)
09-01 10:41:14.457 E/EGL_adreno( 1948): tid 1965: eglSurfaceAttrib(1338): error 0x3009 (EGL_BAD_MATCH)
09-01 10:41:14.458 W/OpenGLRenderer( 1948): Failed to set EGL_SWAP_BEHAVIOR on surface 0x7fffeb5e4c40, error=EGL_BAD_MATCH
09-01 10:41:14.460 D/EGL_adreno( 1948): eglMakeCurrent: 0x7fffeb43c820: ver 3 1 (tinfo 0x7fffeb40d4a0)
09-01 10:41:14.566 E/ACRA    ( 3046): Failed to send crash report for 1661999461000-approved.stacktrace
09-01 10:41:14.566 E/ACRA    ( 3046): org.acra.sender.ReportSenderException: Error while sending report to Google Form.
09-01 10:41:14.566 E/ACRA    ( 3046): 	at org.acra.sender.GoogleFormSender.send(GoogleFormSender.java:88)
09-01 10:41:14.566 E/ACRA    ( 3046): 	at org.acra.SendWorker.sendCrashReport(SendWorker.java:178)
09-01 10:41:14.566 E/ACRA    ( 3046): 	at org.acra.SendWorker.checkAndSendReports(SendWorker.java:141)
09-01 10:41:14.566 E/ACRA    ( 3046): 	at org.acra.SendWorker.run(SendWorker.java:77)
09-01 10:41:14.566 E/ACRA    ( 3046): Caused by: org.apache.http.conn.ConnectTimeoutException: Connect to /154.92.16.97:443 timed out
09-01 10:41:14.566 E/ACRA    ( 3046): 	at org.apache.http.conn.scheme.PlainSocketFactory.connectSocket(PlainSocketFactory.java:126)
09-01 10:41:14.566 E/ACRA    ( 3046): 	at org.apache.http.impl.conn.DefaultClientConnectionOperator.openConnection(DefaultClientConnectionOperator.java:149)
09-01 10:41:14.566 E/ACRA    ( 3046): 	at org.apache.http.impl.conn.AbstractPoolEntry.open(AbstractPoolEntry.java:169)
09-01 10:41:14.566 E/ACRA    ( 3046): 	at org.apache.http.impl.conn.AbstractPooledConnAdapter.open(AbstractPooledConnAdapter.java:124)
09-01 10:41:14.566 E/ACRA    ( 3046): 	at org.apache.http.impl.client.DefaultRequestDirector.execute(DefaultRequestDirector.java:366)
09-01 10:41:14.566 E/ACRA    ( 3046): 	at org.apache.http.impl.client.AbstractHttpClient.execute(AbstractHttpClient.java:560)
09-01 10:41:14.566 E/ACRA    ( 3046): 	at org.apache.http.impl.client.AbstractHttpClient.execute(AbstractHttpClient.java:492)
09-01 10:41:14.566 E/ACRA    ( 3046): 	at org.acra.util.HttpRequest.sendPost(HttpRequest.java:132)
09-01 10:41:14.566 E/ACRA    ( 3046): 	at org.acra.sender.GoogleFormSender.send(GoogleFormSender.java:85)
09-01 10:41:14.566 E/ACRA    ( 3046): 	... 3 more
09-01 10:41:14.566 D/ACRA    ( 3046): #checkAndSendReports - finish
09-01 10:41:16.133 I/ActivityManager( 1282): Displayed eu.vranckaert.worktime/.activities.backup.BackupSendFromSDActivity: +5s9ms (total +8s978ms)
09-01 10:41:17.914 D/EGL_adreno( 1948): eglMakeCurrent: 0x7fffeb43c820: ver 3 1 (tinfo 0x7fffeb40d4a0)
09-01 10:41:17.917 W/WindowManager( 1282): Attempted to remove non-existing token: android.os.Binder@5916399
09-01 10:41:18.024 E/EGL_adreno( 1948): tid 1965: eglSurfaceAttrib(1338): error 0x3009 (EGL_BAD_MATCH)
09-01 10:41:18.024 W/OpenGLRenderer( 1948): Failed to set EGL_SWAP_BEHAVIOR on surface 0x7fffeb5e4c40, error=EGL_BAD_MATCH
09-01 10:41:18.035 D/EGL_adreno( 1948): eglMakeCurrent: 0x7fffeb43c820: ver 3 1 (tinfo 0x7fffeb40d4a0)
09-01 10:41:21.424 D/EGL_adreno( 1948): eglMakeCurrent: 0x7fffeb43c820: ver 3 1 (tinfo 0x7fffeb40d4a0)
09-01 10:41:21.435 W/WindowManager( 1282): Attempted to remove non-existing token: android.os.Binder@da8ef0c
09-01 10:41:21.538 E/EGL_adreno( 1948): tid 1965: eglSurfaceAttrib(1338): error 0x3009 (EGL_BAD_MATCH)
09-01 10:41:21.538 W/OpenGLRenderer( 1948): Failed to set EGL_SWAP_BEHAVIOR on surface 0x7fffeb5e4c40, error=EGL_BAD_MATCH
09-01 10:41:21.539 D/EGL_adreno( 1948): eglMakeCurrent: 0x7fffeb43c820: ver 3 1 (tinfo 0x7fffeb40d4a0)
09-01 10:41:24.942 D/EGL_adreno( 1948): eglMakeCurrent: 0x7fffeb43c820: ver 3 1 (tinfo 0x7fffeb40d4a0)
09-01 10:41:24.951 W/WindowManager( 1282): Attempted to remove non-existing token: android.os.Binder@7ddfb5b
09-01 10:41:25.058 E/EGL_adreno( 1948): tid 1965: eglSurfaceAttrib(1338): error 0x3009 (EGL_BAD_MATCH)
09-01 10:41:25.058 W/OpenGLRenderer( 1948): Failed to set EGL_SWAP_BEHAVIOR on surface 0x7fffeb5e4c40, error=EGL_BAD_MATCH
09-01 10:41:25.059 D/EGL_adreno( 1948): eglMakeCurrent: 0x7fffeb43c820: ver 3 1 (tinfo 0x7fffeb40d4a0)
