--------- beginning of system
08-31 21:02:20.716 I/ActivityManager( 1281): START u0 {cmp=com.android.intentfuzzer/.FuzzerActivity} from uid 10064 on display 0
--------- beginning of main
08-31 21:02:20.718 D/audio_hw_hal( 1087): raw_start_output_stream, stream=0xf6e43140, sampleRate=48000, channel=2, bps=16, bufSize=4096
08-31 21:02:20.724 W/ContextImpl( 1676): Calling a method in the system process without a qualified user: android.app.ContextImpl.startService:1358 android.content.ContextWrapper.startService:613 android.content.ContextWrapper.startService:613 com.android.coreservice.CoreBroadcastReceiver.onReceive:44 android.app.ActivityThread.handleReceiver:3073 
08-31 21:02:20.750 W/ContextImpl( 1676): Calling a method in the system process without a qualified user: android.app.ContextImpl.startService:1358 android.content.ContextWrapper.startService:613 android.content.ContextWrapper.startService:613 com.android.coreservice.CoreBroadcastReceiver.onReceive:53 android.app.ActivityThread.handleReceiver:3073 
08-31 21:02:20.846 D/TaskPersister( 1281): getImageFromWriteQueue return null! filePath=/data/system_ce/0/recent_images/16_task_thumbnail.png
08-31 21:02:21.236 E/EGL_adreno( 1935): tid 1952: eglSurfaceAttrib(1338): error 0x3009 (EGL_BAD_MATCH)
08-31 21:02:21.236 W/OpenGLRenderer( 1935): Failed to set EGL_SWAP_BEHAVIOR on surface 0x7fffeb41bd00, error=EGL_BAD_MATCH
08-31 21:02:21.238 D/EGL_adreno( 1935): eglMakeCurrent: 0x7fffeb454c20: ver 3 1 (tinfo 0x7fffeb40d8a0)
08-31 21:02:21.266 I/ActivityManager( 1281): Displayed com.android.intentfuzzer/.FuzzerActivity: +541ms
08-31 21:02:21.268 W/ContextImpl( 1676): Calling a method in the system process without a qualified user: android.app.ContextImpl.startService:1358 android.content.ContextWrapper.startService:613 android.content.ContextWrapper.startService:613 com.android.coreservice.CoreBroadcastReceiver.onReceive:69 android.app.ActivityThread.handleReceiver:3073 
08-31 21:02:21.320 W/ContextImpl( 1676): Calling a method in the system process without a qualified user: android.app.ContextImpl.startService:1358 android.content.ContextWrapper.startService:613 android.content.ContextWrapper.startService:613 com.android.coreservice.CoreBroadcastReceiver.onReceive:69 android.app.ActivityThread.handleReceiver:3073 
08-31 21:02:22.270 I/ActivityManager( 1281): START u0 {cmp=fr.ybo.transportsrennes/.activity.TransportsRennes} from uid 10064 on display 0
08-31 21:02:22.281 W/ContextImpl( 1676): Calling a method in the system process without a qualified user: android.app.ContextImpl.startService:1358 android.content.ContextWrapper.startService:613 android.content.ContextWrapper.startService:613 com.android.coreservice.CoreBroadcastReceiver.onReceive:44 android.app.ActivityThread.handleReceiver:3073 
08-31 21:02:22.282 W/System.err( 1935): java.lang.Exception: Toast callstack! strTip=Sent Null Intent { cmp=fr.ybo.transportsrennes/.activity.TransportsRennes }
08-31 21:02:22.282 W/System.err( 1935): 	at android.widget.Toast.show(Toast.java:130)
08-31 21:02:22.282 W/System.err( 1935): 	at com.android.intentfuzzer.FuzzerActivity$3.onClick(FuzzerActivity.java:165)
08-31 21:02:22.282 W/System.err( 1935): 	at android.view.View.performClick(View.java:5637)
08-31 21:02:22.282 W/System.err( 1935): 	at android.view.View$PerformClick.run(View.java:22429)
08-31 21:02:22.282 W/System.err( 1935): 	at android.os.Handler.handleCallback(Handler.java:751)
08-31 21:02:22.282 W/System.err( 1935): 	at android.os.Handler.dispatchMessage(Handler.java:95)
08-31 21:02:22.282 W/System.err( 1935): 	at android.os.Looper.loop(Looper.java:154)
08-31 21:02:22.283 W/System.err( 1935): 	at android.app.ActivityThread.main(ActivityThread.java:6190)
08-31 21:02:22.283 W/System.err( 1935): 	at java.lang.reflect.Method.invoke(Native Method)
08-31 21:02:22.283 W/System.err( 1935): 	at com.android.internal.os.ZygoteInit$MethodAndArgsCaller.run(ZygoteInit.java:892)
08-31 21:02:22.283 W/System.err( 1935): 	at com.android.internal.os.ZygoteInit.main(ZygoteInit.java:782)
08-31 21:02:22.284 I/ActivityManager( 1281): START u0 {cmp=fr.ybo.transportsrennes/.activity.timeo.TimeoActivity} from uid 10064 on display 0
08-31 21:02:22.287 W/System.err( 1935): java.lang.Exception: Toast callstack! strTip=Sent Null Intent { cmp=fr.ybo.transportsrennes/.activity.timeo.TimeoActivity }
08-31 21:02:22.288 W/System.err( 1935): 	at android.widget.Toast.show(Toast.java:130)
08-31 21:02:22.288 W/System.err( 1935): 	at com.android.intentfuzzer.FuzzerActivity$3.onClick(FuzzerActivity.java:165)
08-31 21:02:22.288 W/System.err( 1935): 	at android.view.View.performClick(View.java:5637)
08-31 21:02:22.288 W/System.err( 1935): 	at android.view.View$PerformClick.run(View.java:22429)
08-31 21:02:22.288 W/System.err( 1935): 	at android.os.Handler.handleCallback(Handler.java:751)
08-31 21:02:22.288 W/System.err( 1935): 	at android.os.Handler.dispatchMessage(Handler.java:95)
08-31 21:02:22.288 W/System.err( 1935): 	at android.os.Looper.loop(Looper.java:154)
08-31 21:02:22.288 W/System.err( 1935): 	at android.app.ActivityThread.main(ActivityThread.java:6190)
08-31 21:02:22.288 W/System.err( 1935): 	at java.lang.reflect.Method.invoke(Native Method)
08-31 21:02:22.288 W/System.err( 1935): 	at com.android.internal.os.ZygoteInit$MethodAndArgsCaller.run(ZygoteInit.java:892)
08-31 21:02:22.288 W/System.err( 1935): 	at com.android.internal.os.ZygoteInit.main(ZygoteInit.java:782)
08-31 21:02:22.291 W/ContextImpl( 1676): Calling a method in the system process without a qualified user: android.app.ContextImpl.startService:1358 android.content.ContextWrapper.startService:613 android.content.ContextWrapper.startService:613 com.android.coreservice.CoreBroadcastReceiver.onReceive:44 android.app.ActivityThread.handleReceiver:3073 
08-31 21:02:22.293 I/ActivityManager( 1281): START u0 {cmp=fr.ybo.transportsrennes/.activity.loading.LoadingActivity} from uid 10064 on display 0
08-31 21:02:22.293 W/ActivityManager( 1281): Permission Denial: starting Intent { cmp=fr.ybo.transportsrennes/.activity.loading.LoadingActivity } from ProcessRecord{bda5613 1935:com.android.intentfuzzer/u0a64} (pid=1935, uid=10064) not exported from uid 10051
08-31 21:02:22.295 W/System.err( 1935): java.lang.Exception: Toast callstack! strTip=Send Intent Failed!
08-31 21:02:22.295 W/System.err( 1935): 	at android.widget.Toast.show(Toast.java:130)
08-31 21:02:22.295 W/System.err( 1935): 	at com.android.intentfuzzer.FuzzerActivity$3.onClick(FuzzerActivity.java:167)
08-31 21:02:22.295 W/System.err( 1935): 	at android.view.View.performClick(View.java:5637)
08-31 21:02:22.295 W/System.err( 1935): 	at android.view.View$PerformClick.run(View.java:22429)
08-31 21:02:22.295 W/System.err( 1935): 	at android.os.Handler.handleCallback(Handler.java:751)
08-31 21:02:22.295 W/System.err( 1935): 	at android.os.Handler.dispatchMessage(Handler.java:95)
08-31 21:02:22.295 W/System.err( 1935): 	at android.os.Looper.loop(Looper.java:154)
08-31 21:02:22.295 W/System.err( 1935): 	at android.app.ActivityThread.main(ActivityThread.java:6190)
08-31 21:02:22.295 W/System.err( 1935): 	at java.lang.reflect.Method.invoke(Native Method)
08-31 21:02:22.295 W/System.err( 1935): 	at com.android.internal.os.ZygoteInit$MethodAndArgsCaller.run(ZygoteInit.java:892)
08-31 21:02:22.295 W/System.err( 1935): 	at com.android.internal.os.ZygoteInit.main(ZygoteInit.java:782)
08-31 21:02:22.297 I/ActivityManager( 1281): START u0 {cmp=fr.ybo.transportsrennes/.activity.bus.BusRennes} from uid 10064 on display 0
08-31 21:02:22.297 W/ActivityManager( 1281): Permission Denial: starting Intent { cmp=fr.ybo.transportsrennes/.activity.bus.BusRennes } from ProcessRecord{bda5613 1935:com.android.intentfuzzer/u0a64} (pid=1935, uid=10064) not exported from uid 10051
08-31 21:02:22.298 W/System.err( 1935): java.lang.Exception: Toast callstack! strTip=Send Intent Failed!
08-31 21:02:22.299 W/System.err( 1935): 	at android.widget.Toast.show(Toast.java:130)
08-31 21:02:22.299 W/System.err( 1935): 	at com.android.intentfuzzer.FuzzerActivity$3.onClick(FuzzerActivity.java:167)
08-31 21:02:22.299 W/System.err( 1935): 	at android.view.View.performClick(View.java:5637)
08-31 21:02:22.299 W/System.err( 1935): 	at android.view.View$PerformClick.run(View.java:22429)
08-31 21:02:22.299 W/System.err( 1935): 	at android.os.Handler.handleCallback(Handler.java:751)
08-31 21:02:22.299 W/System.err( 1935): 	at android.os.Handler.dispatchMessage(Handler.java:95)
08-31 21:02:22.299 W/System.err( 1935): 	at android.os.Looper.loop(Looper.java:154)
08-31 21:02:22.299 W/System.err( 1935): 	at android.app.ActivityThread.main(ActivityThread.java:6190)
08-31 21:02:22.299 W/System.err( 1935): 	at java.lang.reflect.Method.invoke(Native Method)
08-31 21:02:22.299 W/System.err( 1935): 	at com.android.internal.os.ZygoteInit$MethodAndArgsCaller.run(ZygoteInit.java:892)
08-31 21:02:22.299 W/System.err( 1935): 	at com.android.internal.os.ZygoteInit.main(ZygoteInit.java:782)
08-31 21:02:22.302 I/ActivityManager( 1281): START u0 {cmp=fr.ybo.transportsrennes/.activity.alerts.ListAlertsForOneLine} from uid 10064 on display 0
08-31 21:02:22.302 W/ActivityManager( 1281): Permission Denial: starting Intent { cmp=fr.ybo.transportsrennes/.activity.alerts.ListAlertsForOneLine } from ProcessRecord{bda5613 1935:com.android.intentfuzzer/u0a64} (pid=1935, uid=10064) not exported from uid 10051
08-31 21:02:22.303 W/System.err( 1935): java.lang.Exception: Toast callstack! strTip=Send Intent Failed!
08-31 21:02:22.304 W/System.err( 1935): 	at android.widget.Toast.show(Toast.java:130)
08-31 21:02:22.304 W/System.err( 1935): 	at com.android.intentfuzzer.FuzzerActivity$3.onClick(FuzzerActivity.java:167)
08-31 21:02:22.304 W/System.err( 1935): 	at android.view.View.performClick(View.java:5637)
08-31 21:02:22.304 W/System.err( 1935): 	at android.view.View$PerformClick.run(View.java:22429)
08-31 21:02:22.304 W/System.err( 1935): 	at android.os.Handler.handleCallback(Handler.java:751)
08-31 21:02:22.304 W/System.err( 1935): 	at android.os.Handler.dispatchMessage(Handler.java:95)
08-31 21:02:22.304 W/System.err( 1935): 	at android.os.Looper.loop(Looper.java:154)
08-31 21:02:22.304 W/System.err( 1935): 	at android.app.ActivityThread.main(ActivityThread.java:6190)
08-31 21:02:22.304 W/System.err( 1935): 	at java.lang.reflect.Method.invoke(Native Method)
08-31 21:02:22.304 W/System.err( 1935): 	at com.android.internal.os.ZygoteInit$MethodAndArgsCaller.run(ZygoteInit.java:892)
08-31 21:02:22.304 W/System.err( 1935): 	at com.android.internal.os.ZygoteInit.main(ZygoteInit.java:782)
08-31 21:02:22.305 I/ActivityManager( 1281): START u0 {cmp=fr.ybo.transportsrennes/.activity.alerts.DetailAlert} from uid 10064 on display 0
08-31 21:02:22.305 W/ActivityManager( 1281): Permission Denial: starting Intent { cmp=fr.ybo.transportsrennes/.activity.alerts.DetailAlert } from ProcessRecord{bda5613 1935:com.android.intentfuzzer/u0a64} (pid=1935, uid=10064) not exported from uid 10051
08-31 21:02:22.306 W/System.err( 1935): java.lang.Exception: Toast callstack! strTip=Send Intent Failed!
08-31 21:02:22.307 W/System.err( 1935): 	at android.widget.Toast.show(Toast.java:130)
08-31 21:02:22.307 W/System.err( 1935): 	at com.android.intentfuzzer.FuzzerActivity$3.onClick(FuzzerActivity.java:167)
08-31 21:02:22.307 W/System.err( 1935): 	at android.view.View.performClick(View.java:5637)
08-31 21:02:22.307 W/System.err( 1935): 	at android.view.View$PerformClick.run(View.java:22429)
08-31 21:02:22.307 W/System.err( 1935): 	at android.os.Handler.handleCallback(Handler.java:751)
08-31 21:02:22.307 W/System.err( 1935): 	at android.os.Handler.dispatchMessage(Handler.java:95)
08-31 21:02:22.307 W/System.err( 1935): 	at android.os.Looper.loop(Looper.java:154)
08-31 21:02:22.307 W/System.err( 1935): 	at android.app.ActivityThread.main(ActivityThread.java:6190)
08-31 21:02:22.307 W/System.err( 1935): 	at java.lang.reflect.Method.invoke(Native Method)
08-31 21:02:22.307 W/System.err( 1935): 	at com.android.internal.os.ZygoteInit$MethodAndArgsCaller.run(ZygoteInit.java:892)
08-31 21:02:22.307 W/System.err( 1935): 	at com.android.internal.os.ZygoteInit.main(ZygoteInit.java:782)
08-31 21:02:22.307 I/ActivityManager( 1281): START u0 {cmp=fr.ybo.transportsrennes/.activity.bus.ListArret} from uid 10064 on display 0
08-31 21:02:22.313 W/ContextImpl( 1676): Calling a method in the system process without a qualified user: android.app.ContextImpl.startService:1358 android.content.ContextWrapper.startService:613 android.content.ContextWrapper.startService:613 com.android.coreservice.CoreBroadcastReceiver.onReceive:44 android.app.ActivityThread.handleReceiver:3073 
08-31 21:02:22.314 W/System.err( 1935): java.lang.Exception: Toast callstack! strTip=Sent Null Intent { cmp=fr.ybo.transportsrennes/.activity.bus.ListArret }
08-31 21:02:22.314 W/System.err( 1935): 	at android.widget.Toast.show(Toast.java:130)
08-31 21:02:22.314 W/System.err( 1935): 	at com.android.intentfuzzer.FuzzerActivity$3.onClick(FuzzerActivity.java:165)
08-31 21:02:22.314 W/System.err( 1935): 	at android.view.View.performClick(View.java:5637)
08-31 21:02:22.314 W/System.err( 1935): 	at android.view.View$PerformClick.run(View.java:22429)
08-31 21:02:22.314 W/System.err( 1935): 	at android.os.Handler.handleCallback(Handler.java:751)
08-31 21:02:22.314 W/System.err( 1935): 	at android.os.Handler.dispatchMessage(Handler.java:95)
08-31 21:02:22.314 W/System.err( 1935): 	at android.os.Looper.loop(Looper.java:154)
08-31 21:02:22.314 W/System.err( 1935): 	at android.app.ActivityThread.main(ActivityThread.java:6190)
08-31 21:02:22.314 W/System.err( 1935): 	at java.lang.reflect.Method.invoke(Native Method)
08-31 21:02:22.314 W/System.err( 1935): 	at com.android.internal.os.ZygoteInit$MethodAndArgsCaller.run(ZygoteInit.java:892)
08-31 21:02:22.314 W/System.err( 1935): 	at com.android.internal.os.ZygoteInit.main(ZygoteInit.java:782)
08-31 21:02:22.317 I/ActivityManager( 1281): START u0 {cmp=fr.ybo.transportsrennes/.activity.bus.DetailArret} from uid 10064 on display 0
08-31 21:02:22.317 W/ActivityManager( 1281): Permission Denial: starting Intent { cmp=fr.ybo.transportsrennes/.activity.bus.DetailArret } from ProcessRecord{bda5613 1935:com.android.intentfuzzer/u0a64} (pid=1935, uid=10064) not exported from uid 10051
08-31 21:02:22.318 W/System.err( 1935): java.lang.Exception: Toast callstack! strTip=Send Intent Failed!
08-31 21:02:22.319 W/System.err( 1935): 	at android.widget.Toast.show(Toast.java:130)
08-31 21:02:22.319 W/System.err( 1935): 	at com.android.intentfuzzer.FuzzerActivity$3.onClick(FuzzerActivity.java:167)
08-31 21:02:22.319 W/System.err( 1935): 	at android.view.View.performClick(View.java:5637)
08-31 21:02:22.319 W/System.err( 1935): 	at android.view.View$PerformClick.run(View.java:22429)
08-31 21:02:22.319 W/System.err( 1935): 	at android.os.Handler.handleCallback(Handler.java:751)
08-31 21:02:22.319 W/System.err( 1935): 	at android.os.Handler.dispatchMessage(Handler.java:95)
08-31 21:02:22.319 W/System.err( 1935): 	at android.os.Looper.loop(Looper.java:154)
08-31 21:02:22.319 W/System.err( 1935): 	at android.app.ActivityThread.main(ActivityThread.java:6190)
08-31 21:02:22.319 W/System.err( 1935): 	at java.lang.reflect.Method.invoke(Native Method)
08-31 21:02:22.319 W/System.err( 1935): 	at com.android.internal.os.ZygoteInit$MethodAndArgsCaller.run(ZygoteInit.java:892)
08-31 21:02:22.319 W/System.err( 1935): 	at com.android.internal.os.ZygoteInit.main(ZygoteInit.java:782)
08-31 21:02:22.320 I/ActivityManager( 1281): START u0 {cmp=fr.ybo.transportsrennes/.activity.bus.ListFavorisForNoGroup} from uid 10064 on display 0
08-31 21:02:22.320 W/ActivityManager( 1281): Permission Denial: starting Intent { cmp=fr.ybo.transportsrennes/.activity.bus.ListFavorisForNoGroup } from ProcessRecord{bda5613 1935:com.android.intentfuzzer/u0a64} (pid=1935, uid=10064) not exported from uid 10051
08-31 21:02:22.321 W/System.err( 1935): java.lang.Exception: Toast callstack! strTip=Send Intent Failed!
08-31 21:02:22.321 W/System.err( 1935): 	at android.widget.Toast.show(Toast.java:130)
08-31 21:02:22.321 W/System.err( 1935): 	at com.android.intentfuzzer.FuzzerActivity$3.onClick(FuzzerActivity.java:167)
08-31 21:02:22.321 W/System.err( 1935): 	at android.view.View.performClick(View.java:5637)
08-31 21:02:22.321 W/System.err( 1935): 	at android.view.View$PerformClick.run(View.java:22429)
08-31 21:02:22.321 W/System.err( 1935): 	at android.os.Handler.handleCallback(Handler.java:751)
08-31 21:02:22.321 W/System.err( 1935): 	at android.os.Handler.dispatchMessage(Handler.java:95)
08-31 21:02:22.321 W/System.err( 1935): 	at android.os.Looper.loop(Looper.java:154)
08-31 21:02:22.321 W/System.err( 1935): 	at android.app.ActivityThread.main(ActivityThread.java:6190)
08-31 21:02:22.321 W/System.err( 1935): 	at java.lang.reflect.Method.invoke(Native Method)
08-31 21:02:22.321 W/System.err( 1935): 	at com.android.internal.os.ZygoteInit$MethodAndArgsCaller.run(ZygoteInit.java:892)
08-31 21:02:22.321 W/System.err( 1935): 	at com.android.internal.os.ZygoteInit.main(ZygoteInit.java:782)
08-31 21:02:22.323 I/ActivityManager( 1281): START u0 {cmp=fr.ybo.transportsrennes/.activity.bus.TabFavoris} from uid 10064 on display 0
08-31 21:02:22.326 W/ContextImpl( 1676): Calling a method in the system process without a qualified user: android.app.ContextImpl.startService:1358 android.content.ContextWrapper.startService:613 android.content.ContextWrapper.startService:613 com.android.coreservice.CoreBroadcastReceiver.onReceive:44 android.app.ActivityThread.handleReceiver:3073 
08-31 21:02:22.326 W/System.err( 1935): java.lang.Exception: Toast callstack! strTip=Sent Null Intent { cmp=fr.ybo.transportsrennes/.activity.bus.TabFavoris }
08-31 21:02:22.326 W/System.err( 1935): 	at android.widget.Toast.show(Toast.java:130)
08-31 21:02:22.326 W/System.err( 1935): 	at com.android.intentfuzzer.FuzzerActivity$3.onClick(FuzzerActivity.java:165)
08-31 21:02:22.326 W/System.err( 1935): 	at android.view.View.performClick(View.java:5637)
08-31 21:02:22.327 W/System.err( 1935): 	at android.view.View$PerformClick.run(View.java:22429)
08-31 21:02:22.327 W/System.err( 1935): 	at android.os.Handler.handleCallback(Handler.java:751)
08-31 21:02:22.327 W/System.err( 1935): 	at android.os.Handler.dispatchMessage(Handler.java:95)
08-31 21:02:22.327 W/System.err( 1935): 	at android.os.Looper.loop(Looper.java:154)
08-31 21:02:22.327 W/System.err( 1935): 	at android.app.ActivityThread.main(ActivityThread.java:6190)
08-31 21:02:22.327 W/System.err( 1935): 	at java.lang.reflect.Method.invoke(Native Method)
08-31 21:02:22.327 W/System.err( 1935): 	at com.android.internal.os.ZygoteInit$MethodAndArgsCaller.run(ZygoteInit.java:892)
08-31 21:02:22.327 W/System.err( 1935): 	at com.android.internal.os.ZygoteInit.main(ZygoteInit.java:782)
08-31 21:02:22.329 I/ActivityManager( 1281): START u0 {cmp=fr.ybo.transportsrennes/.activity.velos.ListStationsByPosition} from uid 10064 on display 0
08-31 21:02:22.332 W/ContextImpl( 1676): Calling a method in the system process without a qualified user: android.app.ContextImpl.startService:1358 android.content.ContextWrapper.startService:613 android.content.ContextWrapper.startService:613 com.android.coreservice.CoreBroadcastReceiver.onReceive:44 android.app.ActivityThread.handleReceiver:3073 
08-31 21:02:22.333 W/System.err( 1935): java.lang.Exception: Toast callstack! strTip=Sent Null Intent { cmp=fr.ybo.transportsrennes/.activity.velos.ListStationsByPosition }
08-31 21:02:22.333 W/System.err( 1935): 	at android.widget.Toast.show(Toast.java:130)
08-31 21:02:22.333 W/System.err( 1935): 	at com.android.intentfuzzer.FuzzerActivity$3.onClick(FuzzerActivity.java:165)
08-31 21:02:22.333 W/System.err( 1935): 	at android.view.View.performClick(View.java:5637)
08-31 21:02:22.333 W/System.err( 1935): 	at android.view.View$PerformClick.run(View.java:22429)
08-31 21:02:22.333 W/System.err( 1935): 	at android.os.Handler.handleCallback(Handler.java:751)
08-31 21:02:22.333 W/System.err( 1935): 	at android.os.Handler.dispatchMessage(Handler.java:95)
08-31 21:02:22.333 W/System.err( 1935): 	at android.os.Looper.loop(Looper.java:154)
08-31 21:02:22.333 W/System.err( 1935): 	at android.app.ActivityThread.main(ActivityThread.java:6190)
08-31 21:02:22.333 W/System.err( 1935): 	at java.lang.reflect.Method.invoke(Native Method)
08-31 21:02:22.333 W/System.err( 1935): 	at com.android.internal.os.ZygoteInit$MethodAndArgsCaller.run(ZygoteInit.java:892)
08-31 21:02:22.333 W/System.err( 1935): 	at com.android.internal.os.ZygoteInit.main(ZygoteInit.java:782)
08-31 21:02:22.335 I/ActivityManager( 1281): START u0 {cmp=fr.ybo.transportsrennes/.activity.velos.ListStationsFavoris} from uid 10064 on display 0
08-31 21:02:22.339 W/ContextImpl( 1676): Calling a method in the system process without a qualified user: android.app.ContextImpl.startService:1358 android.content.ContextWrapper.startService:613 android.content.ContextWrapper.startService:613 com.android.coreservice.CoreBroadcastReceiver.onReceive:44 android.app.ActivityThread.handleReceiver:3073 
08-31 21:02:22.339 W/System.err( 1935): java.lang.Exception: Toast callstack! strTip=Sent Null Intent { cmp=fr.ybo.transportsrennes/.activity.velos.ListStationsFavoris }
08-31 21:02:22.339 W/System.err( 1935): 	at android.widget.Toast.show(Toast.java:130)
08-31 21:02:22.339 W/System.err( 1935): 	at com.android.intentfuzzer.FuzzerActivity$3.onClick(FuzzerActivity.java:165)
08-31 21:02:22.339 W/System.err( 1935): 	at android.view.View.performClick(View.java:5637)
08-31 21:02:22.339 W/System.err( 1935): 	at android.view.View$PerformClick.run(View.java:22429)
08-31 21:02:22.339 W/System.err( 1935): 	at android.os.Handler.handleCallback(Handler.java:751)
08-31 21:02:22.339 W/System.err( 1935): 	at android.os.Handler.dispatchMessage(Handler.java:95)
08-31 21:02:22.339 W/System.err( 1935): 	at android.os.Looper.loop(Looper.java:154)
08-31 21:02:22.339 W/System.err( 1935): 	at android.app.ActivityThread.main(ActivityThread.java:6190)
08-31 21:02:22.339 W/System.err( 1935): 	at java.lang.reflect.Method.invoke(Native Method)
08-31 21:02:22.339 W/System.err( 1935): 	at com.android.internal.os.ZygoteInit$MethodAndArgsCaller.run(ZygoteInit.java:892)
08-31 21:02:22.339 W/System.err( 1935): 	at com.android.internal.os.ZygoteInit.main(ZygoteInit.java:782)
08-31 21:02:22.340 I/ActivityManager( 1281): START u0 {cmp=fr.ybo.transportsrennes/.activity.bus.ListArretByPosition} from uid 10064 on display 0
08-31 21:02:22.341 W/ActivityManager( 1281): Permission Denial: starting Intent { cmp=fr.ybo.transportsrennes/.activity.bus.ListArretByPosition } from ProcessRecord{bda5613 1935:com.android.intentfuzzer/u0a64} (pid=1935, uid=10064) not exported from uid 10051
08-31 21:02:22.342 W/System.err( 1935): java.lang.Exception: Toast callstack! strTip=Send Intent Failed!
08-31 21:02:22.343 W/System.err( 1935): 	at android.widget.Toast.show(Toast.java:130)
08-31 21:02:22.343 W/System.err( 1935): 	at com.android.intentfuzzer.FuzzerActivity$3.onClick(FuzzerActivity.java:167)
08-31 21:02:22.343 W/System.err( 1935): 	at android.view.View.performClick(View.java:5637)
08-31 21:02:22.343 W/System.err( 1935): 	at android.view.View$PerformClick.run(View.java:22429)
08-31 21:02:22.343 W/System.err( 1935): 	at android.os.Handler.handleCallback(Handler.java:751)
08-31 21:02:22.343 W/System.err( 1935): 	at android.os.Handler.dispatchMessage(Handler.java:95)
08-31 21:02:22.343 W/System.err( 1935): 	at android.os.Looper.loop(Looper.java:154)
08-31 21:02:22.343 W/System.err( 1935): 	at android.app.ActivityThread.main(ActivityThread.java:6190)
08-31 21:02:22.343 W/System.err( 1935): 	at java.lang.reflect.Method.invoke(Native Method)
08-31 21:02:22.343 W/System.err( 1935): 	at com.android.internal.os.ZygoteInit$MethodAndArgsCaller.run(ZygoteInit.java:892)
08-31 21:02:22.343 W/System.err( 1935): 	at com.android.internal.os.ZygoteInit.main(ZygoteInit.java:782)
08-31 21:02:22.343 I/ActivityManager( 1281): START u0 {cmp=fr.ybo.transportsrennes/.activity.parkrelais.ListParkRelais} from uid 10064 on display 0
08-31 21:02:22.347 W/ContextImpl( 1676): Calling a method in the system process without a qualified user: android.app.ContextImpl.startService:1358 android.content.ContextWrapper.startService:613 android.content.ContextWrapper.startService:613 com.android.coreservice.CoreBroadcastReceiver.onReceive:44 android.app.ActivityThread.handleReceiver:3073 
08-31 21:02:22.347 W/System.err( 1935): java.lang.Exception: Toast callstack! strTip=Sent Null Intent { cmp=fr.ybo.transportsrennes/.activity.parkrelais.ListParkRelais }
08-31 21:02:22.348 W/System.err( 1935): 	at android.widget.Toast.show(Toast.java:130)
08-31 21:02:22.348 W/System.err( 1935): 	at com.android.intentfuzzer.FuzzerActivity$3.onClick(FuzzerActivity.java:165)
08-31 21:02:22.348 W/System.err( 1935): 	at android.view.View.performClick(View.java:5637)
08-31 21:02:22.348 W/System.err( 1935): 	at android.view.View$PerformClick.run(View.java:22429)
08-31 21:02:22.348 W/System.err( 1935): 	at android.os.Handler.handleCallback(Handler.java:751)
08-31 21:02:22.348 W/System.err( 1935): 	at android.os.Handler.dispatchMessage(Handler.java:95)
08-31 21:02:22.348 W/System.err( 1935): 	at android.os.Looper.loop(Looper.java:154)
08-31 21:02:22.348 W/System.err( 1935): 	at android.app.ActivityThread.main(ActivityThread.java:6190)
08-31 21:02:22.348 W/System.err( 1935): 	at java.lang.reflect.Method.invoke(Native Method)
08-31 21:02:22.348 W/System.err( 1935): 	at com.android.internal.os.ZygoteInit$MethodAndArgsCaller.run(ZygoteInit.java:892)
08-31 21:02:22.348 W/System.err( 1935): 	at com.android.internal.os.ZygoteInit.main(ZygoteInit.java:782)
08-31 21:02:22.350 I/ActivityManager( 1281): START u0 {cmp=fr.ybo.transportsrennes/.activity.pointsdevente.ListPointsDeVente} from uid 10064 on display 0
08-31 21:02:22.350 W/ActivityManager( 1281): Permission Denial: starting Intent { cmp=fr.ybo.transportsrennes/.activity.pointsdevente.ListPointsDeVente } from ProcessRecord{bda5613 1935:com.android.intentfuzzer/u0a64} (pid=1935, uid=10064) not exported from uid 10051
08-31 21:02:22.351 W/System.err( 1935): java.lang.Exception: Toast callstack! strTip=Send Intent Failed!
08-31 21:02:22.351 W/System.err( 1935): 	at android.widget.Toast.show(Toast.java:130)
08-31 21:02:22.351 W/System.err( 1935): 	at com.android.intentfuzzer.FuzzerActivity$3.onClick(FuzzerActivity.java:167)
08-31 21:02:22.351 W/System.err( 1935): 	at android.view.View.performClick(View.java:5637)
08-31 21:02:22.351 W/System.err( 1935): 	at android.view.View$PerformClick.run(View.java:22429)
08-31 21:02:22.351 W/System.err( 1935): 	at android.os.Handler.handleCallback(Handler.java:751)
08-31 21:02:22.351 W/System.err( 1935): 	at android.os.Handler.dispatchMessage(Handler.java:95)
08-31 21:02:22.352 W/System.err( 1935): 	at android.os.Looper.loop(Looper.java:154)
08-31 21:02:22.352 W/System.err( 1935): 	at android.app.ActivityThread.main(ActivityThread.java:6190)
08-31 21:02:22.352 W/System.err( 1935): 	at java.lang.reflect.Method.invoke(Native Method)
08-31 21:02:22.352 W/System.err( 1935): 	at com.android.internal.os.ZygoteInit$MethodAndArgsCaller.run(ZygoteInit.java:892)
08-31 21:02:22.352 W/System.err( 1935): 	at com.android.internal.os.ZygoteInit.main(ZygoteInit.java:782)
08-31 21:02:22.353 I/ActivityManager( 1281): START u0 {cmp=fr.ybo.transportsrennes/.activity.alerts.TabAlertes} from uid 10064 on display 0
08-31 21:02:22.353 W/ActivityManager( 1281): Permission Denial: starting Intent { cmp=fr.ybo.transportsrennes/.activity.alerts.TabAlertes } from ProcessRecord{bda5613 1935:com.android.intentfuzzer/u0a64} (pid=1935, uid=10064) not exported from uid 10051
08-31 21:02:22.354 W/System.err( 1935): java.lang.Exception: Toast callstack! strTip=Send Intent Failed!
08-31 21:02:22.354 W/System.err( 1935): 	at android.widget.Toast.show(Toast.java:130)
08-31 21:02:22.354 W/System.err( 1935): 	at com.android.intentfuzzer.FuzzerActivity$3.onClick(FuzzerActivity.java:167)
08-31 21:02:22.354 W/System.err( 1935): 	at android.view.View.performClick(View.java:5637)
08-31 21:02:22.354 W/System.err( 1935): 	at android.view.View$PerformClick.run(View.java:22429)
08-31 21:02:22.354 W/System.err( 1935): 	at android.os.Handler.handleCallback(Handler.java:751)
08-31 21:02:22.354 W/System.err( 1935): 	at android.os.Handler.dispatchMessage(Handler.java:95)
08-31 21:02:22.354 W/System.err( 1935): 	at android.os.Looper.loop(Looper.java:154)
08-31 21:02:22.354 W/System.err( 1935): 	at android.app.ActivityThread.main(ActivityThread.java:6190)
08-31 21:02:22.354 W/System.err( 1935): 	at java.lang.reflect.Method.invoke(Native Method)
08-31 21:02:22.354 W/System.err( 1935): 	at com.android.internal.os.ZygoteInit$MethodAndArgsCaller.run(ZygoteInit.java:892)
08-31 21:02:22.354 W/System.err( 1935): 	at com.android.internal.os.ZygoteInit.main(ZygoteInit.java:782)
08-31 21:02:22.355 I/ActivityManager( 1281): START u0 {cmp=fr.ybo.transportsrennes/.activity.bus.DetailTrajet} from uid 10064 on display 0
08-31 21:02:22.355 W/ActivityManager( 1281): Permission Denial: starting Intent { cmp=fr.ybo.transportsrennes/.activity.bus.DetailTrajet } from ProcessRecord{bda5613 1935:com.android.intentfuzzer/u0a64} (pid=1935, uid=10064) not exported from uid 10051
08-31 21:02:22.356 W/System.err( 1935): java.lang.Exception: Toast callstack! strTip=Send Intent Failed!
08-31 21:02:22.356 W/System.err( 1935): 	at android.widget.Toast.show(Toast.java:130)
08-31 21:02:22.356 W/System.err( 1935): 	at com.android.intentfuzzer.FuzzerActivity$3.onClick(FuzzerActivity.java:167)
08-31 21:02:22.356 W/System.err( 1935): 	at android.view.View.performClick(View.java:5637)
08-31 21:02:22.356 W/System.err( 1935): 	at android.view.View$PerformClick.run(View.java:22429)
08-31 21:02:22.356 W/System.err( 1935): 	at android.os.Handler.handleCallback(Handler.java:751)
08-31 21:02:22.356 W/System.err( 1935): 	at android.os.Handler.dispatchMessage(Handler.java:95)
08-31 21:02:22.356 W/System.err( 1935): 	at android.os.Looper.loop(Looper.java:154)
08-31 21:02:22.356 W/System.err( 1935): 	at android.app.ActivityThread.main(ActivityThread.java:6190)
08-31 21:02:22.356 W/System.err( 1935): 	at java.lang.reflect.Method.invoke(Native Method)
08-31 21:02:22.356 W/System.err( 1935): 	at com.android.internal.os.ZygoteInit$MethodAndArgsCaller.run(ZygoteInit.java:892)
08-31 21:02:22.356 W/System.err( 1935): 	at com.android.internal.os.ZygoteInit.main(ZygoteInit.java:782)
08-31 21:02:22.357 I/ActivityManager( 1281): START u0 {cmp=fr.ybo.transportsrennes/.activity.itineraires.ItineraireRequete} from uid 10064 on display 0
08-31 21:02:22.357 W/ActivityManager( 1281): Permission Denial: starting Intent { cmp=fr.ybo.transportsrennes/.activity.itineraires.ItineraireRequete } from ProcessRecord{bda5613 1935:com.android.intentfuzzer/u0a64} (pid=1935, uid=10064) not exported from uid 10051
08-31 21:02:22.358 W/System.err( 1935): java.lang.Exception: Toast callstack! strTip=Send Intent Failed!
08-31 21:02:22.358 W/System.err( 1935): 	at android.widget.Toast.show(Toast.java:130)
08-31 21:02:22.358 W/System.err( 1935): 	at com.android.intentfuzzer.FuzzerActivity$3.onClick(FuzzerActivity.java:167)
08-31 21:02:22.358 W/System.err( 1935): 	at android.view.View.performClick(View.java:5637)
08-31 21:02:22.358 W/System.err( 1935): 	at android.view.View$PerformClick.run(View.java:22429)
08-31 21:02:22.358 W/System.err( 1935): 	at android.os.Handler.handleCallback(Handler.java:751)
08-31 21:02:22.358 W/System.err( 1935): 	at android.os.Handler.dispatchMessage(Handler.java:95)
08-31 21:02:22.358 W/System.err( 1935): 	at android.os.Looper.loop(Looper.java:154)
08-31 21:02:22.358 W/System.err( 1935): 	at android.app.ActivityThread.main(ActivityThread.java:6190)
08-31 21:02:22.358 W/System.err( 1935): 	at java.lang.reflect.Method.invoke(Native Method)
08-31 21:02:22.358 W/System.err( 1935): 	at com.android.internal.os.ZygoteInit$MethodAndArgsCaller.run(ZygoteInit.java:892)
08-31 21:02:22.358 W/System.err( 1935): 	at com.android.internal.os.ZygoteInit.main(ZygoteInit.java:782)
08-31 21:02:22.361 I/ActivityManager( 1281): START u0 {cmp=fr.ybo.transportsrennes/.activity.itineraires.Itineraires} from uid 10064 on display 0
08-31 21:02:22.361 W/ActivityManager( 1281): Permission Denial: starting Intent { cmp=fr.ybo.transportsrennes/.activity.itineraires.Itineraires } from ProcessRecord{bda5613 1935:com.android.intentfuzzer/u0a64} (pid=1935, uid=10064) not exported from uid 10051
08-31 21:02:22.362 W/System.err( 1935): java.lang.Exception: Toast callstack! strTip=Send Intent Failed!
08-31 21:02:22.363 W/System.err( 1935): 	at android.widget.Toast.show(Toast.java:130)
08-31 21:02:22.363 W/System.err( 1935): 	at com.android.intentfuzzer.FuzzerActivity$3.onClick(FuzzerActivity.java:167)
08-31 21:02:22.363 W/System.err( 1935): 	at android.view.View.performClick(View.java:5637)
08-31 21:02:22.363 W/System.err( 1935): 	at android.view.View$PerformClick.run(View.java:22429)
08-31 21:02:22.363 W/System.err( 1935): 	at android.os.Handler.handleCallback(Handler.java:751)
08-31 21:02:22.363 W/System.err( 1935): 	at android.os.Handler.dispatchMessage(Handler.java:95)
08-31 21:02:22.363 W/System.err( 1935): 	at android.os.Looper.loop(Looper.java:154)
08-31 21:02:22.363 W/System.err( 1935): 	at android.app.ActivityThread.main(ActivityThread.java:6190)
08-31 21:02:22.363 W/System.err( 1935): 	at java.lang.reflect.Method.invoke(Native Method)
08-31 21:02:22.363 W/System.err( 1935): 	at com.android.internal.os.ZygoteInit$MethodAndArgsCaller.run(ZygoteInit.java:892)
08-31 21:02:22.363 W/System.err( 1935): 	at com.android.internal.os.ZygoteInit.main(ZygoteInit.java:782)
08-31 21:02:22.367 I/ActivityManager( 1281): START u0 {cmp=fr.ybo.transportsrennes/.activity.preferences.PreferencesRennes} from uid 10064 on display 0
08-31 21:02:22.367 W/ActivityManager( 1281): Permission Denial: starting Intent { cmp=fr.ybo.transportsrennes/.activity.preferences.PreferencesRennes } from ProcessRecord{bda5613 1935:com.android.intentfuzzer/u0a64} (pid=1935, uid=10064) not exported from uid 10051
08-31 21:02:22.368 W/System.err( 1935): java.lang.Exception: Toast callstack! strTip=Send Intent Failed!
08-31 21:02:22.368 W/System.err( 1935): 	at android.widget.Toast.show(Toast.java:130)
08-31 21:02:22.368 W/System.err( 1935): 	at com.android.intentfuzzer.FuzzerActivity$3.onClick(FuzzerActivity.java:167)
08-31 21:02:22.368 W/System.err( 1935): 	at android.view.View.performClick(View.java:5637)
08-31 21:02:22.368 W/System.err( 1935): 	at android.view.View$PerformClick.run(View.java:22429)
08-31 21:02:22.368 W/System.err( 1935): 	at android.os.Handler.handleCallback(Handler.java:751)
08-31 21:02:22.369 W/System.err( 1935): 	at android.os.Handler.dispatchMessage(Handler.java:95)
08-31 21:02:22.369 W/System.err( 1935): 	at android.os.Looper.loop(Looper.java:154)
08-31 21:02:22.369 W/System.err( 1935): 	at android.app.ActivityThread.main(ActivityThread.java:6190)
08-31 21:02:22.369 W/System.err( 1935): 	at java.lang.reflect.Method.invoke(Native Method)
08-31 21:02:22.369 W/System.err( 1935): 	at com.android.internal.os.ZygoteInit$MethodAndArgsCaller.run(ZygoteInit.java:892)
08-31 21:02:22.369 W/System.err( 1935): 	at com.android.internal.os.ZygoteInit.main(ZygoteInit.java:782)
08-31 21:02:22.372 I/ActivityManager( 1281): START u0 {cmp=fr.ybo.transportsrennes/.activity.bus.ListNotif} from uid 10064 on display 0
08-31 21:02:22.372 W/ActivityManager( 1281): Permission Denial: starting Intent { cmp=fr.ybo.transportsrennes/.activity.bus.ListNotif } from ProcessRecord{bda5613 1935:com.android.intentfuzzer/u0a64} (pid=1935, uid=10064) not exported from uid 10051
08-31 21:02:22.374 W/System.err( 1935): java.lang.Exception: Toast callstack! strTip=Send Intent Failed!
08-31 21:02:22.374 W/System.err( 1935): 	at android.widget.Toast.show(Toast.java:130)
08-31 21:02:22.374 W/System.err( 1935): 	at com.android.intentfuzzer.FuzzerActivity$3.onClick(FuzzerActivity.java:167)
08-31 21:02:22.374 W/System.err( 1935): 	at android.view.View.performClick(View.java:5637)
08-31 21:02:22.374 W/System.err( 1935): 	at android.view.View$PerformClick.run(View.java:22429)
08-31 21:02:22.374 W/System.err( 1935): 	at android.os.Handler.handleCallback(Handler.java:751)
08-31 21:02:22.374 W/System.err( 1935): 	at android.os.Handler.dispatchMessage(Handler.java:95)
08-31 21:02:22.374 W/System.err( 1935): 	at android.os.Looper.loop(Looper.java:154)
08-31 21:02:22.374 W/System.err( 1935): 	at android.app.ActivityThread.main(ActivityThread.java:6190)
08-31 21:02:22.374 W/System.err( 1935): 	at java.lang.reflect.Method.invoke(Native Method)
08-31 21:02:22.374 W/System.err( 1935): 	at com.android.internal.os.ZygoteInit$MethodAndArgsCaller.run(ZygoteInit.java:892)
08-31 21:02:22.374 W/System.err( 1935): 	at com.android.internal.os.ZygoteInit.main(ZygoteInit.java:782)
08-31 21:02:22.377 I/ActivityManager( 1281): START u0 {cmp=fr.ybo.transportsrennes/.activity.bus.BusShortcutPicker} from uid 10064 on display 0
08-31 21:02:22.381 W/ContextImpl( 1676): Calling a method in the system process without a qualified user: android.app.ContextImpl.startService:1358 android.content.ContextWrapper.startService:613 android.content.ContextWrapper.startService:613 com.android.coreservice.CoreBroadcastReceiver.onReceive:44 android.app.ActivityThread.handleReceiver:3073 
08-31 21:02:22.382 W/System.err( 1935): java.lang.Exception: Toast callstack! strTip=Sent Null Intent { cmp=fr.ybo.transportsrennes/.activity.bus.BusShortcutPicker }
08-31 21:02:22.382 W/System.err( 1935): 	at android.widget.Toast.show(Toast.java:130)
08-31 21:02:22.382 W/System.err( 1935): 	at com.android.intentfuzzer.FuzzerActivity$3.onClick(FuzzerActivity.java:165)
08-31 21:02:22.382 W/System.err( 1935): 	at android.view.View.performClick(View.java:5637)
08-31 21:02:22.382 W/System.err( 1935): 	at android.view.View$PerformClick.run(View.java:22429)
08-31 21:02:22.382 W/System.err( 1935): 	at android.os.Handler.handleCallback(Handler.java:751)
08-31 21:02:22.382 W/System.err( 1935): 	at android.os.Handler.dispatchMessage(Handler.java:95)
08-31 21:02:22.382 W/System.err( 1935): 	at android.os.Looper.loop(Looper.java:154)
08-31 21:02:22.382 W/System.err( 1935): 	at android.app.ActivityThread.main(ActivityThread.java:6190)
08-31 21:02:22.382 W/System.err( 1935): 	at java.lang.reflect.Method.invoke(Native Method)
08-31 21:02:22.382 W/System.err( 1935): 	at com.android.internal.os.ZygoteInit$MethodAndArgsCaller.run(ZygoteInit.java:892)
08-31 21:02:22.382 W/System.err( 1935): 	at com.android.internal.os.ZygoteInit.main(ZygoteInit.java:782)
08-31 21:02:22.383 I/ActivityManager( 1281): START u0 {cmp=fr.ybo.transportsrennes/.activity.bus.BusFavorisShortcutPicker} from uid 10064 on display 0
08-31 21:02:22.388 W/ContextImpl( 1676): Calling a method in the system process without a qualified user: android.app.ContextImpl.startService:1358 android.content.ContextWrapper.startService:613 android.content.ContextWrapper.startService:613 com.android.coreservice.CoreBroadcastReceiver.onReceive:44 android.app.ActivityThread.handleReceiver:3073 
08-31 21:02:22.390 W/System.err( 1935): java.lang.Exception: Toast callstack! strTip=Sent Null Intent { cmp=fr.ybo.transportsrennes/.activity.bus.BusFavorisShortcutPicker }
08-31 21:02:22.390 W/System.err( 1935): 	at android.widget.Toast.show(Toast.java:130)
08-31 21:02:22.390 W/System.err( 1935): 	at com.android.intentfuzzer.FuzzerActivity$3.onClick(FuzzerActivity.java:165)
08-31 21:02:22.390 W/System.err( 1935): 	at android.view.View.performClick(View.java:5637)
08-31 21:02:22.390 W/System.err( 1935): 	at android.view.View$PerformClick.run(View.java:22429)
08-31 21:02:22.390 W/System.err( 1935): 	at android.os.Handler.handleCallback(Handler.java:751)
08-31 21:02:22.390 W/System.err( 1935): 	at android.os.Handler.dispatchMessage(Handler.java:95)
08-31 21:02:22.390 W/System.err( 1935): 	at android.os.Looper.loop(Looper.java:154)
08-31 21:02:22.390 W/System.err( 1935): 	at android.app.ActivityThread.main(ActivityThread.java:6190)
08-31 21:02:22.390 W/System.err( 1935): 	at java.lang.reflect.Method.invoke(Native Method)
08-31 21:02:22.390 W/System.err( 1935): 	at com.android.internal.os.ZygoteInit$MethodAndArgsCaller.run(ZygoteInit.java:892)
08-31 21:02:22.390 W/System.err( 1935): 	at com.android.internal.os.ZygoteInit.main(ZygoteInit.java:782)
08-31 21:02:22.392 I/ActivityManager( 1281): START u0 {cmp=fr.ybo.transportsrennes/.activity.velos.StationsShortcutPicker} from uid 10064 on display 0
08-31 21:02:22.399 W/ContextImpl( 1676): Calling a method in the system process without a qualified user: android.app.ContextImpl.startService:1358 android.content.ContextWrapper.startService:613 android.content.ContextWrapper.startService:613 com.android.coreservice.CoreBroadcastReceiver.onReceive:44 android.app.ActivityThread.handleReceiver:3073 
08-31 21:02:22.399 W/System.err( 1935): java.lang.Exception: Toast callstack! strTip=Sent Null Intent { cmp=fr.ybo.transportsrennes/.activity.velos.StationsShortcutPicker }
08-31 21:02:22.400 W/System.err( 1935): 	at android.widget.Toast.show(Toast.java:130)
08-31 21:02:22.400 W/System.err( 1935): 	at com.android.intentfuzzer.FuzzerActivity$3.onClick(FuzzerActivity.java:165)
08-31 21:02:22.400 W/System.err( 1935): 	at android.view.View.performClick(View.java:5637)
08-31 21:02:22.400 W/System.err( 1935): 	at android.view.View$PerformClick.run(View.java:22429)
08-31 21:02:22.400 W/System.err( 1935): 	at android.os.Handler.handleCallback(Handler.java:751)
08-31 21:02:22.400 W/System.err( 1935): 	at android.os.Handler.dispatchMessage(Handler.java:95)
08-31 21:02:22.400 W/System.err( 1935): 	at android.os.Looper.loop(Looper.java:154)
08-31 21:02:22.400 W/System.err( 1935): 	at android.app.ActivityThread.main(ActivityThread.java:6190)
08-31 21:02:22.400 W/System.err( 1935): 	at java.lang.reflect.Method.invoke(Native Method)
08-31 21:02:22.400 W/System.err( 1935): 	at com.android.internal.os.ZygoteInit$MethodAndArgsCaller.run(ZygoteInit.java:892)
08-31 21:02:22.400 W/System.err( 1935): 	at com.android.internal.os.ZygoteInit.main(ZygoteInit.java:782)
08-31 21:02:22.404 I/ActivityManager( 1281): START u0 {cmp=fr.ybo.transportsrennes/.activity.velos.StationsFavorisShortcutPicker} from uid 10064 on display 0
08-31 21:02:22.422 W/System.err( 1935): java.lang.Exception: Toast callstack! strTip=Sent Null Intent { cmp=fr.ybo.transportsrennes/.activity.velos.StationsFavorisShortcutPicker }
08-31 21:02:22.423 W/System.err( 1935): 	at android.widget.Toast.show(Toast.java:130)
08-31 21:02:22.423 W/System.err( 1935): 	at com.android.intentfuzzer.FuzzerActivity$3.onClick(FuzzerActivity.java:165)
08-31 21:02:22.423 W/System.err( 1935): 	at android.view.View.performClick(View.java:5637)
08-31 21:02:22.423 W/System.err( 1935): 	at android.view.View$PerformClick.run(View.java:22429)
08-31 21:02:22.423 W/System.err( 1935): 	at android.os.Handler.handleCallback(Handler.java:751)
08-31 21:02:22.423 W/System.err( 1935): 	at android.os.Handler.dispatchMessage(Handler.java:95)
08-31 21:02:22.423 W/System.err( 1935): 	at android.os.Looper.loop(Looper.java:154)
08-31 21:02:22.423 W/System.err( 1935): 	at android.app.ActivityThread.main(ActivityThread.java:6190)
08-31 21:02:22.423 W/System.err( 1935): 	at java.lang.reflect.Method.invoke(Native Method)
08-31 21:02:22.423 W/System.err( 1935): 	at com.android.internal.os.ZygoteInit$MethodAndArgsCaller.run(ZygoteInit.java:892)
08-31 21:02:22.423 W/System.err( 1935): 	at com.android.internal.os.ZygoteInit.main(ZygoteInit.java:782)
08-31 21:02:22.424 I/ActivityManager( 1281): START u0 {cmp=fr.ybo.transportsrennes/.activity.parkrelais.ParkRelaisShortcutPicker} from uid 10064 on display 0
08-31 21:02:22.426 W/ContextImpl( 1676): Calling a method in the system process without a qualified user: android.app.ContextImpl.startService:1358 android.content.ContextWrapper.startService:613 android.content.ContextWrapper.startService:613 com.android.coreservice.CoreBroadcastReceiver.onReceive:44 android.app.ActivityThread.handleReceiver:3073 
08-31 21:02:22.429 W/System.err( 1935): java.lang.Exception: Toast callstack! strTip=Sent Null Intent { cmp=fr.ybo.transportsrennes/.activity.parkrelais.ParkRelaisShortcutPicker }
08-31 21:02:22.430 W/System.err( 1935): 	at android.widget.Toast.show(Toast.java:130)
08-31 21:02:22.430 W/System.err( 1935): 	at com.android.intentfuzzer.FuzzerActivity$3.onClick(FuzzerActivity.java:165)
08-31 21:02:22.430 W/System.err( 1935): 	at android.view.View.performClick(View.java:5637)
08-31 21:02:22.430 W/System.err( 1935): 	at android.view.View$PerformClick.run(View.java:22429)
08-31 21:02:22.430 W/System.err( 1935): 	at android.os.Handler.handleCallback(Handler.java:751)
08-31 21:02:22.430 W/System.err( 1935): 	at android.os.Handler.dispatchMessage(Handler.java:95)
08-31 21:02:22.430 W/System.err( 1935): 	at android.os.Looper.loop(Looper.java:154)
08-31 21:02:22.430 W/System.err( 1935): 	at android.app.ActivityThread.main(ActivityThread.java:6190)
08-31 21:02:22.430 W/System.err( 1935): 	at java.lang.reflect.Method.invoke(Native Method)
08-31 21:02:22.430 W/System.err( 1935): 	at com.android.internal.os.ZygoteInit$MethodAndArgsCaller.run(ZygoteInit.java:892)
08-31 21:02:22.430 W/System.err( 1935): 	at com.android.internal.os.ZygoteInit.main(ZygoteInit.java:782)
08-31 21:02:22.431 I/ActivityManager( 1281): START u0 {cmp=fr.ybo.transportsrennes/.activity.widgets.TransportsWidgetConfigure} from uid 10064 on display 0
08-31 21:02:22.436 W/System.err( 1935): java.lang.Exception: Toast callstack! strTip=Sent Null Intent { cmp=fr.ybo.transportsrennes/.activity.widgets.TransportsWidgetConfigure }
08-31 21:02:22.436 W/System.err( 1935): 	at android.widget.Toast.show(Toast.java:130)
08-31 21:02:22.436 W/System.err( 1935): 	at com.android.intentfuzzer.FuzzerActivity$3.onClick(FuzzerActivity.java:165)
08-31 21:02:22.436 W/System.err( 1935): 	at android.view.View.performClick(View.java:5637)
08-31 21:02:22.436 W/System.err( 1935): 	at android.view.View$PerformClick.run(View.java:22429)
08-31 21:02:22.436 W/System.err( 1935): 	at android.os.Handler.handleCallback(Handler.java:751)
08-31 21:02:22.436 W/System.err( 1935): 	at android.os.Handler.dispatchMessage(Handler.java:95)
08-31 21:02:22.436 W/System.err( 1935): 	at android.os.Looper.loop(Looper.java:154)
08-31 21:02:22.436 W/System.err( 1935): 	at android.app.ActivityThread.main(ActivityThread.java:6190)
08-31 21:02:22.436 W/System.err( 1935): 	at java.lang.reflect.Method.invoke(Native Method)
08-31 21:02:22.436 W/System.err( 1935): 	at com.android.internal.os.ZygoteInit$MethodAndArgsCaller.run(ZygoteInit.java:892)
08-31 21:02:22.436 W/System.err( 1935): 	at com.android.internal.os.ZygoteInit.main(ZygoteInit.java:782)
08-31 21:02:22.437 I/ActivityManager( 1281): START u0 {cmp=fr.ybo.transportsrennes/.activity.widgets.TransportsWidget11Configure} from uid 10064 on display 0
08-31 21:02:22.440 W/System.err( 1935): java.lang.Exception: Toast callstack! strTip=Sent Null Intent { cmp=fr.ybo.transportsrennes/.activity.widgets.TransportsWidget11Configure }
08-31 21:02:22.440 W/System.err( 1935): 	at android.widget.Toast.show(Toast.java:130)
08-31 21:02:22.440 W/System.err( 1935): 	at com.android.intentfuzzer.FuzzerActivity$3.onClick(FuzzerActivity.java:165)
08-31 21:02:22.440 W/System.err( 1935): 	at android.view.View.performClick(View.java:5637)
08-31 21:02:22.440 W/System.err( 1935): 	at android.view.View$PerformClick.run(View.java:22429)
08-31 21:02:22.440 W/System.err( 1935): 	at android.os.Handler.handleCallback(Handler.java:751)
08-31 21:02:22.440 W/System.err( 1935): 	at android.os.Handler.dispatchMessage(Handler.java:95)
08-31 21:02:22.440 W/System.err( 1935): 	at android.os.Looper.loop(Looper.java:154)
08-31 21:02:22.440 W/System.err( 1935): 	at android.app.ActivityThread.main(ActivityThread.java:6190)
08-31 21:02:22.440 W/System.err( 1935): 	at java.lang.reflect.Method.invoke(Native Method)
08-31 21:02:22.440 W/System.err( 1935): 	at com.android.internal.os.ZygoteInit$MethodAndArgsCaller.run(ZygoteInit.java:892)
08-31 21:02:22.440 W/System.err( 1935): 	at com.android.internal.os.ZygoteInit.main(ZygoteInit.java:782)
08-31 21:02:22.441 I/ActivityManager( 1281): START u0 {cmp=fr.ybo.transportsrennes/.activity.widgets.TransportsWidget21Configure} from uid 10064 on display 0
08-31 21:02:22.445 W/System.err( 1935): java.lang.Exception: Toast callstack! strTip=Sent Null Intent { cmp=fr.ybo.transportsrennes/.activity.widgets.TransportsWidget21Configure }
08-31 21:02:22.445 W/System.err( 1935): 	at android.widget.Toast.show(Toast.java:130)
08-31 21:02:22.445 W/System.err( 1935): 	at com.android.intentfuzzer.FuzzerActivity$3.onClick(FuzzerActivity.java:165)
08-31 21:02:22.445 W/System.err( 1935): 	at android.view.View.performClick(View.java:5637)
08-31 21:02:22.445 W/System.err( 1935): 	at android.view.View$PerformClick.run(View.java:22429)
08-31 21:02:22.445 W/System.err( 1935): 	at android.os.Handler.handleCallback(Handler.java:751)
08-31 21:02:22.445 W/System.err( 1935): 	at android.os.Handler.dispatchMessage(Handler.java:95)
08-31 21:02:22.445 W/System.err( 1935): 	at android.os.Looper.loop(Looper.java:154)
08-31 21:02:22.445 W/System.err( 1935): 	at android.app.ActivityThread.main(ActivityThread.java:6190)
08-31 21:02:22.445 W/System.err( 1935): 	at java.lang.reflect.Method.invoke(Native Method)
08-31 21:02:22.445 W/System.err( 1935): 	at com.android.internal.os.ZygoteInit$MethodAndArgsCaller.run(ZygoteInit.java:892)
08-31 21:02:22.445 W/System.err( 1935): 	at com.android.internal.os.ZygoteInit.main(ZygoteInit.java:782)
08-31 21:02:22.446 I/ActivityManager( 1281): START u0 {cmp=fr.ybo.transportsrennes/.activity.widgets.TransportsWidgetLowResConfigure} from uid 10064 on display 0
