08-31 21:04:20.587 E/AndroidRuntime( 2690): 	at java.io.ObjectInputStream.readClassDesc(ObjectInputStream.java:1518)
08-31 21:04:20.587 E/AndroidRuntime( 2690): 	at java.io.ObjectInputStream.readOrdinaryObject(ObjectInputStream.java:1772)
08-31 21:04:20.587 E/AndroidRuntime( 2690): 	at java.io.ObjectInputStream.readObject0(ObjectInputStream.java:1351)
08-31 21:04:20.587 E/AndroidRuntime( 2690): 	at java.io.ObjectInputStream.readObject(ObjectInputStream.java:373)
08-31 21:04:20.587 E/AndroidRuntime( 2690): 	at android.os.Parcel.readSerializable(Parcel.java:2624)
08-31 21:04:20.587 E/AndroidRuntime( 2690): 	... 17 more
08-31 21:04:20.587 E/AndroidRuntime( 2690): Caused by: java.lang.ClassNotFoundException: Didn't find class "com.android.intentfuzzer.util.SerializableTest" on path: DexPathList[[zip file "/data/app/fr.ybo.transportsrennes-1/base.apk"],nativeLibraryDirectories=[/data/app/fr.ybo.transportsrennes-1/lib/x86_64, /system/lib64, /vendor/lib64]]
08-31 21:04:20.587 E/AndroidRuntime( 2690): 	at dalvik.system.BaseDexClassLoader.findClass(BaseDexClassLoader.java:56)
08-31 21:04:20.587 E/AndroidRuntime( 2690): 	at java.lang.ClassLoader.loadClass(ClassLoader.java:380)
08-31 21:04:20.587 E/AndroidRuntime( 2690): 	at java.lang.ClassLoader.loadClass(ClassLoader.java:312)
08-31 21:04:20.587 E/AndroidRuntime( 2690): 	... 26 more
08-31 21:04:20.618 W/ActivityManager( 1281):   Force finishing activity fr.ybo.transportsrennes/.activity.widgets.TransportsWidgetLowResConfigure
08-31 21:04:20.623 D/EGL_adreno( 1935): eglMakeCurrent: 0x7fffeb454c20: ver 3 1 (tinfo 0x7fffeb40d8a0)
08-31 21:04:20.624 W/System.err( 1281): java.lang.Exception: show AlertDialog! title=Transports Rennes
08-31 21:04:20.624 W/System.err( 1281): 	at android.app.AlertDialog.show(AlertDialog.java:134)
08-31 21:04:20.624 W/System.err( 1281): 	at com.android.server.am.AppErrors.handleShowAppErrorUi(AppErrors.java:719)
08-31 21:04:20.624 W/System.err( 1281): 	at com.android.server.am.ActivityManagerService$UiHandler.handleMessage(ActivityManagerService.java:1637)
08-31 21:04:20.624 W/System.err( 1281): 	at android.os.Handler.dispatchMessage(Handler.java:102)
08-31 21:04:20.624 W/System.err( 1281): 	at android.os.Looper.loop(Looper.java:154)
08-31 21:04:20.624 W/System.err( 1281): 	at android.os.HandlerThread.run(HandlerThread.java:61)
08-31 21:04:20.624 W/System.err( 1281): 	at com.android.server.ServiceThread.run(ServiceThread.java:46)
08-31 21:04:20.695 I/HostConnection( 1281): HostConnection::HostConnection: pid=1281, tid=1989, this=0x7fffcdb9dd60
08-31 21:04:20.698 I/        ( 1281): fastpipe: Connect success
08-31 21:04:20.698 D/HostConnection( 1281): HostRPC::connect sucess: app=system_server, pid=1281, tid=1989, this=0x7fffcb5f2f00
08-31 21:04:20.699 D/HostConnection( 1281): queryAndSetGLESMaxVersion select gles-version: 3.1 hostGLVersion:46 process:system_server
08-31 21:04:20.702 I/OpenGLRenderer( 1281): Initialized EGL, version 1.4
08-31 21:04:20.702 D/OpenGLRenderer( 1281): Swap behavior 1
08-31 21:04:20.702 I/EGL_adreno( 1281): eglCreateContext request GLES major-version=2
08-31 21:04:20.723 D/EGL_adreno( 1281): eglCreateContext: 0x7fffccffacc0: maj 3 min 1 rcv 4
08-31 21:04:20.787 D/EGL_adreno( 1281): eglMakeCurrent: 0x7fffccffacc0: ver 3 1 (tinfo 0x7fffcdb14d40)
08-31 21:04:20.809 E/EGL_adreno( 1281): tid 1989: eglSurfaceAttrib(1338): error 0x3009 (EGL_BAD_MATCH)
08-31 21:04:20.809 W/OpenGLRenderer( 1281): Failed to set EGL_SWAP_BEHAVIOR on surface 0x7fffccf49880, error=EGL_BAD_MATCH
08-31 21:04:20.819 D/EGL_adreno( 1281): eglMakeCurrent: 0x7fffccffacc0: ver 3 1 (tinfo 0x7fffcdb14d40)
08-31 21:04:21.127 W/ActivityManager( 1281): Activity pause timeout for ActivityRecord{76ab2 u0 fr.ybo.transportsrennes/.activity.widgets.TransportsWidgetLowResConfigure t3 f}
08-31 21:04:21.174 W/ContextImpl( 1676): Calling a method in the system process without a qualified user: android.app.ContextImpl.startService:1358 android.content.ContextWrapper.startService:613 android.content.ContextWrapper.startService:613 com.android.coreservice.CoreBroadcastReceiver.onReceive:44 android.app.ActivityThread.handleReceiver:3073 
08-31 21:04:21.290 D/TaskPersister( 1281): getImageFromWriteQueue return null! filePath=/data/system_ce/0/recent_images/16_task_thumbnail.png
08-31 21:04:23.292 D/audio_hw_hal( 1087): log_func, out_standby
08-31 21:04:23.292 D/audio_hw_hal( 1087): raw_close_output_stream, dev=0xf6e480c0, stream =0xf6e43140
08-31 21:04:23.292 D/audio_hw_hal( 1087): raw_close_output_stream, stream=0xf6e43140,  success!
08-31 21:04:23.710 D/EGL_adreno( 1935): eglMakeCurrent: 0x7fffeb454c20: ver 3 1 (tinfo 0x7fffeb40d8a0)
08-31 21:04:23.723 W/WindowManager( 1281): Attempted to remove non-existing token: android.os.Binder@6315260
08-31 21:04:23.827 E/EGL_adreno( 1935): tid 1952: eglSurfaceAttrib(1338): error 0x3009 (EGL_BAD_MATCH)
08-31 21:04:23.827 W/OpenGLRenderer( 1935): Failed to set EGL_SWAP_BEHAVIOR on surface 0x7fffeb5c9980, error=EGL_BAD_MATCH
08-31 21:04:23.829 D/EGL_adreno( 1935): eglMakeCurrent: 0x7fffeb454c20: ver 3 1 (tinfo 0x7fffeb40d8a0)
08-31 21:04:25.566 W/System.err( 2666): java.net.UnknownHostException: Unable to resolve host "transports.ybonnel.fr": No address associated with hostname
08-31 21:04:25.566 W/System.err( 2666): 	at java.net.Inet6AddressImpl.lookupHostByName(Inet6AddressImpl.java:125)
08-31 21:04:25.566 W/System.err( 2666): 	at java.net.Inet6AddressImpl.lookupAllHostAddr(Inet6AddressImpl.java:74)
08-31 21:04:25.566 W/System.err( 2666): 	at java.net.InetAddress.getAllByName(InetAddress.java:752)
08-31 21:04:25.566 W/System.err( 2666): 	at com.android.okhttp.internal.Network$1.resolveInetAddresses(Network.java:29)
08-31 21:04:25.566 W/System.err( 2666): 	at com.android.okhttp.internal.http.RouteSelector.resetNextInetSocketAddress(RouteSelector.java:187)
08-31 21:04:25.566 W/System.err( 2666): 	at com.android.okhttp.internal.http.RouteSelector.nextProxy(RouteSelector.java:156)
08-31 21:04:25.566 W/System.err( 2666): 	at com.android.okhttp.internal.http.RouteSelector.next(RouteSelector.java:98)
08-31 21:04:25.566 W/System.err( 2666): 	at com.android.okhttp.internal.http.HttpEngine.createNextConnection(HttpEngine.java:345)
08-31 21:04:25.566 W/System.err( 2666): 	at com.android.okhttp.internal.http.HttpEngine.connect(HttpEngine.java:328)
08-31 21:04:25.567 W/System.err( 2666): 	at com.android.okhttp.internal.http.HttpEngine.sendRequest(HttpEngine.java:246)
08-31 21:04:25.567 W/System.err( 2666): 	at com.android.okhttp.internal.huc.HttpURLConnectionImpl.execute(HttpURLConnectionImpl.java:510)
08-31 21:04:25.567 W/System.err( 2666): 	at com.android.okhttp.internal.huc.HttpURLConnectionImpl.getResponse(HttpURLConnectionImpl.java:458)
08-31 21:04:25.567 W/System.err( 2666): 	at com.android.okhttp.internal.huc.HttpURLConnectionImpl.getInputStream(HttpURLConnectionImpl.java:249)
08-31 21:04:25.567 W/System.err( 2666): 	at fr.ybo.transportsrennes.util.Version.getMarketVersion(Version.java:44)
08-31 21:04:25.567 W/System.err( 2666): 	at fr.ybo.transportsrennes.util.AlarmReceiver.verifVersion(AlarmReceiver.java:52)
08-31 21:04:25.567 W/System.err( 2666): 	at fr.ybo.transportsrennes.util.AlarmReceiver.access$000(AlarmReceiver.java:30)
08-31 21:04:25.567 W/System.err( 2666): 	at fr.ybo.transportsrennes.util.AlarmReceiver$1.doInBackground(AlarmReceiver.java:45)
08-31 21:04:25.567 W/System.err( 2666): 	at fr.ybo.transportsrennes.util.AlarmReceiver$1.doInBackground(AlarmReceiver.java:42)
08-31 21:04:25.567 W/System.err( 2666): 	at android.os.AsyncTask$2.call(AsyncTask.java:305)
08-31 21:04:25.567 W/System.err( 2666): 	at java.util.concurrent.FutureTask.run(FutureTask.java:237)
08-31 21:04:25.567 W/System.err( 2666): 	at android.os.AsyncTask$SerialExecutor$1.run(AsyncTask.java:243)
08-31 21:04:25.567 W/System.err( 2666): 	at java.util.concurrent.ThreadPoolExecutor.runWorker(ThreadPoolExecutor.java:1133)
08-31 21:04:25.567 W/System.err( 2666): 	at java.util.concurrent.ThreadPoolExecutor$Worker.run(ThreadPoolExecutor.java:607)
08-31 21:04:25.567 W/System.err( 2666): 	at java.lang.Thread.run(Thread.java:761)
08-31 21:04:25.567 W/System.err( 2666): Caused by: android.system.GaiException: android_getaddrinfo failed: EAI_NODATA (No address associated with hostname)
08-31 21:04:25.567 W/System.err( 2666): 	at libcore.io.Posix.android_getaddrinfo(Native Method)
08-31 21:04:25.567 W/System.err( 2666): 	at libcore.io.ForwardingOs.android_getaddrinfo(ForwardingOs.java:55)
08-31 21:04:25.567 W/System.err( 2666): 	at java.net.Inet6AddressImpl.lookupHostByName(Inet6AddressImpl.java:106)
08-31 21:04:25.567 W/System.err( 2666): 	... 23 more
08-31 21:04:26.277 W/WindowManager( 1281): Failed looking up window
08-31 21:04:26.277 W/WindowManager( 1281): java.lang.IllegalArgumentException: Requested window android.view.ViewRootImpl$W@fe044b5 does not exist
08-31 21:04:26.277 W/WindowManager( 1281): 	at com.android.server.wm.WindowManagerService.windowForClientLocked(WindowManagerService.java:9459)
08-31 21:04:26.277 W/WindowManager( 1281): 	at com.android.server.wm.WindowManagerService.windowForClientLocked(WindowManagerService.java:9450)
08-31 21:04:26.277 W/WindowManager( 1281): 	at com.android.server.wm.WindowManagerService.removeWindow(WindowManagerService.java:2410)
08-31 21:04:26.277 W/WindowManager( 1281): 	at com.android.server.wm.Session.remove(Session.java:202)
08-31 21:04:26.277 W/WindowManager( 1281): 	at android.view.ViewRootImpl.dispatchDetachedFromWindow(ViewRootImpl.java:3290)
08-31 21:04:26.277 W/WindowManager( 1281): 	at android.view.ViewRootImpl.doDie(ViewRootImpl.java:5917)
08-31 21:04:26.277 W/WindowManager( 1281): 	at android.view.ViewRootImpl$ViewRootHandler.handleMessage(ViewRootImpl.java:3626)
08-31 21:04:26.277 W/WindowManager( 1281): 	at android.os.Handler.dispatchMessage(Handler.java:102)
08-31 21:04:26.277 W/WindowManager( 1281): 	at android.os.Looper.loop(Looper.java:154)
08-31 21:04:26.277 W/WindowManager( 1281): 	at android.os.HandlerThread.run(HandlerThread.java:61)
08-31 21:04:26.277 W/WindowManager( 1281): 	at com.android.server.ServiceThread.run(ServiceThread.java:46)
08-31 21:04:27.227 D/EGL_adreno( 1935): eglMakeCurrent: 0x7fffeb454c20: ver 3 1 (tinfo 0x7fffeb40d8a0)
08-31 21:04:27.239 W/WindowManager( 1281): Attempted to remove non-existing token: android.os.Binder@9391edb
08-31 21:04:27.331 E/EGL_adreno( 1935): tid 1952: eglSurfaceAttrib(1338): error 0x3009 (EGL_BAD_MATCH)
08-31 21:04:27.331 W/OpenGLRenderer( 1935): Failed to set EGL_SWAP_BEHAVIOR on surface 0x7fffeb5c9980, error=EGL_BAD_MATCH
08-31 21:04:27.339 D/EGL_adreno( 1935): eglMakeCurrent: 0x7fffeb454c20: ver 3 1 (tinfo 0x7fffeb40d8a0)
08-31 21:04:30.207 W/ActivityManager( 1281): Launch timeout has expired, giving up wake lock!
08-31 21:04:30.746 D/EGL_adreno( 1935): eglMakeCurrent: 0x7fffeb454c20: ver 3 1 (tinfo 0x7fffeb40d8a0)
08-31 21:04:30.755 W/WindowManager( 1281): Attempted to remove non-existing token: android.os.Binder@ca0cdb7
08-31 21:04:30.850 E/EGL_adreno( 1935): tid 1952: eglSurfaceAttrib(1338): error 0x3009 (EGL_BAD_MATCH)
08-31 21:04:30.850 W/OpenGLRenderer( 1935): Failed to set EGL_SWAP_BEHAVIOR on surface 0x7fffeb5c9980, error=EGL_BAD_MATCH
08-31 21:04:30.857 D/EGL_adreno( 1935): eglMakeCurrent: 0x7fffeb454c20: ver 3 1 (tinfo 0x7fffeb40d8a0)
08-31 21:04:34.264 D/EGL_adreno( 1935): eglMakeCurrent: 0x7fffeb454c20: ver 3 1 (tinfo 0x7fffeb40d8a0)
08-31 21:04:34.271 W/WindowManager( 1281): Attempted to remove non-existing token: android.os.Binder@eb46489
08-31 21:04:34.382 E/EGL_adreno( 1935): tid 1952: eglSurfaceAttrib(1338): error 0x3009 (EGL_BAD_MATCH)
08-31 21:04:34.382 W/OpenGLRenderer( 1935): Failed to set EGL_SWAP_BEHAVIOR on surface 0x7fffeb5c9980, error=EGL_BAD_MATCH
08-31 21:04:34.390 D/EGL_adreno( 1935): eglMakeCurrent: 0x7fffeb454c20: ver 3 1 (tinfo 0x7fffeb40d8a0)
08-31 21:04:37.779 D/EGL_adreno( 1935): eglMakeCurrent: 0x7fffeb454c20: ver 3 1 (tinfo 0x7fffeb40d8a0)
08-31 21:04:37.788 W/WindowManager( 1281): Attempted to remove non-existing token: android.os.Binder@105bcaf
08-31 21:04:37.900 E/EGL_adreno( 1935): tid 1952: eglSurfaceAttrib(1338): error 0x3009 (EGL_BAD_MATCH)
08-31 21:04:37.900 W/OpenGLRenderer( 1935): Failed to set EGL_SWAP_BEHAVIOR on surface 0x7fffeb5c9980, error=EGL_BAD_MATCH
08-31 21:04:37.906 D/EGL_adreno( 1935): eglMakeCurrent: 0x7fffeb454c20: ver 3 1 (tinfo 0x7fffeb40d8a0)
08-31 21:04:40.555 W/ActivityManager( 1281): Timeout executing service: ServiceRecord{db63cf1 u0 fr.ybo.transportsrennes/.services.UpdateTimeService}
08-31 21:04:40.558 I/ActivityManager( 1281): Crashing app skipping ANR: ProcessRecord{75f94e6 2690:fr.ybo.transportsrennes/u0a51} executing service fr.ybo.transportsrennes/.services.UpdateTimeService
08-31 21:04:41.302 D/EGL_adreno( 1935): eglMakeCurrent: 0x7fffeb454c20: ver 3 1 (tinfo 0x7fffeb40d8a0)
08-31 21:04:41.305 W/WindowManager( 1281): Attempted to remove non-existing token: android.os.Binder@d48d8bc
08-31 21:04:41.427 E/EGL_adreno( 1935): tid 1952: eglSurfaceAttrib(1338): error 0x3009 (EGL_BAD_MATCH)
08-31 21:04:41.427 W/OpenGLRenderer( 1935): Failed to set EGL_SWAP_BEHAVIOR on surface 0x7fffeb5c9980, error=EGL_BAD_MATCH
08-31 21:04:41.429 D/EGL_adreno( 1935): eglMakeCurrent: 0x7fffeb454c20: ver 3 1 (tinfo 0x7fffeb40d8a0)
08-31 21:04:44.812 D/EGL_adreno( 1935): eglMakeCurrent: 0x7fffeb454c20: ver 3 1 (tinfo 0x7fffeb40d8a0)
08-31 21:04:44.822 W/WindowManager( 1281): Attempted to remove non-existing token: android.os.Binder@6998354
08-31 21:04:44.919 E/EGL_adreno( 1935): tid 1952: eglSurfaceAttrib(1338): error 0x3009 (EGL_BAD_MATCH)
08-31 21:04:44.919 W/OpenGLRenderer( 1935): Failed to set EGL_SWAP_BEHAVIOR on surface 0x7fffeb5c9980, error=EGL_BAD_MATCH
08-31 21:04:44.923 D/EGL_adreno( 1935): eglMakeCurrent: 0x7fffeb454c20: ver 3 1 (tinfo 0x7fffeb40d8a0)
08-31 21:04:48.329 D/EGL_adreno( 1935): eglMakeCurrent: 0x7fffeb454c20: ver 3 1 (tinfo 0x7fffeb40d8a0)
08-31 21:04:48.338 W/WindowManager( 1281): Attempted to remove non-existing token: android.os.Binder@141653e
08-31 21:04:48.451 E/EGL_adreno( 1935): tid 1952: eglSurfaceAttrib(1338): error 0x3009 (EGL_BAD_MATCH)
08-31 21:04:48.451 W/OpenGLRenderer( 1935): Failed to set EGL_SWAP_BEHAVIOR on surface 0x7fffeb5c9980, error=EGL_BAD_MATCH
08-31 21:04:48.456 D/EGL_adreno( 1935): eglMakeCurrent: 0x7fffeb454c20: ver 3 1 (tinfo 0x7fffeb40d8a0)
08-31 21:04:51.845 D/EGL_adreno( 1935): eglMakeCurrent: 0x7fffeb454c20: ver 3 1 (tinfo 0x7fffeb40d8a0)
08-31 21:04:51.854 W/WindowManager( 1281): Attempted to remove non-existing token: android.os.Binder@1a52f9f
08-31 21:04:51.960 E/EGL_adreno( 1935): tid 1952: eglSurfaceAttrib(1338): error 0x3009 (EGL_BAD_MATCH)
08-31 21:04:51.961 W/OpenGLRenderer( 1935): Failed to set EGL_SWAP_BEHAVIOR on surface 0x7fffeb5c9980, error=EGL_BAD_MATCH
08-31 21:04:51.963 D/EGL_adreno( 1935): eglMakeCurrent: 0x7fffeb454c20: ver 3 1 (tinfo 0x7fffeb40d8a0)
08-31 21:04:55.400 D/EGL_adreno( 1935): eglMakeCurrent: 0x7fffeb454c20: ver 3 1 (tinfo 0x7fffeb40d8a0)
08-31 21:04:55.405 W/WindowManager( 1281): Attempted to remove non-existing token: android.os.Binder@89d7731
08-31 21:04:55.523 E/EGL_adreno( 1935): tid 1952: eglSurfaceAttrib(1338): error 0x3009 (EGL_BAD_MATCH)
08-31 21:04:55.523 W/OpenGLRenderer( 1935): Failed to set EGL_SWAP_BEHAVIOR on surface 0x7fffeb5c9980, error=EGL_BAD_MATCH
08-31 21:04:55.541 D/EGL_adreno( 1935): eglMakeCurrent: 0x7fffeb454c20: ver 3 1 (tinfo 0x7fffeb40d8a0)
08-31 21:04:58.912 D/EGL_adreno( 1935): eglMakeCurrent: 0x7fffeb454c20: ver 3 1 (tinfo 0x7fffeb40d8a0)
08-31 21:04:58.922 W/WindowManager( 1281): Attempted to remove non-existing token: android.os.Binder@21556d
08-31 21:04:59.032 E/EGL_adreno( 1935): tid 1952: eglSurfaceAttrib(1338): error 0x3009 (EGL_BAD_MATCH)
08-31 21:04:59.032 W/OpenGLRenderer( 1935): Failed to set EGL_SWAP_BEHAVIOR on surface 0x7fffeb5c9980, error=EGL_BAD_MATCH
08-31 21:04:59.041 D/EGL_adreno( 1935): eglMakeCurrent: 0x7fffeb454c20: ver 3 1 (tinfo 0x7fffeb40d8a0)
08-31 21:05:01.443 W/ActivityManager( 1281):   Force finishing activity fr.ybo.transportsrennes/.activity.widgets.TransportsWidgetLowResConfigure
08-31 21:05:01.443 W/ActivityManager( 1281):   Force finishing activity fr.ybo.transportsrennes/.activity.widgets.TransportsWidget21Configure
08-31 21:05:01.448 D/EGL_adreno( 1281): eglMakeCurrent: 0x7fffccffacc0: ver 3 1 (tinfo 0x7fffcdb14d40)
08-31 21:05:01.503 I/HostConnection( 1281): HostConnection::~HostConnection, pid=1281, tid=1989, this=0x7fffcdb9dd60, m_stream=0x7fffcb5f2f00
08-31 21:05:01.505 I/        ( 1281): fastpipe: close connect
08-31 21:05:01.508 W/ActivityManager( 1281):   Force finishing activity fr.ybo.transportsrennes/.activity.widgets.TransportsWidget11Configure
08-31 21:05:01.514 W/ActivityManager( 1281):   Force finishing activity fr.ybo.transportsrennes/.activity.widgets.TransportsWidgetConfigure
08-31 21:05:01.518 W/ActivityManager( 1281):   Force finishing activity fr.ybo.transportsrennes/.activity.parkrelais.ParkRelaisShortcutPicker
08-31 21:05:01.523 W/ActivityManager( 1281):   Force finishing activity fr.ybo.transportsrennes/.activity.velos.StationsFavorisShortcutPicker
08-31 21:05:01.530 W/ActivityManager( 1281):   Force finishing activity fr.ybo.transportsrennes/.activity.velos.StationsShortcutPicker
08-31 21:05:01.535 W/ActivityManager( 1281):   Force finishing activity fr.ybo.transportsrennes/.activity.bus.BusFavorisShortcutPicker
08-31 21:05:01.566 W/ActivityManager( 1281):   Force finishing activity fr.ybo.transportsrennes/.activity.bus.BusShortcutPicker
08-31 21:05:01.576 W/AppOps  ( 1281): Finishing op nesting under-run: uid 1000 pkg android code 24 time=0 duration=0 nesting=0
08-31 21:05:01.579 W/ActivityManager( 1281):   Force finishing activity fr.ybo.transportsrennes/.activity.parkrelais.ListParkRelais
08-31 21:05:01.584 W/ActivityManager( 1281):   Force finishing activity fr.ybo.transportsrennes/.activity.velos.ListStationsFavoris
08-31 21:05:01.592 W/ActivityManager( 1281):   Force finishing activity fr.ybo.transportsrennes/.activity.velos.ListStationsByPosition
08-31 21:05:01.596 W/ActivityManager( 1281):   Force finishing activity fr.ybo.transportsrennes/.activity.bus.TabFavoris
08-31 21:05:01.601 W/ActivityManager( 1281):   Force finishing activity fr.ybo.transportsrennes/.activity.bus.ListArret
08-31 21:05:01.608 W/ActivityManager( 1281):   Force finishing activity fr.ybo.transportsrennes/.activity.timeo.TimeoActivity
08-31 21:05:01.612 W/ActivityManager( 1281):   Force finishing activity fr.ybo.transportsrennes/.activity.TransportsRennes
08-31 21:05:01.616 E/ActivityManager( 1281): Found activity ActivityRecord{76ab2 u0 fr.ybo.transportsrennes/.activity.widgets.TransportsWidgetLowResConfigure t3 f} in proc activity list using null instead of expected ProcessRecord{75f94e6 2690:fr.ybo.transportsrennes/u0a51}
08-31 21:05:01.620 I/ActivityManager( 1281): Killing 2690:fr.ybo.transportsrennes/u0a51 (adj 0): crash
08-31 21:05:01.629 D/ActivityManager( 1281): cleanUpApplicationRecord -- 2690
08-31 21:05:01.632 W/art     ( 1281): Long monitor contention with owner Binder:1281_3 (1406) at void com.android.server.am.AppErrors.crashApplicationInner(com.android.server.am.ProcessRecord, android.app.ApplicationErrorReport$CrashInfo)(AppErrors.java:372) waiters=0 in void com.android.server.am.ActivityManagerService$MainHandler.handleMessage(android.os.Message) for 174ms
08-31 21:05:01.636 W/InputEventReceiver( 1281): Attempted to finish an input event but the input event receiver has already been disposed.
08-31 21:05:01.636 W/ContextImpl( 1676): Calling a method in the system process without a qualified user: android.app.ContextImpl.startService:1358 android.content.ContextWrapper.startService:613 android.content.ContextWrapper.startService:613 com.android.coreservice.CoreBroadcastReceiver.onReceive:44 android.app.ActivityThread.handleReceiver:3073 
08-31 21:05:01.638 W/art     ( 1281): Long monitor contention with owner Binder:1281_3 (1406) at void com.android.server.am.AppErrors.crashApplicationInner(com.android.server.am.ProcessRecord, android.app.ApplicationErrorReport$CrashInfo)(AppErrors.java:372) waiters=1 in void com.android.server.am.ActivityManagerService$3.handleMessage(android.os.Message) for 158ms
08-31 21:05:01.645 W/ContextImpl( 1676): Calling a method in the system process without a qualified user: android.app.ContextImpl.startService:1358 android.content.ContextWrapper.startService:613 android.content.ContextWrapper.startService:613 com.android.coreservice.CoreBroadcastReceiver.onReceive:44 android.app.ActivityThread.handleReceiver:3073 
08-31 21:05:01.651 W/ContextImpl( 1676): Calling a method in the system process without a qualified user: android.app.ContextImpl.startService:1358 android.content.ContextWrapper.startService:613 android.content.ContextWrapper.startService:613 com.android.coreservice.CoreBroadcastReceiver.onReceive:44 android.app.ActivityThread.handleReceiver:3073 
08-31 21:05:01.654 W/ContextImpl( 1676): Calling a method in the system process without a qualified user: android.app.ContextImpl.startService:1358 android.content.ContextWrapper.startService:613 android.content.ContextWrapper.startService:613 com.android.coreservice.CoreBroadcastReceiver.onReceive:44 android.app.ActivityThread.handleReceiver:3073 
08-31 21:05:01.661 W/ContextImpl( 1676): Calling a method in the system process without a qualified user: android.app.ContextImpl.startService:1358 android.content.ContextWrapper.startService:613 android.content.ContextWrapper.startService:613 com.android.coreservice.CoreBroadcastReceiver.onReceive:44 android.app.ActivityThread.handleReceiver:3073 
08-31 21:05:01.674 W/ContextImpl( 1676): Calling a method in the system process without a qualified user: android.app.ContextImpl.startService:1358 android.content.ContextWrapper.startService:613 android.content.ContextWrapper.startService:613 com.android.coreservice.CoreBroadcastReceiver.onReceive:44 android.app.ActivityThread.handleReceiver:3073 
08-31 21:05:01.677 W/ContextImpl( 1676): Calling a method in the system process without a qualified user: android.app.ContextImpl.startService:1358 android.content.ContextWrapper.startService:613 android.content.ContextWrapper.startService:613 com.android.coreservice.CoreBroadcastReceiver.onReceive:44 android.app.ActivityThread.handleReceiver:3073 
08-31 21:05:01.681 W/ContextImpl( 1676): Calling a method in the system process without a qualified user: android.app.ContextImpl.startService:1358 android.content.ContextWrapper.startService:613 android.content.ContextWrapper.startService:613 com.android.coreservice.CoreBroadcastReceiver.onReceive:44 android.app.ActivityThread.handleReceiver:3073 
08-31 21:05:01.684 W/ContextImpl( 1676): Calling a method in the system process without a qualified user: android.app.ContextImpl.startService:1358 android.content.ContextWrapper.startService:613 android.content.ContextWrapper.startService:613 com.android.coreservice.CoreBroadcastReceiver.onReceive:44 android.app.ActivityThread.handleReceiver:3073 
08-31 21:05:01.688 W/ContextImpl( 1676): Calling a method in the system process without a qualified user: android.app.ContextImpl.startService:1358 android.content.ContextWrapper.startService:613 android.content.ContextWrapper.startService:613 com.android.coreservice.CoreBroadcastReceiver.onReceive:44 android.app.ActivityThread.handleReceiver:3073 
08-31 21:05:01.691 W/ContextImpl( 1676): Calling a method in the system process without a qualified user: android.app.ContextImpl.startService:1358 android.content.ContextWrapper.startService:613 android.content.ContextWrapper.startService:613 com.android.coreservice.CoreBroadcastReceiver.onReceive:44 android.app.ActivityThread.handleReceiver:3073 
08-31 21:05:01.693 W/ContextImpl( 1676): Calling a method in the system process without a qualified user: android.app.ContextImpl.startService:1358 android.content.ContextWrapper.startService:613 android.content.ContextWrapper.startService:613 com.android.coreservice.CoreBroadcastReceiver.onReceive:44 android.app.ActivityThread.handleReceiver:3073 
08-31 21:05:01.696 W/ContextImpl( 1676): Calling a method in the system process without a qualified user: android.app.ContextImpl.startService:1358 android.content.ContextWrapper.startService:613 android.content.ContextWrapper.startService:613 com.android.coreservice.CoreBroadcastReceiver.onReceive:44 android.app.ActivityThread.handleReceiver:3073 
08-31 21:05:01.701 W/ContextImpl( 1676): Calling a method in the system process without a qualified user: android.app.ContextImpl.startService:1358 android.content.ContextWrapper.startService:613 android.content.ContextWrapper.startService:613 com.android.coreservice.CoreBroadcastReceiver.onReceive:44 android.app.ActivityThread.handleReceiver:3073 
08-31 21:05:01.703 W/ContextImpl( 1676): Calling a method in the system process without a qualified user: android.app.ContextImpl.startService:1358 android.content.ContextWrapper.startService:613 android.content.ContextWrapper.startService:613 com.android.coreservice.CoreBroadcastReceiver.onReceive:44 android.app.ActivityThread.handleReceiver:3073 
08-31 21:05:01.705 W/ContextImpl( 1676): Calling a method in the system process without a qualified user: android.app.ContextImpl.startService:1358 android.content.ContextWrapper.startService:613 android.content.ContextWrapper.startService:613 com.android.coreservice.CoreBroadcastReceiver.onReceive:53 android.app.ActivityThread.handleReceiver:3073 
08-31 21:05:01.732 W/ContextImpl( 1676): Calling a method in the system process without a qualified user: android.app.ContextImpl.startService:1358 android.content.ContextWrapper.startService:613 android.content.ContextWrapper.startService:613 com.android.coreservice.CoreBroadcastReceiver.onReceive:53 android.app.ActivityThread.handleReceiver:3073 
08-31 21:05:01.743 E/EGL_adreno( 1935): tid 1952: eglSurfaceAttrib(1338): error 0x3009 (EGL_BAD_MATCH)
08-31 21:05:01.743 W/OpenGLRenderer( 1935): Failed to set EGL_SWAP_BEHAVIOR on surface 0x7fffeb5c9a00, error=EGL_BAD_MATCH
08-31 21:05:01.761 D/EGL_adreno( 1935): eglMakeCurrent: 0x7fffeb454c20: ver 3 1 (tinfo 0x7fffeb40d8a0)
08-31 21:05:01.785 W/InputMethodManagerService( 1281): Window already focused, ignoring focus gain of: com.android.internal.view.IInputMethodClient$Stub$Proxy@5b7d8ed attribute=null, token = android.os.BinderProxy@541f7f4
08-31 21:05:02.428 W/WindowManager( 1281): Attempted to remove non-existing token: android.os.Binder@88adb69
08-31 21:05:02.485 E/EGL_adreno( 1935): tid 1952: eglSurfaceAttrib(1338): error 0x3009 (EGL_BAD_MATCH)
08-31 21:05:02.486 W/OpenGLRenderer( 1935): Failed to set EGL_SWAP_BEHAVIOR on surface 0x7fffeb5c9980, error=EGL_BAD_MATCH
08-31 21:05:02.490 D/EGL_adreno( 1935): eglMakeCurrent: 0x7fffeb454c20: ver 3 1 (tinfo 0x7fffeb40d8a0)
08-31 21:05:02.838 D/EGL_adreno( 1935): eglMakeCurrent: 0x7fffeb454c20: ver 3 1 (tinfo 0x7fffeb40d8a0)
08-31 21:05:05.934 W/WindowManager( 1281): Attempted to remove non-existing token: android.os.Binder@e2f99ee
08-31 21:05:06.016 E/EGL_adreno( 1935): tid 1952: eglSurfaceAttrib(1338): error 0x3009 (EGL_BAD_MATCH)
08-31 21:05:06.016 W/OpenGLRenderer( 1935): Failed to set EGL_SWAP_BEHAVIOR on surface 0x7fffeb5c9980, error=EGL_BAD_MATCH
08-31 21:05:06.024 D/EGL_adreno( 1935): eglMakeCurrent: 0x7fffeb454c20: ver 3 1 (tinfo 0x7fffeb40d8a0)
08-31 21:05:09.446 W/WindowManager( 1281): Attempted to remove non-existing token: android.os.Binder@47f66fa
08-31 21:05:09.447 D/EGL_adreno( 1935): eglMakeCurrent: 0x7fffeb454c20: ver 3 1 (tinfo 0x7fffeb40d8a0)
08-31 21:05:09.495 E/EGL_adreno( 1935): tid 1952: eglSurfaceAttrib(1338): error 0x3009 (EGL_BAD_MATCH)
08-31 21:05:09.495 W/OpenGLRenderer( 1935): Failed to set EGL_SWAP_BEHAVIOR on surface 0x7fffeb5c9980, error=EGL_BAD_MATCH
08-31 21:05:09.506 D/EGL_adreno( 1935): eglMakeCurrent: 0x7fffeb454c20: ver 3 1 (tinfo 0x7fffeb40d8a0)
08-31 21:05:12.978 W/WindowManager( 1281): Attempted to remove non-existing token: android.os.Binder@afb34ab
08-31 21:05:12.998 D/EGL_adreno( 1935): eglMakeCurrent: 0x7fffeb454c20: ver 3 1 (tinfo 0x7fffeb40d8a0)
08-31 21:05:13.202 E/EGL_adreno( 1935): tid 1952: eglSurfaceAttrib(1338): error 0x3009 (EGL_BAD_MATCH)
08-31 21:05:13.202 W/OpenGLRenderer( 1935): Failed to set EGL_SWAP_BEHAVIOR on surface 0x7fffeb5c9980, error=EGL_BAD_MATCH
08-31 21:05:13.206 D/EGL_adreno( 1935): eglMakeCurrent: 0x7fffeb454c20: ver 3 1 (tinfo 0x7fffeb40d8a0)
08-31 21:05:16.482 W/WindowManager( 1281): Attempted to remove non-existing token: android.os.Binder@e43b708
08-31 21:05:16.483 D/EGL_adreno( 1935): eglMakeCurrent: 0x7fffeb454c20: ver 3 1 (tinfo 0x7fffeb40d8a0)
08-31 21:05:16.529 E/EGL_adreno( 1935): tid 1952: eglSurfaceAttrib(1338): error 0x3009 (EGL_BAD_MATCH)
08-31 21:05:16.529 W/OpenGLRenderer( 1935): Failed to set EGL_SWAP_BEHAVIOR on surface 0x7fffeb5c9980, error=EGL_BAD_MATCH
08-31 21:05:16.530 D/EGL_adreno( 1935): eglMakeCurrent: 0x7fffeb454c20: ver 3 1 (tinfo 0x7fffeb40d8a0)
08-31 21:05:19.988 W/WindowManager( 1281): Attempted to remove non-existing token: android.os.Binder@cc98ea1
08-31 21:05:19.990 D/EGL_adreno( 1935): eglMakeCurrent: 0x7fffeb454c20: ver 3 1 (tinfo 0x7fffeb40d8a0)
08-31 21:05:20.073 E/EGL_adreno( 1935): tid 1952: eglSurfaceAttrib(1338): error 0x3009 (EGL_BAD_MATCH)
08-31 21:05:20.073 W/OpenGLRenderer( 1935): Failed to set EGL_SWAP_BEHAVIOR on surface 0x7fffeb5c9980, error=EGL_BAD_MATCH
08-31 21:05:20.075 D/EGL_adreno( 1935): eglMakeCurrent: 0x7fffeb454c20: ver 3 1 (tinfo 0x7fffeb40d8a0)
08-31 21:05:23.496 W/WindowManager( 1281): Attempted to remove non-existing token: android.os.Binder@cccf8c6
08-31 21:05:23.498 D/EGL_adreno( 1935): eglMakeCurrent: 0x7fffeb454c20: ver 3 1 (tinfo 0x7fffeb40d8a0)
08-31 21:05:23.564 E/EGL_adreno( 1935): tid 1952: eglSurfaceAttrib(1338): error 0x3009 (EGL_BAD_MATCH)
08-31 21:05:23.564 W/OpenGLRenderer( 1935): Failed to set EGL_SWAP_BEHAVIOR on surface 0x7fffeb5c9980, error=EGL_BAD_MATCH
08-31 21:05:23.573 D/EGL_adreno( 1935): eglMakeCurrent: 0x7fffeb454c20: ver 3 1 (tinfo 0x7fffeb40d8a0)
08-31 21:05:27.001 W/WindowManager( 1281): Attempted to remove non-existing token: android.os.Binder@6367087
08-31 21:05:27.003 D/EGL_adreno( 1935): eglMakeCurrent: 0x7fffeb454c20: ver 3 1 (tinfo 0x7fffeb40d8a0)
08-31 21:05:27.044 E/EGL_adreno( 1935): tid 1952: eglSurfaceAttrib(1338): error 0x3009 (EGL_BAD_MATCH)
08-31 21:05:27.044 W/OpenGLRenderer( 1935): Failed to set EGL_SWAP_BEHAVIOR on surface 0x7fffeb5c9980, error=EGL_BAD_MATCH
08-31 21:05:27.046 D/EGL_adreno( 1935): eglMakeCurrent: 0x7fffeb454c20: ver 3 1 (tinfo 0x7fffeb40d8a0)
08-31 21:05:30.505 W/WindowManager( 1281): Attempted to remove non-existing token: android.os.Binder@ae13bb4
08-31 21:05:30.506 D/EGL_adreno( 1935): eglMakeCurrent: 0x7fffeb454c20: ver 3 1 (tinfo 0x7fffeb40d8a0)
08-31 21:05:30.562 E/EGL_adreno( 1935): tid 1952: eglSurfaceAttrib(1338): error 0x3009 (EGL_BAD_MATCH)
08-31 21:05:30.562 W/OpenGLRenderer( 1935): Failed to set EGL_SWAP_BEHAVIOR on surface 0x7fffeb5c9980, error=EGL_BAD_MATCH
08-31 21:05:30.572 D/EGL_adreno( 1935): eglMakeCurrent: 0x7fffeb454c20: ver 3 1 (tinfo 0x7fffeb40d8a0)
08-31 21:05:34.010 W/WindowManager( 1281): Attempted to remove non-existing token: android.os.Binder@34f73dd
08-31 21:05:34.012 D/EGL_adreno( 1935): eglMakeCurrent: 0x7fffeb454c20: ver 3 1 (tinfo 0x7fffeb40d8a0)
08-31 21:05:34.078 E/EGL_adreno( 1935): tid 1952: eglSurfaceAttrib(1338): error 0x3009 (EGL_BAD_MATCH)
08-31 21:05:34.078 W/OpenGLRenderer( 1935): Failed to set EGL_SWAP_BEHAVIOR on surface 0x7fffeb5c9980, error=EGL_BAD_MATCH
08-31 21:05:34.080 D/EGL_adreno( 1935): eglMakeCurrent: 0x7fffeb454c20: ver 3 1 (tinfo 0x7fffeb40d8a0)
08-31 21:05:37.524 W/WindowManager( 1281): Attempted to remove non-existing token: android.os.Binder@65470d9
08-31 21:05:37.525 D/EGL_adreno( 1935): eglMakeCurrent: 0x7fffeb454c20: ver 3 1 (tinfo 0x7fffeb40d8a0)
08-31 21:05:37.605 E/EGL_adreno( 1935): tid 1952: eglSurfaceAttrib(1338): error 0x3009 (EGL_BAD_MATCH)
08-31 21:05:37.605 W/OpenGLRenderer( 1935): Failed to set EGL_SWAP_BEHAVIOR on surface 0x7fffeb5c9980, error=EGL_BAD_MATCH
08-31 21:05:37.608 D/EGL_adreno( 1935): eglMakeCurrent: 0x7fffeb454c20: ver 3 1 (tinfo 0x7fffeb40d8a0)
08-31 21:05:41.032 W/WindowManager( 1281): Attempted to remove non-existing token: android.os.Binder@9124195
08-31 21:05:41.034 D/EGL_adreno( 1935): eglMakeCurrent: 0x7fffeb454c20: ver 3 1 (tinfo 0x7fffeb40d8a0)
08-31 21:05:41.091 E/EGL_adreno( 1935): tid 1952: eglSurfaceAttrib(1338): error 0x3009 (EGL_BAD_MATCH)
08-31 21:05:41.091 W/OpenGLRenderer( 1935): Failed to set EGL_SWAP_BEHAVIOR on surface 0x7fffeb5c9980, error=EGL_BAD_MATCH
08-31 21:05:41.095 D/EGL_adreno( 1935): eglMakeCurrent: 0x7fffeb454c20: ver 3 1 (tinfo 0x7fffeb40d8a0)
08-31 21:05:44.536 W/WindowManager( 1281): Attempted to remove non-existing token: android.os.Binder@ea26211
08-31 21:05:44.538 D/EGL_adreno( 1935): eglMakeCurrent: 0x7fffeb454c20: ver 3 1 (tinfo 0x7fffeb40d8a0)
08-31 21:05:44.591 E/EGL_adreno( 1935): tid 1952: eglSurfaceAttrib(1338): error 0x3009 (EGL_BAD_MATCH)
08-31 21:05:44.591 W/OpenGLRenderer( 1935): Failed to set EGL_SWAP_BEHAVIOR on surface 0x7fffeb5c9980, error=EGL_BAD_MATCH
08-31 21:05:44.596 D/EGL_adreno( 1935): eglMakeCurrent: 0x7fffeb454c20: ver 3 1 (tinfo 0x7fffeb40d8a0)
08-31 21:05:48.042 W/WindowManager( 1281): Attempted to remove non-existing token: android.os.Binder@83a0e4d
08-31 21:05:48.044 D/EGL_adreno( 1935): eglMakeCurrent: 0x7fffeb454c20: ver 3 1 (tinfo 0x7fffeb40d8a0)
08-31 21:05:48.117 E/EGL_adreno( 1935): tid 1952: eglSurfaceAttrib(1338): error 0x3009 (EGL_BAD_MATCH)
08-31 21:05:48.117 W/OpenGLRenderer( 1935): Failed to set EGL_SWAP_BEHAVIOR on surface 0x7fffeb5c9980, error=EGL_BAD_MATCH
08-31 21:05:48.124 D/EGL_adreno( 1935): eglMakeCurrent: 0x7fffeb454c20: ver 3 1 (tinfo 0x7fffeb40d8a0)
08-31 21:05:51.546 W/WindowManager( 1281): Attempted to remove non-existing token: android.os.Binder@b264249
08-31 21:05:51.548 D/EGL_adreno( 1935): eglMakeCurrent: 0x7fffeb454c20: ver 3 1 (tinfo 0x7fffeb40d8a0)
08-31 21:05:51.611 E/EGL_adreno( 1935): tid 1952: eglSurfaceAttrib(1338): error 0x3009 (EGL_BAD_MATCH)
08-31 21:05:51.611 W/OpenGLRenderer( 1935): Failed to set EGL_SWAP_BEHAVIOR on surface 0x7fffeb5c9980, error=EGL_BAD_MATCH
08-31 21:05:51.613 D/EGL_adreno( 1935): eglMakeCurrent: 0x7fffeb454c20: ver 3 1 (tinfo 0x7fffeb40d8a0)
08-31 21:05:55.052 W/WindowManager( 1281): Attempted to remove non-existing token: android.os.Binder@a87ba05
08-31 21:05:55.054 D/EGL_adreno( 1935): eglMakeCurrent: 0x7fffeb454c20: ver 3 1 (tinfo 0x7fffeb40d8a0)
08-31 21:05:55.109 E/EGL_adreno( 1935): tid 1952: eglSurfaceAttrib(1338): error 0x3009 (EGL_BAD_MATCH)
08-31 21:05:55.109 W/OpenGLRenderer( 1935): Failed to set EGL_SWAP_BEHAVIOR on surface 0x7fffeb5c9980, error=EGL_BAD_MATCH
08-31 21:05:55.111 D/EGL_adreno( 1935): eglMakeCurrent: 0x7fffeb454c20: ver 3 1 (tinfo 0x7fffeb40d8a0)
08-31 21:05:58.568 W/WindowManager( 1281): Attempted to remove non-existing token: android.os.Binder@cef181
08-31 21:05:58.570 D/EGL_adreno( 1935): eglMakeCurrent: 0x7fffeb454c20: ver 3 1 (tinfo 0x7fffeb40d8a0)
08-31 21:05:58.625 E/EGL_adreno( 1935): tid 1952: eglSurfaceAttrib(1338): error 0x3009 (EGL_BAD_MATCH)
08-31 21:05:58.625 W/OpenGLRenderer( 1935): Failed to set EGL_SWAP_BEHAVIOR on surface 0x7fffeb5c9980, error=EGL_BAD_MATCH
08-31 21:05:58.628 D/EGL_adreno( 1935): eglMakeCurrent: 0x7fffeb454c20: ver 3 1 (tinfo 0x7fffeb40d8a0)
08-31 21:06:02.072 W/WindowManager( 1281): Attempted to remove non-existing token: android.os.Binder@4f824bd
08-31 21:06:02.074 D/EGL_adreno( 1935): eglMakeCurrent: 0x7fffeb454c20: ver 3 1 (tinfo 0x7fffeb40d8a0)
08-31 21:06:02.143 E/EGL_adreno( 1935): tid 1952: eglSurfaceAttrib(1338): error 0x3009 (EGL_BAD_MATCH)
08-31 21:06:02.143 W/OpenGLRenderer( 1935): Failed to set EGL_SWAP_BEHAVIOR on surface 0x7fffeb5c9980, error=EGL_BAD_MATCH
08-31 21:06:02.145 D/EGL_adreno( 1935): eglMakeCurrent: 0x7fffeb454c20: ver 3 1 (tinfo 0x7fffeb40d8a0)
08-31 21:06:05.578 W/WindowManager( 1281): Attempted to remove non-existing token: android.os.Binder@7874fb9
08-31 21:06:05.579 D/EGL_adreno( 1935): eglMakeCurrent: 0x7fffeb454c20: ver 3 1 (tinfo 0x7fffeb40d8a0)
