08-31 21:04:20.214 W/ActivityManager( 1281): Permission Denial: starting Intent { cmp=fr.ybo.transportsrennes/.activity.alerts.ListAlertsForOneLine (has extras) } from ProcessRecord{bda5613 1935:com.android.intentfuzzer/u0a64} (pid=1935, uid=10064) not exported from uid 10051
08-31 21:04:20.215 W/System.err( 1935): java.lang.Exception: Toast callstack! strTip=Send Intent Failed!
08-31 21:04:20.215 W/System.err( 1935): 	at android.widget.Toast.show(Toast.java:130)
08-31 21:04:20.215 W/System.err( 1935): 	at com.android.intentfuzzer.FuzzerActivity$4.onClick(FuzzerActivity.java:186)
08-31 21:04:20.215 W/System.err( 1935): 	at android.view.View.performClick(View.java:5637)
08-31 21:04:20.215 W/System.err( 1935): 	at android.view.View$PerformClick.run(View.java:22429)
08-31 21:04:20.216 W/System.err( 1935): 	at android.os.Handler.handleCallback(Handler.java:751)
08-31 21:04:20.216 W/System.err( 1935): 	at android.os.Handler.dispatchMessage(Handler.java:95)
08-31 21:04:20.216 W/System.err( 1935): 	at android.os.Looper.loop(Looper.java:154)
08-31 21:04:20.216 W/System.err( 1935): 	at android.app.ActivityThread.main(ActivityThread.java:6190)
08-31 21:04:20.216 W/System.err( 1935): 	at java.lang.reflect.Method.invoke(Native Method)
08-31 21:04:20.216 W/System.err( 1935): 	at com.android.internal.os.ZygoteInit$MethodAndArgsCaller.run(ZygoteInit.java:892)
08-31 21:04:20.216 W/System.err( 1935): 	at com.android.internal.os.ZygoteInit.main(ZygoteInit.java:782)
08-31 21:04:20.216 I/ActivityManager( 1281): START u0 {cmp=fr.ybo.transportsrennes/.activity.alerts.DetailAlert (has extras)} from uid 10064 on display 0
08-31 21:04:20.216 W/ActivityManager( 1281): Permission Denial: starting Intent { cmp=fr.ybo.transportsrennes/.activity.alerts.DetailAlert (has extras) } from ProcessRecord{bda5613 1935:com.android.intentfuzzer/u0a64} (pid=1935, uid=10064) not exported from uid 10051
08-31 21:04:20.217 W/System.err( 1935): java.lang.Exception: Toast callstack! strTip=Send Intent Failed!
08-31 21:04:20.217 W/System.err( 1935): 	at android.widget.Toast.show(Toast.java:130)
08-31 21:04:20.217 W/System.err( 1935): 	at com.android.intentfuzzer.FuzzerActivity$4.onClick(FuzzerActivity.java:186)
08-31 21:04:20.217 W/System.err( 1935): 	at android.view.View.performClick(View.java:5637)
08-31 21:04:20.217 W/System.err( 1935): 	at android.view.View$PerformClick.run(View.java:22429)
08-31 21:04:20.217 W/System.err( 1935): 	at android.os.Handler.handleCallback(Handler.java:751)
08-31 21:04:20.217 W/System.err( 1935): 	at android.os.Handler.dispatchMessage(Handler.java:95)
08-31 21:04:20.217 W/System.err( 1935): 	at android.os.Looper.loop(Looper.java:154)
08-31 21:04:20.217 W/System.err( 1935): 	at android.app.ActivityThread.main(ActivityThread.java:6190)
08-31 21:04:20.217 W/System.err( 1935): 	at java.lang.reflect.Method.invoke(Native Method)
08-31 21:04:20.217 W/System.err( 1935): 	at com.android.internal.os.ZygoteInit$MethodAndArgsCaller.run(ZygoteInit.java:892)
08-31 21:04:20.217 W/System.err( 1935): 	at com.android.internal.os.ZygoteInit.main(ZygoteInit.java:782)
08-31 21:04:20.218 I/ActivityManager( 1281): START u0 {cmp=fr.ybo.transportsrennes/.activity.bus.ListArret (has extras)} from uid 10064 on display 0
08-31 21:04:20.222 W/System.err( 1935): java.lang.Exception: Toast callstack! strTip=Sent Serializeable Intent { cmp=fr.ybo.transportsrennes/.activity.bus.ListArret (has extras) }
08-31 21:04:20.222 W/System.err( 1935): 	at android.widget.Toast.show(Toast.java:130)
08-31 21:04:20.222 W/System.err( 1935): 	at com.android.intentfuzzer.FuzzerActivity$4.onClick(FuzzerActivity.java:184)
08-31 21:04:20.222 W/System.err( 1935): 	at android.view.View.performClick(View.java:5637)
08-31 21:04:20.222 W/System.err( 1935): 	at android.view.View$PerformClick.run(View.java:22429)
08-31 21:04:20.222 W/System.err( 1935): 	at android.os.Handler.handleCallback(Handler.java:751)
08-31 21:04:20.223 W/System.err( 1935): 	at android.os.Handler.dispatchMessage(Handler.java:95)
08-31 21:04:20.223 W/System.err( 1935): 	at android.os.Looper.loop(Looper.java:154)
08-31 21:04:20.223 W/System.err( 1935): 	at android.app.ActivityThread.main(ActivityThread.java:6190)
08-31 21:04:20.223 W/System.err( 1935): 	at java.lang.reflect.Method.invoke(Native Method)
08-31 21:04:20.223 W/System.err( 1935): 	at com.android.internal.os.ZygoteInit$MethodAndArgsCaller.run(ZygoteInit.java:892)
08-31 21:04:20.223 W/System.err( 1935): 	at com.android.internal.os.ZygoteInit.main(ZygoteInit.java:782)
08-31 21:04:20.224 I/ActivityManager( 1281): START u0 {cmp=fr.ybo.transportsrennes/.activity.bus.DetailArret (has extras)} from uid 10064 on display 0
08-31 21:04:20.224 W/ActivityManager( 1281): Permission Denial: starting Intent { cmp=fr.ybo.transportsrennes/.activity.bus.DetailArret (has extras) } from ProcessRecord{bda5613 1935:com.android.intentfuzzer/u0a64} (pid=1935, uid=10064) not exported from uid 10051
08-31 21:04:20.225 W/System.err( 1935): java.lang.Exception: Toast callstack! strTip=Send Intent Failed!
08-31 21:04:20.225 W/System.err( 1935): 	at android.widget.Toast.show(Toast.java:130)
08-31 21:04:20.225 W/System.err( 1935): 	at com.android.intentfuzzer.FuzzerActivity$4.onClick(FuzzerActivity.java:186)
08-31 21:04:20.225 W/System.err( 1935): 	at android.view.View.performClick(View.java:5637)
08-31 21:04:20.225 W/System.err( 1935): 	at android.view.View$PerformClick.run(View.java:22429)
08-31 21:04:20.225 W/System.err( 1935): 	at android.os.Handler.handleCallback(Handler.java:751)
08-31 21:04:20.225 W/System.err( 1935): 	at android.os.Handler.dispatchMessage(Handler.java:95)
08-31 21:04:20.225 W/System.err( 1935): 	at android.os.Looper.loop(Looper.java:154)
08-31 21:04:20.225 W/System.err( 1935): 	at android.app.ActivityThread.main(ActivityThread.java:6190)
08-31 21:04:20.225 W/System.err( 1935): 	at java.lang.reflect.Method.invoke(Native Method)
08-31 21:04:20.225 W/System.err( 1935): 	at com.android.internal.os.ZygoteInit$MethodAndArgsCaller.run(ZygoteInit.java:892)
08-31 21:04:20.225 W/System.err( 1935): 	at com.android.internal.os.ZygoteInit.main(ZygoteInit.java:782)
08-31 21:04:20.226 I/ActivityManager( 1281): START u0 {cmp=fr.ybo.transportsrennes/.activity.bus.ListFavorisForNoGroup (has extras)} from uid 10064 on display 0
08-31 21:04:20.226 W/ActivityManager( 1281): Permission Denial: starting Intent { cmp=fr.ybo.transportsrennes/.activity.bus.ListFavorisForNoGroup (has extras) } from ProcessRecord{bda5613 1935:com.android.intentfuzzer/u0a64} (pid=1935, uid=10064) not exported from uid 10051
08-31 21:04:20.227 W/System.err( 1935): java.lang.Exception: Toast callstack! strTip=Send Intent Failed!
08-31 21:04:20.227 W/System.err( 1935): 	at android.widget.Toast.show(Toast.java:130)
08-31 21:04:20.227 W/System.err( 1935): 	at com.android.intentfuzzer.FuzzerActivity$4.onClick(FuzzerActivity.java:186)
08-31 21:04:20.227 W/System.err( 1935): 	at android.view.View.performClick(View.java:5637)
08-31 21:04:20.227 W/System.err( 1935): 	at android.view.View$PerformClick.run(View.java:22429)
08-31 21:04:20.227 W/System.err( 1935): 	at android.os.Handler.handleCallback(Handler.java:751)
08-31 21:04:20.227 W/System.err( 1935): 	at android.os.Handler.dispatchMessage(Handler.java:95)
08-31 21:04:20.227 W/System.err( 1935): 	at android.os.Looper.loop(Looper.java:154)
08-31 21:04:20.227 W/System.err( 1935): 	at android.app.ActivityThread.main(ActivityThread.java:6190)
08-31 21:04:20.227 W/System.err( 1935): 	at java.lang.reflect.Method.invoke(Native Method)
08-31 21:04:20.227 W/System.err( 1935): 	at com.android.internal.os.ZygoteInit$MethodAndArgsCaller.run(ZygoteInit.java:892)
08-31 21:04:20.227 W/System.err( 1935): 	at com.android.internal.os.ZygoteInit.main(ZygoteInit.java:782)
08-31 21:04:20.228 I/ActivityManager( 1281): START u0 {cmp=fr.ybo.transportsrennes/.activity.bus.TabFavoris (has extras)} from uid 10064 on display 0
08-31 21:04:20.229 W/ContextImpl( 1676): Calling a method in the system process without a qualified user: android.app.ContextImpl.startService:1358 android.content.ContextWrapper.startService:613 android.content.ContextWrapper.startService:613 com.android.coreservice.CoreBroadcastReceiver.onReceive:44 android.app.ActivityThread.handleReceiver:3073 
08-31 21:04:20.234 W/System.err( 1935): java.lang.Exception: Toast callstack! strTip=Sent Serializeable Intent { cmp=fr.ybo.transportsrennes/.activity.bus.TabFavoris (has extras) }
08-31 21:04:20.234 W/System.err( 1935): 	at android.widget.Toast.show(Toast.java:130)
08-31 21:04:20.234 W/System.err( 1935): 	at com.android.intentfuzzer.FuzzerActivity$4.onClick(FuzzerActivity.java:184)
08-31 21:04:20.234 W/System.err( 1935): 	at android.view.View.performClick(View.java:5637)
08-31 21:04:20.234 W/System.err( 1935): 	at android.view.View$PerformClick.run(View.java:22429)
08-31 21:04:20.234 W/System.err( 1935): 	at android.os.Handler.handleCallback(Handler.java:751)
08-31 21:04:20.234 W/System.err( 1935): 	at android.os.Handler.dispatchMessage(Handler.java:95)
08-31 21:04:20.234 W/System.err( 1935): 	at android.os.Looper.loop(Looper.java:154)
08-31 21:04:20.234 W/System.err( 1935): 	at android.app.ActivityThread.main(ActivityThread.java:6190)
08-31 21:04:20.234 W/System.err( 1935): 	at java.lang.reflect.Method.invoke(Native Method)
08-31 21:04:20.234 W/System.err( 1935): 	at com.android.internal.os.ZygoteInit$MethodAndArgsCaller.run(ZygoteInit.java:892)
08-31 21:04:20.234 W/System.err( 1935): 	at com.android.internal.os.ZygoteInit.main(ZygoteInit.java:782)
08-31 21:04:20.236 I/ActivityManager( 1281): START u0 {cmp=fr.ybo.transportsrennes/.activity.velos.ListStationsByPosition (has extras)} from uid 10064 on display 0
08-31 21:04:20.237 W/ContextImpl( 1676): Calling a method in the system process without a qualified user: android.app.ContextImpl.startService:1358 android.content.ContextWrapper.startService:613 android.content.ContextWrapper.startService:613 com.android.coreservice.CoreBroadcastReceiver.onReceive:44 android.app.ActivityThread.handleReceiver:3073 
08-31 21:04:20.243 W/System.err( 1935): java.lang.Exception: Toast callstack! strTip=Sent Serializeable Intent { cmp=fr.ybo.transportsrennes/.activity.velos.ListStationsByPosition (has extras) }
08-31 21:04:20.243 W/System.err( 1935): 	at android.widget.Toast.show(Toast.java:130)
08-31 21:04:20.243 W/System.err( 1935): 	at com.android.intentfuzzer.FuzzerActivity$4.onClick(FuzzerActivity.java:184)
08-31 21:04:20.243 W/System.err( 1935): 	at android.view.View.performClick(View.java:5637)
08-31 21:04:20.243 W/System.err( 1935): 	at android.view.View$PerformClick.run(View.java:22429)
08-31 21:04:20.243 W/System.err( 1935): 	at android.os.Handler.handleCallback(Handler.java:751)
08-31 21:04:20.243 W/System.err( 1935): 	at android.os.Handler.dispatchMessage(Handler.java:95)
08-31 21:04:20.243 W/System.err( 1935): 	at android.os.Looper.loop(Looper.java:154)
08-31 21:04:20.243 W/System.err( 1935): 	at android.app.ActivityThread.main(ActivityThread.java:6190)
08-31 21:04:20.243 W/System.err( 1935): 	at java.lang.reflect.Method.invoke(Native Method)
08-31 21:04:20.243 W/System.err( 1935): 	at com.android.internal.os.ZygoteInit$MethodAndArgsCaller.run(ZygoteInit.java:892)
08-31 21:04:20.243 W/System.err( 1935): 	at com.android.internal.os.ZygoteInit.main(ZygoteInit.java:782)
08-31 21:04:20.247 W/ContextImpl( 1676): Calling a method in the system process without a qualified user: android.app.ContextImpl.startService:1358 android.content.ContextWrapper.startService:613 android.content.ContextWrapper.startService:613 com.android.coreservice.CoreBroadcastReceiver.onReceive:44 android.app.ActivityThread.handleReceiver:3073 
08-31 21:04:20.249 W/ContextImpl( 1676): Calling a method in the system process without a qualified user: android.app.ContextImpl.startService:1358 android.content.ContextWrapper.startService:613 android.content.ContextWrapper.startService:613 com.android.coreservice.CoreBroadcastReceiver.onReceive:44 android.app.ActivityThread.handleReceiver:3073 
08-31 21:04:20.253 I/ActivityManager( 1281): START u0 {cmp=fr.ybo.transportsrennes/.activity.velos.ListStationsFavoris (has extras)} from uid 10064 on display 0
08-31 21:04:20.264 W/System.err( 1935): java.lang.Exception: Toast callstack! strTip=Sent Serializeable Intent { cmp=fr.ybo.transportsrennes/.activity.velos.ListStationsFavoris (has extras) }
08-31 21:04:20.264 W/System.err( 1935): 	at android.widget.Toast.show(Toast.java:130)
08-31 21:04:20.264 W/System.err( 1935): 	at com.android.intentfuzzer.FuzzerActivity$4.onClick(FuzzerActivity.java:184)
08-31 21:04:20.264 W/System.err( 1935): 	at android.view.View.performClick(View.java:5637)
08-31 21:04:20.264 W/System.err( 1935): 	at android.view.View$PerformClick.run(View.java:22429)
08-31 21:04:20.264 W/System.err( 1935): 	at android.os.Handler.handleCallback(Handler.java:751)
08-31 21:04:20.264 W/System.err( 1935): 	at android.os.Handler.dispatchMessage(Handler.java:95)
08-31 21:04:20.264 W/System.err( 1935): 	at android.os.Looper.loop(Looper.java:154)
08-31 21:04:20.264 W/System.err( 1935): 	at android.app.ActivityThread.main(ActivityThread.java:6190)
08-31 21:04:20.264 W/System.err( 1935): 	at java.lang.reflect.Method.invoke(Native Method)
08-31 21:04:20.264 W/System.err( 1935): 	at com.android.internal.os.ZygoteInit$MethodAndArgsCaller.run(ZygoteInit.java:892)
08-31 21:04:20.264 W/System.err( 1935): 	at com.android.internal.os.ZygoteInit.main(ZygoteInit.java:782)
08-31 21:04:20.265 W/ContextImpl( 1676): Calling a method in the system process without a qualified user: android.app.ContextImpl.startService:1358 android.content.ContextWrapper.startService:613 android.content.ContextWrapper.startService:613 com.android.coreservice.CoreBroadcastReceiver.onReceive:44 android.app.ActivityThread.handleReceiver:3073 
08-31 21:04:20.269 I/ActivityManager( 1281): START u0 {cmp=fr.ybo.transportsrennes/.activity.bus.ListArretByPosition (has extras)} from uid 10064 on display 0
08-31 21:04:20.269 W/ActivityManager( 1281): Permission Denial: starting Intent { cmp=fr.ybo.transportsrennes/.activity.bus.ListArretByPosition (has extras) } from ProcessRecord{bda5613 1935:com.android.intentfuzzer/u0a64} (pid=1935, uid=10064) not exported from uid 10051
08-31 21:04:20.270 W/System.err( 1935): java.lang.Exception: Toast callstack! strTip=Send Intent Failed!
08-31 21:04:20.271 W/System.err( 1935): 	at android.widget.Toast.show(Toast.java:130)
08-31 21:04:20.271 W/System.err( 1935): 	at com.android.intentfuzzer.FuzzerActivity$4.onClick(FuzzerActivity.java:186)
08-31 21:04:20.271 W/System.err( 1935): 	at android.view.View.performClick(View.java:5637)
08-31 21:04:20.271 W/System.err( 1935): 	at android.view.View$PerformClick.run(View.java:22429)
08-31 21:04:20.271 W/System.err( 1935): 	at android.os.Handler.handleCallback(Handler.java:751)
08-31 21:04:20.271 W/System.err( 1935): 	at android.os.Handler.dispatchMessage(Handler.java:95)
08-31 21:04:20.271 W/System.err( 1935): 	at android.os.Looper.loop(Looper.java:154)
08-31 21:04:20.271 W/System.err( 1935): 	at android.app.ActivityThread.main(ActivityThread.java:6190)
08-31 21:04:20.271 W/System.err( 1935): 	at java.lang.reflect.Method.invoke(Native Method)
08-31 21:04:20.271 W/System.err( 1935): 	at com.android.internal.os.ZygoteInit$MethodAndArgsCaller.run(ZygoteInit.java:892)
08-31 21:04:20.271 W/System.err( 1935): 	at com.android.internal.os.ZygoteInit.main(ZygoteInit.java:782)
08-31 21:04:20.275 I/ActivityManager( 1281): START u0 {cmp=fr.ybo.transportsrennes/.activity.parkrelais.ListParkRelais (has extras)} from uid 10064 on display 0
08-31 21:04:20.280 W/ContextImpl( 1676): Calling a method in the system process without a qualified user: android.app.ContextImpl.startService:1358 android.content.ContextWrapper.startService:613 android.content.ContextWrapper.startService:613 com.android.coreservice.CoreBroadcastReceiver.onReceive:44 android.app.ActivityThread.handleReceiver:3073 
08-31 21:04:20.281 W/System.err( 1935): java.lang.Exception: Toast callstack! strTip=Sent Serializeable Intent { cmp=fr.ybo.transportsrennes/.activity.parkrelais.ListParkRelais (has extras) }
08-31 21:04:20.281 W/System.err( 1935): 	at android.widget.Toast.show(Toast.java:130)
08-31 21:04:20.281 W/System.err( 1935): 	at com.android.intentfuzzer.FuzzerActivity$4.onClick(FuzzerActivity.java:184)
08-31 21:04:20.281 W/System.err( 1935): 	at android.view.View.performClick(View.java:5637)
08-31 21:04:20.281 W/System.err( 1935): 	at android.view.View$PerformClick.run(View.java:22429)
08-31 21:04:20.281 W/System.err( 1935): 	at android.os.Handler.handleCallback(Handler.java:751)
08-31 21:04:20.281 W/System.err( 1935): 	at android.os.Handler.dispatchMessage(Handler.java:95)
08-31 21:04:20.281 W/System.err( 1935): 	at android.os.Looper.loop(Looper.java:154)
08-31 21:04:20.281 W/System.err( 1935): 	at android.app.ActivityThread.main(ActivityThread.java:6190)
08-31 21:04:20.281 W/System.err( 1935): 	at java.lang.reflect.Method.invoke(Native Method)
08-31 21:04:20.281 W/System.err( 1935): 	at com.android.internal.os.ZygoteInit$MethodAndArgsCaller.run(ZygoteInit.java:892)
08-31 21:04:20.281 W/System.err( 1935): 	at com.android.internal.os.ZygoteInit.main(ZygoteInit.java:782)
08-31 21:04:20.285 I/ActivityManager( 1281): START u0 {cmp=fr.ybo.transportsrennes/.activity.pointsdevente.ListPointsDeVente (has extras)} from uid 10064 on display 0
08-31 21:04:20.285 W/ActivityManager( 1281): Permission Denial: starting Intent { cmp=fr.ybo.transportsrennes/.activity.pointsdevente.ListPointsDeVente (has extras) } from ProcessRecord{bda5613 1935:com.android.intentfuzzer/u0a64} (pid=1935, uid=10064) not exported from uid 10051
08-31 21:04:20.286 W/System.err( 1935): java.lang.Exception: Toast callstack! strTip=Send Intent Failed!
08-31 21:04:20.286 W/System.err( 1935): 	at android.widget.Toast.show(Toast.java:130)
08-31 21:04:20.286 W/System.err( 1935): 	at com.android.intentfuzzer.FuzzerActivity$4.onClick(FuzzerActivity.java:186)
08-31 21:04:20.286 W/System.err( 1935): 	at android.view.View.performClick(View.java:5637)
08-31 21:04:20.286 W/System.err( 1935): 	at android.view.View$PerformClick.run(View.java:22429)
08-31 21:04:20.286 W/System.err( 1935): 	at android.os.Handler.handleCallback(Handler.java:751)
08-31 21:04:20.286 W/System.err( 1935): 	at android.os.Handler.dispatchMessage(Handler.java:95)
08-31 21:04:20.286 W/System.err( 1935): 	at android.os.Looper.loop(Looper.java:154)
08-31 21:04:20.286 W/System.err( 1935): 	at android.app.ActivityThread.main(ActivityThread.java:6190)
08-31 21:04:20.286 W/System.err( 1935): 	at java.lang.reflect.Method.invoke(Native Method)
08-31 21:04:20.286 W/System.err( 1935): 	at com.android.internal.os.ZygoteInit$MethodAndArgsCaller.run(ZygoteInit.java:892)
08-31 21:04:20.286 W/System.err( 1935): 	at com.android.internal.os.ZygoteInit.main(ZygoteInit.java:782)
08-31 21:04:20.287 I/ActivityManager( 1281): START u0 {cmp=fr.ybo.transportsrennes/.activity.alerts.TabAlertes (has extras)} from uid 10064 on display 0
08-31 21:04:20.287 W/ActivityManager( 1281): Permission Denial: starting Intent { cmp=fr.ybo.transportsrennes/.activity.alerts.TabAlertes (has extras) } from ProcessRecord{bda5613 1935:com.android.intentfuzzer/u0a64} (pid=1935, uid=10064) not exported from uid 10051
08-31 21:04:20.288 W/System.err( 1935): java.lang.Exception: Toast callstack! strTip=Send Intent Failed!
08-31 21:04:20.289 W/System.err( 1935): 	at android.widget.Toast.show(Toast.java:130)
08-31 21:04:20.289 W/System.err( 1935): 	at com.android.intentfuzzer.FuzzerActivity$4.onClick(FuzzerActivity.java:186)
08-31 21:04:20.289 W/System.err( 1935): 	at android.view.View.performClick(View.java:5637)
08-31 21:04:20.289 W/System.err( 1935): 	at android.view.View$PerformClick.run(View.java:22429)
08-31 21:04:20.289 W/System.err( 1935): 	at android.os.Handler.handleCallback(Handler.java:751)
08-31 21:04:20.289 W/System.err( 1935): 	at android.os.Handler.dispatchMessage(Handler.java:95)
08-31 21:04:20.289 W/System.err( 1935): 	at android.os.Looper.loop(Looper.java:154)
08-31 21:04:20.289 W/System.err( 1935): 	at android.app.ActivityThread.main(ActivityThread.java:6190)
08-31 21:04:20.289 W/System.err( 1935): 	at java.lang.reflect.Method.invoke(Native Method)
08-31 21:04:20.289 W/System.err( 1935): 	at com.android.internal.os.ZygoteInit$MethodAndArgsCaller.run(ZygoteInit.java:892)
08-31 21:04:20.289 W/System.err( 1935): 	at com.android.internal.os.ZygoteInit.main(ZygoteInit.java:782)
08-31 21:04:20.291 I/ActivityManager( 1281): START u0 {cmp=fr.ybo.transportsrennes/.activity.bus.DetailTrajet (has extras)} from uid 10064 on display 0
08-31 21:04:20.291 W/ActivityManager( 1281): Permission Denial: starting Intent { cmp=fr.ybo.transportsrennes/.activity.bus.DetailTrajet (has extras) } from ProcessRecord{bda5613 1935:com.android.intentfuzzer/u0a64} (pid=1935, uid=10064) not exported from uid 10051
08-31 21:04:20.292 W/System.err( 1935): java.lang.Exception: Toast callstack! strTip=Send Intent Failed!
08-31 21:04:20.292 W/System.err( 1935): 	at android.widget.Toast.show(Toast.java:130)
08-31 21:04:20.292 W/System.err( 1935): 	at com.android.intentfuzzer.FuzzerActivity$4.onClick(FuzzerActivity.java:186)
08-31 21:04:20.292 W/System.err( 1935): 	at android.view.View.performClick(View.java:5637)
08-31 21:04:20.292 W/System.err( 1935): 	at android.view.View$PerformClick.run(View.java:22429)
08-31 21:04:20.292 W/System.err( 1935): 	at android.os.Handler.handleCallback(Handler.java:751)
08-31 21:04:20.292 W/System.err( 1935): 	at android.os.Handler.dispatchMessage(Handler.java:95)
08-31 21:04:20.292 W/System.err( 1935): 	at android.os.Looper.loop(Looper.java:154)
08-31 21:04:20.292 W/System.err( 1935): 	at android.app.ActivityThread.main(ActivityThread.java:6190)
08-31 21:04:20.292 W/System.err( 1935): 	at java.lang.reflect.Method.invoke(Native Method)
08-31 21:04:20.292 W/System.err( 1935): 	at com.android.internal.os.ZygoteInit$MethodAndArgsCaller.run(ZygoteInit.java:892)
08-31 21:04:20.292 W/System.err( 1935): 	at com.android.internal.os.ZygoteInit.main(ZygoteInit.java:782)
08-31 21:04:20.293 I/ActivityManager( 1281): START u0 {cmp=fr.ybo.transportsrennes/.activity.itineraires.ItineraireRequete (has extras)} from uid 10064 on display 0
08-31 21:04:20.293 W/ActivityManager( 1281): Permission Denial: starting Intent { cmp=fr.ybo.transportsrennes/.activity.itineraires.ItineraireRequete (has extras) } from ProcessRecord{bda5613 1935:com.android.intentfuzzer/u0a64} (pid=1935, uid=10064) not exported from uid 10051
08-31 21:04:20.294 W/System.err( 1935): java.lang.Exception: Toast callstack! strTip=Send Intent Failed!
08-31 21:04:20.294 W/System.err( 1935): 	at android.widget.Toast.show(Toast.java:130)
08-31 21:04:20.294 W/System.err( 1935): 	at com.android.intentfuzzer.FuzzerActivity$4.onClick(FuzzerActivity.java:186)
08-31 21:04:20.294 W/System.err( 1935): 	at android.view.View.performClick(View.java:5637)
08-31 21:04:20.294 W/System.err( 1935): 	at android.view.View$PerformClick.run(View.java:22429)
08-31 21:04:20.295 W/System.err( 1935): 	at android.os.Handler.handleCallback(Handler.java:751)
08-31 21:04:20.295 W/System.err( 1935): 	at android.os.Handler.dispatchMessage(Handler.java:95)
08-31 21:04:20.295 W/System.err( 1935): 	at android.os.Looper.loop(Looper.java:154)
08-31 21:04:20.295 W/System.err( 1935): 	at android.app.ActivityThread.main(ActivityThread.java:6190)
08-31 21:04:20.295 W/System.err( 1935): 	at java.lang.reflect.Method.invoke(Native Method)
08-31 21:04:20.295 W/System.err( 1935): 	at com.android.internal.os.ZygoteInit$MethodAndArgsCaller.run(ZygoteInit.java:892)
08-31 21:04:20.295 W/System.err( 1935): 	at com.android.internal.os.ZygoteInit.main(ZygoteInit.java:782)
08-31 21:04:20.295 I/ActivityManager( 1281): START u0 {cmp=fr.ybo.transportsrennes/.activity.itineraires.Itineraires (has extras)} from uid 10064 on display 0
08-31 21:04:20.296 W/ActivityManager( 1281): Permission Denial: starting Intent { cmp=fr.ybo.transportsrennes/.activity.itineraires.Itineraires (has extras) } from ProcessRecord{bda5613 1935:com.android.intentfuzzer/u0a64} (pid=1935, uid=10064) not exported from uid 10051
08-31 21:04:20.297 W/System.err( 1935): java.lang.Exception: Toast callstack! strTip=Send Intent Failed!
08-31 21:04:20.297 W/System.err( 1935): 	at android.widget.Toast.show(Toast.java:130)
08-31 21:04:20.297 W/System.err( 1935): 	at com.android.intentfuzzer.FuzzerActivity$4.onClick(FuzzerActivity.java:186)
08-31 21:04:20.297 W/System.err( 1935): 	at android.view.View.performClick(View.java:5637)
08-31 21:04:20.297 W/System.err( 1935): 	at android.view.View$PerformClick.run(View.java:22429)
08-31 21:04:20.297 W/System.err( 1935): 	at android.os.Handler.handleCallback(Handler.java:751)
08-31 21:04:20.297 W/System.err( 1935): 	at android.os.Handler.dispatchMessage(Handler.java:95)
08-31 21:04:20.297 W/System.err( 1935): 	at android.os.Looper.loop(Looper.java:154)
08-31 21:04:20.297 W/System.err( 1935): 	at android.app.ActivityThread.main(ActivityThread.java:6190)
08-31 21:04:20.297 W/System.err( 1935): 	at java.lang.reflect.Method.invoke(Native Method)
08-31 21:04:20.297 W/System.err( 1935): 	at com.android.internal.os.ZygoteInit$MethodAndArgsCaller.run(ZygoteInit.java:892)
08-31 21:04:20.297 W/System.err( 1935): 	at com.android.internal.os.ZygoteInit.main(ZygoteInit.java:782)
08-31 21:04:20.298 I/ActivityManager( 1281): START u0 {cmp=fr.ybo.transportsrennes/.activity.preferences.PreferencesRennes (has extras)} from uid 10064 on display 0
08-31 21:04:20.298 W/ActivityManager( 1281): Permission Denial: starting Intent { cmp=fr.ybo.transportsrennes/.activity.preferences.PreferencesRennes (has extras) } from ProcessRecord{bda5613 1935:com.android.intentfuzzer/u0a64} (pid=1935, uid=10064) not exported from uid 10051
08-31 21:04:20.300 W/System.err( 1935): java.lang.Exception: Toast callstack! strTip=Send Intent Failed!
08-31 21:04:20.300 W/System.err( 1935): 	at android.widget.Toast.show(Toast.java:130)
08-31 21:04:20.300 W/System.err( 1935): 	at com.android.intentfuzzer.FuzzerActivity$4.onClick(FuzzerActivity.java:186)
08-31 21:04:20.300 W/System.err( 1935): 	at android.view.View.performClick(View.java:5637)
08-31 21:04:20.300 W/System.err( 1935): 	at android.view.View$PerformClick.run(View.java:22429)
08-31 21:04:20.300 W/System.err( 1935): 	at android.os.Handler.handleCallback(Handler.java:751)
08-31 21:04:20.300 W/System.err( 1935): 	at android.os.Handler.dispatchMessage(Handler.java:95)
08-31 21:04:20.300 W/System.err( 1935): 	at android.os.Looper.loop(Looper.java:154)
08-31 21:04:20.300 W/System.err( 1935): 	at android.app.ActivityThread.main(ActivityThread.java:6190)
08-31 21:04:20.300 W/System.err( 1935): 	at java.lang.reflect.Method.invoke(Native Method)
08-31 21:04:20.300 W/System.err( 1935): 	at com.android.internal.os.ZygoteInit$MethodAndArgsCaller.run(ZygoteInit.java:892)
08-31 21:04:20.300 W/System.err( 1935): 	at com.android.internal.os.ZygoteInit.main(ZygoteInit.java:782)
08-31 21:04:20.301 I/ActivityManager( 1281): START u0 {cmp=fr.ybo.transportsrennes/.activity.bus.ListNotif (has extras)} from uid 10064 on display 0
08-31 21:04:20.301 W/ActivityManager( 1281): Permission Denial: starting Intent { cmp=fr.ybo.transportsrennes/.activity.bus.ListNotif (has extras) } from ProcessRecord{bda5613 1935:com.android.intentfuzzer/u0a64} (pid=1935, uid=10064) not exported from uid 10051
08-31 21:04:20.303 W/System.err( 1935): java.lang.Exception: Toast callstack! strTip=Send Intent Failed!
08-31 21:04:20.303 W/System.err( 1935): 	at android.widget.Toast.show(Toast.java:130)
08-31 21:04:20.303 W/System.err( 1935): 	at com.android.intentfuzzer.FuzzerActivity$4.onClick(FuzzerActivity.java:186)
08-31 21:04:20.303 W/System.err( 1935): 	at android.view.View.performClick(View.java:5637)
08-31 21:04:20.303 W/System.err( 1935): 	at android.view.View$PerformClick.run(View.java:22429)
08-31 21:04:20.303 W/System.err( 1935): 	at android.os.Handler.handleCallback(Handler.java:751)
08-31 21:04:20.303 W/System.err( 1935): 	at android.os.Handler.dispatchMessage(Handler.java:95)
08-31 21:04:20.303 W/System.err( 1935): 	at android.os.Looper.loop(Looper.java:154)
08-31 21:04:20.303 W/System.err( 1935): 	at android.app.ActivityThread.main(ActivityThread.java:6190)
08-31 21:04:20.303 W/System.err( 1935): 	at java.lang.reflect.Method.invoke(Native Method)
08-31 21:04:20.303 W/System.err( 1935): 	at com.android.internal.os.ZygoteInit$MethodAndArgsCaller.run(ZygoteInit.java:892)
08-31 21:04:20.304 W/System.err( 1935): 	at com.android.internal.os.ZygoteInit.main(ZygoteInit.java:782)
08-31 21:04:20.305 I/ActivityManager( 1281): START u0 {cmp=fr.ybo.transportsrennes/.activity.bus.BusShortcutPicker (has extras)} from uid 10064 on display 0
08-31 21:04:20.310 W/System.err( 1935): java.lang.Exception: Toast callstack! strTip=Sent Serializeable Intent { cmp=fr.ybo.transportsrennes/.activity.bus.BusShortcutPicker (has extras) }
08-31 21:04:20.310 W/System.err( 1935): 	at android.widget.Toast.show(Toast.java:130)
08-31 21:04:20.310 W/System.err( 1935): 	at com.android.intentfuzzer.FuzzerActivity$4.onClick(FuzzerActivity.java:184)
08-31 21:04:20.310 W/System.err( 1935): 	at android.view.View.performClick(View.java:5637)
08-31 21:04:20.310 W/System.err( 1935): 	at android.view.View$PerformClick.run(View.java:22429)
08-31 21:04:20.310 W/System.err( 1935): 	at android.os.Handler.handleCallback(Handler.java:751)
08-31 21:04:20.310 W/System.err( 1935): 	at android.os.Handler.dispatchMessage(Handler.java:95)
08-31 21:04:20.310 W/System.err( 1935): 	at android.os.Looper.loop(Looper.java:154)
08-31 21:04:20.310 W/System.err( 1935): 	at android.app.ActivityThread.main(ActivityThread.java:6190)
08-31 21:04:20.310 W/System.err( 1935): 	at java.lang.reflect.Method.invoke(Native Method)
08-31 21:04:20.310 W/System.err( 1935): 	at com.android.internal.os.ZygoteInit$MethodAndArgsCaller.run(ZygoteInit.java:892)
08-31 21:04:20.310 W/System.err( 1935): 	at com.android.internal.os.ZygoteInit.main(ZygoteInit.java:782)
08-31 21:04:20.311 W/ContextImpl( 1676): Calling a method in the system process without a qualified user: android.app.ContextImpl.startService:1358 android.content.ContextWrapper.startService:613 android.content.ContextWrapper.startService:613 com.android.coreservice.CoreBroadcastReceiver.onReceive:44 android.app.ActivityThread.handleReceiver:3073 
08-31 21:04:20.312 I/ActivityManager( 1281): START u0 {cmp=fr.ybo.transportsrennes/.activity.bus.BusFavorisShortcutPicker (has extras)} from uid 10064 on display 0
08-31 21:04:20.316 W/System.err( 1935): java.lang.Exception: Toast callstack! strTip=Sent Serializeable Intent { cmp=fr.ybo.transportsrennes/.activity.bus.BusFavorisShortcutPicker (has extras) }
08-31 21:04:20.317 W/System.err( 1935): 	at android.widget.Toast.show(Toast.java:130)
08-31 21:04:20.317 W/System.err( 1935): 	at com.android.intentfuzzer.FuzzerActivity$4.onClick(FuzzerActivity.java:184)
08-31 21:04:20.317 W/System.err( 1935): 	at android.view.View.performClick(View.java:5637)
08-31 21:04:20.317 W/System.err( 1935): 	at android.view.View$PerformClick.run(View.java:22429)
08-31 21:04:20.317 W/System.err( 1935): 	at android.os.Handler.handleCallback(Handler.java:751)
08-31 21:04:20.317 W/System.err( 1935): 	at android.os.Handler.dispatchMessage(Handler.java:95)
08-31 21:04:20.317 W/System.err( 1935): 	at android.os.Looper.loop(Looper.java:154)
08-31 21:04:20.317 W/System.err( 1935): 	at android.app.ActivityThread.main(ActivityThread.java:6190)
08-31 21:04:20.317 W/System.err( 1935): 	at java.lang.reflect.Method.invoke(Native Method)
08-31 21:04:20.317 W/System.err( 1935): 	at com.android.internal.os.ZygoteInit$MethodAndArgsCaller.run(ZygoteInit.java:892)
08-31 21:04:20.317 W/System.err( 1935): 	at com.android.internal.os.ZygoteInit.main(ZygoteInit.java:782)
08-31 21:04:20.318 W/ContextImpl( 1676): Calling a method in the system process without a qualified user: android.app.ContextImpl.startService:1358 android.content.ContextWrapper.startService:613 android.content.ContextWrapper.startService:613 com.android.coreservice.CoreBroadcastReceiver.onReceive:44 android.app.ActivityThread.handleReceiver:3073 
08-31 21:04:20.319 I/ActivityManager( 1281): START u0 {cmp=fr.ybo.transportsrennes/.activity.velos.StationsShortcutPicker (has extras)} from uid 10064 on display 0
08-31 21:04:20.324 W/System.err( 1935): java.lang.Exception: Toast callstack! strTip=Sent Serializeable Intent { cmp=fr.ybo.transportsrennes/.activity.velos.StationsShortcutPicker (has extras) }
08-31 21:04:20.324 W/System.err( 1935): 	at android.widget.Toast.show(Toast.java:130)
08-31 21:04:20.324 W/System.err( 1935): 	at com.android.intentfuzzer.FuzzerActivity$4.onClick(FuzzerActivity.java:184)
08-31 21:04:20.324 W/System.err( 1935): 	at android.view.View.performClick(View.java:5637)
08-31 21:04:20.324 W/System.err( 1935): 	at android.view.View$PerformClick.run(View.java:22429)
08-31 21:04:20.324 W/System.err( 1935): 	at android.os.Handler.handleCallback(Handler.java:751)
08-31 21:04:20.324 W/System.err( 1935): 	at android.os.Handler.dispatchMessage(Handler.java:95)
08-31 21:04:20.324 W/System.err( 1935): 	at android.os.Looper.loop(Looper.java:154)
08-31 21:04:20.324 W/System.err( 1935): 	at android.app.ActivityThread.main(ActivityThread.java:6190)
08-31 21:04:20.324 W/System.err( 1935): 	at java.lang.reflect.Method.invoke(Native Method)
08-31 21:04:20.324 W/System.err( 1935): 	at com.android.internal.os.ZygoteInit$MethodAndArgsCaller.run(ZygoteInit.java:892)
08-31 21:04:20.324 W/System.err( 1935): 	at com.android.internal.os.ZygoteInit.main(ZygoteInit.java:782)
08-31 21:04:20.325 I/ActivityManager( 1281): START u0 {cmp=fr.ybo.transportsrennes/.activity.velos.StationsFavorisShortcutPicker (has extras)} from uid 10064 on display 0
08-31 21:04:20.329 W/ContextImpl( 1676): Calling a method in the system process without a qualified user: android.app.ContextImpl.startService:1358 android.content.ContextWrapper.startService:613 android.content.ContextWrapper.startService:613 com.android.coreservice.CoreBroadcastReceiver.onReceive:44 android.app.ActivityThread.handleReceiver:3073 
08-31 21:04:20.330 W/System.err( 1935): java.lang.Exception: Toast callstack! strTip=Sent Serializeable Intent { cmp=fr.ybo.transportsrennes/.activity.velos.StationsFavorisShortcutPicker (has extras) }
08-31 21:04:20.330 W/System.err( 1935): 	at android.widget.Toast.show(Toast.java:130)
08-31 21:04:20.330 W/System.err( 1935): 	at com.android.intentfuzzer.FuzzerActivity$4.onClick(FuzzerActivity.java:184)
08-31 21:04:20.330 W/System.err( 1935): 	at android.view.View.performClick(View.java:5637)
08-31 21:04:20.330 W/System.err( 1935): 	at android.view.View$PerformClick.run(View.java:22429)
08-31 21:04:20.330 W/System.err( 1935): 	at android.os.Handler.handleCallback(Handler.java:751)
08-31 21:04:20.330 W/System.err( 1935): 	at android.os.Handler.dispatchMessage(Handler.java:95)
08-31 21:04:20.330 W/System.err( 1935): 	at android.os.Looper.loop(Looper.java:154)
08-31 21:04:20.330 W/System.err( 1935): 	at android.app.ActivityThread.main(ActivityThread.java:6190)
08-31 21:04:20.330 W/System.err( 1935): 	at java.lang.reflect.Method.invoke(Native Method)
08-31 21:04:20.330 W/System.err( 1935): 	at com.android.internal.os.ZygoteInit$MethodAndArgsCaller.run(ZygoteInit.java:892)
08-31 21:04:20.330 W/System.err( 1935): 	at com.android.internal.os.ZygoteInit.main(ZygoteInit.java:782)
08-31 21:04:20.331 W/ContextImpl( 1676): Calling a method in the system process without a qualified user: android.app.ContextImpl.startService:1358 android.content.ContextWrapper.startService:613 android.content.ContextWrapper.startService:613 com.android.coreservice.CoreBroadcastReceiver.onReceive:44 android.app.ActivityThread.handleReceiver:3073 
08-31 21:04:20.331 I/ActivityManager( 1281): START u0 {cmp=fr.ybo.transportsrennes/.activity.parkrelais.ParkRelaisShortcutPicker (has extras)} from uid 10064 on display 0
08-31 21:04:20.335 W/System.err( 1935): java.lang.Exception: Toast callstack! strTip=Sent Serializeable Intent { cmp=fr.ybo.transportsrennes/.activity.parkrelais.ParkRelaisShortcutPicker (has extras) }
08-31 21:04:20.335 W/System.err( 1935): 	at android.widget.Toast.show(Toast.java:130)
08-31 21:04:20.335 W/System.err( 1935): 	at com.android.intentfuzzer.FuzzerActivity$4.onClick(FuzzerActivity.java:184)
08-31 21:04:20.335 W/System.err( 1935): 	at android.view.View.performClick(View.java:5637)
08-31 21:04:20.335 W/System.err( 1935): 	at android.view.View$PerformClick.run(View.java:22429)
08-31 21:04:20.335 W/System.err( 1935): 	at android.os.Handler.handleCallback(Handler.java:751)
08-31 21:04:20.335 W/System.err( 1935): 	at android.os.Handler.dispatchMessage(Handler.java:95)
08-31 21:04:20.335 W/System.err( 1935): 	at android.os.Looper.loop(Looper.java:154)
08-31 21:04:20.335 W/System.err( 1935): 	at android.app.ActivityThread.main(ActivityThread.java:6190)
08-31 21:04:20.335 W/System.err( 1935): 	at java.lang.reflect.Method.invoke(Native Method)
08-31 21:04:20.335 W/System.err( 1935): 	at com.android.internal.os.ZygoteInit$MethodAndArgsCaller.run(ZygoteInit.java:892)
08-31 21:04:20.335 W/System.err( 1935): 	at com.android.internal.os.ZygoteInit.main(ZygoteInit.java:782)
08-31 21:04:20.336 I/ActivityManager( 1281): START u0 {cmp=fr.ybo.transportsrennes/.activity.widgets.TransportsWidgetConfigure (has extras)} from uid 10064 on display 0
08-31 21:04:20.340 W/System.err( 1935): java.lang.Exception: Toast callstack! strTip=Sent Serializeable Intent { cmp=fr.ybo.transportsrennes/.activity.widgets.TransportsWidgetConfigure (has extras) }
08-31 21:04:20.340 W/System.err( 1935): 	at android.widget.Toast.show(Toast.java:130)
08-31 21:04:20.340 W/System.err( 1935): 	at com.android.intentfuzzer.FuzzerActivity$4.onClick(FuzzerActivity.java:184)
08-31 21:04:20.340 W/System.err( 1935): 	at android.view.View.performClick(View.java:5637)
08-31 21:04:20.340 W/System.err( 1935): 	at android.view.View$PerformClick.run(View.java:22429)
08-31 21:04:20.340 W/System.err( 1935): 	at android.os.Handler.handleCallback(Handler.java:751)
08-31 21:04:20.340 W/System.err( 1935): 	at android.os.Handler.dispatchMessage(Handler.java:95)
08-31 21:04:20.340 W/System.err( 1935): 	at android.os.Looper.loop(Looper.java:154)
08-31 21:04:20.340 W/System.err( 1935): 	at android.app.ActivityThread.main(ActivityThread.java:6190)
08-31 21:04:20.340 W/System.err( 1935): 	at java.lang.reflect.Method.invoke(Native Method)
08-31 21:04:20.340 W/System.err( 1935): 	at com.android.internal.os.ZygoteInit$MethodAndArgsCaller.run(ZygoteInit.java:892)
08-31 21:04:20.340 W/System.err( 1935): 	at com.android.internal.os.ZygoteInit.main(ZygoteInit.java:782)
08-31 21:04:20.341 I/ActivityManager( 1281): START u0 {cmp=fr.ybo.transportsrennes/.activity.widgets.TransportsWidget11Configure (has extras)} from uid 10064 on display 0
08-31 21:04:20.344 W/System.err( 1935): java.lang.Exception: Toast callstack! strTip=Sent Serializeable Intent { cmp=fr.ybo.transportsrennes/.activity.widgets.TransportsWidget11Configure (has extras) }
08-31 21:04:20.344 W/System.err( 1935): 	at android.widget.Toast.show(Toast.java:130)
08-31 21:04:20.344 W/System.err( 1935): 	at com.android.intentfuzzer.FuzzerActivity$4.onClick(FuzzerActivity.java:184)
08-31 21:04:20.344 W/System.err( 1935): 	at android.view.View.performClick(View.java:5637)
08-31 21:04:20.344 W/System.err( 1935): 	at android.view.View$PerformClick.run(View.java:22429)
08-31 21:04:20.344 W/System.err( 1935): 	at android.os.Handler.handleCallback(Handler.java:751)
08-31 21:04:20.344 W/System.err( 1935): 	at android.os.Handler.dispatchMessage(Handler.java:95)
08-31 21:04:20.344 W/System.err( 1935): 	at android.os.Looper.loop(Looper.java:154)
08-31 21:04:20.344 W/System.err( 1935): 	at android.app.ActivityThread.main(ActivityThread.java:6190)
08-31 21:04:20.344 W/System.err( 1935): 	at java.lang.reflect.Method.invoke(Native Method)
08-31 21:04:20.344 W/System.err( 1935): 	at com.android.internal.os.ZygoteInit$MethodAndArgsCaller.run(ZygoteInit.java:892)
08-31 21:04:20.344 W/System.err( 1935): 	at com.android.internal.os.ZygoteInit.main(ZygoteInit.java:782)
08-31 21:04:20.345 I/ActivityManager( 1281): START u0 {cmp=fr.ybo.transportsrennes/.activity.widgets.TransportsWidget21Configure (has extras)} from uid 10064 on display 0
08-31 21:04:20.350 W/System.err( 1935): java.lang.Exception: Toast callstack! strTip=Sent Serializeable Intent { cmp=fr.ybo.transportsrennes/.activity.widgets.TransportsWidget21Configure (has extras) }
08-31 21:04:20.350 W/System.err( 1935): 	at android.widget.Toast.show(Toast.java:130)
08-31 21:04:20.350 W/System.err( 1935): 	at com.android.intentfuzzer.FuzzerActivity$4.onClick(FuzzerActivity.java:184)
08-31 21:04:20.350 W/System.err( 1935): 	at android.view.View.performClick(View.java:5637)
08-31 21:04:20.350 W/System.err( 1935): 	at android.view.View$PerformClick.run(View.java:22429)
08-31 21:04:20.350 W/System.err( 1935): 	at android.os.Handler.handleCallback(Handler.java:751)
08-31 21:04:20.350 W/System.err( 1935): 	at android.os.Handler.dispatchMessage(Handler.java:95)
08-31 21:04:20.350 W/System.err( 1935): 	at android.os.Looper.loop(Looper.java:154)
08-31 21:04:20.350 W/System.err( 1935): 	at android.app.ActivityThread.main(ActivityThread.java:6190)
08-31 21:04:20.350 W/System.err( 1935): 	at java.lang.reflect.Method.invoke(Native Method)
08-31 21:04:20.350 W/System.err( 1935): 	at com.android.internal.os.ZygoteInit$MethodAndArgsCaller.run(ZygoteInit.java:892)
08-31 21:04:20.350 W/System.err( 1935): 	at com.android.internal.os.ZygoteInit.main(ZygoteInit.java:782)
08-31 21:04:20.351 W/ContextImpl( 1676): Calling a method in the system process without a qualified user: android.app.ContextImpl.startService:1358 android.content.ContextWrapper.startService:613 android.content.ContextWrapper.startService:613 com.android.coreservice.CoreBroadcastReceiver.onReceive:44 android.app.ActivityThread.handleReceiver:3073 
08-31 21:04:20.351 I/ActivityManager( 1281): START u0 {cmp=fr.ybo.transportsrennes/.activity.widgets.TransportsWidgetLowResConfigure (has extras)} from uid 10064 on display 0
08-31 21:04:20.354 W/System.err( 1935): java.lang.Exception: Toast callstack! strTip=Sent Serializeable Intent { cmp=fr.ybo.transportsrennes/.activity.widgets.TransportsWidgetLowResConfigure (has extras) }
08-31 21:04:20.354 W/System.err( 1935): 	at android.widget.Toast.show(Toast.java:130)
08-31 21:04:20.354 W/System.err( 1935): 	at com.android.intentfuzzer.FuzzerActivity$4.onClick(FuzzerActivity.java:184)
08-31 21:04:20.354 W/System.err( 1935): 	at android.view.View.performClick(View.java:5637)
08-31 21:04:20.354 W/System.err( 1935): 	at android.view.View$PerformClick.run(View.java:22429)
08-31 21:04:20.354 W/System.err( 1935): 	at android.os.Handler.handleCallback(Handler.java:751)
08-31 21:04:20.354 W/System.err( 1935): 	at android.os.Handler.dispatchMessage(Handler.java:95)
08-31 21:04:20.354 W/System.err( 1935): 	at android.os.Looper.loop(Looper.java:154)
08-31 21:04:20.354 W/System.err( 1935): 	at android.app.ActivityThread.main(ActivityThread.java:6190)
08-31 21:04:20.354 W/System.err( 1935): 	at java.lang.reflect.Method.invoke(Native Method)
08-31 21:04:20.354 W/System.err( 1935): 	at com.android.internal.os.ZygoteInit$MethodAndArgsCaller.run(ZygoteInit.java:892)
08-31 21:04:20.354 W/System.err( 1935): 	at com.android.internal.os.ZygoteInit.main(ZygoteInit.java:782)
08-31 21:04:20.370 I/ActivityManager( 1281): Start proc 2690:fr.ybo.transportsrennes/u0a51 for activity fr.ybo.transportsrennes/.activity.widgets.TransportsWidgetLowResConfigure
08-31 21:04:20.373 W/ContextImpl( 1676): Calling a method in the system process without a qualified user: android.app.ContextImpl.startService:1358 android.content.ContextWrapper.startService:613 android.content.ContextWrapper.startService:613 com.android.coreservice.CoreBroadcastReceiver.onReceive:44 android.app.ActivityThread.handleReceiver:3073 
08-31 21:04:20.375 W/ContextImpl( 1676): Calling a method in the system process without a qualified user: android.app.ContextImpl.startService:1358 android.content.ContextWrapper.startService:613 android.content.ContextWrapper.startService:613 com.android.coreservice.CoreBroadcastReceiver.onReceive:44 android.app.ActivityThread.handleReceiver:3073 
08-31 21:04:20.379 W/ContextImpl( 1676): Calling a method in the system process without a qualified user: android.app.ContextImpl.startService:1358 android.content.ContextWrapper.startService:613 android.content.ContextWrapper.startService:613 com.android.coreservice.CoreBroadcastReceiver.onReceive:44 android.app.ActivityThread.handleReceiver:3073 
08-31 21:04:20.380 D/libnativebridge( 2690): call UnloadNativeBridge! state=1
08-31 21:04:20.381 W/ContextImpl( 1676): Calling a method in the system process without a qualified user: android.app.ContextImpl.startService:1358 android.content.ContextWrapper.startService:613 android.content.ContextWrapper.startService:613 com.android.coreservice.CoreBroadcastReceiver.onReceive:44 android.app.ActivityThread.handleReceiver:3073 
08-31 21:04:20.405 W/ContextImpl( 1676): Calling a method in the system process without a qualified user: android.app.ContextImpl.startService:1358 android.content.ContextWrapper.startService:613 android.content.ContextWrapper.startService:613 com.android.coreservice.CoreBroadcastReceiver.onReceive:53 android.app.ActivityThread.handleReceiver:3073 
08-31 21:04:20.485 W/System  ( 2690): ClassLoader referenced unknown path: /data/app/fr.ybo.transportsrennes-1/lib/x86_64
08-31 21:04:20.502 D/TaskPersister( 1281): getImageFromWriteQueue return null! filePath=/data/system_ce/0/recent_images/16_task_thumbnail.png
08-31 21:04:20.544 W/ContextImpl( 2690): Implicit intents with startService are not safe: Intent { act=fr.ybo.transportsrennes.action.UPDATE } android.content.ContextWrapper.startService:613 fr.ybo.transportsrennes.application.TransportsRennesApplication.postCreate:111 fr.ybo.transportscommun.AbstractTransportsApplication.onCreate:106 
08-31 21:04:20.575 E/EGL_adreno( 1935): tid 1952: eglSurfaceAttrib(1338): error 0x3009 (EGL_BAD_MATCH)
08-31 21:04:20.575 W/OpenGLRenderer( 1935): Failed to set EGL_SWAP_BEHAVIOR on surface 0x7fffeb5c9980, error=EGL_BAD_MATCH
08-31 21:04:20.579 D/NetworkSecurityConfig( 2690): No Network Security Config specified, using platform default
08-31 21:04:20.584 D/AndroidRuntime( 2690): Shutting down VM
08-31 21:04:20.587 E/AndroidRuntime( 2690): FATAL EXCEPTION: main
08-31 21:04:20.587 E/AndroidRuntime( 2690): Process: fr.ybo.transportsrennes, PID: 2690
08-31 21:04:20.587 E/AndroidRuntime( 2690): java.lang.RuntimeException: Unable to start activity ComponentInfo{fr.ybo.transportsrennes/fr.ybo.transportsrennes.activity.widgets.TransportsWidgetLowResConfigure}: java.lang.RuntimeException: Parcelable encountered ClassNotFoundException reading a Serializable object (name = com.android.intentfuzzer.util.SerializableTest)
08-31 21:04:20.587 E/AndroidRuntime( 2690): 	at android.app.ActivityThread.performLaunchActivity(ActivityThread.java:2698)
08-31 21:04:20.587 E/AndroidRuntime( 2690): 	at android.app.ActivityThread.handleLaunchActivity(ActivityThread.java:2759)
08-31 21:04:20.587 E/AndroidRuntime( 2690): 	at android.app.ActivityThread.-wrap12(ActivityThread.java)
08-31 21:04:20.587 E/AndroidRuntime( 2690): 	at android.app.ActivityThread$H.handleMessage(ActivityThread.java:1482)
08-31 21:04:20.587 E/AndroidRuntime( 2690): 	at android.os.Handler.dispatchMessage(Handler.java:102)
08-31 21:04:20.587 E/AndroidRuntime( 2690): 	at android.os.Looper.loop(Looper.java:154)
08-31 21:04:20.587 E/AndroidRuntime( 2690): 	at android.app.ActivityThread.main(ActivityThread.java:6190)
08-31 21:04:20.587 E/AndroidRuntime( 2690): 	at java.lang.reflect.Method.invoke(Native Method)
08-31 21:04:20.587 E/AndroidRuntime( 2690): 	at com.android.internal.os.ZygoteInit$MethodAndArgsCaller.run(ZygoteInit.java:892)
08-31 21:04:20.587 E/AndroidRuntime( 2690): 	at com.android.internal.os.ZygoteInit.main(ZygoteInit.java:782)
08-31 21:04:20.587 E/AndroidRuntime( 2690): Caused by: java.lang.RuntimeException: Parcelable encountered ClassNotFoundException reading a Serializable object (name = com.android.intentfuzzer.util.SerializableTest)
08-31 21:04:20.587 E/AndroidRuntime( 2690): 	at android.os.Parcel.readSerializable(Parcel.java:2630)
08-31 21:04:20.587 E/AndroidRuntime( 2690): 	at android.os.Parcel.readValue(Parcel.java:2416)
08-31 21:04:20.587 E/AndroidRuntime( 2690): 	at android.os.Parcel.readArrayMapInternal(Parcel.java:2732)
08-31 21:04:20.587 E/AndroidRuntime( 2690): 	at android.os.BaseBundle.unparcel(BaseBundle.java:269)
08-31 21:04:20.587 E/AndroidRuntime( 2690): 	at android.os.BaseBundle.getInt(BaseBundle.java:867)
08-31 21:04:20.587 E/AndroidRuntime( 2690): 	at fr.ybo.transportsrennes.activity.widgets.TransportsWidgetLowResConfigure.onCreate(TransportsWidgetLowResConfigure.java:53)
08-31 21:04:20.587 E/AndroidRuntime( 2690): 	at android.app.Activity.performCreate(Activity.java:6701)
08-31 21:04:20.587 E/AndroidRuntime( 2690): 	at android.app.Instrumentation.callActivityOnCreate(Instrumentation.java:1118)
08-31 21:04:20.587 E/AndroidRuntime( 2690): 	at android.app.ActivityThread.performLaunchActivity(ActivityThread.java:2651)
08-31 21:04:20.587 E/AndroidRuntime( 2690): 	... 9 more
08-31 21:04:20.587 E/AndroidRuntime( 2690): Caused by: java.lang.ClassNotFoundException: com.android.intentfuzzer.util.SerializableTest
08-31 21:04:20.587 E/AndroidRuntime( 2690): 	at java.lang.Class.classForName(Native Method)
08-31 21:04:20.587 E/AndroidRuntime( 2690): 	at java.lang.Class.forName(Class.java:400)
08-31 21:04:20.587 E/AndroidRuntime( 2690): 	at android.os.Parcel$2.resolveClass(Parcel.java:2616)
08-31 21:04:20.587 E/AndroidRuntime( 2690): 	at java.io.ObjectInputStream.readNonProxyDesc(ObjectInputStream.java:1613)
