--------- beginning of system
08-31 20:49:37.126 I/ActivityManager( 1281): START u0 {cmp=com.android.intentfuzzer/.FuzzerActivity} from uid 10064 on display 0
--------- beginning of main
08-31 20:49:37.127 D/audio_hw_hal( 1087): raw_start_output_stream, stream=0xf6e43140, sampleRate=48000, channel=2, bps=16, bufSize=4096
08-31 20:49:37.134 W/ContextImpl( 1676): Calling a method in the system process without a qualified user: android.app.ContextImpl.startService:1358 android.content.ContextWrapper.startService:613 android.content.ContextWrapper.startService:613 com.android.coreservice.CoreBroadcastReceiver.onReceive:44 android.app.ActivityThread.handleReceiver:3073 
08-31 20:49:37.203 W/ContextImpl( 1676): Calling a method in the system process without a qualified user: android.app.ContextImpl.startService:1358 android.content.ContextWrapper.startService:613 android.content.ContextWrapper.startService:613 com.android.coreservice.CoreBroadcastReceiver.onReceive:53 android.app.ActivityThread.handleReceiver:3073 
08-31 20:49:37.262 D/TaskPersister( 1281): getImageFromWriteQueue return null! filePath=/data/system_ce/0/recent_images/16_task_thumbnail.png
08-31 20:49:37.652 E/EGL_adreno( 1935): tid 1952: eglSurfaceAttrib(1338): error 0x3009 (EGL_BAD_MATCH)
08-31 20:49:37.652 W/OpenGLRenderer( 1935): Failed to set EGL_SWAP_BEHAVIOR on surface 0x7fffeb5c9800, error=EGL_BAD_MATCH
08-31 20:49:37.654 D/EGL_adreno( 1935): eglMakeCurrent: 0x7fffeb454c20: ver 3 1 (tinfo 0x7fffeb40d8a0)
08-31 20:49:37.683 I/ActivityManager( 1281): Displayed com.android.intentfuzzer/.FuzzerActivity: +543ms (total +4m31s695ms)
08-31 20:49:37.686 W/ContextImpl( 1676): Calling a method in the system process without a qualified user: android.app.ContextImpl.startService:1358 android.content.ContextWrapper.startService:613 android.content.ContextWrapper.startService:613 com.android.coreservice.CoreBroadcastReceiver.onReceive:69 android.app.ActivityThread.handleReceiver:3073 
08-31 20:49:37.735 W/ContextImpl( 1676): Calling a method in the system process without a qualified user: android.app.ContextImpl.startService:1358 android.content.ContextWrapper.startService:613 android.content.ContextWrapper.startService:613 com.android.coreservice.CoreBroadcastReceiver.onReceive:69 android.app.ActivityThread.handleReceiver:3073 
08-31 20:49:39.219 I/ActivityManager( 1281): START u0 {cmp=me.blog.korn123.easydiary/.activities.IntroActivity} from uid 10064 on display 0
08-31 20:49:39.242 W/ContextImpl( 1676): Calling a method in the system process without a qualified user: android.app.ContextImpl.startService:1358 android.content.ContextWrapper.startService:613 android.content.ContextWrapper.startService:613 com.android.coreservice.CoreBroadcastReceiver.onReceive:44 android.app.ActivityThread.handleReceiver:3073 
08-31 20:49:39.247 W/System.err( 1935): java.lang.Exception: Toast callstack! strTip=Sent Null Intent { cmp=me.blog.korn123.easydiary/.activities.IntroActivity }
08-31 20:49:39.248 W/System.err( 1935): 	at android.widget.Toast.show(Toast.java:130)
08-31 20:49:39.248 W/System.err( 1935): 	at com.android.intentfuzzer.FuzzerActivity$3.onClick(FuzzerActivity.java:165)
08-31 20:49:39.248 W/System.err( 1935): 	at android.view.View.performClick(View.java:5637)
08-31 20:49:39.248 W/System.err( 1935): 	at android.view.View$PerformClick.run(View.java:22429)
08-31 20:49:39.248 W/System.err( 1935): 	at android.os.Handler.handleCallback(Handler.java:751)
08-31 20:49:39.248 W/System.err( 1935): 	at android.os.Handler.dispatchMessage(Handler.java:95)
08-31 20:49:39.248 W/System.err( 1935): 	at android.os.Looper.loop(Looper.java:154)
08-31 20:49:39.248 W/System.err( 1935): 	at android.app.ActivityThread.main(ActivityThread.java:6190)
08-31 20:49:39.248 W/System.err( 1935): 	at java.lang.reflect.Method.invoke(Native Method)
08-31 20:49:39.248 W/System.err( 1935): 	at com.android.internal.os.ZygoteInit$MethodAndArgsCaller.run(ZygoteInit.java:892)
08-31 20:49:39.248 W/System.err( 1935): 	at com.android.internal.os.ZygoteInit.main(ZygoteInit.java:782)
08-31 20:49:39.250 I/ActivityManager( 1281): START u0 {cmp=me.blog.korn123.easydiary/.activities.DiaryInsertActivity} from uid 10064 on display 0
08-31 20:49:39.250 W/ActivityManager( 1281): Permission Denial: starting Intent { cmp=me.blog.korn123.easydiary/.activities.DiaryInsertActivity } from ProcessRecord{bda5613 1935:com.android.intentfuzzer/u0a64} (pid=1935, uid=10064) not exported from uid 10052
08-31 20:49:39.253 W/System.err( 1935): java.lang.Exception: Toast callstack! strTip=Send Intent Failed!
08-31 20:49:39.254 W/System.err( 1935): 	at android.widget.Toast.show(Toast.java:130)
08-31 20:49:39.254 W/System.err( 1935): 	at com.android.intentfuzzer.FuzzerActivity$3.onClick(FuzzerActivity.java:167)
08-31 20:49:39.254 W/System.err( 1935): 	at android.view.View.performClick(View.java:5637)
08-31 20:49:39.254 W/System.err( 1935): 	at android.view.View$PerformClick.run(View.java:22429)
08-31 20:49:39.254 W/System.err( 1935): 	at android.os.Handler.handleCallback(Handler.java:751)
08-31 20:49:39.254 W/System.err( 1935): 	at android.os.Handler.dispatchMessage(Handler.java:95)
08-31 20:49:39.254 W/System.err( 1935): 	at android.os.Looper.loop(Looper.java:154)
08-31 20:49:39.254 W/System.err( 1935): 	at android.app.ActivityThread.main(ActivityThread.java:6190)
08-31 20:49:39.254 W/System.err( 1935): 	at java.lang.reflect.Method.invoke(Native Method)
08-31 20:49:39.254 W/System.err( 1935): 	at com.android.internal.os.ZygoteInit$MethodAndArgsCaller.run(ZygoteInit.java:892)
08-31 20:49:39.254 W/System.err( 1935): 	at com.android.internal.os.ZygoteInit.main(ZygoteInit.java:782)
08-31 20:49:39.255 I/ActivityManager( 1281): START u0 {cmp=me.blog.korn123.easydiary/.activities.DiaryReadActivity} from uid 10064 on display 0
08-31 20:49:39.255 W/ActivityManager( 1281): Permission Denial: starting Intent { cmp=me.blog.korn123.easydiary/.activities.DiaryReadActivity } from ProcessRecord{bda5613 1935:com.android.intentfuzzer/u0a64} (pid=1935, uid=10064) not exported from uid 10052
08-31 20:49:39.257 W/System.err( 1935): java.lang.Exception: Toast callstack! strTip=Send Intent Failed!
08-31 20:49:39.257 W/System.err( 1935): 	at android.widget.Toast.show(Toast.java:130)
08-31 20:49:39.257 W/System.err( 1935): 	at com.android.intentfuzzer.FuzzerActivity$3.onClick(FuzzerActivity.java:167)
08-31 20:49:39.257 W/System.err( 1935): 	at android.view.View.performClick(View.java:5637)
08-31 20:49:39.257 W/System.err( 1935): 	at android.view.View$PerformClick.run(View.java:22429)
08-31 20:49:39.257 W/System.err( 1935): 	at android.os.Handler.handleCallback(Handler.java:751)
08-31 20:49:39.257 W/System.err( 1935): 	at android.os.Handler.dispatchMessage(Handler.java:95)
08-31 20:49:39.257 W/System.err( 1935): 	at android.os.Looper.loop(Looper.java:154)
08-31 20:49:39.257 W/System.err( 1935): 	at android.app.ActivityThread.main(ActivityThread.java:6190)
08-31 20:49:39.257 W/System.err( 1935): 	at java.lang.reflect.Method.invoke(Native Method)
08-31 20:49:39.257 W/System.err( 1935): 	at com.android.internal.os.ZygoteInit$MethodAndArgsCaller.run(ZygoteInit.java:892)
08-31 20:49:39.257 W/System.err( 1935): 	at com.android.internal.os.ZygoteInit.main(ZygoteInit.java:782)
08-31 20:49:39.276 I/ActivityManager( 1281): START u0 {cmp=me.blog.korn123.easydiary/.activities.DiaryUpdateActivity} from uid 10064 on display 0
08-31 20:49:39.276 W/ActivityManager( 1281): Permission Denial: starting Intent { cmp=me.blog.korn123.easydiary/.activities.DiaryUpdateActivity } from ProcessRecord{bda5613 1935:com.android.intentfuzzer/u0a64} (pid=1935, uid=10064) not exported from uid 10052
08-31 20:49:39.278 W/System.err( 1935): java.lang.Exception: Toast callstack! strTip=Send Intent Failed!
08-31 20:49:39.278 W/System.err( 1935): 	at android.widget.Toast.show(Toast.java:130)
08-31 20:49:39.278 W/System.err( 1935): 	at com.android.intentfuzzer.FuzzerActivity$3.onClick(FuzzerActivity.java:167)
08-31 20:49:39.278 W/System.err( 1935): 	at android.view.View.performClick(View.java:5637)
08-31 20:49:39.278 W/System.err( 1935): 	at android.view.View$PerformClick.run(View.java:22429)
08-31 20:49:39.278 W/System.err( 1935): 	at android.os.Handler.handleCallback(Handler.java:751)
08-31 20:49:39.278 W/System.err( 1935): 	at android.os.Handler.dispatchMessage(Handler.java:95)
08-31 20:49:39.278 W/System.err( 1935): 	at android.os.Looper.loop(Looper.java:154)
08-31 20:49:39.278 W/System.err( 1935): 	at android.app.ActivityThread.main(ActivityThread.java:6190)
08-31 20:49:39.278 W/System.err( 1935): 	at java.lang.reflect.Method.invoke(Native Method)
08-31 20:49:39.278 W/System.err( 1935): 	at com.android.internal.os.ZygoteInit$MethodAndArgsCaller.run(ZygoteInit.java:892)
08-31 20:49:39.278 W/System.err( 1935): 	at com.android.internal.os.ZygoteInit.main(ZygoteInit.java:782)
08-31 20:49:39.280 I/ActivityManager( 1281): START u0 {cmp=me.blog.korn123.easydiary/.activities.DiaryMainActivity} from uid 10064 on display 0
08-31 20:49:39.280 W/ActivityManager( 1281): Permission Denial: starting Intent { cmp=me.blog.korn123.easydiary/.activities.DiaryMainActivity } from ProcessRecord{bda5613 1935:com.android.intentfuzzer/u0a64} (pid=1935, uid=10064) not exported from uid 10052
08-31 20:49:39.282 W/System.err( 1935): java.lang.Exception: Toast callstack! strTip=Send Intent Failed!
08-31 20:49:39.282 W/System.err( 1935): 	at android.widget.Toast.show(Toast.java:130)
08-31 20:49:39.282 W/System.err( 1935): 	at com.android.intentfuzzer.FuzzerActivity$3.onClick(FuzzerActivity.java:167)
08-31 20:49:39.282 W/System.err( 1935): 	at android.view.View.performClick(View.java:5637)
08-31 20:49:39.282 W/System.err( 1935): 	at android.view.View$PerformClick.run(View.java:22429)
08-31 20:49:39.282 W/System.err( 1935): 	at android.os.Handler.handleCallback(Handler.java:751)
08-31 20:49:39.282 W/System.err( 1935): 	at android.os.Handler.dispatchMessage(Handler.java:95)
08-31 20:49:39.282 W/System.err( 1935): 	at android.os.Looper.loop(Looper.java:154)
08-31 20:49:39.283 W/System.err( 1935): 	at android.app.ActivityThread.main(ActivityThread.java:6190)
08-31 20:49:39.283 W/System.err( 1935): 	at java.lang.reflect.Method.invoke(Native Method)
08-31 20:49:39.283 W/System.err( 1935): 	at com.android.internal.os.ZygoteInit$MethodAndArgsCaller.run(ZygoteInit.java:892)
08-31 20:49:39.283 W/System.err( 1935): 	at com.android.internal.os.ZygoteInit.main(ZygoteInit.java:782)
08-31 20:49:39.284 I/ActivityManager( 1281): START u0 {cmp=me.blog.korn123.easydiary/.activities.DevActivity} from uid 10064 on display 0
08-31 20:49:39.284 W/ActivityManager( 1281): Permission Denial: starting Intent { cmp=me.blog.korn123.easydiary/.activities.DevActivity } from ProcessRecord{bda5613 1935:com.android.intentfuzzer/u0a64} (pid=1935, uid=10064) not exported from uid 10052
08-31 20:49:39.285 W/System.err( 1935): java.lang.Exception: Toast callstack! strTip=Send Intent Failed!
08-31 20:49:39.285 W/System.err( 1935): 	at android.widget.Toast.show(Toast.java:130)
08-31 20:49:39.285 W/System.err( 1935): 	at com.android.intentfuzzer.FuzzerActivity$3.onClick(FuzzerActivity.java:167)
08-31 20:49:39.285 W/System.err( 1935): 	at android.view.View.performClick(View.java:5637)
08-31 20:49:39.285 W/System.err( 1935): 	at android.view.View$PerformClick.run(View.java:22429)
08-31 20:49:39.285 W/System.err( 1935): 	at android.os.Handler.handleCallback(Handler.java:751)
08-31 20:49:39.285 W/System.err( 1935): 	at android.os.Handler.dispatchMessage(Handler.java:95)
08-31 20:49:39.285 W/System.err( 1935): 	at android.os.Looper.loop(Looper.java:154)
08-31 20:49:39.285 W/System.err( 1935): 	at android.app.ActivityThread.main(ActivityThread.java:6190)
08-31 20:49:39.285 W/System.err( 1935): 	at java.lang.reflect.Method.invoke(Native Method)
08-31 20:49:39.286 W/System.err( 1935): 	at com.android.internal.os.ZygoteInit$MethodAndArgsCaller.run(ZygoteInit.java:892)
08-31 20:49:39.286 W/System.err( 1935): 	at com.android.internal.os.ZygoteInit.main(ZygoteInit.java:782)
08-31 20:49:39.287 I/ActivityManager( 1281): START u0 {cmp=me.blog.korn123.easydiary/.activities.SettingsActivity} from uid 10064 on display 0
08-31 20:49:39.287 W/ActivityManager( 1281): Permission Denial: starting Intent { cmp=me.blog.korn123.easydiary/.activities.SettingsActivity } from ProcessRecord{bda5613 1935:com.android.intentfuzzer/u0a64} (pid=1935, uid=10064) not exported from uid 10052
08-31 20:49:39.288 W/System.err( 1935): java.lang.Exception: Toast callstack! strTip=Send Intent Failed!
08-31 20:49:39.288 W/System.err( 1935): 	at android.widget.Toast.show(Toast.java:130)
08-31 20:49:39.288 W/System.err( 1935): 	at com.android.intentfuzzer.FuzzerActivity$3.onClick(FuzzerActivity.java:167)
08-31 20:49:39.288 W/System.err( 1935): 	at android.view.View.performClick(View.java:5637)
08-31 20:49:39.289 W/System.err( 1935): 	at android.view.View$PerformClick.run(View.java:22429)
08-31 20:49:39.289 W/System.err( 1935): 	at android.os.Handler.handleCallback(Handler.java:751)
08-31 20:49:39.289 W/System.err( 1935): 	at android.os.Handler.dispatchMessage(Handler.java:95)
08-31 20:49:39.289 W/System.err( 1935): 	at android.os.Looper.loop(Looper.java:154)
08-31 20:49:39.289 W/System.err( 1935): 	at android.app.ActivityThread.main(ActivityThread.java:6190)
08-31 20:49:39.289 W/System.err( 1935): 	at java.lang.reflect.Method.invoke(Native Method)
08-31 20:49:39.289 W/System.err( 1935): 	at com.android.internal.os.ZygoteInit$MethodAndArgsCaller.run(ZygoteInit.java:892)
08-31 20:49:39.289 W/System.err( 1935): 	at com.android.internal.os.ZygoteInit.main(ZygoteInit.java:782)
08-31 20:49:39.290 I/ActivityManager( 1281): START u0 {cmp=me.blog.korn123.easydiary/.activities.CustomizationActivity} from uid 10064 on display 0
08-31 20:49:39.290 W/ActivityManager( 1281): Permission Denial: starting Intent { cmp=me.blog.korn123.easydiary/.activities.CustomizationActivity } from ProcessRecord{bda5613 1935:com.android.intentfuzzer/u0a64} (pid=1935, uid=10064) not exported from uid 10052
08-31 20:49:39.291 W/System.err( 1935): java.lang.Exception: Toast callstack! strTip=Send Intent Failed!
08-31 20:49:39.292 W/System.err( 1935): 	at android.widget.Toast.show(Toast.java:130)
08-31 20:49:39.292 W/System.err( 1935): 	at com.android.intentfuzzer.FuzzerActivity$3.onClick(FuzzerActivity.java:167)
08-31 20:49:39.292 W/System.err( 1935): 	at android.view.View.performClick(View.java:5637)
08-31 20:49:39.292 W/System.err( 1935): 	at android.view.View$PerformClick.run(View.java:22429)
08-31 20:49:39.292 W/System.err( 1935): 	at android.os.Handler.handleCallback(Handler.java:751)
08-31 20:49:39.292 W/System.err( 1935): 	at android.os.Handler.dispatchMessage(Handler.java:95)
08-31 20:49:39.292 W/System.err( 1935): 	at android.os.Looper.loop(Looper.java:154)
08-31 20:49:39.292 W/System.err( 1935): 	at android.app.ActivityThread.main(ActivityThread.java:6190)
08-31 20:49:39.292 W/System.err( 1935): 	at java.lang.reflect.Method.invoke(Native Method)
08-31 20:49:39.292 W/System.err( 1935): 	at com.android.internal.os.ZygoteInit$MethodAndArgsCaller.run(ZygoteInit.java:892)
08-31 20:49:39.292 W/System.err( 1935): 	at com.android.internal.os.ZygoteInit.main(ZygoteInit.java:782)
08-31 20:49:39.293 I/ActivityManager( 1281): START u0 {cmp=me.blog.korn123.easydiary/.activities.StatisticsActivity} from uid 10064 on display 0
08-31 20:49:39.293 W/ActivityManager( 1281): Permission Denial: starting Intent { cmp=me.blog.korn123.easydiary/.activities.StatisticsActivity } from ProcessRecord{bda5613 1935:com.android.intentfuzzer/u0a64} (pid=1935, uid=10064) not exported from uid 10052
08-31 20:49:39.294 W/System.err( 1935): java.lang.Exception: Toast callstack! strTip=Send Intent Failed!
08-31 20:49:39.295 W/System.err( 1935): 	at android.widget.Toast.show(Toast.java:130)
08-31 20:49:39.295 W/System.err( 1935): 	at com.android.intentfuzzer.FuzzerActivity$3.onClick(FuzzerActivity.java:167)
08-31 20:49:39.295 W/System.err( 1935): 	at android.view.View.performClick(View.java:5637)
08-31 20:49:39.295 W/System.err( 1935): 	at android.view.View$PerformClick.run(View.java:22429)
08-31 20:49:39.295 W/System.err( 1935): 	at android.os.Handler.handleCallback(Handler.java:751)
08-31 20:49:39.295 W/System.err( 1935): 	at android.os.Handler.dispatchMessage(Handler.java:95)
08-31 20:49:39.295 W/System.err( 1935): 	at android.os.Looper.loop(Looper.java:154)
08-31 20:49:39.295 W/System.err( 1935): 	at android.app.ActivityThread.main(ActivityThread.java:6190)
08-31 20:49:39.295 W/System.err( 1935): 	at java.lang.reflect.Method.invoke(Native Method)
08-31 20:49:39.295 W/System.err( 1935): 	at com.android.internal.os.ZygoteInit$MethodAndArgsCaller.run(ZygoteInit.java:892)
08-31 20:49:39.295 W/System.err( 1935): 	at com.android.internal.os.ZygoteInit.main(ZygoteInit.java:782)
08-31 20:49:39.296 I/ActivityManager( 1281): START u0 {cmp=me.blog.korn123.easydiary/.activities.CalendarActivity} from uid 10064 on display 0
08-31 20:49:39.296 W/ActivityManager( 1281): Permission Denial: starting Intent { cmp=me.blog.korn123.easydiary/.activities.CalendarActivity } from ProcessRecord{bda5613 1935:com.android.intentfuzzer/u0a64} (pid=1935, uid=10064) not exported from uid 10052
08-31 20:49:39.298 W/System.err( 1935): java.lang.Exception: Toast callstack! strTip=Send Intent Failed!
08-31 20:49:39.298 W/System.err( 1935): 	at android.widget.Toast.show(Toast.java:130)
08-31 20:49:39.298 W/System.err( 1935): 	at com.android.intentfuzzer.FuzzerActivity$3.onClick(FuzzerActivity.java:167)
08-31 20:49:39.298 W/System.err( 1935): 	at android.view.View.performClick(View.java:5637)
08-31 20:49:39.298 W/System.err( 1935): 	at android.view.View$PerformClick.run(View.java:22429)
08-31 20:49:39.299 W/System.err( 1935): 	at android.os.Handler.handleCallback(Handler.java:751)
08-31 20:49:39.299 W/System.err( 1935): 	at android.os.Handler.dispatchMessage(Handler.java:95)
08-31 20:49:39.299 W/System.err( 1935): 	at android.os.Looper.loop(Looper.java:154)
08-31 20:49:39.299 W/System.err( 1935): 	at android.app.ActivityThread.main(ActivityThread.java:6190)
08-31 20:49:39.299 W/System.err( 1935): 	at java.lang.reflect.Method.invoke(Native Method)
08-31 20:49:39.299 W/System.err( 1935): 	at com.android.internal.os.ZygoteInit$MethodAndArgsCaller.run(ZygoteInit.java:892)
08-31 20:49:39.299 W/System.err( 1935): 	at com.android.internal.os.ZygoteInit.main(ZygoteInit.java:782)
08-31 20:49:39.301 I/ActivityManager( 1281): START u0 {cmp=me.blog.korn123.easydiary/.activities.PhotoViewPagerActivity} from uid 10064 on display 0
08-31 20:49:39.301 W/ActivityManager( 1281): Permission Denial: starting Intent { cmp=me.blog.korn123.easydiary/.activities.PhotoViewPagerActivity } from ProcessRecord{bda5613 1935:com.android.intentfuzzer/u0a64} (pid=1935, uid=10064) not exported from uid 10052
08-31 20:49:39.303 W/System.err( 1935): java.lang.Exception: Toast callstack! strTip=Send Intent Failed!
08-31 20:49:39.303 W/System.err( 1935): 	at android.widget.Toast.show(Toast.java:130)
08-31 20:49:39.303 W/System.err( 1935): 	at com.android.intentfuzzer.FuzzerActivity$3.onClick(FuzzerActivity.java:167)
08-31 20:49:39.303 W/System.err( 1935): 	at android.view.View.performClick(View.java:5637)
08-31 20:49:39.303 W/System.err( 1935): 	at android.view.View$PerformClick.run(View.java:22429)
08-31 20:49:39.303 W/System.err( 1935): 	at android.os.Handler.handleCallback(Handler.java:751)
08-31 20:49:39.303 W/System.err( 1935): 	at android.os.Handler.dispatchMessage(Handler.java:95)
08-31 20:49:39.303 W/System.err( 1935): 	at android.os.Looper.loop(Looper.java:154)
08-31 20:49:39.303 W/System.err( 1935): 	at android.app.ActivityThread.main(ActivityThread.java:6190)
08-31 20:49:39.303 W/System.err( 1935): 	at java.lang.reflect.Method.invoke(Native Method)
08-31 20:49:39.303 W/System.err( 1935): 	at com.android.internal.os.ZygoteInit$MethodAndArgsCaller.run(ZygoteInit.java:892)
08-31 20:49:39.303 W/System.err( 1935): 	at com.android.internal.os.ZygoteInit.main(ZygoteInit.java:782)
08-31 20:49:39.304 I/ActivityManager( 1281): START u0 {cmp=me.blog.korn123.easydiary/.activities.PostCardActivity} from uid 10064 on display 0
08-31 20:49:39.304 W/ActivityManager( 1281): Permission Denial: starting Intent { cmp=me.blog.korn123.easydiary/.activities.PostCardActivity } from ProcessRecord{bda5613 1935:com.android.intentfuzzer/u0a64} (pid=1935, uid=10064) not exported from uid 10052
08-31 20:49:39.305 W/System.err( 1935): java.lang.Exception: Toast callstack! strTip=Send Intent Failed!
08-31 20:49:39.306 W/System.err( 1935): 	at android.widget.Toast.show(Toast.java:130)
08-31 20:49:39.306 W/System.err( 1935): 	at com.android.intentfuzzer.FuzzerActivity$3.onClick(FuzzerActivity.java:167)
08-31 20:49:39.306 W/System.err( 1935): 	at android.view.View.performClick(View.java:5637)
08-31 20:49:39.306 W/System.err( 1935): 	at android.view.View$PerformClick.run(View.java:22429)
08-31 20:49:39.306 W/System.err( 1935): 	at android.os.Handler.handleCallback(Handler.java:751)
08-31 20:49:39.306 W/System.err( 1935): 	at android.os.Handler.dispatchMessage(Handler.java:95)
08-31 20:49:39.306 W/System.err( 1935): 	at android.os.Looper.loop(Looper.java:154)
08-31 20:49:39.306 W/System.err( 1935): 	at android.app.ActivityThread.main(ActivityThread.java:6190)
08-31 20:49:39.306 W/System.err( 1935): 	at java.lang.reflect.Method.invoke(Native Method)
08-31 20:49:39.306 W/System.err( 1935): 	at com.android.internal.os.ZygoteInit$MethodAndArgsCaller.run(ZygoteInit.java:892)
08-31 20:49:39.306 W/System.err( 1935): 	at com.android.internal.os.ZygoteInit.main(ZygoteInit.java:782)
08-31 20:49:39.308 I/ActivityManager( 1281): START u0 {cmp=me.blog.korn123.easydiary/.activities.TimelineActivity} from uid 10064 on display 0
08-31 20:49:39.308 W/ActivityManager( 1281): Permission Denial: starting Intent { cmp=me.blog.korn123.easydiary/.activities.TimelineActivity } from ProcessRecord{bda5613 1935:com.android.intentfuzzer/u0a64} (pid=1935, uid=10064) not exported from uid 10052
08-31 20:49:39.310 W/System.err( 1935): java.lang.Exception: Toast callstack! strTip=Send Intent Failed!
08-31 20:49:39.310 W/System.err( 1935): 	at android.widget.Toast.show(Toast.java:130)
08-31 20:49:39.310 W/System.err( 1935): 	at com.android.intentfuzzer.FuzzerActivity$3.onClick(FuzzerActivity.java:167)
08-31 20:49:39.310 W/System.err( 1935): 	at android.view.View.performClick(View.java:5637)
08-31 20:49:39.310 W/System.err( 1935): 	at android.view.View$PerformClick.run(View.java:22429)
08-31 20:49:39.310 W/System.err( 1935): 	at android.os.Handler.handleCallback(Handler.java:751)
08-31 20:49:39.310 W/System.err( 1935): 	at android.os.Handler.dispatchMessage(Handler.java:95)
08-31 20:49:39.310 W/System.err( 1935): 	at android.os.Looper.loop(Looper.java:154)
08-31 20:49:39.310 W/System.err( 1935): 	at android.app.ActivityThread.main(ActivityThread.java:6190)
08-31 20:49:39.310 W/System.err( 1935): 	at java.lang.reflect.Method.invoke(Native Method)
08-31 20:49:39.310 W/System.err( 1935): 	at com.android.internal.os.ZygoteInit$MethodAndArgsCaller.run(ZygoteInit.java:892)
08-31 20:49:39.310 W/System.err( 1935): 	at com.android.internal.os.ZygoteInit.main(ZygoteInit.java:782)
08-31 20:49:39.311 I/ActivityManager( 1281): START u0 {cmp=me.blog.korn123.easydiary/.activities.PostCardViewerActivity} from uid 10064 on display 0
08-31 20:49:39.311 W/ActivityManager( 1281): Permission Denial: starting Intent { cmp=me.blog.korn123.easydiary/.activities.PostCardViewerActivity } from ProcessRecord{bda5613 1935:com.android.intentfuzzer/u0a64} (pid=1935, uid=10064) not exported from uid 10052
08-31 20:49:39.312 W/System.err( 1935): java.lang.Exception: Toast callstack! strTip=Send Intent Failed!
08-31 20:49:39.312 W/System.err( 1935): 	at android.widget.Toast.show(Toast.java:130)
08-31 20:49:39.312 W/System.err( 1935): 	at com.android.intentfuzzer.FuzzerActivity$3.onClick(FuzzerActivity.java:167)
08-31 20:49:39.312 W/System.err( 1935): 	at android.view.View.performClick(View.java:5637)
08-31 20:49:39.312 W/System.err( 1935): 	at android.view.View$PerformClick.run(View.java:22429)
08-31 20:49:39.312 W/System.err( 1935): 	at android.os.Handler.handleCallback(Handler.java:751)
08-31 20:49:39.312 W/System.err( 1935): 	at android.os.Handler.dispatchMessage(Handler.java:95)
08-31 20:49:39.312 W/System.err( 1935): 	at android.os.Looper.loop(Looper.java:154)
08-31 20:49:39.312 W/System.err( 1935): 	at android.app.ActivityThread.main(ActivityThread.java:6190)
08-31 20:49:39.312 W/System.err( 1935): 	at java.lang.reflect.Method.invoke(Native Method)
08-31 20:49:39.312 W/System.err( 1935): 	at com.android.internal.os.ZygoteInit$MethodAndArgsCaller.run(ZygoteInit.java:892)
08-31 20:49:39.312 W/System.err( 1935): 	at com.android.internal.os.ZygoteInit.main(ZygoteInit.java:782)
08-31 20:49:39.313 I/ActivityManager( 1281): START u0 {cmp=me.blog.korn123.easydiary/.activities.DashboardActivity} from uid 10064 on display 0
08-31 20:49:39.313 W/ActivityManager( 1281): Permission Denial: starting Intent { cmp=me.blog.korn123.easydiary/.activities.DashboardActivity } from ProcessRecord{bda5613 1935:com.android.intentfuzzer/u0a64} (pid=1935, uid=10064) not exported from uid 10052
08-31 20:49:39.315 W/System.err( 1935): java.lang.Exception: Toast callstack! strTip=Send Intent Failed!
08-31 20:49:39.315 W/System.err( 1935): 	at android.widget.Toast.show(Toast.java:130)
08-31 20:49:39.315 W/System.err( 1935): 	at com.android.intentfuzzer.FuzzerActivity$3.onClick(FuzzerActivity.java:167)
08-31 20:49:39.315 W/System.err( 1935): 	at android.view.View.performClick(View.java:5637)
08-31 20:49:39.315 W/System.err( 1935): 	at android.view.View$PerformClick.run(View.java:22429)
08-31 20:49:39.315 W/System.err( 1935): 	at android.os.Handler.handleCallback(Handler.java:751)
08-31 20:49:39.315 W/System.err( 1935): 	at android.os.Handler.dispatchMessage(Handler.java:95)
08-31 20:49:39.315 W/System.err( 1935): 	at android.os.Looper.loop(Looper.java:154)
08-31 20:49:39.315 W/System.err( 1935): 	at android.app.ActivityThread.main(ActivityThread.java:6190)
08-31 20:49:39.315 W/System.err( 1935): 	at java.lang.reflect.Method.invoke(Native Method)
08-31 20:49:39.315 W/System.err( 1935): 	at com.android.internal.os.ZygoteInit$MethodAndArgsCaller.run(ZygoteInit.java:892)
08-31 20:49:39.315 W/System.err( 1935): 	at com.android.internal.os.ZygoteInit.main(ZygoteInit.java:782)
08-31 20:49:39.316 I/ActivityManager( 1281): START u0 {cmp=me.blog.korn123.easydiary/.activities.PostcardViewPagerActivity} from uid 10064 on display 0
08-31 20:49:39.316 W/ActivityManager( 1281): Permission Denial: starting Intent { cmp=me.blog.korn123.easydiary/.activities.PostcardViewPagerActivity } from ProcessRecord{bda5613 1935:com.android.intentfuzzer/u0a64} (pid=1935, uid=10064) not exported from uid 10052
08-31 20:49:39.318 W/System.err( 1935): java.lang.Exception: Toast callstack! strTip=Send Intent Failed!
08-31 20:49:39.318 W/System.err( 1935): 	at android.widget.Toast.show(Toast.java:130)
08-31 20:49:39.318 W/System.err( 1935): 	at com.android.intentfuzzer.FuzzerActivity$3.onClick(FuzzerActivity.java:167)
08-31 20:49:39.318 W/System.err( 1935): 	at android.view.View.performClick(View.java:5637)
08-31 20:49:39.318 W/System.err( 1935): 	at android.view.View$PerformClick.run(View.java:22429)
08-31 20:49:39.319 W/System.err( 1935): 	at android.os.Handler.handleCallback(Handler.java:751)
08-31 20:49:39.319 W/System.err( 1935): 	at android.os.Handler.dispatchMessage(Handler.java:95)
08-31 20:49:39.319 W/System.err( 1935): 	at android.os.Looper.loop(Looper.java:154)
08-31 20:49:39.319 W/System.err( 1935): 	at android.app.ActivityThread.main(ActivityThread.java:6190)
08-31 20:49:39.319 W/System.err( 1935): 	at java.lang.reflect.Method.invoke(Native Method)
08-31 20:49:39.319 W/System.err( 1935): 	at com.android.internal.os.ZygoteInit$MethodAndArgsCaller.run(ZygoteInit.java:892)
08-31 20:49:39.319 W/System.err( 1935): 	at com.android.internal.os.ZygoteInit.main(ZygoteInit.java:782)
08-31 20:49:39.320 I/ActivityManager( 1281): START u0 {cmp=me.blog.korn123.easydiary/.activities.FingerprintLockActivity} from uid 10064 on display 0
08-31 20:49:39.320 W/ActivityManager( 1281): Permission Denial: starting Intent { cmp=me.blog.korn123.easydiary/.activities.FingerprintLockActivity } from ProcessRecord{bda5613 1935:com.android.intentfuzzer/u0a64} (pid=1935, uid=10064) not exported from uid 10052
08-31 20:49:39.321 W/System.err( 1935): java.lang.Exception: Toast callstack! strTip=Send Intent Failed!
08-31 20:49:39.321 W/System.err( 1935): 	at android.widget.Toast.show(Toast.java:130)
08-31 20:49:39.321 W/System.err( 1935): 	at com.android.intentfuzzer.FuzzerActivity$3.onClick(FuzzerActivity.java:167)
08-31 20:49:39.321 W/System.err( 1935): 	at android.view.View.performClick(View.java:5637)
08-31 20:49:39.321 W/System.err( 1935): 	at android.view.View$PerformClick.run(View.java:22429)
08-31 20:49:39.321 W/System.err( 1935): 	at android.os.Handler.handleCallback(Handler.java:751)
08-31 20:49:39.321 W/System.err( 1935): 	at android.os.Handler.dispatchMessage(Handler.java:95)
08-31 20:49:39.321 W/System.err( 1935): 	at android.os.Looper.loop(Looper.java:154)
08-31 20:49:39.321 W/System.err( 1935): 	at android.app.ActivityThread.main(ActivityThread.java:6190)
08-31 20:49:39.321 W/System.err( 1935): 	at java.lang.reflect.Method.invoke(Native Method)
08-31 20:49:39.321 W/System.err( 1935): 	at com.android.internal.os.ZygoteInit$MethodAndArgsCaller.run(ZygoteInit.java:892)
08-31 20:49:39.321 W/System.err( 1935): 	at com.android.internal.os.ZygoteInit.main(ZygoteInit.java:782)
08-31 20:49:39.322 I/ActivityManager( 1281): START u0 {cmp=me.blog.korn123.easydiary/.activities.PinLockActivity} from uid 10064 on display 0
08-31 20:49:39.322 W/ActivityManager( 1281): Permission Denial: starting Intent { cmp=me.blog.korn123.easydiary/.activities.PinLockActivity } from ProcessRecord{bda5613 1935:com.android.intentfuzzer/u0a64} (pid=1935, uid=10064) not exported from uid 10052
08-31 20:49:39.322 W/System.err( 1935): java.lang.Exception: Toast callstack! strTip=Send Intent Failed!
08-31 20:49:39.322 W/System.err( 1935): 	at android.widget.Toast.show(Toast.java:130)
08-31 20:49:39.322 W/System.err( 1935): 	at com.android.intentfuzzer.FuzzerActivity$3.onClick(FuzzerActivity.java:167)
08-31 20:49:39.322 W/System.err( 1935): 	at android.view.View.performClick(View.java:5637)
08-31 20:49:39.323 W/System.err( 1935): 	at android.view.View$PerformClick.run(View.java:22429)
08-31 20:49:39.323 W/System.err( 1935): 	at android.os.Handler.handleCallback(Handler.java:751)
08-31 20:49:39.323 W/System.err( 1935): 	at android.os.Handler.dispatchMessage(Handler.java:95)
08-31 20:49:39.323 W/System.err( 1935): 	at android.os.Looper.loop(Looper.java:154)
08-31 20:49:39.323 W/System.err( 1935): 	at android.app.ActivityThread.main(ActivityThread.java:6190)
08-31 20:49:39.323 W/System.err( 1935): 	at java.lang.reflect.Method.invoke(Native Method)
08-31 20:49:39.323 W/System.err( 1935): 	at com.android.internal.os.ZygoteInit$MethodAndArgsCaller.run(ZygoteInit.java:892)
08-31 20:49:39.323 W/System.err( 1935): 	at com.android.internal.os.ZygoteInit.main(ZygoteInit.java:782)
08-31 20:49:39.326 I/ActivityManager( 1281): START u0 {cmp=me.blog.korn123.easydiary/.activities.MarkDownViewActivity} from uid 10064 on display 0
08-31 20:49:39.327 W/ActivityManager( 1281): Permission Denial: starting Intent { cmp=me.blog.korn123.easydiary/.activities.MarkDownViewActivity } from ProcessRecord{bda5613 1935:com.android.intentfuzzer/u0a64} (pid=1935, uid=10064) not exported from uid 10052
08-31 20:49:39.328 W/System.err( 1935): java.lang.Exception: Toast callstack! strTip=Send Intent Failed!
08-31 20:49:39.328 W/System.err( 1935): 	at android.widget.Toast.show(Toast.java:130)
08-31 20:49:39.328 W/System.err( 1935): 	at com.android.intentfuzzer.FuzzerActivity$3.onClick(FuzzerActivity.java:167)
08-31 20:49:39.328 W/System.err( 1935): 	at android.view.View.performClick(View.java:5637)
08-31 20:49:39.328 W/System.err( 1935): 	at android.view.View$PerformClick.run(View.java:22429)
08-31 20:49:39.328 W/System.err( 1935): 	at android.os.Handler.handleCallback(Handler.java:751)
08-31 20:49:39.328 W/System.err( 1935): 	at android.os.Handler.dispatchMessage(Handler.java:95)
08-31 20:49:39.328 W/System.err( 1935): 	at android.os.Looper.loop(Looper.java:154)
08-31 20:49:39.328 W/System.err( 1935): 	at android.app.ActivityThread.main(ActivityThread.java:6190)
08-31 20:49:39.328 W/System.err( 1935): 	at java.lang.reflect.Method.invoke(Native Method)
08-31 20:49:39.328 W/System.err( 1935): 	at com.android.internal.os.ZygoteInit$MethodAndArgsCaller.run(ZygoteInit.java:892)
08-31 20:49:39.328 W/System.err( 1935): 	at com.android.internal.os.ZygoteInit.main(ZygoteInit.java:782)
08-31 20:49:39.330 I/ActivityManager( 1281): START u0 {cmp=me.blog.korn123.easydiary/com.werb.pickphotoview.PickPhotoActivity} from uid 10064 on display 0
08-31 20:49:39.330 W/ActivityManager( 1281): Permission Denial: starting Intent { cmp=me.blog.korn123.easydiary/com.werb.pickphotoview.PickPhotoActivity } from ProcessRecord{bda5613 1935:com.android.intentfuzzer/u0a64} (pid=1935, uid=10064) not exported from uid 10052
08-31 20:49:39.332 W/System.err( 1935): java.lang.Exception: Toast callstack! strTip=Send Intent Failed!
08-31 20:49:39.332 W/System.err( 1935): 	at android.widget.Toast.show(Toast.java:130)
08-31 20:49:39.332 W/System.err( 1935): 	at com.android.intentfuzzer.FuzzerActivity$3.onClick(FuzzerActivity.java:167)
08-31 20:49:39.332 W/System.err( 1935): 	at android.view.View.performClick(View.java:5637)
08-31 20:49:39.332 W/System.err( 1935): 	at android.view.View$PerformClick.run(View.java:22429)
08-31 20:49:39.332 W/System.err( 1935): 	at android.os.Handler.handleCallback(Handler.java:751)
08-31 20:49:39.332 W/System.err( 1935): 	at android.os.Handler.dispatchMessage(Handler.java:95)
08-31 20:49:39.332 W/System.err( 1935): 	at android.os.Looper.loop(Looper.java:154)
08-31 20:49:39.332 W/System.err( 1935): 	at android.app.ActivityThread.main(ActivityThread.java:6190)
08-31 20:49:39.332 W/System.err( 1935): 	at java.lang.reflect.Method.invoke(Native Method)
08-31 20:49:39.332 W/System.err( 1935): 	at com.android.internal.os.ZygoteInit$MethodAndArgsCaller.run(ZygoteInit.java:892)
08-31 20:49:39.332 W/System.err( 1935): 	at com.android.internal.os.ZygoteInit.main(ZygoteInit.java:782)
08-31 20:49:39.333 I/ActivityManager( 1281): START u0 {cmp=me.blog.korn123.easydiary/com.werb.pickphotoview.PickPhotoPreviewActivity} from uid 10064 on display 0
08-31 20:49:39.334 W/ActivityManager( 1281): Permission Denial: starting Intent { cmp=me.blog.korn123.easydiary/com.werb.pickphotoview.PickPhotoPreviewActivity } from ProcessRecord{bda5613 1935:com.android.intentfuzzer/u0a64} (pid=1935, uid=10064) not exported from uid 10052
08-31 20:49:39.335 W/System.err( 1935): java.lang.Exception: Toast callstack! strTip=Send Intent Failed!
08-31 20:49:39.335 W/System.err( 1935): 	at android.widget.Toast.show(Toast.java:130)
08-31 20:49:39.335 W/System.err( 1935): 	at com.android.intentfuzzer.FuzzerActivity$3.onClick(FuzzerActivity.java:167)
08-31 20:49:39.335 W/System.err( 1935): 	at android.view.View.performClick(View.java:5637)
08-31 20:49:39.335 W/System.err( 1935): 	at android.view.View$PerformClick.run(View.java:22429)
08-31 20:49:39.335 W/System.err( 1935): 	at android.os.Handler.handleCallback(Handler.java:751)
08-31 20:49:39.335 W/System.err( 1935): 	at android.os.Handler.dispatchMessage(Handler.java:95)
08-31 20:49:39.335 W/System.err( 1935): 	at android.os.Looper.loop(Looper.java:154)
08-31 20:49:39.335 W/System.err( 1935): 	at android.app.ActivityThread.main(ActivityThread.java:6190)
08-31 20:49:39.336 W/System.err( 1935): 	at java.lang.reflect.Method.invoke(Native Method)
08-31 20:49:39.336 W/System.err( 1935): 	at com.android.internal.os.ZygoteInit$MethodAndArgsCaller.run(ZygoteInit.java:892)
08-31 20:49:39.336 W/System.err( 1935): 	at com.android.internal.os.ZygoteInit.main(ZygoteInit.java:782)
08-31 20:49:39.337 I/ActivityManager( 1281): START u0 {cmp=me.blog.korn123.easydiary/androidx.biometric.DeviceCredentialHandlerActivity} from uid 10064 on display 0
08-31 20:49:39.341 W/System.err( 1935): java.lang.Exception: Toast callstack! strTip=Sent Null Intent { cmp=me.blog.korn123.easydiary/androidx.biometric.DeviceCredentialHandlerActivity }
08-31 20:49:39.341 W/System.err( 1935): 	at android.widget.Toast.show(Toast.java:130)
08-31 20:49:39.341 W/System.err( 1935): 	at com.android.intentfuzzer.FuzzerActivity$3.onClick(FuzzerActivity.java:165)
08-31 20:49:39.341 W/System.err( 1935): 	at android.view.View.performClick(View.java:5637)
08-31 20:49:39.341 W/System.err( 1935): 	at android.view.View$PerformClick.run(View.java:22429)
08-31 20:49:39.341 W/System.err( 1935): 	at android.os.Handler.handleCallback(Handler.java:751)
08-31 20:49:39.341 W/System.err( 1935): 	at android.os.Handler.dispatchMessage(Handler.java:95)
08-31 20:49:39.341 W/System.err( 1935): 	at android.os.Looper.loop(Looper.java:154)
08-31 20:49:39.341 W/System.err( 1935): 	at android.app.ActivityThread.main(ActivityThread.java:6190)
08-31 20:49:39.341 W/System.err( 1935): 	at java.lang.reflect.Method.invoke(Native Method)
08-31 20:49:39.341 W/System.err( 1935): 	at com.android.internal.os.ZygoteInit$MethodAndArgsCaller.run(ZygoteInit.java:892)
08-31 20:49:39.341 W/System.err( 1935): 	at com.android.internal.os.ZygoteInit.main(ZygoteInit.java:782)
08-31 20:49:39.341 W/ContextImpl( 1676): Calling a method in the system process without a qualified user: android.app.ContextImpl.startService:1358 android.content.ContextWrapper.startService:613 android.content.ContextWrapper.startService:613 com.android.coreservice.CoreBroadcastReceiver.onReceive:44 android.app.ActivityThread.handleReceiver:3073 
08-31 20:49:39.360 I/ActivityManager( 1281): Start proc 2604:me.blog.korn123.easydiary/u0a52 for activity me.blog.korn123.easydiary/androidx.biometric.DeviceCredentialHandlerActivity
08-31 20:49:39.381 D/libnativebridge( 2604): call UnloadNativeBridge! state=1
08-31 20:49:39.421 E/EGL_adreno( 1935): tid 1952: eglSurfaceAttrib(1338): error 0x3009 (EGL_BAD_MATCH)
08-31 20:49:39.421 W/OpenGLRenderer( 1935): Failed to set EGL_SWAP_BEHAVIOR on surface 0x7fffeb5f5bc0, error=EGL_BAD_MATCH
08-31 20:49:39.424 D/EGL_adreno( 1935): eglMakeCurrent: 0x7fffeb454c20: ver 3 1 (tinfo 0x7fffeb40d8a0)
08-31 20:49:39.480 W/ContextImpl( 1676): Calling a method in the system process without a qualified user: android.app.ContextImpl.startService:1358 android.content.ContextWrapper.startService:613 android.content.ContextWrapper.startService:613 com.android.coreservice.CoreBroadcastReceiver.onReceive:53 android.app.ActivityThread.handleReceiver:3073 
08-31 20:49:40.336 I/MultiDex( 2604): VM with version 2.1.0 has multidex support
08-31 20:49:40.336 I/MultiDex( 2604): Installing application
08-31 20:49:40.336 I/MultiDex( 2604): VM has multidex support, MultiDex support library is disabled.
08-31 20:49:40.638 E/DeviceCredentialHandler( 2604): onCreate: Executor and/or callback was null!
08-31 20:49:40.643 W/ContextImpl( 1676): Calling a method in the system process without a qualified user: android.app.ContextImpl.startService:1358 android.content.ContextWrapper.startService:613 android.content.ContextWrapper.startService:613 com.android.coreservice.CoreBroadcastReceiver.onReceive:53 android.app.ActivityThread.handleReceiver:3073 
08-31 20:49:40.652 W/ContextImpl( 1676): Calling a method in the system process without a qualified user: android.app.ContextImpl.startService:1358 android.content.ContextWrapper.startService:613 android.content.ContextWrapper.startService:613 com.android.coreservice.CoreBroadcastReceiver.onReceive:44 android.app.ActivityThread.handleReceiver:3073 
08-31 20:49:40.786 D/TaskPersister( 1281): getImageFromWriteQueue return null! filePath=/data/system_ce/0/recent_images/16_task_thumbnail.png
08-31 20:49:40.900 W/ContextImpl( 1676): Calling a method in the system process without a qualified user: android.app.ContextImpl.startService:1358 android.content.ContextWrapper.startService:613 android.content.ContextWrapper.startService:613 com.android.coreservice.CoreBroadcastReceiver.onReceive:53 android.app.ActivityThread.handleReceiver:3073 
08-31 20:49:40.923 I/HostConnection( 2604): HostConnection::HostConnection: pid=2604, tid=2604, this=0x7fffe8ba0160
08-31 20:49:40.926 I/        ( 2604): fastpipe: Connect success
08-31 20:49:40.927 D/HostConnection( 2604): HostRPC::connect sucess: app=me.blog.korn123.easydiary, pid=2604, tid=2604, this=0x7fffd63346c0
08-31 20:49:40.928 D/HostConnection( 2604): queryAndSetGLESMaxVersion select gles-version: 3.1 hostGLVersion:46 process:me.blog.korn123.easydiary
08-31 20:49:40.931 I/        ( 2604): fastpipe: Connect success
08-31 20:49:40.931 D/HostConnection( 2604): recv ProcessPuidReply name=me.blog.korn123.easydiary puid=15 g_u64CapsFlag=1d
08-31 20:49:40.959 I/HostConnection( 2604): HostConnection::HostConnection: pid=2604, tid=2627, this=0x7fffe8ba01c0
08-31 20:49:40.962 I/        ( 2604): fastpipe: Connect success
08-31 20:49:40.963 D/HostConnection( 2604): HostRPC::connect sucess: app=me.blog.korn123.easydiary, pid=2604, tid=2627, this=0x7fffd6347d00
08-31 20:49:40.964 D/HostConnection( 2604): queryAndSetGLESMaxVersion select gles-version: 3.1 hostGLVersion:46 process:me.blog.korn123.easydiary
08-31 20:49:40.967 I/OpenGLRenderer( 2604): Initialized EGL, version 1.4
08-31 20:49:40.967 D/OpenGLRenderer( 2604): Swap behavior 1
08-31 20:49:40.968 I/EGL_adreno( 2604): eglCreateContext request GLES major-version=2
08-31 20:49:40.993 D/EGL_adreno( 2604): eglCreateContext: 0x7ffff2f36280: maj 3 min 1 rcv 4
08-31 20:49:41.087 D/EGL_adreno( 2604): eglMakeCurrent: 0x7ffff2f36280: ver 3 1 (tinfo 0x7ffff2f00f40)
08-31 20:49:41.090 W/ContextImpl( 1676): Calling a method in the system process without a qualified user: android.app.ContextImpl.startService:1358 android.content.ContextWrapper.startService:613 android.content.ContextWrapper.startService:613 com.android.coreservice.CoreBroadcastReceiver.onReceive:69 android.app.ActivityThread.handleReceiver:3073 
08-31 20:49:41.092 W/ContextImpl( 1676): Calling a method in the system process without a qualified user: android.app.ContextImpl.startService:1358 android.content.ContextWrapper.startService:613 android.content.ContextWrapper.startService:613 com.android.coreservice.CoreBroadcastReceiver.onReceive:69 android.app.ActivityThread.handleReceiver:3073 
08-31 20:49:41.095 D/HostConnection( 2604): ExtendedRCEncoderContext GL_VERSION return OpenGL ES 3.1
08-31 20:49:41.107 E/EGL_adreno( 2604): tid 2627: eglSurfaceAttrib(1338): error 0x3009 (EGL_BAD_MATCH)
08-31 20:49:41.107 W/OpenGLRenderer( 2604): Failed to set EGL_SWAP_BEHAVIOR on surface 0x7fffe8ac0e80, error=EGL_BAD_MATCH
08-31 20:49:41.108 D/EGL_adreno( 2604): eglMakeCurrent: 0x7ffff2f36280: ver 3 1 (tinfo 0x7ffff2f00f40)
08-31 20:49:41.209 I/ActivityManager( 1281): Displayed me.blog.korn123.easydiary/.activities.IntroActivity: +1s848ms (total +1s865ms)
08-31 20:49:41.374 I/ActivityManager( 1281): START u0 {cmp=me.blog.korn123.easydiary/.activities.DiaryMainActivity} from uid 10052 on display 0
08-31 20:49:41.380 W/ContextImpl( 1676): Calling a method in the system process without a qualified user: android.app.ContextImpl.startService:1358 android.content.ContextWrapper.startService:613 android.content.ContextWrapper.startService:613 com.android.coreservice.CoreBroadcastReceiver.onReceive:44 android.app.ActivityThread.handleReceiver:3073 
08-31 20:49:41.504 D/TaskPersister( 1281): getImageFromWriteQueue return null! filePath=/data/system_ce/0/recent_images/16_task_thumbnail.png
08-31 20:49:41.708 W/ContextImpl( 1676): Calling a method in the system process without a qualified user: android.app.ContextImpl.startService:1358 android.content.ContextWrapper.startService:613 android.content.ContextWrapper.startService:613 com.android.coreservice.CoreBroadcastReceiver.onReceive:53 android.app.ActivityThread.handleReceiver:3073 
08-31 20:49:41.926 E/EGL_adreno( 2604): tid 2627: eglSurfaceAttrib(1338): error 0x3009 (EGL_BAD_MATCH)
08-31 20:49:41.926 W/OpenGLRenderer( 2604): Failed to set EGL_SWAP_BEHAVIOR on surface 0x7fffd5530480, error=EGL_BAD_MATCH
08-31 20:49:42.030 D/EGL_adreno( 2604): eglMakeCurrent: 0x7ffff2f36280: ver 3 1 (tinfo 0x7ffff2f00f40)
08-31 20:49:42.162 I/ActivityManager( 1281): Displayed me.blog.korn123.easydiary/.activities.DiaryMainActivity: +781ms
08-31 20:49:42.223 I/art     ( 2604): Do partial code cache collection, code=28KB, data=30KB
08-31 20:49:42.223 I/art     ( 2604): After code cache collection, code=28KB, data=30KB
08-31 20:49:42.223 I/art     ( 2604): Increasing code cache capacity to 128KB
08-31 20:49:42.225 W/ContextImpl( 1676): Calling a method in the system process without a qualified user: android.app.ContextImpl.startService:1358 android.content.ContextWrapper.startService:613 android.content.ContextWrapper.startService:613 com.android.coreservice.CoreBroadcastReceiver.onReceive:69 android.app.ActivityThread.handleReceiver:3073 
08-31 20:49:42.231 W/ContextImpl( 1676): Calling a method in the system process without a qualified user: android.app.ContextImpl.startService:1358 android.content.ContextWrapper.startService:613 android.content.ContextWrapper.startService:613 com.android.coreservice.CoreBroadcastReceiver.onReceive:69 android.app.ActivityThread.handleReceiver:3073 
08-31 20:49:42.241 D/ShowcaseView( 2604): Recalculated
08-31 20:49:42.241 D/ShowcaseView( 2604): Recalculated
08-31 20:49:42.321 D/audio_hw_hal( 1087): log_func, out_standby
08-31 20:49:42.321 D/audio_hw_hal( 1087): raw_close_output_stream, dev=0xf6e480c0, stream =0xf6e43140
08-31 20:49:42.322 D/audio_hw_hal( 1087): raw_close_output_stream, stream=0xf6e43140,  success!
08-31 20:49:42.478 I/art     ( 2604): Compiler allocated 4MB to compile android.view.View me.blog.korn123.easydiary.adapters.DiaryMainItemAdapter.getView(int, android.view.View, android.view.ViewGroup)
08-31 20:49:42.752 W/WindowManager( 1281): Attempted to remove non-existing token: android.os.Binder@c42668e
08-31 20:49:42.752 D/EGL_adreno( 1935): eglMakeCurrent: 0x7fffeb454c20: ver 3 1 (tinfo 0x7fffeb40d8a0)
08-31 20:49:42.817 E/EGL_adreno( 1935): tid 1952: eglSurfaceAttrib(1338): error 0x3009 (EGL_BAD_MATCH)
08-31 20:49:42.817 W/OpenGLRenderer( 1935): Failed to set EGL_SWAP_BEHAVIOR on surface 0x7fffeb5f5bc0, error=EGL_BAD_MATCH
08-31 20:49:42.823 D/EGL_adreno( 1935): eglMakeCurrent: 0x7fffeb454c20: ver 3 1 (tinfo 0x7fffeb40d8a0)
08-31 20:49:46.261 W/WindowManager( 1281): Attempted to remove non-existing token: android.os.Binder@3591eaf
08-31 20:49:46.266 D/EGL_adreno( 1935): eglMakeCurrent: 0x7fffeb454c20: ver 3 1 (tinfo 0x7fffeb40d8a0)
08-31 20:49:46.309 E/EGL_adreno( 1935): tid 1952: eglSurfaceAttrib(1338): error 0x3009 (EGL_BAD_MATCH)
08-31 20:49:46.309 W/OpenGLRenderer( 1935): Failed to set EGL_SWAP_BEHAVIOR on surface 0x7fffeb5f5bc0, error=EGL_BAD_MATCH
08-31 20:49:46.324 D/EGL_adreno( 1935): eglMakeCurrent: 0x7fffeb454c20: ver 3 1 (tinfo 0x7fffeb40d8a0)
08-31 20:49:49.765 W/WindowManager( 1281): Attempted to remove non-existing token: android.os.Binder@ea592bc
08-31 20:49:49.768 D/EGL_adreno( 1935): eglMakeCurrent: 0x7fffeb454c20: ver 3 1 (tinfo 0x7fffeb40d8a0)
08-31 20:49:49.820 E/EGL_adreno( 1935): tid 1952: eglSurfaceAttrib(1338): error 0x3009 (EGL_BAD_MATCH)
08-31 20:49:49.820 W/OpenGLRenderer( 1935): Failed to set EGL_SWAP_BEHAVIOR on surface 0x7fffeb5f5bc0, error=EGL_BAD_MATCH
08-31 20:49:49.823 D/EGL_adreno( 1935): eglMakeCurrent: 0x7fffeb454c20: ver 3 1 (tinfo 0x7fffeb40d8a0)
08-31 20:49:50.388 I/InputReader( 1281): Reconfiguring input devices.  changes=0x00000010
08-31 20:49:50.491 W/Searchables( 1281): No global search activity found
08-31 20:49:50.530 E/PhoneInterfaceManager( 1538): [PhoneIntfMgr] getCarrierPackageNamesForIntent: No UICC
08-31 20:49:50.530 D/CarrierSvcBindHelper( 1538): No carrier app for: 0
08-31 20:49:50.546 I/Launcher( 1726): Deferring update until onResume
08-31 20:49:50.579 I/art     ( 1281): Background partial concurrent mark sweep GC freed 63608(3MB) AllocSpace objects, 91(1836KB) LOS objects, 33% free, 12MB/18MB, paused 802us total 123.492ms
08-31 20:49:50.766 I/Launcher( 1726): Deferring update until onResume
08-31 20:49:50.776 W/BackupManagerService( 1281): dataChanged but no participant pkg='com.android.launcher3' uid=10028
08-31 20:49:50.777 I/Launcher( 1726): Deferring update until onResume
08-31 20:49:50.787 I/Launcher( 1726): Deferring update until onResume
08-31 20:49:53.273 W/WindowManager( 1281): Attempted to remove non-existing token: android.os.Binder@89cf245
08-31 20:49:53.275 D/EGL_adreno( 1935): eglMakeCurrent: 0x7fffeb454c20: ver 3 1 (tinfo 0x7fffeb40d8a0)
08-31 20:49:53.329 E/EGL_adreno( 1935): tid 1952: eglSurfaceAttrib(1338): error 0x3009 (EGL_BAD_MATCH)
08-31 20:49:53.329 W/OpenGLRenderer( 1935): Failed to set EGL_SWAP_BEHAVIOR on surface 0x7fffeb5f5bc0, error=EGL_BAD_MATCH
08-31 20:49:53.340 D/EGL_adreno( 1935): eglMakeCurrent: 0x7fffeb454c20: ver 3 1 (tinfo 0x7fffeb40d8a0)
08-31 20:49:56.782 W/WindowManager( 1281): Attempted to remove non-existing token: android.os.Binder@3025d9a
08-31 20:49:56.785 D/EGL_adreno( 1935): eglMakeCurrent: 0x7fffeb454c20: ver 3 1 (tinfo 0x7fffeb40d8a0)
08-31 20:49:56.828 E/EGL_adreno( 1935): tid 1952: eglSurfaceAttrib(1338): error 0x3009 (EGL_BAD_MATCH)
08-31 20:49:56.828 W/OpenGLRenderer( 1935): Failed to set EGL_SWAP_BEHAVIOR on surface 0x7fffeb5f5bc0, error=EGL_BAD_MATCH
08-31 20:49:56.839 D/EGL_adreno( 1935): eglMakeCurrent: 0x7fffeb454c20: ver 3 1 (tinfo 0x7fffeb40d8a0)
08-31 20:50:00.284 W/WindowManager( 1281): Attempted to remove non-existing token: android.os.Binder@fa2f6cb
