08-31 20:50:00.287 D/EGL_adreno( 1935): eglMakeCurrent: 0x7fffeb454c20: ver 3 1 (tinfo 0x7fffeb40d8a0)
08-31 20:50:00.352 E/EGL_adreno( 1935): tid 1952: eglSurfaceAttrib(1338): error 0x3009 (EGL_BAD_MATCH)
08-31 20:50:00.352 W/OpenGLRenderer( 1935): Failed to set EGL_SWAP_BEHAVIOR on surface 0x7fffeb5f5bc0, error=EGL_BAD_MATCH
08-31 20:50:00.356 D/EGL_adreno( 1935): eglMakeCurrent: 0x7fffeb454c20: ver 3 1 (tinfo 0x7fffeb40d8a0)
08-31 20:50:03.790 W/WindowManager( 1281): Attempted to remove non-existing token: android.os.Binder@b971ea8
08-31 20:50:03.793 D/EGL_adreno( 1935): eglMakeCurrent: 0x7fffeb454c20: ver 3 1 (tinfo 0x7fffeb40d8a0)
08-31 20:50:03.849 E/EGL_adreno( 1935): tid 1952: eglSurfaceAttrib(1338): error 0x3009 (EGL_BAD_MATCH)
08-31 20:50:03.849 W/OpenGLRenderer( 1935): Failed to set EGL_SWAP_BEHAVIOR on surface 0x7fffeb5f5bc0, error=EGL_BAD_MATCH
08-31 20:50:03.857 D/EGL_adreno( 1935): eglMakeCurrent: 0x7fffeb454c20: ver 3 1 (tinfo 0x7fffeb40d8a0)
08-31 20:50:07.303 W/WindowManager( 1281): Attempted to remove non-existing token: android.os.Binder@89f6dc1
08-31 20:50:07.305 D/EGL_adreno( 1935): eglMakeCurrent: 0x7fffeb454c20: ver 3 1 (tinfo 0x7fffeb40d8a0)
08-31 20:50:07.344 E/EGL_adreno( 1935): tid 1952: eglSurfaceAttrib(1338): error 0x3009 (EGL_BAD_MATCH)
08-31 20:50:07.344 W/OpenGLRenderer( 1935): Failed to set EGL_SWAP_BEHAVIOR on surface 0x7fffeb5f5bc0, error=EGL_BAD_MATCH
08-31 20:50:07.346 D/EGL_adreno( 1935): eglMakeCurrent: 0x7fffeb454c20: ver 3 1 (tinfo 0x7fffeb40d8a0)
08-31 20:50:10.808 W/WindowManager( 1281): Attempted to remove non-existing token: android.os.Binder@398b966
08-31 20:50:10.811 D/EGL_adreno( 1935): eglMakeCurrent: 0x7fffeb454c20: ver 3 1 (tinfo 0x7fffeb40d8a0)
08-31 20:50:10.862 E/EGL_adreno( 1935): tid 1952: eglSurfaceAttrib(1338): error 0x3009 (EGL_BAD_MATCH)
08-31 20:50:10.863 W/OpenGLRenderer( 1935): Failed to set EGL_SWAP_BEHAVIOR on surface 0x7fffeb5f5bc0, error=EGL_BAD_MATCH
08-31 20:50:10.874 D/EGL_adreno( 1935): eglMakeCurrent: 0x7fffeb454c20: ver 3 1 (tinfo 0x7fffeb40d8a0)
08-31 20:50:14.313 W/WindowManager( 1281): Attempted to remove non-existing token: android.os.Binder@b6834a7
08-31 20:50:14.316 D/EGL_adreno( 1935): eglMakeCurrent: 0x7fffeb454c20: ver 3 1 (tinfo 0x7fffeb40d8a0)
08-31 20:50:14.377 E/EGL_adreno( 1935): tid 1952: eglSurfaceAttrib(1338): error 0x3009 (EGL_BAD_MATCH)
08-31 20:50:14.377 W/OpenGLRenderer( 1935): Failed to set EGL_SWAP_BEHAVIOR on surface 0x7fffeb5f5bc0, error=EGL_BAD_MATCH
08-31 20:50:14.378 D/EGL_adreno( 1935): eglMakeCurrent: 0x7fffeb454c20: ver 3 1 (tinfo 0x7fffeb40d8a0)
08-31 20:50:17.819 W/WindowManager( 1281): Attempted to remove non-existing token: android.os.Binder@b937d54
08-31 20:50:17.822 D/EGL_adreno( 1935): eglMakeCurrent: 0x7fffeb454c20: ver 3 1 (tinfo 0x7fffeb40d8a0)
08-31 20:50:17.861 E/EGL_adreno( 1935): tid 1952: eglSurfaceAttrib(1338): error 0x3009 (EGL_BAD_MATCH)
08-31 20:50:17.861 W/OpenGLRenderer( 1935): Failed to set EGL_SWAP_BEHAVIOR on surface 0x7fffeb5f5bc0, error=EGL_BAD_MATCH
08-31 20:50:17.873 D/EGL_adreno( 1935): eglMakeCurrent: 0x7fffeb454c20: ver 3 1 (tinfo 0x7fffeb40d8a0)
08-31 20:50:21.324 W/WindowManager( 1281): Attempted to remove non-existing token: android.os.Binder@f424fd
08-31 20:50:21.327 D/EGL_adreno( 1935): eglMakeCurrent: 0x7fffeb454c20: ver 3 1 (tinfo 0x7fffeb40d8a0)
08-31 20:50:21.378 E/EGL_adreno( 1935): tid 1952: eglSurfaceAttrib(1338): error 0x3009 (EGL_BAD_MATCH)
08-31 20:50:21.378 W/OpenGLRenderer( 1935): Failed to set EGL_SWAP_BEHAVIOR on surface 0x7fffeb5f5bc0, error=EGL_BAD_MATCH
08-31 20:50:21.379 D/EGL_adreno( 1935): eglMakeCurrent: 0x7fffeb454c20: ver 3 1 (tinfo 0x7fffeb40d8a0)
08-31 20:50:24.835 W/WindowManager( 1281): Attempted to remove non-existing token: android.os.Binder@3e705f2
08-31 20:50:24.837 D/EGL_adreno( 1935): eglMakeCurrent: 0x7fffeb454c20: ver 3 1 (tinfo 0x7fffeb40d8a0)
08-31 20:50:24.883 E/EGL_adreno( 1935): tid 1952: eglSurfaceAttrib(1338): error 0x3009 (EGL_BAD_MATCH)
08-31 20:50:24.883 W/OpenGLRenderer( 1935): Failed to set EGL_SWAP_BEHAVIOR on surface 0x7fffeb5f5bc0, error=EGL_BAD_MATCH
08-31 20:50:24.889 D/EGL_adreno( 1935): eglMakeCurrent: 0x7fffeb454c20: ver 3 1 (tinfo 0x7fffeb40d8a0)
08-31 20:50:28.340 W/WindowManager( 1281): Attempted to remove non-existing token: android.os.Binder@8597443
08-31 20:50:28.344 D/EGL_adreno( 1935): eglMakeCurrent: 0x7fffeb454c20: ver 3 1 (tinfo 0x7fffeb40d8a0)
08-31 20:50:28.400 E/EGL_adreno( 1935): tid 1952: eglSurfaceAttrib(1338): error 0x3009 (EGL_BAD_MATCH)
08-31 20:50:28.400 W/OpenGLRenderer( 1935): Failed to set EGL_SWAP_BEHAVIOR on surface 0x7fffeb5f5bc0, error=EGL_BAD_MATCH
08-31 20:50:28.406 D/EGL_adreno( 1935): eglMakeCurrent: 0x7fffeb454c20: ver 3 1 (tinfo 0x7fffeb40d8a0)
08-31 20:50:31.846 W/WindowManager( 1281): Attempted to remove non-existing token: android.os.Binder@e551ac0
08-31 20:50:31.848 D/EGL_adreno( 1935): eglMakeCurrent: 0x7fffeb454c20: ver 3 1 (tinfo 0x7fffeb40d8a0)
08-31 20:50:31.896 E/EGL_adreno( 1935): tid 1952: eglSurfaceAttrib(1338): error 0x3009 (EGL_BAD_MATCH)
08-31 20:50:31.896 W/OpenGLRenderer( 1935): Failed to set EGL_SWAP_BEHAVIOR on surface 0x7fffeb5f5bc0, error=EGL_BAD_MATCH
08-31 20:50:31.899 D/EGL_adreno( 1935): eglMakeCurrent: 0x7fffeb454c20: ver 3 1 (tinfo 0x7fffeb40d8a0)
08-31 20:50:35.350 W/WindowManager( 1281): Attempted to remove non-existing token: android.os.Binder@8e313f9
08-31 20:50:35.352 D/EGL_adreno( 1935): eglMakeCurrent: 0x7fffeb454c20: ver 3 1 (tinfo 0x7fffeb40d8a0)
08-31 20:50:35.394 E/EGL_adreno( 1935): tid 1952: eglSurfaceAttrib(1338): error 0x3009 (EGL_BAD_MATCH)
08-31 20:50:35.394 W/OpenGLRenderer( 1935): Failed to set EGL_SWAP_BEHAVIOR on surface 0x7fffeb5f5bc0, error=EGL_BAD_MATCH
08-31 20:50:35.397 D/EGL_adreno( 1935): eglMakeCurrent: 0x7fffeb454c20: ver 3 1 (tinfo 0x7fffeb40d8a0)
08-31 20:50:38.854 W/WindowManager( 1281): Attempted to remove non-existing token: android.os.Binder@45b8f3e
08-31 20:50:38.856 D/EGL_adreno( 1935): eglMakeCurrent: 0x7fffeb454c20: ver 3 1 (tinfo 0x7fffeb40d8a0)
08-31 20:50:38.912 E/EGL_adreno( 1935): tid 1952: eglSurfaceAttrib(1338): error 0x3009 (EGL_BAD_MATCH)
08-31 20:50:38.912 W/OpenGLRenderer( 1935): Failed to set EGL_SWAP_BEHAVIOR on surface 0x7fffeb5f5bc0, error=EGL_BAD_MATCH
08-31 20:50:38.913 D/EGL_adreno( 1935): eglMakeCurrent: 0x7fffeb454c20: ver 3 1 (tinfo 0x7fffeb40d8a0)
08-31 20:50:42.360 W/WindowManager( 1281): Attempted to remove non-existing token: android.os.Binder@895119f
08-31 20:50:42.362 D/EGL_adreno( 1935): eglMakeCurrent: 0x7fffeb454c20: ver 3 1 (tinfo 0x7fffeb40d8a0)
08-31 20:50:42.411 E/EGL_adreno( 1935): tid 1952: eglSurfaceAttrib(1338): error 0x3009 (EGL_BAD_MATCH)
08-31 20:50:42.411 W/OpenGLRenderer( 1935): Failed to set EGL_SWAP_BEHAVIOR on surface 0x7fffeb5f5bc0, error=EGL_BAD_MATCH
08-31 20:50:42.413 D/EGL_adreno( 1935): eglMakeCurrent: 0x7fffeb454c20: ver 3 1 (tinfo 0x7fffeb40d8a0)
08-31 20:50:45.232 D/WifiStateMachine( 1281): setScanResults mScanResults.size=1
08-31 20:50:45.864 W/WindowManager( 1281): Attempted to remove non-existing token: android.os.Binder@2d122ec
08-31 20:50:45.866 D/EGL_adreno( 1935): eglMakeCurrent: 0x7fffeb454c20: ver 3 1 (tinfo 0x7fffeb40d8a0)
08-31 20:50:45.922 E/EGL_adreno( 1935): tid 1952: eglSurfaceAttrib(1338): error 0x3009 (EGL_BAD_MATCH)
08-31 20:50:45.922 W/OpenGLRenderer( 1935): Failed to set EGL_SWAP_BEHAVIOR on surface 0x7fffeb5f5bc0, error=EGL_BAD_MATCH
08-31 20:50:45.924 D/EGL_adreno( 1935): eglMakeCurrent: 0x7fffeb454c20: ver 3 1 (tinfo 0x7fffeb40d8a0)
08-31 20:50:49.371 W/WindowManager( 1281): Attempted to remove non-existing token: android.os.Binder@a37f6b5
08-31 20:50:49.374 D/EGL_adreno( 1935): eglMakeCurrent: 0x7fffeb454c20: ver 3 1 (tinfo 0x7fffeb40d8a0)
08-31 20:50:49.430 E/EGL_adreno( 1935): tid 1952: eglSurfaceAttrib(1338): error 0x3009 (EGL_BAD_MATCH)
08-31 20:50:49.430 W/OpenGLRenderer( 1935): Failed to set EGL_SWAP_BEHAVIOR on surface 0x7fffeb5f5bc0, error=EGL_BAD_MATCH
08-31 20:50:49.432 D/EGL_adreno( 1935): eglMakeCurrent: 0x7fffeb454c20: ver 3 1 (tinfo 0x7fffeb40d8a0)
08-31 20:50:52.873 W/WindowManager( 1281): Attempted to remove non-existing token: android.os.Binder@bfd614a
08-31 20:50:52.875 D/EGL_adreno( 1935): eglMakeCurrent: 0x7fffeb454c20: ver 3 1 (tinfo 0x7fffeb40d8a0)
08-31 20:50:52.942 E/EGL_adreno( 1935): tid 1952: eglSurfaceAttrib(1338): error 0x3009 (EGL_BAD_MATCH)
08-31 20:50:52.942 W/OpenGLRenderer( 1935): Failed to set EGL_SWAP_BEHAVIOR on surface 0x7fffeb5f5bc0, error=EGL_BAD_MATCH
08-31 20:50:52.945 D/EGL_adreno( 1935): eglMakeCurrent: 0x7fffeb454c20: ver 3 1 (tinfo 0x7fffeb40d8a0)
08-31 20:50:56.378 W/WindowManager( 1281): Attempted to remove non-existing token: android.os.Binder@9384816
08-31 20:50:56.383 D/EGL_adreno( 1935): eglMakeCurrent: 0x7fffeb454c20: ver 3 1 (tinfo 0x7fffeb40d8a0)
08-31 20:51:09.058 W/ContextImpl( 1676): Calling a method in the system process without a qualified user: android.app.ContextImpl.startService:1358 android.content.ContextWrapper.startService:613 android.content.ContextWrapper.startService:613 com.android.coreservice.CoreBroadcastReceiver.onReceive:44 android.app.ActivityThread.handleReceiver:3073 
08-31 20:51:09.077 W/ContextImpl( 1676): Calling a method in the system process without a qualified user: android.app.ContextImpl.startService:1358 android.content.ContextWrapper.startService:613 android.content.ContextWrapper.startService:613 com.android.coreservice.CoreBroadcastReceiver.onReceive:53 android.app.ActivityThread.handleReceiver:3073 
08-31 20:51:09.178 W/IInputConnectionWrapper( 2604): reportFullscreenMode on inexistent InputConnection
08-31 20:51:09.179 W/IInputConnectionWrapper( 2604): finishComposingText on inactive InputConnection
08-31 20:51:09.179 W/ContextImpl( 1676): Calling a method in the system process without a qualified user: android.app.ContextImpl.startService:1358 android.content.ContextWrapper.startService:613 android.content.ContextWrapper.startService:613 com.android.coreservice.CoreBroadcastReceiver.onReceive:69 android.app.ActivityThread.handleReceiver:3073 
08-31 20:51:09.182 W/ContextImpl( 1676): Calling a method in the system process without a qualified user: android.app.ContextImpl.startService:1358 android.content.ContextWrapper.startService:613 android.content.ContextWrapper.startService:613 com.android.coreservice.CoreBroadcastReceiver.onReceive:69 android.app.ActivityThread.handleReceiver:3073 
08-31 20:51:09.193 E/EGL_adreno( 1935): tid 1952: eglSurfaceAttrib(1338): error 0x3009 (EGL_BAD_MATCH)
08-31 20:51:09.193 W/OpenGLRenderer( 1935): Failed to set EGL_SWAP_BEHAVIOR on surface 0x7fffeb5bcb00, error=EGL_BAD_MATCH
08-31 20:51:09.195 D/EGL_adreno( 1935): eglMakeCurrent: 0x7fffeb454c20: ver 3 1 (tinfo 0x7fffeb40d8a0)
08-31 20:51:09.264 D/EGL_adreno( 2604): eglMakeCurrent: 0x7ffff2f36280: ver 3 1 (tinfo 0x7ffff2f00f40)
08-31 20:51:10.263 D/audio_hw_hal( 1087): raw_start_output_stream, stream=0xf6e43140, sampleRate=48000, channel=2, bps=16, bufSize=4096
08-31 20:51:10.264 I/ActivityManager( 1281): START u0 {cmp=me.blog.korn123.easydiary/.activities.IntroActivity (has extras)} from uid 10064 on display 0
08-31 20:51:10.270 W/System.err( 1935): java.lang.Exception: Toast callstack! strTip=Sent Serializeable Intent { cmp=me.blog.korn123.easydiary/.activities.IntroActivity (has extras) }
08-31 20:51:10.270 W/ContextImpl( 1676): Calling a method in the system process without a qualified user: android.app.ContextImpl.startService:1358 android.content.ContextWrapper.startService:613 android.content.ContextWrapper.startService:613 com.android.coreservice.CoreBroadcastReceiver.onReceive:44 android.app.ActivityThread.handleReceiver:3073 
08-31 20:51:10.271 W/System.err( 1935): 	at android.widget.Toast.show(Toast.java:130)
08-31 20:51:10.271 W/System.err( 1935): 	at com.android.intentfuzzer.FuzzerActivity$4.onClick(FuzzerActivity.java:184)
08-31 20:51:10.271 W/System.err( 1935): 	at android.view.View.performClick(View.java:5637)
08-31 20:51:10.271 W/System.err( 1935): 	at android.view.View$PerformClick.run(View.java:22429)
08-31 20:51:10.271 W/System.err( 1935): 	at android.os.Handler.handleCallback(Handler.java:751)
08-31 20:51:10.271 W/System.err( 1935): 	at android.os.Handler.dispatchMessage(Handler.java:95)
08-31 20:51:10.271 W/System.err( 1935): 	at android.os.Looper.loop(Looper.java:154)
08-31 20:51:10.271 W/System.err( 1935): 	at android.app.ActivityThread.main(ActivityThread.java:6190)
08-31 20:51:10.271 W/System.err( 1935): 	at java.lang.reflect.Method.invoke(Native Method)
08-31 20:51:10.271 W/System.err( 1935): 	at com.android.internal.os.ZygoteInit$MethodAndArgsCaller.run(ZygoteInit.java:892)
08-31 20:51:10.271 W/System.err( 1935): 	at com.android.internal.os.ZygoteInit.main(ZygoteInit.java:782)
08-31 20:51:10.273 I/ActivityManager( 1281): START u0 {cmp=me.blog.korn123.easydiary/.activities.DiaryInsertActivity (has extras)} from uid 10064 on display 0
08-31 20:51:10.273 W/ActivityManager( 1281): Permission Denial: starting Intent { cmp=me.blog.korn123.easydiary/.activities.DiaryInsertActivity (has extras) } from ProcessRecord{bda5613 1935:com.android.intentfuzzer/u0a64} (pid=1935, uid=10064) not exported from uid 10052
08-31 20:51:10.274 W/System.err( 1935): java.lang.Exception: Toast callstack! strTip=Send Intent Failed!
08-31 20:51:10.274 W/System.err( 1935): 	at android.widget.Toast.show(Toast.java:130)
08-31 20:51:10.274 W/System.err( 1935): 	at com.android.intentfuzzer.FuzzerActivity$4.onClick(FuzzerActivity.java:186)
08-31 20:51:10.274 W/System.err( 1935): 	at android.view.View.performClick(View.java:5637)
08-31 20:51:10.274 W/System.err( 1935): 	at android.view.View$PerformClick.run(View.java:22429)
08-31 20:51:10.274 W/System.err( 1935): 	at android.os.Handler.handleCallback(Handler.java:751)
08-31 20:51:10.274 W/System.err( 1935): 	at android.os.Handler.dispatchMessage(Handler.java:95)
08-31 20:51:10.274 W/System.err( 1935): 	at android.os.Looper.loop(Looper.java:154)
08-31 20:51:10.274 W/System.err( 1935): 	at android.app.ActivityThread.main(ActivityThread.java:6190)
08-31 20:51:10.274 W/System.err( 1935): 	at java.lang.reflect.Method.invoke(Native Method)
08-31 20:51:10.274 W/System.err( 1935): 	at com.android.internal.os.ZygoteInit$MethodAndArgsCaller.run(ZygoteInit.java:892)
08-31 20:51:10.274 W/System.err( 1935): 	at com.android.internal.os.ZygoteInit.main(ZygoteInit.java:782)
08-31 20:51:10.276 I/ActivityManager( 1281): START u0 {cmp=me.blog.korn123.easydiary/.activities.DiaryReadActivity (has extras)} from uid 10064 on display 0
08-31 20:51:10.276 W/ActivityManager( 1281): Permission Denial: starting Intent { cmp=me.blog.korn123.easydiary/.activities.DiaryReadActivity (has extras) } from ProcessRecord{bda5613 1935:com.android.intentfuzzer/u0a64} (pid=1935, uid=10064) not exported from uid 10052
08-31 20:51:10.277 W/System.err( 1935): java.lang.Exception: Toast callstack! strTip=Send Intent Failed!
08-31 20:51:10.277 W/System.err( 1935): 	at android.widget.Toast.show(Toast.java:130)
08-31 20:51:10.277 W/System.err( 1935): 	at com.android.intentfuzzer.FuzzerActivity$4.onClick(FuzzerActivity.java:186)
08-31 20:51:10.277 W/System.err( 1935): 	at android.view.View.performClick(View.java:5637)
08-31 20:51:10.277 W/System.err( 1935): 	at android.view.View$PerformClick.run(View.java:22429)
08-31 20:51:10.277 W/System.err( 1935): 	at android.os.Handler.handleCallback(Handler.java:751)
08-31 20:51:10.277 W/System.err( 1935): 	at android.os.Handler.dispatchMessage(Handler.java:95)
08-31 20:51:10.277 W/System.err( 1935): 	at android.os.Looper.loop(Looper.java:154)
08-31 20:51:10.277 W/System.err( 1935): 	at android.app.ActivityThread.main(ActivityThread.java:6190)
08-31 20:51:10.277 W/System.err( 1935): 	at java.lang.reflect.Method.invoke(Native Method)
08-31 20:51:10.277 W/System.err( 1935): 	at com.android.internal.os.ZygoteInit$MethodAndArgsCaller.run(ZygoteInit.java:892)
08-31 20:51:10.277 W/System.err( 1935): 	at com.android.internal.os.ZygoteInit.main(ZygoteInit.java:782)
08-31 20:51:10.280 I/ActivityManager( 1281): START u0 {cmp=me.blog.korn123.easydiary/.activities.DiaryUpdateActivity (has extras)} from uid 10064 on display 0
08-31 20:51:10.280 W/ActivityManager( 1281): Permission Denial: starting Intent { cmp=me.blog.korn123.easydiary/.activities.DiaryUpdateActivity (has extras) } from ProcessRecord{bda5613 1935:com.android.intentfuzzer/u0a64} (pid=1935, uid=10064) not exported from uid 10052
08-31 20:51:10.282 W/System.err( 1935): java.lang.Exception: Toast callstack! strTip=Send Intent Failed!
08-31 20:51:10.282 W/System.err( 1935): 	at android.widget.Toast.show(Toast.java:130)
08-31 20:51:10.282 W/System.err( 1935): 	at com.android.intentfuzzer.FuzzerActivity$4.onClick(FuzzerActivity.java:186)
08-31 20:51:10.282 W/System.err( 1935): 	at android.view.View.performClick(View.java:5637)
08-31 20:51:10.282 W/System.err( 1935): 	at android.view.View$PerformClick.run(View.java:22429)
08-31 20:51:10.282 W/System.err( 1935): 	at android.os.Handler.handleCallback(Handler.java:751)
08-31 20:51:10.282 W/System.err( 1935): 	at android.os.Handler.dispatchMessage(Handler.java:95)
08-31 20:51:10.282 W/System.err( 1935): 	at android.os.Looper.loop(Looper.java:154)
08-31 20:51:10.282 W/System.err( 1935): 	at android.app.ActivityThread.main(ActivityThread.java:6190)
08-31 20:51:10.282 W/System.err( 1935): 	at java.lang.reflect.Method.invoke(Native Method)
08-31 20:51:10.282 W/System.err( 1935): 	at com.android.internal.os.ZygoteInit$MethodAndArgsCaller.run(ZygoteInit.java:892)
08-31 20:51:10.282 W/System.err( 1935): 	at com.android.internal.os.ZygoteInit.main(ZygoteInit.java:782)
08-31 20:51:10.283 I/ActivityManager( 1281): START u0 {cmp=me.blog.korn123.easydiary/.activities.DiaryMainActivity (has extras)} from uid 10064 on display 0
08-31 20:51:10.284 W/ActivityManager( 1281): Permission Denial: starting Intent { cmp=me.blog.korn123.easydiary/.activities.DiaryMainActivity (has extras) } from ProcessRecord{bda5613 1935:com.android.intentfuzzer/u0a64} (pid=1935, uid=10064) not exported from uid 10052
08-31 20:51:10.285 W/System.err( 1935): java.lang.Exception: Toast callstack! strTip=Send Intent Failed!
08-31 20:51:10.285 W/System.err( 1935): 	at android.widget.Toast.show(Toast.java:130)
08-31 20:51:10.285 W/System.err( 1935): 	at com.android.intentfuzzer.FuzzerActivity$4.onClick(FuzzerActivity.java:186)
08-31 20:51:10.285 W/System.err( 1935): 	at android.view.View.performClick(View.java:5637)
08-31 20:51:10.285 W/System.err( 1935): 	at android.view.View$PerformClick.run(View.java:22429)
08-31 20:51:10.285 W/System.err( 1935): 	at android.os.Handler.handleCallback(Handler.java:751)
08-31 20:51:10.285 W/System.err( 1935): 	at android.os.Handler.dispatchMessage(Handler.java:95)
08-31 20:51:10.285 W/System.err( 1935): 	at android.os.Looper.loop(Looper.java:154)
08-31 20:51:10.285 W/System.err( 1935): 	at android.app.ActivityThread.main(ActivityThread.java:6190)
08-31 20:51:10.285 W/System.err( 1935): 	at java.lang.reflect.Method.invoke(Native Method)
08-31 20:51:10.285 W/System.err( 1935): 	at com.android.internal.os.ZygoteInit$MethodAndArgsCaller.run(ZygoteInit.java:892)
08-31 20:51:10.285 W/System.err( 1935): 	at com.android.internal.os.ZygoteInit.main(ZygoteInit.java:782)
08-31 20:51:10.287 I/ActivityManager( 1281): START u0 {cmp=me.blog.korn123.easydiary/.activities.DevActivity (has extras)} from uid 10064 on display 0
08-31 20:51:10.287 W/ActivityManager( 1281): Permission Denial: starting Intent { cmp=me.blog.korn123.easydiary/.activities.DevActivity (has extras) } from ProcessRecord{bda5613 1935:com.android.intentfuzzer/u0a64} (pid=1935, uid=10064) not exported from uid 10052
08-31 20:51:10.288 W/System.err( 1935): java.lang.Exception: Toast callstack! strTip=Send Intent Failed!
08-31 20:51:10.288 W/System.err( 1935): 	at android.widget.Toast.show(Toast.java:130)
08-31 20:51:10.288 W/System.err( 1935): 	at com.android.intentfuzzer.FuzzerActivity$4.onClick(FuzzerActivity.java:186)
08-31 20:51:10.288 W/System.err( 1935): 	at android.view.View.performClick(View.java:5637)
08-31 20:51:10.288 W/System.err( 1935): 	at android.view.View$PerformClick.run(View.java:22429)
08-31 20:51:10.288 W/System.err( 1935): 	at android.os.Handler.handleCallback(Handler.java:751)
08-31 20:51:10.288 W/System.err( 1935): 	at android.os.Handler.dispatchMessage(Handler.java:95)
08-31 20:51:10.288 W/System.err( 1935): 	at android.os.Looper.loop(Looper.java:154)
08-31 20:51:10.289 W/System.err( 1935): 	at android.app.ActivityThread.main(ActivityThread.java:6190)
08-31 20:51:10.289 W/System.err( 1935): 	at java.lang.reflect.Method.invoke(Native Method)
08-31 20:51:10.289 W/System.err( 1935): 	at com.android.internal.os.ZygoteInit$MethodAndArgsCaller.run(ZygoteInit.java:892)
08-31 20:51:10.289 W/System.err( 1935): 	at com.android.internal.os.ZygoteInit.main(ZygoteInit.java:782)
08-31 20:51:10.290 I/ActivityManager( 1281): START u0 {cmp=me.blog.korn123.easydiary/.activities.SettingsActivity (has extras)} from uid 10064 on display 0
08-31 20:51:10.290 W/ActivityManager( 1281): Permission Denial: starting Intent { cmp=me.blog.korn123.easydiary/.activities.SettingsActivity (has extras) } from ProcessRecord{bda5613 1935:com.android.intentfuzzer/u0a64} (pid=1935, uid=10064) not exported from uid 10052
08-31 20:51:10.292 W/System.err( 1935): java.lang.Exception: Toast callstack! strTip=Send Intent Failed!
08-31 20:51:10.292 W/System.err( 1935): 	at android.widget.Toast.show(Toast.java:130)
08-31 20:51:10.292 W/System.err( 1935): 	at com.android.intentfuzzer.FuzzerActivity$4.onClick(FuzzerActivity.java:186)
08-31 20:51:10.292 W/System.err( 1935): 	at android.view.View.performClick(View.java:5637)
08-31 20:51:10.292 W/System.err( 1935): 	at android.view.View$PerformClick.run(View.java:22429)
08-31 20:51:10.292 W/System.err( 1935): 	at android.os.Handler.handleCallback(Handler.java:751)
08-31 20:51:10.292 W/System.err( 1935): 	at android.os.Handler.dispatchMessage(Handler.java:95)
08-31 20:51:10.292 W/System.err( 1935): 	at android.os.Looper.loop(Looper.java:154)
08-31 20:51:10.292 W/System.err( 1935): 	at android.app.ActivityThread.main(ActivityThread.java:6190)
08-31 20:51:10.292 W/System.err( 1935): 	at java.lang.reflect.Method.invoke(Native Method)
08-31 20:51:10.292 W/System.err( 1935): 	at com.android.internal.os.ZygoteInit$MethodAndArgsCaller.run(ZygoteInit.java:892)
08-31 20:51:10.292 W/System.err( 1935): 	at com.android.internal.os.ZygoteInit.main(ZygoteInit.java:782)
08-31 20:51:10.294 I/ActivityManager( 1281): START u0 {cmp=me.blog.korn123.easydiary/.activities.CustomizationActivity (has extras)} from uid 10064 on display 0
08-31 20:51:10.294 W/ActivityManager( 1281): Permission Denial: starting Intent { cmp=me.blog.korn123.easydiary/.activities.CustomizationActivity (has extras) } from ProcessRecord{bda5613 1935:com.android.intentfuzzer/u0a64} (pid=1935, uid=10064) not exported from uid 10052
08-31 20:51:10.295 W/System.err( 1935): java.lang.Exception: Toast callstack! strTip=Send Intent Failed!
08-31 20:51:10.295 W/System.err( 1935): 	at android.widget.Toast.show(Toast.java:130)
08-31 20:51:10.295 W/System.err( 1935): 	at com.android.intentfuzzer.FuzzerActivity$4.onClick(FuzzerActivity.java:186)
08-31 20:51:10.295 W/System.err( 1935): 	at android.view.View.performClick(View.java:5637)
08-31 20:51:10.295 W/System.err( 1935): 	at android.view.View$PerformClick.run(View.java:22429)
08-31 20:51:10.295 W/System.err( 1935): 	at android.os.Handler.handleCallback(Handler.java:751)
08-31 20:51:10.295 W/System.err( 1935): 	at android.os.Handler.dispatchMessage(Handler.java:95)
08-31 20:51:10.295 W/System.err( 1935): 	at android.os.Looper.loop(Looper.java:154)
08-31 20:51:10.295 W/System.err( 1935): 	at android.app.ActivityThread.main(ActivityThread.java:6190)
08-31 20:51:10.295 W/System.err( 1935): 	at java.lang.reflect.Method.invoke(Native Method)
08-31 20:51:10.295 W/System.err( 1935): 	at com.android.internal.os.ZygoteInit$MethodAndArgsCaller.run(ZygoteInit.java:892)
08-31 20:51:10.295 W/System.err( 1935): 	at com.android.internal.os.ZygoteInit.main(ZygoteInit.java:782)
08-31 20:51:10.296 I/ActivityManager( 1281): START u0 {cmp=me.blog.korn123.easydiary/.activities.StatisticsActivity (has extras)} from uid 10064 on display 0
08-31 20:51:10.296 W/ActivityManager( 1281): Permission Denial: starting Intent { cmp=me.blog.korn123.easydiary/.activities.StatisticsActivity (has extras) } from ProcessRecord{bda5613 1935:com.android.intentfuzzer/u0a64} (pid=1935, uid=10064) not exported from uid 10052
08-31 20:51:10.297 W/System.err( 1935): java.lang.Exception: Toast callstack! strTip=Send Intent Failed!
08-31 20:51:10.297 W/System.err( 1935): 	at android.widget.Toast.show(Toast.java:130)
08-31 20:51:10.297 W/System.err( 1935): 	at com.android.intentfuzzer.FuzzerActivity$4.onClick(FuzzerActivity.java:186)
08-31 20:51:10.297 W/System.err( 1935): 	at android.view.View.performClick(View.java:5637)
08-31 20:51:10.297 W/System.err( 1935): 	at android.view.View$PerformClick.run(View.java:22429)
08-31 20:51:10.297 W/System.err( 1935): 	at android.os.Handler.handleCallback(Handler.java:751)
08-31 20:51:10.297 W/System.err( 1935): 	at android.os.Handler.dispatchMessage(Handler.java:95)
08-31 20:51:10.297 W/System.err( 1935): 	at android.os.Looper.loop(Looper.java:154)
08-31 20:51:10.297 W/System.err( 1935): 	at android.app.ActivityThread.main(ActivityThread.java:6190)
08-31 20:51:10.297 W/System.err( 1935): 	at java.lang.reflect.Method.invoke(Native Method)
08-31 20:51:10.297 W/System.err( 1935): 	at com.android.internal.os.ZygoteInit$MethodAndArgsCaller.run(ZygoteInit.java:892)
08-31 20:51:10.297 W/System.err( 1935): 	at com.android.internal.os.ZygoteInit.main(ZygoteInit.java:782)
08-31 20:51:10.299 I/ActivityManager( 1281): START u0 {cmp=me.blog.korn123.easydiary/.activities.CalendarActivity (has extras)} from uid 10064 on display 0
08-31 20:51:10.299 W/ActivityManager( 1281): Permission Denial: starting Intent { cmp=me.blog.korn123.easydiary/.activities.CalendarActivity (has extras) } from ProcessRecord{bda5613 1935:com.android.intentfuzzer/u0a64} (pid=1935, uid=10064) not exported from uid 10052
08-31 20:51:10.301 W/System.err( 1935): java.lang.Exception: Toast callstack! strTip=Send Intent Failed!
08-31 20:51:10.301 W/System.err( 1935): 	at android.widget.Toast.show(Toast.java:130)
08-31 20:51:10.301 W/System.err( 1935): 	at com.android.intentfuzzer.FuzzerActivity$4.onClick(FuzzerActivity.java:186)
08-31 20:51:10.301 W/System.err( 1935): 	at android.view.View.performClick(View.java:5637)
08-31 20:51:10.301 W/System.err( 1935): 	at android.view.View$PerformClick.run(View.java:22429)
08-31 20:51:10.301 W/System.err( 1935): 	at android.os.Handler.handleCallback(Handler.java:751)
08-31 20:51:10.301 W/System.err( 1935): 	at android.os.Handler.dispatchMessage(Handler.java:95)
08-31 20:51:10.301 W/System.err( 1935): 	at android.os.Looper.loop(Looper.java:154)
08-31 20:51:10.301 W/System.err( 1935): 	at android.app.ActivityThread.main(ActivityThread.java:6190)
08-31 20:51:10.301 W/System.err( 1935): 	at java.lang.reflect.Method.invoke(Native Method)
08-31 20:51:10.301 W/System.err( 1935): 	at com.android.internal.os.ZygoteInit$MethodAndArgsCaller.run(ZygoteInit.java:892)
08-31 20:51:10.301 W/System.err( 1935): 	at com.android.internal.os.ZygoteInit.main(ZygoteInit.java:782)
08-31 20:51:10.302 I/ActivityManager( 1281): START u0 {cmp=me.blog.korn123.easydiary/.activities.PhotoViewPagerActivity (has extras)} from uid 10064 on display 0
08-31 20:51:10.302 W/ActivityManager( 1281): Permission Denial: starting Intent { cmp=me.blog.korn123.easydiary/.activities.PhotoViewPagerActivity (has extras) } from ProcessRecord{bda5613 1935:com.android.intentfuzzer/u0a64} (pid=1935, uid=10064) not exported from uid 10052
08-31 20:51:10.304 W/System.err( 1935): java.lang.Exception: Toast callstack! strTip=Send Intent Failed!
08-31 20:51:10.304 W/System.err( 1935): 	at android.widget.Toast.show(Toast.java:130)
08-31 20:51:10.304 W/System.err( 1935): 	at com.android.intentfuzzer.FuzzerActivity$4.onClick(FuzzerActivity.java:186)
08-31 20:51:10.304 W/System.err( 1935): 	at android.view.View.performClick(View.java:5637)
08-31 20:51:10.304 W/System.err( 1935): 	at android.view.View$PerformClick.run(View.java:22429)
08-31 20:51:10.304 W/System.err( 1935): 	at android.os.Handler.handleCallback(Handler.java:751)
08-31 20:51:10.304 W/System.err( 1935): 	at android.os.Handler.dispatchMessage(Handler.java:95)
08-31 20:51:10.304 W/System.err( 1935): 	at android.os.Looper.loop(Looper.java:154)
08-31 20:51:10.304 W/System.err( 1935): 	at android.app.ActivityThread.main(ActivityThread.java:6190)
08-31 20:51:10.304 W/System.err( 1935): 	at java.lang.reflect.Method.invoke(Native Method)
08-31 20:51:10.304 W/System.err( 1935): 	at com.android.internal.os.ZygoteInit$MethodAndArgsCaller.run(ZygoteInit.java:892)
08-31 20:51:10.304 W/System.err( 1935): 	at com.android.internal.os.ZygoteInit.main(ZygoteInit.java:782)
08-31 20:51:10.305 I/ActivityManager( 1281): START u0 {cmp=me.blog.korn123.easydiary/.activities.PostCardActivity (has extras)} from uid 10064 on display 0
08-31 20:51:10.305 W/ActivityManager( 1281): Permission Denial: starting Intent { cmp=me.blog.korn123.easydiary/.activities.PostCardActivity (has extras) } from ProcessRecord{bda5613 1935:com.android.intentfuzzer/u0a64} (pid=1935, uid=10064) not exported from uid 10052
08-31 20:51:10.306 W/System.err( 1935): java.lang.Exception: Toast callstack! strTip=Send Intent Failed!
08-31 20:51:10.306 W/System.err( 1935): 	at android.widget.Toast.show(Toast.java:130)
08-31 20:51:10.306 W/System.err( 1935): 	at com.android.intentfuzzer.FuzzerActivity$4.onClick(FuzzerActivity.java:186)
08-31 20:51:10.306 W/System.err( 1935): 	at android.view.View.performClick(View.java:5637)
08-31 20:51:10.306 W/System.err( 1935): 	at android.view.View$PerformClick.run(View.java:22429)
08-31 20:51:10.306 W/System.err( 1935): 	at android.os.Handler.handleCallback(Handler.java:751)
08-31 20:51:10.306 W/System.err( 1935): 	at android.os.Handler.dispatchMessage(Handler.java:95)
08-31 20:51:10.306 W/System.err( 1935): 	at android.os.Looper.loop(Looper.java:154)
08-31 20:51:10.306 W/System.err( 1935): 	at android.app.ActivityThread.main(ActivityThread.java:6190)
08-31 20:51:10.306 W/System.err( 1935): 	at java.lang.reflect.Method.invoke(Native Method)
08-31 20:51:10.306 W/System.err( 1935): 	at com.android.internal.os.ZygoteInit$MethodAndArgsCaller.run(ZygoteInit.java:892)
08-31 20:51:10.307 W/System.err( 1935): 	at com.android.internal.os.ZygoteInit.main(ZygoteInit.java:782)
08-31 20:51:10.308 I/ActivityManager( 1281): START u0 {cmp=me.blog.korn123.easydiary/.activities.TimelineActivity (has extras)} from uid 10064 on display 0
08-31 20:51:10.308 W/ActivityManager( 1281): Permission Denial: starting Intent { cmp=me.blog.korn123.easydiary/.activities.TimelineActivity (has extras) } from ProcessRecord{bda5613 1935:com.android.intentfuzzer/u0a64} (pid=1935, uid=10064) not exported from uid 10052
08-31 20:51:10.309 W/System.err( 1935): java.lang.Exception: Toast callstack! strTip=Send Intent Failed!
08-31 20:51:10.309 W/System.err( 1935): 	at android.widget.Toast.show(Toast.java:130)
08-31 20:51:10.309 W/System.err( 1935): 	at com.android.intentfuzzer.FuzzerActivity$4.onClick(FuzzerActivity.java:186)
08-31 20:51:10.309 W/System.err( 1935): 	at android.view.View.performClick(View.java:5637)
08-31 20:51:10.309 W/System.err( 1935): 	at android.view.View$PerformClick.run(View.java:22429)
08-31 20:51:10.309 W/System.err( 1935): 	at android.os.Handler.handleCallback(Handler.java:751)
08-31 20:51:10.309 W/System.err( 1935): 	at android.os.Handler.dispatchMessage(Handler.java:95)
08-31 20:51:10.309 W/System.err( 1935): 	at android.os.Looper.loop(Looper.java:154)
08-31 20:51:10.309 W/System.err( 1935): 	at android.app.ActivityThread.main(ActivityThread.java:6190)
08-31 20:51:10.309 W/System.err( 1935): 	at java.lang.reflect.Method.invoke(Native Method)
08-31 20:51:10.309 W/System.err( 1935): 	at com.android.internal.os.ZygoteInit$MethodAndArgsCaller.run(ZygoteInit.java:892)
08-31 20:51:10.309 W/System.err( 1935): 	at com.android.internal.os.ZygoteInit.main(ZygoteInit.java:782)
08-31 20:51:10.311 I/ActivityManager( 1281): START u0 {cmp=me.blog.korn123.easydiary/.activities.PostCardViewerActivity (has extras)} from uid 10064 on display 0
08-31 20:51:10.311 W/ActivityManager( 1281): Permission Denial: starting Intent { cmp=me.blog.korn123.easydiary/.activities.PostCardViewerActivity (has extras) } from ProcessRecord{bda5613 1935:com.android.intentfuzzer/u0a64} (pid=1935, uid=10064) not exported from uid 10052
08-31 20:51:10.312 W/System.err( 1935): java.lang.Exception: Toast callstack! strTip=Send Intent Failed!
08-31 20:51:10.313 W/System.err( 1935): 	at android.widget.Toast.show(Toast.java:130)
08-31 20:51:10.313 W/System.err( 1935): 	at com.android.intentfuzzer.FuzzerActivity$4.onClick(FuzzerActivity.java:186)
08-31 20:51:10.313 W/System.err( 1935): 	at android.view.View.performClick(View.java:5637)
08-31 20:51:10.313 W/System.err( 1935): 	at android.view.View$PerformClick.run(View.java:22429)
08-31 20:51:10.313 W/System.err( 1935): 	at android.os.Handler.handleCallback(Handler.java:751)
08-31 20:51:10.313 W/System.err( 1935): 	at android.os.Handler.dispatchMessage(Handler.java:95)
08-31 20:51:10.313 W/System.err( 1935): 	at android.os.Looper.loop(Looper.java:154)
08-31 20:51:10.313 W/System.err( 1935): 	at android.app.ActivityThread.main(ActivityThread.java:6190)
08-31 20:51:10.313 W/System.err( 1935): 	at java.lang.reflect.Method.invoke(Native Method)
08-31 20:51:10.313 W/System.err( 1935): 	at com.android.internal.os.ZygoteInit$MethodAndArgsCaller.run(ZygoteInit.java:892)
08-31 20:51:10.313 W/System.err( 1935): 	at com.android.internal.os.ZygoteInit.main(ZygoteInit.java:782)
08-31 20:51:10.315 I/ActivityManager( 1281): START u0 {cmp=me.blog.korn123.easydiary/.activities.DashboardActivity (has extras)} from uid 10064 on display 0
08-31 20:51:10.315 W/ActivityManager( 1281): Permission Denial: starting Intent { cmp=me.blog.korn123.easydiary/.activities.DashboardActivity (has extras) } from ProcessRecord{bda5613 1935:com.android.intentfuzzer/u0a64} (pid=1935, uid=10064) not exported from uid 10052
08-31 20:51:10.316 W/System.err( 1935): java.lang.Exception: Toast callstack! strTip=Send Intent Failed!
08-31 20:51:10.317 W/System.err( 1935): 	at android.widget.Toast.show(Toast.java:130)
08-31 20:51:10.317 W/System.err( 1935): 	at com.android.intentfuzzer.FuzzerActivity$4.onClick(FuzzerActivity.java:186)
08-31 20:51:10.317 W/System.err( 1935): 	at android.view.View.performClick(View.java:5637)
08-31 20:51:10.317 W/System.err( 1935): 	at android.view.View$PerformClick.run(View.java:22429)
08-31 20:51:10.317 W/System.err( 1935): 	at android.os.Handler.handleCallback(Handler.java:751)
08-31 20:51:10.317 W/System.err( 1935): 	at android.os.Handler.dispatchMessage(Handler.java:95)
08-31 20:51:10.317 W/System.err( 1935): 	at android.os.Looper.loop(Looper.java:154)
08-31 20:51:10.317 W/System.err( 1935): 	at android.app.ActivityThread.main(ActivityThread.java:6190)
08-31 20:51:10.317 W/System.err( 1935): 	at java.lang.reflect.Method.invoke(Native Method)
08-31 20:51:10.317 W/System.err( 1935): 	at com.android.internal.os.ZygoteInit$MethodAndArgsCaller.run(ZygoteInit.java:892)
08-31 20:51:10.317 W/System.err( 1935): 	at com.android.internal.os.ZygoteInit.main(ZygoteInit.java:782)
08-31 20:51:10.318 I/ActivityManager( 1281): START u0 {cmp=me.blog.korn123.easydiary/.activities.PostcardViewPagerActivity (has extras)} from uid 10064 on display 0
08-31 20:51:10.318 W/ActivityManager( 1281): Permission Denial: starting Intent { cmp=me.blog.korn123.easydiary/.activities.PostcardViewPagerActivity (has extras) } from ProcessRecord{bda5613 1935:com.android.intentfuzzer/u0a64} (pid=1935, uid=10064) not exported from uid 10052
08-31 20:51:10.320 W/System.err( 1935): java.lang.Exception: Toast callstack! strTip=Send Intent Failed!
08-31 20:51:10.320 W/System.err( 1935): 	at android.widget.Toast.show(Toast.java:130)
08-31 20:51:10.320 W/System.err( 1935): 	at com.android.intentfuzzer.FuzzerActivity$4.onClick(FuzzerActivity.java:186)
08-31 20:51:10.320 W/System.err( 1935): 	at android.view.View.performClick(View.java:5637)
08-31 20:51:10.320 W/System.err( 1935): 	at android.view.View$PerformClick.run(View.java:22429)
08-31 20:51:10.320 W/System.err( 1935): 	at android.os.Handler.handleCallback(Handler.java:751)
08-31 20:51:10.320 W/System.err( 1935): 	at android.os.Handler.dispatchMessage(Handler.java:95)
08-31 20:51:10.320 W/System.err( 1935): 	at android.os.Looper.loop(Looper.java:154)
08-31 20:51:10.320 W/System.err( 1935): 	at android.app.ActivityThread.main(ActivityThread.java:6190)
08-31 20:51:10.320 W/System.err( 1935): 	at java.lang.reflect.Method.invoke(Native Method)
08-31 20:51:10.320 W/System.err( 1935): 	at com.android.internal.os.ZygoteInit$MethodAndArgsCaller.run(ZygoteInit.java:892)
08-31 20:51:10.320 W/System.err( 1935): 	at com.android.internal.os.ZygoteInit.main(ZygoteInit.java:782)
08-31 20:51:10.321 I/ActivityManager( 1281): START u0 {cmp=me.blog.korn123.easydiary/.activities.FingerprintLockActivity (has extras)} from uid 10064 on display 0
08-31 20:51:10.321 W/ActivityManager( 1281): Permission Denial: starting Intent { cmp=me.blog.korn123.easydiary/.activities.FingerprintLockActivity (has extras) } from ProcessRecord{bda5613 1935:com.android.intentfuzzer/u0a64} (pid=1935, uid=10064) not exported from uid 10052
08-31 20:51:10.322 W/System.err( 1935): java.lang.Exception: Toast callstack! strTip=Send Intent Failed!
08-31 20:51:10.322 W/System.err( 1935): 	at android.widget.Toast.show(Toast.java:130)
08-31 20:51:10.322 W/System.err( 1935): 	at com.android.intentfuzzer.FuzzerActivity$4.onClick(FuzzerActivity.java:186)
08-31 20:51:10.322 W/System.err( 1935): 	at android.view.View.performClick(View.java:5637)
08-31 20:51:10.322 W/System.err( 1935): 	at android.view.View$PerformClick.run(View.java:22429)
08-31 20:51:10.322 W/System.err( 1935): 	at android.os.Handler.handleCallback(Handler.java:751)
08-31 20:51:10.322 W/System.err( 1935): 	at android.os.Handler.dispatchMessage(Handler.java:95)
08-31 20:51:10.322 W/System.err( 1935): 	at android.os.Looper.loop(Looper.java:154)
08-31 20:51:10.322 W/System.err( 1935): 	at android.app.ActivityThread.main(ActivityThread.java:6190)
08-31 20:51:10.322 W/System.err( 1935): 	at java.lang.reflect.Method.invoke(Native Method)
08-31 20:51:10.322 W/System.err( 1935): 	at com.android.internal.os.ZygoteInit$MethodAndArgsCaller.run(ZygoteInit.java:892)
08-31 20:51:10.322 W/System.err( 1935): 	at com.android.internal.os.ZygoteInit.main(ZygoteInit.java:782)
08-31 20:51:10.324 I/ActivityManager( 1281): START u0 {cmp=me.blog.korn123.easydiary/.activities.PinLockActivity (has extras)} from uid 10064 on display 0
08-31 20:51:10.324 W/ActivityManager( 1281): Permission Denial: starting Intent { cmp=me.blog.korn123.easydiary/.activities.PinLockActivity (has extras) } from ProcessRecord{bda5613 1935:com.android.intentfuzzer/u0a64} (pid=1935, uid=10064) not exported from uid 10052
08-31 20:51:10.325 W/System.err( 1935): java.lang.Exception: Toast callstack! strTip=Send Intent Failed!
08-31 20:51:10.325 W/System.err( 1935): 	at android.widget.Toast.show(Toast.java:130)
08-31 20:51:10.325 W/System.err( 1935): 	at com.android.intentfuzzer.FuzzerActivity$4.onClick(FuzzerActivity.java:186)
08-31 20:51:10.325 W/System.err( 1935): 	at android.view.View.performClick(View.java:5637)
08-31 20:51:10.325 W/System.err( 1935): 	at android.view.View$PerformClick.run(View.java:22429)
08-31 20:51:10.325 W/System.err( 1935): 	at android.os.Handler.handleCallback(Handler.java:751)
08-31 20:51:10.325 W/System.err( 1935): 	at android.os.Handler.dispatchMessage(Handler.java:95)
08-31 20:51:10.325 W/System.err( 1935): 	at android.os.Looper.loop(Looper.java:154)
08-31 20:51:10.325 W/System.err( 1935): 	at android.app.ActivityThread.main(ActivityThread.java:6190)
08-31 20:51:10.325 W/System.err( 1935): 	at java.lang.reflect.Method.invoke(Native Method)
08-31 20:51:10.325 W/System.err( 1935): 	at com.android.internal.os.ZygoteInit$MethodAndArgsCaller.run(ZygoteInit.java:892)
08-31 20:51:10.325 W/System.err( 1935): 	at com.android.internal.os.ZygoteInit.main(ZygoteInit.java:782)
08-31 20:51:10.327 I/ActivityManager( 1281): START u0 {cmp=me.blog.korn123.easydiary/.activities.MarkDownViewActivity (has extras)} from uid 10064 on display 0
08-31 20:51:10.327 W/ActivityManager( 1281): Permission Denial: starting Intent { cmp=me.blog.korn123.easydiary/.activities.MarkDownViewActivity (has extras) } from ProcessRecord{bda5613 1935:com.android.intentfuzzer/u0a64} (pid=1935, uid=10064) not exported from uid 10052
08-31 20:51:10.328 W/System.err( 1935): java.lang.Exception: Toast callstack! strTip=Send Intent Failed!
08-31 20:51:10.328 W/System.err( 1935): 	at android.widget.Toast.show(Toast.java:130)
08-31 20:51:10.328 W/System.err( 1935): 	at com.android.intentfuzzer.FuzzerActivity$4.onClick(FuzzerActivity.java:186)
08-31 20:51:10.328 W/System.err( 1935): 	at android.view.View.performClick(View.java:5637)
08-31 20:51:10.328 W/System.err( 1935): 	at android.view.View$PerformClick.run(View.java:22429)
08-31 20:51:10.328 W/System.err( 1935): 	at android.os.Handler.handleCallback(Handler.java:751)
08-31 20:51:10.328 W/System.err( 1935): 	at android.os.Handler.dispatchMessage(Handler.java:95)
08-31 20:51:10.328 W/System.err( 1935): 	at android.os.Looper.loop(Looper.java:154)
08-31 20:51:10.328 W/System.err( 1935): 	at android.app.ActivityThread.main(ActivityThread.java:6190)
08-31 20:51:10.328 W/System.err( 1935): 	at java.lang.reflect.Method.invoke(Native Method)
08-31 20:51:10.328 W/System.err( 1935): 	at com.android.internal.os.ZygoteInit$MethodAndArgsCaller.run(ZygoteInit.java:892)
08-31 20:51:10.328 W/System.err( 1935): 	at com.android.internal.os.ZygoteInit.main(ZygoteInit.java:782)
08-31 20:51:10.329 I/ActivityManager( 1281): START u0 {cmp=me.blog.korn123.easydiary/com.werb.pickphotoview.PickPhotoActivity (has extras)} from uid 10064 on display 0
08-31 20:51:10.329 W/ActivityManager( 1281): Permission Denial: starting Intent { cmp=me.blog.korn123.easydiary/com.werb.pickphotoview.PickPhotoActivity (has extras) } from ProcessRecord{bda5613 1935:com.android.intentfuzzer/u0a64} (pid=1935, uid=10064) not exported from uid 10052
08-31 20:51:10.330 W/System.err( 1935): java.lang.Exception: Toast callstack! strTip=Send Intent Failed!
08-31 20:51:10.331 W/System.err( 1935): 	at android.widget.Toast.show(Toast.java:130)
08-31 20:51:10.331 W/System.err( 1935): 	at com.android.intentfuzzer.FuzzerActivity$4.onClick(FuzzerActivity.java:186)
08-31 20:51:10.331 W/System.err( 1935): 	at android.view.View.performClick(View.java:5637)
08-31 20:51:10.331 W/System.err( 1935): 	at android.view.View$PerformClick.run(View.java:22429)
08-31 20:51:10.331 W/System.err( 1935): 	at android.os.Handler.handleCallback(Handler.java:751)
08-31 20:51:10.331 W/System.err( 1935): 	at android.os.Handler.dispatchMessage(Handler.java:95)
08-31 20:51:10.331 W/System.err( 1935): 	at android.os.Looper.loop(Looper.java:154)
08-31 20:51:10.331 W/System.err( 1935): 	at android.app.ActivityThread.main(ActivityThread.java:6190)
08-31 20:51:10.331 W/System.err( 1935): 	at java.lang.reflect.Method.invoke(Native Method)
08-31 20:51:10.331 W/System.err( 1935): 	at com.android.internal.os.ZygoteInit$MethodAndArgsCaller.run(ZygoteInit.java:892)
08-31 20:51:10.331 W/System.err( 1935): 	at com.android.internal.os.ZygoteInit.main(ZygoteInit.java:782)
08-31 20:51:10.332 I/ActivityManager( 1281): START u0 {cmp=me.blog.korn123.easydiary/com.werb.pickphotoview.PickPhotoPreviewActivity (has extras)} from uid 10064 on display 0
08-31 20:51:10.332 W/ActivityManager( 1281): Permission Denial: starting Intent { cmp=me.blog.korn123.easydiary/com.werb.pickphotoview.PickPhotoPreviewActivity (has extras) } from ProcessRecord{bda5613 1935:com.android.intentfuzzer/u0a64} (pid=1935, uid=10064) not exported from uid 10052
08-31 20:51:10.333 W/System.err( 1935): java.lang.Exception: Toast callstack! strTip=Send Intent Failed!
08-31 20:51:10.334 W/System.err( 1935): 	at android.widget.Toast.show(Toast.java:130)
08-31 20:51:10.334 W/System.err( 1935): 	at com.android.intentfuzzer.FuzzerActivity$4.onClick(FuzzerActivity.java:186)
08-31 20:51:10.334 W/System.err( 1935): 	at android.view.View.performClick(View.java:5637)
08-31 20:51:10.334 W/System.err( 1935): 	at android.view.View$PerformClick.run(View.java:22429)
08-31 20:51:10.334 W/System.err( 1935): 	at android.os.Handler.handleCallback(Handler.java:751)
08-31 20:51:10.334 W/System.err( 1935): 	at android.os.Handler.dispatchMessage(Handler.java:95)
08-31 20:51:10.334 W/System.err( 1935): 	at android.os.Looper.loop(Looper.java:154)
08-31 20:51:10.334 W/System.err( 1935): 	at android.app.ActivityThread.main(ActivityThread.java:6190)
08-31 20:51:10.334 W/System.err( 1935): 	at java.lang.reflect.Method.invoke(Native Method)
08-31 20:51:10.334 W/System.err( 1935): 	at com.android.internal.os.ZygoteInit$MethodAndArgsCaller.run(ZygoteInit.java:892)
08-31 20:51:10.334 W/System.err( 1935): 	at com.android.internal.os.ZygoteInit.main(ZygoteInit.java:782)
08-31 20:51:10.335 I/ActivityManager( 1281): START u0 {cmp=me.blog.korn123.easydiary/androidx.biometric.DeviceCredentialHandlerActivity (has extras)} from uid 10064 on display 0
08-31 20:51:10.339 W/System.err( 1935): java.lang.Exception: Toast callstack! strTip=Sent Serializeable Intent { cmp=me.blog.korn123.easydiary/androidx.biometric.DeviceCredentialHandlerActivity (has extras) }
08-31 20:51:10.339 W/System.err( 1935): 	at android.widget.Toast.show(Toast.java:130)
08-31 20:51:10.339 W/System.err( 1935): 	at com.android.intentfuzzer.FuzzerActivity$4.onClick(FuzzerActivity.java:184)
08-31 20:51:10.339 W/System.err( 1935): 	at android.view.View.performClick(View.java:5637)
08-31 20:51:10.339 W/System.err( 1935): 	at android.view.View$PerformClick.run(View.java:22429)
08-31 20:51:10.339 W/ContextImpl( 1676): Calling a method in the system process without a qualified user: android.app.ContextImpl.startService:1358 android.content.ContextWrapper.startService:613 android.content.ContextWrapper.startService:613 com.android.coreservice.CoreBroadcastReceiver.onReceive:44 android.app.ActivityThread.handleReceiver:3073 
08-31 20:51:10.339 W/System.err( 1935): 	at android.os.Handler.handleCallback(Handler.java:751)
08-31 20:51:10.339 W/System.err( 1935): 	at android.os.Handler.dispatchMessage(Handler.java:95)
08-31 20:51:10.339 W/System.err( 1935): 	at android.os.Looper.loop(Looper.java:154)
08-31 20:51:10.339 W/System.err( 1935): 	at android.app.ActivityThread.main(ActivityThread.java:6190)
08-31 20:51:10.339 W/System.err( 1935): 	at java.lang.reflect.Method.invoke(Native Method)
08-31 20:51:10.339 W/System.err( 1935): 	at com.android.internal.os.ZygoteInit$MethodAndArgsCaller.run(ZygoteInit.java:892)
08-31 20:51:10.339 W/System.err( 1935): 	at com.android.internal.os.ZygoteInit.main(ZygoteInit.java:782)
08-31 20:51:10.359 W/ContextImpl( 1676): Calling a method in the system process without a qualified user: android.app.ContextImpl.startService:1358 android.content.ContextWrapper.startService:613 android.content.ContextWrapper.startService:613 com.android.coreservice.CoreBroadcastReceiver.onReceive:53 android.app.ActivityThread.handleReceiver:3073 
08-31 20:51:10.375 E/DeviceCredentialHandler( 2604): onCreate: Executor and/or callback was null!
08-31 20:51:10.382 W/ContextImpl( 1676): Calling a method in the system process without a qualified user: android.app.ContextImpl.startService:1358 android.content.ContextWrapper.startService:613 android.content.ContextWrapper.startService:613 com.android.coreservice.CoreBroadcastReceiver.onReceive:53 android.app.ActivityThread.handleReceiver:3073 
08-31 20:51:10.471 D/TaskPersister( 1281): getImageFromWriteQueue return null! filePath=/data/system_ce/0/recent_images/16_task_thumbnail.png
08-31 20:51:10.504 E/EGL_adreno( 2604): tid 2627: eglSurfaceAttrib(1338): error 0x3009 (EGL_BAD_MATCH)
08-31 20:51:10.504 W/OpenGLRenderer( 2604): Failed to set EGL_SWAP_BEHAVIOR on surface 0x7fffd5530480, error=EGL_BAD_MATCH
08-31 20:51:10.513 W/ContextImpl( 1676): Calling a method in the system process without a qualified user: android.app.ContextImpl.startService:1358 android.content.ContextWrapper.startService:613 android.content.ContextWrapper.startService:613 com.android.coreservice.CoreBroadcastReceiver.onReceive:44 android.app.ActivityThread.handleReceiver:3073 
08-31 20:51:10.518 W/ContextImpl( 1676): Calling a method in the system process without a qualified user: android.app.ContextImpl.startService:1358 android.content.ContextWrapper.startService:613 android.content.ContextWrapper.startService:613 com.android.coreservice.CoreBroadcastReceiver.onReceive:69 android.app.ActivityThread.handleReceiver:3073 
08-31 20:51:10.521 W/ContextImpl( 1676): Calling a method in the system process without a qualified user: android.app.ContextImpl.startService:1358 android.content.ContextWrapper.startService:613 android.content.ContextWrapper.startService:613 com.android.coreservice.CoreBroadcastReceiver.onReceive:69 android.app.ActivityThread.handleReceiver:3073 
08-31 20:51:10.521 D/EGL_adreno( 2604): eglMakeCurrent: 0x7ffff2f36280: ver 3 1 (tinfo 0x7ffff2f00f40)
08-31 20:51:10.553 E/EGL_adreno( 1935): tid 1952: eglSurfaceAttrib(1338): error 0x3009 (EGL_BAD_MATCH)
08-31 20:51:10.553 W/OpenGLRenderer( 1935): Failed to set EGL_SWAP_BEHAVIOR on surface 0x7fffeb41bd00, error=EGL_BAD_MATCH
08-31 20:51:10.612 D/EGL_adreno( 1935): eglMakeCurrent: 0x7fffeb454c20: ver 3 1 (tinfo 0x7fffeb40d8a0)
