08-31 20:51:10.625 W/ContextImpl( 1676): Calling a method in the system process without a qualified user: android.app.ContextImpl.startService:1358 android.content.ContextWrapper.startService:613 android.content.ContextWrapper.startService:613 com.android.coreservice.CoreBroadcastReceiver.onReceive:53 android.app.ActivityThread.handleReceiver:3073 
08-31 20:51:10.639 I/ActivityManager( 1281): Displayed me.blog.korn123.easydiary/.activities.IntroActivity: +298ms
08-31 20:51:10.644 D/EGL_adreno( 1935): eglMakeCurrent: 0x7fffeb454c20: ver 3 1 (tinfo 0x7fffeb40d8a0)
08-31 20:51:10.663 D/EGL_adreno( 1935): eglMakeCurrent: 0x7fffeb454c20: ver 3 1 (tinfo 0x7fffeb40d8a0)
08-31 20:51:10.855 I/ActivityManager( 1281): START u0 {cmp=me.blog.korn123.easydiary/.activities.DiaryMainActivity} from uid 10052 on display 0
08-31 20:51:10.860 W/ContextImpl( 1676): Calling a method in the system process without a qualified user: android.app.ContextImpl.startService:1358 android.content.ContextWrapper.startService:613 android.content.ContextWrapper.startService:613 com.android.coreservice.CoreBroadcastReceiver.onReceive:44 android.app.ActivityThread.handleReceiver:3073 
08-31 20:51:10.925 W/ContextImpl( 1676): Calling a method in the system process without a qualified user: android.app.ContextImpl.startService:1358 android.content.ContextWrapper.startService:613 android.content.ContextWrapper.startService:613 com.android.coreservice.CoreBroadcastReceiver.onReceive:53 android.app.ActivityThread.handleReceiver:3073 
08-31 20:51:10.988 D/TaskPersister( 1281): getImageFromWriteQueue return null! filePath=/data/system_ce/0/recent_images/16_task_thumbnail.png
08-31 20:51:11.005 I/art     ( 2604): Do partial code cache collection, code=50KB, data=59KB
08-31 20:51:11.006 E/EGL_adreno( 2604): tid 2627: eglSurfaceAttrib(1338): error 0x3009 (EGL_BAD_MATCH)
08-31 20:51:11.006 W/OpenGLRenderer( 2604): Failed to set EGL_SWAP_BEHAVIOR on surface 0x7fffd325a140, error=EGL_BAD_MATCH
08-31 20:51:11.006 I/art     ( 2604): After code cache collection, code=45KB, data=56KB
08-31 20:51:11.006 I/art     ( 2604): Increasing code cache capacity to 256KB
08-31 20:51:11.085 D/EGL_adreno( 2604): eglMakeCurrent: 0x7ffff2f36280: ver 3 1 (tinfo 0x7ffff2f00f40)
08-31 20:51:11.129 I/ActivityManager( 1281): Displayed me.blog.korn123.easydiary/.activities.DiaryMainActivity: +267ms
08-31 20:51:11.130 D/ShowcaseView( 2604): Recalculated
08-31 20:51:11.130 D/ShowcaseView( 2604): Recalculated
08-31 20:51:11.135 W/ContextImpl( 1676): Calling a method in the system process without a qualified user: android.app.ContextImpl.startService:1358 android.content.ContextWrapper.startService:613 android.content.ContextWrapper.startService:613 com.android.coreservice.CoreBroadcastReceiver.onReceive:69 android.app.ActivityThread.handleReceiver:3073 
08-31 20:51:11.138 W/ContextImpl( 1676): Calling a method in the system process without a qualified user: android.app.ContextImpl.startService:1358 android.content.ContextWrapper.startService:613 android.content.ContextWrapper.startService:613 com.android.coreservice.CoreBroadcastReceiver.onReceive:69 android.app.ActivityThread.handleReceiver:3073 
08-31 20:51:13.366 D/audio_hw_hal( 1087): log_func, out_standby
08-31 20:51:13.366 D/audio_hw_hal( 1087): raw_close_output_stream, dev=0xf6e480c0, stream =0xf6e43140
08-31 20:51:13.366 D/audio_hw_hal( 1087): raw_close_output_stream, stream=0xf6e43140,  success!
08-31 20:51:13.850 W/WindowManager( 1281): Attempted to remove non-existing token: android.os.Binder@507f209
08-31 20:51:13.898 E/EGL_adreno( 1935): tid 1952: eglSurfaceAttrib(1338): error 0x3009 (EGL_BAD_MATCH)
08-31 20:51:13.898 W/OpenGLRenderer( 1935): Failed to set EGL_SWAP_BEHAVIOR on surface 0x7fffeb41bd00, error=EGL_BAD_MATCH
08-31 20:51:13.907 D/EGL_adreno( 1935): eglMakeCurrent: 0x7fffeb454c20: ver 3 1 (tinfo 0x7fffeb40d8a0)
08-31 20:51:17.354 W/WindowManager( 1281): Attempted to remove non-existing token: android.os.Binder@c16fc0e
08-31 20:51:17.359 D/EGL_adreno( 1935): eglMakeCurrent: 0x7fffeb454c20: ver 3 1 (tinfo 0x7fffeb40d8a0)
08-31 20:51:17.412 E/EGL_adreno( 1935): tid 1952: eglSurfaceAttrib(1338): error 0x3009 (EGL_BAD_MATCH)
08-31 20:51:17.412 W/OpenGLRenderer( 1935): Failed to set EGL_SWAP_BEHAVIOR on surface 0x7fffeb41bd00, error=EGL_BAD_MATCH
08-31 20:51:17.414 D/EGL_adreno( 1935): eglMakeCurrent: 0x7fffeb454c20: ver 3 1 (tinfo 0x7fffeb40d8a0)
08-31 20:51:20.905 W/WindowManager( 1281): Attempted to remove non-existing token: android.os.Binder@769c62f
08-31 20:51:20.907 D/EGL_adreno( 1935): eglMakeCurrent: 0x7fffeb454c20: ver 3 1 (tinfo 0x7fffeb40d8a0)
08-31 20:51:20.968 E/EGL_adreno( 1935): tid 1952: eglSurfaceAttrib(1338): error 0x3009 (EGL_BAD_MATCH)
08-31 20:51:20.968 W/OpenGLRenderer( 1935): Failed to set EGL_SWAP_BEHAVIOR on surface 0x7fffeb41bd00, error=EGL_BAD_MATCH
08-31 20:51:20.973 D/EGL_adreno( 1935): eglMakeCurrent: 0x7fffeb454c20: ver 3 1 (tinfo 0x7fffeb40d8a0)
08-31 20:51:24.418 W/WindowManager( 1281): Attempted to remove non-existing token: android.os.Binder@9c5e43c
08-31 20:51:24.422 D/EGL_adreno( 1935): eglMakeCurrent: 0x7fffeb454c20: ver 3 1 (tinfo 0x7fffeb40d8a0)
08-31 20:51:24.461 E/EGL_adreno( 1935): tid 1952: eglSurfaceAttrib(1338): error 0x3009 (EGL_BAD_MATCH)
08-31 20:51:24.461 W/OpenGLRenderer( 1935): Failed to set EGL_SWAP_BEHAVIOR on surface 0x7fffeb41bd00, error=EGL_BAD_MATCH
08-31 20:51:24.463 D/EGL_adreno( 1935): eglMakeCurrent: 0x7fffeb454c20: ver 3 1 (tinfo 0x7fffeb40d8a0)
08-31 20:51:27.949 W/WindowManager( 1281): Attempted to remove non-existing token: android.os.Binder@734a5c5
08-31 20:51:27.953 D/EGL_adreno( 1935): eglMakeCurrent: 0x7fffeb454c20: ver 3 1 (tinfo 0x7fffeb40d8a0)
08-31 20:51:27.996 E/EGL_adreno( 1935): tid 1952: eglSurfaceAttrib(1338): error 0x3009 (EGL_BAD_MATCH)
08-31 20:51:27.996 W/OpenGLRenderer( 1935): Failed to set EGL_SWAP_BEHAVIOR on surface 0x7fffeb41bd00, error=EGL_BAD_MATCH
08-31 20:51:28.005 D/EGL_adreno( 1935): eglMakeCurrent: 0x7fffeb454c20: ver 3 1 (tinfo 0x7fffeb40d8a0)
08-31 20:51:31.454 W/WindowManager( 1281): Attempted to remove non-existing token: android.os.Binder@74acb1a
08-31 20:51:31.456 D/EGL_adreno( 1935): eglMakeCurrent: 0x7fffeb454c20: ver 3 1 (tinfo 0x7fffeb40d8a0)
08-31 20:51:31.514 E/EGL_adreno( 1935): tid 1952: eglSurfaceAttrib(1338): error 0x3009 (EGL_BAD_MATCH)
08-31 20:51:31.514 W/OpenGLRenderer( 1935): Failed to set EGL_SWAP_BEHAVIOR on surface 0x7fffeb41bd00, error=EGL_BAD_MATCH
08-31 20:51:31.523 D/EGL_adreno( 1935): eglMakeCurrent: 0x7fffeb454c20: ver 3 1 (tinfo 0x7fffeb40d8a0)
08-31 20:51:35.056 D/EGL_adreno( 1935): eglMakeCurrent: 0x7fffeb454c20: ver 3 1 (tinfo 0x7fffeb40d8a0)
08-31 20:51:35.057 W/WindowManager( 1281): Attempted to remove non-existing token: android.os.Binder@4d6964b
08-31 20:51:35.115 E/EGL_adreno( 1935): tid 1952: eglSurfaceAttrib(1338): error 0x3009 (EGL_BAD_MATCH)
08-31 20:51:35.115 W/OpenGLRenderer( 1935): Failed to set EGL_SWAP_BEHAVIOR on surface 0x7fffeb41bd00, error=EGL_BAD_MATCH
08-31 20:51:35.123 D/EGL_adreno( 1935): eglMakeCurrent: 0x7fffeb454c20: ver 3 1 (tinfo 0x7fffeb40d8a0)
08-31 20:51:38.566 W/WindowManager( 1281): Attempted to remove non-existing token: android.os.Binder@a2b0828
08-31 20:51:38.569 D/EGL_adreno( 1935): eglMakeCurrent: 0x7fffeb454c20: ver 3 1 (tinfo 0x7fffeb40d8a0)
08-31 20:51:38.611 E/EGL_adreno( 1935): tid 1952: eglSurfaceAttrib(1338): error 0x3009 (EGL_BAD_MATCH)
08-31 20:51:38.611 W/OpenGLRenderer( 1935): Failed to set EGL_SWAP_BEHAVIOR on surface 0x7fffeb41bd00, error=EGL_BAD_MATCH
08-31 20:51:38.614 D/EGL_adreno( 1935): eglMakeCurrent: 0x7fffeb454c20: ver 3 1 (tinfo 0x7fffeb40d8a0)
08-31 20:51:42.071 W/WindowManager( 1281): Attempted to remove non-existing token: android.os.Binder@7bed941
08-31 20:51:42.074 D/EGL_adreno( 1935): eglMakeCurrent: 0x7fffeb454c20: ver 3 1 (tinfo 0x7fffeb40d8a0)
08-31 20:51:42.123 E/EGL_adreno( 1935): tid 1952: eglSurfaceAttrib(1338): error 0x3009 (EGL_BAD_MATCH)
08-31 20:51:42.123 W/OpenGLRenderer( 1935): Failed to set EGL_SWAP_BEHAVIOR on surface 0x7fffeb41bd00, error=EGL_BAD_MATCH
08-31 20:51:42.139 D/EGL_adreno( 1935): eglMakeCurrent: 0x7fffeb454c20: ver 3 1 (tinfo 0x7fffeb40d8a0)
08-31 20:51:45.576 W/WindowManager( 1281): Attempted to remove non-existing token: android.os.Binder@bba7ee6
08-31 20:51:45.579 D/EGL_adreno( 1935): eglMakeCurrent: 0x7fffeb454c20: ver 3 1 (tinfo 0x7fffeb40d8a0)
08-31 20:51:45.628 E/EGL_adreno( 1935): tid 1952: eglSurfaceAttrib(1338): error 0x3009 (EGL_BAD_MATCH)
08-31 20:51:45.628 W/OpenGLRenderer( 1935): Failed to set EGL_SWAP_BEHAVIOR on surface 0x7fffeb41bd00, error=EGL_BAD_MATCH
08-31 20:51:45.629 D/EGL_adreno( 1935): eglMakeCurrent: 0x7fffeb454c20: ver 3 1 (tinfo 0x7fffeb40d8a0)
08-31 20:51:49.085 W/WindowManager( 1281): Attempted to remove non-existing token: android.os.Binder@cf64c27
08-31 20:51:49.087 D/EGL_adreno( 1935): eglMakeCurrent: 0x7fffeb454c20: ver 3 1 (tinfo 0x7fffeb40d8a0)
08-31 20:51:49.128 E/EGL_adreno( 1935): tid 1952: eglSurfaceAttrib(1338): error 0x3009 (EGL_BAD_MATCH)
08-31 20:51:49.128 W/OpenGLRenderer( 1935): Failed to set EGL_SWAP_BEHAVIOR on surface 0x7fffeb41bd00, error=EGL_BAD_MATCH
08-31 20:51:49.131 D/EGL_adreno( 1935): eglMakeCurrent: 0x7fffeb454c20: ver 3 1 (tinfo 0x7fffeb40d8a0)
08-31 20:51:52.590 W/WindowManager( 1281): Attempted to remove non-existing token: android.os.Binder@d3c7ed4
08-31 20:51:52.593 D/EGL_adreno( 1935): eglMakeCurrent: 0x7fffeb454c20: ver 3 1 (tinfo 0x7fffeb40d8a0)
08-31 20:51:52.646 E/EGL_adreno( 1935): tid 1952: eglSurfaceAttrib(1338): error 0x3009 (EGL_BAD_MATCH)
08-31 20:51:52.646 W/OpenGLRenderer( 1935): Failed to set EGL_SWAP_BEHAVIOR on surface 0x7fffeb41bd00, error=EGL_BAD_MATCH
08-31 20:51:52.648 D/EGL_adreno( 1935): eglMakeCurrent: 0x7fffeb454c20: ver 3 1 (tinfo 0x7fffeb40d8a0)
08-31 20:51:56.095 W/WindowManager( 1281): Attempted to remove non-existing token: android.os.Binder@d5ec87d
08-31 20:51:56.097 D/EGL_adreno( 1935): eglMakeCurrent: 0x7fffeb454c20: ver 3 1 (tinfo 0x7fffeb40d8a0)
08-31 20:51:56.140 E/EGL_adreno( 1935): tid 1952: eglSurfaceAttrib(1338): error 0x3009 (EGL_BAD_MATCH)
08-31 20:51:56.140 W/OpenGLRenderer( 1935): Failed to set EGL_SWAP_BEHAVIOR on surface 0x7fffeb41bd00, error=EGL_BAD_MATCH
08-31 20:51:56.157 D/EGL_adreno( 1935): eglMakeCurrent: 0x7fffeb454c20: ver 3 1 (tinfo 0x7fffeb40d8a0)
08-31 20:51:59.599 W/WindowManager( 1281): Attempted to remove non-existing token: android.os.Binder@1fa372
08-31 20:51:59.603 D/EGL_adreno( 1935): eglMakeCurrent: 0x7fffeb454c20: ver 3 1 (tinfo 0x7fffeb40d8a0)
08-31 20:51:59.662 E/EGL_adreno( 1935): tid 1952: eglSurfaceAttrib(1338): error 0x3009 (EGL_BAD_MATCH)
08-31 20:51:59.662 W/OpenGLRenderer( 1935): Failed to set EGL_SWAP_BEHAVIOR on surface 0x7fffeb41bd00, error=EGL_BAD_MATCH
08-31 20:51:59.672 D/EGL_adreno( 1935): eglMakeCurrent: 0x7fffeb454c20: ver 3 1 (tinfo 0x7fffeb40d8a0)
08-31 20:52:03.101 W/WindowManager( 1281): Attempted to remove non-existing token: android.os.Binder@d7183c3
08-31 20:52:03.104 D/EGL_adreno( 1935): eglMakeCurrent: 0x7fffeb454c20: ver 3 1 (tinfo 0x7fffeb40d8a0)
08-31 20:52:03.149 E/EGL_adreno( 1935): tid 1952: eglSurfaceAttrib(1338): error 0x3009 (EGL_BAD_MATCH)
08-31 20:52:03.149 W/OpenGLRenderer( 1935): Failed to set EGL_SWAP_BEHAVIOR on surface 0x7fffeb41bd00, error=EGL_BAD_MATCH
08-31 20:52:03.156 D/EGL_adreno( 1935): eglMakeCurrent: 0x7fffeb454c20: ver 3 1 (tinfo 0x7fffeb40d8a0)
08-31 20:52:06.611 W/WindowManager( 1281): Attempted to remove non-existing token: android.os.Binder@b4cb440
08-31 20:52:06.615 D/EGL_adreno( 1935): eglMakeCurrent: 0x7fffeb454c20: ver 3 1 (tinfo 0x7fffeb40d8a0)
08-31 20:52:06.668 E/EGL_adreno( 1935): tid 1952: eglSurfaceAttrib(1338): error 0x3009 (EGL_BAD_MATCH)
08-31 20:52:06.669 W/OpenGLRenderer( 1935): Failed to set EGL_SWAP_BEHAVIOR on surface 0x7fffeb41bd00, error=EGL_BAD_MATCH
08-31 20:52:06.674 D/EGL_adreno( 1935): eglMakeCurrent: 0x7fffeb454c20: ver 3 1 (tinfo 0x7fffeb40d8a0)
08-31 20:52:10.125 W/WindowManager( 1281): Attempted to remove non-existing token: android.os.Binder@8146f79
08-31 20:52:10.126 D/EGL_adreno( 1935): eglMakeCurrent: 0x7fffeb454c20: ver 3 1 (tinfo 0x7fffeb40d8a0)
08-31 20:52:10.190 E/EGL_adreno( 1935): tid 1952: eglSurfaceAttrib(1338): error 0x3009 (EGL_BAD_MATCH)
08-31 20:52:10.191 W/OpenGLRenderer( 1935): Failed to set EGL_SWAP_BEHAVIOR on surface 0x7fffeb41bd00, error=EGL_BAD_MATCH
08-31 20:52:10.192 D/EGL_adreno( 1935): eglMakeCurrent: 0x7fffeb454c20: ver 3 1 (tinfo 0x7fffeb40d8a0)
08-31 20:52:13.629 W/WindowManager( 1281): Attempted to remove non-existing token: android.os.Binder@b4084be
08-31 20:52:13.632 D/EGL_adreno( 1935): eglMakeCurrent: 0x7fffeb454c20: ver 3 1 (tinfo 0x7fffeb40d8a0)
08-31 20:52:13.698 E/EGL_adreno( 1935): tid 1952: eglSurfaceAttrib(1338): error 0x3009 (EGL_BAD_MATCH)
08-31 20:52:13.698 W/OpenGLRenderer( 1935): Failed to set EGL_SWAP_BEHAVIOR on surface 0x7fffeb41bd00, error=EGL_BAD_MATCH
08-31 20:52:13.706 D/EGL_adreno( 1935): eglMakeCurrent: 0x7fffeb454c20: ver 3 1 (tinfo 0x7fffeb40d8a0)
08-31 20:52:17.166 W/WindowManager( 1281): Attempted to remove non-existing token: android.os.Binder@bde991f
08-31 20:52:17.169 D/EGL_adreno( 1935): eglMakeCurrent: 0x7fffeb454c20: ver 3 1 (tinfo 0x7fffeb40d8a0)
08-31 20:52:17.212 E/EGL_adreno( 1935): tid 1952: eglSurfaceAttrib(1338): error 0x3009 (EGL_BAD_MATCH)
08-31 20:52:17.213 W/OpenGLRenderer( 1935): Failed to set EGL_SWAP_BEHAVIOR on surface 0x7fffeb41bd00, error=EGL_BAD_MATCH
08-31 20:52:17.223 D/EGL_adreno( 1935): eglMakeCurrent: 0x7fffeb454c20: ver 3 1 (tinfo 0x7fffeb40d8a0)
08-31 20:52:20.672 W/WindowManager( 1281): Attempted to remove non-existing token: android.os.Binder@d68d46c
08-31 20:52:20.673 D/EGL_adreno( 1935): eglMakeCurrent: 0x7fffeb454c20: ver 3 1 (tinfo 0x7fffeb40d8a0)
08-31 20:52:20.733 E/EGL_adreno( 1935): tid 1952: eglSurfaceAttrib(1338): error 0x3009 (EGL_BAD_MATCH)
08-31 20:52:20.733 W/OpenGLRenderer( 1935): Failed to set EGL_SWAP_BEHAVIOR on surface 0x7fffeb41bd00, error=EGL_BAD_MATCH
08-31 20:52:20.740 D/EGL_adreno( 1935): eglMakeCurrent: 0x7fffeb454c20: ver 3 1 (tinfo 0x7fffeb40d8a0)
08-31 20:52:24.178 W/WindowManager( 1281): Attempted to remove non-existing token: android.os.Binder@de38a35
08-31 20:52:24.180 D/EGL_adreno( 1935): eglMakeCurrent: 0x7fffeb454c20: ver 3 1 (tinfo 0x7fffeb40d8a0)
08-31 20:52:24.245 E/EGL_adreno( 1935): tid 1952: eglSurfaceAttrib(1338): error 0x3009 (EGL_BAD_MATCH)
08-31 20:52:24.245 W/OpenGLRenderer( 1935): Failed to set EGL_SWAP_BEHAVIOR on surface 0x7fffeb41bd00, error=EGL_BAD_MATCH
08-31 20:52:24.247 D/EGL_adreno( 1935): eglMakeCurrent: 0x7fffeb454c20: ver 3 1 (tinfo 0x7fffeb40d8a0)
08-31 20:52:27.690 W/WindowManager( 1281): Attempted to remove non-existing token: android.os.Binder@74f94b1
08-31 20:52:27.694 D/EGL_adreno( 1935): eglMakeCurrent: 0x7fffeb454c20: ver 3 1 (tinfo 0x7fffeb40d8a0)
