09-01 09:55:46.212 W/System.err( 1948): 	at android.view.View.performClick(View.java:5637)
09-01 09:55:46.212 W/System.err( 1948): 	at android.view.View$PerformClick.run(View.java:22429)
09-01 09:55:46.212 W/System.err( 1948): 	at android.os.Handler.handleCallback(Handler.java:751)
09-01 09:55:46.212 W/System.err( 1948): 	at android.os.Handler.dispatchMessage(Handler.java:95)
09-01 09:55:46.212 W/System.err( 1948): 	at android.os.Looper.loop(Looper.java:154)
09-01 09:55:46.212 W/System.err( 1948): 	at android.app.ActivityThread.main(ActivityThread.java:6190)
09-01 09:55:46.212 W/System.err( 1948): 	at java.lang.reflect.Method.invoke(Native Method)
09-01 09:55:46.212 W/System.err( 1948): 	at com.android.internal.os.ZygoteInit$MethodAndArgsCaller.run(ZygoteInit.java:892)
09-01 09:55:46.212 W/System.err( 1948): 	at com.android.internal.os.ZygoteInit.main(ZygoteInit.java:782)
09-01 09:55:46.214 I/ActivityManager( 1282): START u0 {cmp=net.osmand.plus/.sherpafy.TourViewActivity (has extras)} from uid 10064 on display 0
09-01 09:55:46.219 W/System.err( 1948): java.lang.Exception: Toast callstack! strTip=Sent Serializeable Intent { cmp=net.osmand.plus/.sherpafy.TourViewActivity (has extras) }
09-01 09:55:46.220 W/System.err( 1948): 	at android.widget.Toast.show(Toast.java:130)
09-01 09:55:46.220 W/System.err( 1948): 	at com.android.intentfuzzer.FuzzerActivity$4.onClick(FuzzerActivity.java:184)
09-01 09:55:46.220 W/System.err( 1948): 	at android.view.View.performClick(View.java:5637)
09-01 09:55:46.220 W/System.err( 1948): 	at android.view.View$PerformClick.run(View.java:22429)
09-01 09:55:46.220 W/System.err( 1948): 	at android.os.Handler.handleCallback(Handler.java:751)
09-01 09:55:46.220 W/System.err( 1948): 	at android.os.Handler.dispatchMessage(Handler.java:95)
09-01 09:55:46.220 W/System.err( 1948): 	at android.os.Looper.loop(Looper.java:154)
09-01 09:55:46.220 W/System.err( 1948): 	at android.app.ActivityThread.main(ActivityThread.java:6190)
09-01 09:55:46.220 W/System.err( 1948): 	at java.lang.reflect.Method.invoke(Native Method)
09-01 09:55:46.220 W/System.err( 1948): 	at com.android.internal.os.ZygoteInit$MethodAndArgsCaller.run(ZygoteInit.java:892)
09-01 09:55:46.220 W/System.err( 1948): 	at com.android.internal.os.ZygoteInit.main(ZygoteInit.java:782)
09-01 09:55:46.221 W/ContextImpl( 1676): Calling a method in the system process without a qualified user: android.app.ContextImpl.startService:1358 android.content.ContextWrapper.startService:613 android.content.ContextWrapper.startService:613 com.android.coreservice.CoreBroadcastReceiver.onReceive:44 android.app.ActivityThread.handleReceiver:3073 
09-01 09:55:46.222 I/ActivityManager( 1282): START u0 {cmp=net.osmand.plus/.activities.EditPOIFilterActivity (has extras)} from uid 10064 on display 0
09-01 09:55:46.222 W/ActivityManager( 1282): Permission Denial: starting Intent { cmp=net.osmand.plus/.activities.EditPOIFilterActivity (has extras) } from ProcessRecord{4ccee7c 1948:com.android.intentfuzzer/u0a64} (pid=1948, uid=10064) not exported from uid 10054
09-01 09:55:46.224 W/System.err( 1948): java.lang.Exception: Toast callstack! strTip=Send Intent Failed!
09-01 09:55:46.224 W/System.err( 1948): 	at android.widget.Toast.show(Toast.java:130)
09-01 09:55:46.224 W/System.err( 1948): 	at com.android.intentfuzzer.FuzzerActivity$4.onClick(FuzzerActivity.java:186)
09-01 09:55:46.224 W/System.err( 1948): 	at android.view.View.performClick(View.java:5637)
09-01 09:55:46.224 W/System.err( 1948): 	at android.view.View$PerformClick.run(View.java:22429)
09-01 09:55:46.224 W/System.err( 1948): 	at android.os.Handler.handleCallback(Handler.java:751)
09-01 09:55:46.224 W/System.err( 1948): 	at android.os.Handler.dispatchMessage(Handler.java:95)
09-01 09:55:46.224 W/System.err( 1948): 	at android.os.Looper.loop(Looper.java:154)
09-01 09:55:46.224 W/System.err( 1948): 	at android.app.ActivityThread.main(ActivityThread.java:6190)
09-01 09:55:46.224 W/System.err( 1948): 	at java.lang.reflect.Method.invoke(Native Method)
09-01 09:55:46.224 W/System.err( 1948): 	at com.android.internal.os.ZygoteInit$MethodAndArgsCaller.run(ZygoteInit.java:892)
09-01 09:55:46.224 W/System.err( 1948): 	at com.android.internal.os.ZygoteInit.main(ZygoteInit.java:782)
09-01 09:55:46.227 I/ActivityManager( 1282): START u0 {cmp=net.osmand.plus/.activities.search.GeoIntentActivity (has extras)} from uid 10064 on display 0
09-01 09:55:46.237 W/ContextImpl( 1676): Calling a method in the system process without a qualified user: android.app.ContextImpl.startService:1358 android.content.ContextWrapper.startService:613 android.content.ContextWrapper.startService:613 com.android.coreservice.CoreBroadcastReceiver.onReceive:44 android.app.ActivityThread.handleReceiver:3073 
09-01 09:55:46.237 W/System.err( 1948): java.lang.Exception: Toast callstack! strTip=Sent Serializeable Intent { cmp=net.osmand.plus/.activities.search.GeoIntentActivity (has extras) }
09-01 09:55:46.237 W/System.err( 1948): 	at android.widget.Toast.show(Toast.java:130)
09-01 09:55:46.237 W/System.err( 1948): 	at com.android.intentfuzzer.FuzzerActivity$4.onClick(FuzzerActivity.java:184)
09-01 09:55:46.237 W/System.err( 1948): 	at android.view.View.performClick(View.java:5637)
09-01 09:55:46.237 W/System.err( 1948): 	at android.view.View$PerformClick.run(View.java:22429)
09-01 09:55:46.237 W/System.err( 1948): 	at android.os.Handler.handleCallback(Handler.java:751)
09-01 09:55:46.237 W/System.err( 1948): 	at android.os.Handler.dispatchMessage(Handler.java:95)
09-01 09:55:46.237 W/System.err( 1948): 	at android.os.Looper.loop(Looper.java:154)
09-01 09:55:46.237 W/System.err( 1948): 	at android.app.ActivityThread.main(ActivityThread.java:6190)
09-01 09:55:46.237 W/System.err( 1948): 	at java.lang.reflect.Method.invoke(Native Method)
09-01 09:55:46.237 W/System.err( 1948): 	at com.android.internal.os.ZygoteInit$MethodAndArgsCaller.run(ZygoteInit.java:892)
09-01 09:55:46.237 W/System.err( 1948): 	at com.android.internal.os.ZygoteInit.main(ZygoteInit.java:782)
09-01 09:55:46.239 I/ActivityManager( 1282): START u0 {cmp=net.osmand.plus/.development.TestVoiceActivity (has extras)} from uid 10064 on display 0
09-01 09:55:46.239 W/ActivityManager( 1282): Permission Denial: starting Intent { cmp=net.osmand.plus/.development.TestVoiceActivity (has extras) } from ProcessRecord{4ccee7c 1948:com.android.intentfuzzer/u0a64} (pid=1948, uid=10064) not exported from uid 10054
09-01 09:55:46.240 W/System.err( 1948): java.lang.Exception: Toast callstack! strTip=Send Intent Failed!
09-01 09:55:46.240 W/System.err( 1948): 	at android.widget.Toast.show(Toast.java:130)
09-01 09:55:46.240 W/System.err( 1948): 	at com.android.intentfuzzer.FuzzerActivity$4.onClick(FuzzerActivity.java:186)
09-01 09:55:46.240 W/System.err( 1948): 	at android.view.View.performClick(View.java:5637)
09-01 09:55:46.240 W/System.err( 1948): 	at android.view.View$PerformClick.run(View.java:22429)
09-01 09:55:46.240 W/System.err( 1948): 	at android.os.Handler.handleCallback(Handler.java:751)
09-01 09:55:46.240 W/System.err( 1948): 	at android.os.Handler.dispatchMessage(Handler.java:95)
09-01 09:55:46.240 W/System.err( 1948): 	at android.os.Looper.loop(Looper.java:154)
09-01 09:55:46.240 W/System.err( 1948): 	at android.app.ActivityThread.main(ActivityThread.java:6190)
09-01 09:55:46.240 W/System.err( 1948): 	at java.lang.reflect.Method.invoke(Native Method)
09-01 09:55:46.240 W/System.err( 1948): 	at com.android.internal.os.ZygoteInit$MethodAndArgsCaller.run(ZygoteInit.java:892)
09-01 09:55:46.240 W/System.err( 1948): 	at com.android.internal.os.ZygoteInit.main(ZygoteInit.java:782)
09-01 09:55:46.242 W/ContextImpl( 1676): Calling a method in the system process without a qualified user: android.app.ContextImpl.startService:1358 android.content.ContextWrapper.startService:613 android.content.ContextWrapper.startService:613 com.android.coreservice.CoreBroadcastReceiver.onReceive:44 android.app.ActivityThread.handleReceiver:3073 
09-01 09:55:46.242 I/ActivityManager( 1282): START u0 {cmp=net.osmand.plus/.development.LogcatActivity (has extras)} from uid 10064 on display 0
09-01 09:55:46.242 W/ActivityManager( 1282): Permission Denial: starting Intent { cmp=net.osmand.plus/.development.LogcatActivity (has extras) } from ProcessRecord{4ccee7c 1948:com.android.intentfuzzer/u0a64} (pid=1948, uid=10064) not exported from uid 10054
09-01 09:55:46.243 W/System.err( 1948): java.lang.Exception: Toast callstack! strTip=Send Intent Failed!
09-01 09:55:46.243 W/System.err( 1948): 	at android.widget.Toast.show(Toast.java:130)
09-01 09:55:46.243 W/System.err( 1948): 	at com.android.intentfuzzer.FuzzerActivity$4.onClick(FuzzerActivity.java:186)
09-01 09:55:46.243 W/System.err( 1948): 	at android.view.View.performClick(View.java:5637)
09-01 09:55:46.243 W/System.err( 1948): 	at android.view.View$PerformClick.run(View.java:22429)
09-01 09:55:46.243 W/System.err( 1948): 	at android.os.Handler.handleCallback(Handler.java:751)
09-01 09:55:46.243 W/System.err( 1948): 	at android.os.Handler.dispatchMessage(Handler.java:95)
09-01 09:55:46.243 W/System.err( 1948): 	at android.os.Looper.loop(Looper.java:154)
09-01 09:55:46.243 W/System.err( 1948): 	at android.app.ActivityThread.main(ActivityThread.java:6190)
09-01 09:55:46.243 W/System.err( 1948): 	at java.lang.reflect.Method.invoke(Native Method)
09-01 09:55:46.243 W/System.err( 1948): 	at com.android.internal.os.ZygoteInit$MethodAndArgsCaller.run(ZygoteInit.java:892)
09-01 09:55:46.243 W/System.err( 1948): 	at com.android.internal.os.ZygoteInit.main(ZygoteInit.java:782)
09-01 09:55:46.245 I/ActivityManager( 1282): START u0 {cmp=net.osmand.plus/.download.DownloadActivity (has extras)} from uid 10064 on display 0
09-01 09:55:46.245 W/ActivityManager( 1282): Permission Denial: starting Intent { cmp=net.osmand.plus/.download.DownloadActivity (has extras) } from ProcessRecord{4ccee7c 1948:com.android.intentfuzzer/u0a64} (pid=1948, uid=10064) not exported from uid 10054
09-01 09:55:46.245 W/System.err( 1948): java.lang.Exception: Toast callstack! strTip=Send Intent Failed!
09-01 09:55:46.246 W/System.err( 1948): 	at android.widget.Toast.show(Toast.java:130)
09-01 09:55:46.246 W/System.err( 1948): 	at com.android.intentfuzzer.FuzzerActivity$4.onClick(FuzzerActivity.java:186)
09-01 09:55:46.246 W/System.err( 1948): 	at android.view.View.performClick(View.java:5637)
09-01 09:55:46.246 W/System.err( 1948): 	at android.view.View$PerformClick.run(View.java:22429)
09-01 09:55:46.246 W/System.err( 1948): 	at android.os.Handler.handleCallback(Handler.java:751)
09-01 09:55:46.246 W/System.err( 1948): 	at android.os.Handler.dispatchMessage(Handler.java:95)
09-01 09:55:46.246 W/System.err( 1948): 	at android.os.Looper.loop(Looper.java:154)
09-01 09:55:46.246 W/System.err( 1948): 	at android.app.ActivityThread.main(ActivityThread.java:6190)
09-01 09:55:46.246 W/System.err( 1948): 	at java.lang.reflect.Method.invoke(Native Method)
09-01 09:55:46.246 W/System.err( 1948): 	at com.android.internal.os.ZygoteInit$MethodAndArgsCaller.run(ZygoteInit.java:892)
09-01 09:55:46.246 W/System.err( 1948): 	at com.android.internal.os.ZygoteInit.main(ZygoteInit.java:782)
09-01 09:55:46.247 I/ActivityManager( 1282): START u0 {cmp=net.osmand.plus/.activities.PrintDialogActivity (has extras)} from uid 10064 on display 0
09-01 09:55:46.247 W/ActivityManager( 1282): Permission Denial: starting Intent { cmp=net.osmand.plus/.activities.PrintDialogActivity (has extras) } from ProcessRecord{4ccee7c 1948:com.android.intentfuzzer/u0a64} (pid=1948, uid=10064) not exported from uid 10054
09-01 09:55:46.248 W/System.err( 1948): java.lang.Exception: Toast callstack! strTip=Send Intent Failed!
09-01 09:55:46.248 W/System.err( 1948): 	at android.widget.Toast.show(Toast.java:130)
09-01 09:55:46.248 W/System.err( 1948): 	at com.android.intentfuzzer.FuzzerActivity$4.onClick(FuzzerActivity.java:186)
09-01 09:55:46.248 W/System.err( 1948): 	at android.view.View.performClick(View.java:5637)
09-01 09:55:46.248 W/System.err( 1948): 	at android.view.View$PerformClick.run(View.java:22429)
09-01 09:55:46.248 W/System.err( 1948): 	at android.os.Handler.handleCallback(Handler.java:751)
09-01 09:55:46.248 W/System.err( 1948): 	at android.os.Handler.dispatchMessage(Handler.java:95)
09-01 09:55:46.248 W/System.err( 1948): 	at android.os.Looper.loop(Looper.java:154)
09-01 09:55:46.248 W/System.err( 1948): 	at android.app.ActivityThread.main(ActivityThread.java:6190)
09-01 09:55:46.248 W/System.err( 1948): 	at java.lang.reflect.Method.invoke(Native Method)
09-01 09:55:46.248 W/System.err( 1948): 	at com.android.internal.os.ZygoteInit$MethodAndArgsCaller.run(ZygoteInit.java:892)
09-01 09:55:46.248 W/System.err( 1948): 	at com.android.internal.os.ZygoteInit.main(ZygoteInit.java:782)
09-01 09:55:46.249 I/ActivityManager( 1282): START u0 {cmp=net.osmand.plus/.liveupdates.OsmLiveActivity (has extras)} from uid 10064 on display 0
09-01 09:55:46.249 W/ActivityManager( 1282): Permission Denial: starting Intent { cmp=net.osmand.plus/.liveupdates.OsmLiveActivity (has extras) } from ProcessRecord{4ccee7c 1948:com.android.intentfuzzer/u0a64} (pid=1948, uid=10064) not exported from uid 10054
09-01 09:55:46.250 W/System.err( 1948): java.lang.Exception: Toast callstack! strTip=Send Intent Failed!
09-01 09:55:46.250 W/System.err( 1948): 	at android.widget.Toast.show(Toast.java:130)
09-01 09:55:46.250 W/System.err( 1948): 	at com.android.intentfuzzer.FuzzerActivity$4.onClick(FuzzerActivity.java:186)
09-01 09:55:46.250 W/System.err( 1948): 	at android.view.View.performClick(View.java:5637)
09-01 09:55:46.250 W/System.err( 1948): 	at android.view.View$PerformClick.run(View.java:22429)
09-01 09:55:46.250 W/System.err( 1948): 	at android.os.Handler.handleCallback(Handler.java:751)
09-01 09:55:46.250 W/System.err( 1948): 	at android.os.Handler.dispatchMessage(Handler.java:95)
09-01 09:55:46.250 W/System.err( 1948): 	at android.os.Looper.loop(Looper.java:154)
09-01 09:55:46.250 W/System.err( 1948): 	at android.app.ActivityThread.main(ActivityThread.java:6190)
09-01 09:55:46.250 W/System.err( 1948): 	at java.lang.reflect.Method.invoke(Native Method)
09-01 09:55:46.250 W/System.err( 1948): 	at com.android.internal.os.ZygoteInit$MethodAndArgsCaller.run(ZygoteInit.java:892)
09-01 09:55:46.250 W/System.err( 1948): 	at com.android.internal.os.ZygoteInit.main(ZygoteInit.java:782)
09-01 09:55:46.251 I/ActivityManager( 1282): START u0 {cmp=net.osmand.plus/.wikivoyage.explore.WikivoyageExploreActivity (has extras)} from uid 10064 on display 0
09-01 09:55:46.254 W/System.err( 1948): java.lang.Exception: Toast callstack! strTip=Sent Serializeable Intent { cmp=net.osmand.plus/.wikivoyage.explore.WikivoyageExploreActivity (has extras) }
09-01 09:55:46.254 W/System.err( 1948): 	at android.widget.Toast.show(Toast.java:130)
09-01 09:55:46.254 W/System.err( 1948): 	at com.android.intentfuzzer.FuzzerActivity$4.onClick(FuzzerActivity.java:184)
09-01 09:55:46.254 W/System.err( 1948): 	at android.view.View.performClick(View.java:5637)
09-01 09:55:46.254 W/ContextImpl( 1676): Calling a method in the system process without a qualified user: android.app.ContextImpl.startService:1358 android.content.ContextWrapper.startService:613 android.content.ContextWrapper.startService:613 com.android.coreservice.CoreBroadcastReceiver.onReceive:44 android.app.ActivityThread.handleReceiver:3073 
09-01 09:55:46.254 W/System.err( 1948): 	at android.view.View$PerformClick.run(View.java:22429)
09-01 09:55:46.254 W/System.err( 1948): 	at android.os.Handler.handleCallback(Handler.java:751)
09-01 09:55:46.254 W/System.err( 1948): 	at android.os.Handler.dispatchMessage(Handler.java:95)
09-01 09:55:46.254 W/System.err( 1948): 	at android.os.Looper.loop(Looper.java:154)
09-01 09:55:46.254 W/System.err( 1948): 	at android.app.ActivityThread.main(ActivityThread.java:6190)
09-01 09:55:46.254 W/System.err( 1948): 	at java.lang.reflect.Method.invoke(Native Method)
09-01 09:55:46.254 W/System.err( 1948): 	at com.android.internal.os.ZygoteInit$MethodAndArgsCaller.run(ZygoteInit.java:892)
09-01 09:55:46.254 W/System.err( 1948): 	at com.android.internal.os.ZygoteInit.main(ZygoteInit.java:782)
09-01 09:55:46.256 I/ActivityManager( 1282): START u0 {cmp=net.osmand.plus/.profiles.SettingsProfileActivity (has extras)} from uid 10064 on display 0
09-01 09:55:46.256 W/ActivityManager( 1282): Permission Denial: starting Intent { cmp=net.osmand.plus/.profiles.SettingsProfileActivity (has extras) } from ProcessRecord{4ccee7c 1948:com.android.intentfuzzer/u0a64} (pid=1948, uid=10064) not exported from uid 10054
09-01 09:55:46.257 W/System.err( 1948): java.lang.Exception: Toast callstack! strTip=Send Intent Failed!
09-01 09:55:46.257 W/System.err( 1948): 	at android.widget.Toast.show(Toast.java:130)
09-01 09:55:46.257 W/System.err( 1948): 	at com.android.intentfuzzer.FuzzerActivity$4.onClick(FuzzerActivity.java:186)
09-01 09:55:46.257 W/System.err( 1948): 	at android.view.View.performClick(View.java:5637)
09-01 09:55:46.257 W/System.err( 1948): 	at android.view.View$PerformClick.run(View.java:22429)
09-01 09:55:46.257 W/System.err( 1948): 	at android.os.Handler.handleCallback(Handler.java:751)
09-01 09:55:46.257 W/System.err( 1948): 	at android.os.Handler.dispatchMessage(Handler.java:95)
09-01 09:55:46.257 W/System.err( 1948): 	at android.os.Looper.loop(Looper.java:154)
09-01 09:55:46.257 W/System.err( 1948): 	at android.app.ActivityThread.main(ActivityThread.java:6190)
09-01 09:55:46.257 W/System.err( 1948): 	at java.lang.reflect.Method.invoke(Native Method)
09-01 09:55:46.257 W/System.err( 1948): 	at com.android.internal.os.ZygoteInit$MethodAndArgsCaller.run(ZygoteInit.java:892)
09-01 09:55:46.257 W/System.err( 1948): 	at com.android.internal.os.ZygoteInit.main(ZygoteInit.java:782)
09-01 09:55:46.258 I/ActivityManager( 1282): START u0 {cmp=net.osmand.plus/.profiles.EditProfileActivity (has extras)} from uid 10064 on display 0
09-01 09:55:46.258 W/ActivityManager( 1282): Permission Denial: starting Intent { cmp=net.osmand.plus/.profiles.EditProfileActivity (has extras) } from ProcessRecord{4ccee7c 1948:com.android.intentfuzzer/u0a64} (pid=1948, uid=10064) not exported from uid 10054
09-01 09:55:46.258 W/System.err( 1948): java.lang.Exception: Toast callstack! strTip=Send Intent Failed!
09-01 09:55:46.258 W/System.err( 1948): 	at android.widget.Toast.show(Toast.java:130)
09-01 09:55:46.258 W/System.err( 1948): 	at com.android.intentfuzzer.FuzzerActivity$4.onClick(FuzzerActivity.java:186)
09-01 09:55:46.258 W/System.err( 1948): 	at android.view.View.performClick(View.java:5637)
09-01 09:55:46.258 W/System.err( 1948): 	at android.view.View$PerformClick.run(View.java:22429)
09-01 09:55:46.258 W/System.err( 1948): 	at android.os.Handler.handleCallback(Handler.java:751)
09-01 09:55:46.258 W/System.err( 1948): 	at android.os.Handler.dispatchMessage(Handler.java:95)
09-01 09:55:46.259 W/System.err( 1948): 	at android.os.Looper.loop(Looper.java:154)
09-01 09:55:46.259 W/System.err( 1948): 	at android.app.ActivityThread.main(ActivityThread.java:6190)
09-01 09:55:46.259 W/System.err( 1948): 	at java.lang.reflect.Method.invoke(Native Method)
09-01 09:55:46.259 W/System.err( 1948): 	at com.android.internal.os.ZygoteInit$MethodAndArgsCaller.run(ZygoteInit.java:892)
09-01 09:55:46.259 W/System.err( 1948): 	at com.android.internal.os.ZygoteInit.main(ZygoteInit.java:782)
09-01 09:55:46.259 I/ActivityManager( 1282): START u0 {cmp=net.osmand.plus/.activities.PrivacyAndSecurityActivity (has extras)} from uid 10064 on display 0
09-01 09:55:46.259 W/ActivityManager( 1282): Permission Denial: starting Intent { cmp=net.osmand.plus/.activities.PrivacyAndSecurityActivity (has extras) } from ProcessRecord{4ccee7c 1948:com.android.intentfuzzer/u0a64} (pid=1948, uid=10064) not exported from uid 10054
09-01 09:55:46.260 W/System.err( 1948): java.lang.Exception: Toast callstack! strTip=Send Intent Failed!
09-01 09:55:46.260 W/System.err( 1948): 	at android.widget.Toast.show(Toast.java:130)
09-01 09:55:46.260 W/System.err( 1948): 	at com.android.intentfuzzer.FuzzerActivity$4.onClick(FuzzerActivity.java:186)
09-01 09:55:46.260 W/System.err( 1948): 	at android.view.View.performClick(View.java:5637)
09-01 09:55:46.260 W/System.err( 1948): 	at android.view.View$PerformClick.run(View.java:22429)
09-01 09:55:46.260 W/System.err( 1948): 	at android.os.Handler.handleCallback(Handler.java:751)
09-01 09:55:46.260 W/System.err( 1948): 	at android.os.Handler.dispatchMessage(Handler.java:95)
09-01 09:55:46.260 W/System.err( 1948): 	at android.os.Looper.loop(Looper.java:154)
09-01 09:55:46.260 W/System.err( 1948): 	at android.app.ActivityThread.main(ActivityThread.java:6190)
09-01 09:55:46.260 W/System.err( 1948): 	at java.lang.reflect.Method.invoke(Native Method)
09-01 09:55:46.260 W/System.err( 1948): 	at com.android.internal.os.ZygoteInit$MethodAndArgsCaller.run(ZygoteInit.java:892)
09-01 09:55:46.260 W/System.err( 1948): 	at com.android.internal.os.ZygoteInit.main(ZygoteInit.java:782)
09-01 09:55:46.261 I/ActivityManager( 1282): START u0 {cmp=net.osmand.plus/com.android.billingclient.api.ProxyBillingActivity (has extras)} from uid 10064 on display 0
09-01 09:55:46.261 W/ActivityManager( 1282): Permission Denial: starting Intent { cmp=net.osmand.plus/com.android.billingclient.api.ProxyBillingActivity (has extras) } from ProcessRecord{4ccee7c 1948:com.android.intentfuzzer/u0a64} (pid=1948, uid=10064) not exported from uid 10054
09-01 09:55:46.263 W/System.err( 1948): java.lang.Exception: Toast callstack! strTip=Send Intent Failed!
09-01 09:55:46.263 W/System.err( 1948): 	at android.widget.Toast.show(Toast.java:130)
09-01 09:55:46.263 W/System.err( 1948): 	at com.android.intentfuzzer.FuzzerActivity$4.onClick(FuzzerActivity.java:186)
09-01 09:55:46.263 W/System.err( 1948): 	at android.view.View.performClick(View.java:5637)
09-01 09:55:46.263 W/System.err( 1948): 	at android.view.View$PerformClick.run(View.java:22429)
09-01 09:55:46.263 W/System.err( 1948): 	at android.os.Handler.handleCallback(Handler.java:751)
09-01 09:55:46.263 W/System.err( 1948): 	at android.os.Handler.dispatchMessage(Handler.java:95)
09-01 09:55:46.263 W/System.err( 1948): 	at android.os.Looper.loop(Looper.java:154)
09-01 09:55:46.263 W/System.err( 1948): 	at android.app.ActivityThread.main(ActivityThread.java:6190)
09-01 09:55:46.263 W/System.err( 1948): 	at java.lang.reflect.Method.invoke(Native Method)
09-01 09:55:46.263 W/System.err( 1948): 	at com.android.internal.os.ZygoteInit$MethodAndArgsCaller.run(ZygoteInit.java:892)
09-01 09:55:46.263 W/System.err( 1948): 	at com.android.internal.os.ZygoteInit.main(ZygoteInit.java:782)
09-01 09:55:46.301 I/ActivityManager( 1282): Start proc 2151:net.osmand.plus/u0a54 for activity net.osmand.plus/.wikivoyage.explore.WikivoyageExploreActivity
09-01 09:55:46.329 D/libnativebridge( 2151): call UnloadNativeBridge! state=1
09-01 09:55:46.358 E/EGL_adreno( 1083): tid 1083: eglCreateSyncKHR(2089): error 0x3004 (EGL_BAD_ATTRIBUTE)
09-01 09:55:46.459 W/ContextImpl( 1676): Calling a method in the system process without a qualified user: android.app.ContextImpl.startService:1358 android.content.ContextWrapper.startService:613 android.content.ContextWrapper.startService:613 com.android.coreservice.CoreBroadcastReceiver.onReceive:53 android.app.ActivityThread.handleReceiver:3073 
09-01 09:55:46.477 E/EGL_adreno( 1948): tid 1965: eglSurfaceAttrib(1338): error 0x3009 (EGL_BAD_MATCH)
09-01 09:55:46.477 W/OpenGLRenderer( 1948): Failed to set EGL_SWAP_BEHAVIOR on surface 0x7fffeb5e4240, error=EGL_BAD_MATCH
09-01 09:55:46.481 D/EGL_adreno( 1948): eglMakeCurrent: 0x7fffeb43c820: ver 3 1 (tinfo 0x7fffeb40d4a0)
09-01 09:55:46.526 I/art     ( 1282): Background partial concurrent mark sweep GC freed 77945(3MB) AllocSpace objects, 64(1280KB) LOS objects, 33% free, 13MB/20MB, paused 1.384ms total 132.225ms
09-01 09:55:48.061 I/MultiDex( 2151): VM with version 2.1.0 has multidex support
09-01 09:55:48.061 I/MultiDex( 2151): Installing application
09-01 09:55:48.061 I/MultiDex( 2151): VM has multidex support, MultiDex support library is disabled.
09-01 09:55:48.061 I/MultiDex( 2151): Installing application
09-01 09:55:48.061 I/MultiDex( 2151): VM has multidex support, MultiDex support library is disabled.
09-01 09:55:48.233 W/ActivityManager( 1282): Unable to start service Intent { cmp=btools.routingapp/.BRouterService } U=0: not found
09-01 09:55:48.255 W/System.err( 2151): Startup service net.osmand.plus.inapp.InAppPurchaseHelper took too long 22 ms
09-01 09:55:48.274 W/System.err( 2151): Startup service net.osmand.osm.MapPoiTypes took too long 19 ms
09-01 09:55:48.341 W/System.err( 2151): Startup service net.osmand.plus.routing.RoutingHelper took too long 63 ms
09-01 09:55:48.351 W/System.err( 2151): Startup service net.osmand.plus.routepreparationmenu.RoutingOptionsHelper took too long 9 ms
09-01 09:55:48.441 I/net.osmand( 2151): ResourceManager Bitmap tiles to load in memory : 162.0
09-01 09:55:48.441 W/System.err( 2151): Startup service net.osmand.plus.resources.ResourceManager took too long 91 ms
09-01 09:55:48.458 W/System.err( 2151): Startup service net.osmand.plus.OsmAndLocationProvider took too long 16 ms
09-01 09:55:48.481 W/System.err( 2151): Startup service net.osmand.plus.activities.SavingTrackHelper took too long 20 ms
09-01 09:55:48.510 W/System.err( 2151): Startup service net.osmand.plus.AnalyticsHelper took too long 29 ms
09-01 09:55:48.542 W/System.err( 2151): Startup service net.osmand.plus.NotificationHelper took too long 32 ms
09-01 09:55:48.562 W/System.err( 2151): Startup service net.osmand.plus.GpxSelectionHelper took too long 18 ms
09-01 09:55:48.617 W/System.err( 2151): Startup service net.osmand.plus.GpxDbHelper took too long 55 ms
09-01 09:55:48.632 W/System.err( 2151): Startup service net.osmand.plus.FavouritesDbHelper took too long 15 ms
09-01 09:55:48.654 W/System.err( 2151): Startup service net.osmand.plus.helpers.WaypointHelper took too long 22 ms
09-01 09:55:48.686 W/System.err( 2151): Startup service net.osmand.aidl.OsmandAidlApi took too long 32 ms
09-01 09:55:48.695 W/System.err( 2151): Startup service net.osmand.map.OsmandRegions took too long 9 ms
09-01 09:55:48.722 W/System.err( 2151): Startup service net.osmand.plus.poi.PoiFiltersHelper took too long 27 ms
09-01 09:55:48.737 W/System.err( 2151): Startup service net.osmand.plus.TargetPointsHelper took too long 10 ms
09-01 09:55:48.785 W/System.err( 2151): Startup service net.osmand.plus.MapMarkersHelper took too long 45 ms
09-01 09:55:48.830 W/System.err( 2151): Startup service net.osmand.plus.search.QuickSearchHelper took too long 45 ms
09-01 09:55:48.854 W/System.err( 2151): Startup service net.osmand.plus.wikivoyage.data.TravelDbHelper took too long 17 ms
09-01 09:55:48.878 I/System.out( 2151): Time to start application 806 ms. Should be less < 800 ms
09-01 09:55:48.948 I/System.out( 2151): Time to init plugins 70 ms. Should be less < 800 ms
09-01 09:55:48.948 D/StrictMode( 2151): StrictMode policy violation; ~duration=804 ms: android.os.StrictMode$StrictModeDiskReadViolation: policy=65567 violation=2
09-01 09:55:48.948 D/StrictMode( 2151): 	at android.os.StrictMode$AndroidBlockGuardPolicy.onReadFromDisk(StrictMode.java:1293)
09-01 09:55:48.948 D/StrictMode( 2151): 	at java.io.UnixFileSystem.checkAccess(UnixFileSystem.java:249)
09-01 09:55:48.948 D/StrictMode( 2151): 	at java.io.File.exists(File.java:780)
09-01 09:55:48.948 D/StrictMode( 2151): 	at android.app.ContextImpl.getDataDir(ContextImpl.java:1939)
09-01 09:55:48.948 D/StrictMode( 2151): 	at android.app.ContextImpl.getPreferencesDir(ContextImpl.java:466)
09-01 09:55:48.948 D/StrictMode( 2151): 	at android.app.ContextImpl.getSharedPreferencesPath(ContextImpl.java:628)
09-01 09:55:48.948 D/StrictMode( 2151): 	at android.app.ContextImpl.getSharedPreferences(ContextImpl.java:345)
09-01 09:55:48.948 D/StrictMode( 2151): 	at android.content.ContextWrapper.getSharedPreferences(ContextWrapper.java:164)
09-01 09:55:48.948 D/StrictMode( 2151): 	at net.osmand.plus.api.SettingsAPIImpl.getPreferenceObject(SettingsAPIImpl.java:18)
09-01 09:55:48.948 D/StrictMode( 2151): 	at net.osmand.plus.OsmandSettings.initPrefs(OsmandSettings.java:183)
09-01 09:55:48.948 D/StrictMode( 2151): 	at net.osmand.plus.OsmandSettings.<init>(OsmandSettings.java:170)
09-01 09:55:48.948 D/StrictMode( 2151): 	at net.osmand.plus.OsmAndAppCustomization.setup(OsmAndAppCustomization.java:104)
09-01 09:55:48.948 D/StrictMode( 2151): 	at net.osmand.plus.OsmandApplication.onCreate(OsmandApplication.java:167)
09-01 09:55:48.948 D/StrictMode( 2151): 	at android.app.Instrumentation.callApplicationOnCreate(Instrumentation.java:1024)
09-01 09:55:48.948 D/StrictMode( 2151): 	at android.app.ActivityThread.handleBindApplication(ActivityThread.java:5474)
09-01 09:55:48.948 D/StrictMode( 2151): 	at android.app.ActivityThread.-wrap2(ActivityThread.java)
09-01 09:55:48.948 D/StrictMode( 2151): 	at android.app.ActivityThread$H.handleMessage(ActivityThread.java:1550)
09-01 09:55:48.948 D/StrictMode( 2151): 	at android.os.Handler.dispatchMessage(Handler.java:102)
09-01 09:55:48.948 D/StrictMode( 2151): 	at android.os.Looper.loop(Looper.java:154)
09-01 09:55:48.948 D/StrictMode( 2151): 	at android.app.ActivityThread.main(ActivityThread.java:6190)
09-01 09:55:48.948 D/StrictMode( 2151): 	at java.lang.reflect.Method.invoke(Native Method)
09-01 09:55:48.948 D/StrictMode( 2151): 	at com.android.internal.os.ZygoteInit$MethodAndArgsCaller.run(ZygoteInit.java:892)
09-01 09:55:48.948 D/StrictMode( 2151): 	at com.android.internal.os.ZygoteInit.main(ZygoteInit.java:782)
09-01 09:55:48.948 D/StrictMode( 2151): StrictMode policy violation; ~duration=804 ms: android.os.StrictMode$StrictModeDiskReadViolation: policy=65567 violation=2
09-01 09:55:48.948 D/StrictMode( 2151): 	at android.os.StrictMode$AndroidBlockGuardPolicy.onReadFromDisk(StrictMode.java:1293)
09-01 09:55:48.948 D/StrictMode( 2151): 	at java.io.UnixFileSystem.checkAccess(UnixFileSystem.java:249)
09-01 09:55:48.948 D/StrictMode( 2151): 	at java.io.File.exists(File.java:780)
09-01 09:55:48.948 D/StrictMode( 2151): 	at android.app.ContextImpl.ensurePrivateDirExists(ContextImpl.java:512)
09-01 09:55:48.948 D/StrictMode( 2151): 	at android.app.ContextImpl.getPreferencesDir(ContextImpl.java:468)
09-01 09:55:48.948 D/StrictMode( 2151): 	at android.app.ContextImpl.getSharedPreferencesPath(ContextImpl.java:628)
09-01 09:55:48.948 D/StrictMode( 2151): 	at android.app.ContextImpl.getSharedPreferences(ContextImpl.java:345)
09-01 09:55:48.948 D/StrictMode( 2151): 	at android.content.ContextWrapper.getSharedPreferences(ContextWrapper.java:164)
09-01 09:55:48.948 D/StrictMode( 2151): 	at net.osmand.plus.api.SettingsAPIImpl.getPreferenceObject(SettingsAPIImpl.java:18)
09-01 09:55:48.948 D/StrictMode( 2151): 	at net.osmand.plus.OsmandSettings.initPrefs(OsmandSettings.java:183)
09-01 09:55:48.948 D/StrictMode( 2151): 	at net.osmand.plus.OsmandSettings.<init>(OsmandSettings.java:170)
09-01 09:55:48.948 D/StrictMode( 2151): 	at net.osmand.plus.OsmAndAppCustomization.setup(OsmAndAppCustomization.java:104)
09-01 09:55:48.948 D/StrictMode( 2151): 	at net.osmand.plus.OsmandApplication.onCreate(OsmandApplication.java:167)
09-01 09:55:48.948 D/StrictMode( 2151): 	at android.app.Instrumentation.callApplicationOnCreate(Instrumentation.java:1024)
09-01 09:55:48.948 D/StrictMode( 2151): 	at android.app.ActivityThread.handleBindApplication(ActivityThread.java:5474)
09-01 09:55:48.948 D/StrictMode( 2151): 	at android.app.ActivityThread.-wrap2(ActivityThread.java)
09-01 09:55:48.948 D/StrictMode( 2151): 	at android.app.ActivityThread$H.handleMessage(ActivityThread.java:1550)
09-01 09:55:48.948 D/StrictMode( 2151): 	at android.os.Handler.dispatchMessage(Handler.java:102)
09-01 09:55:48.948 D/StrictMode( 2151): 	at android.os.Looper.loop(Looper.java:154)
09-01 09:55:48.948 D/StrictMode( 2151): 	at android.app.ActivityThread.main(ActivityThread.java:6190)
09-01 09:55:48.948 D/StrictMode( 2151): 	at java.lang.reflect.Method.invoke(Native Method)
09-01 09:55:48.948 D/StrictMode( 2151): 	at com.android.internal.os.ZygoteInit$MethodAndArgsCaller.run(ZygoteInit.java:892)
09-01 09:55:48.948 D/StrictMode( 2151): 	at com.android.internal.os.ZygoteInit.main(ZygoteInit.java:782)
09-01 09:55:48.948 D/StrictMode( 2151): StrictMode policy violation; ~duration=802 ms: android.os.StrictMode$StrictModeDiskReadViolation: policy=65567 violation=2
09-01 09:55:48.948 D/StrictMode( 2151): 	at android.os.StrictMode$AndroidBlockGuardPolicy.onReadFromDisk(StrictMode.java:1293)
09-01 09:55:48.948 D/StrictMode( 2151): 	at java.io.UnixFileSystem.checkAccess(UnixFileSystem.java:249)
09-01 09:55:48.948 D/StrictMode( 2151): 	at java.io.File.exists(File.java:780)
09-01 09:55:48.948 D/StrictMode( 2151): 	at android.app.ContextImpl.ensurePrivateDirExists(ContextImpl.java:512)
09-01 09:55:48.948 D/StrictMode( 2151): 	at android.app.ContextImpl.getPreferencesDir(ContextImpl.java:468)
09-01 09:55:48.948 D/StrictMode( 2151): 	at android.app.ContextImpl.getSharedPreferencesPath(ContextImpl.java:628)
09-01 09:55:48.948 D/StrictMode( 2151): 	at android.app.ContextImpl.getSharedPreferences(ContextImpl.java:345)
09-01 09:55:48.948 D/StrictMode( 2151): 	at android.content.ContextWrapper.getSharedPreferences(ContextWrapper.java:164)
09-01 09:55:48.948 D/StrictMode( 2151): 	at net.osmand.plus.api.SettingsAPIImpl.getPreferenceObject(SettingsAPIImpl.java:18)
09-01 09:55:48.948 D/StrictMode( 2151): 	at net.osmand.plus.OsmandSettings.getProfilePreferences(OsmandSettings.java:252)
09-01 09:55:48.948 D/StrictMode( 2151): 	at net.osmand.plus.OsmandSettings.initPrefs(OsmandSettings.java:184)
09-01 09:55:48.948 D/StrictMode( 2151): 	at net.osmand.plus.OsmandSettings.<init>(OsmandSettings.java:170)
09-01 09:55:48.948 D/StrictMode( 2151): 	at net.osmand.plus.OsmAndAppCustomization.setup(OsmAndAppCustomization.java:104)
09-01 09:55:48.948 D/StrictMode( 2151): 	at net.osmand.plus.OsmandApplication.onCreate(OsmandApplication.java:167)
09-01 09:55:48.948 D/StrictMode( 2151): 	at android.app.Instrumentation.callApplicationOnCreate(Instrumentation.java:1024)
09-01 09:55:48.948 D/StrictMode( 2151): 	at android.app.ActivityThread.handleBindApplication(ActivityThread.java:5474)
09-01 09:55:48.948 D/StrictMode( 2151): 	at android.app.ActivityThread.-wrap2(ActivityThread.java)
09-01 09:55:48.948 D/StrictMode( 2151): 	at android.app.ActivityThread$H.handleMessage(ActivityThread.java:1550)
09-01 09:55:48.948 D/StrictMode( 2151): 	at android.os.Handler.dispatchMessage(Handler.java:102)
09-01 09:55:48.948 D/StrictMode( 2151): 	at android.os.Looper.loop(Looper.java:154)
09-01 09:55:48.948 D/StrictMode( 2151): 	at android.app.ActivityThread.main(ActivityThread.java:6190)
09-01 09:55:48.948 D/StrictMode( 2151): 	at java.lang.reflect.Method.invoke(Native Method)
09-01 09:55:48.948 D/StrictMode( 2151): 	at com.android.internal.os.ZygoteInit$MethodAndArgsCaller.run(ZygoteInit.java:892)
09-01 09:55:48.948 D/StrictMode( 2151): 	at com.android.internal.os.ZygoteInit.main(ZygoteInit.java:782)
09-01 09:55:48.948 D/StrictMode( 2151): StrictMode policy violation; ~duration=800 ms: android.os.StrictMode$StrictModeDiskReadViolation: policy=65567 violation=2
09-01 09:55:48.948 D/StrictMode( 2151): 	at android.os.StrictMode$AndroidBlockGuardPolicy.onReadFromDisk(StrictMode.java:1293)
09-01 09:55:48.948 D/StrictMode( 2151): 	at android.app.SharedPreferencesImpl.awaitLoadedLocked(SharedPreferencesImpl.java:213)
09-01 09:55:48.948 D/StrictMode( 2151): 	at android.app.SharedPreferencesImpl.getString(SharedPreferencesImpl.java:234)
09-01 09:55:48.948 D/StrictMode( 2151): 	at net.osmand.plus.api.SettingsAPIImpl.getString(SettingsAPIImpl.java:71)
09-01 09:55:48.948 D/StrictMode( 2151): 	at net.osmand.plus.OsmandSettings.readApplicationMode(OsmandSettings.java:514)
09-01 09:55:48.948 D/StrictMode( 2151): 	at net.osmand.plus.OsmandSettings.initPrefs(OsmandSettings.java:185)
09-01 09:55:48.948 D/StrictMode( 2151): 	at net.osmand.plus.OsmandSettings.<init>(OsmandSettings.java:170)
09-01 09:55:48.948 D/StrictMode( 2151): 	at net.osmand.plus.OsmAndAppCustomization.setup(OsmAndAppCustomization.java:104)
09-01 09:55:48.948 D/StrictMode( 2151): 	at net.osmand.plus.OsmandApplication.onCreate(OsmandApplication.java:167)
09-01 09:55:48.948 D/StrictMode( 2151): 	at android.app.Instrumentation.callApplicationOnCreate(Instrumentation.java:1024)
09-01 09:55:48.948 D/StrictMode( 2151): 	at android.app.ActivityThread.handleBindApplication(ActivityThread.java:5474)
09-01 09:55:48.948 D/StrictMode( 2151): 	at android.app.ActivityThread.-wrap2(ActivityThread.java)
09-01 09:55:48.948 D/StrictMode( 2151): 	at android.app.ActivityThread$H.handleMessage(ActivityThread.java:1550)
09-01 09:55:48.948 D/StrictMode( 2151): 	at android.os.Handler.dispatchMessage(Handler.java:102)
09-01 09:55:48.948 D/StrictMode( 2151): 	at android.os.Looper.loop(Looper.java:154)
09-01 09:55:48.948 D/StrictMode( 2151): 	at android.app.ActivityThread.main(ActivityThread.java:6190)
09-01 09:55:48.948 D/StrictMode( 2151): 	at java.lang.reflect.Method.invoke(Native Method)
09-01 09:55:48.948 D/StrictMode( 2151): 	at com.android.internal.os.ZygoteInit$MethodAndArgsCaller.run(ZygoteInit.java:892)
09-01 09:55:48.948 D/StrictMode( 2151): 	at com.android.internal.os.ZygoteInit.main(ZygoteInit.java:782)
09-01 09:55:48.948 D/StrictMode( 2151): StrictMode policy violation; ~duration=799 ms: android.os.StrictMode$StrictModeDiskReadViolation: policy=65567 violation=2
09-01 09:55:48.948 D/StrictMode( 2151): 	at android.os.StrictMode$AndroidBlockGuardPolicy.onReadFromDisk(StrictMode.java:1293)
09-01 09:55:48.948 D/StrictMode( 2151): 	at java.io.UnixFileSystem.checkAccess(UnixFileSystem.java:249)
09-01 09:55:48.948 D/StrictMode( 2151): 	at java.io.File.exists(File.java:780)
09-01 09:55:48.948 D/StrictMode( 2151): 	at android.app.ContextImpl.ensurePrivateDirExists(ContextImpl.java:512)
09-01 09:55:48.948 D/StrictMode( 2151): 	at android.app.ContextImpl.getPreferencesDir(ContextImpl.java:468)
09-01 09:55:48.948 D/StrictMode( 2151): 	at android.app.ContextImpl.getSharedPreferencesPath(ContextImpl.java:628)
09-01 09:55:48.948 D/StrictMode( 2151): 	at android.app.ContextImpl.getSharedPreferences(ContextImpl.java:345)
09-01 09:55:48.948 D/StrictMode( 2151): 	at android.content.ContextWrapper.getSharedPreferences(ContextWrapper.java:164)
09-01 09:55:48.948 D/StrictMode( 2151): 	at net.osmand.plus.AppInitializer.initVariables(AppInitializer.java:162)
09-01 09:55:48.948 D/StrictMode( 2151): 	at net.osmand.plus.OsmandApplication.onCreate(OsmandApplication.java:169)
09-01 09:55:48.948 D/StrictMode( 2151): 	at android.app.Instrumentation.callApplicationOnCreate(Instrumentation.java:1024)
09-01 09:55:48.948 D/StrictMode( 2151): 	at android.app.ActivityThread.handleBindApplication(ActivityThread.java:5474)
09-01 09:55:48.948 D/StrictMode( 2151): 	at android.app.ActivityThread.-wrap2(ActivityThread.java)
09-01 09:55:48.948 D/StrictMode( 2151): 	at android.app.ActivityThread$H.handleMessage(ActivityThread.java:1550)
09-01 09:55:48.948 D/StrictMode( 2151): 	at android.os.Handler.dispatchMessage(Handler.java:102)
09-01 09:55:48.948 D/StrictMode( 2151): 	at android.os.Looper.loop(Looper.java:154)
09-01 09:55:48.948 D/StrictMode( 2151): 	at android.app.ActivityThread.main(ActivityThread.java:6190)
09-01 09:55:48.948 D/StrictMode( 2151): 	at java.lang.reflect.Method.invoke(Native Method)
09-01 09:55:48.948 D/StrictMode( 2151): 	at com.android.internal.os.ZygoteInit$MethodAndArgsCaller.run(ZygoteInit.java:892)
09-01 09:55:48.948 D/StrictMode( 2151): 	at com.android.internal.os.ZygoteInit.main(ZygoteInit.java:782)
09-01 09:55:48.948 D/StrictMode( 2151): StrictMode policy violation; ~duration=798 ms: android.os.StrictMode$StrictModeDiskReadViolation: policy=65567 violation=2
09-01 09:55:48.948 D/StrictMode( 2151): 	at android.os.StrictMode$AndroidBlockGuardPolicy.onReadFromDisk(StrictMode.java:1293)
09-01 09:55:48.948 D/StrictMode( 2151): 	at android.app.SharedPreferencesImpl.awaitLoadedLocked(SharedPreferencesImpl.java:213)
09-01 09:55:48.948 D/StrictMode( 2151): 	at android.app.SharedPreferencesImpl.contains(SharedPreferencesImpl.java:280)
09-01 09:55:48.948 D/StrictMode( 2151): 	at net.osmand.plus.AppInitializer.initVariables(AppInitializer.java:165)
09-01 09:55:48.948 D/StrictMode( 2151): 	at net.osmand.plus.OsmandApplication.onCreate(OsmandApplication.java:169)
09-01 09:55:48.948 D/StrictMode( 2151): 	at android.app.Instrumentation.callApplicationOnCreate(Instrumentation.java:1024)
09-01 09:55:48.948 D/StrictMode( 2151): 	at android.app.ActivityThread.handleBindApplication(ActivityThread.java:5474)
09-01 09:55:48.948 D/StrictMode( 2151): 	at android.app.ActivityThread.-wrap2(ActivityThread.java)
09-01 09:55:48.948 D/StrictMode( 2151): 	at android.app.ActivityThread$H.handleMessage(ActivityThread.java:1550)
09-01 09:55:48.948 D/StrictMode( 2151): 	at android.os.Handler.dispatchMessage(Handler.java:102)
09-01 09:55:48.948 D/StrictMode( 2151): 	at android.os.Looper.loop(Looper.java:154)
09-01 09:55:48.948 D/StrictMode( 2151): 	at android.app.ActivityThread.main(ActivityThread.java:6190)
09-01 09:55:48.948 D/StrictMode( 2151): 	at java.lang.reflect.Method.invoke(Native Method)
09-01 09:55:48.948 D/StrictMode( 2151): 	at com.android.internal.os.ZygoteInit$MethodAndArgsCaller.run(ZygoteInit.java:892)
09-01 09:55:48.948 D/StrictMode( 2151): 	at com.android.internal.os.ZygoteInit.main(ZygoteInit.java:782)
09-01 09:55:48.948 D/StrictMode( 2151): StrictMode policy violation; ~duration=796 ms: android.os.StrictMode$StrictModeDiskReadViolation: policy=65567 violation=2
09-01 09:55:48.948 D/StrictMode( 2151): 	at android.os.StrictMode$AndroidBlockGuardPolicy.onReadFromDisk(StrictMode.java:1293)
09-01 09:55:48.948 D/StrictMode( 2151): 	at java.io.UnixFileSystem.checkAccess(UnixFileSystem.java:249)
09-01 09:55:48.948 D/StrictMode( 2151): 	at java.io.File.exists(File.java:780)
09-01 09:55:48.948 D/StrictMode( 2151): 	at android.app.SharedPreferencesImpl.writeToFile(SharedPreferencesImpl.java:592)
09-01 09:55:48.948 D/StrictMode( 2151): 	at android.app.SharedPreferencesImpl.-wrap2(SharedPreferencesImpl.java)
09-01 09:55:48.948 D/StrictMode( 2151): 	at android.app.SharedPreferencesImpl$2.run(SharedPreferencesImpl.java:535)
09-01 09:55:48.948 D/StrictMode( 2151): 	at android.app.SharedPreferencesImpl.enqueueDiskWrite(SharedPreferencesImpl.java:554)
09-01 09:55:48.948 D/StrictMode( 2151): 	at android.app.SharedPreferencesImpl.-wrap0(SharedPreferencesImpl.java)
09-01 09:55:48.948 D/StrictMode( 2151): 	at android.app.SharedPreferencesImpl$EditorImpl.commit(SharedPreferencesImpl.java:476)
09-01 09:55:48.948 D/StrictMode( 2151): 	at net.osmand.plus.AppInitializer.initVariables(AppInitializer.java:168)
09-01 09:55:48.948 D/StrictMode( 2151): 	at net.osmand.plus.OsmandApplication.onCreate(OsmandApplication.java:169)
09-01 09:55:48.948 D/StrictMode( 2151): 	at android.app.Instrumentation.callApplicationOnCreate(Instrumentation.java:1024)
09-01 09:55:48.948 D/StrictMode( 2151): 	at android.app.ActivityThread.handleBindApplication(ActivityThread.java:5474)
09-01 09:55:48.948 D/StrictMode( 2151): 	at android.app.ActivityThread.-wrap2(ActivityThread.java)
09-01 09:55:48.948 D/StrictMode( 2151): 	at android.app.ActivityThread$H.handleMessage(ActivityThread.java:1550)
09-01 09:55:48.948 D/StrictMode( 2151): 	at android.os.Handler.dispatchMessage(Handler.java:102)
09-01 09:55:48.948 D/StrictMode( 2151): 	at android.os.Looper.loop(Looper.java:154)
09-01 09:55:48.948 D/StrictMode( 2151): 	at android.app.ActivityThread.main(ActivityThread.java:6190)
09-01 09:55:48.948 D/StrictMode( 2151): 	at java.lang.reflect.Method.invoke(Native Method)
09-01 09:55:48.948 D/StrictMode( 2151): 	at com.android.internal.os.ZygoteInit$MethodAndArgsCaller.run(ZygoteInit.java:892)
09-01 09:55:48.948 D/StrictMode( 2151): 	at com.android.internal.os.ZygoteInit.main(ZygoteInit.java:782)
09-01 09:55:48.948 D/StrictMode( 2151): StrictMode policy violation; ~duration=796 ms: android.os.StrictMode$StrictModeDiskReadViolation: policy=65567 violation=2
09-01 09:55:48.948 D/StrictMode( 2151): 	at android.os.StrictMode$AndroidBlockGuardPolicy.onReadFromDisk(StrictMode.java:1293)
09-01 09:55:48.948 D/StrictMode( 2151): 	at java.io.UnixFileSystem.checkAccess(UnixFileSystem.java:249)
09-01 09:55:48.948 D/StrictMode( 2151): 	at java.io.File.exists(File.java:780)
09-01 09:55:48.948 D/StrictMode( 2151): 	at android.app.SharedPreferencesImpl.writeToFile(SharedPreferencesImpl.java:618)
09-01 09:55:48.948 D/StrictMode( 2151): 	at android.app.SharedPreferencesImpl.-wrap2(SharedPreferencesImpl.java)
09-01 09:55:48.948 D/StrictMode( 2151): 	at android.app.SharedPreferencesImpl$2.run(SharedPreferencesImpl.java:535)
09-01 09:55:48.948 D/StrictMode( 2151): 	at android.app.SharedPreferencesImpl.enqueueDiskWrite(SharedPreferencesImpl.java:554)
09-01 09:55:48.948 D/StrictMode( 2151): 	at android.app.SharedPreferencesImpl.-wrap0(SharedPreferencesImpl.java)
09-01 09:55:48.948 D/StrictMode( 2151): 	at android.app.SharedPreferencesImpl$EditorImpl.commit(SharedPreferencesImpl.java:476)
09-01 09:55:48.948 D/StrictMode( 2151): 	at net.osmand.plus.AppInitializer.initVariables(AppInitializer.java:168)
09-01 09:55:48.948 D/StrictMode( 2151): 	at net.osmand.plus.OsmandApplication.onCreate(OsmandApplication.java:169)
09-01 09:55:48.948 D/StrictMode( 2151): 	at android.app.Instrumentation.callApplicationOnCreate(Instrumentation.java:1024)
09-01 09:55:48.948 D/StrictMode( 2151): 	at android.app.ActivityThread.handleBindApplication(ActivityThread.java:5474)
09-01 09:55:48.948 D/StrictMode( 2151): 	at android.app.ActivityThread.-wrap2(ActivityThread.java)
09-01 09:55:48.948 D/StrictMode( 2151): 	at android.app.ActivityThread$H.handleMessage(ActivityThread.java:1550)
09-01 09:55:48.948 D/StrictMode( 2151): 	at android.os.Handler.dispatchMessage(Handler.java:102)
09-01 09:55:48.948 D/StrictMode( 2151): 	at android.os.Looper.loop(Looper.java:154)
09-01 09:55:48.948 D/StrictMode( 2151): 	at android.app.ActivityThread.main(ActivityThread.java:6190)
09-01 09:55:48.948 D/StrictMode( 2151): 	at java.lang.reflect.Method.invoke(Native Method)
09-01 09:55:48.948 D/StrictMode( 2151): 	at com.android.internal.os.ZygoteInit$MethodAndArgsCaller.run(ZygoteInit.java:892)
09-01 09:55:48.948 D/StrictMode( 2151): 	at com.android.internal.os.ZygoteInit.main(ZygoteInit.java:782)
09-01 09:55:48.949 D/StrictMode( 2151): StrictMode policy violation; ~duration=795 ms: android.os.StrictMode$StrictModeDiskWriteViolation: policy=65567 violation=1
09-01 09:55:48.949 D/StrictMode( 2151): 	at android.os.StrictMode$AndroidBlockGuardPolicy.onWriteToDisk(StrictMode.java:1253)
09-01 09:55:48.949 D/StrictMode( 2151): 	at java.io.UnixFileSystem.rename(UnixFileSystem.java:321)
09-01 09:55:48.949 D/StrictMode( 2151): 	at java.io.File.renameTo(File.java:1326)
09-01 09:55:48.949 D/StrictMode( 2151): 	at android.app.SharedPreferencesImpl.writeToFile(SharedPreferencesImpl.java:619)
09-01 09:55:48.949 D/StrictMode( 2151): 	at android.app.SharedPreferencesImpl.-wrap2(SharedPreferencesImpl.java)
09-01 09:55:48.949 D/StrictMode( 2151): 	at android.app.SharedPreferencesImpl$2.run(SharedPreferencesImpl.java:535)
09-01 09:55:48.949 D/StrictMode( 2151): 	at android.app.SharedPreferencesImpl.enqueueDiskWrite(SharedPreferencesImpl.java:554)
09-01 09:55:48.949 D/StrictMode( 2151): 	at android.app.SharedPreferencesImpl.-wrap0(SharedPreferencesImpl.java)
09-01 09:55:48.949 D/StrictMode( 2151): 	at android.app.SharedPreferencesImpl$EditorImpl.commit(SharedPreferencesImpl.java:476)
09-01 09:55:48.949 D/StrictMode( 2151): 	at net.osmand.plus.AppInitializer.initVariables(AppInitializer.java:168)
09-01 09:55:48.949 D/StrictMode( 2151): 	at net.osmand.plus.OsmandApplication.onCreate(OsmandApplication.java:169)
09-01 09:55:48.949 D/StrictMode( 2151): 	at android.app.Instrumentation.callApplicationOnCreate(Instrumentation.java:1024)
09-01 09:55:48.949 D/StrictMode( 2151): 	at android.app.ActivityThread.handleBindApplication(ActivityThread.java:5474)
09-01 09:55:48.949 D/StrictMode( 2151): 	at android.app.ActivityThread.-wrap2(ActivityThread.java)
09-01 09:55:48.949 D/StrictMode( 2151): 	at android.app.ActivityThread$H.handleMessage(ActivityThread.java:1550)
09-01 09:55:48.949 D/StrictMode( 2151): 	at android.os.Handler.dispatchMessage(Handler.java:102)
09-01 09:55:48.949 D/StrictMode( 2151): 	at android.os.Looper.loop(Looper.java:154)
09-01 09:55:48.949 D/StrictMode( 2151): 	at android.app.ActivityThread.main(ActivityThread.java:6190)
09-01 09:55:48.949 D/StrictMode( 2151): 	at java.lang.reflect.Method.invoke(Native Method)
09-01 09:55:48.949 D/StrictMode( 2151): 	at com.android.internal.os.ZygoteInit$MethodAndArgsCaller.run(ZygoteInit.java:892)
09-01 09:55:48.949 D/StrictMode( 2151): 	at com.android.internal.os.ZygoteInit.main(ZygoteInit.java:782)
09-01 09:55:48.949 D/StrictMode( 2151): StrictMode policy violation; ~duration=794 ms: android.os.StrictMode$StrictModeDiskWriteViolation: policy=65567 violation=1
09-01 09:55:48.949 D/StrictMode( 2151): 	at android.os.StrictMode$AndroidBlockGuardPolicy.onWriteToDisk(StrictMode.java:1253)
09-01 09:55:48.949 D/StrictMode( 2151): 	at java.io.FileOutputStream.<init>(FileOutputStream.java:220)
09-01 09:55:48.949 D/StrictMode( 2151): 	at java.io.FileOutputStream.<init>(FileOutputStream.java:169)
09-01 09:55:48.949 D/StrictMode( 2151): 	at android.app.SharedPreferencesImpl.createFileOutputStream(SharedPreferencesImpl.java:569)
09-01 09:55:48.949 D/StrictMode( 2151): 	at android.app.SharedPreferencesImpl.writeToFile(SharedPreferencesImpl.java:634)
09-01 09:55:48.949 D/StrictMode( 2151): 	at android.app.SharedPreferencesImpl.-wrap2(SharedPreferencesImpl.java)
09-01 09:55:48.949 D/StrictMode( 2151): 	at android.app.SharedPreferencesImpl$2.run(SharedPreferencesImpl.java:535)
