09-01 09:55:43.038 I/HostConnection( 1282): HostConnection::HostConnection: pid=1282, tid=1997, this=0x7fffcbbd3060
09-01 09:55:43.040 I/        ( 1282): fastpipe: Connect success
09-01 09:55:43.041 D/HostConnection( 1282): HostRPC::connect sucess: app=system_server, pid=1282, tid=1997, this=0x7fffcbc60180
09-01 09:55:43.045 D/HostConnection( 1282): queryAndSetGLESMaxVersion select gles-version: 3.1 hostGLVersion:46 process:system_server
09-01 09:55:43.050 I/OpenGLRenderer( 1282): Initialized EGL, version 1.4
09-01 09:55:43.050 D/OpenGLRenderer( 1282): Swap behavior 1
09-01 09:55:43.051 I/EGL_adreno( 1282): eglCreateContext request GLES major-version=2
09-01 09:55:43.080 D/EGL_adreno( 1282): eglCreateContext: 0x7fffcb827e00: maj 3 min 1 rcv 4
09-01 09:55:43.153 D/EGL_adreno( 1282): eglMakeCurrent: 0x7fffcb827e00: ver 3 1 (tinfo 0x7fffccfa5f40)
09-01 09:55:43.194 E/EGL_adreno( 1282): tid 1997: eglSurfaceAttrib(1338): error 0x3009 (EGL_BAD_MATCH)
09-01 09:55:43.194 W/OpenGLRenderer( 1282): Failed to set EGL_SWAP_BEHAVIOR on surface 0x7fffccfe54c0, error=EGL_BAD_MATCH
09-01 09:55:43.199 D/EGL_adreno( 1282): eglMakeCurrent: 0x7fffcb827e00: ver 3 1 (tinfo 0x7fffccfa5f40)
09-01 09:55:43.475 W/ActivityManager( 1282): Activity pause timeout for ActivityRecord{8bab36c u0 net.osmand.plus/.osmo.OsMoGroupsActivity t3 f}
09-01 09:55:43.502 W/ContextImpl( 1676): Calling a method in the system process without a qualified user: android.app.ContextImpl.startService:1358 android.content.ContextWrapper.startService:613 android.content.ContextWrapper.startService:613 com.android.coreservice.CoreBroadcastReceiver.onReceive:44 android.app.ActivityThread.handleReceiver:3073 
09-01 09:55:43.522 W/ContextImpl( 1676): Calling a method in the system process without a qualified user: android.app.ContextImpl.startService:1358 android.content.ContextWrapper.startService:613 android.content.ContextWrapper.startService:613 com.android.coreservice.CoreBroadcastReceiver.onReceive:53 android.app.ActivityThread.handleReceiver:3073 
09-01 09:55:43.669 E/EGL_adreno( 1948): tid 1965: eglSurfaceAttrib(1338): error 0x3009 (EGL_BAD_MATCH)
09-01 09:55:43.669 W/OpenGLRenderer( 1948): Failed to set EGL_SWAP_BEHAVIOR on surface 0x7fffeb5e41c0, error=EGL_BAD_MATCH
09-01 09:55:43.671 D/EGL_adreno( 1948): eglMakeCurrent: 0x7fffeb43c820: ver 3 1 (tinfo 0x7fffeb40d4a0)
09-01 09:55:44.886 W/ActivityManager( 1282):   Force finishing activity net.osmand.plus/.activities.search.GeoIntentActivity
09-01 09:55:44.908 W/ActivityManager( 1282):   Force finishing activity net.osmand.plus/.osmo.OsMoGroupsActivity
09-01 09:55:44.910 I/ActivityManager( 1282): Killing 2107:net.osmand.plus/u0a54 (adj 900): crash
09-01 09:55:44.911 D/ActivityManager( 1282): cleanUpApplicationRecord -- 2107
09-01 09:55:44.911 D/EGL_adreno( 1282): eglMakeCurrent: 0x7fffcb827e00: ver 3 1 (tinfo 0x7fffccfa5f40)
09-01 09:55:44.915 W/ContextImpl( 1676): Calling a method in the system process without a qualified user: android.app.ContextImpl.startService:1358 android.content.ContextWrapper.startService:613 android.content.ContextWrapper.startService:613 com.android.coreservice.CoreBroadcastReceiver.onReceive:53 android.app.ActivityThread.handleReceiver:3073 
09-01 09:55:44.958 W/InputEventReceiver( 1282): Attempted to finish an input event but the input event receiver has already been disposed.
09-01 09:55:44.963 E/JavaBinder( 1282): !!! FAILED BINDER TRANSACTION !!!  (parcel size = 104)
09-01 09:55:44.965 W/InputMethodManagerService( 1282): Got RemoteException sending setActive(false) notification to pid 2107 uid 10054
09-01 09:55:44.967 E/JavaBinder( 1282): !!! FAILED BINDER TRANSACTION !!!  (parcel size = 108)
09-01 09:55:44.970 W/ContextImpl( 1676): Calling a method in the system process without a qualified user: android.app.ContextImpl.startService:1358 android.content.ContextWrapper.startService:613 android.content.ContextWrapper.startService:613 com.android.coreservice.CoreBroadcastReceiver.onReceive:69 android.app.ActivityThread.handleReceiver:3073 
09-01 09:55:44.975 W/ContextImpl( 1676): Calling a method in the system process without a qualified user: android.app.ContextImpl.startService:1358 android.content.ContextWrapper.startService:613 android.content.ContextWrapper.startService:613 com.android.coreservice.CoreBroadcastReceiver.onReceive:69 android.app.ActivityThread.handleReceiver:3073 
09-01 09:55:44.979 D/GraphicsStats( 1282): Buffer count: 6
09-01 09:55:44.982 I/HostConnection( 1282): HostConnection::~HostConnection, pid=1282, tid=1997, this=0x7fffcbbd3060, m_stream=0x7fffcbc60180
09-01 09:55:44.986 I/        ( 1282): fastpipe: close connect
09-01 09:55:45.241 W/AppOps  ( 1282): Finishing op nesting under-run: uid 1000 pkg android code 24 time=0 duration=0 nesting=0
09-01 09:55:46.072 I/ActivityManager( 1282): START u0 {cmp=net.osmand.plus/.activities.HelpActivity (has extras)} from uid 10064 on display 0
09-01 09:55:46.072 W/ActivityManager( 1282): Permission Denial: starting Intent { cmp=net.osmand.plus/.activities.HelpActivity (has extras) } from ProcessRecord{4ccee7c 1948:com.android.intentfuzzer/u0a64} (pid=1948, uid=10064) not exported from uid 10054
09-01 09:55:46.075 W/System.err( 1948): java.lang.Exception: Toast callstack! strTip=Send Intent Failed!
09-01 09:55:46.078 W/System.err( 1948): 	at android.widget.Toast.show(Toast.java:130)
09-01 09:55:46.078 W/System.err( 1948): 	at com.android.intentfuzzer.FuzzerActivity$4.onClick(FuzzerActivity.java:186)
09-01 09:55:46.078 W/System.err( 1948): 	at android.view.View.performClick(View.java:5637)
09-01 09:55:46.078 W/System.err( 1948): 	at android.view.View$PerformClick.run(View.java:22429)
09-01 09:55:46.078 W/System.err( 1948): 	at android.os.Handler.handleCallback(Handler.java:751)
09-01 09:55:46.078 W/System.err( 1948): 	at android.os.Handler.dispatchMessage(Handler.java:95)
09-01 09:55:46.078 W/System.err( 1948): 	at android.os.Looper.loop(Looper.java:154)
09-01 09:55:46.078 W/System.err( 1948): 	at android.app.ActivityThread.main(ActivityThread.java:6190)
09-01 09:55:46.078 W/System.err( 1948): 	at java.lang.reflect.Method.invoke(Native Method)
09-01 09:55:46.078 W/System.err( 1948): 	at com.android.internal.os.ZygoteInit$MethodAndArgsCaller.run(ZygoteInit.java:892)
09-01 09:55:46.078 W/System.err( 1948): 	at com.android.internal.os.ZygoteInit.main(ZygoteInit.java:782)
09-01 09:55:46.081 I/ActivityManager( 1282): START u0 {cmp=net.osmand.plus/.activities.ExitActivity (has extras)} from uid 10064 on display 0
09-01 09:55:46.081 W/ActivityManager( 1282): Permission Denial: starting Intent { cmp=net.osmand.plus/.activities.ExitActivity (has extras) } from ProcessRecord{4ccee7c 1948:com.android.intentfuzzer/u0a64} (pid=1948, uid=10064) not exported from uid 10054
09-01 09:55:46.082 W/System.err( 1948): java.lang.Exception: Toast callstack! strTip=Send Intent Failed!
09-01 09:55:46.082 W/System.err( 1948): 	at android.widget.Toast.show(Toast.java:130)
09-01 09:55:46.082 W/System.err( 1948): 	at com.android.intentfuzzer.FuzzerActivity$4.onClick(FuzzerActivity.java:186)
09-01 09:55:46.082 W/System.err( 1948): 	at android.view.View.performClick(View.java:5637)
09-01 09:55:46.082 W/System.err( 1948): 	at android.view.View$PerformClick.run(View.java:22429)
09-01 09:55:46.082 W/System.err( 1948): 	at android.os.Handler.handleCallback(Handler.java:751)
09-01 09:55:46.082 W/System.err( 1948): 	at android.os.Handler.dispatchMessage(Handler.java:95)
09-01 09:55:46.082 W/System.err( 1948): 	at android.os.Looper.loop(Looper.java:154)
09-01 09:55:46.082 W/System.err( 1948): 	at android.app.ActivityThread.main(ActivityThread.java:6190)
09-01 09:55:46.082 W/System.err( 1948): 	at java.lang.reflect.Method.invoke(Native Method)
09-01 09:55:46.082 W/System.err( 1948): 	at com.android.internal.os.ZygoteInit$MethodAndArgsCaller.run(ZygoteInit.java:892)
09-01 09:55:46.083 W/System.err( 1948): 	at com.android.internal.os.ZygoteInit.main(ZygoteInit.java:782)
09-01 09:55:46.084 I/ActivityManager( 1282): START u0 {cmp=net.osmand.plus/.activities.MapActivity (has extras)} from uid 10064 on display 0
09-01 09:55:46.093 W/System.err( 1948): java.lang.Exception: Toast callstack! strTip=Sent Serializeable Intent { cmp=net.osmand.plus/.activities.MapActivity (has extras) }
09-01 09:55:46.093 W/System.err( 1948): 	at android.widget.Toast.show(Toast.java:130)
09-01 09:55:46.093 W/System.err( 1948): 	at com.android.intentfuzzer.FuzzerActivity$4.onClick(FuzzerActivity.java:184)
09-01 09:55:46.093 W/System.err( 1948): 	at android.view.View.performClick(View.java:5637)
09-01 09:55:46.093 W/System.err( 1948): 	at android.view.View$PerformClick.run(View.java:22429)
09-01 09:55:46.093 W/System.err( 1948): 	at android.os.Handler.handleCallback(Handler.java:751)
09-01 09:55:46.093 W/System.err( 1948): 	at android.os.Handler.dispatchMessage(Handler.java:95)
09-01 09:55:46.093 W/System.err( 1948): 	at android.os.Looper.loop(Looper.java:154)
09-01 09:55:46.093 W/System.err( 1948): 	at android.app.ActivityThread.main(ActivityThread.java:6190)
09-01 09:55:46.093 W/System.err( 1948): 	at java.lang.reflect.Method.invoke(Native Method)
09-01 09:55:46.093 W/System.err( 1948): 	at com.android.internal.os.ZygoteInit$MethodAndArgsCaller.run(ZygoteInit.java:892)
09-01 09:55:46.093 W/System.err( 1948): 	at com.android.internal.os.ZygoteInit.main(ZygoteInit.java:782)
09-01 09:55:46.094 I/ActivityManager( 1282): START u0 {cmp=net.osmand.plus/.activities.SettingsActivity (has extras)} from uid 10064 on display 0
09-01 09:55:46.094 W/ActivityManager( 1282): Permission Denial: starting Intent { cmp=net.osmand.plus/.activities.SettingsActivity (has extras) } from ProcessRecord{4ccee7c 1948:com.android.intentfuzzer/u0a64} (pid=1948, uid=10064) not exported from uid 10054
09-01 09:55:46.095 W/ContextImpl( 1676): Calling a method in the system process without a qualified user: android.app.ContextImpl.startService:1358 android.content.ContextWrapper.startService:613 android.content.ContextWrapper.startService:613 com.android.coreservice.CoreBroadcastReceiver.onReceive:44 android.app.ActivityThread.handleReceiver:3073 
09-01 09:55:46.095 W/System.err( 1948): java.lang.Exception: Toast callstack! strTip=Send Intent Failed!
09-01 09:55:46.095 W/System.err( 1948): 	at android.widget.Toast.show(Toast.java:130)
09-01 09:55:46.095 W/System.err( 1948): 	at com.android.intentfuzzer.FuzzerActivity$4.onClick(FuzzerActivity.java:186)
09-01 09:55:46.095 W/System.err( 1948): 	at android.view.View.performClick(View.java:5637)
09-01 09:55:46.095 W/System.err( 1948): 	at android.view.View$PerformClick.run(View.java:22429)
09-01 09:55:46.095 W/System.err( 1948): 	at android.os.Handler.handleCallback(Handler.java:751)
09-01 09:55:46.095 W/System.err( 1948): 	at android.os.Handler.dispatchMessage(Handler.java:95)
09-01 09:55:46.095 W/System.err( 1948): 	at android.os.Looper.loop(Looper.java:154)
09-01 09:55:46.095 W/System.err( 1948): 	at android.app.ActivityThread.main(ActivityThread.java:6190)
09-01 09:55:46.095 W/System.err( 1948): 	at java.lang.reflect.Method.invoke(Native Method)
09-01 09:55:46.095 W/System.err( 1948): 	at com.android.internal.os.ZygoteInit$MethodAndArgsCaller.run(ZygoteInit.java:892)
09-01 09:55:46.095 W/System.err( 1948): 	at com.android.internal.os.ZygoteInit.main(ZygoteInit.java:782)
09-01 09:55:46.099 I/ActivityManager( 1282): START u0 {cmp=net.osmand.plus/.activities.SettingsGeneralActivity (has extras)} from uid 10064 on display 0
09-01 09:55:46.099 W/ActivityManager( 1282): Permission Denial: starting Intent { cmp=net.osmand.plus/.activities.SettingsGeneralActivity (has extras) } from ProcessRecord{4ccee7c 1948:com.android.intentfuzzer/u0a64} (pid=1948, uid=10064) not exported from uid 10054
09-01 09:55:46.101 W/System.err( 1948): java.lang.Exception: Toast callstack! strTip=Send Intent Failed!
09-01 09:55:46.101 W/System.err( 1948): 	at android.widget.Toast.show(Toast.java:130)
09-01 09:55:46.101 W/System.err( 1948): 	at com.android.intentfuzzer.FuzzerActivity$4.onClick(FuzzerActivity.java:186)
09-01 09:55:46.101 W/System.err( 1948): 	at android.view.View.performClick(View.java:5637)
09-01 09:55:46.101 W/System.err( 1948): 	at android.view.View$PerformClick.run(View.java:22429)
09-01 09:55:46.101 W/System.err( 1948): 	at android.os.Handler.handleCallback(Handler.java:751)
09-01 09:55:46.101 W/System.err( 1948): 	at android.os.Handler.dispatchMessage(Handler.java:95)
09-01 09:55:46.101 W/System.err( 1948): 	at android.os.Looper.loop(Looper.java:154)
09-01 09:55:46.101 W/System.err( 1948): 	at android.app.ActivityThread.main(ActivityThread.java:6190)
09-01 09:55:46.101 W/System.err( 1948): 	at java.lang.reflect.Method.invoke(Native Method)
09-01 09:55:46.101 W/System.err( 1948): 	at com.android.internal.os.ZygoteInit$MethodAndArgsCaller.run(ZygoteInit.java:892)
09-01 09:55:46.101 W/System.err( 1948): 	at com.android.internal.os.ZygoteInit.main(ZygoteInit.java:782)
09-01 09:55:46.103 I/ActivityManager( 1282): START u0 {cmp=net.osmand.plus/.activities.SettingsNavigationActivity (has extras)} from uid 10064 on display 0
09-01 09:55:46.103 W/ActivityManager( 1282): Permission Denial: starting Intent { cmp=net.osmand.plus/.activities.SettingsNavigationActivity (has extras) } from ProcessRecord{4ccee7c 1948:com.android.intentfuzzer/u0a64} (pid=1948, uid=10064) not exported from uid 10054
09-01 09:55:46.105 W/System.err( 1948): java.lang.Exception: Toast callstack! strTip=Send Intent Failed!
09-01 09:55:46.106 W/System.err( 1948): 	at android.widget.Toast.show(Toast.java:130)
09-01 09:55:46.106 W/System.err( 1948): 	at com.android.intentfuzzer.FuzzerActivity$4.onClick(FuzzerActivity.java:186)
09-01 09:55:46.106 W/System.err( 1948): 	at android.view.View.performClick(View.java:5637)
09-01 09:55:46.106 W/System.err( 1948): 	at android.view.View$PerformClick.run(View.java:22429)
09-01 09:55:46.106 W/System.err( 1948): 	at android.os.Handler.handleCallback(Handler.java:751)
09-01 09:55:46.106 W/System.err( 1948): 	at android.os.Handler.dispatchMessage(Handler.java:95)
09-01 09:55:46.106 W/System.err( 1948): 	at android.os.Looper.loop(Looper.java:154)
09-01 09:55:46.106 W/System.err( 1948): 	at android.app.ActivityThread.main(ActivityThread.java:6190)
09-01 09:55:46.106 W/System.err( 1948): 	at java.lang.reflect.Method.invoke(Native Method)
09-01 09:55:46.106 W/System.err( 1948): 	at com.android.internal.os.ZygoteInit$MethodAndArgsCaller.run(ZygoteInit.java:892)
09-01 09:55:46.106 W/System.err( 1948): 	at com.android.internal.os.ZygoteInit.main(ZygoteInit.java:782)
09-01 09:55:46.108 I/ActivityManager( 1282): START u0 {cmp=net.osmand.plus/.monitoring.SettingsMonitoringActivity (has extras)} from uid 10064 on display 0
09-01 09:55:46.108 W/ActivityManager( 1282): Permission Denial: starting Intent { cmp=net.osmand.plus/.monitoring.SettingsMonitoringActivity (has extras) } from ProcessRecord{4ccee7c 1948:com.android.intentfuzzer/u0a64} (pid=1948, uid=10064) not exported from uid 10054
09-01 09:55:46.110 W/System.err( 1948): java.lang.Exception: Toast callstack! strTip=Send Intent Failed!
09-01 09:55:46.110 W/System.err( 1948): 	at android.widget.Toast.show(Toast.java:130)
09-01 09:55:46.110 W/System.err( 1948): 	at com.android.intentfuzzer.FuzzerActivity$4.onClick(FuzzerActivity.java:186)
09-01 09:55:46.110 W/System.err( 1948): 	at android.view.View.performClick(View.java:5637)
09-01 09:55:46.110 W/System.err( 1948): 	at android.view.View$PerformClick.run(View.java:22429)
09-01 09:55:46.110 W/System.err( 1948): 	at android.os.Handler.handleCallback(Handler.java:751)
09-01 09:55:46.110 W/System.err( 1948): 	at android.os.Handler.dispatchMessage(Handler.java:95)
09-01 09:55:46.110 W/System.err( 1948): 	at android.os.Looper.loop(Looper.java:154)
09-01 09:55:46.110 W/System.err( 1948): 	at android.app.ActivityThread.main(ActivityThread.java:6190)
09-01 09:55:46.110 W/System.err( 1948): 	at java.lang.reflect.Method.invoke(Native Method)
09-01 09:55:46.110 W/System.err( 1948): 	at com.android.internal.os.ZygoteInit$MethodAndArgsCaller.run(ZygoteInit.java:892)
09-01 09:55:46.110 W/System.err( 1948): 	at com.android.internal.os.ZygoteInit.main(ZygoteInit.java:782)
09-01 09:55:46.112 I/ActivityManager( 1282): START u0 {cmp=net.osmand.plus/.rastermaps.SettingsRasterMapsActivity (has extras)} from uid 10064 on display 0
09-01 09:55:46.112 W/ActivityManager( 1282): Permission Denial: starting Intent { cmp=net.osmand.plus/.rastermaps.SettingsRasterMapsActivity (has extras) } from ProcessRecord{4ccee7c 1948:com.android.intentfuzzer/u0a64} (pid=1948, uid=10064) not exported from uid 10054
09-01 09:55:46.114 W/System.err( 1948): java.lang.Exception: Toast callstack! strTip=Send Intent Failed!
09-01 09:55:46.114 W/System.err( 1948): 	at android.widget.Toast.show(Toast.java:130)
09-01 09:55:46.114 W/System.err( 1948): 	at com.android.intentfuzzer.FuzzerActivity$4.onClick(FuzzerActivity.java:186)
09-01 09:55:46.114 W/System.err( 1948): 	at android.view.View.performClick(View.java:5637)
09-01 09:55:46.114 W/System.err( 1948): 	at android.view.View$PerformClick.run(View.java:22429)
09-01 09:55:46.114 W/System.err( 1948): 	at android.os.Handler.handleCallback(Handler.java:751)
09-01 09:55:46.114 W/System.err( 1948): 	at android.os.Handler.dispatchMessage(Handler.java:95)
09-01 09:55:46.114 W/System.err( 1948): 	at android.os.Looper.loop(Looper.java:154)
09-01 09:55:46.114 W/System.err( 1948): 	at android.app.ActivityThread.main(ActivityThread.java:6190)
09-01 09:55:46.114 W/System.err( 1948): 	at java.lang.reflect.Method.invoke(Native Method)
09-01 09:55:46.114 W/System.err( 1948): 	at com.android.internal.os.ZygoteInit$MethodAndArgsCaller.run(ZygoteInit.java:892)
09-01 09:55:46.114 W/System.err( 1948): 	at com.android.internal.os.ZygoteInit.main(ZygoteInit.java:782)
09-01 09:55:46.115 I/ActivityManager( 1282): START u0 {cmp=net.osmand.plus/.osmedit.SettingsOsmEditingActivity (has extras)} from uid 10064 on display 0
09-01 09:55:46.115 W/ActivityManager( 1282): Permission Denial: starting Intent { cmp=net.osmand.plus/.osmedit.SettingsOsmEditingActivity (has extras) } from ProcessRecord{4ccee7c 1948:com.android.intentfuzzer/u0a64} (pid=1948, uid=10064) not exported from uid 10054
09-01 09:55:46.117 W/System.err( 1948): java.lang.Exception: Toast callstack! strTip=Send Intent Failed!
09-01 09:55:46.117 W/System.err( 1948): 	at android.widget.Toast.show(Toast.java:130)
09-01 09:55:46.117 W/System.err( 1948): 	at com.android.intentfuzzer.FuzzerActivity$4.onClick(FuzzerActivity.java:186)
09-01 09:55:46.117 W/System.err( 1948): 	at android.view.View.performClick(View.java:5637)
09-01 09:55:46.117 W/System.err( 1948): 	at android.view.View$PerformClick.run(View.java:22429)
09-01 09:55:46.117 W/System.err( 1948): 	at android.os.Handler.handleCallback(Handler.java:751)
09-01 09:55:46.117 W/System.err( 1948): 	at android.os.Handler.dispatchMessage(Handler.java:95)
09-01 09:55:46.117 W/System.err( 1948): 	at android.os.Looper.loop(Looper.java:154)
09-01 09:55:46.117 W/System.err( 1948): 	at android.app.ActivityThread.main(ActivityThread.java:6190)
09-01 09:55:46.117 W/System.err( 1948): 	at java.lang.reflect.Method.invoke(Native Method)
09-01 09:55:46.117 W/System.err( 1948): 	at com.android.internal.os.ZygoteInit$MethodAndArgsCaller.run(ZygoteInit.java:892)
09-01 09:55:46.117 W/System.err( 1948): 	at com.android.internal.os.ZygoteInit.main(ZygoteInit.java:782)
09-01 09:55:46.121 I/ActivityManager( 1282): START u0 {cmp=net.osmand.plus/.development.SettingsDevelopmentActivity (has extras)} from uid 10064 on display 0
09-01 09:55:46.121 W/ActivityManager( 1282): Permission Denial: starting Intent { cmp=net.osmand.plus/.development.SettingsDevelopmentActivity (has extras) } from ProcessRecord{4ccee7c 1948:com.android.intentfuzzer/u0a64} (pid=1948, uid=10064) not exported from uid 10054
09-01 09:55:46.123 W/System.err( 1948): java.lang.Exception: Toast callstack! strTip=Send Intent Failed!
09-01 09:55:46.123 W/System.err( 1948): 	at android.widget.Toast.show(Toast.java:130)
09-01 09:55:46.123 W/System.err( 1948): 	at com.android.intentfuzzer.FuzzerActivity$4.onClick(FuzzerActivity.java:186)
09-01 09:55:46.123 W/System.err( 1948): 	at android.view.View.performClick(View.java:5637)
09-01 09:55:46.123 W/System.err( 1948): 	at android.view.View$PerformClick.run(View.java:22429)
09-01 09:55:46.123 W/System.err( 1948): 	at android.os.Handler.handleCallback(Handler.java:751)
09-01 09:55:46.123 W/System.err( 1948): 	at android.os.Handler.dispatchMessage(Handler.java:95)
09-01 09:55:46.123 W/System.err( 1948): 	at android.os.Looper.loop(Looper.java:154)
09-01 09:55:46.123 W/System.err( 1948): 	at android.app.ActivityThread.main(ActivityThread.java:6190)
09-01 09:55:46.123 W/System.err( 1948): 	at java.lang.reflect.Method.invoke(Native Method)
09-01 09:55:46.123 W/System.err( 1948): 	at com.android.internal.os.ZygoteInit$MethodAndArgsCaller.run(ZygoteInit.java:892)
09-01 09:55:46.123 W/System.err( 1948): 	at com.android.internal.os.ZygoteInit.main(ZygoteInit.java:782)
09-01 09:55:46.124 I/ActivityManager( 1282): START u0 {cmp=net.osmand.plus/.audionotes.SettingsAudioVideoActivity (has extras)} from uid 10064 on display 0
09-01 09:55:46.124 W/ActivityManager( 1282): Permission Denial: starting Intent { cmp=net.osmand.plus/.audionotes.SettingsAudioVideoActivity (has extras) } from ProcessRecord{4ccee7c 1948:com.android.intentfuzzer/u0a64} (pid=1948, uid=10064) not exported from uid 10054
09-01 09:55:46.125 W/System.err( 1948): java.lang.Exception: Toast callstack! strTip=Send Intent Failed!
09-01 09:55:46.125 W/System.err( 1948): 	at android.widget.Toast.show(Toast.java:130)
09-01 09:55:46.125 W/System.err( 1948): 	at com.android.intentfuzzer.FuzzerActivity$4.onClick(FuzzerActivity.java:186)
09-01 09:55:46.125 W/System.err( 1948): 	at android.view.View.performClick(View.java:5637)
09-01 09:55:46.125 W/System.err( 1948): 	at android.view.View$PerformClick.run(View.java:22429)
09-01 09:55:46.125 W/System.err( 1948): 	at android.os.Handler.handleCallback(Handler.java:751)
09-01 09:55:46.125 W/System.err( 1948): 	at android.os.Handler.dispatchMessage(Handler.java:95)
09-01 09:55:46.125 W/System.err( 1948): 	at android.os.Looper.loop(Looper.java:154)
09-01 09:55:46.125 W/System.err( 1948): 	at android.app.ActivityThread.main(ActivityThread.java:6190)
09-01 09:55:46.125 W/System.err( 1948): 	at java.lang.reflect.Method.invoke(Native Method)
09-01 09:55:46.125 W/System.err( 1948): 	at com.android.internal.os.ZygoteInit$MethodAndArgsCaller.run(ZygoteInit.java:892)
09-01 09:55:46.125 W/System.err( 1948): 	at com.android.internal.os.ZygoteInit.main(ZygoteInit.java:782)
09-01 09:55:46.126 I/ActivityManager( 1282): START u0 {cmp=net.osmand.plus/net.osmand.access.SettingsAccessibilityActivity (has extras)} from uid 10064 on display 0
09-01 09:55:46.126 W/ActivityManager( 1282): Permission Denial: starting Intent { cmp=net.osmand.plus/net.osmand.access.SettingsAccessibilityActivity (has extras) } from ProcessRecord{4ccee7c 1948:com.android.intentfuzzer/u0a64} (pid=1948, uid=10064) not exported from uid 10054
09-01 09:55:46.127 W/System.err( 1948): java.lang.Exception: Toast callstack! strTip=Send Intent Failed!
09-01 09:55:46.127 W/System.err( 1948): 	at android.widget.Toast.show(Toast.java:130)
09-01 09:55:46.127 W/System.err( 1948): 	at com.android.intentfuzzer.FuzzerActivity$4.onClick(FuzzerActivity.java:186)
09-01 09:55:46.127 W/System.err( 1948): 	at android.view.View.performClick(View.java:5637)
09-01 09:55:46.127 W/System.err( 1948): 	at android.view.View$PerformClick.run(View.java:22429)
09-01 09:55:46.127 W/System.err( 1948): 	at android.os.Handler.handleCallback(Handler.java:751)
09-01 09:55:46.127 W/System.err( 1948): 	at android.os.Handler.dispatchMessage(Handler.java:95)
09-01 09:55:46.127 W/System.err( 1948): 	at android.os.Looper.loop(Looper.java:154)
09-01 09:55:46.127 W/System.err( 1948): 	at android.app.ActivityThread.main(ActivityThread.java:6190)
09-01 09:55:46.127 W/System.err( 1948): 	at java.lang.reflect.Method.invoke(Native Method)
09-01 09:55:46.127 W/System.err( 1948): 	at com.android.internal.os.ZygoteInit$MethodAndArgsCaller.run(ZygoteInit.java:892)
09-01 09:55:46.127 W/System.err( 1948): 	at com.android.internal.os.ZygoteInit.main(ZygoteInit.java:782)
09-01 09:55:46.128 I/ActivityManager( 1282): START u0 {cmp=net.osmand.plus/.activities.search.SearchActivity (has extras)} from uid 10064 on display 0
09-01 09:55:46.130 W/ActivityManager( 1282): Permission Denial: starting Intent { cmp=net.osmand.plus/.activities.search.SearchActivity (has extras) } from ProcessRecord{4ccee7c 1948:com.android.intentfuzzer/u0a64} (pid=1948, uid=10064) not exported from uid 10054
09-01 09:55:46.131 W/System.err( 1948): java.lang.Exception: Toast callstack! strTip=Send Intent Failed!
09-01 09:55:46.131 W/System.err( 1948): 	at android.widget.Toast.show(Toast.java:130)
09-01 09:55:46.131 W/System.err( 1948): 	at com.android.intentfuzzer.FuzzerActivity$4.onClick(FuzzerActivity.java:186)
09-01 09:55:46.131 W/System.err( 1948): 	at android.view.View.performClick(View.java:5637)
09-01 09:55:46.131 W/System.err( 1948): 	at android.view.View$PerformClick.run(View.java:22429)
09-01 09:55:46.131 W/System.err( 1948): 	at android.os.Handler.handleCallback(Handler.java:751)
09-01 09:55:46.131 W/System.err( 1948): 	at android.os.Handler.dispatchMessage(Handler.java:95)
09-01 09:55:46.131 W/System.err( 1948): 	at android.os.Looper.loop(Looper.java:154)
09-01 09:55:46.131 W/System.err( 1948): 	at android.app.ActivityThread.main(ActivityThread.java:6190)
09-01 09:55:46.131 W/System.err( 1948): 	at java.lang.reflect.Method.invoke(Native Method)
09-01 09:55:46.131 W/System.err( 1948): 	at com.android.internal.os.ZygoteInit$MethodAndArgsCaller.run(ZygoteInit.java:892)
09-01 09:55:46.131 W/System.err( 1948): 	at com.android.internal.os.ZygoteInit.main(ZygoteInit.java:782)
09-01 09:55:46.132 D/audio_hw_hal( 1088): raw_start_output_stream, stream=0xf6e43140, sampleRate=48000, channel=2, bps=16, bufSize=4096
09-01 09:55:46.133 I/ActivityManager( 1282): START u0 {cmp=net.osmand.plus/.activities.FavoritesListActivity (has extras)} from uid 10064 on display 0
09-01 09:55:46.133 W/ActivityManager( 1282): Permission Denial: starting Intent { cmp=net.osmand.plus/.activities.FavoritesListActivity (has extras) } from ProcessRecord{4ccee7c 1948:com.android.intentfuzzer/u0a64} (pid=1948, uid=10064) not exported from uid 10054
09-01 09:55:46.135 W/System.err( 1948): java.lang.Exception: Toast callstack! strTip=Send Intent Failed!
09-01 09:55:46.135 W/System.err( 1948): 	at android.widget.Toast.show(Toast.java:130)
09-01 09:55:46.135 W/System.err( 1948): 	at com.android.intentfuzzer.FuzzerActivity$4.onClick(FuzzerActivity.java:186)
09-01 09:55:46.135 W/System.err( 1948): 	at android.view.View.performClick(View.java:5637)
09-01 09:55:46.135 W/System.err( 1948): 	at android.view.View$PerformClick.run(View.java:22429)
09-01 09:55:46.135 W/System.err( 1948): 	at android.os.Handler.handleCallback(Handler.java:751)
09-01 09:55:46.135 W/System.err( 1948): 	at android.os.Handler.dispatchMessage(Handler.java:95)
09-01 09:55:46.135 W/System.err( 1948): 	at android.os.Looper.loop(Looper.java:154)
09-01 09:55:46.135 W/System.err( 1948): 	at android.app.ActivityThread.main(ActivityThread.java:6190)
09-01 09:55:46.135 W/System.err( 1948): 	at java.lang.reflect.Method.invoke(Native Method)
09-01 09:55:46.135 W/System.err( 1948): 	at com.android.internal.os.ZygoteInit$MethodAndArgsCaller.run(ZygoteInit.java:892)
09-01 09:55:46.135 W/System.err( 1948): 	at com.android.internal.os.ZygoteInit.main(ZygoteInit.java:782)
09-01 09:55:46.136 I/ActivityManager( 1282): START u0 {cmp=net.osmand.plus/.myplaces.FavoritesActivity (has extras)} from uid 10064 on display 0
09-01 09:55:46.137 W/ActivityManager( 1282): Permission Denial: starting Intent { cmp=net.osmand.plus/.myplaces.FavoritesActivity (has extras) } from ProcessRecord{4ccee7c 1948:com.android.intentfuzzer/u0a64} (pid=1948, uid=10064) not exported from uid 10054
09-01 09:55:46.137 W/System.err( 1948): java.lang.Exception: Toast callstack! strTip=Send Intent Failed!
09-01 09:55:46.138 W/System.err( 1948): 	at android.widget.Toast.show(Toast.java:130)
09-01 09:55:46.138 W/System.err( 1948): 	at com.android.intentfuzzer.FuzzerActivity$4.onClick(FuzzerActivity.java:186)
09-01 09:55:46.138 W/System.err( 1948): 	at android.view.View.performClick(View.java:5637)
09-01 09:55:46.138 W/System.err( 1948): 	at android.view.View$PerformClick.run(View.java:22429)
09-01 09:55:46.138 W/System.err( 1948): 	at android.os.Handler.handleCallback(Handler.java:751)
09-01 09:55:46.138 W/System.err( 1948): 	at android.os.Handler.dispatchMessage(Handler.java:95)
09-01 09:55:46.138 W/System.err( 1948): 	at android.os.Looper.loop(Looper.java:154)
09-01 09:55:46.138 W/System.err( 1948): 	at android.app.ActivityThread.main(ActivityThread.java:6190)
09-01 09:55:46.138 W/System.err( 1948): 	at java.lang.reflect.Method.invoke(Native Method)
09-01 09:55:46.138 W/System.err( 1948): 	at com.android.internal.os.ZygoteInit$MethodAndArgsCaller.run(ZygoteInit.java:892)
09-01 09:55:46.138 W/System.err( 1948): 	at com.android.internal.os.ZygoteInit.main(ZygoteInit.java:782)
09-01 09:55:46.139 I/ActivityManager( 1282): START u0 {cmp=net.osmand.plus/.activities.TrackActivity (has extras)} from uid 10064 on display 0
09-01 09:55:46.139 W/ActivityManager( 1282): Permission Denial: starting Intent { cmp=net.osmand.plus/.activities.TrackActivity (has extras) } from ProcessRecord{4ccee7c 1948:com.android.intentfuzzer/u0a64} (pid=1948, uid=10064) not exported from uid 10054
09-01 09:55:46.141 W/System.err( 1948): java.lang.Exception: Toast callstack! strTip=Send Intent Failed!
09-01 09:55:46.141 W/System.err( 1948): 	at android.widget.Toast.show(Toast.java:130)
09-01 09:55:46.141 W/System.err( 1948): 	at com.android.intentfuzzer.FuzzerActivity$4.onClick(FuzzerActivity.java:186)
09-01 09:55:46.141 W/System.err( 1948): 	at android.view.View.performClick(View.java:5637)
09-01 09:55:46.141 W/System.err( 1948): 	at android.view.View$PerformClick.run(View.java:22429)
09-01 09:55:46.141 W/System.err( 1948): 	at android.os.Handler.handleCallback(Handler.java:751)
09-01 09:55:46.141 W/System.err( 1948): 	at android.os.Handler.dispatchMessage(Handler.java:95)
09-01 09:55:46.141 W/System.err( 1948): 	at android.os.Looper.loop(Looper.java:154)
09-01 09:55:46.141 W/System.err( 1948): 	at android.app.ActivityThread.main(ActivityThread.java:6190)
09-01 09:55:46.141 W/System.err( 1948): 	at java.lang.reflect.Method.invoke(Native Method)
09-01 09:55:46.141 W/System.err( 1948): 	at com.android.internal.os.ZygoteInit$MethodAndArgsCaller.run(ZygoteInit.java:892)
09-01 09:55:46.141 W/System.err( 1948): 	at com.android.internal.os.ZygoteInit.main(ZygoteInit.java:782)
09-01 09:55:46.143 I/ActivityManager( 1282): START u0 {cmp=net.osmand.plus/.activities.PluginsActivity (has extras)} from uid 10064 on display 0
09-01 09:55:46.143 W/ActivityManager( 1282): Permission Denial: starting Intent { cmp=net.osmand.plus/.activities.PluginsActivity (has extras) } from ProcessRecord{4ccee7c 1948:com.android.intentfuzzer/u0a64} (pid=1948, uid=10064) not exported from uid 10054
09-01 09:55:46.144 W/System.err( 1948): java.lang.Exception: Toast callstack! strTip=Send Intent Failed!
09-01 09:55:46.144 W/System.err( 1948): 	at android.widget.Toast.show(Toast.java:130)
09-01 09:55:46.144 W/System.err( 1948): 	at com.android.intentfuzzer.FuzzerActivity$4.onClick(FuzzerActivity.java:186)
09-01 09:55:46.144 W/System.err( 1948): 	at android.view.View.performClick(View.java:5637)
09-01 09:55:46.144 W/System.err( 1948): 	at android.view.View$PerformClick.run(View.java:22429)
09-01 09:55:46.144 W/System.err( 1948): 	at android.os.Handler.handleCallback(Handler.java:751)
09-01 09:55:46.144 W/System.err( 1948): 	at android.os.Handler.dispatchMessage(Handler.java:95)
09-01 09:55:46.144 W/System.err( 1948): 	at android.os.Looper.loop(Looper.java:154)
09-01 09:55:46.144 W/System.err( 1948): 	at android.app.ActivityThread.main(ActivityThread.java:6190)
09-01 09:55:46.144 W/System.err( 1948): 	at java.lang.reflect.Method.invoke(Native Method)
09-01 09:55:46.144 W/System.err( 1948): 	at com.android.internal.os.ZygoteInit$MethodAndArgsCaller.run(ZygoteInit.java:892)
09-01 09:55:46.144 W/System.err( 1948): 	at com.android.internal.os.ZygoteInit.main(ZygoteInit.java:782)
09-01 09:55:46.145 I/ActivityManager( 1282): START u0 {cmp=net.osmand.plus/.activities.PluginActivity (has extras)} from uid 10064 on display 0
09-01 09:55:46.145 W/ActivityManager( 1282): Permission Denial: starting Intent { cmp=net.osmand.plus/.activities.PluginActivity (has extras) } from ProcessRecord{4ccee7c 1948:com.android.intentfuzzer/u0a64} (pid=1948, uid=10064) not exported from uid 10054
09-01 09:55:46.147 W/System.err( 1948): java.lang.Exception: Toast callstack! strTip=Send Intent Failed!
09-01 09:55:46.147 W/System.err( 1948): 	at android.widget.Toast.show(Toast.java:130)
09-01 09:55:46.147 W/System.err( 1948): 	at com.android.intentfuzzer.FuzzerActivity$4.onClick(FuzzerActivity.java:186)
09-01 09:55:46.147 W/System.err( 1948): 	at android.view.View.performClick(View.java:5637)
09-01 09:55:46.147 W/System.err( 1948): 	at android.view.View$PerformClick.run(View.java:22429)
09-01 09:55:46.147 W/System.err( 1948): 	at android.os.Handler.handleCallback(Handler.java:751)
09-01 09:55:46.147 W/System.err( 1948): 	at android.os.Handler.dispatchMessage(Handler.java:95)
09-01 09:55:46.147 W/System.err( 1948): 	at android.os.Looper.loop(Looper.java:154)
09-01 09:55:46.147 W/System.err( 1948): 	at android.app.ActivityThread.main(ActivityThread.java:6190)
09-01 09:55:46.147 W/System.err( 1948): 	at java.lang.reflect.Method.invoke(Native Method)
09-01 09:55:46.147 W/System.err( 1948): 	at com.android.internal.os.ZygoteInit$MethodAndArgsCaller.run(ZygoteInit.java:892)
09-01 09:55:46.147 W/System.err( 1948): 	at com.android.internal.os.ZygoteInit.main(ZygoteInit.java:782)
09-01 09:55:46.148 I/ActivityManager( 1282): START u0 {cmp=net.osmand.plus/.activities.ContributionVersionActivity (has extras)} from uid 10064 on display 0
09-01 09:55:46.148 W/ActivityManager( 1282): Permission Denial: starting Intent { cmp=net.osmand.plus/.activities.ContributionVersionActivity (has extras) } from ProcessRecord{4ccee7c 1948:com.android.intentfuzzer/u0a64} (pid=1948, uid=10064) not exported from uid 10054
09-01 09:55:46.149 W/System.err( 1948): java.lang.Exception: Toast callstack! strTip=Send Intent Failed!
09-01 09:55:46.149 W/System.err( 1948): 	at android.widget.Toast.show(Toast.java:130)
09-01 09:55:46.149 W/System.err( 1948): 	at com.android.intentfuzzer.FuzzerActivity$4.onClick(FuzzerActivity.java:186)
09-01 09:55:46.149 W/System.err( 1948): 	at android.view.View.performClick(View.java:5637)
09-01 09:55:46.149 W/System.err( 1948): 	at android.view.View$PerformClick.run(View.java:22429)
09-01 09:55:46.149 W/System.err( 1948): 	at android.os.Handler.handleCallback(Handler.java:751)
09-01 09:55:46.149 W/System.err( 1948): 	at android.os.Handler.dispatchMessage(Handler.java:95)
09-01 09:55:46.149 W/System.err( 1948): 	at android.os.Looper.loop(Looper.java:154)
09-01 09:55:46.149 W/System.err( 1948): 	at android.app.ActivityThread.main(ActivityThread.java:6190)
09-01 09:55:46.149 W/System.err( 1948): 	at java.lang.reflect.Method.invoke(Native Method)
09-01 09:55:46.149 W/System.err( 1948): 	at com.android.internal.os.ZygoteInit$MethodAndArgsCaller.run(ZygoteInit.java:892)
09-01 09:55:46.149 W/System.err( 1948): 	at com.android.internal.os.ZygoteInit.main(ZygoteInit.java:782)
09-01 09:55:46.151 I/ActivityManager( 1282): START u0 {cmp=net.osmand.plus/.osmo.SettingsOsMoActivity (has extras)} from uid 10064 on display 0
09-01 09:55:46.151 W/ActivityManager( 1282): Permission Denial: starting Intent { cmp=net.osmand.plus/.osmo.SettingsOsMoActivity (has extras) } from ProcessRecord{4ccee7c 1948:com.android.intentfuzzer/u0a64} (pid=1948, uid=10064) not exported from uid 10054
09-01 09:55:46.152 W/System.err( 1948): java.lang.Exception: Toast callstack! strTip=Send Intent Failed!
09-01 09:55:46.152 W/System.err( 1948): 	at android.widget.Toast.show(Toast.java:130)
09-01 09:55:46.152 W/System.err( 1948): 	at com.android.intentfuzzer.FuzzerActivity$4.onClick(FuzzerActivity.java:186)
09-01 09:55:46.152 W/System.err( 1948): 	at android.view.View.performClick(View.java:5637)
09-01 09:55:46.152 W/System.err( 1948): 	at android.view.View$PerformClick.run(View.java:22429)
09-01 09:55:46.153 W/System.err( 1948): 	at android.os.Handler.handleCallback(Handler.java:751)
09-01 09:55:46.153 W/System.err( 1948): 	at android.os.Handler.dispatchMessage(Handler.java:95)
09-01 09:55:46.153 W/System.err( 1948): 	at android.os.Looper.loop(Looper.java:154)
09-01 09:55:46.153 W/System.err( 1948): 	at android.app.ActivityThread.main(ActivityThread.java:6190)
09-01 09:55:46.153 W/System.err( 1948): 	at java.lang.reflect.Method.invoke(Native Method)
09-01 09:55:46.153 W/System.err( 1948): 	at com.android.internal.os.ZygoteInit$MethodAndArgsCaller.run(ZygoteInit.java:892)
09-01 09:55:46.153 W/System.err( 1948): 	at com.android.internal.os.ZygoteInit.main(ZygoteInit.java:782)
09-01 09:55:46.156 I/ActivityManager( 1282): START u0 {cmp=net.osmand.plus/.osmo.OsMoGroupsActivity (has extras)} from uid 10064 on display 0
09-01 09:55:46.163 W/System.err( 1948): java.lang.Exception: Toast callstack! strTip=Sent Serializeable Intent { cmp=net.osmand.plus/.osmo.OsMoGroupsActivity (has extras) }
09-01 09:55:46.163 W/System.err( 1948): 	at android.widget.Toast.show(Toast.java:130)
09-01 09:55:46.163 W/System.err( 1948): 	at com.android.intentfuzzer.FuzzerActivity$4.onClick(FuzzerActivity.java:184)
09-01 09:55:46.163 W/System.err( 1948): 	at android.view.View.performClick(View.java:5637)
09-01 09:55:46.163 W/System.err( 1948): 	at android.view.View$PerformClick.run(View.java:22429)
09-01 09:55:46.163 W/System.err( 1948): 	at android.os.Handler.handleCallback(Handler.java:751)
09-01 09:55:46.163 W/System.err( 1948): 	at android.os.Handler.dispatchMessage(Handler.java:95)
09-01 09:55:46.163 W/System.err( 1948): 	at android.os.Looper.loop(Looper.java:154)
09-01 09:55:46.163 W/System.err( 1948): 	at android.app.ActivityThread.main(ActivityThread.java:6190)
09-01 09:55:46.163 W/System.err( 1948): 	at java.lang.reflect.Method.invoke(Native Method)
09-01 09:55:46.163 W/System.err( 1948): 	at com.android.internal.os.ZygoteInit$MethodAndArgsCaller.run(ZygoteInit.java:892)
09-01 09:55:46.163 W/System.err( 1948): 	at com.android.internal.os.ZygoteInit.main(ZygoteInit.java:782)
09-01 09:55:46.164 W/ContextImpl( 1676): Calling a method in the system process without a qualified user: android.app.ContextImpl.startService:1358 android.content.ContextWrapper.startService:613 android.content.ContextWrapper.startService:613 com.android.coreservice.CoreBroadcastReceiver.onReceive:44 android.app.ActivityThread.handleReceiver:3073 
09-01 09:55:46.164 I/ActivityManager( 1282): START u0 {cmp=net.osmand.plus/.activities.search.SearchPOIActivity (has extras)} from uid 10064 on display 0
09-01 09:55:46.164 W/ActivityManager( 1282): Permission Denial: starting Intent { cmp=net.osmand.plus/.activities.search.SearchPOIActivity (has extras) } from ProcessRecord{4ccee7c 1948:com.android.intentfuzzer/u0a64} (pid=1948, uid=10064) not exported from uid 10054
09-01 09:55:46.165 W/System.err( 1948): java.lang.Exception: Toast callstack! strTip=Send Intent Failed!
09-01 09:55:46.165 W/System.err( 1948): 	at android.widget.Toast.show(Toast.java:130)
09-01 09:55:46.165 W/System.err( 1948): 	at com.android.intentfuzzer.FuzzerActivity$4.onClick(FuzzerActivity.java:186)
09-01 09:55:46.165 W/System.err( 1948): 	at android.view.View.performClick(View.java:5637)
09-01 09:55:46.165 W/System.err( 1948): 	at android.view.View$PerformClick.run(View.java:22429)
09-01 09:55:46.165 W/System.err( 1948): 	at android.os.Handler.handleCallback(Handler.java:751)
09-01 09:55:46.165 W/System.err( 1948): 	at android.os.Handler.dispatchMessage(Handler.java:95)
09-01 09:55:46.165 W/System.err( 1948): 	at android.os.Looper.loop(Looper.java:154)
09-01 09:55:46.165 W/System.err( 1948): 	at android.app.ActivityThread.main(ActivityThread.java:6190)
09-01 09:55:46.165 W/System.err( 1948): 	at java.lang.reflect.Method.invoke(Native Method)
09-01 09:55:46.165 W/System.err( 1948): 	at com.android.internal.os.ZygoteInit$MethodAndArgsCaller.run(ZygoteInit.java:892)
09-01 09:55:46.165 W/System.err( 1948): 	at com.android.internal.os.ZygoteInit.main(ZygoteInit.java:782)
09-01 09:55:46.166 I/ActivityManager( 1282): START u0 {cmp=net.osmand.plus/.activities.search.SearchAddressActivity (has extras)} from uid 10064 on display 0
09-01 09:55:46.166 W/ActivityManager( 1282): Permission Denial: starting Intent { cmp=net.osmand.plus/.activities.search.SearchAddressActivity (has extras) } from ProcessRecord{4ccee7c 1948:com.android.intentfuzzer/u0a64} (pid=1948, uid=10064) not exported from uid 10054
09-01 09:55:46.167 W/ContextImpl( 1676): Calling a method in the system process without a qualified user: android.app.ContextImpl.startService:1358 android.content.ContextWrapper.startService:613 android.content.ContextWrapper.startService:613 com.android.coreservice.CoreBroadcastReceiver.onReceive:44 android.app.ActivityThread.handleReceiver:3073 
09-01 09:55:46.170 W/System.err( 1948): java.lang.Exception: Toast callstack! strTip=Send Intent Failed!
09-01 09:55:46.170 W/System.err( 1948): 	at android.widget.Toast.show(Toast.java:130)
09-01 09:55:46.170 W/System.err( 1948): 	at com.android.intentfuzzer.FuzzerActivity$4.onClick(FuzzerActivity.java:186)
09-01 09:55:46.170 W/System.err( 1948): 	at android.view.View.performClick(View.java:5637)
09-01 09:55:46.170 W/System.err( 1948): 	at android.view.View$PerformClick.run(View.java:22429)
09-01 09:55:46.170 W/System.err( 1948): 	at android.os.Handler.handleCallback(Handler.java:751)
09-01 09:55:46.170 W/System.err( 1948): 	at android.os.Handler.dispatchMessage(Handler.java:95)
09-01 09:55:46.170 W/System.err( 1948): 	at android.os.Looper.loop(Looper.java:154)
09-01 09:55:46.170 W/System.err( 1948): 	at android.app.ActivityThread.main(ActivityThread.java:6190)
09-01 09:55:46.170 W/System.err( 1948): 	at java.lang.reflect.Method.invoke(Native Method)
09-01 09:55:46.171 W/System.err( 1948): 	at com.android.internal.os.ZygoteInit$MethodAndArgsCaller.run(ZygoteInit.java:892)
09-01 09:55:46.171 W/System.err( 1948): 	at com.android.internal.os.ZygoteInit.main(ZygoteInit.java:782)
09-01 09:55:46.187 I/ActivityManager( 1282): START u0 {cmp=net.osmand.plus/.activities.search.SearchCityByNameActivity (has extras)} from uid 10064 on display 0
09-01 09:55:46.187 W/ActivityManager( 1282): Permission Denial: starting Intent { cmp=net.osmand.plus/.activities.search.SearchCityByNameActivity (has extras) } from ProcessRecord{4ccee7c 1948:com.android.intentfuzzer/u0a64} (pid=1948, uid=10064) not exported from uid 10054
09-01 09:55:46.189 W/System.err( 1948): java.lang.Exception: Toast callstack! strTip=Send Intent Failed!
09-01 09:55:46.189 W/System.err( 1948): 	at android.widget.Toast.show(Toast.java:130)
09-01 09:55:46.189 W/System.err( 1948): 	at com.android.intentfuzzer.FuzzerActivity$4.onClick(FuzzerActivity.java:186)
09-01 09:55:46.189 W/System.err( 1948): 	at android.view.View.performClick(View.java:5637)
09-01 09:55:46.189 W/System.err( 1948): 	at android.view.View$PerformClick.run(View.java:22429)
09-01 09:55:46.189 W/System.err( 1948): 	at android.os.Handler.handleCallback(Handler.java:751)
09-01 09:55:46.189 W/System.err( 1948): 	at android.os.Handler.dispatchMessage(Handler.java:95)
09-01 09:55:46.189 W/System.err( 1948): 	at android.os.Looper.loop(Looper.java:154)
09-01 09:55:46.189 W/System.err( 1948): 	at android.app.ActivityThread.main(ActivityThread.java:6190)
09-01 09:55:46.189 W/System.err( 1948): 	at java.lang.reflect.Method.invoke(Native Method)
09-01 09:55:46.189 W/System.err( 1948): 	at com.android.internal.os.ZygoteInit$MethodAndArgsCaller.run(ZygoteInit.java:892)
09-01 09:55:46.189 W/System.err( 1948): 	at com.android.internal.os.ZygoteInit.main(ZygoteInit.java:782)
09-01 09:55:46.192 I/ActivityManager( 1282): START u0 {cmp=net.osmand.plus/.activities.search.SearchRegionByNameActivity (has extras)} from uid 10064 on display 0
09-01 09:55:46.192 W/ActivityManager( 1282): Permission Denial: starting Intent { cmp=net.osmand.plus/.activities.search.SearchRegionByNameActivity (has extras) } from ProcessRecord{4ccee7c 1948:com.android.intentfuzzer/u0a64} (pid=1948, uid=10064) not exported from uid 10054
09-01 09:55:46.193 W/System.err( 1948): java.lang.Exception: Toast callstack! strTip=Send Intent Failed!
09-01 09:55:46.194 W/System.err( 1948): 	at android.widget.Toast.show(Toast.java:130)
09-01 09:55:46.194 W/System.err( 1948): 	at com.android.intentfuzzer.FuzzerActivity$4.onClick(FuzzerActivity.java:186)
09-01 09:55:46.194 W/System.err( 1948): 	at android.view.View.performClick(View.java:5637)
09-01 09:55:46.194 W/System.err( 1948): 	at android.view.View$PerformClick.run(View.java:22429)
09-01 09:55:46.194 W/System.err( 1948): 	at android.os.Handler.handleCallback(Handler.java:751)
09-01 09:55:46.194 W/System.err( 1948): 	at android.os.Handler.dispatchMessage(Handler.java:95)
09-01 09:55:46.194 W/System.err( 1948): 	at android.os.Looper.loop(Looper.java:154)
09-01 09:55:46.194 W/System.err( 1948): 	at android.app.ActivityThread.main(ActivityThread.java:6190)
09-01 09:55:46.194 W/System.err( 1948): 	at java.lang.reflect.Method.invoke(Native Method)
09-01 09:55:46.194 W/System.err( 1948): 	at com.android.internal.os.ZygoteInit$MethodAndArgsCaller.run(ZygoteInit.java:892)
09-01 09:55:46.194 W/System.err( 1948): 	at com.android.internal.os.ZygoteInit.main(ZygoteInit.java:782)
09-01 09:55:46.196 I/ActivityManager( 1282): START u0 {cmp=net.osmand.plus/.activities.search.SearchStreetByNameActivity (has extras)} from uid 10064 on display 0
09-01 09:55:46.196 W/ActivityManager( 1282): Permission Denial: starting Intent { cmp=net.osmand.plus/.activities.search.SearchStreetByNameActivity (has extras) } from ProcessRecord{4ccee7c 1948:com.android.intentfuzzer/u0a64} (pid=1948, uid=10064) not exported from uid 10054
09-01 09:55:46.198 W/System.err( 1948): java.lang.Exception: Toast callstack! strTip=Send Intent Failed!
09-01 09:55:46.199 W/System.err( 1948): 	at android.widget.Toast.show(Toast.java:130)
09-01 09:55:46.199 W/System.err( 1948): 	at com.android.intentfuzzer.FuzzerActivity$4.onClick(FuzzerActivity.java:186)
09-01 09:55:46.199 W/System.err( 1948): 	at android.view.View.performClick(View.java:5637)
09-01 09:55:46.199 W/System.err( 1948): 	at android.view.View$PerformClick.run(View.java:22429)
09-01 09:55:46.199 W/System.err( 1948): 	at android.os.Handler.handleCallback(Handler.java:751)
09-01 09:55:46.199 W/System.err( 1948): 	at android.os.Handler.dispatchMessage(Handler.java:95)
09-01 09:55:46.199 W/System.err( 1948): 	at android.os.Looper.loop(Looper.java:154)
09-01 09:55:46.199 W/System.err( 1948): 	at android.app.ActivityThread.main(ActivityThread.java:6190)
09-01 09:55:46.199 W/System.err( 1948): 	at java.lang.reflect.Method.invoke(Native Method)
09-01 09:55:46.199 W/System.err( 1948): 	at com.android.internal.os.ZygoteInit$MethodAndArgsCaller.run(ZygoteInit.java:892)
09-01 09:55:46.199 W/System.err( 1948): 	at com.android.internal.os.ZygoteInit.main(ZygoteInit.java:782)
09-01 09:55:46.205 I/ActivityManager( 1282): START u0 {cmp=net.osmand.plus/.activities.search.SearchStreet2ByNameActivity (has extras)} from uid 10064 on display 0
09-01 09:55:46.205 W/ActivityManager( 1282): Permission Denial: starting Intent { cmp=net.osmand.plus/.activities.search.SearchStreet2ByNameActivity (has extras) } from ProcessRecord{4ccee7c 1948:com.android.intentfuzzer/u0a64} (pid=1948, uid=10064) not exported from uid 10054
09-01 09:55:46.206 W/System.err( 1948): java.lang.Exception: Toast callstack! strTip=Send Intent Failed!
09-01 09:55:46.207 W/System.err( 1948): 	at android.widget.Toast.show(Toast.java:130)
09-01 09:55:46.207 W/System.err( 1948): 	at com.android.intentfuzzer.FuzzerActivity$4.onClick(FuzzerActivity.java:186)
09-01 09:55:46.207 W/System.err( 1948): 	at android.view.View.performClick(View.java:5637)
09-01 09:55:46.207 W/System.err( 1948): 	at android.view.View$PerformClick.run(View.java:22429)
09-01 09:55:46.207 W/System.err( 1948): 	at android.os.Handler.handleCallback(Handler.java:751)
09-01 09:55:46.207 W/System.err( 1948): 	at android.os.Handler.dispatchMessage(Handler.java:95)
09-01 09:55:46.207 W/System.err( 1948): 	at android.os.Looper.loop(Looper.java:154)
09-01 09:55:46.207 W/System.err( 1948): 	at android.app.ActivityThread.main(ActivityThread.java:6190)
09-01 09:55:46.207 W/System.err( 1948): 	at java.lang.reflect.Method.invoke(Native Method)
09-01 09:55:46.207 W/System.err( 1948): 	at com.android.internal.os.ZygoteInit$MethodAndArgsCaller.run(ZygoteInit.java:892)
09-01 09:55:46.207 W/System.err( 1948): 	at com.android.internal.os.ZygoteInit.main(ZygoteInit.java:782)
09-01 09:55:46.209 I/ActivityManager( 1282): START u0 {cmp=net.osmand.plus/.activities.search.SearchBuildingByNameActivity (has extras)} from uid 10064 on display 0
09-01 09:55:46.209 W/ActivityManager( 1282): Permission Denial: starting Intent { cmp=net.osmand.plus/.activities.search.SearchBuildingByNameActivity (has extras) } from ProcessRecord{4ccee7c 1948:com.android.intentfuzzer/u0a64} (pid=1948, uid=10064) not exported from uid 10054
09-01 09:55:46.212 W/System.err( 1948): java.lang.Exception: Toast callstack! strTip=Send Intent Failed!
09-01 09:55:46.212 W/System.err( 1948): 	at android.widget.Toast.show(Toast.java:130)
09-01 09:55:46.212 W/System.err( 1948): 	at com.android.intentfuzzer.FuzzerActivity$4.onClick(FuzzerActivity.java:186)
