08-31 14:31:07.355 W/System.err( 2305): 	at android.view.View$PerformClick.run(View.java:22429)
08-31 14:31:07.356 W/System.err( 2305): 	at android.os.Handler.handleCallback(Handler.java:751)
08-31 14:31:07.357 W/System.err( 2305): 	at android.os.Handler.dispatchMessage(Handler.java:95)
08-31 14:31:07.357 W/System.err( 2305): 	at android.os.Looper.loop(Looper.java:154)
08-31 14:31:07.357 W/System.err( 2305): 	at android.app.ActivityThread.main(ActivityThread.java:6190)
08-31 14:31:07.357 W/System.err( 2305): 	at java.lang.reflect.Method.invoke(Native Method)
08-31 14:31:07.357 W/System.err( 2305): 	at com.android.internal.os.ZygoteInit$MethodAndArgsCaller.run(ZygoteInit.java:892)
08-31 14:31:07.357 W/System.err( 2305): 	at com.android.internal.os.ZygoteInit.main(ZygoteInit.java:782)
08-31 14:31:07.376 I/ActivityManager( 1283): START u0 {cmp=net.mabako.steamgifts/.activities.WebViewActivity (has extras)} from uid 10064 on display 0
08-31 14:31:07.376 W/ActivityManager( 1283): Permission Denial: starting Intent { cmp=net.mabako.steamgifts/.activities.WebViewActivity (has extras) } from ProcessRecord{6d7369d 2305:com.android.intentfuzzer/u0a64} (pid=2305, uid=10064) not exported from uid 10053
08-31 14:31:07.377 W/System.err( 2305): java.lang.Exception: Toast callstack! strTip=Send Intent Failed!
08-31 14:31:07.378 W/System.err( 2305): 	at android.widget.Toast.show(Toast.java:130)
08-31 14:31:07.378 W/System.err( 2305): 	at com.android.intentfuzzer.FuzzerActivity$4.onClick(FuzzerActivity.java:186)
08-31 14:31:07.378 W/System.err( 2305): 	at android.view.View.performClick(View.java:5637)
08-31 14:31:07.378 W/System.err( 2305): 	at android.view.View$PerformClick.run(View.java:22429)
08-31 14:31:07.378 W/System.err( 2305): 	at android.os.Handler.handleCallback(Handler.java:751)
08-31 14:31:07.378 W/System.err( 2305): 	at android.os.Handler.dispatchMessage(Handler.java:95)
08-31 14:31:07.378 W/System.err( 2305): 	at android.os.Looper.loop(Looper.java:154)
08-31 14:31:07.378 W/System.err( 2305): 	at android.app.ActivityThread.main(ActivityThread.java:6190)
08-31 14:31:07.378 W/System.err( 2305): 	at java.lang.reflect.Method.invoke(Native Method)
08-31 14:31:07.378 W/System.err( 2305): 	at com.android.internal.os.ZygoteInit$MethodAndArgsCaller.run(ZygoteInit.java:892)
08-31 14:31:07.378 W/System.err( 2305): 	at com.android.internal.os.ZygoteInit.main(ZygoteInit.java:782)
08-31 14:31:07.380 I/ActivityManager( 1283): START u0 {cmp=net.mabako.steamgifts/.activities.SyncActivity (has extras)} from uid 10064 on display 0
08-31 14:31:07.380 W/ActivityManager( 1283): Permission Denial: starting Intent { cmp=net.mabako.steamgifts/.activities.SyncActivity (has extras) } from ProcessRecord{6d7369d 2305:com.android.intentfuzzer/u0a64} (pid=2305, uid=10064) not exported from uid 10053
08-31 14:31:07.381 W/System.err( 2305): java.lang.Exception: Toast callstack! strTip=Send Intent Failed!
08-31 14:31:07.381 W/System.err( 2305): 	at android.widget.Toast.show(Toast.java:130)
08-31 14:31:07.381 W/System.err( 2305): 	at com.android.intentfuzzer.FuzzerActivity$4.onClick(FuzzerActivity.java:186)
08-31 14:31:07.381 W/System.err( 2305): 	at android.view.View.performClick(View.java:5637)
08-31 14:31:07.381 W/System.err( 2305): 	at android.view.View$PerformClick.run(View.java:22429)
08-31 14:31:07.381 W/System.err( 2305): 	at android.os.Handler.handleCallback(Handler.java:751)
08-31 14:31:07.381 W/System.err( 2305): 	at android.os.Handler.dispatchMessage(Handler.java:95)
08-31 14:31:07.382 W/System.err( 2305): 	at android.os.Looper.loop(Looper.java:154)
08-31 14:31:07.382 W/System.err( 2305): 	at android.app.ActivityThread.main(ActivityThread.java:6190)
08-31 14:31:07.382 W/System.err( 2305): 	at java.lang.reflect.Method.invoke(Native Method)
08-31 14:31:07.382 W/System.err( 2305): 	at com.android.internal.os.ZygoteInit$MethodAndArgsCaller.run(ZygoteInit.java:892)
08-31 14:31:07.382 W/System.err( 2305): 	at com.android.internal.os.ZygoteInit.main(ZygoteInit.java:782)
08-31 14:31:07.383 I/ActivityManager( 1283): START u0 {cmp=net.mabako.steamgifts/.activities.UrlHandlingActivity (has extras)} from uid 10064 on display 0
08-31 14:31:07.387 W/ContextImpl( 1721): Calling a method in the system process without a qualified user: android.app.ContextImpl.startService:1358 android.content.ContextWrapper.startService:613 android.content.ContextWrapper.startService:613 com.android.coreservice.CoreBroadcastReceiver.onReceive:44 android.app.ActivityThread.handleReceiver:3073 
08-31 14:31:07.388 W/System.err( 2305): java.lang.Exception: Toast callstack! strTip=Sent Serializeable Intent { cmp=net.mabako.steamgifts/.activities.UrlHandlingActivity (has extras) }
08-31 14:31:07.388 W/System.err( 2305): 	at android.widget.Toast.show(Toast.java:130)
08-31 14:31:07.388 W/System.err( 2305): 	at com.android.intentfuzzer.FuzzerActivity$4.onClick(FuzzerActivity.java:184)
08-31 14:31:07.388 W/System.err( 2305): 	at android.view.View.performClick(View.java:5637)
08-31 14:31:07.388 W/System.err( 2305): 	at android.view.View$PerformClick.run(View.java:22429)
08-31 14:31:07.388 W/System.err( 2305): 	at android.os.Handler.handleCallback(Handler.java:751)
08-31 14:31:07.388 W/System.err( 2305): 	at android.os.Handler.dispatchMessage(Handler.java:95)
08-31 14:31:07.388 W/System.err( 2305): 	at android.os.Looper.loop(Looper.java:154)
08-31 14:31:07.388 W/System.err( 2305): 	at android.app.ActivityThread.main(ActivityThread.java:6190)
08-31 14:31:07.388 W/System.err( 2305): 	at java.lang.reflect.Method.invoke(Native Method)
08-31 14:31:07.388 W/System.err( 2305): 	at com.android.internal.os.ZygoteInit$MethodAndArgsCaller.run(ZygoteInit.java:892)
08-31 14:31:07.388 W/System.err( 2305): 	at com.android.internal.os.ZygoteInit.main(ZygoteInit.java:782)
08-31 14:31:07.390 I/ActivityManager( 1283): START u0 {cmp=net.mabako.steamgifts/.activities.SettingsActivity (has extras)} from uid 10064 on display 0
08-31 14:31:07.390 W/ActivityManager( 1283): Permission Denial: starting Intent { cmp=net.mabako.steamgifts/.activities.SettingsActivity (has extras) } from ProcessRecord{6d7369d 2305:com.android.intentfuzzer/u0a64} (pid=2305, uid=10064) not exported from uid 10053
08-31 14:31:07.392 W/System.err( 2305): java.lang.Exception: Toast callstack! strTip=Send Intent Failed!
08-31 14:31:07.392 W/System.err( 2305): 	at android.widget.Toast.show(Toast.java:130)
08-31 14:31:07.392 W/System.err( 2305): 	at com.android.intentfuzzer.FuzzerActivity$4.onClick(FuzzerActivity.java:186)
08-31 14:31:07.392 W/System.err( 2305): 	at android.view.View.performClick(View.java:5637)
08-31 14:31:07.392 W/System.err( 2305): 	at android.view.View$PerformClick.run(View.java:22429)
08-31 14:31:07.392 W/System.err( 2305): 	at android.os.Handler.handleCallback(Handler.java:751)
08-31 14:31:07.392 W/System.err( 2305): 	at android.os.Handler.dispatchMessage(Handler.java:95)
08-31 14:31:07.392 W/System.err( 2305): 	at android.os.Looper.loop(Looper.java:154)
08-31 14:31:07.392 W/System.err( 2305): 	at android.app.ActivityThread.main(ActivityThread.java:6190)
08-31 14:31:07.392 W/System.err( 2305): 	at java.lang.reflect.Method.invoke(Native Method)
08-31 14:31:07.392 W/System.err( 2305): 	at com.android.internal.os.ZygoteInit$MethodAndArgsCaller.run(ZygoteInit.java:892)
08-31 14:31:07.392 W/System.err( 2305): 	at com.android.internal.os.ZygoteInit.main(ZygoteInit.java:782)
08-31 14:31:07.395 I/ActivityManager( 1283): START u0 {cmp=net.mabako.steamgifts/net.mabako.sgtools.SGToolsLoginActivity (has extras)} from uid 10064 on display 0
08-31 14:31:07.395 W/ActivityManager( 1283): Permission Denial: starting Intent { cmp=net.mabako.steamgifts/net.mabako.sgtools.SGToolsLoginActivity (has extras) } from ProcessRecord{6d7369d 2305:com.android.intentfuzzer/u0a64} (pid=2305, uid=10064) not exported from uid 10053
08-31 14:31:07.397 W/System.err( 2305): java.lang.Exception: Toast callstack! strTip=Send Intent Failed!
08-31 14:31:07.397 W/System.err( 2305): 	at android.widget.Toast.show(Toast.java:130)
08-31 14:31:07.397 W/System.err( 2305): 	at com.android.intentfuzzer.FuzzerActivity$4.onClick(FuzzerActivity.java:186)
08-31 14:31:07.397 W/System.err( 2305): 	at android.view.View.performClick(View.java:5637)
08-31 14:31:07.397 W/System.err( 2305): 	at android.view.View$PerformClick.run(View.java:22429)
08-31 14:31:07.397 W/System.err( 2305): 	at android.os.Handler.handleCallback(Handler.java:751)
08-31 14:31:07.397 W/System.err( 2305): 	at android.os.Handler.dispatchMessage(Handler.java:95)
08-31 14:31:07.397 W/System.err( 2305): 	at android.os.Looper.loop(Looper.java:154)
08-31 14:31:07.397 W/System.err( 2305): 	at android.app.ActivityThread.main(ActivityThread.java:6190)
08-31 14:31:07.397 W/System.err( 2305): 	at java.lang.reflect.Method.invoke(Native Method)
08-31 14:31:07.397 W/System.err( 2305): 	at com.android.internal.os.ZygoteInit$MethodAndArgsCaller.run(ZygoteInit.java:892)
08-31 14:31:07.397 W/System.err( 2305): 	at com.android.internal.os.ZygoteInit.main(ZygoteInit.java:782)
08-31 14:31:07.400 I/ActivityManager( 1283): START u0 {cmp=net.mabako.steamgifts/.intro.IntroActivity (has extras)} from uid 10064 on display 0
08-31 14:31:07.400 W/ActivityManager( 1283): Permission Denial: starting Intent { cmp=net.mabako.steamgifts/.intro.IntroActivity (has extras) } from ProcessRecord{6d7369d 2305:com.android.intentfuzzer/u0a64} (pid=2305, uid=10064) not exported from uid 10053
08-31 14:31:07.401 W/System.err( 2305): java.lang.Exception: Toast callstack! strTip=Send Intent Failed!
08-31 14:31:07.401 W/System.err( 2305): 	at android.widget.Toast.show(Toast.java:130)
08-31 14:31:07.402 W/System.err( 2305): 	at com.android.intentfuzzer.FuzzerActivity$4.onClick(FuzzerActivity.java:186)
08-31 14:31:07.402 W/System.err( 2305): 	at android.view.View.performClick(View.java:5637)
08-31 14:31:07.402 W/System.err( 2305): 	at android.view.View$PerformClick.run(View.java:22429)
08-31 14:31:07.402 W/System.err( 2305): 	at android.os.Handler.handleCallback(Handler.java:751)
08-31 14:31:07.402 W/System.err( 2305): 	at android.os.Handler.dispatchMessage(Handler.java:95)
08-31 14:31:07.402 W/System.err( 2305): 	at android.os.Looper.loop(Looper.java:154)
08-31 14:31:07.402 W/System.err( 2305): 	at android.app.ActivityThread.main(ActivityThread.java:6190)
08-31 14:31:07.402 W/System.err( 2305): 	at java.lang.reflect.Method.invoke(Native Method)
08-31 14:31:07.402 W/System.err( 2305): 	at com.android.internal.os.ZygoteInit$MethodAndArgsCaller.run(ZygoteInit.java:892)
08-31 14:31:07.402 W/System.err( 2305): 	at com.android.internal.os.ZygoteInit.main(ZygoteInit.java:782)
08-31 14:31:07.426 I/ActivityManager( 1283): Start proc 2715:net.mabako.steamgifts/u0a53 for activity net.mabako.steamgifts/.activities.UrlHandlingActivity
08-31 14:31:07.438 D/libnativebridge( 2715): call UnloadNativeBridge! state=1
08-31 14:31:07.468 W/ContextImpl( 1721): Calling a method in the system process without a qualified user: android.app.ContextImpl.startService:1358 android.content.ContextWrapper.startService:613 android.content.ContextWrapper.startService:613 com.android.coreservice.CoreBroadcastReceiver.onReceive:53 android.app.ActivityThread.handleReceiver:3073 
08-31 14:31:07.519 E/EGL_adreno( 2305): tid 2321: eglSurfaceAttrib(1338): error 0x3009 (EGL_BAD_MATCH)
08-31 14:31:07.519 W/OpenGLRenderer( 2305): Failed to set EGL_SWAP_BEHAVIOR on surface 0x7fffd4ffd280, error=EGL_BAD_MATCH
08-31 14:31:07.523 D/EGL_adreno( 2305): eglMakeCurrent: 0x7fffeb4420a0: ver 3 1 (tinfo 0x7fffeb40d340)
08-31 14:31:07.897 W/art     ( 2715): Before Android 4.1, method android.graphics.PorterDuffColorFilter android.support.graphics.drawable.VectorDrawableCompat.updateTintFilter(android.graphics.PorterDuffColorFilter, android.content.res.ColorStateList, android.graphics.PorterDuff$Mode) would have incorrectly overridden the package-private method in android.graphics.drawable.Drawable
08-31 14:31:07.907 D/AndroidRuntime( 2715): Shutting down VM
08-31 14:31:07.908 E/AndroidRuntime( 2715): FATAL EXCEPTION: main
08-31 14:31:07.908 E/AndroidRuntime( 2715): Process: net.mabako.steamgifts, PID: 2715
08-31 14:31:07.908 E/AndroidRuntime( 2715): java.lang.RuntimeException: Unable to start activity ComponentInfo{net.mabako.steamgifts/net.mabako.steamgifts.activities.UrlHandlingActivity}: java.lang.NullPointerException: Attempt to invoke virtual method 'java.lang.String android.net.Uri.toString()' on a null object reference
08-31 14:31:07.908 E/AndroidRuntime( 2715): 	at android.app.ActivityThread.performLaunchActivity(ActivityThread.java:2698)
08-31 14:31:07.908 E/AndroidRuntime( 2715): 	at android.app.ActivityThread.handleLaunchActivity(ActivityThread.java:2759)
08-31 14:31:07.908 E/AndroidRuntime( 2715): 	at android.app.ActivityThread.-wrap12(ActivityThread.java)
08-31 14:31:07.908 E/AndroidRuntime( 2715): 	at android.app.ActivityThread$H.handleMessage(ActivityThread.java:1482)
08-31 14:31:07.908 E/AndroidRuntime( 2715): 	at android.os.Handler.dispatchMessage(Handler.java:102)
08-31 14:31:07.908 E/AndroidRuntime( 2715): 	at android.os.Looper.loop(Looper.java:154)
08-31 14:31:07.908 E/AndroidRuntime( 2715): 	at android.app.ActivityThread.main(ActivityThread.java:6190)
08-31 14:31:07.908 E/AndroidRuntime( 2715): 	at java.lang.reflect.Method.invoke(Native Method)
08-31 14:31:07.908 E/AndroidRuntime( 2715): 	at com.android.internal.os.ZygoteInit$MethodAndArgsCaller.run(ZygoteInit.java:892)
08-31 14:31:07.908 E/AndroidRuntime( 2715): 	at com.android.internal.os.ZygoteInit.main(ZygoteInit.java:782)
08-31 14:31:07.908 E/AndroidRuntime( 2715): Caused by: java.lang.NullPointerException: Attempt to invoke virtual method 'java.lang.String android.net.Uri.toString()' on a null object reference
08-31 14:31:07.908 E/AndroidRuntime( 2715): 	at net.mabako.steamgifts.activities.UrlHandlingActivity.getIntentForUri(UrlHandlingActivity.java:39)
08-31 14:31:07.908 E/AndroidRuntime( 2715): 	at net.mabako.steamgifts.activities.UrlHandlingActivity.onCreate(UrlHandlingActivity.java:151)
08-31 14:31:07.908 E/AndroidRuntime( 2715): 	at android.app.Activity.performCreate(Activity.java:6701)
08-31 14:31:07.908 E/AndroidRuntime( 2715): 	at android.app.Instrumentation.callActivityOnCreate(Instrumentation.java:1118)
08-31 14:31:07.908 E/AndroidRuntime( 2715): 	at android.app.ActivityThread.performLaunchActivity(ActivityThread.java:2651)
08-31 14:31:07.908 E/AndroidRuntime( 2715): 	... 9 more
08-31 14:31:07.910 W/ActivityManager( 1283):   Force finishing activity net.mabako.steamgifts/.activities.UrlHandlingActivity
08-31 14:31:07.914 W/System.err( 1283): java.lang.Exception: show AlertDialog! title=sg已停止运行
08-31 14:31:07.914 W/System.err( 1283): 	at android.app.AlertDialog.show(AlertDialog.java:134)
08-31 14:31:07.914 W/System.err( 1283): 	at com.android.server.am.AppErrors.handleShowAppErrorUi(AppErrors.java:719)
08-31 14:31:07.914 W/System.err( 1283): 	at com.android.server.am.ActivityManagerService$UiHandler.handleMessage(ActivityManagerService.java:1637)
08-31 14:31:07.914 W/System.err( 1283): 	at android.os.Handler.dispatchMessage(Handler.java:102)
08-31 14:31:07.914 W/System.err( 1283): 	at android.os.Looper.loop(Looper.java:154)
08-31 14:31:07.914 W/System.err( 1283): 	at android.os.HandlerThread.run(HandlerThread.java:61)
08-31 14:31:07.914 W/System.err( 1283): 	at com.android.server.ServiceThread.run(ServiceThread.java:46)
08-31 14:31:07.961 I/HostConnection( 1283): HostConnection::HostConnection: pid=1283, tid=2347, this=0x7fffd7b0f940
08-31 14:31:07.963 I/        ( 1283): fastpipe: Connect success
08-31 14:31:07.964 D/HostConnection( 1283): HostRPC::connect sucess: app=system_server, pid=1283, tid=2347, this=0x7fffd1474880
08-31 14:31:07.969 D/HostConnection( 1283): queryAndSetGLESMaxVersion select gles-version: 3.1 hostGLVersion:46 process:system_server
08-31 14:31:07.974 I/OpenGLRenderer( 1283): Initialized EGL, version 1.4
08-31 14:31:07.974 D/OpenGLRenderer( 1283): Swap behavior 1
08-31 14:31:07.974 I/EGL_adreno( 1283): eglCreateContext request GLES major-version=2
08-31 14:31:08.020 D/EGL_adreno( 1283): eglCreateContext: 0x7fffd7b09fc0: maj 3 min 1 rcv 4
08-31 14:31:08.094 D/EGL_adreno( 1283): eglMakeCurrent: 0x7fffd7b09fc0: ver 3 1 (tinfo 0x7fffd7857fe0)
08-31 14:31:08.121 E/EGL_adreno( 1283): tid 2347: eglSurfaceAttrib(1338): error 0x3009 (EGL_BAD_MATCH)
08-31 14:31:08.122 W/OpenGLRenderer( 1283): Failed to set EGL_SWAP_BEHAVIOR on surface 0x7fffd8b7aec0, error=EGL_BAD_MATCH
08-31 14:31:08.125 D/EGL_adreno( 1283): eglMakeCurrent: 0x7fffd7b09fc0: ver 3 1 (tinfo 0x7fffd7857fe0)
08-31 14:31:08.413 W/ActivityManager( 1283): Activity pause timeout for ActivityRecord{812e55f u0 net.mabako.steamgifts/.activities.UrlHandlingActivity t8 f}
08-31 14:31:08.458 W/ContextImpl( 1721): Calling a method in the system process without a qualified user: android.app.ContextImpl.startService:1358 android.content.ContextWrapper.startService:613 android.content.ContextWrapper.startService:613 com.android.coreservice.CoreBroadcastReceiver.onReceive:44 android.app.ActivityThread.handleReceiver:3073 
08-31 14:31:10.448 D/audio_hw_hal( 1089): log_func, out_standby
08-31 14:31:10.448 D/audio_hw_hal( 1089): raw_close_output_stream, dev=0xf6e480c0, stream =0xf6e43140
08-31 14:31:10.448 D/audio_hw_hal( 1089): raw_close_output_stream, stream=0xf6e43140,  success!
08-31 14:31:10.844 D/EGL_adreno( 2305): eglMakeCurrent: 0x7fffeb4420a0: ver 3 1 (tinfo 0x7fffeb40d340)
08-31 14:31:10.856 W/WindowManager( 1283): Attempted to remove non-existing token: android.os.Binder@e0c014e
08-31 14:31:10.974 E/EGL_adreno( 2305): tid 2321: eglSurfaceAttrib(1338): error 0x3009 (EGL_BAD_MATCH)
08-31 14:31:10.974 W/OpenGLRenderer( 2305): Failed to set EGL_SWAP_BEHAVIOR on surface 0x7fffd4ffd280, error=EGL_BAD_MATCH
08-31 14:31:10.976 D/EGL_adreno( 2305): eglMakeCurrent: 0x7fffeb4420a0: ver 3 1 (tinfo 0x7fffeb40d340)
08-31 14:31:13.562 W/WindowManager( 1283): Failed looking up window
08-31 14:31:13.562 W/WindowManager( 1283): java.lang.IllegalArgumentException: Requested window android.view.ViewRootImpl$W@449ce14 does not exist
08-31 14:31:13.562 W/WindowManager( 1283): 	at com.android.server.wm.WindowManagerService.windowForClientLocked(WindowManagerService.java:9459)
08-31 14:31:13.562 W/WindowManager( 1283): 	at com.android.server.wm.WindowManagerService.windowForClientLocked(WindowManagerService.java:9450)
08-31 14:31:13.562 W/WindowManager( 1283): 	at com.android.server.wm.WindowManagerService.removeWindow(WindowManagerService.java:2410)
08-31 14:31:13.562 W/WindowManager( 1283): 	at com.android.server.wm.Session.remove(Session.java:202)
08-31 14:31:13.562 W/WindowManager( 1283): 	at android.view.ViewRootImpl.dispatchDetachedFromWindow(ViewRootImpl.java:3290)
08-31 14:31:13.562 W/WindowManager( 1283): 	at android.view.ViewRootImpl.doDie(ViewRootImpl.java:5917)
08-31 14:31:13.562 W/WindowManager( 1283): 	at android.view.ViewRootImpl$ViewRootHandler.handleMessage(ViewRootImpl.java:3626)
08-31 14:31:13.562 W/WindowManager( 1283): 	at android.os.Handler.dispatchMessage(Handler.java:102)
08-31 14:31:13.562 W/WindowManager( 1283): 	at android.os.Looper.loop(Looper.java:154)
08-31 14:31:13.562 W/WindowManager( 1283): 	at android.os.HandlerThread.run(HandlerThread.java:61)
08-31 14:31:13.562 W/WindowManager( 1283): 	at com.android.server.ServiceThread.run(ServiceThread.java:46)
08-31 14:31:14.362 D/EGL_adreno( 2305): eglMakeCurrent: 0x7fffeb4420a0: ver 3 1 (tinfo 0x7fffeb40d340)
08-31 14:31:14.374 W/WindowManager( 1283): Attempted to remove non-existing token: android.os.Binder@945e368
08-31 14:31:14.477 E/EGL_adreno( 2305): tid 2321: eglSurfaceAttrib(1338): error 0x3009 (EGL_BAD_MATCH)
08-31 14:31:14.477 W/OpenGLRenderer( 2305): Failed to set EGL_SWAP_BEHAVIOR on surface 0x7fffd4ffd280, error=EGL_BAD_MATCH
08-31 14:31:14.480 D/EGL_adreno( 2305): eglMakeCurrent: 0x7fffeb4420a0: ver 3 1 (tinfo 0x7fffeb40d340)
08-31 14:31:17.349 W/ActivityManager( 1283): Launch timeout has expired, giving up wake lock!
08-31 14:31:17.882 D/EGL_adreno( 2305): eglMakeCurrent: 0x7fffeb4420a0: ver 3 1 (tinfo 0x7fffeb40d340)
08-31 14:31:17.890 W/WindowManager( 1283): Attempted to remove non-existing token: android.os.Binder@cc1a4b2
08-31 14:31:17.999 E/EGL_adreno( 2305): tid 2321: eglSurfaceAttrib(1338): error 0x3009 (EGL_BAD_MATCH)
08-31 14:31:17.999 W/OpenGLRenderer( 2305): Failed to set EGL_SWAP_BEHAVIOR on surface 0x7fffd4ffd280, error=EGL_BAD_MATCH
08-31 14:31:18.002 D/EGL_adreno( 2305): eglMakeCurrent: 0x7fffeb4420a0: ver 3 1 (tinfo 0x7fffeb40d340)
08-31 14:31:21.398 D/EGL_adreno( 2305): eglMakeCurrent: 0x7fffeb4420a0: ver 3 1 (tinfo 0x7fffeb40d340)
08-31 14:31:21.406 W/WindowManager( 1283): Attempted to remove non-existing token: android.os.Binder@24d8c03
08-31 14:31:21.510 E/EGL_adreno( 2305): tid 2321: eglSurfaceAttrib(1338): error 0x3009 (EGL_BAD_MATCH)
08-31 14:31:21.510 W/OpenGLRenderer( 2305): Failed to set EGL_SWAP_BEHAVIOR on surface 0x7fffd4ffd280, error=EGL_BAD_MATCH
08-31 14:31:21.513 D/EGL_adreno( 2305): eglMakeCurrent: 0x7fffeb4420a0: ver 3 1 (tinfo 0x7fffeb40d340)
08-31 14:31:24.922 D/EGL_adreno( 2305): eglMakeCurrent: 0x7fffeb4420a0: ver 3 1 (tinfo 0x7fffeb40d340)
08-31 14:31:24.924 W/WindowManager( 1283): Attempted to remove non-existing token: android.os.Binder@8ffb780
08-31 14:31:25.018 E/EGL_adreno( 2305): tid 2321: eglSurfaceAttrib(1338): error 0x3009 (EGL_BAD_MATCH)
08-31 14:31:25.018 W/OpenGLRenderer( 2305): Failed to set EGL_SWAP_BEHAVIOR on surface 0x7fffd4ffd280, error=EGL_BAD_MATCH
08-31 14:31:25.023 D/EGL_adreno( 2305): eglMakeCurrent: 0x7fffeb4420a0: ver 3 1 (tinfo 0x7fffeb40d340)
08-31 14:31:28.426 D/EGL_adreno( 2305): eglMakeCurrent: 0x7fffeb4420a0: ver 3 1 (tinfo 0x7fffeb40d340)
08-31 14:31:28.440 W/WindowManager( 1283): Attempted to remove non-existing token: android.os.Binder@bca51b9
08-31 14:31:28.546 E/EGL_adreno( 2305): tid 2321: eglSurfaceAttrib(1338): error 0x3009 (EGL_BAD_MATCH)
08-31 14:31:28.546 W/OpenGLRenderer( 2305): Failed to set EGL_SWAP_BEHAVIOR on surface 0x7fffd4ffd280, error=EGL_BAD_MATCH
08-31 14:31:28.548 D/EGL_adreno( 2305): eglMakeCurrent: 0x7fffeb4420a0: ver 3 1 (tinfo 0x7fffeb40d340)
08-31 14:31:31.949 D/EGL_adreno( 2305): eglMakeCurrent: 0x7fffeb4420a0: ver 3 1 (tinfo 0x7fffeb40d340)
08-31 14:31:31.957 W/WindowManager( 1283): Attempted to remove non-existing token: android.os.Binder@82159fe
08-31 14:31:32.085 E/EGL_adreno( 2305): tid 2321: eglSurfaceAttrib(1338): error 0x3009 (EGL_BAD_MATCH)
08-31 14:31:32.085 W/OpenGLRenderer( 2305): Failed to set EGL_SWAP_BEHAVIOR on surface 0x7fffd4ffd280, error=EGL_BAD_MATCH
08-31 14:31:32.090 D/EGL_adreno( 2305): eglMakeCurrent: 0x7fffeb4420a0: ver 3 1 (tinfo 0x7fffeb40d340)
08-31 14:31:35.466 D/EGL_adreno( 2305): eglMakeCurrent: 0x7fffeb4420a0: ver 3 1 (tinfo 0x7fffeb40d340)
08-31 14:31:35.474 W/WindowManager( 1283): Attempted to remove non-existing token: android.os.Binder@c35180a
08-31 14:31:35.575 E/EGL_adreno( 2305): tid 2321: eglSurfaceAttrib(1338): error 0x3009 (EGL_BAD_MATCH)
08-31 14:31:35.575 W/OpenGLRenderer( 2305): Failed to set EGL_SWAP_BEHAVIOR on surface 0x7fffd4ffd280, error=EGL_BAD_MATCH
08-31 14:31:35.578 D/EGL_adreno( 2305): eglMakeCurrent: 0x7fffeb4420a0: ver 3 1 (tinfo 0x7fffeb40d340)
08-31 14:31:38.982 D/EGL_adreno( 2305): eglMakeCurrent: 0x7fffeb4420a0: ver 3 1 (tinfo 0x7fffeb40d340)
08-31 14:31:38.990 W/WindowManager( 1283): Attempted to remove non-existing token: android.os.Binder@1aa787b
08-31 14:31:39.099 E/EGL_adreno( 2305): tid 2321: eglSurfaceAttrib(1338): error 0x3009 (EGL_BAD_MATCH)
08-31 14:31:39.099 W/OpenGLRenderer( 2305): Failed to set EGL_SWAP_BEHAVIOR on surface 0x7fffd4ffd280, error=EGL_BAD_MATCH
08-31 14:31:39.101 D/EGL_adreno( 2305): eglMakeCurrent: 0x7fffeb4420a0: ver 3 1 (tinfo 0x7fffeb40d340)
08-31 14:31:42.499 D/EGL_adreno( 2305): eglMakeCurrent: 0x7fffeb4420a0: ver 3 1 (tinfo 0x7fffeb40d340)
08-31 14:31:42.507 W/WindowManager( 1283): Attempted to remove non-existing token: android.os.Binder@6cf698
08-31 14:31:42.615 E/EGL_adreno( 2305): tid 2321: eglSurfaceAttrib(1338): error 0x3009 (EGL_BAD_MATCH)
08-31 14:31:42.615 W/OpenGLRenderer( 2305): Failed to set EGL_SWAP_BEHAVIOR on surface 0x7fffd4ffd280, error=EGL_BAD_MATCH
08-31 14:31:42.618 D/EGL_adreno( 2305): eglMakeCurrent: 0x7fffeb4420a0: ver 3 1 (tinfo 0x7fffeb40d340)
08-31 14:31:46.014 D/EGL_adreno( 2305): eglMakeCurrent: 0x7fffeb4420a0: ver 3 1 (tinfo 0x7fffeb40d340)
08-31 14:31:46.026 W/WindowManager( 1283): Attempted to remove non-existing token: android.os.Binder@3177ef1
08-31 14:32:22.778 D/WifiStateMachine( 1283): setScanResults mScanResults.size=1
08-31 14:33:22.690 W/BroadcastQueue( 1283): Timeout of broadcast BroadcastRecord{407d17 u0 null} - receiver=android.os.BinderProxy@85c7504, started 60016ms ago
08-31 14:33:22.690 W/BroadcastQueue( 1283): Receiver during timeout: ResolveInfo{1d3aed net.mabako.steamgifts/.receivers.CheckForNewMessages m=0x0}
08-31 14:33:22.695 I/ActivityManager( 1283): Crashing app skipping ANR: ProcessRecord{4b47d22 2715:net.mabako.steamgifts/u0a53} Broadcast of Intent { flg=0x14 cmp=net.mabako.steamgifts/.receivers.CheckForNewMessages (has extras) }
