--------- beginning of system
09-01 09:52:36.429 W/ContextImpl( 1676): Calling a method in the system process without a qualified user: android.app.ContextImpl.startService:1358 android.content.ContextWrapper.startService:613 android.content.ContextWrapper.startService:613 com.android.coreservice.CoreBroadcastReceiver.onReceive:44 android.app.ActivityThread.handleReceiver:3073 
09-01 09:52:36.439 W/ContextImpl( 1676): Calling a method in the system process without a qualified user: android.app.ContextImpl.startService:1358 android.content.ContextWrapper.startService:613 android.content.ContextWrapper.startService:613 com.android.coreservice.CoreBroadcastReceiver.onReceive:53 android.app.ActivityThread.handleReceiver:3073 
--------- beginning of main
09-01 09:52:36.896 W/art     ( 1282): Long monitor contention with owner Binder:1282_B (1778) at int com.android.server.wm.WindowManagerService.relayoutWindow(com.android.server.wm.Session, android.view.IWindow, int, android.view.WindowManager$LayoutParams, int, int, int, int, android.graphics.Rect, android.graphics.Rect, android.graphics.Rect, android.graphics.Rect, android.graphics.Rect, android.graphics.Rect, android.graphics.Rect, android.content.res.Configuration, android.view.Surface)(WindowManagerService.java:2874) waiters=0 in void com.android.server.wm.WindowAnimator$1.doFrame(long) for 429ms
09-01 09:52:36.973 E/EGL_adreno( 1948): tid 1965: eglSurfaceAttrib(1338): error 0x3009 (EGL_BAD_MATCH)
09-01 09:52:36.973 W/OpenGLRenderer( 1948): Failed to set EGL_SWAP_BEHAVIOR on surface 0x7fffeb418240, error=EGL_BAD_MATCH
09-01 09:52:36.975 D/EGL_adreno( 1948): eglMakeCurrent: 0x7fffeb43c820: ver 3 1 (tinfo 0x7fffeb40d4a0)
09-01 09:52:37.013 W/ContextImpl( 1676): Calling a method in the system process without a qualified user: android.app.ContextImpl.startService:1358 android.content.ContextWrapper.startService:613 android.content.ContextWrapper.startService:613 com.android.coreservice.CoreBroadcastReceiver.onReceive:69 android.app.ActivityThread.handleReceiver:3073 
09-01 09:52:37.015 W/ContextImpl( 1676): Calling a method in the system process without a qualified user: android.app.ContextImpl.startService:1358 android.content.ContextWrapper.startService:613 android.content.ContextWrapper.startService:613 com.android.coreservice.CoreBroadcastReceiver.onReceive:69 android.app.ActivityThread.handleReceiver:3073 
09-01 09:52:37.044 D/EGL_adreno( 2083): eglMakeCurrent: 0x7fffeb4420a0: ver 3 1 (tinfo 0x7fffeb40d320)
09-01 09:52:37.107 W/IInputConnectionWrapper( 2083): reportFullscreenMode on inexistent InputConnection
09-01 09:52:37.108 W/IInputConnectionWrapper( 2083): finishComposingText on inactive InputConnection
09-01 09:52:37.651 W/ContextImpl( 1676): Calling a method in the system process without a qualified user: android.app.ContextImpl.startService:1358 android.content.ContextWrapper.startService:613 android.content.ContextWrapper.startService:613 com.android.coreservice.CoreBroadcastReceiver.onReceive:44 android.app.ActivityThread.handleReceiver:3073 
09-01 09:52:37.657 W/ContextImpl( 1676): Calling a method in the system process without a qualified user: android.app.ContextImpl.startService:1358 android.content.ContextWrapper.startService:613 android.content.ContextWrapper.startService:613 com.android.coreservice.CoreBroadcastReceiver.onReceive:53 android.app.ActivityThread.handleReceiver:3073 
09-01 09:52:37.754 W/ContextImpl( 1676): Calling a method in the system process without a qualified user: android.app.ContextImpl.startService:1358 android.content.ContextWrapper.startService:613 android.content.ContextWrapper.startService:613 com.android.coreservice.CoreBroadcastReceiver.onReceive:69 android.app.ActivityThread.handleReceiver:3073 
09-01 09:52:37.763 E/EGL_adreno( 1948): tid 1965: eglSurfaceAttrib(1338): error 0x3009 (EGL_BAD_MATCH)
09-01 09:52:37.763 W/OpenGLRenderer( 1948): Failed to set EGL_SWAP_BEHAVIOR on surface 0x7fffeb5e4240, error=EGL_BAD_MATCH
09-01 09:52:37.766 D/EGL_adreno( 1948): eglMakeCurrent: 0x7fffeb43c820: ver 3 1 (tinfo 0x7fffeb40d4a0)
09-01 09:52:37.811 D/EGL_adreno( 1948): eglMakeCurrent: 0x7fffeb43c820: ver 3 1 (tinfo 0x7fffeb40d4a0)
09-01 09:52:37.892 D/EGL_adreno( 1948): eglMakeCurrent: 0x7fffeb43c820: ver 3 1 (tinfo 0x7fffeb40d4a0)
09-01 09:52:38.942 D/EGL_adreno( 1948): eglMakeCurrent: 0x7fffeb43c820: ver 3 1 (tinfo 0x7fffeb40d4a0)
09-01 09:52:53.731 D/WifiStateMachine( 1282): setScanResults mScanResults.size=1
09-01 09:53:03.818 I/ActivityManager( 1282): START u0 {cmp=com.android.intentfuzzer/.FuzzerActivity} from uid 10064 on display 0
09-01 09:53:03.820 D/audio_hw_hal( 1088): raw_start_output_stream, stream=0xf6e43140, sampleRate=48000, channel=2, bps=16, bufSize=4096
09-01 09:53:03.826 W/ContextImpl( 1676): Calling a method in the system process without a qualified user: android.app.ContextImpl.startService:1358 android.content.ContextWrapper.startService:613 android.content.ContextWrapper.startService:613 com.android.coreservice.CoreBroadcastReceiver.onReceive:44 android.app.ActivityThread.handleReceiver:3073 
09-01 09:53:03.851 W/ContextImpl( 1676): Calling a method in the system process without a qualified user: android.app.ContextImpl.startService:1358 android.content.ContextWrapper.startService:613 android.content.ContextWrapper.startService:613 com.android.coreservice.CoreBroadcastReceiver.onReceive:53 android.app.ActivityThread.handleReceiver:3073 
09-01 09:53:03.981 E/EGL_adreno( 1948): tid 1965: eglSurfaceAttrib(1338): error 0x3009 (EGL_BAD_MATCH)
09-01 09:53:03.982 W/OpenGLRenderer( 1948): Failed to set EGL_SWAP_BEHAVIOR on surface 0x7fffeb418240, error=EGL_BAD_MATCH
09-01 09:53:03.983 D/EGL_adreno( 1948): eglMakeCurrent: 0x7fffeb43c820: ver 3 1 (tinfo 0x7fffeb40d4a0)
09-01 09:53:04.029 I/ActivityManager( 1282): Displayed com.android.intentfuzzer/.FuzzerActivity: +193ms
09-01 09:53:04.032 W/ContextImpl( 1676): Calling a method in the system process without a qualified user: android.app.ContextImpl.startService:1358 android.content.ContextWrapper.startService:613 android.content.ContextWrapper.startService:613 com.android.coreservice.CoreBroadcastReceiver.onReceive:69 android.app.ActivityThread.handleReceiver:3073 
09-01 09:53:04.143 W/ContextImpl( 1676): Calling a method in the system process without a qualified user: android.app.ContextImpl.startService:1358 android.content.ContextWrapper.startService:613 android.content.ContextWrapper.startService:613 com.android.coreservice.CoreBroadcastReceiver.onReceive:69 android.app.ActivityThread.handleReceiver:3073 
09-01 09:53:05.170 I/ActivityManager( 1282): START u0 {cmp=net.osmand.plus/.activities.HelpActivity} from uid 10064 on display 0
09-01 09:53:05.170 W/ActivityManager( 1282): Permission Denial: starting Intent { cmp=net.osmand.plus/.activities.HelpActivity } from ProcessRecord{4ccee7c 1948:com.android.intentfuzzer/u0a64} (pid=1948, uid=10064) not exported from uid 10054
09-01 09:53:05.172 W/System.err( 1948): java.lang.Exception: Toast callstack! strTip=Send Intent Failed!
09-01 09:53:05.173 W/System.err( 1948): 	at android.widget.Toast.show(Toast.java:130)
09-01 09:53:05.173 W/System.err( 1948): 	at com.android.intentfuzzer.FuzzerActivity$3.onClick(FuzzerActivity.java:167)
09-01 09:53:05.173 W/System.err( 1948): 	at android.view.View.performClick(View.java:5637)
09-01 09:53:05.173 W/System.err( 1948): 	at android.view.View$PerformClick.run(View.java:22429)
09-01 09:53:05.173 W/System.err( 1948): 	at android.os.Handler.handleCallback(Handler.java:751)
09-01 09:53:05.173 W/System.err( 1948): 	at android.os.Handler.dispatchMessage(Handler.java:95)
09-01 09:53:05.173 W/System.err( 1948): 	at android.os.Looper.loop(Looper.java:154)
09-01 09:53:05.173 W/System.err( 1948): 	at android.app.ActivityThread.main(ActivityThread.java:6190)
09-01 09:53:05.173 W/System.err( 1948): 	at java.lang.reflect.Method.invoke(Native Method)
09-01 09:53:05.173 W/System.err( 1948): 	at com.android.internal.os.ZygoteInit$MethodAndArgsCaller.run(ZygoteInit.java:892)
09-01 09:53:05.173 W/System.err( 1948): 	at com.android.internal.os.ZygoteInit.main(ZygoteInit.java:782)
09-01 09:53:05.176 I/ActivityManager( 1282): START u0 {cmp=net.osmand.plus/.activities.ExitActivity} from uid 10064 on display 0
09-01 09:53:05.176 W/ActivityManager( 1282): Permission Denial: starting Intent { cmp=net.osmand.plus/.activities.ExitActivity } from ProcessRecord{4ccee7c 1948:com.android.intentfuzzer/u0a64} (pid=1948, uid=10064) not exported from uid 10054
09-01 09:53:05.177 W/System.err( 1948): java.lang.Exception: Toast callstack! strTip=Send Intent Failed!
09-01 09:53:05.177 W/System.err( 1948): 	at android.widget.Toast.show(Toast.java:130)
09-01 09:53:05.177 W/System.err( 1948): 	at com.android.intentfuzzer.FuzzerActivity$3.onClick(FuzzerActivity.java:167)
09-01 09:53:05.177 W/System.err( 1948): 	at android.view.View.performClick(View.java:5637)
09-01 09:53:05.177 W/System.err( 1948): 	at android.view.View$PerformClick.run(View.java:22429)
09-01 09:53:05.177 W/System.err( 1948): 	at android.os.Handler.handleCallback(Handler.java:751)
09-01 09:53:05.177 W/System.err( 1948): 	at android.os.Handler.dispatchMessage(Handler.java:95)
09-01 09:53:05.177 W/System.err( 1948): 	at android.os.Looper.loop(Looper.java:154)
09-01 09:53:05.177 W/System.err( 1948): 	at android.app.ActivityThread.main(ActivityThread.java:6190)
09-01 09:53:05.177 W/System.err( 1948): 	at java.lang.reflect.Method.invoke(Native Method)
09-01 09:53:05.177 W/System.err( 1948): 	at com.android.internal.os.ZygoteInit$MethodAndArgsCaller.run(ZygoteInit.java:892)
09-01 09:53:05.177 W/System.err( 1948): 	at com.android.internal.os.ZygoteInit.main(ZygoteInit.java:782)
09-01 09:53:05.180 I/ActivityManager( 1282): START u0 {cmp=net.osmand.plus/.activities.MapActivity} from uid 10064 on display 0
09-01 09:53:05.317 W/System.err( 1948): java.lang.Exception: Toast callstack! strTip=Sent Null Intent { cmp=net.osmand.plus/.activities.MapActivity }
09-01 09:53:05.317 W/System.err( 1948): 	at android.widget.Toast.show(Toast.java:130)
09-01 09:53:05.317 W/System.err( 1948): 	at com.android.intentfuzzer.FuzzerActivity$3.onClick(FuzzerActivity.java:165)
09-01 09:53:05.317 W/System.err( 1948): 	at android.view.View.performClick(View.java:5637)
09-01 09:53:05.317 W/System.err( 1948): 	at android.view.View$PerformClick.run(View.java:22429)
09-01 09:53:05.317 W/System.err( 1948): 	at android.os.Handler.handleCallback(Handler.java:751)
09-01 09:53:05.317 W/System.err( 1948): 	at android.os.Handler.dispatchMessage(Handler.java:95)
09-01 09:53:05.317 W/System.err( 1948): 	at android.os.Looper.loop(Looper.java:154)
09-01 09:53:05.317 W/System.err( 1948): 	at android.app.ActivityThread.main(ActivityThread.java:6190)
09-01 09:53:05.317 W/System.err( 1948): 	at java.lang.reflect.Method.invoke(Native Method)
09-01 09:53:05.317 W/System.err( 1948): 	at com.android.internal.os.ZygoteInit$MethodAndArgsCaller.run(ZygoteInit.java:892)
09-01 09:53:05.317 W/System.err( 1948): 	at com.android.internal.os.ZygoteInit.main(ZygoteInit.java:782)
09-01 09:53:05.317 W/ContextImpl( 1676): Calling a method in the system process without a qualified user: android.app.ContextImpl.startService:1358 android.content.ContextWrapper.startService:613 android.content.ContextWrapper.startService:613 com.android.coreservice.CoreBroadcastReceiver.onReceive:44 android.app.ActivityThread.handleReceiver:3073 
09-01 09:53:05.318 I/ActivityManager( 1282): START u0 {cmp=net.osmand.plus/.activities.SettingsActivity} from uid 10064 on display 0
09-01 09:53:05.318 W/ActivityManager( 1282): Permission Denial: starting Intent { cmp=net.osmand.plus/.activities.SettingsActivity } from ProcessRecord{4ccee7c 1948:com.android.intentfuzzer/u0a64} (pid=1948, uid=10064) not exported from uid 10054
09-01 09:53:05.319 W/System.err( 1948): java.lang.Exception: Toast callstack! strTip=Send Intent Failed!
09-01 09:53:05.319 W/System.err( 1948): 	at android.widget.Toast.show(Toast.java:130)
09-01 09:53:05.320 W/System.err( 1948): 	at com.android.intentfuzzer.FuzzerActivity$3.onClick(FuzzerActivity.java:167)
09-01 09:53:05.320 W/System.err( 1948): 	at android.view.View.performClick(View.java:5637)
09-01 09:53:05.320 W/System.err( 1948): 	at android.view.View$PerformClick.run(View.java:22429)
09-01 09:53:05.320 W/System.err( 1948): 	at android.os.Handler.handleCallback(Handler.java:751)
09-01 09:53:05.320 W/System.err( 1948): 	at android.os.Handler.dispatchMessage(Handler.java:95)
09-01 09:53:05.320 W/System.err( 1948): 	at android.os.Looper.loop(Looper.java:154)
09-01 09:53:05.320 W/System.err( 1948): 	at android.app.ActivityThread.main(ActivityThread.java:6190)
09-01 09:53:05.320 W/System.err( 1948): 	at java.lang.reflect.Method.invoke(Native Method)
09-01 09:53:05.320 W/System.err( 1948): 	at com.android.internal.os.ZygoteInit$MethodAndArgsCaller.run(ZygoteInit.java:892)
09-01 09:53:05.320 W/System.err( 1948): 	at com.android.internal.os.ZygoteInit.main(ZygoteInit.java:782)
09-01 09:53:05.322 I/ActivityManager( 1282): START u0 {cmp=net.osmand.plus/.activities.SettingsGeneralActivity} from uid 10064 on display 0
09-01 09:53:05.322 W/ActivityManager( 1282): Permission Denial: starting Intent { cmp=net.osmand.plus/.activities.SettingsGeneralActivity } from ProcessRecord{4ccee7c 1948:com.android.intentfuzzer/u0a64} (pid=1948, uid=10064) not exported from uid 10054
09-01 09:53:05.323 W/System.err( 1948): java.lang.Exception: Toast callstack! strTip=Send Intent Failed!
09-01 09:53:05.323 W/System.err( 1948): 	at android.widget.Toast.show(Toast.java:130)
09-01 09:53:05.323 W/System.err( 1948): 	at com.android.intentfuzzer.FuzzerActivity$3.onClick(FuzzerActivity.java:167)
09-01 09:53:05.324 W/System.err( 1948): 	at android.view.View.performClick(View.java:5637)
09-01 09:53:05.324 W/System.err( 1948): 	at android.view.View$PerformClick.run(View.java:22429)
09-01 09:53:05.324 W/System.err( 1948): 	at android.os.Handler.handleCallback(Handler.java:751)
09-01 09:53:05.324 W/System.err( 1948): 	at android.os.Handler.dispatchMessage(Handler.java:95)
09-01 09:53:05.324 W/System.err( 1948): 	at android.os.Looper.loop(Looper.java:154)
09-01 09:53:05.324 W/System.err( 1948): 	at android.app.ActivityThread.main(ActivityThread.java:6190)
09-01 09:53:05.324 W/System.err( 1948): 	at java.lang.reflect.Method.invoke(Native Method)
09-01 09:53:05.324 W/System.err( 1948): 	at com.android.internal.os.ZygoteInit$MethodAndArgsCaller.run(ZygoteInit.java:892)
09-01 09:53:05.324 W/System.err( 1948): 	at com.android.internal.os.ZygoteInit.main(ZygoteInit.java:782)
09-01 09:53:05.325 I/ActivityManager( 1282): START u0 {cmp=net.osmand.plus/.activities.SettingsNavigationActivity} from uid 10064 on display 0
09-01 09:53:05.325 W/ActivityManager( 1282): Permission Denial: starting Intent { cmp=net.osmand.plus/.activities.SettingsNavigationActivity } from ProcessRecord{4ccee7c 1948:com.android.intentfuzzer/u0a64} (pid=1948, uid=10064) not exported from uid 10054
09-01 09:53:05.326 W/System.err( 1948): java.lang.Exception: Toast callstack! strTip=Send Intent Failed!
09-01 09:53:05.327 W/System.err( 1948): 	at android.widget.Toast.show(Toast.java:130)
09-01 09:53:05.327 W/System.err( 1948): 	at com.android.intentfuzzer.FuzzerActivity$3.onClick(FuzzerActivity.java:167)
09-01 09:53:05.327 W/System.err( 1948): 	at android.view.View.performClick(View.java:5637)
09-01 09:53:05.327 W/System.err( 1948): 	at android.view.View$PerformClick.run(View.java:22429)
09-01 09:53:05.327 W/System.err( 1948): 	at android.os.Handler.handleCallback(Handler.java:751)
09-01 09:53:05.327 W/System.err( 1948): 	at android.os.Handler.dispatchMessage(Handler.java:95)
09-01 09:53:05.327 W/System.err( 1948): 	at android.os.Looper.loop(Looper.java:154)
09-01 09:53:05.327 W/System.err( 1948): 	at android.app.ActivityThread.main(ActivityThread.java:6190)
09-01 09:53:05.327 W/System.err( 1948): 	at java.lang.reflect.Method.invoke(Native Method)
09-01 09:53:05.327 W/System.err( 1948): 	at com.android.internal.os.ZygoteInit$MethodAndArgsCaller.run(ZygoteInit.java:892)
09-01 09:53:05.327 W/System.err( 1948): 	at com.android.internal.os.ZygoteInit.main(ZygoteInit.java:782)
09-01 09:53:05.328 I/ActivityManager( 1282): START u0 {cmp=net.osmand.plus/.monitoring.SettingsMonitoringActivity} from uid 10064 on display 0
09-01 09:53:05.328 W/ActivityManager( 1282): Permission Denial: starting Intent { cmp=net.osmand.plus/.monitoring.SettingsMonitoringActivity } from ProcessRecord{4ccee7c 1948:com.android.intentfuzzer/u0a64} (pid=1948, uid=10064) not exported from uid 10054
09-01 09:53:05.329 W/System.err( 1948): java.lang.Exception: Toast callstack! strTip=Send Intent Failed!
09-01 09:53:05.329 W/System.err( 1948): 	at android.widget.Toast.show(Toast.java:130)
09-01 09:53:05.329 W/System.err( 1948): 	at com.android.intentfuzzer.FuzzerActivity$3.onClick(FuzzerActivity.java:167)
09-01 09:53:05.329 W/System.err( 1948): 	at android.view.View.performClick(View.java:5637)
09-01 09:53:05.329 W/System.err( 1948): 	at android.view.View$PerformClick.run(View.java:22429)
09-01 09:53:05.329 W/System.err( 1948): 	at android.os.Handler.handleCallback(Handler.java:751)
09-01 09:53:05.329 W/System.err( 1948): 	at android.os.Handler.dispatchMessage(Handler.java:95)
09-01 09:53:05.329 W/System.err( 1948): 	at android.os.Looper.loop(Looper.java:154)
09-01 09:53:05.330 W/System.err( 1948): 	at android.app.ActivityThread.main(ActivityThread.java:6190)
09-01 09:53:05.330 W/System.err( 1948): 	at java.lang.reflect.Method.invoke(Native Method)
09-01 09:53:05.330 W/System.err( 1948): 	at com.android.internal.os.ZygoteInit$MethodAndArgsCaller.run(ZygoteInit.java:892)
09-01 09:53:05.330 W/System.err( 1948): 	at com.android.internal.os.ZygoteInit.main(ZygoteInit.java:782)
09-01 09:53:05.331 I/ActivityManager( 1282): START u0 {cmp=net.osmand.plus/.rastermaps.SettingsRasterMapsActivity} from uid 10064 on display 0
09-01 09:53:05.331 W/ActivityManager( 1282): Permission Denial: starting Intent { cmp=net.osmand.plus/.rastermaps.SettingsRasterMapsActivity } from ProcessRecord{4ccee7c 1948:com.android.intentfuzzer/u0a64} (pid=1948, uid=10064) not exported from uid 10054
09-01 09:53:05.332 W/System.err( 1948): java.lang.Exception: Toast callstack! strTip=Send Intent Failed!
09-01 09:53:05.332 W/System.err( 1948): 	at android.widget.Toast.show(Toast.java:130)
09-01 09:53:05.332 W/System.err( 1948): 	at com.android.intentfuzzer.FuzzerActivity$3.onClick(FuzzerActivity.java:167)
09-01 09:53:05.332 W/System.err( 1948): 	at android.view.View.performClick(View.java:5637)
09-01 09:53:05.332 W/System.err( 1948): 	at android.view.View$PerformClick.run(View.java:22429)
09-01 09:53:05.332 W/System.err( 1948): 	at android.os.Handler.handleCallback(Handler.java:751)
09-01 09:53:05.332 W/System.err( 1948): 	at android.os.Handler.dispatchMessage(Handler.java:95)
09-01 09:53:05.332 W/System.err( 1948): 	at android.os.Looper.loop(Looper.java:154)
09-01 09:53:05.332 W/System.err( 1948): 	at android.app.ActivityThread.main(ActivityThread.java:6190)
09-01 09:53:05.332 W/System.err( 1948): 	at java.lang.reflect.Method.invoke(Native Method)
09-01 09:53:05.332 W/System.err( 1948): 	at com.android.internal.os.ZygoteInit$MethodAndArgsCaller.run(ZygoteInit.java:892)
09-01 09:53:05.332 W/System.err( 1948): 	at com.android.internal.os.ZygoteInit.main(ZygoteInit.java:782)
09-01 09:53:05.334 I/ActivityManager( 1282): START u0 {cmp=net.osmand.plus/.osmedit.SettingsOsmEditingActivity} from uid 10064 on display 0
09-01 09:53:05.334 W/ActivityManager( 1282): Permission Denial: starting Intent { cmp=net.osmand.plus/.osmedit.SettingsOsmEditingActivity } from ProcessRecord{4ccee7c 1948:com.android.intentfuzzer/u0a64} (pid=1948, uid=10064) not exported from uid 10054
09-01 09:53:05.336 W/System.err( 1948): java.lang.Exception: Toast callstack! strTip=Send Intent Failed!
09-01 09:53:05.336 W/System.err( 1948): 	at android.widget.Toast.show(Toast.java:130)
09-01 09:53:05.336 W/System.err( 1948): 	at com.android.intentfuzzer.FuzzerActivity$3.onClick(FuzzerActivity.java:167)
09-01 09:53:05.336 W/System.err( 1948): 	at android.view.View.performClick(View.java:5637)
09-01 09:53:05.336 W/System.err( 1948): 	at android.view.View$PerformClick.run(View.java:22429)
09-01 09:53:05.336 W/System.err( 1948): 	at android.os.Handler.handleCallback(Handler.java:751)
09-01 09:53:05.336 W/System.err( 1948): 	at android.os.Handler.dispatchMessage(Handler.java:95)
09-01 09:53:05.336 W/System.err( 1948): 	at android.os.Looper.loop(Looper.java:154)
09-01 09:53:05.336 W/System.err( 1948): 	at android.app.ActivityThread.main(ActivityThread.java:6190)
09-01 09:53:05.336 W/System.err( 1948): 	at java.lang.reflect.Method.invoke(Native Method)
09-01 09:53:05.336 W/System.err( 1948): 	at com.android.internal.os.ZygoteInit$MethodAndArgsCaller.run(ZygoteInit.java:892)
09-01 09:53:05.336 W/System.err( 1948): 	at com.android.internal.os.ZygoteInit.main(ZygoteInit.java:782)
09-01 09:53:05.337 I/ActivityManager( 1282): START u0 {cmp=net.osmand.plus/.development.SettingsDevelopmentActivity} from uid 10064 on display 0
09-01 09:53:05.338 W/ActivityManager( 1282): Permission Denial: starting Intent { cmp=net.osmand.plus/.development.SettingsDevelopmentActivity } from ProcessRecord{4ccee7c 1948:com.android.intentfuzzer/u0a64} (pid=1948, uid=10064) not exported from uid 10054
09-01 09:53:05.339 W/System.err( 1948): java.lang.Exception: Toast callstack! strTip=Send Intent Failed!
09-01 09:53:05.339 W/System.err( 1948): 	at android.widget.Toast.show(Toast.java:130)
09-01 09:53:05.339 W/System.err( 1948): 	at com.android.intentfuzzer.FuzzerActivity$3.onClick(FuzzerActivity.java:167)
09-01 09:53:05.339 W/System.err( 1948): 	at android.view.View.performClick(View.java:5637)
09-01 09:53:05.339 W/System.err( 1948): 	at android.view.View$PerformClick.run(View.java:22429)
09-01 09:53:05.339 W/System.err( 1948): 	at android.os.Handler.handleCallback(Handler.java:751)
09-01 09:53:05.339 W/System.err( 1948): 	at android.os.Handler.dispatchMessage(Handler.java:95)
09-01 09:53:05.339 W/System.err( 1948): 	at android.os.Looper.loop(Looper.java:154)
09-01 09:53:05.339 W/System.err( 1948): 	at android.app.ActivityThread.main(ActivityThread.java:6190)
09-01 09:53:05.339 W/System.err( 1948): 	at java.lang.reflect.Method.invoke(Native Method)
09-01 09:53:05.339 W/System.err( 1948): 	at com.android.internal.os.ZygoteInit$MethodAndArgsCaller.run(ZygoteInit.java:892)
09-01 09:53:05.339 W/System.err( 1948): 	at com.android.internal.os.ZygoteInit.main(ZygoteInit.java:782)
09-01 09:53:05.340 I/ActivityManager( 1282): START u0 {cmp=net.osmand.plus/.audionotes.SettingsAudioVideoActivity} from uid 10064 on display 0
09-01 09:53:05.340 W/ActivityManager( 1282): Permission Denial: starting Intent { cmp=net.osmand.plus/.audionotes.SettingsAudioVideoActivity } from ProcessRecord{4ccee7c 1948:com.android.intentfuzzer/u0a64} (pid=1948, uid=10064) not exported from uid 10054
09-01 09:53:05.342 W/System.err( 1948): java.lang.Exception: Toast callstack! strTip=Send Intent Failed!
09-01 09:53:05.342 W/System.err( 1948): 	at android.widget.Toast.show(Toast.java:130)
09-01 09:53:05.342 W/System.err( 1948): 	at com.android.intentfuzzer.FuzzerActivity$3.onClick(FuzzerActivity.java:167)
09-01 09:53:05.342 W/System.err( 1948): 	at android.view.View.performClick(View.java:5637)
09-01 09:53:05.342 W/System.err( 1948): 	at android.view.View$PerformClick.run(View.java:22429)
09-01 09:53:05.342 W/System.err( 1948): 	at android.os.Handler.handleCallback(Handler.java:751)
09-01 09:53:05.342 W/System.err( 1948): 	at android.os.Handler.dispatchMessage(Handler.java:95)
09-01 09:53:05.342 W/System.err( 1948): 	at android.os.Looper.loop(Looper.java:154)
09-01 09:53:05.342 W/System.err( 1948): 	at android.app.ActivityThread.main(ActivityThread.java:6190)
09-01 09:53:05.342 W/System.err( 1948): 	at java.lang.reflect.Method.invoke(Native Method)
09-01 09:53:05.342 W/System.err( 1948): 	at com.android.internal.os.ZygoteInit$MethodAndArgsCaller.run(ZygoteInit.java:892)
09-01 09:53:05.342 W/System.err( 1948): 	at com.android.internal.os.ZygoteInit.main(ZygoteInit.java:782)
09-01 09:53:05.344 I/ActivityManager( 1282): START u0 {cmp=net.osmand.plus/net.osmand.access.SettingsAccessibilityActivity} from uid 10064 on display 0
09-01 09:53:05.344 W/ActivityManager( 1282): Permission Denial: starting Intent { cmp=net.osmand.plus/net.osmand.access.SettingsAccessibilityActivity } from ProcessRecord{4ccee7c 1948:com.android.intentfuzzer/u0a64} (pid=1948, uid=10064) not exported from uid 10054
09-01 09:53:05.345 W/System.err( 1948): java.lang.Exception: Toast callstack! strTip=Send Intent Failed!
09-01 09:53:05.345 W/System.err( 1948): 	at android.widget.Toast.show(Toast.java:130)
09-01 09:53:05.345 W/System.err( 1948): 	at com.android.intentfuzzer.FuzzerActivity$3.onClick(FuzzerActivity.java:167)
09-01 09:53:05.345 W/System.err( 1948): 	at android.view.View.performClick(View.java:5637)
09-01 09:53:05.345 W/System.err( 1948): 	at android.view.View$PerformClick.run(View.java:22429)
09-01 09:53:05.345 W/System.err( 1948): 	at android.os.Handler.handleCallback(Handler.java:751)
09-01 09:53:05.345 W/System.err( 1948): 	at android.os.Handler.dispatchMessage(Handler.java:95)
09-01 09:53:05.345 W/System.err( 1948): 	at android.os.Looper.loop(Looper.java:154)
09-01 09:53:05.345 W/System.err( 1948): 	at android.app.ActivityThread.main(ActivityThread.java:6190)
09-01 09:53:05.345 W/System.err( 1948): 	at java.lang.reflect.Method.invoke(Native Method)
09-01 09:53:05.345 W/System.err( 1948): 	at com.android.internal.os.ZygoteInit$MethodAndArgsCaller.run(ZygoteInit.java:892)
09-01 09:53:05.345 W/System.err( 1948): 	at com.android.internal.os.ZygoteInit.main(ZygoteInit.java:782)
09-01 09:53:05.346 I/ActivityManager( 1282): START u0 {cmp=net.osmand.plus/.activities.search.SearchActivity} from uid 10064 on display 0
09-01 09:53:05.346 W/ActivityManager( 1282): Permission Denial: starting Intent { cmp=net.osmand.plus/.activities.search.SearchActivity } from ProcessRecord{4ccee7c 1948:com.android.intentfuzzer/u0a64} (pid=1948, uid=10064) not exported from uid 10054
09-01 09:53:05.347 W/System.err( 1948): java.lang.Exception: Toast callstack! strTip=Send Intent Failed!
09-01 09:53:05.348 W/System.err( 1948): 	at android.widget.Toast.show(Toast.java:130)
09-01 09:53:05.348 W/System.err( 1948): 	at com.android.intentfuzzer.FuzzerActivity$3.onClick(FuzzerActivity.java:167)
09-01 09:53:05.348 W/System.err( 1948): 	at android.view.View.performClick(View.java:5637)
09-01 09:53:05.348 W/System.err( 1948): 	at android.view.View$PerformClick.run(View.java:22429)
09-01 09:53:05.348 W/System.err( 1948): 	at android.os.Handler.handleCallback(Handler.java:751)
09-01 09:53:05.348 W/System.err( 1948): 	at android.os.Handler.dispatchMessage(Handler.java:95)
09-01 09:53:05.348 W/System.err( 1948): 	at android.os.Looper.loop(Looper.java:154)
09-01 09:53:05.348 W/System.err( 1948): 	at android.app.ActivityThread.main(ActivityThread.java:6190)
09-01 09:53:05.348 W/System.err( 1948): 	at java.lang.reflect.Method.invoke(Native Method)
09-01 09:53:05.348 W/System.err( 1948): 	at com.android.internal.os.ZygoteInit$MethodAndArgsCaller.run(ZygoteInit.java:892)
09-01 09:53:05.348 W/System.err( 1948): 	at com.android.internal.os.ZygoteInit.main(ZygoteInit.java:782)
09-01 09:53:05.350 I/ActivityManager( 1282): START u0 {cmp=net.osmand.plus/.activities.FavoritesListActivity} from uid 10064 on display 0
09-01 09:53:05.350 W/ActivityManager( 1282): Permission Denial: starting Intent { cmp=net.osmand.plus/.activities.FavoritesListActivity } from ProcessRecord{4ccee7c 1948:com.android.intentfuzzer/u0a64} (pid=1948, uid=10064) not exported from uid 10054
09-01 09:53:05.351 W/System.err( 1948): java.lang.Exception: Toast callstack! strTip=Send Intent Failed!
09-01 09:53:05.352 W/System.err( 1948): 	at android.widget.Toast.show(Toast.java:130)
09-01 09:53:05.352 W/System.err( 1948): 	at com.android.intentfuzzer.FuzzerActivity$3.onClick(FuzzerActivity.java:167)
09-01 09:53:05.352 W/System.err( 1948): 	at android.view.View.performClick(View.java:5637)
09-01 09:53:05.352 W/System.err( 1948): 	at android.view.View$PerformClick.run(View.java:22429)
09-01 09:53:05.352 W/System.err( 1948): 	at android.os.Handler.handleCallback(Handler.java:751)
09-01 09:53:05.352 W/System.err( 1948): 	at android.os.Handler.dispatchMessage(Handler.java:95)
09-01 09:53:05.352 W/System.err( 1948): 	at android.os.Looper.loop(Looper.java:154)
09-01 09:53:05.352 W/System.err( 1948): 	at android.app.ActivityThread.main(ActivityThread.java:6190)
09-01 09:53:05.352 W/System.err( 1948): 	at java.lang.reflect.Method.invoke(Native Method)
09-01 09:53:05.352 W/System.err( 1948): 	at com.android.internal.os.ZygoteInit$MethodAndArgsCaller.run(ZygoteInit.java:892)
09-01 09:53:05.352 W/System.err( 1948): 	at com.android.internal.os.ZygoteInit.main(ZygoteInit.java:782)
09-01 09:53:05.353 I/ActivityManager( 1282): START u0 {cmp=net.osmand.plus/.myplaces.FavoritesActivity} from uid 10064 on display 0
09-01 09:53:05.353 W/ActivityManager( 1282): Permission Denial: starting Intent { cmp=net.osmand.plus/.myplaces.FavoritesActivity } from ProcessRecord{4ccee7c 1948:com.android.intentfuzzer/u0a64} (pid=1948, uid=10064) not exported from uid 10054
09-01 09:53:05.355 W/System.err( 1948): java.lang.Exception: Toast callstack! strTip=Send Intent Failed!
09-01 09:53:05.355 W/System.err( 1948): 	at android.widget.Toast.show(Toast.java:130)
09-01 09:53:05.355 W/System.err( 1948): 	at com.android.intentfuzzer.FuzzerActivity$3.onClick(FuzzerActivity.java:167)
09-01 09:53:05.355 W/System.err( 1948): 	at android.view.View.performClick(View.java:5637)
09-01 09:53:05.355 W/System.err( 1948): 	at android.view.View$PerformClick.run(View.java:22429)
09-01 09:53:05.355 W/System.err( 1948): 	at android.os.Handler.handleCallback(Handler.java:751)
09-01 09:53:05.355 W/System.err( 1948): 	at android.os.Handler.dispatchMessage(Handler.java:95)
09-01 09:53:05.355 W/System.err( 1948): 	at android.os.Looper.loop(Looper.java:154)
09-01 09:53:05.355 W/System.err( 1948): 	at android.app.ActivityThread.main(ActivityThread.java:6190)
09-01 09:53:05.355 W/System.err( 1948): 	at java.lang.reflect.Method.invoke(Native Method)
09-01 09:53:05.355 W/System.err( 1948): 	at com.android.internal.os.ZygoteInit$MethodAndArgsCaller.run(ZygoteInit.java:892)
09-01 09:53:05.355 W/System.err( 1948): 	at com.android.internal.os.ZygoteInit.main(ZygoteInit.java:782)
09-01 09:53:05.358 I/ActivityManager( 1282): START u0 {cmp=net.osmand.plus/.activities.TrackActivity} from uid 10064 on display 0
09-01 09:53:05.358 W/ActivityManager( 1282): Permission Denial: starting Intent { cmp=net.osmand.plus/.activities.TrackActivity } from ProcessRecord{4ccee7c 1948:com.android.intentfuzzer/u0a64} (pid=1948, uid=10064) not exported from uid 10054
09-01 09:53:05.360 W/System.err( 1948): java.lang.Exception: Toast callstack! strTip=Send Intent Failed!
09-01 09:53:05.360 W/System.err( 1948): 	at android.widget.Toast.show(Toast.java:130)
09-01 09:53:05.360 W/System.err( 1948): 	at com.android.intentfuzzer.FuzzerActivity$3.onClick(FuzzerActivity.java:167)
09-01 09:53:05.360 W/System.err( 1948): 	at android.view.View.performClick(View.java:5637)
09-01 09:53:05.360 W/System.err( 1948): 	at android.view.View$PerformClick.run(View.java:22429)
09-01 09:53:05.360 W/System.err( 1948): 	at android.os.Handler.handleCallback(Handler.java:751)
09-01 09:53:05.360 W/System.err( 1948): 	at android.os.Handler.dispatchMessage(Handler.java:95)
09-01 09:53:05.360 W/System.err( 1948): 	at android.os.Looper.loop(Looper.java:154)
09-01 09:53:05.360 W/System.err( 1948): 	at android.app.ActivityThread.main(ActivityThread.java:6190)
09-01 09:53:05.360 W/System.err( 1948): 	at java.lang.reflect.Method.invoke(Native Method)
09-01 09:53:05.360 W/System.err( 1948): 	at com.android.internal.os.ZygoteInit$MethodAndArgsCaller.run(ZygoteInit.java:892)
09-01 09:53:05.360 W/System.err( 1948): 	at com.android.internal.os.ZygoteInit.main(ZygoteInit.java:782)
09-01 09:53:05.361 I/ActivityManager( 1282): START u0 {cmp=net.osmand.plus/.activities.PluginsActivity} from uid 10064 on display 0
09-01 09:53:05.361 W/ActivityManager( 1282): Permission Denial: starting Intent { cmp=net.osmand.plus/.activities.PluginsActivity } from ProcessRecord{4ccee7c 1948:com.android.intentfuzzer/u0a64} (pid=1948, uid=10064) not exported from uid 10054
09-01 09:53:05.362 W/System.err( 1948): java.lang.Exception: Toast callstack! strTip=Send Intent Failed!
09-01 09:53:05.363 W/System.err( 1948): 	at android.widget.Toast.show(Toast.java:130)
09-01 09:53:05.363 W/System.err( 1948): 	at com.android.intentfuzzer.FuzzerActivity$3.onClick(FuzzerActivity.java:167)
09-01 09:53:05.363 W/System.err( 1948): 	at android.view.View.performClick(View.java:5637)
09-01 09:53:05.363 W/System.err( 1948): 	at android.view.View$PerformClick.run(View.java:22429)
09-01 09:53:05.363 W/System.err( 1948): 	at android.os.Handler.handleCallback(Handler.java:751)
09-01 09:53:05.363 W/System.err( 1948): 	at android.os.Handler.dispatchMessage(Handler.java:95)
09-01 09:53:05.363 W/System.err( 1948): 	at android.os.Looper.loop(Looper.java:154)
09-01 09:53:05.363 W/System.err( 1948): 	at android.app.ActivityThread.main(ActivityThread.java:6190)
09-01 09:53:05.363 W/System.err( 1948): 	at java.lang.reflect.Method.invoke(Native Method)
09-01 09:53:05.363 W/System.err( 1948): 	at com.android.internal.os.ZygoteInit$MethodAndArgsCaller.run(ZygoteInit.java:892)
09-01 09:53:05.363 W/System.err( 1948): 	at com.android.internal.os.ZygoteInit.main(ZygoteInit.java:782)
09-01 09:53:05.364 I/ActivityManager( 1282): START u0 {cmp=net.osmand.plus/.activities.PluginActivity} from uid 10064 on display 0
09-01 09:53:05.364 W/ActivityManager( 1282): Permission Denial: starting Intent { cmp=net.osmand.plus/.activities.PluginActivity } from ProcessRecord{4ccee7c 1948:com.android.intentfuzzer/u0a64} (pid=1948, uid=10064) not exported from uid 10054
09-01 09:53:05.365 W/System.err( 1948): java.lang.Exception: Toast callstack! strTip=Send Intent Failed!
09-01 09:53:05.365 W/System.err( 1948): 	at android.widget.Toast.show(Toast.java:130)
09-01 09:53:05.365 W/System.err( 1948): 	at com.android.intentfuzzer.FuzzerActivity$3.onClick(FuzzerActivity.java:167)
09-01 09:53:05.365 W/System.err( 1948): 	at android.view.View.performClick(View.java:5637)
09-01 09:53:05.365 W/System.err( 1948): 	at android.view.View$PerformClick.run(View.java:22429)
09-01 09:53:05.365 W/System.err( 1948): 	at android.os.Handler.handleCallback(Handler.java:751)
09-01 09:53:05.365 W/System.err( 1948): 	at android.os.Handler.dispatchMessage(Handler.java:95)
09-01 09:53:05.365 W/System.err( 1948): 	at android.os.Looper.loop(Looper.java:154)
09-01 09:53:05.365 W/System.err( 1948): 	at android.app.ActivityThread.main(ActivityThread.java:6190)
09-01 09:53:05.365 W/System.err( 1948): 	at java.lang.reflect.Method.invoke(Native Method)
09-01 09:53:05.365 W/System.err( 1948): 	at com.android.internal.os.ZygoteInit$MethodAndArgsCaller.run(ZygoteInit.java:892)
09-01 09:53:05.365 W/System.err( 1948): 	at com.android.internal.os.ZygoteInit.main(ZygoteInit.java:782)
09-01 09:53:05.371 I/ActivityManager( 1282): START u0 {cmp=net.osmand.plus/.activities.ContributionVersionActivity} from uid 10064 on display 0
09-01 09:53:05.371 W/ActivityManager( 1282): Permission Denial: starting Intent { cmp=net.osmand.plus/.activities.ContributionVersionActivity } from ProcessRecord{4ccee7c 1948:com.android.intentfuzzer/u0a64} (pid=1948, uid=10064) not exported from uid 10054
09-01 09:53:05.372 W/System.err( 1948): java.lang.Exception: Toast callstack! strTip=Send Intent Failed!
09-01 09:53:05.372 W/System.err( 1948): 	at android.widget.Toast.show(Toast.java:130)
09-01 09:53:05.372 W/System.err( 1948): 	at com.android.intentfuzzer.FuzzerActivity$3.onClick(FuzzerActivity.java:167)
09-01 09:53:05.372 W/System.err( 1948): 	at android.view.View.performClick(View.java:5637)
09-01 09:53:05.372 W/System.err( 1948): 	at android.view.View$PerformClick.run(View.java:22429)
09-01 09:53:05.372 W/System.err( 1948): 	at android.os.Handler.handleCallback(Handler.java:751)
09-01 09:53:05.372 W/System.err( 1948): 	at android.os.Handler.dispatchMessage(Handler.java:95)
09-01 09:53:05.372 W/System.err( 1948): 	at android.os.Looper.loop(Looper.java:154)
09-01 09:53:05.372 W/System.err( 1948): 	at android.app.ActivityThread.main(ActivityThread.java:6190)
09-01 09:53:05.372 W/System.err( 1948): 	at java.lang.reflect.Method.invoke(Native Method)
09-01 09:53:05.372 W/System.err( 1948): 	at com.android.internal.os.ZygoteInit$MethodAndArgsCaller.run(ZygoteInit.java:892)
09-01 09:53:05.372 W/System.err( 1948): 	at com.android.internal.os.ZygoteInit.main(ZygoteInit.java:782)
09-01 09:53:05.373 I/ActivityManager( 1282): START u0 {cmp=net.osmand.plus/.osmo.SettingsOsMoActivity} from uid 10064 on display 0
09-01 09:53:05.373 W/ActivityManager( 1282): Permission Denial: starting Intent { cmp=net.osmand.plus/.osmo.SettingsOsMoActivity } from ProcessRecord{4ccee7c 1948:com.android.intentfuzzer/u0a64} (pid=1948, uid=10064) not exported from uid 10054
09-01 09:53:05.375 W/System.err( 1948): java.lang.Exception: Toast callstack! strTip=Send Intent Failed!
09-01 09:53:05.375 W/System.err( 1948): 	at android.widget.Toast.show(Toast.java:130)
09-01 09:53:05.375 W/System.err( 1948): 	at com.android.intentfuzzer.FuzzerActivity$3.onClick(FuzzerActivity.java:167)
09-01 09:53:05.375 W/System.err( 1948): 	at android.view.View.performClick(View.java:5637)
09-01 09:53:05.375 W/System.err( 1948): 	at android.view.View$PerformClick.run(View.java:22429)
09-01 09:53:05.375 W/System.err( 1948): 	at android.os.Handler.handleCallback(Handler.java:751)
09-01 09:53:05.375 W/System.err( 1948): 	at android.os.Handler.dispatchMessage(Handler.java:95)
09-01 09:53:05.375 W/System.err( 1948): 	at android.os.Looper.loop(Looper.java:154)
09-01 09:53:05.375 W/System.err( 1948): 	at android.app.ActivityThread.main(ActivityThread.java:6190)
09-01 09:53:05.375 W/System.err( 1948): 	at java.lang.reflect.Method.invoke(Native Method)
09-01 09:53:05.375 W/System.err( 1948): 	at com.android.internal.os.ZygoteInit$MethodAndArgsCaller.run(ZygoteInit.java:892)
09-01 09:53:05.375 W/System.err( 1948): 	at com.android.internal.os.ZygoteInit.main(ZygoteInit.java:782)
09-01 09:53:05.376 I/ActivityManager( 1282): START u0 {cmp=net.osmand.plus/.osmo.OsMoGroupsActivity} from uid 10064 on display 0
09-01 09:53:05.385 W/System.err( 1948): java.lang.Exception: Toast callstack! strTip=Sent Null Intent { cmp=net.osmand.plus/.osmo.OsMoGroupsActivity }
09-01 09:53:05.385 W/System.err( 1948): 	at android.widget.Toast.show(Toast.java:130)
09-01 09:53:05.386 W/System.err( 1948): 	at com.android.intentfuzzer.FuzzerActivity$3.onClick(FuzzerActivity.java:165)
09-01 09:53:05.386 W/System.err( 1948): 	at android.view.View.performClick(View.java:5637)
09-01 09:53:05.386 W/System.err( 1948): 	at android.view.View$PerformClick.run(View.java:22429)
09-01 09:53:05.386 W/System.err( 1948): 	at android.os.Handler.handleCallback(Handler.java:751)
09-01 09:53:05.386 W/System.err( 1948): 	at android.os.Handler.dispatchMessage(Handler.java:95)
09-01 09:53:05.386 W/System.err( 1948): 	at android.os.Looper.loop(Looper.java:154)
09-01 09:53:05.386 W/System.err( 1948): 	at android.app.ActivityThread.main(ActivityThread.java:6190)
09-01 09:53:05.386 W/System.err( 1948): 	at java.lang.reflect.Method.invoke(Native Method)
09-01 09:53:05.386 W/System.err( 1948): 	at com.android.internal.os.ZygoteInit$MethodAndArgsCaller.run(ZygoteInit.java:892)
09-01 09:53:05.386 W/System.err( 1948): 	at com.android.internal.os.ZygoteInit.main(ZygoteInit.java:782)
09-01 09:53:05.387 W/ContextImpl( 1676): Calling a method in the system process without a qualified user: android.app.ContextImpl.startService:1358 android.content.ContextWrapper.startService:613 android.content.ContextWrapper.startService:613 com.android.coreservice.CoreBroadcastReceiver.onReceive:44 android.app.ActivityThread.handleReceiver:3073 
09-01 09:53:05.389 I/ActivityManager( 1282): START u0 {cmp=net.osmand.plus/.activities.search.SearchPOIActivity} from uid 10064 on display 0
09-01 09:53:05.389 W/ActivityManager( 1282): Permission Denial: starting Intent { cmp=net.osmand.plus/.activities.search.SearchPOIActivity } from ProcessRecord{4ccee7c 1948:com.android.intentfuzzer/u0a64} (pid=1948, uid=10064) not exported from uid 10054
09-01 09:53:05.390 W/System.err( 1948): java.lang.Exception: Toast callstack! strTip=Send Intent Failed!
09-01 09:53:05.394 W/System.err( 1948): 	at android.widget.Toast.show(Toast.java:130)
09-01 09:53:05.394 W/System.err( 1948): 	at com.android.intentfuzzer.FuzzerActivity$3.onClick(FuzzerActivity.java:167)
09-01 09:53:05.394 W/System.err( 1948): 	at android.view.View.performClick(View.java:5637)
09-01 09:53:05.394 W/System.err( 1948): 	at android.view.View$PerformClick.run(View.java:22429)
09-01 09:53:05.394 W/System.err( 1948): 	at android.os.Handler.handleCallback(Handler.java:751)
09-01 09:53:05.394 W/System.err( 1948): 	at android.os.Handler.dispatchMessage(Handler.java:95)
09-01 09:53:05.394 W/System.err( 1948): 	at android.os.Looper.loop(Looper.java:154)
09-01 09:53:05.394 W/System.err( 1948): 	at android.app.ActivityThread.main(ActivityThread.java:6190)
09-01 09:53:05.394 W/System.err( 1948): 	at java.lang.reflect.Method.invoke(Native Method)
09-01 09:53:05.394 W/System.err( 1948): 	at com.android.internal.os.ZygoteInit$MethodAndArgsCaller.run(ZygoteInit.java:892)
09-01 09:53:05.394 W/System.err( 1948): 	at com.android.internal.os.ZygoteInit.main(ZygoteInit.java:782)
09-01 09:53:05.396 W/ContextImpl( 1676): Calling a method in the system process without a qualified user: android.app.ContextImpl.startService:1358 android.content.ContextWrapper.startService:613 android.content.ContextWrapper.startService:613 com.android.coreservice.CoreBroadcastReceiver.onReceive:44 android.app.ActivityThread.handleReceiver:3073 
09-01 09:53:05.399 I/ActivityManager( 1282): START u0 {cmp=net.osmand.plus/.activities.search.SearchAddressActivity} from uid 10064 on display 0
09-01 09:53:05.399 W/ActivityManager( 1282): Permission Denial: starting Intent { cmp=net.osmand.plus/.activities.search.SearchAddressActivity } from ProcessRecord{4ccee7c 1948:com.android.intentfuzzer/u0a64} (pid=1948, uid=10064) not exported from uid 10054
09-01 09:53:05.403 W/System.err( 1948): java.lang.Exception: Toast callstack! strTip=Send Intent Failed!
09-01 09:53:05.403 W/System.err( 1948): 	at android.widget.Toast.show(Toast.java:130)
09-01 09:53:05.403 W/System.err( 1948): 	at com.android.intentfuzzer.FuzzerActivity$3.onClick(FuzzerActivity.java:167)
09-01 09:53:05.403 W/System.err( 1948): 	at android.view.View.performClick(View.java:5637)
09-01 09:53:05.403 W/System.err( 1948): 	at android.view.View$PerformClick.run(View.java:22429)
09-01 09:53:05.403 W/System.err( 1948): 	at android.os.Handler.handleCallback(Handler.java:751)
09-01 09:53:05.403 W/System.err( 1948): 	at android.os.Handler.dispatchMessage(Handler.java:95)
09-01 09:53:05.403 W/System.err( 1948): 	at android.os.Looper.loop(Looper.java:154)
09-01 09:53:05.403 W/System.err( 1948): 	at android.app.ActivityThread.main(ActivityThread.java:6190)
09-01 09:53:05.403 W/System.err( 1948): 	at java.lang.reflect.Method.invoke(Native Method)
09-01 09:53:05.403 W/System.err( 1948): 	at com.android.internal.os.ZygoteInit$MethodAndArgsCaller.run(ZygoteInit.java:892)
09-01 09:53:05.403 W/System.err( 1948): 	at com.android.internal.os.ZygoteInit.main(ZygoteInit.java:782)
09-01 09:53:05.405 I/ActivityManager( 1282): START u0 {cmp=net.osmand.plus/.activities.search.SearchCityByNameActivity} from uid 10064 on display 0
09-01 09:53:05.405 W/ActivityManager( 1282): Permission Denial: starting Intent { cmp=net.osmand.plus/.activities.search.SearchCityByNameActivity } from ProcessRecord{4ccee7c 1948:com.android.intentfuzzer/u0a64} (pid=1948, uid=10064) not exported from uid 10054
09-01 09:53:05.407 W/System.err( 1948): java.lang.Exception: Toast callstack! strTip=Send Intent Failed!
09-01 09:53:05.407 W/System.err( 1948): 	at android.widget.Toast.show(Toast.java:130)
09-01 09:53:05.407 W/System.err( 1948): 	at com.android.intentfuzzer.FuzzerActivity$3.onClick(FuzzerActivity.java:167)
09-01 09:53:05.407 W/System.err( 1948): 	at android.view.View.performClick(View.java:5637)
09-01 09:53:05.407 W/System.err( 1948): 	at android.view.View$PerformClick.run(View.java:22429)
09-01 09:53:05.407 W/System.err( 1948): 	at android.os.Handler.handleCallback(Handler.java:751)
09-01 09:53:05.407 W/System.err( 1948): 	at android.os.Handler.dispatchMessage(Handler.java:95)
09-01 09:53:05.407 W/System.err( 1948): 	at android.os.Looper.loop(Looper.java:154)
09-01 09:53:05.408 W/System.err( 1948): 	at android.app.ActivityThread.main(ActivityThread.java:6190)
09-01 09:53:05.408 W/System.err( 1948): 	at java.lang.reflect.Method.invoke(Native Method)
09-01 09:53:05.408 W/System.err( 1948): 	at com.android.internal.os.ZygoteInit$MethodAndArgsCaller.run(ZygoteInit.java:892)
09-01 09:53:05.408 W/System.err( 1948): 	at com.android.internal.os.ZygoteInit.main(ZygoteInit.java:782)
09-01 09:53:05.411 I/ActivityManager( 1282): START u0 {cmp=net.osmand.plus/.activities.search.SearchRegionByNameActivity} from uid 10064 on display 0
09-01 09:53:05.411 W/ActivityManager( 1282): Permission Denial: starting Intent { cmp=net.osmand.plus/.activities.search.SearchRegionByNameActivity } from ProcessRecord{4ccee7c 1948:com.android.intentfuzzer/u0a64} (pid=1948, uid=10064) not exported from uid 10054
09-01 09:53:05.413 W/System.err( 1948): java.lang.Exception: Toast callstack! strTip=Send Intent Failed!
09-01 09:53:05.414 W/System.err( 1948): 	at android.widget.Toast.show(Toast.java:130)
09-01 09:53:05.414 W/System.err( 1948): 	at com.android.intentfuzzer.FuzzerActivity$3.onClick(FuzzerActivity.java:167)
09-01 09:53:05.414 W/System.err( 1948): 	at android.view.View.performClick(View.java:5637)
09-01 09:53:05.414 W/System.err( 1948): 	at android.view.View$PerformClick.run(View.java:22429)
09-01 09:53:05.414 W/System.err( 1948): 	at android.os.Handler.handleCallback(Handler.java:751)
09-01 09:53:05.414 W/System.err( 1948): 	at android.os.Handler.dispatchMessage(Handler.java:95)
09-01 09:53:05.414 W/System.err( 1948): 	at android.os.Looper.loop(Looper.java:154)
09-01 09:53:05.414 W/System.err( 1948): 	at android.app.ActivityThread.main(ActivityThread.java:6190)
09-01 09:53:05.414 W/System.err( 1948): 	at java.lang.reflect.Method.invoke(Native Method)
09-01 09:53:05.414 W/System.err( 1948): 	at com.android.internal.os.ZygoteInit$MethodAndArgsCaller.run(ZygoteInit.java:892)
09-01 09:53:05.414 W/System.err( 1948): 	at com.android.internal.os.ZygoteInit.main(ZygoteInit.java:782)
09-01 09:53:05.418 I/ActivityManager( 1282): START u0 {cmp=net.osmand.plus/.activities.search.SearchStreetByNameActivity} from uid 10064 on display 0
09-01 09:53:05.418 W/ActivityManager( 1282): Permission Denial: starting Intent { cmp=net.osmand.plus/.activities.search.SearchStreetByNameActivity } from ProcessRecord{4ccee7c 1948:com.android.intentfuzzer/u0a64} (pid=1948, uid=10064) not exported from uid 10054
09-01 09:53:05.420 W/System.err( 1948): java.lang.Exception: Toast callstack! strTip=Send Intent Failed!
09-01 09:53:05.421 W/System.err( 1948): 	at android.widget.Toast.show(Toast.java:130)
09-01 09:53:05.421 W/System.err( 1948): 	at com.android.intentfuzzer.FuzzerActivity$3.onClick(FuzzerActivity.java:167)
09-01 09:53:05.421 W/System.err( 1948): 	at android.view.View.performClick(View.java:5637)
09-01 09:53:05.421 W/System.err( 1948): 	at android.view.View$PerformClick.run(View.java:22429)
09-01 09:53:05.421 W/System.err( 1948): 	at android.os.Handler.handleCallback(Handler.java:751)
09-01 09:53:05.421 W/System.err( 1948): 	at android.os.Handler.dispatchMessage(Handler.java:95)
09-01 09:53:05.421 W/System.err( 1948): 	at android.os.Looper.loop(Looper.java:154)
09-01 09:53:05.421 W/System.err( 1948): 	at android.app.ActivityThread.main(ActivityThread.java:6190)
09-01 09:53:05.421 W/System.err( 1948): 	at java.lang.reflect.Method.invoke(Native Method)
09-01 09:53:05.421 W/System.err( 1948): 	at com.android.internal.os.ZygoteInit$MethodAndArgsCaller.run(ZygoteInit.java:892)
09-01 09:53:05.421 W/System.err( 1948): 	at com.android.internal.os.ZygoteInit.main(ZygoteInit.java:782)
09-01 09:53:05.422 I/ActivityManager( 1282): START u0 {cmp=net.osmand.plus/.activities.search.SearchStreet2ByNameActivity} from uid 10064 on display 0
09-01 09:53:05.422 W/ActivityManager( 1282): Permission Denial: starting Intent { cmp=net.osmand.plus/.activities.search.SearchStreet2ByNameActivity } from ProcessRecord{4ccee7c 1948:com.android.intentfuzzer/u0a64} (pid=1948, uid=10064) not exported from uid 10054
09-01 09:53:05.424 W/System.err( 1948): java.lang.Exception: Toast callstack! strTip=Send Intent Failed!
09-01 09:53:05.424 W/System.err( 1948): 	at android.widget.Toast.show(Toast.java:130)
09-01 09:53:05.424 W/System.err( 1948): 	at com.android.intentfuzzer.FuzzerActivity$3.onClick(FuzzerActivity.java:167)
09-01 09:53:05.424 W/System.err( 1948): 	at android.view.View.performClick(View.java:5637)
09-01 09:53:05.424 W/System.err( 1948): 	at android.view.View$PerformClick.run(View.java:22429)
09-01 09:53:05.424 W/System.err( 1948): 	at android.os.Handler.handleCallback(Handler.java:751)
09-01 09:53:05.424 W/System.err( 1948): 	at android.os.Handler.dispatchMessage(Handler.java:95)
09-01 09:53:05.424 W/System.err( 1948): 	at android.os.Looper.loop(Looper.java:154)
09-01 09:53:05.424 W/System.err( 1948): 	at android.app.ActivityThread.main(ActivityThread.java:6190)
09-01 09:53:05.424 W/System.err( 1948): 	at java.lang.reflect.Method.invoke(Native Method)
09-01 09:53:05.424 W/System.err( 1948): 	at com.android.internal.os.ZygoteInit$MethodAndArgsCaller.run(ZygoteInit.java:892)
