09-01 09:55:48.949 D/StrictMode( 2151): 	at android.app.SharedPreferencesImpl.enqueueDiskWrite(SharedPreferencesImpl.java:554)
09-01 09:55:48.949 D/StrictMode( 2151): 	at android.app.SharedPreferencesImpl.-wrap0(SharedPreferencesImpl.java)
09-01 09:55:48.949 D/StrictMode( 2151): 	at android.app.SharedPreferencesImpl$EditorImpl.commit(SharedPreferencesImpl.java:476)
09-01 09:55:48.949 D/StrictMode( 2151): 	at net.osmand.plus.AppInitializer.initVariables(AppInitializer.java:168)
09-01 09:55:48.949 D/StrictMode( 2151): 	at net.osmand.plus.OsmandApplication.onCreate(OsmandApplication.java:169)
09-01 09:55:48.949 D/StrictMode( 2151): 	at android.app.Instrumentation.callApplicationOnCreate(Instrumentation.java:1024)
09-01 09:55:48.949 D/StrictMode( 2151): 	at android.app.ActivityThread.handleBindApplication(ActivityThread.java:5474)
09-01 09:55:48.949 D/StrictMode( 2151): 	at android.app.ActivityThread.-wrap2(ActivityThread.java)
09-01 09:55:48.949 D/StrictMode( 2151): 	at android.app.ActivityThread$H.handleMessage(ActivityThread.java:1550)
09-01 09:55:48.949 D/StrictMode( 2151): 	at android.os.Handler.dispatchMessage(Handler.java:102)
09-01 09:55:48.949 D/StrictMode( 2151): 	at android.os.Looper.loop(Looper.java:154)
09-01 09:55:48.949 D/StrictMode( 2151): 	at android.app.ActivityThread.main(ActivityThread.java:6190)
09-01 09:55:48.949 D/StrictMode( 2151): 	at java.lang.reflect.Method.invoke(Native Method)
09-01 09:55:48.949 D/StrictMode( 2151): 	at com.android.internal.os.ZygoteInit$MethodAndArgsCaller.run(ZygoteInit.java:892)
09-01 09:55:48.949 D/StrictMode( 2151): 	at com.android.internal.os.ZygoteInit.main(ZygoteInit.java:782)
09-01 09:55:49.041 W/art     ( 2151): Before Android 4.1, method android.graphics.PorterDuffColorFilter android.support.graphics.drawable.VectorDrawableCompat.updateTintFilter(android.graphics.PorterDuffColorFilter, android.content.res.ColorStateList, android.graphics.PorterDuff$Mode) would have incorrectly overridden the package-private method in android.graphics.drawable.Drawable
09-01 09:55:49.073 I/art     ( 2151): Background sticky concurrent mark sweep GC freed 35335(1722KB) AllocSpace objects, 0(0B) LOS objects, 0% free, 17MB/17MB, paused 3.750ms total 134.466ms
09-01 09:55:49.076 E/net.osmand( 2151): RenderingRuleProperty Rendering parse  in strokeWidth_2
09-01 09:55:49.077 E/net.osmand( 2151): RenderingRuleProperty Rendering parse  in strokeWidth_2
09-01 09:55:49.078 E/net.osmand( 2151): RenderingRuleProperty Rendering parse  in strokeWidth
09-01 09:55:49.213 I/art     ( 2151): Background partial concurrent mark sweep GC freed 20674(1362KB) AllocSpace objects, 1(2MB) LOS objects, 39% free, 15MB/26MB, paused 3.969ms total 139.077ms
09-01 09:55:49.235 D/audio_hw_hal( 1088): log_func, out_standby
09-01 09:55:49.235 D/audio_hw_hal( 1088): raw_close_output_stream, dev=0xf6e480c0, stream =0xf6e43140
09-01 09:55:49.235 D/audio_hw_hal( 1088): raw_close_output_stream, stream=0xf6e43140,  success!
09-01 09:55:49.323 D/AndroidRuntime( 2151): Shutting down VM
09-01 09:55:49.330 E/AndroidRuntime( 2151): FATAL EXCEPTION: main
09-01 09:55:49.330 E/AndroidRuntime( 2151): Process: net.osmand.plus, PID: 2151
09-01 09:55:49.330 E/AndroidRuntime( 2151): java.lang.RuntimeException: Unable to resume activity {net.osmand.plus/net.osmand.plus.wikivoyage.explore.WikivoyageExploreActivity}: java.lang.RuntimeException: Parcelable encountered ClassNotFoundException reading a Serializable object (name = com.android.intentfuzzer.util.SerializableTest)
09-01 09:55:49.330 E/AndroidRuntime( 2151): 	at android.app.ActivityThread.performResumeActivity(ActivityThread.java:3462)
09-01 09:55:49.330 E/AndroidRuntime( 2151): 	at android.app.ActivityThread.handleResumeActivity(ActivityThread.java:3502)
09-01 09:55:49.330 E/AndroidRuntime( 2151): 	at android.app.ActivityThread.handleLaunchActivity(ActivityThread.java:2765)
09-01 09:55:49.330 E/AndroidRuntime( 2151): 	at android.app.ActivityThread.-wrap12(ActivityThread.java)
09-01 09:55:49.330 E/AndroidRuntime( 2151): 	at android.app.ActivityThread$H.handleMessage(ActivityThread.java:1482)
09-01 09:55:49.330 E/AndroidRuntime( 2151): 	at android.os.Handler.dispatchMessage(Handler.java:102)
09-01 09:55:49.330 E/AndroidRuntime( 2151): 	at android.os.Looper.loop(Looper.java:154)
09-01 09:55:49.330 E/AndroidRuntime( 2151): 	at android.app.ActivityThread.main(ActivityThread.java:6190)
09-01 09:55:49.330 E/AndroidRuntime( 2151): 	at java.lang.reflect.Method.invoke(Native Method)
09-01 09:55:49.330 E/AndroidRuntime( 2151): 	at com.android.internal.os.ZygoteInit$MethodAndArgsCaller.run(ZygoteInit.java:892)
09-01 09:55:49.330 E/AndroidRuntime( 2151): 	at com.android.internal.os.ZygoteInit.main(ZygoteInit.java:782)
09-01 09:55:49.330 E/AndroidRuntime( 2151): Caused by: java.lang.RuntimeException: Parcelable encountered ClassNotFoundException reading a Serializable object (name = com.android.intentfuzzer.util.SerializableTest)
09-01 09:55:49.330 E/AndroidRuntime( 2151): 	at android.os.Parcel.readSerializable(Parcel.java:2630)
09-01 09:55:49.330 E/AndroidRuntime( 2151): 	at android.os.Parcel.readValue(Parcel.java:2416)
09-01 09:55:49.330 E/AndroidRuntime( 2151): 	at android.os.Parcel.readArrayMapInternal(Parcel.java:2732)
09-01 09:55:49.330 E/AndroidRuntime( 2151): 	at android.os.BaseBundle.unparcel(BaseBundle.java:269)
09-01 09:55:49.330 E/AndroidRuntime( 2151): 	at android.os.BaseBundle.getInt(BaseBundle.java:867)
09-01 09:55:49.330 E/AndroidRuntime( 2151): 	at android.content.Intent.getIntExtra(Intent.java:6178)
09-01 09:55:49.330 E/AndroidRuntime( 2151): 	at net.osmand.plus.wikivoyage.explore.WikivoyageExploreActivity.onResume(WikivoyageExploreActivity.java:176)
09-01 09:55:49.330 E/AndroidRuntime( 2151): 	at android.app.Instrumentation.callActivityOnResume(Instrumentation.java:1269)
09-01 09:55:49.330 E/AndroidRuntime( 2151): 	at android.app.Activity.performResume_orig(Activity.java:6822)
09-01 09:55:49.330 E/AndroidRuntime( 2151): 	at android.app.Activity.performResume(Activity.java:6803)
09-01 09:55:49.330 E/AndroidRuntime( 2151): 	at android.app.ActivityThread.performResumeActivity(ActivityThread.java:3439)
09-01 09:55:49.330 E/AndroidRuntime( 2151): 	... 10 more
09-01 09:55:49.330 E/AndroidRuntime( 2151): Caused by: java.lang.ClassNotFoundException: com.android.intentfuzzer.util.SerializableTest
09-01 09:55:49.330 E/AndroidRuntime( 2151): 	at java.lang.Class.classForName(Native Method)
09-01 09:55:49.330 E/AndroidRuntime( 2151): 	at java.lang.Class.forName(Class.java:400)
09-01 09:55:49.330 E/AndroidRuntime( 2151): 	at android.os.Parcel$2.resolveClass(Parcel.java:2616)
09-01 09:55:49.330 E/AndroidRuntime( 2151): 	at java.io.ObjectInputStream.readNonProxyDesc(ObjectInputStream.java:1613)
09-01 09:55:49.330 E/AndroidRuntime( 2151): 	at java.io.ObjectInputStream.readClassDesc(ObjectInputStream.java:1518)
09-01 09:55:49.330 E/AndroidRuntime( 2151): 	at java.io.ObjectInputStream.readOrdinaryObject(ObjectInputStream.java:1772)
09-01 09:55:49.330 E/AndroidRuntime( 2151): 	at java.io.ObjectInputStream.readObject0(ObjectInputStream.java:1351)
09-01 09:55:49.330 E/AndroidRuntime( 2151): 	at java.io.ObjectInputStream.readObject(ObjectInputStream.java:373)
09-01 09:55:49.330 E/AndroidRuntime( 2151): 	at android.os.Parcel.readSerializable(Parcel.java:2624)
09-01 09:55:49.330 E/AndroidRuntime( 2151): 	... 20 more
09-01 09:55:49.330 E/AndroidRuntime( 2151): Caused by: java.lang.ClassNotFoundException: Didn't find class "com.android.intentfuzzer.util.SerializableTest" on path: DexPathList[[zip file "/data/app/net.osmand.plus-1/base.apk"],nativeLibraryDirectories=[/data/app/net.osmand.plus-1/lib/x86_64, /data/app/net.osmand.plus-1/base.apk!/lib/x86_64, /system/lib64, /vendor/lib64]]
09-01 09:55:49.330 E/AndroidRuntime( 2151): 	at dalvik.system.BaseDexClassLoader.findClass(BaseDexClassLoader.java:56)
09-01 09:55:49.330 E/AndroidRuntime( 2151): 	at java.lang.ClassLoader.loadClass(ClassLoader.java:380)
09-01 09:55:49.330 E/AndroidRuntime( 2151): 	at java.lang.ClassLoader.loadClass(ClassLoader.java:312)
09-01 09:55:49.330 E/AndroidRuntime( 2151): 	... 29 more
09-01 09:55:49.334 W/ActivityManager( 1282):   Force finishing activity net.osmand.plus/.wikivoyage.explore.WikivoyageExploreActivity
09-01 09:55:49.341 W/System.err( 1282): java.lang.Exception: show AlertDialog! title=OsmAnd~
09-01 09:55:49.341 W/System.err( 1282): 	at android.app.AlertDialog.show(AlertDialog.java:134)
09-01 09:55:49.341 W/System.err( 1282): 	at com.android.server.am.AppErrors.handleShowAppErrorUi(AppErrors.java:719)
09-01 09:55:49.341 W/System.err( 1282): 	at com.android.server.am.ActivityManagerService$UiHandler.handleMessage(ActivityManagerService.java:1637)
09-01 09:55:49.341 W/System.err( 1282): 	at android.os.Handler.dispatchMessage(Handler.java:102)
09-01 09:55:49.341 W/System.err( 1282): 	at android.os.Looper.loop(Looper.java:154)
09-01 09:55:49.341 W/System.err( 1282): 	at android.os.HandlerThread.run(HandlerThread.java:61)
09-01 09:55:49.342 W/System.err( 1282): 	at com.android.server.ServiceThread.run(ServiceThread.java:46)
09-01 09:55:49.457 I/HostConnection( 1282): HostConnection::HostConnection: pid=1282, tid=1997, this=0x7fffcbbd3060
09-01 09:55:49.460 I/        ( 1282): fastpipe: Connect success
09-01 09:55:49.463 D/HostConnection( 1282): HostRPC::connect sucess: app=system_server, pid=1282, tid=1997, this=0x7fffcbc60180
09-01 09:55:49.465 D/HostConnection( 1282): queryAndSetGLESMaxVersion select gles-version: 3.1 hostGLVersion:46 process:system_server
09-01 09:55:49.465 I/OpenGLRenderer( 1282): Initialized EGL, version 1.4
09-01 09:55:49.466 D/OpenGLRenderer( 1282): Swap behavior 1
09-01 09:55:49.466 I/EGL_adreno( 1282): eglCreateContext request GLES major-version=2
09-01 09:55:49.527 D/EGL_adreno( 1282): eglCreateContext: 0x7fffcb827e00: maj 3 min 1 rcv 4
09-01 09:55:49.609 D/EGL_adreno( 1948): eglMakeCurrent: 0x7fffeb43c820: ver 3 1 (tinfo 0x7fffeb40d4a0)
09-01 09:55:49.613 W/WindowManager( 1282): Attempted to remove non-existing token: android.os.Binder@301d755
09-01 09:55:49.630 D/EGL_adreno( 1282): eglMakeCurrent: 0x7fffcb827e00: ver 3 1 (tinfo 0x7fffccfa5f40)
09-01 09:55:49.660 E/EGL_adreno( 1282): tid 1997: eglSurfaceAttrib(1338): error 0x3009 (EGL_BAD_MATCH)
09-01 09:55:49.660 W/OpenGLRenderer( 1282): Failed to set EGL_SWAP_BEHAVIOR on surface 0x7fffeb543a00, error=EGL_BAD_MATCH
09-01 09:55:49.664 D/EGL_adreno( 1282): eglMakeCurrent: 0x7fffcb827e00: ver 3 1 (tinfo 0x7fffccfa5f40)
09-01 09:55:49.768 I/art     ( 2151): Do partial code cache collection, code=26KB, data=30KB
09-01 09:55:49.768 I/art     ( 2151): After code cache collection, code=23KB, data=28KB
09-01 09:55:49.768 I/art     ( 2151): Increasing code cache capacity to 128KB
09-01 09:55:49.839 W/ActivityManager( 1282): Activity pause timeout for ActivityRecord{4da9c88 u0 net.osmand.plus/.wikivoyage.explore.WikivoyageExploreActivity t3 f}
09-01 09:55:49.853 W/art     ( 1282): Long monitor contention with owner android.display (1304) at void com.android.server.wm.WindowAnimator$1.doFrame(long)(WindowAnimator.java:144) waiters=0 in void com.android.server.wm.WindowManagerService.statusBarVisibilityChanged(int) for 213ms
09-01 09:55:49.862 I/art     ( 2151): Background partial concurrent mark sweep GC freed 45919(1430KB) AllocSpace objects, 4(5MB) LOS objects, 36% free, 27MB/43MB, paused 3.903ms total 167.554ms
09-01 09:55:49.900 W/ContextImpl( 1676): Calling a method in the system process without a qualified user: android.app.ContextImpl.startService:1358 android.content.ContextWrapper.startService:613 android.content.ContextWrapper.startService:613 com.android.coreservice.CoreBroadcastReceiver.onReceive:44 android.app.ActivityThread.handleReceiver:3073 
09-01 09:55:49.904 W/WindowManager( 1282): Failed looking up window
09-01 09:55:49.904 W/WindowManager( 1282): java.lang.IllegalArgumentException: Requested window android.os.BinderProxy@50e74a0 does not exist
09-01 09:55:49.904 W/WindowManager( 1282): 	at com.android.server.wm.WindowManagerService.windowForClientLocked(WindowManagerService.java:9459)
09-01 09:55:49.904 W/WindowManager( 1282): 	at com.android.server.wm.WindowManagerService.windowForClientLocked(WindowManagerService.java:9450)
09-01 09:55:49.904 W/WindowManager( 1282): 	at com.android.server.wm.WindowManagerService.removeWindow(WindowManagerService.java:2410)
09-01 09:55:49.904 W/WindowManager( 1282): 	at com.android.server.wm.Session.remove(Session.java:202)
09-01 09:55:49.904 W/WindowManager( 1282): 	at android.view.IWindowSession$Stub.onTransact(IWindowSession.java:242)
09-01 09:55:49.904 W/WindowManager( 1282): 	at com.android.server.wm.Session.onTransact(Session.java:145)
09-01 09:55:49.904 W/WindowManager( 1282): 	at android.os.Binder.execTransact(Binder.java:565)
09-01 09:55:49.956 E/net.osmand( 2151): RenderingRuleProperty Rendering parse 1: in strokeWidth_2
09-01 09:55:50.007 E/net.osmand( 2151): RenderingRuleProperty Rendering parse 1: in strokeWidth
09-01 09:55:50.042 I/System.out( 2151): Initialized INIT_RENDERERS in 1163 ms
09-01 09:55:50.042 I/System.out( 2151): Initialized NATIVE_OPEN_GLINITIALIZED in 0 ms
09-01 09:55:50.049 E/EGL_adreno( 1948): tid 1965: eglSurfaceAttrib(1338): error 0x3009 (EGL_BAD_MATCH)
09-01 09:55:50.049 W/OpenGLRenderer( 1948): Failed to set EGL_SWAP_BEHAVIOR on surface 0x7fffeb5e4240, error=EGL_BAD_MATCH
09-01 09:55:50.055 D/EGL_adreno( 1948): eglMakeCurrent: 0x7fffeb43c820: ver 3 1 (tinfo 0x7fffeb40d4a0)
09-01 09:55:50.225 I/art     ( 2151): Background sticky concurrent mark sweep GC freed 195964(12MB) AllocSpace objects, 0(0B) LOS objects, 22% free, 33MB/43MB, paused 2.192ms total 102.158ms
09-01 09:55:50.524 W/art     ( 2151): Long monitor contention with owner AsyncTask #2 (2178) at void sun.security.util.ManifestDigester$Entry.<init>(int, int, int, byte[])(ManifestDigester.java:199) waiters=0 in java.util.zip.ZipEntry java.util.zip.ZipFile.getEntry(java.lang.String) for 481ms
09-01 09:55:50.737 I/art     ( 2151): Do partial code cache collection, code=50KB, data=54KB
09-01 09:55:50.737 I/art     ( 2151): After code cache collection, code=49KB, data=53KB
09-01 09:55:50.737 I/art     ( 2151): Increasing code cache capacity to 256KB
09-01 09:55:50.768 I/net.osmand( 2151): MapRenderingTypes Time to init poi types 230
09-01 09:55:50.781 I/net.osmand( 2151): AppInitializer No translation: Other
09-01 09:55:50.786 I/System.out( 2151): Initialized POI_TYPES_INITIALIZED in 744 ms
09-01 09:55:50.787 I/System.out( 2151): Initialized ASSETS_COPIED in 0 ms
09-01 09:55:50.812 I/net.osmand( 2151): CachedOsmandIndexes Initialize cache 17
09-01 09:55:50.858 D/net.osmand( 2151): ResourceManager All map files initialized 70 ms
09-01 09:55:50.863 I/System.out( 2151): Initialized MAPS_INITIALIZED in 77 ms
09-01 09:55:50.869 D/net.osmand( 2151): NativeOsmandLibrary Loading native c++_shared...
09-01 09:55:50.882 D/net.osmand( 2151): NativeOsmandLibrary Loading native libraries...
09-01 09:55:50.925 I/net.osmand:native( 2151): JNI_OnLoad completed
09-01 09:55:50.925 D/net.osmand( 2151): NativeOsmandLibrary Creating NativeOsmandLibrary instance...
09-01 09:55:50.925 D/net.osmand( 2151): NativeOsmandLibrary Initializing rendering rules storage...
09-01 09:55:50.925 D/net.osmand:native( 2151): Init rendering storage net.osmand.render.RenderingRulesStorage@367327d 
09-01 09:55:51.049 I/art     ( 2151): Background partial concurrent mark sweep GC freed 423047(18MB) AllocSpace objects, 9(10MB) LOS objects, 40% free, 15MB/26MB, paused 406us total 101.628ms
09-01 09:55:52.676 I/net.osmand:native( 2151): Native Cache file initialized /storage/emulated/0/Android/data/net.osmand.plus/files/ind.cache
09-01 09:55:52.676 I/System.out( 2151): Initialized NATIVE_INITIALIZED in 1813 ms
09-01 09:55:52.712 I/System.out( 2151): Initialized FAVORITES_INITIALIZED in 36 ms
09-01 09:55:52.744 I/art     ( 2151): Background partial concurrent mark sweep GC freed 2296(510KB) AllocSpace objects, 51(17MB) LOS objects, 39% free, 17MB/29MB, paused 3.415ms total 104.773ms
09-01 09:55:52.850 I/net.osmand( 2151): AppInitializer No translation: generator_source_biomass
09-01 09:55:52.884 I/net.osmand( 2151): AppInitializer No translation: cuisine_cafe
09-01 09:55:52.890 I/net.osmand( 2151): AppInitializer No translation: cuisine_cafe
09-01 09:55:52.895 I/net.osmand( 2151): AppInitializer No translation: cuisine_cafe
09-01 09:55:52.898 I/net.osmand( 2151): AppInitializer No translation: cuisine_cafe
09-01 09:55:52.902 I/net.osmand( 2151): AppInitializer No translation: cuisine_cafe
09-01 09:55:52.906 I/net.osmand( 2151): AppInitializer No translation: cuisine_cafe
09-01 09:55:52.937 I/net.osmand( 2151): AppInitializer No translation: seamark_category
09-01 09:55:52.938 I/net.osmand( 2151): AppInitializer No translation: seamark_character
09-01 09:55:52.938 I/net.osmand( 2151): AppInitializer No translation: seamark_colour
09-01 09:55:52.938 I/net.osmand( 2151): AppInitializer No translation: seamark_height
09-01 09:55:52.938 I/net.osmand( 2151): AppInitializer No translation: seamark_period
09-01 09:55:52.938 I/net.osmand( 2151): AppInitializer No translation: seamark_range
09-01 09:55:52.938 I/net.osmand( 2151): AppInitializer No translation: seamark_reference
09-01 09:55:52.938 I/net.osmand( 2151): AppInitializer No translation: seamark_shape
09-01 09:55:52.939 I/net.osmand( 2151): AppInitializer No translation: seamark_sequence
09-01 09:55:52.939 I/net.osmand( 2151): AppInitializer No translation: seamark_system
09-01 09:55:52.939 I/net.osmand( 2151): AppInitializer No translation: seamark_topmark
09-01 09:55:53.001 I/System.out( 2151): Initialized POI_TYPES_INITIALIZED in 289 ms
09-01 09:55:53.121 D/EGL_adreno( 1948): eglMakeCurrent: 0x7fffeb43c820: ver 3 1 (tinfo 0x7fffeb40d4a0)
09-01 09:55:53.135 W/WindowManager( 1282): Attempted to remove non-existing token: android.os.Binder@822c56a
09-01 09:55:53.241 E/EGL_adreno( 1948): tid 1965: eglSurfaceAttrib(1338): error 0x3009 (EGL_BAD_MATCH)
09-01 09:55:53.241 W/OpenGLRenderer( 1948): Failed to set EGL_SWAP_BEHAVIOR on surface 0x7fffeb5e4240, error=EGL_BAD_MATCH
09-01 09:55:53.245 D/EGL_adreno( 1948): eglMakeCurrent: 0x7fffeb43c820: ver 3 1 (tinfo 0x7fffeb40d4a0)
09-01 09:55:54.012 I/net.osmand( 2151): BinaryMapIndexReader Search is done. Visit 2478 objects. Read 2478 objects.
09-01 09:55:54.012 I/net.osmand( 2151): BinaryMapIndexReader Read 65 subtrees. Go through 127 subtrees.
09-01 09:55:54.063 W/net.osmand( 2151): OsmandRegions Found orphaned regions: 1
09-01 09:55:54.063 W/net.osmand( 2151): OsmandRegions FullName = World_seamarks parent=null
09-01 09:55:54.063 I/System.out( 2151): Initialized INDEX_REGION_BOUNDARIES in 1062 ms
09-01 09:55:54.063 I/System.out( 2151): Initialized LOAD_GPX_TRACKS in 0 ms
09-01 09:55:54.067 I/System.out( 2151): Initialized SAVE_GPX_TRACKS in 4 ms
09-01 09:55:54.067 I/System.out( 2151): Initialized RESTORE_BACKUPS in 0 ms
09-01 09:55:55.023 W/WindowManager( 1282): Failed looking up window
09-01 09:55:55.023 W/WindowManager( 1282): java.lang.IllegalArgumentException: Requested window android.view.ViewRootImpl$W@ce58a1b does not exist
09-01 09:55:55.023 W/WindowManager( 1282): 	at com.android.server.wm.WindowManagerService.windowForClientLocked(WindowManagerService.java:9459)
09-01 09:55:55.023 W/WindowManager( 1282): 	at com.android.server.wm.WindowManagerService.windowForClientLocked(WindowManagerService.java:9450)
09-01 09:55:55.023 W/WindowManager( 1282): 	at com.android.server.wm.WindowManagerService.removeWindow(WindowManagerService.java:2410)
09-01 09:55:55.023 W/WindowManager( 1282): 	at com.android.server.wm.Session.remove(Session.java:202)
09-01 09:55:55.023 W/WindowManager( 1282): 	at android.view.ViewRootImpl.dispatchDetachedFromWindow(ViewRootImpl.java:3290)
09-01 09:55:55.023 W/WindowManager( 1282): 	at android.view.ViewRootImpl.doDie(ViewRootImpl.java:5917)
09-01 09:55:55.023 W/WindowManager( 1282): 	at android.view.ViewRootImpl$ViewRootHandler.handleMessage(ViewRootImpl.java:3626)
09-01 09:55:55.023 W/WindowManager( 1282): 	at android.os.Handler.dispatchMessage(Handler.java:102)
09-01 09:55:55.023 W/WindowManager( 1282): 	at android.os.Looper.loop(Looper.java:154)
09-01 09:55:55.023 W/WindowManager( 1282): 	at android.os.HandlerThread.run(HandlerThread.java:61)
09-01 09:55:55.023 W/WindowManager( 1282): 	at com.android.server.ServiceThread.run(ServiceThread.java:46)
09-01 09:55:56.090 W/ActivityManager( 1282): Launch timeout has expired, giving up wake lock!
09-01 09:55:56.645 D/EGL_adreno( 1948): eglMakeCurrent: 0x7fffeb43c820: ver 3 1 (tinfo 0x7fffeb40d4a0)
09-01 09:55:56.651 W/WindowManager( 1282): Attempted to remove non-existing token: android.os.Binder@5f4d2f8
09-01 09:55:56.762 E/EGL_adreno( 1948): tid 1965: eglSurfaceAttrib(1338): error 0x3009 (EGL_BAD_MATCH)
09-01 09:55:56.762 W/OpenGLRenderer( 1948): Failed to set EGL_SWAP_BEHAVIOR on surface 0x7fffeb5e4240, error=EGL_BAD_MATCH
09-01 09:55:56.769 D/EGL_adreno( 1948): eglMakeCurrent: 0x7fffeb43c820: ver 3 1 (tinfo 0x7fffeb40d4a0)
09-01 09:56:00.157 D/EGL_adreno( 1948): eglMakeCurrent: 0x7fffeb43c820: ver 3 1 (tinfo 0x7fffeb40d4a0)
09-01 09:56:00.169 W/WindowManager( 1282): Attempted to remove non-existing token: android.os.Binder@55593d1
09-01 09:56:00.261 E/EGL_adreno( 1948): tid 1965: eglSurfaceAttrib(1338): error 0x3009 (EGL_BAD_MATCH)
09-01 09:56:00.261 W/OpenGLRenderer( 1948): Failed to set EGL_SWAP_BEHAVIOR on surface 0x7fffeb5e4240, error=EGL_BAD_MATCH
09-01 09:56:00.269 D/EGL_adreno( 1948): eglMakeCurrent: 0x7fffeb43c820: ver 3 1 (tinfo 0x7fffeb40d4a0)
09-01 09:56:03.676 D/EGL_adreno( 1948): eglMakeCurrent: 0x7fffeb43c820: ver 3 1 (tinfo 0x7fffeb40d4a0)
09-01 09:56:03.684 W/WindowManager( 1282): Attempted to remove non-existing token: android.os.Binder@d1fce36
09-01 09:56:03.780 E/EGL_adreno( 1948): tid 1965: eglSurfaceAttrib(1338): error 0x3009 (EGL_BAD_MATCH)
09-01 09:56:03.780 W/OpenGLRenderer( 1948): Failed to set EGL_SWAP_BEHAVIOR on surface 0x7fffeb5e4240, error=EGL_BAD_MATCH
09-01 09:56:03.787 D/EGL_adreno( 1948): eglMakeCurrent: 0x7fffeb43c820: ver 3 1 (tinfo 0x7fffeb40d4a0)
09-01 09:56:07.224 D/EGL_adreno( 1948): eglMakeCurrent: 0x7fffeb43c820: ver 3 1 (tinfo 0x7fffeb40d4a0)
09-01 09:56:07.239 W/WindowManager( 1282): Attempted to remove non-existing token: android.os.Binder@b237137
09-01 09:56:07.356 E/EGL_adreno( 1948): tid 1965: eglSurfaceAttrib(1338): error 0x3009 (EGL_BAD_MATCH)
09-01 09:56:07.356 W/OpenGLRenderer( 1948): Failed to set EGL_SWAP_BEHAVIOR on surface 0x7fffeb5e4240, error=EGL_BAD_MATCH
09-01 09:56:07.386 D/EGL_adreno( 1948): eglMakeCurrent: 0x7fffeb43c820: ver 3 1 (tinfo 0x7fffeb40d4a0)
09-01 09:56:10.746 D/EGL_adreno( 1948): eglMakeCurrent: 0x7fffeb43c820: ver 3 1 (tinfo 0x7fffeb40d4a0)
09-01 09:56:10.751 W/WindowManager( 1282): Attempted to remove non-existing token: android.os.Binder@22026a4
09-01 09:56:10.867 E/EGL_adreno( 1948): tid 1965: eglSurfaceAttrib(1338): error 0x3009 (EGL_BAD_MATCH)
09-01 09:56:10.867 W/OpenGLRenderer( 1948): Failed to set EGL_SWAP_BEHAVIOR on surface 0x7fffeb5e4240, error=EGL_BAD_MATCH
09-01 09:56:10.871 D/EGL_adreno( 1948): eglMakeCurrent: 0x7fffeb43c820: ver 3 1 (tinfo 0x7fffeb40d4a0)
09-01 09:56:14.255 D/EGL_adreno( 1948): eglMakeCurrent: 0x7fffeb43c820: ver 3 1 (tinfo 0x7fffeb40d4a0)
09-01 09:56:14.268 W/WindowManager( 1282): Attempted to remove non-existing token: android.os.Binder@a4e9c0d
09-01 09:56:14.355 E/EGL_adreno( 1948): tid 1965: eglSurfaceAttrib(1338): error 0x3009 (EGL_BAD_MATCH)
09-01 09:56:14.355 W/OpenGLRenderer( 1948): Failed to set EGL_SWAP_BEHAVIOR on surface 0x7fffeb5e4240, error=EGL_BAD_MATCH
09-01 09:56:14.357 D/EGL_adreno( 1948): eglMakeCurrent: 0x7fffeb43c820: ver 3 1 (tinfo 0x7fffeb40d4a0)
09-01 09:56:17.784 W/WindowManager( 1282): Attempted to remove non-existing token: android.os.Binder@61297c2
09-01 09:56:17.785 D/EGL_adreno( 1948): eglMakeCurrent: 0x7fffeb43c820: ver 3 1 (tinfo 0x7fffeb40d4a0)
09-01 09:56:17.894 E/EGL_adreno( 1948): tid 1965: eglSurfaceAttrib(1338): error 0x3009 (EGL_BAD_MATCH)
09-01 09:56:17.894 W/OpenGLRenderer( 1948): Failed to set EGL_SWAP_BEHAVIOR on surface 0x7fffeb5e4240, error=EGL_BAD_MATCH
09-01 09:56:17.902 D/EGL_adreno( 1948): eglMakeCurrent: 0x7fffeb43c820: ver 3 1 (tinfo 0x7fffeb40d4a0)
09-01 09:56:21.292 D/EGL_adreno( 1948): eglMakeCurrent: 0x7fffeb43c820: ver 3 1 (tinfo 0x7fffeb40d4a0)
09-01 09:56:21.301 W/WindowManager( 1282): Attempted to remove non-existing token: android.os.Binder@233e9d3
09-01 09:56:21.394 E/EGL_adreno( 1948): tid 1965: eglSurfaceAttrib(1338): error 0x3009 (EGL_BAD_MATCH)
09-01 09:56:21.394 W/OpenGLRenderer( 1948): Failed to set EGL_SWAP_BEHAVIOR on surface 0x7fffeb5e4240, error=EGL_BAD_MATCH
09-01 09:56:21.402 D/EGL_adreno( 1948): eglMakeCurrent: 0x7fffeb43c820: ver 3 1 (tinfo 0x7fffeb40d4a0)
09-01 09:56:25.184 W/WindowManager( 1282): Attempted to remove non-existing token: android.os.Binder@d8b0910
09-01 09:56:25.185 D/EGL_adreno( 1948): eglMakeCurrent: 0x7fffeb43c820: ver 3 1 (tinfo 0x7fffeb40d4a0)
09-01 09:56:25.293 E/EGL_adreno( 1948): tid 1965: eglSurfaceAttrib(1338): error 0x3009 (EGL_BAD_MATCH)
09-01 09:56:25.293 W/OpenGLRenderer( 1948): Failed to set EGL_SWAP_BEHAVIOR on surface 0x7fffeb5e4240, error=EGL_BAD_MATCH
09-01 09:56:25.302 D/EGL_adreno( 1948): eglMakeCurrent: 0x7fffeb43c820: ver 3 1 (tinfo 0x7fffeb40d4a0)
09-01 09:56:29.126 D/EGL_adreno( 1948): eglMakeCurrent: 0x7fffeb43c820: ver 3 1 (tinfo 0x7fffeb40d4a0)
09-01 09:56:29.134 W/WindowManager( 1282): Attempted to remove non-existing token: android.os.Binder@355ec09
09-01 09:56:29.245 E/EGL_adreno( 1948): tid 1965: eglSurfaceAttrib(1338): error 0x3009 (EGL_BAD_MATCH)
09-01 09:56:29.245 W/OpenGLRenderer( 1948): Failed to set EGL_SWAP_BEHAVIOR on surface 0x7fffeb5e4240, error=EGL_BAD_MATCH
09-01 09:56:29.253 D/EGL_adreno( 1948): eglMakeCurrent: 0x7fffeb43c820: ver 3 1 (tinfo 0x7fffeb40d4a0)
09-01 09:56:32.643 D/EGL_adreno( 1948): eglMakeCurrent: 0x7fffeb43c820: ver 3 1 (tinfo 0x7fffeb40d4a0)
09-01 09:56:32.651 W/WindowManager( 1282): Attempted to remove non-existing token: android.os.Binder@1766e0e
09-01 09:56:32.744 E/EGL_adreno( 1948): tid 1965: eglSurfaceAttrib(1338): error 0x3009 (EGL_BAD_MATCH)
09-01 09:56:32.744 W/OpenGLRenderer( 1948): Failed to set EGL_SWAP_BEHAVIOR on surface 0x7fffeb5e4240, error=EGL_BAD_MATCH
09-01 09:56:32.753 D/EGL_adreno( 1948): eglMakeCurrent: 0x7fffeb43c820: ver 3 1 (tinfo 0x7fffeb40d4a0)
09-01 09:56:36.159 D/EGL_adreno( 1948): eglMakeCurrent: 0x7fffeb43c820: ver 3 1 (tinfo 0x7fffeb40d4a0)
09-01 09:56:36.168 W/WindowManager( 1282): Attempted to remove non-existing token: android.os.Binder@1c9502f
09-01 09:56:36.264 E/EGL_adreno( 1948): tid 1965: eglSurfaceAttrib(1338): error 0x3009 (EGL_BAD_MATCH)
09-01 09:56:36.264 W/OpenGLRenderer( 1948): Failed to set EGL_SWAP_BEHAVIOR on surface 0x7fffeb5e4240, error=EGL_BAD_MATCH
09-01 09:56:36.269 D/EGL_adreno( 1948): eglMakeCurrent: 0x7fffeb43c820: ver 3 1 (tinfo 0x7fffeb40d4a0)
09-01 09:56:39.696 D/EGL_adreno( 1948): eglMakeCurrent: 0x7fffeb43c820: ver 3 1 (tinfo 0x7fffeb40d4a0)
09-01 09:56:39.701 W/WindowManager( 1282): Attempted to remove non-existing token: android.os.Binder@c7fa63c
09-01 09:56:39.795 E/EGL_adreno( 1948): tid 1965: eglSurfaceAttrib(1338): error 0x3009 (EGL_BAD_MATCH)
09-01 09:56:39.795 W/OpenGLRenderer( 1948): Failed to set EGL_SWAP_BEHAVIOR on surface 0x7fffeb5e4240, error=EGL_BAD_MATCH
09-01 09:56:39.802 D/EGL_adreno( 1948): eglMakeCurrent: 0x7fffeb43c820: ver 3 1 (tinfo 0x7fffeb40d4a0)
09-01 09:56:43.209 D/EGL_adreno( 1948): eglMakeCurrent: 0x7fffeb43c820: ver 3 1 (tinfo 0x7fffeb40d4a0)
09-01 09:56:43.217 W/WindowManager( 1282): Attempted to remove non-existing token: android.os.Binder@5683fc5
09-01 09:56:43.322 E/EGL_adreno( 1948): tid 1965: eglSurfaceAttrib(1338): error 0x3009 (EGL_BAD_MATCH)
09-01 09:56:43.322 W/OpenGLRenderer( 1948): Failed to set EGL_SWAP_BEHAVIOR on surface 0x7fffeb5e4240, error=EGL_BAD_MATCH
09-01 09:56:43.324 D/EGL_adreno( 1948): eglMakeCurrent: 0x7fffeb43c820: ver 3 1 (tinfo 0x7fffeb40d4a0)
09-01 09:56:46.729 D/EGL_adreno( 1948): eglMakeCurrent: 0x7fffeb43c820: ver 3 1 (tinfo 0x7fffeb40d4a0)
09-01 09:56:46.734 W/WindowManager( 1282): Attempted to remove non-existing token: android.os.Binder@82f5d1a
09-01 09:56:46.844 E/EGL_adreno( 1948): tid 1965: eglSurfaceAttrib(1338): error 0x3009 (EGL_BAD_MATCH)
09-01 09:56:46.844 W/OpenGLRenderer( 1948): Failed to set EGL_SWAP_BEHAVIOR on surface 0x7fffeb5e4240, error=EGL_BAD_MATCH
09-01 09:56:46.852 D/EGL_adreno( 1948): eglMakeCurrent: 0x7fffeb43c820: ver 3 1 (tinfo 0x7fffeb40d4a0)
09-01 09:56:50.240 D/EGL_adreno( 1948): eglMakeCurrent: 0x7fffeb43c820: ver 3 1 (tinfo 0x7fffeb40d4a0)
09-01 09:56:50.251 W/WindowManager( 1282): Attempted to remove non-existing token: android.os.Binder@6a4c04b
09-01 09:56:50.345 E/EGL_adreno( 1948): tid 1965: eglSurfaceAttrib(1338): error 0x3009 (EGL_BAD_MATCH)
09-01 09:56:50.345 W/OpenGLRenderer( 1948): Failed to set EGL_SWAP_BEHAVIOR on surface 0x7fffeb5e4240, error=EGL_BAD_MATCH
09-01 09:56:50.353 D/EGL_adreno( 1948): eglMakeCurrent: 0x7fffeb43c820: ver 3 1 (tinfo 0x7fffeb40d4a0)
09-01 09:56:53.764 D/EGL_adreno( 1948): eglMakeCurrent: 0x7fffeb43c820: ver 3 1 (tinfo 0x7fffeb40d4a0)
09-01 09:56:53.767 W/WindowManager( 1282): Attempted to remove non-existing token: android.os.Binder@bbeea28
09-01 09:56:53.879 E/EGL_adreno( 1948): tid 1965: eglSurfaceAttrib(1338): error 0x3009 (EGL_BAD_MATCH)
09-01 09:56:53.879 W/OpenGLRenderer( 1948): Failed to set EGL_SWAP_BEHAVIOR on surface 0x7fffeb5e4240, error=EGL_BAD_MATCH
09-01 09:56:53.886 D/EGL_adreno( 1948): eglMakeCurrent: 0x7fffeb43c820: ver 3 1 (tinfo 0x7fffeb40d4a0)
09-01 09:56:57.274 D/EGL_adreno( 1948): eglMakeCurrent: 0x7fffeb43c820: ver 3 1 (tinfo 0x7fffeb40d4a0)
09-01 09:56:57.284 W/WindowManager( 1282): Attempted to remove non-existing token: android.os.Binder@e921341
09-01 09:56:57.389 E/EGL_adreno( 1948): tid 1965: eglSurfaceAttrib(1338): error 0x3009 (EGL_BAD_MATCH)
09-01 09:56:57.389 W/OpenGLRenderer( 1948): Failed to set EGL_SWAP_BEHAVIOR on surface 0x7fffeb5e4240, error=EGL_BAD_MATCH
09-01 09:56:57.392 D/EGL_adreno( 1948): eglMakeCurrent: 0x7fffeb43c820: ver 3 1 (tinfo 0x7fffeb40d4a0)
09-01 09:57:00.789 D/EGL_adreno( 1948): eglMakeCurrent: 0x7fffeb43c820: ver 3 1 (tinfo 0x7fffeb40d4a0)
09-01 09:57:00.801 W/WindowManager( 1282): Attempted to remove non-existing token: android.os.Binder@b3ad640
09-01 09:57:00.912 E/EGL_adreno( 1948): tid 1965: eglSurfaceAttrib(1338): error 0x3009 (EGL_BAD_MATCH)
09-01 09:57:00.912 W/OpenGLRenderer( 1948): Failed to set EGL_SWAP_BEHAVIOR on surface 0x7fffeb5e4240, error=EGL_BAD_MATCH
09-01 09:57:00.919 D/EGL_adreno( 1948): eglMakeCurrent: 0x7fffeb43c820: ver 3 1 (tinfo 0x7fffeb40d4a0)
09-01 09:57:04.338 D/EGL_adreno( 1948): eglMakeCurrent: 0x7fffeb43c820: ver 3 1 (tinfo 0x7fffeb40d4a0)
09-01 09:57:04.355 W/WindowManager( 1282): Attempted to remove non-existing token: android.os.Binder@531a435
09-01 09:57:04.461 E/EGL_adreno( 1948): tid 1965: eglSurfaceAttrib(1338): error 0x3009 (EGL_BAD_MATCH)
09-01 09:57:04.461 W/OpenGLRenderer( 1948): Failed to set EGL_SWAP_BEHAVIOR on surface 0x7fffeb5e4240, error=EGL_BAD_MATCH
09-01 09:57:04.470 D/EGL_adreno( 1948): eglMakeCurrent: 0x7fffeb43c820: ver 3 1 (tinfo 0x7fffeb40d4a0)
09-01 09:57:08.072 D/EGL_adreno( 1948): eglMakeCurrent: 0x7fffeb43c820: ver 3 1 (tinfo 0x7fffeb40d4a0)
09-01 09:57:08.101 W/WindowManager( 1282): Attempted to remove non-existing token: android.os.Binder@c2940ca
09-01 09:57:08.195 E/EGL_adreno( 1948): tid 1965: eglSurfaceAttrib(1338): error 0x3009 (EGL_BAD_MATCH)
09-01 09:57:08.195 W/OpenGLRenderer( 1948): Failed to set EGL_SWAP_BEHAVIOR on surface 0x7fffeb5e4240, error=EGL_BAD_MATCH
09-01 09:57:08.202 D/EGL_adreno( 1948): eglMakeCurrent: 0x7fffeb43c820: ver 3 1 (tinfo 0x7fffeb40d4a0)
09-01 09:57:11.660 D/EGL_adreno( 1948): eglMakeCurrent: 0x7fffeb43c820: ver 3 1 (tinfo 0x7fffeb40d4a0)
09-01 09:57:11.667 W/WindowManager( 1282): Attempted to remove non-existing token: android.os.Binder@58a523b
09-01 09:57:11.777 E/EGL_adreno( 1948): tid 1965: eglSurfaceAttrib(1338): error 0x3009 (EGL_BAD_MATCH)
09-01 09:57:11.777 W/OpenGLRenderer( 1948): Failed to set EGL_SWAP_BEHAVIOR on surface 0x7fffeb5e4240, error=EGL_BAD_MATCH
09-01 09:57:11.785 D/EGL_adreno( 1948): eglMakeCurrent: 0x7fffeb43c820: ver 3 1 (tinfo 0x7fffeb40d4a0)
09-01 09:57:15.208 D/EGL_adreno( 1948): eglMakeCurrent: 0x7fffeb43c820: ver 3 1 (tinfo 0x7fffeb40d4a0)
09-01 09:57:15.217 W/WindowManager( 1282): Attempted to remove non-existing token: android.os.Binder@5952d58
09-01 09:57:15.328 E/EGL_adreno( 1948): tid 1965: eglSurfaceAttrib(1338): error 0x3009 (EGL_BAD_MATCH)
09-01 09:57:15.328 W/OpenGLRenderer( 1948): Failed to set EGL_SWAP_BEHAVIOR on surface 0x7fffeb5e4240, error=EGL_BAD_MATCH
09-01 09:57:15.336 D/EGL_adreno( 1948): eglMakeCurrent: 0x7fffeb43c820: ver 3 1 (tinfo 0x7fffeb40d4a0)
09-01 09:57:18.759 D/EGL_adreno( 1948): eglMakeCurrent: 0x7fffeb43c820: ver 3 1 (tinfo 0x7fffeb40d4a0)
09-01 09:57:18.784 W/WindowManager( 1282): Attempted to remove non-existing token: android.os.Binder@e654eb1
09-01 09:57:18.877 E/EGL_adreno( 1948): tid 1965: eglSurfaceAttrib(1338): error 0x3009 (EGL_BAD_MATCH)
09-01 09:57:18.877 W/OpenGLRenderer( 1948): Failed to set EGL_SWAP_BEHAVIOR on surface 0x7fffeb5e4240, error=EGL_BAD_MATCH
09-01 09:57:18.886 D/EGL_adreno( 1948): eglMakeCurrent: 0x7fffeb43c820: ver 3 1 (tinfo 0x7fffeb40d4a0)
09-01 09:57:22.289 D/EGL_adreno( 1948): eglMakeCurrent: 0x7fffeb43c820: ver 3 1 (tinfo 0x7fffeb40d4a0)
09-01 09:57:22.301 W/WindowManager( 1282): Attempted to remove non-existing token: android.os.Binder@d029f96
09-01 09:57:22.389 E/EGL_adreno( 1948): tid 1965: eglSurfaceAttrib(1338): error 0x3009 (EGL_BAD_MATCH)
09-01 09:57:22.389 W/OpenGLRenderer( 1948): Failed to set EGL_SWAP_BEHAVIOR on surface 0x7fffeb5e4240, error=EGL_BAD_MATCH
09-01 09:57:22.403 D/EGL_adreno( 1948): eglMakeCurrent: 0x7fffeb43c820: ver 3 1 (tinfo 0x7fffeb40d4a0)
09-01 09:57:26.251 W/WindowManager( 1282): Attempted to remove non-existing token: android.os.Binder@ac1d717
09-01 09:57:26.251 D/EGL_adreno( 1948): eglMakeCurrent: 0x7fffeb43c820: ver 3 1 (tinfo 0x7fffeb40d4a0)
09-01 09:57:26.369 E/EGL_adreno( 1948): tid 1965: eglSurfaceAttrib(1338): error 0x3009 (EGL_BAD_MATCH)
09-01 09:57:26.369 W/OpenGLRenderer( 1948): Failed to set EGL_SWAP_BEHAVIOR on surface 0x7fffeb5e4240, error=EGL_BAD_MATCH
09-01 09:57:26.372 D/EGL_adreno( 1948): eglMakeCurrent: 0x7fffeb43c820: ver 3 1 (tinfo 0x7fffeb40d4a0)
09-01 09:57:29.757 D/EGL_adreno( 1948): eglMakeCurrent: 0x7fffeb43c820: ver 3 1 (tinfo 0x7fffeb40d4a0)
09-01 09:57:29.767 W/WindowManager( 1282): Attempted to remove non-existing token: android.os.Binder@34f24ed
09-01 09:57:29.858 E/EGL_adreno( 1948): tid 1965: eglSurfaceAttrib(1338): error 0x3009 (EGL_BAD_MATCH)
09-01 09:57:29.858 W/OpenGLRenderer( 1948): Failed to set EGL_SWAP_BEHAVIOR on surface 0x7fffeb5e4240, error=EGL_BAD_MATCH
09-01 09:57:29.869 D/EGL_adreno( 1948): eglMakeCurrent: 0x7fffeb43c820: ver 3 1 (tinfo 0x7fffeb40d4a0)
09-01 09:57:33.273 D/EGL_adreno( 1948): eglMakeCurrent: 0x7fffeb43c820: ver 3 1 (tinfo 0x7fffeb40d4a0)
09-01 09:57:33.287 W/WindowManager( 1282): Attempted to remove non-existing token: android.os.Binder@2411f22
09-01 09:57:33.376 E/EGL_adreno( 1948): tid 1965: eglSurfaceAttrib(1338): error 0x3009 (EGL_BAD_MATCH)
09-01 09:57:33.376 W/OpenGLRenderer( 1948): Failed to set EGL_SWAP_BEHAVIOR on surface 0x7fffeb5e4240, error=EGL_BAD_MATCH
09-01 09:57:33.386 D/EGL_adreno( 1948): eglMakeCurrent: 0x7fffeb43c820: ver 3 1 (tinfo 0x7fffeb40d4a0)
09-01 09:57:36.795 D/EGL_adreno( 1948): eglMakeCurrent: 0x7fffeb43c820: ver 3 1 (tinfo 0x7fffeb40d4a0)
09-01 09:57:36.801 W/WindowManager( 1282): Attempted to remove non-existing token: android.os.Binder@1f60b6e
09-01 09:57:36.896 E/EGL_adreno( 1948): tid 1965: eglSurfaceAttrib(1338): error 0x3009 (EGL_BAD_MATCH)
09-01 09:57:36.896 W/OpenGLRenderer( 1948): Failed to set EGL_SWAP_BEHAVIOR on surface 0x7fffeb5e4240, error=EGL_BAD_MATCH
09-01 09:57:36.902 D/EGL_adreno( 1948): eglMakeCurrent: 0x7fffeb43c820: ver 3 1 (tinfo 0x7fffeb40d4a0)
09-01 09:57:40.308 D/EGL_adreno( 1948): eglMakeCurrent: 0x7fffeb43c820: ver 3 1 (tinfo 0x7fffeb40d4a0)
09-01 09:57:40.318 W/WindowManager( 1282): Attempted to remove non-existing token: android.os.Binder@252920f
09-01 09:57:40.414 E/EGL_adreno( 1948): tid 1965: eglSurfaceAttrib(1338): error 0x3009 (EGL_BAD_MATCH)
09-01 09:57:40.414 W/OpenGLRenderer( 1948): Failed to set EGL_SWAP_BEHAVIOR on surface 0x7fffeb5e4240, error=EGL_BAD_MATCH
09-01 09:57:40.420 D/EGL_adreno( 1948): eglMakeCurrent: 0x7fffeb43c820: ver 3 1 (tinfo 0x7fffeb40d4a0)
09-01 09:57:43.855 D/EGL_adreno( 1948): eglMakeCurrent: 0x7fffeb43c820: ver 3 1 (tinfo 0x7fffeb40d4a0)
09-01 09:57:43.868 W/WindowManager( 1282): Attempted to remove non-existing token: android.os.Binder@c42f29c
09-01 09:57:43.979 E/EGL_adreno( 1948): tid 1965: eglSurfaceAttrib(1338): error 0x3009 (EGL_BAD_MATCH)
09-01 09:57:43.979 W/OpenGLRenderer( 1948): Failed to set EGL_SWAP_BEHAVIOR on surface 0x7fffeb5e4240, error=EGL_BAD_MATCH
09-01 09:57:43.986 D/EGL_adreno( 1948): eglMakeCurrent: 0x7fffeb43c820: ver 3 1 (tinfo 0x7fffeb40d4a0)
09-01 09:57:47.374 D/EGL_adreno( 1948): eglMakeCurrent: 0x7fffeb43c820: ver 3 1 (tinfo 0x7fffeb40d4a0)
09-01 09:57:47.384 W/WindowManager( 1282): Attempted to remove non-existing token: android.os.Binder@f1504a5
09-01 09:57:47.479 E/EGL_adreno( 1948): tid 1965: eglSurfaceAttrib(1338): error 0x3009 (EGL_BAD_MATCH)
09-01 09:57:47.479 W/OpenGLRenderer( 1948): Failed to set EGL_SWAP_BEHAVIOR on surface 0x7fffeb5e4240, error=EGL_BAD_MATCH
09-01 09:57:47.487 D/EGL_adreno( 1948): eglMakeCurrent: 0x7fffeb43c820: ver 3 1 (tinfo 0x7fffeb40d4a0)
09-01 09:57:50.892 D/EGL_adreno( 1948): eglMakeCurrent: 0x7fffeb43c820: ver 3 1 (tinfo 0x7fffeb40d4a0)
09-01 09:57:50.901 W/WindowManager( 1282): Attempted to remove non-existing token: android.os.Binder@ffb707a
09-01 09:57:51.002 E/EGL_adreno( 1948): tid 1965: eglSurfaceAttrib(1338): error 0x3009 (EGL_BAD_MATCH)
09-01 09:57:51.002 W/OpenGLRenderer( 1948): Failed to set EGL_SWAP_BEHAVIOR on surface 0x7fffeb5e4240, error=EGL_BAD_MATCH
09-01 09:57:51.005 D/EGL_adreno( 1948): eglMakeCurrent: 0x7fffeb43c820: ver 3 1 (tinfo 0x7fffeb40d4a0)
09-01 09:57:54.448 D/EGL_adreno( 1948): eglMakeCurrent: 0x7fffeb43c820: ver 3 1 (tinfo 0x7fffeb40d4a0)
09-01 09:57:54.451 W/WindowManager( 1282): Attempted to remove non-existing token: android.os.Binder@2b0402b
09-01 09:57:54.581 E/EGL_adreno( 1948): tid 1965: eglSurfaceAttrib(1338): error 0x3009 (EGL_BAD_MATCH)
09-01 09:57:54.581 W/OpenGLRenderer( 1948): Failed to set EGL_SWAP_BEHAVIOR on surface 0x7fffeb5e4240, error=EGL_BAD_MATCH
09-01 09:57:54.586 D/EGL_adreno( 1948): eglMakeCurrent: 0x7fffeb43c820: ver 3 1 (tinfo 0x7fffeb40d4a0)
09-01 09:57:58.184 W/WindowManager( 1282): Attempted to remove non-existing token: android.os.Binder@ef0b407
09-01 09:57:58.189 D/EGL_adreno( 1948): eglMakeCurrent: 0x7fffeb43c820: ver 3 1 (tinfo 0x7fffeb40d4a0)
09-01 09:57:58.288 E/EGL_adreno( 1948): tid 1965: eglSurfaceAttrib(1338): error 0x3009 (EGL_BAD_MATCH)
09-01 09:57:58.288 W/OpenGLRenderer( 1948): Failed to set EGL_SWAP_BEHAVIOR on surface 0x7fffeb5e4240, error=EGL_BAD_MATCH
09-01 09:57:58.291 D/EGL_adreno( 1948): eglMakeCurrent: 0x7fffeb43c820: ver 3 1 (tinfo 0x7fffeb40d4a0)
09-01 09:58:01.688 D/EGL_adreno( 1948): eglMakeCurrent: 0x7fffeb43c820: ver 3 1 (tinfo 0x7fffeb40d4a0)
09-01 09:58:01.701 W/WindowManager( 1282): Attempted to remove non-existing token: android.os.Binder@7c0f934
09-01 09:58:01.795 E/EGL_adreno( 1948): tid 1965: eglSurfaceAttrib(1338): error 0x3009 (EGL_BAD_MATCH)
09-01 09:58:01.796 W/OpenGLRenderer( 1948): Failed to set EGL_SWAP_BEHAVIOR on surface 0x7fffeb5e4240, error=EGL_BAD_MATCH
09-01 09:58:01.803 D/EGL_adreno( 1948): eglMakeCurrent: 0x7fffeb43c820: ver 3 1 (tinfo 0x7fffeb40d4a0)
09-01 09:58:05.205 D/EGL_adreno( 1948): eglMakeCurrent: 0x7fffeb43c820: ver 3 1 (tinfo 0x7fffeb40d4a0)
09-01 09:58:05.218 W/WindowManager( 1282): Attempted to remove non-existing token: android.os.Binder@b50235d
09-01 09:58:05.311 E/EGL_adreno( 1948): tid 1965: eglSurfaceAttrib(1338): error 0x3009 (EGL_BAD_MATCH)
09-01 09:58:05.311 W/OpenGLRenderer( 1948): Failed to set EGL_SWAP_BEHAVIOR on surface 0x7fffeb5e4240, error=EGL_BAD_MATCH
09-01 09:58:05.319 D/EGL_adreno( 1948): eglMakeCurrent: 0x7fffeb43c820: ver 3 1 (tinfo 0x7fffeb40d4a0)
09-01 09:58:08.729 D/EGL_adreno( 1948): eglMakeCurrent: 0x7fffeb43c820: ver 3 1 (tinfo 0x7fffeb40d4a0)
09-01 09:58:08.735 W/WindowManager( 1282): Attempted to remove non-existing token: android.os.Binder@2d394d2
09-01 09:58:08.828 E/EGL_adreno( 1948): tid 1965: eglSurfaceAttrib(1338): error 0x3009 (EGL_BAD_MATCH)
09-01 09:58:08.828 W/OpenGLRenderer( 1948): Failed to set EGL_SWAP_BEHAVIOR on surface 0x7fffeb5e4240, error=EGL_BAD_MATCH
09-01 09:58:08.837 D/EGL_adreno( 1948): eglMakeCurrent: 0x7fffeb43c820: ver 3 1 (tinfo 0x7fffeb40d4a0)
09-01 09:58:12.251 D/EGL_adreno( 1948): eglMakeCurrent: 0x7fffeb43c820: ver 3 1 (tinfo 0x7fffeb40d4a0)
09-01 09:58:12.251 W/WindowManager( 1282): Attempted to remove non-existing token: android.os.Binder@7da89a3
09-01 09:58:13.741 D/WifiStateMachine( 1282): setScanResults mScanResults.size=1
