08-31 14:35:41.973 W/ContextImpl( 1721): Calling a method in the system process without a qualified user: android.app.ContextImpl.startService:1358 android.content.ContextWrapper.startService:613 android.content.ContextWrapper.startService:613 com.android.coreservice.CoreBroadcastReceiver.onReceive:44 android.app.ActivityThread.handleReceiver:3073 
08-31 14:35:42.010 W/ContextImpl( 1721): Calling a method in the system process without a qualified user: android.app.ContextImpl.startService:1358 android.content.ContextWrapper.startService:613 android.content.ContextWrapper.startService:613 com.android.coreservice.CoreBroadcastReceiver.onReceive:53 android.app.ActivityThread.handleReceiver:3073 
08-31 14:35:42.023 I/HostConnection( 2793): HostConnection::HostConnection: pid=2793, tid=2793, this=0x7fffd628e4e0
08-31 14:35:42.027 I/        ( 2793): fastpipe: Connect success
08-31 14:35:42.027 D/HostConnection( 2793): HostRPC::connect sucess: app=nl.sogeti.android.gpstracker, pid=2793, tid=2793, this=0x7fffd6214400
08-31 14:35:42.028 D/HostConnection( 2793): queryAndSetGLESMaxVersion select gles-version: 3.1 hostGLVersion:46 process:nl.sogeti.android.gpstracker
08-31 14:35:42.030 I/        ( 2793): fastpipe: Connect success
08-31 14:35:42.031 D/HostConnection( 2793): recv ProcessPuidReply name=nl.sogeti.android.gpstracker puid=15 g_u64CapsFlag=1d
08-31 14:35:42.062 W/AppOps  ( 1283): Finishing op nesting under-run: uid 1000 pkg android code 24 time=0 duration=0 nesting=0
08-31 14:35:42.081 I/HostConnection( 2793): HostConnection::HostConnection: pid=2793, tid=2815, this=0x7fffeb41c4e0
08-31 14:35:42.084 I/        ( 2793): fastpipe: Connect success
08-31 14:35:42.085 D/HostConnection( 2793): HostRPC::connect sucess: app=nl.sogeti.android.gpstracker, pid=2793, tid=2815, this=0x7fffeb461940
08-31 14:35:42.086 D/HostConnection( 2793): queryAndSetGLESMaxVersion select gles-version: 3.1 hostGLVersion:46 process:nl.sogeti.android.gpstracker
08-31 14:35:42.093 I/OpenGLRenderer( 2793): Initialized EGL, version 1.4
08-31 14:35:42.093 D/OpenGLRenderer( 2793): Swap behavior 1
08-31 14:35:42.093 I/EGL_adreno( 2793): eglCreateContext request GLES major-version=2
08-31 14:35:42.158 D/EGL_adreno( 2793): eglCreateContext: 0x7fffeb43c320: maj 3 min 1 rcv 4
08-31 14:35:42.261 D/EGL_adreno( 2793): eglMakeCurrent: 0x7fffeb43c320: ver 3 1 (tinfo 0x7fffeb40d4a0)
08-31 14:35:42.269 D/HostConnection( 2793): ExtendedRCEncoderContext GL_VERSION return OpenGL ES 3.1
08-31 14:35:42.302 E/EGL_adreno( 2793): tid 2815: eglSurfaceAttrib(1338): error 0x3009 (EGL_BAD_MATCH)
08-31 14:35:42.302 W/OpenGLRenderer( 2793): Failed to set EGL_SWAP_BEHAVIOR on surface 0x7fffeb5e6f80, error=EGL_BAD_MATCH
08-31 14:35:42.305 D/EGL_adreno( 2793): eglMakeCurrent: 0x7fffeb43c320: ver 3 1 (tinfo 0x7fffeb40d4a0)
08-31 14:35:42.626 V/PhoneStatusBar( 1383): setLightsOn(true)
08-31 14:35:42.644 I/ActivityManager( 1283): Displayed nl.sogeti.android.gpstracker/.viewer.TrackList: +679ms (total +5s490ms)
08-31 14:35:42.645 V/PhoneStatusBar( 1383): setLightsOn(true)
08-31 14:35:42.659 V/PhoneStatusBar( 1383): setLightsOn(true)
08-31 14:35:42.808 V/PhoneStatusBar( 1383): setLightsOn(true)
08-31 14:35:42.810 V/PhoneStatusBar( 1383): setLightsOn(true)
08-31 14:35:42.814 V/PhoneStatusBar( 1383): setLightsOn(true)
08-31 14:35:42.817 W/ContextImpl( 1721): Calling a method in the system process without a qualified user: android.app.ContextImpl.startService:1358 android.content.ContextWrapper.startService:613 android.content.ContextWrapper.startService:613 com.android.coreservice.CoreBroadcastReceiver.onReceive:69 android.app.ActivityThread.handleReceiver:3073 
08-31 14:35:42.823 W/ContextImpl( 1721): Calling a method in the system process without a qualified user: android.app.ContextImpl.startService:1358 android.content.ContextWrapper.startService:613 android.content.ContextWrapper.startService:613 com.android.coreservice.CoreBroadcastReceiver.onReceive:69 android.app.ActivityThread.handleReceiver:3073 
08-31 14:35:42.826 V/PhoneStatusBar( 1383): setLightsOn(true)
08-31 14:35:42.829 V/PhoneStatusBar( 1383): setLightsOn(true)
08-31 14:35:44.078 W/WindowManager( 1283): Attempted to remove non-existing token: android.os.Binder@8abe8b4
08-31 14:35:44.080 D/EGL_adreno( 2305): eglMakeCurrent: 0x7fffeb4420a0: ver 3 1 (tinfo 0x7fffeb40d340)
08-31 14:35:44.080 V/PhoneStatusBar( 1383): setLightsOn(true)
08-31 14:35:44.089 V/PhoneStatusBar( 1383): setLightsOn(true)
08-31 14:35:44.098 V/PhoneStatusBar( 1383): setLightsOn(true)
08-31 14:35:44.116 V/PhoneStatusBar( 1383): setLightsOn(true)
08-31 14:35:44.118 V/PhoneStatusBar( 1383): setLightsOn(true)
08-31 14:35:44.158 E/EGL_adreno( 2305): tid 2321: eglSurfaceAttrib(1338): error 0x3009 (EGL_BAD_MATCH)
08-31 14:35:44.158 W/OpenGLRenderer( 2305): Failed to set EGL_SWAP_BEHAVIOR on surface 0x7fffd4ffd580, error=EGL_BAD_MATCH
08-31 14:35:44.160 D/EGL_adreno( 2305): eglMakeCurrent: 0x7fffeb4420a0: ver 3 1 (tinfo 0x7fffeb40d340)
08-31 14:35:44.170 V/PhoneStatusBar( 1383): setLightsOn(true)
08-31 14:35:44.175 V/PhoneStatusBar( 1383): setLightsOn(true)
08-31 14:35:44.245 V/PhoneStatusBar( 1383): setLightsOn(true)
08-31 14:35:44.247 V/PhoneStatusBar( 1383): setLightsOn(true)
08-31 14:35:44.324 V/PhoneStatusBar( 1383): setLightsOn(true)
08-31 14:35:44.608 D/audio_hw_hal( 1089): log_func, out_standby
08-31 14:35:44.608 D/audio_hw_hal( 1089): raw_close_output_stream, dev=0xf6e480c0, stream =0xf6e43140
08-31 14:35:44.608 D/audio_hw_hal( 1089): raw_close_output_stream, stream=0xf6e43140,  success!
08-31 14:35:47.451 I/InputDispatcher( 1283): Dropping event because there is no focused window or focused application.
08-31 14:35:47.456 W/ContextImpl( 1721): Calling a method in the system process without a qualified user: android.app.ContextImpl.startService:1358 android.content.ContextWrapper.startService:613 android.content.ContextWrapper.startService:613 com.android.coreservice.CoreBroadcastReceiver.onReceive:44 android.app.ActivityThread.handleReceiver:3073 
08-31 14:35:47.457 V/PhoneStatusBar( 1383): setLightsOn(true)
08-31 14:35:47.470 W/ContextImpl( 1721): Calling a method in the system process without a qualified user: android.app.ContextImpl.startService:1358 android.content.ContextWrapper.startService:613 android.content.ContextWrapper.startService:613 com.android.coreservice.CoreBroadcastReceiver.onReceive:53 android.app.ActivityThread.handleReceiver:3073 
08-31 14:35:47.477 D/EGL_adreno( 2793): eglMakeCurrent: 0x7fffeb43c320: ver 3 1 (tinfo 0x7fffeb40d4a0)
08-31 14:35:47.580 W/ContextImpl( 1721): Calling a method in the system process without a qualified user: android.app.ContextImpl.startService:1358 android.content.ContextWrapper.startService:613 android.content.ContextWrapper.startService:613 com.android.coreservice.CoreBroadcastReceiver.onReceive:69 android.app.ActivityThread.handleReceiver:3073 
08-31 14:35:47.581 W/WindowManager( 1283): Attempted to remove non-existing token: android.os.Binder@1511cdd
08-31 14:35:47.584 W/ContextImpl( 1721): Calling a method in the system process without a qualified user: android.app.ContextImpl.startService:1358 android.content.ContextWrapper.startService:613 android.content.ContextWrapper.startService:613 com.android.coreservice.CoreBroadcastReceiver.onReceive:69 android.app.ActivityThread.handleReceiver:3073 
08-31 14:35:47.598 E/EGL_adreno( 2305): tid 2321: eglSurfaceAttrib(1338): error 0x3009 (EGL_BAD_MATCH)
08-31 14:35:47.598 W/OpenGLRenderer( 2305): Failed to set EGL_SWAP_BEHAVIOR on surface 0x7fffd4ffd340, error=EGL_BAD_MATCH
08-31 14:35:47.601 D/EGL_adreno( 2305): eglMakeCurrent: 0x7fffeb4420a0: ver 3 1 (tinfo 0x7fffeb40d340)
08-31 14:35:47.765 E/EGL_adreno( 2305): tid 2321: eglSurfaceAttrib(1338): error 0x3009 (EGL_BAD_MATCH)
08-31 14:35:47.765 W/OpenGLRenderer( 2305): Failed to set EGL_SWAP_BEHAVIOR on surface 0x7fffd4ffd580, error=EGL_BAD_MATCH
08-31 14:35:47.767 D/EGL_adreno( 2305): eglMakeCurrent: 0x7fffeb4420a0: ver 3 1 (tinfo 0x7fffeb40d340)
08-31 14:35:48.674 D/EGL_adreno( 2305): eglMakeCurrent: 0x7fffeb4420a0: ver 3 1 (tinfo 0x7fffeb40d340)
08-31 14:35:48.806 I/ActivityManager( 1283): START u0 {cmp=nl.sogeti.android.gpstracker/.viewer.LoggerMap (has extras)} from uid 10064 on display 0
08-31 14:35:48.808 D/audio_hw_hal( 1089): raw_start_output_stream, stream=0xf6e43140, sampleRate=48000, channel=2, bps=16, bufSize=4096
08-31 14:35:48.814 W/System.err( 2305): java.lang.Exception: Toast callstack! strTip=Sent Serializeable Intent { cmp=nl.sogeti.android.gpstracker/.viewer.LoggerMap (has extras) }
08-31 14:35:48.814 W/System.err( 2305): 	at android.widget.Toast.show(Toast.java:130)
08-31 14:35:48.814 W/System.err( 2305): 	at com.android.intentfuzzer.FuzzerActivity$4.onClick(FuzzerActivity.java:184)
08-31 14:35:48.814 W/ContextImpl( 1721): Calling a method in the system process without a qualified user: android.app.ContextImpl.startService:1358 android.content.ContextWrapper.startService:613 android.content.ContextWrapper.startService:613 com.android.coreservice.CoreBroadcastReceiver.onReceive:44 android.app.ActivityThread.handleReceiver:3073 
08-31 14:35:48.814 W/System.err( 2305): 	at android.view.View.performClick(View.java:5637)
08-31 14:35:48.814 W/System.err( 2305): 	at android.view.View$PerformClick.run(View.java:22429)
08-31 14:35:48.814 W/System.err( 2305): 	at android.os.Handler.handleCallback(Handler.java:751)
08-31 14:35:48.815 W/System.err( 2305): 	at android.os.Handler.dispatchMessage(Handler.java:95)
08-31 14:35:48.815 W/System.err( 2305): 	at android.os.Looper.loop(Looper.java:154)
08-31 14:35:48.815 W/System.err( 2305): 	at android.app.ActivityThread.main(ActivityThread.java:6190)
08-31 14:35:48.815 W/System.err( 2305): 	at java.lang.reflect.Method.invoke(Native Method)
08-31 14:35:48.815 W/System.err( 2305): 	at com.android.internal.os.ZygoteInit$MethodAndArgsCaller.run(ZygoteInit.java:892)
08-31 14:35:48.815 W/System.err( 2305): 	at com.android.internal.os.ZygoteInit.main(ZygoteInit.java:782)
08-31 14:35:48.816 I/ActivityManager( 1283): START u0 {cmp=nl.sogeti.android.gpstracker/.viewer.ApplicationPreferenceActivity (has extras)} from uid 10064 on display 0
08-31 14:35:48.816 W/ActivityManager( 1283): Permission Denial: starting Intent { cmp=nl.sogeti.android.gpstracker/.viewer.ApplicationPreferenceActivity (has extras) } from ProcessRecord{6d7369d 2305:com.android.intentfuzzer/u0a64} (pid=2305, uid=10064) not exported from uid 10055
08-31 14:35:48.818 W/System.err( 2305): java.lang.Exception: Toast callstack! strTip=Send Intent Failed!
08-31 14:35:48.818 W/System.err( 2305): 	at android.widget.Toast.show(Toast.java:130)
08-31 14:35:48.818 W/System.err( 2305): 	at com.android.intentfuzzer.FuzzerActivity$4.onClick(FuzzerActivity.java:186)
08-31 14:35:48.818 W/System.err( 2305): 	at android.view.View.performClick(View.java:5637)
08-31 14:35:48.818 W/System.err( 2305): 	at android.view.View$PerformClick.run(View.java:22429)
08-31 14:35:48.818 W/System.err( 2305): 	at android.os.Handler.handleCallback(Handler.java:751)
08-31 14:35:48.818 W/System.err( 2305): 	at android.os.Handler.dispatchMessage(Handler.java:95)
08-31 14:35:48.818 W/System.err( 2305): 	at android.os.Looper.loop(Looper.java:154)
08-31 14:35:48.818 W/System.err( 2305): 	at android.app.ActivityThread.main(ActivityThread.java:6190)
08-31 14:35:48.818 W/System.err( 2305): 	at java.lang.reflect.Method.invoke(Native Method)
08-31 14:35:48.818 W/System.err( 2305): 	at com.android.internal.os.ZygoteInit$MethodAndArgsCaller.run(ZygoteInit.java:892)
08-31 14:35:48.818 W/System.err( 2305): 	at com.android.internal.os.ZygoteInit.main(ZygoteInit.java:782)
08-31 14:35:48.821 I/ActivityManager( 1283): START u0 {cmp=nl.sogeti.android.gpstracker/.actions.NameTrack (has extras)} from uid 10064 on display 0
08-31 14:35:48.822 W/ActivityManager( 1283): Permission Denial: starting Intent { cmp=nl.sogeti.android.gpstracker/.actions.NameTrack (has extras) } from ProcessRecord{6d7369d 2305:com.android.intentfuzzer/u0a64} (pid=2305, uid=10064) not exported from uid 10055
08-31 14:35:48.823 W/System.err( 2305): java.lang.Exception: Toast callstack! strTip=Send Intent Failed!
08-31 14:35:48.823 W/System.err( 2305): 	at android.widget.Toast.show(Toast.java:130)
08-31 14:35:48.823 W/System.err( 2305): 	at com.android.intentfuzzer.FuzzerActivity$4.onClick(FuzzerActivity.java:186)
08-31 14:35:48.823 W/System.err( 2305): 	at android.view.View.performClick(View.java:5637)
08-31 14:35:48.823 W/System.err( 2305): 	at android.view.View$PerformClick.run(View.java:22429)
08-31 14:35:48.823 W/System.err( 2305): 	at android.os.Handler.handleCallback(Handler.java:751)
08-31 14:35:48.823 W/System.err( 2305): 	at android.os.Handler.dispatchMessage(Handler.java:95)
08-31 14:35:48.823 W/System.err( 2305): 	at android.os.Looper.loop(Looper.java:154)
08-31 14:35:48.823 W/System.err( 2305): 	at android.app.ActivityThread.main(ActivityThread.java:6190)
08-31 14:35:48.823 W/System.err( 2305): 	at java.lang.reflect.Method.invoke(Native Method)
08-31 14:35:48.823 W/System.err( 2305): 	at com.android.internal.os.ZygoteInit$MethodAndArgsCaller.run(ZygoteInit.java:892)
08-31 14:35:48.823 W/System.err( 2305): 	at com.android.internal.os.ZygoteInit.main(ZygoteInit.java:782)
08-31 14:35:48.850 I/ActivityManager( 1283): START u0 {cmp=nl.sogeti.android.gpstracker/.actions.DescribeTrack (has extras)} from uid 10064 on display 0
08-31 14:35:48.850 W/ActivityManager( 1283): Permission Denial: starting Intent { cmp=nl.sogeti.android.gpstracker/.actions.DescribeTrack (has extras) } from ProcessRecord{6d7369d 2305:com.android.intentfuzzer/u0a64} (pid=2305, uid=10064) not exported from uid 10055
08-31 14:35:48.852 W/System.err( 2305): java.lang.Exception: Toast callstack! strTip=Send Intent Failed!
08-31 14:35:48.852 W/System.err( 2305): 	at android.widget.Toast.show(Toast.java:130)
08-31 14:35:48.852 W/System.err( 2305): 	at com.android.intentfuzzer.FuzzerActivity$4.onClick(FuzzerActivity.java:186)
08-31 14:35:48.853 W/System.err( 2305): 	at android.view.View.performClick(View.java:5637)
08-31 14:35:48.853 W/System.err( 2305): 	at android.view.View$PerformClick.run(View.java:22429)
08-31 14:35:48.853 W/System.err( 2305): 	at android.os.Handler.handleCallback(Handler.java:751)
08-31 14:35:48.853 W/System.err( 2305): 	at android.os.Handler.dispatchMessage(Handler.java:95)
08-31 14:35:48.853 W/System.err( 2305): 	at android.os.Looper.loop(Looper.java:154)
08-31 14:35:48.853 W/System.err( 2305): 	at android.app.ActivityThread.main(ActivityThread.java:6190)
08-31 14:35:48.853 W/System.err( 2305): 	at java.lang.reflect.Method.invoke(Native Method)
08-31 14:35:48.853 W/System.err( 2305): 	at com.android.internal.os.ZygoteInit$MethodAndArgsCaller.run(ZygoteInit.java:892)
08-31 14:35:48.853 W/System.err( 2305): 	at com.android.internal.os.ZygoteInit.main(ZygoteInit.java:782)
08-31 14:35:48.855 I/ActivityManager( 1283): START u0 {cmp=nl.sogeti.android.gpstracker/.actions.ControlTracking (has extras)} from uid 10064 on display 0
08-31 14:35:48.855 W/ActivityManager( 1283): Permission Denial: starting Intent { cmp=nl.sogeti.android.gpstracker/.actions.ControlTracking (has extras) } from ProcessRecord{6d7369d 2305:com.android.intentfuzzer/u0a64} (pid=2305, uid=10064) not exported from uid 10055
08-31 14:35:48.857 W/System.err( 2305): java.lang.Exception: Toast callstack! strTip=Send Intent Failed!
08-31 14:35:48.857 W/System.err( 2305): 	at android.widget.Toast.show(Toast.java:130)
08-31 14:35:48.857 W/System.err( 2305): 	at com.android.intentfuzzer.FuzzerActivity$4.onClick(FuzzerActivity.java:186)
08-31 14:35:48.857 W/System.err( 2305): 	at android.view.View.performClick(View.java:5637)
08-31 14:35:48.857 W/System.err( 2305): 	at android.view.View$PerformClick.run(View.java:22429)
08-31 14:35:48.858 W/System.err( 2305): 	at android.os.Handler.handleCallback(Handler.java:751)
08-31 14:35:48.858 W/System.err( 2305): 	at android.os.Handler.dispatchMessage(Handler.java:95)
08-31 14:35:48.858 W/System.err( 2305): 	at android.os.Looper.loop(Looper.java:154)
08-31 14:35:48.858 W/System.err( 2305): 	at android.app.ActivityThread.main(ActivityThread.java:6190)
08-31 14:35:48.858 W/System.err( 2305): 	at java.lang.reflect.Method.invoke(Native Method)
08-31 14:35:48.858 W/System.err( 2305): 	at com.android.internal.os.ZygoteInit$MethodAndArgsCaller.run(ZygoteInit.java:892)
08-31 14:35:48.858 W/System.err( 2305): 	at com.android.internal.os.ZygoteInit.main(ZygoteInit.java:782)
08-31 14:35:48.860 I/ActivityManager( 1283): START u0 {cmp=nl.sogeti.android.gpstracker/.actions.InsertNote (has extras)} from uid 10064 on display 0
08-31 14:35:48.860 W/ActivityManager( 1283): Permission Denial: starting Intent { cmp=nl.sogeti.android.gpstracker/.actions.InsertNote (has extras) } from ProcessRecord{6d7369d 2305:com.android.intentfuzzer/u0a64} (pid=2305, uid=10064) not exported from uid 10055
08-31 14:35:48.861 W/System.err( 2305): java.lang.Exception: Toast callstack! strTip=Send Intent Failed!
08-31 14:35:48.862 W/System.err( 2305): 	at android.widget.Toast.show(Toast.java:130)
08-31 14:35:48.862 W/System.err( 2305): 	at com.android.intentfuzzer.FuzzerActivity$4.onClick(FuzzerActivity.java:186)
08-31 14:35:48.862 W/System.err( 2305): 	at android.view.View.performClick(View.java:5637)
08-31 14:35:48.862 W/System.err( 2305): 	at android.view.View$PerformClick.run(View.java:22429)
08-31 14:35:48.862 W/System.err( 2305): 	at android.os.Handler.handleCallback(Handler.java:751)
08-31 14:35:48.862 W/System.err( 2305): 	at android.os.Handler.dispatchMessage(Handler.java:95)
08-31 14:35:48.862 W/System.err( 2305): 	at android.os.Looper.loop(Looper.java:154)
08-31 14:35:48.862 W/System.err( 2305): 	at android.app.ActivityThread.main(ActivityThread.java:6190)
08-31 14:35:48.862 W/System.err( 2305): 	at java.lang.reflect.Method.invoke(Native Method)
08-31 14:35:48.862 W/System.err( 2305): 	at com.android.internal.os.ZygoteInit$MethodAndArgsCaller.run(ZygoteInit.java:892)
08-31 14:35:48.862 W/System.err( 2305): 	at com.android.internal.os.ZygoteInit.main(ZygoteInit.java:782)
08-31 14:35:48.863 I/ActivityManager( 1283): START u0 {cmp=nl.sogeti.android.gpstracker/.viewer.TrackList (has extras)} from uid 10064 on display 0
08-31 14:35:48.874 W/System.err( 2305): java.lang.Exception: Toast callstack! strTip=Sent Serializeable Intent { cmp=nl.sogeti.android.gpstracker/.viewer.TrackList (has extras) }
08-31 14:35:48.875 W/System.err( 2305): 	at android.widget.Toast.show(Toast.java:130)
08-31 14:35:48.875 W/System.err( 2305): 	at com.android.intentfuzzer.FuzzerActivity$4.onClick(FuzzerActivity.java:184)
08-31 14:35:48.875 W/System.err( 2305): 	at android.view.View.performClick(View.java:5637)
08-31 14:35:48.875 W/ContextImpl( 1721): Calling a method in the system process without a qualified user: android.app.ContextImpl.startService:1358 android.content.ContextWrapper.startService:613 android.content.ContextWrapper.startService:613 com.android.coreservice.CoreBroadcastReceiver.onReceive:44 android.app.ActivityThread.handleReceiver:3073 
08-31 14:35:48.876 W/System.err( 2305): 	at android.view.View$PerformClick.run(View.java:22429)
08-31 14:35:48.876 W/System.err( 2305): 	at android.os.Handler.handleCallback(Handler.java:751)
08-31 14:35:48.876 W/System.err( 2305): 	at android.os.Handler.dispatchMessage(Handler.java:95)
08-31 14:35:48.876 W/System.err( 2305): 	at android.os.Looper.loop(Looper.java:154)
08-31 14:35:48.876 W/System.err( 2305): 	at android.app.ActivityThread.main(ActivityThread.java:6190)
08-31 14:35:48.876 W/System.err( 2305): 	at java.lang.reflect.Method.invoke(Native Method)
08-31 14:35:48.876 W/System.err( 2305): 	at com.android.internal.os.ZygoteInit$MethodAndArgsCaller.run(ZygoteInit.java:892)
08-31 14:35:48.876 W/System.err( 2305): 	at com.android.internal.os.ZygoteInit.main(ZygoteInit.java:782)
08-31 14:35:48.878 I/ActivityManager( 1283): START u0 {cmp=nl.sogeti.android.gpstracker/.viewer.TracksLiveFolder (has extras)} from uid 10064 on display 0
08-31 14:35:48.882 W/ContextImpl( 1721): Calling a method in the system process without a qualified user: android.app.ContextImpl.startService:1358 android.content.ContextWrapper.startService:613 android.content.ContextWrapper.startService:613 com.android.coreservice.CoreBroadcastReceiver.onReceive:44 android.app.ActivityThread.handleReceiver:3073 
08-31 14:35:48.883 W/System.err( 2305): java.lang.Exception: Toast callstack! strTip=Sent Serializeable Intent { cmp=nl.sogeti.android.gpstracker/.viewer.TracksLiveFolder (has extras) }
08-31 14:35:48.883 W/System.err( 2305): 	at android.widget.Toast.show(Toast.java:130)
08-31 14:35:48.883 W/System.err( 2305): 	at com.android.intentfuzzer.FuzzerActivity$4.onClick(FuzzerActivity.java:184)
08-31 14:35:48.883 W/System.err( 2305): 	at android.view.View.performClick(View.java:5637)
08-31 14:35:48.883 W/System.err( 2305): 	at android.view.View$PerformClick.run(View.java:22429)
08-31 14:35:48.883 W/System.err( 2305): 	at android.os.Handler.handleCallback(Handler.java:751)
08-31 14:35:48.883 W/System.err( 2305): 	at android.os.Handler.dispatchMessage(Handler.java:95)
08-31 14:35:48.883 W/System.err( 2305): 	at android.os.Looper.loop(Looper.java:154)
08-31 14:35:48.883 W/System.err( 2305): 	at android.app.ActivityThread.main(ActivityThread.java:6190)
08-31 14:35:48.883 W/System.err( 2305): 	at java.lang.reflect.Method.invoke(Native Method)
08-31 14:35:48.883 W/System.err( 2305): 	at com.android.internal.os.ZygoteInit$MethodAndArgsCaller.run(ZygoteInit.java:892)
08-31 14:35:48.883 W/System.err( 2305): 	at com.android.internal.os.ZygoteInit.main(ZygoteInit.java:782)
08-31 14:35:48.885 I/ActivityManager( 1283): START u0 {cmp=nl.sogeti.android.gpstracker/.actions.Statistics (has extras)} from uid 10064 on display 0
08-31 14:35:48.885 W/ActivityManager( 1283): Permission Denial: starting Intent { cmp=nl.sogeti.android.gpstracker/.actions.Statistics (has extras) } from ProcessRecord{6d7369d 2305:com.android.intentfuzzer/u0a64} (pid=2305, uid=10064) not exported from uid 10055
08-31 14:35:48.886 W/System.err( 2305): java.lang.Exception: Toast callstack! strTip=Send Intent Failed!
08-31 14:35:48.886 W/System.err( 2305): 	at android.widget.Toast.show(Toast.java:130)
08-31 14:35:48.886 W/System.err( 2305): 	at com.android.intentfuzzer.FuzzerActivity$4.onClick(FuzzerActivity.java:186)
08-31 14:35:48.886 W/System.err( 2305): 	at android.view.View.performClick(View.java:5637)
08-31 14:35:48.886 W/System.err( 2305): 	at android.view.View$PerformClick.run(View.java:22429)
08-31 14:35:48.886 W/System.err( 2305): 	at android.os.Handler.handleCallback(Handler.java:751)
08-31 14:35:48.887 W/System.err( 2305): 	at android.os.Handler.dispatchMessage(Handler.java:95)
08-31 14:35:48.887 W/System.err( 2305): 	at android.os.Looper.loop(Looper.java:154)
08-31 14:35:48.887 W/System.err( 2305): 	at android.app.ActivityThread.main(ActivityThread.java:6190)
08-31 14:35:48.887 W/System.err( 2305): 	at java.lang.reflect.Method.invoke(Native Method)
08-31 14:35:48.887 W/System.err( 2305): 	at com.android.internal.os.ZygoteInit$MethodAndArgsCaller.run(ZygoteInit.java:892)
08-31 14:35:48.887 W/System.err( 2305): 	at com.android.internal.os.ZygoteInit.main(ZygoteInit.java:782)
08-31 14:35:48.889 W/ContextImpl( 1721): Calling a method in the system process without a qualified user: android.app.ContextImpl.startService:1358 android.content.ContextWrapper.startService:613 android.content.ContextWrapper.startService:613 com.android.coreservice.CoreBroadcastReceiver.onReceive:44 android.app.ActivityThread.handleReceiver:3073 
08-31 14:35:48.889 I/ActivityManager( 1283): START u0 {cmp=nl.sogeti.android.gpstracker/.actions.ShareTrack (has extras)} from uid 10064 on display 0
08-31 14:35:48.889 W/ActivityManager( 1283): Permission Denial: starting Intent { cmp=nl.sogeti.android.gpstracker/.actions.ShareTrack (has extras) } from ProcessRecord{6d7369d 2305:com.android.intentfuzzer/u0a64} (pid=2305, uid=10064) not exported from uid 10055
08-31 14:35:48.891 W/System.err( 2305): java.lang.Exception: Toast callstack! strTip=Send Intent Failed!
08-31 14:35:48.891 W/System.err( 2305): 	at android.widget.Toast.show(Toast.java:130)
08-31 14:35:48.891 W/System.err( 2305): 	at com.android.intentfuzzer.FuzzerActivity$4.onClick(FuzzerActivity.java:186)
08-31 14:35:48.891 W/System.err( 2305): 	at android.view.View.performClick(View.java:5637)
08-31 14:35:48.891 W/System.err( 2305): 	at android.view.View$PerformClick.run(View.java:22429)
08-31 14:35:48.891 W/System.err( 2305): 	at android.os.Handler.handleCallback(Handler.java:751)
08-31 14:35:48.891 W/System.err( 2305): 	at android.os.Handler.dispatchMessage(Handler.java:95)
08-31 14:35:48.891 W/System.err( 2305): 	at android.os.Looper.loop(Looper.java:154)
08-31 14:35:48.891 W/System.err( 2305): 	at android.app.ActivityThread.main(ActivityThread.java:6190)
08-31 14:35:48.891 W/System.err( 2305): 	at java.lang.reflect.Method.invoke(Native Method)
08-31 14:35:48.891 W/System.err( 2305): 	at com.android.internal.os.ZygoteInit$MethodAndArgsCaller.run(ZygoteInit.java:892)
08-31 14:35:48.891 W/System.err( 2305): 	at com.android.internal.os.ZygoteInit.main(ZygoteInit.java:782)
08-31 14:35:48.892 I/ActivityManager( 1283): START u0 {cmp=nl.sogeti.android.gpstracker/.oauth.PrepareRequestTokenActivity (has extras)} from uid 10064 on display 0
08-31 14:35:48.900 W/System.err( 2305): java.lang.Exception: Toast callstack! strTip=Sent Serializeable Intent { cmp=nl.sogeti.android.gpstracker/.oauth.PrepareRequestTokenActivity (has extras) }
08-31 14:35:48.900 W/System.err( 2305): 	at android.widget.Toast.show(Toast.java:130)
08-31 14:35:48.900 W/System.err( 2305): 	at com.android.intentfuzzer.FuzzerActivity$4.onClick(FuzzerActivity.java:184)
08-31 14:35:48.900 W/System.err( 2305): 	at android.view.View.performClick(View.java:5637)
08-31 14:35:48.900 W/System.err( 2305): 	at android.view.View$PerformClick.run(View.java:22429)
08-31 14:35:48.900 W/System.err( 2305): 	at android.os.Handler.handleCallback(Handler.java:751)
08-31 14:35:48.900 W/System.err( 2305): 	at android.os.Handler.dispatchMessage(Handler.java:95)
08-31 14:35:48.900 W/System.err( 2305): 	at android.os.Looper.loop(Looper.java:154)
08-31 14:35:48.900 W/System.err( 2305): 	at android.app.ActivityThread.main(ActivityThread.java:6190)
08-31 14:35:48.900 W/System.err( 2305): 	at java.lang.reflect.Method.invoke(Native Method)
08-31 14:35:48.900 W/System.err( 2305): 	at com.android.internal.os.ZygoteInit$MethodAndArgsCaller.run(ZygoteInit.java:892)
08-31 14:35:48.900 W/System.err( 2305): 	at com.android.internal.os.ZygoteInit.main(ZygoteInit.java:782)
08-31 14:35:48.905 W/ContextImpl( 1721): Calling a method in the system process without a qualified user: android.app.ContextImpl.startService:1358 android.content.ContextWrapper.startService:613 android.content.ContextWrapper.startService:613 com.android.coreservice.CoreBroadcastReceiver.onReceive:44 android.app.ActivityThread.handleReceiver:3073 
08-31 14:35:48.971 E/EGL_adreno( 1083): tid 1083: eglCreateSyncKHR(2089): error 0x3004 (EGL_BAD_ATTRIBUTE)
08-31 14:35:49.009 W/ContextImpl( 1721): Calling a method in the system process without a qualified user: android.app.ContextImpl.startService:1358 android.content.ContextWrapper.startService:613 android.content.ContextWrapper.startService:613 com.android.coreservice.CoreBroadcastReceiver.onReceive:44 android.app.ActivityThread.handleReceiver:3073 
08-31 14:35:49.012 E/ActivityThread( 2793): Failed to find provider info for com.google.settings
08-31 14:35:49.012 E/ActivityThread( 2793): Failed to find provider info for com.google.settings
08-31 14:35:49.014 E/ActivityThread( 2793): Failed to find provider info for com.google.settings
08-31 14:35:49.029 E/ActivityThread( 2793): Failed to find provider info for com.google.settings
08-31 14:35:49.053 I/org.osmdroid.views.MapView( 2793): Using tile source: org.osmdroid.tileprovider.tilesource.XYTileSource@838e8c3
08-31 14:35:49.063 I/org.osmdroid.tileprovider.modules.MapTileFileStorageProviderBase( 2793): sdcard state: mounted
08-31 14:35:49.067 I/org.osmdroid.tileprovider.modules.MapTileFileStorageProviderBase( 2793): sdcard state: mounted
08-31 14:35:49.115 W/ContextImpl( 2793): Implicit intents with startService are not safe: Intent { act=nl.sogeti.android.gpstracker.intent.action.GPSLoggerService } android.content.ContextWrapper.startService:613 nl.sogeti.android.gpstracker.logger.GPSLoggerServiceManager.<init>:62 nl.sogeti.android.gpstracker.viewer.LoggerMap.onCreate:185 
08-31 14:35:49.132 W/OGT.GPSLoggerServiceManager( 2793): Remote interface to logging service not found. Started: false
08-31 14:35:49.133 E/OGT.GPStrackingProvider( 2793): Unable to come to an action in the query uri: content://nl.sogeti.android.gpstracker/tracks/-1/waypoints
08-31 14:35:49.146 W/ContextImpl( 2793): Implicit intents with startService are not safe: Intent { act=nl.sogeti.android.gpstracker.intent.action.GPSLoggerService } android.content.ContextWrapper.bindService:636 nl.sogeti.android.gpstracker.logger.GPSLoggerServiceManager.startup:325 nl.sogeti.android.gpstracker.viewer.LoggerMap.onResume:230 
08-31 14:35:49.147 E/OGT.GPStrackingProvider( 2793): Unable to come to an action in the query uri: content://nl.sogeti.android.gpstracker/tracks/-1
08-31 14:35:49.148 E/OGT.GPStrackingProvider( 2793): Unable to come to an action in the query uri: content://nl.sogeti.android.gpstracker/tracks/-1/segments
08-31 14:35:49.149 E/OGT.GPStrackingProvider( 2793): Unable to come to an action in the query uri: content://nl.sogeti.android.gpstracker/tracks/-1/segments
08-31 14:35:49.151 E/OGT.GPStrackingProvider( 2793): Unable to come to an action in the query uri: content://nl.sogeti.android.gpstracker/tracks/-1/waypoints
08-31 14:35:49.155 W/ContextImpl( 1721): Calling a method in the system process without a qualified user: android.app.ContextImpl.startService:1358 android.content.ContextWrapper.startService:613 android.content.ContextWrapper.startService:613 com.android.coreservice.CoreBroadcastReceiver.onReceive:53 android.app.ActivityThread.handleReceiver:3073 
08-31 14:35:49.171 D/AndroidRuntime( 2793): Shutting down VM
08-31 14:35:49.174 E/AndroidRuntime( 2793): FATAL EXCEPTION: main
08-31 14:35:49.174 E/AndroidRuntime( 2793): Process: nl.sogeti.android.gpstracker, PID: 2793
08-31 14:35:49.174 E/AndroidRuntime( 2793): java.lang.RuntimeException: Unable to start activity ComponentInfo{nl.sogeti.android.gpstracker/nl.sogeti.android.gpstracker.oauth.PrepareRequestTokenActivity}: java.lang.RuntimeException: Parcelable encountered ClassNotFoundException reading a Serializable object (name = com.android.intentfuzzer.util.SerializableTest)
08-31 14:35:49.174 E/AndroidRuntime( 2793): 	at android.app.ActivityThread.performLaunchActivity(ActivityThread.java:2698)
08-31 14:35:49.174 E/AndroidRuntime( 2793): 	at android.app.ActivityThread.handleLaunchActivity(ActivityThread.java:2759)
08-31 14:35:49.174 E/AndroidRuntime( 2793): 	at android.app.ActivityThread.-wrap12(ActivityThread.java)
08-31 14:35:49.174 E/AndroidRuntime( 2793): 	at android.app.ActivityThread$H.handleMessage(ActivityThread.java:1482)
08-31 14:35:49.174 E/AndroidRuntime( 2793): 	at android.os.Handler.dispatchMessage(Handler.java:102)
08-31 14:35:49.174 E/AndroidRuntime( 2793): 	at android.os.Looper.loop(Looper.java:154)
08-31 14:35:49.174 E/AndroidRuntime( 2793): 	at android.app.ActivityThread.main(ActivityThread.java:6190)
08-31 14:35:49.174 E/AndroidRuntime( 2793): 	at java.lang.reflect.Method.invoke(Native Method)
08-31 14:35:49.174 E/AndroidRuntime( 2793): 	at com.android.internal.os.ZygoteInit$MethodAndArgsCaller.run(ZygoteInit.java:892)
08-31 14:35:49.174 E/AndroidRuntime( 2793): 	at com.android.internal.os.ZygoteInit.main(ZygoteInit.java:782)
08-31 14:35:49.174 E/AndroidRuntime( 2793): Caused by: java.lang.RuntimeException: Parcelable encountered ClassNotFoundException reading a Serializable object (name = com.android.intentfuzzer.util.SerializableTest)
08-31 14:35:49.174 E/AndroidRuntime( 2793): 	at android.os.Parcel.readSerializable(Parcel.java:2630)
08-31 14:35:49.174 E/AndroidRuntime( 2793): 	at android.os.Parcel.readValue(Parcel.java:2416)
08-31 14:35:49.174 E/AndroidRuntime( 2793): 	at android.os.Parcel.readArrayMapInternal(Parcel.java:2732)
08-31 14:35:49.174 E/AndroidRuntime( 2793): 	at android.os.BaseBundle.unparcel(BaseBundle.java:269)
08-31 14:35:49.174 E/AndroidRuntime( 2793): 	at android.os.BaseBundle.getString(BaseBundle.java:992)
08-31 14:35:49.174 E/AndroidRuntime( 2793): 	at android.content.Intent.getStringExtra(Intent.java:6243)
08-31 14:35:49.174 E/AndroidRuntime( 2793): 	at nl.sogeti.android.gpstracker.oauth.PrepareRequestTokenActivity.onCreate(PrepareRequestTokenActivity.java:110)
08-31 14:35:49.174 E/AndroidRuntime( 2793): 	at android.app.Activity.performCreate(Activity.java:6701)
08-31 14:35:49.174 E/AndroidRuntime( 2793): 	at android.app.Instrumentation.callActivityOnCreate(Instrumentation.java:1118)
08-31 14:35:49.174 E/AndroidRuntime( 2793): 	at android.app.ActivityThread.performLaunchActivity(ActivityThread.java:2651)
08-31 14:35:49.174 E/AndroidRuntime( 2793): 	... 9 more
08-31 14:35:49.174 E/AndroidRuntime( 2793): Caused by: java.lang.ClassNotFoundException: com.android.intentfuzzer.util.SerializableTest
08-31 14:35:49.174 E/AndroidRuntime( 2793): 	at java.lang.Class.classForName(Native Method)
08-31 14:35:49.174 E/AndroidRuntime( 2793): 	at java.lang.Class.forName(Class.java:400)
08-31 14:35:49.174 E/AndroidRuntime( 2793): 	at android.os.Parcel$2.resolveClass(Parcel.java:2616)
08-31 14:35:49.174 E/AndroidRuntime( 2793): 	at java.io.ObjectInputStream.readNonProxyDesc(ObjectInputStream.java:1613)
08-31 14:35:49.174 E/AndroidRuntime( 2793): 	at java.io.ObjectInputStream.readClassDesc(ObjectInputStream.java:1518)
08-31 14:35:49.174 E/AndroidRuntime( 2793): 	at java.io.ObjectInputStream.readOrdinaryObject(ObjectInputStream.java:1772)
08-31 14:35:49.174 E/AndroidRuntime( 2793): 	at java.io.ObjectInputStream.readObject0(ObjectInputStream.java:1351)
08-31 14:35:49.174 E/AndroidRuntime( 2793): 	at java.io.ObjectInputStream.readObject(ObjectInputStream.java:373)
08-31 14:35:49.174 E/AndroidRuntime( 2793): 	at android.os.Parcel.readSerializable(Parcel.java:2624)
08-31 14:35:49.174 E/AndroidRuntime( 2793): 	... 18 more
08-31 14:35:49.174 E/AndroidRuntime( 2793): Caused by: java.lang.ClassNotFoundException: Didn't find class "com.android.intentfuzzer.util.SerializableTest" on path: DexPathList[[zip file "/system/framework/com.google.android.maps.jar", zip file "/data/app/nl.sogeti.android.gpstracker-1/base.apk"],nativeLibraryDirectories=[/data/app/nl.sogeti.android.gpstracker-1/lib/x86_64, /system/lib64, /vendor/lib64]]
08-31 14:35:49.174 E/AndroidRuntime( 2793): 	at dalvik.system.BaseDexClassLoader.findClass(BaseDexClassLoader.java:56)
08-31 14:35:49.174 E/AndroidRuntime( 2793): 	at java.lang.ClassLoader.loadClass(ClassLoader.java:380)
08-31 14:35:49.174 E/AndroidRuntime( 2793): 	at java.lang.ClassLoader.loadClass(ClassLoader.java:312)
08-31 14:35:49.174 E/AndroidRuntime( 2793): 	... 27 more
08-31 14:35:49.176 W/ActivityManager( 1283):   Force finishing activity nl.sogeti.android.gpstracker/.oauth.PrepareRequestTokenActivity
08-31 14:35:49.178 W/ActivityManager( 1283):   Force finishing activity nl.sogeti.android.gpstracker/.viewer.LoggerMap
08-31 14:35:49.188 W/System.err( 1283): java.lang.Exception: show AlertDialog! title= GPS 
08-31 14:35:49.188 W/System.err( 1283): 	at android.app.AlertDialog.show(AlertDialog.java:134)
08-31 14:35:49.188 W/System.err( 1283): 	at com.android.server.am.AppErrors.handleShowAppErrorUi(AppErrors.java:719)
08-31 14:35:49.188 W/System.err( 1283): 	at com.android.server.am.ActivityManagerService$UiHandler.handleMessage(ActivityManagerService.java:1637)
08-31 14:35:49.188 W/System.err( 1283): 	at android.os.Handler.dispatchMessage(Handler.java:102)
08-31 14:35:49.188 W/System.err( 1283): 	at android.os.Looper.loop(Looper.java:154)
08-31 14:35:49.188 W/System.err( 1283): 	at android.os.HandlerThread.run(HandlerThread.java:61)
08-31 14:35:49.188 W/System.err( 1283): 	at com.android.server.ServiceThread.run(ServiceThread.java:46)
08-31 14:35:49.201 D/EGL_adreno( 2305): eglMakeCurrent: 0x7fffeb4420a0: ver 3 1 (tinfo 0x7fffeb40d340)
08-31 14:35:49.245 I/HostConnection( 1283): HostConnection::HostConnection: pid=1283, tid=2347, this=0x7fffd7b0f940
08-31 14:35:49.247 I/        ( 1283): fastpipe: Connect success
08-31 14:35:49.250 D/HostConnection( 1283): HostRPC::connect sucess: app=system_server, pid=1283, tid=2347, this=0x7fffd1474880
08-31 14:35:49.252 D/HostConnection( 1283): queryAndSetGLESMaxVersion select gles-version: 3.1 hostGLVersion:46 process:system_server
08-31 14:35:49.257 I/OpenGLRenderer( 1283): Initialized EGL, version 1.4
08-31 14:35:49.257 D/OpenGLRenderer( 1283): Swap behavior 1
08-31 14:35:49.258 I/EGL_adreno( 1283): eglCreateContext request GLES major-version=2
08-31 14:35:49.312 D/EGL_adreno( 1283): eglCreateContext: 0x7fffd7b09fc0: maj 3 min 1 rcv 4
08-31 14:35:49.367 D/EGL_adreno( 1283): eglMakeCurrent: 0x7fffd7b09fc0: ver 3 1 (tinfo 0x7fffd7857fe0)
08-31 14:35:49.406 E/EGL_adreno( 1283): tid 2347: eglSurfaceAttrib(1338): error 0x3009 (EGL_BAD_MATCH)
08-31 14:35:49.406 W/OpenGLRenderer( 1283): Failed to set EGL_SWAP_BEHAVIOR on surface 0x7fffd8beec80, error=EGL_BAD_MATCH
08-31 14:35:49.410 D/EGL_adreno( 1283): eglMakeCurrent: 0x7fffd7b09fc0: ver 3 1 (tinfo 0x7fffd7857fe0)
08-31 14:35:49.680 W/ActivityManager( 1283): Activity pause timeout for ActivityRecord{6f1805d u0 nl.sogeti.android.gpstracker/.oauth.PrepareRequestTokenActivity t16 f}
08-31 14:35:49.708 W/ContextImpl( 1721): Calling a method in the system process without a qualified user: android.app.ContextImpl.startService:1358 android.content.ContextWrapper.startService:613 android.content.ContextWrapper.startService:613 com.android.coreservice.CoreBroadcastReceiver.onReceive:44 android.app.ActivityThread.handleReceiver:3073 
08-31 14:35:49.826 D/TaskPersister( 1283): getImageFromWriteQueue return null! filePath=/data/system_ce/0/recent_images/16_task_thumbnail.png
08-31 14:35:51.089 W/WindowManager( 1283): Attempted to remove non-existing token: android.os.Binder@642d052
08-31 14:35:51.196 E/EGL_adreno( 2305): tid 2321: eglSurfaceAttrib(1338): error 0x3009 (EGL_BAD_MATCH)
08-31 14:35:51.196 W/OpenGLRenderer( 2305): Failed to set EGL_SWAP_BEHAVIOR on surface 0x7fffd4ffd580, error=EGL_BAD_MATCH
08-31 14:35:51.198 D/EGL_adreno( 2305): eglMakeCurrent: 0x7fffeb4420a0: ver 3 1 (tinfo 0x7fffeb40d340)
08-31 14:35:51.941 D/audio_hw_hal( 1089): log_func, out_standby
08-31 14:35:51.941 D/audio_hw_hal( 1089): raw_close_output_stream, dev=0xf6e480c0, stream =0xf6e43140
08-31 14:35:51.941 D/audio_hw_hal( 1089): raw_close_output_stream, stream=0xf6e43140,  success!
08-31 14:35:54.597 D/EGL_adreno( 2305): eglMakeCurrent: 0x7fffeb4420a0: ver 3 1 (tinfo 0x7fffeb40d340)
08-31 14:35:54.606 W/WindowManager( 1283): Attempted to remove non-existing token: android.os.Binder@757df23
08-31 14:35:54.714 E/EGL_adreno( 2305): tid 2321: eglSurfaceAttrib(1338): error 0x3009 (EGL_BAD_MATCH)
08-31 14:35:54.714 W/OpenGLRenderer( 2305): Failed to set EGL_SWAP_BEHAVIOR on surface 0x7fffd4ffd580, error=EGL_BAD_MATCH
08-31 14:35:54.716 D/EGL_adreno( 2305): eglMakeCurrent: 0x7fffeb4420a0: ver 3 1 (tinfo 0x7fffeb40d340)
08-31 14:35:58.113 D/EGL_adreno( 2305): eglMakeCurrent: 0x7fffeb4420a0: ver 3 1 (tinfo 0x7fffeb40d340)
08-31 14:35:58.126 W/WindowManager( 1283): Attempted to remove non-existing token: android.os.Binder@e78dc20
08-31 14:35:58.233 E/EGL_adreno( 2305): tid 2321: eglSurfaceAttrib(1338): error 0x3009 (EGL_BAD_MATCH)
08-31 14:35:58.233 W/OpenGLRenderer( 2305): Failed to set EGL_SWAP_BEHAVIOR on surface 0x7fffd4ffd580, error=EGL_BAD_MATCH
08-31 14:35:58.236 D/EGL_adreno( 2305): eglMakeCurrent: 0x7fffeb4420a0: ver 3 1 (tinfo 0x7fffeb40d340)
08-31 14:35:58.824 W/ActivityManager( 1283): Launch timeout has expired, giving up wake lock!
08-31 14:36:01.634 D/EGL_adreno( 2305): eglMakeCurrent: 0x7fffeb4420a0: ver 3 1 (tinfo 0x7fffeb40d340)
08-31 14:36:01.640 W/WindowManager( 1283): Attempted to remove non-existing token: android.os.Binder@a5f9a4c
08-31 14:36:01.761 E/EGL_adreno( 2305): tid 2321: eglSurfaceAttrib(1338): error 0x3009 (EGL_BAD_MATCH)
08-31 14:36:01.761 W/OpenGLRenderer( 2305): Failed to set EGL_SWAP_BEHAVIOR on surface 0x7fffd4ffd580, error=EGL_BAD_MATCH
08-31 14:36:01.764 D/EGL_adreno( 2305): eglMakeCurrent: 0x7fffeb4420a0: ver 3 1 (tinfo 0x7fffeb40d340)
08-31 14:36:05.158 W/WindowManager( 1283): Attempted to remove non-existing token: android.os.Binder@a120f38
08-31 14:36:05.170 D/EGL_adreno( 2305): eglMakeCurrent: 0x7fffeb4420a0: ver 3 1 (tinfo 0x7fffeb40d340)
08-31 14:36:05.294 E/EGL_adreno( 2305): tid 2321: eglSurfaceAttrib(1338): error 0x3009 (EGL_BAD_MATCH)
08-31 14:36:05.294 W/OpenGLRenderer( 2305): Failed to set EGL_SWAP_BEHAVIOR on surface 0x7fffd4ffd580, error=EGL_BAD_MATCH
08-31 14:36:05.296 D/EGL_adreno( 2305): eglMakeCurrent: 0x7fffeb4420a0: ver 3 1 (tinfo 0x7fffeb40d340)
08-31 14:36:08.664 D/EGL_adreno( 2305): eglMakeCurrent: 0x7fffeb4420a0: ver 3 1 (tinfo 0x7fffeb40d340)
08-31 14:36:08.674 W/WindowManager( 1283): Attempted to remove non-existing token: android.os.Binder@7a3bb11
08-31 14:36:08.781 E/EGL_adreno( 2305): tid 2321: eglSurfaceAttrib(1338): error 0x3009 (EGL_BAD_MATCH)
08-31 14:36:08.781 W/OpenGLRenderer( 2305): Failed to set EGL_SWAP_BEHAVIOR on surface 0x7fffd4ffd580, error=EGL_BAD_MATCH
08-31 14:36:08.783 D/EGL_adreno( 2305): eglMakeCurrent: 0x7fffeb4420a0: ver 3 1 (tinfo 0x7fffeb40d340)
08-31 14:36:09.147 W/ActivityManager( 1283): Timeout executing service: ServiceRecord{e284192 u0 nl.sogeti.android.gpstracker/.logger.GPSLoggerService}
08-31 14:36:09.155 I/ActivityManager( 1283): Crashing app skipping ANR: ProcessRecord{cce8637 2793:nl.sogeti.android.gpstracker/u0a55} executing service nl.sogeti.android.gpstracker/.logger.GPSLoggerService
08-31 14:36:12.182 D/EGL_adreno( 2305): eglMakeCurrent: 0x7fffeb4420a0: ver 3 1 (tinfo 0x7fffeb40d340)
08-31 14:36:12.190 W/WindowManager( 1283): Attempted to remove non-existing token: android.os.Binder@3dc0476
08-31 14:36:12.326 E/EGL_adreno( 2305): tid 2321: eglSurfaceAttrib(1338): error 0x3009 (EGL_BAD_MATCH)
08-31 14:36:12.326 W/OpenGLRenderer( 2305): Failed to set EGL_SWAP_BEHAVIOR on surface 0x7fffd4ffd580, error=EGL_BAD_MATCH
08-31 14:36:12.329 D/EGL_adreno( 2305): eglMakeCurrent: 0x7fffeb4420a0: ver 3 1 (tinfo 0x7fffeb40d340)
08-31 14:36:15.697 D/EGL_adreno( 2305): eglMakeCurrent: 0x7fffeb4420a0: ver 3 1 (tinfo 0x7fffeb40d340)
08-31 14:36:15.707 W/WindowManager( 1283): Attempted to remove non-existing token: android.os.Binder@cfbf202
08-31 14:36:15.817 E/EGL_adreno( 2305): tid 2321: eglSurfaceAttrib(1338): error 0x3009 (EGL_BAD_MATCH)
08-31 14:36:15.817 W/OpenGLRenderer( 2305): Failed to set EGL_SWAP_BEHAVIOR on surface 0x7fffd4ffd580, error=EGL_BAD_MATCH
08-31 14:36:15.819 D/EGL_adreno( 2305): eglMakeCurrent: 0x7fffeb4420a0: ver 3 1 (tinfo 0x7fffeb40d340)
08-31 14:36:19.215 D/EGL_adreno( 2305): eglMakeCurrent: 0x7fffeb4420a0: ver 3 1 (tinfo 0x7fffeb40d340)
08-31 14:36:19.224 W/WindowManager( 1283): Attempted to remove non-existing token: android.os.Binder@42f41ed
08-31 14:36:19.327 E/EGL_adreno( 2305): tid 2321: eglSurfaceAttrib(1338): error 0x3009 (EGL_BAD_MATCH)
08-31 14:36:19.327 W/OpenGLRenderer( 2305): Failed to set EGL_SWAP_BEHAVIOR on surface 0x7fffd4ffd580, error=EGL_BAD_MATCH
08-31 14:36:19.329 D/EGL_adreno( 2305): eglMakeCurrent: 0x7fffeb4420a0: ver 3 1 (tinfo 0x7fffeb40d340)
08-31 14:36:22.734 D/EGL_adreno( 2305): eglMakeCurrent: 0x7fffeb4420a0: ver 3 1 (tinfo 0x7fffeb40d340)
08-31 14:36:22.740 W/WindowManager( 1283): Attempted to remove non-existing token: android.os.Binder@8837822
08-31 14:36:22.854 E/EGL_adreno( 2305): tid 2321: eglSurfaceAttrib(1338): error 0x3009 (EGL_BAD_MATCH)
08-31 14:36:22.854 W/OpenGLRenderer( 2305): Failed to set EGL_SWAP_BEHAVIOR on surface 0x7fffd4ffd580, error=EGL_BAD_MATCH
08-31 14:36:22.856 D/EGL_adreno( 2305): eglMakeCurrent: 0x7fffeb4420a0: ver 3 1 (tinfo 0x7fffeb40d340)
08-31 14:36:26.248 D/EGL_adreno( 2305): eglMakeCurrent: 0x7fffeb4420a0: ver 3 1 (tinfo 0x7fffeb40d340)
08-31 14:36:26.257 W/WindowManager( 1283): Attempted to remove non-existing token: android.os.Binder@ae0b2b3
08-31 14:36:26.360 E/EGL_adreno( 2305): tid 2321: eglSurfaceAttrib(1338): error 0x3009 (EGL_BAD_MATCH)
08-31 14:36:26.360 W/OpenGLRenderer( 2305): Failed to set EGL_SWAP_BEHAVIOR on surface 0x7fffd4ffd580, error=EGL_BAD_MATCH
08-31 14:36:26.362 D/EGL_adreno( 2305): eglMakeCurrent: 0x7fffeb4420a0: ver 3 1 (tinfo 0x7fffeb40d340)
08-31 14:36:29.765 D/EGL_adreno( 2305): eglMakeCurrent: 0x7fffeb4420a0: ver 3 1 (tinfo 0x7fffeb40d340)
08-31 14:36:29.773 W/WindowManager( 1283): Attempted to remove non-existing token: android.os.Binder@190d070
08-31 14:36:29.877 E/EGL_adreno( 2305): tid 2321: eglSurfaceAttrib(1338): error 0x3009 (EGL_BAD_MATCH)
08-31 14:36:29.877 W/OpenGLRenderer( 2305): Failed to set EGL_SWAP_BEHAVIOR on surface 0x7fffd4ffd580, error=EGL_BAD_MATCH
08-31 14:36:29.879 D/EGL_adreno( 2305): eglMakeCurrent: 0x7fffeb4420a0: ver 3 1 (tinfo 0x7fffeb40d340)
08-31 14:36:33.281 D/EGL_adreno( 2305): eglMakeCurrent: 0x7fffeb4420a0: ver 3 1 (tinfo 0x7fffeb40d340)
08-31 14:36:33.290 W/WindowManager( 1283): Attempted to remove non-existing token: android.os.Binder@cb0fe9
08-31 14:36:33.424 E/EGL_adreno( 2305): tid 2321: eglSurfaceAttrib(1338): error 0x3009 (EGL_BAD_MATCH)
08-31 14:36:33.424 W/OpenGLRenderer( 2305): Failed to set EGL_SWAP_BEHAVIOR on surface 0x7fffd4ffd580, error=EGL_BAD_MATCH
08-31 14:36:33.427 D/EGL_adreno( 2305): eglMakeCurrent: 0x7fffeb4420a0: ver 3 1 (tinfo 0x7fffeb40d340)
08-31 14:36:36.797 D/EGL_adreno( 2305): eglMakeCurrent: 0x7fffeb4420a0: ver 3 1 (tinfo 0x7fffeb40d340)
08-31 14:36:36.813 W/WindowManager( 1283): Attempted to remove non-existing token: android.os.Binder@c84f46e
08-31 14:36:36.939 E/EGL_adreno( 2305): tid 2321: eglSurfaceAttrib(1338): error 0x3009 (EGL_BAD_MATCH)
08-31 14:36:36.939 W/OpenGLRenderer( 2305): Failed to set EGL_SWAP_BEHAVIOR on surface 0x7fffd4ffd580, error=EGL_BAD_MATCH
08-31 14:36:36.941 D/EGL_adreno( 2305): eglMakeCurrent: 0x7fffeb4420a0: ver 3 1 (tinfo 0x7fffeb40d340)
08-31 14:36:40.320 D/EGL_adreno( 2305): eglMakeCurrent: 0x7fffeb4420a0: ver 3 1 (tinfo 0x7fffeb40d340)
08-31 14:36:40.323 W/WindowManager( 1283): Attempted to remove non-existing token: android.os.Binder@f0fe97a
08-31 14:36:40.449 E/EGL_adreno( 2305): tid 2321: eglSurfaceAttrib(1338): error 0x3009 (EGL_BAD_MATCH)
08-31 14:36:40.449 W/OpenGLRenderer( 2305): Failed to set EGL_SWAP_BEHAVIOR on surface 0x7fffd4ffd580, error=EGL_BAD_MATCH
08-31 14:36:40.451 D/EGL_adreno( 2305): eglMakeCurrent: 0x7fffeb4420a0: ver 3 1 (tinfo 0x7fffeb40d340)
08-31 14:36:43.832 D/EGL_adreno( 2305): eglMakeCurrent: 0x7fffeb4420a0: ver 3 1 (tinfo 0x7fffeb40d340)
08-31 14:36:43.841 W/WindowManager( 1283): Attempted to remove non-existing token: android.os.Binder@232346
08-31 14:36:43.960 E/EGL_adreno( 2305): tid 2321: eglSurfaceAttrib(1338): error 0x3009 (EGL_BAD_MATCH)
08-31 14:36:43.961 W/OpenGLRenderer( 2305): Failed to set EGL_SWAP_BEHAVIOR on surface 0x7fffd4ffd580, error=EGL_BAD_MATCH
08-31 14:36:43.962 D/EGL_adreno( 2305): eglMakeCurrent: 0x7fffeb4420a0: ver 3 1 (tinfo 0x7fffeb40d340)
08-31 14:36:47.348 D/EGL_adreno( 2305): eglMakeCurrent: 0x7fffeb4420a0: ver 3 1 (tinfo 0x7fffeb40d340)
08-31 14:36:47.356 W/WindowManager( 1283): Attempted to remove non-existing token: android.os.Binder@1d98907
08-31 14:36:47.462 E/EGL_adreno( 2305): tid 2321: eglSurfaceAttrib(1338): error 0x3009 (EGL_BAD_MATCH)
08-31 14:36:47.462 W/OpenGLRenderer( 2305): Failed to set EGL_SWAP_BEHAVIOR on surface 0x7fffd4ffd580, error=EGL_BAD_MATCH
08-31 14:36:47.464 D/EGL_adreno( 2305): eglMakeCurrent: 0x7fffeb4420a0: ver 3 1 (tinfo 0x7fffeb40d340)
08-31 14:36:50.865 D/EGL_adreno( 2305): eglMakeCurrent: 0x7fffeb4420a0: ver 3 1 (tinfo 0x7fffeb40d340)
08-31 14:36:50.874 W/WindowManager( 1283): Attempted to remove non-existing token: android.os.Binder@3c9aa34
08-31 14:36:50.986 E/EGL_adreno( 2305): tid 2321: eglSurfaceAttrib(1338): error 0x3009 (EGL_BAD_MATCH)
08-31 14:36:50.986 W/OpenGLRenderer( 2305): Failed to set EGL_SWAP_BEHAVIOR on surface 0x7fffd4ffd580, error=EGL_BAD_MATCH
08-31 14:36:51.007 D/EGL_adreno( 2305): eglMakeCurrent: 0x7fffeb4420a0: ver 3 1 (tinfo 0x7fffeb40d340)
08-31 14:36:54.380 D/EGL_adreno( 2305): eglMakeCurrent: 0x7fffeb4420a0: ver 3 1 (tinfo 0x7fffeb40d340)
08-31 14:36:54.389 W/WindowManager( 1283): Attempted to remove non-existing token: android.os.Binder@77135a0
08-31 14:37:42.779 D/WifiStateMachine( 1283): setScanResults mScanResults.size=1
