08-31 14:35:33.829 E/ActivityManager( 1283): 	at com.android.server.am.ActivityManagerService.broadcastIntentLocked(ActivityManagerService.java:18680)
08-31 14:35:33.829 E/ActivityManager( 1283): 	at com.android.server.am.ActivityManagerService.broadcastIntent(ActivityManagerService.java:18771)
08-31 14:35:33.829 E/ActivityManager( 1283): 	at android.app.ActivityManagerNative.onTransact(ActivityManagerNative.java:499)
08-31 14:35:33.829 E/ActivityManager( 1283): 	at com.android.server.am.ActivityManagerService.onTransact(ActivityManagerService.java:2820)
08-31 14:35:33.829 E/ActivityManager( 1283): 	at android.os.Binder.execTransact(Binder.java:565)
08-31 14:35:33.833 I/CoreService( 1721): notifyClosing notify tab closed taskPackageName:nl.sogeti.android.gpstracker
08-31 14:35:33.837 W/ContextImpl( 1721): Calling a method in the system process without a qualified user: android.app.ContextImpl.startService:1358 android.content.ContextWrapper.startService:613 android.content.ContextWrapper.startService:613 com.android.coreservice.CoreBroadcastReceiver.onReceive:44 android.app.ActivityThread.handleReceiver:3073 
08-31 14:35:33.854 I/art     ( 1283): Background partial concurrent mark sweep GC freed 34310(1851KB) AllocSpace objects, 41(820KB) LOS objects, 33% free, 11MB/17MB, paused 1.186ms total 109.929ms
08-31 14:35:33.861 W/ContextImpl( 1721): Calling a method in the system process without a qualified user: android.app.ContextImpl.startService:1358 android.content.ContextWrapper.startService:613 android.content.ContextWrapper.startService:613 com.android.coreservice.CoreBroadcastReceiver.onReceive:53 android.app.ActivityThread.handleReceiver:3073 
08-31 14:35:33.886 V/PhoneStatusBar( 1383): setLightsOn(true)
08-31 14:35:33.890 V/PhoneStatusBar( 1383): setLightsOn(true)
08-31 14:35:33.953 W/ViewRootImpl[TrackList]( 2744): Cancelling event due to no window focus: KeyEvent { action=ACTION_UP, keyCode=KEYCODE_BACK, scanCode=158, metaState=0, flags=0x28, repeatCount=0, eventTime=12957014, downTime=12957014, deviceId=2, source=0x101 }
08-31 14:35:33.953 W/ViewRootImpl[TrackList]( 2744): Cancelling event due to no window focus: KeyEvent { action=ACTION_UP, keyCode=KEYCODE_BACK, scanCode=158, metaState=0, flags=0x28, repeatCount=0, eventTime=12957014, downTime=12957014, deviceId=2, source=0x101 }
08-31 14:35:33.953 W/ViewRootImpl[TrackList]( 2744): Cancelling event due to no window focus: KeyEvent { action=ACTION_UP, keyCode=KEYCODE_BACK, scanCode=158, metaState=0, flags=0x28, repeatCount=0, eventTime=12957014, downTime=12957014, deviceId=2, source=0x101 }
08-31 14:35:33.953 W/ViewRootImpl[TrackList]( 2744): Cancelling event due to no window focus: KeyEvent { action=ACTION_UP, keyCode=KEYCODE_BACK, scanCode=158, metaState=0, flags=0x28, repeatCount=0, eventTime=12957014, downTime=12957014, deviceId=2, source=0x101 }
08-31 14:35:33.953 W/ViewRootImpl[TrackList]( 2744): Cancelling event due to no window focus: KeyEvent { action=ACTION_UP, keyCode=KEYCODE_BACK, scanCode=158, metaState=0, flags=0x28, repeatCount=0, eventTime=12957014, downTime=12957014, deviceId=2, source=0x101 }
08-31 14:35:33.953 W/ViewRootImpl[TrackList]( 2744): Cancelling event due to no window focus: KeyEvent { action=ACTION_UP, keyCode=KEYCODE_BACK, scanCode=158, metaState=0, flags=0x28, repeatCount=0, eventTime=12957014, downTime=12957014, deviceId=2, source=0x101 }
08-31 14:35:33.953 W/ViewRootImpl[TrackList]( 2744): Cancelling event due to no window focus: KeyEvent { action=ACTION_UP, keyCode=KEYCODE_BACK, scanCode=158, metaState=0, flags=0x28, repeatCount=0, eventTime=12957014, downTime=12957014, deviceId=2, source=0x101 }
08-31 14:35:33.953 W/ViewRootImpl[TrackList]( 2744): Cancelling event due to no window focus: KeyEvent { action=ACTION_UP, keyCode=KEYCODE_BACK, scanCode=158, metaState=0, flags=0x28, repeatCount=0, eventTime=12957014, downTime=12957014, deviceId=2, source=0x101 }
08-31 14:35:33.953 W/ViewRootImpl[TrackList]( 2744): Cancelling event due to no window focus: KeyEvent { action=ACTION_UP, keyCode=KEYCODE_BACK, scanCode=158, metaState=0, flags=0x28, repeatCount=0, eventTime=12957014, downTime=12957014, deviceId=2, source=0x101 }
08-31 14:35:33.971 E/EGL_adreno( 2744): tid 2761: eglSurfaceAttrib(1338): error 0x3009 (EGL_BAD_MATCH)
08-31 14:35:33.971 W/OpenGLRenderer( 2744): Failed to set EGL_SWAP_BEHAVIOR on surface 0x7fffe8b5c2c0, error=EGL_BAD_MATCH
08-31 14:35:33.973 D/EGL_adreno( 2744): eglMakeCurrent: 0x7ffff2e7efc0: ver 3 1 (tinfo 0x7ffff2f80900)
08-31 14:35:34.018 V/PhoneStatusBar( 1383): setLightsOn(true)
08-31 14:35:34.025 V/PhoneStatusBar( 1383): setLightsOn(true)
08-31 14:35:34.027 I/ActivityManager( 1283): Displayed nl.sogeti.android.gpstracker/.viewer.TrackList: +226ms (total +763ms)
08-31 14:35:34.027 W/ContextImpl( 1721): Calling a method in the system process without a qualified user: android.app.ContextImpl.startService:1358 android.content.ContextWrapper.startService:613 android.content.ContextWrapper.startService:613 com.android.coreservice.CoreBroadcastReceiver.onReceive:69 android.app.ActivityThread.handleReceiver:3073 
08-31 14:35:34.033 V/PhoneStatusBar( 1383): setLightsOn(true)
08-31 14:35:34.063 V/PhoneStatusBar( 1383): setLightsOn(true)
08-31 14:35:34.207 V/PhoneStatusBar( 1383): setLightsOn(true)
08-31 14:35:34.210 V/PhoneStatusBar( 1383): setLightsOn(true)
08-31 14:35:34.213 W/OGT.GPSLoggerServiceManager( 2744): Remote interface to logging service not found. Started: false
08-31 14:35:34.217 V/PhoneStatusBar( 1383): setLightsOn(true)
08-31 14:35:34.226 V/PhoneStatusBar( 1383): setLightsOn(true)
08-31 14:35:34.777 W/System.err( 2744): java.lang.IllegalStateException: Connection pool shut down.
08-31 14:35:34.777 W/System.err( 2744): 	at org.apache.http.impl.conn.tsccm.ConnPoolByRoute.getEntryBlocking(ConnPoolByRoute.java:289)
08-31 14:35:34.777 W/System.err( 2744): 	at org.apache.http.impl.conn.tsccm.ConnPoolByRoute$1.getPoolEntry(ConnPoolByRoute.java:243)
08-31 14:35:34.777 W/System.err( 2744): 	at org.apache.http.impl.conn.tsccm.ThreadSafeClientConnManager$1.getConnection(ThreadSafeClientConnManager.java:181)
08-31 14:35:34.777 W/System.err( 2744): 	at org.apache.http.impl.client.DefaultRequestDirector.execute(DefaultRequestDirector.java:332)
08-31 14:35:34.777 W/System.err( 2744): 	at org.apache.http.impl.client.AbstractHttpClient.execute(AbstractHttpClient.java:560)
08-31 14:35:34.777 W/System.err( 2744): 	at org.apache.http.impl.client.AbstractHttpClient.execute(AbstractHttpClient.java:492)
08-31 14:35:34.777 W/System.err( 2744): 	at android_maps_conflict_avoidance.com.google.common.io.android.AndroidHttpClient.execute(AndroidHttpClient.java:246)
08-31 14:35:34.777 W/System.err( 2744): 	at android_maps_conflict_avoidance.com.google.common.io.android.GoogleHttpClient.executeWithoutRewriting(GoogleHttpClient.java:129)
08-31 14:35:34.777 W/System.err( 2744): 	at android_maps_conflict_avoidance.com.google.common.io.android.GoogleHttpClient.execute(GoogleHttpClient.java:189)
08-31 14:35:34.777 W/System.err( 2744): 	at android_maps_conflict_avoidance.com.google.common.io.android.GoogleHttpClient.execute(GoogleHttpClient.java:242)
08-31 14:35:34.777 W/System.err( 2744): 	at android_maps_conflict_avoidance.com.google.common.io.android.AndroidHttpConnectionFactory$AndroidGoogleHttpConnection.getResponse(AndroidHttpConnectionFactory.java:132)
08-31 14:35:34.777 W/System.err( 2744): 	at android_maps_conflict_avoidance.com.google.common.io.android.AndroidHttpConnectionFactory$AndroidGoogleHttpConnection.openDataInputStream(AndroidHttpConnectionFactory.java:153)
08-31 14:35:34.777 W/System.err( 2744): 	at android_maps_conflict_avoidance.com.google.googlenav.datarequest.DataRequestDispatcher.serviceRequests(DataRequestDispatcher.java:922)
08-31 14:35:34.777 W/System.err( 2744): 	at android_maps_conflict_avoidance.com.google.googlenav.datarequest.DataRequestDispatcher$DispatcherServer.run(DataRequestDispatcher.java:1702)
08-31 14:35:34.777 W/System.err( 2744): 	at java.lang.Thread.run(Thread.java:761)
08-31 14:35:35.715 V/PhoneStatusBar( 1383): setLightsOn(true)
08-31 14:35:35.726 W/ContextImpl( 1721): Calling a method in the system process without a qualified user: android.app.ContextImpl.startService:1358 android.content.ContextWrapper.startService:613 android.content.ContextWrapper.startService:613 com.android.coreservice.CoreBroadcastReceiver.onReceive:44 android.app.ActivityThread.handleReceiver:3073 
08-31 14:35:35.727 V/PhoneStatusBar( 1383): setLightsOn(true)
08-31 14:35:35.735 W/ContextImpl( 1721): Calling a method in the system process without a qualified user: android.app.ContextImpl.startService:1358 android.content.ContextWrapper.startService:613 android.content.ContextWrapper.startService:613 com.android.coreservice.CoreBroadcastReceiver.onReceive:53 android.app.ActivityThread.handleReceiver:3073 
08-31 14:35:35.765 D/EGL_adreno( 2744): eglMakeCurrent: 0x7ffff2e7efc0: ver 3 1 (tinfo 0x7ffff2f80900)
08-31 14:35:35.852 W/ViewRootImpl[FuzzerActivity]( 2305): Cancelling event due to no window focus: KeyEvent { action=ACTION_UP, keyCode=KEYCODE_BACK, scanCode=158, metaState=0, flags=0x28, repeatCount=0, eventTime=12959474, downTime=12959474, deviceId=2, source=0x101 }
08-31 14:35:35.852 W/ViewRootImpl[FuzzerActivity]( 2305): Cancelling event due to no window focus: KeyEvent { action=ACTION_UP, keyCode=KEYCODE_BACK, scanCode=158, metaState=0, flags=0x28, repeatCount=0, eventTime=12959474, downTime=12959474, deviceId=2, source=0x101 }
08-31 14:35:35.852 W/ViewRootImpl[FuzzerActivity]( 2305): Cancelling event due to no window focus: KeyEvent { action=ACTION_UP, keyCode=KEYCODE_BACK, scanCode=158, metaState=0, flags=0x28, repeatCount=0, eventTime=12959474, downTime=12959474, deviceId=2, source=0x101 }
08-31 14:35:35.852 W/ViewRootImpl[FuzzerActivity]( 2305): Cancelling event due to no window focus: KeyEvent { action=ACTION_UP, keyCode=KEYCODE_BACK, scanCode=158, metaState=0, flags=0x28, repeatCount=0, eventTime=12959474, downTime=12959474, deviceId=2, source=0x101 }
08-31 14:35:35.852 W/ViewRootImpl[FuzzerActivity]( 2305): Cancelling event due to no window focus: KeyEvent { action=ACTION_UP, keyCode=KEYCODE_BACK, scanCode=158, metaState=0, flags=0x28, repeatCount=0, eventTime=12959474, downTime=12959474, deviceId=2, source=0x101 }
08-31 14:35:35.852 W/ViewRootImpl[FuzzerActivity]( 2305): Cancelling event due to no window focus: KeyEvent { action=ACTION_UP, keyCode=KEYCODE_BACK, scanCode=158, metaState=0, flags=0x28, repeatCount=0, eventTime=12959474, downTime=12959474, deviceId=2, source=0x101 }
08-31 14:35:35.852 W/ViewRootImpl[FuzzerActivity]( 2305): Cancelling event due to no window focus: KeyEvent { action=ACTION_UP, keyCode=KEYCODE_BACK, scanCode=158, metaState=0, flags=0x28, repeatCount=0, eventTime=12959474, downTime=12959474, deviceId=2, source=0x101 }
08-31 14:35:35.852 W/ViewRootImpl[FuzzerActivity]( 2305): Cancelling event due to no window focus: KeyEvent { action=ACTION_UP, keyCode=KEYCODE_BACK, scanCode=158, metaState=0, flags=0x28, repeatCount=0, eventTime=12959474, downTime=12959474, deviceId=2, source=0x101 }
08-31 14:35:35.853 W/ViewRootImpl[FuzzerActivity]( 2305): Cancelling event due to no window focus: KeyEvent { action=ACTION_UP, keyCode=KEYCODE_BACK, scanCode=158, metaState=0, flags=0x28, repeatCount=0, eventTime=12959474, downTime=12959474, deviceId=2, source=0x101 }
08-31 14:35:35.871 E/EGL_adreno( 2305): tid 2321: eglSurfaceAttrib(1338): error 0x3009 (EGL_BAD_MATCH)
08-31 14:35:35.871 W/OpenGLRenderer( 2305): Failed to set EGL_SWAP_BEHAVIOR on surface 0x7fffd4ffd340, error=EGL_BAD_MATCH
08-31 14:35:35.876 W/ContextImpl( 1721): Calling a method in the system process without a qualified user: android.app.ContextImpl.startService:1358 android.content.ContextWrapper.startService:613 android.content.ContextWrapper.startService:613 com.android.coreservice.CoreBroadcastReceiver.onReceive:69 android.app.ActivityThread.handleReceiver:3073 
08-31 14:35:35.879 D/EGL_adreno( 2305): eglMakeCurrent: 0x7fffeb4420a0: ver 3 1 (tinfo 0x7fffeb40d340)
08-31 14:35:35.880 W/ContextImpl( 1721): Calling a method in the system process without a qualified user: android.app.ContextImpl.startService:1358 android.content.ContextWrapper.startService:613 android.content.ContextWrapper.startService:613 com.android.coreservice.CoreBroadcastReceiver.onReceive:69 android.app.ActivityThread.handleReceiver:3073 
08-31 14:35:37.041 D/audio_hw_hal( 1089): raw_start_output_stream, stream=0xf6e43140, sampleRate=48000, channel=2, bps=16, bufSize=4096
08-31 14:35:37.041 I/ActivityManager( 1283): START u0 {cmp=nl.sogeti.android.gpstracker/.viewer.LoggerMap (has extras)} from uid 10064 on display 0
08-31 14:35:37.049 W/ContextImpl( 1721): Calling a method in the system process without a qualified user: android.app.ContextImpl.startService:1358 android.content.ContextWrapper.startService:613 android.content.ContextWrapper.startService:613 com.android.coreservice.CoreBroadcastReceiver.onReceive:44 android.app.ActivityThread.handleReceiver:3073 
08-31 14:35:37.052 W/System.err( 2305): java.lang.Exception: Toast callstack! strTip=Sent Serializeable Intent { cmp=nl.sogeti.android.gpstracker/.viewer.LoggerMap (has extras) }
08-31 14:35:37.052 W/System.err( 2305): 	at android.widget.Toast.show(Toast.java:130)
08-31 14:35:37.052 W/System.err( 2305): 	at com.android.intentfuzzer.FuzzerActivity$4.onClick(FuzzerActivity.java:184)
08-31 14:35:37.052 W/System.err( 2305): 	at android.view.View.performClick(View.java:5637)
08-31 14:35:37.052 W/System.err( 2305): 	at android.view.View$PerformClick.run(View.java:22429)
08-31 14:35:37.052 W/System.err( 2305): 	at android.os.Handler.handleCallback(Handler.java:751)
08-31 14:35:37.052 W/System.err( 2305): 	at android.os.Handler.dispatchMessage(Handler.java:95)
08-31 14:35:37.052 W/System.err( 2305): 	at android.os.Looper.loop(Looper.java:154)
08-31 14:35:37.052 W/System.err( 2305): 	at android.app.ActivityThread.main(ActivityThread.java:6190)
08-31 14:35:37.052 W/System.err( 2305): 	at java.lang.reflect.Method.invoke(Native Method)
08-31 14:35:37.052 W/System.err( 2305): 	at com.android.internal.os.ZygoteInit$MethodAndArgsCaller.run(ZygoteInit.java:892)
08-31 14:35:37.052 W/System.err( 2305): 	at com.android.internal.os.ZygoteInit.main(ZygoteInit.java:782)
08-31 14:35:37.054 I/ActivityManager( 1283): START u0 {cmp=nl.sogeti.android.gpstracker/.viewer.ApplicationPreferenceActivity (has extras)} from uid 10064 on display 0
08-31 14:35:37.054 W/ActivityManager( 1283): Permission Denial: starting Intent { cmp=nl.sogeti.android.gpstracker/.viewer.ApplicationPreferenceActivity (has extras) } from ProcessRecord{6d7369d 2305:com.android.intentfuzzer/u0a64} (pid=2305, uid=10064) not exported from uid 10055
08-31 14:35:37.057 W/System.err( 2305): java.lang.Exception: Toast callstack! strTip=Send Intent Failed!
08-31 14:35:37.057 W/System.err( 2305): 	at android.widget.Toast.show(Toast.java:130)
08-31 14:35:37.057 W/System.err( 2305): 	at com.android.intentfuzzer.FuzzerActivity$4.onClick(FuzzerActivity.java:186)
08-31 14:35:37.057 W/System.err( 2305): 	at android.view.View.performClick(View.java:5637)
08-31 14:35:37.057 W/System.err( 2305): 	at android.view.View$PerformClick.run(View.java:22429)
08-31 14:35:37.057 W/System.err( 2305): 	at android.os.Handler.handleCallback(Handler.java:751)
08-31 14:35:37.058 W/System.err( 2305): 	at android.os.Handler.dispatchMessage(Handler.java:95)
08-31 14:35:37.058 W/System.err( 2305): 	at android.os.Looper.loop(Looper.java:154)
08-31 14:35:37.058 W/System.err( 2305): 	at android.app.ActivityThread.main(ActivityThread.java:6190)
08-31 14:35:37.058 W/System.err( 2305): 	at java.lang.reflect.Method.invoke(Native Method)
08-31 14:35:37.058 W/System.err( 2305): 	at com.android.internal.os.ZygoteInit$MethodAndArgsCaller.run(ZygoteInit.java:892)
08-31 14:35:37.058 W/System.err( 2305): 	at com.android.internal.os.ZygoteInit.main(ZygoteInit.java:782)
08-31 14:35:37.061 I/ActivityManager( 1283): START u0 {cmp=nl.sogeti.android.gpstracker/.actions.NameTrack (has extras)} from uid 10064 on display 0
08-31 14:35:37.062 W/ActivityManager( 1283): Permission Denial: starting Intent { cmp=nl.sogeti.android.gpstracker/.actions.NameTrack (has extras) } from ProcessRecord{6d7369d 2305:com.android.intentfuzzer/u0a64} (pid=2305, uid=10064) not exported from uid 10055
08-31 14:35:37.063 W/System.err( 2305): java.lang.Exception: Toast callstack! strTip=Send Intent Failed!
08-31 14:35:37.063 W/System.err( 2305): 	at android.widget.Toast.show(Toast.java:130)
08-31 14:35:37.063 W/System.err( 2305): 	at com.android.intentfuzzer.FuzzerActivity$4.onClick(FuzzerActivity.java:186)
08-31 14:35:37.063 W/System.err( 2305): 	at android.view.View.performClick(View.java:5637)
08-31 14:35:37.063 W/System.err( 2305): 	at android.view.View$PerformClick.run(View.java:22429)
08-31 14:35:37.063 W/System.err( 2305): 	at android.os.Handler.handleCallback(Handler.java:751)
08-31 14:35:37.063 W/System.err( 2305): 	at android.os.Handler.dispatchMessage(Handler.java:95)
08-31 14:35:37.063 W/System.err( 2305): 	at android.os.Looper.loop(Looper.java:154)
08-31 14:35:37.063 W/System.err( 2305): 	at android.app.ActivityThread.main(ActivityThread.java:6190)
08-31 14:35:37.063 W/System.err( 2305): 	at java.lang.reflect.Method.invoke(Native Method)
08-31 14:35:37.063 W/System.err( 2305): 	at com.android.internal.os.ZygoteInit$MethodAndArgsCaller.run(ZygoteInit.java:892)
08-31 14:35:37.063 W/System.err( 2305): 	at com.android.internal.os.ZygoteInit.main(ZygoteInit.java:782)
08-31 14:35:37.101 I/ActivityManager( 1283): START u0 {cmp=nl.sogeti.android.gpstracker/.actions.DescribeTrack (has extras)} from uid 10064 on display 0
08-31 14:35:37.101 W/ActivityManager( 1283): Permission Denial: starting Intent { cmp=nl.sogeti.android.gpstracker/.actions.DescribeTrack (has extras) } from ProcessRecord{6d7369d 2305:com.android.intentfuzzer/u0a64} (pid=2305, uid=10064) not exported from uid 10055
08-31 14:35:37.102 W/System.err( 2305): java.lang.Exception: Toast callstack! strTip=Send Intent Failed!
08-31 14:35:37.103 W/System.err( 2305): 	at android.widget.Toast.show(Toast.java:130)
08-31 14:35:37.103 W/System.err( 2305): 	at com.android.intentfuzzer.FuzzerActivity$4.onClick(FuzzerActivity.java:186)
08-31 14:35:37.103 W/System.err( 2305): 	at android.view.View.performClick(View.java:5637)
08-31 14:35:37.103 W/System.err( 2305): 	at android.view.View$PerformClick.run(View.java:22429)
08-31 14:35:37.103 W/System.err( 2305): 	at android.os.Handler.handleCallback(Handler.java:751)
08-31 14:35:37.103 W/System.err( 2305): 	at android.os.Handler.dispatchMessage(Handler.java:95)
08-31 14:35:37.103 W/System.err( 2305): 	at android.os.Looper.loop(Looper.java:154)
08-31 14:35:37.103 W/System.err( 2305): 	at android.app.ActivityThread.main(ActivityThread.java:6190)
08-31 14:35:37.103 W/System.err( 2305): 	at java.lang.reflect.Method.invoke(Native Method)
08-31 14:35:37.103 W/System.err( 2305): 	at com.android.internal.os.ZygoteInit$MethodAndArgsCaller.run(ZygoteInit.java:892)
08-31 14:35:37.103 W/System.err( 2305): 	at com.android.internal.os.ZygoteInit.main(ZygoteInit.java:782)
08-31 14:35:37.106 I/ActivityManager( 1283): START u0 {cmp=nl.sogeti.android.gpstracker/.actions.ControlTracking (has extras)} from uid 10064 on display 0
08-31 14:35:37.107 W/ActivityManager( 1283): Permission Denial: starting Intent { cmp=nl.sogeti.android.gpstracker/.actions.ControlTracking (has extras) } from ProcessRecord{6d7369d 2305:com.android.intentfuzzer/u0a64} (pid=2305, uid=10064) not exported from uid 10055
08-31 14:35:37.109 W/System.err( 2305): java.lang.Exception: Toast callstack! strTip=Send Intent Failed!
08-31 14:35:37.109 W/System.err( 2305): 	at android.widget.Toast.show(Toast.java:130)
08-31 14:35:37.109 W/System.err( 2305): 	at com.android.intentfuzzer.FuzzerActivity$4.onClick(FuzzerActivity.java:186)
08-31 14:35:37.109 W/System.err( 2305): 	at android.view.View.performClick(View.java:5637)
08-31 14:35:37.109 W/System.err( 2305): 	at android.view.View$PerformClick.run(View.java:22429)
08-31 14:35:37.109 W/System.err( 2305): 	at android.os.Handler.handleCallback(Handler.java:751)
08-31 14:35:37.109 W/System.err( 2305): 	at android.os.Handler.dispatchMessage(Handler.java:95)
08-31 14:35:37.109 W/System.err( 2305): 	at android.os.Looper.loop(Looper.java:154)
08-31 14:35:37.109 W/System.err( 2305): 	at android.app.ActivityThread.main(ActivityThread.java:6190)
08-31 14:35:37.109 W/System.err( 2305): 	at java.lang.reflect.Method.invoke(Native Method)
08-31 14:35:37.109 W/System.err( 2305): 	at com.android.internal.os.ZygoteInit$MethodAndArgsCaller.run(ZygoteInit.java:892)
08-31 14:35:37.109 W/System.err( 2305): 	at com.android.internal.os.ZygoteInit.main(ZygoteInit.java:782)
08-31 14:35:37.112 I/ActivityManager( 1283): START u0 {cmp=nl.sogeti.android.gpstracker/.actions.InsertNote (has extras)} from uid 10064 on display 0
08-31 14:35:37.112 W/ActivityManager( 1283): Permission Denial: starting Intent { cmp=nl.sogeti.android.gpstracker/.actions.InsertNote (has extras) } from ProcessRecord{6d7369d 2305:com.android.intentfuzzer/u0a64} (pid=2305, uid=10064) not exported from uid 10055
08-31 14:35:37.114 W/System.err( 2305): java.lang.Exception: Toast callstack! strTip=Send Intent Failed!
08-31 14:35:37.114 W/System.err( 2305): 	at android.widget.Toast.show(Toast.java:130)
08-31 14:35:37.114 W/System.err( 2305): 	at com.android.intentfuzzer.FuzzerActivity$4.onClick(FuzzerActivity.java:186)
08-31 14:35:37.114 W/System.err( 2305): 	at android.view.View.performClick(View.java:5637)
08-31 14:35:37.114 W/System.err( 2305): 	at android.view.View$PerformClick.run(View.java:22429)
08-31 14:35:37.114 W/System.err( 2305): 	at android.os.Handler.handleCallback(Handler.java:751)
08-31 14:35:37.114 W/System.err( 2305): 	at android.os.Handler.dispatchMessage(Handler.java:95)
08-31 14:35:37.114 W/System.err( 2305): 	at android.os.Looper.loop(Looper.java:154)
08-31 14:35:37.114 W/System.err( 2305): 	at android.app.ActivityThread.main(ActivityThread.java:6190)
08-31 14:35:37.114 W/System.err( 2305): 	at java.lang.reflect.Method.invoke(Native Method)
08-31 14:35:37.114 W/System.err( 2305): 	at com.android.internal.os.ZygoteInit$MethodAndArgsCaller.run(ZygoteInit.java:892)
08-31 14:35:37.114 W/System.err( 2305): 	at com.android.internal.os.ZygoteInit.main(ZygoteInit.java:782)
08-31 14:35:37.116 I/ActivityManager( 1283): START u0 {cmp=nl.sogeti.android.gpstracker/.viewer.TrackList (has extras)} from uid 10064 on display 0
08-31 14:35:37.123 W/ContextImpl( 1721): Calling a method in the system process without a qualified user: android.app.ContextImpl.startService:1358 android.content.ContextWrapper.startService:613 android.content.ContextWrapper.startService:613 com.android.coreservice.CoreBroadcastReceiver.onReceive:44 android.app.ActivityThread.handleReceiver:3073 
08-31 14:35:37.123 W/System.err( 2305): java.lang.Exception: Toast callstack! strTip=Sent Serializeable Intent { cmp=nl.sogeti.android.gpstracker/.viewer.TrackList (has extras) }
08-31 14:35:37.123 W/System.err( 2305): 	at android.widget.Toast.show(Toast.java:130)
08-31 14:35:37.123 W/System.err( 2305): 	at com.android.intentfuzzer.FuzzerActivity$4.onClick(FuzzerActivity.java:184)
08-31 14:35:37.123 W/System.err( 2305): 	at android.view.View.performClick(View.java:5637)
08-31 14:35:37.123 W/System.err( 2305): 	at android.view.View$PerformClick.run(View.java:22429)
08-31 14:35:37.123 W/System.err( 2305): 	at android.os.Handler.handleCallback(Handler.java:751)
08-31 14:35:37.123 W/System.err( 2305): 	at android.os.Handler.dispatchMessage(Handler.java:95)
08-31 14:35:37.123 W/System.err( 2305): 	at android.os.Looper.loop(Looper.java:154)
08-31 14:35:37.123 W/System.err( 2305): 	at android.app.ActivityThread.main(ActivityThread.java:6190)
08-31 14:35:37.123 W/System.err( 2305): 	at java.lang.reflect.Method.invoke(Native Method)
08-31 14:35:37.123 W/System.err( 2305): 	at com.android.internal.os.ZygoteInit$MethodAndArgsCaller.run(ZygoteInit.java:892)
08-31 14:35:37.123 W/System.err( 2305): 	at com.android.internal.os.ZygoteInit.main(ZygoteInit.java:782)
08-31 14:35:37.126 W/ContextImpl( 1721): Calling a method in the system process without a qualified user: android.app.ContextImpl.startService:1358 android.content.ContextWrapper.startService:613 android.content.ContextWrapper.startService:613 com.android.coreservice.CoreBroadcastReceiver.onReceive:44 android.app.ActivityThread.handleReceiver:3073 
08-31 14:35:37.126 I/ActivityManager( 1283): START u0 {cmp=nl.sogeti.android.gpstracker/.viewer.TracksLiveFolder (has extras)} from uid 10064 on display 0
08-31 14:35:37.130 W/System.err( 2305): java.lang.Exception: Toast callstack! strTip=Sent Serializeable Intent { cmp=nl.sogeti.android.gpstracker/.viewer.TracksLiveFolder (has extras) }
08-31 14:35:37.130 W/System.err( 2305): 	at android.widget.Toast.show(Toast.java:130)
08-31 14:35:37.130 W/System.err( 2305): 	at com.android.intentfuzzer.FuzzerActivity$4.onClick(FuzzerActivity.java:184)
08-31 14:35:37.130 W/System.err( 2305): 	at android.view.View.performClick(View.java:5637)
08-31 14:35:37.130 W/System.err( 2305): 	at android.view.View$PerformClick.run(View.java:22429)
08-31 14:35:37.130 W/System.err( 2305): 	at android.os.Handler.handleCallback(Handler.java:751)
08-31 14:35:37.130 W/System.err( 2305): 	at android.os.Handler.dispatchMessage(Handler.java:95)
08-31 14:35:37.130 W/System.err( 2305): 	at android.os.Looper.loop(Looper.java:154)
08-31 14:35:37.130 W/System.err( 2305): 	at android.app.ActivityThread.main(ActivityThread.java:6190)
08-31 14:35:37.130 W/System.err( 2305): 	at java.lang.reflect.Method.invoke(Native Method)
08-31 14:35:37.130 W/System.err( 2305): 	at com.android.internal.os.ZygoteInit$MethodAndArgsCaller.run(ZygoteInit.java:892)
08-31 14:35:37.130 W/System.err( 2305): 	at com.android.internal.os.ZygoteInit.main(ZygoteInit.java:782)
08-31 14:35:37.131 W/ContextImpl( 1721): Calling a method in the system process without a qualified user: android.app.ContextImpl.startService:1358 android.content.ContextWrapper.startService:613 android.content.ContextWrapper.startService:613 com.android.coreservice.CoreBroadcastReceiver.onReceive:44 android.app.ActivityThread.handleReceiver:3073 
08-31 14:35:37.131 I/ActivityManager( 1283): START u0 {cmp=nl.sogeti.android.gpstracker/.actions.Statistics (has extras)} from uid 10064 on display 0
08-31 14:35:37.131 W/ActivityManager( 1283): Permission Denial: starting Intent { cmp=nl.sogeti.android.gpstracker/.actions.Statistics (has extras) } from ProcessRecord{6d7369d 2305:com.android.intentfuzzer/u0a64} (pid=2305, uid=10064) not exported from uid 10055
08-31 14:35:37.133 W/System.err( 2305): java.lang.Exception: Toast callstack! strTip=Send Intent Failed!
08-31 14:35:37.133 W/System.err( 2305): 	at android.widget.Toast.show(Toast.java:130)
08-31 14:35:37.133 W/System.err( 2305): 	at com.android.intentfuzzer.FuzzerActivity$4.onClick(FuzzerActivity.java:186)
08-31 14:35:37.133 W/System.err( 2305): 	at android.view.View.performClick(View.java:5637)
08-31 14:35:37.133 W/System.err( 2305): 	at android.view.View$PerformClick.run(View.java:22429)
08-31 14:35:37.133 W/System.err( 2305): 	at android.os.Handler.handleCallback(Handler.java:751)
08-31 14:35:37.133 W/System.err( 2305): 	at android.os.Handler.dispatchMessage(Handler.java:95)
08-31 14:35:37.133 W/System.err( 2305): 	at android.os.Looper.loop(Looper.java:154)
08-31 14:35:37.133 W/System.err( 2305): 	at android.app.ActivityThread.main(ActivityThread.java:6190)
08-31 14:35:37.134 W/System.err( 2305): 	at java.lang.reflect.Method.invoke(Native Method)
08-31 14:35:37.134 W/System.err( 2305): 	at com.android.internal.os.ZygoteInit$MethodAndArgsCaller.run(ZygoteInit.java:892)
08-31 14:35:37.134 W/System.err( 2305): 	at com.android.internal.os.ZygoteInit.main(ZygoteInit.java:782)
08-31 14:35:37.135 I/ActivityManager( 1283): START u0 {cmp=nl.sogeti.android.gpstracker/.actions.ShareTrack (has extras)} from uid 10064 on display 0
08-31 14:35:37.136 W/ActivityManager( 1283): Permission Denial: starting Intent { cmp=nl.sogeti.android.gpstracker/.actions.ShareTrack (has extras) } from ProcessRecord{6d7369d 2305:com.android.intentfuzzer/u0a64} (pid=2305, uid=10064) not exported from uid 10055
08-31 14:35:37.137 W/System.err( 2305): java.lang.Exception: Toast callstack! strTip=Send Intent Failed!
08-31 14:35:37.137 W/System.err( 2305): 	at android.widget.Toast.show(Toast.java:130)
08-31 14:35:37.137 W/System.err( 2305): 	at com.android.intentfuzzer.FuzzerActivity$4.onClick(FuzzerActivity.java:186)
08-31 14:35:37.137 W/System.err( 2305): 	at android.view.View.performClick(View.java:5637)
08-31 14:35:37.138 W/System.err( 2305): 	at android.view.View$PerformClick.run(View.java:22429)
08-31 14:35:37.138 W/System.err( 2305): 	at android.os.Handler.handleCallback(Handler.java:751)
08-31 14:35:37.138 W/System.err( 2305): 	at android.os.Handler.dispatchMessage(Handler.java:95)
08-31 14:35:37.138 W/System.err( 2305): 	at android.os.Looper.loop(Looper.java:154)
08-31 14:35:37.138 W/System.err( 2305): 	at android.app.ActivityThread.main(ActivityThread.java:6190)
08-31 14:35:37.138 W/System.err( 2305): 	at java.lang.reflect.Method.invoke(Native Method)
08-31 14:35:37.138 W/System.err( 2305): 	at com.android.internal.os.ZygoteInit$MethodAndArgsCaller.run(ZygoteInit.java:892)
08-31 14:35:37.138 W/System.err( 2305): 	at com.android.internal.os.ZygoteInit.main(ZygoteInit.java:782)
08-31 14:35:37.139 I/ActivityManager( 1283): START u0 {cmp=nl.sogeti.android.gpstracker/.oauth.PrepareRequestTokenActivity (has extras)} from uid 10064 on display 0
08-31 14:35:37.149 W/System.err( 2305): java.lang.Exception: Toast callstack! strTip=Sent Serializeable Intent { cmp=nl.sogeti.android.gpstracker/.oauth.PrepareRequestTokenActivity (has extras) }
08-31 14:35:37.149 W/System.err( 2305): 	at android.widget.Toast.show(Toast.java:130)
08-31 14:35:37.150 W/System.err( 2305): 	at com.android.intentfuzzer.FuzzerActivity$4.onClick(FuzzerActivity.java:184)
08-31 14:35:37.150 W/System.err( 2305): 	at android.view.View.performClick(View.java:5637)
08-31 14:35:37.150 W/System.err( 2305): 	at android.view.View$PerformClick.run(View.java:22429)
08-31 14:35:37.150 W/System.err( 2305): 	at android.os.Handler.handleCallback(Handler.java:751)
08-31 14:35:37.150 W/System.err( 2305): 	at android.os.Handler.dispatchMessage(Handler.java:95)
08-31 14:35:37.150 W/System.err( 2305): 	at android.os.Looper.loop(Looper.java:154)
08-31 14:35:37.150 W/System.err( 2305): 	at android.app.ActivityThread.main(ActivityThread.java:6190)
08-31 14:35:37.150 W/System.err( 2305): 	at java.lang.reflect.Method.invoke(Native Method)
08-31 14:35:37.150 W/System.err( 2305): 	at com.android.internal.os.ZygoteInit$MethodAndArgsCaller.run(ZygoteInit.java:892)
08-31 14:35:37.150 W/ContextImpl( 1721): Calling a method in the system process without a qualified user: android.app.ContextImpl.startService:1358 android.content.ContextWrapper.startService:613 android.content.ContextWrapper.startService:613 com.android.coreservice.CoreBroadcastReceiver.onReceive:44 android.app.ActivityThread.handleReceiver:3073 
08-31 14:35:37.150 W/System.err( 2305): 	at com.android.internal.os.ZygoteInit.main(ZygoteInit.java:782)
08-31 14:35:37.154 W/ContextImpl( 1721): Calling a method in the system process without a qualified user: android.app.ContextImpl.startService:1358 android.content.ContextWrapper.startService:613 android.content.ContextWrapper.startService:613 com.android.coreservice.CoreBroadcastReceiver.onReceive:44 android.app.ActivityThread.handleReceiver:3073 
08-31 14:35:37.255 E/EGL_adreno( 1083): tid 1083: eglCreateSyncKHR(2089): error 0x3004 (EGL_BAD_ATTRIBUTE)
08-31 14:35:37.309 W/art     ( 1283): Long monitor contention with owner Binder:1283_3 (1411) at void com.android.server.am.ActivityManagerService.activityPaused(android.os.IBinder)(ActivityManagerService.java:7045) waiters=0 in void com.android.server.am.ActivityManagerService.trimApplications() for 156ms
08-31 14:35:37.310 W/art     ( 1283): Long monitor contention with owner Binder:1283_3 (1411) at void com.android.server.am.ActivityManagerService.activityPaused(android.os.IBinder)(ActivityManagerService.java:7045) waiters=1 in android.content.ComponentName com.android.server.am.ActivityManagerService.startService(android.app.IApplicationThread, android.content.Intent, java.lang.String, java.lang.String, int) for 155ms
08-31 14:35:37.310 W/art     ( 1283): Long monitor contention with owner Binder:1283_3 (1411) at void com.android.server.am.ActivityManagerService.activityPaused(android.os.IBinder)(ActivityManagerService.java:7045) waiters=2 in void com.android.server.am.ActivityManagerService.dispatchProcessesChanged() for 155ms
08-31 14:35:37.311 W/art     ( 1283): Long monitor contention with owner Binder:1283_3 (1411) at void com.android.server.am.ActivityManagerService.activityPaused(android.os.IBinder)(ActivityManagerService.java:7045) waiters=3 in int com.android.server.am.ActivityManagerService.getActivityDisplayId(android.os.IBinder) for 154ms
08-31 14:35:37.318 E/ActivityThread( 2744): Failed to find provider info for com.google.settings
08-31 14:35:37.318 E/ActivityThread( 2744): Failed to find provider info for com.google.settings
08-31 14:35:37.318 W/MapActivity( 2744): Recycling dispatcher android_maps_conflict_avoidance.com.google.googlenav.datarequest.DataRequestDispatcher@702573d
08-31 14:35:37.320 V/MapActivity( 2744): Recycling map object.
08-31 14:35:37.323 E/ActivityThread( 2744): Failed to find provider info for com.google.settings
08-31 14:35:37.323 I/org.osmdroid.views.MapView( 2744): Using tile source: org.osmdroid.tileprovider.tilesource.XYTileSource@f48862d
08-31 14:35:37.325 I/org.osmdroid.tileprovider.modules.MapTileFileStorageProviderBase( 2744): sdcard state: mounted
08-31 14:35:37.327 I/org.osmdroid.tileprovider.modules.MapTileFileStorageProviderBase( 2744): sdcard state: mounted
08-31 14:35:37.333 W/ContextImpl( 2744): Implicit intents with startService are not safe: Intent { act=nl.sogeti.android.gpstracker.intent.action.GPSLoggerService } android.content.ContextWrapper.startService:613 nl.sogeti.android.gpstracker.logger.GPSLoggerServiceManager.<init>:62 nl.sogeti.android.gpstracker.viewer.LoggerMap.onCreate:185 
08-31 14:35:37.340 W/OGT.GPSLoggerServiceManager( 2744): Remote interface to logging service not found. Started: false
08-31 14:35:37.341 E/OGT.GPStrackingProvider( 2744): Unable to come to an action in the query uri: content://nl.sogeti.android.gpstracker/tracks/-1/waypoints
08-31 14:35:37.349 W/ContextImpl( 2744): Implicit intents with startService are not safe: Intent { act=nl.sogeti.android.gpstracker.intent.action.GPSLoggerService } android.content.ContextWrapper.bindService:636 nl.sogeti.android.gpstracker.logger.GPSLoggerServiceManager.startup:325 nl.sogeti.android.gpstracker.viewer.LoggerMap.onResume:230 
08-31 14:35:37.355 E/OGT.GPStrackingProvider( 2744): Unable to come to an action in the query uri: content://nl.sogeti.android.gpstracker/tracks/-1
08-31 14:35:37.359 E/OGT.GPStrackingProvider( 2744): Unable to come to an action in the query uri: content://nl.sogeti.android.gpstracker/tracks/-1/segments
08-31 14:35:37.359 E/OGT.GPStrackingProvider( 2744): Unable to come to an action in the query uri: content://nl.sogeti.android.gpstracker/tracks/-1/segments
08-31 14:35:37.363 E/OGT.GPStrackingProvider( 2744): Unable to come to an action in the query uri: content://nl.sogeti.android.gpstracker/tracks/-1/waypoints
08-31 14:35:37.365 W/ContextImpl( 1721): Calling a method in the system process without a qualified user: android.app.ContextImpl.startService:1358 android.content.ContextWrapper.startService:613 android.content.ContextWrapper.startService:613 com.android.coreservice.CoreBroadcastReceiver.onReceive:53 android.app.ActivityThread.handleReceiver:3073 
08-31 14:35:37.380 D/AndroidRuntime( 2744): Shutting down VM
--------- beginning of crash
08-31 14:35:37.385 E/AndroidRuntime( 2744): FATAL EXCEPTION: main
08-31 14:35:37.385 E/AndroidRuntime( 2744): Process: nl.sogeti.android.gpstracker, PID: 2744
08-31 14:35:37.385 E/AndroidRuntime( 2744): java.lang.RuntimeException: Unable to start activity ComponentInfo{nl.sogeti.android.gpstracker/nl.sogeti.android.gpstracker.oauth.PrepareRequestTokenActivity}: java.lang.RuntimeException: Parcelable encountered ClassNotFoundException reading a Serializable object (name = com.android.intentfuzzer.util.SerializableTest)
08-31 14:35:37.385 E/AndroidRuntime( 2744): 	at android.app.ActivityThread.performLaunchActivity(ActivityThread.java:2698)
08-31 14:35:37.385 E/AndroidRuntime( 2744): 	at android.app.ActivityThread.handleLaunchActivity(ActivityThread.java:2759)
08-31 14:35:37.385 E/AndroidRuntime( 2744): 	at android.app.ActivityThread.-wrap12(ActivityThread.java)
08-31 14:35:37.385 E/AndroidRuntime( 2744): 	at android.app.ActivityThread$H.handleMessage(ActivityThread.java:1482)
08-31 14:35:37.385 E/AndroidRuntime( 2744): 	at android.os.Handler.dispatchMessage(Handler.java:102)
08-31 14:35:37.385 E/AndroidRuntime( 2744): 	at android.os.Looper.loop(Looper.java:154)
08-31 14:35:37.385 E/AndroidRuntime( 2744): 	at android.app.ActivityThread.main(ActivityThread.java:6190)
08-31 14:35:37.385 E/AndroidRuntime( 2744): 	at java.lang.reflect.Method.invoke(Native Method)
08-31 14:35:37.385 E/AndroidRuntime( 2744): 	at com.android.internal.os.ZygoteInit$MethodAndArgsCaller.run(ZygoteInit.java:892)
08-31 14:35:37.385 E/AndroidRuntime( 2744): 	at com.android.internal.os.ZygoteInit.main(ZygoteInit.java:782)
08-31 14:35:37.385 E/AndroidRuntime( 2744): Caused by: java.lang.RuntimeException: Parcelable encountered ClassNotFoundException reading a Serializable object (name = com.android.intentfuzzer.util.SerializableTest)
08-31 14:35:37.385 E/AndroidRuntime( 2744): 	at android.os.Parcel.readSerializable(Parcel.java:2630)
08-31 14:35:37.385 E/AndroidRuntime( 2744): 	at android.os.Parcel.readValue(Parcel.java:2416)
08-31 14:35:37.385 E/AndroidRuntime( 2744): 	at android.os.Parcel.readArrayMapInternal(Parcel.java:2732)
08-31 14:35:37.385 E/AndroidRuntime( 2744): 	at android.os.BaseBundle.unparcel(BaseBundle.java:269)
08-31 14:35:37.385 E/AndroidRuntime( 2744): 	at android.os.BaseBundle.getString(BaseBundle.java:992)
08-31 14:35:37.385 E/AndroidRuntime( 2744): 	at android.content.Intent.getStringExtra(Intent.java:6243)
08-31 14:35:37.385 E/AndroidRuntime( 2744): 	at nl.sogeti.android.gpstracker.oauth.PrepareRequestTokenActivity.onCreate(PrepareRequestTokenActivity.java:110)
08-31 14:35:37.385 E/AndroidRuntime( 2744): 	at android.app.Activity.performCreate(Activity.java:6701)
08-31 14:35:37.385 E/AndroidRuntime( 2744): 	at android.app.Instrumentation.callActivityOnCreate(Instrumentation.java:1118)
08-31 14:35:37.385 E/AndroidRuntime( 2744): 	at android.app.ActivityThread.performLaunchActivity(ActivityThread.java:2651)
08-31 14:35:37.385 E/AndroidRuntime( 2744): 	... 9 more
08-31 14:35:37.385 E/AndroidRuntime( 2744): Caused by: java.lang.ClassNotFoundException: com.android.intentfuzzer.util.SerializableTest
08-31 14:35:37.385 E/AndroidRuntime( 2744): 	at java.lang.Class.classForName(Native Method)
08-31 14:35:37.385 E/AndroidRuntime( 2744): 	at java.lang.Class.forName(Class.java:400)
08-31 14:35:37.385 E/AndroidRuntime( 2744): 	at android.os.Parcel$2.resolveClass(Parcel.java:2616)
08-31 14:35:37.385 E/AndroidRuntime( 2744): 	at java.io.ObjectInputStream.readNonProxyDesc(ObjectInputStream.java:1613)
08-31 14:35:37.385 E/AndroidRuntime( 2744): 	at java.io.ObjectInputStream.readClassDesc(ObjectInputStream.java:1518)
08-31 14:35:37.385 E/AndroidRuntime( 2744): 	at java.io.ObjectInputStream.readOrdinaryObject(ObjectInputStream.java:1772)
08-31 14:35:37.385 E/AndroidRuntime( 2744): 	at java.io.ObjectInputStream.readObject0(ObjectInputStream.java:1351)
08-31 14:35:37.385 E/AndroidRuntime( 2744): 	at java.io.ObjectInputStream.readObject(ObjectInputStream.java:373)
08-31 14:35:37.385 E/AndroidRuntime( 2744): 	at android.os.Parcel.readSerializable(Parcel.java:2624)
08-31 14:35:37.385 E/AndroidRuntime( 2744): 	... 18 more
08-31 14:35:37.385 E/AndroidRuntime( 2744): Caused by: java.lang.ClassNotFoundException: Didn't find class "com.android.intentfuzzer.util.SerializableTest" on path: DexPathList[[zip file "/system/framework/com.google.android.maps.jar", zip file "/data/app/nl.sogeti.android.gpstracker-1/base.apk"],nativeLibraryDirectories=[/data/app/nl.sogeti.android.gpstracker-1/lib/x86_64, /system/lib64, /vendor/lib64]]
08-31 14:35:37.385 E/AndroidRuntime( 2744): 	at dalvik.system.BaseDexClassLoader.findClass(BaseDexClassLoader.java:56)
08-31 14:35:37.385 E/AndroidRuntime( 2744): 	at java.lang.ClassLoader.loadClass(ClassLoader.java:380)
08-31 14:35:37.385 E/AndroidRuntime( 2744): 	at java.lang.ClassLoader.loadClass(ClassLoader.java:312)
08-31 14:35:37.385 E/AndroidRuntime( 2744): 	... 27 more
08-31 14:35:37.387 W/ActivityManager( 1283):   Force finishing activity nl.sogeti.android.gpstracker/.oauth.PrepareRequestTokenActivity
08-31 14:35:37.390 W/ActivityManager( 1283):   Force finishing activity nl.sogeti.android.gpstracker/.viewer.LoggerMap
08-31 14:35:37.404 W/System.err( 1283): java.lang.Exception: show AlertDialog! title= GPS 
08-31 14:35:37.404 W/System.err( 1283): 	at android.app.AlertDialog.show(AlertDialog.java:134)
08-31 14:35:37.404 W/System.err( 1283): 	at com.android.server.am.AppErrors.handleShowAppErrorUi(AppErrors.java:719)
08-31 14:35:37.404 W/System.err( 1283): 	at com.android.server.am.ActivityManagerService$UiHandler.handleMessage(ActivityManagerService.java:1637)
08-31 14:35:37.404 W/System.err( 1283): 	at android.os.Handler.dispatchMessage(Handler.java:102)
08-31 14:35:37.404 W/System.err( 1283): 	at android.os.Looper.loop(Looper.java:154)
08-31 14:35:37.404 W/System.err( 1283): 	at android.os.HandlerThread.run(HandlerThread.java:61)
08-31 14:35:37.404 W/System.err( 1283): 	at com.android.server.ServiceThread.run(ServiceThread.java:46)
08-31 14:35:37.430 E/EGL_adreno( 2305): tid 2321: eglSurfaceAttrib(1338): error 0x3009 (EGL_BAD_MATCH)
08-31 14:35:37.430 W/OpenGLRenderer( 2305): Failed to set EGL_SWAP_BEHAVIOR on surface 0x7fffd4ffd580, error=EGL_BAD_MATCH
08-31 14:35:37.444 D/EGL_adreno( 2305): eglMakeCurrent: 0x7fffeb4420a0: ver 3 1 (tinfo 0x7fffeb40d340)
08-31 14:35:37.459 D/TaskPersister( 1283): getImageFromWriteQueue return null! filePath=/data/system_ce/0/recent_images/15_task_thumbnail.png
08-31 14:35:37.634 I/HostConnection( 1283): HostConnection::HostConnection: pid=1283, tid=2347, this=0x7fffd7b0f940
08-31 14:35:37.637 I/        ( 1283): fastpipe: Connect success
08-31 14:35:37.638 D/HostConnection( 1283): HostRPC::connect sucess: app=system_server, pid=1283, tid=2347, this=0x7fffd1474880
08-31 14:35:37.641 D/HostConnection( 1283): queryAndSetGLESMaxVersion select gles-version: 3.1 hostGLVersion:46 process:system_server
08-31 14:35:37.643 I/OpenGLRenderer( 1283): Initialized EGL, version 1.4
08-31 14:35:37.643 D/OpenGLRenderer( 1283): Swap behavior 1
08-31 14:35:37.644 I/EGL_adreno( 1283): eglCreateContext request GLES major-version=2
08-31 14:35:37.705 D/EGL_adreno( 1283): eglCreateContext: 0x7fffd7b09fc0: maj 3 min 1 rcv 4
08-31 14:35:37.781 D/EGL_adreno( 1283): eglMakeCurrent: 0x7fffd7b09fc0: ver 3 1 (tinfo 0x7fffd7857fe0)
08-31 14:35:37.810 E/EGL_adreno( 1283): tid 2347: eglSurfaceAttrib(1338): error 0x3009 (EGL_BAD_MATCH)
08-31 14:35:37.810 W/OpenGLRenderer( 1283): Failed to set EGL_SWAP_BEHAVIOR on surface 0x7fffd8bc60c0, error=EGL_BAD_MATCH
08-31 14:35:37.814 D/EGL_adreno( 1283): eglMakeCurrent: 0x7fffd7b09fc0: ver 3 1 (tinfo 0x7fffd7857fe0)
08-31 14:35:37.891 W/ActivityManager( 1283): Activity pause timeout for ActivityRecord{74e0a77 u0 nl.sogeti.android.gpstracker/.oauth.PrepareRequestTokenActivity t15 f}
08-31 14:35:37.954 W/ContextImpl( 1721): Calling a method in the system process without a qualified user: android.app.ContextImpl.startService:1358 android.content.ContextWrapper.startService:613 android.content.ContextWrapper.startService:613 com.android.coreservice.CoreBroadcastReceiver.onReceive:44 android.app.ActivityThread.handleReceiver:3073 
08-31 14:35:38.071 D/TaskPersister( 1283): getImageFromWriteQueue return null! filePath=/data/system_ce/0/recent_images/15_task_thumbnail.png
08-31 14:35:40.134 D/audio_hw_hal( 1089): log_func, out_standby
08-31 14:35:40.134 D/audio_hw_hal( 1089): raw_close_output_stream, dev=0xf6e480c0, stream =0xf6e43140
08-31 14:35:40.135 D/audio_hw_hal( 1089): raw_close_output_stream, stream=0xf6e43140,  success!
08-31 14:35:40.560 D/EGL_adreno( 2305): eglMakeCurrent: 0x7fffeb4420a0: ver 3 1 (tinfo 0x7fffeb40d340)
08-31 14:35:40.573 W/WindowManager( 1283): Attempted to remove non-existing token: android.os.Binder@8fbb187
08-31 14:35:40.677 E/EGL_adreno( 2305): tid 2321: eglSurfaceAttrib(1338): error 0x3009 (EGL_BAD_MATCH)
08-31 14:35:40.677 W/OpenGLRenderer( 2305): Failed to set EGL_SWAP_BEHAVIOR on surface 0x7fffd4ffd580, error=EGL_BAD_MATCH
08-31 14:35:40.679 D/EGL_adreno( 2305): eglMakeCurrent: 0x7fffeb4420a0: ver 3 1 (tinfo 0x7fffeb40d340)
08-31 14:35:41.498 I/ActivityManager( 1283): Killing 2744:nl.sogeti.android.gpstracker/u0a55 (adj 0): crash
08-31 14:35:41.499 D/ActivityManager( 1283): cleanUpApplicationRecord -- 2744
08-31 14:35:41.499 W/ActivityManager( 1283): Scheduling restart of crashed service nl.sogeti.android.gpstracker/.logger.GPSLoggerService in 8332ms
08-31 14:35:41.507 D/audio_hw_hal( 1089): raw_start_output_stream, stream=0xf6e43140, sampleRate=48000, channel=2, bps=16, bufSize=4096
08-31 14:35:41.517 I/ActivityManager( 1283): Start proc 2793:nl.sogeti.android.gpstracker/u0a55 for activity nl.sogeti.android.gpstracker/.viewer.TracksLiveFolder
08-31 14:35:41.528 W/ContextImpl( 1721): Calling a method in the system process without a qualified user: android.app.ContextImpl.startService:1358 android.content.ContextWrapper.startService:613 android.content.ContextWrapper.startService:613 com.android.coreservice.CoreBroadcastReceiver.onReceive:53 android.app.ActivityThread.handleReceiver:3073 
08-31 14:35:41.536 D/EGL_adreno( 1283): eglMakeCurrent: 0x7fffd7b09fc0: ver 3 1 (tinfo 0x7fffd7857fe0)
08-31 14:35:41.542 D/libnativebridge( 2793): call UnloadNativeBridge! state=1
08-31 14:35:41.543 I/WindowManager( 1283): WIN DEATH: Window{8d8dfb2 u0 nl.sogeti.android.gpstracker/nl.sogeti.android.gpstracker.viewer.LoggerMap}
08-31 14:35:41.544 D/GraphicsStats( 1283): Buffer count: 7
08-31 14:35:41.556 W/ActivityManager( 1283): Request to remove task ignored for non-existent task 15
08-31 14:35:41.558 W/ContextImpl( 1721): Calling a method in the system process without a qualified user: android.app.ContextImpl.sendBroadcast:893 android.content.ContextWrapper.sendBroadcast:426 com.android.coreservice.TabManager.notifyClosing:345 com.android.coreservice.TabManager.updateInner:182 com.android.coreservice.TabManager.onUpdate:217 
08-31 14:35:41.559 E/ActivityManager( 1283): Sending non-protected broadcast android.intent.action.CLOSE_TASK from system 1721:com.android.coreservice/1000 pkg com.android.coreservice
08-31 14:35:41.559 E/ActivityManager( 1283): java.lang.Throwable
08-31 14:35:41.559 E/ActivityManager( 1283): 	at com.android.server.am.ActivityManagerService.checkBroadcastFromSystem(ActivityManagerService.java:18108)
08-31 14:35:41.559 E/ActivityManager( 1283): 	at com.android.server.am.ActivityManagerService.broadcastIntentLocked(ActivityManagerService.java:18680)
08-31 14:35:41.559 E/ActivityManager( 1283): 	at com.android.server.am.ActivityManagerService.broadcastIntent(ActivityManagerService.java:18771)
08-31 14:35:41.559 E/ActivityManager( 1283): 	at android.app.ActivityManagerNative.onTransact(ActivityManagerNative.java:499)
08-31 14:35:41.559 E/ActivityManager( 1283): 	at com.android.server.am.ActivityManagerService.onTransact(ActivityManagerService.java:2820)
08-31 14:35:41.559 E/ActivityManager( 1283): 	at android.os.Binder.execTransact(Binder.java:565)
08-31 14:35:41.562 I/CoreService( 1721): notifyClosing notify tab closed taskPackageName:nl.sogeti.android.gpstracker
08-31 14:35:41.818 I/HostConnection( 1283): HostConnection::~HostConnection, pid=1283, tid=2347, this=0x7fffd7b0f940, m_stream=0x7fffd1474880
08-31 14:35:41.819 I/        ( 1283): fastpipe: close connect
08-31 14:35:41.824 W/ActivityManager( 1283): Slow operation: 256ms so far, now at attachApplicationLocked: after mServices.attachApplicationLocked
08-31 14:35:41.826 W/art     ( 1283): Long monitor contention with owner Binder:1283_7 (1890) at void com.android.server.am.ActivityManagerService.attachApplication(android.app.IApplicationThread)(ActivityManagerService.java:6799) waiters=0 in void com.android.server.am.ActivityManagerService.serviceDoneExecuting(android.os.IBinder, int, int, int) for 254ms
08-31 14:35:41.831 W/ContextImpl( 1721): Calling a method in the system process without a qualified user: android.app.ContextImpl.startService:1358 android.content.ContextWrapper.startService:613 android.content.ContextWrapper.startService:613 com.android.coreservice.CoreBroadcastReceiver.onReceive:53 android.app.ActivityThread.handleReceiver:3073 
08-31 14:35:41.905 W/System  ( 2793): ClassLoader referenced unknown path: /data/app/nl.sogeti.android.gpstracker-1/lib/x86_64
08-31 14:35:41.941 W/ContextImpl( 1721): Calling a method in the system process without a qualified user: android.app.ContextImpl.startService:1358 android.content.ContextWrapper.startService:613 android.content.ContextWrapper.startService:613 com.android.coreservice.CoreBroadcastReceiver.onReceive:53 android.app.ActivityThread.handleReceiver:3073 
