--------- beginning of system
08-31 14:34:28.914 I/ActivityManager( 1283): START u0 {cmp=com.android.intentfuzzer/.FuzzerActivity} from uid 10064 on display 0
--------- beginning of main
08-31 14:34:28.918 D/audio_hw_hal( 1089): raw_start_output_stream, stream=0xf6e43140, sampleRate=48000, channel=2, bps=16, bufSize=4096
08-31 14:34:28.923 W/ContextImpl( 1721): Calling a method in the system process without a qualified user: android.app.ContextImpl.startService:1358 android.content.ContextWrapper.startService:613 android.content.ContextWrapper.startService:613 com.android.coreservice.CoreBroadcastReceiver.onReceive:44 android.app.ActivityThread.handleReceiver:3073 
08-31 14:34:28.937 W/ContextImpl( 1721): Calling a method in the system process without a qualified user: android.app.ContextImpl.startService:1358 android.content.ContextWrapper.startService:613 android.content.ContextWrapper.startService:613 com.android.coreservice.CoreBroadcastReceiver.onReceive:53 android.app.ActivityThread.handleReceiver:3073 
08-31 14:34:29.466 E/EGL_adreno( 2305): tid 2321: eglSurfaceAttrib(1338): error 0x3009 (EGL_BAD_MATCH)
08-31 14:34:29.466 W/OpenGLRenderer( 2305): Failed to set EGL_SWAP_BEHAVIOR on surface 0x7fffd4ffd280, error=EGL_BAD_MATCH
08-31 14:34:29.467 D/EGL_adreno( 2305): eglMakeCurrent: 0x7fffeb4420a0: ver 3 1 (tinfo 0x7fffeb40d340)
08-31 14:34:29.509 I/ActivityManager( 1283): Displayed com.android.intentfuzzer/.FuzzerActivity: +583ms (total +3m22s93ms)
08-31 14:34:29.513 W/ContextImpl( 1721): Calling a method in the system process without a qualified user: android.app.ContextImpl.startService:1358 android.content.ContextWrapper.startService:613 android.content.ContextWrapper.startService:613 com.android.coreservice.CoreBroadcastReceiver.onReceive:69 android.app.ActivityThread.handleReceiver:3073 
08-31 14:34:29.563 W/ContextImpl( 1721): Calling a method in the system process without a qualified user: android.app.ContextImpl.startService:1358 android.content.ContextWrapper.startService:613 android.content.ContextWrapper.startService:613 com.android.coreservice.CoreBroadcastReceiver.onReceive:69 android.app.ActivityThread.handleReceiver:3073 
08-31 14:34:30.628 I/ActivityManager( 1283): START u0 {cmp=nl.sogeti.android.gpstracker/.viewer.LoggerMap} from uid 10064 on display 0
08-31 14:34:30.637 W/ContextImpl( 1721): Calling a method in the system process without a qualified user: android.app.ContextImpl.startService:1358 android.content.ContextWrapper.startService:613 android.content.ContextWrapper.startService:613 com.android.coreservice.CoreBroadcastReceiver.onReceive:44 android.app.ActivityThread.handleReceiver:3073 
08-31 14:34:30.637 W/System.err( 2305): java.lang.Exception: Toast callstack! strTip=Sent Null Intent { cmp=nl.sogeti.android.gpstracker/.viewer.LoggerMap }
08-31 14:34:30.637 W/System.err( 2305): 	at android.widget.Toast.show(Toast.java:130)
08-31 14:34:30.637 W/System.err( 2305): 	at com.android.intentfuzzer.FuzzerActivity$3.onClick(FuzzerActivity.java:165)
08-31 14:34:30.637 W/System.err( 2305): 	at android.view.View.performClick(View.java:5637)
08-31 14:34:30.637 W/System.err( 2305): 	at android.view.View$PerformClick.run(View.java:22429)
08-31 14:34:30.637 W/System.err( 2305): 	at android.os.Handler.handleCallback(Handler.java:751)
08-31 14:34:30.637 W/System.err( 2305): 	at android.os.Handler.dispatchMessage(Handler.java:95)
08-31 14:34:30.637 W/System.err( 2305): 	at android.os.Looper.loop(Looper.java:154)
08-31 14:34:30.637 W/System.err( 2305): 	at android.app.ActivityThread.main(ActivityThread.java:6190)
08-31 14:34:30.637 W/System.err( 2305): 	at java.lang.reflect.Method.invoke(Native Method)
08-31 14:34:30.637 W/System.err( 2305): 	at com.android.internal.os.ZygoteInit$MethodAndArgsCaller.run(ZygoteInit.java:892)
08-31 14:34:30.637 W/System.err( 2305): 	at com.android.internal.os.ZygoteInit.main(ZygoteInit.java:782)
08-31 14:34:30.641 I/ActivityManager( 1283): START u0 {cmp=nl.sogeti.android.gpstracker/.viewer.ApplicationPreferenceActivity} from uid 10064 on display 0
08-31 14:34:30.641 W/ActivityManager( 1283): Permission Denial: starting Intent { cmp=nl.sogeti.android.gpstracker/.viewer.ApplicationPreferenceActivity } from ProcessRecord{6d7369d 2305:com.android.intentfuzzer/u0a64} (pid=2305, uid=10064) not exported from uid 10055
08-31 14:34:30.642 W/System.err( 2305): java.lang.Exception: Toast callstack! strTip=Send Intent Failed!
08-31 14:34:30.642 W/System.err( 2305): 	at android.widget.Toast.show(Toast.java:130)
08-31 14:34:30.642 W/System.err( 2305): 	at com.android.intentfuzzer.FuzzerActivity$3.onClick(FuzzerActivity.java:167)
08-31 14:34:30.642 W/System.err( 2305): 	at android.view.View.performClick(View.java:5637)
08-31 14:34:30.642 W/System.err( 2305): 	at android.view.View$PerformClick.run(View.java:22429)
08-31 14:34:30.642 W/System.err( 2305): 	at android.os.Handler.handleCallback(Handler.java:751)
08-31 14:34:30.642 W/System.err( 2305): 	at android.os.Handler.dispatchMessage(Handler.java:95)
08-31 14:34:30.642 W/System.err( 2305): 	at android.os.Looper.loop(Looper.java:154)
08-31 14:34:30.642 W/System.err( 2305): 	at android.app.ActivityThread.main(ActivityThread.java:6190)
08-31 14:34:30.642 W/System.err( 2305): 	at java.lang.reflect.Method.invoke(Native Method)
08-31 14:34:30.642 W/System.err( 2305): 	at com.android.internal.os.ZygoteInit$MethodAndArgsCaller.run(ZygoteInit.java:892)
08-31 14:34:30.642 W/System.err( 2305): 	at com.android.internal.os.ZygoteInit.main(ZygoteInit.java:782)
08-31 14:34:30.645 I/ActivityManager( 1283): START u0 {cmp=nl.sogeti.android.gpstracker/.actions.NameTrack} from uid 10064 on display 0
08-31 14:34:30.645 W/ActivityManager( 1283): Permission Denial: starting Intent { cmp=nl.sogeti.android.gpstracker/.actions.NameTrack } from ProcessRecord{6d7369d 2305:com.android.intentfuzzer/u0a64} (pid=2305, uid=10064) not exported from uid 10055
08-31 14:34:30.646 W/System.err( 2305): java.lang.Exception: Toast callstack! strTip=Send Intent Failed!
08-31 14:34:30.646 W/System.err( 2305): 	at android.widget.Toast.show(Toast.java:130)
08-31 14:34:30.646 W/System.err( 2305): 	at com.android.intentfuzzer.FuzzerActivity$3.onClick(FuzzerActivity.java:167)
08-31 14:34:30.646 W/System.err( 2305): 	at android.view.View.performClick(View.java:5637)
08-31 14:34:30.646 W/System.err( 2305): 	at android.view.View$PerformClick.run(View.java:22429)
08-31 14:34:30.646 W/System.err( 2305): 	at android.os.Handler.handleCallback(Handler.java:751)
08-31 14:34:30.646 W/System.err( 2305): 	at android.os.Handler.dispatchMessage(Handler.java:95)
08-31 14:34:30.646 W/System.err( 2305): 	at android.os.Looper.loop(Looper.java:154)
08-31 14:34:30.647 W/System.err( 2305): 	at android.app.ActivityThread.main(ActivityThread.java:6190)
08-31 14:34:30.647 W/System.err( 2305): 	at java.lang.reflect.Method.invoke(Native Method)
08-31 14:34:30.647 W/System.err( 2305): 	at com.android.internal.os.ZygoteInit$MethodAndArgsCaller.run(ZygoteInit.java:892)
08-31 14:34:30.647 W/System.err( 2305): 	at com.android.internal.os.ZygoteInit.main(ZygoteInit.java:782)
08-31 14:34:30.648 I/ActivityManager( 1283): START u0 {cmp=nl.sogeti.android.gpstracker/.actions.DescribeTrack} from uid 10064 on display 0
08-31 14:34:30.648 W/ActivityManager( 1283): Permission Denial: starting Intent { cmp=nl.sogeti.android.gpstracker/.actions.DescribeTrack } from ProcessRecord{6d7369d 2305:com.android.intentfuzzer/u0a64} (pid=2305, uid=10064) not exported from uid 10055
08-31 14:34:30.649 W/System.err( 2305): java.lang.Exception: Toast callstack! strTip=Send Intent Failed!
08-31 14:34:30.649 W/System.err( 2305): 	at android.widget.Toast.show(Toast.java:130)
08-31 14:34:30.649 W/System.err( 2305): 	at com.android.intentfuzzer.FuzzerActivity$3.onClick(FuzzerActivity.java:167)
08-31 14:34:30.649 W/System.err( 2305): 	at android.view.View.performClick(View.java:5637)
08-31 14:34:30.649 W/System.err( 2305): 	at android.view.View$PerformClick.run(View.java:22429)
08-31 14:34:30.649 W/System.err( 2305): 	at android.os.Handler.handleCallback(Handler.java:751)
08-31 14:34:30.649 W/System.err( 2305): 	at android.os.Handler.dispatchMessage(Handler.java:95)
08-31 14:34:30.649 W/System.err( 2305): 	at android.os.Looper.loop(Looper.java:154)
08-31 14:34:30.649 W/System.err( 2305): 	at android.app.ActivityThread.main(ActivityThread.java:6190)
08-31 14:34:30.649 W/System.err( 2305): 	at java.lang.reflect.Method.invoke(Native Method)
08-31 14:34:30.649 W/System.err( 2305): 	at com.android.internal.os.ZygoteInit$MethodAndArgsCaller.run(ZygoteInit.java:892)
08-31 14:34:30.649 W/System.err( 2305): 	at com.android.internal.os.ZygoteInit.main(ZygoteInit.java:782)
08-31 14:34:30.651 I/ActivityManager( 1283): START u0 {cmp=nl.sogeti.android.gpstracker/.actions.ControlTracking} from uid 10064 on display 0
08-31 14:34:30.652 W/ActivityManager( 1283): Permission Denial: starting Intent { cmp=nl.sogeti.android.gpstracker/.actions.ControlTracking } from ProcessRecord{6d7369d 2305:com.android.intentfuzzer/u0a64} (pid=2305, uid=10064) not exported from uid 10055
08-31 14:34:30.653 W/System.err( 2305): java.lang.Exception: Toast callstack! strTip=Send Intent Failed!
08-31 14:34:30.653 W/System.err( 2305): 	at android.widget.Toast.show(Toast.java:130)
08-31 14:34:30.653 W/System.err( 2305): 	at com.android.intentfuzzer.FuzzerActivity$3.onClick(FuzzerActivity.java:167)
08-31 14:34:30.654 W/System.err( 2305): 	at android.view.View.performClick(View.java:5637)
08-31 14:34:30.654 W/System.err( 2305): 	at android.view.View$PerformClick.run(View.java:22429)
08-31 14:34:30.654 W/System.err( 2305): 	at android.os.Handler.handleCallback(Handler.java:751)
08-31 14:34:30.654 W/System.err( 2305): 	at android.os.Handler.dispatchMessage(Handler.java:95)
08-31 14:34:30.654 W/System.err( 2305): 	at android.os.Looper.loop(Looper.java:154)
08-31 14:34:30.654 W/System.err( 2305): 	at android.app.ActivityThread.main(ActivityThread.java:6190)
08-31 14:34:30.654 W/System.err( 2305): 	at java.lang.reflect.Method.invoke(Native Method)
08-31 14:34:30.654 W/System.err( 2305): 	at com.android.internal.os.ZygoteInit$MethodAndArgsCaller.run(ZygoteInit.java:892)
08-31 14:34:30.654 W/System.err( 2305): 	at com.android.internal.os.ZygoteInit.main(ZygoteInit.java:782)
08-31 14:34:30.656 I/ActivityManager( 1283): START u0 {cmp=nl.sogeti.android.gpstracker/.actions.InsertNote} from uid 10064 on display 0
08-31 14:34:30.656 W/ActivityManager( 1283): Permission Denial: starting Intent { cmp=nl.sogeti.android.gpstracker/.actions.InsertNote } from ProcessRecord{6d7369d 2305:com.android.intentfuzzer/u0a64} (pid=2305, uid=10064) not exported from uid 10055
08-31 14:34:30.658 W/System.err( 2305): java.lang.Exception: Toast callstack! strTip=Send Intent Failed!
08-31 14:34:30.659 W/System.err( 2305): 	at android.widget.Toast.show(Toast.java:130)
08-31 14:34:30.659 W/System.err( 2305): 	at com.android.intentfuzzer.FuzzerActivity$3.onClick(FuzzerActivity.java:167)
08-31 14:34:30.659 W/System.err( 2305): 	at android.view.View.performClick(View.java:5637)
08-31 14:34:30.659 W/System.err( 2305): 	at android.view.View$PerformClick.run(View.java:22429)
08-31 14:34:30.659 W/System.err( 2305): 	at android.os.Handler.handleCallback(Handler.java:751)
08-31 14:34:30.659 W/System.err( 2305): 	at android.os.Handler.dispatchMessage(Handler.java:95)
08-31 14:34:30.659 W/System.err( 2305): 	at android.os.Looper.loop(Looper.java:154)
08-31 14:34:30.659 W/System.err( 2305): 	at android.app.ActivityThread.main(ActivityThread.java:6190)
08-31 14:34:30.659 W/System.err( 2305): 	at java.lang.reflect.Method.invoke(Native Method)
08-31 14:34:30.659 W/System.err( 2305): 	at com.android.internal.os.ZygoteInit$MethodAndArgsCaller.run(ZygoteInit.java:892)
08-31 14:34:30.659 W/System.err( 2305): 	at com.android.internal.os.ZygoteInit.main(ZygoteInit.java:782)
08-31 14:34:30.661 I/ActivityManager( 1283): START u0 {cmp=nl.sogeti.android.gpstracker/.viewer.TrackList} from uid 10064 on display 0
08-31 14:34:30.670 W/ContextImpl( 1721): Calling a method in the system process without a qualified user: android.app.ContextImpl.startService:1358 android.content.ContextWrapper.startService:613 android.content.ContextWrapper.startService:613 com.android.coreservice.CoreBroadcastReceiver.onReceive:44 android.app.ActivityThread.handleReceiver:3073 
08-31 14:34:30.670 W/System.err( 2305): java.lang.Exception: Toast callstack! strTip=Sent Null Intent { cmp=nl.sogeti.android.gpstracker/.viewer.TrackList }
08-31 14:34:30.670 W/System.err( 2305): 	at android.widget.Toast.show(Toast.java:130)
08-31 14:34:30.670 W/System.err( 2305): 	at com.android.intentfuzzer.FuzzerActivity$3.onClick(FuzzerActivity.java:165)
08-31 14:34:30.670 W/System.err( 2305): 	at android.view.View.performClick(View.java:5637)
08-31 14:34:30.670 W/System.err( 2305): 	at android.view.View$PerformClick.run(View.java:22429)
08-31 14:34:30.670 W/System.err( 2305): 	at android.os.Handler.handleCallback(Handler.java:751)
08-31 14:34:30.670 W/System.err( 2305): 	at android.os.Handler.dispatchMessage(Handler.java:95)
08-31 14:34:30.670 W/System.err( 2305): 	at android.os.Looper.loop(Looper.java:154)
08-31 14:34:30.670 W/System.err( 2305): 	at android.app.ActivityThread.main(ActivityThread.java:6190)
08-31 14:34:30.670 W/System.err( 2305): 	at java.lang.reflect.Method.invoke(Native Method)
08-31 14:34:30.670 W/System.err( 2305): 	at com.android.internal.os.ZygoteInit$MethodAndArgsCaller.run(ZygoteInit.java:892)
08-31 14:34:30.670 W/System.err( 2305): 	at com.android.internal.os.ZygoteInit.main(ZygoteInit.java:782)
08-31 14:34:30.672 I/ActivityManager( 1283): START u0 {cmp=nl.sogeti.android.gpstracker/.viewer.TracksLiveFolder} from uid 10064 on display 0
08-31 14:34:30.687 W/ContextImpl( 1721): Calling a method in the system process without a qualified user: android.app.ContextImpl.startService:1358 android.content.ContextWrapper.startService:613 android.content.ContextWrapper.startService:613 com.android.coreservice.CoreBroadcastReceiver.onReceive:44 android.app.ActivityThread.handleReceiver:3073 
08-31 14:34:30.688 W/System.err( 2305): java.lang.Exception: Toast callstack! strTip=Sent Null Intent { cmp=nl.sogeti.android.gpstracker/.viewer.TracksLiveFolder }
08-31 14:34:30.688 W/System.err( 2305): 	at android.widget.Toast.show(Toast.java:130)
08-31 14:34:30.688 W/System.err( 2305): 	at com.android.intentfuzzer.FuzzerActivity$3.onClick(FuzzerActivity.java:165)
08-31 14:34:30.688 W/System.err( 2305): 	at android.view.View.performClick(View.java:5637)
08-31 14:34:30.688 W/System.err( 2305): 	at android.view.View$PerformClick.run(View.java:22429)
08-31 14:34:30.688 W/System.err( 2305): 	at android.os.Handler.handleCallback(Handler.java:751)
08-31 14:34:30.688 W/System.err( 2305): 	at android.os.Handler.dispatchMessage(Handler.java:95)
08-31 14:34:30.688 W/System.err( 2305): 	at android.os.Looper.loop(Looper.java:154)
08-31 14:34:30.689 W/System.err( 2305): 	at android.app.ActivityThread.main(ActivityThread.java:6190)
08-31 14:34:30.689 W/System.err( 2305): 	at java.lang.reflect.Method.invoke(Native Method)
08-31 14:34:30.689 W/System.err( 2305): 	at com.android.internal.os.ZygoteInit$MethodAndArgsCaller.run(ZygoteInit.java:892)
08-31 14:34:30.689 W/System.err( 2305): 	at com.android.internal.os.ZygoteInit.main(ZygoteInit.java:782)
08-31 14:34:30.693 I/ActivityManager( 1283): START u0 {cmp=nl.sogeti.android.gpstracker/.actions.Statistics} from uid 10064 on display 0
08-31 14:34:30.693 W/ActivityManager( 1283): Permission Denial: starting Intent { cmp=nl.sogeti.android.gpstracker/.actions.Statistics } from ProcessRecord{6d7369d 2305:com.android.intentfuzzer/u0a64} (pid=2305, uid=10064) not exported from uid 10055
08-31 14:34:30.694 W/ContextImpl( 1721): Calling a method in the system process without a qualified user: android.app.ContextImpl.startService:1358 android.content.ContextWrapper.startService:613 android.content.ContextWrapper.startService:613 com.android.coreservice.CoreBroadcastReceiver.onReceive:44 android.app.ActivityThread.handleReceiver:3073 
08-31 14:34:30.695 W/System.err( 2305): java.lang.Exception: Toast callstack! strTip=Send Intent Failed!
08-31 14:34:30.696 W/System.err( 2305): 	at android.widget.Toast.show(Toast.java:130)
08-31 14:34:30.696 W/System.err( 2305): 	at com.android.intentfuzzer.FuzzerActivity$3.onClick(FuzzerActivity.java:167)
08-31 14:34:30.696 W/System.err( 2305): 	at android.view.View.performClick(View.java:5637)
08-31 14:34:30.696 W/System.err( 2305): 	at android.view.View$PerformClick.run(View.java:22429)
08-31 14:34:30.696 W/System.err( 2305): 	at android.os.Handler.handleCallback(Handler.java:751)
08-31 14:34:30.696 W/System.err( 2305): 	at android.os.Handler.dispatchMessage(Handler.java:95)
08-31 14:34:30.696 W/System.err( 2305): 	at android.os.Looper.loop(Looper.java:154)
08-31 14:34:30.696 W/System.err( 2305): 	at android.app.ActivityThread.main(ActivityThread.java:6190)
08-31 14:34:30.696 W/System.err( 2305): 	at java.lang.reflect.Method.invoke(Native Method)
08-31 14:34:30.696 W/System.err( 2305): 	at com.android.internal.os.ZygoteInit$MethodAndArgsCaller.run(ZygoteInit.java:892)
08-31 14:34:30.696 W/System.err( 2305): 	at com.android.internal.os.ZygoteInit.main(ZygoteInit.java:782)
08-31 14:34:30.700 I/ActivityManager( 1283): START u0 {cmp=nl.sogeti.android.gpstracker/.actions.ShareTrack} from uid 10064 on display 0
08-31 14:34:30.700 W/ActivityManager( 1283): Permission Denial: starting Intent { cmp=nl.sogeti.android.gpstracker/.actions.ShareTrack } from ProcessRecord{6d7369d 2305:com.android.intentfuzzer/u0a64} (pid=2305, uid=10064) not exported from uid 10055
08-31 14:34:30.702 W/System.err( 2305): java.lang.Exception: Toast callstack! strTip=Send Intent Failed!
08-31 14:34:30.702 W/System.err( 2305): 	at android.widget.Toast.show(Toast.java:130)
08-31 14:34:30.702 W/System.err( 2305): 	at com.android.intentfuzzer.FuzzerActivity$3.onClick(FuzzerActivity.java:167)
08-31 14:34:30.702 W/System.err( 2305): 	at android.view.View.performClick(View.java:5637)
08-31 14:34:30.702 W/System.err( 2305): 	at android.view.View$PerformClick.run(View.java:22429)
08-31 14:34:30.702 W/System.err( 2305): 	at android.os.Handler.handleCallback(Handler.java:751)
08-31 14:34:30.702 W/System.err( 2305): 	at android.os.Handler.dispatchMessage(Handler.java:95)
08-31 14:34:30.702 W/System.err( 2305): 	at android.os.Looper.loop(Looper.java:154)
08-31 14:34:30.702 W/System.err( 2305): 	at android.app.ActivityThread.main(ActivityThread.java:6190)
08-31 14:34:30.702 W/System.err( 2305): 	at java.lang.reflect.Method.invoke(Native Method)
08-31 14:34:30.702 W/System.err( 2305): 	at com.android.internal.os.ZygoteInit$MethodAndArgsCaller.run(ZygoteInit.java:892)
08-31 14:34:30.702 W/System.err( 2305): 	at com.android.internal.os.ZygoteInit.main(ZygoteInit.java:782)
08-31 14:34:30.703 I/ActivityManager( 1283): START u0 {cmp=nl.sogeti.android.gpstracker/.oauth.PrepareRequestTokenActivity} from uid 10064 on display 0
08-31 14:34:30.709 W/System.err( 2305): java.lang.Exception: Toast callstack! strTip=Sent Null Intent { cmp=nl.sogeti.android.gpstracker/.oauth.PrepareRequestTokenActivity }
08-31 14:34:30.710 W/System.err( 2305): 	at android.widget.Toast.show(Toast.java:130)
08-31 14:34:30.710 W/System.err( 2305): 	at com.android.intentfuzzer.FuzzerActivity$3.onClick(FuzzerActivity.java:165)
08-31 14:34:30.710 W/System.err( 2305): 	at android.view.View.performClick(View.java:5637)
08-31 14:34:30.710 W/System.err( 2305): 	at android.view.View$PerformClick.run(View.java:22429)
08-31 14:34:30.710 W/System.err( 2305): 	at android.os.Handler.handleCallback(Handler.java:751)
08-31 14:34:30.710 W/System.err( 2305): 	at android.os.Handler.dispatchMessage(Handler.java:95)
08-31 14:34:30.710 W/System.err( 2305): 	at android.os.Looper.loop(Looper.java:154)
08-31 14:34:30.710 W/System.err( 2305): 	at android.app.ActivityThread.main(ActivityThread.java:6190)
08-31 14:34:30.710 W/System.err( 2305): 	at java.lang.reflect.Method.invoke(Native Method)
08-31 14:34:30.710 W/System.err( 2305): 	at com.android.internal.os.ZygoteInit$MethodAndArgsCaller.run(ZygoteInit.java:892)
08-31 14:34:30.710 W/System.err( 2305): 	at com.android.internal.os.ZygoteInit.main(ZygoteInit.java:782)
08-31 14:34:30.710 W/ContextImpl( 1721): Calling a method in the system process without a qualified user: android.app.ContextImpl.startService:1358 android.content.ContextWrapper.startService:613 android.content.ContextWrapper.startService:613 com.android.coreservice.CoreBroadcastReceiver.onReceive:44 android.app.ActivityThread.handleReceiver:3073 
08-31 14:34:30.726 I/ActivityManager( 1283): Start proc 2744:nl.sogeti.android.gpstracker/u0a55 for activity nl.sogeti.android.gpstracker/.oauth.PrepareRequestTokenActivity
08-31 14:34:30.747 D/libnativebridge( 2744): call UnloadNativeBridge! state=1
08-31 14:34:30.781 E/EGL_adreno( 1083): tid 1083: eglCreateSyncKHR(2089): error 0x3004 (EGL_BAD_ATTRIBUTE)
08-31 14:34:30.882 W/art     ( 1283): Long monitor contention with owner Binder:1283_6 (1648) at void com.android.server.am.ActivityManagerService.activityPaused(android.os.IBinder)(ActivityManagerService.java:7045) waiters=1 in android.content.ComponentName com.android.server.am.ActivityManagerService.startService(android.app.IApplicationThread, android.content.Intent, java.lang.String, java.lang.String, int) for 164ms
08-31 14:34:30.895 W/ContextImpl( 1721): Calling a method in the system process without a qualified user: android.app.ContextImpl.startService:1358 android.content.ContextWrapper.startService:613 android.content.ContextWrapper.startService:613 com.android.coreservice.CoreBroadcastReceiver.onReceive:44 android.app.ActivityThread.handleReceiver:3073 
08-31 14:34:30.899 W/ContextImpl( 1721): Calling a method in the system process without a qualified user: android.app.ContextImpl.startService:1358 android.content.ContextWrapper.startService:613 android.content.ContextWrapper.startService:613 com.android.coreservice.CoreBroadcastReceiver.onReceive:53 android.app.ActivityThread.handleReceiver:3073 
08-31 14:34:31.009 I/art     ( 1283): Background partial concurrent mark sweep GC freed 31962(1541KB) AllocSpace objects, 18(1204KB) LOS objects, 33% free, 11MB/17MB, paused 1.181ms total 143.726ms
08-31 14:34:31.021 E/EGL_adreno( 2305): tid 2321: eglSurfaceAttrib(1338): error 0x3009 (EGL_BAD_MATCH)
08-31 14:34:31.021 W/OpenGLRenderer( 2305): Failed to set EGL_SWAP_BEHAVIOR on surface 0x7fffeb41be40, error=EGL_BAD_MATCH
08-31 14:34:31.027 D/EGL_adreno( 2305): eglMakeCurrent: 0x7fffeb4420a0: ver 3 1 (tinfo 0x7fffeb40d340)
08-31 14:34:31.051 W/System  ( 2744): ClassLoader referenced unknown path: /data/app/nl.sogeti.android.gpstracker-1/lib/x86_64
08-31 14:34:31.135 W/ContextImpl( 1721): Calling a method in the system process without a qualified user: android.app.ContextImpl.startService:1358 android.content.ContextWrapper.startService:613 android.content.ContextWrapper.startService:613 com.android.coreservice.CoreBroadcastReceiver.onReceive:53 android.app.ActivityThread.handleReceiver:3073 
08-31 14:34:31.145 E/OGT.OAuthRequestTokenTask( 2744): Failed to start token request 
08-31 14:34:31.145 E/OGT.OAuthRequestTokenTask( 2744): oauth.signpost.exception.OAuthExpectationFailedException: Consumer key or secret not set
08-31 14:34:31.145 E/OGT.OAuthRequestTokenTask( 2744): 	at oauth.signpost.AbstractOAuthProvider.retrieveToken(AbstractOAuthProvider.java:151)
08-31 14:34:31.145 E/OGT.OAuthRequestTokenTask( 2744): 	at oauth.signpost.AbstractOAuthProvider.retrieveRequestToken(AbstractOAuthProvider.java:69)
08-31 14:34:31.145 E/OGT.OAuthRequestTokenTask( 2744): 	at nl.sogeti.android.gpstracker.oauth.OAuthRequestTokenTask.doInBackground(OAuthRequestTokenTask.java:78)
08-31 14:34:31.145 E/OGT.OAuthRequestTokenTask( 2744): 	at nl.sogeti.android.gpstracker.oauth.OAuthRequestTokenTask.doInBackground(OAuthRequestTokenTask.java:1)
08-31 14:34:31.145 E/OGT.OAuthRequestTokenTask( 2744): 	at android.os.AsyncTask$2.call(AsyncTask.java:305)
08-31 14:34:31.145 E/OGT.OAuthRequestTokenTask( 2744): 	at java.util.concurrent.FutureTask.run(FutureTask.java:237)
08-31 14:34:31.145 E/OGT.OAuthRequestTokenTask( 2744): 	at java.util.concurrent.ThreadPoolExecutor.runWorker(ThreadPoolExecutor.java:1133)
08-31 14:34:31.145 E/OGT.OAuthRequestTokenTask( 2744): 	at java.util.concurrent.ThreadPoolExecutor$Worker.run(ThreadPoolExecutor.java:607)
08-31 14:34:31.145 E/OGT.OAuthRequestTokenTask( 2744): 	at java.lang.Thread.run(Thread.java:761)
08-31 14:34:31.149 I/ActivityManager( 1283): START u0 {act=android.intent.action.VIEW dat=x-oauthflow-opengpstracker://callback cmp=nl.sogeti.android.gpstracker/.oauth.PrepareRequestTokenActivity (has extras)} from uid 10055 on display 0
08-31 14:34:31.152 I/HostConnection( 2744): HostConnection::HostConnection: pid=2744, tid=2744, this=0x7fffe8bc9c40
08-31 14:34:31.155 I/        ( 2744): fastpipe: Connect success
08-31 14:34:31.155 D/HostConnection( 2744): HostRPC::connect sucess: app=nl.sogeti.android.gpstracker, pid=2744, tid=2744, this=0x7fffd621b400
08-31 14:34:31.157 D/HostConnection( 2744): queryAndSetGLESMaxVersion select gles-version: 3.1 hostGLVersion:46 process:nl.sogeti.android.gpstracker
08-31 14:34:31.159 I/        ( 2744): fastpipe: Connect success
08-31 14:34:31.159 D/HostConnection( 2744): recv ProcessPuidReply name=nl.sogeti.android.gpstracker puid=14 g_u64CapsFlag=1d
08-31 14:34:31.172 I/OGT.PrepareRequestTokenActivity( 2744): Callback received : x-oauthflow-opengpstracker://callback
08-31 14:34:31.172 I/OGT.PrepareRequestTokenActivity( 2744): Retrieving Access Token
08-31 14:34:31.178 E/OGT.RetrieveAccessTokenTask( 2744): OAuth - Access Token Retrieval Error
08-31 14:34:31.178 E/OGT.RetrieveAccessTokenTask( 2744): oauth.signpost.exception.OAuthExpectationFailedException: Authorized request token or token secret not set. Did you retrieve an authorized request token before?
08-31 14:34:31.178 E/OGT.RetrieveAccessTokenTask( 2744): 	at oauth.signpost.AbstractOAuthProvider.retrieveAccessToken(AbstractOAuthProvider.java:91)
08-31 14:34:31.178 E/OGT.RetrieveAccessTokenTask( 2744): 	at nl.sogeti.android.gpstracker.oauth.RetrieveAccessTokenTask.doInBackground(RetrieveAccessTokenTask.java:71)
08-31 14:34:31.178 E/OGT.RetrieveAccessTokenTask( 2744): 	at nl.sogeti.android.gpstracker.oauth.RetrieveAccessTokenTask.doInBackground(RetrieveAccessTokenTask.java:1)
08-31 14:34:31.178 E/OGT.RetrieveAccessTokenTask( 2744): 	at android.os.AsyncTask$2.call(AsyncTask.java:305)
08-31 14:34:31.178 E/OGT.RetrieveAccessTokenTask( 2744): 	at java.util.concurrent.FutureTask.run(FutureTask.java:237)
08-31 14:34:31.178 E/OGT.RetrieveAccessTokenTask( 2744): 	at java.util.concurrent.ThreadPoolExecutor.runWorker(ThreadPoolExecutor.java:1133)
08-31 14:34:31.178 E/OGT.RetrieveAccessTokenTask( 2744): 	at java.util.concurrent.ThreadPoolExecutor$Worker.run(ThreadPoolExecutor.java:607)
08-31 14:34:31.178 E/OGT.RetrieveAccessTokenTask( 2744): 	at java.lang.Thread.run(Thread.java:761)
08-31 14:34:31.201 I/HostConnection( 2744): HostConnection::HostConnection: pid=2744, tid=2761, this=0x7fffe8bc9d00
08-31 14:34:31.208 I/        ( 2744): fastpipe: Connect success
08-31 14:34:31.209 D/HostConnection( 2744): HostRPC::connect sucess: app=nl.sogeti.android.gpstracker, pid=2744, tid=2761, this=0x7fffd63857c0
08-31 14:34:31.212 D/HostConnection( 2744): queryAndSetGLESMaxVersion select gles-version: 3.1 hostGLVersion:46 process:nl.sogeti.android.gpstracker
08-31 14:34:31.214 I/OpenGLRenderer( 2744): Initialized EGL, version 1.4
08-31 14:34:31.214 D/OpenGLRenderer( 2744): Swap behavior 1
08-31 14:34:31.215 I/EGL_adreno( 2744): eglCreateContext request GLES major-version=2
08-31 14:34:31.294 D/EGL_adreno( 2744): eglCreateContext: 0x7ffff2e7efc0: maj 3 min 1 rcv 4
08-31 14:34:31.382 D/EGL_adreno( 2744): eglMakeCurrent: 0x7ffff2e7efc0: ver 3 1 (tinfo 0x7ffff2f80900)
08-31 14:34:31.389 D/HostConnection( 2744): ExtendedRCEncoderContext GL_VERSION return OpenGL ES 3.1
08-31 14:34:31.417 E/EGL_adreno( 2744): tid 2761: eglSurfaceAttrib(1338): error 0x3009 (EGL_BAD_MATCH)
08-31 14:34:31.417 W/OpenGLRenderer( 2744): Failed to set EGL_SWAP_BEHAVIOR on surface 0x7fffe8b5c2c0, error=EGL_BAD_MATCH
08-31 14:34:31.495 W/ContextImpl( 1721): Calling a method in the system process without a qualified user: android.app.ContextImpl.startService:1358 android.content.ContextWrapper.startService:613 android.content.ContextWrapper.startService:613 com.android.coreservice.CoreBroadcastReceiver.onReceive:44 android.app.ActivityThread.handleReceiver:3073 
08-31 14:34:31.498 D/EGL_adreno( 2744): eglMakeCurrent: 0x7ffff2e7efc0: ver 3 1 (tinfo 0x7ffff2f80900)
08-31 14:34:31.617 E/ActivityThread( 2744): Failed to find provider info for com.google.settings
08-31 14:34:31.618 E/ActivityThread( 2744): Failed to find provider info for com.google.settings
08-31 14:34:31.623 E/ActivityThread( 2744): Failed to find provider info for com.google.settings
08-31 14:34:31.663 E/ActivityThread( 2744): Failed to find provider info for com.google.settings
08-31 14:34:31.722 I/org.osmdroid.views.MapView( 2744): Using tile source: org.osmdroid.tileprovider.tilesource.XYTileSource@f48862d
08-31 14:34:31.740 I/org.osmdroid.tileprovider.modules.MapTileFileStorageProviderBase( 2744): sdcard state: mounted
08-31 14:34:31.744 I/org.osmdroid.tileprovider.modules.MapTileFileStorageProviderBase( 2744): sdcard state: mounted
08-31 14:34:31.777 W/ContextImpl( 2744): Implicit intents with startService are not safe: Intent { act=nl.sogeti.android.gpstracker.intent.action.GPSLoggerService } android.content.ContextWrapper.startService:613 nl.sogeti.android.gpstracker.logger.GPSLoggerServiceManager.<init>:62 nl.sogeti.android.gpstracker.viewer.LoggerMap.onCreate:185 
08-31 14:34:31.812 W/OGT.GPSLoggerServiceManager( 2744): Remote interface to logging service not found. Started: false
08-31 14:34:31.812 E/OGT.GPStrackingProvider( 2744): Unable to come to an action in the query uri: content://nl.sogeti.android.gpstracker/tracks/-1/waypoints
08-31 14:34:31.827 W/ContextImpl( 2744): Implicit intents with startService are not safe: Intent { act=nl.sogeti.android.gpstracker.intent.action.GPSLoggerService } android.content.ContextWrapper.bindService:636 nl.sogeti.android.gpstracker.logger.GPSLoggerServiceManager.startup:325 nl.sogeti.android.gpstracker.viewer.LoggerMap.onResume:230 
08-31 14:34:31.829 E/OGT.GPStrackingProvider( 2744): Unable to come to an action in the query uri: content://nl.sogeti.android.gpstracker/tracks/-1
08-31 14:34:31.830 E/OGT.GPStrackingProvider( 2744): Unable to come to an action in the query uri: content://nl.sogeti.android.gpstracker/tracks/-1/segments
08-31 14:34:31.833 E/OGT.GPStrackingProvider( 2744): Unable to come to an action in the query uri: content://nl.sogeti.android.gpstracker/tracks/-1/segments
08-31 14:34:31.835 E/OGT.GPStrackingProvider( 2744): Unable to come to an action in the query uri: content://nl.sogeti.android.gpstracker/tracks/-1/waypoints
08-31 14:34:31.836 W/ContextImpl( 1721): Calling a method in the system process without a qualified user: android.app.ContextImpl.startService:1358 android.content.ContextWrapper.startService:613 android.content.ContextWrapper.startService:613 com.android.coreservice.CoreBroadcastReceiver.onReceive:53 android.app.ActivityThread.handleReceiver:3073 
08-31 14:34:31.870 V/PhoneStatusBar( 1383): setLightsOn(true)
08-31 14:34:31.874 V/PhoneStatusBar( 1383): setLightsOn(true)
08-31 14:34:31.882 D/EGL_adreno( 2744): eglMakeCurrent: 0x7ffff2e7efc0: ver 3 1 (tinfo 0x7ffff2f80900)
08-31 14:34:31.890 V/PhoneStatusBar( 1383): setLightsOn(true)
08-31 14:34:31.895 V/PhoneStatusBar( 1383): setLightsOn(true)
08-31 14:34:31.903 I/MapActivity( 2744): Handling network change notification:CONNECTED
08-31 14:34:31.903 E/MapActivity( 2744): Couldn't get connection factory client
08-31 14:34:31.910 W/ContextImpl( 1721): Calling a method in the system process without a qualified user: android.app.ContextImpl.startService:1358 android.content.ContextWrapper.startService:613 android.content.ContextWrapper.startService:613 com.android.coreservice.CoreBroadcastReceiver.onReceive:69 android.app.ActivityThread.handleReceiver:3073 
08-31 14:34:31.914 W/ContextImpl( 1721): Calling a method in the system process without a qualified user: android.app.ContextImpl.startService:1358 android.content.ContextWrapper.startService:613 android.content.ContextWrapper.startService:613 com.android.coreservice.CoreBroadcastReceiver.onReceive:69 android.app.ActivityThread.handleReceiver:3073 
08-31 14:34:32.210 V/PhoneStatusBar( 1383): setLightsOn(true)
08-31 14:34:32.213 V/PhoneStatusBar( 1383): setLightsOn(true)
08-31 14:34:32.215 I/ActivityManager( 1283): Displayed nl.sogeti.android.gpstracker/.viewer.LoggerMap: +1s489ms (total +1s503ms)
08-31 14:34:32.223 V/PhoneStatusBar( 1383): setLightsOn(true)
08-31 14:34:32.227 I/art     ( 2744): Background sticky concurrent mark sweep GC freed 8727(779KB) AllocSpace objects, 0(0B) LOS objects, 0% free, 15MB/15MB, paused 2.196ms total 126.164ms
08-31 14:34:32.251 D/NetworkSecurityConfig( 2744): No Network Security Config specified, using platform default
08-31 14:34:32.657 V/PhoneStatusBar( 1383): setLightsOn(true)
08-31 14:34:32.660 V/PhoneStatusBar( 1383): setLightsOn(true)
08-31 14:34:33.751 D/audio_hw_hal( 1089): log_func, out_standby
08-31 14:34:33.752 D/audio_hw_hal( 1089): raw_close_output_stream, dev=0xf6e480c0, stream =0xf6e43140
08-31 14:34:33.752 D/audio_hw_hal( 1089): raw_close_output_stream, stream=0xf6e43140,  success!
08-31 14:34:34.142 W/WindowManager( 1283): Attempted to remove non-existing token: android.os.Binder@116b3cd
08-31 14:34:34.143 V/PhoneStatusBar( 1383): setLightsOn(true)
08-31 14:34:34.144 D/EGL_adreno( 2305): eglMakeCurrent: 0x7fffeb4420a0: ver 3 1 (tinfo 0x7fffeb40d340)
08-31 14:34:34.154 V/PhoneStatusBar( 1383): setLightsOn(true)
08-31 14:34:34.164 V/PhoneStatusBar( 1383): setLightsOn(true)
08-31 14:34:34.175 V/PhoneStatusBar( 1383): setLightsOn(true)
08-31 14:34:34.211 E/EGL_adreno( 2305): tid 2321: eglSurfaceAttrib(1338): error 0x3009 (EGL_BAD_MATCH)
08-31 14:34:34.211 W/OpenGLRenderer( 2305): Failed to set EGL_SWAP_BEHAVIOR on surface 0x7fffeb41be40, error=EGL_BAD_MATCH
08-31 14:34:34.212 D/EGL_adreno( 2305): eglMakeCurrent: 0x7fffeb4420a0: ver 3 1 (tinfo 0x7fffeb40d340)
08-31 14:34:34.225 V/PhoneStatusBar( 1383): setLightsOn(true)
08-31 14:34:34.240 V/PhoneStatusBar( 1383): setLightsOn(true)
08-31 14:34:34.307 V/PhoneStatusBar( 1383): setLightsOn(true)
08-31 14:34:34.310 V/PhoneStatusBar( 1383): setLightsOn(true)
08-31 14:34:34.387 V/PhoneStatusBar( 1383): setLightsOn(true)
08-31 14:34:34.390 V/PhoneStatusBar( 1383): setLightsOn(true)
08-31 14:34:37.648 W/WindowManager( 1283): Attempted to remove non-existing token: android.os.Binder@59216ce
08-31 14:34:37.648 V/PhoneStatusBar( 1383): setLightsOn(true)
08-31 14:34:37.652 D/EGL_adreno( 2305): eglMakeCurrent: 0x7fffeb4420a0: ver 3 1 (tinfo 0x7fffeb40d340)
08-31 14:34:37.657 V/PhoneStatusBar( 1383): setLightsOn(true)
08-31 14:34:37.662 V/PhoneStatusBar( 1383): setLightsOn(true)
08-31 14:34:37.667 V/PhoneStatusBar( 1383): setLightsOn(true)
08-31 14:34:37.674 V/PhoneStatusBar( 1383): setLightsOn(true)
08-31 14:34:37.718 E/EGL_adreno( 2305): tid 2321: eglSurfaceAttrib(1338): error 0x3009 (EGL_BAD_MATCH)
08-31 14:34:37.718 W/OpenGLRenderer( 2305): Failed to set EGL_SWAP_BEHAVIOR on surface 0x7fffeb41be40, error=EGL_BAD_MATCH
08-31 14:34:37.720 D/EGL_adreno( 2305): eglMakeCurrent: 0x7fffeb4420a0: ver 3 1 (tinfo 0x7fffeb40d340)
08-31 14:34:37.730 V/PhoneStatusBar( 1383): setLightsOn(true)
08-31 14:34:37.740 V/PhoneStatusBar( 1383): setLightsOn(true)
08-31 14:34:37.808 V/PhoneStatusBar( 1383): setLightsOn(true)
08-31 14:34:37.810 V/PhoneStatusBar( 1383): setLightsOn(true)
08-31 14:34:37.892 V/PhoneStatusBar( 1383): setLightsOn(true)
08-31 14:34:41.153 W/WindowManager( 1283): Attempted to remove non-existing token: android.os.Binder@37aa9ef
08-31 14:34:41.155 V/PhoneStatusBar( 1383): setLightsOn(true)
08-31 14:34:41.156 D/EGL_adreno( 2305): eglMakeCurrent: 0x7fffeb4420a0: ver 3 1 (tinfo 0x7fffeb40d340)
08-31 14:34:41.166 V/PhoneStatusBar( 1383): setLightsOn(true)
08-31 14:34:41.167 V/PhoneStatusBar( 1383): setLightsOn(true)
08-31 14:34:41.175 V/PhoneStatusBar( 1383): setLightsOn(true)
08-31 14:34:41.190 V/PhoneStatusBar( 1383): setLightsOn(true)
08-31 14:34:41.238 E/EGL_adreno( 2305): tid 2321: eglSurfaceAttrib(1338): error 0x3009 (EGL_BAD_MATCH)
08-31 14:34:41.238 W/OpenGLRenderer( 2305): Failed to set EGL_SWAP_BEHAVIOR on surface 0x7fffeb41be40, error=EGL_BAD_MATCH
08-31 14:34:41.242 D/EGL_adreno( 2305): eglMakeCurrent: 0x7fffeb4420a0: ver 3 1 (tinfo 0x7fffeb40d340)
08-31 14:34:41.254 V/PhoneStatusBar( 1383): setLightsOn(true)
08-31 14:34:41.266 V/PhoneStatusBar( 1383): setLightsOn(true)
08-31 14:34:41.325 V/PhoneStatusBar( 1383): setLightsOn(true)
08-31 14:34:41.327 V/PhoneStatusBar( 1383): setLightsOn(true)
08-31 14:34:41.408 V/PhoneStatusBar( 1383): setLightsOn(true)
08-31 14:34:44.658 W/WindowManager( 1283): Attempted to remove non-existing token: android.os.Binder@8db5cfc
08-31 14:34:44.659 V/PhoneStatusBar( 1383): setLightsOn(true)
08-31 14:34:44.661 D/EGL_adreno( 2305): eglMakeCurrent: 0x7fffeb4420a0: ver 3 1 (tinfo 0x7fffeb40d340)
08-31 14:34:44.668 V/PhoneStatusBar( 1383): setLightsOn(true)
08-31 14:34:44.671 V/PhoneStatusBar( 1383): setLightsOn(true)
08-31 14:34:44.677 V/PhoneStatusBar( 1383): setLightsOn(true)
08-31 14:34:44.690 V/PhoneStatusBar( 1383): setLightsOn(true)
08-31 14:34:44.724 E/EGL_adreno( 2305): tid 2321: eglSurfaceAttrib(1338): error 0x3009 (EGL_BAD_MATCH)
08-31 14:34:44.724 W/OpenGLRenderer( 2305): Failed to set EGL_SWAP_BEHAVIOR on surface 0x7fffeb41be40, error=EGL_BAD_MATCH
08-31 14:34:44.727 D/EGL_adreno( 2305): eglMakeCurrent: 0x7fffeb4420a0: ver 3 1 (tinfo 0x7fffeb40d340)
08-31 14:34:44.738 V/PhoneStatusBar( 1383): setLightsOn(true)
08-31 14:34:44.740 V/PhoneStatusBar( 1383): setLightsOn(true)
08-31 14:34:44.824 V/PhoneStatusBar( 1383): setLightsOn(true)
08-31 14:34:44.826 V/PhoneStatusBar( 1383): setLightsOn(true)
08-31 14:34:44.890 V/PhoneStatusBar( 1383): setLightsOn(true)
08-31 14:34:48.162 W/WindowManager( 1283): Attempted to remove non-existing token: android.os.Binder@2a38f85
08-31 14:34:48.163 V/PhoneStatusBar( 1383): setLightsOn(true)
08-31 14:34:48.164 D/EGL_adreno( 2305): eglMakeCurrent: 0x7fffeb4420a0: ver 3 1 (tinfo 0x7fffeb40d340)
08-31 14:34:48.172 V/PhoneStatusBar( 1383): setLightsOn(true)
08-31 14:34:48.175 V/PhoneStatusBar( 1383): setLightsOn(true)
08-31 14:34:48.180 V/PhoneStatusBar( 1383): setLightsOn(true)
08-31 14:34:48.192 V/PhoneStatusBar( 1383): setLightsOn(true)
08-31 14:34:48.228 E/EGL_adreno( 2305): tid 2321: eglSurfaceAttrib(1338): error 0x3009 (EGL_BAD_MATCH)
08-31 14:34:48.228 W/OpenGLRenderer( 2305): Failed to set EGL_SWAP_BEHAVIOR on surface 0x7fffeb41be40, error=EGL_BAD_MATCH
08-31 14:34:48.231 D/EGL_adreno( 2305): eglMakeCurrent: 0x7fffeb4420a0: ver 3 1 (tinfo 0x7fffeb40d340)
08-31 14:34:48.243 V/PhoneStatusBar( 1383): setLightsOn(true)
08-31 14:34:48.258 V/PhoneStatusBar( 1383): setLightsOn(true)
08-31 14:34:48.325 V/PhoneStatusBar( 1383): setLightsOn(true)
08-31 14:34:48.329 V/PhoneStatusBar( 1383): setLightsOn(true)
08-31 14:34:48.423 V/PhoneStatusBar( 1383): setLightsOn(true)
08-31 14:34:51.665 W/WindowManager( 1283): Attempted to remove non-existing token: android.os.Binder@b3cd1da
08-31 14:34:51.665 V/PhoneStatusBar( 1383): setLightsOn(true)
08-31 14:34:51.667 D/EGL_adreno( 2305): eglMakeCurrent: 0x7fffeb4420a0: ver 3 1 (tinfo 0x7fffeb40d340)
08-31 14:34:51.677 V/PhoneStatusBar( 1383): setLightsOn(true)
08-31 14:34:51.679 V/PhoneStatusBar( 1383): setLightsOn(true)
08-31 14:34:51.685 V/PhoneStatusBar( 1383): setLightsOn(true)
08-31 14:34:51.690 V/PhoneStatusBar( 1383): setLightsOn(true)
08-31 14:34:51.730 E/EGL_adreno( 2305): tid 2321: eglSurfaceAttrib(1338): error 0x3009 (EGL_BAD_MATCH)
08-31 14:34:51.730 W/OpenGLRenderer( 2305): Failed to set EGL_SWAP_BEHAVIOR on surface 0x7fffeb41be40, error=EGL_BAD_MATCH
08-31 14:34:51.732 D/EGL_adreno( 2305): eglMakeCurrent: 0x7fffeb4420a0: ver 3 1 (tinfo 0x7fffeb40d340)
08-31 14:34:51.753 V/PhoneStatusBar( 1383): setLightsOn(true)
08-31 14:34:51.758 V/PhoneStatusBar( 1383): setLightsOn(true)
08-31 14:34:51.824 V/PhoneStatusBar( 1383): setLightsOn(true)
08-31 14:34:51.826 V/PhoneStatusBar( 1383): setLightsOn(true)
08-31 14:34:51.906 V/PhoneStatusBar( 1383): setLightsOn(true)
08-31 14:34:55.172 W/WindowManager( 1283): Attempted to remove non-existing token: android.os.Binder@8a631a6
08-31 14:34:55.174 V/PhoneStatusBar( 1383): setLightsOn(true)
08-31 14:34:55.174 D/EGL_adreno( 2305): eglMakeCurrent: 0x7fffeb4420a0: ver 3 1 (tinfo 0x7fffeb40d340)
08-31 14:34:55.184 V/PhoneStatusBar( 1383): setLightsOn(true)
08-31 14:34:55.185 V/PhoneStatusBar( 1383): setLightsOn(true)
08-31 14:34:55.195 V/PhoneStatusBar( 1383): setLightsOn(true)
08-31 14:34:55.207 V/PhoneStatusBar( 1383): setLightsOn(true)
08-31 14:34:55.249 E/EGL_adreno( 2305): tid 2321: eglSurfaceAttrib(1338): error 0x3009 (EGL_BAD_MATCH)
08-31 14:34:55.249 W/OpenGLRenderer( 2305): Failed to set EGL_SWAP_BEHAVIOR on surface 0x7fffeb41be40, error=EGL_BAD_MATCH
08-31 14:34:55.251 D/EGL_adreno( 2305): eglMakeCurrent: 0x7fffeb4420a0: ver 3 1 (tinfo 0x7fffeb40d340)
08-31 14:34:55.266 V/PhoneStatusBar( 1383): setLightsOn(true)
08-31 14:34:55.274 V/PhoneStatusBar( 1383): setLightsOn(true)
08-31 14:34:55.340 V/PhoneStatusBar( 1383): setLightsOn(true)
08-31 14:34:55.342 V/PhoneStatusBar( 1383): setLightsOn(true)
08-31 14:34:55.423 V/PhoneStatusBar( 1383): setLightsOn(true)
08-31 14:34:58.678 W/WindowManager( 1283): Attempted to remove non-existing token: android.os.Binder@9f3c232
08-31 14:34:58.679 V/PhoneStatusBar( 1383): setLightsOn(true)
08-31 14:34:58.681 D/EGL_adreno( 2305): eglMakeCurrent: 0x7fffeb4420a0: ver 3 1 (tinfo 0x7fffeb40d340)
08-31 14:34:58.688 V/PhoneStatusBar( 1383): setLightsOn(true)
08-31 14:34:58.694 V/PhoneStatusBar( 1383): setLightsOn(true)
08-31 14:34:58.700 V/PhoneStatusBar( 1383): setLightsOn(true)
08-31 14:34:58.708 V/PhoneStatusBar( 1383): setLightsOn(true)
08-31 14:34:58.742 E/EGL_adreno( 2305): tid 2321: eglSurfaceAttrib(1338): error 0x3009 (EGL_BAD_MATCH)
08-31 14:34:58.742 W/OpenGLRenderer( 2305): Failed to set EGL_SWAP_BEHAVIOR on surface 0x7fffeb41be40, error=EGL_BAD_MATCH
08-31 14:34:58.744 D/EGL_adreno( 2305): eglMakeCurrent: 0x7fffeb4420a0: ver 3 1 (tinfo 0x7fffeb40d340)
08-31 14:34:58.753 V/PhoneStatusBar( 1383): setLightsOn(true)
08-31 14:34:58.773 V/PhoneStatusBar( 1383): setLightsOn(true)
08-31 14:34:58.841 V/PhoneStatusBar( 1383): setLightsOn(true)
08-31 14:34:58.843 V/PhoneStatusBar( 1383): setLightsOn(true)
08-31 14:34:58.907 V/PhoneStatusBar( 1383): setLightsOn(true)
08-31 14:35:02.182 W/WindowManager( 1283): Attempted to remove non-existing token: android.os.Binder@617cf7e
08-31 14:35:02.184 V/PhoneStatusBar( 1383): setLightsOn(true)
08-31 14:35:02.184 D/EGL_adreno( 2305): eglMakeCurrent: 0x7fffeb4420a0: ver 3 1 (tinfo 0x7fffeb40d340)
08-31 14:35:02.191 V/PhoneStatusBar( 1383): setLightsOn(true)
08-31 14:35:02.197 V/PhoneStatusBar( 1383): setLightsOn(true)
08-31 14:35:02.207 V/PhoneStatusBar( 1383): setLightsOn(true)
08-31 14:35:02.209 V/PhoneStatusBar( 1383): setLightsOn(true)
08-31 14:35:02.243 E/EGL_adreno( 2305): tid 2321: eglSurfaceAttrib(1338): error 0x3009 (EGL_BAD_MATCH)
08-31 14:35:02.243 W/OpenGLRenderer( 2305): Failed to set EGL_SWAP_BEHAVIOR on surface 0x7fffeb41be40, error=EGL_BAD_MATCH
08-31 14:35:02.246 D/EGL_adreno( 2305): eglMakeCurrent: 0x7fffeb4420a0: ver 3 1 (tinfo 0x7fffeb40d340)
08-31 14:35:02.255 V/PhoneStatusBar( 1383): setLightsOn(true)
08-31 14:35:02.257 V/PhoneStatusBar( 1383): setLightsOn(true)
08-31 14:35:02.341 V/PhoneStatusBar( 1383): setLightsOn(true)
08-31 14:35:02.344 V/PhoneStatusBar( 1383): setLightsOn(true)
08-31 14:35:02.406 V/PhoneStatusBar( 1383): setLightsOn(true)
08-31 14:35:02.779 D/WifiStateMachine( 1283): setScanResults mScanResults.size=1
08-31 14:35:05.687 W/WindowManager( 1283): Attempted to remove non-existing token: android.os.Binder@2cfecdf
08-31 14:35:05.689 V/PhoneStatusBar( 1383): setLightsOn(true)
08-31 14:35:05.689 D/EGL_adreno( 2305): eglMakeCurrent: 0x7fffeb4420a0: ver 3 1 (tinfo 0x7fffeb40d340)
08-31 14:35:05.696 V/PhoneStatusBar( 1383): setLightsOn(true)
08-31 14:35:05.697 V/PhoneStatusBar( 1383): setLightsOn(true)
08-31 14:35:05.704 V/PhoneStatusBar( 1383): setLightsOn(true)
08-31 14:35:05.707 V/PhoneStatusBar( 1383): setLightsOn(true)
08-31 14:35:05.746 E/EGL_adreno( 2305): tid 2321: eglSurfaceAttrib(1338): error 0x3009 (EGL_BAD_MATCH)
08-31 14:35:05.746 W/OpenGLRenderer( 2305): Failed to set EGL_SWAP_BEHAVIOR on surface 0x7fffeb41be40, error=EGL_BAD_MATCH
08-31 14:35:05.748 D/EGL_adreno( 2305): eglMakeCurrent: 0x7fffeb4420a0: ver 3 1 (tinfo 0x7fffeb40d340)
08-31 14:35:05.771 V/PhoneStatusBar( 1383): setLightsOn(true)
08-31 14:35:05.774 V/PhoneStatusBar( 1383): setLightsOn(true)
08-31 14:35:05.875 V/PhoneStatusBar( 1383): setLightsOn(true)
08-31 14:35:05.876 V/PhoneStatusBar( 1383): setLightsOn(true)
08-31 14:35:05.923 V/PhoneStatusBar( 1383): setLightsOn(true)
08-31 14:35:09.192 W/WindowManager( 1283): Attempted to remove non-existing token: android.os.Binder@bf077fb
08-31 14:35:09.193 V/PhoneStatusBar( 1383): setLightsOn(true)
08-31 14:35:09.194 D/EGL_adreno( 2305): eglMakeCurrent: 0x7fffeb4420a0: ver 3 1 (tinfo 0x7fffeb40d340)
08-31 14:35:09.200 V/PhoneStatusBar( 1383): setLightsOn(true)
08-31 14:35:09.203 V/PhoneStatusBar( 1383): setLightsOn(true)
08-31 14:35:09.357 V/PhoneStatusBar( 1383): setLightsOn(true)
08-31 14:35:09.359 V/PhoneStatusBar( 1383): setLightsOn(true)
08-31 14:35:33.258 V/PhoneStatusBar( 1383): setLightsOn(true)
08-31 14:35:33.258 V/PhoneStatusBar( 1383): setLightsOn(true)
08-31 14:35:33.721 E/EGL_adreno( 1083): tid 1083: eglCreateSyncKHR(2089): error 0x3004 (EGL_BAD_ATTRIBUTE)
08-31 14:35:33.747 W/art     ( 1283): Long monitor contention with owner Binder:1283_6 (1648) at android.graphics.Bitmap com.android.server.wm.WindowManagerService.screenshotApplicationsInner(android.os.IBinder, int, int, int, boolean, float, android.graphics.Bitmap$Config, boolean)(WindowManagerService.java:6493) waiters=0 in void com.android.server.wm.WindowAnimator$1.doFrame(long) for 472ms
08-31 14:35:33.784 W/ViewRootImpl[LoggerMap]( 2744): Cancelling event due to no window focus: KeyEvent { action=ACTION_UP, keyCode=KEYCODE_BACK, scanCode=158, metaState=0, flags=0x28, repeatCount=0, eventTime=12957019, downTime=12957014, deviceId=2, source=0x101 }
08-31 14:35:33.784 W/ViewRootImpl[LoggerMap]( 2744): Cancelling event due to no window focus: KeyEvent { action=ACTION_UP, keyCode=KEYCODE_BACK, scanCode=158, metaState=0, flags=0x28, repeatCount=0, eventTime=12957019, downTime=12957014, deviceId=2, source=0x101 }
08-31 14:35:33.784 W/ViewRootImpl[LoggerMap]( 2744): Cancelling event due to no window focus: KeyEvent { action=ACTION_UP, keyCode=KEYCODE_BACK, scanCode=158, metaState=0, flags=0x28, repeatCount=0, eventTime=12957019, downTime=12957014, deviceId=2, source=0x101 }
08-31 14:35:33.785 W/ViewRootImpl[LoggerMap]( 2744): Cancelling event due to no window focus: KeyEvent { action=ACTION_UP, keyCode=KEYCODE_BACK, scanCode=158, metaState=0, flags=0x28, repeatCount=0, eventTime=12957019, downTime=12957014, deviceId=2, source=0x101 }
08-31 14:35:33.785 W/ViewRootImpl[LoggerMap]( 2744): Cancelling event due to no window focus: KeyEvent { action=ACTION_UP, keyCode=KEYCODE_BACK, scanCode=158, metaState=0, flags=0x28, repeatCount=0, eventTime=12957019, downTime=12957014, deviceId=2, source=0x101 }
08-31 14:35:33.785 W/ViewRootImpl[LoggerMap]( 2744): Cancelling event due to no window focus: KeyEvent { action=ACTION_UP, keyCode=KEYCODE_BACK, scanCode=158, metaState=0, flags=0x28, repeatCount=0, eventTime=12957019, downTime=12957014, deviceId=2, source=0x101 }
08-31 14:35:33.787 W/art     ( 1283): Long monitor contention with owner Binder:1283_6 (1648) at void com.android.server.am.ActivityManagerService.activityPaused(android.os.IBinder)(ActivityManagerService.java:7045) waiters=0 in void com.android.server.am.BroadcastQueue.processNextBroadcast(boolean) for 520ms
08-31 14:35:33.791 W/ContextImpl( 1721): Calling a method in the system process without a qualified user: android.app.ContextImpl.startService:1358 android.content.ContextWrapper.startService:613 android.content.ContextWrapper.startService:613 com.android.coreservice.CoreBroadcastReceiver.onReceive:44 android.app.ActivityThread.handleReceiver:3073 
08-31 14:35:33.800 W/ContextImpl( 1721): Calling a method in the system process without a qualified user: android.app.ContextImpl.startService:1358 android.content.ContextWrapper.startService:613 android.content.ContextWrapper.startService:613 com.android.coreservice.CoreBroadcastReceiver.onReceive:53 android.app.ActivityThread.handleReceiver:3073 
08-31 14:35:33.825 W/ContextImpl( 1721): Calling a method in the system process without a qualified user: android.app.ContextImpl.sendBroadcast:893 android.content.ContextWrapper.sendBroadcast:426 com.android.coreservice.TabManager.notifyClosing:345 com.android.coreservice.TabManager.updateInner:182 com.android.coreservice.TabManager.onUpdate:217 
08-31 14:35:33.829 E/ActivityManager( 1283): Sending non-protected broadcast android.intent.action.CLOSE_TASK from system 1721:com.android.coreservice/1000 pkg com.android.coreservice
08-31 14:35:33.829 E/ActivityManager( 1283): java.lang.Throwable
08-31 14:35:33.829 E/ActivityManager( 1283): 	at com.android.server.am.ActivityManagerService.checkBroadcastFromSystem(ActivityManagerService.java:18108)
