--------- beginning of main
08-31 20:41:31.046 D/EGL_adreno( 1935): eglMakeCurrent: 0x7fffeb454c20: ver 3 1 (tinfo 0x7fffeb40d8a0)
--------- beginning of system
08-31 20:41:31.049 I/ActivityManager( 1281): START u0 {cmp=com.android.intentfuzzer/.FuzzerActivity} from uid 10064 on display 0
08-31 20:41:31.051 D/audio_hw_hal( 1087): raw_start_output_stream, stream=0xf6e43140, sampleRate=48000, channel=2, bps=16, bufSize=4096
08-31 20:41:31.059 W/ContextImpl( 1676): Calling a method in the system process without a qualified user: android.app.ContextImpl.startService:1358 android.content.ContextWrapper.startService:613 android.content.ContextWrapper.startService:613 com.android.coreservice.CoreBroadcastReceiver.onReceive:44 android.app.ActivityThread.handleReceiver:3073 
08-31 20:41:31.081 W/ContextImpl( 1676): Calling a method in the system process without a qualified user: android.app.ContextImpl.startService:1358 android.content.ContextWrapper.startService:613 android.content.ContextWrapper.startService:613 com.android.coreservice.CoreBroadcastReceiver.onReceive:53 android.app.ActivityThread.handleReceiver:3073 
08-31 20:41:31.191 D/TaskPersister( 1281): getImageFromWriteQueue return null! filePath=/data/system_ce/0/recent_images/16_task_thumbnail.png
08-31 20:41:31.276 W/art     ( 1281): Long monitor contention with owner Binder:1281_6 (1714) at int com.android.server.wm.WindowManagerService.relayoutWindow(com.android.server.wm.Session, android.view.IWindow, int, android.view.WindowManager$LayoutParams, int, int, int, int, android.graphics.Rect, android.graphics.Rect, android.graphics.Rect, android.graphics.Rect, android.graphics.Rect, android.graphics.Rect, android.graphics.Rect, android.content.res.Configuration, android.view.Surface)(WindowManagerService.java:2874) waiters=0 in void com.android.server.wm.WindowAnimator$1.doFrame(long) for 172ms
08-31 20:41:31.348 E/EGL_adreno( 1935): tid 1952: eglSurfaceAttrib(1338): error 0x3009 (EGL_BAD_MATCH)
08-31 20:41:31.348 W/OpenGLRenderer( 1935): Failed to set EGL_SWAP_BEHAVIOR on surface 0x7fffeb5c9580, error=EGL_BAD_MATCH
08-31 20:41:31.349 D/EGL_adreno( 1935): eglMakeCurrent: 0x7fffeb454c20: ver 3 1 (tinfo 0x7fffeb40d8a0)
08-31 20:41:31.383 I/ActivityManager( 1281): Displayed com.android.intentfuzzer/.FuzzerActivity: +319ms (total +5h18m3s489ms)
08-31 20:41:31.386 W/ContextImpl( 1676): Calling a method in the system process without a qualified user: android.app.ContextImpl.startService:1358 android.content.ContextWrapper.startService:613 android.content.ContextWrapper.startService:613 com.android.coreservice.CoreBroadcastReceiver.onReceive:69 android.app.ActivityThread.handleReceiver:3073 
08-31 20:41:31.434 W/ContextImpl( 1676): Calling a method in the system process without a qualified user: android.app.ContextImpl.startService:1358 android.content.ContextWrapper.startService:613 android.content.ContextWrapper.startService:613 com.android.coreservice.CoreBroadcastReceiver.onReceive:69 android.app.ActivityThread.handleReceiver:3073 
08-31 20:41:32.524 I/ActivityManager( 1281): START u0 {cmp=org.inaturalist.android/.TutorialActivity} from uid 10064 on display 0
08-31 20:41:32.524 W/ActivityManager( 1281): Permission Denial: starting Intent { cmp=org.inaturalist.android/.TutorialActivity } from ProcessRecord{bda5613 1935:com.android.intentfuzzer/u0a64} (pid=1935, uid=10064) not exported from uid 10057
08-31 20:41:32.527 W/System.err( 1935): java.lang.Exception: Toast callstack! strTip=Send Intent Failed!
08-31 20:41:32.527 W/System.err( 1935): 	at android.widget.Toast.show(Toast.java:130)
08-31 20:41:32.527 W/System.err( 1935): 	at com.android.intentfuzzer.FuzzerActivity$3.onClick(FuzzerActivity.java:167)
08-31 20:41:32.527 W/System.err( 1935): 	at android.view.View.performClick(View.java:5637)
08-31 20:41:32.527 W/System.err( 1935): 	at android.view.View$PerformClick.run(View.java:22429)
08-31 20:41:32.527 W/System.err( 1935): 	at android.os.Handler.handleCallback(Handler.java:751)
08-31 20:41:32.527 W/System.err( 1935): 	at android.os.Handler.dispatchMessage(Handler.java:95)
08-31 20:41:32.527 W/System.err( 1935): 	at android.os.Looper.loop(Looper.java:154)
08-31 20:41:32.527 W/System.err( 1935): 	at android.app.ActivityThread.main(ActivityThread.java:6190)
08-31 20:41:32.527 W/System.err( 1935): 	at java.lang.reflect.Method.invoke(Native Method)
08-31 20:41:32.527 W/System.err( 1935): 	at com.android.internal.os.ZygoteInit$MethodAndArgsCaller.run(ZygoteInit.java:892)
08-31 20:41:32.527 W/System.err( 1935): 	at com.android.internal.os.ZygoteInit.main(ZygoteInit.java:782)
08-31 20:41:32.528 I/ActivityManager( 1281): START u0 {cmp=org.inaturalist.android/.DataQualityAssessment} from uid 10064 on display 0
08-31 20:41:32.529 W/ActivityManager( 1281): Permission Denial: starting Intent { cmp=org.inaturalist.android/.DataQualityAssessment } from ProcessRecord{bda5613 1935:com.android.intentfuzzer/u0a64} (pid=1935, uid=10064) not exported from uid 10057
08-31 20:41:32.530 W/System.err( 1935): java.lang.Exception: Toast callstack! strTip=Send Intent Failed!
08-31 20:41:32.530 W/System.err( 1935): 	at android.widget.Toast.show(Toast.java:130)
08-31 20:41:32.530 W/System.err( 1935): 	at com.android.intentfuzzer.FuzzerActivity$3.onClick(FuzzerActivity.java:167)
08-31 20:41:32.530 W/System.err( 1935): 	at android.view.View.performClick(View.java:5637)
08-31 20:41:32.530 W/System.err( 1935): 	at android.view.View$PerformClick.run(View.java:22429)
08-31 20:41:32.530 W/System.err( 1935): 	at android.os.Handler.handleCallback(Handler.java:751)
08-31 20:41:32.530 W/System.err( 1935): 	at android.os.Handler.dispatchMessage(Handler.java:95)
08-31 20:41:32.530 W/System.err( 1935): 	at android.os.Looper.loop(Looper.java:154)
08-31 20:41:32.530 W/System.err( 1935): 	at android.app.ActivityThread.main(ActivityThread.java:6190)
08-31 20:41:32.531 W/System.err( 1935): 	at java.lang.reflect.Method.invoke(Native Method)
08-31 20:41:32.531 W/System.err( 1935): 	at com.android.internal.os.ZygoteInit$MethodAndArgsCaller.run(ZygoteInit.java:892)
08-31 20:41:32.531 W/System.err( 1935): 	at com.android.internal.os.ZygoteInit.main(ZygoteInit.java:782)
08-31 20:41:32.533 I/ActivityManager( 1281): START u0 {cmp=org.inaturalist.android/.GuideDetails} from uid 10064 on display 0
08-31 20:41:32.533 W/ActivityManager( 1281): Permission Denial: starting Intent { cmp=org.inaturalist.android/.GuideDetails } from ProcessRecord{bda5613 1935:com.android.intentfuzzer/u0a64} (pid=1935, uid=10064) not exported from uid 10057
08-31 20:41:32.534 W/System.err( 1935): java.lang.Exception: Toast callstack! strTip=Send Intent Failed!
08-31 20:41:32.535 W/System.err( 1935): 	at android.widget.Toast.show(Toast.java:130)
08-31 20:41:32.535 W/System.err( 1935): 	at com.android.intentfuzzer.FuzzerActivity$3.onClick(FuzzerActivity.java:167)
08-31 20:41:32.535 W/System.err( 1935): 	at android.view.View.performClick(View.java:5637)
08-31 20:41:32.535 W/System.err( 1935): 	at android.view.View$PerformClick.run(View.java:22429)
08-31 20:41:32.535 W/System.err( 1935): 	at android.os.Handler.handleCallback(Handler.java:751)
08-31 20:41:32.535 W/System.err( 1935): 	at android.os.Handler.dispatchMessage(Handler.java:95)
08-31 20:41:32.535 W/System.err( 1935): 	at android.os.Looper.loop(Looper.java:154)
08-31 20:41:32.535 W/System.err( 1935): 	at android.app.ActivityThread.main(ActivityThread.java:6190)
08-31 20:41:32.535 W/System.err( 1935): 	at java.lang.reflect.Method.invoke(Native Method)
08-31 20:41:32.535 W/System.err( 1935): 	at com.android.internal.os.ZygoteInit$MethodAndArgsCaller.run(ZygoteInit.java:892)
08-31 20:41:32.535 W/System.err( 1935): 	at com.android.internal.os.ZygoteInit.main(ZygoteInit.java:782)
08-31 20:41:32.536 I/ActivityManager( 1281): START u0 {cmp=org.inaturalist.android/.UserActivity} from uid 10064 on display 0
08-31 20:41:32.536 W/ActivityManager( 1281): Permission Denial: starting Intent { cmp=org.inaturalist.android/.UserActivity } from ProcessRecord{bda5613 1935:com.android.intentfuzzer/u0a64} (pid=1935, uid=10064) not exported from uid 10057
08-31 20:41:32.539 W/System.err( 1935): java.lang.Exception: Toast callstack! strTip=Send Intent Failed!
08-31 20:41:32.540 W/System.err( 1935): 	at android.widget.Toast.show(Toast.java:130)
08-31 20:41:32.540 W/System.err( 1935): 	at com.android.intentfuzzer.FuzzerActivity$3.onClick(FuzzerActivity.java:167)
08-31 20:41:32.540 W/System.err( 1935): 	at android.view.View.performClick(View.java:5637)
08-31 20:41:32.540 W/System.err( 1935): 	at android.view.View$PerformClick.run(View.java:22429)
08-31 20:41:32.540 W/System.err( 1935): 	at android.os.Handler.handleCallback(Handler.java:751)
08-31 20:41:32.540 W/System.err( 1935): 	at android.os.Handler.dispatchMessage(Handler.java:95)
08-31 20:41:32.540 W/System.err( 1935): 	at android.os.Looper.loop(Looper.java:154)
08-31 20:41:32.540 W/System.err( 1935): 	at android.app.ActivityThread.main(ActivityThread.java:6190)
08-31 20:41:32.540 W/System.err( 1935): 	at java.lang.reflect.Method.invoke(Native Method)
08-31 20:41:32.540 W/System.err( 1935): 	at com.android.internal.os.ZygoteInit$MethodAndArgsCaller.run(ZygoteInit.java:892)
08-31 20:41:32.540 W/System.err( 1935): 	at com.android.internal.os.ZygoteInit.main(ZygoteInit.java:782)
08-31 20:41:32.542 I/ActivityManager( 1281): START u0 {cmp=org.inaturalist.android/.GuideTaxonActivity} from uid 10064 on display 0
08-31 20:41:32.542 W/ActivityManager( 1281): Permission Denial: starting Intent { cmp=org.inaturalist.android/.GuideTaxonActivity } from ProcessRecord{bda5613 1935:com.android.intentfuzzer/u0a64} (pid=1935, uid=10064) not exported from uid 10057
08-31 20:41:32.545 W/System.err( 1935): java.lang.Exception: Toast callstack! strTip=Send Intent Failed!
08-31 20:41:32.545 W/System.err( 1935): 	at android.widget.Toast.show(Toast.java:130)
08-31 20:41:32.545 W/System.err( 1935): 	at com.android.intentfuzzer.FuzzerActivity$3.onClick(FuzzerActivity.java:167)
08-31 20:41:32.545 W/System.err( 1935): 	at android.view.View.performClick(View.java:5637)
08-31 20:41:32.545 W/System.err( 1935): 	at android.view.View$PerformClick.run(View.java:22429)
08-31 20:41:32.545 W/System.err( 1935): 	at android.os.Handler.handleCallback(Handler.java:751)
08-31 20:41:32.545 W/System.err( 1935): 	at android.os.Handler.dispatchMessage(Handler.java:95)
08-31 20:41:32.545 W/System.err( 1935): 	at android.os.Looper.loop(Looper.java:154)
08-31 20:41:32.545 W/System.err( 1935): 	at android.app.ActivityThread.main(ActivityThread.java:6190)
08-31 20:41:32.545 W/System.err( 1935): 	at java.lang.reflect.Method.invoke(Native Method)
08-31 20:41:32.545 W/System.err( 1935): 	at com.android.internal.os.ZygoteInit$MethodAndArgsCaller.run(ZygoteInit.java:892)
08-31 20:41:32.545 W/System.err( 1935): 	at com.android.internal.os.ZygoteInit.main(ZygoteInit.java:782)
08-31 20:41:32.546 I/ActivityManager( 1281): START u0 {cmp=org.inaturalist.android/.UserProfile} from uid 10064 on display 0
08-31 20:41:32.547 W/ActivityManager( 1281): Permission Denial: starting Intent { cmp=org.inaturalist.android/.UserProfile } from ProcessRecord{bda5613 1935:com.android.intentfuzzer/u0a64} (pid=1935, uid=10064) not exported from uid 10057
08-31 20:41:32.548 W/System.err( 1935): java.lang.Exception: Toast callstack! strTip=Send Intent Failed!
08-31 20:41:32.548 W/System.err( 1935): 	at android.widget.Toast.show(Toast.java:130)
08-31 20:41:32.548 W/System.err( 1935): 	at com.android.intentfuzzer.FuzzerActivity$3.onClick(FuzzerActivity.java:167)
08-31 20:41:32.548 W/System.err( 1935): 	at android.view.View.performClick(View.java:5637)
08-31 20:41:32.548 W/System.err( 1935): 	at android.view.View$PerformClick.run(View.java:22429)
08-31 20:41:32.548 W/System.err( 1935): 	at android.os.Handler.handleCallback(Handler.java:751)
08-31 20:41:32.548 W/System.err( 1935): 	at android.os.Handler.dispatchMessage(Handler.java:95)
08-31 20:41:32.548 W/System.err( 1935): 	at android.os.Looper.loop(Looper.java:154)
08-31 20:41:32.548 W/System.err( 1935): 	at android.app.ActivityThread.main(ActivityThread.java:6190)
08-31 20:41:32.548 W/System.err( 1935): 	at java.lang.reflect.Method.invoke(Native Method)
08-31 20:41:32.548 W/System.err( 1935): 	at com.android.internal.os.ZygoteInit$MethodAndArgsCaller.run(ZygoteInit.java:892)
08-31 20:41:32.548 W/System.err( 1935): 	at com.android.internal.os.ZygoteInit.main(ZygoteInit.java:782)
08-31 20:41:32.550 I/ActivityManager( 1281): START u0 {cmp=org.inaturalist.android/.ProjectDetails} from uid 10064 on display 0
08-31 20:41:32.550 W/ActivityManager( 1281): Permission Denial: starting Intent { cmp=org.inaturalist.android/.ProjectDetails } from ProcessRecord{bda5613 1935:com.android.intentfuzzer/u0a64} (pid=1935, uid=10064) not exported from uid 10057
08-31 20:41:32.552 W/System.err( 1935): java.lang.Exception: Toast callstack! strTip=Send Intent Failed!
08-31 20:41:32.552 W/System.err( 1935): 	at android.widget.Toast.show(Toast.java:130)
08-31 20:41:32.552 W/System.err( 1935): 	at com.android.intentfuzzer.FuzzerActivity$3.onClick(FuzzerActivity.java:167)
08-31 20:41:32.552 W/System.err( 1935): 	at android.view.View.performClick(View.java:5637)
08-31 20:41:32.552 W/System.err( 1935): 	at android.view.View$PerformClick.run(View.java:22429)
08-31 20:41:32.552 W/System.err( 1935): 	at android.os.Handler.handleCallback(Handler.java:751)
08-31 20:41:32.552 W/System.err( 1935): 	at android.os.Handler.dispatchMessage(Handler.java:95)
08-31 20:41:32.552 W/System.err( 1935): 	at android.os.Looper.loop(Looper.java:154)
08-31 20:41:32.552 W/System.err( 1935): 	at android.app.ActivityThread.main(ActivityThread.java:6190)
08-31 20:41:32.552 W/System.err( 1935): 	at java.lang.reflect.Method.invoke(Native Method)
08-31 20:41:32.552 W/System.err( 1935): 	at com.android.internal.os.ZygoteInit$MethodAndArgsCaller.run(ZygoteInit.java:892)
08-31 20:41:32.552 W/System.err( 1935): 	at com.android.internal.os.ZygoteInit.main(ZygoteInit.java:782)
08-31 20:41:32.554 I/ActivityManager( 1281): START u0 {cmp=org.inaturalist.android/.ProjectsActivity} from uid 10064 on display 0
08-31 20:41:32.554 W/ActivityManager( 1281): Permission Denial: starting Intent { cmp=org.inaturalist.android/.ProjectsActivity } from ProcessRecord{bda5613 1935:com.android.intentfuzzer/u0a64} (pid=1935, uid=10064) not exported from uid 10057
08-31 20:41:32.556 W/System.err( 1935): java.lang.Exception: Toast callstack! strTip=Send Intent Failed!
08-31 20:41:32.556 W/System.err( 1935): 	at android.widget.Toast.show(Toast.java:130)
08-31 20:41:32.556 W/System.err( 1935): 	at com.android.intentfuzzer.FuzzerActivity$3.onClick(FuzzerActivity.java:167)
08-31 20:41:32.556 W/System.err( 1935): 	at android.view.View.performClick(View.java:5637)
08-31 20:41:32.556 W/System.err( 1935): 	at android.view.View$PerformClick.run(View.java:22429)
08-31 20:41:32.556 W/System.err( 1935): 	at android.os.Handler.handleCallback(Handler.java:751)
08-31 20:41:32.556 W/System.err( 1935): 	at android.os.Handler.dispatchMessage(Handler.java:95)
08-31 20:41:32.556 W/System.err( 1935): 	at android.os.Looper.loop(Looper.java:154)
08-31 20:41:32.556 W/System.err( 1935): 	at android.app.ActivityThread.main(ActivityThread.java:6190)
08-31 20:41:32.556 W/System.err( 1935): 	at java.lang.reflect.Method.invoke(Native Method)
08-31 20:41:32.556 W/System.err( 1935): 	at com.android.internal.os.ZygoteInit$MethodAndArgsCaller.run(ZygoteInit.java:892)
08-31 20:41:32.556 W/System.err( 1935): 	at com.android.internal.os.ZygoteInit.main(ZygoteInit.java:782)
08-31 20:41:32.558 I/ActivityManager( 1281): START u0 {cmp=org.inaturalist.android/.GuidesActivity} from uid 10064 on display 0
08-31 20:41:32.558 W/ActivityManager( 1281): Permission Denial: starting Intent { cmp=org.inaturalist.android/.GuidesActivity } from ProcessRecord{bda5613 1935:com.android.intentfuzzer/u0a64} (pid=1935, uid=10064) not exported from uid 10057
08-31 20:41:32.560 W/System.err( 1935): java.lang.Exception: Toast callstack! strTip=Send Intent Failed!
08-31 20:41:32.560 W/System.err( 1935): 	at android.widget.Toast.show(Toast.java:130)
08-31 20:41:32.560 W/System.err( 1935): 	at com.android.intentfuzzer.FuzzerActivity$3.onClick(FuzzerActivity.java:167)
08-31 20:41:32.560 W/System.err( 1935): 	at android.view.View.performClick(View.java:5637)
08-31 20:41:32.560 W/System.err( 1935): 	at android.view.View$PerformClick.run(View.java:22429)
08-31 20:41:32.560 W/System.err( 1935): 	at android.os.Handler.handleCallback(Handler.java:751)
08-31 20:41:32.560 W/System.err( 1935): 	at android.os.Handler.dispatchMessage(Handler.java:95)
08-31 20:41:32.560 W/System.err( 1935): 	at android.os.Looper.loop(Looper.java:154)
08-31 20:41:32.560 W/System.err( 1935): 	at android.app.ActivityThread.main(ActivityThread.java:6190)
08-31 20:41:32.560 W/System.err( 1935): 	at java.lang.reflect.Method.invoke(Native Method)
08-31 20:41:32.560 W/System.err( 1935): 	at com.android.internal.os.ZygoteInit$MethodAndArgsCaller.run(ZygoteInit.java:892)
08-31 20:41:32.560 W/System.err( 1935): 	at com.android.internal.os.ZygoteInit.main(ZygoteInit.java:782)
08-31 20:41:32.561 I/ActivityManager( 1281): START u0 {cmp=org.inaturalist.android/.ProjectSelectorActivity} from uid 10064 on display 0
08-31 20:41:32.561 W/ActivityManager( 1281): Permission Denial: starting Intent { cmp=org.inaturalist.android/.ProjectSelectorActivity } from ProcessRecord{bda5613 1935:com.android.intentfuzzer/u0a64} (pid=1935, uid=10064) not exported from uid 10057
08-31 20:41:32.563 W/System.err( 1935): java.lang.Exception: Toast callstack! strTip=Send Intent Failed!
08-31 20:41:32.563 W/System.err( 1935): 	at android.widget.Toast.show(Toast.java:130)
08-31 20:41:32.563 W/System.err( 1935): 	at com.android.intentfuzzer.FuzzerActivity$3.onClick(FuzzerActivity.java:167)
08-31 20:41:32.563 W/System.err( 1935): 	at android.view.View.performClick(View.java:5637)
08-31 20:41:32.563 W/System.err( 1935): 	at android.view.View$PerformClick.run(View.java:22429)
08-31 20:41:32.563 W/System.err( 1935): 	at android.os.Handler.handleCallback(Handler.java:751)
08-31 20:41:32.563 W/System.err( 1935): 	at android.os.Handler.dispatchMessage(Handler.java:95)
08-31 20:41:32.563 W/System.err( 1935): 	at android.os.Looper.loop(Looper.java:154)
08-31 20:41:32.563 W/System.err( 1935): 	at android.app.ActivityThread.main(ActivityThread.java:6190)
08-31 20:41:32.563 W/System.err( 1935): 	at java.lang.reflect.Method.invoke(Native Method)
08-31 20:41:32.563 W/System.err( 1935): 	at com.android.internal.os.ZygoteInit$MethodAndArgsCaller.run(ZygoteInit.java:892)
08-31 20:41:32.563 W/System.err( 1935): 	at com.android.internal.os.ZygoteInit.main(ZygoteInit.java:782)
08-31 20:41:32.564 I/ActivityManager( 1281): START u0 {cmp=org.inaturalist.android/.IdentificationActivity} from uid 10064 on display 0
08-31 20:41:32.564 W/ActivityManager( 1281): Permission Denial: starting Intent { cmp=org.inaturalist.android/.IdentificationActivity } from ProcessRecord{bda5613 1935:com.android.intentfuzzer/u0a64} (pid=1935, uid=10064) not exported from uid 10057
08-31 20:41:32.565 W/System.err( 1935): java.lang.Exception: Toast callstack! strTip=Send Intent Failed!
08-31 20:41:32.565 W/System.err( 1935): 	at android.widget.Toast.show(Toast.java:130)
08-31 20:41:32.565 W/System.err( 1935): 	at com.android.intentfuzzer.FuzzerActivity$3.onClick(FuzzerActivity.java:167)
08-31 20:41:32.565 W/System.err( 1935): 	at android.view.View.performClick(View.java:5637)
08-31 20:41:32.565 W/System.err( 1935): 	at android.view.View$PerformClick.run(View.java:22429)
08-31 20:41:32.565 W/System.err( 1935): 	at android.os.Handler.handleCallback(Handler.java:751)
08-31 20:41:32.565 W/System.err( 1935): 	at android.os.Handler.dispatchMessage(Handler.java:95)
08-31 20:41:32.565 W/System.err( 1935): 	at android.os.Looper.loop(Looper.java:154)
08-31 20:41:32.565 W/System.err( 1935): 	at android.app.ActivityThread.main(ActivityThread.java:6190)
08-31 20:41:32.565 W/System.err( 1935): 	at java.lang.reflect.Method.invoke(Native Method)
08-31 20:41:32.565 W/System.err( 1935): 	at com.android.internal.os.ZygoteInit$MethodAndArgsCaller.run(ZygoteInit.java:892)
08-31 20:41:32.565 W/System.err( 1935): 	at com.android.internal.os.ZygoteInit.main(ZygoteInit.java:782)
08-31 20:41:32.566 I/ActivityManager( 1281): START u0 {cmp=org.inaturalist.android/.TaxonSearchActivity} from uid 10064 on display 0
08-31 20:41:32.566 W/ActivityManager( 1281): Permission Denial: starting Intent { cmp=org.inaturalist.android/.TaxonSearchActivity } from ProcessRecord{bda5613 1935:com.android.intentfuzzer/u0a64} (pid=1935, uid=10064) not exported from uid 10057
08-31 20:41:32.567 W/System.err( 1935): java.lang.Exception: Toast callstack! strTip=Send Intent Failed!
08-31 20:41:32.567 W/System.err( 1935): 	at android.widget.Toast.show(Toast.java:130)
08-31 20:41:32.567 W/System.err( 1935): 	at com.android.intentfuzzer.FuzzerActivity$3.onClick(FuzzerActivity.java:167)
08-31 20:41:32.568 W/System.err( 1935): 	at android.view.View.performClick(View.java:5637)
08-31 20:41:32.568 W/System.err( 1935): 	at android.view.View$PerformClick.run(View.java:22429)
08-31 20:41:32.568 W/System.err( 1935): 	at android.os.Handler.handleCallback(Handler.java:751)
08-31 20:41:32.568 W/System.err( 1935): 	at android.os.Handler.dispatchMessage(Handler.java:95)
08-31 20:41:32.568 W/System.err( 1935): 	at android.os.Looper.loop(Looper.java:154)
08-31 20:41:32.568 W/System.err( 1935): 	at android.app.ActivityThread.main(ActivityThread.java:6190)
08-31 20:41:32.568 W/System.err( 1935): 	at java.lang.reflect.Method.invoke(Native Method)
08-31 20:41:32.568 W/System.err( 1935): 	at com.android.internal.os.ZygoteInit$MethodAndArgsCaller.run(ZygoteInit.java:892)
08-31 20:41:32.568 W/System.err( 1935): 	at com.android.internal.os.ZygoteInit.main(ZygoteInit.java:782)
08-31 20:41:32.569 I/ActivityManager( 1281): START u0 {cmp=org.inaturalist.android/.LoginSignupActivity} from uid 10064 on display 0
08-31 20:41:32.569 W/ActivityManager( 1281): Permission Denial: starting Intent { cmp=org.inaturalist.android/.LoginSignupActivity } from ProcessRecord{bda5613 1935:com.android.intentfuzzer/u0a64} (pid=1935, uid=10064) not exported from uid 10057
08-31 20:41:32.570 W/System.err( 1935): java.lang.Exception: Toast callstack! strTip=Send Intent Failed!
08-31 20:41:32.570 W/System.err( 1935): 	at android.widget.Toast.show(Toast.java:130)
08-31 20:41:32.570 W/System.err( 1935): 	at com.android.intentfuzzer.FuzzerActivity$3.onClick(FuzzerActivity.java:167)
08-31 20:41:32.570 W/System.err( 1935): 	at android.view.View.performClick(View.java:5637)
08-31 20:41:32.570 W/System.err( 1935): 	at android.view.View$PerformClick.run(View.java:22429)
08-31 20:41:32.570 W/System.err( 1935): 	at android.os.Handler.handleCallback(Handler.java:751)
08-31 20:41:32.570 W/System.err( 1935): 	at android.os.Handler.dispatchMessage(Handler.java:95)
08-31 20:41:32.570 W/System.err( 1935): 	at android.os.Looper.loop(Looper.java:154)
08-31 20:41:32.570 W/System.err( 1935): 	at android.app.ActivityThread.main(ActivityThread.java:6190)
08-31 20:41:32.570 W/System.err( 1935): 	at java.lang.reflect.Method.invoke(Native Method)
08-31 20:41:32.570 W/System.err( 1935): 	at com.android.internal.os.ZygoteInit$MethodAndArgsCaller.run(ZygoteInit.java:892)
08-31 20:41:32.570 W/System.err( 1935): 	at com.android.internal.os.ZygoteInit.main(ZygoteInit.java:782)
08-31 20:41:32.572 I/ActivityManager( 1281): START u0 {cmp=org.inaturalist.android/.ObservationViewerActivity} from uid 10064 on display 0
08-31 20:41:32.572 W/ActivityManager( 1281): Permission Denial: starting Intent { cmp=org.inaturalist.android/.ObservationViewerActivity } from ProcessRecord{bda5613 1935:com.android.intentfuzzer/u0a64} (pid=1935, uid=10064) not exported from uid 10057
08-31 20:41:32.573 W/System.err( 1935): java.lang.Exception: Toast callstack! strTip=Send Intent Failed!
08-31 20:41:32.574 W/System.err( 1935): 	at android.widget.Toast.show(Toast.java:130)
08-31 20:41:32.574 W/System.err( 1935): 	at com.android.intentfuzzer.FuzzerActivity$3.onClick(FuzzerActivity.java:167)
08-31 20:41:32.574 W/System.err( 1935): 	at android.view.View.performClick(View.java:5637)
08-31 20:41:32.574 W/System.err( 1935): 	at android.view.View$PerformClick.run(View.java:22429)
08-31 20:41:32.574 W/System.err( 1935): 	at android.os.Handler.handleCallback(Handler.java:751)
08-31 20:41:32.574 W/System.err( 1935): 	at android.os.Handler.dispatchMessage(Handler.java:95)
08-31 20:41:32.574 W/System.err( 1935): 	at android.os.Looper.loop(Looper.java:154)
08-31 20:41:32.574 W/System.err( 1935): 	at android.app.ActivityThread.main(ActivityThread.java:6190)
08-31 20:41:32.574 W/System.err( 1935): 	at java.lang.reflect.Method.invoke(Native Method)
08-31 20:41:32.574 W/System.err( 1935): 	at com.android.internal.os.ZygoteInit$MethodAndArgsCaller.run(ZygoteInit.java:892)
08-31 20:41:32.574 W/System.err( 1935): 	at com.android.internal.os.ZygoteInit.main(ZygoteInit.java:782)
08-31 20:41:32.575 I/ActivityManager( 1281): START u0 {cmp=org.inaturalist.android/.OnboardingActivity} from uid 10064 on display 0
08-31 20:41:32.575 W/ActivityManager( 1281): Permission Denial: starting Intent { cmp=org.inaturalist.android/.OnboardingActivity } from ProcessRecord{bda5613 1935:com.android.intentfuzzer/u0a64} (pid=1935, uid=10064) not exported from uid 10057
08-31 20:41:32.576 W/System.err( 1935): java.lang.Exception: Toast callstack! strTip=Send Intent Failed!
08-31 20:41:32.576 W/System.err( 1935): 	at android.widget.Toast.show(Toast.java:130)
08-31 20:41:32.576 W/System.err( 1935): 	at com.android.intentfuzzer.FuzzerActivity$3.onClick(FuzzerActivity.java:167)
08-31 20:41:32.576 W/System.err( 1935): 	at android.view.View.performClick(View.java:5637)
08-31 20:41:32.576 W/System.err( 1935): 	at android.view.View$PerformClick.run(View.java:22429)
08-31 20:41:32.576 W/System.err( 1935): 	at android.os.Handler.handleCallback(Handler.java:751)
08-31 20:41:32.576 W/System.err( 1935): 	at android.os.Handler.dispatchMessage(Handler.java:95)
08-31 20:41:32.576 W/System.err( 1935): 	at android.os.Looper.loop(Looper.java:154)
08-31 20:41:32.576 W/System.err( 1935): 	at android.app.ActivityThread.main(ActivityThread.java:6190)
08-31 20:41:32.576 W/System.err( 1935): 	at java.lang.reflect.Method.invoke(Native Method)
08-31 20:41:32.576 W/System.err( 1935): 	at com.android.internal.os.ZygoteInit$MethodAndArgsCaller.run(ZygoteInit.java:892)
08-31 20:41:32.577 W/System.err( 1935): 	at com.android.internal.os.ZygoteInit.main(ZygoteInit.java:782)
08-31 20:41:32.577 I/ActivityManager( 1281): START u0 {cmp=org.inaturalist.android/.ObservationListActivity} from uid 10064 on display 0
08-31 20:41:32.577 W/ActivityManager( 1281): Permission Denial: starting Intent { cmp=org.inaturalist.android/.ObservationListActivity } from ProcessRecord{bda5613 1935:com.android.intentfuzzer/u0a64} (pid=1935, uid=10064) not exported from uid 10057
08-31 20:41:32.578 W/System.err( 1935): java.lang.Exception: Toast callstack! strTip=Send Intent Failed!
08-31 20:41:32.578 W/System.err( 1935): 	at android.widget.Toast.show(Toast.java:130)
08-31 20:41:32.579 W/System.err( 1935): 	at com.android.intentfuzzer.FuzzerActivity$3.onClick(FuzzerActivity.java:167)
08-31 20:41:32.579 W/System.err( 1935): 	at android.view.View.performClick(View.java:5637)
08-31 20:41:32.579 W/System.err( 1935): 	at android.view.View$PerformClick.run(View.java:22429)
08-31 20:41:32.579 W/System.err( 1935): 	at android.os.Handler.handleCallback(Handler.java:751)
08-31 20:41:32.579 W/System.err( 1935): 	at android.os.Handler.dispatchMessage(Handler.java:95)
08-31 20:41:32.579 W/System.err( 1935): 	at android.os.Looper.loop(Looper.java:154)
08-31 20:41:32.579 W/System.err( 1935): 	at android.app.ActivityThread.main(ActivityThread.java:6190)
08-31 20:41:32.579 W/System.err( 1935): 	at java.lang.reflect.Method.invoke(Native Method)
08-31 20:41:32.579 W/System.err( 1935): 	at com.android.internal.os.ZygoteInit$MethodAndArgsCaller.run(ZygoteInit.java:892)
08-31 20:41:32.579 W/System.err( 1935): 	at com.android.internal.os.ZygoteInit.main(ZygoteInit.java:782)
08-31 20:41:32.580 I/ActivityManager( 1281): START u0 {cmp=org.inaturalist.android/.ObservationListActivity.inaturalistpanama} from uid 10064 on display 0
08-31 20:41:32.581 W/System.err( 1935): java.lang.Exception: Toast callstack! strTip=Send Intent Failed!
08-31 20:41:32.581 W/System.err( 1935): 	at android.widget.Toast.show(Toast.java:130)
08-31 20:41:32.581 W/System.err( 1935): 	at com.android.intentfuzzer.FuzzerActivity$3.onClick(FuzzerActivity.java:167)
08-31 20:41:32.581 W/System.err( 1935): 	at android.view.View.performClick(View.java:5637)
08-31 20:41:32.581 W/System.err( 1935): 	at android.view.View$PerformClick.run(View.java:22429)
08-31 20:41:32.581 W/System.err( 1935): 	at android.os.Handler.handleCallback(Handler.java:751)
08-31 20:41:32.582 W/System.err( 1935): 	at android.os.Handler.dispatchMessage(Handler.java:95)
08-31 20:41:32.582 W/System.err( 1935): 	at android.os.Looper.loop(Looper.java:154)
08-31 20:41:32.582 W/System.err( 1935): 	at android.app.ActivityThread.main(ActivityThread.java:6190)
08-31 20:41:32.582 W/System.err( 1935): 	at java.lang.reflect.Method.invoke(Native Method)
08-31 20:41:32.582 W/System.err( 1935): 	at com.android.internal.os.ZygoteInit$MethodAndArgsCaller.run(ZygoteInit.java:892)
08-31 20:41:32.582 W/System.err( 1935): 	at com.android.internal.os.ZygoteInit.main(ZygoteInit.java:782)
08-31 20:41:32.584 I/ActivityManager( 1281): START u0 {cmp=org.inaturalist.android/.ObservationListActivity.biodiversity4all} from uid 10064 on display 0
08-31 20:41:32.586 W/System.err( 1935): java.lang.Exception: Toast callstack! strTip=Send Intent Failed!
08-31 20:41:32.586 W/System.err( 1935): 	at android.widget.Toast.show(Toast.java:130)
08-31 20:41:32.586 W/System.err( 1935): 	at com.android.intentfuzzer.FuzzerActivity$3.onClick(FuzzerActivity.java:167)
08-31 20:41:32.586 W/System.err( 1935): 	at android.view.View.performClick(View.java:5637)
08-31 20:41:32.586 W/System.err( 1935): 	at android.view.View$PerformClick.run(View.java:22429)
08-31 20:41:32.586 W/System.err( 1935): 	at android.os.Handler.handleCallback(Handler.java:751)
08-31 20:41:32.586 W/System.err( 1935): 	at android.os.Handler.dispatchMessage(Handler.java:95)
08-31 20:41:32.586 W/System.err( 1935): 	at android.os.Looper.loop(Looper.java:154)
08-31 20:41:32.586 W/System.err( 1935): 	at android.app.ActivityThread.main(ActivityThread.java:6190)
08-31 20:41:32.586 W/System.err( 1935): 	at java.lang.reflect.Method.invoke(Native Method)
08-31 20:41:32.586 W/System.err( 1935): 	at com.android.internal.os.ZygoteInit$MethodAndArgsCaller.run(ZygoteInit.java:892)
08-31 20:41:32.586 W/System.err( 1935): 	at com.android.internal.os.ZygoteInit.main(ZygoteInit.java:782)
08-31 20:41:32.588 I/ActivityManager( 1281): START u0 {cmp=org.inaturalist.android/.ObservationListActivity.naturewatchnz} from uid 10064 on display 0
08-31 20:41:32.589 W/System.err( 1935): java.lang.Exception: Toast callstack! strTip=Send Intent Failed!
08-31 20:41:32.589 W/System.err( 1935): 	at android.widget.Toast.show(Toast.java:130)
08-31 20:41:32.589 W/System.err( 1935): 	at com.android.intentfuzzer.FuzzerActivity$3.onClick(FuzzerActivity.java:167)
08-31 20:41:32.589 W/System.err( 1935): 	at android.view.View.performClick(View.java:5637)
08-31 20:41:32.589 W/System.err( 1935): 	at android.view.View$PerformClick.run(View.java:22429)
08-31 20:41:32.589 W/System.err( 1935): 	at android.os.Handler.handleCallback(Handler.java:751)
08-31 20:41:32.589 W/System.err( 1935): 	at android.os.Handler.dispatchMessage(Handler.java:95)
08-31 20:41:32.589 W/System.err( 1935): 	at android.os.Looper.loop(Looper.java:154)
08-31 20:41:32.589 W/System.err( 1935): 	at android.app.ActivityThread.main(ActivityThread.java:6190)
08-31 20:41:32.589 W/System.err( 1935): 	at java.lang.reflect.Method.invoke(Native Method)
08-31 20:41:32.589 W/System.err( 1935): 	at com.android.internal.os.ZygoteInit$MethodAndArgsCaller.run(ZygoteInit.java:892)
08-31 20:41:32.589 W/System.err( 1935): 	at com.android.internal.os.ZygoteInit.main(ZygoteInit.java:782)
08-31 20:41:32.590 I/ActivityManager( 1281): START u0 {cmp=org.inaturalist.android/.ObservationListActivity.naturewatchnz} from uid 10064 on display 0
08-31 20:41:32.591 W/System.err( 1935): java.lang.Exception: Toast callstack! strTip=Send Intent Failed!
08-31 20:41:32.592 W/System.err( 1935): 	at android.widget.Toast.show(Toast.java:130)
08-31 20:41:32.592 W/System.err( 1935): 	at com.android.intentfuzzer.FuzzerActivity$3.onClick(FuzzerActivity.java:167)
08-31 20:41:32.592 W/System.err( 1935): 	at android.view.View.performClick(View.java:5637)
08-31 20:41:32.592 W/System.err( 1935): 	at android.view.View$PerformClick.run(View.java:22429)
08-31 20:41:32.592 W/System.err( 1935): 	at android.os.Handler.handleCallback(Handler.java:751)
08-31 20:41:32.592 W/System.err( 1935): 	at android.os.Handler.dispatchMessage(Handler.java:95)
08-31 20:41:32.592 W/System.err( 1935): 	at android.os.Looper.loop(Looper.java:154)
08-31 20:41:32.592 W/System.err( 1935): 	at android.app.ActivityThread.main(ActivityThread.java:6190)
08-31 20:41:32.592 W/System.err( 1935): 	at java.lang.reflect.Method.invoke(Native Method)
08-31 20:41:32.592 W/System.err( 1935): 	at com.android.internal.os.ZygoteInit$MethodAndArgsCaller.run(ZygoteInit.java:892)
08-31 20:41:32.592 W/System.err( 1935): 	at com.android.internal.os.ZygoteInit.main(ZygoteInit.java:782)
08-31 20:41:32.593 I/ActivityManager( 1281): START u0 {cmp=org.inaturalist.android/.ObservationListActivity.naturalista} from uid 10064 on display 0
08-31 20:41:32.595 W/System.err( 1935): java.lang.Exception: Toast callstack! strTip=Send Intent Failed!
08-31 20:41:32.595 W/System.err( 1935): 	at android.widget.Toast.show(Toast.java:130)
08-31 20:41:32.595 W/System.err( 1935): 	at com.android.intentfuzzer.FuzzerActivity$3.onClick(FuzzerActivity.java:167)
08-31 20:41:32.595 W/System.err( 1935): 	at android.view.View.performClick(View.java:5637)
08-31 20:41:32.595 W/System.err( 1935): 	at android.view.View$PerformClick.run(View.java:22429)
08-31 20:41:32.596 W/System.err( 1935): 	at android.os.Handler.handleCallback(Handler.java:751)
08-31 20:41:32.596 W/System.err( 1935): 	at android.os.Handler.dispatchMessage(Handler.java:95)
08-31 20:41:32.596 W/System.err( 1935): 	at android.os.Looper.loop(Looper.java:154)
08-31 20:41:32.596 W/System.err( 1935): 	at android.app.ActivityThread.main(ActivityThread.java:6190)
08-31 20:41:32.596 W/System.err( 1935): 	at java.lang.reflect.Method.invoke(Native Method)
08-31 20:41:32.596 W/System.err( 1935): 	at com.android.internal.os.ZygoteInit$MethodAndArgsCaller.run(ZygoteInit.java:892)
08-31 20:41:32.596 W/System.err( 1935): 	at com.android.internal.os.ZygoteInit.main(ZygoteInit.java:782)
08-31 20:41:32.597 I/ActivityManager( 1281): START u0 {cmp=org.inaturalist.android/.ObservationListActivity.naturalistacolombia} from uid 10064 on display 0
08-31 20:41:32.599 W/System.err( 1935): java.lang.Exception: Toast callstack! strTip=Send Intent Failed!
08-31 20:41:32.599 W/System.err( 1935): 	at android.widget.Toast.show(Toast.java:130)
08-31 20:41:32.599 W/System.err( 1935): 	at com.android.intentfuzzer.FuzzerActivity$3.onClick(FuzzerActivity.java:167)
08-31 20:41:32.599 W/System.err( 1935): 	at android.view.View.performClick(View.java:5637)
08-31 20:41:32.599 W/System.err( 1935): 	at android.view.View$PerformClick.run(View.java:22429)
08-31 20:41:32.599 W/System.err( 1935): 	at android.os.Handler.handleCallback(Handler.java:751)
08-31 20:41:32.599 W/System.err( 1935): 	at android.os.Handler.dispatchMessage(Handler.java:95)
08-31 20:41:32.599 W/System.err( 1935): 	at android.os.Looper.loop(Looper.java:154)
08-31 20:41:32.599 W/System.err( 1935): 	at android.app.ActivityThread.main(ActivityThread.java:6190)
08-31 20:41:32.600 W/System.err( 1935): 	at java.lang.reflect.Method.invoke(Native Method)
08-31 20:41:32.600 W/System.err( 1935): 	at com.android.internal.os.ZygoteInit$MethodAndArgsCaller.run(ZygoteInit.java:892)
08-31 20:41:32.600 W/System.err( 1935): 	at com.android.internal.os.ZygoteInit.main(ZygoteInit.java:782)
08-31 20:41:32.602 I/ActivityManager( 1281): START u0 {cmp=org.inaturalist.android/.ObservationListActivity.inaturalistcanada} from uid 10064 on display 0
08-31 20:41:32.604 W/System.err( 1935): java.lang.Exception: Toast callstack! strTip=Send Intent Failed!
08-31 20:41:32.604 W/System.err( 1935): 	at android.widget.Toast.show(Toast.java:130)
08-31 20:41:32.605 W/System.err( 1935): 	at com.android.intentfuzzer.FuzzerActivity$3.onClick(FuzzerActivity.java:167)
08-31 20:41:32.605 W/System.err( 1935): 	at android.view.View.performClick(View.java:5637)
08-31 20:41:32.605 W/System.err( 1935): 	at android.view.View$PerformClick.run(View.java:22429)
08-31 20:41:32.605 W/System.err( 1935): 	at android.os.Handler.handleCallback(Handler.java:751)
08-31 20:41:32.605 W/System.err( 1935): 	at android.os.Handler.dispatchMessage(Handler.java:95)
08-31 20:41:32.605 W/System.err( 1935): 	at android.os.Looper.loop(Looper.java:154)
08-31 20:41:32.605 W/System.err( 1935): 	at android.app.ActivityThread.main(ActivityThread.java:6190)
08-31 20:41:32.605 W/System.err( 1935): 	at java.lang.reflect.Method.invoke(Native Method)
08-31 20:41:32.605 W/System.err( 1935): 	at com.android.internal.os.ZygoteInit$MethodAndArgsCaller.run(ZygoteInit.java:892)
08-31 20:41:32.605 W/System.err( 1935): 	at com.android.internal.os.ZygoteInit.main(ZygoteInit.java:782)
08-31 20:41:32.606 I/ActivityManager( 1281): START u0 {cmp=org.inaturalist.android/.ObservationListActivity.inaturalist} from uid 10064 on display 0
08-31 20:41:32.673 W/ContextImpl( 1676): Calling a method in the system process without a qualified user: android.app.ContextImpl.startService:1358 android.content.ContextWrapper.startService:613 android.content.ContextWrapper.startService:613 com.android.coreservice.CoreBroadcastReceiver.onReceive:44 android.app.ActivityThread.handleReceiver:3073 
08-31 20:41:32.674 W/System.err( 1935): java.lang.Exception: Toast callstack! strTip=Sent Null Intent { cmp=org.inaturalist.android/.ObservationListActivity.inaturalist }
08-31 20:41:32.674 W/System.err( 1935): 	at android.widget.Toast.show(Toast.java:130)
08-31 20:41:32.674 W/System.err( 1935): 	at com.android.intentfuzzer.FuzzerActivity$3.onClick(FuzzerActivity.java:165)
08-31 20:41:32.674 W/System.err( 1935): 	at android.view.View.performClick(View.java:5637)
08-31 20:41:32.674 W/System.err( 1935): 	at android.view.View$PerformClick.run(View.java:22429)
08-31 20:41:32.674 W/System.err( 1935): 	at android.os.Handler.handleCallback(Handler.java:751)
08-31 20:41:32.674 W/System.err( 1935): 	at android.os.Handler.dispatchMessage(Handler.java:95)
08-31 20:41:32.674 W/System.err( 1935): 	at android.os.Looper.loop(Looper.java:154)
08-31 20:41:32.674 W/System.err( 1935): 	at android.app.ActivityThread.main(ActivityThread.java:6190)
08-31 20:41:32.674 W/System.err( 1935): 	at java.lang.reflect.Method.invoke(Native Method)
08-31 20:41:32.674 W/System.err( 1935): 	at com.android.internal.os.ZygoteInit$MethodAndArgsCaller.run(ZygoteInit.java:892)
08-31 20:41:32.674 W/System.err( 1935): 	at com.android.internal.os.ZygoteInit.main(ZygoteInit.java:782)
08-31 20:41:32.676 I/ActivityManager( 1281): START u0 {cmp=org.inaturalist.android/.ObservationEditor} from uid 10064 on display 0
08-31 20:41:32.680 W/ContextImpl( 1676): Calling a method in the system process without a qualified user: android.app.ContextImpl.startService:1358 android.content.ContextWrapper.startService:613 android.content.ContextWrapper.startService:613 com.android.coreservice.CoreBroadcastReceiver.onReceive:44 android.app.ActivityThread.handleReceiver:3073 
08-31 20:41:32.680 W/System.err( 1935): java.lang.Exception: Toast callstack! strTip=Sent Null Intent { cmp=org.inaturalist.android/.ObservationEditor }
08-31 20:41:32.680 W/System.err( 1935): 	at android.widget.Toast.show(Toast.java:130)
08-31 20:41:32.681 W/System.err( 1935): 	at com.android.intentfuzzer.FuzzerActivity$3.onClick(FuzzerActivity.java:165)
08-31 20:41:32.681 W/System.err( 1935): 	at android.view.View.performClick(View.java:5637)
08-31 20:41:32.681 W/System.err( 1935): 	at android.view.View$PerformClick.run(View.java:22429)
08-31 20:41:32.681 W/System.err( 1935): 	at android.os.Handler.handleCallback(Handler.java:751)
08-31 20:41:32.681 W/System.err( 1935): 	at android.os.Handler.dispatchMessage(Handler.java:95)
08-31 20:41:32.681 W/System.err( 1935): 	at android.os.Looper.loop(Looper.java:154)
08-31 20:41:32.681 W/System.err( 1935): 	at android.app.ActivityThread.main(ActivityThread.java:6190)
08-31 20:41:32.681 W/System.err( 1935): 	at java.lang.reflect.Method.invoke(Native Method)
08-31 20:41:32.681 W/System.err( 1935): 	at com.android.internal.os.ZygoteInit$MethodAndArgsCaller.run(ZygoteInit.java:892)
08-31 20:41:32.681 W/System.err( 1935): 	at com.android.internal.os.ZygoteInit.main(ZygoteInit.java:782)
08-31 20:41:32.682 I/ActivityManager( 1281): START u0 {cmp=org.inaturalist.android/com.facebook.FacebookActivity} from uid 10064 on display 0
08-31 20:41:32.683 W/ActivityManager( 1281): Permission Denial: starting Intent { cmp=org.inaturalist.android/com.facebook.FacebookActivity } from ProcessRecord{bda5613 1935:com.android.intentfuzzer/u0a64} (pid=1935, uid=10064) not exported from uid 10057
08-31 20:41:32.685 W/System.err( 1935): java.lang.Exception: Toast callstack! strTip=Send Intent Failed!
08-31 20:41:32.685 W/System.err( 1935): 	at android.widget.Toast.show(Toast.java:130)
08-31 20:41:32.685 W/System.err( 1935): 	at com.android.intentfuzzer.FuzzerActivity$3.onClick(FuzzerActivity.java:167)
08-31 20:41:32.685 W/System.err( 1935): 	at android.view.View.performClick(View.java:5637)
08-31 20:41:32.685 W/System.err( 1935): 	at android.view.View$PerformClick.run(View.java:22429)
08-31 20:41:32.685 W/System.err( 1935): 	at android.os.Handler.handleCallback(Handler.java:751)
08-31 20:41:32.685 W/System.err( 1935): 	at android.os.Handler.dispatchMessage(Handler.java:95)
08-31 20:41:32.685 W/System.err( 1935): 	at android.os.Looper.loop(Looper.java:154)
08-31 20:41:32.685 W/System.err( 1935): 	at android.app.ActivityThread.main(ActivityThread.java:6190)
08-31 20:41:32.685 W/System.err( 1935): 	at java.lang.reflect.Method.invoke(Native Method)
08-31 20:41:32.685 W/System.err( 1935): 	at com.android.internal.os.ZygoteInit$MethodAndArgsCaller.run(ZygoteInit.java:892)
08-31 20:41:32.686 W/System.err( 1935): 	at com.android.internal.os.ZygoteInit.main(ZygoteInit.java:782)
08-31 20:41:32.688 I/ActivityManager( 1281): START u0 {cmp=org.inaturalist.android/.LocationChooserActivity} from uid 10064 on display 0
08-31 20:41:32.688 W/ActivityManager( 1281): Permission Denial: starting Intent { cmp=org.inaturalist.android/.LocationChooserActivity } from ProcessRecord{bda5613 1935:com.android.intentfuzzer/u0a64} (pid=1935, uid=10064) not exported from uid 10057
08-31 20:41:32.690 W/System.err( 1935): java.lang.Exception: Toast callstack! strTip=Send Intent Failed!
08-31 20:41:32.690 W/System.err( 1935): 	at android.widget.Toast.show(Toast.java:130)
08-31 20:41:32.690 W/System.err( 1935): 	at com.android.intentfuzzer.FuzzerActivity$3.onClick(FuzzerActivity.java:167)
08-31 20:41:32.690 W/System.err( 1935): 	at android.view.View.performClick(View.java:5637)
08-31 20:41:32.690 W/System.err( 1935): 	at android.view.View$PerformClick.run(View.java:22429)
08-31 20:41:32.690 W/System.err( 1935): 	at android.os.Handler.handleCallback(Handler.java:751)
08-31 20:41:32.690 W/System.err( 1935): 	at android.os.Handler.dispatchMessage(Handler.java:95)
08-31 20:41:32.690 W/System.err( 1935): 	at android.os.Looper.loop(Looper.java:154)
08-31 20:41:32.690 W/System.err( 1935): 	at android.app.ActivityThread.main(ActivityThread.java:6190)
08-31 20:41:32.690 W/System.err( 1935): 	at java.lang.reflect.Method.invoke(Native Method)
08-31 20:41:32.690 W/System.err( 1935): 	at com.android.internal.os.ZygoteInit$MethodAndArgsCaller.run(ZygoteInit.java:892)
08-31 20:41:32.690 W/System.err( 1935): 	at com.android.internal.os.ZygoteInit.main(ZygoteInit.java:782)
08-31 20:41:32.701 I/ActivityManager( 1281): START u0 {cmp=org.inaturalist.android/.WebActivity} from uid 10064 on display 0
08-31 20:41:32.701 W/ActivityManager( 1281): Permission Denial: starting Intent { cmp=org.inaturalist.android/.WebActivity } from ProcessRecord{bda5613 1935:com.android.intentfuzzer/u0a64} (pid=1935, uid=10064) not exported from uid 10057
08-31 20:41:32.702 W/System.err( 1935): java.lang.Exception: Toast callstack! strTip=Send Intent Failed!
08-31 20:41:32.703 W/System.err( 1935): 	at android.widget.Toast.show(Toast.java:130)
08-31 20:41:32.703 W/System.err( 1935): 	at com.android.intentfuzzer.FuzzerActivity$3.onClick(FuzzerActivity.java:167)
08-31 20:41:32.703 W/System.err( 1935): 	at android.view.View.performClick(View.java:5637)
08-31 20:41:32.703 W/System.err( 1935): 	at android.view.View$PerformClick.run(View.java:22429)
08-31 20:41:32.703 W/System.err( 1935): 	at android.os.Handler.handleCallback(Handler.java:751)
08-31 20:41:32.703 W/System.err( 1935): 	at android.os.Handler.dispatchMessage(Handler.java:95)
08-31 20:41:32.703 W/System.err( 1935): 	at android.os.Looper.loop(Looper.java:154)
08-31 20:41:32.703 W/System.err( 1935): 	at android.app.ActivityThread.main(ActivityThread.java:6190)
08-31 20:41:32.703 W/System.err( 1935): 	at java.lang.reflect.Method.invoke(Native Method)
08-31 20:41:32.703 W/System.err( 1935): 	at com.android.internal.os.ZygoteInit$MethodAndArgsCaller.run(ZygoteInit.java:892)
08-31 20:41:32.703 W/System.err( 1935): 	at com.android.internal.os.ZygoteInit.main(ZygoteInit.java:782)
08-31 20:41:32.705 I/ActivityManager( 1281): START u0 {cmp=org.inaturalist.android/.ObservationPhotosViewer} from uid 10064 on display 0
08-31 20:41:32.705 W/ActivityManager( 1281): Permission Denial: starting Intent { cmp=org.inaturalist.android/.ObservationPhotosViewer } from ProcessRecord{bda5613 1935:com.android.intentfuzzer/u0a64} (pid=1935, uid=10064) not exported from uid 10057
08-31 20:41:32.707 W/System.err( 1935): java.lang.Exception: Toast callstack! strTip=Send Intent Failed!
08-31 20:41:32.708 W/System.err( 1935): 	at android.widget.Toast.show(Toast.java:130)
08-31 20:41:32.708 W/System.err( 1935): 	at com.android.intentfuzzer.FuzzerActivity$3.onClick(FuzzerActivity.java:167)
08-31 20:41:32.708 W/System.err( 1935): 	at android.view.View.performClick(View.java:5637)
08-31 20:41:32.708 W/System.err( 1935): 	at android.view.View$PerformClick.run(View.java:22429)
08-31 20:41:32.708 W/System.err( 1935): 	at android.os.Handler.handleCallback(Handler.java:751)
08-31 20:41:32.708 W/System.err( 1935): 	at android.os.Handler.dispatchMessage(Handler.java:95)
08-31 20:41:32.708 W/System.err( 1935): 	at android.os.Looper.loop(Looper.java:154)
08-31 20:41:32.708 W/System.err( 1935): 	at android.app.ActivityThread.main(ActivityThread.java:6190)
08-31 20:41:32.708 W/System.err( 1935): 	at java.lang.reflect.Method.invoke(Native Method)
08-31 20:41:32.708 W/System.err( 1935): 	at com.android.internal.os.ZygoteInit$MethodAndArgsCaller.run(ZygoteInit.java:892)
08-31 20:41:32.708 W/System.err( 1935): 	at com.android.internal.os.ZygoteInit.main(ZygoteInit.java:782)
08-31 20:41:32.710 I/ActivityManager( 1281): START u0 {cmp=org.inaturalist.android/.TaxonTagPhotosViewer} from uid 10064 on display 0
08-31 20:41:32.710 W/ActivityManager( 1281): Permission Denial: starting Intent { cmp=org.inaturalist.android/.TaxonTagPhotosViewer } from ProcessRecord{bda5613 1935:com.android.intentfuzzer/u0a64} (pid=1935, uid=10064) not exported from uid 10057
08-31 20:41:32.712 W/System.err( 1935): java.lang.Exception: Toast callstack! strTip=Send Intent Failed!
08-31 20:41:32.712 W/System.err( 1935): 	at android.widget.Toast.show(Toast.java:130)
08-31 20:41:32.712 W/System.err( 1935): 	at com.android.intentfuzzer.FuzzerActivity$3.onClick(FuzzerActivity.java:167)
08-31 20:41:32.712 W/System.err( 1935): 	at android.view.View.performClick(View.java:5637)
08-31 20:41:32.712 W/System.err( 1935): 	at android.view.View$PerformClick.run(View.java:22429)
08-31 20:41:32.712 W/System.err( 1935): 	at android.os.Handler.handleCallback(Handler.java:751)
08-31 20:41:32.712 W/System.err( 1935): 	at android.os.Handler.dispatchMessage(Handler.java:95)
08-31 20:41:32.712 W/System.err( 1935): 	at android.os.Looper.loop(Looper.java:154)
08-31 20:41:32.712 W/System.err( 1935): 	at android.app.ActivityThread.main(ActivityThread.java:6190)
08-31 20:41:32.712 W/System.err( 1935): 	at java.lang.reflect.Method.invoke(Native Method)
08-31 20:41:32.712 W/System.err( 1935): 	at com.android.internal.os.ZygoteInit$MethodAndArgsCaller.run(ZygoteInit.java:892)
08-31 20:41:32.713 W/System.err( 1935): 	at com.android.internal.os.ZygoteInit.main(ZygoteInit.java:782)
08-31 20:41:32.714 I/ActivityManager( 1281): START u0 {cmp=org.inaturalist.android/.LocationDetailsActivity} from uid 10064 on display 0
08-31 20:41:32.714 W/ActivityManager( 1281): Permission Denial: starting Intent { cmp=org.inaturalist.android/.LocationDetailsActivity } from ProcessRecord{bda5613 1935:com.android.intentfuzzer/u0a64} (pid=1935, uid=10064) not exported from uid 10057
08-31 20:41:32.715 W/System.err( 1935): java.lang.Exception: Toast callstack! strTip=Send Intent Failed!
08-31 20:41:32.716 W/System.err( 1935): 	at android.widget.Toast.show(Toast.java:130)
08-31 20:41:32.716 W/System.err( 1935): 	at com.android.intentfuzzer.FuzzerActivity$3.onClick(FuzzerActivity.java:167)
08-31 20:41:32.716 W/System.err( 1935): 	at android.view.View.performClick(View.java:5637)
08-31 20:41:32.716 W/System.err( 1935): 	at android.view.View$PerformClick.run(View.java:22429)
08-31 20:41:32.716 W/System.err( 1935): 	at android.os.Handler.handleCallback(Handler.java:751)
