--------- beginning of system
08-31 14:50:42.553 I/ActivityManager( 1281): START u0 {cmp=com.android.intentfuzzer/.FuzzerActivity} from uid 10064 on display 0
--------- beginning of main
08-31 14:50:42.555 D/audio_hw_hal( 1087): raw_start_output_stream, stream=0xf6e43140, sampleRate=48000, channel=2, bps=16, bufSize=4096
08-31 14:50:42.561 W/ContextImpl( 1676): Calling a method in the system process without a qualified user: android.app.ContextImpl.startService:1358 android.content.ContextWrapper.startService:613 android.content.ContextWrapper.startService:613 com.android.coreservice.CoreBroadcastReceiver.onReceive:44 android.app.ActivityThread.handleReceiver:3073 
08-31 14:50:42.577 W/ContextImpl( 1676): Calling a method in the system process without a qualified user: android.app.ContextImpl.startService:1358 android.content.ContextWrapper.startService:613 android.content.ContextWrapper.startService:613 com.android.coreservice.CoreBroadcastReceiver.onReceive:53 android.app.ActivityThread.handleReceiver:3073 
08-31 14:50:43.039 E/EGL_adreno( 1935): tid 1952: eglSurfaceAttrib(1338): error 0x3009 (EGL_BAD_MATCH)
08-31 14:50:43.039 W/OpenGLRenderer( 1935): Failed to set EGL_SWAP_BEHAVIOR on surface 0x7fffeb5f5b80, error=EGL_BAD_MATCH
08-31 14:50:43.040 D/EGL_adreno( 1935): eglMakeCurrent: 0x7fffeb454c20: ver 3 1 (tinfo 0x7fffeb40d8a0)
08-31 14:50:43.067 I/ActivityManager( 1281): Displayed com.android.intentfuzzer/.FuzzerActivity: +506ms (total +3m33s227ms)
08-31 14:50:43.069 W/ContextImpl( 1676): Calling a method in the system process without a qualified user: android.app.ContextImpl.startService:1358 android.content.ContextWrapper.startService:613 android.content.ContextWrapper.startService:613 com.android.coreservice.CoreBroadcastReceiver.onReceive:69 android.app.ActivityThread.handleReceiver:3073 
08-31 14:50:43.123 W/ContextImpl( 1676): Calling a method in the system process without a qualified user: android.app.ContextImpl.startService:1358 android.content.ContextWrapper.startService:613 android.content.ContextWrapper.startService:613 com.android.coreservice.CoreBroadcastReceiver.onReceive:69 android.app.ActivityThread.handleReceiver:3073 
08-31 14:50:44.390 I/ActivityManager( 1281): START u0 {cmp=org.smssecure.smssecure/.CountrySelectionActivity} from uid 10064 on display 0
08-31 14:50:44.391 W/ActivityManager( 1281): Permission Denial: starting Intent { cmp=org.smssecure.smssecure/.CountrySelectionActivity } from ProcessRecord{bda5613 1935:com.android.intentfuzzer/u0a64} (pid=1935, uid=10064) not exported from uid 10060
08-31 14:50:44.394 W/System.err( 1935): java.lang.Exception: Toast callstack! strTip=Send Intent Failed!
08-31 14:50:44.394 W/System.err( 1935): 	at android.widget.Toast.show(Toast.java:130)
08-31 14:50:44.394 W/System.err( 1935): 	at com.android.intentfuzzer.FuzzerActivity$3.onClick(FuzzerActivity.java:167)
08-31 14:50:44.394 W/System.err( 1935): 	at android.view.View.performClick(View.java:5637)
08-31 14:50:44.394 W/System.err( 1935): 	at android.view.View$PerformClick.run(View.java:22429)
08-31 14:50:44.394 W/System.err( 1935): 	at android.os.Handler.handleCallback(Handler.java:751)
08-31 14:50:44.394 W/System.err( 1935): 	at android.os.Handler.dispatchMessage(Handler.java:95)
08-31 14:50:44.394 W/System.err( 1935): 	at android.os.Looper.loop(Looper.java:154)
08-31 14:50:44.394 W/System.err( 1935): 	at android.app.ActivityThread.main(ActivityThread.java:6190)
08-31 14:50:44.394 W/System.err( 1935): 	at java.lang.reflect.Method.invoke(Native Method)
08-31 14:50:44.394 W/System.err( 1935): 	at com.android.internal.os.ZygoteInit$MethodAndArgsCaller.run(ZygoteInit.java:892)
08-31 14:50:44.394 W/System.err( 1935): 	at com.android.internal.os.ZygoteInit.main(ZygoteInit.java:782)
08-31 14:50:44.396 I/ActivityManager( 1281): START u0 {cmp=org.smssecure.smssecure/.ImportExportActivity} from uid 10064 on display 0
08-31 14:50:44.396 W/ActivityManager( 1281): Permission Denial: starting Intent { cmp=org.smssecure.smssecure/.ImportExportActivity } from ProcessRecord{bda5613 1935:com.android.intentfuzzer/u0a64} (pid=1935, uid=10064) not exported from uid 10060
08-31 14:50:44.397 W/System.err( 1935): java.lang.Exception: Toast callstack! strTip=Send Intent Failed!
08-31 14:50:44.397 W/System.err( 1935): 	at android.widget.Toast.show(Toast.java:130)
08-31 14:50:44.397 W/System.err( 1935): 	at com.android.intentfuzzer.FuzzerActivity$3.onClick(FuzzerActivity.java:167)
08-31 14:50:44.397 W/System.err( 1935): 	at android.view.View.performClick(View.java:5637)
08-31 14:50:44.397 W/System.err( 1935): 	at android.view.View$PerformClick.run(View.java:22429)
08-31 14:50:44.397 W/System.err( 1935): 	at android.os.Handler.handleCallback(Handler.java:751)
08-31 14:50:44.397 W/System.err( 1935): 	at android.os.Handler.dispatchMessage(Handler.java:95)
08-31 14:50:44.397 W/System.err( 1935): 	at android.os.Looper.loop(Looper.java:154)
08-31 14:50:44.397 W/System.err( 1935): 	at android.app.ActivityThread.main(ActivityThread.java:6190)
08-31 14:50:44.397 W/System.err( 1935): 	at java.lang.reflect.Method.invoke(Native Method)
08-31 14:50:44.397 W/System.err( 1935): 	at com.android.internal.os.ZygoteInit$MethodAndArgsCaller.run(ZygoteInit.java:892)
08-31 14:50:44.397 W/System.err( 1935): 	at com.android.internal.os.ZygoteInit.main(ZygoteInit.java:782)
08-31 14:50:44.398 I/ActivityManager( 1281): START u0 {cmp=org.smssecure.smssecure/.PromptMmsActivity} from uid 10064 on display 0
08-31 14:50:44.398 W/ActivityManager( 1281): Permission Denial: starting Intent { cmp=org.smssecure.smssecure/.PromptMmsActivity } from ProcessRecord{bda5613 1935:com.android.intentfuzzer/u0a64} (pid=1935, uid=10064) not exported from uid 10060
08-31 14:50:44.399 W/System.err( 1935): java.lang.Exception: Toast callstack! strTip=Send Intent Failed!
08-31 14:50:44.399 W/System.err( 1935): 	at android.widget.Toast.show(Toast.java:130)
08-31 14:50:44.399 W/System.err( 1935): 	at com.android.intentfuzzer.FuzzerActivity$3.onClick(FuzzerActivity.java:167)
08-31 14:50:44.399 W/System.err( 1935): 	at android.view.View.performClick(View.java:5637)
08-31 14:50:44.399 W/System.err( 1935): 	at android.view.View$PerformClick.run(View.java:22429)
08-31 14:50:44.399 W/System.err( 1935): 	at android.os.Handler.handleCallback(Handler.java:751)
08-31 14:50:44.399 W/System.err( 1935): 	at android.os.Handler.dispatchMessage(Handler.java:95)
08-31 14:50:44.399 W/System.err( 1935): 	at android.os.Looper.loop(Looper.java:154)
08-31 14:50:44.399 W/System.err( 1935): 	at android.app.ActivityThread.main(ActivityThread.java:6190)
08-31 14:50:44.399 W/System.err( 1935): 	at java.lang.reflect.Method.invoke(Native Method)
08-31 14:50:44.399 W/System.err( 1935): 	at com.android.internal.os.ZygoteInit$MethodAndArgsCaller.run(ZygoteInit.java:892)
08-31 14:50:44.399 W/System.err( 1935): 	at com.android.internal.os.ZygoteInit.main(ZygoteInit.java:782)
08-31 14:50:44.400 I/ActivityManager( 1281): START u0 {cmp=org.smssecure.smssecure/.preferences.MmsPreferencesActivity} from uid 10064 on display 0
08-31 14:50:44.400 W/ActivityManager( 1281): Permission Denial: starting Intent { cmp=org.smssecure.smssecure/.preferences.MmsPreferencesActivity } from ProcessRecord{bda5613 1935:com.android.intentfuzzer/u0a64} (pid=1935, uid=10064) not exported from uid 10060
08-31 14:50:44.401 W/System.err( 1935): java.lang.Exception: Toast callstack! strTip=Send Intent Failed!
08-31 14:50:44.401 W/System.err( 1935): 	at android.widget.Toast.show(Toast.java:130)
08-31 14:50:44.401 W/System.err( 1935): 	at com.android.intentfuzzer.FuzzerActivity$3.onClick(FuzzerActivity.java:167)
08-31 14:50:44.401 W/System.err( 1935): 	at android.view.View.performClick(View.java:5637)
08-31 14:50:44.401 W/System.err( 1935): 	at android.view.View$PerformClick.run(View.java:22429)
08-31 14:50:44.401 W/System.err( 1935): 	at android.os.Handler.handleCallback(Handler.java:751)
08-31 14:50:44.401 W/System.err( 1935): 	at android.os.Handler.dispatchMessage(Handler.java:95)
08-31 14:50:44.401 W/System.err( 1935): 	at android.os.Looper.loop(Looper.java:154)
08-31 14:50:44.401 W/System.err( 1935): 	at android.app.ActivityThread.main(ActivityThread.java:6190)
08-31 14:50:44.401 W/System.err( 1935): 	at java.lang.reflect.Method.invoke(Native Method)
08-31 14:50:44.401 W/System.err( 1935): 	at com.android.internal.os.ZygoteInit$MethodAndArgsCaller.run(ZygoteInit.java:892)
08-31 14:50:44.401 W/System.err( 1935): 	at com.android.internal.os.ZygoteInit.main(ZygoteInit.java:782)
08-31 14:50:44.402 I/ActivityManager( 1281): START u0 {cmp=org.smssecure.smssecure/.ShareActivity} from uid 10064 on display 0
08-31 14:50:44.416 W/ContextImpl( 1676): Calling a method in the system process without a qualified user: android.app.ContextImpl.startService:1358 android.content.ContextWrapper.startService:613 android.content.ContextWrapper.startService:613 com.android.coreservice.CoreBroadcastReceiver.onReceive:44 android.app.ActivityThread.handleReceiver:3073 
08-31 14:50:44.418 W/System.err( 1935): java.lang.Exception: Toast callstack! strTip=Sent Null Intent { cmp=org.smssecure.smssecure/.ShareActivity }
08-31 14:50:44.419 W/System.err( 1935): 	at android.widget.Toast.show(Toast.java:130)
08-31 14:50:44.419 W/System.err( 1935): 	at com.android.intentfuzzer.FuzzerActivity$3.onClick(FuzzerActivity.java:165)
08-31 14:50:44.419 W/System.err( 1935): 	at android.view.View.performClick(View.java:5637)
08-31 14:50:44.419 W/System.err( 1935): 	at android.view.View$PerformClick.run(View.java:22429)
08-31 14:50:44.419 W/System.err( 1935): 	at android.os.Handler.handleCallback(Handler.java:751)
08-31 14:50:44.419 W/System.err( 1935): 	at android.os.Handler.dispatchMessage(Handler.java:95)
08-31 14:50:44.419 W/System.err( 1935): 	at android.os.Looper.loop(Looper.java:154)
08-31 14:50:44.419 W/System.err( 1935): 	at android.app.ActivityThread.main(ActivityThread.java:6190)
08-31 14:50:44.419 W/System.err( 1935): 	at java.lang.reflect.Method.invoke(Native Method)
08-31 14:50:44.419 W/System.err( 1935): 	at com.android.internal.os.ZygoteInit$MethodAndArgsCaller.run(ZygoteInit.java:892)
08-31 14:50:44.419 W/System.err( 1935): 	at com.android.internal.os.ZygoteInit.main(ZygoteInit.java:782)
08-31 14:50:44.420 I/ActivityManager( 1281): START u0 {cmp=org.smssecure.smssecure/.ConversationListActivity} from uid 10064 on display 0
08-31 14:50:44.427 W/ContextImpl( 1676): Calling a method in the system process without a qualified user: android.app.ContextImpl.startService:1358 android.content.ContextWrapper.startService:613 android.content.ContextWrapper.startService:613 com.android.coreservice.CoreBroadcastReceiver.onReceive:44 android.app.ActivityThread.handleReceiver:3073 
08-31 14:50:44.432 W/System.err( 1935): java.lang.Exception: Toast callstack! strTip=Sent Null Intent { cmp=org.smssecure.smssecure/.ConversationListActivity }
08-31 14:50:44.432 W/System.err( 1935): 	at android.widget.Toast.show(Toast.java:130)
08-31 14:50:44.433 W/System.err( 1935): 	at com.android.intentfuzzer.FuzzerActivity$3.onClick(FuzzerActivity.java:165)
08-31 14:50:44.433 W/System.err( 1935): 	at android.view.View.performClick(View.java:5637)
08-31 14:50:44.433 W/System.err( 1935): 	at android.view.View$PerformClick.run(View.java:22429)
08-31 14:50:44.433 W/System.err( 1935): 	at android.os.Handler.handleCallback(Handler.java:751)
08-31 14:50:44.433 W/System.err( 1935): 	at android.os.Handler.dispatchMessage(Handler.java:95)
08-31 14:50:44.433 W/System.err( 1935): 	at android.os.Looper.loop(Looper.java:154)
08-31 14:50:44.433 W/System.err( 1935): 	at android.app.ActivityThread.main(ActivityThread.java:6190)
08-31 14:50:44.433 W/System.err( 1935): 	at java.lang.reflect.Method.invoke(Native Method)
08-31 14:50:44.433 W/System.err( 1935): 	at com.android.internal.os.ZygoteInit$MethodAndArgsCaller.run(ZygoteInit.java:892)
08-31 14:50:44.433 W/System.err( 1935): 	at com.android.internal.os.ZygoteInit.main(ZygoteInit.java:782)
08-31 14:50:44.433 I/ActivityManager( 1281): START u0 {cmp=org.smssecure.smssecure/.RoutingActivity} from uid 10064 on display 0
08-31 14:50:44.436 W/System.err( 1935): java.lang.Exception: Toast callstack! strTip=Sent Null Intent { cmp=org.smssecure.smssecure/.RoutingActivity }
08-31 14:50:44.436 W/System.err( 1935): 	at android.widget.Toast.show(Toast.java:130)
08-31 14:50:44.436 W/System.err( 1935): 	at com.android.intentfuzzer.FuzzerActivity$3.onClick(FuzzerActivity.java:165)
08-31 14:50:44.436 W/System.err( 1935): 	at android.view.View.performClick(View.java:5637)
08-31 14:50:44.436 W/System.err( 1935): 	at android.view.View$PerformClick.run(View.java:22429)
08-31 14:50:44.436 W/System.err( 1935): 	at android.os.Handler.handleCallback(Handler.java:751)
08-31 14:50:44.436 W/System.err( 1935): 	at android.os.Handler.dispatchMessage(Handler.java:95)
08-31 14:50:44.436 W/System.err( 1935): 	at android.os.Looper.loop(Looper.java:154)
08-31 14:50:44.436 W/System.err( 1935): 	at android.app.ActivityThread.main(ActivityThread.java:6190)
08-31 14:50:44.436 W/System.err( 1935): 	at java.lang.reflect.Method.invoke(Native Method)
08-31 14:50:44.436 W/System.err( 1935): 	at com.android.internal.os.ZygoteInit$MethodAndArgsCaller.run(ZygoteInit.java:892)
08-31 14:50:44.436 W/System.err( 1935): 	at com.android.internal.os.ZygoteInit.main(ZygoteInit.java:782)
08-31 14:50:44.437 I/ActivityManager( 1281): START u0 {cmp=org.smssecure.smssecure/.ConversationListArchiveActivity} from uid 10064 on display 0
08-31 14:50:44.437 W/ActivityManager( 1281): Permission Denial: starting Intent { cmp=org.smssecure.smssecure/.ConversationListArchiveActivity } from ProcessRecord{bda5613 1935:com.android.intentfuzzer/u0a64} (pid=1935, uid=10064) not exported from uid 10060
08-31 14:50:44.440 W/System.err( 1935): java.lang.Exception: Toast callstack! strTip=Send Intent Failed!
08-31 14:50:44.440 W/System.err( 1935): 	at android.widget.Toast.show(Toast.java:130)
08-31 14:50:44.440 W/System.err( 1935): 	at com.android.intentfuzzer.FuzzerActivity$3.onClick(FuzzerActivity.java:167)
08-31 14:50:44.440 W/System.err( 1935): 	at android.view.View.performClick(View.java:5637)
08-31 14:50:44.440 W/System.err( 1935): 	at android.view.View$PerformClick.run(View.java:22429)
08-31 14:50:44.440 W/System.err( 1935): 	at android.os.Handler.handleCallback(Handler.java:751)
08-31 14:50:44.441 W/System.err( 1935): 	at android.os.Handler.dispatchMessage(Handler.java:95)
08-31 14:50:44.441 W/System.err( 1935): 	at android.os.Looper.loop(Looper.java:154)
08-31 14:50:44.441 W/System.err( 1935): 	at android.app.ActivityThread.main(ActivityThread.java:6190)
08-31 14:50:44.441 W/System.err( 1935): 	at java.lang.reflect.Method.invoke(Native Method)
08-31 14:50:44.441 W/System.err( 1935): 	at com.android.internal.os.ZygoteInit$MethodAndArgsCaller.run(ZygoteInit.java:892)
08-31 14:50:44.441 W/System.err( 1935): 	at com.android.internal.os.ZygoteInit.main(ZygoteInit.java:782)
08-31 14:50:44.442 I/ActivityManager( 1281): START u0 {cmp=org.smssecure.smssecure/.ConversationActivity} from uid 10064 on display 0
08-31 14:50:44.442 W/ActivityManager( 1281): Permission Denial: starting Intent { cmp=org.smssecure.smssecure/.ConversationActivity } from ProcessRecord{bda5613 1935:com.android.intentfuzzer/u0a64} (pid=1935, uid=10064) not exported from uid 10060
08-31 14:50:44.444 W/System.err( 1935): java.lang.Exception: Toast callstack! strTip=Send Intent Failed!
08-31 14:50:44.444 W/System.err( 1935): 	at android.widget.Toast.show(Toast.java:130)
08-31 14:50:44.444 W/System.err( 1935): 	at com.android.intentfuzzer.FuzzerActivity$3.onClick(FuzzerActivity.java:167)
08-31 14:50:44.444 W/System.err( 1935): 	at android.view.View.performClick(View.java:5637)
08-31 14:50:44.444 W/System.err( 1935): 	at android.view.View$PerformClick.run(View.java:22429)
08-31 14:50:44.444 W/System.err( 1935): 	at android.os.Handler.handleCallback(Handler.java:751)
08-31 14:50:44.444 W/System.err( 1935): 	at android.os.Handler.dispatchMessage(Handler.java:95)
08-31 14:50:44.444 W/System.err( 1935): 	at android.os.Looper.loop(Looper.java:154)
08-31 14:50:44.444 W/System.err( 1935): 	at android.app.ActivityThread.main(ActivityThread.java:6190)
08-31 14:50:44.444 W/System.err( 1935): 	at java.lang.reflect.Method.invoke(Native Method)
08-31 14:50:44.444 W/System.err( 1935): 	at com.android.internal.os.ZygoteInit$MethodAndArgsCaller.run(ZygoteInit.java:892)
08-31 14:50:44.445 W/System.err( 1935): 	at com.android.internal.os.ZygoteInit.main(ZygoteInit.java:782)
08-31 14:50:44.445 I/ActivityManager( 1281): START u0 {cmp=org.smssecure.smssecure/.ConversationPopupActivity} from uid 10064 on display 0
08-31 14:50:44.446 W/ActivityManager( 1281): Permission Denial: starting Intent { cmp=org.smssecure.smssecure/.ConversationPopupActivity } from ProcessRecord{bda5613 1935:com.android.intentfuzzer/u0a64} (pid=1935, uid=10064) not exported from uid 10060
08-31 14:50:44.448 W/System.err( 1935): java.lang.Exception: Toast callstack! strTip=Send Intent Failed!
08-31 14:50:44.448 W/System.err( 1935): 	at android.widget.Toast.show(Toast.java:130)
08-31 14:50:44.448 W/System.err( 1935): 	at com.android.intentfuzzer.FuzzerActivity$3.onClick(FuzzerActivity.java:167)
08-31 14:50:44.448 W/System.err( 1935): 	at android.view.View.performClick(View.java:5637)
08-31 14:50:44.448 W/System.err( 1935): 	at android.view.View$PerformClick.run(View.java:22429)
08-31 14:50:44.448 W/System.err( 1935): 	at android.os.Handler.handleCallback(Handler.java:751)
08-31 14:50:44.448 W/System.err( 1935): 	at android.os.Handler.dispatchMessage(Handler.java:95)
08-31 14:50:44.448 W/System.err( 1935): 	at android.os.Looper.loop(Looper.java:154)
08-31 14:50:44.448 W/System.err( 1935): 	at android.app.ActivityThread.main(ActivityThread.java:6190)
08-31 14:50:44.448 W/System.err( 1935): 	at java.lang.reflect.Method.invoke(Native Method)
08-31 14:50:44.448 W/System.err( 1935): 	at com.android.internal.os.ZygoteInit$MethodAndArgsCaller.run(ZygoteInit.java:892)
08-31 14:50:44.448 W/System.err( 1935): 	at com.android.internal.os.ZygoteInit.main(ZygoteInit.java:782)
08-31 14:50:44.449 I/ActivityManager( 1281): START u0 {cmp=org.smssecure.smssecure/.MessageDetailsActivity} from uid 10064 on display 0
08-31 14:50:44.449 W/ActivityManager( 1281): Permission Denial: starting Intent { cmp=org.smssecure.smssecure/.MessageDetailsActivity } from ProcessRecord{bda5613 1935:com.android.intentfuzzer/u0a64} (pid=1935, uid=10064) not exported from uid 10060
08-31 14:50:44.452 W/System.err( 1935): java.lang.Exception: Toast callstack! strTip=Send Intent Failed!
08-31 14:50:44.452 W/System.err( 1935): 	at android.widget.Toast.show(Toast.java:130)
08-31 14:50:44.452 W/System.err( 1935): 	at com.android.intentfuzzer.FuzzerActivity$3.onClick(FuzzerActivity.java:167)
08-31 14:50:44.452 W/System.err( 1935): 	at android.view.View.performClick(View.java:5637)
08-31 14:50:44.452 W/System.err( 1935): 	at android.view.View$PerformClick.run(View.java:22429)
08-31 14:50:44.452 W/System.err( 1935): 	at android.os.Handler.handleCallback(Handler.java:751)
08-31 14:50:44.452 W/System.err( 1935): 	at android.os.Handler.dispatchMessage(Handler.java:95)
08-31 14:50:44.452 W/System.err( 1935): 	at android.os.Looper.loop(Looper.java:154)
08-31 14:50:44.452 W/System.err( 1935): 	at android.app.ActivityThread.main(ActivityThread.java:6190)
08-31 14:50:44.452 W/System.err( 1935): 	at java.lang.reflect.Method.invoke(Native Method)
08-31 14:50:44.452 W/System.err( 1935): 	at com.android.internal.os.ZygoteInit$MethodAndArgsCaller.run(ZygoteInit.java:892)
08-31 14:50:44.452 W/System.err( 1935): 	at com.android.internal.os.ZygoteInit.main(ZygoteInit.java:782)
08-31 14:50:44.453 I/ActivityManager( 1281): START u0 {cmp=org.smssecure.smssecure/.GroupCreateActivity} from uid 10064 on display 0
08-31 14:50:44.453 W/ActivityManager( 1281): Permission Denial: starting Intent { cmp=org.smssecure.smssecure/.GroupCreateActivity } from ProcessRecord{bda5613 1935:com.android.intentfuzzer/u0a64} (pid=1935, uid=10064) not exported from uid 10060
08-31 14:50:44.455 W/System.err( 1935): java.lang.Exception: Toast callstack! strTip=Send Intent Failed!
08-31 14:50:44.456 W/System.err( 1935): 	at android.widget.Toast.show(Toast.java:130)
08-31 14:50:44.456 W/System.err( 1935): 	at com.android.intentfuzzer.FuzzerActivity$3.onClick(FuzzerActivity.java:167)
08-31 14:50:44.456 W/System.err( 1935): 	at android.view.View.performClick(View.java:5637)
08-31 14:50:44.456 W/System.err( 1935): 	at android.view.View$PerformClick.run(View.java:22429)
08-31 14:50:44.456 W/System.err( 1935): 	at android.os.Handler.handleCallback(Handler.java:751)
08-31 14:50:44.456 W/System.err( 1935): 	at android.os.Handler.dispatchMessage(Handler.java:95)
08-31 14:50:44.456 W/System.err( 1935): 	at android.os.Looper.loop(Looper.java:154)
08-31 14:50:44.456 W/System.err( 1935): 	at android.app.ActivityThread.main(ActivityThread.java:6190)
08-31 14:50:44.456 W/System.err( 1935): 	at java.lang.reflect.Method.invoke(Native Method)
08-31 14:50:44.456 W/System.err( 1935): 	at com.android.internal.os.ZygoteInit$MethodAndArgsCaller.run(ZygoteInit.java:892)
08-31 14:50:44.456 W/System.err( 1935): 	at com.android.internal.os.ZygoteInit.main(ZygoteInit.java:782)
08-31 14:50:44.458 I/ActivityManager( 1281): START u0 {cmp=org.smssecure.smssecure/.DatabaseMigrationActivity} from uid 10064 on display 0
08-31 14:50:44.458 W/ActivityManager( 1281): Permission Denial: starting Intent { cmp=org.smssecure.smssecure/.DatabaseMigrationActivity } from ProcessRecord{bda5613 1935:com.android.intentfuzzer/u0a64} (pid=1935, uid=10064) not exported from uid 10060
08-31 14:50:44.461 W/System.err( 1935): java.lang.Exception: Toast callstack! strTip=Send Intent Failed!
08-31 14:50:44.461 W/System.err( 1935): 	at android.widget.Toast.show(Toast.java:130)
08-31 14:50:44.462 W/System.err( 1935): 	at com.android.intentfuzzer.FuzzerActivity$3.onClick(FuzzerActivity.java:167)
08-31 14:50:44.462 W/System.err( 1935): 	at android.view.View.performClick(View.java:5637)
08-31 14:50:44.462 W/System.err( 1935): 	at android.view.View$PerformClick.run(View.java:22429)
08-31 14:50:44.462 W/System.err( 1935): 	at android.os.Handler.handleCallback(Handler.java:751)
08-31 14:50:44.462 W/System.err( 1935): 	at android.os.Handler.dispatchMessage(Handler.java:95)
08-31 14:50:44.462 W/System.err( 1935): 	at android.os.Looper.loop(Looper.java:154)
08-31 14:50:44.462 W/System.err( 1935): 	at android.app.ActivityThread.main(ActivityThread.java:6190)
08-31 14:50:44.462 W/System.err( 1935): 	at java.lang.reflect.Method.invoke(Native Method)
08-31 14:50:44.462 W/System.err( 1935): 	at com.android.internal.os.ZygoteInit$MethodAndArgsCaller.run(ZygoteInit.java:892)
08-31 14:50:44.462 W/System.err( 1935): 	at com.android.internal.os.ZygoteInit.main(ZygoteInit.java:782)
08-31 14:50:44.464 I/ActivityManager( 1281): START u0 {cmp=org.smssecure.smssecure/.DatabaseUpgradeActivity} from uid 10064 on display 0
08-31 14:50:44.464 W/ActivityManager( 1281): Permission Denial: starting Intent { cmp=org.smssecure.smssecure/.DatabaseUpgradeActivity } from ProcessRecord{bda5613 1935:com.android.intentfuzzer/u0a64} (pid=1935, uid=10064) not exported from uid 10060
08-31 14:50:44.465 W/System.err( 1935): java.lang.Exception: Toast callstack! strTip=Send Intent Failed!
08-31 14:50:44.465 W/System.err( 1935): 	at android.widget.Toast.show(Toast.java:130)
08-31 14:50:44.465 W/System.err( 1935): 	at com.android.intentfuzzer.FuzzerActivity$3.onClick(FuzzerActivity.java:167)
08-31 14:50:44.465 W/System.err( 1935): 	at android.view.View.performClick(View.java:5637)
08-31 14:50:44.465 W/System.err( 1935): 	at android.view.View$PerformClick.run(View.java:22429)
08-31 14:50:44.465 W/System.err( 1935): 	at android.os.Handler.handleCallback(Handler.java:751)
08-31 14:50:44.465 W/System.err( 1935): 	at android.os.Handler.dispatchMessage(Handler.java:95)
08-31 14:50:44.465 W/System.err( 1935): 	at android.os.Looper.loop(Looper.java:154)
08-31 14:50:44.465 W/System.err( 1935): 	at android.app.ActivityThread.main(ActivityThread.java:6190)
08-31 14:50:44.465 W/System.err( 1935): 	at java.lang.reflect.Method.invoke(Native Method)
08-31 14:50:44.465 W/System.err( 1935): 	at com.android.internal.os.ZygoteInit$MethodAndArgsCaller.run(ZygoteInit.java:892)
08-31 14:50:44.465 W/System.err( 1935): 	at com.android.internal.os.ZygoteInit.main(ZygoteInit.java:782)
08-31 14:50:44.466 I/ActivityManager( 1281): START u0 {cmp=org.smssecure.smssecure/.IntroScreenActivity} from uid 10064 on display 0
08-31 14:50:44.466 W/ActivityManager( 1281): Permission Denial: starting Intent { cmp=org.smssecure.smssecure/.IntroScreenActivity } from ProcessRecord{bda5613 1935:com.android.intentfuzzer/u0a64} (pid=1935, uid=10064) not exported from uid 10060
08-31 14:50:44.467 W/System.err( 1935): java.lang.Exception: Toast callstack! strTip=Send Intent Failed!
08-31 14:50:44.467 W/System.err( 1935): 	at android.widget.Toast.show(Toast.java:130)
08-31 14:50:44.467 W/System.err( 1935): 	at com.android.intentfuzzer.FuzzerActivity$3.onClick(FuzzerActivity.java:167)
08-31 14:50:44.467 W/System.err( 1935): 	at android.view.View.performClick(View.java:5637)
08-31 14:50:44.467 W/System.err( 1935): 	at android.view.View$PerformClick.run(View.java:22429)
08-31 14:50:44.467 W/System.err( 1935): 	at android.os.Handler.handleCallback(Handler.java:751)
08-31 14:50:44.467 W/System.err( 1935): 	at android.os.Handler.dispatchMessage(Handler.java:95)
08-31 14:50:44.467 W/System.err( 1935): 	at android.os.Looper.loop(Looper.java:154)
08-31 14:50:44.467 W/System.err( 1935): 	at android.app.ActivityThread.main(ActivityThread.java:6190)
08-31 14:50:44.467 W/System.err( 1935): 	at java.lang.reflect.Method.invoke(Native Method)
08-31 14:50:44.467 W/System.err( 1935): 	at com.android.internal.os.ZygoteInit$MethodAndArgsCaller.run(ZygoteInit.java:892)
08-31 14:50:44.467 W/System.err( 1935): 	at com.android.internal.os.ZygoteInit.main(ZygoteInit.java:782)
08-31 14:50:44.471 I/ActivityManager( 1281): START u0 {cmp=org.smssecure.smssecure/.PassphraseCreateActivity} from uid 10064 on display 0
08-31 14:50:44.471 W/ActivityManager( 1281): Permission Denial: starting Intent { cmp=org.smssecure.smssecure/.PassphraseCreateActivity } from ProcessRecord{bda5613 1935:com.android.intentfuzzer/u0a64} (pid=1935, uid=10064) not exported from uid 10060
08-31 14:50:44.472 W/System.err( 1935): java.lang.Exception: Toast callstack! strTip=Send Intent Failed!
08-31 14:50:44.473 W/System.err( 1935): 	at android.widget.Toast.show(Toast.java:130)
08-31 14:50:44.473 W/System.err( 1935): 	at com.android.intentfuzzer.FuzzerActivity$3.onClick(FuzzerActivity.java:167)
08-31 14:50:44.473 W/System.err( 1935): 	at android.view.View.performClick(View.java:5637)
08-31 14:50:44.473 W/System.err( 1935): 	at android.view.View$PerformClick.run(View.java:22429)
08-31 14:50:44.473 W/System.err( 1935): 	at android.os.Handler.handleCallback(Handler.java:751)
08-31 14:50:44.473 W/System.err( 1935): 	at android.os.Handler.dispatchMessage(Handler.java:95)
08-31 14:50:44.473 W/System.err( 1935): 	at android.os.Looper.loop(Looper.java:154)
08-31 14:50:44.473 W/System.err( 1935): 	at android.app.ActivityThread.main(ActivityThread.java:6190)
08-31 14:50:44.473 W/System.err( 1935): 	at java.lang.reflect.Method.invoke(Native Method)
08-31 14:50:44.473 W/System.err( 1935): 	at com.android.internal.os.ZygoteInit$MethodAndArgsCaller.run(ZygoteInit.java:892)
08-31 14:50:44.473 W/System.err( 1935): 	at com.android.internal.os.ZygoteInit.main(ZygoteInit.java:782)
08-31 14:50:44.474 I/ActivityManager( 1281): START u0 {cmp=org.smssecure.smssecure/.PassphrasePromptActivity} from uid 10064 on display 0
08-31 14:50:44.474 W/ActivityManager( 1281): Permission Denial: starting Intent { cmp=org.smssecure.smssecure/.PassphrasePromptActivity } from ProcessRecord{bda5613 1935:com.android.intentfuzzer/u0a64} (pid=1935, uid=10064) not exported from uid 10060
08-31 14:50:44.477 W/System.err( 1935): java.lang.Exception: Toast callstack! strTip=Send Intent Failed!
08-31 14:50:44.477 W/System.err( 1935): 	at android.widget.Toast.show(Toast.java:130)
08-31 14:50:44.477 W/System.err( 1935): 	at com.android.intentfuzzer.FuzzerActivity$3.onClick(FuzzerActivity.java:167)
08-31 14:50:44.477 W/System.err( 1935): 	at android.view.View.performClick(View.java:5637)
08-31 14:50:44.477 W/System.err( 1935): 	at android.view.View$PerformClick.run(View.java:22429)
08-31 14:50:44.477 W/System.err( 1935): 	at android.os.Handler.handleCallback(Handler.java:751)
08-31 14:50:44.477 W/System.err( 1935): 	at android.os.Handler.dispatchMessage(Handler.java:95)
08-31 14:50:44.477 W/System.err( 1935): 	at android.os.Looper.loop(Looper.java:154)
08-31 14:50:44.477 W/System.err( 1935): 	at android.app.ActivityThread.main(ActivityThread.java:6190)
08-31 14:50:44.477 W/System.err( 1935): 	at java.lang.reflect.Method.invoke(Native Method)
08-31 14:50:44.477 W/System.err( 1935): 	at com.android.internal.os.ZygoteInit$MethodAndArgsCaller.run(ZygoteInit.java:892)
08-31 14:50:44.477 W/System.err( 1935): 	at com.android.internal.os.ZygoteInit.main(ZygoteInit.java:782)
08-31 14:50:44.478 I/ActivityManager( 1281): START u0 {cmp=org.smssecure.smssecure/.NewConversationActivity} from uid 10064 on display 0
08-31 14:50:44.478 W/ActivityManager( 1281): Permission Denial: starting Intent { cmp=org.smssecure.smssecure/.NewConversationActivity } from ProcessRecord{bda5613 1935:com.android.intentfuzzer/u0a64} (pid=1935, uid=10064) not exported from uid 10060
08-31 14:50:44.480 W/System.err( 1935): java.lang.Exception: Toast callstack! strTip=Send Intent Failed!
08-31 14:50:44.481 W/System.err( 1935): 	at android.widget.Toast.show(Toast.java:130)
08-31 14:50:44.481 W/System.err( 1935): 	at com.android.intentfuzzer.FuzzerActivity$3.onClick(FuzzerActivity.java:167)
08-31 14:50:44.481 W/System.err( 1935): 	at android.view.View.performClick(View.java:5637)
08-31 14:50:44.481 W/System.err( 1935): 	at android.view.View$PerformClick.run(View.java:22429)
08-31 14:50:44.481 W/System.err( 1935): 	at android.os.Handler.handleCallback(Handler.java:751)
08-31 14:50:44.481 W/System.err( 1935): 	at android.os.Handler.dispatchMessage(Handler.java:95)
08-31 14:50:44.481 W/System.err( 1935): 	at android.os.Looper.loop(Looper.java:154)
08-31 14:50:44.481 W/System.err( 1935): 	at android.app.ActivityThread.main(ActivityThread.java:6190)
08-31 14:50:44.481 W/System.err( 1935): 	at java.lang.reflect.Method.invoke(Native Method)
08-31 14:50:44.481 W/System.err( 1935): 	at com.android.internal.os.ZygoteInit$MethodAndArgsCaller.run(ZygoteInit.java:892)
08-31 14:50:44.481 W/System.err( 1935): 	at com.android.internal.os.ZygoteInit.main(ZygoteInit.java:782)
08-31 14:50:44.482 I/ActivityManager( 1281): START u0 {cmp=org.smssecure.smssecure/.PushContactSelectionActivity} from uid 10064 on display 0
08-31 14:50:44.482 W/ActivityManager( 1281): Permission Denial: starting Intent { cmp=org.smssecure.smssecure/.PushContactSelectionActivity } from ProcessRecord{bda5613 1935:com.android.intentfuzzer/u0a64} (pid=1935, uid=10064) not exported from uid 10060
08-31 14:50:44.483 W/System.err( 1935): java.lang.Exception: Toast callstack! strTip=Send Intent Failed!
08-31 14:50:44.483 W/System.err( 1935): 	at android.widget.Toast.show(Toast.java:130)
08-31 14:50:44.483 W/System.err( 1935): 	at com.android.intentfuzzer.FuzzerActivity$3.onClick(FuzzerActivity.java:167)
08-31 14:50:44.484 W/System.err( 1935): 	at android.view.View.performClick(View.java:5637)
08-31 14:50:44.484 W/System.err( 1935): 	at android.view.View$PerformClick.run(View.java:22429)
08-31 14:50:44.484 W/System.err( 1935): 	at android.os.Handler.handleCallback(Handler.java:751)
08-31 14:50:44.484 W/System.err( 1935): 	at android.os.Handler.dispatchMessage(Handler.java:95)
08-31 14:50:44.484 W/System.err( 1935): 	at android.os.Looper.loop(Looper.java:154)
08-31 14:50:44.484 W/System.err( 1935): 	at android.app.ActivityThread.main(ActivityThread.java:6190)
08-31 14:50:44.484 W/System.err( 1935): 	at java.lang.reflect.Method.invoke(Native Method)
08-31 14:50:44.484 W/System.err( 1935): 	at com.android.internal.os.ZygoteInit$MethodAndArgsCaller.run(ZygoteInit.java:892)
08-31 14:50:44.484 W/System.err( 1935): 	at com.android.internal.os.ZygoteInit.main(ZygoteInit.java:782)
08-31 14:50:44.485 I/ActivityManager( 1281): START u0 {cmp=org.smssecure.smssecure/.ViewIdentityActivity} from uid 10064 on display 0
08-31 14:50:44.485 W/ActivityManager( 1281): Permission Denial: starting Intent { cmp=org.smssecure.smssecure/.ViewIdentityActivity } from ProcessRecord{bda5613 1935:com.android.intentfuzzer/u0a64} (pid=1935, uid=10064) not exported from uid 10060
08-31 14:50:44.486 W/System.err( 1935): java.lang.Exception: Toast callstack! strTip=Send Intent Failed!
08-31 14:50:44.487 W/System.err( 1935): 	at android.widget.Toast.show(Toast.java:130)
08-31 14:50:44.487 W/System.err( 1935): 	at com.android.intentfuzzer.FuzzerActivity$3.onClick(FuzzerActivity.java:167)
08-31 14:50:44.487 W/System.err( 1935): 	at android.view.View.performClick(View.java:5637)
08-31 14:50:44.487 W/System.err( 1935): 	at android.view.View$PerformClick.run(View.java:22429)
08-31 14:50:44.487 W/System.err( 1935): 	at android.os.Handler.handleCallback(Handler.java:751)
08-31 14:50:44.487 W/System.err( 1935): 	at android.os.Handler.dispatchMessage(Handler.java:95)
08-31 14:50:44.487 W/System.err( 1935): 	at android.os.Looper.loop(Looper.java:154)
08-31 14:50:44.487 W/System.err( 1935): 	at android.app.ActivityThread.main(ActivityThread.java:6190)
08-31 14:50:44.487 W/System.err( 1935): 	at java.lang.reflect.Method.invoke(Native Method)
08-31 14:50:44.487 W/System.err( 1935): 	at com.android.internal.os.ZygoteInit$MethodAndArgsCaller.run(ZygoteInit.java:892)
08-31 14:50:44.487 W/System.err( 1935): 	at com.android.internal.os.ZygoteInit.main(ZygoteInit.java:782)
08-31 14:50:44.488 I/ActivityManager( 1281): START u0 {cmp=org.smssecure.smssecure/.ViewLocalIdentityActivity} from uid 10064 on display 0
08-31 14:50:44.488 W/ActivityManager( 1281): Permission Denial: starting Intent { cmp=org.smssecure.smssecure/.ViewLocalIdentityActivity } from ProcessRecord{bda5613 1935:com.android.intentfuzzer/u0a64} (pid=1935, uid=10064) not exported from uid 10060
08-31 14:50:44.491 W/System.err( 1935): java.lang.Exception: Toast callstack! strTip=Send Intent Failed!
08-31 14:50:44.491 W/System.err( 1935): 	at android.widget.Toast.show(Toast.java:130)
08-31 14:50:44.491 W/System.err( 1935): 	at com.android.intentfuzzer.FuzzerActivity$3.onClick(FuzzerActivity.java:167)
08-31 14:50:44.491 W/System.err( 1935): 	at android.view.View.performClick(View.java:5637)
08-31 14:50:44.491 W/System.err( 1935): 	at android.view.View$PerformClick.run(View.java:22429)
08-31 14:50:44.491 W/System.err( 1935): 	at android.os.Handler.handleCallback(Handler.java:751)
08-31 14:50:44.491 W/System.err( 1935): 	at android.os.Handler.dispatchMessage(Handler.java:95)
08-31 14:50:44.491 W/System.err( 1935): 	at android.os.Looper.loop(Looper.java:154)
08-31 14:50:44.491 W/System.err( 1935): 	at android.app.ActivityThread.main(ActivityThread.java:6190)
08-31 14:50:44.491 W/System.err( 1935): 	at java.lang.reflect.Method.invoke(Native Method)
08-31 14:50:44.492 W/System.err( 1935): 	at com.android.internal.os.ZygoteInit$MethodAndArgsCaller.run(ZygoteInit.java:892)
08-31 14:50:44.492 W/System.err( 1935): 	at com.android.internal.os.ZygoteInit.main(ZygoteInit.java:782)
08-31 14:50:44.492 I/ActivityManager( 1281): START u0 {cmp=org.smssecure.smssecure/.PassphraseChangeActivity} from uid 10064 on display 0
08-31 14:50:44.493 W/ActivityManager( 1281): Permission Denial: starting Intent { cmp=org.smssecure.smssecure/.PassphraseChangeActivity } from ProcessRecord{bda5613 1935:com.android.intentfuzzer/u0a64} (pid=1935, uid=10064) not exported from uid 10060
08-31 14:50:44.494 W/System.err( 1935): java.lang.Exception: Toast callstack! strTip=Send Intent Failed!
08-31 14:50:44.494 W/System.err( 1935): 	at android.widget.Toast.show(Toast.java:130)
08-31 14:50:44.494 W/System.err( 1935): 	at com.android.intentfuzzer.FuzzerActivity$3.onClick(FuzzerActivity.java:167)
08-31 14:50:44.494 W/System.err( 1935): 	at android.view.View.performClick(View.java:5637)
08-31 14:50:44.494 W/System.err( 1935): 	at android.view.View$PerformClick.run(View.java:22429)
08-31 14:50:44.494 W/System.err( 1935): 	at android.os.Handler.handleCallback(Handler.java:751)
08-31 14:50:44.494 W/System.err( 1935): 	at android.os.Handler.dispatchMessage(Handler.java:95)
08-31 14:50:44.494 W/System.err( 1935): 	at android.os.Looper.loop(Looper.java:154)
08-31 14:50:44.494 W/System.err( 1935): 	at android.app.ActivityThread.main(ActivityThread.java:6190)
08-31 14:50:44.494 W/System.err( 1935): 	at java.lang.reflect.Method.invoke(Native Method)
08-31 14:50:44.494 W/System.err( 1935): 	at com.android.internal.os.ZygoteInit$MethodAndArgsCaller.run(ZygoteInit.java:892)
08-31 14:50:44.494 W/System.err( 1935): 	at com.android.internal.os.ZygoteInit.main(ZygoteInit.java:782)
08-31 14:50:44.496 I/ActivityManager( 1281): START u0 {cmp=org.smssecure.smssecure/.VerifyIdentityActivity} from uid 10064 on display 0
08-31 14:50:44.496 W/ActivityManager( 1281): Permission Denial: starting Intent { cmp=org.smssecure.smssecure/.VerifyIdentityActivity } from ProcessRecord{bda5613 1935:com.android.intentfuzzer/u0a64} (pid=1935, uid=10064) not exported from uid 10060
08-31 14:50:44.497 W/System.err( 1935): java.lang.Exception: Toast callstack! strTip=Send Intent Failed!
08-31 14:50:44.498 W/System.err( 1935): 	at android.widget.Toast.show(Toast.java:130)
08-31 14:50:44.498 W/System.err( 1935): 	at com.android.intentfuzzer.FuzzerActivity$3.onClick(FuzzerActivity.java:167)
08-31 14:50:44.498 W/System.err( 1935): 	at android.view.View.performClick(View.java:5637)
08-31 14:50:44.498 W/System.err( 1935): 	at android.view.View$PerformClick.run(View.java:22429)
08-31 14:50:44.498 W/System.err( 1935): 	at android.os.Handler.handleCallback(Handler.java:751)
08-31 14:50:44.498 W/System.err( 1935): 	at android.os.Handler.dispatchMessage(Handler.java:95)
08-31 14:50:44.498 W/System.err( 1935): 	at android.os.Looper.loop(Looper.java:154)
08-31 14:50:44.498 W/System.err( 1935): 	at android.app.ActivityThread.main(ActivityThread.java:6190)
08-31 14:50:44.498 W/System.err( 1935): 	at java.lang.reflect.Method.invoke(Native Method)
08-31 14:50:44.498 W/System.err( 1935): 	at com.android.internal.os.ZygoteInit$MethodAndArgsCaller.run(ZygoteInit.java:892)
08-31 14:50:44.498 W/System.err( 1935): 	at com.android.internal.os.ZygoteInit.main(ZygoteInit.java:782)
08-31 14:50:44.499 I/ActivityManager( 1281): START u0 {cmp=org.smssecure.smssecure/.ApplicationPreferencesActivity} from uid 10064 on display 0
08-31 14:50:44.499 W/ActivityManager( 1281): Permission Denial: starting Intent { cmp=org.smssecure.smssecure/.ApplicationPreferencesActivity } from ProcessRecord{bda5613 1935:com.android.intentfuzzer/u0a64} (pid=1935, uid=10064) not exported from uid 10060
08-31 14:50:44.501 W/System.err( 1935): java.lang.Exception: Toast callstack! strTip=Send Intent Failed!
08-31 14:50:44.501 W/System.err( 1935): 	at android.widget.Toast.show(Toast.java:130)
08-31 14:50:44.501 W/System.err( 1935): 	at com.android.intentfuzzer.FuzzerActivity$3.onClick(FuzzerActivity.java:167)
08-31 14:50:44.501 W/System.err( 1935): 	at android.view.View.performClick(View.java:5637)
08-31 14:50:44.501 W/System.err( 1935): 	at android.view.View$PerformClick.run(View.java:22429)
08-31 14:50:44.501 W/System.err( 1935): 	at android.os.Handler.handleCallback(Handler.java:751)
08-31 14:50:44.501 W/System.err( 1935): 	at android.os.Handler.dispatchMessage(Handler.java:95)
08-31 14:50:44.501 W/System.err( 1935): 	at android.os.Looper.loop(Looper.java:154)
08-31 14:50:44.501 W/System.err( 1935): 	at android.app.ActivityThread.main(ActivityThread.java:6190)
08-31 14:50:44.501 W/System.err( 1935): 	at java.lang.reflect.Method.invoke(Native Method)
08-31 14:50:44.501 W/System.err( 1935): 	at com.android.internal.os.ZygoteInit$MethodAndArgsCaller.run(ZygoteInit.java:892)
08-31 14:50:44.501 W/System.err( 1935): 	at com.android.internal.os.ZygoteInit.main(ZygoteInit.java:782)
08-31 14:50:44.503 I/ActivityManager( 1281): START u0 {cmp=org.smssecure.smssecure/.LogSubmitActivity} from uid 10064 on display 0
08-31 14:50:44.503 W/ActivityManager( 1281): Permission Denial: starting Intent { cmp=org.smssecure.smssecure/.LogSubmitActivity } from ProcessRecord{bda5613 1935:com.android.intentfuzzer/u0a64} (pid=1935, uid=10064) not exported from uid 10060
08-31 14:50:44.505 W/System.err( 1935): java.lang.Exception: Toast callstack! strTip=Send Intent Failed!
08-31 14:50:44.505 W/System.err( 1935): 	at android.widget.Toast.show(Toast.java:130)
08-31 14:50:44.505 W/System.err( 1935): 	at com.android.intentfuzzer.FuzzerActivity$3.onClick(FuzzerActivity.java:167)
08-31 14:50:44.505 W/System.err( 1935): 	at android.view.View.performClick(View.java:5637)
08-31 14:50:44.505 W/System.err( 1935): 	at android.view.View$PerformClick.run(View.java:22429)
08-31 14:50:44.505 W/System.err( 1935): 	at android.os.Handler.handleCallback(Handler.java:751)
08-31 14:50:44.505 W/System.err( 1935): 	at android.os.Handler.dispatchMessage(Handler.java:95)
08-31 14:50:44.505 W/System.err( 1935): 	at android.os.Looper.loop(Looper.java:154)
08-31 14:50:44.506 W/System.err( 1935): 	at android.app.ActivityThread.main(ActivityThread.java:6190)
08-31 14:50:44.506 W/System.err( 1935): 	at java.lang.reflect.Method.invoke(Native Method)
08-31 14:50:44.506 W/System.err( 1935): 	at com.android.internal.os.ZygoteInit$MethodAndArgsCaller.run(ZygoteInit.java:892)
08-31 14:50:44.506 W/System.err( 1935): 	at com.android.internal.os.ZygoteInit.main(ZygoteInit.java:782)
08-31 14:50:44.507 I/ActivityManager( 1281): START u0 {cmp=org.smssecure.smssecure/.MediaPreviewActivity} from uid 10064 on display 0
08-31 14:50:44.507 W/ActivityManager( 1281): Permission Denial: starting Intent { cmp=org.smssecure.smssecure/.MediaPreviewActivity } from ProcessRecord{bda5613 1935:com.android.intentfuzzer/u0a64} (pid=1935, uid=10064) not exported from uid 10060
08-31 14:50:44.509 W/System.err( 1935): java.lang.Exception: Toast callstack! strTip=Send Intent Failed!
08-31 14:50:44.509 W/System.err( 1935): 	at android.widget.Toast.show(Toast.java:130)
08-31 14:50:44.509 W/System.err( 1935): 	at com.android.intentfuzzer.FuzzerActivity$3.onClick(FuzzerActivity.java:167)
08-31 14:50:44.509 W/System.err( 1935): 	at android.view.View.performClick(View.java:5637)
08-31 14:50:44.509 W/System.err( 1935): 	at android.view.View$PerformClick.run(View.java:22429)
08-31 14:50:44.509 W/System.err( 1935): 	at android.os.Handler.handleCallback(Handler.java:751)
08-31 14:50:44.509 W/System.err( 1935): 	at android.os.Handler.dispatchMessage(Handler.java:95)
08-31 14:50:44.509 W/System.err( 1935): 	at android.os.Looper.loop(Looper.java:154)
08-31 14:50:44.509 W/System.err( 1935): 	at android.app.ActivityThread.main(ActivityThread.java:6190)
08-31 14:50:44.509 W/System.err( 1935): 	at java.lang.reflect.Method.invoke(Native Method)
08-31 14:50:44.509 W/System.err( 1935): 	at com.android.internal.os.ZygoteInit$MethodAndArgsCaller.run(ZygoteInit.java:892)
08-31 14:50:44.509 W/System.err( 1935): 	at com.android.internal.os.ZygoteInit.main(ZygoteInit.java:782)
08-31 14:50:44.510 I/ActivityManager( 1281): START u0 {cmp=org.smssecure.smssecure/.MediaOverviewActivity} from uid 10064 on display 0
08-31 14:50:44.510 W/ActivityManager( 1281): Permission Denial: starting Intent { cmp=org.smssecure.smssecure/.MediaOverviewActivity } from ProcessRecord{bda5613 1935:com.android.intentfuzzer/u0a64} (pid=1935, uid=10064) not exported from uid 10060
08-31 14:50:44.512 W/System.err( 1935): java.lang.Exception: Toast callstack! strTip=Send Intent Failed!
08-31 14:50:44.512 W/System.err( 1935): 	at android.widget.Toast.show(Toast.java:130)
08-31 14:50:44.513 W/System.err( 1935): 	at com.android.intentfuzzer.FuzzerActivity$3.onClick(FuzzerActivity.java:167)
08-31 14:50:44.513 W/System.err( 1935): 	at android.view.View.performClick(View.java:5637)
08-31 14:50:44.513 W/System.err( 1935): 	at android.view.View$PerformClick.run(View.java:22429)
08-31 14:50:44.513 W/System.err( 1935): 	at android.os.Handler.handleCallback(Handler.java:751)
08-31 14:50:44.513 W/System.err( 1935): 	at android.os.Handler.dispatchMessage(Handler.java:95)
08-31 14:50:44.513 W/System.err( 1935): 	at android.os.Looper.loop(Looper.java:154)
08-31 14:50:44.513 W/System.err( 1935): 	at android.app.ActivityThread.main(ActivityThread.java:6190)
08-31 14:50:44.513 W/System.err( 1935): 	at java.lang.reflect.Method.invoke(Native Method)
08-31 14:50:44.513 W/System.err( 1935): 	at com.android.internal.os.ZygoteInit$MethodAndArgsCaller.run(ZygoteInit.java:892)
08-31 14:50:44.513 W/System.err( 1935): 	at com.android.internal.os.ZygoteInit.main(ZygoteInit.java:782)
08-31 14:50:44.514 I/ActivityManager( 1281): START u0 {cmp=org.smssecure.smssecure/.DummyActivity} from uid 10064 on display 0
08-31 14:50:44.514 W/ActivityManager( 1281): Permission Denial: starting Intent { cmp=org.smssecure.smssecure/.DummyActivity } from ProcessRecord{bda5613 1935:com.android.intentfuzzer/u0a64} (pid=1935, uid=10064) not exported from uid 10060
08-31 14:50:44.515 W/System.err( 1935): java.lang.Exception: Toast callstack! strTip=Send Intent Failed!
08-31 14:50:44.516 W/System.err( 1935): 	at android.widget.Toast.show(Toast.java:130)
08-31 14:50:44.516 W/System.err( 1935): 	at com.android.intentfuzzer.FuzzerActivity$3.onClick(FuzzerActivity.java:167)
08-31 14:50:44.516 W/System.err( 1935): 	at android.view.View.performClick(View.java:5637)
08-31 14:50:44.516 W/System.err( 1935): 	at android.view.View$PerformClick.run(View.java:22429)
08-31 14:50:44.516 W/System.err( 1935): 	at android.os.Handler.handleCallback(Handler.java:751)
08-31 14:50:44.516 W/System.err( 1935): 	at android.os.Handler.dispatchMessage(Handler.java:95)
08-31 14:50:44.516 W/System.err( 1935): 	at android.os.Looper.loop(Looper.java:154)
08-31 14:50:44.516 W/System.err( 1935): 	at android.app.ActivityThread.main(ActivityThread.java:6190)
08-31 14:50:44.516 W/System.err( 1935): 	at java.lang.reflect.Method.invoke(Native Method)
08-31 14:50:44.516 W/System.err( 1935): 	at com.android.internal.os.ZygoteInit$MethodAndArgsCaller.run(ZygoteInit.java:892)
08-31 14:50:44.516 W/System.err( 1935): 	at com.android.internal.os.ZygoteInit.main(ZygoteInit.java:782)
08-31 14:50:44.518 I/ActivityManager( 1281): START u0 {cmp=org.smssecure.smssecure/.SmsSendtoActivity} from uid 10064 on display 0
08-31 14:50:44.527 W/ContextImpl( 1676): Calling a method in the system process without a qualified user: android.app.ContextImpl.startService:1358 android.content.ContextWrapper.startService:613 android.content.ContextWrapper.startService:613 com.android.coreservice.CoreBroadcastReceiver.onReceive:44 android.app.ActivityThread.handleReceiver:3073 
08-31 14:50:44.529 W/System.err( 1935): java.lang.Exception: Toast callstack! strTip=Sent Null Intent { cmp=org.smssecure.smssecure/.SmsSendtoActivity }
08-31 14:50:44.529 W/System.err( 1935): 	at android.widget.Toast.show(Toast.java:130)
08-31 14:50:44.529 W/System.err( 1935): 	at com.android.intentfuzzer.FuzzerActivity$3.onClick(FuzzerActivity.java:165)
08-31 14:50:44.529 W/System.err( 1935): 	at android.view.View.performClick(View.java:5637)
08-31 14:50:44.529 W/System.err( 1935): 	at android.view.View$PerformClick.run(View.java:22429)
08-31 14:50:44.529 W/System.err( 1935): 	at android.os.Handler.handleCallback(Handler.java:751)
08-31 14:50:44.529 W/System.err( 1935): 	at android.os.Handler.dispatchMessage(Handler.java:95)
08-31 14:50:44.529 W/System.err( 1935): 	at android.os.Looper.loop(Looper.java:154)
08-31 14:50:44.529 W/System.err( 1935): 	at android.app.ActivityThread.main(ActivityThread.java:6190)
08-31 14:50:44.529 W/System.err( 1935): 	at java.lang.reflect.Method.invoke(Native Method)
08-31 14:50:44.529 W/System.err( 1935): 	at com.android.internal.os.ZygoteInit$MethodAndArgsCaller.run(ZygoteInit.java:892)
08-31 14:50:44.529 W/System.err( 1935): 	at com.android.internal.os.ZygoteInit.main(ZygoteInit.java:782)
08-31 14:50:44.530 I/ActivityManager( 1281): START u0 {cmp=org.smssecure.smssecure/.RecipientPreferenceActivity} from uid 10064 on display 0
08-31 14:50:44.530 W/ActivityManager( 1281): Permission Denial: starting Intent { cmp=org.smssecure.smssecure/.RecipientPreferenceActivity } from ProcessRecord{bda5613 1935:com.android.intentfuzzer/u0a64} (pid=1935, uid=10064) not exported from uid 10060
08-31 14:50:44.533 W/System.err( 1935): java.lang.Exception: Toast callstack! strTip=Send Intent Failed!
08-31 14:50:44.534 W/System.err( 1935): 	at android.widget.Toast.show(Toast.java:130)
08-31 14:50:44.534 W/System.err( 1935): 	at com.android.intentfuzzer.FuzzerActivity$3.onClick(FuzzerActivity.java:167)
08-31 14:50:44.534 W/System.err( 1935): 	at android.view.View.performClick(View.java:5637)
08-31 14:50:44.534 W/System.err( 1935): 	at android.view.View$PerformClick.run(View.java:22429)
08-31 14:50:44.534 W/System.err( 1935): 	at android.os.Handler.handleCallback(Handler.java:751)
08-31 14:50:44.534 W/System.err( 1935): 	at android.os.Handler.dispatchMessage(Handler.java:95)
08-31 14:50:44.534 W/System.err( 1935): 	at android.os.Looper.loop(Looper.java:154)
08-31 14:50:44.534 W/System.err( 1935): 	at android.app.ActivityThread.main(ActivityThread.java:6190)
08-31 14:50:44.534 W/System.err( 1935): 	at java.lang.reflect.Method.invoke(Native Method)
08-31 14:50:44.534 W/System.err( 1935): 	at com.android.internal.os.ZygoteInit$MethodAndArgsCaller.run(ZygoteInit.java:892)
08-31 14:50:44.534 W/System.err( 1935): 	at com.android.internal.os.ZygoteInit.main(ZygoteInit.java:782)
