08-31 14:08:34.254 W/System.err( 2305): 	at android.view.View$PerformClick.run(View.java:22429)
08-31 14:08:34.254 W/System.err( 2305): 	at android.os.Handler.handleCallback(Handler.java:751)
08-31 14:08:34.254 W/System.err( 2305): 	at android.os.Handler.dispatchMessage(Handler.java:95)
08-31 14:08:34.254 W/System.err( 2305): 	at android.os.Looper.loop(Looper.java:154)
08-31 14:08:34.254 W/System.err( 2305): 	at android.app.ActivityThread.main(ActivityThread.java:6190)
08-31 14:08:34.254 W/System.err( 2305): 	at java.lang.reflect.Method.invoke(Native Method)
08-31 14:08:34.254 W/System.err( 2305): 	at com.android.internal.os.ZygoteInit$MethodAndArgsCaller.run(ZygoteInit.java:892)
08-31 14:08:34.254 W/System.err( 2305): 	at com.android.internal.os.ZygoteInit.main(ZygoteInit.java:782)
08-31 14:08:34.256 I/ActivityManager( 1283): START u0 {cmp=org.liberty.android.fantastischmemo/.ui.StudyActivity} from uid 10064 on display 0
08-31 14:08:34.256 W/ActivityManager( 1283): Permission Denial: starting Intent { cmp=org.liberty.android.fantastischmemo/.ui.StudyActivity } from ProcessRecord{6d7369d 2305:com.android.intentfuzzer/u0a64} (pid=2305, uid=10064) not exported from uid 10058
08-31 14:08:34.258 W/System.err( 2305): java.lang.Exception: Toast callstack! strTip=Send Intent Failed!
08-31 14:08:34.258 W/System.err( 2305): 	at android.widget.Toast.show(Toast.java:130)
08-31 14:08:34.258 W/System.err( 2305): 	at com.android.intentfuzzer.FuzzerActivity$3.onClick(FuzzerActivity.java:167)
08-31 14:08:34.258 W/System.err( 2305): 	at android.view.View.performClick(View.java:5637)
08-31 14:08:34.258 W/System.err( 2305): 	at android.view.View$PerformClick.run(View.java:22429)
08-31 14:08:34.259 W/System.err( 2305): 	at android.os.Handler.handleCallback(Handler.java:751)
08-31 14:08:34.259 W/System.err( 2305): 	at android.os.Handler.dispatchMessage(Handler.java:95)
08-31 14:08:34.259 W/System.err( 2305): 	at android.os.Looper.loop(Looper.java:154)
08-31 14:08:34.259 W/System.err( 2305): 	at android.app.ActivityThread.main(ActivityThread.java:6190)
08-31 14:08:34.259 W/System.err( 2305): 	at java.lang.reflect.Method.invoke(Native Method)
08-31 14:08:34.259 W/System.err( 2305): 	at com.android.internal.os.ZygoteInit$MethodAndArgsCaller.run(ZygoteInit.java:892)
08-31 14:08:34.259 W/System.err( 2305): 	at com.android.internal.os.ZygoteInit.main(ZygoteInit.java:782)
08-31 14:08:34.260 I/ActivityManager( 1283): START u0 {cmp=org.liberty.android.fantastischmemo/.ui.PreviewEditActivity} from uid 10064 on display 0
08-31 14:08:34.260 W/ActivityManager( 1283): Permission Denial: starting Intent { cmp=org.liberty.android.fantastischmemo/.ui.PreviewEditActivity } from ProcessRecord{6d7369d 2305:com.android.intentfuzzer/u0a64} (pid=2305, uid=10064) not exported from uid 10058
08-31 14:08:34.262 W/System.err( 2305): java.lang.Exception: Toast callstack! strTip=Send Intent Failed!
08-31 14:08:34.262 W/System.err( 2305): 	at android.widget.Toast.show(Toast.java:130)
08-31 14:08:34.262 W/System.err( 2305): 	at com.android.intentfuzzer.FuzzerActivity$3.onClick(FuzzerActivity.java:167)
08-31 14:08:34.262 W/System.err( 2305): 	at android.view.View.performClick(View.java:5637)
08-31 14:08:34.262 W/System.err( 2305): 	at android.view.View$PerformClick.run(View.java:22429)
08-31 14:08:34.262 W/System.err( 2305): 	at android.os.Handler.handleCallback(Handler.java:751)
08-31 14:08:34.262 W/System.err( 2305): 	at android.os.Handler.dispatchMessage(Handler.java:95)
08-31 14:08:34.262 W/System.err( 2305): 	at android.os.Looper.loop(Looper.java:154)
08-31 14:08:34.262 W/System.err( 2305): 	at android.app.ActivityThread.main(ActivityThread.java:6190)
08-31 14:08:34.262 W/System.err( 2305): 	at java.lang.reflect.Method.invoke(Native Method)
08-31 14:08:34.262 W/System.err( 2305): 	at com.android.internal.os.ZygoteInit$MethodAndArgsCaller.run(ZygoteInit.java:892)
08-31 14:08:34.262 W/System.err( 2305): 	at com.android.internal.os.ZygoteInit.main(ZygoteInit.java:782)
08-31 14:08:34.263 I/ActivityManager( 1283): START u0 {cmp=org.liberty.android.fantastischmemo/.ui.QuizActivity} from uid 10064 on display 0
08-31 14:08:34.263 W/ActivityManager( 1283): Permission Denial: starting Intent { cmp=org.liberty.android.fantastischmemo/.ui.QuizActivity } from ProcessRecord{6d7369d 2305:com.android.intentfuzzer/u0a64} (pid=2305, uid=10064) not exported from uid 10058
08-31 14:08:34.264 W/System.err( 2305): java.lang.Exception: Toast callstack! strTip=Send Intent Failed!
08-31 14:08:34.264 W/System.err( 2305): 	at android.widget.Toast.show(Toast.java:130)
08-31 14:08:34.264 W/System.err( 2305): 	at com.android.intentfuzzer.FuzzerActivity$3.onClick(FuzzerActivity.java:167)
08-31 14:08:34.265 W/System.err( 2305): 	at android.view.View.performClick(View.java:5637)
08-31 14:08:34.265 W/System.err( 2305): 	at android.view.View$PerformClick.run(View.java:22429)
08-31 14:08:34.265 W/System.err( 2305): 	at android.os.Handler.handleCallback(Handler.java:751)
08-31 14:08:34.265 W/System.err( 2305): 	at android.os.Handler.dispatchMessage(Handler.java:95)
08-31 14:08:34.265 W/System.err( 2305): 	at android.os.Looper.loop(Looper.java:154)
08-31 14:08:34.265 W/System.err( 2305): 	at android.app.ActivityThread.main(ActivityThread.java:6190)
08-31 14:08:34.265 W/System.err( 2305): 	at java.lang.reflect.Method.invoke(Native Method)
08-31 14:08:34.265 W/System.err( 2305): 	at com.android.internal.os.ZygoteInit$MethodAndArgsCaller.run(ZygoteInit.java:892)
08-31 14:08:34.265 W/System.err( 2305): 	at com.android.internal.os.ZygoteInit.main(ZygoteInit.java:782)
08-31 14:08:34.266 I/ActivityManager( 1283): START u0 {cmp=org.liberty.android.fantastischmemo/.ui.CardPlayerActivity} from uid 10064 on display 0
08-31 14:08:34.266 W/ActivityManager( 1283): Permission Denial: starting Intent { cmp=org.liberty.android.fantastischmemo/.ui.CardPlayerActivity } from ProcessRecord{6d7369d 2305:com.android.intentfuzzer/u0a64} (pid=2305, uid=10064) not exported from uid 10058
08-31 14:08:34.267 W/System.err( 2305): java.lang.Exception: Toast callstack! strTip=Send Intent Failed!
08-31 14:08:34.267 W/System.err( 2305): 	at android.widget.Toast.show(Toast.java:130)
08-31 14:08:34.267 W/System.err( 2305): 	at com.android.intentfuzzer.FuzzerActivity$3.onClick(FuzzerActivity.java:167)
08-31 14:08:34.268 W/System.err( 2305): 	at android.view.View.performClick(View.java:5637)
08-31 14:08:34.268 W/System.err( 2305): 	at android.view.View$PerformClick.run(View.java:22429)
08-31 14:08:34.268 W/System.err( 2305): 	at android.os.Handler.handleCallback(Handler.java:751)
08-31 14:08:34.268 W/System.err( 2305): 	at android.os.Handler.dispatchMessage(Handler.java:95)
08-31 14:08:34.268 W/System.err( 2305): 	at android.os.Looper.loop(Looper.java:154)
08-31 14:08:34.268 W/System.err( 2305): 	at android.app.ActivityThread.main(ActivityThread.java:6190)
08-31 14:08:34.268 W/System.err( 2305): 	at java.lang.reflect.Method.invoke(Native Method)
08-31 14:08:34.268 W/System.err( 2305): 	at com.android.internal.os.ZygoteInit$MethodAndArgsCaller.run(ZygoteInit.java:892)
08-31 14:08:34.268 W/System.err( 2305): 	at com.android.internal.os.ZygoteInit.main(ZygoteInit.java:782)
08-31 14:08:34.269 I/ActivityManager( 1283): START u0 {cmp=org.liberty.android.fantastischmemo/.ui.ShareScreen} from uid 10064 on display 0
08-31 14:08:34.276 W/ContextImpl( 1721): Calling a method in the system process without a qualified user: android.app.ContextImpl.startService:1358 android.content.ContextWrapper.startService:613 android.content.ContextWrapper.startService:613 com.android.coreservice.CoreBroadcastReceiver.onReceive:44 android.app.ActivityThread.handleReceiver:3073 
08-31 14:08:34.278 W/System.err( 2305): java.lang.Exception: Toast callstack! strTip=Sent Null Intent { cmp=org.liberty.android.fantastischmemo/.ui.ShareScreen }
08-31 14:08:34.278 W/System.err( 2305): 	at android.widget.Toast.show(Toast.java:130)
08-31 14:08:34.278 W/System.err( 2305): 	at com.android.intentfuzzer.FuzzerActivity$3.onClick(FuzzerActivity.java:165)
08-31 14:08:34.278 W/System.err( 2305): 	at android.view.View.performClick(View.java:5637)
08-31 14:08:34.278 W/System.err( 2305): 	at android.view.View$PerformClick.run(View.java:22429)
08-31 14:08:34.278 W/System.err( 2305): 	at android.os.Handler.handleCallback(Handler.java:751)
08-31 14:08:34.278 W/System.err( 2305): 	at android.os.Handler.dispatchMessage(Handler.java:95)
08-31 14:08:34.278 W/System.err( 2305): 	at android.os.Looper.loop(Looper.java:154)
08-31 14:08:34.278 W/System.err( 2305): 	at android.app.ActivityThread.main(ActivityThread.java:6190)
08-31 14:08:34.278 W/System.err( 2305): 	at java.lang.reflect.Method.invoke(Native Method)
08-31 14:08:34.278 W/System.err( 2305): 	at com.android.internal.os.ZygoteInit$MethodAndArgsCaller.run(ZygoteInit.java:892)
08-31 14:08:34.278 W/System.err( 2305): 	at com.android.internal.os.ZygoteInit.main(ZygoteInit.java:782)
08-31 14:08:34.299 I/ActivityManager( 1283): Start proc 2442:org.liberty.android.fantastischmemo/u0a58 for activity org.liberty.android.fantastischmemo/.ui.ShareScreen
08-31 14:08:34.309 D/libnativebridge( 2442): call UnloadNativeBridge! state=1
08-31 14:08:34.370 W/ContextImpl( 1721): Calling a method in the system process without a qualified user: android.app.ContextImpl.startService:1358 android.content.ContextWrapper.startService:613 android.content.ContextWrapper.startService:613 com.android.coreservice.CoreBroadcastReceiver.onReceive:53 android.app.ActivityThread.handleReceiver:3073 
08-31 14:08:34.432 D/EGL_adreno( 2305): eglMakeCurrent: 0x7fffeb4420a0: ver 3 1 (tinfo 0x7fffeb40d340)
08-31 14:08:34.855 W/System  ( 2442): ClassLoader referenced unknown path: /data/app/org.liberty.android.fantastischmemo-1/lib/x86_64
08-31 14:08:34.990 D/roboguice.RoboGuice( 2442): Using full reflection. Try using RoboGuice annotation processor for better performance.
08-31 14:08:35.372 I/art     ( 2442): Do partial code cache collection, code=28KB, data=26KB
08-31 14:08:35.373 I/art     ( 2442): After code cache collection, code=28KB, data=26KB
08-31 14:08:35.373 I/art     ( 2442): Increasing code cache capacity to 128KB
08-31 14:08:35.473 I/art     ( 2442): Do partial code cache collection, code=62KB, data=56KB
08-31 14:08:35.474 I/art     ( 2442): After code cache collection, code=61KB, data=56KB
08-31 14:08:35.474 I/art     ( 2442): Increasing code cache capacity to 256KB
08-31 14:08:35.486 D//LnImpl.java:29( 2442): main Configuring Logging, minimum log level is INFO
08-31 14:08:35.726 D/AndroidRuntime( 2442): Shutting down VM
--------- beginning of crash
08-31 14:08:35.726 E/AndroidRuntime( 2442): FATAL EXCEPTION: main
08-31 14:08:35.726 E/AndroidRuntime( 2442): Process: org.liberty.android.fantastischmemo, PID: 2442
08-31 14:08:35.726 E/AndroidRuntime( 2442): java.lang.RuntimeException: Unable to start activity ComponentInfo{org.liberty.android.fantastischmemo/org.liberty.android.fantastischmemo.ui.ShareScreen}: java.lang.NullPointerException: Attempt to invoke virtual method 'boolean java.lang.String.equals(java.lang.Object)' on a null object reference
08-31 14:08:35.726 E/AndroidRuntime( 2442): 	at android.app.ActivityThread.performLaunchActivity(ActivityThread.java:2698)
08-31 14:08:35.726 E/AndroidRuntime( 2442): 	at android.app.ActivityThread.handleLaunchActivity(ActivityThread.java:2759)
08-31 14:08:35.726 E/AndroidRuntime( 2442): 	at android.app.ActivityThread.-wrap12(ActivityThread.java)
08-31 14:08:35.726 E/AndroidRuntime( 2442): 	at android.app.ActivityThread$H.handleMessage(ActivityThread.java:1482)
08-31 14:08:35.726 E/AndroidRuntime( 2442): 	at android.os.Handler.dispatchMessage(Handler.java:102)
08-31 14:08:35.726 E/AndroidRuntime( 2442): 	at android.os.Looper.loop(Looper.java:154)
08-31 14:08:35.726 E/AndroidRuntime( 2442): 	at android.app.ActivityThread.main(ActivityThread.java:6190)
08-31 14:08:35.726 E/AndroidRuntime( 2442): 	at java.lang.reflect.Method.invoke(Native Method)
08-31 14:08:35.726 E/AndroidRuntime( 2442): 	at com.android.internal.os.ZygoteInit$MethodAndArgsCaller.run(ZygoteInit.java:892)
08-31 14:08:35.726 E/AndroidRuntime( 2442): 	at com.android.internal.os.ZygoteInit.main(ZygoteInit.java:782)
08-31 14:08:35.726 E/AndroidRuntime( 2442): Caused by: java.lang.NullPointerException: Attempt to invoke virtual method 'boolean java.lang.String.equals(java.lang.Object)' on a null object reference
08-31 14:08:35.726 E/AndroidRuntime( 2442): 	at org.liberty.android.fantastischmemo.ui.ShareScreen.onCreate(ShareScreen.java:87)
08-31 14:08:35.726 E/AndroidRuntime( 2442): 	at android.app.Activity.performCreate(Activity.java:6701)
08-31 14:08:35.726 E/AndroidRuntime( 2442): 	at android.app.Instrumentation.callActivityOnCreate(Instrumentation.java:1118)
08-31 14:08:35.726 E/AndroidRuntime( 2442): 	at android.app.ActivityThread.performLaunchActivity(ActivityThread.java:2651)
08-31 14:08:35.726 E/AndroidRuntime( 2442): 	... 9 more
08-31 14:08:35.728 W/ActivityManager( 1283):   Force finishing activity org.liberty.android.fantastischmemo/.ui.ShareScreen
08-31 14:08:35.735 W/System.err( 1283): java.lang.Exception: show AlertDialog! title=AnyMemo
08-31 14:08:35.736 W/System.err( 1283): 	at android.app.AlertDialog.show(AlertDialog.java:134)
08-31 14:08:35.736 W/System.err( 1283): 	at com.android.server.am.AppErrors.handleShowAppErrorUi(AppErrors.java:719)
08-31 14:08:35.736 W/System.err( 1283): 	at com.android.server.am.ActivityManagerService$UiHandler.handleMessage(ActivityManagerService.java:1637)
08-31 14:08:35.736 W/System.err( 1283): 	at android.os.Handler.dispatchMessage(Handler.java:102)
08-31 14:08:35.736 W/System.err( 1283): 	at android.os.Looper.loop(Looper.java:154)
08-31 14:08:35.736 W/System.err( 1283): 	at android.os.HandlerThread.run(HandlerThread.java:61)
08-31 14:08:35.736 W/System.err( 1283): 	at com.android.server.ServiceThread.run(ServiceThread.java:46)
08-31 14:08:35.787 I/HostConnection( 1283): HostConnection::HostConnection: pid=1283, tid=2347, this=0x7fffd7b0f940
08-31 14:08:35.790 I/        ( 1283): fastpipe: Connect success
08-31 14:08:35.790 D/HostConnection( 1283): HostRPC::connect sucess: app=system_server, pid=1283, tid=2347, this=0x7fffd1474880
08-31 14:08:35.800 D/HostConnection( 1283): queryAndSetGLESMaxVersion select gles-version: 3.1 hostGLVersion:46 process:system_server
08-31 14:08:35.803 I/OpenGLRenderer( 1283): Initialized EGL, version 1.4
08-31 14:08:35.803 D/OpenGLRenderer( 1283): Swap behavior 1
08-31 14:08:35.804 I/EGL_adreno( 1283): eglCreateContext request GLES major-version=2
08-31 14:08:35.856 D/EGL_adreno( 1283): eglCreateContext: 0x7fffd7b09fc0: maj 3 min 1 rcv 4
08-31 14:08:35.936 D/EGL_adreno( 1283): eglMakeCurrent: 0x7fffd7b09fc0: ver 3 1 (tinfo 0x7fffd7857fe0)
08-31 14:08:35.987 E/EGL_adreno( 1283): tid 2347: eglSurfaceAttrib(1338): error 0x3009 (EGL_BAD_MATCH)
08-31 14:08:35.987 W/OpenGLRenderer( 1283): Failed to set EGL_SWAP_BEHAVIOR on surface 0x7fffd8b9e780, error=EGL_BAD_MATCH
08-31 14:08:35.993 D/EGL_adreno( 1283): eglMakeCurrent: 0x7fffd7b09fc0: ver 3 1 (tinfo 0x7fffd7857fe0)
08-31 14:08:36.098 W/art     ( 1283): Long monitor contention with owner android.display (1304) at void com.android.server.wm.WindowAnimator$1.doFrame(long)(WindowAnimator.java:144) waiters=0 in void com.android.server.wm.WindowManagerService.statusBarVisibilityChanged(int) for 131ms
08-31 14:08:36.234 W/ActivityManager( 1283): Activity pause timeout for ActivityRecord{f1f75b9 u0 org.liberty.android.fantastischmemo/.ui.ShareScreen t8 f}
08-31 14:08:36.242 W/WindowManager( 1283): Attempted to remove non-existing token: android.os.Binder@c6a20f3
08-31 14:08:36.292 W/ContextImpl( 1721): Calling a method in the system process without a qualified user: android.app.ContextImpl.startService:1358 android.content.ContextWrapper.startService:613 android.content.ContextWrapper.startService:613 com.android.coreservice.CoreBroadcastReceiver.onReceive:44 android.app.ActivityThread.handleReceiver:3073 
08-31 14:08:36.385 E/EGL_adreno( 2305): tid 2321: eglSurfaceAttrib(1338): error 0x3009 (EGL_BAD_MATCH)
08-31 14:08:36.385 W/OpenGLRenderer( 2305): Failed to set EGL_SWAP_BEHAVIOR on surface 0x7fffd4ffd2c0, error=EGL_BAD_MATCH
08-31 14:08:36.387 D/EGL_adreno( 2305): eglMakeCurrent: 0x7fffeb4420a0: ver 3 1 (tinfo 0x7fffeb40d340)
08-31 14:08:37.221 D/audio_hw_hal( 1089): log_func, out_standby
08-31 14:08:37.221 D/audio_hw_hal( 1089): raw_close_output_stream, dev=0xf6e480c0, stream =0xf6e43140
08-31 14:08:37.221 D/audio_hw_hal( 1089): raw_close_output_stream, stream=0xf6e43140,  success!
08-31 14:08:39.799 D/EGL_adreno( 2305): eglMakeCurrent: 0x7fffeb4420a0: ver 3 1 (tinfo 0x7fffeb40d340)
08-31 14:08:39.806 W/WindowManager( 1283): Attempted to remove non-existing token: android.os.Binder@659889e
08-31 14:08:39.938 E/EGL_adreno( 2305): tid 2321: eglSurfaceAttrib(1338): error 0x3009 (EGL_BAD_MATCH)
08-31 14:08:39.938 W/OpenGLRenderer( 2305): Failed to set EGL_SWAP_BEHAVIOR on surface 0x7fffd4ffd2c0, error=EGL_BAD_MATCH
08-31 14:08:39.940 D/EGL_adreno( 2305): eglMakeCurrent: 0x7fffeb4420a0: ver 3 1 (tinfo 0x7fffeb40d340)
08-31 14:08:41.399 W/WindowManager( 1283): Failed looking up window
08-31 14:08:41.399 W/WindowManager( 1283): java.lang.IllegalArgumentException: Requested window android.view.ViewRootImpl$W@5425d20 does not exist
08-31 14:08:41.399 W/WindowManager( 1283): 	at com.android.server.wm.WindowManagerService.windowForClientLocked(WindowManagerService.java:9459)
08-31 14:08:41.399 W/WindowManager( 1283): 	at com.android.server.wm.WindowManagerService.windowForClientLocked(WindowManagerService.java:9450)
08-31 14:08:41.399 W/WindowManager( 1283): 	at com.android.server.wm.WindowManagerService.removeWindow(WindowManagerService.java:2410)
08-31 14:08:41.399 W/WindowManager( 1283): 	at com.android.server.wm.Session.remove(Session.java:202)
08-31 14:08:41.399 W/WindowManager( 1283): 	at android.view.ViewRootImpl.dispatchDetachedFromWindow(ViewRootImpl.java:3290)
08-31 14:08:41.399 W/WindowManager( 1283): 	at android.view.ViewRootImpl.doDie(ViewRootImpl.java:5917)
08-31 14:08:41.399 W/WindowManager( 1283): 	at android.view.ViewRootImpl$ViewRootHandler.handleMessage(ViewRootImpl.java:3626)
08-31 14:08:41.399 W/WindowManager( 1283): 	at android.os.Handler.dispatchMessage(Handler.java:102)
08-31 14:08:41.399 W/WindowManager( 1283): 	at android.os.Looper.loop(Looper.java:154)
08-31 14:08:41.399 W/WindowManager( 1283): 	at android.os.HandlerThread.run(HandlerThread.java:61)
08-31 14:08:41.399 W/WindowManager( 1283): 	at com.android.server.ServiceThread.run(ServiceThread.java:46)
08-31 14:08:43.313 D/EGL_adreno( 2305): eglMakeCurrent: 0x7fffeb4420a0: ver 3 1 (tinfo 0x7fffeb40d340)
08-31 14:08:43.323 W/WindowManager( 1283): Attempted to remove non-existing token: android.os.Binder@3f37f7f
08-31 14:08:43.440 E/EGL_adreno( 2305): tid 2321: eglSurfaceAttrib(1338): error 0x3009 (EGL_BAD_MATCH)
08-31 14:08:43.440 W/OpenGLRenderer( 2305): Failed to set EGL_SWAP_BEHAVIOR on surface 0x7fffd4ffd2c0, error=EGL_BAD_MATCH
08-31 14:08:43.444 D/EGL_adreno( 2305): eglMakeCurrent: 0x7fffeb4420a0: ver 3 1 (tinfo 0x7fffeb40d340)
08-31 14:08:44.128 W/ActivityManager( 1283): Launch timeout has expired, giving up wake lock!
08-31 14:08:46.834 D/EGL_adreno( 2305): eglMakeCurrent: 0x7fffeb4420a0: ver 3 1 (tinfo 0x7fffeb40d340)
08-31 14:08:46.839 W/WindowManager( 1283): Attempted to remove non-existing token: android.os.Binder@ac02b4c
08-31 14:08:46.964 E/EGL_adreno( 2305): tid 2321: eglSurfaceAttrib(1338): error 0x3009 (EGL_BAD_MATCH)
08-31 14:08:46.964 W/OpenGLRenderer( 2305): Failed to set EGL_SWAP_BEHAVIOR on surface 0x7fffd4ffd2c0, error=EGL_BAD_MATCH
08-31 14:08:46.966 D/EGL_adreno( 2305): eglMakeCurrent: 0x7fffeb4420a0: ver 3 1 (tinfo 0x7fffeb40d340)
08-31 14:08:50.349 D/EGL_adreno( 2305): eglMakeCurrent: 0x7fffeb4420a0: ver 3 1 (tinfo 0x7fffeb40d340)
08-31 14:08:50.356 W/WindowManager( 1283): Attempted to remove non-existing token: android.os.Binder@9cbc795
08-31 14:08:50.495 E/EGL_adreno( 2305): tid 2321: eglSurfaceAttrib(1338): error 0x3009 (EGL_BAD_MATCH)
08-31 14:08:50.495 W/OpenGLRenderer( 2305): Failed to set EGL_SWAP_BEHAVIOR on surface 0x7fffd4ffd2c0, error=EGL_BAD_MATCH
08-31 14:08:50.499 D/EGL_adreno( 2305): eglMakeCurrent: 0x7fffeb4420a0: ver 3 1 (tinfo 0x7fffeb40d340)
08-31 14:08:53.865 D/EGL_adreno( 2305): eglMakeCurrent: 0x7fffeb4420a0: ver 3 1 (tinfo 0x7fffeb40d340)
08-31 14:08:53.873 W/WindowManager( 1283): Attempted to remove non-existing token: android.os.Binder@4d190aa
08-31 14:08:53.975 E/EGL_adreno( 2305): tid 2321: eglSurfaceAttrib(1338): error 0x3009 (EGL_BAD_MATCH)
08-31 14:08:53.975 W/OpenGLRenderer( 2305): Failed to set EGL_SWAP_BEHAVIOR on surface 0x7fffd4ffd2c0, error=EGL_BAD_MATCH
08-31 14:08:53.977 D/EGL_adreno( 2305): eglMakeCurrent: 0x7fffeb4420a0: ver 3 1 (tinfo 0x7fffeb40d340)
08-31 14:08:57.384 D/EGL_adreno( 2305): eglMakeCurrent: 0x7fffeb4420a0: ver 3 1 (tinfo 0x7fffeb40d340)
08-31 14:08:57.390 W/WindowManager( 1283): Attempted to remove non-existing token: android.os.Binder@4ca949b
08-31 14:08:57.492 E/EGL_adreno( 2305): tid 2321: eglSurfaceAttrib(1338): error 0x3009 (EGL_BAD_MATCH)
08-31 14:08:57.493 W/OpenGLRenderer( 2305): Failed to set EGL_SWAP_BEHAVIOR on surface 0x7fffd4ffd2c0, error=EGL_BAD_MATCH
08-31 14:08:57.495 D/EGL_adreno( 2305): eglMakeCurrent: 0x7fffeb4420a0: ver 3 1 (tinfo 0x7fffeb40d340)
08-31 14:09:00.927 D/EGL_adreno( 2305): eglMakeCurrent: 0x7fffeb4420a0: ver 3 1 (tinfo 0x7fffeb40d340)
08-31 14:09:00.939 W/WindowManager( 1283): Attempted to remove non-existing token: android.os.Binder@e6ab038
08-31 14:09:01.039 E/EGL_adreno( 2305): tid 2321: eglSurfaceAttrib(1338): error 0x3009 (EGL_BAD_MATCH)
08-31 14:09:01.039 W/OpenGLRenderer( 2305): Failed to set EGL_SWAP_BEHAVIOR on surface 0x7fffd4ffd2c0, error=EGL_BAD_MATCH
08-31 14:09:01.057 D/EGL_adreno( 2305): eglMakeCurrent: 0x7fffeb4420a0: ver 3 1 (tinfo 0x7fffeb40d340)
08-31 14:09:04.448 D/EGL_adreno( 2305): eglMakeCurrent: 0x7fffeb4420a0: ver 3 1 (tinfo 0x7fffeb40d340)
08-31 14:09:04.456 W/WindowManager( 1283): Attempted to remove non-existing token: android.os.Binder@86e4811
08-31 14:09:04.561 E/EGL_adreno( 2305): tid 2321: eglSurfaceAttrib(1338): error 0x3009 (EGL_BAD_MATCH)
08-31 14:09:04.561 W/OpenGLRenderer( 2305): Failed to set EGL_SWAP_BEHAVIOR on surface 0x7fffd4ffd2c0, error=EGL_BAD_MATCH
08-31 14:09:04.563 D/EGL_adreno( 2305): eglMakeCurrent: 0x7fffeb4420a0: ver 3 1 (tinfo 0x7fffeb40d340)
08-31 14:09:07.964 D/EGL_adreno( 2305): eglMakeCurrent: 0x7fffeb4420a0: ver 3 1 (tinfo 0x7fffeb40d340)
08-31 14:09:07.976 W/WindowManager( 1283): Attempted to remove non-existing token: android.os.Binder@f100d76
08-31 14:09:08.086 E/EGL_adreno( 2305): tid 2321: eglSurfaceAttrib(1338): error 0x3009 (EGL_BAD_MATCH)
08-31 14:09:08.086 W/OpenGLRenderer( 2305): Failed to set EGL_SWAP_BEHAVIOR on surface 0x7fffd4ffd2c0, error=EGL_BAD_MATCH
08-31 14:09:08.090 D/EGL_adreno( 2305): eglMakeCurrent: 0x7fffeb4420a0: ver 3 1 (tinfo 0x7fffeb40d340)
08-31 14:09:11.519 D/EGL_adreno( 2305): eglMakeCurrent: 0x7fffeb4420a0: ver 3 1 (tinfo 0x7fffeb40d340)
08-31 14:09:11.540 W/WindowManager( 1283): Attempted to remove non-existing token: android.os.Binder@d33df77
08-31 14:09:11.646 E/EGL_adreno( 2305): tid 2321: eglSurfaceAttrib(1338): error 0x3009 (EGL_BAD_MATCH)
08-31 14:09:11.646 W/OpenGLRenderer( 2305): Failed to set EGL_SWAP_BEHAVIOR on surface 0x7fffd4ffd2c0, error=EGL_BAD_MATCH
08-31 14:09:11.648 D/EGL_adreno( 2305): eglMakeCurrent: 0x7fffeb4420a0: ver 3 1 (tinfo 0x7fffeb40d340)
08-31 14:09:15.049 D/EGL_adreno( 2305): eglMakeCurrent: 0x7fffeb4420a0: ver 3 1 (tinfo 0x7fffeb40d340)
08-31 14:09:15.058 W/WindowManager( 1283): Attempted to remove non-existing token: android.os.Binder@a3697e4
08-31 14:09:15.172 E/EGL_adreno( 2305): tid 2321: eglSurfaceAttrib(1338): error 0x3009 (EGL_BAD_MATCH)
08-31 14:09:15.172 W/OpenGLRenderer( 2305): Failed to set EGL_SWAP_BEHAVIOR on surface 0x7fffd4ffd2c0, error=EGL_BAD_MATCH
08-31 14:09:15.175 D/EGL_adreno( 2305): eglMakeCurrent: 0x7fffeb4420a0: ver 3 1 (tinfo 0x7fffeb40d340)
08-31 14:09:18.565 D/EGL_adreno( 2305): eglMakeCurrent: 0x7fffeb4420a0: ver 3 1 (tinfo 0x7fffeb40d340)
08-31 14:09:18.573 W/WindowManager( 1283): Attempted to remove non-existing token: android.os.Binder@9de544d
08-31 14:09:18.677 E/EGL_adreno( 2305): tid 2321: eglSurfaceAttrib(1338): error 0x3009 (EGL_BAD_MATCH)
08-31 14:09:18.677 W/OpenGLRenderer( 2305): Failed to set EGL_SWAP_BEHAVIOR on surface 0x7fffd4ffd2c0, error=EGL_BAD_MATCH
08-31 14:09:18.680 D/EGL_adreno( 2305): eglMakeCurrent: 0x7fffeb4420a0: ver 3 1 (tinfo 0x7fffeb40d340)
08-31 14:09:22.081 D/EGL_adreno( 2305): eglMakeCurrent: 0x7fffeb4420a0: ver 3 1 (tinfo 0x7fffeb40d340)
08-31 14:09:22.093 W/WindowManager( 1283): Attempted to remove non-existing token: android.os.Binder@1e78b02
08-31 14:09:22.182 E/EGL_adreno( 2305): tid 2321: eglSurfaceAttrib(1338): error 0x3009 (EGL_BAD_MATCH)
08-31 14:09:22.182 W/OpenGLRenderer( 2305): Failed to set EGL_SWAP_BEHAVIOR on surface 0x7fffd4ffd2c0, error=EGL_BAD_MATCH
08-31 14:09:22.183 D/EGL_adreno( 2305): eglMakeCurrent: 0x7fffeb4420a0: ver 3 1 (tinfo 0x7fffeb40d340)
08-31 14:09:25.598 D/EGL_adreno( 2305): eglMakeCurrent: 0x7fffeb4420a0: ver 3 1 (tinfo 0x7fffeb40d340)
08-31 14:09:25.606 W/WindowManager( 1283): Attempted to remove non-existing token: android.os.Binder@17cfc13
08-31 14:09:25.710 E/EGL_adreno( 2305): tid 2321: eglSurfaceAttrib(1338): error 0x3009 (EGL_BAD_MATCH)
08-31 14:09:25.710 W/OpenGLRenderer( 2305): Failed to set EGL_SWAP_BEHAVIOR on surface 0x7fffd4ffd2c0, error=EGL_BAD_MATCH
08-31 14:09:25.712 D/EGL_adreno( 2305): eglMakeCurrent: 0x7fffeb4420a0: ver 3 1 (tinfo 0x7fffeb40d340)
08-31 14:09:29.111 D/EGL_adreno( 2305): eglMakeCurrent: 0x7fffeb4420a0: ver 3 1 (tinfo 0x7fffeb40d340)
08-31 14:09:29.123 W/WindowManager( 1283): Attempted to remove non-existing token: android.os.Binder@b74e50
08-31 14:09:29.232 E/EGL_adreno( 2305): tid 2321: eglSurfaceAttrib(1338): error 0x3009 (EGL_BAD_MATCH)
08-31 14:09:29.232 W/OpenGLRenderer( 2305): Failed to set EGL_SWAP_BEHAVIOR on surface 0x7fffd4ffd2c0, error=EGL_BAD_MATCH
08-31 14:09:29.233 D/EGL_adreno( 2305): eglMakeCurrent: 0x7fffeb4420a0: ver 3 1 (tinfo 0x7fffeb40d340)
08-31 14:09:32.632 D/EGL_adreno( 2305): eglMakeCurrent: 0x7fffeb4420a0: ver 3 1 (tinfo 0x7fffeb40d340)
08-31 14:09:32.640 W/WindowManager( 1283): Attempted to remove non-existing token: android.os.Binder@9c8e849
08-31 14:09:32.755 E/EGL_adreno( 2305): tid 2321: eglSurfaceAttrib(1338): error 0x3009 (EGL_BAD_MATCH)
08-31 14:09:32.755 W/OpenGLRenderer( 2305): Failed to set EGL_SWAP_BEHAVIOR on surface 0x7fffd4ffd2c0, error=EGL_BAD_MATCH
08-31 14:09:32.757 D/EGL_adreno( 2305): eglMakeCurrent: 0x7fffeb4420a0: ver 3 1 (tinfo 0x7fffeb40d340)
08-31 14:09:36.147 D/EGL_adreno( 2305): eglMakeCurrent: 0x7fffeb4420a0: ver 3 1 (tinfo 0x7fffeb40d340)
08-31 14:09:36.156 W/WindowManager( 1283): Attempted to remove non-existing token: android.os.Binder@2c7554e
08-31 14:09:36.269 E/EGL_adreno( 2305): tid 2321: eglSurfaceAttrib(1338): error 0x3009 (EGL_BAD_MATCH)
08-31 14:09:36.270 W/OpenGLRenderer( 2305): Failed to set EGL_SWAP_BEHAVIOR on surface 0x7fffd4ffd2c0, error=EGL_BAD_MATCH
08-31 14:09:36.271 D/EGL_adreno( 2305): eglMakeCurrent: 0x7fffeb4420a0: ver 3 1 (tinfo 0x7fffeb40d340)
08-31 14:09:39.663 D/EGL_adreno( 2305): eglMakeCurrent: 0x7fffeb4420a0: ver 3 1 (tinfo 0x7fffeb40d340)
08-31 14:09:39.673 W/WindowManager( 1283): Attempted to remove non-existing token: android.os.Binder@331466f
08-31 14:09:39.840 E/EGL_adreno( 2305): tid 2321: eglSurfaceAttrib(1338): error 0x3009 (EGL_BAD_MATCH)
08-31 14:09:39.840 W/OpenGLRenderer( 2305): Failed to set EGL_SWAP_BEHAVIOR on surface 0x7fffd4ffd2c0, error=EGL_BAD_MATCH
08-31 14:09:39.843 D/EGL_adreno( 2305): eglMakeCurrent: 0x7fffeb4420a0: ver 3 1 (tinfo 0x7fffeb40d340)
08-31 14:09:43.179 D/EGL_adreno( 2305): eglMakeCurrent: 0x7fffeb4420a0: ver 3 1 (tinfo 0x7fffeb40d340)
08-31 14:09:43.190 W/WindowManager( 1283): Attempted to remove non-existing token: android.os.Binder@84aff7c
08-31 14:09:43.294 E/EGL_adreno( 2305): tid 2321: eglSurfaceAttrib(1338): error 0x3009 (EGL_BAD_MATCH)
08-31 14:09:43.294 W/OpenGLRenderer( 2305): Failed to set EGL_SWAP_BEHAVIOR on surface 0x7fffd4ffd2c0, error=EGL_BAD_MATCH
08-31 14:09:43.296 D/EGL_adreno( 2305): eglMakeCurrent: 0x7fffeb4420a0: ver 3 1 (tinfo 0x7fffeb40d340)
08-31 14:09:46.696 D/EGL_adreno( 2305): eglMakeCurrent: 0x7fffeb4420a0: ver 3 1 (tinfo 0x7fffeb40d340)
08-31 14:09:46.707 W/WindowManager( 1283): Attempted to remove non-existing token: android.os.Binder@7aec005
08-31 14:09:46.818 E/EGL_adreno( 2305): tid 2321: eglSurfaceAttrib(1338): error 0x3009 (EGL_BAD_MATCH)
08-31 14:09:46.818 W/OpenGLRenderer( 2305): Failed to set EGL_SWAP_BEHAVIOR on surface 0x7fffd4ffd2c0, error=EGL_BAD_MATCH
08-31 14:09:46.820 D/EGL_adreno( 2305): eglMakeCurrent: 0x7fffeb4420a0: ver 3 1 (tinfo 0x7fffeb40d340)
08-31 14:09:50.214 D/EGL_adreno( 2305): eglMakeCurrent: 0x7fffeb4420a0: ver 3 1 (tinfo 0x7fffeb40d340)
08-31 14:09:50.223 W/WindowManager( 1283): Attempted to remove non-existing token: android.os.Binder@cc7785a
08-31 14:09:50.327 E/EGL_adreno( 2305): tid 2321: eglSurfaceAttrib(1338): error 0x3009 (EGL_BAD_MATCH)
08-31 14:09:50.327 W/OpenGLRenderer( 2305): Failed to set EGL_SWAP_BEHAVIOR on surface 0x7fffd4ffd2c0, error=EGL_BAD_MATCH
08-31 14:09:50.329 D/EGL_adreno( 2305): eglMakeCurrent: 0x7fffeb4420a0: ver 3 1 (tinfo 0x7fffeb40d340)
08-31 14:09:53.731 D/EGL_adreno( 2305): eglMakeCurrent: 0x7fffeb4420a0: ver 3 1 (tinfo 0x7fffeb40d340)
08-31 14:09:53.740 W/WindowManager( 1283): Attempted to remove non-existing token: android.os.Binder@735da8b
08-31 14:09:53.864 E/EGL_adreno( 2305): tid 2321: eglSurfaceAttrib(1338): error 0x3009 (EGL_BAD_MATCH)
08-31 14:09:53.864 W/OpenGLRenderer( 2305): Failed to set EGL_SWAP_BEHAVIOR on surface 0x7fffd4ffd2c0, error=EGL_BAD_MATCH
08-31 14:09:53.865 D/EGL_adreno( 2305): eglMakeCurrent: 0x7fffeb4420a0: ver 3 1 (tinfo 0x7fffeb40d340)
08-31 14:09:57.684 D/EGL_adreno( 2305): eglMakeCurrent: 0x7fffeb4420a0: ver 3 1 (tinfo 0x7fffeb40d340)
08-31 14:09:57.689 W/WindowManager( 1283): Attempted to remove non-existing token: android.os.Binder@d069768
08-31 14:09:57.812 E/EGL_adreno( 2305): tid 2321: eglSurfaceAttrib(1338): error 0x3009 (EGL_BAD_MATCH)
08-31 14:09:57.812 W/OpenGLRenderer( 2305): Failed to set EGL_SWAP_BEHAVIOR on surface 0x7fffd4ffd2c0, error=EGL_BAD_MATCH
08-31 14:09:57.814 D/EGL_adreno( 2305): eglMakeCurrent: 0x7fffeb4420a0: ver 3 1 (tinfo 0x7fffeb40d340)
08-31 14:10:01.194 D/EGL_adreno( 2305): eglMakeCurrent: 0x7fffeb4420a0: ver 3 1 (tinfo 0x7fffeb40d340)
08-31 14:10:01.207 W/WindowManager( 1283): Attempted to remove non-existing token: android.os.Binder@605781
08-31 14:10:01.330 E/EGL_adreno( 2305): tid 2321: eglSurfaceAttrib(1338): error 0x3009 (EGL_BAD_MATCH)
08-31 14:10:01.330 W/OpenGLRenderer( 2305): Failed to set EGL_SWAP_BEHAVIOR on surface 0x7fffd4ffd2c0, error=EGL_BAD_MATCH
08-31 14:10:01.333 D/EGL_adreno( 2305): eglMakeCurrent: 0x7fffeb4420a0: ver 3 1 (tinfo 0x7fffeb40d340)
08-31 14:10:04.715 D/EGL_adreno( 2305): eglMakeCurrent: 0x7fffeb4420a0: ver 3 1 (tinfo 0x7fffeb40d340)
08-31 14:10:04.723 W/WindowManager( 1283): Attempted to remove non-existing token: android.os.Binder@274c026
08-31 14:10:04.834 E/EGL_adreno( 2305): tid 2321: eglSurfaceAttrib(1338): error 0x3009 (EGL_BAD_MATCH)
08-31 14:10:04.834 W/OpenGLRenderer( 2305): Failed to set EGL_SWAP_BEHAVIOR on surface 0x7fffd4ffd2c0, error=EGL_BAD_MATCH
08-31 14:10:04.835 D/EGL_adreno( 2305): eglMakeCurrent: 0x7fffeb4420a0: ver 3 1 (tinfo 0x7fffeb40d340)
08-31 14:10:08.227 D/EGL_adreno( 2305): eglMakeCurrent: 0x7fffeb4420a0: ver 3 1 (tinfo 0x7fffeb40d340)
08-31 14:10:08.240 W/WindowManager( 1283): Attempted to remove non-existing token: android.os.Binder@1a59467
08-31 14:10:08.347 E/EGL_adreno( 2305): tid 2321: eglSurfaceAttrib(1338): error 0x3009 (EGL_BAD_MATCH)
08-31 14:10:08.347 W/OpenGLRenderer( 2305): Failed to set EGL_SWAP_BEHAVIOR on surface 0x7fffd4ffd2c0, error=EGL_BAD_MATCH
08-31 14:10:08.349 D/EGL_adreno( 2305): eglMakeCurrent: 0x7fffeb4420a0: ver 3 1 (tinfo 0x7fffeb40d340)
08-31 14:10:11.748 D/EGL_adreno( 2305): eglMakeCurrent: 0x7fffeb4420a0: ver 3 1 (tinfo 0x7fffeb40d340)
08-31 14:10:11.756 W/WindowManager( 1283): Attempted to remove non-existing token: android.os.Binder@561c214
08-31 14:10:11.865 E/EGL_adreno( 2305): tid 2321: eglSurfaceAttrib(1338): error 0x3009 (EGL_BAD_MATCH)
08-31 14:10:11.865 W/OpenGLRenderer( 2305): Failed to set EGL_SWAP_BEHAVIOR on surface 0x7fffd4ffd2c0, error=EGL_BAD_MATCH
08-31 14:10:11.866 D/EGL_adreno( 2305): eglMakeCurrent: 0x7fffeb4420a0: ver 3 1 (tinfo 0x7fffeb40d340)
08-31 14:10:15.262 D/EGL_adreno( 2305): eglMakeCurrent: 0x7fffeb4420a0: ver 3 1 (tinfo 0x7fffeb40d340)
08-31 14:10:15.273 W/WindowManager( 1283): Attempted to remove non-existing token: android.os.Binder@339eabd
08-31 14:10:15.375 E/EGL_adreno( 2305): tid 2321: eglSurfaceAttrib(1338): error 0x3009 (EGL_BAD_MATCH)
08-31 14:10:15.375 W/OpenGLRenderer( 2305): Failed to set EGL_SWAP_BEHAVIOR on surface 0x7fffd4ffd2c0, error=EGL_BAD_MATCH
08-31 14:10:15.377 D/EGL_adreno( 2305): eglMakeCurrent: 0x7fffeb4420a0: ver 3 1 (tinfo 0x7fffeb40d340)
08-31 14:10:18.781 D/EGL_adreno( 2305): eglMakeCurrent: 0x7fffeb4420a0: ver 3 1 (tinfo 0x7fffeb40d340)
08-31 14:10:18.790 W/WindowManager( 1283): Attempted to remove non-existing token: android.os.Binder@5cb8b2
08-31 14:10:18.893 E/EGL_adreno( 2305): tid 2321: eglSurfaceAttrib(1338): error 0x3009 (EGL_BAD_MATCH)
08-31 14:10:18.893 W/OpenGLRenderer( 2305): Failed to set EGL_SWAP_BEHAVIOR on surface 0x7fffd4ffd2c0, error=EGL_BAD_MATCH
08-31 14:10:18.895 D/EGL_adreno( 2305): eglMakeCurrent: 0x7fffeb4420a0: ver 3 1 (tinfo 0x7fffeb40d340)
08-31 14:10:22.298 D/EGL_adreno( 2305): eglMakeCurrent: 0x7fffeb4420a0: ver 3 1 (tinfo 0x7fffeb40d340)
08-31 14:10:22.307 W/WindowManager( 1283): Attempted to remove non-existing token: android.os.Binder@36d1003
08-31 14:10:22.408 E/EGL_adreno( 2305): tid 2321: eglSurfaceAttrib(1338): error 0x3009 (EGL_BAD_MATCH)
08-31 14:10:22.408 W/OpenGLRenderer( 2305): Failed to set EGL_SWAP_BEHAVIOR on surface 0x7fffd4ffd2c0, error=EGL_BAD_MATCH
08-31 14:10:22.410 D/EGL_adreno( 2305): eglMakeCurrent: 0x7fffeb4420a0: ver 3 1 (tinfo 0x7fffeb40d340)
08-31 14:10:25.818 D/EGL_adreno( 2305): eglMakeCurrent: 0x7fffeb4420a0: ver 3 1 (tinfo 0x7fffeb40d340)
08-31 14:10:25.824 W/WindowManager( 1283): Attempted to remove non-existing token: android.os.Binder@5a2eb80
08-31 14:10:25.994 E/EGL_adreno( 2305): tid 2321: eglSurfaceAttrib(1338): error 0x3009 (EGL_BAD_MATCH)
08-31 14:10:25.994 W/OpenGLRenderer( 2305): Failed to set EGL_SWAP_BEHAVIOR on surface 0x7fffd4ffd2c0, error=EGL_BAD_MATCH
08-31 14:10:25.996 D/EGL_adreno( 2305): eglMakeCurrent: 0x7fffeb4420a0: ver 3 1 (tinfo 0x7fffeb40d340)
08-31 14:10:29.332 D/EGL_adreno( 2305): eglMakeCurrent: 0x7fffeb4420a0: ver 3 1 (tinfo 0x7fffeb40d340)
08-31 14:10:29.340 W/WindowManager( 1283): Attempted to remove non-existing token: android.os.Binder@e0b3fac
08-31 14:11:02.757 D/WifiStateMachine( 1283): setScanResults mScanResults.size=1
08-31 14:11:33.228 W/ActivityManager( 1283):   Force finishing activity org.liberty.android.fantastischmemo/.ui.ShareScreen
08-31 14:11:33.228 W/ActivityManager( 1283):   Force finishing activity org.liberty.android.fantastischmemo/.ui.AnyMemo
08-31 14:11:33.242 E/ActivityManager( 1283): Found activity ActivityRecord{f1f75b9 u0 org.liberty.android.fantastischmemo/.ui.ShareScreen t8 f} in proc activity list using null instead of expected ProcessRecord{b9d6def 2442:org.liberty.android.fantastischmemo/u0a58}
08-31 14:11:33.686 W/art     ( 1283): Long monitor contention with owner Binder:1283_6 (1648) at void com.android.server.wm.WindowManagerService.continueSurfaceLayout()(WindowManagerService.java:5478) waiters=0 in void com.android.server.wm.WindowAnimator$1.doFrame(long) for 405ms
08-31 14:11:33.687 W/art     ( 1283): Long monitor contention with owner Binder:1283_6 (1648) at void com.android.server.wm.WindowManagerService.continueSurfaceLayout()(WindowManagerService.java:5478) waiters=1 in int com.android.server.wm.WindowManagerService.relayoutWindow(com.android.server.wm.Session, android.view.IWindow, int, android.view.WindowManager$LayoutParams, int, int, int, int, android.graphics.Rect, android.graphics.Rect, android.graphics.Rect, android.graphics.Rect, android.graphics.Rect, android.graphics.Rect, android.graphics.Rect, android.content.res.Configuration, android.view.Surface) for 405ms
08-31 14:11:33.692 D/EGL_adreno( 1283): eglMakeCurrent: 0x7fffd7b09fc0: ver 3 1 (tinfo 0x7fffd7857fe0)
08-31 14:11:33.723 I/ActivityManager( 1283): Killing 2442:org.liberty.android.fantastischmemo/u0a58 (adj 199): crash
08-31 14:11:33.724 D/ActivityManager( 1283): cleanUpApplicationRecord -- 2442
08-31 14:11:33.725 W/art     ( 1283): Long monitor contention with owner Binder:1283_6 (1648) at void com.android.server.am.AppErrors.crashApplicationInner(com.android.server.am.ProcessRecord, android.app.ApplicationErrorReport$CrashInfo)(AppErrors.java:372) waiters=1 in void com.android.server.am.ActivityManagerService$3.handleMessage(android.os.Message) for 482ms
08-31 14:11:33.728 W/art     ( 1283): Long monitor contention with owner Binder:1283_6 (1648) at void com.android.server.am.AppErrors.crashApplicationInner(com.android.server.am.ProcessRecord, android.app.ApplicationErrorReport$CrashInfo)(AppErrors.java:372) waiters=0 in void com.android.server.am.ActivityManagerService$MainHandler.handleMessage(android.os.Message) for 488ms
08-31 14:11:33.729 W/ContextImpl( 1721): Calling a method in the system process without a qualified user: android.app.ContextImpl.startService:1358 android.content.ContextWrapper.startService:613 android.content.ContextWrapper.startService:613 com.android.coreservice.CoreBroadcastReceiver.onReceive:44 android.app.ActivityThread.handleReceiver:3073 
08-31 14:11:33.735 W/ContextImpl( 1721): Calling a method in the system process without a qualified user: android.app.ContextImpl.startService:1358 android.content.ContextWrapper.startService:613 android.content.ContextWrapper.startService:613 com.android.coreservice.CoreBroadcastReceiver.onReceive:53 android.app.ActivityThread.handleReceiver:3073 
08-31 14:11:33.817 W/InputEventReceiver( 1283): Attempted to finish an input event but the input event receiver has already been disposed.
08-31 14:11:33.818 I/Choreographer( 1283): Skipped 34 frames!  The application may be doing too much work on its main thread.
08-31 14:11:33.838 I/HostConnection( 1283): HostConnection::~HostConnection, pid=1283, tid=2347, this=0x7fffd7b0f940, m_stream=0x7fffd1474880
08-31 14:11:33.840 I/        ( 1283): fastpipe: close connect
08-31 14:11:33.853 I/Choreographer( 2305): Skipped 33 frames!  The application may be doing too much work on its main thread.
08-31 14:11:33.921 E/EGL_adreno( 2305): tid 2321: eglSurfaceAttrib(1338): error 0x3009 (EGL_BAD_MATCH)
08-31 14:11:33.921 W/OpenGLRenderer( 2305): Failed to set EGL_SWAP_BEHAVIOR on surface 0x7fffd4ffd2c0, error=EGL_BAD_MATCH
08-31 14:11:33.925 D/EGL_adreno( 2305): eglMakeCurrent: 0x7fffeb4420a0: ver 3 1 (tinfo 0x7fffeb40d340)
08-31 14:11:33.928 W/ContextImpl( 1721): Calling a method in the system process without a qualified user: android.app.ContextImpl.startService:1358 android.content.ContextWrapper.startService:613 android.content.ContextWrapper.startService:613 com.android.coreservice.CoreBroadcastReceiver.onReceive:53 android.app.ActivityThread.handleReceiver:3073 
08-31 14:11:33.964 W/InputMethodManagerService( 1283): Window already focused, ignoring focus gain of: com.android.internal.view.IInputMethodClient$Stub$Proxy@ae005a6 attribute=null, token = android.os.BinderProxy@d410a89
08-31 14:11:33.974 W/AppOps  ( 1283): Finishing op nesting under-run: uid 1000 pkg android code 24 time=0 duration=0 nesting=0
08-31 14:11:37.364 D/audio_hw_hal( 1089): raw_start_output_stream, stream=0xf6e43140, sampleRate=48000, channel=2, bps=16, bufSize=4096
08-31 14:11:37.368 I/ActivityManager( 1283): START u0 {cmp=org.liberty.android.fantastischmemo/.ui.AnyMemo (has extras)} from uid 10064 on display 0
08-31 14:11:37.373 W/System.err( 2305): java.lang.Exception: Toast callstack! strTip=Sent Serializeable Intent { cmp=org.liberty.android.fantastischmemo/.ui.AnyMemo (has extras) }
08-31 14:11:37.373 W/System.err( 2305): 	at android.widget.Toast.show(Toast.java:130)
08-31 14:11:37.373 W/System.err( 2305): 	at com.android.intentfuzzer.FuzzerActivity$4.onClick(FuzzerActivity.java:184)
08-31 14:11:37.373 W/System.err( 2305): 	at android.view.View.performClick(View.java:5637)
08-31 14:11:37.373 W/System.err( 2305): 	at android.view.View$PerformClick.run(View.java:22429)
08-31 14:11:37.373 W/System.err( 2305): 	at android.os.Handler.handleCallback(Handler.java:751)
08-31 14:11:37.373 W/System.err( 2305): 	at android.os.Handler.dispatchMessage(Handler.java:95)
08-31 14:11:37.373 W/System.err( 2305): 	at android.os.Looper.loop(Looper.java:154)
08-31 14:11:37.373 W/System.err( 2305): 	at android.app.ActivityThread.main(ActivityThread.java:6190)
08-31 14:11:37.373 W/System.err( 2305): 	at java.lang.reflect.Method.invoke(Native Method)
08-31 14:11:37.373 W/System.err( 2305): 	at com.android.internal.os.ZygoteInit$MethodAndArgsCaller.run(ZygoteInit.java:892)
08-31 14:11:37.373 W/System.err( 2305): 	at com.android.internal.os.ZygoteInit.main(ZygoteInit.java:782)
08-31 14:11:37.374 W/ContextImpl( 1721): Calling a method in the system process without a qualified user: android.app.ContextImpl.startService:1358 android.content.ContextWrapper.startService:613 android.content.ContextWrapper.startService:613 com.android.coreservice.CoreBroadcastReceiver.onReceive:44 android.app.ActivityThread.handleReceiver:3073 
08-31 14:11:37.376 I/ActivityManager( 1283): START u0 {cmp=org.liberty.android.fantastischmemo/.downloader.DownloaderAnyMemo (has extras)} from uid 10064 on display 0
08-31 14:11:37.376 W/ActivityManager( 1283): Permission Denial: starting Intent { cmp=org.liberty.android.fantastischmemo/.downloader.DownloaderAnyMemo (has extras) } from ProcessRecord{6d7369d 2305:com.android.intentfuzzer/u0a64} (pid=2305, uid=10064) not exported from uid 10058
08-31 14:11:37.377 W/System.err( 2305): java.lang.Exception: Toast callstack! strTip=Send Intent Failed!
08-31 14:11:37.377 W/System.err( 2305): 	at android.widget.Toast.show(Toast.java:130)
08-31 14:11:37.377 W/System.err( 2305): 	at com.android.intentfuzzer.FuzzerActivity$4.onClick(FuzzerActivity.java:186)
08-31 14:11:37.377 W/System.err( 2305): 	at android.view.View.performClick(View.java:5637)
08-31 14:11:37.377 W/System.err( 2305): 	at android.view.View$PerformClick.run(View.java:22429)
08-31 14:11:37.377 W/System.err( 2305): 	at android.os.Handler.handleCallback(Handler.java:751)
08-31 14:11:37.377 W/System.err( 2305): 	at android.os.Handler.dispatchMessage(Handler.java:95)
08-31 14:11:37.377 W/System.err( 2305): 	at android.os.Looper.loop(Looper.java:154)
08-31 14:11:37.377 W/System.err( 2305): 	at android.app.ActivityThread.main(ActivityThread.java:6190)
08-31 14:11:37.377 W/System.err( 2305): 	at java.lang.reflect.Method.invoke(Native Method)
08-31 14:11:37.377 W/System.err( 2305): 	at com.android.internal.os.ZygoteInit$MethodAndArgsCaller.run(ZygoteInit.java:892)
08-31 14:11:37.377 W/System.err( 2305): 	at com.android.internal.os.ZygoteInit.main(ZygoteInit.java:782)
08-31 14:11:37.379 I/ActivityManager( 1283): START u0 {cmp=org.liberty.android.fantastischmemo/.downloader.DownloaderFE (has extras)} from uid 10064 on display 0
08-31 14:11:37.379 W/ActivityManager( 1283): Permission Denial: starting Intent { cmp=org.liberty.android.fantastischmemo/.downloader.DownloaderFE (has extras) } from ProcessRecord{6d7369d 2305:com.android.intentfuzzer/u0a64} (pid=2305, uid=10064) not exported from uid 10058
08-31 14:11:37.381 W/System.err( 2305): java.lang.Exception: Toast callstack! strTip=Send Intent Failed!
08-31 14:11:37.381 W/System.err( 2305): 	at android.widget.Toast.show(Toast.java:130)
08-31 14:11:37.381 W/System.err( 2305): 	at com.android.intentfuzzer.FuzzerActivity$4.onClick(FuzzerActivity.java:186)
08-31 14:11:37.381 W/System.err( 2305): 	at android.view.View.performClick(View.java:5637)
08-31 14:11:37.381 W/System.err( 2305): 	at android.view.View$PerformClick.run(View.java:22429)
08-31 14:11:37.381 W/System.err( 2305): 	at android.os.Handler.handleCallback(Handler.java:751)
08-31 14:11:37.381 W/System.err( 2305): 	at android.os.Handler.dispatchMessage(Handler.java:95)
08-31 14:11:37.381 W/System.err( 2305): 	at android.os.Looper.loop(Looper.java:154)
08-31 14:11:37.381 W/System.err( 2305): 	at android.app.ActivityThread.main(ActivityThread.java:6190)
08-31 14:11:37.381 W/System.err( 2305): 	at java.lang.reflect.Method.invoke(Native Method)
08-31 14:11:37.381 W/System.err( 2305): 	at com.android.internal.os.ZygoteInit$MethodAndArgsCaller.run(ZygoteInit.java:892)
08-31 14:11:37.381 W/System.err( 2305): 	at com.android.internal.os.ZygoteInit.main(ZygoteInit.java:782)
08-31 14:11:37.383 I/ActivityManager( 1283): START u0 {cmp=org.liberty.android.fantastischmemo/.downloader.DownloaderSS (has extras)} from uid 10064 on display 0
08-31 14:11:37.383 W/ActivityManager( 1283): Permission Denial: starting Intent { cmp=org.liberty.android.fantastischmemo/.downloader.DownloaderSS (has extras) } from ProcessRecord{6d7369d 2305:com.android.intentfuzzer/u0a64} (pid=2305, uid=10064) not exported from uid 10058
08-31 14:11:37.384 W/System.err( 2305): java.lang.Exception: Toast callstack! strTip=Send Intent Failed!
08-31 14:11:37.384 W/System.err( 2305): 	at android.widget.Toast.show(Toast.java:130)
08-31 14:11:37.384 W/System.err( 2305): 	at com.android.intentfuzzer.FuzzerActivity$4.onClick(FuzzerActivity.java:186)
08-31 14:11:37.384 W/System.err( 2305): 	at android.view.View.performClick(View.java:5637)
08-31 14:11:37.384 W/System.err( 2305): 	at android.view.View$PerformClick.run(View.java:22429)
08-31 14:11:37.384 W/System.err( 2305): 	at android.os.Handler.handleCallback(Handler.java:751)
08-31 14:11:37.384 W/System.err( 2305): 	at android.os.Handler.dispatchMessage(Handler.java:95)
08-31 14:11:37.384 W/System.err( 2305): 	at android.os.Looper.loop(Looper.java:154)
08-31 14:11:37.384 W/System.err( 2305): 	at android.app.ActivityThread.main(ActivityThread.java:6190)
08-31 14:11:37.384 W/System.err( 2305): 	at java.lang.reflect.Method.invoke(Native Method)
08-31 14:11:37.384 W/System.err( 2305): 	at com.android.internal.os.ZygoteInit$MethodAndArgsCaller.run(ZygoteInit.java:892)
08-31 14:11:37.384 W/System.err( 2305): 	at com.android.internal.os.ZygoteInit.main(ZygoteInit.java:782)
08-31 14:11:37.386 I/ActivityManager( 1283): START u0 {cmp=org.liberty.android.fantastischmemo/com.example.android.apis.graphics.FingerPaint (has extras)} from uid 10064 on display 0
08-31 14:11:37.386 W/ActivityManager( 1283): Permission Denial: starting Intent { cmp=org.liberty.android.fantastischmemo/com.example.android.apis.graphics.FingerPaint (has extras) } from ProcessRecord{6d7369d 2305:com.android.intentfuzzer/u0a64} (pid=2305, uid=10064) not exported from uid 10058
08-31 14:11:37.387 W/System.err( 2305): java.lang.Exception: Toast callstack! strTip=Send Intent Failed!
08-31 14:11:37.387 W/System.err( 2305): 	at android.widget.Toast.show(Toast.java:130)
08-31 14:11:37.387 W/System.err( 2305): 	at com.android.intentfuzzer.FuzzerActivity$4.onClick(FuzzerActivity.java:186)
08-31 14:11:37.387 W/System.err( 2305): 	at android.view.View.performClick(View.java:5637)
08-31 14:11:37.387 W/System.err( 2305): 	at android.view.View$PerformClick.run(View.java:22429)
08-31 14:11:37.387 W/System.err( 2305): 	at android.os.Handler.handleCallback(Handler.java:751)
08-31 14:11:37.387 W/System.err( 2305): 	at android.os.Handler.dispatchMessage(Handler.java:95)
08-31 14:11:37.387 W/System.err( 2305): 	at android.os.Looper.loop(Looper.java:154)
08-31 14:11:37.387 W/System.err( 2305): 	at android.app.ActivityThread.main(ActivityThread.java:6190)
08-31 14:11:37.387 W/System.err( 2305): 	at java.lang.reflect.Method.invoke(Native Method)
08-31 14:11:37.387 W/System.err( 2305): 	at com.android.internal.os.ZygoteInit$MethodAndArgsCaller.run(ZygoteInit.java:892)
08-31 14:11:37.387 W/System.err( 2305): 	at com.android.internal.os.ZygoteInit.main(ZygoteInit.java:782)
08-31 14:11:37.388 I/ActivityManager( 1283): START u0 {cmp=org.liberty.android.fantastischmemo/.downloader.cram.CramLauncher (has extras)} from uid 10064 on display 0
08-31 14:11:37.389 W/ActivityManager( 1283): Permission Denial: starting Intent { cmp=org.liberty.android.fantastischmemo/.downloader.cram.CramLauncher (has extras) } from ProcessRecord{6d7369d 2305:com.android.intentfuzzer/u0a64} (pid=2305, uid=10064) not exported from uid 10058
08-31 14:11:37.390 W/System.err( 2305): java.lang.Exception: Toast callstack! strTip=Send Intent Failed!
08-31 14:11:37.390 W/System.err( 2305): 	at android.widget.Toast.show(Toast.java:130)
08-31 14:11:37.390 W/System.err( 2305): 	at com.android.intentfuzzer.FuzzerActivity$4.onClick(FuzzerActivity.java:186)
08-31 14:11:37.390 W/System.err( 2305): 	at android.view.View.performClick(View.java:5637)
08-31 14:11:37.390 W/System.err( 2305): 	at android.view.View$PerformClick.run(View.java:22429)
08-31 14:11:37.390 W/System.err( 2305): 	at android.os.Handler.handleCallback(Handler.java:751)
08-31 14:11:37.390 W/System.err( 2305): 	at android.os.Handler.dispatchMessage(Handler.java:95)
08-31 14:11:37.390 W/System.err( 2305): 	at android.os.Looper.loop(Looper.java:154)
08-31 14:11:37.390 W/System.err( 2305): 	at android.app.ActivityThread.main(ActivityThread.java:6190)
08-31 14:11:37.391 W/System.err( 2305): 	at java.lang.reflect.Method.invoke(Native Method)
