08-31 14:11:40.467 D/audio_hw_hal( 1089): log_func, out_standby
08-31 14:11:40.467 D/audio_hw_hal( 1089): raw_close_output_stream, dev=0xf6e480c0, stream =0xf6e43140
08-31 14:11:40.467 D/audio_hw_hal( 1089): raw_close_output_stream, stream=0xf6e43140,  success!
08-31 14:11:40.879 D/EGL_adreno( 2305): eglMakeCurrent: 0x7fffeb4420a0: ver 3 1 (tinfo 0x7fffeb40d340)
08-31 14:11:40.889 W/WindowManager( 1283): Attempted to remove non-existing token: android.os.Binder@b2bb0df
08-31 14:11:40.994 E/EGL_adreno( 2305): tid 2321: eglSurfaceAttrib(1338): error 0x3009 (EGL_BAD_MATCH)
08-31 14:11:40.995 W/OpenGLRenderer( 2305): Failed to set EGL_SWAP_BEHAVIOR on surface 0x7fffd4ffd300, error=EGL_BAD_MATCH
08-31 14:11:40.997 D/EGL_adreno( 2305): eglMakeCurrent: 0x7fffeb4420a0: ver 3 1 (tinfo 0x7fffeb40d340)
08-31 14:11:44.378 W/WindowManager( 1283): Failed looking up window
08-31 14:11:44.378 W/WindowManager( 1283): java.lang.IllegalArgumentException: Requested window android.view.ViewRootImpl$W@cf8712c does not exist
08-31 14:11:44.378 W/WindowManager( 1283): 	at com.android.server.wm.WindowManagerService.windowForClientLocked(WindowManagerService.java:9459)
08-31 14:11:44.378 W/WindowManager( 1283): 	at com.android.server.wm.WindowManagerService.windowForClientLocked(WindowManagerService.java:9450)
08-31 14:11:44.378 W/WindowManager( 1283): 	at com.android.server.wm.WindowManagerService.removeWindow(WindowManagerService.java:2410)
08-31 14:11:44.378 W/WindowManager( 1283): 	at com.android.server.wm.Session.remove(Session.java:202)
08-31 14:11:44.378 W/WindowManager( 1283): 	at android.view.ViewRootImpl.dispatchDetachedFromWindow(ViewRootImpl.java:3290)
08-31 14:11:44.378 W/WindowManager( 1283): 	at android.view.ViewRootImpl.doDie(ViewRootImpl.java:5917)
08-31 14:11:44.378 W/WindowManager( 1283): 	at android.view.ViewRootImpl$ViewRootHandler.handleMessage(ViewRootImpl.java:3626)
08-31 14:11:44.378 W/WindowManager( 1283): 	at android.os.Handler.dispatchMessage(Handler.java:102)
08-31 14:11:44.378 W/WindowManager( 1283): 	at android.os.Looper.loop(Looper.java:154)
08-31 14:11:44.378 W/WindowManager( 1283): 	at android.os.HandlerThread.run(HandlerThread.java:61)
08-31 14:11:44.378 W/WindowManager( 1283): 	at com.android.server.ServiceThread.run(ServiceThread.java:46)
08-31 14:11:44.395 D/EGL_adreno( 2305): eglMakeCurrent: 0x7fffeb4420a0: ver 3 1 (tinfo 0x7fffeb40d340)
08-31 14:11:44.406 W/WindowManager( 1283): Attempted to remove non-existing token: android.os.Binder@faef98a
08-31 14:11:44.527 E/EGL_adreno( 2305): tid 2321: eglSurfaceAttrib(1338): error 0x3009 (EGL_BAD_MATCH)
08-31 14:11:44.527 W/OpenGLRenderer( 2305): Failed to set EGL_SWAP_BEHAVIOR on surface 0x7fffd4ffd300, error=EGL_BAD_MATCH
08-31 14:11:44.529 D/EGL_adreno( 2305): eglMakeCurrent: 0x7fffeb4420a0: ver 3 1 (tinfo 0x7fffeb40d340)
08-31 14:11:47.373 W/ActivityManager( 1283): Launch timeout has expired, giving up wake lock!
08-31 14:11:47.913 D/EGL_adreno( 2305): eglMakeCurrent: 0x7fffeb4420a0: ver 3 1 (tinfo 0x7fffeb40d340)
08-31 14:11:47.923 W/WindowManager( 1283): Attempted to remove non-existing token: android.os.Binder@8447bfb
08-31 14:11:48.026 E/EGL_adreno( 2305): tid 2321: eglSurfaceAttrib(1338): error 0x3009 (EGL_BAD_MATCH)
08-31 14:11:48.026 W/OpenGLRenderer( 2305): Failed to set EGL_SWAP_BEHAVIOR on surface 0x7fffd4ffd300, error=EGL_BAD_MATCH
08-31 14:11:48.029 D/EGL_adreno( 2305): eglMakeCurrent: 0x7fffeb4420a0: ver 3 1 (tinfo 0x7fffeb40d340)
08-31 14:11:51.430 D/EGL_adreno( 2305): eglMakeCurrent: 0x7fffeb4420a0: ver 3 1 (tinfo 0x7fffeb40d340)
08-31 14:11:51.439 W/WindowManager( 1283): Attempted to remove non-existing token: android.os.Binder@2117418
08-31 14:11:51.545 E/EGL_adreno( 2305): tid 2321: eglSurfaceAttrib(1338): error 0x3009 (EGL_BAD_MATCH)
08-31 14:11:51.545 W/OpenGLRenderer( 2305): Failed to set EGL_SWAP_BEHAVIOR on surface 0x7fffd4ffd300, error=EGL_BAD_MATCH
08-31 14:11:51.547 D/EGL_adreno( 2305): eglMakeCurrent: 0x7fffeb4420a0: ver 3 1 (tinfo 0x7fffeb40d340)
08-31 14:11:54.949 D/EGL_adreno( 2305): eglMakeCurrent: 0x7fffeb4420a0: ver 3 1 (tinfo 0x7fffeb40d340)
08-31 14:11:54.956 W/WindowManager( 1283): Attempted to remove non-existing token: android.os.Binder@55dee71
08-31 14:11:55.058 E/EGL_adreno( 2305): tid 2321: eglSurfaceAttrib(1338): error 0x3009 (EGL_BAD_MATCH)
08-31 14:11:55.058 W/OpenGLRenderer( 2305): Failed to set EGL_SWAP_BEHAVIOR on surface 0x7fffd4ffd300, error=EGL_BAD_MATCH
08-31 14:11:55.061 D/EGL_adreno( 2305): eglMakeCurrent: 0x7fffeb4420a0: ver 3 1 (tinfo 0x7fffeb40d340)
08-31 14:11:58.465 D/EGL_adreno( 2305): eglMakeCurrent: 0x7fffeb4420a0: ver 3 1 (tinfo 0x7fffeb40d340)
08-31 14:11:58.473 W/WindowManager( 1283): Attempted to remove non-existing token: android.os.Binder@40b2456
08-31 14:11:58.578 E/EGL_adreno( 2305): tid 2321: eglSurfaceAttrib(1338): error 0x3009 (EGL_BAD_MATCH)
08-31 14:11:58.578 W/OpenGLRenderer( 2305): Failed to set EGL_SWAP_BEHAVIOR on surface 0x7fffd4ffd300, error=EGL_BAD_MATCH
08-31 14:11:58.581 D/EGL_adreno( 2305): eglMakeCurrent: 0x7fffeb4420a0: ver 3 1 (tinfo 0x7fffeb40d340)
08-31 14:12:01.981 D/EGL_adreno( 2305): eglMakeCurrent: 0x7fffeb4420a0: ver 3 1 (tinfo 0x7fffeb40d340)
08-31 14:12:01.990 W/WindowManager( 1283): Attempted to remove non-existing token: android.os.Binder@e54dcd7
08-31 14:12:02.101 E/EGL_adreno( 2305): tid 2321: eglSurfaceAttrib(1338): error 0x3009 (EGL_BAD_MATCH)
08-31 14:12:02.101 W/OpenGLRenderer( 2305): Failed to set EGL_SWAP_BEHAVIOR on surface 0x7fffd4ffd300, error=EGL_BAD_MATCH
08-31 14:12:02.103 D/EGL_adreno( 2305): eglMakeCurrent: 0x7fffeb4420a0: ver 3 1 (tinfo 0x7fffeb40d340)
08-31 14:12:05.497 D/EGL_adreno( 2305): eglMakeCurrent: 0x7fffeb4420a0: ver 3 1 (tinfo 0x7fffeb40d340)
08-31 14:12:05.507 W/WindowManager( 1283): Attempted to remove non-existing token: android.os.Binder@ab5b9c4
08-31 14:12:05.603 E/EGL_adreno( 2305): tid 2321: eglSurfaceAttrib(1338): error 0x3009 (EGL_BAD_MATCH)
08-31 14:12:05.603 W/OpenGLRenderer( 2305): Failed to set EGL_SWAP_BEHAVIOR on surface 0x7fffd4ffd300, error=EGL_BAD_MATCH
08-31 14:12:05.626 D/EGL_adreno( 2305): eglMakeCurrent: 0x7fffeb4420a0: ver 3 1 (tinfo 0x7fffeb40d340)
08-31 14:12:09.016 D/EGL_adreno( 2305): eglMakeCurrent: 0x7fffeb4420a0: ver 3 1 (tinfo 0x7fffeb40d340)
08-31 14:12:09.025 W/WindowManager( 1283): Attempted to remove non-existing token: android.os.Binder@f9200ad
08-31 14:12:09.117 E/EGL_adreno( 2305): tid 2321: eglSurfaceAttrib(1338): error 0x3009 (EGL_BAD_MATCH)
08-31 14:12:09.117 W/OpenGLRenderer( 2305): Failed to set EGL_SWAP_BEHAVIOR on surface 0x7fffd4ffd300, error=EGL_BAD_MATCH
08-31 14:12:09.124 D/EGL_adreno( 2305): eglMakeCurrent: 0x7fffeb4420a0: ver 3 1 (tinfo 0x7fffeb40d340)
08-31 14:12:12.530 D/EGL_adreno( 2305): eglMakeCurrent: 0x7fffeb4420a0: ver 3 1 (tinfo 0x7fffeb40d340)
08-31 14:12:12.540 W/WindowManager( 1283): Attempted to remove non-existing token: android.os.Binder@2d2fe2
08-31 14:12:12.646 E/EGL_adreno( 2305): tid 2321: eglSurfaceAttrib(1338): error 0x3009 (EGL_BAD_MATCH)
08-31 14:12:12.646 W/OpenGLRenderer( 2305): Failed to set EGL_SWAP_BEHAVIOR on surface 0x7fffd4ffd300, error=EGL_BAD_MATCH
08-31 14:12:12.648 D/EGL_adreno( 2305): eglMakeCurrent: 0x7fffeb4420a0: ver 3 1 (tinfo 0x7fffeb40d340)
08-31 14:12:16.049 D/EGL_adreno( 2305): eglMakeCurrent: 0x7fffeb4420a0: ver 3 1 (tinfo 0x7fffeb40d340)
08-31 14:12:16.057 W/WindowManager( 1283): Attempted to remove non-existing token: android.os.Binder@2a06f73
08-31 14:12:16.159 E/EGL_adreno( 2305): tid 2321: eglSurfaceAttrib(1338): error 0x3009 (EGL_BAD_MATCH)
08-31 14:12:16.160 W/OpenGLRenderer( 2305): Failed to set EGL_SWAP_BEHAVIOR on surface 0x7fffd4ffd300, error=EGL_BAD_MATCH
08-31 14:12:16.162 D/EGL_adreno( 2305): eglMakeCurrent: 0x7fffeb4420a0: ver 3 1 (tinfo 0x7fffeb40d340)
08-31 14:12:19.571 D/EGL_adreno( 2305): eglMakeCurrent: 0x7fffeb4420a0: ver 3 1 (tinfo 0x7fffeb40d340)
08-31 14:12:19.573 W/WindowManager( 1283): Attempted to remove non-existing token: android.os.Binder@636ae30
08-31 14:12:19.677 E/EGL_adreno( 2305): tid 2321: eglSurfaceAttrib(1338): error 0x3009 (EGL_BAD_MATCH)
08-31 14:12:19.678 W/OpenGLRenderer( 2305): Failed to set EGL_SWAP_BEHAVIOR on surface 0x7fffd4ffd300, error=EGL_BAD_MATCH
08-31 14:12:19.680 D/EGL_adreno( 2305): eglMakeCurrent: 0x7fffeb4420a0: ver 3 1 (tinfo 0x7fffeb40d340)
08-31 14:12:23.081 D/EGL_adreno( 2305): eglMakeCurrent: 0x7fffeb4420a0: ver 3 1 (tinfo 0x7fffeb40d340)
08-31 14:12:23.090 W/WindowManager( 1283): Attempted to remove non-existing token: android.os.Binder@77afaa9
08-31 14:12:23.194 E/EGL_adreno( 2305): tid 2321: eglSurfaceAttrib(1338): error 0x3009 (EGL_BAD_MATCH)
08-31 14:12:23.194 W/OpenGLRenderer( 2305): Failed to set EGL_SWAP_BEHAVIOR on surface 0x7fffd4ffd300, error=EGL_BAD_MATCH
08-31 14:12:23.197 D/EGL_adreno( 2305): eglMakeCurrent: 0x7fffeb4420a0: ver 3 1 (tinfo 0x7fffeb40d340)
08-31 14:12:26.594 D/EGL_adreno( 2305): eglMakeCurrent: 0x7fffeb4420a0: ver 3 1 (tinfo 0x7fffeb40d340)
08-31 14:12:26.607 W/WindowManager( 1283): Attempted to remove non-existing token: android.os.Binder@f72682e
08-31 14:12:26.713 E/EGL_adreno( 2305): tid 2321: eglSurfaceAttrib(1338): error 0x3009 (EGL_BAD_MATCH)
08-31 14:12:26.713 W/OpenGLRenderer( 2305): Failed to set EGL_SWAP_BEHAVIOR on surface 0x7fffd4ffd300, error=EGL_BAD_MATCH
08-31 14:12:26.716 D/EGL_adreno( 2305): eglMakeCurrent: 0x7fffeb4420a0: ver 3 1 (tinfo 0x7fffeb40d340)
08-31 14:12:30.116 D/EGL_adreno( 2305): eglMakeCurrent: 0x7fffeb4420a0: ver 3 1 (tinfo 0x7fffeb40d340)
08-31 14:12:30.123 W/WindowManager( 1283): Attempted to remove non-existing token: android.os.Binder@1088fcf
08-31 14:12:30.244 E/EGL_adreno( 2305): tid 2321: eglSurfaceAttrib(1338): error 0x3009 (EGL_BAD_MATCH)
08-31 14:12:30.244 W/OpenGLRenderer( 2305): Failed to set EGL_SWAP_BEHAVIOR on surface 0x7fffd4ffd2c0, error=EGL_BAD_MATCH
08-31 14:12:30.247 D/EGL_adreno( 2305): eglMakeCurrent: 0x7fffeb4420a0: ver 3 1 (tinfo 0x7fffeb40d340)
08-31 14:12:33.626 D/EGL_adreno( 2305): eglMakeCurrent: 0x7fffeb4420a0: ver 3 1 (tinfo 0x7fffeb40d340)
08-31 14:12:33.639 W/WindowManager( 1283): Attempted to remove non-existing token: android.os.Binder@5907d5c
08-31 14:12:33.757 E/EGL_adreno( 2305): tid 2321: eglSurfaceAttrib(1338): error 0x3009 (EGL_BAD_MATCH)
08-31 14:12:33.757 W/OpenGLRenderer( 2305): Failed to set EGL_SWAP_BEHAVIOR on surface 0x7fffd4ffd2c0, error=EGL_BAD_MATCH
08-31 14:12:33.758 D/EGL_adreno( 2305): eglMakeCurrent: 0x7fffeb4420a0: ver 3 1 (tinfo 0x7fffeb40d340)
08-31 14:12:37.143 D/EGL_adreno( 2305): eglMakeCurrent: 0x7fffeb4420a0: ver 3 1 (tinfo 0x7fffeb40d340)
08-31 14:12:37.156 W/WindowManager( 1283): Attempted to remove non-existing token: android.os.Binder@5df9865
08-31 14:12:37.270 E/EGL_adreno( 2305): tid 2321: eglSurfaceAttrib(1338): error 0x3009 (EGL_BAD_MATCH)
08-31 14:12:37.270 W/OpenGLRenderer( 2305): Failed to set EGL_SWAP_BEHAVIOR on surface 0x7fffd4ffd2c0, error=EGL_BAD_MATCH
08-31 14:12:37.271 D/EGL_adreno( 2305): eglMakeCurrent: 0x7fffeb4420a0: ver 3 1 (tinfo 0x7fffeb40d340)
08-31 14:12:40.662 D/EGL_adreno( 2305): eglMakeCurrent: 0x7fffeb4420a0: ver 3 1 (tinfo 0x7fffeb40d340)
08-31 14:12:40.673 W/WindowManager( 1283): Attempted to remove non-existing token: android.os.Binder@3c0d93a
08-31 14:12:40.780 E/EGL_adreno( 2305): tid 2321: eglSurfaceAttrib(1338): error 0x3009 (EGL_BAD_MATCH)
08-31 14:12:40.780 W/OpenGLRenderer( 2305): Failed to set EGL_SWAP_BEHAVIOR on surface 0x7fffd4ffd2c0, error=EGL_BAD_MATCH
08-31 14:12:40.781 D/EGL_adreno( 2305): eglMakeCurrent: 0x7fffeb4420a0: ver 3 1 (tinfo 0x7fffeb40d340)
08-31 14:12:44.181 D/EGL_adreno( 2305): eglMakeCurrent: 0x7fffeb4420a0: ver 3 1 (tinfo 0x7fffeb40d340)
08-31 14:12:44.189 W/WindowManager( 1283): Attempted to remove non-existing token: android.os.Binder@82859eb
08-31 14:12:44.292 E/EGL_adreno( 2305): tid 2321: eglSurfaceAttrib(1338): error 0x3009 (EGL_BAD_MATCH)
08-31 14:12:44.293 W/OpenGLRenderer( 2305): Failed to set EGL_SWAP_BEHAVIOR on surface 0x7fffd4ffd2c0, error=EGL_BAD_MATCH
08-31 14:12:44.294 D/EGL_adreno( 2305): eglMakeCurrent: 0x7fffeb4420a0: ver 3 1 (tinfo 0x7fffeb40d340)
08-31 14:12:47.694 D/EGL_adreno( 2305): eglMakeCurrent: 0x7fffeb4420a0: ver 3 1 (tinfo 0x7fffeb40d340)
08-31 14:12:47.707 W/WindowManager( 1283): Attempted to remove non-existing token: android.os.Binder@b561348
08-31 14:12:47.805 E/EGL_adreno( 2305): tid 2321: eglSurfaceAttrib(1338): error 0x3009 (EGL_BAD_MATCH)
08-31 14:12:47.805 W/OpenGLRenderer( 2305): Failed to set EGL_SWAP_BEHAVIOR on surface 0x7fffd4ffd2c0, error=EGL_BAD_MATCH
08-31 14:12:47.807 D/EGL_adreno( 2305): eglMakeCurrent: 0x7fffeb4420a0: ver 3 1 (tinfo 0x7fffeb40d340)
08-31 14:12:51.215 D/EGL_adreno( 2305): eglMakeCurrent: 0x7fffeb4420a0: ver 3 1 (tinfo 0x7fffeb40d340)
08-31 14:12:51.224 W/WindowManager( 1283): Attempted to remove non-existing token: android.os.Binder@f3655e1
08-31 14:12:51.328 E/EGL_adreno( 2305): tid 2321: eglSurfaceAttrib(1338): error 0x3009 (EGL_BAD_MATCH)
08-31 14:12:51.328 W/OpenGLRenderer( 2305): Failed to set EGL_SWAP_BEHAVIOR on surface 0x7fffd4ffd2c0, error=EGL_BAD_MATCH
08-31 14:12:51.329 D/EGL_adreno( 2305): eglMakeCurrent: 0x7fffeb4420a0: ver 3 1 (tinfo 0x7fffeb40d340)
08-31 14:12:54.732 D/EGL_adreno( 2305): eglMakeCurrent: 0x7fffeb4420a0: ver 3 1 (tinfo 0x7fffeb40d340)
08-31 14:12:54.740 W/WindowManager( 1283): Attempted to remove non-existing token: android.os.Binder@5534f06
08-31 14:12:54.847 E/EGL_adreno( 2305): tid 2321: eglSurfaceAttrib(1338): error 0x3009 (EGL_BAD_MATCH)
08-31 14:12:54.847 W/OpenGLRenderer( 2305): Failed to set EGL_SWAP_BEHAVIOR on surface 0x7fffd4ffd2c0, error=EGL_BAD_MATCH
08-31 14:12:54.849 D/EGL_adreno( 2305): eglMakeCurrent: 0x7fffeb4420a0: ver 3 1 (tinfo 0x7fffeb40d340)
08-31 14:12:58.244 D/EGL_adreno( 2305): eglMakeCurrent: 0x7fffeb4420a0: ver 3 1 (tinfo 0x7fffeb40d340)
08-31 14:12:58.256 W/WindowManager( 1283): Attempted to remove non-existing token: android.os.Binder@b30a9c7
08-31 14:12:58.363 E/EGL_adreno( 2305): tid 2321: eglSurfaceAttrib(1338): error 0x3009 (EGL_BAD_MATCH)
08-31 14:12:58.364 W/OpenGLRenderer( 2305): Failed to set EGL_SWAP_BEHAVIOR on surface 0x7fffd4ffd2c0, error=EGL_BAD_MATCH
08-31 14:12:58.366 D/EGL_adreno( 2305): eglMakeCurrent: 0x7fffeb4420a0: ver 3 1 (tinfo 0x7fffeb40d340)
08-31 14:13:01.761 D/EGL_adreno( 2305): eglMakeCurrent: 0x7fffeb4420a0: ver 3 1 (tinfo 0x7fffeb40d340)
08-31 14:13:01.782 W/WindowManager( 1283): Attempted to remove non-existing token: android.os.Binder@e5d1bf4
08-31 14:13:01.893 E/EGL_adreno( 2305): tid 2321: eglSurfaceAttrib(1338): error 0x3009 (EGL_BAD_MATCH)
08-31 14:13:01.893 W/OpenGLRenderer( 2305): Failed to set EGL_SWAP_BEHAVIOR on surface 0x7fffd4ffd2c0, error=EGL_BAD_MATCH
08-31 14:13:01.895 D/EGL_adreno( 2305): eglMakeCurrent: 0x7fffeb4420a0: ver 3 1 (tinfo 0x7fffeb40d340)
08-31 14:13:05.290 W/WindowManager( 1283): Attempted to remove non-existing token: android.os.Binder@ee16f1d
08-31 14:13:05.291 D/EGL_adreno( 2305): eglMakeCurrent: 0x7fffeb4420a0: ver 3 1 (tinfo 0x7fffeb40d340)
08-31 14:13:05.433 E/EGL_adreno( 2305): tid 2321: eglSurfaceAttrib(1338): error 0x3009 (EGL_BAD_MATCH)
08-31 14:13:05.433 W/OpenGLRenderer( 2305): Failed to set EGL_SWAP_BEHAVIOR on surface 0x7fffd4ffd2c0, error=EGL_BAD_MATCH
08-31 14:13:05.437 D/EGL_adreno( 2305): eglMakeCurrent: 0x7fffeb4420a0: ver 3 1 (tinfo 0x7fffeb40d340)
08-31 14:13:08.797 D/EGL_adreno( 2305): eglMakeCurrent: 0x7fffeb4420a0: ver 3 1 (tinfo 0x7fffeb40d340)
08-31 14:13:08.806 W/WindowManager( 1283): Attempted to remove non-existing token: android.os.Binder@3455592
08-31 14:13:08.913 E/EGL_adreno( 2305): tid 2321: eglSurfaceAttrib(1338): error 0x3009 (EGL_BAD_MATCH)
08-31 14:13:08.913 W/OpenGLRenderer( 2305): Failed to set EGL_SWAP_BEHAVIOR on surface 0x7fffd4ffd2c0, error=EGL_BAD_MATCH
08-31 14:13:08.914 D/EGL_adreno( 2305): eglMakeCurrent: 0x7fffeb4420a0: ver 3 1 (tinfo 0x7fffeb40d340)
08-31 14:13:12.314 D/EGL_adreno( 2305): eglMakeCurrent: 0x7fffeb4420a0: ver 3 1 (tinfo 0x7fffeb40d340)
08-31 14:13:12.323 W/WindowManager( 1283): Attempted to remove non-existing token: android.os.Binder@5841b63
08-31 14:13:12.428 E/EGL_adreno( 2305): tid 2321: eglSurfaceAttrib(1338): error 0x3009 (EGL_BAD_MATCH)
08-31 14:13:12.428 W/OpenGLRenderer( 2305): Failed to set EGL_SWAP_BEHAVIOR on surface 0x7fffd4ffd2c0, error=EGL_BAD_MATCH
08-31 14:13:12.430 D/EGL_adreno( 2305): eglMakeCurrent: 0x7fffeb4420a0: ver 3 1 (tinfo 0x7fffeb40d340)
08-31 14:13:15.830 D/EGL_adreno( 2305): eglMakeCurrent: 0x7fffeb4420a0: ver 3 1 (tinfo 0x7fffeb40d340)
08-31 14:13:15.840 W/WindowManager( 1283): Attempted to remove non-existing token: android.os.Binder@b2a0360
08-31 14:13:15.942 E/EGL_adreno( 2305): tid 2321: eglSurfaceAttrib(1338): error 0x3009 (EGL_BAD_MATCH)
08-31 14:13:15.942 W/OpenGLRenderer( 2305): Failed to set EGL_SWAP_BEHAVIOR on surface 0x7fffd4ffd2c0, error=EGL_BAD_MATCH
08-31 14:13:15.944 D/EGL_adreno( 2305): eglMakeCurrent: 0x7fffeb4420a0: ver 3 1 (tinfo 0x7fffeb40d340)
08-31 14:13:19.351 D/EGL_adreno( 2305): eglMakeCurrent: 0x7fffeb4420a0: ver 3 1 (tinfo 0x7fffeb40d340)
08-31 14:13:19.357 W/WindowManager( 1283): Attempted to remove non-existing token: android.os.Binder@a2ae019
08-31 14:13:19.453 E/EGL_adreno( 2305): tid 2321: eglSurfaceAttrib(1338): error 0x3009 (EGL_BAD_MATCH)
08-31 14:13:19.453 W/OpenGLRenderer( 2305): Failed to set EGL_SWAP_BEHAVIOR on surface 0x7fffd4ffd2c0, error=EGL_BAD_MATCH
08-31 14:13:19.474 D/EGL_adreno( 2305): eglMakeCurrent: 0x7fffeb4420a0: ver 3 1 (tinfo 0x7fffeb40d340)
08-31 14:13:22.861 D/EGL_adreno( 2305): eglMakeCurrent: 0x7fffeb4420a0: ver 3 1 (tinfo 0x7fffeb40d340)
08-31 14:13:22.873 W/WindowManager( 1283): Attempted to remove non-existing token: android.os.Binder@df38de
08-31 14:13:22.975 E/EGL_adreno( 2305): tid 2321: eglSurfaceAttrib(1338): error 0x3009 (EGL_BAD_MATCH)
08-31 14:13:22.975 W/OpenGLRenderer( 2305): Failed to set EGL_SWAP_BEHAVIOR on surface 0x7fffd4ffd2c0, error=EGL_BAD_MATCH
08-31 14:13:22.991 D/EGL_adreno( 2305): eglMakeCurrent: 0x7fffeb4420a0: ver 3 1 (tinfo 0x7fffeb40d340)
08-31 14:13:26.555 D/EGL_adreno( 2305): eglMakeCurrent: 0x7fffeb4420a0: ver 3 1 (tinfo 0x7fffeb40d340)
08-31 14:13:26.557 W/WindowManager( 1283): Attempted to remove non-existing token: android.os.Binder@c130abf
08-31 14:13:26.683 E/EGL_adreno( 2305): tid 2321: eglSurfaceAttrib(1338): error 0x3009 (EGL_BAD_MATCH)
08-31 14:13:26.683 W/OpenGLRenderer( 2305): Failed to set EGL_SWAP_BEHAVIOR on surface 0x7fffd4ffd2c0, error=EGL_BAD_MATCH
08-31 14:13:26.685 D/EGL_adreno( 2305): eglMakeCurrent: 0x7fffeb4420a0: ver 3 1 (tinfo 0x7fffeb40d340)
08-31 14:13:30.064 D/EGL_adreno( 2305): eglMakeCurrent: 0x7fffeb4420a0: ver 3 1 (tinfo 0x7fffeb40d340)
08-31 14:13:30.073 W/WindowManager( 1283): Attempted to remove non-existing token: android.os.Binder@87793db
08-31 14:13:42.758 D/WifiStateMachine( 1283): setScanResults mScanResults.size=1
