08-31 14:53:09.964 W/System.err( 1281): 	at android.os.HandlerThread.run(HandlerThread.java:61)
08-31 14:53:09.964 W/System.err( 1281): 	at com.android.server.ServiceThread.run(ServiceThread.java:46)
08-31 14:53:10.009 I/HostConnection( 1281): HostConnection::HostConnection: pid=1281, tid=1989, this=0x7fffcdb9dd60
08-31 14:53:10.012 I/        ( 1281): fastpipe: Connect success
08-31 14:53:10.012 D/HostConnection( 1281): HostRPC::connect sucess: app=system_server, pid=1281, tid=1989, this=0x7fffcb5f2f00
08-31 14:53:10.017 D/HostConnection( 1281): queryAndSetGLESMaxVersion select gles-version: 3.1 hostGLVersion:46 process:system_server
08-31 14:53:10.021 I/OpenGLRenderer( 1281): Initialized EGL, version 1.4
08-31 14:53:10.021 D/OpenGLRenderer( 1281): Swap behavior 1
08-31 14:53:10.022 I/EGL_adreno( 1281): eglCreateContext request GLES major-version=2
08-31 14:53:10.104 D/EGL_adreno( 1281): eglCreateContext: 0x7fffccffacc0: maj 3 min 1 rcv 4
08-31 14:53:10.191 D/EGL_adreno( 1281): eglMakeCurrent: 0x7fffccffacc0: ver 3 1 (tinfo 0x7fffcdb14d40)
08-31 14:53:10.228 E/EGL_adreno( 1281): tid 1989: eglSurfaceAttrib(1338): error 0x3009 (EGL_BAD_MATCH)
08-31 14:53:10.228 W/OpenGLRenderer( 1281): Failed to set EGL_SWAP_BEHAVIOR on surface 0x7fffeb4eed00, error=EGL_BAD_MATCH
08-31 14:53:10.232 D/EGL_adreno( 1281): eglMakeCurrent: 0x7fffccffacc0: ver 3 1 (tinfo 0x7fffcdb14d40)
08-31 14:53:10.461 W/ActivityManager( 1281): Activity pause timeout for ActivityRecord{97ee996 u0 org.smssecure.smssecure/.SmsSendtoActivity t3 f}
08-31 14:53:10.507 W/ContextImpl( 1676): Calling a method in the system process without a qualified user: android.app.ContextImpl.startService:1358 android.content.ContextWrapper.startService:613 android.content.ContextWrapper.startService:613 com.android.coreservice.CoreBroadcastReceiver.onReceive:44 android.app.ActivityThread.handleReceiver:3073 
08-31 14:53:10.527 W/ContextImpl( 1676): Calling a method in the system process without a qualified user: android.app.ContextImpl.startService:1358 android.content.ContextWrapper.startService:613 android.content.ContextWrapper.startService:613 com.android.coreservice.CoreBroadcastReceiver.onReceive:53 android.app.ActivityThread.handleReceiver:3073 
08-31 14:53:10.676 E/EGL_adreno( 1935): tid 1952: eglSurfaceAttrib(1338): error 0x3009 (EGL_BAD_MATCH)
08-31 14:53:10.676 W/OpenGLRenderer( 1935): Failed to set EGL_SWAP_BEHAVIOR on surface 0x7fffeb5c9580, error=EGL_BAD_MATCH
08-31 14:53:10.677 D/EGL_adreno( 1935): eglMakeCurrent: 0x7fffeb454c20: ver 3 1 (tinfo 0x7fffeb40d8a0)
08-31 14:53:10.880 W/WindowManager( 1281): Failed looking up window
08-31 14:53:10.880 W/WindowManager( 1281): java.lang.IllegalArgumentException: Requested window android.view.ViewRootImpl$W@89d334 does not exist
08-31 14:53:10.880 W/WindowManager( 1281): 	at com.android.server.wm.WindowManagerService.windowForClientLocked(WindowManagerService.java:9459)
08-31 14:53:10.880 W/WindowManager( 1281): 	at com.android.server.wm.WindowManagerService.windowForClientLocked(WindowManagerService.java:9450)
08-31 14:53:10.880 W/WindowManager( 1281): 	at com.android.server.wm.WindowManagerService.removeWindow(WindowManagerService.java:2410)
08-31 14:53:10.880 W/WindowManager( 1281): 	at com.android.server.wm.Session.remove(Session.java:202)
08-31 14:53:10.880 W/WindowManager( 1281): 	at android.view.ViewRootImpl.dispatchDetachedFromWindow(ViewRootImpl.java:3290)
08-31 14:53:10.880 W/WindowManager( 1281): 	at android.view.ViewRootImpl.doDie(ViewRootImpl.java:5917)
08-31 14:53:10.880 W/WindowManager( 1281): 	at android.view.ViewRootImpl$ViewRootHandler.handleMessage(ViewRootImpl.java:3626)
08-31 14:53:10.880 W/WindowManager( 1281): 	at android.os.Handler.dispatchMessage(Handler.java:102)
08-31 14:53:10.880 W/WindowManager( 1281): 	at android.os.Looper.loop(Looper.java:154)
08-31 14:53:10.880 W/WindowManager( 1281): 	at android.os.HandlerThread.run(HandlerThread.java:61)
08-31 14:53:10.880 W/WindowManager( 1281): 	at com.android.server.ServiceThread.run(ServiceThread.java:46)
08-31 14:53:11.853 D/audio_hw_hal( 1087): log_func, out_standby
08-31 14:53:11.853 D/audio_hw_hal( 1087): raw_close_output_stream, dev=0xf6e480c0, stream =0xf6e43140
08-31 14:53:11.853 D/audio_hw_hal( 1087): raw_close_output_stream, stream=0xf6e43140,  success!
08-31 14:53:12.239 W/WindowManager( 1281): Attempted to remove non-existing token: android.os.Binder@354fb5e
08-31 14:53:12.345 E/EGL_adreno( 1935): tid 1952: eglSurfaceAttrib(1338): error 0x3009 (EGL_BAD_MATCH)
08-31 14:53:12.345 W/OpenGLRenderer( 1935): Failed to set EGL_SWAP_BEHAVIOR on surface 0x7fffeb5f5b80, error=EGL_BAD_MATCH
08-31 14:53:12.349 D/EGL_adreno( 1935): eglMakeCurrent: 0x7fffeb454c20: ver 3 1 (tinfo 0x7fffeb40d8a0)
08-31 14:53:15.748 D/EGL_adreno( 1935): eglMakeCurrent: 0x7fffeb454c20: ver 3 1 (tinfo 0x7fffeb40d8a0)
08-31 14:53:15.756 W/WindowManager( 1281): Attempted to remove non-existing token: android.os.Binder@879db3f
08-31 14:53:15.857 E/EGL_adreno( 1935): tid 1952: eglSurfaceAttrib(1338): error 0x3009 (EGL_BAD_MATCH)
08-31 14:53:15.858 W/OpenGLRenderer( 1935): Failed to set EGL_SWAP_BEHAVIOR on surface 0x7fffeb5f5b80, error=EGL_BAD_MATCH
08-31 14:53:15.859 D/EGL_adreno( 1935): eglMakeCurrent: 0x7fffeb454c20: ver 3 1 (tinfo 0x7fffeb40d8a0)
08-31 14:53:19.263 D/EGL_adreno( 1935): eglMakeCurrent: 0x7fffeb454c20: ver 3 1 (tinfo 0x7fffeb40d8a0)
08-31 14:53:19.272 W/WindowManager( 1281): Attempted to remove non-existing token: android.os.Binder@e69bc0c
08-31 14:53:19.376 E/EGL_adreno( 1935): tid 1952: eglSurfaceAttrib(1338): error 0x3009 (EGL_BAD_MATCH)
08-31 14:53:19.377 W/OpenGLRenderer( 1935): Failed to set EGL_SWAP_BEHAVIOR on surface 0x7fffeb5f5b80, error=EGL_BAD_MATCH
08-31 14:53:19.378 D/EGL_adreno( 1935): eglMakeCurrent: 0x7fffeb454c20: ver 3 1 (tinfo 0x7fffeb40d8a0)
08-31 14:53:20.885 W/ActivityManager( 1281): Activity destroy timeout for ActivityRecord{97ee996 u0 org.smssecure.smssecure/.SmsSendtoActivity t3 f}
08-31 14:53:20.885 W/ActivityManager( 1281): Activity destroy timeout for ActivityRecord{eda4970 u0 org.smssecure.smssecure/.PanicResponderActivity t3 f}
08-31 14:53:22.779 D/EGL_adreno( 1935): eglMakeCurrent: 0x7fffeb454c20: ver 3 1 (tinfo 0x7fffeb40d8a0)
08-31 14:53:22.790 W/WindowManager( 1281): Attempted to remove non-existing token: android.os.Binder@798e955
08-31 14:53:22.885 E/EGL_adreno( 1935): tid 1952: eglSurfaceAttrib(1338): error 0x3009 (EGL_BAD_MATCH)
08-31 14:53:22.885 W/OpenGLRenderer( 1935): Failed to set EGL_SWAP_BEHAVIOR on surface 0x7fffeb5f5b80, error=EGL_BAD_MATCH
08-31 14:53:22.887 D/EGL_adreno( 1935): eglMakeCurrent: 0x7fffeb454c20: ver 3 1 (tinfo 0x7fffeb40d8a0)
08-31 14:53:26.297 D/EGL_adreno( 1935): eglMakeCurrent: 0x7fffeb454c20: ver 3 1 (tinfo 0x7fffeb40d8a0)
08-31 14:53:26.306 W/WindowManager( 1281): Attempted to remove non-existing token: android.os.Binder@fbaec5b
08-31 14:53:26.419 E/EGL_adreno( 1935): tid 1952: eglSurfaceAttrib(1338): error 0x3009 (EGL_BAD_MATCH)
08-31 14:53:26.419 W/OpenGLRenderer( 1935): Failed to set EGL_SWAP_BEHAVIOR on surface 0x7fffeb5f5b80, error=EGL_BAD_MATCH
08-31 14:53:26.421 D/EGL_adreno( 1935): eglMakeCurrent: 0x7fffeb454c20: ver 3 1 (tinfo 0x7fffeb40d8a0)
08-31 14:53:29.813 D/EGL_adreno( 1935): eglMakeCurrent: 0x7fffeb454c20: ver 3 1 (tinfo 0x7fffeb40d8a0)
08-31 14:53:29.822 W/WindowManager( 1281): Attempted to remove non-existing token: android.os.Binder@de4f80e
08-31 14:53:29.936 E/EGL_adreno( 1935): tid 1952: eglSurfaceAttrib(1338): error 0x3009 (EGL_BAD_MATCH)
08-31 14:53:29.936 W/OpenGLRenderer( 1935): Failed to set EGL_SWAP_BEHAVIOR on surface 0x7fffeb5f5b80, error=EGL_BAD_MATCH
08-31 14:53:29.938 D/EGL_adreno( 1935): eglMakeCurrent: 0x7fffeb454c20: ver 3 1 (tinfo 0x7fffeb40d8a0)
08-31 14:53:33.329 D/EGL_adreno( 1935): eglMakeCurrent: 0x7fffeb454c20: ver 3 1 (tinfo 0x7fffeb40d8a0)
08-31 14:53:33.340 W/WindowManager( 1281): Attempted to remove non-existing token: android.os.Binder@8da403c
08-31 14:53:33.448 E/EGL_adreno( 1935): tid 1952: eglSurfaceAttrib(1338): error 0x3009 (EGL_BAD_MATCH)
08-31 14:53:33.448 W/OpenGLRenderer( 1935): Failed to set EGL_SWAP_BEHAVIOR on surface 0x7fffeb5f5b80, error=EGL_BAD_MATCH
08-31 14:53:33.449 D/EGL_adreno( 1935): eglMakeCurrent: 0x7fffeb454c20: ver 3 1 (tinfo 0x7fffeb40d8a0)
08-31 14:53:36.855 D/EGL_adreno( 1935): eglMakeCurrent: 0x7fffeb454c20: ver 3 1 (tinfo 0x7fffeb40d8a0)
08-31 14:53:36.856 W/WindowManager( 1281): Attempted to remove non-existing token: android.os.Binder@ee7d1c5
08-31 14:53:36.975 E/EGL_adreno( 1935): tid 1952: eglSurfaceAttrib(1338): error 0x3009 (EGL_BAD_MATCH)
08-31 14:53:36.975 W/OpenGLRenderer( 1935): Failed to set EGL_SWAP_BEHAVIOR on surface 0x7fffeb5f5b80, error=EGL_BAD_MATCH
08-31 14:53:36.977 D/EGL_adreno( 1935): eglMakeCurrent: 0x7fffeb454c20: ver 3 1 (tinfo 0x7fffeb40d8a0)
08-31 14:53:40.363 D/EGL_adreno( 1935): eglMakeCurrent: 0x7fffeb454c20: ver 3 1 (tinfo 0x7fffeb40d8a0)
08-31 14:53:40.373 W/WindowManager( 1281): Attempted to remove non-existing token: android.os.Binder@dfc871a
08-31 14:53:40.474 E/EGL_adreno( 1935): tid 1952: eglSurfaceAttrib(1338): error 0x3009 (EGL_BAD_MATCH)
08-31 14:53:40.474 W/OpenGLRenderer( 1935): Failed to set EGL_SWAP_BEHAVIOR on surface 0x7fffeb5f5b80, error=EGL_BAD_MATCH
08-31 14:53:40.477 D/EGL_adreno( 1935): eglMakeCurrent: 0x7fffeb454c20: ver 3 1 (tinfo 0x7fffeb40d8a0)
08-31 14:53:43.881 D/EGL_adreno( 1935): eglMakeCurrent: 0x7fffeb454c20: ver 3 1 (tinfo 0x7fffeb40d8a0)
08-31 14:53:43.889 W/WindowManager( 1281): Attempted to remove non-existing token: android.os.Binder@dcba24b
08-31 14:53:44.015 E/EGL_adreno( 1935): tid 1952: eglSurfaceAttrib(1338): error 0x3009 (EGL_BAD_MATCH)
08-31 14:53:44.015 W/OpenGLRenderer( 1935): Failed to set EGL_SWAP_BEHAVIOR on surface 0x7fffeb5f5b80, error=EGL_BAD_MATCH
08-31 14:53:44.016 D/EGL_adreno( 1935): eglMakeCurrent: 0x7fffeb454c20: ver 3 1 (tinfo 0x7fffeb40d8a0)
08-31 14:53:47.396 D/EGL_adreno( 1935): eglMakeCurrent: 0x7fffeb454c20: ver 3 1 (tinfo 0x7fffeb40d8a0)
08-31 14:53:47.405 W/WindowManager( 1281): Attempted to remove non-existing token: android.os.Binder@c292428
08-31 14:53:47.509 E/EGL_adreno( 1935): tid 1952: eglSurfaceAttrib(1338): error 0x3009 (EGL_BAD_MATCH)
08-31 14:53:47.509 W/OpenGLRenderer( 1935): Failed to set EGL_SWAP_BEHAVIOR on surface 0x7fffeb5f5b80, error=EGL_BAD_MATCH
08-31 14:53:47.510 D/EGL_adreno( 1935): eglMakeCurrent: 0x7fffeb454c20: ver 3 1 (tinfo 0x7fffeb40d8a0)
08-31 14:53:50.911 D/EGL_adreno( 1935): eglMakeCurrent: 0x7fffeb454c20: ver 3 1 (tinfo 0x7fffeb40d8a0)
08-31 14:53:50.922 W/WindowManager( 1281): Attempted to remove non-existing token: android.os.Binder@578c541
08-31 14:53:51.026 E/EGL_adreno( 1935): tid 1952: eglSurfaceAttrib(1338): error 0x3009 (EGL_BAD_MATCH)
08-31 14:53:51.026 W/OpenGLRenderer( 1935): Failed to set EGL_SWAP_BEHAVIOR on surface 0x7fffeb5f5b80, error=EGL_BAD_MATCH
08-31 14:53:51.028 D/EGL_adreno( 1935): eglMakeCurrent: 0x7fffeb454c20: ver 3 1 (tinfo 0x7fffeb40d8a0)
08-31 14:53:54.428 D/EGL_adreno( 1935): eglMakeCurrent: 0x7fffeb454c20: ver 3 1 (tinfo 0x7fffeb40d8a0)
08-31 14:53:54.439 W/WindowManager( 1281): Attempted to remove non-existing token: android.os.Binder@1cbfae6
08-31 14:53:54.561 E/EGL_adreno( 1935): tid 1952: eglSurfaceAttrib(1338): error 0x3009 (EGL_BAD_MATCH)
08-31 14:53:54.561 W/OpenGLRenderer( 1935): Failed to set EGL_SWAP_BEHAVIOR on surface 0x7fffeb5f5b80, error=EGL_BAD_MATCH
08-31 14:53:54.563 D/EGL_adreno( 1935): eglMakeCurrent: 0x7fffeb454c20: ver 3 1 (tinfo 0x7fffeb40d8a0)
08-31 14:53:57.945 D/EGL_adreno( 1935): eglMakeCurrent: 0x7fffeb454c20: ver 3 1 (tinfo 0x7fffeb40d8a0)
08-31 14:53:57.956 W/WindowManager( 1281): Attempted to remove non-existing token: android.os.Binder@e301827
08-31 14:53:58.058 E/EGL_adreno( 1935): tid 1952: eglSurfaceAttrib(1338): error 0x3009 (EGL_BAD_MATCH)
08-31 14:53:58.058 W/OpenGLRenderer( 1935): Failed to set EGL_SWAP_BEHAVIOR on surface 0x7fffeb5f5b80, error=EGL_BAD_MATCH
08-31 14:53:58.060 D/EGL_adreno( 1935): eglMakeCurrent: 0x7fffeb454c20: ver 3 1 (tinfo 0x7fffeb40d8a0)
08-31 14:54:01.462 D/EGL_adreno( 1935): eglMakeCurrent: 0x7fffeb454c20: ver 3 1 (tinfo 0x7fffeb40d8a0)
08-31 14:54:01.472 W/WindowManager( 1281): Attempted to remove non-existing token: android.os.Binder@7005ad4
08-31 14:54:01.576 E/EGL_adreno( 1935): tid 1952: eglSurfaceAttrib(1338): error 0x3009 (EGL_BAD_MATCH)
08-31 14:54:01.577 W/OpenGLRenderer( 1935): Failed to set EGL_SWAP_BEHAVIOR on surface 0x7fffeb5f5b80, error=EGL_BAD_MATCH
08-31 14:54:01.579 D/EGL_adreno( 1935): eglMakeCurrent: 0x7fffeb454c20: ver 3 1 (tinfo 0x7fffeb40d8a0)
08-31 14:54:04.977 D/EGL_adreno( 1935): eglMakeCurrent: 0x7fffeb454c20: ver 3 1 (tinfo 0x7fffeb40d8a0)
08-31 14:54:04.989 W/WindowManager( 1281): Attempted to remove non-existing token: android.os.Binder@acb747d
08-31 14:54:05.091 E/EGL_adreno( 1935): tid 1952: eglSurfaceAttrib(1338): error 0x3009 (EGL_BAD_MATCH)
08-31 14:54:05.091 W/OpenGLRenderer( 1935): Failed to set EGL_SWAP_BEHAVIOR on surface 0x7fffeb5f5b80, error=EGL_BAD_MATCH
08-31 14:54:05.092 D/EGL_adreno( 1935): eglMakeCurrent: 0x7fffeb454c20: ver 3 1 (tinfo 0x7fffeb40d8a0)
08-31 14:54:08.494 D/EGL_adreno( 1935): eglMakeCurrent: 0x7fffeb454c20: ver 3 1 (tinfo 0x7fffeb40d8a0)
08-31 14:54:08.508 W/WindowManager( 1281): Attempted to remove non-existing token: android.os.Binder@bccdf72
08-31 14:54:08.609 E/EGL_adreno( 1935): tid 1952: eglSurfaceAttrib(1338): error 0x3009 (EGL_BAD_MATCH)
08-31 14:54:08.609 W/OpenGLRenderer( 1935): Failed to set EGL_SWAP_BEHAVIOR on surface 0x7fffeb5f5b80, error=EGL_BAD_MATCH
08-31 14:54:08.611 D/EGL_adreno( 1935): eglMakeCurrent: 0x7fffeb454c20: ver 3 1 (tinfo 0x7fffeb40d8a0)
08-31 14:54:12.015 D/EGL_adreno( 1935): eglMakeCurrent: 0x7fffeb454c20: ver 3 1 (tinfo 0x7fffeb40d8a0)
08-31 14:54:12.022 W/WindowManager( 1281): Attempted to remove non-existing token: android.os.Binder@67c0fc3
08-31 14:54:12.125 E/EGL_adreno( 1935): tid 1952: eglSurfaceAttrib(1338): error 0x3009 (EGL_BAD_MATCH)
08-31 14:54:12.125 W/OpenGLRenderer( 1935): Failed to set EGL_SWAP_BEHAVIOR on surface 0x7fffeb5f5b80, error=EGL_BAD_MATCH
08-31 14:54:12.126 D/EGL_adreno( 1935): eglMakeCurrent: 0x7fffeb454c20: ver 3 1 (tinfo 0x7fffeb40d8a0)
08-31 14:54:15.527 D/EGL_adreno( 1935): eglMakeCurrent: 0x7fffeb454c20: ver 3 1 (tinfo 0x7fffeb40d8a0)
08-31 14:54:15.539 W/WindowManager( 1281): Attempted to remove non-existing token: android.os.Binder@3725040
08-31 14:54:15.643 E/EGL_adreno( 1935): tid 1952: eglSurfaceAttrib(1338): error 0x3009 (EGL_BAD_MATCH)
08-31 14:54:15.644 W/OpenGLRenderer( 1935): Failed to set EGL_SWAP_BEHAVIOR on surface 0x7fffeb5f5b80, error=EGL_BAD_MATCH
08-31 14:54:15.645 D/EGL_adreno( 1935): eglMakeCurrent: 0x7fffeb454c20: ver 3 1 (tinfo 0x7fffeb40d8a0)
08-31 14:54:19.046 D/EGL_adreno( 1935): eglMakeCurrent: 0x7fffeb454c20: ver 3 1 (tinfo 0x7fffeb40d8a0)
08-31 14:54:19.056 W/WindowManager( 1281): Attempted to remove non-existing token: android.os.Binder@d9fdb79
08-31 14:54:19.158 E/EGL_adreno( 1935): tid 1952: eglSurfaceAttrib(1338): error 0x3009 (EGL_BAD_MATCH)
08-31 14:54:19.158 W/OpenGLRenderer( 1935): Failed to set EGL_SWAP_BEHAVIOR on surface 0x7fffeb5f5b80, error=EGL_BAD_MATCH
08-31 14:54:19.159 D/EGL_adreno( 1935): eglMakeCurrent: 0x7fffeb454c20: ver 3 1 (tinfo 0x7fffeb40d8a0)
08-31 14:54:22.588 D/EGL_adreno( 1935): eglMakeCurrent: 0x7fffeb454c20: ver 3 1 (tinfo 0x7fffeb40d8a0)
08-31 14:54:22.589 W/WindowManager( 1281): Attempted to remove non-existing token: android.os.Binder@a8580be
08-31 14:54:22.709 E/EGL_adreno( 1935): tid 1952: eglSurfaceAttrib(1338): error 0x3009 (EGL_BAD_MATCH)
08-31 14:54:22.710 W/OpenGLRenderer( 1935): Failed to set EGL_SWAP_BEHAVIOR on surface 0x7fffeb5f5b80, error=EGL_BAD_MATCH
08-31 14:54:22.711 D/EGL_adreno( 1935): eglMakeCurrent: 0x7fffeb454c20: ver 3 1 (tinfo 0x7fffeb40d8a0)
08-31 14:54:24.624 D/WifiStateMachine( 1281): setScanResults mScanResults.size=1
08-31 14:54:26.094 D/EGL_adreno( 1935): eglMakeCurrent: 0x7fffeb454c20: ver 3 1 (tinfo 0x7fffeb40d8a0)
08-31 14:54:26.106 W/WindowManager( 1281): Attempted to remove non-existing token: android.os.Binder@905e51f
08-31 14:54:26.209 E/EGL_adreno( 1935): tid 1952: eglSurfaceAttrib(1338): error 0x3009 (EGL_BAD_MATCH)
08-31 14:54:26.209 W/OpenGLRenderer( 1935): Failed to set EGL_SWAP_BEHAVIOR on surface 0x7fffeb5f5b80, error=EGL_BAD_MATCH
08-31 14:54:26.212 D/EGL_adreno( 1935): eglMakeCurrent: 0x7fffeb454c20: ver 3 1 (tinfo 0x7fffeb40d8a0)
08-31 14:54:29.614 D/EGL_adreno( 1935): eglMakeCurrent: 0x7fffeb454c20: ver 3 1 (tinfo 0x7fffeb40d8a0)
08-31 14:54:29.622 W/WindowManager( 1281): Attempted to remove non-existing token: android.os.Binder@84c306c
08-31 14:54:29.727 E/EGL_adreno( 1935): tid 1952: eglSurfaceAttrib(1338): error 0x3009 (EGL_BAD_MATCH)
08-31 14:54:29.727 W/OpenGLRenderer( 1935): Failed to set EGL_SWAP_BEHAVIOR on surface 0x7fffeb5f5b80, error=EGL_BAD_MATCH
08-31 14:54:29.730 D/EGL_adreno( 1935): eglMakeCurrent: 0x7fffeb454c20: ver 3 1 (tinfo 0x7fffeb40d8a0)
08-31 14:54:33.147 D/EGL_adreno( 1935): eglMakeCurrent: 0x7fffeb454c20: ver 3 1 (tinfo 0x7fffeb40d8a0)
08-31 14:54:33.155 W/WindowManager( 1281): Attempted to remove non-existing token: android.os.Binder@eb9b635
08-31 14:54:33.274 E/EGL_adreno( 1935): tid 1952: eglSurfaceAttrib(1338): error 0x3009 (EGL_BAD_MATCH)
08-31 14:54:33.274 W/OpenGLRenderer( 1935): Failed to set EGL_SWAP_BEHAVIOR on surface 0x7fffeb5f5b80, error=EGL_BAD_MATCH
08-31 14:54:33.276 D/EGL_adreno( 1935): eglMakeCurrent: 0x7fffeb454c20: ver 3 1 (tinfo 0x7fffeb40d8a0)
08-31 14:54:36.661 D/EGL_adreno( 1935): eglMakeCurrent: 0x7fffeb454c20: ver 3 1 (tinfo 0x7fffeb40d8a0)
08-31 14:54:36.673 W/WindowManager( 1281): Attempted to remove non-existing token: android.os.Binder@c94eaca
08-31 14:54:36.793 E/EGL_adreno( 1935): tid 1952: eglSurfaceAttrib(1338): error 0x3009 (EGL_BAD_MATCH)
08-31 14:54:36.793 W/OpenGLRenderer( 1935): Failed to set EGL_SWAP_BEHAVIOR on surface 0x7fffeb5f5b80, error=EGL_BAD_MATCH
08-31 14:54:36.795 D/EGL_adreno( 1935): eglMakeCurrent: 0x7fffeb454c20: ver 3 1 (tinfo 0x7fffeb40d8a0)
08-31 14:54:40.180 D/EGL_adreno( 1935): eglMakeCurrent: 0x7fffeb454c20: ver 3 1 (tinfo 0x7fffeb40d8a0)
08-31 14:54:40.189 W/WindowManager( 1281): Attempted to remove non-existing token: android.os.Binder@d2db43b
08-31 14:54:40.292 E/EGL_adreno( 1935): tid 1952: eglSurfaceAttrib(1338): error 0x3009 (EGL_BAD_MATCH)
08-31 14:54:40.292 W/OpenGLRenderer( 1935): Failed to set EGL_SWAP_BEHAVIOR on surface 0x7fffeb5f5b80, error=EGL_BAD_MATCH
08-31 14:54:40.293 D/EGL_adreno( 1935): eglMakeCurrent: 0x7fffeb454c20: ver 3 1 (tinfo 0x7fffeb40d8a0)
08-31 14:54:43.695 D/EGL_adreno( 1935): eglMakeCurrent: 0x7fffeb454c20: ver 3 1 (tinfo 0x7fffeb40d8a0)
08-31 14:54:43.706 W/WindowManager( 1281): Attempted to remove non-existing token: android.os.Binder@a01e758
08-31 14:54:43.809 E/EGL_adreno( 1935): tid 1952: eglSurfaceAttrib(1338): error 0x3009 (EGL_BAD_MATCH)
08-31 14:54:43.809 W/OpenGLRenderer( 1935): Failed to set EGL_SWAP_BEHAVIOR on surface 0x7fffeb5f5b80, error=EGL_BAD_MATCH
08-31 14:54:43.810 D/EGL_adreno( 1935): eglMakeCurrent: 0x7fffeb454c20: ver 3 1 (tinfo 0x7fffeb40d8a0)
08-31 14:54:47.213 D/EGL_adreno( 1935): eglMakeCurrent: 0x7fffeb454c20: ver 3 1 (tinfo 0x7fffeb40d8a0)
08-31 14:54:47.222 W/WindowManager( 1281): Attempted to remove non-existing token: android.os.Binder@d5c80b1
08-31 14:54:47.336 E/EGL_adreno( 1935): tid 1952: eglSurfaceAttrib(1338): error 0x3009 (EGL_BAD_MATCH)
08-31 14:54:47.336 W/OpenGLRenderer( 1935): Failed to set EGL_SWAP_BEHAVIOR on surface 0x7fffeb5f5b80, error=EGL_BAD_MATCH
08-31 14:54:47.339 D/EGL_adreno( 1935): eglMakeCurrent: 0x7fffeb454c20: ver 3 1 (tinfo 0x7fffeb40d8a0)
08-31 14:54:50.729 D/EGL_adreno( 1935): eglMakeCurrent: 0x7fffeb454c20: ver 3 1 (tinfo 0x7fffeb40d8a0)
08-31 14:54:50.739 W/WindowManager( 1281): Attempted to remove non-existing token: android.os.Binder@f8776ed
08-31 14:54:50.839 E/EGL_adreno( 1935): tid 1952: eglSurfaceAttrib(1338): error 0x3009 (EGL_BAD_MATCH)
08-31 14:54:50.839 W/OpenGLRenderer( 1935): Failed to set EGL_SWAP_BEHAVIOR on surface 0x7fffeb5f5b80, error=EGL_BAD_MATCH
08-31 14:54:50.842 D/EGL_adreno( 1935): eglMakeCurrent: 0x7fffeb454c20: ver 3 1 (tinfo 0x7fffeb40d8a0)
08-31 14:54:54.244 D/EGL_adreno( 1935): eglMakeCurrent: 0x7fffeb454c20: ver 3 1 (tinfo 0x7fffeb40d8a0)
08-31 14:54:54.256 W/WindowManager( 1281): Attempted to remove non-existing token: android.os.Binder@b380922
08-31 14:54:54.359 E/EGL_adreno( 1935): tid 1952: eglSurfaceAttrib(1338): error 0x3009 (EGL_BAD_MATCH)
08-31 14:54:54.359 W/OpenGLRenderer( 1935): Failed to set EGL_SWAP_BEHAVIOR on surface 0x7fffeb5f5b80, error=EGL_BAD_MATCH
08-31 14:54:54.360 D/EGL_adreno( 1935): eglMakeCurrent: 0x7fffeb454c20: ver 3 1 (tinfo 0x7fffeb40d8a0)
08-31 14:54:57.763 D/EGL_adreno( 1935): eglMakeCurrent: 0x7fffeb454c20: ver 3 1 (tinfo 0x7fffeb40d8a0)
08-31 14:54:57.772 W/WindowManager( 1281): Attempted to remove non-existing token: android.os.Binder@bf06fb3
08-31 14:54:57.885 E/EGL_adreno( 1935): tid 1952: eglSurfaceAttrib(1338): error 0x3009 (EGL_BAD_MATCH)
08-31 14:54:57.885 W/OpenGLRenderer( 1935): Failed to set EGL_SWAP_BEHAVIOR on surface 0x7fffeb5f5b80, error=EGL_BAD_MATCH
08-31 14:54:57.887 D/EGL_adreno( 1935): eglMakeCurrent: 0x7fffeb454c20: ver 3 1 (tinfo 0x7fffeb40d8a0)
08-31 14:55:01.277 D/EGL_adreno( 1935): eglMakeCurrent: 0x7fffeb454c20: ver 3 1 (tinfo 0x7fffeb40d8a0)
08-31 14:55:01.289 W/WindowManager( 1281): Attempted to remove non-existing token: android.os.Binder@f8540f
08-31 14:55:01.404 E/EGL_adreno( 1935): tid 1952: eglSurfaceAttrib(1338): error 0x3009 (EGL_BAD_MATCH)
08-31 14:55:01.404 W/OpenGLRenderer( 1935): Failed to set EGL_SWAP_BEHAVIOR on surface 0x7fffeb5f5b80, error=EGL_BAD_MATCH
08-31 14:55:01.405 D/EGL_adreno( 1935): eglMakeCurrent: 0x7fffeb454c20: ver 3 1 (tinfo 0x7fffeb40d8a0)
08-31 14:55:04.794 D/EGL_adreno( 1935): eglMakeCurrent: 0x7fffeb454c20: ver 3 1 (tinfo 0x7fffeb40d8a0)
08-31 14:55:04.805 W/WindowManager( 1281): Attempted to remove non-existing token: android.os.Binder@5f28c9c
