08-31 14:58:53.422 W/System.err( 1935): 	at android.os.Handler.dispatchMessage(Handler.java:95)
08-31 14:58:53.422 W/System.err( 1935): 	at android.os.Looper.loop(Looper.java:154)
08-31 14:58:53.422 W/System.err( 1935): 	at android.app.ActivityThread.main(ActivityThread.java:6190)
08-31 14:58:53.422 W/System.err( 1935): 	at java.lang.reflect.Method.invoke(Native Method)
08-31 14:58:53.422 W/System.err( 1935): 	at com.android.internal.os.ZygoteInit$MethodAndArgsCaller.run(ZygoteInit.java:892)
08-31 14:58:53.422 W/System.err( 1935): 	at com.android.internal.os.ZygoteInit.main(ZygoteInit.java:782)
08-31 14:58:53.424 I/ActivityManager( 1281): START u0 {cmp=org.sufficientlysecure.keychain/.ui.ShowNfcSweetspotActivity (has extras)} from uid 10064 on display 0
08-31 14:58:53.424 W/ActivityManager( 1281): Permission Denial: starting Intent { cmp=org.sufficientlysecure.keychain/.ui.ShowNfcSweetspotActivity (has extras) } from ProcessRecord{bda5613 1935:com.android.intentfuzzer/u0a64} (pid=1935, uid=10064) not exported from uid 10061
08-31 14:58:53.425 W/System.err( 1935): java.lang.Exception: Toast callstack! strTip=Send Intent Failed!
08-31 14:58:53.426 W/System.err( 1935): 	at android.widget.Toast.show(Toast.java:130)
08-31 14:58:53.426 W/System.err( 1935): 	at com.android.intentfuzzer.FuzzerActivity$4.onClick(FuzzerActivity.java:186)
08-31 14:58:53.426 W/System.err( 1935): 	at android.view.View.performClick(View.java:5637)
08-31 14:58:53.426 W/System.err( 1935): 	at android.view.View$PerformClick.run(View.java:22429)
08-31 14:58:53.426 W/System.err( 1935): 	at android.os.Handler.handleCallback(Handler.java:751)
08-31 14:58:53.426 W/System.err( 1935): 	at android.os.Handler.dispatchMessage(Handler.java:95)
08-31 14:58:53.426 W/System.err( 1935): 	at android.os.Looper.loop(Looper.java:154)
08-31 14:58:53.426 W/System.err( 1935): 	at android.app.ActivityThread.main(ActivityThread.java:6190)
08-31 14:58:53.426 W/System.err( 1935): 	at java.lang.reflect.Method.invoke(Native Method)
08-31 14:58:53.426 W/System.err( 1935): 	at com.android.internal.os.ZygoteInit$MethodAndArgsCaller.run(ZygoteInit.java:892)
08-31 14:58:53.426 W/System.err( 1935): 	at com.android.internal.os.ZygoteInit.main(ZygoteInit.java:782)
08-31 14:58:53.427 I/ActivityManager( 1281): START u0 {cmp=org.sufficientlysecure.keychain/.remote.ui.RemoteErrorActivity (has extras)} from uid 10064 on display 0
08-31 14:58:53.427 W/ActivityManager( 1281): Permission Denial: starting Intent { cmp=org.sufficientlysecure.keychain/.remote.ui.RemoteErrorActivity (has extras) } from ProcessRecord{bda5613 1935:com.android.intentfuzzer/u0a64} (pid=1935, uid=10064) not exported from uid 10061
08-31 14:58:53.428 W/System.err( 1935): java.lang.Exception: Toast callstack! strTip=Send Intent Failed!
08-31 14:58:53.429 W/System.err( 1935): 	at android.widget.Toast.show(Toast.java:130)
08-31 14:58:53.429 W/System.err( 1935): 	at com.android.intentfuzzer.FuzzerActivity$4.onClick(FuzzerActivity.java:186)
08-31 14:58:53.429 W/System.err( 1935): 	at android.view.View.performClick(View.java:5637)
08-31 14:58:53.429 W/System.err( 1935): 	at android.view.View$PerformClick.run(View.java:22429)
08-31 14:58:53.429 W/System.err( 1935): 	at android.os.Handler.handleCallback(Handler.java:751)
08-31 14:58:53.429 W/System.err( 1935): 	at android.os.Handler.dispatchMessage(Handler.java:95)
08-31 14:58:53.429 W/System.err( 1935): 	at android.os.Looper.loop(Looper.java:154)
08-31 14:58:53.429 W/System.err( 1935): 	at android.app.ActivityThread.main(ActivityThread.java:6190)
08-31 14:58:53.429 W/System.err( 1935): 	at java.lang.reflect.Method.invoke(Native Method)
08-31 14:58:53.429 W/System.err( 1935): 	at com.android.internal.os.ZygoteInit$MethodAndArgsCaller.run(ZygoteInit.java:892)
08-31 14:58:53.429 W/System.err( 1935): 	at com.android.internal.os.ZygoteInit.main(ZygoteInit.java:782)
08-31 14:58:53.430 I/ActivityManager( 1281): START u0 {cmp=org.sufficientlysecure.keychain/.remote.ui.RemoteRegisterActivity (has extras)} from uid 10064 on display 0
08-31 14:58:53.430 W/ActivityManager( 1281): Permission Denial: starting Intent { cmp=org.sufficientlysecure.keychain/.remote.ui.RemoteRegisterActivity (has extras) } from ProcessRecord{bda5613 1935:com.android.intentfuzzer/u0a64} (pid=1935, uid=10064) not exported from uid 10061
08-31 14:58:53.431 W/System.err( 1935): java.lang.Exception: Toast callstack! strTip=Send Intent Failed!
08-31 14:58:53.431 W/System.err( 1935): 	at android.widget.Toast.show(Toast.java:130)
08-31 14:58:53.431 W/System.err( 1935): 	at com.android.intentfuzzer.FuzzerActivity$4.onClick(FuzzerActivity.java:186)
08-31 14:58:53.431 W/System.err( 1935): 	at android.view.View.performClick(View.java:5637)
08-31 14:58:53.431 W/System.err( 1935): 	at android.view.View$PerformClick.run(View.java:22429)
08-31 14:58:53.431 W/System.err( 1935): 	at android.os.Handler.handleCallback(Handler.java:751)
08-31 14:58:53.432 W/System.err( 1935): 	at android.os.Handler.dispatchMessage(Handler.java:95)
08-31 14:58:53.432 W/System.err( 1935): 	at android.os.Looper.loop(Looper.java:154)
08-31 14:58:53.432 W/System.err( 1935): 	at android.app.ActivityThread.main(ActivityThread.java:6190)
08-31 14:58:53.432 W/System.err( 1935): 	at java.lang.reflect.Method.invoke(Native Method)
08-31 14:58:53.432 W/System.err( 1935): 	at com.android.internal.os.ZygoteInit$MethodAndArgsCaller.run(ZygoteInit.java:892)
08-31 14:58:53.432 W/System.err( 1935): 	at com.android.internal.os.ZygoteInit.main(ZygoteInit.java:782)
08-31 14:58:53.432 I/ActivityManager( 1281): START u0 {cmp=org.sufficientlysecure.keychain/.remote.ui.RemoteSecurityProblemDialogActivity (has extras)} from uid 10064 on display 0
08-31 14:58:53.433 W/ActivityManager( 1281): Permission Denial: starting Intent { cmp=org.sufficientlysecure.keychain/.remote.ui.RemoteSecurityProblemDialogActivity (has extras) } from ProcessRecord{bda5613 1935:com.android.intentfuzzer/u0a64} (pid=1935, uid=10064) not exported from uid 10061
08-31 14:58:53.434 W/System.err( 1935): java.lang.Exception: Toast callstack! strTip=Send Intent Failed!
08-31 14:58:53.434 W/System.err( 1935): 	at android.widget.Toast.show(Toast.java:130)
08-31 14:58:53.434 W/System.err( 1935): 	at com.android.intentfuzzer.FuzzerActivity$4.onClick(FuzzerActivity.java:186)
08-31 14:58:53.434 W/System.err( 1935): 	at android.view.View.performClick(View.java:5637)
08-31 14:58:53.434 W/System.err( 1935): 	at android.view.View$PerformClick.run(View.java:22429)
08-31 14:58:53.434 W/System.err( 1935): 	at android.os.Handler.handleCallback(Handler.java:751)
08-31 14:58:53.434 W/System.err( 1935): 	at android.os.Handler.dispatchMessage(Handler.java:95)
08-31 14:58:53.434 W/System.err( 1935): 	at android.os.Looper.loop(Looper.java:154)
08-31 14:58:53.434 W/System.err( 1935): 	at android.app.ActivityThread.main(ActivityThread.java:6190)
08-31 14:58:53.434 W/System.err( 1935): 	at java.lang.reflect.Method.invoke(Native Method)
08-31 14:58:53.434 W/System.err( 1935): 	at com.android.internal.os.ZygoteInit$MethodAndArgsCaller.run(ZygoteInit.java:892)
08-31 14:58:53.434 W/System.err( 1935): 	at com.android.internal.os.ZygoteInit.main(ZygoteInit.java:782)
08-31 14:58:53.436 I/ActivityManager( 1281): START u0 {cmp=org.sufficientlysecure.keychain/.remote.ui.dialog.RemoteDeduplicateActivity (has extras)} from uid 10064 on display 0
08-31 14:58:53.436 W/ActivityManager( 1281): Permission Denial: starting Intent { cmp=org.sufficientlysecure.keychain/.remote.ui.dialog.RemoteDeduplicateActivity (has extras) } from ProcessRecord{bda5613 1935:com.android.intentfuzzer/u0a64} (pid=1935, uid=10064) not exported from uid 10061
08-31 14:58:53.437 W/System.err( 1935): java.lang.Exception: Toast callstack! strTip=Send Intent Failed!
08-31 14:58:53.437 W/System.err( 1935): 	at android.widget.Toast.show(Toast.java:130)
08-31 14:58:53.437 W/System.err( 1935): 	at com.android.intentfuzzer.FuzzerActivity$4.onClick(FuzzerActivity.java:186)
08-31 14:58:53.437 W/System.err( 1935): 	at android.view.View.performClick(View.java:5637)
08-31 14:58:53.437 W/System.err( 1935): 	at android.view.View$PerformClick.run(View.java:22429)
08-31 14:58:53.437 W/System.err( 1935): 	at android.os.Handler.handleCallback(Handler.java:751)
08-31 14:58:53.437 W/System.err( 1935): 	at android.os.Handler.dispatchMessage(Handler.java:95)
08-31 14:58:53.437 W/System.err( 1935): 	at android.os.Looper.loop(Looper.java:154)
08-31 14:58:53.437 W/System.err( 1935): 	at android.app.ActivityThread.main(ActivityThread.java:6190)
08-31 14:58:53.437 W/System.err( 1935): 	at java.lang.reflect.Method.invoke(Native Method)
08-31 14:58:53.437 W/System.err( 1935): 	at com.android.internal.os.ZygoteInit$MethodAndArgsCaller.run(ZygoteInit.java:892)
08-31 14:58:53.437 W/System.err( 1935): 	at com.android.internal.os.ZygoteInit.main(ZygoteInit.java:782)
08-31 14:58:53.438 I/ActivityManager( 1281): START u0 {cmp=org.sufficientlysecure.keychain/.remote.ui.RemoteSelectPubKeyActivity (has extras)} from uid 10064 on display 0
08-31 14:58:53.438 W/ActivityManager( 1281): Permission Denial: starting Intent { cmp=org.sufficientlysecure.keychain/.remote.ui.RemoteSelectPubKeyActivity (has extras) } from ProcessRecord{bda5613 1935:com.android.intentfuzzer/u0a64} (pid=1935, uid=10064) not exported from uid 10061
08-31 14:58:53.440 W/System.err( 1935): java.lang.Exception: Toast callstack! strTip=Send Intent Failed!
08-31 14:58:53.440 W/System.err( 1935): 	at android.widget.Toast.show(Toast.java:130)
08-31 14:58:53.440 W/System.err( 1935): 	at com.android.intentfuzzer.FuzzerActivity$4.onClick(FuzzerActivity.java:186)
08-31 14:58:53.440 W/System.err( 1935): 	at android.view.View.performClick(View.java:5637)
08-31 14:58:53.440 W/System.err( 1935): 	at android.view.View$PerformClick.run(View.java:22429)
08-31 14:58:53.440 W/System.err( 1935): 	at android.os.Handler.handleCallback(Handler.java:751)
08-31 14:58:53.440 W/System.err( 1935): 	at android.os.Handler.dispatchMessage(Handler.java:95)
08-31 14:58:53.440 W/System.err( 1935): 	at android.os.Looper.loop(Looper.java:154)
08-31 14:58:53.440 W/System.err( 1935): 	at android.app.ActivityThread.main(ActivityThread.java:6190)
08-31 14:58:53.440 W/System.err( 1935): 	at java.lang.reflect.Method.invoke(Native Method)
08-31 14:58:53.440 W/System.err( 1935): 	at com.android.internal.os.ZygoteInit$MethodAndArgsCaller.run(ZygoteInit.java:892)
08-31 14:58:53.440 W/System.err( 1935): 	at com.android.internal.os.ZygoteInit.main(ZygoteInit.java:782)
08-31 14:58:53.441 I/ActivityManager( 1281): START u0 {cmp=org.sufficientlysecure.keychain/.remote.ui.dialog.RemoteSelectIdKeyActivity (has extras)} from uid 10064 on display 0
08-31 14:58:53.441 W/ActivityManager( 1281): Permission Denial: starting Intent { cmp=org.sufficientlysecure.keychain/.remote.ui.dialog.RemoteSelectIdKeyActivity (has extras) } from ProcessRecord{bda5613 1935:com.android.intentfuzzer/u0a64} (pid=1935, uid=10064) not exported from uid 10061
08-31 14:58:53.442 W/System.err( 1935): java.lang.Exception: Toast callstack! strTip=Send Intent Failed!
08-31 14:58:53.443 W/System.err( 1935): 	at android.widget.Toast.show(Toast.java:130)
08-31 14:58:53.443 W/System.err( 1935): 	at com.android.intentfuzzer.FuzzerActivity$4.onClick(FuzzerActivity.java:186)
08-31 14:58:53.443 W/System.err( 1935): 	at android.view.View.performClick(View.java:5637)
08-31 14:58:53.443 W/System.err( 1935): 	at android.view.View$PerformClick.run(View.java:22429)
08-31 14:58:53.443 W/System.err( 1935): 	at android.os.Handler.handleCallback(Handler.java:751)
08-31 14:58:53.443 W/System.err( 1935): 	at android.os.Handler.dispatchMessage(Handler.java:95)
08-31 14:58:53.443 W/System.err( 1935): 	at android.os.Looper.loop(Looper.java:154)
08-31 14:58:53.443 W/System.err( 1935): 	at android.app.ActivityThread.main(ActivityThread.java:6190)
08-31 14:58:53.443 W/System.err( 1935): 	at java.lang.reflect.Method.invoke(Native Method)
08-31 14:58:53.443 W/System.err( 1935): 	at com.android.internal.os.ZygoteInit$MethodAndArgsCaller.run(ZygoteInit.java:892)
08-31 14:58:53.443 W/System.err( 1935): 	at com.android.internal.os.ZygoteInit.main(ZygoteInit.java:782)
08-31 14:58:53.444 I/ActivityManager( 1281): START u0 {cmp=org.sufficientlysecure.keychain/.remote.ui.SelectSignKeyIdActivity (has extras)} from uid 10064 on display 0
08-31 14:58:53.444 W/ActivityManager( 1281): Permission Denial: starting Intent { cmp=org.sufficientlysecure.keychain/.remote.ui.SelectSignKeyIdActivity (has extras) } from ProcessRecord{bda5613 1935:com.android.intentfuzzer/u0a64} (pid=1935, uid=10064) not exported from uid 10061
08-31 14:58:53.446 W/System.err( 1935): java.lang.Exception: Toast callstack! strTip=Send Intent Failed!
08-31 14:58:53.446 W/System.err( 1935): 	at android.widget.Toast.show(Toast.java:130)
08-31 14:58:53.446 W/System.err( 1935): 	at com.android.intentfuzzer.FuzzerActivity$4.onClick(FuzzerActivity.java:186)
08-31 14:58:53.446 W/System.err( 1935): 	at android.view.View.performClick(View.java:5637)
08-31 14:58:53.446 W/System.err( 1935): 	at android.view.View$PerformClick.run(View.java:22429)
08-31 14:58:53.446 W/System.err( 1935): 	at android.os.Handler.handleCallback(Handler.java:751)
08-31 14:58:53.446 W/System.err( 1935): 	at android.os.Handler.dispatchMessage(Handler.java:95)
08-31 14:58:53.446 W/System.err( 1935): 	at android.os.Looper.loop(Looper.java:154)
08-31 14:58:53.446 W/System.err( 1935): 	at android.app.ActivityThread.main(ActivityThread.java:6190)
08-31 14:58:53.446 W/System.err( 1935): 	at java.lang.reflect.Method.invoke(Native Method)
08-31 14:58:53.446 W/System.err( 1935): 	at com.android.internal.os.ZygoteInit$MethodAndArgsCaller.run(ZygoteInit.java:892)
08-31 14:58:53.446 W/System.err( 1935): 	at com.android.internal.os.ZygoteInit.main(ZygoteInit.java:782)
08-31 14:58:53.448 I/ActivityManager( 1281): START u0 {cmp=org.sufficientlysecure.keychain/.remote.ui.dialog.RemoteSelectAuthenticationKeyActivity (has extras)} from uid 10064 on display 0
08-31 14:58:53.448 W/ActivityManager( 1281): Permission Denial: starting Intent { cmp=org.sufficientlysecure.keychain/.remote.ui.dialog.RemoteSelectAuthenticationKeyActivity (has extras) } from ProcessRecord{bda5613 1935:com.android.intentfuzzer/u0a64} (pid=1935, uid=10064) not exported from uid 10061
08-31 14:58:53.450 W/System.err( 1935): java.lang.Exception: Toast callstack! strTip=Send Intent Failed!
08-31 14:58:53.450 W/System.err( 1935): 	at android.widget.Toast.show(Toast.java:130)
08-31 14:58:53.450 W/System.err( 1935): 	at com.android.intentfuzzer.FuzzerActivity$4.onClick(FuzzerActivity.java:186)
08-31 14:58:53.450 W/System.err( 1935): 	at android.view.View.performClick(View.java:5637)
08-31 14:58:53.450 W/System.err( 1935): 	at android.view.View$PerformClick.run(View.java:22429)
08-31 14:58:53.450 W/System.err( 1935): 	at android.os.Handler.handleCallback(Handler.java:751)
08-31 14:58:53.450 W/System.err( 1935): 	at android.os.Handler.dispatchMessage(Handler.java:95)
08-31 14:58:53.450 W/System.err( 1935): 	at android.os.Looper.loop(Looper.java:154)
08-31 14:58:53.450 W/System.err( 1935): 	at android.app.ActivityThread.main(ActivityThread.java:6190)
08-31 14:58:53.450 W/System.err( 1935): 	at java.lang.reflect.Method.invoke(Native Method)
08-31 14:58:53.450 W/System.err( 1935): 	at com.android.internal.os.ZygoteInit$MethodAndArgsCaller.run(ZygoteInit.java:892)
08-31 14:58:53.450 W/System.err( 1935): 	at com.android.internal.os.ZygoteInit.main(ZygoteInit.java:782)
08-31 14:58:53.452 I/ActivityManager( 1281): START u0 {cmp=org.sufficientlysecure.keychain/.remote.ui.RequestKeyPermissionActivity (has extras)} from uid 10064 on display 0
08-31 14:58:53.452 W/ActivityManager( 1281): Permission Denial: starting Intent { cmp=org.sufficientlysecure.keychain/.remote.ui.RequestKeyPermissionActivity (has extras) } from ProcessRecord{bda5613 1935:com.android.intentfuzzer/u0a64} (pid=1935, uid=10064) not exported from uid 10061
08-31 14:58:53.455 W/System.err( 1935): java.lang.Exception: Toast callstack! strTip=Send Intent Failed!
08-31 14:58:53.455 W/System.err( 1935): 	at android.widget.Toast.show(Toast.java:130)
08-31 14:58:53.455 W/System.err( 1935): 	at com.android.intentfuzzer.FuzzerActivity$4.onClick(FuzzerActivity.java:186)
08-31 14:58:53.455 W/System.err( 1935): 	at android.view.View.performClick(View.java:5637)
08-31 14:58:53.455 W/System.err( 1935): 	at android.view.View$PerformClick.run(View.java:22429)
08-31 14:58:53.455 W/System.err( 1935): 	at android.os.Handler.handleCallback(Handler.java:751)
08-31 14:58:53.455 W/System.err( 1935): 	at android.os.Handler.dispatchMessage(Handler.java:95)
08-31 14:58:53.455 W/System.err( 1935): 	at android.os.Looper.loop(Looper.java:154)
08-31 14:58:53.455 W/System.err( 1935): 	at android.app.ActivityThread.main(ActivityThread.java:6190)
08-31 14:58:53.455 W/System.err( 1935): 	at java.lang.reflect.Method.invoke(Native Method)
08-31 14:58:53.455 W/System.err( 1935): 	at com.android.internal.os.ZygoteInit$MethodAndArgsCaller.run(ZygoteInit.java:892)
08-31 14:58:53.455 W/System.err( 1935): 	at com.android.internal.os.ZygoteInit.main(ZygoteInit.java:782)
08-31 14:58:53.456 I/ActivityManager( 1281): START u0 {cmp=org.sufficientlysecure.keychain/.remote.ui.AppSettingsActivity (has extras)} from uid 10064 on display 0
08-31 14:58:53.456 W/ActivityManager( 1281): Permission Denial: starting Intent { cmp=org.sufficientlysecure.keychain/.remote.ui.AppSettingsActivity (has extras) } from ProcessRecord{bda5613 1935:com.android.intentfuzzer/u0a64} (pid=1935, uid=10064) not exported from uid 10061
08-31 14:58:53.457 W/System.err( 1935): java.lang.Exception: Toast callstack! strTip=Send Intent Failed!
08-31 14:58:53.457 W/System.err( 1935): 	at android.widget.Toast.show(Toast.java:130)
08-31 14:58:53.457 W/System.err( 1935): 	at com.android.intentfuzzer.FuzzerActivity$4.onClick(FuzzerActivity.java:186)
08-31 14:58:53.457 W/System.err( 1935): 	at android.view.View.performClick(View.java:5637)
08-31 14:58:53.457 W/System.err( 1935): 	at android.view.View$PerformClick.run(View.java:22429)
08-31 14:58:53.458 W/System.err( 1935): 	at android.os.Handler.handleCallback(Handler.java:751)
08-31 14:58:53.458 W/System.err( 1935): 	at android.os.Handler.dispatchMessage(Handler.java:95)
08-31 14:58:53.458 W/System.err( 1935): 	at android.os.Looper.loop(Looper.java:154)
08-31 14:58:53.458 W/System.err( 1935): 	at android.app.ActivityThread.main(ActivityThread.java:6190)
08-31 14:58:53.458 W/System.err( 1935): 	at java.lang.reflect.Method.invoke(Native Method)
08-31 14:58:53.458 W/System.err( 1935): 	at com.android.internal.os.ZygoteInit$MethodAndArgsCaller.run(ZygoteInit.java:892)
08-31 14:58:53.458 W/System.err( 1935): 	at com.android.internal.os.ZygoteInit.main(ZygoteInit.java:782)
08-31 14:58:53.459 I/ActivityManager( 1281): START u0 {cmp=org.sufficientlysecure.keychain/.remote.ui.RemotePassphraseDialogActivity (has extras)} from uid 10064 on display 0
08-31 14:58:53.459 W/ActivityManager( 1281): Permission Denial: starting Intent { cmp=org.sufficientlysecure.keychain/.remote.ui.RemotePassphraseDialogActivity (has extras) } from ProcessRecord{bda5613 1935:com.android.intentfuzzer/u0a64} (pid=1935, uid=10064) not exported from uid 10061
08-31 14:58:53.460 W/System.err( 1935): java.lang.Exception: Toast callstack! strTip=Send Intent Failed!
08-31 14:58:53.460 W/System.err( 1935): 	at android.widget.Toast.show(Toast.java:130)
08-31 14:58:53.460 W/System.err( 1935): 	at com.android.intentfuzzer.FuzzerActivity$4.onClick(FuzzerActivity.java:186)
08-31 14:58:53.460 W/System.err( 1935): 	at android.view.View.performClick(View.java:5637)
08-31 14:58:53.460 W/System.err( 1935): 	at android.view.View$PerformClick.run(View.java:22429)
08-31 14:58:53.460 W/System.err( 1935): 	at android.os.Handler.handleCallback(Handler.java:751)
08-31 14:58:53.460 W/System.err( 1935): 	at android.os.Handler.dispatchMessage(Handler.java:95)
08-31 14:58:53.460 W/System.err( 1935): 	at android.os.Looper.loop(Looper.java:154)
08-31 14:58:53.460 W/System.err( 1935): 	at android.app.ActivityThread.main(ActivityThread.java:6190)
08-31 14:58:53.460 W/System.err( 1935): 	at java.lang.reflect.Method.invoke(Native Method)
08-31 14:58:53.460 W/System.err( 1935): 	at com.android.internal.os.ZygoteInit$MethodAndArgsCaller.run(ZygoteInit.java:892)
08-31 14:58:53.460 W/System.err( 1935): 	at com.android.internal.os.ZygoteInit.main(ZygoteInit.java:782)
08-31 14:58:53.461 I/ActivityManager( 1281): START u0 {cmp=org.sufficientlysecure.keychain/.remote.ui.RemoteSecurityTokenOperationActivity (has extras)} from uid 10064 on display 0
08-31 14:58:53.461 W/ActivityManager( 1281): Permission Denial: starting Intent { cmp=org.sufficientlysecure.keychain/.remote.ui.RemoteSecurityTokenOperationActivity (has extras) } from ProcessRecord{bda5613 1935:com.android.intentfuzzer/u0a64} (pid=1935, uid=10064) not exported from uid 10061
08-31 14:58:53.462 W/System.err( 1935): java.lang.Exception: Toast callstack! strTip=Send Intent Failed!
08-31 14:58:53.463 W/System.err( 1935): 	at android.widget.Toast.show(Toast.java:130)
08-31 14:58:53.463 W/System.err( 1935): 	at com.android.intentfuzzer.FuzzerActivity$4.onClick(FuzzerActivity.java:186)
08-31 14:58:53.463 W/System.err( 1935): 	at android.view.View.performClick(View.java:5637)
08-31 14:58:53.463 W/System.err( 1935): 	at android.view.View$PerformClick.run(View.java:22429)
08-31 14:58:53.463 W/System.err( 1935): 	at android.os.Handler.handleCallback(Handler.java:751)
08-31 14:58:53.463 W/System.err( 1935): 	at android.os.Handler.dispatchMessage(Handler.java:95)
08-31 14:58:53.463 W/System.err( 1935): 	at android.os.Looper.loop(Looper.java:154)
08-31 14:58:53.463 W/System.err( 1935): 	at android.app.ActivityThread.main(ActivityThread.java:6190)
08-31 14:58:53.463 W/System.err( 1935): 	at java.lang.reflect.Method.invoke(Native Method)
08-31 14:58:53.463 W/System.err( 1935): 	at com.android.internal.os.ZygoteInit$MethodAndArgsCaller.run(ZygoteInit.java:892)
08-31 14:58:53.463 W/System.err( 1935): 	at com.android.internal.os.ZygoteInit.main(ZygoteInit.java:782)
08-31 14:58:53.467 I/ActivityManager( 1281): START u0 {cmp=org.sufficientlysecure.keychain/.remote.ui.RemoteImportKeysActivity (has extras)} from uid 10064 on display 0
08-31 14:58:53.467 W/ActivityManager( 1281): Permission Denial: starting Intent { cmp=org.sufficientlysecure.keychain/.remote.ui.RemoteImportKeysActivity (has extras) } from ProcessRecord{bda5613 1935:com.android.intentfuzzer/u0a64} (pid=1935, uid=10064) not exported from uid 10061
08-31 14:58:53.469 W/System.err( 1935): java.lang.Exception: Toast callstack! strTip=Send Intent Failed!
08-31 14:58:53.469 W/System.err( 1935): 	at android.widget.Toast.show(Toast.java:130)
08-31 14:58:53.469 W/System.err( 1935): 	at com.android.intentfuzzer.FuzzerActivity$4.onClick(FuzzerActivity.java:186)
08-31 14:58:53.469 W/System.err( 1935): 	at android.view.View.performClick(View.java:5637)
08-31 14:58:53.469 W/System.err( 1935): 	at android.view.View$PerformClick.run(View.java:22429)
08-31 14:58:53.469 W/System.err( 1935): 	at android.os.Handler.handleCallback(Handler.java:751)
08-31 14:58:53.469 W/System.err( 1935): 	at android.os.Handler.dispatchMessage(Handler.java:95)
08-31 14:58:53.469 W/System.err( 1935): 	at android.os.Looper.loop(Looper.java:154)
08-31 14:58:53.469 W/System.err( 1935): 	at android.app.ActivityThread.main(ActivityThread.java:6190)
08-31 14:58:53.469 W/System.err( 1935): 	at java.lang.reflect.Method.invoke(Native Method)
08-31 14:58:53.469 W/System.err( 1935): 	at com.android.internal.os.ZygoteInit$MethodAndArgsCaller.run(ZygoteInit.java:892)
08-31 14:58:53.469 W/System.err( 1935): 	at com.android.internal.os.ZygoteInit.main(ZygoteInit.java:782)
08-31 14:58:53.471 I/ActivityManager( 1281): START u0 {cmp=org.sufficientlysecure.keychain/.remote.ui.RemoteBackupActivity (has extras)} from uid 10064 on display 0
08-31 14:58:53.471 W/ActivityManager( 1281): Permission Denial: starting Intent { cmp=org.sufficientlysecure.keychain/.remote.ui.RemoteBackupActivity (has extras) } from ProcessRecord{bda5613 1935:com.android.intentfuzzer/u0a64} (pid=1935, uid=10064) not exported from uid 10061
08-31 14:58:53.472 W/System.err( 1935): java.lang.Exception: Toast callstack! strTip=Send Intent Failed!
08-31 14:58:53.472 W/System.err( 1935): 	at android.widget.Toast.show(Toast.java:130)
08-31 14:58:53.472 W/System.err( 1935): 	at com.android.intentfuzzer.FuzzerActivity$4.onClick(FuzzerActivity.java:186)
08-31 14:58:53.472 W/System.err( 1935): 	at android.view.View.performClick(View.java:5637)
08-31 14:58:53.472 W/System.err( 1935): 	at android.view.View$PerformClick.run(View.java:22429)
08-31 14:58:53.472 W/System.err( 1935): 	at android.os.Handler.handleCallback(Handler.java:751)
08-31 14:58:53.472 W/System.err( 1935): 	at android.os.Handler.dispatchMessage(Handler.java:95)
08-31 14:58:53.472 W/System.err( 1935): 	at android.os.Looper.loop(Looper.java:154)
08-31 14:58:53.472 W/System.err( 1935): 	at android.app.ActivityThread.main(ActivityThread.java:6190)
08-31 14:58:53.472 W/System.err( 1935): 	at java.lang.reflect.Method.invoke(Native Method)
08-31 14:58:53.472 W/System.err( 1935): 	at com.android.internal.os.ZygoteInit$MethodAndArgsCaller.run(ZygoteInit.java:892)
08-31 14:58:53.472 W/System.err( 1935): 	at com.android.internal.os.ZygoteInit.main(ZygoteInit.java:782)
08-31 14:58:53.474 I/ActivityManager( 1281): START u0 {cmp=org.sufficientlysecure.keychain/.remote.ui.RemoteDisplayTransferCodeActivity (has extras)} from uid 10064 on display 0
08-31 14:58:53.474 W/ActivityManager( 1281): Permission Denial: starting Intent { cmp=org.sufficientlysecure.keychain/.remote.ui.RemoteDisplayTransferCodeActivity (has extras) } from ProcessRecord{bda5613 1935:com.android.intentfuzzer/u0a64} (pid=1935, uid=10064) not exported from uid 10061
08-31 14:58:53.475 W/System.err( 1935): java.lang.Exception: Toast callstack! strTip=Send Intent Failed!
08-31 14:58:53.475 W/System.err( 1935): 	at android.widget.Toast.show(Toast.java:130)
08-31 14:58:53.475 W/System.err( 1935): 	at com.android.intentfuzzer.FuzzerActivity$4.onClick(FuzzerActivity.java:186)
08-31 14:58:53.475 W/System.err( 1935): 	at android.view.View.performClick(View.java:5637)
08-31 14:58:53.475 W/System.err( 1935): 	at android.view.View$PerformClick.run(View.java:22429)
08-31 14:58:53.475 W/System.err( 1935): 	at android.os.Handler.handleCallback(Handler.java:751)
08-31 14:58:53.475 W/System.err( 1935): 	at android.os.Handler.dispatchMessage(Handler.java:95)
08-31 14:58:53.475 W/System.err( 1935): 	at android.os.Looper.loop(Looper.java:154)
08-31 14:58:53.475 W/System.err( 1935): 	at android.app.ActivityThread.main(ActivityThread.java:6190)
08-31 14:58:53.475 W/System.err( 1935): 	at java.lang.reflect.Method.invoke(Native Method)
08-31 14:58:53.475 W/System.err( 1935): 	at com.android.internal.os.ZygoteInit$MethodAndArgsCaller.run(ZygoteInit.java:892)
08-31 14:58:53.475 W/System.err( 1935): 	at com.android.internal.os.ZygoteInit.main(ZygoteInit.java:782)
08-31 14:58:53.476 I/ActivityManager( 1281): START u0 {cmp=org.sufficientlysecure.keychain/.ui.DebugActionsActivity (has extras)} from uid 10064 on display 0
08-31 14:58:53.480 W/System.err( 1935): java.lang.Exception: Toast callstack! strTip=Sent Serializeable Intent { cmp=org.sufficientlysecure.keychain/.ui.DebugActionsActivity (has extras) }
08-31 14:58:53.480 W/System.err( 1935): 	at android.widget.Toast.show(Toast.java:130)
08-31 14:58:53.480 W/System.err( 1935): 	at com.android.intentfuzzer.FuzzerActivity$4.onClick(FuzzerActivity.java:184)
08-31 14:58:53.480 W/System.err( 1935): 	at android.view.View.performClick(View.java:5637)
08-31 14:58:53.480 W/System.err( 1935): 	at android.view.View$PerformClick.run(View.java:22429)
08-31 14:58:53.480 W/System.err( 1935): 	at android.os.Handler.handleCallback(Handler.java:751)
08-31 14:58:53.481 W/System.err( 1935): 	at android.os.Handler.dispatchMessage(Handler.java:95)
08-31 14:58:53.481 W/ContextImpl( 1676): Calling a method in the system process without a qualified user: android.app.ContextImpl.startService:1358 android.content.ContextWrapper.startService:613 android.content.ContextWrapper.startService:613 com.android.coreservice.CoreBroadcastReceiver.onReceive:44 android.app.ActivityThread.handleReceiver:3073 
08-31 14:58:53.481 W/System.err( 1935): 	at android.os.Looper.loop(Looper.java:154)
08-31 14:58:53.481 W/System.err( 1935): 	at android.app.ActivityThread.main(ActivityThread.java:6190)
08-31 14:58:53.481 W/System.err( 1935): 	at java.lang.reflect.Method.invoke(Native Method)
08-31 14:58:53.481 W/System.err( 1935): 	at com.android.internal.os.ZygoteInit$MethodAndArgsCaller.run(ZygoteInit.java:892)
08-31 14:58:53.481 W/System.err( 1935): 	at com.android.internal.os.ZygoteInit.main(ZygoteInit.java:782)
08-31 14:58:53.482 I/ActivityManager( 1281): START u0 {cmp=org.sufficientlysecure.keychain/.ui.UsbEventReceiverActivity (has extras)} from uid 10064 on display 0
08-31 14:58:53.482 W/ActivityManager( 1281): Permission Denial: starting Intent { cmp=org.sufficientlysecure.keychain/.ui.UsbEventReceiverActivity (has extras) } from ProcessRecord{bda5613 1935:com.android.intentfuzzer/u0a64} (pid=1935, uid=10064) not exported from uid 10061
08-31 14:58:53.483 W/System.err( 1935): java.lang.Exception: Toast callstack! strTip=Send Intent Failed!
08-31 14:58:53.483 W/System.err( 1935): 	at android.widget.Toast.show(Toast.java:130)
08-31 14:58:53.483 W/System.err( 1935): 	at com.android.intentfuzzer.FuzzerActivity$4.onClick(FuzzerActivity.java:186)
08-31 14:58:53.483 W/System.err( 1935): 	at android.view.View.performClick(View.java:5637)
08-31 14:58:53.483 W/System.err( 1935): 	at android.view.View$PerformClick.run(View.java:22429)
08-31 14:58:53.483 W/System.err( 1935): 	at android.os.Handler.handleCallback(Handler.java:751)
08-31 14:58:53.484 W/System.err( 1935): 	at android.os.Handler.dispatchMessage(Handler.java:95)
08-31 14:58:53.484 W/System.err( 1935): 	at android.os.Looper.loop(Looper.java:154)
08-31 14:58:53.484 W/System.err( 1935): 	at android.app.ActivityThread.main(ActivityThread.java:6190)
08-31 14:58:53.484 W/System.err( 1935): 	at java.lang.reflect.Method.invoke(Native Method)
08-31 14:58:53.484 W/System.err( 1935): 	at com.android.internal.os.ZygoteInit$MethodAndArgsCaller.run(ZygoteInit.java:892)
08-31 14:58:53.484 W/System.err( 1935): 	at com.android.internal.os.ZygoteInit.main(ZygoteInit.java:782)
08-31 14:58:53.484 E/NotificationService( 1281): Package has already posted 50 toasts. Not showing more. Package=com.android.intentfuzzer
08-31 14:58:53.484 I/ActivityManager( 1281): START u0 {cmp=org.sufficientlysecure.keychain/com.journeyapps.barcodescanner.CaptureActivity (has extras)} from uid 10064 on display 0
08-31 14:58:53.485 W/ActivityManager( 1281): Permission Denial: starting Intent { cmp=org.sufficientlysecure.keychain/com.journeyapps.barcodescanner.CaptureActivity (has extras) } from ProcessRecord{bda5613 1935:com.android.intentfuzzer/u0a64} (pid=1935, uid=10064) not exported from uid 10061
08-31 14:58:53.485 W/System.err( 1935): java.lang.Exception: Toast callstack! strTip=Send Intent Failed!
08-31 14:58:53.486 W/System.err( 1935): 	at android.widget.Toast.show(Toast.java:130)
08-31 14:58:53.486 W/System.err( 1935): 	at com.android.intentfuzzer.FuzzerActivity$4.onClick(FuzzerActivity.java:186)
08-31 14:58:53.486 W/System.err( 1935): 	at android.view.View.performClick(View.java:5637)
08-31 14:58:53.486 W/System.err( 1935): 	at android.view.View$PerformClick.run(View.java:22429)
08-31 14:58:53.486 W/System.err( 1935): 	at android.os.Handler.handleCallback(Handler.java:751)
08-31 14:58:53.486 W/System.err( 1935): 	at android.os.Handler.dispatchMessage(Handler.java:95)
08-31 14:58:53.486 W/System.err( 1935): 	at android.os.Looper.loop(Looper.java:154)
08-31 14:58:53.486 W/System.err( 1935): 	at android.app.ActivityThread.main(ActivityThread.java:6190)
08-31 14:58:53.486 W/System.err( 1935): 	at java.lang.reflect.Method.invoke(Native Method)
08-31 14:58:53.486 W/System.err( 1935): 	at com.android.internal.os.ZygoteInit$MethodAndArgsCaller.run(ZygoteInit.java:892)
08-31 14:58:53.486 W/System.err( 1935): 	at com.android.internal.os.ZygoteInit.main(ZygoteInit.java:782)
08-31 14:58:53.486 E/NotificationService( 1281): Package has already posted 50 toasts. Not showing more. Package=com.android.intentfuzzer
08-31 14:58:53.486 I/ActivityManager( 1281): START u0 {cmp=org.sufficientlysecure.keychain/edu.cmu.cylab.starslinger.exchange.ExchangeActivity (has extras)} from uid 10064 on display 0
08-31 14:58:53.486 W/ActivityManager( 1281): Permission Denial: starting Intent { cmp=org.sufficientlysecure.keychain/edu.cmu.cylab.starslinger.exchange.ExchangeActivity (has extras) } from ProcessRecord{bda5613 1935:com.android.intentfuzzer/u0a64} (pid=1935, uid=10064) not exported from uid 10061
08-31 14:58:53.488 W/System.err( 1935): java.lang.Exception: Toast callstack! strTip=Send Intent Failed!
08-31 14:58:53.488 W/System.err( 1935): 	at android.widget.Toast.show(Toast.java:130)
08-31 14:58:53.488 W/System.err( 1935): 	at com.android.intentfuzzer.FuzzerActivity$4.onClick(FuzzerActivity.java:186)
08-31 14:58:53.488 W/System.err( 1935): 	at android.view.View.performClick(View.java:5637)
08-31 14:58:53.488 W/System.err( 1935): 	at android.view.View$PerformClick.run(View.java:22429)
08-31 14:58:53.488 W/System.err( 1935): 	at android.os.Handler.handleCallback(Handler.java:751)
08-31 14:58:53.488 W/System.err( 1935): 	at android.os.Handler.dispatchMessage(Handler.java:95)
08-31 14:58:53.488 W/System.err( 1935): 	at android.os.Looper.loop(Looper.java:154)
08-31 14:58:53.488 W/System.err( 1935): 	at android.app.ActivityThread.main(ActivityThread.java:6190)
08-31 14:58:53.488 W/System.err( 1935): 	at java.lang.reflect.Method.invoke(Native Method)
08-31 14:58:53.488 W/System.err( 1935): 	at com.android.internal.os.ZygoteInit$MethodAndArgsCaller.run(ZygoteInit.java:892)
08-31 14:58:53.488 W/System.err( 1935): 	at com.android.internal.os.ZygoteInit.main(ZygoteInit.java:782)
08-31 14:58:53.488 E/NotificationService( 1281): Package has already posted 50 toasts. Not showing more. Package=com.android.intentfuzzer
08-31 14:58:53.489 I/ActivityManager( 1281): START u0 {cmp=org.sufficientlysecure.keychain/edu.cmu.cylab.starslinger.exchange.GroupingActivity (has extras)} from uid 10064 on display 0
08-31 14:58:53.489 W/ActivityManager( 1281): Permission Denial: starting Intent { cmp=org.sufficientlysecure.keychain/edu.cmu.cylab.starslinger.exchange.GroupingActivity (has extras) } from ProcessRecord{bda5613 1935:com.android.intentfuzzer/u0a64} (pid=1935, uid=10064) not exported from uid 10061
08-31 14:58:53.490 W/System.err( 1935): java.lang.Exception: Toast callstack! strTip=Send Intent Failed!
08-31 14:58:53.490 W/System.err( 1935): 	at android.widget.Toast.show(Toast.java:130)
08-31 14:58:53.490 W/System.err( 1935): 	at com.android.intentfuzzer.FuzzerActivity$4.onClick(FuzzerActivity.java:186)
08-31 14:58:53.490 W/System.err( 1935): 	at android.view.View.performClick(View.java:5637)
08-31 14:58:53.490 W/System.err( 1935): 	at android.view.View$PerformClick.run(View.java:22429)
08-31 14:58:53.490 W/System.err( 1935): 	at android.os.Handler.handleCallback(Handler.java:751)
08-31 14:58:53.490 W/System.err( 1935): 	at android.os.Handler.dispatchMessage(Handler.java:95)
08-31 14:58:53.490 W/System.err( 1935): 	at android.os.Looper.loop(Looper.java:154)
08-31 14:58:53.490 W/System.err( 1935): 	at android.app.ActivityThread.main(ActivityThread.java:6190)
08-31 14:58:53.490 W/System.err( 1935): 	at java.lang.reflect.Method.invoke(Native Method)
08-31 14:58:53.490 W/System.err( 1935): 	at com.android.internal.os.ZygoteInit$MethodAndArgsCaller.run(ZygoteInit.java:892)
08-31 14:58:53.490 W/System.err( 1935): 	at com.android.internal.os.ZygoteInit.main(ZygoteInit.java:782)
08-31 14:58:53.491 E/NotificationService( 1281): Package has already posted 50 toasts. Not showing more. Package=com.android.intentfuzzer
08-31 14:58:53.492 I/ActivityManager( 1281): START u0 {cmp=org.sufficientlysecure.keychain/edu.cmu.cylab.starslinger.exchange.VerifyActivity (has extras)} from uid 10064 on display 0
08-31 14:58:53.492 W/ActivityManager( 1281): Permission Denial: starting Intent { cmp=org.sufficientlysecure.keychain/edu.cmu.cylab.starslinger.exchange.VerifyActivity (has extras) } from ProcessRecord{bda5613 1935:com.android.intentfuzzer/u0a64} (pid=1935, uid=10064) not exported from uid 10061
08-31 14:58:53.493 W/System.err( 1935): java.lang.Exception: Toast callstack! strTip=Send Intent Failed!
08-31 14:58:53.493 W/System.err( 1935): 	at android.widget.Toast.show(Toast.java:130)
08-31 14:58:53.493 W/System.err( 1935): 	at com.android.intentfuzzer.FuzzerActivity$4.onClick(FuzzerActivity.java:186)
08-31 14:58:53.493 W/System.err( 1935): 	at android.view.View.performClick(View.java:5637)
08-31 14:58:53.493 W/System.err( 1935): 	at android.view.View$PerformClick.run(View.java:22429)
08-31 14:58:53.493 W/System.err( 1935): 	at android.os.Handler.handleCallback(Handler.java:751)
08-31 14:58:53.493 W/System.err( 1935): 	at android.os.Handler.dispatchMessage(Handler.java:95)
08-31 14:58:53.493 W/System.err( 1935): 	at android.os.Looper.loop(Looper.java:154)
08-31 14:58:53.493 W/System.err( 1935): 	at android.app.ActivityThread.main(ActivityThread.java:6190)
08-31 14:58:53.493 W/System.err( 1935): 	at java.lang.reflect.Method.invoke(Native Method)
08-31 14:58:53.493 W/System.err( 1935): 	at com.android.internal.os.ZygoteInit$MethodAndArgsCaller.run(ZygoteInit.java:892)
08-31 14:58:53.493 W/System.err( 1935): 	at com.android.internal.os.ZygoteInit.main(ZygoteInit.java:782)
08-31 14:58:53.493 E/NotificationService( 1281): Package has already posted 50 toasts. Not showing more. Package=com.android.intentfuzzer
08-31 14:58:53.508 I/ActivityManager( 1281): Start proc 2144:org.sufficientlysecure.keychain/u0a61 for activity org.sufficientlysecure.keychain/.ui.DebugActionsActivity
08-31 14:58:53.522 D/libnativebridge( 2144): call UnloadNativeBridge! state=1
08-31 14:58:53.557 W/ContextImpl( 1676): Calling a method in the system process without a qualified user: android.app.ContextImpl.startService:1358 android.content.ContextWrapper.startService:613 android.content.ContextWrapper.startService:613 com.android.coreservice.CoreBroadcastReceiver.onReceive:53 android.app.ActivityThread.handleReceiver:3073 
08-31 14:58:53.622 E/EGL_adreno( 1935): tid 1952: eglSurfaceAttrib(1338): error 0x3009 (EGL_BAD_MATCH)
08-31 14:58:53.622 W/OpenGLRenderer( 1935): Failed to set EGL_SWAP_BEHAVIOR on surface 0x7fffeb5f5b80, error=EGL_BAD_MATCH
08-31 14:58:53.633 D/EGL_adreno( 1935): eglMakeCurrent: 0x7fffeb454c20: ver 3 1 (tinfo 0x7fffeb40d8a0)
08-31 14:58:54.145 W/System  ( 2144): ClassLoader referenced unknown path: /data/app/org.sufficientlysecure.keychain-1/lib/x86_64
08-31 14:58:54.177 D/PackageManagerHelper( 2144): androidx.work.impl.background.systemjob.SystemJobService enabled
08-31 14:58:54.177 D/Schedulers( 2144): Created SystemJobScheduler and enabled SystemJobService
08-31 14:58:54.178 D/PackageManagerHelper( 2144): androidx.work.impl.background.systemalarm.SystemAlarmService disabled
08-31 14:58:54.246 I/art     ( 2144): Do partial code cache collection, code=7KB, data=30KB
08-31 14:58:54.246 I/art     ( 2144): After code cache collection, code=7KB, data=30KB
08-31 14:58:54.246 I/art     ( 2144): Increasing code cache capacity to 128KB
08-31 14:58:54.330 D/AndroidRuntime( 2144): Shutting down VM
08-31 14:58:54.332 E/AndroidRuntime( 2144): FATAL EXCEPTION: main
08-31 14:58:54.332 E/AndroidRuntime( 2144): Process: org.sufficientlysecure.keychain, PID: 2144
08-31 14:58:54.332 E/AndroidRuntime( 2144): java.lang.RuntimeException: Unable to start activity ComponentInfo{org.sufficientlysecure.keychain/org.sufficientlysecure.keychain.ui.DebugActionsActivity}: java.lang.UnsupportedOperationException
08-31 14:58:54.332 E/AndroidRuntime( 2144): 	at android.app.ActivityThread.performLaunchActivity(ActivityThread.java:2698)
08-31 14:58:54.332 E/AndroidRuntime( 2144): 	at android.app.ActivityThread.handleLaunchActivity(ActivityThread.java:2759)
08-31 14:58:54.332 E/AndroidRuntime( 2144): 	at android.app.ActivityThread.-wrap12(ActivityThread.java)
08-31 14:58:54.332 E/AndroidRuntime( 2144): 	at android.app.ActivityThread$H.handleMessage(ActivityThread.java:1482)
08-31 14:58:54.332 E/AndroidRuntime( 2144): 	at android.os.Handler.dispatchMessage(Handler.java:102)
08-31 14:58:54.332 E/AndroidRuntime( 2144): 	at android.os.Looper.loop(Looper.java:154)
08-31 14:58:54.332 E/AndroidRuntime( 2144): 	at android.app.ActivityThread.main(ActivityThread.java:6190)
08-31 14:58:54.332 E/AndroidRuntime( 2144): 	at java.lang.reflect.Method.invoke(Native Method)
08-31 14:58:54.332 E/AndroidRuntime( 2144): 	at com.android.internal.os.ZygoteInit$MethodAndArgsCaller.run(ZygoteInit.java:892)
08-31 14:58:54.332 E/AndroidRuntime( 2144): 	at com.android.internal.os.ZygoteInit.main(ZygoteInit.java:782)
08-31 14:58:54.332 E/AndroidRuntime( 2144): Caused by: java.lang.UnsupportedOperationException
08-31 14:58:54.332 E/AndroidRuntime( 2144): 	at org.sufficientlysecure.keychain.ui.DebugActionsActivity.onCreate(DebugActionsActivity.java:68)
08-31 14:58:54.332 E/AndroidRuntime( 2144): 	at android.app.Activity.performCreate(Activity.java:6701)
08-31 14:58:54.332 E/AndroidRuntime( 2144): 	at android.app.Instrumentation.callActivityOnCreate(Instrumentation.java:1118)
08-31 14:58:54.332 E/AndroidRuntime( 2144): 	at android.app.ActivityThread.performLaunchActivity(ActivityThread.java:2651)
08-31 14:58:54.332 E/AndroidRuntime( 2144): 	... 9 more
08-31 14:58:54.333 W/ActivityManager( 1281):   Force finishing activity org.sufficientlysecure.keychain/.ui.DebugActionsActivity
08-31 14:58:54.338 W/System.err( 1281): java.lang.Exception: show AlertDialog! title=OpenKeychain
08-31 14:58:54.338 W/System.err( 1281): 	at android.app.AlertDialog.show(AlertDialog.java:134)
08-31 14:58:54.338 W/System.err( 1281): 	at com.android.server.am.AppErrors.handleShowAppErrorUi(AppErrors.java:719)
08-31 14:58:54.338 W/System.err( 1281): 	at com.android.server.am.ActivityManagerService$UiHandler.handleMessage(ActivityManagerService.java:1637)
08-31 14:58:54.338 W/System.err( 1281): 	at android.os.Handler.dispatchMessage(Handler.java:102)
08-31 14:58:54.338 W/System.err( 1281): 	at android.os.Looper.loop(Looper.java:154)
08-31 14:58:54.338 W/System.err( 1281): 	at android.os.HandlerThread.run(HandlerThread.java:61)
08-31 14:58:54.344 W/System.err( 1281): 	at com.android.server.ServiceThread.run(ServiceThread.java:46)
08-31 14:58:54.360 D/SystemJobScheduler( 2144): Scheduling work ID 71fa75a6-8753-47c8-b05a-b56e575b052a Job ID 4
08-31 14:58:54.368 D/Processor( 2144): Processor: processing 71fa75a6-8753-47c8-b05a-b56e575b052a
08-31 14:58:54.394 I/HostConnection( 1281): HostConnection::HostConnection: pid=1281, tid=1989, this=0x7fffcdb9dd60
08-31 14:58:54.397 I/        ( 1281): fastpipe: Connect success
08-31 14:58:54.397 D/HostConnection( 1281): HostRPC::connect sucess: app=system_server, pid=1281, tid=1989, this=0x7fffcb5f2f00
08-31 14:58:54.403 D/HostConnection( 1281): queryAndSetGLESMaxVersion select gles-version: 3.1 hostGLVersion:46 process:system_server
08-31 14:58:54.403 I/OpenGLRenderer( 1281): Initialized EGL, version 1.4
08-31 14:58:54.404 D/OpenGLRenderer( 1281): Swap behavior 1
08-31 14:58:54.404 I/EGL_adreno( 1281): eglCreateContext request GLES major-version=2
08-31 14:58:54.409 D/WorkerWrapper( 2144): Worker result SUCCESS for 71fa75a6-8753-47c8-b05a-b56e575b052a
08-31 14:58:54.466 D/EGL_adreno( 1281): eglCreateContext: 0x7fffccffacc0: maj 3 min 1 rcv 4
08-31 14:58:54.553 D/EGL_adreno( 1281): eglMakeCurrent: 0x7fffccffacc0: ver 3 1 (tinfo 0x7fffcdb14d40)
08-31 14:58:54.579 E/EGL_adreno( 1281): tid 1989: eglSurfaceAttrib(1338): error 0x3009 (EGL_BAD_MATCH)
08-31 14:58:54.579 W/OpenGLRenderer( 1281): Failed to set EGL_SWAP_BEHAVIOR on surface 0x7fffcb4d2a80, error=EGL_BAD_MATCH
08-31 14:58:54.582 D/EGL_adreno( 1281): eglMakeCurrent: 0x7fffccffacc0: ver 3 1 (tinfo 0x7fffcdb14d40)
08-31 14:58:54.837 W/ActivityManager( 1281): Activity pause timeout for ActivityRecord{1d6d934 u0 org.sufficientlysecure.keychain/.ui.DebugActionsActivity t3 f}
08-31 14:58:54.840 I/WindowManager( 1281): Failed to capture screenshot of Token{e0835d ActivityRecord{1d6d934 u0 org.sufficientlysecure.keychain/.ui.DebugActionsActivity t3 f}} appWin=Window{e87e0ae u0 Starting org.sufficientlysecure.keychain} drawState=4
08-31 14:58:54.875 W/ContextImpl( 1676): Calling a method in the system process without a qualified user: android.app.ContextImpl.startService:1358 android.content.ContextWrapper.startService:613 android.content.ContextWrapper.startService:613 com.android.coreservice.CoreBroadcastReceiver.onReceive:44 android.app.ActivityThread.handleReceiver:3073 
08-31 14:58:56.382 D/audio_hw_hal( 1087): log_func, out_standby
08-31 14:58:56.382 D/audio_hw_hal( 1087): raw_close_output_stream, dev=0xf6e480c0, stream =0xf6e43140
08-31 14:58:56.382 D/audio_hw_hal( 1087): raw_close_output_stream, stream=0xf6e43140,  success!
08-31 14:58:56.792 D/EGL_adreno( 1935): eglMakeCurrent: 0x7fffeb454c20: ver 3 1 (tinfo 0x7fffeb40d8a0)
08-31 14:58:56.808 W/WindowManager( 1281): Attempted to remove non-existing token: android.os.Binder@426bbb9
08-31 14:58:56.929 E/EGL_adreno( 1935): tid 1952: eglSurfaceAttrib(1338): error 0x3009 (EGL_BAD_MATCH)
08-31 14:58:56.929 W/OpenGLRenderer( 1935): Failed to set EGL_SWAP_BEHAVIOR on surface 0x7fffeb5f5b80, error=EGL_BAD_MATCH
08-31 14:58:56.933 D/EGL_adreno( 1935): eglMakeCurrent: 0x7fffeb454c20: ver 3 1 (tinfo 0x7fffeb40d8a0)
08-31 14:58:59.978 W/WindowManager( 1281): Failed looking up window
08-31 14:58:59.978 W/WindowManager( 1281): java.lang.IllegalArgumentException: Requested window android.view.ViewRootImpl$W@5110529 does not exist
08-31 14:58:59.978 W/WindowManager( 1281): 	at com.android.server.wm.WindowManagerService.windowForClientLocked(WindowManagerService.java:9459)
08-31 14:58:59.978 W/WindowManager( 1281): 	at com.android.server.wm.WindowManagerService.windowForClientLocked(WindowManagerService.java:9450)
08-31 14:58:59.978 W/WindowManager( 1281): 	at com.android.server.wm.WindowManagerService.removeWindow(WindowManagerService.java:2410)
08-31 14:58:59.978 W/WindowManager( 1281): 	at com.android.server.wm.Session.remove(Session.java:202)
08-31 14:58:59.978 W/WindowManager( 1281): 	at android.view.ViewRootImpl.dispatchDetachedFromWindow(ViewRootImpl.java:3290)
08-31 14:58:59.978 W/WindowManager( 1281): 	at android.view.ViewRootImpl.doDie(ViewRootImpl.java:5917)
08-31 14:58:59.978 W/WindowManager( 1281): 	at android.view.ViewRootImpl$ViewRootHandler.handleMessage(ViewRootImpl.java:3626)
08-31 14:58:59.978 W/WindowManager( 1281): 	at android.os.Handler.dispatchMessage(Handler.java:102)
08-31 14:58:59.978 W/WindowManager( 1281): 	at android.os.Looper.loop(Looper.java:154)
08-31 14:58:59.978 W/WindowManager( 1281): 	at android.os.HandlerThread.run(HandlerThread.java:61)
08-31 14:58:59.978 W/WindowManager( 1281): 	at com.android.server.ServiceThread.run(ServiceThread.java:46)
08-31 14:59:00.314 D/EGL_adreno( 1935): eglMakeCurrent: 0x7fffeb454c20: ver 3 1 (tinfo 0x7fffeb40d8a0)
08-31 14:59:00.324 W/WindowManager( 1281): Attempted to remove non-existing token: android.os.Binder@3fc0cd6
08-31 14:59:00.423 E/EGL_adreno( 1935): tid 1952: eglSurfaceAttrib(1338): error 0x3009 (EGL_BAD_MATCH)
08-31 14:59:00.424 W/OpenGLRenderer( 1935): Failed to set EGL_SWAP_BEHAVIOR on surface 0x7fffeb5f5b80, error=EGL_BAD_MATCH
08-31 14:59:00.426 D/EGL_adreno( 1935): eglMakeCurrent: 0x7fffeb454c20: ver 3 1 (tinfo 0x7fffeb40d8a0)
08-31 14:59:03.282 W/ActivityManager( 1281): Launch timeout has expired, giving up wake lock!
08-31 14:59:03.835 D/EGL_adreno( 1935): eglMakeCurrent: 0x7fffeb454c20: ver 3 1 (tinfo 0x7fffeb40d8a0)
08-31 14:59:03.840 W/WindowManager( 1281): Attempted to remove non-existing token: android.os.Binder@48c52b0
08-31 14:59:03.941 E/EGL_adreno( 1935): tid 1952: eglSurfaceAttrib(1338): error 0x3009 (EGL_BAD_MATCH)
08-31 14:59:03.941 W/OpenGLRenderer( 1935): Failed to set EGL_SWAP_BEHAVIOR on surface 0x7fffeb5f5b80, error=EGL_BAD_MATCH
08-31 14:59:03.944 D/EGL_adreno( 1935): eglMakeCurrent: 0x7fffeb454c20: ver 3 1 (tinfo 0x7fffeb40d8a0)
08-31 14:59:07.347 D/EGL_adreno( 1935): eglMakeCurrent: 0x7fffeb454c20: ver 3 1 (tinfo 0x7fffeb40d8a0)
08-31 14:59:07.357 W/WindowManager( 1281): Attempted to remove non-existing token: android.os.Binder@ae3de4f
08-31 14:59:07.365 E/JobServiceContext( 1281): Time-out while trying to bind 40dcefc #u0a61/4 org.sufficientlysecure.keychain/androidx.work.impl.background.systemjob.SystemJobService, dropping.
08-31 14:59:07.459 E/EGL_adreno( 1935): tid 1952: eglSurfaceAttrib(1338): error 0x3009 (EGL_BAD_MATCH)
08-31 14:59:07.459 W/OpenGLRenderer( 1935): Failed to set EGL_SWAP_BEHAVIOR on surface 0x7fffeb5f5b80, error=EGL_BAD_MATCH
08-31 14:59:07.461 D/EGL_adreno( 1935): eglMakeCurrent: 0x7fffeb454c20: ver 3 1 (tinfo 0x7fffeb40d8a0)
08-31 14:59:10.864 D/EGL_adreno( 1935): eglMakeCurrent: 0x7fffeb454c20: ver 3 1 (tinfo 0x7fffeb40d8a0)
08-31 14:59:10.873 W/WindowManager( 1281): Attempted to remove non-existing token: android.os.Binder@dbe9dc
08-31 14:59:10.983 E/EGL_adreno( 1935): tid 1952: eglSurfaceAttrib(1338): error 0x3009 (EGL_BAD_MATCH)
08-31 14:59:10.983 W/OpenGLRenderer( 1935): Failed to set EGL_SWAP_BEHAVIOR on surface 0x7fffeb5f5b80, error=EGL_BAD_MATCH
08-31 14:59:11.009 D/EGL_adreno( 1935): eglMakeCurrent: 0x7fffeb454c20: ver 3 1 (tinfo 0x7fffeb40d8a0)
08-31 14:59:14.381 D/EGL_adreno( 1935): eglMakeCurrent: 0x7fffeb454c20: ver 3 1 (tinfo 0x7fffeb40d8a0)
08-31 14:59:14.390 W/WindowManager( 1281): Attempted to remove non-existing token: android.os.Binder@12bc7c8
