09-01 09:34:20.288 W/System.err( 1948): 	at android.app.ActivityThread.main(ActivityThread.java:6190)
09-01 09:34:20.288 W/System.err( 1948): 	at java.lang.reflect.Method.invoke(Native Method)
09-01 09:34:20.288 W/System.err( 1948): 	at com.android.internal.os.ZygoteInit$MethodAndArgsCaller.run(ZygoteInit.java:892)
09-01 09:34:20.288 W/System.err( 1948): 	at com.android.internal.os.ZygoteInit.main(ZygoteInit.java:782)
09-01 09:34:20.290 I/ActivityManager( 1282): START u0 {cmp=org.tasks/.reminders.SnoozeActivity (has extras)} from uid 10064 on display 0
09-01 09:34:20.290 W/ActivityManager( 1282): Permission Denial: starting Intent { cmp=org.tasks/.reminders.SnoozeActivity (has extras) } from ProcessRecord{4ccee7c 1948:com.android.intentfuzzer/u0a64} (pid=1948, uid=10064) not exported from uid 10062
09-01 09:34:20.292 W/System.err( 1948): java.lang.Exception: Toast callstack! strTip=Send Intent Failed!
09-01 09:34:20.292 W/System.err( 1948): 	at android.widget.Toast.show(Toast.java:130)
09-01 09:34:20.292 W/System.err( 1948): 	at com.android.intentfuzzer.FuzzerActivity$4.onClick(FuzzerActivity.java:186)
09-01 09:34:20.292 W/System.err( 1948): 	at android.view.View.performClick(View.java:5637)
09-01 09:34:20.292 W/System.err( 1948): 	at android.view.View$PerformClick.run(View.java:22429)
09-01 09:34:20.292 W/System.err( 1948): 	at android.os.Handler.handleCallback(Handler.java:751)
09-01 09:34:20.292 W/System.err( 1948): 	at android.os.Handler.dispatchMessage(Handler.java:95)
09-01 09:34:20.292 W/System.err( 1948): 	at android.os.Looper.loop(Looper.java:154)
09-01 09:34:20.293 W/System.err( 1948): 	at android.app.ActivityThread.main(ActivityThread.java:6190)
09-01 09:34:20.293 W/System.err( 1948): 	at java.lang.reflect.Method.invoke(Native Method)
09-01 09:34:20.293 W/System.err( 1948): 	at com.android.internal.os.ZygoteInit$MethodAndArgsCaller.run(ZygoteInit.java:892)
09-01 09:34:20.293 W/System.err( 1948): 	at com.android.internal.os.ZygoteInit.main(ZygoteInit.java:782)
09-01 09:34:20.294 I/ActivityManager( 1282): START u0 {cmp=org.tasks/.reminders.NotificationActivity (has extras)} from uid 10064 on display 0
09-01 09:34:20.294 W/ActivityManager( 1282): Permission Denial: starting Intent { cmp=org.tasks/.reminders.NotificationActivity (has extras) } from ProcessRecord{4ccee7c 1948:com.android.intentfuzzer/u0a64} (pid=1948, uid=10064) not exported from uid 10062
09-01 09:34:20.296 W/System.err( 1948): java.lang.Exception: Toast callstack! strTip=Send Intent Failed!
09-01 09:34:20.296 W/System.err( 1948): 	at android.widget.Toast.show(Toast.java:130)
09-01 09:34:20.296 W/System.err( 1948): 	at com.android.intentfuzzer.FuzzerActivity$4.onClick(FuzzerActivity.java:186)
09-01 09:34:20.296 W/System.err( 1948): 	at android.view.View.performClick(View.java:5637)
09-01 09:34:20.296 W/System.err( 1948): 	at android.view.View$PerformClick.run(View.java:22429)
09-01 09:34:20.296 W/System.err( 1948): 	at android.os.Handler.handleCallback(Handler.java:751)
09-01 09:34:20.296 W/System.err( 1948): 	at android.os.Handler.dispatchMessage(Handler.java:95)
09-01 09:34:20.296 W/System.err( 1948): 	at android.os.Looper.loop(Looper.java:154)
09-01 09:34:20.297 W/System.err( 1948): 	at android.app.ActivityThread.main(ActivityThread.java:6190)
09-01 09:34:20.297 W/System.err( 1948): 	at java.lang.reflect.Method.invoke(Native Method)
09-01 09:34:20.297 W/System.err( 1948): 	at com.android.internal.os.ZygoteInit$MethodAndArgsCaller.run(ZygoteInit.java:892)
09-01 09:34:20.297 W/System.err( 1948): 	at com.android.internal.os.ZygoteInit.main(ZygoteInit.java:782)
09-01 09:34:20.299 I/ActivityManager( 1282): START u0 {cmp=org.tasks/com.todoroo.astrid.core.CustomFilterActivity (has extras)} from uid 10064 on display 0
09-01 09:34:20.299 W/ActivityManager( 1282): Permission Denial: starting Intent { cmp=org.tasks/com.todoroo.astrid.core.CustomFilterActivity (has extras) } from ProcessRecord{4ccee7c 1948:com.android.intentfuzzer/u0a64} (pid=1948, uid=10064) not exported from uid 10062
09-01 09:34:20.301 W/System.err( 1948): java.lang.Exception: Toast callstack! strTip=Send Intent Failed!
09-01 09:34:20.301 W/System.err( 1948): 	at android.widget.Toast.show(Toast.java:130)
09-01 09:34:20.302 W/System.err( 1948): 	at com.android.intentfuzzer.FuzzerActivity$4.onClick(FuzzerActivity.java:186)
09-01 09:34:20.302 W/System.err( 1948): 	at android.view.View.performClick(View.java:5637)
09-01 09:34:20.302 W/System.err( 1948): 	at android.view.View$PerformClick.run(View.java:22429)
09-01 09:34:20.302 W/System.err( 1948): 	at android.os.Handler.handleCallback(Handler.java:751)
09-01 09:34:20.302 W/System.err( 1948): 	at android.os.Handler.dispatchMessage(Handler.java:95)
09-01 09:34:20.302 W/System.err( 1948): 	at android.os.Looper.loop(Looper.java:154)
09-01 09:34:20.302 W/System.err( 1948): 	at android.app.ActivityThread.main(ActivityThread.java:6190)
09-01 09:34:20.302 W/System.err( 1948): 	at java.lang.reflect.Method.invoke(Native Method)
09-01 09:34:20.302 W/System.err( 1948): 	at com.android.internal.os.ZygoteInit$MethodAndArgsCaller.run(ZygoteInit.java:892)
09-01 09:34:20.302 W/System.err( 1948): 	at com.android.internal.os.ZygoteInit.main(ZygoteInit.java:782)
09-01 09:34:20.303 I/ActivityManager( 1282): START u0 {cmp=org.tasks/com.todoroo.astrid.actfm.TagSettingsActivity (has extras)} from uid 10064 on display 0
09-01 09:34:20.303 W/ActivityManager( 1282): Permission Denial: starting Intent { cmp=org.tasks/com.todoroo.astrid.actfm.TagSettingsActivity (has extras) } from ProcessRecord{4ccee7c 1948:com.android.intentfuzzer/u0a64} (pid=1948, uid=10064) not exported from uid 10062
09-01 09:34:20.304 W/System.err( 1948): java.lang.Exception: Toast callstack! strTip=Send Intent Failed!
09-01 09:34:20.304 W/System.err( 1948): 	at android.widget.Toast.show(Toast.java:130)
09-01 09:34:20.305 W/System.err( 1948): 	at com.android.intentfuzzer.FuzzerActivity$4.onClick(FuzzerActivity.java:186)
09-01 09:34:20.305 W/System.err( 1948): 	at android.view.View.performClick(View.java:5637)
09-01 09:34:20.305 W/System.err( 1948): 	at android.view.View$PerformClick.run(View.java:22429)
09-01 09:34:20.305 W/System.err( 1948): 	at android.os.Handler.handleCallback(Handler.java:751)
09-01 09:34:20.305 W/System.err( 1948): 	at android.os.Handler.dispatchMessage(Handler.java:95)
09-01 09:34:20.305 W/System.err( 1948): 	at android.os.Looper.loop(Looper.java:154)
09-01 09:34:20.305 W/System.err( 1948): 	at android.app.ActivityThread.main(ActivityThread.java:6190)
09-01 09:34:20.305 W/System.err( 1948): 	at java.lang.reflect.Method.invoke(Native Method)
09-01 09:34:20.305 W/System.err( 1948): 	at com.android.internal.os.ZygoteInit$MethodAndArgsCaller.run(ZygoteInit.java:892)
09-01 09:34:20.305 W/System.err( 1948): 	at com.android.internal.os.ZygoteInit.main(ZygoteInit.java:782)
09-01 09:34:20.306 I/ActivityManager( 1282): START u0 {cmp=org.tasks/com.todoroo.astrid.actfm.FilterSettingsActivity (has extras)} from uid 10064 on display 0
09-01 09:34:20.306 W/ActivityManager( 1282): Permission Denial: starting Intent { cmp=org.tasks/com.todoroo.astrid.actfm.FilterSettingsActivity (has extras) } from ProcessRecord{4ccee7c 1948:com.android.intentfuzzer/u0a64} (pid=1948, uid=10064) not exported from uid 10062
09-01 09:34:20.308 W/System.err( 1948): java.lang.Exception: Toast callstack! strTip=Send Intent Failed!
09-01 09:34:20.308 W/System.err( 1948): 	at android.widget.Toast.show(Toast.java:130)
09-01 09:34:20.308 W/System.err( 1948): 	at com.android.intentfuzzer.FuzzerActivity$4.onClick(FuzzerActivity.java:186)
09-01 09:34:20.308 W/System.err( 1948): 	at android.view.View.performClick(View.java:5637)
09-01 09:34:20.308 W/System.err( 1948): 	at android.view.View$PerformClick.run(View.java:22429)
09-01 09:34:20.308 W/System.err( 1948): 	at android.os.Handler.handleCallback(Handler.java:751)
09-01 09:34:20.308 W/System.err( 1948): 	at android.os.Handler.dispatchMessage(Handler.java:95)
09-01 09:34:20.308 W/System.err( 1948): 	at android.os.Looper.loop(Looper.java:154)
09-01 09:34:20.308 W/System.err( 1948): 	at android.app.ActivityThread.main(ActivityThread.java:6190)
09-01 09:34:20.308 W/System.err( 1948): 	at java.lang.reflect.Method.invoke(Native Method)
09-01 09:34:20.308 W/System.err( 1948): 	at com.android.internal.os.ZygoteInit$MethodAndArgsCaller.run(ZygoteInit.java:892)
09-01 09:34:20.308 W/System.err( 1948): 	at com.android.internal.os.ZygoteInit.main(ZygoteInit.java:782)
09-01 09:34:20.310 I/ActivityManager( 1282): START u0 {cmp=org.tasks/.activities.CalendarSelectionActivity (has extras)} from uid 10064 on display 0
09-01 09:34:20.310 W/ActivityManager( 1282): Permission Denial: starting Intent { cmp=org.tasks/.activities.CalendarSelectionActivity (has extras) } from ProcessRecord{4ccee7c 1948:com.android.intentfuzzer/u0a64} (pid=1948, uid=10064) not exported from uid 10062
09-01 09:34:20.312 W/System.err( 1948): java.lang.Exception: Toast callstack! strTip=Send Intent Failed!
09-01 09:34:20.312 W/System.err( 1948): 	at android.widget.Toast.show(Toast.java:130)
09-01 09:34:20.312 W/System.err( 1948): 	at com.android.intentfuzzer.FuzzerActivity$4.onClick(FuzzerActivity.java:186)
09-01 09:34:20.312 W/System.err( 1948): 	at android.view.View.performClick(View.java:5637)
09-01 09:34:20.313 W/System.err( 1948): 	at android.view.View$PerformClick.run(View.java:22429)
09-01 09:34:20.313 W/System.err( 1948): 	at android.os.Handler.handleCallback(Handler.java:751)
09-01 09:34:20.313 W/System.err( 1948): 	at android.os.Handler.dispatchMessage(Handler.java:95)
09-01 09:34:20.313 W/System.err( 1948): 	at android.os.Looper.loop(Looper.java:154)
09-01 09:34:20.313 W/System.err( 1948): 	at android.app.ActivityThread.main(ActivityThread.java:6190)
09-01 09:34:20.313 W/System.err( 1948): 	at java.lang.reflect.Method.invoke(Native Method)
09-01 09:34:20.313 W/System.err( 1948): 	at com.android.internal.os.ZygoteInit$MethodAndArgsCaller.run(ZygoteInit.java:892)
09-01 09:34:20.313 W/System.err( 1948): 	at com.android.internal.os.ZygoteInit.main(ZygoteInit.java:782)
09-01 09:34:20.316 I/ActivityManager( 1282): START u0 {cmp=org.tasks/com.todoroo.astrid.gcal.CalendarReminderActivity (has extras)} from uid 10064 on display 0
09-01 09:34:20.316 W/ActivityManager( 1282): Permission Denial: starting Intent { cmp=org.tasks/com.todoroo.astrid.gcal.CalendarReminderActivity (has extras) } from ProcessRecord{4ccee7c 1948:com.android.intentfuzzer/u0a64} (pid=1948, uid=10064) not exported from uid 10062
09-01 09:34:20.317 W/System.err( 1948): java.lang.Exception: Toast callstack! strTip=Send Intent Failed!
09-01 09:34:20.317 W/System.err( 1948): 	at android.widget.Toast.show(Toast.java:130)
09-01 09:34:20.317 W/System.err( 1948): 	at com.android.intentfuzzer.FuzzerActivity$4.onClick(FuzzerActivity.java:186)
09-01 09:34:20.317 W/System.err( 1948): 	at android.view.View.performClick(View.java:5637)
09-01 09:34:20.317 W/System.err( 1948): 	at android.view.View$PerformClick.run(View.java:22429)
09-01 09:34:20.317 W/System.err( 1948): 	at android.os.Handler.handleCallback(Handler.java:751)
09-01 09:34:20.317 W/System.err( 1948): 	at android.os.Handler.dispatchMessage(Handler.java:95)
09-01 09:34:20.317 W/System.err( 1948): 	at android.os.Looper.loop(Looper.java:154)
09-01 09:34:20.317 W/System.err( 1948): 	at android.app.ActivityThread.main(ActivityThread.java:6190)
09-01 09:34:20.317 W/System.err( 1948): 	at java.lang.reflect.Method.invoke(Native Method)
09-01 09:34:20.317 W/System.err( 1948): 	at com.android.internal.os.ZygoteInit$MethodAndArgsCaller.run(ZygoteInit.java:892)
09-01 09:34:20.318 W/System.err( 1948): 	at com.android.internal.os.ZygoteInit.main(ZygoteInit.java:782)
09-01 09:34:20.319 I/ActivityManager( 1282): START u0 {cmp=org.tasks/com.todoroo.astrid.gcal.CalendarAlarmListCreator (has extras)} from uid 10064 on display 0
09-01 09:34:20.319 W/ActivityManager( 1282): Permission Denial: starting Intent { cmp=org.tasks/com.todoroo.astrid.gcal.CalendarAlarmListCreator (has extras) } from ProcessRecord{4ccee7c 1948:com.android.intentfuzzer/u0a64} (pid=1948, uid=10064) not exported from uid 10062
09-01 09:34:20.320 W/System.err( 1948): java.lang.Exception: Toast callstack! strTip=Send Intent Failed!
09-01 09:34:20.320 W/System.err( 1948): 	at android.widget.Toast.show(Toast.java:130)
09-01 09:34:20.320 W/System.err( 1948): 	at com.android.intentfuzzer.FuzzerActivity$4.onClick(FuzzerActivity.java:186)
09-01 09:34:20.320 W/System.err( 1948): 	at android.view.View.performClick(View.java:5637)
09-01 09:34:20.320 W/System.err( 1948): 	at android.view.View$PerformClick.run(View.java:22429)
09-01 09:34:20.320 W/System.err( 1948): 	at android.os.Handler.handleCallback(Handler.java:751)
09-01 09:34:20.320 W/System.err( 1948): 	at android.os.Handler.dispatchMessage(Handler.java:95)
09-01 09:34:20.320 W/System.err( 1948): 	at android.os.Looper.loop(Looper.java:154)
09-01 09:34:20.320 W/System.err( 1948): 	at android.app.ActivityThread.main(ActivityThread.java:6190)
09-01 09:34:20.320 W/System.err( 1948): 	at java.lang.reflect.Method.invoke(Native Method)
09-01 09:34:20.320 W/System.err( 1948): 	at com.android.internal.os.ZygoteInit$MethodAndArgsCaller.run(ZygoteInit.java:892)
09-01 09:34:20.320 W/System.err( 1948): 	at com.android.internal.os.ZygoteInit.main(ZygoteInit.java:782)
09-01 09:34:20.324 I/ActivityManager( 1282): START u0 {cmp=org.tasks/com.todoroo.astrid.core.OldTaskPreferences (has extras)} from uid 10064 on display 0
09-01 09:34:20.324 W/ActivityManager( 1282): Permission Denial: starting Intent { cmp=org.tasks/com.todoroo.astrid.core.OldTaskPreferences (has extras) } from ProcessRecord{4ccee7c 1948:com.android.intentfuzzer/u0a64} (pid=1948, uid=10064) not exported from uid 10062
09-01 09:34:20.329 W/System.err( 1948): java.lang.Exception: Toast callstack! strTip=Send Intent Failed!
09-01 09:34:20.329 W/System.err( 1948): 	at android.widget.Toast.show(Toast.java:130)
09-01 09:34:20.329 W/System.err( 1948): 	at com.android.intentfuzzer.FuzzerActivity$4.onClick(FuzzerActivity.java:186)
09-01 09:34:20.329 W/System.err( 1948): 	at android.view.View.performClick(View.java:5637)
09-01 09:34:20.329 W/System.err( 1948): 	at android.view.View$PerformClick.run(View.java:22429)
09-01 09:34:20.329 W/System.err( 1948): 	at android.os.Handler.handleCallback(Handler.java:751)
09-01 09:34:20.329 W/System.err( 1948): 	at android.os.Handler.dispatchMessage(Handler.java:95)
09-01 09:34:20.329 W/System.err( 1948): 	at android.os.Looper.loop(Looper.java:154)
09-01 09:34:20.329 W/System.err( 1948): 	at android.app.ActivityThread.main(ActivityThread.java:6190)
09-01 09:34:20.329 W/System.err( 1948): 	at java.lang.reflect.Method.invoke(Native Method)
09-01 09:34:20.329 W/System.err( 1948): 	at com.android.internal.os.ZygoteInit$MethodAndArgsCaller.run(ZygoteInit.java:892)
09-01 09:34:20.329 W/System.err( 1948): 	at com.android.internal.os.ZygoteInit.main(ZygoteInit.java:782)
09-01 09:34:20.334 I/ActivityManager( 1282): START u0 {cmp=org.tasks/.activities.ClearAllDataActivity (has extras)} from uid 10064 on display 0
09-01 09:34:20.334 W/ActivityManager( 1282): Permission Denial: starting Intent { cmp=org.tasks/.activities.ClearAllDataActivity (has extras) } from ProcessRecord{4ccee7c 1948:com.android.intentfuzzer/u0a64} (pid=1948, uid=10064) not exported from uid 10062
09-01 09:34:20.335 W/System.err( 1948): java.lang.Exception: Toast callstack! strTip=Send Intent Failed!
09-01 09:34:20.335 W/System.err( 1948): 	at android.widget.Toast.show(Toast.java:130)
09-01 09:34:20.335 W/System.err( 1948): 	at com.android.intentfuzzer.FuzzerActivity$4.onClick(FuzzerActivity.java:186)
09-01 09:34:20.335 W/System.err( 1948): 	at android.view.View.performClick(View.java:5637)
09-01 09:34:20.335 W/System.err( 1948): 	at android.view.View$PerformClick.run(View.java:22429)
09-01 09:34:20.335 W/System.err( 1948): 	at android.os.Handler.handleCallback(Handler.java:751)
09-01 09:34:20.335 W/System.err( 1948): 	at android.os.Handler.dispatchMessage(Handler.java:95)
09-01 09:34:20.335 W/System.err( 1948): 	at android.os.Looper.loop(Looper.java:154)
09-01 09:34:20.335 W/System.err( 1948): 	at android.app.ActivityThread.main(ActivityThread.java:6190)
09-01 09:34:20.335 W/System.err( 1948): 	at java.lang.reflect.Method.invoke(Native Method)
09-01 09:34:20.335 W/System.err( 1948): 	at com.android.internal.os.ZygoteInit$MethodAndArgsCaller.run(ZygoteInit.java:892)
09-01 09:34:20.335 W/System.err( 1948): 	at com.android.internal.os.ZygoteInit.main(ZygoteInit.java:782)
09-01 09:34:20.338 I/ActivityManager( 1282): START u0 {cmp=org.tasks/.activities.ResetPreferencesActivity (has extras)} from uid 10064 on display 0
09-01 09:34:20.338 W/ActivityManager( 1282): Permission Denial: starting Intent { cmp=org.tasks/.activities.ResetPreferencesActivity (has extras) } from ProcessRecord{4ccee7c 1948:com.android.intentfuzzer/u0a64} (pid=1948, uid=10064) not exported from uid 10062
09-01 09:34:20.339 W/System.err( 1948): java.lang.Exception: Toast callstack! strTip=Send Intent Failed!
09-01 09:34:20.339 W/System.err( 1948): 	at android.widget.Toast.show(Toast.java:130)
09-01 09:34:20.339 W/System.err( 1948): 	at com.android.intentfuzzer.FuzzerActivity$4.onClick(FuzzerActivity.java:186)
09-01 09:34:20.339 W/System.err( 1948): 	at android.view.View.performClick(View.java:5637)
09-01 09:34:20.339 W/System.err( 1948): 	at android.view.View$PerformClick.run(View.java:22429)
09-01 09:34:20.339 W/System.err( 1948): 	at android.os.Handler.handleCallback(Handler.java:751)
09-01 09:34:20.339 W/System.err( 1948): 	at android.os.Handler.dispatchMessage(Handler.java:95)
09-01 09:34:20.339 W/System.err( 1948): 	at android.os.Looper.loop(Looper.java:154)
09-01 09:34:20.339 W/System.err( 1948): 	at android.app.ActivityThread.main(ActivityThread.java:6190)
09-01 09:34:20.339 W/System.err( 1948): 	at java.lang.reflect.Method.invoke(Native Method)
09-01 09:34:20.339 W/System.err( 1948): 	at com.android.internal.os.ZygoteInit$MethodAndArgsCaller.run(ZygoteInit.java:892)
09-01 09:34:20.339 W/System.err( 1948): 	at com.android.internal.os.ZygoteInit.main(ZygoteInit.java:782)
09-01 09:34:20.341 I/ActivityManager( 1282): START u0 {cmp=org.tasks/.activities.PurgeDeletedActivity (has extras)} from uid 10064 on display 0
09-01 09:34:20.341 W/ActivityManager( 1282): Permission Denial: starting Intent { cmp=org.tasks/.activities.PurgeDeletedActivity (has extras) } from ProcessRecord{4ccee7c 1948:com.android.intentfuzzer/u0a64} (pid=1948, uid=10064) not exported from uid 10062
09-01 09:34:20.342 W/System.err( 1948): java.lang.Exception: Toast callstack! strTip=Send Intent Failed!
09-01 09:34:20.342 W/System.err( 1948): 	at android.widget.Toast.show(Toast.java:130)
09-01 09:34:20.342 W/System.err( 1948): 	at com.android.intentfuzzer.FuzzerActivity$4.onClick(FuzzerActivity.java:186)
09-01 09:34:20.342 W/System.err( 1948): 	at android.view.View.performClick(View.java:5637)
09-01 09:34:20.342 W/System.err( 1948): 	at android.view.View$PerformClick.run(View.java:22429)
09-01 09:34:20.342 W/System.err( 1948): 	at android.os.Handler.handleCallback(Handler.java:751)
09-01 09:34:20.342 W/System.err( 1948): 	at android.os.Handler.dispatchMessage(Handler.java:95)
09-01 09:34:20.342 W/System.err( 1948): 	at android.os.Looper.loop(Looper.java:154)
09-01 09:34:20.342 W/System.err( 1948): 	at android.app.ActivityThread.main(ActivityThread.java:6190)
09-01 09:34:20.342 W/System.err( 1948): 	at java.lang.reflect.Method.invoke(Native Method)
09-01 09:34:20.342 W/System.err( 1948): 	at com.android.internal.os.ZygoteInit$MethodAndArgsCaller.run(ZygoteInit.java:892)
09-01 09:34:20.342 W/System.err( 1948): 	at com.android.internal.os.ZygoteInit.main(ZygoteInit.java:782)
09-01 09:34:20.343 I/ActivityManager( 1282): START u0 {cmp=org.tasks/.activities.DeleteCompletedActivity (has extras)} from uid 10064 on display 0
09-01 09:34:20.343 W/ActivityManager( 1282): Permission Denial: starting Intent { cmp=org.tasks/.activities.DeleteCompletedActivity (has extras) } from ProcessRecord{4ccee7c 1948:com.android.intentfuzzer/u0a64} (pid=1948, uid=10064) not exported from uid 10062
09-01 09:34:20.344 W/System.err( 1948): java.lang.Exception: Toast callstack! strTip=Send Intent Failed!
09-01 09:34:20.344 W/System.err( 1948): 	at android.widget.Toast.show(Toast.java:130)
09-01 09:34:20.344 W/System.err( 1948): 	at com.android.intentfuzzer.FuzzerActivity$4.onClick(FuzzerActivity.java:186)
09-01 09:34:20.344 W/System.err( 1948): 	at android.view.View.performClick(View.java:5637)
09-01 09:34:20.344 W/System.err( 1948): 	at android.view.View$PerformClick.run(View.java:22429)
09-01 09:34:20.344 W/System.err( 1948): 	at android.os.Handler.handleCallback(Handler.java:751)
09-01 09:34:20.344 W/System.err( 1948): 	at android.os.Handler.dispatchMessage(Handler.java:95)
09-01 09:34:20.344 W/System.err( 1948): 	at android.os.Looper.loop(Looper.java:154)
09-01 09:34:20.344 W/System.err( 1948): 	at android.app.ActivityThread.main(ActivityThread.java:6190)
09-01 09:34:20.344 W/System.err( 1948): 	at java.lang.reflect.Method.invoke(Native Method)
09-01 09:34:20.344 W/System.err( 1948): 	at com.android.internal.os.ZygoteInit$MethodAndArgsCaller.run(ZygoteInit.java:892)
09-01 09:34:20.344 W/System.err( 1948): 	at com.android.internal.os.ZygoteInit.main(ZygoteInit.java:782)
09-01 09:34:20.345 I/ActivityManager( 1282): START u0 {cmp=org.tasks/.activities.DeleteCompletedEventsActivity (has extras)} from uid 10064 on display 0
09-01 09:34:20.345 W/ActivityManager( 1282): Permission Denial: starting Intent { cmp=org.tasks/.activities.DeleteCompletedEventsActivity (has extras) } from ProcessRecord{4ccee7c 1948:com.android.intentfuzzer/u0a64} (pid=1948, uid=10064) not exported from uid 10062
09-01 09:34:20.346 W/System.err( 1948): java.lang.Exception: Toast callstack! strTip=Send Intent Failed!
09-01 09:34:20.346 W/System.err( 1948): 	at android.widget.Toast.show(Toast.java:130)
09-01 09:34:20.346 W/System.err( 1948): 	at com.android.intentfuzzer.FuzzerActivity$4.onClick(FuzzerActivity.java:186)
09-01 09:34:20.347 W/System.err( 1948): 	at android.view.View.performClick(View.java:5637)
09-01 09:34:20.347 W/System.err( 1948): 	at android.view.View$PerformClick.run(View.java:22429)
09-01 09:34:20.347 W/System.err( 1948): 	at android.os.Handler.handleCallback(Handler.java:751)
09-01 09:34:20.347 W/System.err( 1948): 	at android.os.Handler.dispatchMessage(Handler.java:95)
09-01 09:34:20.347 W/System.err( 1948): 	at android.os.Looper.loop(Looper.java:154)
09-01 09:34:20.347 W/System.err( 1948): 	at android.app.ActivityThread.main(ActivityThread.java:6190)
09-01 09:34:20.347 W/System.err( 1948): 	at java.lang.reflect.Method.invoke(Native Method)
09-01 09:34:20.347 W/System.err( 1948): 	at com.android.internal.os.ZygoteInit$MethodAndArgsCaller.run(ZygoteInit.java:892)
09-01 09:34:20.347 W/System.err( 1948): 	at com.android.internal.os.ZygoteInit.main(ZygoteInit.java:782)
09-01 09:34:20.350 I/ActivityManager( 1282): START u0 {cmp=org.tasks/.activities.DeleteAllCalendarEventsActivity (has extras)} from uid 10064 on display 0
09-01 09:34:20.350 W/ActivityManager( 1282): Permission Denial: starting Intent { cmp=org.tasks/.activities.DeleteAllCalendarEventsActivity (has extras) } from ProcessRecord{4ccee7c 1948:com.android.intentfuzzer/u0a64} (pid=1948, uid=10064) not exported from uid 10062
09-01 09:34:20.351 W/System.err( 1948): java.lang.Exception: Toast callstack! strTip=Send Intent Failed!
09-01 09:34:20.351 W/System.err( 1948): 	at android.widget.Toast.show(Toast.java:130)
09-01 09:34:20.351 W/System.err( 1948): 	at com.android.intentfuzzer.FuzzerActivity$4.onClick(FuzzerActivity.java:186)
09-01 09:34:20.351 W/System.err( 1948): 	at android.view.View.performClick(View.java:5637)
09-01 09:34:20.351 W/System.err( 1948): 	at android.view.View$PerformClick.run(View.java:22429)
09-01 09:34:20.351 W/System.err( 1948): 	at android.os.Handler.handleCallback(Handler.java:751)
09-01 09:34:20.351 W/System.err( 1948): 	at android.os.Handler.dispatchMessage(Handler.java:95)
09-01 09:34:20.351 W/System.err( 1948): 	at android.os.Looper.loop(Looper.java:154)
09-01 09:34:20.351 W/System.err( 1948): 	at android.app.ActivityThread.main(ActivityThread.java:6190)
09-01 09:34:20.351 W/System.err( 1948): 	at java.lang.reflect.Method.invoke(Native Method)
09-01 09:34:20.351 W/System.err( 1948): 	at com.android.internal.os.ZygoteInit$MethodAndArgsCaller.run(ZygoteInit.java:892)
09-01 09:34:20.351 W/System.err( 1948): 	at com.android.internal.os.ZygoteInit.main(ZygoteInit.java:782)
09-01 09:34:20.357 I/ActivityManager( 1282): START u0 {cmp=org.tasks/.activities.ExportTaskActivity (has extras)} from uid 10064 on display 0
09-01 09:34:20.357 W/ActivityManager( 1282): Permission Denial: starting Intent { cmp=org.tasks/.activities.ExportTaskActivity (has extras) } from ProcessRecord{4ccee7c 1948:com.android.intentfuzzer/u0a64} (pid=1948, uid=10064) not exported from uid 10062
09-01 09:34:20.358 W/System.err( 1948): java.lang.Exception: Toast callstack! strTip=Send Intent Failed!
09-01 09:34:20.358 W/System.err( 1948): 	at android.widget.Toast.show(Toast.java:130)
09-01 09:34:20.358 W/System.err( 1948): 	at com.android.intentfuzzer.FuzzerActivity$4.onClick(FuzzerActivity.java:186)
09-01 09:34:20.358 W/System.err( 1948): 	at android.view.View.performClick(View.java:5637)
09-01 09:34:20.358 W/System.err( 1948): 	at android.view.View$PerformClick.run(View.java:22429)
09-01 09:34:20.358 W/System.err( 1948): 	at android.os.Handler.handleCallback(Handler.java:751)
09-01 09:34:20.358 W/System.err( 1948): 	at android.os.Handler.dispatchMessage(Handler.java:95)
09-01 09:34:20.358 W/System.err( 1948): 	at android.os.Looper.loop(Looper.java:154)
09-01 09:34:20.358 W/System.err( 1948): 	at android.app.ActivityThread.main(ActivityThread.java:6190)
09-01 09:34:20.358 W/System.err( 1948): 	at java.lang.reflect.Method.invoke(Native Method)
09-01 09:34:20.358 W/System.err( 1948): 	at com.android.internal.os.ZygoteInit$MethodAndArgsCaller.run(ZygoteInit.java:892)
09-01 09:34:20.358 W/System.err( 1948): 	at com.android.internal.os.ZygoteInit.main(ZygoteInit.java:782)
09-01 09:34:20.359 I/ActivityManager( 1282): START u0 {cmp=org.tasks/.activities.ImportTaskActivity (has extras)} from uid 10064 on display 0
09-01 09:34:20.359 W/ActivityManager( 1282): Permission Denial: starting Intent { cmp=org.tasks/.activities.ImportTaskActivity (has extras) } from ProcessRecord{4ccee7c 1948:com.android.intentfuzzer/u0a64} (pid=1948, uid=10064) not exported from uid 10062
09-01 09:34:20.360 W/System.err( 1948): java.lang.Exception: Toast callstack! strTip=Send Intent Failed!
09-01 09:34:20.360 W/System.err( 1948): 	at android.widget.Toast.show(Toast.java:130)
09-01 09:34:20.360 W/System.err( 1948): 	at com.android.intentfuzzer.FuzzerActivity$4.onClick(FuzzerActivity.java:186)
09-01 09:34:20.360 W/System.err( 1948): 	at android.view.View.performClick(View.java:5637)
09-01 09:34:20.360 W/System.err( 1948): 	at android.view.View$PerformClick.run(View.java:22429)
09-01 09:34:20.360 W/System.err( 1948): 	at android.os.Handler.handleCallback(Handler.java:751)
09-01 09:34:20.360 W/System.err( 1948): 	at android.os.Handler.dispatchMessage(Handler.java:95)
09-01 09:34:20.360 W/System.err( 1948): 	at android.os.Looper.loop(Looper.java:154)
09-01 09:34:20.360 W/System.err( 1948): 	at android.app.ActivityThread.main(ActivityThread.java:6190)
09-01 09:34:20.360 W/System.err( 1948): 	at java.lang.reflect.Method.invoke(Native Method)
09-01 09:34:20.360 W/System.err( 1948): 	at com.android.internal.os.ZygoteInit$MethodAndArgsCaller.run(ZygoteInit.java:892)
09-01 09:34:20.360 W/System.err( 1948): 	at com.android.internal.os.ZygoteInit.main(ZygoteInit.java:782)
09-01 09:34:20.361 I/ActivityManager( 1282): START u0 {cmp=org.tasks/com.todoroo.astrid.files.AACRecordingActivity (has extras)} from uid 10064 on display 0
09-01 09:34:20.361 W/ActivityManager( 1282): Permission Denial: starting Intent { cmp=org.tasks/com.todoroo.astrid.files.AACRecordingActivity (has extras) } from ProcessRecord{4ccee7c 1948:com.android.intentfuzzer/u0a64} (pid=1948, uid=10064) not exported from uid 10062
09-01 09:34:20.362 W/System.err( 1948): java.lang.Exception: Toast callstack! strTip=Send Intent Failed!
09-01 09:34:20.362 W/System.err( 1948): 	at android.widget.Toast.show(Toast.java:130)
09-01 09:34:20.362 W/System.err( 1948): 	at com.android.intentfuzzer.FuzzerActivity$4.onClick(FuzzerActivity.java:186)
09-01 09:34:20.362 W/System.err( 1948): 	at android.view.View.performClick(View.java:5637)
09-01 09:34:20.362 W/System.err( 1948): 	at android.view.View$PerformClick.run(View.java:22429)
09-01 09:34:20.362 W/System.err( 1948): 	at android.os.Handler.handleCallback(Handler.java:751)
09-01 09:34:20.362 W/System.err( 1948): 	at android.os.Handler.dispatchMessage(Handler.java:95)
09-01 09:34:20.362 W/System.err( 1948): 	at android.os.Looper.loop(Looper.java:154)
09-01 09:34:20.362 W/System.err( 1948): 	at android.app.ActivityThread.main(ActivityThread.java:6190)
09-01 09:34:20.362 W/System.err( 1948): 	at java.lang.reflect.Method.invoke(Native Method)
09-01 09:34:20.362 W/System.err( 1948): 	at com.android.internal.os.ZygoteInit$MethodAndArgsCaller.run(ZygoteInit.java:892)
09-01 09:34:20.363 W/System.err( 1948): 	at com.android.internal.os.ZygoteInit.main(ZygoteInit.java:782)
09-01 09:34:20.367 I/ActivityManager( 1282): START u0 {cmp=org.tasks/com.todoroo.astrid.files.FileExplore (has extras)} from uid 10064 on display 0
09-01 09:34:20.367 W/ActivityManager( 1282): Permission Denial: starting Intent { cmp=org.tasks/com.todoroo.astrid.files.FileExplore (has extras) } from ProcessRecord{4ccee7c 1948:com.android.intentfuzzer/u0a64} (pid=1948, uid=10064) not exported from uid 10062
09-01 09:34:20.368 W/System.err( 1948): java.lang.Exception: Toast callstack! strTip=Send Intent Failed!
09-01 09:34:20.369 W/System.err( 1948): 	at android.widget.Toast.show(Toast.java:130)
09-01 09:34:20.369 W/System.err( 1948): 	at com.android.intentfuzzer.FuzzerActivity$4.onClick(FuzzerActivity.java:186)
09-01 09:34:20.369 W/System.err( 1948): 	at android.view.View.performClick(View.java:5637)
09-01 09:34:20.369 W/System.err( 1948): 	at android.view.View$PerformClick.run(View.java:22429)
09-01 09:34:20.369 W/System.err( 1948): 	at android.os.Handler.handleCallback(Handler.java:751)
09-01 09:34:20.369 W/System.err( 1948): 	at android.os.Handler.dispatchMessage(Handler.java:95)
09-01 09:34:20.369 W/System.err( 1948): 	at android.os.Looper.loop(Looper.java:154)
09-01 09:34:20.369 W/System.err( 1948): 	at android.app.ActivityThread.main(ActivityThread.java:6190)
09-01 09:34:20.369 W/System.err( 1948): 	at java.lang.reflect.Method.invoke(Native Method)
09-01 09:34:20.369 W/System.err( 1948): 	at com.android.internal.os.ZygoteInit$MethodAndArgsCaller.run(ZygoteInit.java:892)
09-01 09:34:20.369 W/System.err( 1948): 	at com.android.internal.os.ZygoteInit.main(ZygoteInit.java:782)
09-01 09:34:20.370 I/ActivityManager( 1282): START u0 {cmp=org.tasks/com.todoroo.astrid.reminders.ReminderPreferences (has extras)} from uid 10064 on display 0
09-01 09:34:20.370 W/ActivityManager( 1282): Permission Denial: starting Intent { cmp=org.tasks/com.todoroo.astrid.reminders.ReminderPreferences (has extras) } from ProcessRecord{4ccee7c 1948:com.android.intentfuzzer/u0a64} (pid=1948, uid=10064) not exported from uid 10062
09-01 09:34:20.371 W/System.err( 1948): java.lang.Exception: Toast callstack! strTip=Send Intent Failed!
09-01 09:34:20.371 W/System.err( 1948): 	at android.widget.Toast.show(Toast.java:130)
09-01 09:34:20.372 W/System.err( 1948): 	at com.android.intentfuzzer.FuzzerActivity$4.onClick(FuzzerActivity.java:186)
09-01 09:34:20.372 W/System.err( 1948): 	at android.view.View.performClick(View.java:5637)
09-01 09:34:20.372 W/System.err( 1948): 	at android.view.View$PerformClick.run(View.java:22429)
09-01 09:34:20.372 W/System.err( 1948): 	at android.os.Handler.handleCallback(Handler.java:751)
09-01 09:34:20.372 W/System.err( 1948): 	at android.os.Handler.dispatchMessage(Handler.java:95)
09-01 09:34:20.372 W/System.err( 1948): 	at android.os.Looper.loop(Looper.java:154)
09-01 09:34:20.372 W/System.err( 1948): 	at android.app.ActivityThread.main(ActivityThread.java:6190)
09-01 09:34:20.372 W/System.err( 1948): 	at java.lang.reflect.Method.invoke(Native Method)
09-01 09:34:20.372 W/System.err( 1948): 	at com.android.internal.os.ZygoteInit$MethodAndArgsCaller.run(ZygoteInit.java:892)
09-01 09:34:20.372 W/System.err( 1948): 	at com.android.internal.os.ZygoteInit.main(ZygoteInit.java:782)
09-01 09:34:20.374 I/ActivityManager( 1282): START u0 {cmp=org.tasks/.voice.VoiceCommandActivity (has extras)} from uid 10064 on display 0
09-01 09:34:20.381 W/System.err( 1948): java.lang.Exception: Toast callstack! strTip=Sent Serializeable Intent { cmp=org.tasks/.voice.VoiceCommandActivity (has extras) }
09-01 09:34:20.381 W/System.err( 1948): 	at android.widget.Toast.show(Toast.java:130)
09-01 09:34:20.381 W/System.err( 1948): 	at com.android.intentfuzzer.FuzzerActivity$4.onClick(FuzzerActivity.java:184)
09-01 09:34:20.381 W/System.err( 1948): 	at android.view.View.performClick(View.java:5637)
09-01 09:34:20.381 W/System.err( 1948): 	at android.view.View$PerformClick.run(View.java:22429)
09-01 09:34:20.381 W/System.err( 1948): 	at android.os.Handler.handleCallback(Handler.java:751)
09-01 09:34:20.381 W/System.err( 1948): 	at android.os.Handler.dispatchMessage(Handler.java:95)
09-01 09:34:20.381 W/System.err( 1948): 	at android.os.Looper.loop(Looper.java:154)
09-01 09:34:20.381 W/System.err( 1948): 	at android.app.ActivityThread.main(ActivityThread.java:6190)
09-01 09:34:20.381 W/System.err( 1948): 	at java.lang.reflect.Method.invoke(Native Method)
09-01 09:34:20.381 W/System.err( 1948): 	at com.android.internal.os.ZygoteInit$MethodAndArgsCaller.run(ZygoteInit.java:892)
09-01 09:34:20.381 W/System.err( 1948): 	at com.android.internal.os.ZygoteInit.main(ZygoteInit.java:782)
09-01 09:34:20.382 W/ContextImpl( 1676): Calling a method in the system process without a qualified user: android.app.ContextImpl.startService:1358 android.content.ContextWrapper.startService:613 android.content.ContextWrapper.startService:613 com.android.coreservice.CoreBroadcastReceiver.onReceive:44 android.app.ActivityThread.handleReceiver:3073 
09-01 09:34:20.401 I/ActivityManager( 1282): Start proc 2000:org.tasks/u0a62 for activity org.tasks/.voice.VoiceCommandActivity
09-01 09:34:20.411 D/libnativebridge( 2000): call UnloadNativeBridge! state=1
09-01 09:34:20.442 W/ContextImpl( 1676): Calling a method in the system process without a qualified user: android.app.ContextImpl.startService:1358 android.content.ContextWrapper.startService:613 android.content.ContextWrapper.startService:613 com.android.coreservice.CoreBroadcastReceiver.onReceive:53 android.app.ActivityThread.handleReceiver:3073 
09-01 09:34:20.446 E/EGL_adreno( 1948): tid 1965: eglSurfaceAttrib(1338): error 0x3009 (EGL_BAD_MATCH)
09-01 09:34:20.446 W/OpenGLRenderer( 1948): Failed to set EGL_SWAP_BEHAVIOR on surface 0x7fffd4f64980, error=EGL_BAD_MATCH
09-01 09:34:20.453 D/EGL_adreno( 1948): eglMakeCurrent: 0x7fffeb43c820: ver 3 1 (tinfo 0x7fffeb40d4a0)
09-01 09:34:20.845 W/System  ( 2000): ClassLoader referenced unknown path: /data/app/org.tasks-1/lib/x86_64
09-01 09:34:20.991 D/AndroidRuntime( 2000): Shutting down VM
09-01 09:34:20.996 E/AndroidRuntime( 2000): FATAL EXCEPTION: main
09-01 09:34:20.996 E/AndroidRuntime( 2000): Process: org.tasks, PID: 2000
09-01 09:34:20.996 E/AndroidRuntime( 2000): java.lang.RuntimeException: Unable to start activity ComponentInfo{org.tasks/org.tasks.voice.VoiceCommandActivity}: java.lang.NullPointerException: Attempt to invoke virtual method 'int java.lang.String.hashCode()' on a null object reference
09-01 09:34:20.996 E/AndroidRuntime( 2000): 	at android.app.ActivityThread.performLaunchActivity(ActivityThread.java:2698)
09-01 09:34:20.996 E/AndroidRuntime( 2000): 	at android.app.ActivityThread.handleLaunchActivity(ActivityThread.java:2759)
09-01 09:34:20.996 E/AndroidRuntime( 2000): 	at android.app.ActivityThread.-wrap12(ActivityThread.java)
09-01 09:34:20.996 E/AndroidRuntime( 2000): 	at android.app.ActivityThread$H.handleMessage(ActivityThread.java:1482)
09-01 09:34:20.996 E/AndroidRuntime( 2000): 	at android.os.Handler.dispatchMessage(Handler.java:102)
09-01 09:34:20.996 E/AndroidRuntime( 2000): 	at android.os.Looper.loop(Looper.java:154)
09-01 09:34:20.996 E/AndroidRuntime( 2000): 	at android.app.ActivityThread.main(ActivityThread.java:6190)
09-01 09:34:20.996 E/AndroidRuntime( 2000): 	at java.lang.reflect.Method.invoke(Native Method)
09-01 09:34:20.996 E/AndroidRuntime( 2000): 	at com.android.internal.os.ZygoteInit$MethodAndArgsCaller.run(ZygoteInit.java:892)
09-01 09:34:20.996 E/AndroidRuntime( 2000): 	at com.android.internal.os.ZygoteInit.main(ZygoteInit.java:782)
09-01 09:34:20.996 E/AndroidRuntime( 2000): Caused by: java.lang.NullPointerException: Attempt to invoke virtual method 'int java.lang.String.hashCode()' on a null object reference
09-01 09:34:20.996 E/AndroidRuntime( 2000): 	at org.tasks.voice.VoiceCommandActivity.onCreate(VoiceCommandActivity.java:27)
09-01 09:34:20.996 E/AndroidRuntime( 2000): 	at android.app.Activity.performCreate(Activity.java:6701)
09-01 09:34:20.996 E/AndroidRuntime( 2000): 	at android.app.Instrumentation.callActivityOnCreate(Instrumentation.java:1118)
09-01 09:34:20.996 E/AndroidRuntime( 2000): 	at android.app.ActivityThread.performLaunchActivity(ActivityThread.java:2651)
09-01 09:34:20.996 E/AndroidRuntime( 2000): 	... 9 more
09-01 09:34:20.998 W/ActivityManager( 1282):   Force finishing activity org.tasks/.voice.VoiceCommandActivity
09-01 09:34:21.003 W/System.err( 1282): java.lang.Exception: show AlertDialog! title=Tasks
09-01 09:34:21.003 W/System.err( 1282): 	at android.app.AlertDialog.show(AlertDialog.java:134)
09-01 09:34:21.003 W/System.err( 1282): 	at com.android.server.am.AppErrors.handleShowAppErrorUi(AppErrors.java:719)
09-01 09:34:21.003 W/System.err( 1282): 	at com.android.server.am.ActivityManagerService$UiHandler.handleMessage(ActivityManagerService.java:1637)
09-01 09:34:21.003 W/System.err( 1282): 	at android.os.Handler.dispatchMessage(Handler.java:102)
09-01 09:34:21.003 W/System.err( 1282): 	at android.os.Looper.loop(Looper.java:154)
09-01 09:34:21.003 W/System.err( 1282): 	at android.os.HandlerThread.run(HandlerThread.java:61)
09-01 09:34:21.003 W/System.err( 1282): 	at com.android.server.ServiceThread.run(ServiceThread.java:46)
09-01 09:34:21.060 I/HostConnection( 1282): HostConnection::HostConnection: pid=1282, tid=1997, this=0x7fffcbbd3060
09-01 09:34:21.062 I/        ( 1282): fastpipe: Connect success
09-01 09:34:21.063 D/HostConnection( 1282): HostRPC::connect sucess: app=system_server, pid=1282, tid=1997, this=0x7fffcbc60180
09-01 09:34:21.064 D/HostConnection( 1282): queryAndSetGLESMaxVersion select gles-version: 3.1 hostGLVersion:46 process:system_server
09-01 09:34:21.065 I/OpenGLRenderer( 1282): Initialized EGL, version 1.4
09-01 09:34:21.066 D/OpenGLRenderer( 1282): Swap behavior 1
09-01 09:34:21.066 I/EGL_adreno( 1282): eglCreateContext request GLES major-version=2
09-01 09:34:21.087 D/EGL_adreno( 1282): eglCreateContext: 0x7fffcb827e00: maj 3 min 1 rcv 4
09-01 09:34:21.151 D/EGL_adreno( 1282): eglMakeCurrent: 0x7fffcb827e00: ver 3 1 (tinfo 0x7fffccfa5f40)
09-01 09:34:21.172 E/EGL_adreno( 1282): tid 1997: eglSurfaceAttrib(1338): error 0x3009 (EGL_BAD_MATCH)
09-01 09:34:21.173 W/OpenGLRenderer( 1282): Failed to set EGL_SWAP_BEHAVIOR on surface 0x7fffcd0803c0, error=EGL_BAD_MATCH
09-01 09:34:21.180 D/EGL_adreno( 1282): eglMakeCurrent: 0x7fffcb827e00: ver 3 1 (tinfo 0x7fffccfa5f40)
09-01 09:34:21.507 W/ActivityManager( 1282): Activity pause timeout for ActivityRecord{f0df59d u0 org.tasks/.voice.VoiceCommandActivity t3 f}
09-01 09:34:21.563 W/ContextImpl( 1676): Calling a method in the system process without a qualified user: android.app.ContextImpl.startService:1358 android.content.ContextWrapper.startService:613 android.content.ContextWrapper.startService:613 com.android.coreservice.CoreBroadcastReceiver.onReceive:44 android.app.ActivityThread.handleReceiver:3073 
09-01 09:34:23.256 D/audio_hw_hal( 1088): log_func, out_standby
09-01 09:34:23.256 D/audio_hw_hal( 1088): raw_close_output_stream, dev=0xf6e480c0, stream =0xf6e43140
09-01 09:34:23.256 D/audio_hw_hal( 1088): raw_close_output_stream, stream=0xf6e43140,  success!
09-01 09:34:23.657 D/EGL_adreno( 1948): eglMakeCurrent: 0x7fffeb43c820: ver 3 1 (tinfo 0x7fffeb40d4a0)
09-01 09:34:23.668 W/WindowManager( 1282): Attempted to remove non-existing token: android.os.Binder@7e6a708
09-01 09:34:23.765 E/EGL_adreno( 1948): tid 1965: eglSurfaceAttrib(1338): error 0x3009 (EGL_BAD_MATCH)
09-01 09:34:23.765 W/OpenGLRenderer( 1948): Failed to set EGL_SWAP_BEHAVIOR on surface 0x7fffd4f64980, error=EGL_BAD_MATCH
09-01 09:34:23.770 D/EGL_adreno( 1948): eglMakeCurrent: 0x7fffeb43c820: ver 3 1 (tinfo 0x7fffeb40d4a0)
09-01 09:34:27.175 D/EGL_adreno( 1948): eglMakeCurrent: 0x7fffeb43c820: ver 3 1 (tinfo 0x7fffeb40d4a0)
09-01 09:34:27.184 W/WindowManager( 1282): Attempted to remove non-existing token: android.os.Binder@c49bea1
09-01 09:34:27.291 E/EGL_adreno( 1948): tid 1965: eglSurfaceAttrib(1338): error 0x3009 (EGL_BAD_MATCH)
09-01 09:34:27.291 W/OpenGLRenderer( 1948): Failed to set EGL_SWAP_BEHAVIOR on surface 0x7fffd4f64980, error=EGL_BAD_MATCH
09-01 09:34:27.293 D/EGL_adreno( 1948): eglMakeCurrent: 0x7fffeb43c820: ver 3 1 (tinfo 0x7fffeb40d4a0)
09-01 09:34:30.184 W/ActivityManager( 1282): Launch timeout has expired, giving up wake lock!
09-01 09:34:30.688 D/EGL_adreno( 1948): eglMakeCurrent: 0x7fffeb43c820: ver 3 1 (tinfo 0x7fffeb40d4a0)
09-01 09:34:30.702 W/WindowManager( 1282): Attempted to remove non-existing token: android.os.Binder@50168c6
09-01 09:34:30.823 E/EGL_adreno( 1948): tid 1965: eglSurfaceAttrib(1338): error 0x3009 (EGL_BAD_MATCH)
09-01 09:34:30.823 W/OpenGLRenderer( 1948): Failed to set EGL_SWAP_BEHAVIOR on surface 0x7fffd4f64980, error=EGL_BAD_MATCH
09-01 09:34:30.827 D/EGL_adreno( 1948): eglMakeCurrent: 0x7fffeb43c820: ver 3 1 (tinfo 0x7fffeb40d4a0)
09-01 09:34:34.209 D/EGL_adreno( 1948): eglMakeCurrent: 0x7fffeb43c820: ver 3 1 (tinfo 0x7fffeb40d4a0)
09-01 09:34:34.217 W/WindowManager( 1282): Attempted to remove non-existing token: android.os.Binder@eaa2087
09-01 09:34:34.322 E/EGL_adreno( 1948): tid 1965: eglSurfaceAttrib(1338): error 0x3009 (EGL_BAD_MATCH)
09-01 09:34:34.322 W/OpenGLRenderer( 1948): Failed to set EGL_SWAP_BEHAVIOR on surface 0x7fffd4f64980, error=EGL_BAD_MATCH
09-01 09:34:34.324 D/EGL_adreno( 1948): eglMakeCurrent: 0x7fffeb43c820: ver 3 1 (tinfo 0x7fffeb40d4a0)
09-01 09:34:37.725 D/EGL_adreno( 1948): eglMakeCurrent: 0x7fffeb43c820: ver 3 1 (tinfo 0x7fffeb40d4a0)
09-01 09:34:37.735 W/WindowManager( 1282): Attempted to remove non-existing token: android.os.Binder@afe3e23
09-01 09:34:37.828 E/EGL_adreno( 1948): tid 1965: eglSurfaceAttrib(1338): error 0x3009 (EGL_BAD_MATCH)
09-01 09:34:37.829 W/OpenGLRenderer( 1948): Failed to set EGL_SWAP_BEHAVIOR on surface 0x7fffd4f64980, error=EGL_BAD_MATCH
09-01 09:34:37.836 D/EGL_adreno( 1948): eglMakeCurrent: 0x7fffeb43c820: ver 3 1 (tinfo 0x7fffeb40d4a0)
09-01 09:34:41.244 D/EGL_adreno( 1948): eglMakeCurrent: 0x7fffeb43c820: ver 3 1 (tinfo 0x7fffeb40d4a0)
09-01 09:34:41.252 W/WindowManager( 1282): Attempted to remove non-existing token: android.os.Binder@7414f20
09-01 09:34:41.346 E/EGL_adreno( 1948): tid 1965: eglSurfaceAttrib(1338): error 0x3009 (EGL_BAD_MATCH)
09-01 09:34:41.346 W/OpenGLRenderer( 1948): Failed to set EGL_SWAP_BEHAVIOR on surface 0x7fffd4f64980, error=EGL_BAD_MATCH
09-01 09:34:41.353 D/EGL_adreno( 1948): eglMakeCurrent: 0x7fffeb43c820: ver 3 1 (tinfo 0x7fffeb40d4a0)
09-01 09:34:44.758 D/EGL_adreno( 1948): eglMakeCurrent: 0x7fffeb43c820: ver 3 1 (tinfo 0x7fffeb40d4a0)
09-01 09:34:44.767 W/WindowManager( 1282): Attempted to remove non-existing token: android.os.Binder@faaa0d9
09-01 09:34:44.875 E/EGL_adreno( 1948): tid 1965: eglSurfaceAttrib(1338): error 0x3009 (EGL_BAD_MATCH)
09-01 09:34:44.875 W/OpenGLRenderer( 1948): Failed to set EGL_SWAP_BEHAVIOR on surface 0x7fffd4f64980, error=EGL_BAD_MATCH
09-01 09:34:44.886 D/EGL_adreno( 1948): eglMakeCurrent: 0x7fffeb43c820: ver 3 1 (tinfo 0x7fffeb40d4a0)
09-01 09:34:48.274 D/EGL_adreno( 1948): eglMakeCurrent: 0x7fffeb43c820: ver 3 1 (tinfo 0x7fffeb40d4a0)
09-01 09:34:48.284 W/WindowManager( 1282): Attempted to remove non-existing token: android.os.Binder@ec997f
09-01 09:34:48.397 E/EGL_adreno( 1948): tid 1965: eglSurfaceAttrib(1338): error 0x3009 (EGL_BAD_MATCH)
09-01 09:34:48.397 W/OpenGLRenderer( 1948): Failed to set EGL_SWAP_BEHAVIOR on surface 0x7fffd4f64980, error=EGL_BAD_MATCH
09-01 09:34:48.402 D/EGL_adreno( 1948): eglMakeCurrent: 0x7fffeb43c820: ver 3 1 (tinfo 0x7fffeb40d4a0)
09-01 09:34:51.791 D/EGL_adreno( 1948): eglMakeCurrent: 0x7fffeb43c820: ver 3 1 (tinfo 0x7fffeb40d4a0)
09-01 09:34:51.801 W/WindowManager( 1282): Attempted to remove non-existing token: android.os.Binder@55b8f76
09-01 09:34:51.909 E/EGL_adreno( 1948): tid 1965: eglSurfaceAttrib(1338): error 0x3009 (EGL_BAD_MATCH)
09-01 09:34:51.909 W/OpenGLRenderer( 1948): Failed to set EGL_SWAP_BEHAVIOR on surface 0x7fffd4f64980, error=EGL_BAD_MATCH
09-01 09:34:51.911 D/EGL_adreno( 1948): eglMakeCurrent: 0x7fffeb43c820: ver 3 1 (tinfo 0x7fffeb40d4a0)
09-01 09:34:55.309 D/EGL_adreno( 1948): eglMakeCurrent: 0x7fffeb43c820: ver 3 1 (tinfo 0x7fffeb40d4a0)
09-01 09:34:55.318 W/WindowManager( 1282): Attempted to remove non-existing token: android.os.Binder@2c1174e
09-01 09:34:55.426 E/EGL_adreno( 1948): tid 1965: eglSurfaceAttrib(1338): error 0x3009 (EGL_BAD_MATCH)
09-01 09:34:55.427 W/OpenGLRenderer( 1948): Failed to set EGL_SWAP_BEHAVIOR on surface 0x7fffd4f64980, error=EGL_BAD_MATCH
09-01 09:34:55.430 D/EGL_adreno( 1948): eglMakeCurrent: 0x7fffeb43c820: ver 3 1 (tinfo 0x7fffeb40d4a0)
09-01 09:34:58.822 D/EGL_adreno( 1948): eglMakeCurrent: 0x7fffeb43c820: ver 3 1 (tinfo 0x7fffeb40d4a0)
09-01 09:34:58.842 W/WindowManager( 1282): Attempted to remove non-existing token: android.os.Binder@f9b5a5a
09-01 09:34:58.958 E/EGL_adreno( 1948): tid 1965: eglSurfaceAttrib(1338): error 0x3009 (EGL_BAD_MATCH)
09-01 09:34:58.958 W/OpenGLRenderer( 1948): Failed to set EGL_SWAP_BEHAVIOR on surface 0x7fffd4f64980, error=EGL_BAD_MATCH
09-01 09:34:58.960 D/EGL_adreno( 1948): eglMakeCurrent: 0x7fffeb43c820: ver 3 1 (tinfo 0x7fffeb40d4a0)
09-01 09:35:02.347 D/EGL_adreno( 1948): eglMakeCurrent: 0x7fffeb43c820: ver 3 1 (tinfo 0x7fffeb40d4a0)
09-01 09:35:02.351 W/WindowManager( 1282): Attempted to remove non-existing token: android.os.Binder@ba4c226
09-01 09:35:02.446 E/EGL_adreno( 1948): tid 1965: eglSurfaceAttrib(1338): error 0x3009 (EGL_BAD_MATCH)
09-01 09:35:02.446 W/OpenGLRenderer( 1948): Failed to set EGL_SWAP_BEHAVIOR on surface 0x7fffd4f64980, error=EGL_BAD_MATCH
09-01 09:35:02.452 D/EGL_adreno( 1948): eglMakeCurrent: 0x7fffeb43c820: ver 3 1 (tinfo 0x7fffeb40d4a0)
09-01 09:35:05.857 D/EGL_adreno( 1948): eglMakeCurrent: 0x7fffeb43c820: ver 3 1 (tinfo 0x7fffeb40d4a0)
09-01 09:35:05.868 W/WindowManager( 1282): Attempted to remove non-existing token: android.os.Binder@7b26e67
09-01 09:35:05.962 E/EGL_adreno( 1948): tid 1965: eglSurfaceAttrib(1338): error 0x3009 (EGL_BAD_MATCH)
09-01 09:35:05.962 W/OpenGLRenderer( 1948): Failed to set EGL_SWAP_BEHAVIOR on surface 0x7fffd4f64980, error=EGL_BAD_MATCH
09-01 09:35:05.968 D/EGL_adreno( 1948): eglMakeCurrent: 0x7fffeb43c820: ver 3 1 (tinfo 0x7fffeb40d4a0)
09-01 09:35:09.376 D/EGL_adreno( 1948): eglMakeCurrent: 0x7fffeb43c820: ver 3 1 (tinfo 0x7fffeb40d4a0)
09-01 09:35:09.385 W/WindowManager( 1282): Attempted to remove non-existing token: android.os.Binder@f469414
09-01 09:35:09.479 E/EGL_adreno( 1948): tid 1965: eglSurfaceAttrib(1338): error 0x3009 (EGL_BAD_MATCH)
09-01 09:35:09.479 W/OpenGLRenderer( 1948): Failed to set EGL_SWAP_BEHAVIOR on surface 0x7fffd4f64980, error=EGL_BAD_MATCH
09-01 09:35:09.487 D/EGL_adreno( 1948): eglMakeCurrent: 0x7fffeb43c820: ver 3 1 (tinfo 0x7fffeb40d4a0)
09-01 09:35:12.890 D/EGL_adreno( 1948): eglMakeCurrent: 0x7fffeb43c820: ver 3 1 (tinfo 0x7fffeb40d4a0)
09-01 09:35:12.901 W/WindowManager( 1282): Attempted to remove non-existing token: android.os.Binder@da354bd
09-01 09:35:12.997 E/EGL_adreno( 1948): tid 1965: eglSurfaceAttrib(1338): error 0x3009 (EGL_BAD_MATCH)
09-01 09:35:12.997 W/OpenGLRenderer( 1948): Failed to set EGL_SWAP_BEHAVIOR on surface 0x7fffd4f64980, error=EGL_BAD_MATCH
09-01 09:35:13.003 D/EGL_adreno( 1948): eglMakeCurrent: 0x7fffeb43c820: ver 3 1 (tinfo 0x7fffeb40d4a0)
09-01 09:35:16.415 D/EGL_adreno( 1948): eglMakeCurrent: 0x7fffeb43c820: ver 3 1 (tinfo 0x7fffeb40d4a0)
09-01 09:35:16.419 W/WindowManager( 1282): Attempted to remove non-existing token: android.os.Binder@98adab2
09-01 09:35:16.545 E/EGL_adreno( 1948): tid 1965: eglSurfaceAttrib(1338): error 0x3009 (EGL_BAD_MATCH)
09-01 09:35:16.545 W/OpenGLRenderer( 1948): Failed to set EGL_SWAP_BEHAVIOR on surface 0x7fffd4f64980, error=EGL_BAD_MATCH
09-01 09:35:16.555 D/EGL_adreno( 1948): eglMakeCurrent: 0x7fffeb43c820: ver 3 1 (tinfo 0x7fffeb40d4a0)
09-01 09:35:19.927 D/EGL_adreno( 1948): eglMakeCurrent: 0x7fffeb43c820: ver 3 1 (tinfo 0x7fffeb40d4a0)
09-01 09:35:19.935 W/WindowManager( 1282): Attempted to remove non-existing token: android.os.Binder@747effe
09-01 09:35:20.030 E/EGL_adreno( 1948): tid 1965: eglSurfaceAttrib(1338): error 0x3009 (EGL_BAD_MATCH)
09-01 09:35:20.031 W/OpenGLRenderer( 1948): Failed to set EGL_SWAP_BEHAVIOR on surface 0x7fffd4f64980, error=EGL_BAD_MATCH
09-01 09:35:20.039 D/EGL_adreno( 1948): eglMakeCurrent: 0x7fffeb43c820: ver 3 1 (tinfo 0x7fffeb40d4a0)
09-01 09:35:23.442 D/EGL_adreno( 1948): eglMakeCurrent: 0x7fffeb43c820: ver 3 1 (tinfo 0x7fffeb40d4a0)
