08-31 14:11:37.391 W/System.err( 2305): 	at com.android.internal.os.ZygoteInit$MethodAndArgsCaller.run(ZygoteInit.java:892)
08-31 14:11:37.391 W/System.err( 2305): 	at com.android.internal.os.ZygoteInit.main(ZygoteInit.java:782)
08-31 14:11:37.409 I/ActivityManager( 1283): START u0 {cmp=org.liberty.android.fantastischmemo/.downloader.FEDirectory (has extras)} from uid 10064 on display 0
08-31 14:11:37.409 W/ActivityManager( 1283): Permission Denial: starting Intent { cmp=org.liberty.android.fantastischmemo/.downloader.FEDirectory (has extras) } from ProcessRecord{6d7369d 2305:com.android.intentfuzzer/u0a64} (pid=2305, uid=10064) not exported from uid 10058
08-31 14:11:37.410 W/System.err( 2305): java.lang.Exception: Toast callstack! strTip=Send Intent Failed!
08-31 14:11:37.411 W/System.err( 2305): 	at android.widget.Toast.show(Toast.java:130)
08-31 14:11:37.411 W/System.err( 2305): 	at com.android.intentfuzzer.FuzzerActivity$4.onClick(FuzzerActivity.java:186)
08-31 14:11:37.411 W/System.err( 2305): 	at android.view.View.performClick(View.java:5637)
08-31 14:11:37.411 W/System.err( 2305): 	at android.view.View$PerformClick.run(View.java:22429)
08-31 14:11:37.411 W/System.err( 2305): 	at android.os.Handler.handleCallback(Handler.java:751)
08-31 14:11:37.411 W/System.err( 2305): 	at android.os.Handler.dispatchMessage(Handler.java:95)
08-31 14:11:37.411 W/System.err( 2305): 	at android.os.Looper.loop(Looper.java:154)
08-31 14:11:37.411 W/System.err( 2305): 	at android.app.ActivityThread.main(ActivityThread.java:6190)
08-31 14:11:37.411 W/System.err( 2305): 	at java.lang.reflect.Method.invoke(Native Method)
08-31 14:11:37.411 W/System.err( 2305): 	at com.android.internal.os.ZygoteInit$MethodAndArgsCaller.run(ZygoteInit.java:892)
08-31 14:11:37.411 W/System.err( 2305): 	at com.android.internal.os.ZygoteInit.main(ZygoteInit.java:782)
08-31 14:11:37.412 I/ActivityManager( 1283): START u0 {cmp=org.liberty.android.fantastischmemo/.downloader.cram.CramPublicUserCardSetActivity (has extras)} from uid 10064 on display 0
08-31 14:11:37.412 W/ActivityManager( 1283): Permission Denial: starting Intent { cmp=org.liberty.android.fantastischmemo/.downloader.cram.CramPublicUserCardSetActivity (has extras) } from ProcessRecord{6d7369d 2305:com.android.intentfuzzer/u0a64} (pid=2305, uid=10064) not exported from uid 10058
08-31 14:11:37.414 W/System.err( 2305): java.lang.Exception: Toast callstack! strTip=Send Intent Failed!
08-31 14:11:37.414 W/System.err( 2305): 	at android.widget.Toast.show(Toast.java:130)
08-31 14:11:37.414 W/System.err( 2305): 	at com.android.intentfuzzer.FuzzerActivity$4.onClick(FuzzerActivity.java:186)
08-31 14:11:37.414 W/System.err( 2305): 	at android.view.View.performClick(View.java:5637)
08-31 14:11:37.414 W/System.err( 2305): 	at android.view.View$PerformClick.run(View.java:22429)
08-31 14:11:37.414 W/System.err( 2305): 	at android.os.Handler.handleCallback(Handler.java:751)
08-31 14:11:37.414 W/System.err( 2305): 	at android.os.Handler.dispatchMessage(Handler.java:95)
08-31 14:11:37.414 W/System.err( 2305): 	at android.os.Looper.loop(Looper.java:154)
08-31 14:11:37.414 W/System.err( 2305): 	at android.app.ActivityThread.main(ActivityThread.java:6190)
08-31 14:11:37.414 W/System.err( 2305): 	at java.lang.reflect.Method.invoke(Native Method)
08-31 14:11:37.414 W/System.err( 2305): 	at com.android.internal.os.ZygoteInit$MethodAndArgsCaller.run(ZygoteInit.java:892)
08-31 14:11:37.414 W/System.err( 2305): 	at com.android.internal.os.ZygoteInit.main(ZygoteInit.java:782)
08-31 14:11:37.416 I/ActivityManager( 1283): START u0 {cmp=org.liberty.android.fantastischmemo/.downloader.cram.CramSearchPublicCardSetActivity (has extras)} from uid 10064 on display 0
08-31 14:11:37.416 W/ActivityManager( 1283): Permission Denial: starting Intent { cmp=org.liberty.android.fantastischmemo/.downloader.cram.CramSearchPublicCardSetActivity (has extras) } from ProcessRecord{6d7369d 2305:com.android.intentfuzzer/u0a64} (pid=2305, uid=10064) not exported from uid 10058
08-31 14:11:37.417 W/System.err( 2305): java.lang.Exception: Toast callstack! strTip=Send Intent Failed!
08-31 14:11:37.417 W/System.err( 2305): 	at android.widget.Toast.show(Toast.java:130)
08-31 14:11:37.417 W/System.err( 2305): 	at com.android.intentfuzzer.FuzzerActivity$4.onClick(FuzzerActivity.java:186)
08-31 14:11:37.417 W/System.err( 2305): 	at android.view.View.performClick(View.java:5637)
08-31 14:11:37.417 W/System.err( 2305): 	at android.view.View$PerformClick.run(View.java:22429)
08-31 14:11:37.417 W/System.err( 2305): 	at android.os.Handler.handleCallback(Handler.java:751)
08-31 14:11:37.418 W/System.err( 2305): 	at android.os.Handler.dispatchMessage(Handler.java:95)
08-31 14:11:37.418 W/System.err( 2305): 	at android.os.Looper.loop(Looper.java:154)
08-31 14:11:37.418 W/System.err( 2305): 	at android.app.ActivityThread.main(ActivityThread.java:6190)
08-31 14:11:37.418 W/System.err( 2305): 	at java.lang.reflect.Method.invoke(Native Method)
08-31 14:11:37.418 W/System.err( 2305): 	at com.android.internal.os.ZygoteInit$MethodAndArgsCaller.run(ZygoteInit.java:892)
08-31 14:11:37.418 W/System.err( 2305): 	at com.android.internal.os.ZygoteInit.main(ZygoteInit.java:782)
08-31 14:11:37.419 I/ActivityManager( 1283): START u0 {cmp=org.liberty.android.fantastischmemo/.downloader.quizlet.QuizletLauncher (has extras)} from uid 10064 on display 0
08-31 14:11:37.419 W/ActivityManager( 1283): Permission Denial: starting Intent { cmp=org.liberty.android.fantastischmemo/.downloader.quizlet.QuizletLauncher (has extras) } from ProcessRecord{6d7369d 2305:com.android.intentfuzzer/u0a64} (pid=2305, uid=10064) not exported from uid 10058
08-31 14:11:37.420 W/System.err( 2305): java.lang.Exception: Toast callstack! strTip=Send Intent Failed!
08-31 14:11:37.421 W/System.err( 2305): 	at android.widget.Toast.show(Toast.java:130)
08-31 14:11:37.421 W/System.err( 2305): 	at com.android.intentfuzzer.FuzzerActivity$4.onClick(FuzzerActivity.java:186)
08-31 14:11:37.421 W/System.err( 2305): 	at android.view.View.performClick(View.java:5637)
08-31 14:11:37.421 W/System.err( 2305): 	at android.view.View$PerformClick.run(View.java:22429)
08-31 14:11:37.421 W/System.err( 2305): 	at android.os.Handler.handleCallback(Handler.java:751)
08-31 14:11:37.421 W/System.err( 2305): 	at android.os.Handler.dispatchMessage(Handler.java:95)
08-31 14:11:37.421 W/System.err( 2305): 	at android.os.Looper.loop(Looper.java:154)
08-31 14:11:37.421 W/System.err( 2305): 	at android.app.ActivityThread.main(ActivityThread.java:6190)
08-31 14:11:37.421 W/System.err( 2305): 	at java.lang.reflect.Method.invoke(Native Method)
08-31 14:11:37.421 W/System.err( 2305): 	at com.android.internal.os.ZygoteInit$MethodAndArgsCaller.run(ZygoteInit.java:892)
08-31 14:11:37.421 W/System.err( 2305): 	at com.android.internal.os.ZygoteInit.main(ZygoteInit.java:782)
08-31 14:11:37.423 I/ActivityManager( 1283): START u0 {cmp=org.liberty.android.fantastischmemo/.downloader.dropbox.DropboxDBListActivity (has extras)} from uid 10064 on display 0
08-31 14:11:37.423 W/ActivityManager( 1283): Permission Denial: starting Intent { cmp=org.liberty.android.fantastischmemo/.downloader.dropbox.DropboxDBListActivity (has extras) } from ProcessRecord{6d7369d 2305:com.android.intentfuzzer/u0a64} (pid=2305, uid=10064) not exported from uid 10058
08-31 14:11:37.424 W/System.err( 2305): java.lang.Exception: Toast callstack! strTip=Send Intent Failed!
08-31 14:11:37.424 W/System.err( 2305): 	at android.widget.Toast.show(Toast.java:130)
08-31 14:11:37.424 W/System.err( 2305): 	at com.android.intentfuzzer.FuzzerActivity$4.onClick(FuzzerActivity.java:186)
08-31 14:11:37.424 W/System.err( 2305): 	at android.view.View.performClick(View.java:5637)
08-31 14:11:37.424 W/System.err( 2305): 	at android.view.View$PerformClick.run(View.java:22429)
08-31 14:11:37.424 W/System.err( 2305): 	at android.os.Handler.handleCallback(Handler.java:751)
08-31 14:11:37.424 W/System.err( 2305): 	at android.os.Handler.dispatchMessage(Handler.java:95)
08-31 14:11:37.424 W/System.err( 2305): 	at android.os.Looper.loop(Looper.java:154)
08-31 14:11:37.424 W/System.err( 2305): 	at android.app.ActivityThread.main(ActivityThread.java:6190)
08-31 14:11:37.424 W/System.err( 2305): 	at java.lang.reflect.Method.invoke(Native Method)
08-31 14:11:37.424 W/System.err( 2305): 	at com.android.internal.os.ZygoteInit$MethodAndArgsCaller.run(ZygoteInit.java:892)
08-31 14:11:37.424 W/System.err( 2305): 	at com.android.internal.os.ZygoteInit.main(ZygoteInit.java:782)
08-31 14:11:37.426 I/ActivityManager( 1283): START u0 {cmp=org.liberty.android.fantastischmemo/.downloader.google.SpreadsheetListScreen (has extras)} from uid 10064 on display 0
08-31 14:11:37.426 W/ActivityManager( 1283): Permission Denial: starting Intent { cmp=org.liberty.android.fantastischmemo/.downloader.google.SpreadsheetListScreen (has extras) } from ProcessRecord{6d7369d 2305:com.android.intentfuzzer/u0a64} (pid=2305, uid=10064) not exported from uid 10058
08-31 14:11:37.427 W/System.err( 2305): java.lang.Exception: Toast callstack! strTip=Send Intent Failed!
08-31 14:11:37.427 W/System.err( 2305): 	at android.widget.Toast.show(Toast.java:130)
08-31 14:11:37.427 W/System.err( 2305): 	at com.android.intentfuzzer.FuzzerActivity$4.onClick(FuzzerActivity.java:186)
08-31 14:11:37.427 W/System.err( 2305): 	at android.view.View.performClick(View.java:5637)
08-31 14:11:37.427 W/System.err( 2305): 	at android.view.View$PerformClick.run(View.java:22429)
08-31 14:11:37.427 W/System.err( 2305): 	at android.os.Handler.handleCallback(Handler.java:751)
08-31 14:11:37.427 W/System.err( 2305): 	at android.os.Handler.dispatchMessage(Handler.java:95)
08-31 14:11:37.428 W/System.err( 2305): 	at android.os.Looper.loop(Looper.java:154)
08-31 14:11:37.428 W/System.err( 2305): 	at android.app.ActivityThread.main(ActivityThread.java:6190)
08-31 14:11:37.428 W/System.err( 2305): 	at java.lang.reflect.Method.invoke(Native Method)
08-31 14:11:37.428 W/System.err( 2305): 	at com.android.internal.os.ZygoteInit$MethodAndArgsCaller.run(ZygoteInit.java:892)
08-31 14:11:37.428 W/System.err( 2305): 	at com.android.internal.os.ZygoteInit.main(ZygoteInit.java:782)
08-31 14:11:37.430 I/ActivityManager( 1283): START u0 {cmp=org.liberty.android.fantastischmemo/.downloader.google.UploadGoogleDriveScreen (has extras)} from uid 10064 on display 0
08-31 14:11:37.430 W/ActivityManager( 1283): Permission Denial: starting Intent { cmp=org.liberty.android.fantastischmemo/.downloader.google.UploadGoogleDriveScreen (has extras) } from ProcessRecord{6d7369d 2305:com.android.intentfuzzer/u0a64} (pid=2305, uid=10064) not exported from uid 10058
08-31 14:11:37.433 W/System.err( 2305): java.lang.Exception: Toast callstack! strTip=Send Intent Failed!
08-31 14:11:37.433 W/System.err( 2305): 	at android.widget.Toast.show(Toast.java:130)
08-31 14:11:37.433 W/System.err( 2305): 	at com.android.intentfuzzer.FuzzerActivity$4.onClick(FuzzerActivity.java:186)
08-31 14:11:37.433 W/System.err( 2305): 	at android.view.View.performClick(View.java:5637)
08-31 14:11:37.433 W/System.err( 2305): 	at android.view.View$PerformClick.run(View.java:22429)
08-31 14:11:37.433 W/System.err( 2305): 	at android.os.Handler.handleCallback(Handler.java:751)
08-31 14:11:37.433 W/System.err( 2305): 	at android.os.Handler.dispatchMessage(Handler.java:95)
08-31 14:11:37.433 W/System.err( 2305): 	at android.os.Looper.loop(Looper.java:154)
08-31 14:11:37.434 W/System.err( 2305): 	at android.app.ActivityThread.main(ActivityThread.java:6190)
08-31 14:11:37.434 W/System.err( 2305): 	at java.lang.reflect.Method.invoke(Native Method)
08-31 14:11:37.434 W/System.err( 2305): 	at com.android.internal.os.ZygoteInit$MethodAndArgsCaller.run(ZygoteInit.java:892)
08-31 14:11:37.434 W/System.err( 2305): 	at com.android.internal.os.ZygoteInit.main(ZygoteInit.java:782)
08-31 14:11:37.436 I/ActivityManager( 1283): START u0 {cmp=org.liberty.android.fantastischmemo/.downloader.dropbox.UploadDropboxScreen (has extras)} from uid 10064 on display 0
08-31 14:11:37.436 W/ActivityManager( 1283): Permission Denial: starting Intent { cmp=org.liberty.android.fantastischmemo/.downloader.dropbox.UploadDropboxScreen (has extras) } from ProcessRecord{6d7369d 2305:com.android.intentfuzzer/u0a64} (pid=2305, uid=10064) not exported from uid 10058
08-31 14:11:37.437 W/System.err( 2305): java.lang.Exception: Toast callstack! strTip=Send Intent Failed!
08-31 14:11:37.438 W/System.err( 2305): 	at android.widget.Toast.show(Toast.java:130)
08-31 14:11:37.438 W/System.err( 2305): 	at com.android.intentfuzzer.FuzzerActivity$4.onClick(FuzzerActivity.java:186)
08-31 14:11:37.438 W/System.err( 2305): 	at android.view.View.performClick(View.java:5637)
08-31 14:11:37.438 W/System.err( 2305): 	at android.view.View$PerformClick.run(View.java:22429)
08-31 14:11:37.438 W/System.err( 2305): 	at android.os.Handler.handleCallback(Handler.java:751)
08-31 14:11:37.438 W/System.err( 2305): 	at android.os.Handler.dispatchMessage(Handler.java:95)
08-31 14:11:37.438 W/System.err( 2305): 	at android.os.Looper.loop(Looper.java:154)
08-31 14:11:37.438 W/System.err( 2305): 	at android.app.ActivityThread.main(ActivityThread.java:6190)
08-31 14:11:37.438 W/System.err( 2305): 	at java.lang.reflect.Method.invoke(Native Method)
08-31 14:11:37.438 W/System.err( 2305): 	at com.android.internal.os.ZygoteInit$MethodAndArgsCaller.run(ZygoteInit.java:892)
08-31 14:11:37.438 W/System.err( 2305): 	at com.android.internal.os.ZygoteInit.main(ZygoteInit.java:782)
08-31 14:11:37.439 I/ActivityManager( 1283): START u0 {cmp=org.liberty.android.fantastischmemo/.downloader.quizlet.QuizletUserPrivateActivity (has extras)} from uid 10064 on display 0
08-31 14:11:37.439 W/ActivityManager( 1283): Permission Denial: starting Intent { cmp=org.liberty.android.fantastischmemo/.downloader.quizlet.QuizletUserPrivateActivity (has extras) } from ProcessRecord{6d7369d 2305:com.android.intentfuzzer/u0a64} (pid=2305, uid=10064) not exported from uid 10058
08-31 14:11:37.440 W/System.err( 2305): java.lang.Exception: Toast callstack! strTip=Send Intent Failed!
08-31 14:11:37.441 W/System.err( 2305): 	at android.widget.Toast.show(Toast.java:130)
08-31 14:11:37.441 W/System.err( 2305): 	at com.android.intentfuzzer.FuzzerActivity$4.onClick(FuzzerActivity.java:186)
08-31 14:11:37.441 W/System.err( 2305): 	at android.view.View.performClick(View.java:5637)
08-31 14:11:37.441 W/System.err( 2305): 	at android.view.View$PerformClick.run(View.java:22429)
08-31 14:11:37.441 W/System.err( 2305): 	at android.os.Handler.handleCallback(Handler.java:751)
08-31 14:11:37.441 W/System.err( 2305): 	at android.os.Handler.dispatchMessage(Handler.java:95)
08-31 14:11:37.441 W/System.err( 2305): 	at android.os.Looper.loop(Looper.java:154)
08-31 14:11:37.441 W/System.err( 2305): 	at android.app.ActivityThread.main(ActivityThread.java:6190)
08-31 14:11:37.441 W/System.err( 2305): 	at java.lang.reflect.Method.invoke(Native Method)
08-31 14:11:37.441 W/System.err( 2305): 	at com.android.internal.os.ZygoteInit$MethodAndArgsCaller.run(ZygoteInit.java:892)
08-31 14:11:37.441 W/System.err( 2305): 	at com.android.internal.os.ZygoteInit.main(ZygoteInit.java:782)
08-31 14:11:37.443 I/ActivityManager( 1283): START u0 {cmp=org.liberty.android.fantastischmemo/.downloader.quizlet.QuizletUploadActivity (has extras)} from uid 10064 on display 0
08-31 14:11:37.443 W/ActivityManager( 1283): Permission Denial: starting Intent { cmp=org.liberty.android.fantastischmemo/.downloader.quizlet.QuizletUploadActivity (has extras) } from ProcessRecord{6d7369d 2305:com.android.intentfuzzer/u0a64} (pid=2305, uid=10064) not exported from uid 10058
08-31 14:11:37.444 W/System.err( 2305): java.lang.Exception: Toast callstack! strTip=Send Intent Failed!
08-31 14:11:37.444 W/System.err( 2305): 	at android.widget.Toast.show(Toast.java:130)
08-31 14:11:37.444 W/System.err( 2305): 	at com.android.intentfuzzer.FuzzerActivity$4.onClick(FuzzerActivity.java:186)
08-31 14:11:37.444 W/System.err( 2305): 	at android.view.View.performClick(View.java:5637)
08-31 14:11:37.444 W/System.err( 2305): 	at android.view.View$PerformClick.run(View.java:22429)
08-31 14:11:37.444 W/System.err( 2305): 	at android.os.Handler.handleCallback(Handler.java:751)
08-31 14:11:37.444 W/System.err( 2305): 	at android.os.Handler.dispatchMessage(Handler.java:95)
08-31 14:11:37.444 W/System.err( 2305): 	at android.os.Looper.loop(Looper.java:154)
08-31 14:11:37.444 W/System.err( 2305): 	at android.app.ActivityThread.main(ActivityThread.java:6190)
08-31 14:11:37.444 W/System.err( 2305): 	at java.lang.reflect.Method.invoke(Native Method)
08-31 14:11:37.444 W/System.err( 2305): 	at com.android.internal.os.ZygoteInit$MethodAndArgsCaller.run(ZygoteInit.java:892)
08-31 14:11:37.444 W/System.err( 2305): 	at com.android.internal.os.ZygoteInit.main(ZygoteInit.java:782)
08-31 14:11:37.454 I/ActivityManager( 1283): START u0 {cmp=org.liberty.android.fantastischmemo/.downloader.quizlet.QuizletSearchByTitleActivity (has extras)} from uid 10064 on display 0
08-31 14:11:37.454 W/ActivityManager( 1283): Permission Denial: starting Intent { cmp=org.liberty.android.fantastischmemo/.downloader.quizlet.QuizletSearchByTitleActivity (has extras) } from ProcessRecord{6d7369d 2305:com.android.intentfuzzer/u0a64} (pid=2305, uid=10064) not exported from uid 10058
08-31 14:11:37.455 W/System.err( 2305): java.lang.Exception: Toast callstack! strTip=Send Intent Failed!
08-31 14:11:37.455 W/System.err( 2305): 	at android.widget.Toast.show(Toast.java:130)
08-31 14:11:37.455 W/System.err( 2305): 	at com.android.intentfuzzer.FuzzerActivity$4.onClick(FuzzerActivity.java:186)
08-31 14:11:37.455 W/System.err( 2305): 	at android.view.View.performClick(View.java:5637)
08-31 14:11:37.455 W/System.err( 2305): 	at android.view.View$PerformClick.run(View.java:22429)
08-31 14:11:37.455 W/System.err( 2305): 	at android.os.Handler.handleCallback(Handler.java:751)
08-31 14:11:37.455 W/System.err( 2305): 	at android.os.Handler.dispatchMessage(Handler.java:95)
08-31 14:11:37.455 W/System.err( 2305): 	at android.os.Looper.loop(Looper.java:154)
08-31 14:11:37.455 W/System.err( 2305): 	at android.app.ActivityThread.main(ActivityThread.java:6190)
08-31 14:11:37.455 W/System.err( 2305): 	at java.lang.reflect.Method.invoke(Native Method)
08-31 14:11:37.455 W/System.err( 2305): 	at com.android.internal.os.ZygoteInit$MethodAndArgsCaller.run(ZygoteInit.java:892)
08-31 14:11:37.455 W/System.err( 2305): 	at com.android.internal.os.ZygoteInit.main(ZygoteInit.java:782)
08-31 14:11:37.456 I/ActivityManager( 1283): START u0 {cmp=org.liberty.android.fantastischmemo/.downloader.quizlet.QuizletSearchByUsernameActivity (has extras)} from uid 10064 on display 0
08-31 14:11:37.456 W/ActivityManager( 1283): Permission Denial: starting Intent { cmp=org.liberty.android.fantastischmemo/.downloader.quizlet.QuizletSearchByUsernameActivity (has extras) } from ProcessRecord{6d7369d 2305:com.android.intentfuzzer/u0a64} (pid=2305, uid=10064) not exported from uid 10058
08-31 14:11:37.457 W/System.err( 2305): java.lang.Exception: Toast callstack! strTip=Send Intent Failed!
08-31 14:11:37.457 W/System.err( 2305): 	at android.widget.Toast.show(Toast.java:130)
08-31 14:11:37.457 W/System.err( 2305): 	at com.android.intentfuzzer.FuzzerActivity$4.onClick(FuzzerActivity.java:186)
08-31 14:11:37.457 W/System.err( 2305): 	at android.view.View.performClick(View.java:5637)
08-31 14:11:37.457 W/System.err( 2305): 	at android.view.View$PerformClick.run(View.java:22429)
08-31 14:11:37.457 W/System.err( 2305): 	at android.os.Handler.handleCallback(Handler.java:751)
08-31 14:11:37.457 W/System.err( 2305): 	at android.os.Handler.dispatchMessage(Handler.java:95)
08-31 14:11:37.457 W/System.err( 2305): 	at android.os.Looper.loop(Looper.java:154)
08-31 14:11:37.457 W/System.err( 2305): 	at android.app.ActivityThread.main(ActivityThread.java:6190)
08-31 14:11:37.457 W/System.err( 2305): 	at java.lang.reflect.Method.invoke(Native Method)
08-31 14:11:37.457 W/System.err( 2305): 	at com.android.internal.os.ZygoteInit$MethodAndArgsCaller.run(ZygoteInit.java:892)
08-31 14:11:37.457 W/System.err( 2305): 	at com.android.internal.os.ZygoteInit.main(ZygoteInit.java:782)
08-31 14:11:37.459 I/ActivityManager( 1283): START u0 {cmp=org.liberty.android.fantastischmemo/.ui.CardEditor (has extras)} from uid 10064 on display 0
08-31 14:11:37.459 W/ActivityManager( 1283): Permission Denial: starting Intent { cmp=org.liberty.android.fantastischmemo/.ui.CardEditor (has extras) } from ProcessRecord{6d7369d 2305:com.android.intentfuzzer/u0a64} (pid=2305, uid=10064) not exported from uid 10058
08-31 14:11:37.460 W/System.err( 2305): java.lang.Exception: Toast callstack! strTip=Send Intent Failed!
08-31 14:11:37.460 W/System.err( 2305): 	at android.widget.Toast.show(Toast.java:130)
08-31 14:11:37.460 W/System.err( 2305): 	at com.android.intentfuzzer.FuzzerActivity$4.onClick(FuzzerActivity.java:186)
08-31 14:11:37.460 W/System.err( 2305): 	at android.view.View.performClick(View.java:5637)
08-31 14:11:37.460 W/System.err( 2305): 	at android.view.View$PerformClick.run(View.java:22429)
08-31 14:11:37.460 W/System.err( 2305): 	at android.os.Handler.handleCallback(Handler.java:751)
08-31 14:11:37.460 W/System.err( 2305): 	at android.os.Handler.dispatchMessage(Handler.java:95)
08-31 14:11:37.460 W/System.err( 2305): 	at android.os.Looper.loop(Looper.java:154)
08-31 14:11:37.460 W/System.err( 2305): 	at android.app.ActivityThread.main(ActivityThread.java:6190)
08-31 14:11:37.460 W/System.err( 2305): 	at java.lang.reflect.Method.invoke(Native Method)
08-31 14:11:37.460 W/System.err( 2305): 	at com.android.internal.os.ZygoteInit$MethodAndArgsCaller.run(ZygoteInit.java:892)
08-31 14:11:37.460 W/System.err( 2305): 	at com.android.internal.os.ZygoteInit.main(ZygoteInit.java:782)
08-31 14:11:37.462 I/ActivityManager( 1283): START u0 {cmp=org.liberty.android.fantastischmemo/.ui.DetailScreen (has extras)} from uid 10064 on display 0
08-31 14:11:37.462 W/ActivityManager( 1283): Permission Denial: starting Intent { cmp=org.liberty.android.fantastischmemo/.ui.DetailScreen (has extras) } from ProcessRecord{6d7369d 2305:com.android.intentfuzzer/u0a64} (pid=2305, uid=10064) not exported from uid 10058
08-31 14:11:37.463 W/System.err( 2305): java.lang.Exception: Toast callstack! strTip=Send Intent Failed!
08-31 14:11:37.463 W/System.err( 2305): 	at android.widget.Toast.show(Toast.java:130)
08-31 14:11:37.463 W/System.err( 2305): 	at com.android.intentfuzzer.FuzzerActivity$4.onClick(FuzzerActivity.java:186)
08-31 14:11:37.463 W/System.err( 2305): 	at android.view.View.performClick(View.java:5637)
08-31 14:11:37.463 W/System.err( 2305): 	at android.view.View$PerformClick.run(View.java:22429)
08-31 14:11:37.463 W/System.err( 2305): 	at android.os.Handler.handleCallback(Handler.java:751)
08-31 14:11:37.463 W/System.err( 2305): 	at android.os.Handler.dispatchMessage(Handler.java:95)
08-31 14:11:37.463 W/System.err( 2305): 	at android.os.Looper.loop(Looper.java:154)
08-31 14:11:37.463 W/System.err( 2305): 	at android.app.ActivityThread.main(ActivityThread.java:6190)
08-31 14:11:37.463 W/System.err( 2305): 	at java.lang.reflect.Method.invoke(Native Method)
08-31 14:11:37.463 W/System.err( 2305): 	at com.android.internal.os.ZygoteInit$MethodAndArgsCaller.run(ZygoteInit.java:892)
08-31 14:11:37.463 W/System.err( 2305): 	at com.android.internal.os.ZygoteInit.main(ZygoteInit.java:782)
08-31 14:11:37.465 I/ActivityManager( 1283): START u0 {cmp=org.liberty.android.fantastischmemo/.ui.SettingsScreen (has extras)} from uid 10064 on display 0
08-31 14:11:37.465 W/ActivityManager( 1283): Permission Denial: starting Intent { cmp=org.liberty.android.fantastischmemo/.ui.SettingsScreen (has extras) } from ProcessRecord{6d7369d 2305:com.android.intentfuzzer/u0a64} (pid=2305, uid=10064) not exported from uid 10058
08-31 14:11:37.467 W/System.err( 2305): java.lang.Exception: Toast callstack! strTip=Send Intent Failed!
08-31 14:11:37.467 W/System.err( 2305): 	at android.widget.Toast.show(Toast.java:130)
08-31 14:11:37.467 W/System.err( 2305): 	at com.android.intentfuzzer.FuzzerActivity$4.onClick(FuzzerActivity.java:186)
08-31 14:11:37.467 W/System.err( 2305): 	at android.view.View.performClick(View.java:5637)
08-31 14:11:37.467 W/System.err( 2305): 	at android.view.View$PerformClick.run(View.java:22429)
08-31 14:11:37.467 W/System.err( 2305): 	at android.os.Handler.handleCallback(Handler.java:751)
08-31 14:11:37.467 W/System.err( 2305): 	at android.os.Handler.dispatchMessage(Handler.java:95)
08-31 14:11:37.467 W/System.err( 2305): 	at android.os.Looper.loop(Looper.java:154)
08-31 14:11:37.467 W/System.err( 2305): 	at android.app.ActivityThread.main(ActivityThread.java:6190)
08-31 14:11:37.467 W/System.err( 2305): 	at java.lang.reflect.Method.invoke(Native Method)
08-31 14:11:37.467 W/System.err( 2305): 	at com.android.internal.os.ZygoteInit$MethodAndArgsCaller.run(ZygoteInit.java:892)
08-31 14:11:37.467 W/System.err( 2305): 	at com.android.internal.os.ZygoteInit.main(ZygoteInit.java:782)
08-31 14:11:37.468 I/ActivityManager( 1283): START u0 {cmp=org.liberty.android.fantastischmemo/.ui.CardListActivity (has extras)} from uid 10064 on display 0
08-31 14:11:37.468 W/ActivityManager( 1283): Permission Denial: starting Intent { cmp=org.liberty.android.fantastischmemo/.ui.CardListActivity (has extras) } from ProcessRecord{6d7369d 2305:com.android.intentfuzzer/u0a64} (pid=2305, uid=10064) not exported from uid 10058
08-31 14:11:37.470 W/System.err( 2305): java.lang.Exception: Toast callstack! strTip=Send Intent Failed!
08-31 14:11:37.470 W/System.err( 2305): 	at android.widget.Toast.show(Toast.java:130)
08-31 14:11:37.470 W/System.err( 2305): 	at com.android.intentfuzzer.FuzzerActivity$4.onClick(FuzzerActivity.java:186)
08-31 14:11:37.470 W/System.err( 2305): 	at android.view.View.performClick(View.java:5637)
08-31 14:11:37.470 W/System.err( 2305): 	at android.view.View$PerformClick.run(View.java:22429)
08-31 14:11:37.470 W/System.err( 2305): 	at android.os.Handler.handleCallback(Handler.java:751)
08-31 14:11:37.470 W/System.err( 2305): 	at android.os.Handler.dispatchMessage(Handler.java:95)
08-31 14:11:37.470 W/System.err( 2305): 	at android.os.Looper.loop(Looper.java:154)
08-31 14:11:37.470 W/System.err( 2305): 	at android.app.ActivityThread.main(ActivityThread.java:6190)
08-31 14:11:37.470 W/System.err( 2305): 	at java.lang.reflect.Method.invoke(Native Method)
08-31 14:11:37.470 W/System.err( 2305): 	at com.android.internal.os.ZygoteInit$MethodAndArgsCaller.run(ZygoteInit.java:892)
08-31 14:11:37.470 W/System.err( 2305): 	at com.android.internal.os.ZygoteInit.main(ZygoteInit.java:782)
08-31 14:11:37.472 I/ActivityManager( 1283): START u0 {cmp=org.liberty.android.fantastischmemo/.ui.FileBrowserActivity (has extras)} from uid 10064 on display 0
08-31 14:11:37.472 W/ActivityManager( 1283): Permission Denial: starting Intent { cmp=org.liberty.android.fantastischmemo/.ui.FileBrowserActivity (has extras) } from ProcessRecord{6d7369d 2305:com.android.intentfuzzer/u0a64} (pid=2305, uid=10064) not exported from uid 10058
08-31 14:11:37.473 W/System.err( 2305): java.lang.Exception: Toast callstack! strTip=Send Intent Failed!
08-31 14:11:37.473 W/System.err( 2305): 	at android.widget.Toast.show(Toast.java:130)
08-31 14:11:37.473 W/System.err( 2305): 	at com.android.intentfuzzer.FuzzerActivity$4.onClick(FuzzerActivity.java:186)
08-31 14:11:37.473 W/System.err( 2305): 	at android.view.View.performClick(View.java:5637)
08-31 14:11:37.473 W/System.err( 2305): 	at android.view.View$PerformClick.run(View.java:22429)
08-31 14:11:37.473 W/System.err( 2305): 	at android.os.Handler.handleCallback(Handler.java:751)
08-31 14:11:37.473 W/System.err( 2305): 	at android.os.Handler.dispatchMessage(Handler.java:95)
08-31 14:11:37.473 W/System.err( 2305): 	at android.os.Looper.loop(Looper.java:154)
08-31 14:11:37.473 W/System.err( 2305): 	at android.app.ActivityThread.main(ActivityThread.java:6190)
08-31 14:11:37.473 W/System.err( 2305): 	at java.lang.reflect.Method.invoke(Native Method)
08-31 14:11:37.473 W/System.err( 2305): 	at com.android.internal.os.ZygoteInit$MethodAndArgsCaller.run(ZygoteInit.java:892)
08-31 14:11:37.473 W/System.err( 2305): 	at com.android.internal.os.ZygoteInit.main(ZygoteInit.java:782)
08-31 14:11:37.475 I/ActivityManager( 1283): START u0 {cmp=org.liberty.android.fantastischmemo/.ui.OptionScreen (has extras)} from uid 10064 on display 0
08-31 14:11:37.475 W/ActivityManager( 1283): Permission Denial: starting Intent { cmp=org.liberty.android.fantastischmemo/.ui.OptionScreen (has extras) } from ProcessRecord{6d7369d 2305:com.android.intentfuzzer/u0a64} (pid=2305, uid=10064) not exported from uid 10058
08-31 14:11:37.476 W/System.err( 2305): java.lang.Exception: Toast callstack! strTip=Send Intent Failed!
08-31 14:11:37.477 W/System.err( 2305): 	at android.widget.Toast.show(Toast.java:130)
08-31 14:11:37.477 W/System.err( 2305): 	at com.android.intentfuzzer.FuzzerActivity$4.onClick(FuzzerActivity.java:186)
08-31 14:11:37.477 W/System.err( 2305): 	at android.view.View.performClick(View.java:5637)
08-31 14:11:37.477 W/System.err( 2305): 	at android.view.View$PerformClick.run(View.java:22429)
08-31 14:11:37.477 W/System.err( 2305): 	at android.os.Handler.handleCallback(Handler.java:751)
08-31 14:11:37.477 W/System.err( 2305): 	at android.os.Handler.dispatchMessage(Handler.java:95)
08-31 14:11:37.477 W/System.err( 2305): 	at android.os.Looper.loop(Looper.java:154)
08-31 14:11:37.477 W/System.err( 2305): 	at android.app.ActivityThread.main(ActivityThread.java:6190)
08-31 14:11:37.477 W/System.err( 2305): 	at java.lang.reflect.Method.invoke(Native Method)
08-31 14:11:37.477 W/System.err( 2305): 	at com.android.internal.os.ZygoteInit$MethodAndArgsCaller.run(ZygoteInit.java:892)
08-31 14:11:37.477 W/System.err( 2305): 	at com.android.internal.os.ZygoteInit.main(ZygoteInit.java:782)
08-31 14:11:37.478 I/ActivityManager( 1283): START u0 {cmp=org.liberty.android.fantastischmemo/.ui.AlgorithmCustomizationScreen (has extras)} from uid 10064 on display 0
08-31 14:11:37.478 W/ActivityManager( 1283): Permission Denial: starting Intent { cmp=org.liberty.android.fantastischmemo/.ui.AlgorithmCustomizationScreen (has extras) } from ProcessRecord{6d7369d 2305:com.android.intentfuzzer/u0a64} (pid=2305, uid=10064) not exported from uid 10058
08-31 14:11:37.479 W/System.err( 2305): java.lang.Exception: Toast callstack! strTip=Send Intent Failed!
08-31 14:11:37.479 W/System.err( 2305): 	at android.widget.Toast.show(Toast.java:130)
08-31 14:11:37.480 W/System.err( 2305): 	at com.android.intentfuzzer.FuzzerActivity$4.onClick(FuzzerActivity.java:186)
08-31 14:11:37.480 W/System.err( 2305): 	at android.view.View.performClick(View.java:5637)
08-31 14:11:37.480 W/System.err( 2305): 	at android.view.View$PerformClick.run(View.java:22429)
08-31 14:11:37.480 W/System.err( 2305): 	at android.os.Handler.handleCallback(Handler.java:751)
08-31 14:11:37.480 W/System.err( 2305): 	at android.os.Handler.dispatchMessage(Handler.java:95)
08-31 14:11:37.480 W/System.err( 2305): 	at android.os.Looper.loop(Looper.java:154)
08-31 14:11:37.480 W/System.err( 2305): 	at android.app.ActivityThread.main(ActivityThread.java:6190)
08-31 14:11:37.480 W/System.err( 2305): 	at java.lang.reflect.Method.invoke(Native Method)
08-31 14:11:37.480 W/System.err( 2305): 	at com.android.internal.os.ZygoteInit$MethodAndArgsCaller.run(ZygoteInit.java:892)
08-31 14:11:37.480 W/System.err( 2305): 	at com.android.internal.os.ZygoteInit.main(ZygoteInit.java:782)
08-31 14:11:37.481 I/ActivityManager( 1283): START u0 {cmp=org.liberty.android.fantastischmemo/.ui.DatabaseMerger (has extras)} from uid 10064 on display 0
08-31 14:11:37.481 W/ActivityManager( 1283): Permission Denial: starting Intent { cmp=org.liberty.android.fantastischmemo/.ui.DatabaseMerger (has extras) } from ProcessRecord{6d7369d 2305:com.android.intentfuzzer/u0a64} (pid=2305, uid=10064) not exported from uid 10058
08-31 14:11:37.483 W/System.err( 2305): java.lang.Exception: Toast callstack! strTip=Send Intent Failed!
08-31 14:11:37.483 W/System.err( 2305): 	at android.widget.Toast.show(Toast.java:130)
08-31 14:11:37.483 W/System.err( 2305): 	at com.android.intentfuzzer.FuzzerActivity$4.onClick(FuzzerActivity.java:186)
08-31 14:11:37.483 W/System.err( 2305): 	at android.view.View.performClick(View.java:5637)
08-31 14:11:37.483 W/System.err( 2305): 	at android.view.View$PerformClick.run(View.java:22429)
08-31 14:11:37.483 W/System.err( 2305): 	at android.os.Handler.handleCallback(Handler.java:751)
08-31 14:11:37.483 W/System.err( 2305): 	at android.os.Handler.dispatchMessage(Handler.java:95)
08-31 14:11:37.483 W/System.err( 2305): 	at android.os.Looper.loop(Looper.java:154)
08-31 14:11:37.483 W/System.err( 2305): 	at android.app.ActivityThread.main(ActivityThread.java:6190)
08-31 14:11:37.483 W/System.err( 2305): 	at java.lang.reflect.Method.invoke(Native Method)
08-31 14:11:37.483 W/System.err( 2305): 	at com.android.internal.os.ZygoteInit$MethodAndArgsCaller.run(ZygoteInit.java:892)
08-31 14:11:37.483 W/System.err( 2305): 	at com.android.internal.os.ZygoteInit.main(ZygoteInit.java:782)
08-31 14:11:37.485 I/ActivityManager( 1283): START u0 {cmp=org.liberty.android.fantastischmemo/.ui.StatisticsScreen (has extras)} from uid 10064 on display 0
08-31 14:11:37.485 W/ActivityManager( 1283): Permission Denial: starting Intent { cmp=org.liberty.android.fantastischmemo/.ui.StatisticsScreen (has extras) } from ProcessRecord{6d7369d 2305:com.android.intentfuzzer/u0a64} (pid=2305, uid=10064) not exported from uid 10058
08-31 14:11:37.486 W/System.err( 2305): java.lang.Exception: Toast callstack! strTip=Send Intent Failed!
08-31 14:11:37.486 W/System.err( 2305): 	at android.widget.Toast.show(Toast.java:130)
08-31 14:11:37.486 W/System.err( 2305): 	at com.android.intentfuzzer.FuzzerActivity$4.onClick(FuzzerActivity.java:186)
08-31 14:11:37.486 W/System.err( 2305): 	at android.view.View.performClick(View.java:5637)
08-31 14:11:37.486 W/System.err( 2305): 	at android.view.View$PerformClick.run(View.java:22429)
08-31 14:11:37.486 W/System.err( 2305): 	at android.os.Handler.handleCallback(Handler.java:751)
08-31 14:11:37.487 W/System.err( 2305): 	at android.os.Handler.dispatchMessage(Handler.java:95)
08-31 14:11:37.487 W/System.err( 2305): 	at android.os.Looper.loop(Looper.java:154)
08-31 14:11:37.487 W/System.err( 2305): 	at android.app.ActivityThread.main(ActivityThread.java:6190)
08-31 14:11:37.487 W/System.err( 2305): 	at java.lang.reflect.Method.invoke(Native Method)
08-31 14:11:37.487 W/System.err( 2305): 	at com.android.internal.os.ZygoteInit$MethodAndArgsCaller.run(ZygoteInit.java:892)
08-31 14:11:37.487 W/System.err( 2305): 	at com.android.internal.os.ZygoteInit.main(ZygoteInit.java:782)
08-31 14:11:37.488 I/ActivityManager( 1283): START u0 {cmp=org.liberty.android.fantastischmemo/.ui.StudyActivity (has extras)} from uid 10064 on display 0
08-31 14:11:37.488 W/ActivityManager( 1283): Permission Denial: starting Intent { cmp=org.liberty.android.fantastischmemo/.ui.StudyActivity (has extras) } from ProcessRecord{6d7369d 2305:com.android.intentfuzzer/u0a64} (pid=2305, uid=10064) not exported from uid 10058
08-31 14:11:37.489 W/System.err( 2305): java.lang.Exception: Toast callstack! strTip=Send Intent Failed!
08-31 14:11:37.489 W/System.err( 2305): 	at android.widget.Toast.show(Toast.java:130)
08-31 14:11:37.489 W/System.err( 2305): 	at com.android.intentfuzzer.FuzzerActivity$4.onClick(FuzzerActivity.java:186)
08-31 14:11:37.489 W/System.err( 2305): 	at android.view.View.performClick(View.java:5637)
08-31 14:11:37.489 W/System.err( 2305): 	at android.view.View$PerformClick.run(View.java:22429)
08-31 14:11:37.490 W/System.err( 2305): 	at android.os.Handler.handleCallback(Handler.java:751)
08-31 14:11:37.490 W/System.err( 2305): 	at android.os.Handler.dispatchMessage(Handler.java:95)
08-31 14:11:37.490 W/System.err( 2305): 	at android.os.Looper.loop(Looper.java:154)
08-31 14:11:37.490 W/System.err( 2305): 	at android.app.ActivityThread.main(ActivityThread.java:6190)
08-31 14:11:37.490 W/System.err( 2305): 	at java.lang.reflect.Method.invoke(Native Method)
08-31 14:11:37.490 W/System.err( 2305): 	at com.android.internal.os.ZygoteInit$MethodAndArgsCaller.run(ZygoteInit.java:892)
08-31 14:11:37.490 W/System.err( 2305): 	at com.android.internal.os.ZygoteInit.main(ZygoteInit.java:782)
08-31 14:11:37.490 I/ActivityManager( 1283): START u0 {cmp=org.liberty.android.fantastischmemo/.ui.PreviewEditActivity (has extras)} from uid 10064 on display 0
08-31 14:11:37.490 W/ActivityManager( 1283): Permission Denial: starting Intent { cmp=org.liberty.android.fantastischmemo/.ui.PreviewEditActivity (has extras) } from ProcessRecord{6d7369d 2305:com.android.intentfuzzer/u0a64} (pid=2305, uid=10064) not exported from uid 10058
08-31 14:11:37.491 W/System.err( 2305): java.lang.Exception: Toast callstack! strTip=Send Intent Failed!
08-31 14:11:37.491 W/System.err( 2305): 	at android.widget.Toast.show(Toast.java:130)
08-31 14:11:37.491 W/System.err( 2305): 	at com.android.intentfuzzer.FuzzerActivity$4.onClick(FuzzerActivity.java:186)
08-31 14:11:37.491 W/System.err( 2305): 	at android.view.View.performClick(View.java:5637)
08-31 14:11:37.491 W/System.err( 2305): 	at android.view.View$PerformClick.run(View.java:22429)
08-31 14:11:37.491 W/System.err( 2305): 	at android.os.Handler.handleCallback(Handler.java:751)
08-31 14:11:37.491 W/System.err( 2305): 	at android.os.Handler.dispatchMessage(Handler.java:95)
08-31 14:11:37.491 W/System.err( 2305): 	at android.os.Looper.loop(Looper.java:154)
08-31 14:11:37.491 W/System.err( 2305): 	at android.app.ActivityThread.main(ActivityThread.java:6190)
08-31 14:11:37.491 W/System.err( 2305): 	at java.lang.reflect.Method.invoke(Native Method)
08-31 14:11:37.491 W/System.err( 2305): 	at com.android.internal.os.ZygoteInit$MethodAndArgsCaller.run(ZygoteInit.java:892)
08-31 14:11:37.491 W/System.err( 2305): 	at com.android.internal.os.ZygoteInit.main(ZygoteInit.java:782)
08-31 14:11:37.492 I/ActivityManager( 1283): START u0 {cmp=org.liberty.android.fantastischmemo/.ui.QuizActivity (has extras)} from uid 10064 on display 0
08-31 14:11:37.492 W/ActivityManager( 1283): Permission Denial: starting Intent { cmp=org.liberty.android.fantastischmemo/.ui.QuizActivity (has extras) } from ProcessRecord{6d7369d 2305:com.android.intentfuzzer/u0a64} (pid=2305, uid=10064) not exported from uid 10058
08-31 14:11:37.494 W/System.err( 2305): java.lang.Exception: Toast callstack! strTip=Send Intent Failed!
08-31 14:11:37.494 W/System.err( 2305): 	at android.widget.Toast.show(Toast.java:130)
08-31 14:11:37.494 W/System.err( 2305): 	at com.android.intentfuzzer.FuzzerActivity$4.onClick(FuzzerActivity.java:186)
08-31 14:11:37.494 W/System.err( 2305): 	at android.view.View.performClick(View.java:5637)
08-31 14:11:37.494 W/System.err( 2305): 	at android.view.View$PerformClick.run(View.java:22429)
08-31 14:11:37.494 W/System.err( 2305): 	at android.os.Handler.handleCallback(Handler.java:751)
08-31 14:11:37.494 W/System.err( 2305): 	at android.os.Handler.dispatchMessage(Handler.java:95)
08-31 14:11:37.494 W/System.err( 2305): 	at android.os.Looper.loop(Looper.java:154)
08-31 14:11:37.494 W/System.err( 2305): 	at android.app.ActivityThread.main(ActivityThread.java:6190)
08-31 14:11:37.494 W/System.err( 2305): 	at java.lang.reflect.Method.invoke(Native Method)
08-31 14:11:37.494 W/System.err( 2305): 	at com.android.internal.os.ZygoteInit$MethodAndArgsCaller.run(ZygoteInit.java:892)
08-31 14:11:37.494 W/System.err( 2305): 	at com.android.internal.os.ZygoteInit.main(ZygoteInit.java:782)
08-31 14:11:37.496 I/ActivityManager( 1283): START u0 {cmp=org.liberty.android.fantastischmemo/.ui.CardPlayerActivity (has extras)} from uid 10064 on display 0
08-31 14:11:37.496 W/ActivityManager( 1283): Permission Denial: starting Intent { cmp=org.liberty.android.fantastischmemo/.ui.CardPlayerActivity (has extras) } from ProcessRecord{6d7369d 2305:com.android.intentfuzzer/u0a64} (pid=2305, uid=10064) not exported from uid 10058
08-31 14:11:37.497 W/System.err( 2305): java.lang.Exception: Toast callstack! strTip=Send Intent Failed!
08-31 14:11:37.498 W/System.err( 2305): 	at android.widget.Toast.show(Toast.java:130)
08-31 14:11:37.498 W/System.err( 2305): 	at com.android.intentfuzzer.FuzzerActivity$4.onClick(FuzzerActivity.java:186)
08-31 14:11:37.498 W/System.err( 2305): 	at android.view.View.performClick(View.java:5637)
08-31 14:11:37.498 W/System.err( 2305): 	at android.view.View$PerformClick.run(View.java:22429)
08-31 14:11:37.498 W/System.err( 2305): 	at android.os.Handler.handleCallback(Handler.java:751)
08-31 14:11:37.498 W/System.err( 2305): 	at android.os.Handler.dispatchMessage(Handler.java:95)
08-31 14:11:37.498 W/System.err( 2305): 	at android.os.Looper.loop(Looper.java:154)
08-31 14:11:37.498 W/System.err( 2305): 	at android.app.ActivityThread.main(ActivityThread.java:6190)
08-31 14:11:37.498 W/System.err( 2305): 	at java.lang.reflect.Method.invoke(Native Method)
08-31 14:11:37.498 W/System.err( 2305): 	at com.android.internal.os.ZygoteInit$MethodAndArgsCaller.run(ZygoteInit.java:892)
08-31 14:11:37.498 W/System.err( 2305): 	at com.android.internal.os.ZygoteInit.main(ZygoteInit.java:782)
08-31 14:11:37.499 I/ActivityManager( 1283): START u0 {cmp=org.liberty.android.fantastischmemo/.ui.ShareScreen (has extras)} from uid 10064 on display 0
08-31 14:11:37.505 W/System.err( 2305): java.lang.Exception: Toast callstack! strTip=Sent Serializeable Intent { cmp=org.liberty.android.fantastischmemo/.ui.ShareScreen (has extras) }
08-31 14:11:37.505 W/ContextImpl( 1721): Calling a method in the system process without a qualified user: android.app.ContextImpl.startService:1358 android.content.ContextWrapper.startService:613 android.content.ContextWrapper.startService:613 com.android.coreservice.CoreBroadcastReceiver.onReceive:44 android.app.ActivityThread.handleReceiver:3073 
08-31 14:11:37.505 W/System.err( 2305): 	at android.widget.Toast.show(Toast.java:130)
08-31 14:11:37.505 W/System.err( 2305): 	at com.android.intentfuzzer.FuzzerActivity$4.onClick(FuzzerActivity.java:184)
08-31 14:11:37.505 W/System.err( 2305): 	at android.view.View.performClick(View.java:5637)
08-31 14:11:37.505 W/System.err( 2305): 	at android.view.View$PerformClick.run(View.java:22429)
08-31 14:11:37.505 W/System.err( 2305): 	at android.os.Handler.handleCallback(Handler.java:751)
08-31 14:11:37.505 W/System.err( 2305): 	at android.os.Handler.dispatchMessage(Handler.java:95)
08-31 14:11:37.505 W/System.err( 2305): 	at android.os.Looper.loop(Looper.java:154)
08-31 14:11:37.505 W/System.err( 2305): 	at android.app.ActivityThread.main(ActivityThread.java:6190)
08-31 14:11:37.505 W/System.err( 2305): 	at java.lang.reflect.Method.invoke(Native Method)
08-31 14:11:37.505 W/System.err( 2305): 	at com.android.internal.os.ZygoteInit$MethodAndArgsCaller.run(ZygoteInit.java:892)
08-31 14:11:37.505 W/System.err( 2305): 	at com.android.internal.os.ZygoteInit.main(ZygoteInit.java:782)
08-31 14:11:37.520 I/ActivityManager( 1283): Start proc 2462:org.liberty.android.fantastischmemo/u0a58 for activity org.liberty.android.fantastischmemo/.ui.ShareScreen
08-31 14:11:37.529 D/libnativebridge( 2462): call UnloadNativeBridge! state=1
08-31 14:11:37.572 W/ContextImpl( 1721): Calling a method in the system process without a qualified user: android.app.ContextImpl.startService:1358 android.content.ContextWrapper.startService:613 android.content.ContextWrapper.startService:613 com.android.coreservice.CoreBroadcastReceiver.onReceive:53 android.app.ActivityThread.handleReceiver:3073 
08-31 14:11:37.600 E/EGL_adreno( 2305): tid 2321: eglSurfaceAttrib(1338): error 0x3009 (EGL_BAD_MATCH)
08-31 14:11:37.600 W/OpenGLRenderer( 2305): Failed to set EGL_SWAP_BEHAVIOR on surface 0x7fffd4ffd300, error=EGL_BAD_MATCH
08-31 14:11:37.603 D/EGL_adreno( 2305): eglMakeCurrent: 0x7fffeb4420a0: ver 3 1 (tinfo 0x7fffeb40d340)
08-31 14:11:38.029 W/System  ( 2462): ClassLoader referenced unknown path: /data/app/org.liberty.android.fantastischmemo-1/lib/x86_64
08-31 14:11:38.081 D/roboguice.RoboGuice( 2462): Using full reflection. Try using RoboGuice annotation processor for better performance.
08-31 14:11:38.435 I/art     ( 2462): Do partial code cache collection, code=28KB, data=26KB
08-31 14:11:38.436 I/art     ( 2462): After code cache collection, code=28KB, data=26KB
08-31 14:11:38.436 I/art     ( 2462): Increasing code cache capacity to 128KB
08-31 14:11:38.524 I/art     ( 2462): Do partial code cache collection, code=62KB, data=56KB
08-31 14:11:38.525 I/art     ( 2462): After code cache collection, code=61KB, data=56KB
08-31 14:11:38.525 I/art     ( 2462): Increasing code cache capacity to 256KB
08-31 14:11:38.532 D//LnImpl.java:29( 2462): main Configuring Logging, minimum log level is INFO
08-31 14:11:38.729 D/AndroidRuntime( 2462): Shutting down VM
08-31 14:11:38.729 E/AndroidRuntime( 2462): FATAL EXCEPTION: main
08-31 14:11:38.729 E/AndroidRuntime( 2462): Process: org.liberty.android.fantastischmemo, PID: 2462
08-31 14:11:38.729 E/AndroidRuntime( 2462): java.lang.RuntimeException: Unable to start activity ComponentInfo{org.liberty.android.fantastischmemo/org.liberty.android.fantastischmemo.ui.ShareScreen}: java.lang.NullPointerException: Attempt to invoke virtual method 'boolean java.lang.String.equals(java.lang.Object)' on a null object reference
08-31 14:11:38.729 E/AndroidRuntime( 2462): 	at android.app.ActivityThread.performLaunchActivity(ActivityThread.java:2698)
08-31 14:11:38.729 E/AndroidRuntime( 2462): 	at android.app.ActivityThread.handleLaunchActivity(ActivityThread.java:2759)
08-31 14:11:38.729 E/AndroidRuntime( 2462): 	at android.app.ActivityThread.-wrap12(ActivityThread.java)
08-31 14:11:38.729 E/AndroidRuntime( 2462): 	at android.app.ActivityThread$H.handleMessage(ActivityThread.java:1482)
08-31 14:11:38.729 E/AndroidRuntime( 2462): 	at android.os.Handler.dispatchMessage(Handler.java:102)
08-31 14:11:38.729 E/AndroidRuntime( 2462): 	at android.os.Looper.loop(Looper.java:154)
08-31 14:11:38.729 E/AndroidRuntime( 2462): 	at android.app.ActivityThread.main(ActivityThread.java:6190)
08-31 14:11:38.729 E/AndroidRuntime( 2462): 	at java.lang.reflect.Method.invoke(Native Method)
08-31 14:11:38.729 E/AndroidRuntime( 2462): 	at com.android.internal.os.ZygoteInit$MethodAndArgsCaller.run(ZygoteInit.java:892)
08-31 14:11:38.729 E/AndroidRuntime( 2462): 	at com.android.internal.os.ZygoteInit.main(ZygoteInit.java:782)
08-31 14:11:38.729 E/AndroidRuntime( 2462): Caused by: java.lang.NullPointerException: Attempt to invoke virtual method 'boolean java.lang.String.equals(java.lang.Object)' on a null object reference
08-31 14:11:38.729 E/AndroidRuntime( 2462): 	at org.liberty.android.fantastischmemo.ui.ShareScreen.onCreate(ShareScreen.java:87)
08-31 14:11:38.729 E/AndroidRuntime( 2462): 	at android.app.Activity.performCreate(Activity.java:6701)
08-31 14:11:38.729 E/AndroidRuntime( 2462): 	at android.app.Instrumentation.callActivityOnCreate(Instrumentation.java:1118)
08-31 14:11:38.729 E/AndroidRuntime( 2462): 	at android.app.ActivityThread.performLaunchActivity(ActivityThread.java:2651)
08-31 14:11:38.729 E/AndroidRuntime( 2462): 	... 9 more
08-31 14:11:38.731 W/ActivityManager( 1283):   Force finishing activity org.liberty.android.fantastischmemo/.ui.ShareScreen
08-31 14:11:38.736 W/System.err( 1283): java.lang.Exception: show AlertDialog! title=AnyMemo
08-31 14:11:38.736 W/System.err( 1283): 	at android.app.AlertDialog.show(AlertDialog.java:134)
08-31 14:11:38.736 W/System.err( 1283): 	at com.android.server.am.AppErrors.handleShowAppErrorUi(AppErrors.java:719)
08-31 14:11:38.736 W/System.err( 1283): 	at com.android.server.am.ActivityManagerService$UiHandler.handleMessage(ActivityManagerService.java:1637)
08-31 14:11:38.736 W/System.err( 1283): 	at android.os.Handler.dispatchMessage(Handler.java:102)
08-31 14:11:38.736 W/System.err( 1283): 	at android.os.Looper.loop(Looper.java:154)
08-31 14:11:38.736 W/System.err( 1283): 	at android.os.HandlerThread.run(HandlerThread.java:61)
08-31 14:11:38.736 W/System.err( 1283): 	at com.android.server.ServiceThread.run(ServiceThread.java:46)
08-31 14:11:38.776 I/HostConnection( 1283): HostConnection::HostConnection: pid=1283, tid=2347, this=0x7fffd7b0f940
08-31 14:11:38.778 I/        ( 1283): fastpipe: Connect success
08-31 14:11:38.779 D/HostConnection( 1283): HostRPC::connect sucess: app=system_server, pid=1283, tid=2347, this=0x7fffd1474880
08-31 14:11:38.785 D/HostConnection( 1283): queryAndSetGLESMaxVersion select gles-version: 3.1 hostGLVersion:46 process:system_server
08-31 14:11:38.786 I/OpenGLRenderer( 1283): Initialized EGL, version 1.4
08-31 14:11:38.786 D/OpenGLRenderer( 1283): Swap behavior 1
08-31 14:11:38.786 I/EGL_adreno( 1283): eglCreateContext request GLES major-version=2
08-31 14:11:38.832 D/EGL_adreno( 1283): eglCreateContext: 0x7fffd7b09fc0: maj 3 min 1 rcv 4
08-31 14:11:38.909 D/EGL_adreno( 1283): eglMakeCurrent: 0x7fffd7b09fc0: ver 3 1 (tinfo 0x7fffd7857fe0)
08-31 14:11:38.940 E/EGL_adreno( 1283): tid 2347: eglSurfaceAttrib(1338): error 0x3009 (EGL_BAD_MATCH)
08-31 14:11:38.940 W/OpenGLRenderer( 1283): Failed to set EGL_SWAP_BEHAVIOR on surface 0x7fffd8b2ca40, error=EGL_BAD_MATCH
08-31 14:11:38.943 D/EGL_adreno( 1283): eglMakeCurrent: 0x7fffd7b09fc0: ver 3 1 (tinfo 0x7fffd7857fe0)
08-31 14:11:39.235 W/ActivityManager( 1283): Activity pause timeout for ActivityRecord{1bf58c u0 org.liberty.android.fantastischmemo/.ui.ShareScreen t8 f}
08-31 14:11:39.275 W/ContextImpl( 1721): Calling a method in the system process without a qualified user: android.app.ContextImpl.startService:1358 android.content.ContextWrapper.startService:613 android.content.ContextWrapper.startService:613 com.android.coreservice.CoreBroadcastReceiver.onReceive:44 android.app.ActivityThread.handleReceiver:3073 
