08-31 20:41:32.716 W/System.err( 1935): 	at android.os.Handler.dispatchMessage(Handler.java:95)
08-31 20:41:32.716 W/System.err( 1935): 	at android.os.Looper.loop(Looper.java:154)
08-31 20:41:32.716 W/System.err( 1935): 	at android.app.ActivityThread.main(ActivityThread.java:6190)
08-31 20:41:32.716 W/System.err( 1935): 	at java.lang.reflect.Method.invoke(Native Method)
08-31 20:41:32.716 W/System.err( 1935): 	at com.android.internal.os.ZygoteInit$MethodAndArgsCaller.run(ZygoteInit.java:892)
08-31 20:41:32.716 W/System.err( 1935): 	at com.android.internal.os.ZygoteInit.main(ZygoteInit.java:782)
08-31 20:41:32.718 I/ActivityManager( 1281): START u0 {cmp=org.inaturalist.android/.ObservationProjectsViewer} from uid 10064 on display 0
08-31 20:41:32.718 W/ActivityManager( 1281): Permission Denial: starting Intent { cmp=org.inaturalist.android/.ObservationProjectsViewer } from ProcessRecord{bda5613 1935:com.android.intentfuzzer/u0a64} (pid=1935, uid=10064) not exported from uid 10057
08-31 20:41:32.720 W/System.err( 1935): java.lang.Exception: Toast callstack! strTip=Send Intent Failed!
08-31 20:41:32.721 W/System.err( 1935): 	at android.widget.Toast.show(Toast.java:130)
08-31 20:41:32.721 W/System.err( 1935): 	at com.android.intentfuzzer.FuzzerActivity$3.onClick(FuzzerActivity.java:167)
08-31 20:41:32.721 W/System.err( 1935): 	at android.view.View.performClick(View.java:5637)
08-31 20:41:32.721 W/System.err( 1935): 	at android.view.View$PerformClick.run(View.java:22429)
08-31 20:41:32.721 W/System.err( 1935): 	at android.os.Handler.handleCallback(Handler.java:751)
08-31 20:41:32.721 W/System.err( 1935): 	at android.os.Handler.dispatchMessage(Handler.java:95)
08-31 20:41:32.721 W/System.err( 1935): 	at android.os.Looper.loop(Looper.java:154)
08-31 20:41:32.721 W/System.err( 1935): 	at android.app.ActivityThread.main(ActivityThread.java:6190)
08-31 20:41:32.721 W/System.err( 1935): 	at java.lang.reflect.Method.invoke(Native Method)
08-31 20:41:32.721 W/System.err( 1935): 	at com.android.internal.os.ZygoteInit$MethodAndArgsCaller.run(ZygoteInit.java:892)
08-31 20:41:32.721 W/System.err( 1935): 	at com.android.internal.os.ZygoteInit.main(ZygoteInit.java:782)
08-31 20:41:32.723 I/ActivityManager( 1281): START u0 {cmp=org.inaturalist.android/.ProjectDetailsAbout} from uid 10064 on display 0
08-31 20:41:32.723 W/ActivityManager( 1281): Permission Denial: starting Intent { cmp=org.inaturalist.android/.ProjectDetailsAbout } from ProcessRecord{bda5613 1935:com.android.intentfuzzer/u0a64} (pid=1935, uid=10064) not exported from uid 10057
08-31 20:41:32.724 W/System.err( 1935): java.lang.Exception: Toast callstack! strTip=Send Intent Failed!
08-31 20:41:32.724 W/System.err( 1935): 	at android.widget.Toast.show(Toast.java:130)
08-31 20:41:32.724 W/System.err( 1935): 	at com.android.intentfuzzer.FuzzerActivity$3.onClick(FuzzerActivity.java:167)
08-31 20:41:32.724 W/System.err( 1935): 	at android.view.View.performClick(View.java:5637)
08-31 20:41:32.725 W/System.err( 1935): 	at android.view.View$PerformClick.run(View.java:22429)
08-31 20:41:32.725 W/System.err( 1935): 	at android.os.Handler.handleCallback(Handler.java:751)
08-31 20:41:32.725 W/System.err( 1935): 	at android.os.Handler.dispatchMessage(Handler.java:95)
08-31 20:41:32.725 W/System.err( 1935): 	at android.os.Looper.loop(Looper.java:154)
08-31 20:41:32.725 W/System.err( 1935): 	at android.app.ActivityThread.main(ActivityThread.java:6190)
08-31 20:41:32.725 W/System.err( 1935): 	at java.lang.reflect.Method.invoke(Native Method)
08-31 20:41:32.725 W/System.err( 1935): 	at com.android.internal.os.ZygoteInit$MethodAndArgsCaller.run(ZygoteInit.java:892)
08-31 20:41:32.725 W/System.err( 1935): 	at com.android.internal.os.ZygoteInit.main(ZygoteInit.java:782)
08-31 20:41:32.727 I/ActivityManager( 1281): START u0 {cmp=org.inaturalist.android/.ProjectNews} from uid 10064 on display 0
08-31 20:41:32.727 W/ActivityManager( 1281): Permission Denial: starting Intent { cmp=org.inaturalist.android/.ProjectNews } from ProcessRecord{bda5613 1935:com.android.intentfuzzer/u0a64} (pid=1935, uid=10064) not exported from uid 10057
08-31 20:41:32.733 W/System.err( 1935): java.lang.Exception: Toast callstack! strTip=Send Intent Failed!
08-31 20:41:32.733 W/System.err( 1935): 	at android.widget.Toast.show(Toast.java:130)
08-31 20:41:32.733 W/System.err( 1935): 	at com.android.intentfuzzer.FuzzerActivity$3.onClick(FuzzerActivity.java:167)
08-31 20:41:32.733 W/System.err( 1935): 	at android.view.View.performClick(View.java:5637)
08-31 20:41:32.733 W/System.err( 1935): 	at android.view.View$PerformClick.run(View.java:22429)
08-31 20:41:32.733 W/System.err( 1935): 	at android.os.Handler.handleCallback(Handler.java:751)
08-31 20:41:32.733 W/System.err( 1935): 	at android.os.Handler.dispatchMessage(Handler.java:95)
08-31 20:41:32.733 W/System.err( 1935): 	at android.os.Looper.loop(Looper.java:154)
08-31 20:41:32.733 W/System.err( 1935): 	at android.app.ActivityThread.main(ActivityThread.java:6190)
08-31 20:41:32.733 W/System.err( 1935): 	at java.lang.reflect.Method.invoke(Native Method)
08-31 20:41:32.733 W/System.err( 1935): 	at com.android.internal.os.ZygoteInit$MethodAndArgsCaller.run(ZygoteInit.java:892)
08-31 20:41:32.733 W/System.err( 1935): 	at com.android.internal.os.ZygoteInit.main(ZygoteInit.java:782)
08-31 20:41:32.735 I/ActivityManager( 1281): START u0 {cmp=org.inaturalist.android/.NewsArticle} from uid 10064 on display 0
08-31 20:41:32.735 W/ActivityManager( 1281): Permission Denial: starting Intent { cmp=org.inaturalist.android/.NewsArticle } from ProcessRecord{bda5613 1935:com.android.intentfuzzer/u0a64} (pid=1935, uid=10064) not exported from uid 10057
08-31 20:41:32.737 W/System.err( 1935): java.lang.Exception: Toast callstack! strTip=Send Intent Failed!
08-31 20:41:32.737 W/System.err( 1935): 	at android.widget.Toast.show(Toast.java:130)
08-31 20:41:32.737 W/System.err( 1935): 	at com.android.intentfuzzer.FuzzerActivity$3.onClick(FuzzerActivity.java:167)
08-31 20:41:32.737 W/System.err( 1935): 	at android.view.View.performClick(View.java:5637)
08-31 20:41:32.737 W/System.err( 1935): 	at android.view.View$PerformClick.run(View.java:22429)
08-31 20:41:32.737 W/System.err( 1935): 	at android.os.Handler.handleCallback(Handler.java:751)
08-31 20:41:32.737 W/System.err( 1935): 	at android.os.Handler.dispatchMessage(Handler.java:95)
08-31 20:41:32.737 W/System.err( 1935): 	at android.os.Looper.loop(Looper.java:154)
08-31 20:41:32.737 W/System.err( 1935): 	at android.app.ActivityThread.main(ActivityThread.java:6190)
08-31 20:41:32.737 W/System.err( 1935): 	at java.lang.reflect.Method.invoke(Native Method)
08-31 20:41:32.737 W/System.err( 1935): 	at com.android.internal.os.ZygoteInit$MethodAndArgsCaller.run(ZygoteInit.java:892)
08-31 20:41:32.737 W/System.err( 1935): 	at com.android.internal.os.ZygoteInit.main(ZygoteInit.java:782)
08-31 20:41:32.739 I/ActivityManager( 1281): START u0 {cmp=org.inaturalist.android/.ProfilePhotoViewer} from uid 10064 on display 0
08-31 20:41:32.739 W/ActivityManager( 1281): Permission Denial: starting Intent { cmp=org.inaturalist.android/.ProfilePhotoViewer } from ProcessRecord{bda5613 1935:com.android.intentfuzzer/u0a64} (pid=1935, uid=10064) not exported from uid 10057
08-31 20:41:32.740 W/System.err( 1935): java.lang.Exception: Toast callstack! strTip=Send Intent Failed!
08-31 20:41:32.740 W/System.err( 1935): 	at android.widget.Toast.show(Toast.java:130)
08-31 20:41:32.740 W/System.err( 1935): 	at com.android.intentfuzzer.FuzzerActivity$3.onClick(FuzzerActivity.java:167)
08-31 20:41:32.740 W/System.err( 1935): 	at android.view.View.performClick(View.java:5637)
08-31 20:41:32.740 W/System.err( 1935): 	at android.view.View$PerformClick.run(View.java:22429)
08-31 20:41:32.740 W/System.err( 1935): 	at android.os.Handler.handleCallback(Handler.java:751)
08-31 20:41:32.740 W/System.err( 1935): 	at android.os.Handler.dispatchMessage(Handler.java:95)
08-31 20:41:32.740 W/System.err( 1935): 	at android.os.Looper.loop(Looper.java:154)
08-31 20:41:32.740 W/System.err( 1935): 	at android.app.ActivityThread.main(ActivityThread.java:6190)
08-31 20:41:32.740 W/System.err( 1935): 	at java.lang.reflect.Method.invoke(Native Method)
08-31 20:41:32.740 W/System.err( 1935): 	at com.android.internal.os.ZygoteInit$MethodAndArgsCaller.run(ZygoteInit.java:892)
08-31 20:41:32.740 W/System.err( 1935): 	at com.android.internal.os.ZygoteInit.main(ZygoteInit.java:782)
08-31 20:41:32.741 I/ActivityManager( 1281): START u0 {cmp=org.inaturalist.android/.ItemSearchActivity} from uid 10064 on display 0
08-31 20:41:32.741 W/ActivityManager( 1281): Permission Denial: starting Intent { cmp=org.inaturalist.android/.ItemSearchActivity } from ProcessRecord{bda5613 1935:com.android.intentfuzzer/u0a64} (pid=1935, uid=10064) not exported from uid 10057
08-31 20:41:32.742 W/System.err( 1935): java.lang.Exception: Toast callstack! strTip=Send Intent Failed!
08-31 20:41:32.743 W/System.err( 1935): 	at android.widget.Toast.show(Toast.java:130)
08-31 20:41:32.743 W/System.err( 1935): 	at com.android.intentfuzzer.FuzzerActivity$3.onClick(FuzzerActivity.java:167)
08-31 20:41:32.743 W/System.err( 1935): 	at android.view.View.performClick(View.java:5637)
08-31 20:41:32.743 W/System.err( 1935): 	at android.view.View$PerformClick.run(View.java:22429)
08-31 20:41:32.743 W/System.err( 1935): 	at android.os.Handler.handleCallback(Handler.java:751)
08-31 20:41:32.743 W/System.err( 1935): 	at android.os.Handler.dispatchMessage(Handler.java:95)
08-31 20:41:32.743 W/System.err( 1935): 	at android.os.Looper.loop(Looper.java:154)
08-31 20:41:32.743 W/System.err( 1935): 	at android.app.ActivityThread.main(ActivityThread.java:6190)
08-31 20:41:32.743 W/System.err( 1935): 	at java.lang.reflect.Method.invoke(Native Method)
08-31 20:41:32.743 W/System.err( 1935): 	at com.android.internal.os.ZygoteInit$MethodAndArgsCaller.run(ZygoteInit.java:892)
08-31 20:41:32.743 W/System.err( 1935): 	at com.android.internal.os.ZygoteInit.main(ZygoteInit.java:782)
08-31 20:41:32.743 I/ActivityManager( 1281): START u0 {cmp=org.inaturalist.android/.SettingsActivity} from uid 10064 on display 0
08-31 20:41:32.743 W/ActivityManager( 1281): Permission Denial: starting Intent { cmp=org.inaturalist.android/.SettingsActivity } from ProcessRecord{bda5613 1935:com.android.intentfuzzer/u0a64} (pid=1935, uid=10064) not exported from uid 10057
08-31 20:41:32.744 W/System.err( 1935): java.lang.Exception: Toast callstack! strTip=Send Intent Failed!
08-31 20:41:32.744 W/System.err( 1935): 	at android.widget.Toast.show(Toast.java:130)
08-31 20:41:32.744 W/System.err( 1935): 	at com.android.intentfuzzer.FuzzerActivity$3.onClick(FuzzerActivity.java:167)
08-31 20:41:32.744 W/System.err( 1935): 	at android.view.View.performClick(View.java:5637)
08-31 20:41:32.745 W/System.err( 1935): 	at android.view.View$PerformClick.run(View.java:22429)
08-31 20:41:32.745 W/System.err( 1935): 	at android.os.Handler.handleCallback(Handler.java:751)
08-31 20:41:32.745 W/System.err( 1935): 	at android.os.Handler.dispatchMessage(Handler.java:95)
08-31 20:41:32.745 W/System.err( 1935): 	at android.os.Looper.loop(Looper.java:154)
08-31 20:41:32.745 W/System.err( 1935): 	at android.app.ActivityThread.main(ActivityThread.java:6190)
08-31 20:41:32.745 W/System.err( 1935): 	at java.lang.reflect.Method.invoke(Native Method)
08-31 20:41:32.745 W/System.err( 1935): 	at com.android.internal.os.ZygoteInit$MethodAndArgsCaller.run(ZygoteInit.java:892)
08-31 20:41:32.745 W/System.err( 1935): 	at com.android.internal.os.ZygoteInit.main(ZygoteInit.java:782)
08-31 20:41:32.746 I/ActivityManager( 1281): START u0 {cmp=org.inaturalist.android/.ProfileEditor} from uid 10064 on display 0
08-31 20:41:32.746 W/ActivityManager( 1281): Permission Denial: starting Intent { cmp=org.inaturalist.android/.ProfileEditor } from ProcessRecord{bda5613 1935:com.android.intentfuzzer/u0a64} (pid=1935, uid=10064) not exported from uid 10057
08-31 20:41:32.747 W/System.err( 1935): java.lang.Exception: Toast callstack! strTip=Send Intent Failed!
08-31 20:41:32.747 W/System.err( 1935): 	at android.widget.Toast.show(Toast.java:130)
08-31 20:41:32.747 W/System.err( 1935): 	at com.android.intentfuzzer.FuzzerActivity$3.onClick(FuzzerActivity.java:167)
08-31 20:41:32.747 W/System.err( 1935): 	at android.view.View.performClick(View.java:5637)
08-31 20:41:32.747 W/System.err( 1935): 	at android.view.View$PerformClick.run(View.java:22429)
08-31 20:41:32.747 W/System.err( 1935): 	at android.os.Handler.handleCallback(Handler.java:751)
08-31 20:41:32.747 W/System.err( 1935): 	at android.os.Handler.dispatchMessage(Handler.java:95)
08-31 20:41:32.747 W/System.err( 1935): 	at android.os.Looper.loop(Looper.java:154)
08-31 20:41:32.747 W/System.err( 1935): 	at android.app.ActivityThread.main(ActivityThread.java:6190)
08-31 20:41:32.747 W/System.err( 1935): 	at java.lang.reflect.Method.invoke(Native Method)
08-31 20:41:32.747 W/System.err( 1935): 	at com.android.internal.os.ZygoteInit$MethodAndArgsCaller.run(ZygoteInit.java:892)
08-31 20:41:32.747 W/System.err( 1935): 	at com.android.internal.os.ZygoteInit.main(ZygoteInit.java:782)
08-31 20:41:32.748 I/ActivityManager( 1281): START u0 {cmp=org.inaturalist.android/.NetworkSettings} from uid 10064 on display 0
08-31 20:41:32.748 W/ActivityManager( 1281): Permission Denial: starting Intent { cmp=org.inaturalist.android/.NetworkSettings } from ProcessRecord{bda5613 1935:com.android.intentfuzzer/u0a64} (pid=1935, uid=10064) not exported from uid 10057
08-31 20:41:32.749 W/System.err( 1935): java.lang.Exception: Toast callstack! strTip=Send Intent Failed!
08-31 20:41:32.749 W/System.err( 1935): 	at android.widget.Toast.show(Toast.java:130)
08-31 20:41:32.749 W/System.err( 1935): 	at com.android.intentfuzzer.FuzzerActivity$3.onClick(FuzzerActivity.java:167)
08-31 20:41:32.749 W/System.err( 1935): 	at android.view.View.performClick(View.java:5637)
08-31 20:41:32.749 W/System.err( 1935): 	at android.view.View$PerformClick.run(View.java:22429)
08-31 20:41:32.749 W/System.err( 1935): 	at android.os.Handler.handleCallback(Handler.java:751)
08-31 20:41:32.749 W/System.err( 1935): 	at android.os.Handler.dispatchMessage(Handler.java:95)
08-31 20:41:32.749 W/System.err( 1935): 	at android.os.Looper.loop(Looper.java:154)
08-31 20:41:32.749 W/System.err( 1935): 	at android.app.ActivityThread.main(ActivityThread.java:6190)
08-31 20:41:32.749 W/System.err( 1935): 	at java.lang.reflect.Method.invoke(Native Method)
08-31 20:41:32.749 W/System.err( 1935): 	at com.android.internal.os.ZygoteInit$MethodAndArgsCaller.run(ZygoteInit.java:892)
08-31 20:41:32.750 W/System.err( 1935): 	at com.android.internal.os.ZygoteInit.main(ZygoteInit.java:782)
08-31 20:41:32.750 I/ActivityManager( 1281): START u0 {cmp=org.inaturalist.android/.About} from uid 10064 on display 0
08-31 20:41:32.750 W/ActivityManager( 1281): Permission Denial: starting Intent { cmp=org.inaturalist.android/.About } from ProcessRecord{bda5613 1935:com.android.intentfuzzer/u0a64} (pid=1935, uid=10064) not exported from uid 10057
08-31 20:41:32.751 W/System.err( 1935): java.lang.Exception: Toast callstack! strTip=Send Intent Failed!
08-31 20:41:32.751 W/System.err( 1935): 	at android.widget.Toast.show(Toast.java:130)
08-31 20:41:32.751 W/System.err( 1935): 	at com.android.intentfuzzer.FuzzerActivity$3.onClick(FuzzerActivity.java:167)
08-31 20:41:32.751 W/System.err( 1935): 	at android.view.View.performClick(View.java:5637)
08-31 20:41:32.751 W/System.err( 1935): 	at android.view.View$PerformClick.run(View.java:22429)
08-31 20:41:32.751 W/System.err( 1935): 	at android.os.Handler.handleCallback(Handler.java:751)
08-31 20:41:32.751 W/System.err( 1935): 	at android.os.Handler.dispatchMessage(Handler.java:95)
08-31 20:41:32.751 W/System.err( 1935): 	at android.os.Looper.loop(Looper.java:154)
08-31 20:41:32.751 W/System.err( 1935): 	at android.app.ActivityThread.main(ActivityThread.java:6190)
08-31 20:41:32.751 W/System.err( 1935): 	at java.lang.reflect.Method.invoke(Native Method)
08-31 20:41:32.751 W/System.err( 1935): 	at com.android.internal.os.ZygoteInit$MethodAndArgsCaller.run(ZygoteInit.java:892)
08-31 20:41:32.751 W/System.err( 1935): 	at com.android.internal.os.ZygoteInit.main(ZygoteInit.java:782)
08-31 20:41:32.752 I/ActivityManager( 1281): START u0 {cmp=org.inaturalist.android/.ObservationSearchActivity} from uid 10064 on display 0
08-31 20:41:32.752 W/ActivityManager( 1281): Permission Denial: starting Intent { cmp=org.inaturalist.android/.ObservationSearchActivity } from ProcessRecord{bda5613 1935:com.android.intentfuzzer/u0a64} (pid=1935, uid=10064) not exported from uid 10057
08-31 20:41:32.753 W/System.err( 1935): java.lang.Exception: Toast callstack! strTip=Send Intent Failed!
08-31 20:41:32.753 W/System.err( 1935): 	at android.widget.Toast.show(Toast.java:130)
08-31 20:41:32.753 W/System.err( 1935): 	at com.android.intentfuzzer.FuzzerActivity$3.onClick(FuzzerActivity.java:167)
08-31 20:41:32.753 W/System.err( 1935): 	at android.view.View.performClick(View.java:5637)
08-31 20:41:32.753 W/System.err( 1935): 	at android.view.View$PerformClick.run(View.java:22429)
08-31 20:41:32.753 W/System.err( 1935): 	at android.os.Handler.handleCallback(Handler.java:751)
08-31 20:41:32.753 W/System.err( 1935): 	at android.os.Handler.dispatchMessage(Handler.java:95)
08-31 20:41:32.753 W/System.err( 1935): 	at android.os.Looper.loop(Looper.java:154)
08-31 20:41:32.753 W/System.err( 1935): 	at android.app.ActivityThread.main(ActivityThread.java:6190)
08-31 20:41:32.753 W/System.err( 1935): 	at java.lang.reflect.Method.invoke(Native Method)
08-31 20:41:32.753 W/System.err( 1935): 	at com.android.internal.os.ZygoteInit$MethodAndArgsCaller.run(ZygoteInit.java:892)
08-31 20:41:32.753 W/System.err( 1935): 	at com.android.internal.os.ZygoteInit.main(ZygoteInit.java:782)
08-31 20:41:32.754 I/ActivityManager( 1281): START u0 {cmp=org.inaturalist.android/.MissionsActivity} from uid 10064 on display 0
08-31 20:41:32.754 W/ActivityManager( 1281): Permission Denial: starting Intent { cmp=org.inaturalist.android/.MissionsActivity } from ProcessRecord{bda5613 1935:com.android.intentfuzzer/u0a64} (pid=1935, uid=10064) not exported from uid 10057
08-31 20:41:32.755 W/System.err( 1935): java.lang.Exception: Toast callstack! strTip=Send Intent Failed!
08-31 20:41:32.755 W/System.err( 1935): 	at android.widget.Toast.show(Toast.java:130)
08-31 20:41:32.755 W/System.err( 1935): 	at com.android.intentfuzzer.FuzzerActivity$3.onClick(FuzzerActivity.java:167)
08-31 20:41:32.755 W/System.err( 1935): 	at android.view.View.performClick(View.java:5637)
08-31 20:41:32.755 W/System.err( 1935): 	at android.view.View$PerformClick.run(View.java:22429)
08-31 20:41:32.755 W/System.err( 1935): 	at android.os.Handler.handleCallback(Handler.java:751)
08-31 20:41:32.755 W/System.err( 1935): 	at android.os.Handler.dispatchMessage(Handler.java:95)
08-31 20:41:32.755 W/System.err( 1935): 	at android.os.Looper.loop(Looper.java:154)
08-31 20:41:32.755 W/System.err( 1935): 	at android.app.ActivityThread.main(ActivityThread.java:6190)
08-31 20:41:32.755 W/System.err( 1935): 	at java.lang.reflect.Method.invoke(Native Method)
08-31 20:41:32.755 W/System.err( 1935): 	at com.android.internal.os.ZygoteInit$MethodAndArgsCaller.run(ZygoteInit.java:892)
08-31 20:41:32.755 W/System.err( 1935): 	at com.android.internal.os.ZygoteInit.main(ZygoteInit.java:782)
08-31 20:41:32.758 I/ActivityManager( 1281): START u0 {cmp=org.inaturalist.android/.MissionsGridActivity} from uid 10064 on display 0
08-31 20:41:32.758 W/ActivityManager( 1281): Permission Denial: starting Intent { cmp=org.inaturalist.android/.MissionsGridActivity } from ProcessRecord{bda5613 1935:com.android.intentfuzzer/u0a64} (pid=1935, uid=10064) not exported from uid 10057
08-31 20:41:32.760 W/System.err( 1935): java.lang.Exception: Toast callstack! strTip=Send Intent Failed!
08-31 20:41:32.760 W/System.err( 1935): 	at android.widget.Toast.show(Toast.java:130)
08-31 20:41:32.760 W/System.err( 1935): 	at com.android.intentfuzzer.FuzzerActivity$3.onClick(FuzzerActivity.java:167)
08-31 20:41:32.760 W/System.err( 1935): 	at android.view.View.performClick(View.java:5637)
08-31 20:41:32.760 W/System.err( 1935): 	at android.view.View$PerformClick.run(View.java:22429)
08-31 20:41:32.760 W/System.err( 1935): 	at android.os.Handler.handleCallback(Handler.java:751)
08-31 20:41:32.760 W/System.err( 1935): 	at android.os.Handler.dispatchMessage(Handler.java:95)
08-31 20:41:32.760 W/System.err( 1935): 	at android.os.Looper.loop(Looper.java:154)
08-31 20:41:32.760 W/System.err( 1935): 	at android.app.ActivityThread.main(ActivityThread.java:6190)
08-31 20:41:32.760 W/System.err( 1935): 	at java.lang.reflect.Method.invoke(Native Method)
08-31 20:41:32.760 W/System.err( 1935): 	at com.android.internal.os.ZygoteInit$MethodAndArgsCaller.run(ZygoteInit.java:892)
08-31 20:41:32.760 W/System.err( 1935): 	at com.android.internal.os.ZygoteInit.main(ZygoteInit.java:782)
08-31 20:41:32.761 I/ActivityManager( 1281): START u0 {cmp=org.inaturalist.android/.MissionDetails} from uid 10064 on display 0
08-31 20:41:32.761 W/ActivityManager( 1281): Permission Denial: starting Intent { cmp=org.inaturalist.android/.MissionDetails } from ProcessRecord{bda5613 1935:com.android.intentfuzzer/u0a64} (pid=1935, uid=10064) not exported from uid 10057
08-31 20:41:32.763 W/System.err( 1935): java.lang.Exception: Toast callstack! strTip=Send Intent Failed!
08-31 20:41:32.763 W/System.err( 1935): 	at android.widget.Toast.show(Toast.java:130)
08-31 20:41:32.763 W/System.err( 1935): 	at com.android.intentfuzzer.FuzzerActivity$3.onClick(FuzzerActivity.java:167)
08-31 20:41:32.763 W/System.err( 1935): 	at android.view.View.performClick(View.java:5637)
08-31 20:41:32.763 W/System.err( 1935): 	at android.view.View$PerformClick.run(View.java:22429)
08-31 20:41:32.763 W/System.err( 1935): 	at android.os.Handler.handleCallback(Handler.java:751)
08-31 20:41:32.763 W/System.err( 1935): 	at android.os.Handler.dispatchMessage(Handler.java:95)
08-31 20:41:32.763 W/System.err( 1935): 	at android.os.Looper.loop(Looper.java:154)
08-31 20:41:32.763 W/System.err( 1935): 	at android.app.ActivityThread.main(ActivityThread.java:6190)
08-31 20:41:32.763 W/System.err( 1935): 	at java.lang.reflect.Method.invoke(Native Method)
08-31 20:41:32.763 W/System.err( 1935): 	at com.android.internal.os.ZygoteInit$MethodAndArgsCaller.run(ZygoteInit.java:892)
08-31 20:41:32.763 W/System.err( 1935): 	at com.android.internal.os.ZygoteInit.main(ZygoteInit.java:782)
08-31 20:41:32.764 I/ActivityManager( 1281): START u0 {cmp=org.inaturalist.android/.MissionDetailsMapActivity} from uid 10064 on display 0
08-31 20:41:32.765 W/ActivityManager( 1281): Permission Denial: starting Intent { cmp=org.inaturalist.android/.MissionDetailsMapActivity } from ProcessRecord{bda5613 1935:com.android.intentfuzzer/u0a64} (pid=1935, uid=10064) not exported from uid 10057
08-31 20:41:32.767 W/System.err( 1935): java.lang.Exception: Toast callstack! strTip=Send Intent Failed!
08-31 20:41:32.767 W/System.err( 1935): 	at android.widget.Toast.show(Toast.java:130)
08-31 20:41:32.767 W/System.err( 1935): 	at com.android.intentfuzzer.FuzzerActivity$3.onClick(FuzzerActivity.java:167)
08-31 20:41:32.767 W/System.err( 1935): 	at android.view.View.performClick(View.java:5637)
08-31 20:41:32.767 W/System.err( 1935): 	at android.view.View$PerformClick.run(View.java:22429)
08-31 20:41:32.767 W/System.err( 1935): 	at android.os.Handler.handleCallback(Handler.java:751)
08-31 20:41:32.767 W/System.err( 1935): 	at android.os.Handler.dispatchMessage(Handler.java:95)
08-31 20:41:32.767 W/System.err( 1935): 	at android.os.Looper.loop(Looper.java:154)
08-31 20:41:32.767 W/System.err( 1935): 	at android.app.ActivityThread.main(ActivityThread.java:6190)
08-31 20:41:32.767 W/System.err( 1935): 	at java.lang.reflect.Method.invoke(Native Method)
08-31 20:41:32.767 W/System.err( 1935): 	at com.android.internal.os.ZygoteInit$MethodAndArgsCaller.run(ZygoteInit.java:892)
08-31 20:41:32.767 W/System.err( 1935): 	at com.android.internal.os.ZygoteInit.main(ZygoteInit.java:782)
08-31 20:41:32.768 I/ActivityManager( 1281): START u0 {cmp=org.inaturalist.android/.MissionsOnboardingActivity} from uid 10064 on display 0
08-31 20:41:32.768 W/ActivityManager( 1281): Permission Denial: starting Intent { cmp=org.inaturalist.android/.MissionsOnboardingActivity } from ProcessRecord{bda5613 1935:com.android.intentfuzzer/u0a64} (pid=1935, uid=10064) not exported from uid 10057
08-31 20:41:32.774 W/System.err( 1935): java.lang.Exception: Toast callstack! strTip=Send Intent Failed!
08-31 20:41:32.774 W/System.err( 1935): 	at android.widget.Toast.show(Toast.java:130)
08-31 20:41:32.774 W/System.err( 1935): 	at com.android.intentfuzzer.FuzzerActivity$3.onClick(FuzzerActivity.java:167)
08-31 20:41:32.774 W/System.err( 1935): 	at android.view.View.performClick(View.java:5637)
08-31 20:41:32.774 W/System.err( 1935): 	at android.view.View$PerformClick.run(View.java:22429)
08-31 20:41:32.774 W/System.err( 1935): 	at android.os.Handler.handleCallback(Handler.java:751)
08-31 20:41:32.774 W/System.err( 1935): 	at android.os.Handler.dispatchMessage(Handler.java:95)
08-31 20:41:32.774 W/System.err( 1935): 	at android.os.Looper.loop(Looper.java:154)
08-31 20:41:32.774 W/System.err( 1935): 	at android.app.ActivityThread.main(ActivityThread.java:6190)
08-31 20:41:32.774 W/System.err( 1935): 	at java.lang.reflect.Method.invoke(Native Method)
08-31 20:41:32.774 W/System.err( 1935): 	at com.android.internal.os.ZygoteInit$MethodAndArgsCaller.run(ZygoteInit.java:892)
08-31 20:41:32.774 W/System.err( 1935): 	at com.android.internal.os.ZygoteInit.main(ZygoteInit.java:782)
08-31 20:41:32.777 I/ActivityManager( 1281): START u0 {cmp=org.inaturalist.android/.TaxonActivity} from uid 10064 on display 0
08-31 20:41:32.777 W/ActivityManager( 1281): Permission Denial: starting Intent { cmp=org.inaturalist.android/.TaxonActivity } from ProcessRecord{bda5613 1935:com.android.intentfuzzer/u0a64} (pid=1935, uid=10064) not exported from uid 10057
08-31 20:41:32.778 W/System.err( 1935): java.lang.Exception: Toast callstack! strTip=Send Intent Failed!
08-31 20:41:32.778 W/System.err( 1935): 	at android.widget.Toast.show(Toast.java:130)
08-31 20:41:32.778 W/System.err( 1935): 	at com.android.intentfuzzer.FuzzerActivity$3.onClick(FuzzerActivity.java:167)
08-31 20:41:32.778 W/System.err( 1935): 	at android.view.View.performClick(View.java:5637)
08-31 20:41:32.778 W/System.err( 1935): 	at android.view.View$PerformClick.run(View.java:22429)
08-31 20:41:32.778 W/System.err( 1935): 	at android.os.Handler.handleCallback(Handler.java:751)
08-31 20:41:32.779 W/System.err( 1935): 	at android.os.Handler.dispatchMessage(Handler.java:95)
08-31 20:41:32.779 W/System.err( 1935): 	at android.os.Looper.loop(Looper.java:154)
08-31 20:41:32.779 W/System.err( 1935): 	at android.app.ActivityThread.main(ActivityThread.java:6190)
08-31 20:41:32.779 W/System.err( 1935): 	at java.lang.reflect.Method.invoke(Native Method)
08-31 20:41:32.779 W/System.err( 1935): 	at com.android.internal.os.ZygoteInit$MethodAndArgsCaller.run(ZygoteInit.java:892)
08-31 20:41:32.779 W/System.err( 1935): 	at com.android.internal.os.ZygoteInit.main(ZygoteInit.java:782)
08-31 20:41:32.780 I/ActivityManager( 1281): START u0 {cmp=org.inaturalist.android/.TaxonMapActivity} from uid 10064 on display 0
08-31 20:41:32.780 W/ActivityManager( 1281): Permission Denial: starting Intent { cmp=org.inaturalist.android/.TaxonMapActivity } from ProcessRecord{bda5613 1935:com.android.intentfuzzer/u0a64} (pid=1935, uid=10064) not exported from uid 10057
08-31 20:41:32.781 W/System.err( 1935): java.lang.Exception: Toast callstack! strTip=Send Intent Failed!
08-31 20:41:32.782 W/System.err( 1935): 	at android.widget.Toast.show(Toast.java:130)
08-31 20:41:32.782 W/System.err( 1935): 	at com.android.intentfuzzer.FuzzerActivity$3.onClick(FuzzerActivity.java:167)
08-31 20:41:32.782 W/System.err( 1935): 	at android.view.View.performClick(View.java:5637)
08-31 20:41:32.782 W/System.err( 1935): 	at android.view.View$PerformClick.run(View.java:22429)
08-31 20:41:32.782 W/System.err( 1935): 	at android.os.Handler.handleCallback(Handler.java:751)
08-31 20:41:32.782 W/System.err( 1935): 	at android.os.Handler.dispatchMessage(Handler.java:95)
08-31 20:41:32.782 W/System.err( 1935): 	at android.os.Looper.loop(Looper.java:154)
08-31 20:41:32.782 W/System.err( 1935): 	at android.app.ActivityThread.main(ActivityThread.java:6190)
08-31 20:41:32.782 W/System.err( 1935): 	at java.lang.reflect.Method.invoke(Native Method)
08-31 20:41:32.782 W/System.err( 1935): 	at com.android.internal.os.ZygoteInit$MethodAndArgsCaller.run(ZygoteInit.java:892)
08-31 20:41:32.782 W/System.err( 1935): 	at com.android.internal.os.ZygoteInit.main(ZygoteInit.java:782)
08-31 20:41:32.783 I/ActivityManager( 1281): START u0 {cmp=org.inaturalist.android/.TaxonSuggestionsActivity} from uid 10064 on display 0
08-31 20:41:32.783 W/ActivityManager( 1281): Permission Denial: starting Intent { cmp=org.inaturalist.android/.TaxonSuggestionsActivity } from ProcessRecord{bda5613 1935:com.android.intentfuzzer/u0a64} (pid=1935, uid=10064) not exported from uid 10057
08-31 20:41:32.845 W/System.err( 1935): java.lang.Exception: Toast callstack! strTip=Send Intent Failed!
08-31 20:41:32.845 W/System.err( 1935): 	at android.widget.Toast.show(Toast.java:130)
08-31 20:41:32.845 W/System.err( 1935): 	at com.android.intentfuzzer.FuzzerActivity$3.onClick(FuzzerActivity.java:167)
08-31 20:41:32.845 W/System.err( 1935): 	at android.view.View.performClick(View.java:5637)
08-31 20:41:32.845 W/System.err( 1935): 	at android.view.View$PerformClick.run(View.java:22429)
08-31 20:41:32.845 W/System.err( 1935): 	at android.os.Handler.handleCallback(Handler.java:751)
08-31 20:41:32.845 W/System.err( 1935): 	at android.os.Handler.dispatchMessage(Handler.java:95)
08-31 20:41:32.845 W/System.err( 1935): 	at android.os.Looper.loop(Looper.java:154)
08-31 20:41:32.845 W/System.err( 1935): 	at android.app.ActivityThread.main(ActivityThread.java:6190)
08-31 20:41:32.845 W/System.err( 1935): 	at java.lang.reflect.Method.invoke(Native Method)
08-31 20:41:32.845 W/System.err( 1935): 	at com.android.internal.os.ZygoteInit$MethodAndArgsCaller.run(ZygoteInit.java:892)
08-31 20:41:32.845 W/System.err( 1935): 	at com.android.internal.os.ZygoteInit.main(ZygoteInit.java:782)
08-31 20:41:32.846 I/ActivityManager( 1281): START u0 {cmp=org.inaturalist.android/.CompareSuggestionActivity} from uid 10064 on display 0
08-31 20:41:32.846 W/ActivityManager( 1281): Permission Denial: starting Intent { cmp=org.inaturalist.android/.CompareSuggestionActivity } from ProcessRecord{bda5613 1935:com.android.intentfuzzer/u0a64} (pid=1935, uid=10064) not exported from uid 10057
08-31 20:41:32.847 W/System.err( 1935): java.lang.Exception: Toast callstack! strTip=Send Intent Failed!
08-31 20:41:32.847 W/System.err( 1935): 	at android.widget.Toast.show(Toast.java:130)
08-31 20:41:32.847 W/System.err( 1935): 	at com.android.intentfuzzer.FuzzerActivity$3.onClick(FuzzerActivity.java:167)
08-31 20:41:32.847 W/System.err( 1935): 	at android.view.View.performClick(View.java:5637)
08-31 20:41:32.847 W/System.err( 1935): 	at android.view.View$PerformClick.run(View.java:22429)
08-31 20:41:32.847 W/System.err( 1935): 	at android.os.Handler.handleCallback(Handler.java:751)
08-31 20:41:32.847 W/System.err( 1935): 	at android.os.Handler.dispatchMessage(Handler.java:95)
08-31 20:41:32.847 W/System.err( 1935): 	at android.os.Looper.loop(Looper.java:154)
08-31 20:41:32.847 W/System.err( 1935): 	at android.app.ActivityThread.main(ActivityThread.java:6190)
08-31 20:41:32.847 W/System.err( 1935): 	at java.lang.reflect.Method.invoke(Native Method)
08-31 20:41:32.847 W/System.err( 1935): 	at com.android.internal.os.ZygoteInit$MethodAndArgsCaller.run(ZygoteInit.java:892)
08-31 20:41:32.847 W/System.err( 1935): 	at com.android.internal.os.ZygoteInit.main(ZygoteInit.java:782)
08-31 20:41:32.848 E/NotificationService( 1281): Package has already posted 50 toasts. Not showing more. Package=com.android.intentfuzzer
08-31 20:41:32.848 I/ActivityManager( 1281): START u0 {cmp=org.inaturalist.android/.ExploreActivity} from uid 10064 on display 0
08-31 20:41:32.848 W/ActivityManager( 1281): Permission Denial: starting Intent { cmp=org.inaturalist.android/.ExploreActivity } from ProcessRecord{bda5613 1935:com.android.intentfuzzer/u0a64} (pid=1935, uid=10064) not exported from uid 10057
08-31 20:41:32.849 W/System.err( 1935): java.lang.Exception: Toast callstack! strTip=Send Intent Failed!
08-31 20:41:32.849 W/System.err( 1935): 	at android.widget.Toast.show(Toast.java:130)
08-31 20:41:32.849 W/System.err( 1935): 	at com.android.intentfuzzer.FuzzerActivity$3.onClick(FuzzerActivity.java:167)
08-31 20:41:32.849 W/System.err( 1935): 	at android.view.View.performClick(View.java:5637)
08-31 20:41:32.849 W/System.err( 1935): 	at android.view.View$PerformClick.run(View.java:22429)
08-31 20:41:32.849 W/System.err( 1935): 	at android.os.Handler.handleCallback(Handler.java:751)
08-31 20:41:32.849 W/System.err( 1935): 	at android.os.Handler.dispatchMessage(Handler.java:95)
08-31 20:41:32.849 W/System.err( 1935): 	at android.os.Looper.loop(Looper.java:154)
08-31 20:41:32.849 W/System.err( 1935): 	at android.app.ActivityThread.main(ActivityThread.java:6190)
08-31 20:41:32.849 W/System.err( 1935): 	at java.lang.reflect.Method.invoke(Native Method)
08-31 20:41:32.849 W/System.err( 1935): 	at com.android.internal.os.ZygoteInit$MethodAndArgsCaller.run(ZygoteInit.java:892)
08-31 20:41:32.849 W/System.err( 1935): 	at com.android.internal.os.ZygoteInit.main(ZygoteInit.java:782)
08-31 20:41:32.849 E/NotificationService( 1281): Package has already posted 50 toasts. Not showing more. Package=com.android.intentfuzzer
08-31 20:41:32.850 I/ActivityManager( 1281): START u0 {cmp=org.inaturalist.android/.ExploreSearchActivity} from uid 10064 on display 0
08-31 20:41:32.850 W/ActivityManager( 1281): Permission Denial: starting Intent { cmp=org.inaturalist.android/.ExploreSearchActivity } from ProcessRecord{bda5613 1935:com.android.intentfuzzer/u0a64} (pid=1935, uid=10064) not exported from uid 10057
08-31 20:41:32.850 W/System.err( 1935): java.lang.Exception: Toast callstack! strTip=Send Intent Failed!
08-31 20:41:32.851 W/System.err( 1935): 	at android.widget.Toast.show(Toast.java:130)
08-31 20:41:32.851 W/System.err( 1935): 	at com.android.intentfuzzer.FuzzerActivity$3.onClick(FuzzerActivity.java:167)
08-31 20:41:32.851 W/System.err( 1935): 	at android.view.View.performClick(View.java:5637)
08-31 20:41:32.851 W/System.err( 1935): 	at android.view.View$PerformClick.run(View.java:22429)
08-31 20:41:32.851 W/System.err( 1935): 	at android.os.Handler.handleCallback(Handler.java:751)
08-31 20:41:32.851 W/System.err( 1935): 	at android.os.Handler.dispatchMessage(Handler.java:95)
08-31 20:41:32.851 W/System.err( 1935): 	at android.os.Looper.loop(Looper.java:154)
08-31 20:41:32.851 W/System.err( 1935): 	at android.app.ActivityThread.main(ActivityThread.java:6190)
08-31 20:41:32.851 W/System.err( 1935): 	at java.lang.reflect.Method.invoke(Native Method)
08-31 20:41:32.851 W/System.err( 1935): 	at com.android.internal.os.ZygoteInit$MethodAndArgsCaller.run(ZygoteInit.java:892)
08-31 20:41:32.851 W/System.err( 1935): 	at com.android.internal.os.ZygoteInit.main(ZygoteInit.java:782)
08-31 20:41:32.851 E/NotificationService( 1281): Package has already posted 50 toasts. Not showing more. Package=com.android.intentfuzzer
08-31 20:41:32.851 I/ActivityManager( 1281): START u0 {cmp=org.inaturalist.android/.ExploreFiltersActivity} from uid 10064 on display 0
08-31 20:41:32.852 W/ActivityManager( 1281): Permission Denial: starting Intent { cmp=org.inaturalist.android/.ExploreFiltersActivity } from ProcessRecord{bda5613 1935:com.android.intentfuzzer/u0a64} (pid=1935, uid=10064) not exported from uid 10057
08-31 20:41:32.853 W/System.err( 1935): java.lang.Exception: Toast callstack! strTip=Send Intent Failed!
08-31 20:41:32.853 W/System.err( 1935): 	at android.widget.Toast.show(Toast.java:130)
08-31 20:41:32.853 W/System.err( 1935): 	at com.android.intentfuzzer.FuzzerActivity$3.onClick(FuzzerActivity.java:167)
08-31 20:41:32.853 W/System.err( 1935): 	at android.view.View.performClick(View.java:5637)
08-31 20:41:32.853 W/System.err( 1935): 	at android.view.View$PerformClick.run(View.java:22429)
08-31 20:41:32.853 W/System.err( 1935): 	at android.os.Handler.handleCallback(Handler.java:751)
08-31 20:41:32.853 W/System.err( 1935): 	at android.os.Handler.dispatchMessage(Handler.java:95)
08-31 20:41:32.853 W/System.err( 1935): 	at android.os.Looper.loop(Looper.java:154)
08-31 20:41:32.853 W/System.err( 1935): 	at android.app.ActivityThread.main(ActivityThread.java:6190)
08-31 20:41:32.853 W/System.err( 1935): 	at java.lang.reflect.Method.invoke(Native Method)
08-31 20:41:32.853 W/System.err( 1935): 	at com.android.internal.os.ZygoteInit$MethodAndArgsCaller.run(ZygoteInit.java:892)
08-31 20:41:32.853 W/System.err( 1935): 	at com.android.internal.os.ZygoteInit.main(ZygoteInit.java:782)
08-31 20:41:32.854 E/NotificationService( 1281): Package has already posted 50 toasts. Not showing more. Package=com.android.intentfuzzer
08-31 20:41:32.854 I/ActivityManager( 1281): START u0 {cmp=org.inaturalist.android/com.facebook.CustomTabMainActivity} from uid 10064 on display 0
08-31 20:41:32.854 W/ActivityManager( 1281): Permission Denial: starting Intent { cmp=org.inaturalist.android/com.facebook.CustomTabMainActivity } from ProcessRecord{bda5613 1935:com.android.intentfuzzer/u0a64} (pid=1935, uid=10064) not exported from uid 10057
08-31 20:41:32.856 W/System.err( 1935): java.lang.Exception: Toast callstack! strTip=Send Intent Failed!
08-31 20:41:32.856 W/System.err( 1935): 	at android.widget.Toast.show(Toast.java:130)
08-31 20:41:32.856 W/System.err( 1935): 	at com.android.intentfuzzer.FuzzerActivity$3.onClick(FuzzerActivity.java:167)
08-31 20:41:32.856 W/System.err( 1935): 	at android.view.View.performClick(View.java:5637)
08-31 20:41:32.856 W/System.err( 1935): 	at android.view.View$PerformClick.run(View.java:22429)
08-31 20:41:32.856 W/System.err( 1935): 	at android.os.Handler.handleCallback(Handler.java:751)
08-31 20:41:32.856 W/System.err( 1935): 	at android.os.Handler.dispatchMessage(Handler.java:95)
08-31 20:41:32.856 W/System.err( 1935): 	at android.os.Looper.loop(Looper.java:154)
08-31 20:41:32.856 W/System.err( 1935): 	at android.app.ActivityThread.main(ActivityThread.java:6190)
08-31 20:41:32.856 W/System.err( 1935): 	at java.lang.reflect.Method.invoke(Native Method)
08-31 20:41:32.856 W/System.err( 1935): 	at com.android.internal.os.ZygoteInit$MethodAndArgsCaller.run(ZygoteInit.java:892)
08-31 20:41:32.856 W/System.err( 1935): 	at com.android.internal.os.ZygoteInit.main(ZygoteInit.java:782)
08-31 20:41:32.856 E/NotificationService( 1281): Package has already posted 50 toasts. Not showing more. Package=com.android.intentfuzzer
08-31 20:41:32.857 I/ActivityManager( 1281): START u0 {cmp=org.inaturalist.android/com.facebook.CustomTabActivity} from uid 10064 on display 0
08-31 20:41:32.857 W/ActivityManager( 1281): Permission Denial: starting Intent { cmp=org.inaturalist.android/com.facebook.CustomTabActivity } from ProcessRecord{bda5613 1935:com.android.intentfuzzer/u0a64} (pid=1935, uid=10064) not exported from uid 10057
08-31 20:41:32.859 W/System.err( 1935): java.lang.Exception: Toast callstack! strTip=Send Intent Failed!
08-31 20:41:32.859 W/System.err( 1935): 	at android.widget.Toast.show(Toast.java:130)
08-31 20:41:32.859 W/System.err( 1935): 	at com.android.intentfuzzer.FuzzerActivity$3.onClick(FuzzerActivity.java:167)
08-31 20:41:32.859 W/System.err( 1935): 	at android.view.View.performClick(View.java:5637)
08-31 20:41:32.859 W/System.err( 1935): 	at android.view.View$PerformClick.run(View.java:22429)
08-31 20:41:32.859 W/System.err( 1935): 	at android.os.Handler.handleCallback(Handler.java:751)
08-31 20:41:32.859 W/System.err( 1935): 	at android.os.Handler.dispatchMessage(Handler.java:95)
08-31 20:41:32.859 W/System.err( 1935): 	at android.os.Looper.loop(Looper.java:154)
08-31 20:41:32.859 W/System.err( 1935): 	at android.app.ActivityThread.main(ActivityThread.java:6190)
08-31 20:41:32.859 W/System.err( 1935): 	at java.lang.reflect.Method.invoke(Native Method)
08-31 20:41:32.859 W/System.err( 1935): 	at com.android.internal.os.ZygoteInit$MethodAndArgsCaller.run(ZygoteInit.java:892)
08-31 20:41:32.859 W/System.err( 1935): 	at com.android.internal.os.ZygoteInit.main(ZygoteInit.java:782)
08-31 20:41:32.860 E/NotificationService( 1281): Package has already posted 50 toasts. Not showing more. Package=com.android.intentfuzzer
08-31 20:41:32.860 I/ActivityManager( 1281): START u0 {cmp=org.inaturalist.android/com.google.android.gms.ads.AdActivity} from uid 10064 on display 0
08-31 20:41:32.860 W/ActivityManager( 1281): Permission Denial: starting Intent { cmp=org.inaturalist.android/com.google.android.gms.ads.AdActivity } from ProcessRecord{bda5613 1935:com.android.intentfuzzer/u0a64} (pid=1935, uid=10064) not exported from uid 10057
08-31 20:41:32.862 W/System.err( 1935): java.lang.Exception: Toast callstack! strTip=Send Intent Failed!
08-31 20:41:32.862 W/System.err( 1935): 	at android.widget.Toast.show(Toast.java:130)
08-31 20:41:32.862 W/System.err( 1935): 	at com.android.intentfuzzer.FuzzerActivity$3.onClick(FuzzerActivity.java:167)
08-31 20:41:32.862 W/System.err( 1935): 	at android.view.View.performClick(View.java:5637)
08-31 20:41:32.862 W/System.err( 1935): 	at android.view.View$PerformClick.run(View.java:22429)
08-31 20:41:32.862 W/System.err( 1935): 	at android.os.Handler.handleCallback(Handler.java:751)
08-31 20:41:32.862 W/System.err( 1935): 	at android.os.Handler.dispatchMessage(Handler.java:95)
08-31 20:41:32.862 W/System.err( 1935): 	at android.os.Looper.loop(Looper.java:154)
08-31 20:41:32.862 W/System.err( 1935): 	at android.app.ActivityThread.main(ActivityThread.java:6190)
08-31 20:41:32.862 W/System.err( 1935): 	at java.lang.reflect.Method.invoke(Native Method)
08-31 20:41:32.862 W/System.err( 1935): 	at com.android.internal.os.ZygoteInit$MethodAndArgsCaller.run(ZygoteInit.java:892)
08-31 20:41:32.862 W/System.err( 1935): 	at com.android.internal.os.ZygoteInit.main(ZygoteInit.java:782)
08-31 20:41:32.863 E/NotificationService( 1281): Package has already posted 50 toasts. Not showing more. Package=com.android.intentfuzzer
08-31 20:41:32.863 I/ActivityManager( 1281): START u0 {cmp=org.inaturalist.android/com.google.android.gms.ads.purchase.InAppPurchaseActivity} from uid 10064 on display 0
08-31 20:41:32.863 W/ActivityManager( 1281): Permission Denial: starting Intent { cmp=org.inaturalist.android/com.google.android.gms.ads.purchase.InAppPurchaseActivity } from ProcessRecord{bda5613 1935:com.android.intentfuzzer/u0a64} (pid=1935, uid=10064) not exported from uid 10057
08-31 20:41:32.865 W/System.err( 1935): java.lang.Exception: Toast callstack! strTip=Send Intent Failed!
08-31 20:41:32.865 W/System.err( 1935): 	at android.widget.Toast.show(Toast.java:130)
08-31 20:41:32.865 W/System.err( 1935): 	at com.android.intentfuzzer.FuzzerActivity$3.onClick(FuzzerActivity.java:167)
08-31 20:41:32.865 W/System.err( 1935): 	at android.view.View.performClick(View.java:5637)
08-31 20:41:32.865 W/System.err( 1935): 	at android.view.View$PerformClick.run(View.java:22429)
08-31 20:41:32.865 W/System.err( 1935): 	at android.os.Handler.handleCallback(Handler.java:751)
08-31 20:41:32.865 W/System.err( 1935): 	at android.os.Handler.dispatchMessage(Handler.java:95)
08-31 20:41:32.865 W/System.err( 1935): 	at android.os.Looper.loop(Looper.java:154)
08-31 20:41:32.865 W/System.err( 1935): 	at android.app.ActivityThread.main(ActivityThread.java:6190)
08-31 20:41:32.865 W/System.err( 1935): 	at java.lang.reflect.Method.invoke(Native Method)
08-31 20:41:32.865 W/System.err( 1935): 	at com.android.internal.os.ZygoteInit$MethodAndArgsCaller.run(ZygoteInit.java:892)
08-31 20:41:32.865 W/System.err( 1935): 	at com.android.internal.os.ZygoteInit.main(ZygoteInit.java:782)
08-31 20:41:32.866 E/NotificationService( 1281): Package has already posted 50 toasts. Not showing more. Package=com.android.intentfuzzer
08-31 20:41:32.867 I/ActivityManager( 1281): START u0 {cmp=org.inaturalist.android/com.google.android.gms.appinvite.PreviewActivity} from uid 10064 on display 0
08-31 20:41:32.871 W/System.err( 1935): java.lang.Exception: Toast callstack! strTip=Sent Null Intent { cmp=org.inaturalist.android/com.google.android.gms.appinvite.PreviewActivity }
08-31 20:41:32.871 W/System.err( 1935): 	at android.widget.Toast.show(Toast.java:130)
08-31 20:41:32.871 W/System.err( 1935): 	at com.android.intentfuzzer.FuzzerActivity$3.onClick(FuzzerActivity.java:165)
08-31 20:41:32.872 W/System.err( 1935): 	at android.view.View.performClick(View.java:5637)
08-31 20:41:32.872 W/System.err( 1935): 	at android.view.View$PerformClick.run(View.java:22429)
08-31 20:41:32.872 W/System.err( 1935): 	at android.os.Handler.handleCallback(Handler.java:751)
08-31 20:41:32.872 W/System.err( 1935): 	at android.os.Handler.dispatchMessage(Handler.java:95)
08-31 20:41:32.872 W/System.err( 1935): 	at android.os.Looper.loop(Looper.java:154)
08-31 20:41:32.872 W/System.err( 1935): 	at android.app.ActivityThread.main(ActivityThread.java:6190)
08-31 20:41:32.872 W/System.err( 1935): 	at java.lang.reflect.Method.invoke(Native Method)
08-31 20:41:32.872 W/System.err( 1935): 	at com.android.internal.os.ZygoteInit$MethodAndArgsCaller.run(ZygoteInit.java:892)
08-31 20:41:32.872 W/System.err( 1935): 	at com.android.internal.os.ZygoteInit.main(ZygoteInit.java:782)
08-31 20:41:32.872 W/ContextImpl( 1676): Calling a method in the system process without a qualified user: android.app.ContextImpl.startService:1358 android.content.ContextWrapper.startService:613 android.content.ContextWrapper.startService:613 com.android.coreservice.CoreBroadcastReceiver.onReceive:44 android.app.ActivityThread.handleReceiver:3073 
08-31 20:41:32.872 E/NotificationService( 1281): Package has already posted 50 toasts. Not showing more. Package=com.android.intentfuzzer
08-31 20:41:32.875 I/ActivityManager( 1281): START u0 {cmp=org.inaturalist.android/com.google.android.gms.auth.api.signin.internal.SignInHubActivity} from uid 10064 on display 0
08-31 20:41:32.875 W/ActivityManager( 1281): Permission Denial: starting Intent { cmp=org.inaturalist.android/com.google.android.gms.auth.api.signin.internal.SignInHubActivity } from ProcessRecord{bda5613 1935:com.android.intentfuzzer/u0a64} (pid=1935, uid=10064) not exported from uid 10057
08-31 20:41:32.876 W/System.err( 1935): java.lang.Exception: Toast callstack! strTip=Send Intent Failed!
08-31 20:41:32.876 W/System.err( 1935): 	at android.widget.Toast.show(Toast.java:130)
08-31 20:41:32.876 W/System.err( 1935): 	at com.android.intentfuzzer.FuzzerActivity$3.onClick(FuzzerActivity.java:167)
08-31 20:41:32.876 W/System.err( 1935): 	at android.view.View.performClick(View.java:5637)
08-31 20:41:32.876 W/System.err( 1935): 	at android.view.View$PerformClick.run(View.java:22429)
08-31 20:41:32.876 W/System.err( 1935): 	at android.os.Handler.handleCallback(Handler.java:751)
08-31 20:41:32.877 W/System.err( 1935): 	at android.os.Handler.dispatchMessage(Handler.java:95)
08-31 20:41:32.877 W/System.err( 1935): 	at android.os.Looper.loop(Looper.java:154)
08-31 20:41:32.877 W/System.err( 1935): 	at android.app.ActivityThread.main(ActivityThread.java:6190)
08-31 20:41:32.877 W/System.err( 1935): 	at java.lang.reflect.Method.invoke(Native Method)
08-31 20:41:32.877 W/System.err( 1935): 	at com.android.internal.os.ZygoteInit$MethodAndArgsCaller.run(ZygoteInit.java:892)
08-31 20:41:32.877 W/System.err( 1935): 	at com.android.internal.os.ZygoteInit.main(ZygoteInit.java:782)
08-31 20:41:32.878 E/NotificationService( 1281): Package has already posted 50 toasts. Not showing more. Package=com.android.intentfuzzer
08-31 20:41:32.879 I/ActivityManager( 1281): START u0 {cmp=org.inaturalist.android/com.google.android.gms.common.api.GoogleApiActivity} from uid 10064 on display 0
08-31 20:41:32.879 W/ActivityManager( 1281): Permission Denial: starting Intent { cmp=org.inaturalist.android/com.google.android.gms.common.api.GoogleApiActivity } from ProcessRecord{bda5613 1935:com.android.intentfuzzer/u0a64} (pid=1935, uid=10064) not exported from uid 10057
08-31 20:41:32.880 W/System.err( 1935): java.lang.Exception: Toast callstack! strTip=Send Intent Failed!
08-31 20:41:32.881 W/System.err( 1935): 	at android.widget.Toast.show(Toast.java:130)
08-31 20:41:32.881 W/System.err( 1935): 	at com.android.intentfuzzer.FuzzerActivity$3.onClick(FuzzerActivity.java:167)
08-31 20:41:32.881 W/System.err( 1935): 	at android.view.View.performClick(View.java:5637)
08-31 20:41:32.881 W/System.err( 1935): 	at android.view.View$PerformClick.run(View.java:22429)
08-31 20:41:32.881 W/System.err( 1935): 	at android.os.Handler.handleCallback(Handler.java:751)
08-31 20:41:32.881 W/System.err( 1935): 	at android.os.Handler.dispatchMessage(Handler.java:95)
08-31 20:41:32.881 W/System.err( 1935): 	at android.os.Looper.loop(Looper.java:154)
08-31 20:41:32.881 W/System.err( 1935): 	at android.app.ActivityThread.main(ActivityThread.java:6190)
08-31 20:41:32.881 W/System.err( 1935): 	at java.lang.reflect.Method.invoke(Native Method)
08-31 20:41:32.881 W/System.err( 1935): 	at com.android.internal.os.ZygoteInit$MethodAndArgsCaller.run(ZygoteInit.java:892)
08-31 20:41:32.881 W/System.err( 1935): 	at com.android.internal.os.ZygoteInit.main(ZygoteInit.java:782)
08-31 20:41:32.881 E/NotificationService( 1281): Package has already posted 50 toasts. Not showing more. Package=com.android.intentfuzzer
