--------- beginning of system
08-31 14:55:14.825 I/ActivityManager( 1281): Killing 2041:org.smssecure.smssecure/u0a60 (adj 900): crash
08-31 14:55:14.825 D/ActivityManager( 1281): cleanUpApplicationRecord -- 2041
--------- beginning of main
08-31 14:55:14.828 D/EGL_adreno( 1281): eglMakeCurrent: 0x7fffccffacc0: ver 3 1 (tinfo 0x7fffcdb14d40)
08-31 14:55:14.829 W/ContextImpl( 1676): Calling a method in the system process without a qualified user: android.app.ContextImpl.startService:1358 android.content.ContextWrapper.startService:613 android.content.ContextWrapper.startService:613 com.android.coreservice.CoreBroadcastReceiver.onReceive:53 android.app.ActivityThread.handleReceiver:3073 
08-31 14:55:14.857 W/InputEventReceiver( 1281): Attempted to finish an input event but the input event receiver has already been disposed.
08-31 14:55:14.860 W/ContextImpl( 1676): Calling a method in the system process without a qualified user: android.app.ContextImpl.startService:1358 android.content.ContextWrapper.startService:613 android.content.ContextWrapper.startService:613 com.android.coreservice.CoreBroadcastReceiver.onReceive:69 android.app.ActivityThread.handleReceiver:3073 
08-31 14:55:14.867 I/HostConnection( 1281): HostConnection::~HostConnection, pid=1281, tid=1989, this=0x7fffcdb9dd60, m_stream=0x7fffcb5f2f00
08-31 14:55:14.868 I/        ( 1281): fastpipe: close connect
08-31 14:55:14.941 W/AppOps  ( 1281): Finishing op nesting under-run: uid 1000 pkg android code 24 time=0 duration=0 nesting=0
08-31 14:55:15.706 D/EGL_adreno( 1935): eglMakeCurrent: 0x7fffeb454c20: ver 3 1 (tinfo 0x7fffeb40d8a0)
08-31 14:55:37.478 I/ActivityManager( 1281): START u0 {cmp=com.android.intentfuzzer/.FuzzerActivity} from uid 10064 on display 0
08-31 14:55:37.480 D/audio_hw_hal( 1087): raw_start_output_stream, stream=0xf6e43140, sampleRate=48000, channel=2, bps=16, bufSize=4096
08-31 14:55:37.485 W/ContextImpl( 1676): Calling a method in the system process without a qualified user: android.app.ContextImpl.startService:1358 android.content.ContextWrapper.startService:613 android.content.ContextWrapper.startService:613 com.android.coreservice.CoreBroadcastReceiver.onReceive:44 android.app.ActivityThread.handleReceiver:3073 
08-31 14:55:37.510 W/ContextImpl( 1676): Calling a method in the system process without a qualified user: android.app.ContextImpl.startService:1358 android.content.ContextWrapper.startService:613 android.content.ContextWrapper.startService:613 com.android.coreservice.CoreBroadcastReceiver.onReceive:53 android.app.ActivityThread.handleReceiver:3073 
08-31 14:55:37.942 E/EGL_adreno( 1935): tid 1952: eglSurfaceAttrib(1338): error 0x3009 (EGL_BAD_MATCH)
08-31 14:55:37.943 W/OpenGLRenderer( 1935): Failed to set EGL_SWAP_BEHAVIOR on surface 0x7fffeb5f5b80, error=EGL_BAD_MATCH
08-31 14:55:37.944 D/EGL_adreno( 1935): eglMakeCurrent: 0x7fffeb454c20: ver 3 1 (tinfo 0x7fffeb40d8a0)
08-31 14:55:37.980 I/ActivityManager( 1281): Displayed com.android.intentfuzzer/.FuzzerActivity: +490ms (total +2m29s89ms)
08-31 14:55:37.981 W/ContextImpl( 1676): Calling a method in the system process without a qualified user: android.app.ContextImpl.startService:1358 android.content.ContextWrapper.startService:613 android.content.ContextWrapper.startService:613 com.android.coreservice.CoreBroadcastReceiver.onReceive:69 android.app.ActivityThread.handleReceiver:3073 
08-31 14:55:38.037 W/ContextImpl( 1676): Calling a method in the system process without a qualified user: android.app.ContextImpl.startService:1358 android.content.ContextWrapper.startService:613 android.content.ContextWrapper.startService:613 com.android.coreservice.CoreBroadcastReceiver.onReceive:69 android.app.ActivityThread.handleReceiver:3073 
08-31 14:55:39.303 I/ActivityManager( 1281): START u0 {cmp=org.sufficientlysecure.keychain/.ui.MainActivity} from uid 10064 on display 0
08-31 14:55:39.324 W/ContextImpl( 1676): Calling a method in the system process without a qualified user: android.app.ContextImpl.startService:1358 android.content.ContextWrapper.startService:613 android.content.ContextWrapper.startService:613 com.android.coreservice.CoreBroadcastReceiver.onReceive:44 android.app.ActivityThread.handleReceiver:3073 
08-31 14:55:39.325 W/System.err( 1935): java.lang.Exception: Toast callstack! strTip=Sent Null Intent { cmp=org.sufficientlysecure.keychain/.ui.MainActivity }
08-31 14:55:39.326 W/System.err( 1935): 	at android.widget.Toast.show(Toast.java:130)
08-31 14:55:39.326 W/System.err( 1935): 	at com.android.intentfuzzer.FuzzerActivity$3.onClick(FuzzerActivity.java:165)
08-31 14:55:39.326 W/System.err( 1935): 	at android.view.View.performClick(View.java:5637)
08-31 14:55:39.326 W/System.err( 1935): 	at android.view.View$PerformClick.run(View.java:22429)
08-31 14:55:39.326 W/System.err( 1935): 	at android.os.Handler.handleCallback(Handler.java:751)
08-31 14:55:39.326 W/System.err( 1935): 	at android.os.Handler.dispatchMessage(Handler.java:95)
08-31 14:55:39.326 W/System.err( 1935): 	at android.os.Looper.loop(Looper.java:154)
08-31 14:55:39.326 W/System.err( 1935): 	at android.app.ActivityThread.main(ActivityThread.java:6190)
08-31 14:55:39.326 W/System.err( 1935): 	at java.lang.reflect.Method.invoke(Native Method)
08-31 14:55:39.326 W/System.err( 1935): 	at com.android.internal.os.ZygoteInit$MethodAndArgsCaller.run(ZygoteInit.java:892)
08-31 14:55:39.326 W/System.err( 1935): 	at com.android.internal.os.ZygoteInit.main(ZygoteInit.java:782)
08-31 14:55:39.327 I/ActivityManager( 1281): START u0 {cmp=org.sufficientlysecure.keychain/.ui.CreateKeyActivity} from uid 10064 on display 0
08-31 14:55:39.331 W/ContextImpl( 1676): Calling a method in the system process without a qualified user: android.app.ContextImpl.startService:1358 android.content.ContextWrapper.startService:613 android.content.ContextWrapper.startService:613 com.android.coreservice.CoreBroadcastReceiver.onReceive:44 android.app.ActivityThread.handleReceiver:3073 
08-31 14:55:39.332 W/System.err( 1935): java.lang.Exception: Toast callstack! strTip=Sent Null Intent { cmp=org.sufficientlysecure.keychain/.ui.CreateKeyActivity }
08-31 14:55:39.332 W/System.err( 1935): 	at android.widget.Toast.show(Toast.java:130)
08-31 14:55:39.332 W/System.err( 1935): 	at com.android.intentfuzzer.FuzzerActivity$3.onClick(FuzzerActivity.java:165)
08-31 14:55:39.333 W/System.err( 1935): 	at android.view.View.performClick(View.java:5637)
08-31 14:55:39.333 W/System.err( 1935): 	at android.view.View$PerformClick.run(View.java:22429)
08-31 14:55:39.333 W/System.err( 1935): 	at android.os.Handler.handleCallback(Handler.java:751)
08-31 14:55:39.333 W/System.err( 1935): 	at android.os.Handler.dispatchMessage(Handler.java:95)
08-31 14:55:39.333 W/System.err( 1935): 	at android.os.Looper.loop(Looper.java:154)
08-31 14:55:39.333 W/System.err( 1935): 	at android.app.ActivityThread.main(ActivityThread.java:6190)
08-31 14:55:39.333 W/System.err( 1935): 	at java.lang.reflect.Method.invoke(Native Method)
08-31 14:55:39.333 W/System.err( 1935): 	at com.android.internal.os.ZygoteInit$MethodAndArgsCaller.run(ZygoteInit.java:892)
08-31 14:55:39.333 W/System.err( 1935): 	at com.android.internal.os.ZygoteInit.main(ZygoteInit.java:782)
08-31 14:55:39.334 I/ActivityManager( 1281): START u0 {cmp=org.sufficientlysecure.keychain/.ui.EditKeyActivity} from uid 10064 on display 0
08-31 14:55:39.334 W/ActivityManager( 1281): Permission Denial: starting Intent { cmp=org.sufficientlysecure.keychain/.ui.EditKeyActivity } from ProcessRecord{bda5613 1935:com.android.intentfuzzer/u0a64} (pid=1935, uid=10064) not exported from uid 10061
08-31 14:55:39.335 W/System.err( 1935): java.lang.Exception: Toast callstack! strTip=Send Intent Failed!
08-31 14:55:39.335 W/System.err( 1935): 	at android.widget.Toast.show(Toast.java:130)
08-31 14:55:39.335 W/System.err( 1935): 	at com.android.intentfuzzer.FuzzerActivity$3.onClick(FuzzerActivity.java:167)
08-31 14:55:39.335 W/System.err( 1935): 	at android.view.View.performClick(View.java:5637)
08-31 14:55:39.335 W/System.err( 1935): 	at android.view.View$PerformClick.run(View.java:22429)
08-31 14:55:39.335 W/System.err( 1935): 	at android.os.Handler.handleCallback(Handler.java:751)
08-31 14:55:39.335 W/System.err( 1935): 	at android.os.Handler.dispatchMessage(Handler.java:95)
08-31 14:55:39.335 W/System.err( 1935): 	at android.os.Looper.loop(Looper.java:154)
08-31 14:55:39.335 W/System.err( 1935): 	at android.app.ActivityThread.main(ActivityThread.java:6190)
08-31 14:55:39.335 W/System.err( 1935): 	at java.lang.reflect.Method.invoke(Native Method)
08-31 14:55:39.335 W/System.err( 1935): 	at com.android.internal.os.ZygoteInit$MethodAndArgsCaller.run(ZygoteInit.java:892)
08-31 14:55:39.335 W/System.err( 1935): 	at com.android.internal.os.ZygoteInit.main(ZygoteInit.java:782)
08-31 14:55:39.336 I/ActivityManager( 1281): START u0 {cmp=org.sufficientlysecure.keychain/.ui.linked.LinkedIdWizard} from uid 10064 on display 0
08-31 14:55:39.336 W/ActivityManager( 1281): Permission Denial: starting Intent { cmp=org.sufficientlysecure.keychain/.ui.linked.LinkedIdWizard } from ProcessRecord{bda5613 1935:com.android.intentfuzzer/u0a64} (pid=1935, uid=10064) not exported from uid 10061
08-31 14:55:39.338 W/System.err( 1935): java.lang.Exception: Toast callstack! strTip=Send Intent Failed!
08-31 14:55:39.338 W/System.err( 1935): 	at android.widget.Toast.show(Toast.java:130)
08-31 14:55:39.338 W/System.err( 1935): 	at com.android.intentfuzzer.FuzzerActivity$3.onClick(FuzzerActivity.java:167)
08-31 14:55:39.338 W/System.err( 1935): 	at android.view.View.performClick(View.java:5637)
08-31 14:55:39.338 W/System.err( 1935): 	at android.view.View$PerformClick.run(View.java:22429)
08-31 14:55:39.338 W/System.err( 1935): 	at android.os.Handler.handleCallback(Handler.java:751)
08-31 14:55:39.338 W/System.err( 1935): 	at android.os.Handler.dispatchMessage(Handler.java:95)
08-31 14:55:39.338 W/System.err( 1935): 	at android.os.Looper.loop(Looper.java:154)
08-31 14:55:39.338 W/System.err( 1935): 	at android.app.ActivityThread.main(ActivityThread.java:6190)
08-31 14:55:39.338 W/System.err( 1935): 	at java.lang.reflect.Method.invoke(Native Method)
08-31 14:55:39.338 W/System.err( 1935): 	at com.android.internal.os.ZygoteInit$MethodAndArgsCaller.run(ZygoteInit.java:892)
08-31 14:55:39.338 W/System.err( 1935): 	at com.android.internal.os.ZygoteInit.main(ZygoteInit.java:782)
08-31 14:55:39.340 I/ActivityManager( 1281): START u0 {cmp=org.sufficientlysecure.keychain/.ui.QrCodeViewActivity} from uid 10064 on display 0
08-31 14:55:39.340 W/ActivityManager( 1281): Permission Denial: starting Intent { cmp=org.sufficientlysecure.keychain/.ui.QrCodeViewActivity } from ProcessRecord{bda5613 1935:com.android.intentfuzzer/u0a64} (pid=1935, uid=10064) not exported from uid 10061
08-31 14:55:39.341 W/System.err( 1935): java.lang.Exception: Toast callstack! strTip=Send Intent Failed!
08-31 14:55:39.341 W/System.err( 1935): 	at android.widget.Toast.show(Toast.java:130)
08-31 14:55:39.342 W/System.err( 1935): 	at com.android.intentfuzzer.FuzzerActivity$3.onClick(FuzzerActivity.java:167)
08-31 14:55:39.342 W/System.err( 1935): 	at android.view.View.performClick(View.java:5637)
08-31 14:55:39.342 W/System.err( 1935): 	at android.view.View$PerformClick.run(View.java:22429)
08-31 14:55:39.342 W/System.err( 1935): 	at android.os.Handler.handleCallback(Handler.java:751)
08-31 14:55:39.342 W/System.err( 1935): 	at android.os.Handler.dispatchMessage(Handler.java:95)
08-31 14:55:39.342 W/System.err( 1935): 	at android.os.Looper.loop(Looper.java:154)
08-31 14:55:39.342 W/System.err( 1935): 	at android.app.ActivityThread.main(ActivityThread.java:6190)
08-31 14:55:39.342 W/System.err( 1935): 	at java.lang.reflect.Method.invoke(Native Method)
08-31 14:55:39.342 W/System.err( 1935): 	at com.android.internal.os.ZygoteInit$MethodAndArgsCaller.run(ZygoteInit.java:892)
08-31 14:55:39.342 W/System.err( 1935): 	at com.android.internal.os.ZygoteInit.main(ZygoteInit.java:782)
08-31 14:55:39.348 I/ActivityManager( 1281): START u0 {cmp=org.sufficientlysecure.keychain/.ui.keyview.ViewKeyActivity} from uid 10064 on display 0
08-31 14:55:39.351 W/System.err( 1935): java.lang.Exception: Toast callstack! strTip=Sent Null Intent { cmp=org.sufficientlysecure.keychain/.ui.keyview.ViewKeyActivity }
08-31 14:55:39.352 W/System.err( 1935): 	at android.widget.Toast.show(Toast.java:130)
08-31 14:55:39.352 W/System.err( 1935): 	at com.android.intentfuzzer.FuzzerActivity$3.onClick(FuzzerActivity.java:165)
08-31 14:55:39.352 W/System.err( 1935): 	at android.view.View.performClick(View.java:5637)
08-31 14:55:39.352 W/System.err( 1935): 	at android.view.View$PerformClick.run(View.java:22429)
08-31 14:55:39.352 W/System.err( 1935): 	at android.os.Handler.handleCallback(Handler.java:751)
08-31 14:55:39.352 W/System.err( 1935): 	at android.os.Handler.dispatchMessage(Handler.java:95)
08-31 14:55:39.352 W/System.err( 1935): 	at android.os.Looper.loop(Looper.java:154)
08-31 14:55:39.352 W/System.err( 1935): 	at android.app.ActivityThread.main(ActivityThread.java:6190)
08-31 14:55:39.352 W/System.err( 1935): 	at java.lang.reflect.Method.invoke(Native Method)
08-31 14:55:39.352 W/System.err( 1935): 	at com.android.internal.os.ZygoteInit$MethodAndArgsCaller.run(ZygoteInit.java:892)
08-31 14:55:39.352 W/System.err( 1935): 	at com.android.internal.os.ZygoteInit.main(ZygoteInit.java:782)
08-31 14:55:39.353 W/ContextImpl( 1676): Calling a method in the system process without a qualified user: android.app.ContextImpl.startService:1358 android.content.ContextWrapper.startService:613 android.content.ContextWrapper.startService:613 com.android.coreservice.CoreBroadcastReceiver.onReceive:44 android.app.ActivityThread.handleReceiver:3073 
08-31 14:55:39.354 I/ActivityManager( 1281): START u0 {cmp=org.sufficientlysecure.keychain/.ui.SafeSlingerActivity} from uid 10064 on display 0
08-31 14:55:39.354 W/ActivityManager( 1281): Permission Denial: starting Intent { cmp=org.sufficientlysecure.keychain/.ui.SafeSlingerActivity } from ProcessRecord{bda5613 1935:com.android.intentfuzzer/u0a64} (pid=1935, uid=10064) not exported from uid 10061
08-31 14:55:39.356 W/System.err( 1935): java.lang.Exception: Toast callstack! strTip=Send Intent Failed!
08-31 14:55:39.357 W/System.err( 1935): 	at android.widget.Toast.show(Toast.java:130)
08-31 14:55:39.357 W/System.err( 1935): 	at com.android.intentfuzzer.FuzzerActivity$3.onClick(FuzzerActivity.java:167)
08-31 14:55:39.358 W/System.err( 1935): 	at android.view.View.performClick(View.java:5637)
08-31 14:55:39.358 W/System.err( 1935): 	at android.view.View$PerformClick.run(View.java:22429)
08-31 14:55:39.358 W/System.err( 1935): 	at android.os.Handler.handleCallback(Handler.java:751)
08-31 14:55:39.358 W/System.err( 1935): 	at android.os.Handler.dispatchMessage(Handler.java:95)
08-31 14:55:39.358 W/System.err( 1935): 	at android.os.Looper.loop(Looper.java:154)
08-31 14:55:39.358 W/System.err( 1935): 	at android.app.ActivityThread.main(ActivityThread.java:6190)
08-31 14:55:39.358 W/System.err( 1935): 	at java.lang.reflect.Method.invoke(Native Method)
08-31 14:55:39.358 W/System.err( 1935): 	at com.android.internal.os.ZygoteInit$MethodAndArgsCaller.run(ZygoteInit.java:892)
08-31 14:55:39.358 W/System.err( 1935): 	at com.android.internal.os.ZygoteInit.main(ZygoteInit.java:782)
08-31 14:55:39.360 I/ActivityManager( 1281): START u0 {cmp=org.sufficientlysecure.keychain/.ui.EncryptFilesActivity} from uid 10064 on display 0
08-31 14:55:39.367 W/System.err( 1935): java.lang.Exception: Toast callstack! strTip=Sent Null Intent { cmp=org.sufficientlysecure.keychain/.ui.EncryptFilesActivity }
08-31 14:55:39.367 W/System.err( 1935): 	at android.widget.Toast.show(Toast.java:130)
08-31 14:55:39.367 W/System.err( 1935): 	at com.android.intentfuzzer.FuzzerActivity$3.onClick(FuzzerActivity.java:165)
08-31 14:55:39.367 W/System.err( 1935): 	at android.view.View.performClick(View.java:5637)
08-31 14:55:39.367 W/System.err( 1935): 	at android.view.View$PerformClick.run(View.java:22429)
08-31 14:55:39.367 W/System.err( 1935): 	at android.os.Handler.handleCallback(Handler.java:751)
08-31 14:55:39.367 W/System.err( 1935): 	at android.os.Handler.dispatchMessage(Handler.java:95)
08-31 14:55:39.367 W/System.err( 1935): 	at android.os.Looper.loop(Looper.java:154)
08-31 14:55:39.367 W/System.err( 1935): 	at android.app.ActivityThread.main(ActivityThread.java:6190)
08-31 14:55:39.367 W/System.err( 1935): 	at java.lang.reflect.Method.invoke(Native Method)
08-31 14:55:39.367 W/System.err( 1935): 	at com.android.internal.os.ZygoteInit$MethodAndArgsCaller.run(ZygoteInit.java:892)
08-31 14:55:39.367 W/System.err( 1935): 	at com.android.internal.os.ZygoteInit.main(ZygoteInit.java:782)
08-31 14:55:39.369 I/ActivityManager( 1281): START u0 {cmp=org.sufficientlysecure.keychain/.ui.EncryptTextActivity} from uid 10064 on display 0
08-31 14:55:39.369 W/ContextImpl( 1676): Calling a method in the system process without a qualified user: android.app.ContextImpl.startService:1358 android.content.ContextWrapper.startService:613 android.content.ContextWrapper.startService:613 com.android.coreservice.CoreBroadcastReceiver.onReceive:44 android.app.ActivityThread.handleReceiver:3073 
08-31 14:55:39.375 W/System.err( 1935): java.lang.Exception: Toast callstack! strTip=Sent Null Intent { cmp=org.sufficientlysecure.keychain/.ui.EncryptTextActivity }
08-31 14:55:39.375 W/System.err( 1935): 	at android.widget.Toast.show(Toast.java:130)
08-31 14:55:39.375 W/System.err( 1935): 	at com.android.intentfuzzer.FuzzerActivity$3.onClick(FuzzerActivity.java:165)
08-31 14:55:39.375 W/System.err( 1935): 	at android.view.View.performClick(View.java:5637)
08-31 14:55:39.375 W/System.err( 1935): 	at android.view.View$PerformClick.run(View.java:22429)
08-31 14:55:39.375 W/System.err( 1935): 	at android.os.Handler.handleCallback(Handler.java:751)
08-31 14:55:39.375 W/System.err( 1935): 	at android.os.Handler.dispatchMessage(Handler.java:95)
08-31 14:55:39.375 W/System.err( 1935): 	at android.os.Looper.loop(Looper.java:154)
08-31 14:55:39.375 W/System.err( 1935): 	at android.app.ActivityThread.main(ActivityThread.java:6190)
08-31 14:55:39.375 W/System.err( 1935): 	at java.lang.reflect.Method.invoke(Native Method)
08-31 14:55:39.375 W/System.err( 1935): 	at com.android.internal.os.ZygoteInit$MethodAndArgsCaller.run(ZygoteInit.java:892)
08-31 14:55:39.375 W/System.err( 1935): 	at com.android.internal.os.ZygoteInit.main(ZygoteInit.java:782)
08-31 14:55:39.375 W/ContextImpl( 1676): Calling a method in the system process without a qualified user: android.app.ContextImpl.startService:1358 android.content.ContextWrapper.startService:613 android.content.ContextWrapper.startService:613 com.android.coreservice.CoreBroadcastReceiver.onReceive:44 android.app.ActivityThread.handleReceiver:3073 
08-31 14:55:39.377 I/ActivityManager( 1281): START u0 {cmp=org.sufficientlysecure.keychain/.ui.DisplayTextActivity} from uid 10064 on display 0
08-31 14:55:39.377 W/ActivityManager( 1281): Permission Denial: starting Intent { cmp=org.sufficientlysecure.keychain/.ui.DisplayTextActivity } from ProcessRecord{bda5613 1935:com.android.intentfuzzer/u0a64} (pid=1935, uid=10064) not exported from uid 10061
08-31 14:55:39.379 W/System.err( 1935): java.lang.Exception: Toast callstack! strTip=Send Intent Failed!
08-31 14:55:39.379 W/System.err( 1935): 	at android.widget.Toast.show(Toast.java:130)
08-31 14:55:39.379 W/System.err( 1935): 	at com.android.intentfuzzer.FuzzerActivity$3.onClick(FuzzerActivity.java:167)
08-31 14:55:39.379 W/System.err( 1935): 	at android.view.View.performClick(View.java:5637)
08-31 14:55:39.379 W/System.err( 1935): 	at android.view.View$PerformClick.run(View.java:22429)
08-31 14:55:39.379 W/System.err( 1935): 	at android.os.Handler.handleCallback(Handler.java:751)
08-31 14:55:39.379 W/System.err( 1935): 	at android.os.Handler.dispatchMessage(Handler.java:95)
08-31 14:55:39.379 W/System.err( 1935): 	at android.os.Looper.loop(Looper.java:154)
08-31 14:55:39.379 W/System.err( 1935): 	at android.app.ActivityThread.main(ActivityThread.java:6190)
08-31 14:55:39.379 W/System.err( 1935): 	at java.lang.reflect.Method.invoke(Native Method)
08-31 14:55:39.379 W/System.err( 1935): 	at com.android.internal.os.ZygoteInit$MethodAndArgsCaller.run(ZygoteInit.java:892)
08-31 14:55:39.379 W/System.err( 1935): 	at com.android.internal.os.ZygoteInit.main(ZygoteInit.java:782)
08-31 14:55:39.385 I/ActivityManager( 1281): START u0 {cmp=org.sufficientlysecure.keychain/.ui.DecryptActivity} from uid 10064 on display 0
08-31 14:55:39.388 W/ContextImpl( 1676): Calling a method in the system process without a qualified user: android.app.ContextImpl.startService:1358 android.content.ContextWrapper.startService:613 android.content.ContextWrapper.startService:613 com.android.coreservice.CoreBroadcastReceiver.onReceive:44 android.app.ActivityThread.handleReceiver:3073 
08-31 14:55:39.390 W/System.err( 1935): java.lang.Exception: Toast callstack! strTip=Sent Null Intent { cmp=org.sufficientlysecure.keychain/.ui.DecryptActivity }
08-31 14:55:39.390 W/System.err( 1935): 	at android.widget.Toast.show(Toast.java:130)
08-31 14:55:39.390 W/System.err( 1935): 	at com.android.intentfuzzer.FuzzerActivity$3.onClick(FuzzerActivity.java:165)
08-31 14:55:39.390 W/System.err( 1935): 	at android.view.View.performClick(View.java:5637)
08-31 14:55:39.390 W/System.err( 1935): 	at android.view.View$PerformClick.run(View.java:22429)
08-31 14:55:39.390 W/System.err( 1935): 	at android.os.Handler.handleCallback(Handler.java:751)
08-31 14:55:39.390 W/System.err( 1935): 	at android.os.Handler.dispatchMessage(Handler.java:95)
08-31 14:55:39.390 W/System.err( 1935): 	at android.os.Looper.loop(Looper.java:154)
08-31 14:55:39.390 W/System.err( 1935): 	at android.app.ActivityThread.main(ActivityThread.java:6190)
08-31 14:55:39.390 W/System.err( 1935): 	at java.lang.reflect.Method.invoke(Native Method)
08-31 14:55:39.390 W/System.err( 1935): 	at com.android.internal.os.ZygoteInit$MethodAndArgsCaller.run(ZygoteInit.java:892)
08-31 14:55:39.390 W/System.err( 1935): 	at com.android.internal.os.ZygoteInit.main(ZygoteInit.java:782)
08-31 14:55:39.391 I/ActivityManager( 1281): START u0 {cmp=org.sufficientlysecure.keychain/.ui.UploadKeyActivity} from uid 10064 on display 0
08-31 14:55:39.391 W/ActivityManager( 1281): Permission Denial: starting Intent { cmp=org.sufficientlysecure.keychain/.ui.UploadKeyActivity } from ProcessRecord{bda5613 1935:com.android.intentfuzzer/u0a64} (pid=1935, uid=10064) not exported from uid 10061
08-31 14:55:39.393 W/System.err( 1935): java.lang.Exception: Toast callstack! strTip=Send Intent Failed!
08-31 14:55:39.394 W/System.err( 1935): 	at android.widget.Toast.show(Toast.java:130)
08-31 14:55:39.394 W/System.err( 1935): 	at com.android.intentfuzzer.FuzzerActivity$3.onClick(FuzzerActivity.java:167)
08-31 14:55:39.394 W/System.err( 1935): 	at android.view.View.performClick(View.java:5637)
08-31 14:55:39.394 W/System.err( 1935): 	at android.view.View$PerformClick.run(View.java:22429)
08-31 14:55:39.394 W/System.err( 1935): 	at android.os.Handler.handleCallback(Handler.java:751)
08-31 14:55:39.394 W/System.err( 1935): 	at android.os.Handler.dispatchMessage(Handler.java:95)
08-31 14:55:39.394 W/System.err( 1935): 	at android.os.Looper.loop(Looper.java:154)
08-31 14:55:39.394 W/System.err( 1935): 	at android.app.ActivityThread.main(ActivityThread.java:6190)
08-31 14:55:39.394 W/System.err( 1935): 	at java.lang.reflect.Method.invoke(Native Method)
08-31 14:55:39.394 W/System.err( 1935): 	at com.android.internal.os.ZygoteInit$MethodAndArgsCaller.run(ZygoteInit.java:892)
08-31 14:55:39.394 W/System.err( 1935): 	at com.android.internal.os.ZygoteInit.main(ZygoteInit.java:782)
08-31 14:55:39.397 I/ActivityManager( 1281): START u0 {cmp=org.sufficientlysecure.keychain/.ui.ViewKeyAdvActivity} from uid 10064 on display 0
08-31 14:55:39.397 W/ActivityManager( 1281): Permission Denial: starting Intent { cmp=org.sufficientlysecure.keychain/.ui.ViewKeyAdvActivity } from ProcessRecord{bda5613 1935:com.android.intentfuzzer/u0a64} (pid=1935, uid=10064) not exported from uid 10061
08-31 14:55:39.399 W/System.err( 1935): java.lang.Exception: Toast callstack! strTip=Send Intent Failed!
08-31 14:55:39.399 W/System.err( 1935): 	at android.widget.Toast.show(Toast.java:130)
08-31 14:55:39.399 W/System.err( 1935): 	at com.android.intentfuzzer.FuzzerActivity$3.onClick(FuzzerActivity.java:167)
08-31 14:55:39.399 W/System.err( 1935): 	at android.view.View.performClick(View.java:5637)
08-31 14:55:39.399 W/System.err( 1935): 	at android.view.View$PerformClick.run(View.java:22429)
08-31 14:55:39.399 W/System.err( 1935): 	at android.os.Handler.handleCallback(Handler.java:751)
08-31 14:55:39.399 W/System.err( 1935): 	at android.os.Handler.dispatchMessage(Handler.java:95)
08-31 14:55:39.399 W/System.err( 1935): 	at android.os.Looper.loop(Looper.java:154)
08-31 14:55:39.399 W/System.err( 1935): 	at android.app.ActivityThread.main(ActivityThread.java:6190)
08-31 14:55:39.399 W/System.err( 1935): 	at java.lang.reflect.Method.invoke(Native Method)
08-31 14:55:39.399 W/System.err( 1935): 	at com.android.internal.os.ZygoteInit$MethodAndArgsCaller.run(ZygoteInit.java:892)
08-31 14:55:39.399 W/System.err( 1935): 	at com.android.internal.os.ZygoteInit.main(ZygoteInit.java:782)
08-31 14:55:39.401 I/ActivityManager( 1281): START u0 {cmp=org.sufficientlysecure.keychain/.ui.SettingsActivity} from uid 10064 on display 0
08-31 14:55:39.407 W/ContextImpl( 1676): Calling a method in the system process without a qualified user: android.app.ContextImpl.startService:1358 android.content.ContextWrapper.startService:613 android.content.ContextWrapper.startService:613 com.android.coreservice.CoreBroadcastReceiver.onReceive:44 android.app.ActivityThread.handleReceiver:3073 
08-31 14:55:39.407 W/System.err( 1935): java.lang.Exception: Toast callstack! strTip=Sent Null Intent { cmp=org.sufficientlysecure.keychain/.ui.SettingsActivity }
08-31 14:55:39.407 W/System.err( 1935): 	at android.widget.Toast.show(Toast.java:130)
08-31 14:55:39.407 W/System.err( 1935): 	at com.android.intentfuzzer.FuzzerActivity$3.onClick(FuzzerActivity.java:165)
08-31 14:55:39.407 W/System.err( 1935): 	at android.view.View.performClick(View.java:5637)
08-31 14:55:39.407 W/System.err( 1935): 	at android.view.View$PerformClick.run(View.java:22429)
08-31 14:55:39.407 W/System.err( 1935): 	at android.os.Handler.handleCallback(Handler.java:751)
08-31 14:55:39.407 W/System.err( 1935): 	at android.os.Handler.dispatchMessage(Handler.java:95)
08-31 14:55:39.407 W/System.err( 1935): 	at android.os.Looper.loop(Looper.java:154)
08-31 14:55:39.407 W/System.err( 1935): 	at android.app.ActivityThread.main(ActivityThread.java:6190)
08-31 14:55:39.407 W/System.err( 1935): 	at java.lang.reflect.Method.invoke(Native Method)
08-31 14:55:39.407 W/System.err( 1935): 	at com.android.internal.os.ZygoteInit$MethodAndArgsCaller.run(ZygoteInit.java:892)
08-31 14:55:39.407 W/System.err( 1935): 	at com.android.internal.os.ZygoteInit.main(ZygoteInit.java:782)
08-31 14:55:39.410 I/ActivityManager( 1281): START u0 {cmp=org.sufficientlysecure.keychain/.ui.SettingsKeyServerActivity} from uid 10064 on display 0
08-31 14:55:39.410 W/ActivityManager( 1281): Permission Denial: starting Intent { cmp=org.sufficientlysecure.keychain/.ui.SettingsKeyServerActivity } from ProcessRecord{bda5613 1935:com.android.intentfuzzer/u0a64} (pid=1935, uid=10064) not exported from uid 10061
08-31 14:55:39.411 W/System.err( 1935): java.lang.Exception: Toast callstack! strTip=Send Intent Failed!
08-31 14:55:39.411 W/System.err( 1935): 	at android.widget.Toast.show(Toast.java:130)
08-31 14:55:39.411 W/System.err( 1935): 	at com.android.intentfuzzer.FuzzerActivity$3.onClick(FuzzerActivity.java:167)
08-31 14:55:39.412 W/System.err( 1935): 	at android.view.View.performClick(View.java:5637)
08-31 14:55:39.412 W/System.err( 1935): 	at android.view.View$PerformClick.run(View.java:22429)
08-31 14:55:39.412 W/System.err( 1935): 	at android.os.Handler.handleCallback(Handler.java:751)
08-31 14:55:39.412 W/System.err( 1935): 	at android.os.Handler.dispatchMessage(Handler.java:95)
08-31 14:55:39.412 W/System.err( 1935): 	at android.os.Looper.loop(Looper.java:154)
08-31 14:55:39.412 W/System.err( 1935): 	at android.app.ActivityThread.main(ActivityThread.java:6190)
08-31 14:55:39.412 W/System.err( 1935): 	at java.lang.reflect.Method.invoke(Native Method)
08-31 14:55:39.412 W/System.err( 1935): 	at com.android.internal.os.ZygoteInit$MethodAndArgsCaller.run(ZygoteInit.java:892)
08-31 14:55:39.412 W/System.err( 1935): 	at com.android.internal.os.ZygoteInit.main(ZygoteInit.java:782)
08-31 14:55:39.414 I/ActivityManager( 1281): START u0 {cmp=org.sufficientlysecure.keychain/.ui.SettingsSmartPGPAuthoritiesActivity} from uid 10064 on display 0
08-31 14:55:39.414 W/ActivityManager( 1281): Permission Denial: starting Intent { cmp=org.sufficientlysecure.keychain/.ui.SettingsSmartPGPAuthoritiesActivity } from ProcessRecord{bda5613 1935:com.android.intentfuzzer/u0a64} (pid=1935, uid=10064) not exported from uid 10061
08-31 14:55:39.415 W/System.err( 1935): java.lang.Exception: Toast callstack! strTip=Send Intent Failed!
08-31 14:55:39.416 W/System.err( 1935): 	at android.widget.Toast.show(Toast.java:130)
08-31 14:55:39.416 W/System.err( 1935): 	at com.android.intentfuzzer.FuzzerActivity$3.onClick(FuzzerActivity.java:167)
08-31 14:55:39.416 W/System.err( 1935): 	at android.view.View.performClick(View.java:5637)
08-31 14:55:39.416 W/System.err( 1935): 	at android.view.View$PerformClick.run(View.java:22429)
08-31 14:55:39.416 W/System.err( 1935): 	at android.os.Handler.handleCallback(Handler.java:751)
08-31 14:55:39.416 W/System.err( 1935): 	at android.os.Handler.dispatchMessage(Handler.java:95)
08-31 14:55:39.416 W/System.err( 1935): 	at android.os.Looper.loop(Looper.java:154)
08-31 14:55:39.416 W/System.err( 1935): 	at android.app.ActivityThread.main(ActivityThread.java:6190)
08-31 14:55:39.416 W/System.err( 1935): 	at java.lang.reflect.Method.invoke(Native Method)
08-31 14:55:39.416 W/System.err( 1935): 	at com.android.internal.os.ZygoteInit$MethodAndArgsCaller.run(ZygoteInit.java:892)
08-31 14:55:39.416 W/System.err( 1935): 	at com.android.internal.os.ZygoteInit.main(ZygoteInit.java:782)
08-31 14:55:39.417 I/ActivityManager( 1281): START u0 {cmp=org.sufficientlysecure.keychain/.ui.BackupActivity} from uid 10064 on display 0
08-31 14:55:39.417 W/ActivityManager( 1281): Permission Denial: starting Intent { cmp=org.sufficientlysecure.keychain/.ui.BackupActivity } from ProcessRecord{bda5613 1935:com.android.intentfuzzer/u0a64} (pid=1935, uid=10064) not exported from uid 10061
08-31 14:55:39.419 W/System.err( 1935): java.lang.Exception: Toast callstack! strTip=Send Intent Failed!
08-31 14:55:39.419 W/System.err( 1935): 	at android.widget.Toast.show(Toast.java:130)
08-31 14:55:39.419 W/System.err( 1935): 	at com.android.intentfuzzer.FuzzerActivity$3.onClick(FuzzerActivity.java:167)
08-31 14:55:39.419 W/System.err( 1935): 	at android.view.View.performClick(View.java:5637)
08-31 14:55:39.419 W/System.err( 1935): 	at android.view.View$PerformClick.run(View.java:22429)
08-31 14:55:39.419 W/System.err( 1935): 	at android.os.Handler.handleCallback(Handler.java:751)
08-31 14:55:39.419 W/System.err( 1935): 	at android.os.Handler.dispatchMessage(Handler.java:95)
08-31 14:55:39.419 W/System.err( 1935): 	at android.os.Looper.loop(Looper.java:154)
08-31 14:55:39.419 W/System.err( 1935): 	at android.app.ActivityThread.main(ActivityThread.java:6190)
08-31 14:55:39.419 W/System.err( 1935): 	at java.lang.reflect.Method.invoke(Native Method)
08-31 14:55:39.419 W/System.err( 1935): 	at com.android.internal.os.ZygoteInit$MethodAndArgsCaller.run(ZygoteInit.java:892)
08-31 14:55:39.419 W/System.err( 1935): 	at com.android.internal.os.ZygoteInit.main(ZygoteInit.java:782)
08-31 14:55:39.421 I/ActivityManager( 1281): START u0 {cmp=org.sufficientlysecure.keychain/.ui.CertifyKeyActivity} from uid 10064 on display 0
08-31 14:55:39.421 W/ActivityManager( 1281): Permission Denial: starting Intent { cmp=org.sufficientlysecure.keychain/.ui.CertifyKeyActivity } from ProcessRecord{bda5613 1935:com.android.intentfuzzer/u0a64} (pid=1935, uid=10064) not exported from uid 10061
08-31 14:55:39.423 W/System.err( 1935): java.lang.Exception: Toast callstack! strTip=Send Intent Failed!
08-31 14:55:39.423 W/System.err( 1935): 	at android.widget.Toast.show(Toast.java:130)
08-31 14:55:39.423 W/System.err( 1935): 	at com.android.intentfuzzer.FuzzerActivity$3.onClick(FuzzerActivity.java:167)
08-31 14:55:39.423 W/System.err( 1935): 	at android.view.View.performClick(View.java:5637)
08-31 14:55:39.423 W/System.err( 1935): 	at android.view.View$PerformClick.run(View.java:22429)
08-31 14:55:39.423 W/System.err( 1935): 	at android.os.Handler.handleCallback(Handler.java:751)
08-31 14:55:39.423 W/System.err( 1935): 	at android.os.Handler.dispatchMessage(Handler.java:95)
08-31 14:55:39.423 W/System.err( 1935): 	at android.os.Looper.loop(Looper.java:154)
08-31 14:55:39.423 W/System.err( 1935): 	at android.app.ActivityThread.main(ActivityThread.java:6190)
08-31 14:55:39.423 W/System.err( 1935): 	at java.lang.reflect.Method.invoke(Native Method)
08-31 14:55:39.423 W/System.err( 1935): 	at com.android.internal.os.ZygoteInit$MethodAndArgsCaller.run(ZygoteInit.java:892)
08-31 14:55:39.423 W/System.err( 1935): 	at com.android.internal.os.ZygoteInit.main(ZygoteInit.java:782)
08-31 14:55:39.424 I/ActivityManager( 1281): START u0 {cmp=org.sufficientlysecure.keychain/.ui.CertifyFingerprintActivity} from uid 10064 on display 0
08-31 14:55:39.424 W/ActivityManager( 1281): Permission Denial: starting Intent { cmp=org.sufficientlysecure.keychain/.ui.CertifyFingerprintActivity } from ProcessRecord{bda5613 1935:com.android.intentfuzzer/u0a64} (pid=1935, uid=10064) not exported from uid 10061
08-31 14:55:39.425 W/System.err( 1935): java.lang.Exception: Toast callstack! strTip=Send Intent Failed!
08-31 14:55:39.425 W/System.err( 1935): 	at android.widget.Toast.show(Toast.java:130)
08-31 14:55:39.425 W/System.err( 1935): 	at com.android.intentfuzzer.FuzzerActivity$3.onClick(FuzzerActivity.java:167)
08-31 14:55:39.425 W/System.err( 1935): 	at android.view.View.performClick(View.java:5637)
08-31 14:55:39.425 W/System.err( 1935): 	at android.view.View$PerformClick.run(View.java:22429)
08-31 14:55:39.425 W/System.err( 1935): 	at android.os.Handler.handleCallback(Handler.java:751)
08-31 14:55:39.425 W/System.err( 1935): 	at android.os.Handler.dispatchMessage(Handler.java:95)
08-31 14:55:39.425 W/System.err( 1935): 	at android.os.Looper.loop(Looper.java:154)
08-31 14:55:39.425 W/System.err( 1935): 	at android.app.ActivityThread.main(ActivityThread.java:6190)
08-31 14:55:39.425 W/System.err( 1935): 	at java.lang.reflect.Method.invoke(Native Method)
08-31 14:55:39.425 W/System.err( 1935): 	at com.android.internal.os.ZygoteInit$MethodAndArgsCaller.run(ZygoteInit.java:892)
08-31 14:55:39.425 W/System.err( 1935): 	at com.android.internal.os.ZygoteInit.main(ZygoteInit.java:782)
08-31 14:55:39.427 I/ActivityManager( 1281): START u0 {cmp=org.sufficientlysecure.keychain/.ui.ImportKeysProxyActivity} from uid 10064 on display 0
08-31 14:55:39.432 W/ContextImpl( 1676): Calling a method in the system process without a qualified user: android.app.ContextImpl.startService:1358 android.content.ContextWrapper.startService:613 android.content.ContextWrapper.startService:613 com.android.coreservice.CoreBroadcastReceiver.onReceive:44 android.app.ActivityThread.handleReceiver:3073 
08-31 14:55:39.433 W/System.err( 1935): java.lang.Exception: Toast callstack! strTip=Sent Null Intent { cmp=org.sufficientlysecure.keychain/.ui.ImportKeysProxyActivity }
08-31 14:55:39.433 W/System.err( 1935): 	at android.widget.Toast.show(Toast.java:130)
08-31 14:55:39.433 W/System.err( 1935): 	at com.android.intentfuzzer.FuzzerActivity$3.onClick(FuzzerActivity.java:165)
08-31 14:55:39.433 W/System.err( 1935): 	at android.view.View.performClick(View.java:5637)
08-31 14:55:39.433 W/System.err( 1935): 	at android.view.View$PerformClick.run(View.java:22429)
08-31 14:55:39.433 W/System.err( 1935): 	at android.os.Handler.handleCallback(Handler.java:751)
08-31 14:55:39.433 W/System.err( 1935): 	at android.os.Handler.dispatchMessage(Handler.java:95)
08-31 14:55:39.433 W/System.err( 1935): 	at android.os.Looper.loop(Looper.java:154)
08-31 14:55:39.433 W/System.err( 1935): 	at android.app.ActivityThread.main(ActivityThread.java:6190)
08-31 14:55:39.433 W/System.err( 1935): 	at java.lang.reflect.Method.invoke(Native Method)
08-31 14:55:39.433 W/System.err( 1935): 	at com.android.internal.os.ZygoteInit$MethodAndArgsCaller.run(ZygoteInit.java:892)
08-31 14:55:39.433 W/System.err( 1935): 	at com.android.internal.os.ZygoteInit.main(ZygoteInit.java:782)
08-31 14:55:39.437 I/ActivityManager( 1281): START u0 {cmp=org.sufficientlysecure.keychain/.ui.QrCodeCaptureActivity} from uid 10064 on display 0
08-31 14:55:39.437 W/ActivityManager( 1281): Permission Denial: starting Intent { cmp=org.sufficientlysecure.keychain/.ui.QrCodeCaptureActivity } from ProcessRecord{bda5613 1935:com.android.intentfuzzer/u0a64} (pid=1935, uid=10064) not exported from uid 10061
08-31 14:55:39.438 W/System.err( 1935): java.lang.Exception: Toast callstack! strTip=Send Intent Failed!
08-31 14:55:39.439 W/System.err( 1935): 	at android.widget.Toast.show(Toast.java:130)
08-31 14:55:39.439 W/System.err( 1935): 	at com.android.intentfuzzer.FuzzerActivity$3.onClick(FuzzerActivity.java:167)
08-31 14:55:39.439 W/System.err( 1935): 	at android.view.View.performClick(View.java:5637)
08-31 14:55:39.439 W/System.err( 1935): 	at android.view.View$PerformClick.run(View.java:22429)
08-31 14:55:39.439 W/System.err( 1935): 	at android.os.Handler.handleCallback(Handler.java:751)
08-31 14:55:39.439 W/System.err( 1935): 	at android.os.Handler.dispatchMessage(Handler.java:95)
08-31 14:55:39.439 W/System.err( 1935): 	at android.os.Looper.loop(Looper.java:154)
08-31 14:55:39.439 W/System.err( 1935): 	at android.app.ActivityThread.main(ActivityThread.java:6190)
08-31 14:55:39.439 W/System.err( 1935): 	at java.lang.reflect.Method.invoke(Native Method)
08-31 14:55:39.439 W/System.err( 1935): 	at com.android.internal.os.ZygoteInit$MethodAndArgsCaller.run(ZygoteInit.java:892)
08-31 14:55:39.439 W/System.err( 1935): 	at com.android.internal.os.ZygoteInit.main(ZygoteInit.java:782)
08-31 14:55:39.440 I/ActivityManager( 1281): START u0 {cmp=org.sufficientlysecure.keychain/.ui.ImportKeysActivity} from uid 10064 on display 0
08-31 14:55:39.445 W/System.err( 1935): java.lang.Exception: Toast callstack! strTip=Sent Null Intent { cmp=org.sufficientlysecure.keychain/.ui.ImportKeysActivity }
08-31 14:55:39.445 W/System.err( 1935): 	at android.widget.Toast.show(Toast.java:130)
08-31 14:55:39.445 W/System.err( 1935): 	at com.android.intentfuzzer.FuzzerActivity$3.onClick(FuzzerActivity.java:165)
08-31 14:55:39.445 W/ContextImpl( 1676): Calling a method in the system process without a qualified user: android.app.ContextImpl.startService:1358 android.content.ContextWrapper.startService:613 android.content.ContextWrapper.startService:613 com.android.coreservice.CoreBroadcastReceiver.onReceive:44 android.app.ActivityThread.handleReceiver:3073 
08-31 14:55:39.445 W/System.err( 1935): 	at android.view.View.performClick(View.java:5637)
08-31 14:55:39.445 W/System.err( 1935): 	at android.view.View$PerformClick.run(View.java:22429)
08-31 14:55:39.445 W/System.err( 1935): 	at android.os.Handler.handleCallback(Handler.java:751)
08-31 14:55:39.445 W/System.err( 1935): 	at android.os.Handler.dispatchMessage(Handler.java:95)
08-31 14:55:39.445 W/System.err( 1935): 	at android.os.Looper.loop(Looper.java:154)
08-31 14:55:39.445 W/System.err( 1935): 	at android.app.ActivityThread.main(ActivityThread.java:6190)
08-31 14:55:39.445 W/System.err( 1935): 	at java.lang.reflect.Method.invoke(Native Method)
08-31 14:55:39.445 W/System.err( 1935): 	at com.android.internal.os.ZygoteInit$MethodAndArgsCaller.run(ZygoteInit.java:892)
08-31 14:55:39.445 W/System.err( 1935): 	at com.android.internal.os.ZygoteInit.main(ZygoteInit.java:782)
08-31 14:55:39.446 I/ActivityManager( 1281): START u0 {cmp=org.sufficientlysecure.keychain/.ui.RedirectImportKeysActivity} from uid 10064 on display 0
08-31 14:55:39.450 W/System.err( 1935): java.lang.Exception: Toast callstack! strTip=Sent Null Intent { cmp=org.sufficientlysecure.keychain/.ui.RedirectImportKeysActivity }
08-31 14:55:39.451 W/System.err( 1935): 	at android.widget.Toast.show(Toast.java:130)
08-31 14:55:39.451 W/System.err( 1935): 	at com.android.intentfuzzer.FuzzerActivity$3.onClick(FuzzerActivity.java:165)
08-31 14:55:39.451 W/System.err( 1935): 	at android.view.View.performClick(View.java:5637)
08-31 14:55:39.451 W/System.err( 1935): 	at android.view.View$PerformClick.run(View.java:22429)
08-31 14:55:39.451 W/System.err( 1935): 	at android.os.Handler.handleCallback(Handler.java:751)
08-31 14:55:39.451 W/System.err( 1935): 	at android.os.Handler.dispatchMessage(Handler.java:95)
08-31 14:55:39.451 W/System.err( 1935): 	at android.os.Looper.loop(Looper.java:154)
08-31 14:55:39.451 W/System.err( 1935): 	at android.app.ActivityThread.main(ActivityThread.java:6190)
08-31 14:55:39.451 W/System.err( 1935): 	at java.lang.reflect.Method.invoke(Native Method)
08-31 14:55:39.451 W/System.err( 1935): 	at com.android.internal.os.ZygoteInit$MethodAndArgsCaller.run(ZygoteInit.java:892)
08-31 14:55:39.451 W/System.err( 1935): 	at com.android.internal.os.ZygoteInit.main(ZygoteInit.java:782)
08-31 14:55:39.451 W/ContextImpl( 1676): Calling a method in the system process without a qualified user: android.app.ContextImpl.startService:1358 android.content.ContextWrapper.startService:613 android.content.ContextWrapper.startService:613 com.android.coreservice.CoreBroadcastReceiver.onReceive:44 android.app.ActivityThread.handleReceiver:3073 
08-31 14:55:39.452 I/ActivityManager( 1281): START u0 {cmp=org.sufficientlysecure.keychain/.ui.LogDisplayActivity} from uid 10064 on display 0
08-31 14:55:39.452 W/ActivityManager( 1281): Permission Denial: starting Intent { cmp=org.sufficientlysecure.keychain/.ui.LogDisplayActivity } from ProcessRecord{bda5613 1935:com.android.intentfuzzer/u0a64} (pid=1935, uid=10064) not exported from uid 10061
08-31 14:55:39.454 W/System.err( 1935): java.lang.Exception: Toast callstack! strTip=Send Intent Failed!
08-31 14:55:39.454 W/System.err( 1935): 	at android.widget.Toast.show(Toast.java:130)
08-31 14:55:39.454 W/System.err( 1935): 	at com.android.intentfuzzer.FuzzerActivity$3.onClick(FuzzerActivity.java:167)
08-31 14:55:39.454 W/System.err( 1935): 	at android.view.View.performClick(View.java:5637)
08-31 14:55:39.454 W/System.err( 1935): 	at android.view.View$PerformClick.run(View.java:22429)
08-31 14:55:39.454 W/System.err( 1935): 	at android.os.Handler.handleCallback(Handler.java:751)
08-31 14:55:39.454 W/System.err( 1935): 	at android.os.Handler.dispatchMessage(Handler.java:95)
08-31 14:55:39.454 W/System.err( 1935): 	at android.os.Looper.loop(Looper.java:154)
08-31 14:55:39.454 W/System.err( 1935): 	at android.app.ActivityThread.main(ActivityThread.java:6190)
08-31 14:55:39.454 W/System.err( 1935): 	at java.lang.reflect.Method.invoke(Native Method)
08-31 14:55:39.454 W/System.err( 1935): 	at com.android.internal.os.ZygoteInit$MethodAndArgsCaller.run(ZygoteInit.java:892)
08-31 14:55:39.454 W/System.err( 1935): 	at com.android.internal.os.ZygoteInit.main(ZygoteInit.java:782)
08-31 14:55:39.456 I/ActivityManager( 1281): START u0 {cmp=org.sufficientlysecure.keychain/.ui.PassphraseDialogActivity} from uid 10064 on display 0
08-31 14:55:39.456 W/ActivityManager( 1281): Permission Denial: starting Intent { cmp=org.sufficientlysecure.keychain/.ui.PassphraseDialogActivity } from ProcessRecord{bda5613 1935:com.android.intentfuzzer/u0a64} (pid=1935, uid=10064) not exported from uid 10061
08-31 14:55:39.457 W/System.err( 1935): java.lang.Exception: Toast callstack! strTip=Send Intent Failed!
08-31 14:55:39.457 W/System.err( 1935): 	at android.widget.Toast.show(Toast.java:130)
08-31 14:55:39.457 W/System.err( 1935): 	at com.android.intentfuzzer.FuzzerActivity$3.onClick(FuzzerActivity.java:167)
08-31 14:55:39.457 W/System.err( 1935): 	at android.view.View.performClick(View.java:5637)
08-31 14:55:39.457 W/System.err( 1935): 	at android.view.View$PerformClick.run(View.java:22429)
08-31 14:55:39.457 W/System.err( 1935): 	at android.os.Handler.handleCallback(Handler.java:751)
08-31 14:55:39.457 W/System.err( 1935): 	at android.os.Handler.dispatchMessage(Handler.java:95)
08-31 14:55:39.457 W/System.err( 1935): 	at android.os.Looper.loop(Looper.java:154)
08-31 14:55:39.457 W/System.err( 1935): 	at android.app.ActivityThread.main(ActivityThread.java:6190)
08-31 14:55:39.457 W/System.err( 1935): 	at java.lang.reflect.Method.invoke(Native Method)
08-31 14:55:39.457 W/System.err( 1935): 	at com.android.internal.os.ZygoteInit$MethodAndArgsCaller.run(ZygoteInit.java:892)
08-31 14:55:39.457 W/System.err( 1935): 	at com.android.internal.os.ZygoteInit.main(ZygoteInit.java:782)
08-31 14:55:39.458 I/ActivityManager( 1281): START u0 {cmp=org.sufficientlysecure.keychain/.ui.RetryUploadDialogActivity} from uid 10064 on display 0
08-31 14:55:39.458 W/ActivityManager( 1281): Permission Denial: starting Intent { cmp=org.sufficientlysecure.keychain/.ui.RetryUploadDialogActivity } from ProcessRecord{bda5613 1935:com.android.intentfuzzer/u0a64} (pid=1935, uid=10064) not exported from uid 10061
08-31 14:55:39.460 W/System.err( 1935): java.lang.Exception: Toast callstack! strTip=Send Intent Failed!
08-31 14:55:39.460 W/System.err( 1935): 	at android.widget.Toast.show(Toast.java:130)
08-31 14:55:39.460 W/System.err( 1935): 	at com.android.intentfuzzer.FuzzerActivity$3.onClick(FuzzerActivity.java:167)
08-31 14:55:39.460 W/System.err( 1935): 	at android.view.View.performClick(View.java:5637)
08-31 14:55:39.460 W/System.err( 1935): 	at android.view.View$PerformClick.run(View.java:22429)
08-31 14:55:39.460 W/System.err( 1935): 	at android.os.Handler.handleCallback(Handler.java:751)
08-31 14:55:39.460 W/System.err( 1935): 	at android.os.Handler.dispatchMessage(Handler.java:95)
08-31 14:55:39.460 W/System.err( 1935): 	at android.os.Looper.loop(Looper.java:154)
08-31 14:55:39.460 W/System.err( 1935): 	at android.app.ActivityThread.main(ActivityThread.java:6190)
08-31 14:55:39.460 W/System.err( 1935): 	at java.lang.reflect.Method.invoke(Native Method)
08-31 14:55:39.460 W/System.err( 1935): 	at com.android.internal.os.ZygoteInit$MethodAndArgsCaller.run(ZygoteInit.java:892)
08-31 14:55:39.460 W/System.err( 1935): 	at com.android.internal.os.ZygoteInit.main(ZygoteInit.java:782)
08-31 14:55:39.461 I/ActivityManager( 1281): START u0 {cmp=org.sufficientlysecure.keychain/.ui.DeleteKeyDialogActivity} from uid 10064 on display 0
08-31 14:55:39.461 W/ActivityManager( 1281): Permission Denial: starting Intent { cmp=org.sufficientlysecure.keychain/.ui.DeleteKeyDialogActivity } from ProcessRecord{bda5613 1935:com.android.intentfuzzer/u0a64} (pid=1935, uid=10064) not exported from uid 10061
08-31 14:55:39.462 W/System.err( 1935): java.lang.Exception: Toast callstack! strTip=Send Intent Failed!
08-31 14:55:39.462 W/System.err( 1935): 	at android.widget.Toast.show(Toast.java:130)
08-31 14:55:39.462 W/System.err( 1935): 	at com.android.intentfuzzer.FuzzerActivity$3.onClick(FuzzerActivity.java:167)
08-31 14:55:39.462 W/System.err( 1935): 	at android.view.View.performClick(View.java:5637)
08-31 14:55:39.463 W/System.err( 1935): 	at android.view.View$PerformClick.run(View.java:22429)
08-31 14:55:39.463 W/System.err( 1935): 	at android.os.Handler.handleCallback(Handler.java:751)
08-31 14:55:39.463 W/System.err( 1935): 	at android.os.Handler.dispatchMessage(Handler.java:95)
08-31 14:55:39.463 W/System.err( 1935): 	at android.os.Looper.loop(Looper.java:154)
08-31 14:55:39.463 W/System.err( 1935): 	at android.app.ActivityThread.main(ActivityThread.java:6190)
08-31 14:55:39.463 W/System.err( 1935): 	at java.lang.reflect.Method.invoke(Native Method)
08-31 14:55:39.463 W/System.err( 1935): 	at com.android.internal.os.ZygoteInit$MethodAndArgsCaller.run(ZygoteInit.java:892)
08-31 14:55:39.463 W/System.err( 1935): 	at com.android.internal.os.ZygoteInit.main(ZygoteInit.java:782)
08-31 14:55:39.463 I/ActivityManager( 1281): START u0 {cmp=org.sufficientlysecure.keychain/.ui.OrbotRequiredDialogActivity} from uid 10064 on display 0
08-31 14:55:39.463 W/ActivityManager( 1281): Permission Denial: starting Intent { cmp=org.sufficientlysecure.keychain/.ui.OrbotRequiredDialogActivity } from ProcessRecord{bda5613 1935:com.android.intentfuzzer/u0a64} (pid=1935, uid=10064) not exported from uid 10061
08-31 14:55:39.464 W/System.err( 1935): java.lang.Exception: Toast callstack! strTip=Send Intent Failed!
08-31 14:55:39.464 W/System.err( 1935): 	at android.widget.Toast.show(Toast.java:130)
08-31 14:55:39.464 W/System.err( 1935): 	at com.android.intentfuzzer.FuzzerActivity$3.onClick(FuzzerActivity.java:167)
08-31 14:55:39.464 W/System.err( 1935): 	at android.view.View.performClick(View.java:5637)
08-31 14:55:39.464 W/System.err( 1935): 	at android.view.View$PerformClick.run(View.java:22429)
08-31 14:55:39.464 W/System.err( 1935): 	at android.os.Handler.handleCallback(Handler.java:751)
08-31 14:55:39.464 W/System.err( 1935): 	at android.os.Handler.dispatchMessage(Handler.java:95)
08-31 14:55:39.464 W/System.err( 1935): 	at android.os.Looper.loop(Looper.java:154)
08-31 14:55:39.464 W/System.err( 1935): 	at android.app.ActivityThread.main(ActivityThread.java:6190)
08-31 14:55:39.465 W/System.err( 1935): 	at java.lang.reflect.Method.invoke(Native Method)
08-31 14:55:39.465 W/System.err( 1935): 	at com.android.internal.os.ZygoteInit$MethodAndArgsCaller.run(ZygoteInit.java:892)
