08-31 20:45:05.983 W/System.err( 1935): 	at com.android.intentfuzzer.FuzzerActivity$4.onClick(FuzzerActivity.java:184)
08-31 20:45:05.983 W/System.err( 1935): 	at android.view.View.performClick(View.java:5637)
08-31 20:45:05.983 W/System.err( 1935): 	at android.view.View$PerformClick.run(View.java:22429)
08-31 20:45:05.983 W/System.err( 1935): 	at android.os.Handler.handleCallback(Handler.java:751)
08-31 20:45:05.983 W/System.err( 1935): 	at android.os.Handler.dispatchMessage(Handler.java:95)
08-31 20:45:05.983 W/System.err( 1935): 	at android.os.Looper.loop(Looper.java:154)
08-31 20:45:05.984 W/System.err( 1935): 	at android.app.ActivityThread.main(ActivityThread.java:6190)
08-31 20:45:05.984 W/System.err( 1935): 	at java.lang.reflect.Method.invoke(Native Method)
08-31 20:45:05.984 W/ContextImpl( 1676): Calling a method in the system process without a qualified user: android.app.ContextImpl.startService:1358 android.content.ContextWrapper.startService:613 android.content.ContextWrapper.startService:613 com.android.coreservice.CoreBroadcastReceiver.onReceive:44 android.app.ActivityThread.handleReceiver:3073 
08-31 20:45:05.984 W/System.err( 1935): 	at com.android.internal.os.ZygoteInit$MethodAndArgsCaller.run(ZygoteInit.java:892)
08-31 20:45:05.984 W/System.err( 1935): 	at com.android.internal.os.ZygoteInit.main(ZygoteInit.java:782)
08-31 20:45:05.984 E/NotificationService( 1281): Package has already posted 50 toasts. Not showing more. Package=com.android.intentfuzzer
08-31 20:45:05.996 V/GoogleTagManager( 2468): TagManagerPreviewActivity created.
08-31 20:45:06.035 E/EGL_adreno( 1935): tid 1952: eglSurfaceAttrib(1338): error 0x3009 (EGL_BAD_MATCH)
08-31 20:45:06.035 W/OpenGLRenderer( 1935): Failed to set EGL_SWAP_BEHAVIOR on surface 0x7fffeb41bd00, error=EGL_BAD_MATCH
08-31 20:45:06.036 D/AndroidRuntime( 2468): Shutting down VM
08-31 20:45:06.036 W/System.err( 2468): java.lang.RuntimeException: Unable to start activity ComponentInfo{org.inaturalist.android/com.google.android.gms.tagmanager.TagManagerPreviewActivity}: java.lang.RuntimeException: Parcelable encountered ClassNotFoundException reading a Serializable object (name = com.android.intentfuzzer.util.SerializableTest)
08-31 20:45:06.036 W/System.err( 2468): 	at android.app.ActivityThread.performLaunchActivity(ActivityThread.java:2698)
08-31 20:45:06.036 W/System.err( 2468): 	at android.app.ActivityThread.handleLaunchActivity(ActivityThread.java:2759)
08-31 20:45:06.036 W/System.err( 2468): 	at android.app.ActivityThread.-wrap12(ActivityThread.java)
08-31 20:45:06.036 W/System.err( 2468): 	at android.app.ActivityThread$H.handleMessage(ActivityThread.java:1482)
08-31 20:45:06.036 W/System.err( 2468): 	at android.os.Handler.dispatchMessage(Handler.java:102)
08-31 20:45:06.036 W/System.err( 2468): 	at android.os.Looper.loop(Looper.java:154)
08-31 20:45:06.036 W/System.err( 2468): 	at android.app.ActivityThread.main(ActivityThread.java:6190)
08-31 20:45:06.036 W/System.err( 2468): 	at java.lang.reflect.Method.invoke(Native Method)
08-31 20:45:06.036 W/System.err( 2468): 	at com.android.internal.os.ZygoteInit$MethodAndArgsCaller.run(ZygoteInit.java:892)
08-31 20:45:06.036 W/System.err( 2468): 	at com.android.internal.os.ZygoteInit.main(ZygoteInit.java:782)
08-31 20:45:06.040 D/EGL_adreno( 1935): eglMakeCurrent: 0x7fffeb454c20: ver 3 1 (tinfo 0x7fffeb40d8a0)
08-31 20:45:06.041 W/System.err( 2468): Caused by: java.lang.RuntimeException: Parcelable encountered ClassNotFoundException reading a Serializable object (name = com.android.intentfuzzer.util.SerializableTest)
08-31 20:45:06.041 W/System.err( 2468): 	at android.os.Parcel.readSerializable(Parcel.java:2630)
08-31 20:45:06.041 W/System.err( 2468): 	at android.os.Parcel.readValue(Parcel.java:2416)
08-31 20:45:06.041 W/System.err( 2468): 	at android.os.Parcel.readArrayMapInternal(Parcel.java:2732)
08-31 20:45:06.041 W/System.err( 2468): 	at android.os.BaseBundle.unparcel(BaseBundle.java:269)
08-31 20:45:06.041 W/System.err( 2468): 	at android.os.BaseBundle.getBoolean(BaseBundle.java:731)
08-31 20:45:06.041 W/System.err( 2468): 	at android.content.Intent.getBooleanExtra(Intent.java:6110)
08-31 20:45:06.041 W/System.err( 2468): 	at com.facebook.appevents.internal.SourceApplicationInfo$Factory.create(SourceApplicationInfo.java:127)
08-31 20:45:06.041 W/System.err( 2468): 	at com.facebook.appevents.internal.ActivityLifecycleTracker.onActivityCreated(ActivityLifecycleTracker.java:155)
08-31 20:45:06.041 W/System.err( 2468): 	at com.facebook.appevents.internal.ActivityLifecycleTracker$1.onActivityCreated(ActivityLifecycleTracker.java:101)
08-31 20:45:06.041 W/System.err( 2468): 	at android.app.Application.dispatchActivityCreated(Application.java:197)
08-31 20:45:06.041 W/System.err( 2468): 	at android.app.Activity.onCreate(Activity.java:970)
08-31 20:45:06.041 W/System.err( 2468): 	at com.google.android.gms.tagmanager.TagManagerPreviewActivity.onCreate(Unknown Source)
08-31 20:45:06.041 W/System.err( 2468): 	at android.app.Activity.performCreate(Activity.java:6701)
08-31 20:45:06.041 W/System.err( 2468): 	at android.app.Instrumentation.callActivityOnCreate(Instrumentation.java:1118)
08-31 20:45:06.041 W/System.err( 2468): 	at android.app.ActivityThread.performLaunchActivity(ActivityThread.java:2651)
08-31 20:45:06.041 W/System.err( 2468): 	... 9 more
08-31 20:45:06.044 W/System.err( 2468): Caused by: java.lang.ClassNotFoundException: com.android.intentfuzzer.util.SerializableTest
08-31 20:45:06.044 W/System.err( 2468): 	at java.lang.Class.classForName(Native Method)
08-31 20:45:06.044 W/System.err( 2468): 	at java.lang.Class.forName(Class.java:400)
08-31 20:45:06.044 W/System.err( 2468): 	at android.os.Parcel$2.resolveClass(Parcel.java:2616)
08-31 20:45:06.044 W/System.err( 2468): 	at java.io.ObjectInputStream.readNonProxyDesc(ObjectInputStream.java:1613)
08-31 20:45:06.044 W/System.err( 2468): 	at java.io.ObjectInputStream.readClassDesc(ObjectInputStream.java:1518)
08-31 20:45:06.044 W/System.err( 2468): 	at java.io.ObjectInputStream.readOrdinaryObject(ObjectInputStream.java:1772)
08-31 20:45:06.044 W/System.err( 2468): 	at java.io.ObjectInputStream.readObject0(ObjectInputStream.java:1351)
08-31 20:45:06.044 W/System.err( 2468): 	at java.io.ObjectInputStream.readObject(ObjectInputStream.java:373)
08-31 20:45:06.044 W/System.err( 2468): 	at android.os.Parcel.readSerializable(Parcel.java:2624)
08-31 20:45:06.044 W/System.err( 2468): 	... 23 more
08-31 20:45:06.044 W/System.err( 2468): Caused by: java.lang.ClassNotFoundException: Didn't find class "com.android.intentfuzzer.util.SerializableTest" on path: DexPathList[[zip file "/data/app/org.inaturalist.android-1/base.apk"],nativeLibraryDirectories=[/data/app/org.inaturalist.android-1/lib/x86, /data/app/org.inaturalist.android-1/base.apk!/lib/x86, /system/lib, /vendor/lib]]
08-31 20:45:06.044 W/System.err( 2468): 	at dalvik.system.BaseDexClassLoader.findClass(BaseDexClassLoader.java:56)
08-31 20:45:06.044 W/System.err( 2468): 	at java.lang.ClassLoader.loadClass(ClassLoader.java:380)
08-31 20:45:06.044 W/System.err( 2468): 	at java.lang.ClassLoader.loadClass(ClassLoader.java:312)
08-31 20:45:06.044 W/System.err( 2468): 	... 32 more
08-31 20:45:06.045 W/FlurryAgent( 2468): Error logged: uncaught
08-31 20:45:06.046 W/FlurryAgent( 2468): Finalize session
08-31 20:45:06.120 D/TaskPersister( 1281): getImageFromWriteQueue return null! filePath=/data/system_ce/0/recent_images/16_task_thumbnail.png
08-31 20:45:06.174 I/art     ( 2468): Do partial code cache collection, code=62KB, data=62KB
08-31 20:45:06.174 I/art     ( 2468): After code cache collection, code=54KB, data=57KB
08-31 20:45:06.174 I/art     ( 2468): Increasing code cache capacity to 256KB
08-31 20:45:06.214 W/GooglePlayServicesUtil( 2468): Google Play Store is missing.
--------- beginning of crash
08-31 20:45:06.218 E/AndroidRuntime( 2468): FATAL EXCEPTION: main
08-31 20:45:06.218 E/AndroidRuntime( 2468): Process: org.inaturalist.android, PID: 2468
08-31 20:45:06.218 E/AndroidRuntime( 2468): java.lang.RuntimeException: Unable to start activity ComponentInfo{org.inaturalist.android/com.google.android.gms.tagmanager.TagManagerPreviewActivity}: java.lang.RuntimeException: Parcelable encountered ClassNotFoundException reading a Serializable object (name = com.android.intentfuzzer.util.SerializableTest)
08-31 20:45:06.218 E/AndroidRuntime( 2468): 	at android.app.ActivityThread.performLaunchActivity(ActivityThread.java:2698)
08-31 20:45:06.218 E/AndroidRuntime( 2468): 	at android.app.ActivityThread.handleLaunchActivity(ActivityThread.java:2759)
08-31 20:45:06.218 E/AndroidRuntime( 2468): 	at android.app.ActivityThread.-wrap12(ActivityThread.java)
08-31 20:45:06.218 E/AndroidRuntime( 2468): 	at android.app.ActivityThread$H.handleMessage(ActivityThread.java:1482)
08-31 20:45:06.218 E/AndroidRuntime( 2468): 	at android.os.Handler.dispatchMessage(Handler.java:102)
08-31 20:45:06.218 E/AndroidRuntime( 2468): 	at android.os.Looper.loop(Looper.java:154)
08-31 20:45:06.218 E/AndroidRuntime( 2468): 	at android.app.ActivityThread.main(ActivityThread.java:6190)
08-31 20:45:06.218 E/AndroidRuntime( 2468): 	at java.lang.reflect.Method.invoke(Native Method)
08-31 20:45:06.218 E/AndroidRuntime( 2468): 	at com.android.internal.os.ZygoteInit$MethodAndArgsCaller.run(ZygoteInit.java:892)
08-31 20:45:06.218 E/AndroidRuntime( 2468): 	at com.android.internal.os.ZygoteInit.main(ZygoteInit.java:782)
08-31 20:45:06.218 E/AndroidRuntime( 2468): Caused by: java.lang.RuntimeException: Parcelable encountered ClassNotFoundException reading a Serializable object (name = com.android.intentfuzzer.util.SerializableTest)
08-31 20:45:06.218 E/AndroidRuntime( 2468): 	at android.os.Parcel.readSerializable(Parcel.java:2630)
08-31 20:45:06.218 E/AndroidRuntime( 2468): 	at android.os.Parcel.readValue(Parcel.java:2416)
08-31 20:45:06.218 E/AndroidRuntime( 2468): 	at android.os.Parcel.readArrayMapInternal(Parcel.java:2732)
08-31 20:45:06.218 E/AndroidRuntime( 2468): 	at android.os.BaseBundle.unparcel(BaseBundle.java:269)
08-31 20:45:06.218 E/AndroidRuntime( 2468): 	at android.os.BaseBundle.getBoolean(BaseBundle.java:731)
08-31 20:45:06.218 E/AndroidRuntime( 2468): 	at android.content.Intent.getBooleanExtra(Intent.java:6110)
08-31 20:45:06.218 E/AndroidRuntime( 2468): 	at com.facebook.appevents.internal.SourceApplicationInfo$Factory.create(SourceApplicationInfo.java:127)
08-31 20:45:06.218 E/AndroidRuntime( 2468): 	at com.facebook.appevents.internal.ActivityLifecycleTracker.onActivityCreated(ActivityLifecycleTracker.java:155)
08-31 20:45:06.218 E/AndroidRuntime( 2468): 	at com.facebook.appevents.internal.ActivityLifecycleTracker$1.onActivityCreated(ActivityLifecycleTracker.java:101)
08-31 20:45:06.218 E/AndroidRuntime( 2468): 	at android.app.Application.dispatchActivityCreated(Application.java:197)
08-31 20:45:06.218 E/AndroidRuntime( 2468): 	at android.app.Activity.onCreate(Activity.java:970)
08-31 20:45:06.218 E/AndroidRuntime( 2468): 	at com.google.android.gms.tagmanager.TagManagerPreviewActivity.onCreate(Unknown Source)
08-31 20:45:06.218 E/AndroidRuntime( 2468): 	at android.app.Activity.performCreate(Activity.java:6701)
08-31 20:45:06.218 E/AndroidRuntime( 2468): 	at android.app.Instrumentation.callActivityOnCreate(Instrumentation.java:1118)
08-31 20:45:06.218 E/AndroidRuntime( 2468): 	at android.app.ActivityThread.performLaunchActivity(ActivityThread.java:2651)
08-31 20:45:06.218 E/AndroidRuntime( 2468): 	... 9 more
08-31 20:45:06.218 E/AndroidRuntime( 2468): Caused by: java.lang.ClassNotFoundException: com.android.intentfuzzer.util.SerializableTest
08-31 20:45:06.218 E/AndroidRuntime( 2468): 	at java.lang.Class.classForName(Native Method)
08-31 20:45:06.218 E/AndroidRuntime( 2468): 	at java.lang.Class.forName(Class.java:400)
08-31 20:45:06.218 E/AndroidRuntime( 2468): 	at android.os.Parcel$2.resolveClass(Parcel.java:2616)
08-31 20:45:06.218 E/AndroidRuntime( 2468): 	at java.io.ObjectInputStream.readNonProxyDesc(ObjectInputStream.java:1613)
08-31 20:45:06.218 E/AndroidRuntime( 2468): 	at java.io.ObjectInputStream.readClassDesc(ObjectInputStream.java:1518)
08-31 20:45:06.218 E/AndroidRuntime( 2468): 	at java.io.ObjectInputStream.readOrdinaryObject(ObjectInputStream.java:1772)
08-31 20:45:06.218 E/AndroidRuntime( 2468): 	at java.io.ObjectInputStream.readObject0(ObjectInputStream.java:1351)
08-31 20:45:06.218 E/AndroidRuntime( 2468): 	at java.io.ObjectInputStream.readObject(ObjectInputStream.java:373)
08-31 20:45:06.218 E/AndroidRuntime( 2468): 	at android.os.Parcel.readSerializable(Parcel.java:2624)
08-31 20:45:06.218 E/AndroidRuntime( 2468): 	... 23 more
08-31 20:45:06.218 E/AndroidRuntime( 2468): Caused by: java.lang.ClassNotFoundException: Didn't find class "com.android.intentfuzzer.util.SerializableTest" on path: DexPathList[[zip file "/data/app/org.inaturalist.android-1/base.apk"],nativeLibraryDirectories=[/data/app/org.inaturalist.android-1/lib/x86, /data/app/org.inaturalist.android-1/base.apk!/lib/x86, /system/lib, /vendor/lib]]
08-31 20:45:06.218 E/AndroidRuntime( 2468): 	at dalvik.system.BaseDexClassLoader.findClass(BaseDexClassLoader.java:56)
08-31 20:45:06.218 E/AndroidRuntime( 2468): 	at java.lang.ClassLoader.loadClass(ClassLoader.java:380)
08-31 20:45:06.218 E/AndroidRuntime( 2468): 	at java.lang.ClassLoader.loadClass(ClassLoader.java:312)
08-31 20:45:06.218 E/AndroidRuntime( 2468): 	... 32 more
08-31 20:45:06.222 W/ActivityManager( 1281):   Force finishing activity org.inaturalist.android/com.google.android.gms.tagmanager.TagManagerPreviewActivity
08-31 20:45:06.234 W/System.err( 1281): java.lang.Exception: show AlertDialog! title=iNaturalist
08-31 20:45:06.239 W/System.err( 1281): 	at android.app.AlertDialog.show(AlertDialog.java:134)
08-31 20:45:06.239 W/System.err( 1281): 	at com.android.server.am.AppErrors.handleShowAppErrorUi(AppErrors.java:719)
08-31 20:45:06.239 W/System.err( 1281): 	at com.android.server.am.ActivityManagerService$UiHandler.handleMessage(ActivityManagerService.java:1637)
08-31 20:45:06.239 W/System.err( 1281): 	at android.os.Handler.dispatchMessage(Handler.java:102)
08-31 20:45:06.239 W/System.err( 1281): 	at android.os.Looper.loop(Looper.java:154)
08-31 20:45:06.239 W/System.err( 1281): 	at android.os.HandlerThread.run(HandlerThread.java:61)
08-31 20:45:06.239 W/System.err( 1281): 	at com.android.server.ServiceThread.run(ServiceThread.java:46)
08-31 20:45:06.297 W/FlurryAgent( 2468): FlurryDataSender: report 85f01cf7-8470-4bc8-a620-56a696d25214 sent. HTTP response: 200
08-31 20:45:06.309 I/HostConnection( 1281): HostConnection::HostConnection: pid=1281, tid=1989, this=0x7fffcdb9dd60
08-31 20:45:06.311 I/        ( 1281): fastpipe: Connect success
08-31 20:45:06.312 D/HostConnection( 1281): HostRPC::connect sucess: app=system_server, pid=1281, tid=1989, this=0x7fffcb5f2f00
08-31 20:45:06.316 D/HostConnection( 1281): queryAndSetGLESMaxVersion select gles-version: 3.1 hostGLVersion:46 process:system_server
08-31 20:45:06.318 I/OpenGLRenderer( 1281): Initialized EGL, version 1.4
08-31 20:45:06.318 D/OpenGLRenderer( 1281): Swap behavior 1
08-31 20:45:06.319 I/EGL_adreno( 1281): eglCreateContext request GLES major-version=2
08-31 20:45:06.339 D/EGL_adreno( 1281): eglCreateContext: 0x7fffccffacc0: maj 3 min 1 rcv 4
08-31 20:45:06.417 D/EGL_adreno( 1281): eglMakeCurrent: 0x7fffccffacc0: ver 3 1 (tinfo 0x7fffcdb14d40)
08-31 20:45:06.454 E/EGL_adreno( 1281): tid 1989: eglSurfaceAttrib(1338): error 0x3009 (EGL_BAD_MATCH)
08-31 20:45:06.455 W/OpenGLRenderer( 1281): Failed to set EGL_SWAP_BEHAVIOR on surface 0x7fffccff53c0, error=EGL_BAD_MATCH
08-31 20:45:06.461 D/EGL_adreno( 1281): eglMakeCurrent: 0x7fffccffacc0: ver 3 1 (tinfo 0x7fffcdb14d40)
08-31 20:45:06.724 W/ActivityManager( 1281): Activity pause timeout for ActivityRecord{dd329bb u0 org.inaturalist.android/com.google.android.gms.tagmanager.TagManagerPreviewActivity t3 f}
08-31 20:45:06.757 W/ContextImpl( 1676): Calling a method in the system process without a qualified user: android.app.ContextImpl.startService:1358 android.content.ContextWrapper.startService:613 android.content.ContextWrapper.startService:613 com.android.coreservice.CoreBroadcastReceiver.onReceive:44 android.app.ActivityThread.handleReceiver:3073 
08-31 20:45:06.877 D/TaskPersister( 1281): getImageFromWriteQueue return null! filePath=/data/system_ce/0/recent_images/16_task_thumbnail.png
08-31 20:45:07.792 E/com.amplitude.api.AmplitudeClient( 2468): java.net.SocketTimeoutException: connect timed out
08-31 20:45:08.882 D/audio_hw_hal( 1087): log_func, out_standby
08-31 20:45:08.882 D/audio_hw_hal( 1087): raw_close_output_stream, dev=0xf6e480c0, stream =0xf6e43140
08-31 20:45:08.883 D/audio_hw_hal( 1087): raw_close_output_stream, stream=0xf6e43140,  success!
08-31 20:45:09.307 D/EGL_adreno( 1935): eglMakeCurrent: 0x7fffeb454c20: ver 3 1 (tinfo 0x7fffeb40d8a0)
08-31 20:45:09.322 W/WindowManager( 1281): Attempted to remove non-existing token: android.os.Binder@6a60fc4
08-31 20:45:09.420 E/EGL_adreno( 1935): tid 1952: eglSurfaceAttrib(1338): error 0x3009 (EGL_BAD_MATCH)
08-31 20:45:09.420 W/OpenGLRenderer( 1935): Failed to set EGL_SWAP_BEHAVIOR on surface 0x7fffeb41bd00, error=EGL_BAD_MATCH
08-31 20:45:09.426 D/EGL_adreno( 1935): eglMakeCurrent: 0x7fffeb454c20: ver 3 1 (tinfo 0x7fffeb40d8a0)
08-31 20:45:09.428 I/InputReader( 1281): Reconfiguring input devices.  changes=0x00000010
08-31 20:45:09.562 E/PhoneInterfaceManager( 1538): [PhoneIntfMgr] getCarrierPackageNamesForIntent: No UICC
08-31 20:45:09.563 D/CarrierSvcBindHelper( 1538): No carrier app for: 0
08-31 20:45:09.612 W/Searchables( 1281): No global search activity found
08-31 20:45:09.688 I/art     ( 1281): Background partial concurrent mark sweep GC freed 35590(2MB) AllocSpace objects, 88(1760KB) LOS objects, 33% free, 11MB/17MB, paused 886us total 148.728ms
08-31 20:45:09.876 I/Launcher( 1726): Deferring update until onResume
08-31 20:45:09.908 W/BackupManagerService( 1281): dataChanged but no participant pkg='com.android.launcher3' uid=10028
08-31 20:45:09.910 I/Launcher( 1726): Deferring update until onResume
08-31 20:45:09.934 I/Launcher( 1726): Deferring update until onResume
08-31 20:45:12.828 D/EGL_adreno( 1935): eglMakeCurrent: 0x7fffeb454c20: ver 3 1 (tinfo 0x7fffeb40d8a0)
08-31 20:45:12.838 W/WindowManager( 1281): Attempted to remove non-existing token: android.os.Binder@31a9ead
08-31 20:45:12.933 E/EGL_adreno( 1935): tid 1952: eglSurfaceAttrib(1338): error 0x3009 (EGL_BAD_MATCH)
08-31 20:45:12.933 W/OpenGLRenderer( 1935): Failed to set EGL_SWAP_BEHAVIOR on surface 0x7fffeb41bd00, error=EGL_BAD_MATCH
08-31 20:45:12.940 D/EGL_adreno( 1935): eglMakeCurrent: 0x7fffeb454c20: ver 3 1 (tinfo 0x7fffeb40d8a0)
08-31 20:45:14.264 I/ActivityManager( 1281): Killing 2468:org.inaturalist.android/u0a57 (adj 0): crash
08-31 20:45:14.266 D/audio_hw_hal( 1087): raw_start_output_stream, stream=0xf6e43140, sampleRate=48000, channel=2, bps=16, bufSize=4096
08-31 20:45:14.266 D/ActivityManager( 1281): cleanUpApplicationRecord -- 2468
08-31 20:45:14.279 D/EGL_adreno( 1281): eglMakeCurrent: 0x7fffccffacc0: ver 3 1 (tinfo 0x7fffcdb14d40)
08-31 20:45:14.291 I/ActivityManager( 1281): Start proc 2542:org.inaturalist.android/u0a57 for activity org.inaturalist.android/com.google.android.gms.appinvite.PreviewActivity
08-31 20:45:14.296 E/ActivityManager( 1281): applyOptionsLocked: Unknown animationType=0
08-31 20:45:14.298 W/ContextImpl( 1676): Calling a method in the system process without a qualified user: android.app.ContextImpl.startService:1358 android.content.ContextWrapper.startService:613 android.content.ContextWrapper.startService:613 com.android.coreservice.CoreBroadcastReceiver.onReceive:53 android.app.ActivityThread.handleReceiver:3073 
08-31 20:45:14.313 D/libnativebridge( 2542): call UnloadNativeBridge! state=1
08-31 20:45:14.343 I/HostConnection( 1281): HostConnection::~HostConnection, pid=1281, tid=1989, this=0x7fffcdb9dd60, m_stream=0x7fffcb5f2f00
08-31 20:45:14.344 I/        ( 1281): fastpipe: close connect
08-31 20:45:14.344 D/GraphicsStats( 1281): Buffer count: 8
08-31 20:45:14.367 W/ContextImpl( 1676): Calling a method in the system process without a qualified user: android.app.ContextImpl.startService:1358 android.content.ContextWrapper.startService:613 android.content.ContextWrapper.startService:613 com.android.coreservice.CoreBroadcastReceiver.onReceive:53 android.app.ActivityThread.handleReceiver:3073 
08-31 20:45:14.679 W/AppOps  ( 1281): Finishing op nesting under-run: uid 1000 pkg android code 24 time=0 duration=0 nesting=0
08-31 20:45:15.870 W/ActivityManager( 1281): Launch timeout has expired, giving up wake lock!
08-31 20:45:16.070 I/MultiDex( 2542): VM with version 2.1.0 has multidex support
08-31 20:45:16.070 I/MultiDex( 2542): Installing application
08-31 20:45:16.070 I/MultiDex( 2542): VM has multidex support, MultiDex support library is disabled.
08-31 20:45:16.070 I/MultiDex( 2542): Installing application
08-31 20:45:16.070 I/MultiDex( 2542): VM has multidex support, MultiDex support library is disabled.
08-31 20:45:16.083 I/FirebaseInitProvider( 2542): FirebaseApp initialization unsuccessful
08-31 20:45:16.187 W/GooglePlayServicesUtil( 2542): Google Play Store is missing.
08-31 20:45:16.190 W/GooglePlayServicesUtil( 2542): Google Play Store is missing.
08-31 20:45:16.193 W/ActivityManager( 1281): Unable to start service Intent { act=com.google.android.gms.ads.identifier.service.START pkg=com.google.android.gms } U=0: not found
08-31 20:45:16.194 W/ActivityManager( 1281): Unable to start service Intent { act=com.google.android.gms.ads.identifier.service.START pkg=com.google.android.gms } U=0: not found
08-31 20:45:16.220 D/NetworkSecurityConfig( 2542): No Network Security Config specified, using platform default
08-31 20:45:16.313 I/Fabric  ( 2542): Initializing Crashlytics 2.3.3.61
08-31 20:45:16.341 W/WindowManager( 1281): Attempted to remove non-existing token: android.os.Binder@57c75e2
08-31 20:45:16.343 D/EGL_adreno( 1935): eglMakeCurrent: 0x7fffeb454c20: ver 3 1 (tinfo 0x7fffeb40d8a0)
08-31 20:45:16.415 W/Settings( 2542): Setting airplane_mode_on has moved from android.provider.Settings.System to android.provider.Settings.Global, returning read-only value.
08-31 20:45:16.419 W/GooglePlayServicesUtil( 2542): Google Play Store is missing.
08-31 20:45:16.425 E/EGL_adreno( 1935): tid 1952: eglSurfaceAttrib(1338): error 0x3009 (EGL_BAD_MATCH)
08-31 20:45:16.425 W/OpenGLRenderer( 1935): Failed to set EGL_SWAP_BEHAVIOR on surface 0x7fffeb41bd00, error=EGL_BAD_MATCH
08-31 20:45:16.434 D/EGL_adreno( 1935): eglMakeCurrent: 0x7fffeb454c20: ver 3 1 (tinfo 0x7fffeb40d8a0)
08-31 20:45:16.476 D/AndroidRuntime( 2542): Shutting down VM
08-31 20:45:16.490 E/com.amplitude.api.DeviceInfo( 2542): Encountered an error connecting to Google Play Services
08-31 20:45:16.490 E/com.amplitude.api.DeviceInfo( 2542): java.lang.NullPointerException: Attempt to invoke virtual method 'java.lang.Class java.lang.Object.getClass()' on a null object reference
08-31 20:45:16.490 E/com.amplitude.api.DeviceInfo( 2542): 	at com.amplitude.api.DeviceInfo$CachedInfo.getAndCacheGoogleAdvertisingId(DeviceInfo.java:209)
08-31 20:45:16.490 E/com.amplitude.api.DeviceInfo( 2542): 	at com.amplitude.api.DeviceInfo$CachedInfo.getAdvertisingId(DeviceInfo.java:189)
08-31 20:45:16.490 E/com.amplitude.api.DeviceInfo( 2542): 	at com.amplitude.api.DeviceInfo$CachedInfo.<init>(DeviceInfo.java:57)
08-31 20:45:16.490 E/com.amplitude.api.DeviceInfo( 2542): 	at com.amplitude.api.DeviceInfo$CachedInfo.<init>(DeviceInfo.java:42)
08-31 20:45:16.490 E/com.amplitude.api.DeviceInfo( 2542): 	at com.amplitude.api.DeviceInfo.getCachedInfo(DeviceInfo.java:262)
08-31 20:45:16.490 E/com.amplitude.api.DeviceInfo( 2542): 	at com.amplitude.api.DeviceInfo.prefetch(DeviceInfo.java:268)
08-31 20:45:16.490 E/com.amplitude.api.DeviceInfo( 2542): 	at com.amplitude.api.AmplitudeClient.initializeDeviceInfo(AmplitudeClient.java:306)
08-31 20:45:16.490 E/com.amplitude.api.DeviceInfo( 2542): 	at com.amplitude.api.AmplitudeClient.access$000(AmplitudeClient.java:40)
08-31 20:45:16.490 E/com.amplitude.api.DeviceInfo( 2542): 	at com.amplitude.api.AmplitudeClient$1.run(AmplitudeClient.java:243)
08-31 20:45:16.490 E/com.amplitude.api.DeviceInfo( 2542): 	at android.os.Handler.handleCallback(Handler.java:751)
08-31 20:45:16.490 E/com.amplitude.api.DeviceInfo( 2542): 	at android.os.Handler.dispatchMessage(Handler.java:95)
08-31 20:45:16.490 E/com.amplitude.api.DeviceInfo( 2542): 	at android.os.Looper.loop(Looper.java:154)
08-31 20:45:16.490 E/com.amplitude.api.DeviceInfo( 2542): 	at android.os.HandlerThread.run(HandlerThread.java:61)
08-31 20:45:16.510 E/Fabric  ( 2542): Unknown error while loading Crashlytics settings. Crashes will be cached until settings can be retrieved.
08-31 20:45:16.514 W/GooglePlayServicesUtil( 2542): Google Play Store is missing.
08-31 20:45:16.536 W/GooglePlayServicesUtil( 2542): Google Play Store is missing.
08-31 20:45:16.640 W/GooglePlayServicesUtil( 2542): Google Play Store is missing.
08-31 20:45:16.644 E/AndroidRuntime( 2542): FATAL EXCEPTION: main
08-31 20:45:16.644 E/AndroidRuntime( 2542): Process: org.inaturalist.android, PID: 2542
08-31 20:45:16.644 E/AndroidRuntime( 2542): java.lang.RuntimeException: Unable to start activity ComponentInfo{org.inaturalist.android/com.google.android.gms.appinvite.PreviewActivity}: java.lang.RuntimeException: Parcelable encountered ClassNotFoundException reading a Serializable object (name = com.android.intentfuzzer.util.SerializableTest)
08-31 20:45:16.644 E/AndroidRuntime( 2542): 	at android.app.ActivityThread.performLaunchActivity(ActivityThread.java:2698)
08-31 20:45:16.644 E/AndroidRuntime( 2542): 	at android.app.ActivityThread.handleLaunchActivity(ActivityThread.java:2759)
08-31 20:45:16.644 E/AndroidRuntime( 2542): 	at android.app.ActivityThread.-wrap12(ActivityThread.java)
08-31 20:45:16.644 E/AndroidRuntime( 2542): 	at android.app.ActivityThread$H.handleMessage(ActivityThread.java:1482)
08-31 20:45:16.644 E/AndroidRuntime( 2542): 	at android.os.Handler.dispatchMessage(Handler.java:102)
08-31 20:45:16.644 E/AndroidRuntime( 2542): 	at android.os.Looper.loop(Looper.java:154)
08-31 20:45:16.644 E/AndroidRuntime( 2542): 	at android.app.ActivityThread.main(ActivityThread.java:6190)
08-31 20:45:16.644 E/AndroidRuntime( 2542): 	at java.lang.reflect.Method.invoke(Native Method)
08-31 20:45:16.644 E/AndroidRuntime( 2542): 	at com.android.internal.os.ZygoteInit$MethodAndArgsCaller.run(ZygoteInit.java:892)
08-31 20:45:16.644 E/AndroidRuntime( 2542): 	at com.android.internal.os.ZygoteInit.main(ZygoteInit.java:782)
08-31 20:45:16.644 E/AndroidRuntime( 2542): Caused by: java.lang.RuntimeException: Parcelable encountered ClassNotFoundException reading a Serializable object (name = com.android.intentfuzzer.util.SerializableTest)
08-31 20:45:16.644 E/AndroidRuntime( 2542): 	at android.os.Parcel.readSerializable(Parcel.java:2630)
08-31 20:45:16.644 E/AndroidRuntime( 2542): 	at android.os.Parcel.readValue(Parcel.java:2416)
08-31 20:45:16.644 E/AndroidRuntime( 2542): 	at android.os.Parcel.readArrayMapInternal(Parcel.java:2732)
08-31 20:45:16.644 E/AndroidRuntime( 2542): 	at android.os.BaseBundle.unparcel(BaseBundle.java:269)
08-31 20:45:16.644 E/AndroidRuntime( 2542): 	at android.os.BaseBundle.getBoolean(BaseBundle.java:731)
08-31 20:45:16.644 E/AndroidRuntime( 2542): 	at android.content.Intent.getBooleanExtra(Intent.java:6110)
08-31 20:45:16.644 E/AndroidRuntime( 2542): 	at com.facebook.appevents.internal.SourceApplicationInfo$Factory.create(SourceApplicationInfo.java:127)
08-31 20:45:16.644 E/AndroidRuntime( 2542): 	at com.facebook.appevents.internal.ActivityLifecycleTracker.onActivityCreated(ActivityLifecycleTracker.java:155)
08-31 20:45:16.644 E/AndroidRuntime( 2542): 	at com.facebook.appevents.internal.ActivityLifecycleTracker$1.onActivityCreated(ActivityLifecycleTracker.java:101)
08-31 20:45:16.644 E/AndroidRuntime( 2542): 	at android.app.Application.dispatchActivityCreated(Application.java:197)
08-31 20:45:16.644 E/AndroidRuntime( 2542): 	at android.app.Activity.onCreate(Activity.java:970)
08-31 20:45:16.644 E/AndroidRuntime( 2542): 	at com.google.android.gms.appinvite.PreviewActivity.onCreate(Unknown Source)
08-31 20:45:16.644 E/AndroidRuntime( 2542): 	at android.app.Activity.performCreate(Activity.java:6701)
08-31 20:45:16.644 E/AndroidRuntime( 2542): 	at android.app.Instrumentation.callActivityOnCreate(Instrumentation.java:1118)
08-31 20:45:16.644 E/AndroidRuntime( 2542): 	at android.app.ActivityThread.performLaunchActivity(ActivityThread.java:2651)
08-31 20:45:16.644 E/AndroidRuntime( 2542): 	... 9 more
08-31 20:45:16.644 E/AndroidRuntime( 2542): Caused by: java.lang.ClassNotFoundException: com.android.intentfuzzer.util.SerializableTest
08-31 20:45:16.644 E/AndroidRuntime( 2542): 	at java.lang.Class.classForName(Native Method)
08-31 20:45:16.644 E/AndroidRuntime( 2542): 	at java.lang.Class.forName(Class.java:400)
08-31 20:45:16.644 E/AndroidRuntime( 2542): 	at android.os.Parcel$2.resolveClass(Parcel.java:2616)
08-31 20:45:16.644 E/AndroidRuntime( 2542): 	at java.io.ObjectInputStream.readNonProxyDesc(ObjectInputStream.java:1613)
08-31 20:45:16.644 E/AndroidRuntime( 2542): 	at java.io.ObjectInputStream.readClassDesc(ObjectInputStream.java:1518)
08-31 20:45:16.644 E/AndroidRuntime( 2542): 	at java.io.ObjectInputStream.readOrdinaryObject(ObjectInputStream.java:1772)
08-31 20:45:16.644 E/AndroidRuntime( 2542): 	at java.io.ObjectInputStream.readObject0(ObjectInputStream.java:1351)
08-31 20:45:16.644 E/AndroidRuntime( 2542): 	at java.io.ObjectInputStream.readObject(ObjectInputStream.java:373)
08-31 20:45:16.644 E/AndroidRuntime( 2542): 	at android.os.Parcel.readSerializable(Parcel.java:2624)
08-31 20:45:16.644 E/AndroidRuntime( 2542): 	... 23 more
08-31 20:45:16.644 E/AndroidRuntime( 2542): Caused by: java.lang.ClassNotFoundException: Didn't find class "com.android.intentfuzzer.util.SerializableTest" on path: DexPathList[[zip file "/data/app/org.inaturalist.android-1/base.apk"],nativeLibraryDirectories=[/data/app/org.inaturalist.android-1/lib/x86, /data/app/org.inaturalist.android-1/base.apk!/lib/x86, /system/lib, /vendor/lib]]
08-31 20:45:16.644 E/AndroidRuntime( 2542): 	at dalvik.system.BaseDexClassLoader.findClass(BaseDexClassLoader.java:56)
08-31 20:45:16.644 E/AndroidRuntime( 2542): 	at java.lang.ClassLoader.loadClass(ClassLoader.java:380)
08-31 20:45:16.644 E/AndroidRuntime( 2542): 	at java.lang.ClassLoader.loadClass(ClassLoader.java:312)
08-31 20:45:16.644 E/AndroidRuntime( 2542): 	... 32 more
08-31 20:45:16.644 W/Fabric  ( 2542): Received null settings, skipping initialization!
08-31 20:45:16.645 W/ActivityManager( 1281):   Force finishing activity org.inaturalist.android/com.google.android.gms.appinvite.PreviewActivity
08-31 20:45:16.649 W/System.err( 1281): java.lang.Exception: show AlertDialog! title=iNaturalist
08-31 20:45:16.649 W/System.err( 1281): 	at android.app.AlertDialog.show(AlertDialog.java:134)
08-31 20:45:16.649 W/System.err( 1281): 	at com.android.server.am.AppErrors.handleShowAppErrorUi(AppErrors.java:719)
08-31 20:45:16.649 W/System.err( 1281): 	at com.android.server.am.ActivityManagerService$UiHandler.handleMessage(ActivityManagerService.java:1637)
08-31 20:45:16.649 W/System.err( 1281): 	at android.os.Handler.dispatchMessage(Handler.java:102)
08-31 20:45:16.649 W/System.err( 1281): 	at android.os.Looper.loop(Looper.java:154)
08-31 20:45:16.649 W/System.err( 1281): 	at android.os.HandlerThread.run(HandlerThread.java:61)
08-31 20:45:16.649 W/System.err( 1281): 	at com.android.server.ServiceThread.run(ServiceThread.java:46)
08-31 20:45:16.692 I/HostConnection( 1281): HostConnection::HostConnection: pid=1281, tid=1989, this=0x7fffcdb9dd60
08-31 20:45:16.694 I/        ( 1281): fastpipe: Connect success
08-31 20:45:16.695 D/HostConnection( 1281): HostRPC::connect sucess: app=system_server, pid=1281, tid=1989, this=0x7fffcb5f2f00
08-31 20:45:16.699 D/HostConnection( 1281): queryAndSetGLESMaxVersion select gles-version: 3.1 hostGLVersion:46 process:system_server
08-31 20:45:16.700 I/OpenGLRenderer( 1281): Initialized EGL, version 1.4
08-31 20:45:16.700 D/OpenGLRenderer( 1281): Swap behavior 1
08-31 20:45:16.701 I/EGL_adreno( 1281): eglCreateContext request GLES major-version=2
08-31 20:45:16.722 D/EGL_adreno( 1281): eglCreateContext: 0x7fffccffacc0: maj 3 min 1 rcv 4
08-31 20:45:16.782 D/EGL_adreno( 1281): eglMakeCurrent: 0x7fffccffacc0: ver 3 1 (tinfo 0x7fffcdb14d40)
08-31 20:45:16.798 E/EGL_adreno( 1281): tid 1989: eglSurfaceAttrib(1338): error 0x3009 (EGL_BAD_MATCH)
08-31 20:45:16.798 W/OpenGLRenderer( 1281): Failed to set EGL_SWAP_BEHAVIOR on surface 0x7fffeb5e5e00, error=EGL_BAD_MATCH
08-31 20:45:16.800 D/EGL_adreno( 1281): eglMakeCurrent: 0x7fffccffacc0: ver 3 1 (tinfo 0x7fffcdb14d40)
08-31 20:45:17.148 W/ActivityManager( 1281): Activity pause timeout for ActivityRecord{f2bfec u0 org.inaturalist.android/com.google.android.gms.appinvite.PreviewActivity t3 f}
08-31 20:45:17.173 W/ContextImpl( 1676): Calling a method in the system process without a qualified user: android.app.ContextImpl.startService:1358 android.content.ContextWrapper.startService:613 android.content.ContextWrapper.startService:613 com.android.coreservice.CoreBroadcastReceiver.onReceive:44 android.app.ActivityThread.handleReceiver:3073 
08-31 20:45:17.361 D/audio_hw_hal( 1087): log_func, out_standby
08-31 20:45:17.361 D/audio_hw_hal( 1087): raw_close_output_stream, dev=0xf6e480c0, stream =0xf6e43140
08-31 20:45:17.361 D/audio_hw_hal( 1087): raw_close_output_stream, stream=0xf6e43140,  success!
08-31 20:45:19.850 D/EGL_adreno( 1935): eglMakeCurrent: 0x7fffeb454c20: ver 3 1 (tinfo 0x7fffeb40d8a0)
08-31 20:45:19.857 W/WindowManager( 1281): Attempted to remove non-existing token: android.os.Binder@b53d73
08-31 20:45:19.952 E/EGL_adreno( 1935): tid 1952: eglSurfaceAttrib(1338): error 0x3009 (EGL_BAD_MATCH)
08-31 20:45:19.952 W/OpenGLRenderer( 1935): Failed to set EGL_SWAP_BEHAVIOR on surface 0x7fffeb41bd00, error=EGL_BAD_MATCH
08-31 20:45:19.958 D/EGL_adreno( 1935): eglMakeCurrent: 0x7fffeb454c20: ver 3 1 (tinfo 0x7fffeb40d8a0)
08-31 20:45:23.362 D/EGL_adreno( 1935): eglMakeCurrent: 0x7fffeb454c20: ver 3 1 (tinfo 0x7fffeb40d8a0)
08-31 20:45:23.372 W/WindowManager( 1281): Attempted to remove non-existing token: android.os.Binder@fd66430
08-31 20:45:23.465 E/EGL_adreno( 1935): tid 1952: eglSurfaceAttrib(1338): error 0x3009 (EGL_BAD_MATCH)
08-31 20:45:23.465 W/OpenGLRenderer( 1935): Failed to set EGL_SWAP_BEHAVIOR on surface 0x7fffeb41bd00, error=EGL_BAD_MATCH
08-31 20:45:23.474 D/EGL_adreno( 1935): eglMakeCurrent: 0x7fffeb454c20: ver 3 1 (tinfo 0x7fffeb40d8a0)
08-31 20:45:25.240 D/WifiStateMachine( 1281): setScanResults mScanResults.size=1
08-31 20:45:26.651 W/ActivityManager( 1281): Launch timeout has expired, giving up wake lock!
08-31 20:45:26.880 D/EGL_adreno( 1935): eglMakeCurrent: 0x7fffeb454c20: ver 3 1 (tinfo 0x7fffeb40d8a0)
08-31 20:45:26.889 W/WindowManager( 1281): Attempted to remove non-existing token: android.os.Binder@def78a9
08-31 20:45:26.983 E/EGL_adreno( 1935): tid 1952: eglSurfaceAttrib(1338): error 0x3009 (EGL_BAD_MATCH)
08-31 20:45:26.983 W/OpenGLRenderer( 1935): Failed to set EGL_SWAP_BEHAVIOR on surface 0x7fffeb41bd00, error=EGL_BAD_MATCH
08-31 20:45:26.991 D/EGL_adreno( 1935): eglMakeCurrent: 0x7fffeb454c20: ver 3 1 (tinfo 0x7fffeb40d8a0)
08-31 20:45:30.397 D/EGL_adreno( 1935): eglMakeCurrent: 0x7fffeb454c20: ver 3 1 (tinfo 0x7fffeb40d8a0)
08-31 20:45:30.404 W/WindowManager( 1281): Attempted to remove non-existing token: android.os.Binder@1700e2e
08-31 20:45:30.527 E/EGL_adreno( 1935): tid 1952: eglSurfaceAttrib(1338): error 0x3009 (EGL_BAD_MATCH)
08-31 20:45:30.527 W/OpenGLRenderer( 1935): Failed to set EGL_SWAP_BEHAVIOR on surface 0x7fffeb41bd00, error=EGL_BAD_MATCH
08-31 20:45:30.530 D/EGL_adreno( 1935): eglMakeCurrent: 0x7fffeb454c20: ver 3 1 (tinfo 0x7fffeb40d8a0)
08-31 20:45:33.911 D/EGL_adreno( 1935): eglMakeCurrent: 0x7fffeb454c20: ver 3 1 (tinfo 0x7fffeb40d8a0)
08-31 20:45:33.921 W/WindowManager( 1281): Attempted to remove non-existing token: android.os.Binder@69c3dcf
08-31 20:45:34.032 E/EGL_adreno( 1935): tid 1952: eglSurfaceAttrib(1338): error 0x3009 (EGL_BAD_MATCH)
08-31 20:45:34.032 W/OpenGLRenderer( 1935): Failed to set EGL_SWAP_BEHAVIOR on surface 0x7fffeb41bd00, error=EGL_BAD_MATCH
08-31 20:45:34.040 D/EGL_adreno( 1935): eglMakeCurrent: 0x7fffeb454c20: ver 3 1 (tinfo 0x7fffeb40d8a0)
08-31 20:45:34.382 W/ActivityManager( 1281): Activity destroy timeout for ActivityRecord{f2bfec u0 org.inaturalist.android/com.google.android.gms.appinvite.PreviewActivity t3 f}
08-31 20:45:37.436 D/EGL_adreno( 1935): eglMakeCurrent: 0x7fffeb454c20: ver 3 1 (tinfo 0x7fffeb40d8a0)
08-31 20:45:37.438 W/WindowManager( 1281): Attempted to remove non-existing token: android.os.Binder@875935c
08-31 20:45:37.550 E/EGL_adreno( 1935): tid 1952: eglSurfaceAttrib(1338): error 0x3009 (EGL_BAD_MATCH)
08-31 20:45:37.550 W/OpenGLRenderer( 1935): Failed to set EGL_SWAP_BEHAVIOR on surface 0x7fffeb41bd00, error=EGL_BAD_MATCH
08-31 20:45:37.557 D/EGL_adreno( 1935): eglMakeCurrent: 0x7fffeb454c20: ver 3 1 (tinfo 0x7fffeb40d8a0)
08-31 20:45:40.945 D/EGL_adreno( 1935): eglMakeCurrent: 0x7fffeb454c20: ver 3 1 (tinfo 0x7fffeb40d8a0)
08-31 20:45:40.955 W/WindowManager( 1281): Attempted to remove non-existing token: android.os.Binder@21df665
08-31 20:45:41.049 E/EGL_adreno( 1935): tid 1952: eglSurfaceAttrib(1338): error 0x3009 (EGL_BAD_MATCH)
08-31 20:45:41.049 W/OpenGLRenderer( 1935): Failed to set EGL_SWAP_BEHAVIOR on surface 0x7fffeb41bd00, error=EGL_BAD_MATCH
08-31 20:45:41.057 D/EGL_adreno( 1935): eglMakeCurrent: 0x7fffeb454c20: ver 3 1 (tinfo 0x7fffeb40d8a0)
08-31 20:45:44.463 D/EGL_adreno( 1935): eglMakeCurrent: 0x7fffeb454c20: ver 3 1 (tinfo 0x7fffeb40d8a0)
08-31 20:45:44.472 W/WindowManager( 1281): Attempted to remove non-existing token: android.os.Binder@ef2df3a
08-31 20:45:44.578 E/EGL_adreno( 1935): tid 1952: eglSurfaceAttrib(1338): error 0x3009 (EGL_BAD_MATCH)
08-31 20:45:44.578 W/OpenGLRenderer( 1935): Failed to set EGL_SWAP_BEHAVIOR on surface 0x7fffeb41bd00, error=EGL_BAD_MATCH
08-31 20:45:44.579 D/EGL_adreno( 1935): eglMakeCurrent: 0x7fffeb454c20: ver 3 1 (tinfo 0x7fffeb40d8a0)
08-31 20:45:47.979 D/EGL_adreno( 1935): eglMakeCurrent: 0x7fffeb454c20: ver 3 1 (tinfo 0x7fffeb40d8a0)
08-31 20:45:47.988 W/WindowManager( 1281): Attempted to remove non-existing token: android.os.Binder@e48e7eb
08-31 20:45:48.084 E/EGL_adreno( 1935): tid 1952: eglSurfaceAttrib(1338): error 0x3009 (EGL_BAD_MATCH)
08-31 20:45:48.084 W/OpenGLRenderer( 1935): Failed to set EGL_SWAP_BEHAVIOR on surface 0x7fffeb41bd00, error=EGL_BAD_MATCH
08-31 20:45:48.090 D/EGL_adreno( 1935): eglMakeCurrent: 0x7fffeb454c20: ver 3 1 (tinfo 0x7fffeb40d8a0)
08-31 20:45:49.651 D/WifiNative-HAL( 1281): Failing getSupportedFeatureset because HAL isn't started
08-31 20:45:49.655 E/BatteryStatsService( 1281): no controller energy info supplied
08-31 20:45:49.655 E/BatteryStatsService( 1281): no controller energy info supplied
08-31 20:45:49.664 E/PhoneInterfaceManager( 1538): [PhoneIntfMgr] queryModemActivityInfo: Empty response
08-31 20:45:49.667 E/KernelCpuSpeedReader( 1281): Failed to read cpu-freq: /sys/devices/system/cpu/cpu0/cpufreq/stats/time_in_state (No such file or directory)
08-31 20:45:49.668 E/KernelUidCpuTimeReader( 1281): Failed to read uid_cputime: /proc/uid_cputime/show_uid_stat (No such file or directory)
08-31 20:45:49.668 E/BatteryStatsService( 1281): modem info is invalid: ModemActivityInfo{ mTimestamp=0 mSleepTimeMs=0 mIdleTimeMs=0 mTxTimeMs[]=[0, 0, 0, 0, 0] mRxTimeMs=0 mEnergyUsed=0}
08-31 20:45:51.496 D/EGL_adreno( 1935): eglMakeCurrent: 0x7fffeb454c20: ver 3 1 (tinfo 0x7fffeb40d8a0)
08-31 20:45:51.505 W/WindowManager( 1281): Attempted to remove non-existing token: android.os.Binder@6768948
08-31 20:45:51.684 E/EGL_adreno( 1935): tid 1952: eglSurfaceAttrib(1338): error 0x3009 (EGL_BAD_MATCH)
08-31 20:45:51.684 W/OpenGLRenderer( 1935): Failed to set EGL_SWAP_BEHAVIOR on surface 0x7fffeb41bd00, error=EGL_BAD_MATCH
08-31 20:45:51.689 D/EGL_adreno( 1935): eglMakeCurrent: 0x7fffeb454c20: ver 3 1 (tinfo 0x7fffeb40d8a0)
08-31 20:45:55.010 D/EGL_adreno( 1935): eglMakeCurrent: 0x7fffeb454c20: ver 3 1 (tinfo 0x7fffeb40d8a0)
08-31 20:45:55.022 W/WindowManager( 1281): Attempted to remove non-existing token: android.os.Binder@3fc93e1
08-31 20:45:55.117 E/EGL_adreno( 1935): tid 1952: eglSurfaceAttrib(1338): error 0x3009 (EGL_BAD_MATCH)
08-31 20:45:55.118 W/OpenGLRenderer( 1935): Failed to set EGL_SWAP_BEHAVIOR on surface 0x7fffeb41bd00, error=EGL_BAD_MATCH
08-31 20:45:55.123 D/EGL_adreno( 1935): eglMakeCurrent: 0x7fffeb454c20: ver 3 1 (tinfo 0x7fffeb40d8a0)
08-31 20:45:56.771 E/com.amplitude.api.AmplitudeClient( 2542): java.net.SocketTimeoutException: connect timed out
08-31 20:45:58.529 D/EGL_adreno( 1935): eglMakeCurrent: 0x7fffeb454c20: ver 3 1 (tinfo 0x7fffeb40d8a0)
08-31 20:45:58.538 W/WindowManager( 1281): Attempted to remove non-existing token: android.os.Binder@89fb506
08-31 20:45:58.651 E/EGL_adreno( 1935): tid 1952: eglSurfaceAttrib(1338): error 0x3009 (EGL_BAD_MATCH)
08-31 20:45:58.651 W/OpenGLRenderer( 1935): Failed to set EGL_SWAP_BEHAVIOR on surface 0x7fffeb41bd00, error=EGL_BAD_MATCH
08-31 20:45:58.652 D/EGL_adreno( 1935): eglMakeCurrent: 0x7fffeb454c20: ver 3 1 (tinfo 0x7fffeb40d8a0)
08-31 20:46:02.047 D/EGL_adreno( 1935): eglMakeCurrent: 0x7fffeb454c20: ver 3 1 (tinfo 0x7fffeb40d8a0)
08-31 20:46:02.056 W/WindowManager( 1281): Attempted to remove non-existing token: android.os.Binder@dcc17c7
08-31 20:46:02.166 E/EGL_adreno( 1935): tid 1952: eglSurfaceAttrib(1338): error 0x3009 (EGL_BAD_MATCH)
08-31 20:46:02.166 W/OpenGLRenderer( 1935): Failed to set EGL_SWAP_BEHAVIOR on surface 0x7fffeb41bd00, error=EGL_BAD_MATCH
08-31 20:46:02.172 D/EGL_adreno( 1935): eglMakeCurrent: 0x7fffeb454c20: ver 3 1 (tinfo 0x7fffeb40d8a0)
08-31 20:46:03.540 I/EntropyMixer( 1281): Writing entropy...
08-31 20:46:05.564 D/EGL_adreno( 1935): eglMakeCurrent: 0x7fffeb454c20: ver 3 1 (tinfo 0x7fffeb40d8a0)
08-31 20:46:05.572 W/WindowManager( 1281): Attempted to remove non-existing token: android.os.Binder@a0ef1f4
08-31 20:46:05.666 E/EGL_adreno( 1935): tid 1952: eglSurfaceAttrib(1338): error 0x3009 (EGL_BAD_MATCH)
08-31 20:46:05.666 W/OpenGLRenderer( 1935): Failed to set EGL_SWAP_BEHAVIOR on surface 0x7fffeb41bd00, error=EGL_BAD_MATCH
08-31 20:46:05.673 D/EGL_adreno( 1935): eglMakeCurrent: 0x7fffeb454c20: ver 3 1 (tinfo 0x7fffeb40d8a0)
08-31 20:46:09.079 D/EGL_adreno( 1935): eglMakeCurrent: 0x7fffeb454c20: ver 3 1 (tinfo 0x7fffeb40d8a0)
08-31 20:46:09.088 W/WindowManager( 1281): Attempted to remove non-existing token: android.os.Binder@ccd8d1d
08-31 20:46:09.200 E/EGL_adreno( 1935): tid 1952: eglSurfaceAttrib(1338): error 0x3009 (EGL_BAD_MATCH)
08-31 20:46:09.200 W/OpenGLRenderer( 1935): Failed to set EGL_SWAP_BEHAVIOR on surface 0x7fffeb41bd00, error=EGL_BAD_MATCH
08-31 20:46:09.208 D/EGL_adreno( 1935): eglMakeCurrent: 0x7fffeb454c20: ver 3 1 (tinfo 0x7fffeb40d8a0)
08-31 20:46:12.600 D/EGL_adreno( 1935): eglMakeCurrent: 0x7fffeb454c20: ver 3 1 (tinfo 0x7fffeb40d8a0)
08-31 20:46:12.605 W/WindowManager( 1281): Attempted to remove non-existing token: android.os.Binder@5f21b92
08-31 20:46:12.694 E/EGL_adreno( 1935): tid 1952: eglSurfaceAttrib(1338): error 0x3009 (EGL_BAD_MATCH)
08-31 20:46:12.694 W/OpenGLRenderer( 1935): Failed to set EGL_SWAP_BEHAVIOR on surface 0x7fffeb41bd00, error=EGL_BAD_MATCH
08-31 20:46:12.707 D/EGL_adreno( 1935): eglMakeCurrent: 0x7fffeb454c20: ver 3 1 (tinfo 0x7fffeb40d8a0)
08-31 20:46:16.114 D/EGL_adreno( 1935): eglMakeCurrent: 0x7fffeb454c20: ver 3 1 (tinfo 0x7fffeb40d8a0)
08-31 20:46:16.122 W/WindowManager( 1281): Attempted to remove non-existing token: android.os.Binder@1686963
08-31 20:46:16.250 E/EGL_adreno( 1935): tid 1952: eglSurfaceAttrib(1338): error 0x3009 (EGL_BAD_MATCH)
08-31 20:46:16.250 W/OpenGLRenderer( 1935): Failed to set EGL_SWAP_BEHAVIOR on surface 0x7fffeb41bd00, error=EGL_BAD_MATCH
08-31 20:46:16.253 D/EGL_adreno( 1935): eglMakeCurrent: 0x7fffeb454c20: ver 3 1 (tinfo 0x7fffeb40d8a0)
08-31 20:46:19.635 D/EGL_adreno( 1935): eglMakeCurrent: 0x7fffeb454c20: ver 3 1 (tinfo 0x7fffeb40d8a0)
08-31 20:46:19.639 W/WindowManager( 1281): Attempted to remove non-existing token: android.os.Binder@f233960
08-31 20:46:19.734 E/EGL_adreno( 1935): tid 1952: eglSurfaceAttrib(1338): error 0x3009 (EGL_BAD_MATCH)
08-31 20:46:19.734 W/OpenGLRenderer( 1935): Failed to set EGL_SWAP_BEHAVIOR on surface 0x7fffeb41bd00, error=EGL_BAD_MATCH
08-31 20:46:19.740 D/EGL_adreno( 1935): eglMakeCurrent: 0x7fffeb454c20: ver 3 1 (tinfo 0x7fffeb40d8a0)
08-31 20:46:23.146 D/EGL_adreno( 1935): eglMakeCurrent: 0x7fffeb454c20: ver 3 1 (tinfo 0x7fffeb40d8a0)
08-31 20:46:23.155 W/WindowManager( 1281): Attempted to remove non-existing token: android.os.Binder@dbade19
08-31 20:46:23.268 E/EGL_adreno( 1935): tid 1952: eglSurfaceAttrib(1338): error 0x3009 (EGL_BAD_MATCH)
08-31 20:46:23.268 W/OpenGLRenderer( 1935): Failed to set EGL_SWAP_BEHAVIOR on surface 0x7fffeb41bd00, error=EGL_BAD_MATCH
08-31 20:46:23.274 D/EGL_adreno( 1935): eglMakeCurrent: 0x7fffeb454c20: ver 3 1 (tinfo 0x7fffeb40d8a0)
08-31 20:46:26.664 D/EGL_adreno( 1935): eglMakeCurrent: 0x7fffeb454c20: ver 3 1 (tinfo 0x7fffeb40d8a0)
08-31 20:46:26.673 W/WindowManager( 1281): Attempted to remove non-existing token: android.os.Binder@8925ede
08-31 20:46:26.804 E/EGL_adreno( 1935): tid 1952: eglSurfaceAttrib(1338): error 0x3009 (EGL_BAD_MATCH)
08-31 20:46:26.804 W/OpenGLRenderer( 1935): Failed to set EGL_SWAP_BEHAVIOR on surface 0x7fffeb41bd00, error=EGL_BAD_MATCH
08-31 20:46:26.808 D/EGL_adreno( 1935): eglMakeCurrent: 0x7fffeb454c20: ver 3 1 (tinfo 0x7fffeb40d8a0)
08-31 20:46:30.182 D/EGL_adreno( 1935): eglMakeCurrent: 0x7fffeb454c20: ver 3 1 (tinfo 0x7fffeb40d8a0)
08-31 20:46:30.189 W/WindowManager( 1281): Attempted to remove non-existing token: android.os.Binder@2618aea
08-31 20:46:30.327 E/EGL_adreno( 1935): tid 1952: eglSurfaceAttrib(1338): error 0x3009 (EGL_BAD_MATCH)
08-31 20:46:30.327 W/OpenGLRenderer( 1935): Failed to set EGL_SWAP_BEHAVIOR on surface 0x7fffeb41bd00, error=EGL_BAD_MATCH
08-31 20:46:30.331 D/EGL_adreno( 1935): eglMakeCurrent: 0x7fffeb454c20: ver 3 1 (tinfo 0x7fffeb40d8a0)
08-31 20:46:33.702 D/EGL_adreno( 1935): eglMakeCurrent: 0x7fffeb454c20: ver 3 1 (tinfo 0x7fffeb40d8a0)
08-31 20:46:33.705 W/WindowManager( 1281): Attempted to remove non-existing token: android.os.Binder@456bb6
08-31 20:46:33.800 E/EGL_adreno( 1935): tid 1952: eglSurfaceAttrib(1338): error 0x3009 (EGL_BAD_MATCH)
08-31 20:46:33.800 W/OpenGLRenderer( 1935): Failed to set EGL_SWAP_BEHAVIOR on surface 0x7fffeb41bd00, error=EGL_BAD_MATCH
08-31 20:46:33.807 D/EGL_adreno( 1935): eglMakeCurrent: 0x7fffeb454c20: ver 3 1 (tinfo 0x7fffeb40d8a0)
08-31 20:46:37.212 D/EGL_adreno( 1935): eglMakeCurrent: 0x7fffeb454c20: ver 3 1 (tinfo 0x7fffeb40d8a0)
08-31 20:46:37.221 W/WindowManager( 1281): Attempted to remove non-existing token: android.os.Binder@92480b7
08-31 20:46:37.331 E/EGL_adreno( 1935): tid 1952: eglSurfaceAttrib(1338): error 0x3009 (EGL_BAD_MATCH)
08-31 20:46:37.331 W/OpenGLRenderer( 1935): Failed to set EGL_SWAP_BEHAVIOR on surface 0x7fffeb41bd00, error=EGL_BAD_MATCH
08-31 20:46:37.339 D/EGL_adreno( 1935): eglMakeCurrent: 0x7fffeb454c20: ver 3 1 (tinfo 0x7fffeb40d8a0)
08-31 20:46:40.728 D/EGL_adreno( 1935): eglMakeCurrent: 0x7fffeb454c20: ver 3 1 (tinfo 0x7fffeb40d8a0)
08-31 20:46:40.738 W/WindowManager( 1281): Attempted to remove non-existing token: android.os.Binder@84cc024
08-31 20:46:40.833 E/EGL_adreno( 1935): tid 1952: eglSurfaceAttrib(1338): error 0x3009 (EGL_BAD_MATCH)
08-31 20:46:40.833 W/OpenGLRenderer( 1935): Failed to set EGL_SWAP_BEHAVIOR on surface 0x7fffeb41bd00, error=EGL_BAD_MATCH
08-31 20:46:40.840 D/EGL_adreno( 1935): eglMakeCurrent: 0x7fffeb454c20: ver 3 1 (tinfo 0x7fffeb40d8a0)
08-31 20:46:44.253 D/EGL_adreno( 1935): eglMakeCurrent: 0x7fffeb454c20: ver 3 1 (tinfo 0x7fffeb40d8a0)
08-31 20:46:44.255 W/WindowManager( 1281): Attempted to remove non-existing token: android.os.Binder@b10f78d
08-31 20:46:44.422 E/EGL_adreno( 1935): tid 1952: eglSurfaceAttrib(1338): error 0x3009 (EGL_BAD_MATCH)
08-31 20:46:44.423 W/OpenGLRenderer( 1935): Failed to set EGL_SWAP_BEHAVIOR on surface 0x7fffeb41bd00, error=EGL_BAD_MATCH
08-31 20:46:44.426 D/EGL_adreno( 1935): eglMakeCurrent: 0x7fffeb454c20: ver 3 1 (tinfo 0x7fffeb40d8a0)
08-31 20:46:47.759 D/EGL_adreno( 1935): eglMakeCurrent: 0x7fffeb454c20: ver 3 1 (tinfo 0x7fffeb40d8a0)
08-31 20:46:47.772 W/WindowManager( 1281): Attempted to remove non-existing token: android.os.Binder@5b48d42
08-31 20:46:47.867 E/EGL_adreno( 1935): tid 1952: eglSurfaceAttrib(1338): error 0x3009 (EGL_BAD_MATCH)
08-31 20:46:47.867 W/OpenGLRenderer( 1935): Failed to set EGL_SWAP_BEHAVIOR on surface 0x7fffeb41bd00, error=EGL_BAD_MATCH
08-31 20:46:47.874 D/EGL_adreno( 1935): eglMakeCurrent: 0x7fffeb454c20: ver 3 1 (tinfo 0x7fffeb40d8a0)
08-31 20:46:51.296 D/EGL_adreno( 1935): eglMakeCurrent: 0x7fffeb454c20: ver 3 1 (tinfo 0x7fffeb40d8a0)
08-31 20:46:51.306 W/WindowManager( 1281): Attempted to remove non-existing token: android.os.Binder@3f67153
08-31 20:46:51.424 E/EGL_adreno( 1935): tid 1952: eglSurfaceAttrib(1338): error 0x3009 (EGL_BAD_MATCH)
08-31 20:46:51.424 W/OpenGLRenderer( 1935): Failed to set EGL_SWAP_BEHAVIOR on surface 0x7fffeb41bd00, error=EGL_BAD_MATCH
08-31 20:46:51.426 D/EGL_adreno( 1935): eglMakeCurrent: 0x7fffeb454c20: ver 3 1 (tinfo 0x7fffeb40d8a0)
08-31 20:46:54.815 D/EGL_adreno( 1935): eglMakeCurrent: 0x7fffeb454c20: ver 3 1 (tinfo 0x7fffeb40d8a0)
08-31 20:46:54.823 W/WindowManager( 1281): Attempted to remove non-existing token: android.os.Binder@fa7ba90
08-31 20:46:55.090 E/EGL_adreno( 1935): tid 1952: eglSurfaceAttrib(1338): error 0x3009 (EGL_BAD_MATCH)
