08-31 14:53:08.778 W/System.err( 1935): 	at com.android.intentfuzzer.FuzzerActivity$4.onClick(FuzzerActivity.java:184)
08-31 14:53:08.778 W/System.err( 1935): 	at android.view.View.performClick(View.java:5637)
08-31 14:53:08.778 W/System.err( 1935): 	at android.view.View$PerformClick.run(View.java:22429)
08-31 14:53:08.778 W/System.err( 1935): 	at android.os.Handler.handleCallback(Handler.java:751)
08-31 14:53:08.778 W/System.err( 1935): 	at android.os.Handler.dispatchMessage(Handler.java:95)
08-31 14:53:08.778 W/System.err( 1935): 	at android.os.Looper.loop(Looper.java:154)
08-31 14:53:08.778 W/System.err( 1935): 	at android.app.ActivityThread.main(ActivityThread.java:6190)
08-31 14:53:08.778 W/System.err( 1935): 	at java.lang.reflect.Method.invoke(Native Method)
08-31 14:53:08.778 W/System.err( 1935): 	at com.android.internal.os.ZygoteInit$MethodAndArgsCaller.run(ZygoteInit.java:892)
08-31 14:53:08.778 W/System.err( 1935): 	at com.android.internal.os.ZygoteInit.main(ZygoteInit.java:782)
08-31 14:53:08.780 I/ActivityManager( 1281): START u0 {cmp=org.smssecure.smssecure/.ConversationListArchiveActivity (has extras)} from uid 10064 on display 0
08-31 14:53:08.780 W/ActivityManager( 1281): Permission Denial: starting Intent { cmp=org.smssecure.smssecure/.ConversationListArchiveActivity (has extras) } from ProcessRecord{bda5613 1935:com.android.intentfuzzer/u0a64} (pid=1935, uid=10064) not exported from uid 10060
08-31 14:53:08.782 W/System.err( 1935): java.lang.Exception: Toast callstack! strTip=Send Intent Failed!
08-31 14:53:08.782 W/System.err( 1935): 	at android.widget.Toast.show(Toast.java:130)
08-31 14:53:08.782 W/System.err( 1935): 	at com.android.intentfuzzer.FuzzerActivity$4.onClick(FuzzerActivity.java:186)
08-31 14:53:08.782 W/System.err( 1935): 	at android.view.View.performClick(View.java:5637)
08-31 14:53:08.782 W/System.err( 1935): 	at android.view.View$PerformClick.run(View.java:22429)
08-31 14:53:08.782 W/System.err( 1935): 	at android.os.Handler.handleCallback(Handler.java:751)
08-31 14:53:08.782 W/System.err( 1935): 	at android.os.Handler.dispatchMessage(Handler.java:95)
08-31 14:53:08.782 W/System.err( 1935): 	at android.os.Looper.loop(Looper.java:154)
08-31 14:53:08.782 W/System.err( 1935): 	at android.app.ActivityThread.main(ActivityThread.java:6190)
08-31 14:53:08.782 W/System.err( 1935): 	at java.lang.reflect.Method.invoke(Native Method)
08-31 14:53:08.782 W/System.err( 1935): 	at com.android.internal.os.ZygoteInit$MethodAndArgsCaller.run(ZygoteInit.java:892)
08-31 14:53:08.782 W/System.err( 1935): 	at com.android.internal.os.ZygoteInit.main(ZygoteInit.java:782)
08-31 14:53:08.783 I/ActivityManager( 1281): START u0 {cmp=org.smssecure.smssecure/.ConversationActivity (has extras)} from uid 10064 on display 0
08-31 14:53:08.784 W/ActivityManager( 1281): Permission Denial: starting Intent { cmp=org.smssecure.smssecure/.ConversationActivity (has extras) } from ProcessRecord{bda5613 1935:com.android.intentfuzzer/u0a64} (pid=1935, uid=10064) not exported from uid 10060
08-31 14:53:08.785 W/System.err( 1935): java.lang.Exception: Toast callstack! strTip=Send Intent Failed!
08-31 14:53:08.785 W/System.err( 1935): 	at android.widget.Toast.show(Toast.java:130)
08-31 14:53:08.785 W/System.err( 1935): 	at com.android.intentfuzzer.FuzzerActivity$4.onClick(FuzzerActivity.java:186)
08-31 14:53:08.785 W/System.err( 1935): 	at android.view.View.performClick(View.java:5637)
08-31 14:53:08.785 W/System.err( 1935): 	at android.view.View$PerformClick.run(View.java:22429)
08-31 14:53:08.785 W/System.err( 1935): 	at android.os.Handler.handleCallback(Handler.java:751)
08-31 14:53:08.785 W/System.err( 1935): 	at android.os.Handler.dispatchMessage(Handler.java:95)
08-31 14:53:08.785 W/System.err( 1935): 	at android.os.Looper.loop(Looper.java:154)
08-31 14:53:08.785 W/System.err( 1935): 	at android.app.ActivityThread.main(ActivityThread.java:6190)
08-31 14:53:08.786 W/System.err( 1935): 	at java.lang.reflect.Method.invoke(Native Method)
08-31 14:53:08.786 W/System.err( 1935): 	at com.android.internal.os.ZygoteInit$MethodAndArgsCaller.run(ZygoteInit.java:892)
08-31 14:53:08.786 W/System.err( 1935): 	at com.android.internal.os.ZygoteInit.main(ZygoteInit.java:782)
08-31 14:53:08.787 I/ActivityManager( 1281): START u0 {cmp=org.smssecure.smssecure/.ConversationPopupActivity (has extras)} from uid 10064 on display 0
08-31 14:53:08.787 W/ActivityManager( 1281): Permission Denial: starting Intent { cmp=org.smssecure.smssecure/.ConversationPopupActivity (has extras) } from ProcessRecord{bda5613 1935:com.android.intentfuzzer/u0a64} (pid=1935, uid=10064) not exported from uid 10060
08-31 14:53:08.789 W/System.err( 1935): java.lang.Exception: Toast callstack! strTip=Send Intent Failed!
08-31 14:53:08.789 W/System.err( 1935): 	at android.widget.Toast.show(Toast.java:130)
08-31 14:53:08.789 W/System.err( 1935): 	at com.android.intentfuzzer.FuzzerActivity$4.onClick(FuzzerActivity.java:186)
08-31 14:53:08.789 W/System.err( 1935): 	at android.view.View.performClick(View.java:5637)
08-31 14:53:08.789 W/System.err( 1935): 	at android.view.View$PerformClick.run(View.java:22429)
08-31 14:53:08.789 W/System.err( 1935): 	at android.os.Handler.handleCallback(Handler.java:751)
08-31 14:53:08.789 W/System.err( 1935): 	at android.os.Handler.dispatchMessage(Handler.java:95)
08-31 14:53:08.789 W/System.err( 1935): 	at android.os.Looper.loop(Looper.java:154)
08-31 14:53:08.789 W/System.err( 1935): 	at android.app.ActivityThread.main(ActivityThread.java:6190)
08-31 14:53:08.789 W/System.err( 1935): 	at java.lang.reflect.Method.invoke(Native Method)
08-31 14:53:08.789 W/System.err( 1935): 	at com.android.internal.os.ZygoteInit$MethodAndArgsCaller.run(ZygoteInit.java:892)
08-31 14:53:08.789 W/System.err( 1935): 	at com.android.internal.os.ZygoteInit.main(ZygoteInit.java:782)
08-31 14:53:08.791 I/ActivityManager( 1281): START u0 {cmp=org.smssecure.smssecure/.MessageDetailsActivity (has extras)} from uid 10064 on display 0
08-31 14:53:08.791 W/ActivityManager( 1281): Permission Denial: starting Intent { cmp=org.smssecure.smssecure/.MessageDetailsActivity (has extras) } from ProcessRecord{bda5613 1935:com.android.intentfuzzer/u0a64} (pid=1935, uid=10064) not exported from uid 10060
08-31 14:53:08.792 W/System.err( 1935): java.lang.Exception: Toast callstack! strTip=Send Intent Failed!
08-31 14:53:08.793 W/System.err( 1935): 	at android.widget.Toast.show(Toast.java:130)
08-31 14:53:08.793 W/System.err( 1935): 	at com.android.intentfuzzer.FuzzerActivity$4.onClick(FuzzerActivity.java:186)
08-31 14:53:08.793 W/System.err( 1935): 	at android.view.View.performClick(View.java:5637)
08-31 14:53:08.793 W/System.err( 1935): 	at android.view.View$PerformClick.run(View.java:22429)
08-31 14:53:08.793 W/System.err( 1935): 	at android.os.Handler.handleCallback(Handler.java:751)
08-31 14:53:08.793 W/System.err( 1935): 	at android.os.Handler.dispatchMessage(Handler.java:95)
08-31 14:53:08.793 W/System.err( 1935): 	at android.os.Looper.loop(Looper.java:154)
08-31 14:53:08.793 W/System.err( 1935): 	at android.app.ActivityThread.main(ActivityThread.java:6190)
08-31 14:53:08.793 W/System.err( 1935): 	at java.lang.reflect.Method.invoke(Native Method)
08-31 14:53:08.793 W/System.err( 1935): 	at com.android.internal.os.ZygoteInit$MethodAndArgsCaller.run(ZygoteInit.java:892)
08-31 14:53:08.793 W/System.err( 1935): 	at com.android.internal.os.ZygoteInit.main(ZygoteInit.java:782)
08-31 14:53:08.795 I/ActivityManager( 1281): START u0 {cmp=org.smssecure.smssecure/.GroupCreateActivity (has extras)} from uid 10064 on display 0
08-31 14:53:08.795 W/ActivityManager( 1281): Permission Denial: starting Intent { cmp=org.smssecure.smssecure/.GroupCreateActivity (has extras) } from ProcessRecord{bda5613 1935:com.android.intentfuzzer/u0a64} (pid=1935, uid=10064) not exported from uid 10060
08-31 14:53:08.797 W/System.err( 1935): java.lang.Exception: Toast callstack! strTip=Send Intent Failed!
08-31 14:53:08.797 W/System.err( 1935): 	at android.widget.Toast.show(Toast.java:130)
08-31 14:53:08.797 W/System.err( 1935): 	at com.android.intentfuzzer.FuzzerActivity$4.onClick(FuzzerActivity.java:186)
08-31 14:53:08.797 W/System.err( 1935): 	at android.view.View.performClick(View.java:5637)
08-31 14:53:08.797 W/System.err( 1935): 	at android.view.View$PerformClick.run(View.java:22429)
08-31 14:53:08.797 W/System.err( 1935): 	at android.os.Handler.handleCallback(Handler.java:751)
08-31 14:53:08.797 W/System.err( 1935): 	at android.os.Handler.dispatchMessage(Handler.java:95)
08-31 14:53:08.797 W/System.err( 1935): 	at android.os.Looper.loop(Looper.java:154)
08-31 14:53:08.797 W/System.err( 1935): 	at android.app.ActivityThread.main(ActivityThread.java:6190)
08-31 14:53:08.797 W/System.err( 1935): 	at java.lang.reflect.Method.invoke(Native Method)
08-31 14:53:08.797 W/System.err( 1935): 	at com.android.internal.os.ZygoteInit$MethodAndArgsCaller.run(ZygoteInit.java:892)
08-31 14:53:08.797 W/System.err( 1935): 	at com.android.internal.os.ZygoteInit.main(ZygoteInit.java:782)
08-31 14:53:08.799 I/ActivityManager( 1281): START u0 {cmp=org.smssecure.smssecure/.DatabaseMigrationActivity (has extras)} from uid 10064 on display 0
08-31 14:53:08.799 W/ActivityManager( 1281): Permission Denial: starting Intent { cmp=org.smssecure.smssecure/.DatabaseMigrationActivity (has extras) } from ProcessRecord{bda5613 1935:com.android.intentfuzzer/u0a64} (pid=1935, uid=10064) not exported from uid 10060
08-31 14:53:08.801 W/System.err( 1935): java.lang.Exception: Toast callstack! strTip=Send Intent Failed!
08-31 14:53:08.801 W/System.err( 1935): 	at android.widget.Toast.show(Toast.java:130)
08-31 14:53:08.801 W/System.err( 1935): 	at com.android.intentfuzzer.FuzzerActivity$4.onClick(FuzzerActivity.java:186)
08-31 14:53:08.801 W/System.err( 1935): 	at android.view.View.performClick(View.java:5637)
08-31 14:53:08.801 W/System.err( 1935): 	at android.view.View$PerformClick.run(View.java:22429)
08-31 14:53:08.801 W/System.err( 1935): 	at android.os.Handler.handleCallback(Handler.java:751)
08-31 14:53:08.801 W/System.err( 1935): 	at android.os.Handler.dispatchMessage(Handler.java:95)
08-31 14:53:08.801 W/System.err( 1935): 	at android.os.Looper.loop(Looper.java:154)
08-31 14:53:08.801 W/System.err( 1935): 	at android.app.ActivityThread.main(ActivityThread.java:6190)
08-31 14:53:08.801 W/System.err( 1935): 	at java.lang.reflect.Method.invoke(Native Method)
08-31 14:53:08.801 W/System.err( 1935): 	at com.android.internal.os.ZygoteInit$MethodAndArgsCaller.run(ZygoteInit.java:892)
08-31 14:53:08.801 W/System.err( 1935): 	at com.android.internal.os.ZygoteInit.main(ZygoteInit.java:782)
08-31 14:53:08.803 I/ActivityManager( 1281): START u0 {cmp=org.smssecure.smssecure/.DatabaseUpgradeActivity (has extras)} from uid 10064 on display 0
08-31 14:53:08.803 W/ActivityManager( 1281): Permission Denial: starting Intent { cmp=org.smssecure.smssecure/.DatabaseUpgradeActivity (has extras) } from ProcessRecord{bda5613 1935:com.android.intentfuzzer/u0a64} (pid=1935, uid=10064) not exported from uid 10060
08-31 14:53:08.805 W/System.err( 1935): java.lang.Exception: Toast callstack! strTip=Send Intent Failed!
08-31 14:53:08.805 W/System.err( 1935): 	at android.widget.Toast.show(Toast.java:130)
08-31 14:53:08.805 W/System.err( 1935): 	at com.android.intentfuzzer.FuzzerActivity$4.onClick(FuzzerActivity.java:186)
08-31 14:53:08.805 W/System.err( 1935): 	at android.view.View.performClick(View.java:5637)
08-31 14:53:08.805 W/System.err( 1935): 	at android.view.View$PerformClick.run(View.java:22429)
08-31 14:53:08.805 W/System.err( 1935): 	at android.os.Handler.handleCallback(Handler.java:751)
08-31 14:53:08.805 W/System.err( 1935): 	at android.os.Handler.dispatchMessage(Handler.java:95)
08-31 14:53:08.805 W/System.err( 1935): 	at android.os.Looper.loop(Looper.java:154)
08-31 14:53:08.805 W/System.err( 1935): 	at android.app.ActivityThread.main(ActivityThread.java:6190)
08-31 14:53:08.805 W/System.err( 1935): 	at java.lang.reflect.Method.invoke(Native Method)
08-31 14:53:08.805 W/System.err( 1935): 	at com.android.internal.os.ZygoteInit$MethodAndArgsCaller.run(ZygoteInit.java:892)
08-31 14:53:08.805 W/System.err( 1935): 	at com.android.internal.os.ZygoteInit.main(ZygoteInit.java:782)
08-31 14:53:08.807 I/ActivityManager( 1281): START u0 {cmp=org.smssecure.smssecure/.IntroScreenActivity (has extras)} from uid 10064 on display 0
08-31 14:53:08.807 W/ActivityManager( 1281): Permission Denial: starting Intent { cmp=org.smssecure.smssecure/.IntroScreenActivity (has extras) } from ProcessRecord{bda5613 1935:com.android.intentfuzzer/u0a64} (pid=1935, uid=10064) not exported from uid 10060
08-31 14:53:08.808 W/System.err( 1935): java.lang.Exception: Toast callstack! strTip=Send Intent Failed!
08-31 14:53:08.808 W/System.err( 1935): 	at android.widget.Toast.show(Toast.java:130)
08-31 14:53:08.808 W/System.err( 1935): 	at com.android.intentfuzzer.FuzzerActivity$4.onClick(FuzzerActivity.java:186)
08-31 14:53:08.808 W/System.err( 1935): 	at android.view.View.performClick(View.java:5637)
08-31 14:53:08.809 W/System.err( 1935): 	at android.view.View$PerformClick.run(View.java:22429)
08-31 14:53:08.809 W/System.err( 1935): 	at android.os.Handler.handleCallback(Handler.java:751)
08-31 14:53:08.809 W/System.err( 1935): 	at android.os.Handler.dispatchMessage(Handler.java:95)
08-31 14:53:08.809 W/System.err( 1935): 	at android.os.Looper.loop(Looper.java:154)
08-31 14:53:08.809 W/System.err( 1935): 	at android.app.ActivityThread.main(ActivityThread.java:6190)
08-31 14:53:08.809 W/System.err( 1935): 	at java.lang.reflect.Method.invoke(Native Method)
08-31 14:53:08.809 W/System.err( 1935): 	at com.android.internal.os.ZygoteInit$MethodAndArgsCaller.run(ZygoteInit.java:892)
08-31 14:53:08.809 W/System.err( 1935): 	at com.android.internal.os.ZygoteInit.main(ZygoteInit.java:782)
08-31 14:53:08.810 I/ActivityManager( 1281): START u0 {cmp=org.smssecure.smssecure/.PassphraseCreateActivity (has extras)} from uid 10064 on display 0
08-31 14:53:08.810 W/ActivityManager( 1281): Permission Denial: starting Intent { cmp=org.smssecure.smssecure/.PassphraseCreateActivity (has extras) } from ProcessRecord{bda5613 1935:com.android.intentfuzzer/u0a64} (pid=1935, uid=10064) not exported from uid 10060
08-31 14:53:08.811 W/System.err( 1935): java.lang.Exception: Toast callstack! strTip=Send Intent Failed!
08-31 14:53:08.812 W/System.err( 1935): 	at android.widget.Toast.show(Toast.java:130)
08-31 14:53:08.812 W/System.err( 1935): 	at com.android.intentfuzzer.FuzzerActivity$4.onClick(FuzzerActivity.java:186)
08-31 14:53:08.812 W/System.err( 1935): 	at android.view.View.performClick(View.java:5637)
08-31 14:53:08.812 W/System.err( 1935): 	at android.view.View$PerformClick.run(View.java:22429)
08-31 14:53:08.812 W/System.err( 1935): 	at android.os.Handler.handleCallback(Handler.java:751)
08-31 14:53:08.812 W/System.err( 1935): 	at android.os.Handler.dispatchMessage(Handler.java:95)
08-31 14:53:08.812 W/System.err( 1935): 	at android.os.Looper.loop(Looper.java:154)
08-31 14:53:08.812 W/System.err( 1935): 	at android.app.ActivityThread.main(ActivityThread.java:6190)
08-31 14:53:08.812 W/System.err( 1935): 	at java.lang.reflect.Method.invoke(Native Method)
08-31 14:53:08.812 W/System.err( 1935): 	at com.android.internal.os.ZygoteInit$MethodAndArgsCaller.run(ZygoteInit.java:892)
08-31 14:53:08.812 W/System.err( 1935): 	at com.android.internal.os.ZygoteInit.main(ZygoteInit.java:782)
08-31 14:53:08.813 I/ActivityManager( 1281): START u0 {cmp=org.smssecure.smssecure/.PassphrasePromptActivity (has extras)} from uid 10064 on display 0
08-31 14:53:08.814 W/ActivityManager( 1281): Permission Denial: starting Intent { cmp=org.smssecure.smssecure/.PassphrasePromptActivity (has extras) } from ProcessRecord{bda5613 1935:com.android.intentfuzzer/u0a64} (pid=1935, uid=10064) not exported from uid 10060
08-31 14:53:08.816 W/System.err( 1935): java.lang.Exception: Toast callstack! strTip=Send Intent Failed!
08-31 14:53:08.816 W/System.err( 1935): 	at android.widget.Toast.show(Toast.java:130)
08-31 14:53:08.816 W/System.err( 1935): 	at com.android.intentfuzzer.FuzzerActivity$4.onClick(FuzzerActivity.java:186)
08-31 14:53:08.816 W/System.err( 1935): 	at android.view.View.performClick(View.java:5637)
08-31 14:53:08.816 W/System.err( 1935): 	at android.view.View$PerformClick.run(View.java:22429)
08-31 14:53:08.816 W/System.err( 1935): 	at android.os.Handler.handleCallback(Handler.java:751)
08-31 14:53:08.816 W/System.err( 1935): 	at android.os.Handler.dispatchMessage(Handler.java:95)
08-31 14:53:08.816 W/System.err( 1935): 	at android.os.Looper.loop(Looper.java:154)
08-31 14:53:08.816 W/System.err( 1935): 	at android.app.ActivityThread.main(ActivityThread.java:6190)
08-31 14:53:08.816 W/System.err( 1935): 	at java.lang.reflect.Method.invoke(Native Method)
08-31 14:53:08.816 W/System.err( 1935): 	at com.android.internal.os.ZygoteInit$MethodAndArgsCaller.run(ZygoteInit.java:892)
08-31 14:53:08.816 W/System.err( 1935): 	at com.android.internal.os.ZygoteInit.main(ZygoteInit.java:782)
08-31 14:53:08.818 I/ActivityManager( 1281): START u0 {cmp=org.smssecure.smssecure/.NewConversationActivity (has extras)} from uid 10064 on display 0
08-31 14:53:08.818 W/ActivityManager( 1281): Permission Denial: starting Intent { cmp=org.smssecure.smssecure/.NewConversationActivity (has extras) } from ProcessRecord{bda5613 1935:com.android.intentfuzzer/u0a64} (pid=1935, uid=10064) not exported from uid 10060
08-31 14:53:08.819 W/System.err( 1935): java.lang.Exception: Toast callstack! strTip=Send Intent Failed!
08-31 14:53:08.819 W/System.err( 1935): 	at android.widget.Toast.show(Toast.java:130)
08-31 14:53:08.819 W/System.err( 1935): 	at com.android.intentfuzzer.FuzzerActivity$4.onClick(FuzzerActivity.java:186)
08-31 14:53:08.820 W/System.err( 1935): 	at android.view.View.performClick(View.java:5637)
08-31 14:53:08.820 W/System.err( 1935): 	at android.view.View$PerformClick.run(View.java:22429)
08-31 14:53:08.820 W/System.err( 1935): 	at android.os.Handler.handleCallback(Handler.java:751)
08-31 14:53:08.820 W/System.err( 1935): 	at android.os.Handler.dispatchMessage(Handler.java:95)
08-31 14:53:08.820 W/System.err( 1935): 	at android.os.Looper.loop(Looper.java:154)
08-31 14:53:08.820 W/System.err( 1935): 	at android.app.ActivityThread.main(ActivityThread.java:6190)
08-31 14:53:08.820 W/System.err( 1935): 	at java.lang.reflect.Method.invoke(Native Method)
08-31 14:53:08.820 W/System.err( 1935): 	at com.android.internal.os.ZygoteInit$MethodAndArgsCaller.run(ZygoteInit.java:892)
08-31 14:53:08.820 W/System.err( 1935): 	at com.android.internal.os.ZygoteInit.main(ZygoteInit.java:782)
08-31 14:53:08.821 I/ActivityManager( 1281): START u0 {cmp=org.smssecure.smssecure/.PushContactSelectionActivity (has extras)} from uid 10064 on display 0
08-31 14:53:08.821 W/ActivityManager( 1281): Permission Denial: starting Intent { cmp=org.smssecure.smssecure/.PushContactSelectionActivity (has extras) } from ProcessRecord{bda5613 1935:com.android.intentfuzzer/u0a64} (pid=1935, uid=10064) not exported from uid 10060
08-31 14:53:08.822 W/System.err( 1935): java.lang.Exception: Toast callstack! strTip=Send Intent Failed!
08-31 14:53:08.822 W/System.err( 1935): 	at android.widget.Toast.show(Toast.java:130)
08-31 14:53:08.822 W/System.err( 1935): 	at com.android.intentfuzzer.FuzzerActivity$4.onClick(FuzzerActivity.java:186)
08-31 14:53:08.822 W/System.err( 1935): 	at android.view.View.performClick(View.java:5637)
08-31 14:53:08.822 W/System.err( 1935): 	at android.view.View$PerformClick.run(View.java:22429)
08-31 14:53:08.822 W/System.err( 1935): 	at android.os.Handler.handleCallback(Handler.java:751)
08-31 14:53:08.822 W/System.err( 1935): 	at android.os.Handler.dispatchMessage(Handler.java:95)
08-31 14:53:08.822 W/System.err( 1935): 	at android.os.Looper.loop(Looper.java:154)
08-31 14:53:08.822 W/System.err( 1935): 	at android.app.ActivityThread.main(ActivityThread.java:6190)
08-31 14:53:08.823 W/System.err( 1935): 	at java.lang.reflect.Method.invoke(Native Method)
08-31 14:53:08.823 W/System.err( 1935): 	at com.android.internal.os.ZygoteInit$MethodAndArgsCaller.run(ZygoteInit.java:892)
08-31 14:53:08.823 W/System.err( 1935): 	at com.android.internal.os.ZygoteInit.main(ZygoteInit.java:782)
08-31 14:53:08.823 I/ActivityManager( 1281): START u0 {cmp=org.smssecure.smssecure/.ViewIdentityActivity (has extras)} from uid 10064 on display 0
08-31 14:53:08.824 W/ActivityManager( 1281): Permission Denial: starting Intent { cmp=org.smssecure.smssecure/.ViewIdentityActivity (has extras) } from ProcessRecord{bda5613 1935:com.android.intentfuzzer/u0a64} (pid=1935, uid=10064) not exported from uid 10060
08-31 14:53:08.825 W/System.err( 1935): java.lang.Exception: Toast callstack! strTip=Send Intent Failed!
08-31 14:53:08.825 W/System.err( 1935): 	at android.widget.Toast.show(Toast.java:130)
08-31 14:53:08.825 W/System.err( 1935): 	at com.android.intentfuzzer.FuzzerActivity$4.onClick(FuzzerActivity.java:186)
08-31 14:53:08.825 W/System.err( 1935): 	at android.view.View.performClick(View.java:5637)
08-31 14:53:08.825 W/System.err( 1935): 	at android.view.View$PerformClick.run(View.java:22429)
08-31 14:53:08.825 W/System.err( 1935): 	at android.os.Handler.handleCallback(Handler.java:751)
08-31 14:53:08.825 W/System.err( 1935): 	at android.os.Handler.dispatchMessage(Handler.java:95)
08-31 14:53:08.825 W/System.err( 1935): 	at android.os.Looper.loop(Looper.java:154)
08-31 14:53:08.825 W/System.err( 1935): 	at android.app.ActivityThread.main(ActivityThread.java:6190)
08-31 14:53:08.825 W/System.err( 1935): 	at java.lang.reflect.Method.invoke(Native Method)
08-31 14:53:08.825 W/System.err( 1935): 	at com.android.internal.os.ZygoteInit$MethodAndArgsCaller.run(ZygoteInit.java:892)
08-31 14:53:08.825 W/System.err( 1935): 	at com.android.internal.os.ZygoteInit.main(ZygoteInit.java:782)
08-31 14:53:08.826 I/ActivityManager( 1281): START u0 {cmp=org.smssecure.smssecure/.ViewLocalIdentityActivity (has extras)} from uid 10064 on display 0
08-31 14:53:08.827 W/ActivityManager( 1281): Permission Denial: starting Intent { cmp=org.smssecure.smssecure/.ViewLocalIdentityActivity (has extras) } from ProcessRecord{bda5613 1935:com.android.intentfuzzer/u0a64} (pid=1935, uid=10064) not exported from uid 10060
08-31 14:53:08.828 W/System.err( 1935): java.lang.Exception: Toast callstack! strTip=Send Intent Failed!
08-31 14:53:08.829 W/System.err( 1935): 	at android.widget.Toast.show(Toast.java:130)
08-31 14:53:08.829 W/System.err( 1935): 	at com.android.intentfuzzer.FuzzerActivity$4.onClick(FuzzerActivity.java:186)
08-31 14:53:08.829 W/System.err( 1935): 	at android.view.View.performClick(View.java:5637)
08-31 14:53:08.829 W/System.err( 1935): 	at android.view.View$PerformClick.run(View.java:22429)
08-31 14:53:08.829 W/System.err( 1935): 	at android.os.Handler.handleCallback(Handler.java:751)
08-31 14:53:08.829 W/System.err( 1935): 	at android.os.Handler.dispatchMessage(Handler.java:95)
08-31 14:53:08.829 W/System.err( 1935): 	at android.os.Looper.loop(Looper.java:154)
08-31 14:53:08.829 W/System.err( 1935): 	at android.app.ActivityThread.main(ActivityThread.java:6190)
08-31 14:53:08.829 W/System.err( 1935): 	at java.lang.reflect.Method.invoke(Native Method)
08-31 14:53:08.829 W/System.err( 1935): 	at com.android.internal.os.ZygoteInit$MethodAndArgsCaller.run(ZygoteInit.java:892)
08-31 14:53:08.829 W/System.err( 1935): 	at com.android.internal.os.ZygoteInit.main(ZygoteInit.java:782)
08-31 14:53:08.831 I/ActivityManager( 1281): START u0 {cmp=org.smssecure.smssecure/.PassphraseChangeActivity (has extras)} from uid 10064 on display 0
08-31 14:53:08.831 W/ActivityManager( 1281): Permission Denial: starting Intent { cmp=org.smssecure.smssecure/.PassphraseChangeActivity (has extras) } from ProcessRecord{bda5613 1935:com.android.intentfuzzer/u0a64} (pid=1935, uid=10064) not exported from uid 10060
08-31 14:53:08.832 W/System.err( 1935): java.lang.Exception: Toast callstack! strTip=Send Intent Failed!
08-31 14:53:08.832 W/System.err( 1935): 	at android.widget.Toast.show(Toast.java:130)
08-31 14:53:08.832 W/System.err( 1935): 	at com.android.intentfuzzer.FuzzerActivity$4.onClick(FuzzerActivity.java:186)
08-31 14:53:08.832 W/System.err( 1935): 	at android.view.View.performClick(View.java:5637)
08-31 14:53:08.832 W/System.err( 1935): 	at android.view.View$PerformClick.run(View.java:22429)
08-31 14:53:08.832 W/System.err( 1935): 	at android.os.Handler.handleCallback(Handler.java:751)
08-31 14:53:08.832 W/System.err( 1935): 	at android.os.Handler.dispatchMessage(Handler.java:95)
08-31 14:53:08.832 W/System.err( 1935): 	at android.os.Looper.loop(Looper.java:154)
08-31 14:53:08.833 W/System.err( 1935): 	at android.app.ActivityThread.main(ActivityThread.java:6190)
08-31 14:53:08.833 W/System.err( 1935): 	at java.lang.reflect.Method.invoke(Native Method)
08-31 14:53:08.833 W/System.err( 1935): 	at com.android.internal.os.ZygoteInit$MethodAndArgsCaller.run(ZygoteInit.java:892)
08-31 14:53:08.833 W/System.err( 1935): 	at com.android.internal.os.ZygoteInit.main(ZygoteInit.java:782)
08-31 14:53:08.835 I/ActivityManager( 1281): START u0 {cmp=org.smssecure.smssecure/.VerifyIdentityActivity (has extras)} from uid 10064 on display 0
08-31 14:53:08.835 W/ActivityManager( 1281): Permission Denial: starting Intent { cmp=org.smssecure.smssecure/.VerifyIdentityActivity (has extras) } from ProcessRecord{bda5613 1935:com.android.intentfuzzer/u0a64} (pid=1935, uid=10064) not exported from uid 10060
08-31 14:53:08.837 W/System.err( 1935): java.lang.Exception: Toast callstack! strTip=Send Intent Failed!
08-31 14:53:08.837 W/System.err( 1935): 	at android.widget.Toast.show(Toast.java:130)
08-31 14:53:08.837 W/System.err( 1935): 	at com.android.intentfuzzer.FuzzerActivity$4.onClick(FuzzerActivity.java:186)
08-31 14:53:08.837 W/System.err( 1935): 	at android.view.View.performClick(View.java:5637)
08-31 14:53:08.837 W/System.err( 1935): 	at android.view.View$PerformClick.run(View.java:22429)
08-31 14:53:08.837 W/System.err( 1935): 	at android.os.Handler.handleCallback(Handler.java:751)
08-31 14:53:08.837 W/System.err( 1935): 	at android.os.Handler.dispatchMessage(Handler.java:95)
08-31 14:53:08.837 W/System.err( 1935): 	at android.os.Looper.loop(Looper.java:154)
08-31 14:53:08.838 W/System.err( 1935): 	at android.app.ActivityThread.main(ActivityThread.java:6190)
08-31 14:53:08.838 W/System.err( 1935): 	at java.lang.reflect.Method.invoke(Native Method)
08-31 14:53:08.838 W/System.err( 1935): 	at com.android.internal.os.ZygoteInit$MethodAndArgsCaller.run(ZygoteInit.java:892)
08-31 14:53:08.838 W/System.err( 1935): 	at com.android.internal.os.ZygoteInit.main(ZygoteInit.java:782)
08-31 14:53:08.839 I/ActivityManager( 1281): START u0 {cmp=org.smssecure.smssecure/.ApplicationPreferencesActivity (has extras)} from uid 10064 on display 0
08-31 14:53:08.839 W/ActivityManager( 1281): Permission Denial: starting Intent { cmp=org.smssecure.smssecure/.ApplicationPreferencesActivity (has extras) } from ProcessRecord{bda5613 1935:com.android.intentfuzzer/u0a64} (pid=1935, uid=10064) not exported from uid 10060
08-31 14:53:08.841 W/System.err( 1935): java.lang.Exception: Toast callstack! strTip=Send Intent Failed!
08-31 14:53:08.841 W/System.err( 1935): 	at android.widget.Toast.show(Toast.java:130)
08-31 14:53:08.841 W/System.err( 1935): 	at com.android.intentfuzzer.FuzzerActivity$4.onClick(FuzzerActivity.java:186)
08-31 14:53:08.841 W/System.err( 1935): 	at android.view.View.performClick(View.java:5637)
08-31 14:53:08.841 W/System.err( 1935): 	at android.view.View$PerformClick.run(View.java:22429)
08-31 14:53:08.841 W/System.err( 1935): 	at android.os.Handler.handleCallback(Handler.java:751)
08-31 14:53:08.841 W/System.err( 1935): 	at android.os.Handler.dispatchMessage(Handler.java:95)
08-31 14:53:08.841 W/System.err( 1935): 	at android.os.Looper.loop(Looper.java:154)
08-31 14:53:08.841 W/System.err( 1935): 	at android.app.ActivityThread.main(ActivityThread.java:6190)
08-31 14:53:08.841 W/System.err( 1935): 	at java.lang.reflect.Method.invoke(Native Method)
08-31 14:53:08.841 W/System.err( 1935): 	at com.android.internal.os.ZygoteInit$MethodAndArgsCaller.run(ZygoteInit.java:892)
08-31 14:53:08.841 W/System.err( 1935): 	at com.android.internal.os.ZygoteInit.main(ZygoteInit.java:782)
08-31 14:53:08.842 I/ActivityManager( 1281): START u0 {cmp=org.smssecure.smssecure/.LogSubmitActivity (has extras)} from uid 10064 on display 0
08-31 14:53:08.843 W/ActivityManager( 1281): Permission Denial: starting Intent { cmp=org.smssecure.smssecure/.LogSubmitActivity (has extras) } from ProcessRecord{bda5613 1935:com.android.intentfuzzer/u0a64} (pid=1935, uid=10064) not exported from uid 10060
08-31 14:53:08.844 W/System.err( 1935): java.lang.Exception: Toast callstack! strTip=Send Intent Failed!
08-31 14:53:08.844 W/System.err( 1935): 	at android.widget.Toast.show(Toast.java:130)
08-31 14:53:08.844 W/System.err( 1935): 	at com.android.intentfuzzer.FuzzerActivity$4.onClick(FuzzerActivity.java:186)
08-31 14:53:08.844 W/System.err( 1935): 	at android.view.View.performClick(View.java:5637)
08-31 14:53:08.844 W/System.err( 1935): 	at android.view.View$PerformClick.run(View.java:22429)
08-31 14:53:08.844 W/System.err( 1935): 	at android.os.Handler.handleCallback(Handler.java:751)
08-31 14:53:08.844 W/System.err( 1935): 	at android.os.Handler.dispatchMessage(Handler.java:95)
08-31 14:53:08.844 W/System.err( 1935): 	at android.os.Looper.loop(Looper.java:154)
08-31 14:53:08.844 W/System.err( 1935): 	at android.app.ActivityThread.main(ActivityThread.java:6190)
08-31 14:53:08.844 W/System.err( 1935): 	at java.lang.reflect.Method.invoke(Native Method)
08-31 14:53:08.844 W/System.err( 1935): 	at com.android.internal.os.ZygoteInit$MethodAndArgsCaller.run(ZygoteInit.java:892)
08-31 14:53:08.844 W/System.err( 1935): 	at com.android.internal.os.ZygoteInit.main(ZygoteInit.java:782)
08-31 14:53:08.846 I/ActivityManager( 1281): START u0 {cmp=org.smssecure.smssecure/.MediaPreviewActivity (has extras)} from uid 10064 on display 0
08-31 14:53:08.846 W/ActivityManager( 1281): Permission Denial: starting Intent { cmp=org.smssecure.smssecure/.MediaPreviewActivity (has extras) } from ProcessRecord{bda5613 1935:com.android.intentfuzzer/u0a64} (pid=1935, uid=10064) not exported from uid 10060
08-31 14:53:08.847 W/System.err( 1935): java.lang.Exception: Toast callstack! strTip=Send Intent Failed!
08-31 14:53:08.847 W/System.err( 1935): 	at android.widget.Toast.show(Toast.java:130)
08-31 14:53:08.847 W/System.err( 1935): 	at com.android.intentfuzzer.FuzzerActivity$4.onClick(FuzzerActivity.java:186)
08-31 14:53:08.847 W/System.err( 1935): 	at android.view.View.performClick(View.java:5637)
08-31 14:53:08.847 W/System.err( 1935): 	at android.view.View$PerformClick.run(View.java:22429)
08-31 14:53:08.847 W/System.err( 1935): 	at android.os.Handler.handleCallback(Handler.java:751)
08-31 14:53:08.847 W/System.err( 1935): 	at android.os.Handler.dispatchMessage(Handler.java:95)
08-31 14:53:08.847 W/System.err( 1935): 	at android.os.Looper.loop(Looper.java:154)
08-31 14:53:08.847 W/System.err( 1935): 	at android.app.ActivityThread.main(ActivityThread.java:6190)
08-31 14:53:08.847 W/System.err( 1935): 	at java.lang.reflect.Method.invoke(Native Method)
08-31 14:53:08.847 W/System.err( 1935): 	at com.android.internal.os.ZygoteInit$MethodAndArgsCaller.run(ZygoteInit.java:892)
08-31 14:53:08.847 W/System.err( 1935): 	at com.android.internal.os.ZygoteInit.main(ZygoteInit.java:782)
08-31 14:53:08.849 I/ActivityManager( 1281): START u0 {cmp=org.smssecure.smssecure/.MediaOverviewActivity (has extras)} from uid 10064 on display 0
08-31 14:53:08.849 W/ActivityManager( 1281): Permission Denial: starting Intent { cmp=org.smssecure.smssecure/.MediaOverviewActivity (has extras) } from ProcessRecord{bda5613 1935:com.android.intentfuzzer/u0a64} (pid=1935, uid=10064) not exported from uid 10060
08-31 14:53:08.850 W/System.err( 1935): java.lang.Exception: Toast callstack! strTip=Send Intent Failed!
08-31 14:53:08.850 W/System.err( 1935): 	at android.widget.Toast.show(Toast.java:130)
08-31 14:53:08.850 W/System.err( 1935): 	at com.android.intentfuzzer.FuzzerActivity$4.onClick(FuzzerActivity.java:186)
08-31 14:53:08.850 W/System.err( 1935): 	at android.view.View.performClick(View.java:5637)
08-31 14:53:08.850 W/System.err( 1935): 	at android.view.View$PerformClick.run(View.java:22429)
08-31 14:53:08.850 W/System.err( 1935): 	at android.os.Handler.handleCallback(Handler.java:751)
08-31 14:53:08.850 W/System.err( 1935): 	at android.os.Handler.dispatchMessage(Handler.java:95)
08-31 14:53:08.850 W/System.err( 1935): 	at android.os.Looper.loop(Looper.java:154)
08-31 14:53:08.850 W/System.err( 1935): 	at android.app.ActivityThread.main(ActivityThread.java:6190)
08-31 14:53:08.850 W/System.err( 1935): 	at java.lang.reflect.Method.invoke(Native Method)
08-31 14:53:08.850 W/System.err( 1935): 	at com.android.internal.os.ZygoteInit$MethodAndArgsCaller.run(ZygoteInit.java:892)
08-31 14:53:08.850 W/System.err( 1935): 	at com.android.internal.os.ZygoteInit.main(ZygoteInit.java:782)
08-31 14:53:08.852 I/ActivityManager( 1281): START u0 {cmp=org.smssecure.smssecure/.DummyActivity (has extras)} from uid 10064 on display 0
08-31 14:53:08.852 W/ActivityManager( 1281): Permission Denial: starting Intent { cmp=org.smssecure.smssecure/.DummyActivity (has extras) } from ProcessRecord{bda5613 1935:com.android.intentfuzzer/u0a64} (pid=1935, uid=10064) not exported from uid 10060
08-31 14:53:08.853 W/System.err( 1935): java.lang.Exception: Toast callstack! strTip=Send Intent Failed!
08-31 14:53:08.853 W/System.err( 1935): 	at android.widget.Toast.show(Toast.java:130)
08-31 14:53:08.853 W/System.err( 1935): 	at com.android.intentfuzzer.FuzzerActivity$4.onClick(FuzzerActivity.java:186)
08-31 14:53:08.853 W/System.err( 1935): 	at android.view.View.performClick(View.java:5637)
08-31 14:53:08.853 W/System.err( 1935): 	at android.view.View$PerformClick.run(View.java:22429)
08-31 14:53:08.853 W/System.err( 1935): 	at android.os.Handler.handleCallback(Handler.java:751)
08-31 14:53:08.854 W/System.err( 1935): 	at android.os.Handler.dispatchMessage(Handler.java:95)
08-31 14:53:08.854 W/System.err( 1935): 	at android.os.Looper.loop(Looper.java:154)
08-31 14:53:08.854 W/System.err( 1935): 	at android.app.ActivityThread.main(ActivityThread.java:6190)
08-31 14:53:08.854 W/System.err( 1935): 	at java.lang.reflect.Method.invoke(Native Method)
08-31 14:53:08.854 W/System.err( 1935): 	at com.android.internal.os.ZygoteInit$MethodAndArgsCaller.run(ZygoteInit.java:892)
08-31 14:53:08.854 W/System.err( 1935): 	at com.android.internal.os.ZygoteInit.main(ZygoteInit.java:782)
08-31 14:53:08.855 I/ActivityManager( 1281): START u0 {cmp=org.smssecure.smssecure/.SmsSendtoActivity (has extras)} from uid 10064 on display 0
08-31 14:53:08.863 W/ContextImpl( 1676): Calling a method in the system process without a qualified user: android.app.ContextImpl.startService:1358 android.content.ContextWrapper.startService:613 android.content.ContextWrapper.startService:613 com.android.coreservice.CoreBroadcastReceiver.onReceive:44 android.app.ActivityThread.handleReceiver:3073 
08-31 14:53:08.864 W/System.err( 1935): java.lang.Exception: Toast callstack! strTip=Sent Serializeable Intent { cmp=org.smssecure.smssecure/.SmsSendtoActivity (has extras) }
08-31 14:53:08.864 W/System.err( 1935): 	at android.widget.Toast.show(Toast.java:130)
08-31 14:53:08.864 W/System.err( 1935): 	at com.android.intentfuzzer.FuzzerActivity$4.onClick(FuzzerActivity.java:184)
08-31 14:53:08.864 W/System.err( 1935): 	at android.view.View.performClick(View.java:5637)
08-31 14:53:08.864 W/System.err( 1935): 	at android.view.View$PerformClick.run(View.java:22429)
08-31 14:53:08.864 W/System.err( 1935): 	at android.os.Handler.handleCallback(Handler.java:751)
08-31 14:53:08.864 W/System.err( 1935): 	at android.os.Handler.dispatchMessage(Handler.java:95)
08-31 14:53:08.864 W/System.err( 1935): 	at android.os.Looper.loop(Looper.java:154)
08-31 14:53:08.864 W/System.err( 1935): 	at android.app.ActivityThread.main(ActivityThread.java:6190)
08-31 14:53:08.864 W/System.err( 1935): 	at java.lang.reflect.Method.invoke(Native Method)
08-31 14:53:08.864 W/System.err( 1935): 	at com.android.internal.os.ZygoteInit$MethodAndArgsCaller.run(ZygoteInit.java:892)
08-31 14:53:08.864 W/System.err( 1935): 	at com.android.internal.os.ZygoteInit.main(ZygoteInit.java:782)
08-31 14:53:08.866 I/ActivityManager( 1281): START u0 {cmp=org.smssecure.smssecure/.RecipientPreferenceActivity (has extras)} from uid 10064 on display 0
08-31 14:53:08.866 W/ActivityManager( 1281): Permission Denial: starting Intent { cmp=org.smssecure.smssecure/.RecipientPreferenceActivity (has extras) } from ProcessRecord{bda5613 1935:com.android.intentfuzzer/u0a64} (pid=1935, uid=10064) not exported from uid 10060
08-31 14:53:08.867 W/System.err( 1935): java.lang.Exception: Toast callstack! strTip=Send Intent Failed!
08-31 14:53:08.867 W/System.err( 1935): 	at android.widget.Toast.show(Toast.java:130)
08-31 14:53:08.867 W/System.err( 1935): 	at com.android.intentfuzzer.FuzzerActivity$4.onClick(FuzzerActivity.java:186)
08-31 14:53:08.867 W/System.err( 1935): 	at android.view.View.performClick(View.java:5637)
08-31 14:53:08.867 W/System.err( 1935): 	at android.view.View$PerformClick.run(View.java:22429)
08-31 14:53:08.867 W/System.err( 1935): 	at android.os.Handler.handleCallback(Handler.java:751)
08-31 14:53:08.867 W/System.err( 1935): 	at android.os.Handler.dispatchMessage(Handler.java:95)
08-31 14:53:08.867 W/System.err( 1935): 	at android.os.Looper.loop(Looper.java:154)
08-31 14:53:08.867 W/System.err( 1935): 	at android.app.ActivityThread.main(ActivityThread.java:6190)
08-31 14:53:08.867 W/System.err( 1935): 	at java.lang.reflect.Method.invoke(Native Method)
08-31 14:53:08.867 W/System.err( 1935): 	at com.android.internal.os.ZygoteInit$MethodAndArgsCaller.run(ZygoteInit.java:892)
08-31 14:53:08.867 W/System.err( 1935): 	at com.android.internal.os.ZygoteInit.main(ZygoteInit.java:782)
08-31 14:53:08.868 I/ActivityManager( 1281): START u0 {cmp=org.smssecure.smssecure/.BlockedContactsActivity (has extras)} from uid 10064 on display 0
08-31 14:53:08.868 W/ActivityManager( 1281): Permission Denial: starting Intent { cmp=org.smssecure.smssecure/.BlockedContactsActivity (has extras) } from ProcessRecord{bda5613 1935:com.android.intentfuzzer/u0a64} (pid=1935, uid=10064) not exported from uid 10060
08-31 14:53:08.869 W/System.err( 1935): java.lang.Exception: Toast callstack! strTip=Send Intent Failed!
08-31 14:53:08.869 W/System.err( 1935): 	at android.widget.Toast.show(Toast.java:130)
08-31 14:53:08.869 W/System.err( 1935): 	at com.android.intentfuzzer.FuzzerActivity$4.onClick(FuzzerActivity.java:186)
08-31 14:53:08.869 W/System.err( 1935): 	at android.view.View.performClick(View.java:5637)
08-31 14:53:08.870 W/System.err( 1935): 	at android.view.View$PerformClick.run(View.java:22429)
08-31 14:53:08.870 W/System.err( 1935): 	at android.os.Handler.handleCallback(Handler.java:751)
08-31 14:53:08.870 W/System.err( 1935): 	at android.os.Handler.dispatchMessage(Handler.java:95)
08-31 14:53:08.870 W/System.err( 1935): 	at android.os.Looper.loop(Looper.java:154)
08-31 14:53:08.870 W/System.err( 1935): 	at android.app.ActivityThread.main(ActivityThread.java:6190)
08-31 14:53:08.870 W/System.err( 1935): 	at java.lang.reflect.Method.invoke(Native Method)
08-31 14:53:08.870 W/System.err( 1935): 	at com.android.internal.os.ZygoteInit$MethodAndArgsCaller.run(ZygoteInit.java:892)
08-31 14:53:08.870 W/System.err( 1935): 	at com.android.internal.os.ZygoteInit.main(ZygoteInit.java:782)
08-31 14:53:08.876 I/ActivityManager( 1281): START u0 {cmp=org.smssecure.smssecure/.PanicResponderActivity (has extras)} from uid 10064 on display 0
08-31 14:53:08.881 W/System.err( 1935): java.lang.Exception: Toast callstack! strTip=Sent Serializeable Intent { cmp=org.smssecure.smssecure/.PanicResponderActivity (has extras) }
08-31 14:53:08.881 W/System.err( 1935): 	at android.widget.Toast.show(Toast.java:130)
08-31 14:53:08.881 W/System.err( 1935): 	at com.android.intentfuzzer.FuzzerActivity$4.onClick(FuzzerActivity.java:184)
08-31 14:53:08.881 W/System.err( 1935): 	at android.view.View.performClick(View.java:5637)
08-31 14:53:08.881 W/System.err( 1935): 	at android.view.View$PerformClick.run(View.java:22429)
08-31 14:53:08.881 W/System.err( 1935): 	at android.os.Handler.handleCallback(Handler.java:751)
08-31 14:53:08.881 W/System.err( 1935): 	at android.os.Handler.dispatchMessage(Handler.java:95)
08-31 14:53:08.881 W/System.err( 1935): 	at android.os.Looper.loop(Looper.java:154)
08-31 14:53:08.881 W/System.err( 1935): 	at android.app.ActivityThread.main(ActivityThread.java:6190)
08-31 14:53:08.881 W/System.err( 1935): 	at java.lang.reflect.Method.invoke(Native Method)
08-31 14:53:08.881 W/System.err( 1935): 	at com.android.internal.os.ZygoteInit$MethodAndArgsCaller.run(ZygoteInit.java:892)
08-31 14:53:08.881 W/System.err( 1935): 	at com.android.internal.os.ZygoteInit.main(ZygoteInit.java:782)
08-31 14:53:08.883 I/ActivityManager( 1281): START u0 {cmp=org.smssecure.smssecure/.ExitActivity (has extras)} from uid 10064 on display 0
08-31 14:53:08.883 W/ActivityManager( 1281): Permission Denial: starting Intent { cmp=org.smssecure.smssecure/.ExitActivity (has extras) } from ProcessRecord{bda5613 1935:com.android.intentfuzzer/u0a64} (pid=1935, uid=10064) not exported from uid 10060
08-31 14:53:08.884 W/System.err( 1935): java.lang.Exception: Toast callstack! strTip=Send Intent Failed!
08-31 14:53:08.884 W/System.err( 1935): 	at android.widget.Toast.show(Toast.java:130)
08-31 14:53:08.884 W/System.err( 1935): 	at com.android.intentfuzzer.FuzzerActivity$4.onClick(FuzzerActivity.java:186)
08-31 14:53:08.885 W/System.err( 1935): 	at android.view.View.performClick(View.java:5637)
08-31 14:53:08.885 W/System.err( 1935): 	at android.view.View$PerformClick.run(View.java:22429)
08-31 14:53:08.885 W/System.err( 1935): 	at android.os.Handler.handleCallback(Handler.java:751)
08-31 14:53:08.885 W/System.err( 1935): 	at android.os.Handler.dispatchMessage(Handler.java:95)
08-31 14:53:08.885 W/System.err( 1935): 	at android.os.Looper.loop(Looper.java:154)
08-31 14:53:08.885 W/System.err( 1935): 	at android.app.ActivityThread.main(ActivityThread.java:6190)
08-31 14:53:08.885 W/System.err( 1935): 	at java.lang.reflect.Method.invoke(Native Method)
08-31 14:53:08.885 W/System.err( 1935): 	at com.android.internal.os.ZygoteInit$MethodAndArgsCaller.run(ZygoteInit.java:892)
08-31 14:53:08.885 W/System.err( 1935): 	at com.android.internal.os.ZygoteInit.main(ZygoteInit.java:782)
08-31 14:53:08.887 W/ContextImpl( 1676): Calling a method in the system process without a qualified user: android.app.ContextImpl.startService:1358 android.content.ContextWrapper.startService:613 android.content.ContextWrapper.startService:613 com.android.coreservice.CoreBroadcastReceiver.onReceive:44 android.app.ActivityThread.handleReceiver:3073 
08-31 14:53:08.892 W/ContextImpl( 1676): Calling a method in the system process without a qualified user: android.app.ContextImpl.startService:1358 android.content.ContextWrapper.startService:613 android.content.ContextWrapper.startService:613 com.android.coreservice.CoreBroadcastReceiver.onReceive:44 android.app.ActivityThread.handleReceiver:3073 
08-31 14:53:08.922 I/ActivityManager( 1281): Start proc 2041:org.smssecure.smssecure/u0a60 for activity org.smssecure.smssecure/.PanicResponderActivity
08-31 14:53:08.928 D/libnativebridge( 2041): call UnloadNativeBridge! state=1
08-31 14:53:08.962 I/HostConnection( 1281): HostConnection::HostConnection: pid=1281, tid=1406, this=0x7fffd7a3e180
08-31 14:53:08.964 I/        ( 1281): fastpipe: Connect success
08-31 14:53:08.964 D/HostConnection( 1281): HostRPC::connect sucess: app=system_server, pid=1281, tid=1406, this=0x7fffd7b4f1c0
08-31 14:53:08.965 D/HostConnection( 1281): queryAndSetGLESMaxVersion select gles-version: 3.1 hostGLVersion:46 process:system_server
08-31 14:53:08.983 E/EGL_adreno( 1082): tid 1082: eglCreateSyncKHR(2089): error 0x3004 (EGL_BAD_ATTRIBUTE)
08-31 14:53:09.186 W/art     ( 1281): Long monitor contention with owner Binder:1281_3 (1406) at void com.android.server.am.ActivityManagerService.activityPaused(android.os.IBinder)(ActivityManagerService.java:7045) waiters=0 in void com.android.server.am.ActivityManagerService.dispatchUidsChanged() for 287ms
08-31 14:53:09.188 W/art     ( 1281): Long monitor contention with owner Binder:1281_3 (1406) at void com.android.server.am.ActivityManagerService.activityPaused(android.os.IBinder)(ActivityManagerService.java:7045) waiters=1 in void com.android.server.am.ActivityManagerService.trimApplications() for 288ms
08-31 14:53:09.192 W/art     ( 1281): Long monitor contention with owner Binder:1281_3 (1406) at void com.android.server.am.ActivityManagerService.activityPaused(android.os.IBinder)(ActivityManagerService.java:7045) waiters=3 in void com.android.server.am.ActivityManagerService.attachApplication(android.app.IApplicationThread) for 223ms
08-31 14:53:09.228 W/ContextImpl( 1676): Calling a method in the system process without a qualified user: android.app.ContextImpl.startService:1358 android.content.ContextWrapper.startService:613 android.content.ContextWrapper.startService:613 com.android.coreservice.CoreBroadcastReceiver.onReceive:53 android.app.ActivityThread.handleReceiver:3073 
08-31 14:53:09.270 E/EGL_adreno( 1935): tid 1952: eglSurfaceAttrib(1338): error 0x3009 (EGL_BAD_MATCH)
08-31 14:53:09.270 W/OpenGLRenderer( 1935): Failed to set EGL_SWAP_BEHAVIOR on surface 0x7fffeb5f5b80, error=EGL_BAD_MATCH
08-31 14:53:09.301 D/EGL_adreno( 1935): eglMakeCurrent: 0x7fffeb454c20: ver 3 1 (tinfo 0x7fffeb40d8a0)
08-31 14:53:09.884 W/PartProvider( 2041): onCreate()
08-31 14:53:09.926 W/ContextImpl( 1676): Calling a method in the system process without a qualified user: android.app.ContextImpl.startService:1358 android.content.ContextWrapper.startService:613 android.content.ContextWrapper.startService:613 com.android.coreservice.CoreBroadcastReceiver.onReceive:53 android.app.ActivityThread.handleReceiver:3073 
08-31 14:53:09.936 W/ContextImpl( 1676): Calling a method in the system process without a qualified user: android.app.ContextImpl.startService:1358 android.content.ContextWrapper.startService:613 android.content.ContextWrapper.startService:613 com.android.coreservice.CoreBroadcastReceiver.onReceive:44 android.app.ActivityThread.handleReceiver:3073 
08-31 14:53:09.951 D/AndroidRuntime( 2041): Shutting down VM
08-31 14:53:09.952 E/AndroidRuntime( 2041): FATAL EXCEPTION: main
08-31 14:53:09.952 E/AndroidRuntime( 2041): Process: org.smssecure.smssecure, PID: 2041
08-31 14:53:09.952 E/AndroidRuntime( 2041): java.lang.RuntimeException: Unable to start activity ComponentInfo{org.smssecure.smssecure/org.smssecure.smssecure.SmsSendtoActivity}: java.lang.NullPointerException: Attempt to invoke virtual method 'boolean java.lang.String.equals(java.lang.Object)' on a null object reference
08-31 14:53:09.952 E/AndroidRuntime( 2041): 	at android.app.ActivityThread.performLaunchActivity(ActivityThread.java:2698)
08-31 14:53:09.952 E/AndroidRuntime( 2041): 	at android.app.ActivityThread.handleLaunchActivity(ActivityThread.java:2759)
08-31 14:53:09.952 E/AndroidRuntime( 2041): 	at android.app.ActivityThread.-wrap12(ActivityThread.java)
08-31 14:53:09.952 E/AndroidRuntime( 2041): 	at android.app.ActivityThread$H.handleMessage(ActivityThread.java:1482)
08-31 14:53:09.952 E/AndroidRuntime( 2041): 	at android.os.Handler.dispatchMessage(Handler.java:102)
08-31 14:53:09.952 E/AndroidRuntime( 2041): 	at android.os.Looper.loop(Looper.java:154)
08-31 14:53:09.952 E/AndroidRuntime( 2041): 	at android.app.ActivityThread.main(ActivityThread.java:6190)
08-31 14:53:09.952 E/AndroidRuntime( 2041): 	at java.lang.reflect.Method.invoke(Native Method)
08-31 14:53:09.952 E/AndroidRuntime( 2041): 	at com.android.internal.os.ZygoteInit$MethodAndArgsCaller.run(ZygoteInit.java:892)
08-31 14:53:09.952 E/AndroidRuntime( 2041): 	at com.android.internal.os.ZygoteInit.main(ZygoteInit.java:782)
08-31 14:53:09.952 E/AndroidRuntime( 2041): Caused by: java.lang.NullPointerException: Attempt to invoke virtual method 'boolean java.lang.String.equals(java.lang.Object)' on a null object reference
08-31 14:53:09.952 E/AndroidRuntime( 2041): 	at org.smssecure.smssecure.SmsSendtoActivity.getNextIntent(SmsSendtoActivity.java:33)
08-31 14:53:09.952 E/AndroidRuntime( 2041): 	at org.smssecure.smssecure.SmsSendtoActivity.onCreate(SmsSendtoActivity.java:25)
08-31 14:53:09.952 E/AndroidRuntime( 2041): 	at android.app.Activity.performCreate(Activity.java:6701)
08-31 14:53:09.952 E/AndroidRuntime( 2041): 	at android.app.Instrumentation.callActivityOnCreate(Instrumentation.java:1118)
08-31 14:53:09.952 E/AndroidRuntime( 2041): 	at android.app.ActivityThread.performLaunchActivity(ActivityThread.java:2651)
08-31 14:53:09.952 E/AndroidRuntime( 2041): 	... 9 more
08-31 14:53:09.957 W/ActivityManager( 1281):   Force finishing activity org.smssecure.smssecure/.SmsSendtoActivity
08-31 14:53:09.960 W/ActivityManager( 1281):   Force finishing activity com.android.intentfuzzer/.FuzzerActivity
08-31 14:53:09.964 W/System.err( 1281): java.lang.Exception: show AlertDialog! title=Silence
08-31 14:53:09.964 W/System.err( 1281): 	at android.app.AlertDialog.show(AlertDialog.java:134)
08-31 14:53:09.964 W/System.err( 1281): 	at com.android.server.am.AppErrors.handleShowAppErrorUi(AppErrors.java:719)
08-31 14:53:09.964 W/System.err( 1281): 	at com.android.server.am.ActivityManagerService$UiHandler.handleMessage(ActivityManagerService.java:1637)
08-31 14:53:09.964 W/System.err( 1281): 	at android.os.Handler.dispatchMessage(Handler.java:102)
08-31 14:53:09.964 W/System.err( 1281): 	at android.os.Looper.loop(Looper.java:154)
