09-01 09:43:59.754 W/System.err( 1948): 	at android.view.View$PerformClick.run(View.java:22429)
09-01 09:43:59.754 W/System.err( 1948): 	at android.os.Handler.handleCallback(Handler.java:751)
09-01 09:43:59.754 W/System.err( 1948): 	at android.os.Handler.dispatchMessage(Handler.java:95)
09-01 09:43:59.754 W/System.err( 1948): 	at android.os.Looper.loop(Looper.java:154)
09-01 09:43:59.754 W/System.err( 1948): 	at android.app.ActivityThread.main(ActivityThread.java:6190)
09-01 09:43:59.754 W/System.err( 1948): 	at java.lang.reflect.Method.invoke(Native Method)
09-01 09:43:59.754 W/System.err( 1948): 	at com.android.internal.os.ZygoteInit$MethodAndArgsCaller.run(ZygoteInit.java:892)
09-01 09:43:59.754 W/System.err( 1948): 	at com.android.internal.os.ZygoteInit.main(ZygoteInit.java:782)
09-01 09:43:59.756 I/ActivityManager( 1282): START u0 {cmp=org.epstudios.epmobile/.CalculatorList (has extras)} from uid 10064 on display 0
09-01 09:43:59.756 W/ActivityManager( 1282): Permission Denial: starting Intent { cmp=org.epstudios.epmobile/.CalculatorList (has extras) } from ProcessRecord{4ccee7c 1948:com.android.intentfuzzer/u0a64} (pid=1948, uid=10064) not exported from uid 10056
09-01 09:43:59.757 W/System.err( 1948): java.lang.Exception: Toast callstack! strTip=Send Intent Failed!
09-01 09:43:59.757 W/System.err( 1948): 	at android.widget.Toast.show(Toast.java:130)
09-01 09:43:59.758 W/System.err( 1948): 	at com.android.intentfuzzer.FuzzerActivity$4.onClick(FuzzerActivity.java:186)
09-01 09:43:59.758 W/System.err( 1948): 	at android.view.View.performClick(View.java:5637)
09-01 09:43:59.758 W/System.err( 1948): 	at android.view.View$PerformClick.run(View.java:22429)
09-01 09:43:59.758 W/System.err( 1948): 	at android.os.Handler.handleCallback(Handler.java:751)
09-01 09:43:59.758 W/System.err( 1948): 	at android.os.Handler.dispatchMessage(Handler.java:95)
09-01 09:43:59.758 W/System.err( 1948): 	at android.os.Looper.loop(Looper.java:154)
09-01 09:43:59.758 W/System.err( 1948): 	at android.app.ActivityThread.main(ActivityThread.java:6190)
09-01 09:43:59.758 W/System.err( 1948): 	at java.lang.reflect.Method.invoke(Native Method)
09-01 09:43:59.758 W/System.err( 1948): 	at com.android.internal.os.ZygoteInit$MethodAndArgsCaller.run(ZygoteInit.java:892)
09-01 09:43:59.758 W/System.err( 1948): 	at com.android.internal.os.ZygoteInit.main(ZygoteInit.java:782)
09-01 09:43:59.759 I/ActivityManager( 1282): START u0 {cmp=org.epstudios.epmobile/.ReferenceList (has extras)} from uid 10064 on display 0
09-01 09:43:59.759 W/ActivityManager( 1282): Permission Denial: starting Intent { cmp=org.epstudios.epmobile/.ReferenceList (has extras) } from ProcessRecord{4ccee7c 1948:com.android.intentfuzzer/u0a64} (pid=1948, uid=10064) not exported from uid 10056
09-01 09:43:59.760 W/System.err( 1948): java.lang.Exception: Toast callstack! strTip=Send Intent Failed!
09-01 09:43:59.760 W/System.err( 1948): 	at android.widget.Toast.show(Toast.java:130)
09-01 09:43:59.760 W/System.err( 1948): 	at com.android.intentfuzzer.FuzzerActivity$4.onClick(FuzzerActivity.java:186)
09-01 09:43:59.760 W/System.err( 1948): 	at android.view.View.performClick(View.java:5637)
09-01 09:43:59.760 W/System.err( 1948): 	at android.view.View$PerformClick.run(View.java:22429)
09-01 09:43:59.760 W/System.err( 1948): 	at android.os.Handler.handleCallback(Handler.java:751)
09-01 09:43:59.760 W/System.err( 1948): 	at android.os.Handler.dispatchMessage(Handler.java:95)
09-01 09:43:59.760 W/System.err( 1948): 	at android.os.Looper.loop(Looper.java:154)
09-01 09:43:59.760 W/System.err( 1948): 	at android.app.ActivityThread.main(ActivityThread.java:6190)
09-01 09:43:59.760 W/System.err( 1948): 	at java.lang.reflect.Method.invoke(Native Method)
09-01 09:43:59.760 W/System.err( 1948): 	at com.android.internal.os.ZygoteInit$MethodAndArgsCaller.run(ZygoteInit.java:892)
09-01 09:43:59.760 W/System.err( 1948): 	at com.android.internal.os.ZygoteInit.main(ZygoteInit.java:782)
09-01 09:43:59.761 I/ActivityManager( 1282): START u0 {cmp=org.epstudios.epmobile/.VtList (has extras)} from uid 10064 on display 0
09-01 09:43:59.761 W/ActivityManager( 1282): Permission Denial: starting Intent { cmp=org.epstudios.epmobile/.VtList (has extras) } from ProcessRecord{4ccee7c 1948:com.android.intentfuzzer/u0a64} (pid=1948, uid=10064) not exported from uid 10056
09-01 09:43:59.762 W/System.err( 1948): java.lang.Exception: Toast callstack! strTip=Send Intent Failed!
09-01 09:43:59.763 W/System.err( 1948): 	at android.widget.Toast.show(Toast.java:130)
09-01 09:43:59.763 W/System.err( 1948): 	at com.android.intentfuzzer.FuzzerActivity$4.onClick(FuzzerActivity.java:186)
09-01 09:43:59.763 W/System.err( 1948): 	at android.view.View.performClick(View.java:5637)
09-01 09:43:59.763 W/System.err( 1948): 	at android.view.View$PerformClick.run(View.java:22429)
09-01 09:43:59.763 W/System.err( 1948): 	at android.os.Handler.handleCallback(Handler.java:751)
09-01 09:43:59.763 W/System.err( 1948): 	at android.os.Handler.dispatchMessage(Handler.java:95)
09-01 09:43:59.763 W/System.err( 1948): 	at android.os.Looper.loop(Looper.java:154)
09-01 09:43:59.763 W/System.err( 1948): 	at android.app.ActivityThread.main(ActivityThread.java:6190)
09-01 09:43:59.763 W/System.err( 1948): 	at java.lang.reflect.Method.invoke(Native Method)
09-01 09:43:59.763 W/System.err( 1948): 	at com.android.internal.os.ZygoteInit$MethodAndArgsCaller.run(ZygoteInit.java:892)
09-01 09:43:59.763 W/System.err( 1948): 	at com.android.internal.os.ZygoteInit.main(ZygoteInit.java:782)
09-01 09:43:59.764 I/ActivityManager( 1282): START u0 {cmp=org.epstudios.epmobile/.EpiVt (has extras)} from uid 10064 on display 0
09-01 09:43:59.764 W/ActivityManager( 1282): Permission Denial: starting Intent { cmp=org.epstudios.epmobile/.EpiVt (has extras) } from ProcessRecord{4ccee7c 1948:com.android.intentfuzzer/u0a64} (pid=1948, uid=10064) not exported from uid 10056
09-01 09:43:59.765 W/System.err( 1948): java.lang.Exception: Toast callstack! strTip=Send Intent Failed!
09-01 09:43:59.765 W/System.err( 1948): 	at android.widget.Toast.show(Toast.java:130)
09-01 09:43:59.765 W/System.err( 1948): 	at com.android.intentfuzzer.FuzzerActivity$4.onClick(FuzzerActivity.java:186)
09-01 09:43:59.765 W/System.err( 1948): 	at android.view.View.performClick(View.java:5637)
09-01 09:43:59.766 W/System.err( 1948): 	at android.view.View$PerformClick.run(View.java:22429)
09-01 09:43:59.766 W/System.err( 1948): 	at android.os.Handler.handleCallback(Handler.java:751)
09-01 09:43:59.766 W/System.err( 1948): 	at android.os.Handler.dispatchMessage(Handler.java:95)
09-01 09:43:59.766 W/System.err( 1948): 	at android.os.Looper.loop(Looper.java:154)
09-01 09:43:59.766 W/System.err( 1948): 	at android.app.ActivityThread.main(ActivityThread.java:6190)
09-01 09:43:59.766 W/System.err( 1948): 	at java.lang.reflect.Method.invoke(Native Method)
09-01 09:43:59.766 W/System.err( 1948): 	at com.android.internal.os.ZygoteInit$MethodAndArgsCaller.run(ZygoteInit.java:892)
09-01 09:43:59.766 W/System.err( 1948): 	at com.android.internal.os.ZygoteInit.main(ZygoteInit.java:782)
09-01 09:43:59.768 I/ActivityManager( 1282): START u0 {cmp=org.epstudios.epmobile/.OutflowVt (has extras)} from uid 10064 on display 0
09-01 09:43:59.769 W/ActivityManager( 1282): Permission Denial: starting Intent { cmp=org.epstudios.epmobile/.OutflowVt (has extras) } from ProcessRecord{4ccee7c 1948:com.android.intentfuzzer/u0a64} (pid=1948, uid=10064) not exported from uid 10056
09-01 09:43:59.770 W/System.err( 1948): java.lang.Exception: Toast callstack! strTip=Send Intent Failed!
09-01 09:43:59.770 W/System.err( 1948): 	at android.widget.Toast.show(Toast.java:130)
09-01 09:43:59.770 W/System.err( 1948): 	at com.android.intentfuzzer.FuzzerActivity$4.onClick(FuzzerActivity.java:186)
09-01 09:43:59.770 W/System.err( 1948): 	at android.view.View.performClick(View.java:5637)
09-01 09:43:59.770 W/System.err( 1948): 	at android.view.View$PerformClick.run(View.java:22429)
09-01 09:43:59.770 W/System.err( 1948): 	at android.os.Handler.handleCallback(Handler.java:751)
09-01 09:43:59.770 W/System.err( 1948): 	at android.os.Handler.dispatchMessage(Handler.java:95)
09-01 09:43:59.770 W/System.err( 1948): 	at android.os.Looper.loop(Looper.java:154)
09-01 09:43:59.770 W/System.err( 1948): 	at android.app.ActivityThread.main(ActivityThread.java:6190)
09-01 09:43:59.770 W/System.err( 1948): 	at java.lang.reflect.Method.invoke(Native Method)
09-01 09:43:59.770 W/System.err( 1948): 	at com.android.internal.os.ZygoteInit$MethodAndArgsCaller.run(ZygoteInit.java:892)
09-01 09:43:59.770 W/System.err( 1948): 	at com.android.internal.os.ZygoteInit.main(ZygoteInit.java:782)
09-01 09:43:59.772 I/ActivityManager( 1282): START u0 {cmp=org.epstudios.epmobile/.MitralAnnularVt (has extras)} from uid 10064 on display 0
09-01 09:43:59.772 W/ActivityManager( 1282): Permission Denial: starting Intent { cmp=org.epstudios.epmobile/.MitralAnnularVt (has extras) } from ProcessRecord{4ccee7c 1948:com.android.intentfuzzer/u0a64} (pid=1948, uid=10064) not exported from uid 10056
09-01 09:43:59.774 W/System.err( 1948): java.lang.Exception: Toast callstack! strTip=Send Intent Failed!
09-01 09:43:59.774 W/System.err( 1948): 	at android.widget.Toast.show(Toast.java:130)
09-01 09:43:59.774 W/System.err( 1948): 	at com.android.intentfuzzer.FuzzerActivity$4.onClick(FuzzerActivity.java:186)
09-01 09:43:59.774 W/System.err( 1948): 	at android.view.View.performClick(View.java:5637)
09-01 09:43:59.774 W/System.err( 1948): 	at android.view.View$PerformClick.run(View.java:22429)
09-01 09:43:59.774 W/System.err( 1948): 	at android.os.Handler.handleCallback(Handler.java:751)
09-01 09:43:59.774 W/System.err( 1948): 	at android.os.Handler.dispatchMessage(Handler.java:95)
09-01 09:43:59.774 W/System.err( 1948): 	at android.os.Looper.loop(Looper.java:154)
09-01 09:43:59.774 W/System.err( 1948): 	at android.app.ActivityThread.main(ActivityThread.java:6190)
09-01 09:43:59.774 W/System.err( 1948): 	at java.lang.reflect.Method.invoke(Native Method)
09-01 09:43:59.774 W/System.err( 1948): 	at com.android.internal.os.ZygoteInit$MethodAndArgsCaller.run(ZygoteInit.java:892)
09-01 09:43:59.774 W/System.err( 1948): 	at com.android.internal.os.ZygoteInit.main(ZygoteInit.java:782)
09-01 09:43:59.776 I/ActivityManager( 1282): START u0 {cmp=org.epstudios.epmobile/.Sotalol (has extras)} from uid 10064 on display 0
09-01 09:43:59.776 W/ActivityManager( 1282): Permission Denial: starting Intent { cmp=org.epstudios.epmobile/.Sotalol (has extras) } from ProcessRecord{4ccee7c 1948:com.android.intentfuzzer/u0a64} (pid=1948, uid=10064) not exported from uid 10056
09-01 09:43:59.777 W/System.err( 1948): java.lang.Exception: Toast callstack! strTip=Send Intent Failed!
09-01 09:43:59.778 W/System.err( 1948): 	at android.widget.Toast.show(Toast.java:130)
09-01 09:43:59.778 W/System.err( 1948): 	at com.android.intentfuzzer.FuzzerActivity$4.onClick(FuzzerActivity.java:186)
09-01 09:43:59.778 W/System.err( 1948): 	at android.view.View.performClick(View.java:5637)
09-01 09:43:59.778 W/System.err( 1948): 	at android.view.View$PerformClick.run(View.java:22429)
09-01 09:43:59.778 W/System.err( 1948): 	at android.os.Handler.handleCallback(Handler.java:751)
09-01 09:43:59.778 W/System.err( 1948): 	at android.os.Handler.dispatchMessage(Handler.java:95)
09-01 09:43:59.778 W/System.err( 1948): 	at android.os.Looper.loop(Looper.java:154)
09-01 09:43:59.778 W/System.err( 1948): 	at android.app.ActivityThread.main(ActivityThread.java:6190)
09-01 09:43:59.778 W/System.err( 1948): 	at java.lang.reflect.Method.invoke(Native Method)
09-01 09:43:59.778 W/System.err( 1948): 	at com.android.internal.os.ZygoteInit$MethodAndArgsCaller.run(ZygoteInit.java:892)
09-01 09:43:59.778 W/System.err( 1948): 	at com.android.internal.os.ZygoteInit.main(ZygoteInit.java:782)
09-01 09:43:59.779 I/ActivityManager( 1282): START u0 {cmp=org.epstudios.epmobile/.Apixaban (has extras)} from uid 10064 on display 0
09-01 09:43:59.779 W/ActivityManager( 1282): Permission Denial: starting Intent { cmp=org.epstudios.epmobile/.Apixaban (has extras) } from ProcessRecord{4ccee7c 1948:com.android.intentfuzzer/u0a64} (pid=1948, uid=10064) not exported from uid 10056
09-01 09:43:59.781 W/System.err( 1948): java.lang.Exception: Toast callstack! strTip=Send Intent Failed!
09-01 09:43:59.782 W/System.err( 1948): 	at android.widget.Toast.show(Toast.java:130)
09-01 09:43:59.782 W/System.err( 1948): 	at com.android.intentfuzzer.FuzzerActivity$4.onClick(FuzzerActivity.java:186)
09-01 09:43:59.782 W/System.err( 1948): 	at android.view.View.performClick(View.java:5637)
09-01 09:43:59.782 W/System.err( 1948): 	at android.view.View$PerformClick.run(View.java:22429)
09-01 09:43:59.782 W/System.err( 1948): 	at android.os.Handler.handleCallback(Handler.java:751)
09-01 09:43:59.782 W/System.err( 1948): 	at android.os.Handler.dispatchMessage(Handler.java:95)
09-01 09:43:59.782 W/System.err( 1948): 	at android.os.Looper.loop(Looper.java:154)
09-01 09:43:59.782 W/System.err( 1948): 	at android.app.ActivityThread.main(ActivityThread.java:6190)
09-01 09:43:59.782 W/System.err( 1948): 	at java.lang.reflect.Method.invoke(Native Method)
09-01 09:43:59.782 W/System.err( 1948): 	at com.android.internal.os.ZygoteInit$MethodAndArgsCaller.run(ZygoteInit.java:892)
09-01 09:43:59.782 W/System.err( 1948): 	at com.android.internal.os.ZygoteInit.main(ZygoteInit.java:782)
09-01 09:43:59.783 I/ActivityManager( 1282): START u0 {cmp=org.epstudios.epmobile/.AtrialTachLocalization (has extras)} from uid 10064 on display 0
09-01 09:43:59.783 W/ActivityManager( 1282): Permission Denial: starting Intent { cmp=org.epstudios.epmobile/.AtrialTachLocalization (has extras) } from ProcessRecord{4ccee7c 1948:com.android.intentfuzzer/u0a64} (pid=1948, uid=10064) not exported from uid 10056
09-01 09:43:59.784 W/System.err( 1948): java.lang.Exception: Toast callstack! strTip=Send Intent Failed!
09-01 09:43:59.784 W/System.err( 1948): 	at android.widget.Toast.show(Toast.java:130)
09-01 09:43:59.785 W/System.err( 1948): 	at com.android.intentfuzzer.FuzzerActivity$4.onClick(FuzzerActivity.java:186)
09-01 09:43:59.785 W/System.err( 1948): 	at android.view.View.performClick(View.java:5637)
09-01 09:43:59.785 W/System.err( 1948): 	at android.view.View$PerformClick.run(View.java:22429)
09-01 09:43:59.785 W/System.err( 1948): 	at android.os.Handler.handleCallback(Handler.java:751)
09-01 09:43:59.785 W/System.err( 1948): 	at android.os.Handler.dispatchMessage(Handler.java:95)
09-01 09:43:59.785 W/System.err( 1948): 	at android.os.Looper.loop(Looper.java:154)
09-01 09:43:59.785 W/System.err( 1948): 	at android.app.ActivityThread.main(ActivityThread.java:6190)
09-01 09:43:59.785 W/System.err( 1948): 	at java.lang.reflect.Method.invoke(Native Method)
09-01 09:43:59.785 W/System.err( 1948): 	at com.android.internal.os.ZygoteInit$MethodAndArgsCaller.run(ZygoteInit.java:892)
09-01 09:43:59.785 W/System.err( 1948): 	at com.android.internal.os.ZygoteInit.main(ZygoteInit.java:782)
09-01 09:43:59.785 E/NotificationService( 1282): Package has already posted 50 toasts. Not showing more. Package=com.android.intentfuzzer
09-01 09:43:59.786 I/ActivityManager( 1282): START u0 {cmp=org.epstudios.epmobile/.DayCalculator (has extras)} from uid 10064 on display 0
09-01 09:43:59.786 W/ActivityManager( 1282): Permission Denial: starting Intent { cmp=org.epstudios.epmobile/.DayCalculator (has extras) } from ProcessRecord{4ccee7c 1948:com.android.intentfuzzer/u0a64} (pid=1948, uid=10064) not exported from uid 10056
09-01 09:43:59.787 W/System.err( 1948): java.lang.Exception: Toast callstack! strTip=Send Intent Failed!
09-01 09:43:59.787 W/System.err( 1948): 	at android.widget.Toast.show(Toast.java:130)
09-01 09:43:59.787 W/System.err( 1948): 	at com.android.intentfuzzer.FuzzerActivity$4.onClick(FuzzerActivity.java:186)
09-01 09:43:59.787 W/System.err( 1948): 	at android.view.View.performClick(View.java:5637)
09-01 09:43:59.787 W/System.err( 1948): 	at android.view.View$PerformClick.run(View.java:22429)
09-01 09:43:59.787 W/System.err( 1948): 	at android.os.Handler.handleCallback(Handler.java:751)
09-01 09:43:59.787 W/System.err( 1948): 	at android.os.Handler.dispatchMessage(Handler.java:95)
09-01 09:43:59.787 W/System.err( 1948): 	at android.os.Looper.loop(Looper.java:154)
09-01 09:43:59.787 W/System.err( 1948): 	at android.app.ActivityThread.main(ActivityThread.java:6190)
09-01 09:43:59.787 W/System.err( 1948): 	at java.lang.reflect.Method.invoke(Native Method)
09-01 09:43:59.787 W/System.err( 1948): 	at com.android.internal.os.ZygoteInit$MethodAndArgsCaller.run(ZygoteInit.java:892)
09-01 09:43:59.787 W/System.err( 1948): 	at com.android.internal.os.ZygoteInit.main(ZygoteInit.java:782)
09-01 09:43:59.788 E/NotificationService( 1282): Package has already posted 50 toasts. Not showing more. Package=com.android.intentfuzzer
09-01 09:43:59.788 I/ActivityManager( 1282): START u0 {cmp=org.epstudios.epmobile/.Entrainment (has extras)} from uid 10064 on display 0
09-01 09:43:59.789 W/ActivityManager( 1282): Permission Denial: starting Intent { cmp=org.epstudios.epmobile/.Entrainment (has extras) } from ProcessRecord{4ccee7c 1948:com.android.intentfuzzer/u0a64} (pid=1948, uid=10064) not exported from uid 10056
09-01 09:43:59.789 W/System.err( 1948): java.lang.Exception: Toast callstack! strTip=Send Intent Failed!
09-01 09:43:59.789 W/System.err( 1948): 	at android.widget.Toast.show(Toast.java:130)
09-01 09:43:59.790 W/System.err( 1948): 	at com.android.intentfuzzer.FuzzerActivity$4.onClick(FuzzerActivity.java:186)
09-01 09:43:59.790 W/System.err( 1948): 	at android.view.View.performClick(View.java:5637)
09-01 09:43:59.790 W/System.err( 1948): 	at android.view.View$PerformClick.run(View.java:22429)
09-01 09:43:59.790 W/System.err( 1948): 	at android.os.Handler.handleCallback(Handler.java:751)
09-01 09:43:59.790 W/System.err( 1948): 	at android.os.Handler.dispatchMessage(Handler.java:95)
09-01 09:43:59.790 W/System.err( 1948): 	at android.os.Looper.loop(Looper.java:154)
09-01 09:43:59.790 W/System.err( 1948): 	at android.app.ActivityThread.main(ActivityThread.java:6190)
09-01 09:43:59.790 W/System.err( 1948): 	at java.lang.reflect.Method.invoke(Native Method)
09-01 09:43:59.790 W/System.err( 1948): 	at com.android.internal.os.ZygoteInit$MethodAndArgsCaller.run(ZygoteInit.java:892)
09-01 09:43:59.790 W/System.err( 1948): 	at com.android.internal.os.ZygoteInit.main(ZygoteInit.java:782)
09-01 09:43:59.790 E/NotificationService( 1282): Package has already posted 50 toasts. Not showing more. Package=com.android.intentfuzzer
09-01 09:43:59.791 I/ActivityManager( 1282): START u0 {cmp=org.epstudios.epmobile/.IbwCalculator (has extras)} from uid 10064 on display 0
09-01 09:43:59.791 W/ActivityManager( 1282): Permission Denial: starting Intent { cmp=org.epstudios.epmobile/.IbwCalculator (has extras) } from ProcessRecord{4ccee7c 1948:com.android.intentfuzzer/u0a64} (pid=1948, uid=10064) not exported from uid 10056
09-01 09:43:59.792 W/System.err( 1948): java.lang.Exception: Toast callstack! strTip=Send Intent Failed!
09-01 09:43:59.792 W/System.err( 1948): 	at android.widget.Toast.show(Toast.java:130)
09-01 09:43:59.792 W/System.err( 1948): 	at com.android.intentfuzzer.FuzzerActivity$4.onClick(FuzzerActivity.java:186)
09-01 09:43:59.792 W/System.err( 1948): 	at android.view.View.performClick(View.java:5637)
09-01 09:43:59.792 W/System.err( 1948): 	at android.view.View$PerformClick.run(View.java:22429)
09-01 09:43:59.792 W/System.err( 1948): 	at android.os.Handler.handleCallback(Handler.java:751)
09-01 09:43:59.792 W/System.err( 1948): 	at android.os.Handler.dispatchMessage(Handler.java:95)
09-01 09:43:59.792 W/System.err( 1948): 	at android.os.Looper.loop(Looper.java:154)
09-01 09:43:59.792 W/System.err( 1948): 	at android.app.ActivityThread.main(ActivityThread.java:6190)
09-01 09:43:59.792 W/System.err( 1948): 	at java.lang.reflect.Method.invoke(Native Method)
09-01 09:43:59.792 W/System.err( 1948): 	at com.android.internal.os.ZygoteInit$MethodAndArgsCaller.run(ZygoteInit.java:892)
09-01 09:43:59.792 W/System.err( 1948): 	at com.android.internal.os.ZygoteInit.main(ZygoteInit.java:782)
09-01 09:43:59.793 E/NotificationService( 1282): Package has already posted 50 toasts. Not showing more. Package=com.android.intentfuzzer
09-01 09:43:59.793 I/ActivityManager( 1282): START u0 {cmp=org.epstudios.epmobile/.SyncopeRiskScoreList (has extras)} from uid 10064 on display 0
09-01 09:43:59.793 W/ActivityManager( 1282): Permission Denial: starting Intent { cmp=org.epstudios.epmobile/.SyncopeRiskScoreList (has extras) } from ProcessRecord{4ccee7c 1948:com.android.intentfuzzer/u0a64} (pid=1948, uid=10064) not exported from uid 10056
09-01 09:43:59.795 W/System.err( 1948): java.lang.Exception: Toast callstack! strTip=Send Intent Failed!
09-01 09:43:59.795 W/System.err( 1948): 	at android.widget.Toast.show(Toast.java:130)
09-01 09:43:59.795 W/System.err( 1948): 	at com.android.intentfuzzer.FuzzerActivity$4.onClick(FuzzerActivity.java:186)
09-01 09:43:59.795 W/System.err( 1948): 	at android.view.View.performClick(View.java:5637)
09-01 09:43:59.795 W/System.err( 1948): 	at android.view.View$PerformClick.run(View.java:22429)
09-01 09:43:59.795 W/System.err( 1948): 	at android.os.Handler.handleCallback(Handler.java:751)
09-01 09:43:59.795 W/System.err( 1948): 	at android.os.Handler.dispatchMessage(Handler.java:95)
09-01 09:43:59.795 W/System.err( 1948): 	at android.os.Looper.loop(Looper.java:154)
09-01 09:43:59.795 W/System.err( 1948): 	at android.app.ActivityThread.main(ActivityThread.java:6190)
09-01 09:43:59.795 W/System.err( 1948): 	at java.lang.reflect.Method.invoke(Native Method)
09-01 09:43:59.795 W/System.err( 1948): 	at com.android.internal.os.ZygoteInit$MethodAndArgsCaller.run(ZygoteInit.java:892)
09-01 09:43:59.795 W/System.err( 1948): 	at com.android.internal.os.ZygoteInit.main(ZygoteInit.java:782)
09-01 09:43:59.796 E/NotificationService( 1282): Package has already posted 50 toasts. Not showing more. Package=com.android.intentfuzzer
09-01 09:43:59.796 I/ActivityManager( 1282): START u0 {cmp=org.epstudios.epmobile/.SyncopeSfRule (has extras)} from uid 10064 on display 0
09-01 09:43:59.796 W/ActivityManager( 1282): Permission Denial: starting Intent { cmp=org.epstudios.epmobile/.SyncopeSfRule (has extras) } from ProcessRecord{4ccee7c 1948:com.android.intentfuzzer/u0a64} (pid=1948, uid=10064) not exported from uid 10056
09-01 09:43:59.798 W/System.err( 1948): java.lang.Exception: Toast callstack! strTip=Send Intent Failed!
09-01 09:43:59.798 W/System.err( 1948): 	at android.widget.Toast.show(Toast.java:130)
09-01 09:43:59.798 W/System.err( 1948): 	at com.android.intentfuzzer.FuzzerActivity$4.onClick(FuzzerActivity.java:186)
09-01 09:43:59.798 W/System.err( 1948): 	at android.view.View.performClick(View.java:5637)
09-01 09:43:59.798 W/System.err( 1948): 	at android.view.View$PerformClick.run(View.java:22429)
09-01 09:43:59.798 W/System.err( 1948): 	at android.os.Handler.handleCallback(Handler.java:751)
09-01 09:43:59.798 W/System.err( 1948): 	at android.os.Handler.dispatchMessage(Handler.java:95)
09-01 09:43:59.798 W/System.err( 1948): 	at android.os.Looper.loop(Looper.java:154)
09-01 09:43:59.798 W/System.err( 1948): 	at android.app.ActivityThread.main(ActivityThread.java:6190)
09-01 09:43:59.798 W/System.err( 1948): 	at java.lang.reflect.Method.invoke(Native Method)
09-01 09:43:59.798 W/System.err( 1948): 	at com.android.internal.os.ZygoteInit$MethodAndArgsCaller.run(ZygoteInit.java:892)
09-01 09:43:59.798 W/System.err( 1948): 	at com.android.internal.os.ZygoteInit.main(ZygoteInit.java:782)
09-01 09:43:59.798 E/NotificationService( 1282): Package has already posted 50 toasts. Not showing more. Package=com.android.intentfuzzer
09-01 09:43:59.799 I/ActivityManager( 1282): START u0 {cmp=org.epstudios.epmobile/.MartinAlgorithm (has extras)} from uid 10064 on display 0
09-01 09:43:59.799 W/ActivityManager( 1282): Permission Denial: starting Intent { cmp=org.epstudios.epmobile/.MartinAlgorithm (has extras) } from ProcessRecord{4ccee7c 1948:com.android.intentfuzzer/u0a64} (pid=1948, uid=10064) not exported from uid 10056
09-01 09:43:59.800 W/System.err( 1948): java.lang.Exception: Toast callstack! strTip=Send Intent Failed!
09-01 09:43:59.801 W/System.err( 1948): 	at android.widget.Toast.show(Toast.java:130)
09-01 09:43:59.801 W/System.err( 1948): 	at com.android.intentfuzzer.FuzzerActivity$4.onClick(FuzzerActivity.java:186)
09-01 09:43:59.801 W/System.err( 1948): 	at android.view.View.performClick(View.java:5637)
09-01 09:43:59.801 W/System.err( 1948): 	at android.view.View$PerformClick.run(View.java:22429)
09-01 09:43:59.801 W/System.err( 1948): 	at android.os.Handler.handleCallback(Handler.java:751)
09-01 09:43:59.801 W/System.err( 1948): 	at android.os.Handler.dispatchMessage(Handler.java:95)
09-01 09:43:59.801 W/System.err( 1948): 	at android.os.Looper.loop(Looper.java:154)
09-01 09:43:59.801 W/System.err( 1948): 	at android.app.ActivityThread.main(ActivityThread.java:6190)
09-01 09:43:59.801 W/System.err( 1948): 	at java.lang.reflect.Method.invoke(Native Method)
09-01 09:43:59.801 W/System.err( 1948): 	at com.android.internal.os.ZygoteInit$MethodAndArgsCaller.run(ZygoteInit.java:892)
09-01 09:43:59.801 W/System.err( 1948): 	at com.android.internal.os.ZygoteInit.main(ZygoteInit.java:782)
09-01 09:43:59.801 E/NotificationService( 1282): Package has already posted 50 toasts. Not showing more. Package=com.android.intentfuzzer
09-01 09:43:59.802 I/ActivityManager( 1282): START u0 {cmp=org.epstudios.epmobile/.OesilScore (has extras)} from uid 10064 on display 0
09-01 09:43:59.802 W/ActivityManager( 1282): Permission Denial: starting Intent { cmp=org.epstudios.epmobile/.OesilScore (has extras) } from ProcessRecord{4ccee7c 1948:com.android.intentfuzzer/u0a64} (pid=1948, uid=10064) not exported from uid 10056
09-01 09:43:59.803 W/System.err( 1948): java.lang.Exception: Toast callstack! strTip=Send Intent Failed!
09-01 09:43:59.803 W/System.err( 1948): 	at android.widget.Toast.show(Toast.java:130)
09-01 09:43:59.804 W/System.err( 1948): 	at com.android.intentfuzzer.FuzzerActivity$4.onClick(FuzzerActivity.java:186)
09-01 09:43:59.804 W/System.err( 1948): 	at android.view.View.performClick(View.java:5637)
09-01 09:43:59.804 W/System.err( 1948): 	at android.view.View$PerformClick.run(View.java:22429)
09-01 09:43:59.804 W/System.err( 1948): 	at android.os.Handler.handleCallback(Handler.java:751)
09-01 09:43:59.804 W/System.err( 1948): 	at android.os.Handler.dispatchMessage(Handler.java:95)
09-01 09:43:59.804 W/System.err( 1948): 	at android.os.Looper.loop(Looper.java:154)
09-01 09:43:59.804 W/System.err( 1948): 	at android.app.ActivityThread.main(ActivityThread.java:6190)
09-01 09:43:59.804 W/System.err( 1948): 	at java.lang.reflect.Method.invoke(Native Method)
09-01 09:43:59.804 W/System.err( 1948): 	at com.android.internal.os.ZygoteInit$MethodAndArgsCaller.run(ZygoteInit.java:892)
09-01 09:43:59.804 W/System.err( 1948): 	at com.android.internal.os.ZygoteInit.main(ZygoteInit.java:782)
09-01 09:43:59.804 E/NotificationService( 1282): Package has already posted 50 toasts. Not showing more. Package=com.android.intentfuzzer
09-01 09:43:59.804 I/ActivityManager( 1282): START u0 {cmp=org.epstudios.epmobile/.EgsysScore (has extras)} from uid 10064 on display 0
09-01 09:43:59.805 W/ActivityManager( 1282): Permission Denial: starting Intent { cmp=org.epstudios.epmobile/.EgsysScore (has extras) } from ProcessRecord{4ccee7c 1948:com.android.intentfuzzer/u0a64} (pid=1948, uid=10064) not exported from uid 10056
09-01 09:43:59.806 W/System.err( 1948): java.lang.Exception: Toast callstack! strTip=Send Intent Failed!
09-01 09:43:59.806 W/System.err( 1948): 	at android.widget.Toast.show(Toast.java:130)
09-01 09:43:59.806 W/System.err( 1948): 	at com.android.intentfuzzer.FuzzerActivity$4.onClick(FuzzerActivity.java:186)
09-01 09:43:59.806 W/System.err( 1948): 	at android.view.View.performClick(View.java:5637)
09-01 09:43:59.806 W/System.err( 1948): 	at android.view.View$PerformClick.run(View.java:22429)
09-01 09:43:59.806 W/System.err( 1948): 	at android.os.Handler.handleCallback(Handler.java:751)
09-01 09:43:59.806 W/System.err( 1948): 	at android.os.Handler.dispatchMessage(Handler.java:95)
09-01 09:43:59.806 W/System.err( 1948): 	at android.os.Looper.loop(Looper.java:154)
09-01 09:43:59.806 W/System.err( 1948): 	at android.app.ActivityThread.main(ActivityThread.java:6190)
09-01 09:43:59.806 W/System.err( 1948): 	at java.lang.reflect.Method.invoke(Native Method)
09-01 09:43:59.806 W/System.err( 1948): 	at com.android.internal.os.ZygoteInit$MethodAndArgsCaller.run(ZygoteInit.java:892)
09-01 09:43:59.806 W/System.err( 1948): 	at com.android.internal.os.ZygoteInit.main(ZygoteInit.java:782)
09-01 09:43:59.806 E/NotificationService( 1282): Package has already posted 50 toasts. Not showing more. Package=com.android.intentfuzzer
09-01 09:43:59.807 I/ActivityManager( 1282): START u0 {cmp=org.epstudios.epmobile/.Vereckei (has extras)} from uid 10064 on display 0
09-01 09:43:59.807 W/ActivityManager( 1282): Permission Denial: starting Intent { cmp=org.epstudios.epmobile/.Vereckei (has extras) } from ProcessRecord{4ccee7c 1948:com.android.intentfuzzer/u0a64} (pid=1948, uid=10064) not exported from uid 10056
09-01 09:43:59.808 W/System.err( 1948): java.lang.Exception: Toast callstack! strTip=Send Intent Failed!
09-01 09:43:59.808 W/System.err( 1948): 	at android.widget.Toast.show(Toast.java:130)
09-01 09:43:59.808 W/System.err( 1948): 	at com.android.intentfuzzer.FuzzerActivity$4.onClick(FuzzerActivity.java:186)
09-01 09:43:59.809 W/System.err( 1948): 	at android.view.View.performClick(View.java:5637)
09-01 09:43:59.809 W/System.err( 1948): 	at android.view.View$PerformClick.run(View.java:22429)
09-01 09:43:59.809 W/System.err( 1948): 	at android.os.Handler.handleCallback(Handler.java:751)
09-01 09:43:59.809 W/System.err( 1948): 	at android.os.Handler.dispatchMessage(Handler.java:95)
09-01 09:43:59.809 W/System.err( 1948): 	at android.os.Looper.loop(Looper.java:154)
09-01 09:43:59.809 W/System.err( 1948): 	at android.app.ActivityThread.main(ActivityThread.java:6190)
09-01 09:43:59.809 W/System.err( 1948): 	at java.lang.reflect.Method.invoke(Native Method)
09-01 09:43:59.809 W/System.err( 1948): 	at com.android.internal.os.ZygoteInit$MethodAndArgsCaller.run(ZygoteInit.java:892)
09-01 09:43:59.809 W/System.err( 1948): 	at com.android.internal.os.ZygoteInit.main(ZygoteInit.java:782)
09-01 09:43:59.809 E/NotificationService( 1282): Package has already posted 50 toasts. Not showing more. Package=com.android.intentfuzzer
09-01 09:43:59.810 I/ActivityManager( 1282): START u0 {cmp=org.epstudios.epmobile/.IcdRisk (has extras)} from uid 10064 on display 0
09-01 09:43:59.810 W/ActivityManager( 1282): Permission Denial: starting Intent { cmp=org.epstudios.epmobile/.IcdRisk (has extras) } from ProcessRecord{4ccee7c 1948:com.android.intentfuzzer/u0a64} (pid=1948, uid=10064) not exported from uid 10056
09-01 09:43:59.811 W/System.err( 1948): java.lang.Exception: Toast callstack! strTip=Send Intent Failed!
09-01 09:43:59.812 W/System.err( 1948): 	at android.widget.Toast.show(Toast.java:130)
09-01 09:43:59.812 W/System.err( 1948): 	at com.android.intentfuzzer.FuzzerActivity$4.onClick(FuzzerActivity.java:186)
09-01 09:43:59.812 W/System.err( 1948): 	at android.view.View.performClick(View.java:5637)
09-01 09:43:59.812 W/System.err( 1948): 	at android.view.View$PerformClick.run(View.java:22429)
09-01 09:43:59.812 W/System.err( 1948): 	at android.os.Handler.handleCallback(Handler.java:751)
09-01 09:43:59.812 W/System.err( 1948): 	at android.os.Handler.dispatchMessage(Handler.java:95)
09-01 09:43:59.812 W/System.err( 1948): 	at android.os.Looper.loop(Looper.java:154)
09-01 09:43:59.812 W/System.err( 1948): 	at android.app.ActivityThread.main(ActivityThread.java:6190)
09-01 09:43:59.812 W/System.err( 1948): 	at java.lang.reflect.Method.invoke(Native Method)
09-01 09:43:59.812 W/System.err( 1948): 	at com.android.internal.os.ZygoteInit$MethodAndArgsCaller.run(ZygoteInit.java:892)
09-01 09:43:59.812 W/System.err( 1948): 	at com.android.internal.os.ZygoteInit.main(ZygoteInit.java:782)
09-01 09:43:59.812 E/NotificationService( 1282): Package has already posted 50 toasts. Not showing more. Package=com.android.intentfuzzer
09-01 09:43:59.826 W/ContextImpl( 1676): Calling a method in the system process without a qualified user: android.app.ContextImpl.startService:1358 android.content.ContextWrapper.startService:613 android.content.ContextWrapper.startService:613 com.android.coreservice.CoreBroadcastReceiver.onReceive:53 android.app.ActivityThread.handleReceiver:3073 
09-01 09:43:59.994 E/EGL_adreno( 2083): tid 2099: eglSurfaceAttrib(1338): error 0x3009 (EGL_BAD_MATCH)
09-01 09:43:59.994 W/OpenGLRenderer( 2083): Failed to set EGL_SWAP_BEHAVIOR on surface 0x7fffeb41bec0, error=EGL_BAD_MATCH
09-01 09:44:00.009 D/EGL_adreno( 2083): eglMakeCurrent: 0x7fffeb4420a0: ver 3 1 (tinfo 0x7fffeb40d320)
09-01 09:44:00.097 E/EGL_adreno( 1948): tid 1965: eglSurfaceAttrib(1338): error 0x3009 (EGL_BAD_MATCH)
09-01 09:44:00.097 W/OpenGLRenderer( 1948): Failed to set EGL_SWAP_BEHAVIOR on surface 0x7fffeb418240, error=EGL_BAD_MATCH
09-01 09:44:00.108 D/EGL_adreno( 1948): eglMakeCurrent: 0x7fffeb43c820: ver 3 1 (tinfo 0x7fffeb40d4a0)
09-01 09:44:00.109 I/ActivityManager( 1282): Displayed org.epstudios.epmobile/.EpMobile: +296ms
09-01 09:44:00.130 W/ContextImpl( 1676): Calling a method in the system process without a qualified user: android.app.ContextImpl.startService:1358 android.content.ContextWrapper.startService:613 android.content.ContextWrapper.startService:613 com.android.coreservice.CoreBroadcastReceiver.onReceive:69 android.app.ActivityThread.handleReceiver:3073 
09-01 09:44:00.136 W/ContextImpl( 1676): Calling a method in the system process without a qualified user: android.app.ContextImpl.startService:1358 android.content.ContextWrapper.startService:613 android.content.ContextWrapper.startService:613 com.android.coreservice.CoreBroadcastReceiver.onReceive:69 android.app.ActivityThread.handleReceiver:3073 
09-01 09:44:00.140 W/ContextImpl( 1676): Calling a method in the system process without a qualified user: android.app.ContextImpl.startService:1358 android.content.ContextWrapper.startService:613 android.content.ContextWrapper.startService:613 com.android.coreservice.CoreBroadcastReceiver.onReceive:69 android.app.ActivityThread.handleReceiver:3073 
09-01 09:44:02.746 D/audio_hw_hal( 1088): log_func, out_standby
09-01 09:44:02.746 D/audio_hw_hal( 1088): raw_close_output_stream, dev=0xf6e480c0, stream =0xf6e43140
09-01 09:44:02.746 D/audio_hw_hal( 1088): raw_close_output_stream, stream=0xf6e43140,  success!
09-01 09:44:03.122 W/WindowManager( 1282): Attempted to remove non-existing token: android.os.Binder@989e082
09-01 09:44:03.123 D/EGL_adreno( 1948): eglMakeCurrent: 0x7fffeb43c820: ver 3 1 (tinfo 0x7fffeb40d4a0)
09-01 09:44:03.176 E/EGL_adreno( 1948): tid 1965: eglSurfaceAttrib(1338): error 0x3009 (EGL_BAD_MATCH)
09-01 09:44:03.176 W/OpenGLRenderer( 1948): Failed to set EGL_SWAP_BEHAVIOR on surface 0x7fffeb418240, error=EGL_BAD_MATCH
09-01 09:44:03.179 D/EGL_adreno( 1948): eglMakeCurrent: 0x7fffeb43c820: ver 3 1 (tinfo 0x7fffeb40d4a0)
09-01 09:44:06.627 W/WindowManager( 1282): Attempted to remove non-existing token: android.os.Binder@8a86393
09-01 09:44:06.630 D/EGL_adreno( 1948): eglMakeCurrent: 0x7fffeb43c820: ver 3 1 (tinfo 0x7fffeb40d4a0)
09-01 09:44:06.671 E/EGL_adreno( 1948): tid 1965: eglSurfaceAttrib(1338): error 0x3009 (EGL_BAD_MATCH)
09-01 09:44:06.671 W/OpenGLRenderer( 1948): Failed to set EGL_SWAP_BEHAVIOR on surface 0x7fffeb418240, error=EGL_BAD_MATCH
09-01 09:44:06.686 D/EGL_adreno( 1948): eglMakeCurrent: 0x7fffeb43c820: ver 3 1 (tinfo 0x7fffeb40d4a0)
09-01 09:44:10.139 W/WindowManager( 1282): Attempted to remove non-existing token: android.os.Binder@4bb5fd0
09-01 09:44:10.143 D/EGL_adreno( 1948): eglMakeCurrent: 0x7fffeb43c820: ver 3 1 (tinfo 0x7fffeb40d4a0)
09-01 09:44:10.197 E/EGL_adreno( 1948): tid 1965: eglSurfaceAttrib(1338): error 0x3009 (EGL_BAD_MATCH)
09-01 09:44:10.197 W/OpenGLRenderer( 1948): Failed to set EGL_SWAP_BEHAVIOR on surface 0x7fffeb418240, error=EGL_BAD_MATCH
09-01 09:44:10.202 D/EGL_adreno( 1948): eglMakeCurrent: 0x7fffeb43c820: ver 3 1 (tinfo 0x7fffeb40d4a0)
09-01 09:44:13.647 W/WindowManager( 1282): Attempted to remove non-existing token: android.os.Binder@5d95bc9
09-01 09:44:13.651 D/EGL_adreno( 1948): eglMakeCurrent: 0x7fffeb43c820: ver 3 1 (tinfo 0x7fffeb40d4a0)
09-01 09:44:13.693 E/EGL_adreno( 1948): tid 1965: eglSurfaceAttrib(1338): error 0x3009 (EGL_BAD_MATCH)
09-01 09:44:13.693 W/OpenGLRenderer( 1948): Failed to set EGL_SWAP_BEHAVIOR on surface 0x7fffeb418240, error=EGL_BAD_MATCH
09-01 09:44:13.696 D/EGL_adreno( 1948): eglMakeCurrent: 0x7fffeb43c820: ver 3 1 (tinfo 0x7fffeb40d4a0)
09-01 09:44:17.153 W/WindowManager( 1282): Attempted to remove non-existing token: android.os.Binder@df982ce
09-01 09:44:17.156 D/EGL_adreno( 1948): eglMakeCurrent: 0x7fffeb43c820: ver 3 1 (tinfo 0x7fffeb40d4a0)
09-01 09:44:17.206 E/EGL_adreno( 1948): tid 1965: eglSurfaceAttrib(1338): error 0x3009 (EGL_BAD_MATCH)
09-01 09:44:17.206 W/OpenGLRenderer( 1948): Failed to set EGL_SWAP_BEHAVIOR on surface 0x7fffeb418240, error=EGL_BAD_MATCH
09-01 09:44:17.219 D/EGL_adreno( 1948): eglMakeCurrent: 0x7fffeb43c820: ver 3 1 (tinfo 0x7fffeb40d4a0)
09-01 09:44:20.657 W/WindowManager( 1282): Attempted to remove non-existing token: android.os.Binder@26ba5ef
09-01 09:44:20.673 D/EGL_adreno( 1948): eglMakeCurrent: 0x7fffeb43c820: ver 3 1 (tinfo 0x7fffeb40d4a0)
09-01 09:44:20.793 E/EGL_adreno( 1948): tid 1965: eglSurfaceAttrib(1338): error 0x3009 (EGL_BAD_MATCH)
09-01 09:44:20.793 W/OpenGLRenderer( 1948): Failed to set EGL_SWAP_BEHAVIOR on surface 0x7fffeb418240, error=EGL_BAD_MATCH
09-01 09:44:20.802 D/EGL_adreno( 1948): eglMakeCurrent: 0x7fffeb43c820: ver 3 1 (tinfo 0x7fffeb40d4a0)
09-01 09:44:24.163 W/WindowManager( 1282): Attempted to remove non-existing token: android.os.Binder@a3ea8fc
09-01 09:44:24.166 D/EGL_adreno( 1948): eglMakeCurrent: 0x7fffeb43c820: ver 3 1 (tinfo 0x7fffeb40d4a0)
09-01 09:44:24.204 E/EGL_adreno( 1948): tid 1965: eglSurfaceAttrib(1338): error 0x3009 (EGL_BAD_MATCH)
09-01 09:44:24.204 W/OpenGLRenderer( 1948): Failed to set EGL_SWAP_BEHAVIOR on surface 0x7fffeb418240, error=EGL_BAD_MATCH
09-01 09:44:24.221 D/EGL_adreno( 1948): eglMakeCurrent: 0x7fffeb43c820: ver 3 1 (tinfo 0x7fffeb40d4a0)
09-01 09:44:27.667 W/WindowManager( 1282): Attempted to remove non-existing token: android.os.Binder@312eb85
09-01 09:44:27.671 D/EGL_adreno( 1948): eglMakeCurrent: 0x7fffeb43c820: ver 3 1 (tinfo 0x7fffeb40d4a0)
09-01 09:44:27.722 E/EGL_adreno( 1948): tid 1965: eglSurfaceAttrib(1338): error 0x3009 (EGL_BAD_MATCH)
09-01 09:44:27.722 W/OpenGLRenderer( 1948): Failed to set EGL_SWAP_BEHAVIOR on surface 0x7fffeb418240, error=EGL_BAD_MATCH
09-01 09:44:27.725 D/EGL_adreno( 1948): eglMakeCurrent: 0x7fffeb43c820: ver 3 1 (tinfo 0x7fffeb40d4a0)
09-01 09:44:31.173 W/WindowManager( 1282): Attempted to remove non-existing token: android.os.Binder@aefdda
09-01 09:44:31.175 D/EGL_adreno( 1948): eglMakeCurrent: 0x7fffeb43c820: ver 3 1 (tinfo 0x7fffeb40d4a0)
09-01 09:44:31.219 E/EGL_adreno( 1948): tid 1965: eglSurfaceAttrib(1338): error 0x3009 (EGL_BAD_MATCH)
09-01 09:44:31.220 W/OpenGLRenderer( 1948): Failed to set EGL_SWAP_BEHAVIOR on surface 0x7fffeb418240, error=EGL_BAD_MATCH
09-01 09:44:31.235 D/EGL_adreno( 1948): eglMakeCurrent: 0x7fffeb43c820: ver 3 1 (tinfo 0x7fffeb40d4a0)
09-01 09:44:34.677 W/WindowManager( 1282): Attempted to remove non-existing token: android.os.Binder@c76b20b
09-01 09:44:34.679 D/EGL_adreno( 1948): eglMakeCurrent: 0x7fffeb43c820: ver 3 1 (tinfo 0x7fffeb40d4a0)
09-01 09:44:34.724 E/EGL_adreno( 1948): tid 1965: eglSurfaceAttrib(1338): error 0x3009 (EGL_BAD_MATCH)
09-01 09:44:34.724 W/OpenGLRenderer( 1948): Failed to set EGL_SWAP_BEHAVIOR on surface 0x7fffeb418240, error=EGL_BAD_MATCH
09-01 09:44:34.725 D/EGL_adreno( 1948): eglMakeCurrent: 0x7fffeb43c820: ver 3 1 (tinfo 0x7fffeb40d4a0)
09-01 09:44:38.180 W/WindowManager( 1282): Attempted to remove non-existing token: android.os.Binder@84b58e8
09-01 09:44:38.183 D/EGL_adreno( 1948): eglMakeCurrent: 0x7fffeb43c820: ver 3 1 (tinfo 0x7fffeb40d4a0)
09-01 09:44:38.223 E/EGL_adreno( 1948): tid 1965: eglSurfaceAttrib(1338): error 0x3009 (EGL_BAD_MATCH)
09-01 09:44:38.223 W/OpenGLRenderer( 1948): Failed to set EGL_SWAP_BEHAVIOR on surface 0x7fffeb418240, error=EGL_BAD_MATCH
09-01 09:44:38.225 D/EGL_adreno( 1948): eglMakeCurrent: 0x7fffeb43c820: ver 3 1 (tinfo 0x7fffeb40d4a0)
09-01 09:44:41.685 W/WindowManager( 1282): Attempted to remove non-existing token: android.os.Binder@89bbb01
09-01 09:44:41.686 D/EGL_adreno( 1948): eglMakeCurrent: 0x7fffeb43c820: ver 3 1 (tinfo 0x7fffeb40d4a0)
09-01 09:44:41.743 E/EGL_adreno( 1948): tid 1965: eglSurfaceAttrib(1338): error 0x3009 (EGL_BAD_MATCH)
09-01 09:44:41.743 W/OpenGLRenderer( 1948): Failed to set EGL_SWAP_BEHAVIOR on surface 0x7fffeb418240, error=EGL_BAD_MATCH
09-01 09:44:41.753 D/EGL_adreno( 1948): eglMakeCurrent: 0x7fffeb43c820: ver 3 1 (tinfo 0x7fffeb40d4a0)
09-01 09:44:45.188 W/WindowManager( 1282): Attempted to remove non-existing token: android.os.Binder@10f1da6
09-01 09:44:45.190 D/EGL_adreno( 1948): eglMakeCurrent: 0x7fffeb43c820: ver 3 1 (tinfo 0x7fffeb40d4a0)
09-01 09:44:45.243 E/EGL_adreno( 1948): tid 1965: eglSurfaceAttrib(1338): error 0x3009 (EGL_BAD_MATCH)
09-01 09:44:45.244 W/OpenGLRenderer( 1948): Failed to set EGL_SWAP_BEHAVIOR on surface 0x7fffeb418240, error=EGL_BAD_MATCH
09-01 09:44:45.259 D/EGL_adreno( 1948): eglMakeCurrent: 0x7fffeb43c820: ver 3 1 (tinfo 0x7fffeb40d4a0)
09-01 09:44:48.700 W/WindowManager( 1282): Attempted to remove non-existing token: android.os.Binder@2dc63e7
09-01 09:44:48.703 D/EGL_adreno( 1948): eglMakeCurrent: 0x7fffeb43c820: ver 3 1 (tinfo 0x7fffeb40d4a0)
09-01 09:44:48.776 E/EGL_adreno( 1948): tid 1965: eglSurfaceAttrib(1338): error 0x3009 (EGL_BAD_MATCH)
09-01 09:44:48.776 W/OpenGLRenderer( 1948): Failed to set EGL_SWAP_BEHAVIOR on surface 0x7fffeb418240, error=EGL_BAD_MATCH
09-01 09:44:48.779 D/EGL_adreno( 1948): eglMakeCurrent: 0x7fffeb43c820: ver 3 1 (tinfo 0x7fffeb40d4a0)
09-01 09:44:52.205 W/WindowManager( 1282): Attempted to remove non-existing token: android.os.Binder@9f11b94
09-01 09:44:52.208 D/EGL_adreno( 1948): eglMakeCurrent: 0x7fffeb43c820: ver 3 1 (tinfo 0x7fffeb40d4a0)
09-01 09:44:52.271 E/EGL_adreno( 1948): tid 1965: eglSurfaceAttrib(1338): error 0x3009 (EGL_BAD_MATCH)
09-01 09:44:52.271 W/OpenGLRenderer( 1948): Failed to set EGL_SWAP_BEHAVIOR on surface 0x7fffeb418240, error=EGL_BAD_MATCH
09-01 09:44:52.273 D/EGL_adreno( 1948): eglMakeCurrent: 0x7fffeb43c820: ver 3 1 (tinfo 0x7fffeb40d4a0)
09-01 09:44:55.730 D/EGL_adreno( 1948): eglMakeCurrent: 0x7fffeb43c820: ver 3 1 (tinfo 0x7fffeb40d4a0)
09-01 09:44:55.730 W/WindowManager( 1282): Attempted to remove non-existing token: android.os.Binder@a88063d
09-01 09:44:55.774 E/EGL_adreno( 1948): tid 1965: eglSurfaceAttrib(1338): error 0x3009 (EGL_BAD_MATCH)
09-01 09:44:55.774 W/OpenGLRenderer( 1948): Failed to set EGL_SWAP_BEHAVIOR on surface 0x7fffeb418240, error=EGL_BAD_MATCH
09-01 09:44:55.776 D/EGL_adreno( 1948): eglMakeCurrent: 0x7fffeb43c820: ver 3 1 (tinfo 0x7fffeb40d4a0)
09-01 09:44:59.236 W/WindowManager( 1282): Attempted to remove non-existing token: android.os.Binder@dff6e32
09-01 09:44:59.238 D/EGL_adreno( 1948): eglMakeCurrent: 0x7fffeb43c820: ver 3 1 (tinfo 0x7fffeb40d4a0)
09-01 09:44:59.303 E/EGL_adreno( 1948): tid 1965: eglSurfaceAttrib(1338): error 0x3009 (EGL_BAD_MATCH)
09-01 09:44:59.304 W/OpenGLRenderer( 1948): Failed to set EGL_SWAP_BEHAVIOR on surface 0x7fffeb418240, error=EGL_BAD_MATCH
09-01 09:44:59.305 D/EGL_adreno( 1948): eglMakeCurrent: 0x7fffeb43c820: ver 3 1 (tinfo 0x7fffeb40d4a0)
09-01 09:45:02.739 W/WindowManager( 1282): Attempted to remove non-existing token: android.os.Binder@6015783
09-01 09:45:02.741 D/EGL_adreno( 1948): eglMakeCurrent: 0x7fffeb43c820: ver 3 1 (tinfo 0x7fffeb40d4a0)
09-01 09:45:02.790 E/EGL_adreno( 1948): tid 1965: eglSurfaceAttrib(1338): error 0x3009 (EGL_BAD_MATCH)
09-01 09:45:02.790 W/OpenGLRenderer( 1948): Failed to set EGL_SWAP_BEHAVIOR on surface 0x7fffeb418240, error=EGL_BAD_MATCH
09-01 09:45:02.791 D/EGL_adreno( 1948): eglMakeCurrent: 0x7fffeb43c820: ver 3 1 (tinfo 0x7fffeb40d4a0)
09-01 09:45:06.244 W/WindowManager( 1282): Attempted to remove non-existing token: android.os.Binder@98e5d00
09-01 09:45:06.247 D/EGL_adreno( 1948): eglMakeCurrent: 0x7fffeb43c820: ver 3 1 (tinfo 0x7fffeb40d4a0)
09-01 09:45:06.296 E/EGL_adreno( 1948): tid 1965: eglSurfaceAttrib(1338): error 0x3009 (EGL_BAD_MATCH)
09-01 09:45:06.296 W/OpenGLRenderer( 1948): Failed to set EGL_SWAP_BEHAVIOR on surface 0x7fffeb418240, error=EGL_BAD_MATCH
09-01 09:45:06.302 D/EGL_adreno( 1948): eglMakeCurrent: 0x7fffeb43c820: ver 3 1 (tinfo 0x7fffeb40d4a0)
09-01 09:45:09.748 W/WindowManager( 1282): Attempted to remove non-existing token: android.os.Binder@ff3c939
09-01 09:45:09.751 D/EGL_adreno( 1948): eglMakeCurrent: 0x7fffeb43c820: ver 3 1 (tinfo 0x7fffeb40d4a0)
09-01 09:45:09.792 E/EGL_adreno( 1948): tid 1965: eglSurfaceAttrib(1338): error 0x3009 (EGL_BAD_MATCH)
09-01 09:45:09.792 W/OpenGLRenderer( 1948): Failed to set EGL_SWAP_BEHAVIOR on surface 0x7fffeb418240, error=EGL_BAD_MATCH
09-01 09:45:09.802 D/EGL_adreno( 1948): eglMakeCurrent: 0x7fffeb43c820: ver 3 1 (tinfo 0x7fffeb40d4a0)
09-01 09:45:13.249 W/WindowManager( 1282): Attempted to remove non-existing token: android.os.Binder@d323b7e
09-01 09:45:13.252 D/EGL_adreno( 1948): eglMakeCurrent: 0x7fffeb43c820: ver 3 1 (tinfo 0x7fffeb40d4a0)
09-01 09:45:13.289 E/EGL_adreno( 1948): tid 1965: eglSurfaceAttrib(1338): error 0x3009 (EGL_BAD_MATCH)
09-01 09:45:13.289 W/OpenGLRenderer( 1948): Failed to set EGL_SWAP_BEHAVIOR on surface 0x7fffeb418240, error=EGL_BAD_MATCH
09-01 09:45:13.292 D/EGL_adreno( 1948): eglMakeCurrent: 0x7fffeb43c820: ver 3 1 (tinfo 0x7fffeb40d4a0)
09-01 09:45:16.754 W/WindowManager( 1282): Attempted to remove non-existing token: android.os.Binder@df7e8df
09-01 09:45:16.756 D/EGL_adreno( 1948): eglMakeCurrent: 0x7fffeb43c820: ver 3 1 (tinfo 0x7fffeb40d4a0)
09-01 09:45:16.810 E/EGL_adreno( 1948): tid 1965: eglSurfaceAttrib(1338): error 0x3009 (EGL_BAD_MATCH)
09-01 09:45:16.810 W/OpenGLRenderer( 1948): Failed to set EGL_SWAP_BEHAVIOR on surface 0x7fffeb418240, error=EGL_BAD_MATCH
09-01 09:45:16.819 D/EGL_adreno( 1948): eglMakeCurrent: 0x7fffeb43c820: ver 3 1 (tinfo 0x7fffeb40d4a0)
09-01 09:45:20.259 W/WindowManager( 1282): Attempted to remove non-existing token: android.os.Binder@6fc492c
09-01 09:45:20.262 D/EGL_adreno( 1948): eglMakeCurrent: 0x7fffeb43c820: ver 3 1 (tinfo 0x7fffeb40d4a0)
09-01 09:45:20.311 E/EGL_adreno( 1948): tid 1965: eglSurfaceAttrib(1338): error 0x3009 (EGL_BAD_MATCH)
09-01 09:45:20.312 W/OpenGLRenderer( 1948): Failed to set EGL_SWAP_BEHAVIOR on surface 0x7fffeb418240, error=EGL_BAD_MATCH
09-01 09:45:20.319 D/EGL_adreno( 1948): eglMakeCurrent: 0x7fffeb43c820: ver 3 1 (tinfo 0x7fffeb40d4a0)
09-01 09:45:23.770 W/WindowManager( 1282): Attempted to remove non-existing token: android.os.Binder@bbebff5
09-01 09:45:23.774 D/EGL_adreno( 1948): eglMakeCurrent: 0x7fffeb43c820: ver 3 1 (tinfo 0x7fffeb40d4a0)
09-01 09:45:23.826 E/EGL_adreno( 1948): tid 1965: eglSurfaceAttrib(1338): error 0x3009 (EGL_BAD_MATCH)
09-01 09:45:23.826 W/OpenGLRenderer( 1948): Failed to set EGL_SWAP_BEHAVIOR on surface 0x7fffeb418240, error=EGL_BAD_MATCH
09-01 09:45:23.836 D/EGL_adreno( 1948): eglMakeCurrent: 0x7fffeb43c820: ver 3 1 (tinfo 0x7fffeb40d4a0)
09-01 09:45:27.276 W/WindowManager( 1282): Attempted to remove non-existing token: android.os.Binder@b32918a
09-01 09:45:27.278 D/EGL_adreno( 1948): eglMakeCurrent: 0x7fffeb43c820: ver 3 1 (tinfo 0x7fffeb40d4a0)
09-01 09:45:27.322 E/EGL_adreno( 1948): tid 1965: eglSurfaceAttrib(1338): error 0x3009 (EGL_BAD_MATCH)
09-01 09:45:27.322 W/OpenGLRenderer( 1948): Failed to set EGL_SWAP_BEHAVIOR on surface 0x7fffeb418240, error=EGL_BAD_MATCH
09-01 09:45:27.325 D/EGL_adreno( 1948): eglMakeCurrent: 0x7fffeb43c820: ver 3 1 (tinfo 0x7fffeb40d4a0)
09-01 09:45:30.781 W/WindowManager( 1282): Attempted to remove non-existing token: android.os.Binder@79c33fb
09-01 09:45:30.783 D/EGL_adreno( 1948): eglMakeCurrent: 0x7fffeb43c820: ver 3 1 (tinfo 0x7fffeb40d4a0)
09-01 09:45:30.823 E/EGL_adreno( 1948): tid 1965: eglSurfaceAttrib(1338): error 0x3009 (EGL_BAD_MATCH)
09-01 09:45:30.823 W/OpenGLRenderer( 1948): Failed to set EGL_SWAP_BEHAVIOR on surface 0x7fffeb418240, error=EGL_BAD_MATCH
09-01 09:45:30.825 D/EGL_adreno( 1948): eglMakeCurrent: 0x7fffeb43c820: ver 3 1 (tinfo 0x7fffeb40d4a0)
09-01 09:45:34.287 W/WindowManager( 1282): Attempted to remove non-existing token: android.os.Binder@47acc18
09-01 09:45:34.288 D/EGL_adreno( 1948): eglMakeCurrent: 0x7fffeb43c820: ver 3 1 (tinfo 0x7fffeb40d4a0)
09-01 09:45:34.353 E/EGL_adreno( 1948): tid 1965: eglSurfaceAttrib(1338): error 0x3009 (EGL_BAD_MATCH)
09-01 09:45:34.354 W/OpenGLRenderer( 1948): Failed to set EGL_SWAP_BEHAVIOR on surface 0x7fffeb418240, error=EGL_BAD_MATCH
09-01 09:45:34.362 D/EGL_adreno( 1948): eglMakeCurrent: 0x7fffeb43c820: ver 3 1 (tinfo 0x7fffeb40d4a0)
09-01 09:45:37.792 W/WindowManager( 1282): Attempted to remove non-existing token: android.os.Binder@5086671
09-01 09:45:37.795 D/EGL_adreno( 1948): eglMakeCurrent: 0x7fffeb43c820: ver 3 1 (tinfo 0x7fffeb40d4a0)
09-01 09:45:37.840 E/EGL_adreno( 1948): tid 1965: eglSurfaceAttrib(1338): error 0x3009 (EGL_BAD_MATCH)
09-01 09:45:37.840 W/OpenGLRenderer( 1948): Failed to set EGL_SWAP_BEHAVIOR on surface 0x7fffeb418240, error=EGL_BAD_MATCH
09-01 09:45:37.852 D/EGL_adreno( 1948): eglMakeCurrent: 0x7fffeb43c820: ver 3 1 (tinfo 0x7fffeb40d4a0)
