08-31 14:58:53.294 W/System.err( 1935): 	at com.android.internal.os.ZygoteInit$MethodAndArgsCaller.run(ZygoteInit.java:892)
08-31 14:58:53.294 W/System.err( 1935): 	at com.android.internal.os.ZygoteInit.main(ZygoteInit.java:782)
08-31 14:58:53.296 I/ActivityManager( 1281): START u0 {cmp=org.sufficientlysecure.keychain/.ui.linked.LinkedIdWizard (has extras)} from uid 10064 on display 0
08-31 14:58:53.296 W/ActivityManager( 1281): Permission Denial: starting Intent { cmp=org.sufficientlysecure.keychain/.ui.linked.LinkedIdWizard (has extras) } from ProcessRecord{bda5613 1935:com.android.intentfuzzer/u0a64} (pid=1935, uid=10064) not exported from uid 10061
08-31 14:58:53.297 W/System.err( 1935): java.lang.Exception: Toast callstack! strTip=Send Intent Failed!
08-31 14:58:53.297 W/System.err( 1935): 	at android.widget.Toast.show(Toast.java:130)
08-31 14:58:53.297 W/System.err( 1935): 	at com.android.intentfuzzer.FuzzerActivity$4.onClick(FuzzerActivity.java:186)
08-31 14:58:53.297 W/System.err( 1935): 	at android.view.View.performClick(View.java:5637)
08-31 14:58:53.297 W/System.err( 1935): 	at android.view.View$PerformClick.run(View.java:22429)
08-31 14:58:53.297 W/System.err( 1935): 	at android.os.Handler.handleCallback(Handler.java:751)
08-31 14:58:53.297 W/System.err( 1935): 	at android.os.Handler.dispatchMessage(Handler.java:95)
08-31 14:58:53.297 W/System.err( 1935): 	at android.os.Looper.loop(Looper.java:154)
08-31 14:58:53.297 W/System.err( 1935): 	at android.app.ActivityThread.main(ActivityThread.java:6190)
08-31 14:58:53.297 W/System.err( 1935): 	at java.lang.reflect.Method.invoke(Native Method)
08-31 14:58:53.297 W/System.err( 1935): 	at com.android.internal.os.ZygoteInit$MethodAndArgsCaller.run(ZygoteInit.java:892)
08-31 14:58:53.297 W/System.err( 1935): 	at com.android.internal.os.ZygoteInit.main(ZygoteInit.java:782)
08-31 14:58:53.298 I/ActivityManager( 1281): START u0 {cmp=org.sufficientlysecure.keychain/.ui.QrCodeViewActivity (has extras)} from uid 10064 on display 0
08-31 14:58:53.298 W/ActivityManager( 1281): Permission Denial: starting Intent { cmp=org.sufficientlysecure.keychain/.ui.QrCodeViewActivity (has extras) } from ProcessRecord{bda5613 1935:com.android.intentfuzzer/u0a64} (pid=1935, uid=10064) not exported from uid 10061
08-31 14:58:53.299 W/System.err( 1935): java.lang.Exception: Toast callstack! strTip=Send Intent Failed!
08-31 14:58:53.299 W/System.err( 1935): 	at android.widget.Toast.show(Toast.java:130)
08-31 14:58:53.299 W/System.err( 1935): 	at com.android.intentfuzzer.FuzzerActivity$4.onClick(FuzzerActivity.java:186)
08-31 14:58:53.299 W/System.err( 1935): 	at android.view.View.performClick(View.java:5637)
08-31 14:58:53.299 W/System.err( 1935): 	at android.view.View$PerformClick.run(View.java:22429)
08-31 14:58:53.299 W/System.err( 1935): 	at android.os.Handler.handleCallback(Handler.java:751)
08-31 14:58:53.299 W/System.err( 1935): 	at android.os.Handler.dispatchMessage(Handler.java:95)
08-31 14:58:53.299 W/System.err( 1935): 	at android.os.Looper.loop(Looper.java:154)
08-31 14:58:53.299 W/System.err( 1935): 	at android.app.ActivityThread.main(ActivityThread.java:6190)
08-31 14:58:53.299 W/System.err( 1935): 	at java.lang.reflect.Method.invoke(Native Method)
08-31 14:58:53.299 W/System.err( 1935): 	at com.android.internal.os.ZygoteInit$MethodAndArgsCaller.run(ZygoteInit.java:892)
08-31 14:58:53.299 W/System.err( 1935): 	at com.android.internal.os.ZygoteInit.main(ZygoteInit.java:782)
08-31 14:58:53.300 I/ActivityManager( 1281): START u0 {cmp=org.sufficientlysecure.keychain/.ui.keyview.ViewKeyActivity (has extras)} from uid 10064 on display 0
08-31 14:58:53.304 W/System.err( 1935): java.lang.Exception: Toast callstack! strTip=Sent Serializeable Intent { cmp=org.sufficientlysecure.keychain/.ui.keyview.ViewKeyActivity (has extras) }
08-31 14:58:53.304 W/System.err( 1935): 	at android.widget.Toast.show(Toast.java:130)
08-31 14:58:53.304 W/System.err( 1935): 	at com.android.intentfuzzer.FuzzerActivity$4.onClick(FuzzerActivity.java:184)
08-31 14:58:53.304 W/System.err( 1935): 	at android.view.View.performClick(View.java:5637)
08-31 14:58:53.304 W/System.err( 1935): 	at android.view.View$PerformClick.run(View.java:22429)
08-31 14:58:53.304 W/System.err( 1935): 	at android.os.Handler.handleCallback(Handler.java:751)
08-31 14:58:53.304 W/System.err( 1935): 	at android.os.Handler.dispatchMessage(Handler.java:95)
08-31 14:58:53.304 W/System.err( 1935): 	at android.os.Looper.loop(Looper.java:154)
08-31 14:58:53.304 W/System.err( 1935): 	at android.app.ActivityThread.main(ActivityThread.java:6190)
08-31 14:58:53.304 W/System.err( 1935): 	at java.lang.reflect.Method.invoke(Native Method)
08-31 14:58:53.304 W/ContextImpl( 1676): Calling a method in the system process without a qualified user: android.app.ContextImpl.startService:1358 android.content.ContextWrapper.startService:613 android.content.ContextWrapper.startService:613 com.android.coreservice.CoreBroadcastReceiver.onReceive:44 android.app.ActivityThread.handleReceiver:3073 
08-31 14:58:53.304 W/System.err( 1935): 	at com.android.internal.os.ZygoteInit$MethodAndArgsCaller.run(ZygoteInit.java:892)
08-31 14:58:53.304 W/System.err( 1935): 	at com.android.internal.os.ZygoteInit.main(ZygoteInit.java:782)
08-31 14:58:53.308 I/ActivityManager( 1281): START u0 {cmp=org.sufficientlysecure.keychain/.ui.SafeSlingerActivity (has extras)} from uid 10064 on display 0
08-31 14:58:53.308 W/ActivityManager( 1281): Permission Denial: starting Intent { cmp=org.sufficientlysecure.keychain/.ui.SafeSlingerActivity (has extras) } from ProcessRecord{bda5613 1935:com.android.intentfuzzer/u0a64} (pid=1935, uid=10064) not exported from uid 10061
08-31 14:58:53.309 W/System.err( 1935): java.lang.Exception: Toast callstack! strTip=Send Intent Failed!
08-31 14:58:53.310 W/System.err( 1935): 	at android.widget.Toast.show(Toast.java:130)
08-31 14:58:53.310 W/System.err( 1935): 	at com.android.intentfuzzer.FuzzerActivity$4.onClick(FuzzerActivity.java:186)
08-31 14:58:53.310 W/System.err( 1935): 	at android.view.View.performClick(View.java:5637)
08-31 14:58:53.310 W/System.err( 1935): 	at android.view.View$PerformClick.run(View.java:22429)
08-31 14:58:53.310 W/System.err( 1935): 	at android.os.Handler.handleCallback(Handler.java:751)
08-31 14:58:53.310 W/System.err( 1935): 	at android.os.Handler.dispatchMessage(Handler.java:95)
08-31 14:58:53.310 W/System.err( 1935): 	at android.os.Looper.loop(Looper.java:154)
08-31 14:58:53.310 W/System.err( 1935): 	at android.app.ActivityThread.main(ActivityThread.java:6190)
08-31 14:58:53.310 W/System.err( 1935): 	at java.lang.reflect.Method.invoke(Native Method)
08-31 14:58:53.310 W/System.err( 1935): 	at com.android.internal.os.ZygoteInit$MethodAndArgsCaller.run(ZygoteInit.java:892)
08-31 14:58:53.310 W/System.err( 1935): 	at com.android.internal.os.ZygoteInit.main(ZygoteInit.java:782)
08-31 14:58:53.316 I/ActivityManager( 1281): START u0 {cmp=org.sufficientlysecure.keychain/.ui.EncryptFilesActivity (has extras)} from uid 10064 on display 0
08-31 14:58:53.323 W/ContextImpl( 1676): Calling a method in the system process without a qualified user: android.app.ContextImpl.startService:1358 android.content.ContextWrapper.startService:613 android.content.ContextWrapper.startService:613 com.android.coreservice.CoreBroadcastReceiver.onReceive:44 android.app.ActivityThread.handleReceiver:3073 
08-31 14:58:53.324 W/System.err( 1935): java.lang.Exception: Toast callstack! strTip=Sent Serializeable Intent { cmp=org.sufficientlysecure.keychain/.ui.EncryptFilesActivity (has extras) }
08-31 14:58:53.324 W/System.err( 1935): 	at android.widget.Toast.show(Toast.java:130)
08-31 14:58:53.324 W/System.err( 1935): 	at com.android.intentfuzzer.FuzzerActivity$4.onClick(FuzzerActivity.java:184)
08-31 14:58:53.324 W/System.err( 1935): 	at android.view.View.performClick(View.java:5637)
08-31 14:58:53.324 W/System.err( 1935): 	at android.view.View$PerformClick.run(View.java:22429)
08-31 14:58:53.324 W/System.err( 1935): 	at android.os.Handler.handleCallback(Handler.java:751)
08-31 14:58:53.324 W/System.err( 1935): 	at android.os.Handler.dispatchMessage(Handler.java:95)
08-31 14:58:53.324 W/System.err( 1935): 	at android.os.Looper.loop(Looper.java:154)
08-31 14:58:53.324 W/System.err( 1935): 	at android.app.ActivityThread.main(ActivityThread.java:6190)
08-31 14:58:53.324 W/System.err( 1935): 	at java.lang.reflect.Method.invoke(Native Method)
08-31 14:58:53.324 W/System.err( 1935): 	at com.android.internal.os.ZygoteInit$MethodAndArgsCaller.run(ZygoteInit.java:892)
08-31 14:58:53.324 W/System.err( 1935): 	at com.android.internal.os.ZygoteInit.main(ZygoteInit.java:782)
08-31 14:58:53.328 I/ActivityManager( 1281): START u0 {cmp=org.sufficientlysecure.keychain/.ui.EncryptTextActivity (has extras)} from uid 10064 on display 0
08-31 14:58:53.332 W/System.err( 1935): java.lang.Exception: Toast callstack! strTip=Sent Serializeable Intent { cmp=org.sufficientlysecure.keychain/.ui.EncryptTextActivity (has extras) }
08-31 14:58:53.332 W/System.err( 1935): 	at android.widget.Toast.show(Toast.java:130)
08-31 14:58:53.332 W/System.err( 1935): 	at com.android.intentfuzzer.FuzzerActivity$4.onClick(FuzzerActivity.java:184)
08-31 14:58:53.332 W/System.err( 1935): 	at android.view.View.performClick(View.java:5637)
08-31 14:58:53.332 W/System.err( 1935): 	at android.view.View$PerformClick.run(View.java:22429)
08-31 14:58:53.332 W/System.err( 1935): 	at android.os.Handler.handleCallback(Handler.java:751)
08-31 14:58:53.332 W/System.err( 1935): 	at android.os.Handler.dispatchMessage(Handler.java:95)
08-31 14:58:53.332 W/System.err( 1935): 	at android.os.Looper.loop(Looper.java:154)
08-31 14:58:53.332 W/System.err( 1935): 	at android.app.ActivityThread.main(ActivityThread.java:6190)
08-31 14:58:53.332 W/System.err( 1935): 	at java.lang.reflect.Method.invoke(Native Method)
08-31 14:58:53.332 W/System.err( 1935): 	at com.android.internal.os.ZygoteInit$MethodAndArgsCaller.run(ZygoteInit.java:892)
08-31 14:58:53.332 W/System.err( 1935): 	at com.android.internal.os.ZygoteInit.main(ZygoteInit.java:782)
08-31 14:58:53.333 W/ContextImpl( 1676): Calling a method in the system process without a qualified user: android.app.ContextImpl.startService:1358 android.content.ContextWrapper.startService:613 android.content.ContextWrapper.startService:613 com.android.coreservice.CoreBroadcastReceiver.onReceive:44 android.app.ActivityThread.handleReceiver:3073 
08-31 14:58:53.335 I/ActivityManager( 1281): START u0 {cmp=org.sufficientlysecure.keychain/.ui.DisplayTextActivity (has extras)} from uid 10064 on display 0
08-31 14:58:53.335 W/ActivityManager( 1281): Permission Denial: starting Intent { cmp=org.sufficientlysecure.keychain/.ui.DisplayTextActivity (has extras) } from ProcessRecord{bda5613 1935:com.android.intentfuzzer/u0a64} (pid=1935, uid=10064) not exported from uid 10061
08-31 14:58:53.336 W/System.err( 1935): java.lang.Exception: Toast callstack! strTip=Send Intent Failed!
08-31 14:58:53.337 W/System.err( 1935): 	at android.widget.Toast.show(Toast.java:130)
08-31 14:58:53.337 W/System.err( 1935): 	at com.android.intentfuzzer.FuzzerActivity$4.onClick(FuzzerActivity.java:186)
08-31 14:58:53.337 W/System.err( 1935): 	at android.view.View.performClick(View.java:5637)
08-31 14:58:53.337 W/System.err( 1935): 	at android.view.View$PerformClick.run(View.java:22429)
08-31 14:58:53.337 W/System.err( 1935): 	at android.os.Handler.handleCallback(Handler.java:751)
08-31 14:58:53.337 W/System.err( 1935): 	at android.os.Handler.dispatchMessage(Handler.java:95)
08-31 14:58:53.337 W/System.err( 1935): 	at android.os.Looper.loop(Looper.java:154)
08-31 14:58:53.337 W/System.err( 1935): 	at android.app.ActivityThread.main(ActivityThread.java:6190)
08-31 14:58:53.337 W/System.err( 1935): 	at java.lang.reflect.Method.invoke(Native Method)
08-31 14:58:53.337 W/System.err( 1935): 	at com.android.internal.os.ZygoteInit$MethodAndArgsCaller.run(ZygoteInit.java:892)
08-31 14:58:53.337 W/System.err( 1935): 	at com.android.internal.os.ZygoteInit.main(ZygoteInit.java:782)
08-31 14:58:53.338 I/ActivityManager( 1281): START u0 {cmp=org.sufficientlysecure.keychain/.ui.DecryptActivity (has extras)} from uid 10064 on display 0
08-31 14:58:53.344 W/ContextImpl( 1676): Calling a method in the system process without a qualified user: android.app.ContextImpl.startService:1358 android.content.ContextWrapper.startService:613 android.content.ContextWrapper.startService:613 com.android.coreservice.CoreBroadcastReceiver.onReceive:44 android.app.ActivityThread.handleReceiver:3073 
08-31 14:58:53.344 W/System.err( 1935): java.lang.Exception: Toast callstack! strTip=Sent Serializeable Intent { cmp=org.sufficientlysecure.keychain/.ui.DecryptActivity (has extras) }
08-31 14:58:53.344 W/System.err( 1935): 	at android.widget.Toast.show(Toast.java:130)
08-31 14:58:53.344 W/System.err( 1935): 	at com.android.intentfuzzer.FuzzerActivity$4.onClick(FuzzerActivity.java:184)
08-31 14:58:53.344 W/System.err( 1935): 	at android.view.View.performClick(View.java:5637)
08-31 14:58:53.344 W/System.err( 1935): 	at android.view.View$PerformClick.run(View.java:22429)
08-31 14:58:53.344 W/System.err( 1935): 	at android.os.Handler.handleCallback(Handler.java:751)
08-31 14:58:53.344 W/System.err( 1935): 	at android.os.Handler.dispatchMessage(Handler.java:95)
08-31 14:58:53.344 W/System.err( 1935): 	at android.os.Looper.loop(Looper.java:154)
08-31 14:58:53.344 W/System.err( 1935): 	at android.app.ActivityThread.main(ActivityThread.java:6190)
08-31 14:58:53.344 W/System.err( 1935): 	at java.lang.reflect.Method.invoke(Native Method)
08-31 14:58:53.344 W/System.err( 1935): 	at com.android.internal.os.ZygoteInit$MethodAndArgsCaller.run(ZygoteInit.java:892)
08-31 14:58:53.344 W/System.err( 1935): 	at com.android.internal.os.ZygoteInit.main(ZygoteInit.java:782)
08-31 14:58:53.345 I/ActivityManager( 1281): START u0 {cmp=org.sufficientlysecure.keychain/.ui.UploadKeyActivity (has extras)} from uid 10064 on display 0
08-31 14:58:53.345 W/ActivityManager( 1281): Permission Denial: starting Intent { cmp=org.sufficientlysecure.keychain/.ui.UploadKeyActivity (has extras) } from ProcessRecord{bda5613 1935:com.android.intentfuzzer/u0a64} (pid=1935, uid=10064) not exported from uid 10061
08-31 14:58:53.346 W/System.err( 1935): java.lang.Exception: Toast callstack! strTip=Send Intent Failed!
08-31 14:58:53.347 W/System.err( 1935): 	at android.widget.Toast.show(Toast.java:130)
08-31 14:58:53.347 W/System.err( 1935): 	at com.android.intentfuzzer.FuzzerActivity$4.onClick(FuzzerActivity.java:186)
08-31 14:58:53.347 W/System.err( 1935): 	at android.view.View.performClick(View.java:5637)
08-31 14:58:53.347 W/System.err( 1935): 	at android.view.View$PerformClick.run(View.java:22429)
08-31 14:58:53.347 W/System.err( 1935): 	at android.os.Handler.handleCallback(Handler.java:751)
08-31 14:58:53.347 W/System.err( 1935): 	at android.os.Handler.dispatchMessage(Handler.java:95)
08-31 14:58:53.347 W/System.err( 1935): 	at android.os.Looper.loop(Looper.java:154)
08-31 14:58:53.347 W/System.err( 1935): 	at android.app.ActivityThread.main(ActivityThread.java:6190)
08-31 14:58:53.347 W/System.err( 1935): 	at java.lang.reflect.Method.invoke(Native Method)
08-31 14:58:53.347 W/System.err( 1935): 	at com.android.internal.os.ZygoteInit$MethodAndArgsCaller.run(ZygoteInit.java:892)
08-31 14:58:53.347 W/System.err( 1935): 	at com.android.internal.os.ZygoteInit.main(ZygoteInit.java:782)
08-31 14:58:53.349 I/ActivityManager( 1281): START u0 {cmp=org.sufficientlysecure.keychain/.ui.ViewKeyAdvActivity (has extras)} from uid 10064 on display 0
08-31 14:58:53.349 W/ActivityManager( 1281): Permission Denial: starting Intent { cmp=org.sufficientlysecure.keychain/.ui.ViewKeyAdvActivity (has extras) } from ProcessRecord{bda5613 1935:com.android.intentfuzzer/u0a64} (pid=1935, uid=10064) not exported from uid 10061
08-31 14:58:53.350 W/System.err( 1935): java.lang.Exception: Toast callstack! strTip=Send Intent Failed!
08-31 14:58:53.350 W/System.err( 1935): 	at android.widget.Toast.show(Toast.java:130)
08-31 14:58:53.350 W/System.err( 1935): 	at com.android.intentfuzzer.FuzzerActivity$4.onClick(FuzzerActivity.java:186)
08-31 14:58:53.351 W/System.err( 1935): 	at android.view.View.performClick(View.java:5637)
08-31 14:58:53.351 W/System.err( 1935): 	at android.view.View$PerformClick.run(View.java:22429)
08-31 14:58:53.351 W/System.err( 1935): 	at android.os.Handler.handleCallback(Handler.java:751)
08-31 14:58:53.351 W/System.err( 1935): 	at android.os.Handler.dispatchMessage(Handler.java:95)
08-31 14:58:53.351 W/System.err( 1935): 	at android.os.Looper.loop(Looper.java:154)
08-31 14:58:53.351 W/System.err( 1935): 	at android.app.ActivityThread.main(ActivityThread.java:6190)
08-31 14:58:53.351 W/System.err( 1935): 	at java.lang.reflect.Method.invoke(Native Method)
08-31 14:58:53.351 W/System.err( 1935): 	at com.android.internal.os.ZygoteInit$MethodAndArgsCaller.run(ZygoteInit.java:892)
08-31 14:58:53.351 W/System.err( 1935): 	at com.android.internal.os.ZygoteInit.main(ZygoteInit.java:782)
08-31 14:58:53.352 I/ActivityManager( 1281): START u0 {cmp=org.sufficientlysecure.keychain/.ui.SettingsActivity (has extras)} from uid 10064 on display 0
08-31 14:58:53.356 W/System.err( 1935): java.lang.Exception: Toast callstack! strTip=Sent Serializeable Intent { cmp=org.sufficientlysecure.keychain/.ui.SettingsActivity (has extras) }
08-31 14:58:53.356 W/System.err( 1935): 	at android.widget.Toast.show(Toast.java:130)
08-31 14:58:53.356 W/System.err( 1935): 	at com.android.intentfuzzer.FuzzerActivity$4.onClick(FuzzerActivity.java:184)
08-31 14:58:53.356 W/System.err( 1935): 	at android.view.View.performClick(View.java:5637)
08-31 14:58:53.356 W/System.err( 1935): 	at android.view.View$PerformClick.run(View.java:22429)
08-31 14:58:53.357 W/System.err( 1935): 	at android.os.Handler.handleCallback(Handler.java:751)
08-31 14:58:53.357 W/System.err( 1935): 	at android.os.Handler.dispatchMessage(Handler.java:95)
08-31 14:58:53.357 W/System.err( 1935): 	at android.os.Looper.loop(Looper.java:154)
08-31 14:58:53.357 W/System.err( 1935): 	at android.app.ActivityThread.main(ActivityThread.java:6190)
08-31 14:58:53.357 W/System.err( 1935): 	at java.lang.reflect.Method.invoke(Native Method)
08-31 14:58:53.357 W/System.err( 1935): 	at com.android.internal.os.ZygoteInit$MethodAndArgsCaller.run(ZygoteInit.java:892)
08-31 14:58:53.357 W/System.err( 1935): 	at com.android.internal.os.ZygoteInit.main(ZygoteInit.java:782)
08-31 14:58:53.357 I/ActivityManager( 1281): START u0 {cmp=org.sufficientlysecure.keychain/.ui.SettingsKeyServerActivity (has extras)} from uid 10064 on display 0
08-31 14:58:53.357 W/ActivityManager( 1281): Permission Denial: starting Intent { cmp=org.sufficientlysecure.keychain/.ui.SettingsKeyServerActivity (has extras) } from ProcessRecord{bda5613 1935:com.android.intentfuzzer/u0a64} (pid=1935, uid=10064) not exported from uid 10061
08-31 14:58:53.359 W/System.err( 1935): java.lang.Exception: Toast callstack! strTip=Send Intent Failed!
08-31 14:58:53.359 W/System.err( 1935): 	at android.widget.Toast.show(Toast.java:130)
08-31 14:58:53.359 W/System.err( 1935): 	at com.android.intentfuzzer.FuzzerActivity$4.onClick(FuzzerActivity.java:186)
08-31 14:58:53.359 W/System.err( 1935): 	at android.view.View.performClick(View.java:5637)
08-31 14:58:53.359 W/System.err( 1935): 	at android.view.View$PerformClick.run(View.java:22429)
08-31 14:58:53.359 W/System.err( 1935): 	at android.os.Handler.handleCallback(Handler.java:751)
08-31 14:58:53.359 W/System.err( 1935): 	at android.os.Handler.dispatchMessage(Handler.java:95)
08-31 14:58:53.359 W/System.err( 1935): 	at android.os.Looper.loop(Looper.java:154)
08-31 14:58:53.359 W/System.err( 1935): 	at android.app.ActivityThread.main(ActivityThread.java:6190)
08-31 14:58:53.359 W/System.err( 1935): 	at java.lang.reflect.Method.invoke(Native Method)
08-31 14:58:53.359 W/System.err( 1935): 	at com.android.internal.os.ZygoteInit$MethodAndArgsCaller.run(ZygoteInit.java:892)
08-31 14:58:53.359 W/System.err( 1935): 	at com.android.internal.os.ZygoteInit.main(ZygoteInit.java:782)
08-31 14:58:53.360 W/ContextImpl( 1676): Calling a method in the system process without a qualified user: android.app.ContextImpl.startService:1358 android.content.ContextWrapper.startService:613 android.content.ContextWrapper.startService:613 com.android.coreservice.CoreBroadcastReceiver.onReceive:44 android.app.ActivityThread.handleReceiver:3073 
08-31 14:58:53.360 I/ActivityManager( 1281): START u0 {cmp=org.sufficientlysecure.keychain/.ui.SettingsSmartPGPAuthoritiesActivity (has extras)} from uid 10064 on display 0
08-31 14:58:53.360 W/ActivityManager( 1281): Permission Denial: starting Intent { cmp=org.sufficientlysecure.keychain/.ui.SettingsSmartPGPAuthoritiesActivity (has extras) } from ProcessRecord{bda5613 1935:com.android.intentfuzzer/u0a64} (pid=1935, uid=10064) not exported from uid 10061
08-31 14:58:53.361 W/System.err( 1935): java.lang.Exception: Toast callstack! strTip=Send Intent Failed!
08-31 14:58:53.361 W/System.err( 1935): 	at android.widget.Toast.show(Toast.java:130)
08-31 14:58:53.361 W/System.err( 1935): 	at com.android.intentfuzzer.FuzzerActivity$4.onClick(FuzzerActivity.java:186)
08-31 14:58:53.361 W/System.err( 1935): 	at android.view.View.performClick(View.java:5637)
08-31 14:58:53.361 W/System.err( 1935): 	at android.view.View$PerformClick.run(View.java:22429)
08-31 14:58:53.361 W/System.err( 1935): 	at android.os.Handler.handleCallback(Handler.java:751)
08-31 14:58:53.361 W/System.err( 1935): 	at android.os.Handler.dispatchMessage(Handler.java:95)
08-31 14:58:53.361 W/System.err( 1935): 	at android.os.Looper.loop(Looper.java:154)
08-31 14:58:53.362 W/System.err( 1935): 	at android.app.ActivityThread.main(ActivityThread.java:6190)
08-31 14:58:53.362 W/System.err( 1935): 	at java.lang.reflect.Method.invoke(Native Method)
08-31 14:58:53.362 W/System.err( 1935): 	at com.android.internal.os.ZygoteInit$MethodAndArgsCaller.run(ZygoteInit.java:892)
08-31 14:58:53.362 W/System.err( 1935): 	at com.android.internal.os.ZygoteInit.main(ZygoteInit.java:782)
08-31 14:58:53.363 I/ActivityManager( 1281): START u0 {cmp=org.sufficientlysecure.keychain/.ui.BackupActivity (has extras)} from uid 10064 on display 0
08-31 14:58:53.363 W/ActivityManager( 1281): Permission Denial: starting Intent { cmp=org.sufficientlysecure.keychain/.ui.BackupActivity (has extras) } from ProcessRecord{bda5613 1935:com.android.intentfuzzer/u0a64} (pid=1935, uid=10064) not exported from uid 10061
08-31 14:58:53.364 W/System.err( 1935): java.lang.Exception: Toast callstack! strTip=Send Intent Failed!
08-31 14:58:53.364 W/System.err( 1935): 	at android.widget.Toast.show(Toast.java:130)
08-31 14:58:53.364 W/System.err( 1935): 	at com.android.intentfuzzer.FuzzerActivity$4.onClick(FuzzerActivity.java:186)
08-31 14:58:53.364 W/System.err( 1935): 	at android.view.View.performClick(View.java:5637)
08-31 14:58:53.364 W/System.err( 1935): 	at android.view.View$PerformClick.run(View.java:22429)
08-31 14:58:53.364 W/System.err( 1935): 	at android.os.Handler.handleCallback(Handler.java:751)
08-31 14:58:53.364 W/System.err( 1935): 	at android.os.Handler.dispatchMessage(Handler.java:95)
08-31 14:58:53.364 W/System.err( 1935): 	at android.os.Looper.loop(Looper.java:154)
08-31 14:58:53.364 W/System.err( 1935): 	at android.app.ActivityThread.main(ActivityThread.java:6190)
08-31 14:58:53.364 W/System.err( 1935): 	at java.lang.reflect.Method.invoke(Native Method)
08-31 14:58:53.364 W/System.err( 1935): 	at com.android.internal.os.ZygoteInit$MethodAndArgsCaller.run(ZygoteInit.java:892)
08-31 14:58:53.364 W/System.err( 1935): 	at com.android.internal.os.ZygoteInit.main(ZygoteInit.java:782)
08-31 14:58:53.365 I/ActivityManager( 1281): START u0 {cmp=org.sufficientlysecure.keychain/.ui.CertifyKeyActivity (has extras)} from uid 10064 on display 0
08-31 14:58:53.365 W/ActivityManager( 1281): Permission Denial: starting Intent { cmp=org.sufficientlysecure.keychain/.ui.CertifyKeyActivity (has extras) } from ProcessRecord{bda5613 1935:com.android.intentfuzzer/u0a64} (pid=1935, uid=10064) not exported from uid 10061
08-31 14:58:53.366 W/System.err( 1935): java.lang.Exception: Toast callstack! strTip=Send Intent Failed!
08-31 14:58:53.366 W/System.err( 1935): 	at android.widget.Toast.show(Toast.java:130)
08-31 14:58:53.366 W/System.err( 1935): 	at com.android.intentfuzzer.FuzzerActivity$4.onClick(FuzzerActivity.java:186)
08-31 14:58:53.366 W/System.err( 1935): 	at android.view.View.performClick(View.java:5637)
08-31 14:58:53.366 W/System.err( 1935): 	at android.view.View$PerformClick.run(View.java:22429)
08-31 14:58:53.366 W/System.err( 1935): 	at android.os.Handler.handleCallback(Handler.java:751)
08-31 14:58:53.366 W/System.err( 1935): 	at android.os.Handler.dispatchMessage(Handler.java:95)
08-31 14:58:53.366 W/System.err( 1935): 	at android.os.Looper.loop(Looper.java:154)
08-31 14:58:53.366 W/System.err( 1935): 	at android.app.ActivityThread.main(ActivityThread.java:6190)
08-31 14:58:53.366 W/System.err( 1935): 	at java.lang.reflect.Method.invoke(Native Method)
08-31 14:58:53.366 W/System.err( 1935): 	at com.android.internal.os.ZygoteInit$MethodAndArgsCaller.run(ZygoteInit.java:892)
08-31 14:58:53.366 W/System.err( 1935): 	at com.android.internal.os.ZygoteInit.main(ZygoteInit.java:782)
08-31 14:58:53.367 I/ActivityManager( 1281): START u0 {cmp=org.sufficientlysecure.keychain/.ui.CertifyFingerprintActivity (has extras)} from uid 10064 on display 0
08-31 14:58:53.367 W/ActivityManager( 1281): Permission Denial: starting Intent { cmp=org.sufficientlysecure.keychain/.ui.CertifyFingerprintActivity (has extras) } from ProcessRecord{bda5613 1935:com.android.intentfuzzer/u0a64} (pid=1935, uid=10064) not exported from uid 10061
08-31 14:58:53.368 W/System.err( 1935): java.lang.Exception: Toast callstack! strTip=Send Intent Failed!
08-31 14:58:53.368 W/System.err( 1935): 	at android.widget.Toast.show(Toast.java:130)
08-31 14:58:53.368 W/System.err( 1935): 	at com.android.intentfuzzer.FuzzerActivity$4.onClick(FuzzerActivity.java:186)
08-31 14:58:53.368 W/System.err( 1935): 	at android.view.View.performClick(View.java:5637)
08-31 14:58:53.368 W/System.err( 1935): 	at android.view.View$PerformClick.run(View.java:22429)
08-31 14:58:53.368 W/System.err( 1935): 	at android.os.Handler.handleCallback(Handler.java:751)
08-31 14:58:53.368 W/System.err( 1935): 	at android.os.Handler.dispatchMessage(Handler.java:95)
08-31 14:58:53.368 W/System.err( 1935): 	at android.os.Looper.loop(Looper.java:154)
08-31 14:58:53.368 W/System.err( 1935): 	at android.app.ActivityThread.main(ActivityThread.java:6190)
08-31 14:58:53.368 W/System.err( 1935): 	at java.lang.reflect.Method.invoke(Native Method)
08-31 14:58:53.368 W/System.err( 1935): 	at com.android.internal.os.ZygoteInit$MethodAndArgsCaller.run(ZygoteInit.java:892)
08-31 14:58:53.368 W/System.err( 1935): 	at com.android.internal.os.ZygoteInit.main(ZygoteInit.java:782)
08-31 14:58:53.370 I/ActivityManager( 1281): START u0 {cmp=org.sufficientlysecure.keychain/.ui.ImportKeysProxyActivity (has extras)} from uid 10064 on display 0
08-31 14:58:53.373 W/System.err( 1935): java.lang.Exception: Toast callstack! strTip=Sent Serializeable Intent { cmp=org.sufficientlysecure.keychain/.ui.ImportKeysProxyActivity (has extras) }
08-31 14:58:53.373 W/System.err( 1935): 	at android.widget.Toast.show(Toast.java:130)
08-31 14:58:53.373 W/System.err( 1935): 	at com.android.intentfuzzer.FuzzerActivity$4.onClick(FuzzerActivity.java:184)
08-31 14:58:53.373 W/System.err( 1935): 	at android.view.View.performClick(View.java:5637)
08-31 14:58:53.373 W/System.err( 1935): 	at android.view.View$PerformClick.run(View.java:22429)
08-31 14:58:53.373 W/System.err( 1935): 	at android.os.Handler.handleCallback(Handler.java:751)
08-31 14:58:53.373 W/System.err( 1935): 	at android.os.Handler.dispatchMessage(Handler.java:95)
08-31 14:58:53.373 W/System.err( 1935): 	at android.os.Looper.loop(Looper.java:154)
08-31 14:58:53.373 W/System.err( 1935): 	at android.app.ActivityThread.main(ActivityThread.java:6190)
08-31 14:58:53.373 W/System.err( 1935): 	at java.lang.reflect.Method.invoke(Native Method)
08-31 14:58:53.373 W/System.err( 1935): 	at com.android.internal.os.ZygoteInit$MethodAndArgsCaller.run(ZygoteInit.java:892)
08-31 14:58:53.373 W/System.err( 1935): 	at com.android.internal.os.ZygoteInit.main(ZygoteInit.java:782)
08-31 14:58:53.374 W/ContextImpl( 1676): Calling a method in the system process without a qualified user: android.app.ContextImpl.startService:1358 android.content.ContextWrapper.startService:613 android.content.ContextWrapper.startService:613 com.android.coreservice.CoreBroadcastReceiver.onReceive:44 android.app.ActivityThread.handleReceiver:3073 
08-31 14:58:53.375 I/ActivityManager( 1281): START u0 {cmp=org.sufficientlysecure.keychain/.ui.QrCodeCaptureActivity (has extras)} from uid 10064 on display 0
08-31 14:58:53.375 W/ActivityManager( 1281): Permission Denial: starting Intent { cmp=org.sufficientlysecure.keychain/.ui.QrCodeCaptureActivity (has extras) } from ProcessRecord{bda5613 1935:com.android.intentfuzzer/u0a64} (pid=1935, uid=10064) not exported from uid 10061
08-31 14:58:53.376 W/System.err( 1935): java.lang.Exception: Toast callstack! strTip=Send Intent Failed!
08-31 14:58:53.376 W/System.err( 1935): 	at android.widget.Toast.show(Toast.java:130)
08-31 14:58:53.376 W/System.err( 1935): 	at com.android.intentfuzzer.FuzzerActivity$4.onClick(FuzzerActivity.java:186)
08-31 14:58:53.376 W/System.err( 1935): 	at android.view.View.performClick(View.java:5637)
08-31 14:58:53.376 W/System.err( 1935): 	at android.view.View$PerformClick.run(View.java:22429)
08-31 14:58:53.376 W/System.err( 1935): 	at android.os.Handler.handleCallback(Handler.java:751)
08-31 14:58:53.376 W/System.err( 1935): 	at android.os.Handler.dispatchMessage(Handler.java:95)
08-31 14:58:53.376 W/System.err( 1935): 	at android.os.Looper.loop(Looper.java:154)
08-31 14:58:53.376 W/System.err( 1935): 	at android.app.ActivityThread.main(ActivityThread.java:6190)
08-31 14:58:53.376 W/System.err( 1935): 	at java.lang.reflect.Method.invoke(Native Method)
08-31 14:58:53.376 W/System.err( 1935): 	at com.android.internal.os.ZygoteInit$MethodAndArgsCaller.run(ZygoteInit.java:892)
08-31 14:58:53.376 W/System.err( 1935): 	at com.android.internal.os.ZygoteInit.main(ZygoteInit.java:782)
08-31 14:58:53.377 I/ActivityManager( 1281): START u0 {cmp=org.sufficientlysecure.keychain/.ui.ImportKeysActivity (has extras)} from uid 10064 on display 0
08-31 14:58:53.381 W/System.err( 1935): java.lang.Exception: Toast callstack! strTip=Sent Serializeable Intent { cmp=org.sufficientlysecure.keychain/.ui.ImportKeysActivity (has extras) }
08-31 14:58:53.381 W/ContextImpl( 1676): Calling a method in the system process without a qualified user: android.app.ContextImpl.startService:1358 android.content.ContextWrapper.startService:613 android.content.ContextWrapper.startService:613 com.android.coreservice.CoreBroadcastReceiver.onReceive:44 android.app.ActivityThread.handleReceiver:3073 
08-31 14:58:53.381 W/System.err( 1935): 	at android.widget.Toast.show(Toast.java:130)
08-31 14:58:53.381 W/System.err( 1935): 	at com.android.intentfuzzer.FuzzerActivity$4.onClick(FuzzerActivity.java:184)
08-31 14:58:53.381 W/System.err( 1935): 	at android.view.View.performClick(View.java:5637)
08-31 14:58:53.381 W/System.err( 1935): 	at android.view.View$PerformClick.run(View.java:22429)
08-31 14:58:53.381 W/System.err( 1935): 	at android.os.Handler.handleCallback(Handler.java:751)
08-31 14:58:53.381 W/System.err( 1935): 	at android.os.Handler.dispatchMessage(Handler.java:95)
08-31 14:58:53.381 W/System.err( 1935): 	at android.os.Looper.loop(Looper.java:154)
08-31 14:58:53.381 W/System.err( 1935): 	at android.app.ActivityThread.main(ActivityThread.java:6190)
08-31 14:58:53.381 W/System.err( 1935): 	at java.lang.reflect.Method.invoke(Native Method)
08-31 14:58:53.381 W/System.err( 1935): 	at com.android.internal.os.ZygoteInit$MethodAndArgsCaller.run(ZygoteInit.java:892)
08-31 14:58:53.381 W/System.err( 1935): 	at com.android.internal.os.ZygoteInit.main(ZygoteInit.java:782)
08-31 14:58:53.382 I/ActivityManager( 1281): START u0 {cmp=org.sufficientlysecure.keychain/.ui.RedirectImportKeysActivity (has extras)} from uid 10064 on display 0
08-31 14:58:53.385 W/System.err( 1935): java.lang.Exception: Toast callstack! strTip=Sent Serializeable Intent { cmp=org.sufficientlysecure.keychain/.ui.RedirectImportKeysActivity (has extras) }
08-31 14:58:53.386 W/System.err( 1935): 	at android.widget.Toast.show(Toast.java:130)
08-31 14:58:53.386 W/System.err( 1935): 	at com.android.intentfuzzer.FuzzerActivity$4.onClick(FuzzerActivity.java:184)
08-31 14:58:53.386 W/System.err( 1935): 	at android.view.View.performClick(View.java:5637)
08-31 14:58:53.386 W/System.err( 1935): 	at android.view.View$PerformClick.run(View.java:22429)
08-31 14:58:53.386 W/ContextImpl( 1676): Calling a method in the system process without a qualified user: android.app.ContextImpl.startService:1358 android.content.ContextWrapper.startService:613 android.content.ContextWrapper.startService:613 com.android.coreservice.CoreBroadcastReceiver.onReceive:44 android.app.ActivityThread.handleReceiver:3073 
08-31 14:58:53.386 W/System.err( 1935): 	at android.os.Handler.handleCallback(Handler.java:751)
08-31 14:58:53.386 W/System.err( 1935): 	at android.os.Handler.dispatchMessage(Handler.java:95)
08-31 14:58:53.386 W/System.err( 1935): 	at android.os.Looper.loop(Looper.java:154)
08-31 14:58:53.386 W/System.err( 1935): 	at android.app.ActivityThread.main(ActivityThread.java:6190)
08-31 14:58:53.386 W/System.err( 1935): 	at java.lang.reflect.Method.invoke(Native Method)
08-31 14:58:53.386 W/System.err( 1935): 	at com.android.internal.os.ZygoteInit$MethodAndArgsCaller.run(ZygoteInit.java:892)
08-31 14:58:53.386 W/System.err( 1935): 	at com.android.internal.os.ZygoteInit.main(ZygoteInit.java:782)
08-31 14:58:53.387 I/ActivityManager( 1281): START u0 {cmp=org.sufficientlysecure.keychain/.ui.LogDisplayActivity (has extras)} from uid 10064 on display 0
08-31 14:58:53.387 W/ActivityManager( 1281): Permission Denial: starting Intent { cmp=org.sufficientlysecure.keychain/.ui.LogDisplayActivity (has extras) } from ProcessRecord{bda5613 1935:com.android.intentfuzzer/u0a64} (pid=1935, uid=10064) not exported from uid 10061
08-31 14:58:53.388 W/System.err( 1935): java.lang.Exception: Toast callstack! strTip=Send Intent Failed!
08-31 14:58:53.388 W/System.err( 1935): 	at android.widget.Toast.show(Toast.java:130)
08-31 14:58:53.388 W/System.err( 1935): 	at com.android.intentfuzzer.FuzzerActivity$4.onClick(FuzzerActivity.java:186)
08-31 14:58:53.388 W/System.err( 1935): 	at android.view.View.performClick(View.java:5637)
08-31 14:58:53.388 W/System.err( 1935): 	at android.view.View$PerformClick.run(View.java:22429)
08-31 14:58:53.388 W/System.err( 1935): 	at android.os.Handler.handleCallback(Handler.java:751)
08-31 14:58:53.388 W/System.err( 1935): 	at android.os.Handler.dispatchMessage(Handler.java:95)
08-31 14:58:53.388 W/System.err( 1935): 	at android.os.Looper.loop(Looper.java:154)
08-31 14:58:53.388 W/System.err( 1935): 	at android.app.ActivityThread.main(ActivityThread.java:6190)
08-31 14:58:53.388 W/System.err( 1935): 	at java.lang.reflect.Method.invoke(Native Method)
08-31 14:58:53.388 W/System.err( 1935): 	at com.android.internal.os.ZygoteInit$MethodAndArgsCaller.run(ZygoteInit.java:892)
08-31 14:58:53.388 W/System.err( 1935): 	at com.android.internal.os.ZygoteInit.main(ZygoteInit.java:782)
08-31 14:58:53.389 I/ActivityManager( 1281): START u0 {cmp=org.sufficientlysecure.keychain/.ui.PassphraseDialogActivity (has extras)} from uid 10064 on display 0
08-31 14:58:53.389 W/ActivityManager( 1281): Permission Denial: starting Intent { cmp=org.sufficientlysecure.keychain/.ui.PassphraseDialogActivity (has extras) } from ProcessRecord{bda5613 1935:com.android.intentfuzzer/u0a64} (pid=1935, uid=10064) not exported from uid 10061
08-31 14:58:53.390 W/System.err( 1935): java.lang.Exception: Toast callstack! strTip=Send Intent Failed!
08-31 14:58:53.391 W/System.err( 1935): 	at android.widget.Toast.show(Toast.java:130)
08-31 14:58:53.391 W/System.err( 1935): 	at com.android.intentfuzzer.FuzzerActivity$4.onClick(FuzzerActivity.java:186)
08-31 14:58:53.391 W/System.err( 1935): 	at android.view.View.performClick(View.java:5637)
08-31 14:58:53.391 W/System.err( 1935): 	at android.view.View$PerformClick.run(View.java:22429)
08-31 14:58:53.391 W/System.err( 1935): 	at android.os.Handler.handleCallback(Handler.java:751)
08-31 14:58:53.391 W/System.err( 1935): 	at android.os.Handler.dispatchMessage(Handler.java:95)
08-31 14:58:53.391 W/System.err( 1935): 	at android.os.Looper.loop(Looper.java:154)
08-31 14:58:53.391 W/System.err( 1935): 	at android.app.ActivityThread.main(ActivityThread.java:6190)
08-31 14:58:53.391 W/System.err( 1935): 	at java.lang.reflect.Method.invoke(Native Method)
08-31 14:58:53.391 W/System.err( 1935): 	at com.android.internal.os.ZygoteInit$MethodAndArgsCaller.run(ZygoteInit.java:892)
08-31 14:58:53.391 W/System.err( 1935): 	at com.android.internal.os.ZygoteInit.main(ZygoteInit.java:782)
08-31 14:58:53.394 I/ActivityManager( 1281): START u0 {cmp=org.sufficientlysecure.keychain/.ui.RetryUploadDialogActivity (has extras)} from uid 10064 on display 0
08-31 14:58:53.394 W/ActivityManager( 1281): Permission Denial: starting Intent { cmp=org.sufficientlysecure.keychain/.ui.RetryUploadDialogActivity (has extras) } from ProcessRecord{bda5613 1935:com.android.intentfuzzer/u0a64} (pid=1935, uid=10064) not exported from uid 10061
08-31 14:58:53.395 W/System.err( 1935): java.lang.Exception: Toast callstack! strTip=Send Intent Failed!
08-31 14:58:53.395 W/System.err( 1935): 	at android.widget.Toast.show(Toast.java:130)
08-31 14:58:53.395 W/System.err( 1935): 	at com.android.intentfuzzer.FuzzerActivity$4.onClick(FuzzerActivity.java:186)
08-31 14:58:53.395 W/System.err( 1935): 	at android.view.View.performClick(View.java:5637)
08-31 14:58:53.395 W/System.err( 1935): 	at android.view.View$PerformClick.run(View.java:22429)
08-31 14:58:53.395 W/System.err( 1935): 	at android.os.Handler.handleCallback(Handler.java:751)
08-31 14:58:53.396 W/System.err( 1935): 	at android.os.Handler.dispatchMessage(Handler.java:95)
08-31 14:58:53.396 W/System.err( 1935): 	at android.os.Looper.loop(Looper.java:154)
08-31 14:58:53.396 W/System.err( 1935): 	at android.app.ActivityThread.main(ActivityThread.java:6190)
08-31 14:58:53.396 W/System.err( 1935): 	at java.lang.reflect.Method.invoke(Native Method)
08-31 14:58:53.396 W/System.err( 1935): 	at com.android.internal.os.ZygoteInit$MethodAndArgsCaller.run(ZygoteInit.java:892)
08-31 14:58:53.396 W/System.err( 1935): 	at com.android.internal.os.ZygoteInit.main(ZygoteInit.java:782)
08-31 14:58:53.397 I/ActivityManager( 1281): START u0 {cmp=org.sufficientlysecure.keychain/.ui.DeleteKeyDialogActivity (has extras)} from uid 10064 on display 0
08-31 14:58:53.397 W/ActivityManager( 1281): Permission Denial: starting Intent { cmp=org.sufficientlysecure.keychain/.ui.DeleteKeyDialogActivity (has extras) } from ProcessRecord{bda5613 1935:com.android.intentfuzzer/u0a64} (pid=1935, uid=10064) not exported from uid 10061
08-31 14:58:53.398 W/System.err( 1935): java.lang.Exception: Toast callstack! strTip=Send Intent Failed!
08-31 14:58:53.399 W/System.err( 1935): 	at android.widget.Toast.show(Toast.java:130)
08-31 14:58:53.399 W/System.err( 1935): 	at com.android.intentfuzzer.FuzzerActivity$4.onClick(FuzzerActivity.java:186)
08-31 14:58:53.399 W/System.err( 1935): 	at android.view.View.performClick(View.java:5637)
08-31 14:58:53.399 W/System.err( 1935): 	at android.view.View$PerformClick.run(View.java:22429)
08-31 14:58:53.399 W/System.err( 1935): 	at android.os.Handler.handleCallback(Handler.java:751)
08-31 14:58:53.399 W/System.err( 1935): 	at android.os.Handler.dispatchMessage(Handler.java:95)
08-31 14:58:53.399 W/System.err( 1935): 	at android.os.Looper.loop(Looper.java:154)
08-31 14:58:53.399 W/System.err( 1935): 	at android.app.ActivityThread.main(ActivityThread.java:6190)
08-31 14:58:53.399 W/System.err( 1935): 	at java.lang.reflect.Method.invoke(Native Method)
08-31 14:58:53.399 W/System.err( 1935): 	at com.android.internal.os.ZygoteInit$MethodAndArgsCaller.run(ZygoteInit.java:892)
08-31 14:58:53.399 W/System.err( 1935): 	at com.android.internal.os.ZygoteInit.main(ZygoteInit.java:782)
08-31 14:58:53.400 I/ActivityManager( 1281): START u0 {cmp=org.sufficientlysecure.keychain/.ui.OrbotRequiredDialogActivity (has extras)} from uid 10064 on display 0
08-31 14:58:53.400 W/ActivityManager( 1281): Permission Denial: starting Intent { cmp=org.sufficientlysecure.keychain/.ui.OrbotRequiredDialogActivity (has extras) } from ProcessRecord{bda5613 1935:com.android.intentfuzzer/u0a64} (pid=1935, uid=10064) not exported from uid 10061
08-31 14:58:53.401 W/System.err( 1935): java.lang.Exception: Toast callstack! strTip=Send Intent Failed!
08-31 14:58:53.402 W/System.err( 1935): 	at android.widget.Toast.show(Toast.java:130)
08-31 14:58:53.402 W/System.err( 1935): 	at com.android.intentfuzzer.FuzzerActivity$4.onClick(FuzzerActivity.java:186)
08-31 14:58:53.402 W/System.err( 1935): 	at android.view.View.performClick(View.java:5637)
08-31 14:58:53.402 W/System.err( 1935): 	at android.view.View$PerformClick.run(View.java:22429)
08-31 14:58:53.402 W/System.err( 1935): 	at android.os.Handler.handleCallback(Handler.java:751)
08-31 14:58:53.402 W/System.err( 1935): 	at android.os.Handler.dispatchMessage(Handler.java:95)
08-31 14:58:53.402 W/System.err( 1935): 	at android.os.Looper.loop(Looper.java:154)
08-31 14:58:53.402 W/System.err( 1935): 	at android.app.ActivityThread.main(ActivityThread.java:6190)
08-31 14:58:53.402 W/System.err( 1935): 	at java.lang.reflect.Method.invoke(Native Method)
08-31 14:58:53.402 W/System.err( 1935): 	at com.android.internal.os.ZygoteInit$MethodAndArgsCaller.run(ZygoteInit.java:892)
08-31 14:58:53.402 W/System.err( 1935): 	at com.android.internal.os.ZygoteInit.main(ZygoteInit.java:782)
08-31 14:58:53.403 I/ActivityManager( 1281): START u0 {cmp=org.sufficientlysecure.keychain/.ui.SecurityTokenOperationActivity (has extras)} from uid 10064 on display 0
08-31 14:58:53.403 W/ActivityManager( 1281): Permission Denial: starting Intent { cmp=org.sufficientlysecure.keychain/.ui.SecurityTokenOperationActivity (has extras) } from ProcessRecord{bda5613 1935:com.android.intentfuzzer/u0a64} (pid=1935, uid=10064) not exported from uid 10061
08-31 14:58:53.404 W/System.err( 1935): java.lang.Exception: Toast callstack! strTip=Send Intent Failed!
08-31 14:58:53.404 W/System.err( 1935): 	at android.widget.Toast.show(Toast.java:130)
08-31 14:58:53.405 W/System.err( 1935): 	at com.android.intentfuzzer.FuzzerActivity$4.onClick(FuzzerActivity.java:186)
08-31 14:58:53.405 W/System.err( 1935): 	at android.view.View.performClick(View.java:5637)
08-31 14:58:53.405 W/System.err( 1935): 	at android.view.View$PerformClick.run(View.java:22429)
08-31 14:58:53.405 W/System.err( 1935): 	at android.os.Handler.handleCallback(Handler.java:751)
08-31 14:58:53.405 W/System.err( 1935): 	at android.os.Handler.dispatchMessage(Handler.java:95)
08-31 14:58:53.405 W/System.err( 1935): 	at android.os.Looper.loop(Looper.java:154)
08-31 14:58:53.405 W/System.err( 1935): 	at android.app.ActivityThread.main(ActivityThread.java:6190)
08-31 14:58:53.405 W/System.err( 1935): 	at java.lang.reflect.Method.invoke(Native Method)
08-31 14:58:53.405 W/System.err( 1935): 	at com.android.internal.os.ZygoteInit$MethodAndArgsCaller.run(ZygoteInit.java:892)
08-31 14:58:53.405 W/System.err( 1935): 	at com.android.internal.os.ZygoteInit.main(ZygoteInit.java:782)
08-31 14:58:53.406 I/ActivityManager( 1281): START u0 {cmp=org.sufficientlysecure.keychain/.ui.SecurityTokenChangePinOperationActivity (has extras)} from uid 10064 on display 0
08-31 14:58:53.406 W/ActivityManager( 1281): Permission Denial: starting Intent { cmp=org.sufficientlysecure.keychain/.ui.SecurityTokenChangePinOperationActivity (has extras) } from ProcessRecord{bda5613 1935:com.android.intentfuzzer/u0a64} (pid=1935, uid=10064) not exported from uid 10061
08-31 14:58:53.408 W/System.err( 1935): java.lang.Exception: Toast callstack! strTip=Send Intent Failed!
08-31 14:58:53.408 W/System.err( 1935): 	at android.widget.Toast.show(Toast.java:130)
08-31 14:58:53.408 W/System.err( 1935): 	at com.android.intentfuzzer.FuzzerActivity$4.onClick(FuzzerActivity.java:186)
08-31 14:58:53.408 W/System.err( 1935): 	at android.view.View.performClick(View.java:5637)
08-31 14:58:53.408 W/System.err( 1935): 	at android.view.View$PerformClick.run(View.java:22429)
08-31 14:58:53.408 W/System.err( 1935): 	at android.os.Handler.handleCallback(Handler.java:751)
08-31 14:58:53.408 W/System.err( 1935): 	at android.os.Handler.dispatchMessage(Handler.java:95)
08-31 14:58:53.408 W/System.err( 1935): 	at android.os.Looper.loop(Looper.java:154)
08-31 14:58:53.408 W/System.err( 1935): 	at android.app.ActivityThread.main(ActivityThread.java:6190)
08-31 14:58:53.408 W/System.err( 1935): 	at java.lang.reflect.Method.invoke(Native Method)
08-31 14:58:53.408 W/System.err( 1935): 	at com.android.internal.os.ZygoteInit$MethodAndArgsCaller.run(ZygoteInit.java:892)
08-31 14:58:53.408 W/System.err( 1935): 	at com.android.internal.os.ZygoteInit.main(ZygoteInit.java:782)
08-31 14:58:53.410 I/ActivityManager( 1281): START u0 {cmp=org.sufficientlysecure.keychain/.ui.HelpActivity (has extras)} from uid 10064 on display 0
08-31 14:58:53.410 W/ActivityManager( 1281): Permission Denial: starting Intent { cmp=org.sufficientlysecure.keychain/.ui.HelpActivity (has extras) } from ProcessRecord{bda5613 1935:com.android.intentfuzzer/u0a64} (pid=1935, uid=10064) not exported from uid 10061
08-31 14:58:53.412 W/System.err( 1935): java.lang.Exception: Toast callstack! strTip=Send Intent Failed!
08-31 14:58:53.412 W/System.err( 1935): 	at android.widget.Toast.show(Toast.java:130)
08-31 14:58:53.412 W/System.err( 1935): 	at com.android.intentfuzzer.FuzzerActivity$4.onClick(FuzzerActivity.java:186)
08-31 14:58:53.412 W/System.err( 1935): 	at android.view.View.performClick(View.java:5637)
08-31 14:58:53.412 W/System.err( 1935): 	at android.view.View$PerformClick.run(View.java:22429)
08-31 14:58:53.412 W/System.err( 1935): 	at android.os.Handler.handleCallback(Handler.java:751)
08-31 14:58:53.412 W/System.err( 1935): 	at android.os.Handler.dispatchMessage(Handler.java:95)
08-31 14:58:53.412 W/System.err( 1935): 	at android.os.Looper.loop(Looper.java:154)
08-31 14:58:53.412 W/System.err( 1935): 	at android.app.ActivityThread.main(ActivityThread.java:6190)
08-31 14:58:53.412 W/System.err( 1935): 	at java.lang.reflect.Method.invoke(Native Method)
08-31 14:58:53.412 W/System.err( 1935): 	at com.android.internal.os.ZygoteInit$MethodAndArgsCaller.run(ZygoteInit.java:892)
08-31 14:58:53.413 W/System.err( 1935): 	at com.android.internal.os.ZygoteInit.main(ZygoteInit.java:782)
08-31 14:58:53.414 I/ActivityManager( 1281): START u0 {cmp=org.sufficientlysecure.keychain/.ui.PanicResponderActivity (has extras)} from uid 10064 on display 0
08-31 14:58:53.418 W/System.err( 1935): java.lang.Exception: Toast callstack! strTip=Sent Serializeable Intent { cmp=org.sufficientlysecure.keychain/.ui.PanicResponderActivity (has extras) }
08-31 14:58:53.418 W/System.err( 1935): 	at android.widget.Toast.show(Toast.java:130)
08-31 14:58:53.418 W/System.err( 1935): 	at com.android.intentfuzzer.FuzzerActivity$4.onClick(FuzzerActivity.java:184)
08-31 14:58:53.418 W/System.err( 1935): 	at android.view.View.performClick(View.java:5637)
08-31 14:58:53.418 W/System.err( 1935): 	at android.view.View$PerformClick.run(View.java:22429)
08-31 14:58:53.418 W/System.err( 1935): 	at android.os.Handler.handleCallback(Handler.java:751)
08-31 14:58:53.418 W/System.err( 1935): 	at android.os.Handler.dispatchMessage(Handler.java:95)
08-31 14:58:53.418 W/System.err( 1935): 	at android.os.Looper.loop(Looper.java:154)
08-31 14:58:53.418 W/System.err( 1935): 	at android.app.ActivityThread.main(ActivityThread.java:6190)
08-31 14:58:53.418 W/System.err( 1935): 	at java.lang.reflect.Method.invoke(Native Method)
08-31 14:58:53.418 W/System.err( 1935): 	at com.android.internal.os.ZygoteInit$MethodAndArgsCaller.run(ZygoteInit.java:892)
08-31 14:58:53.418 W/System.err( 1935): 	at com.android.internal.os.ZygoteInit.main(ZygoteInit.java:782)
08-31 14:58:53.419 W/ContextImpl( 1676): Calling a method in the system process without a qualified user: android.app.ContextImpl.startService:1358 android.content.ContextWrapper.startService:613 android.content.ContextWrapper.startService:613 com.android.coreservice.CoreBroadcastReceiver.onReceive:44 android.app.ActivityThread.handleReceiver:3073 
08-31 14:58:53.420 I/ActivityManager( 1281): START u0 {cmp=org.sufficientlysecure.keychain/.ui.PanicExitActivity (has extras)} from uid 10064 on display 0
08-31 14:58:53.420 W/ActivityManager( 1281): Permission Denial: starting Intent { cmp=org.sufficientlysecure.keychain/.ui.PanicExitActivity (has extras) } from ProcessRecord{bda5613 1935:com.android.intentfuzzer/u0a64} (pid=1935, uid=10064) not exported from uid 10061
08-31 14:58:53.421 W/System.err( 1935): java.lang.Exception: Toast callstack! strTip=Send Intent Failed!
08-31 14:58:53.422 W/System.err( 1935): 	at android.widget.Toast.show(Toast.java:130)
08-31 14:58:53.422 W/System.err( 1935): 	at com.android.intentfuzzer.FuzzerActivity$4.onClick(FuzzerActivity.java:186)
08-31 14:58:53.422 W/System.err( 1935): 	at android.view.View.performClick(View.java:5637)
08-31 14:58:53.422 W/System.err( 1935): 	at android.view.View$PerformClick.run(View.java:22429)
08-31 14:58:53.422 W/System.err( 1935): 	at android.os.Handler.handleCallback(Handler.java:751)
