09-01 09:33:44.294 D/EGL_adreno( 1948): eglMakeCurrent: 0x7fffeb43c820: ver 3 1 (tinfo 0x7fffeb40d4a0)
09-01 09:33:44.301 W/WindowManager( 1282): Attempted to remove non-existing token: android.os.Binder@7e439ca
09-01 09:33:44.409 E/EGL_adreno( 1948): tid 1965: eglSurfaceAttrib(1338): error 0x3009 (EGL_BAD_MATCH)
09-01 09:33:44.410 W/OpenGLRenderer( 1948): Failed to set EGL_SWAP_BEHAVIOR on surface 0x7fffd49b4f80, error=EGL_BAD_MATCH
09-01 09:33:44.420 D/EGL_adreno( 1948): eglMakeCurrent: 0x7fffeb43c820: ver 3 1 (tinfo 0x7fffeb40d4a0)
09-01 09:33:47.822 W/WindowManager( 1282): Attempted to remove non-existing token: android.os.Binder@204573b
09-01 09:33:47.827 D/EGL_adreno( 1948): eglMakeCurrent: 0x7fffeb43c820: ver 3 1 (tinfo 0x7fffeb40d4a0)
09-01 09:33:47.995 E/EGL_adreno( 1948): tid 1965: eglSurfaceAttrib(1338): error 0x3009 (EGL_BAD_MATCH)
09-01 09:33:47.995 W/OpenGLRenderer( 1948): Failed to set EGL_SWAP_BEHAVIOR on surface 0x7fffd49b4f80, error=EGL_BAD_MATCH
09-01 09:33:48.023 D/EGL_adreno( 1948): eglMakeCurrent: 0x7fffeb43c820: ver 3 1 (tinfo 0x7fffeb40d4a0)
09-01 09:33:51.330 D/EGL_adreno( 1948): eglMakeCurrent: 0x7fffeb43c820: ver 3 1 (tinfo 0x7fffeb40d4a0)
09-01 09:33:51.334 W/WindowManager( 1282): Attempted to remove non-existing token: android.os.Binder@10f4e58
09-01 09:33:51.429 E/EGL_adreno( 1948): tid 1965: eglSurfaceAttrib(1338): error 0x3009 (EGL_BAD_MATCH)
09-01 09:33:51.429 W/OpenGLRenderer( 1948): Failed to set EGL_SWAP_BEHAVIOR on surface 0x7fffd49b4f80, error=EGL_BAD_MATCH
09-01 09:33:51.436 D/EGL_adreno( 1948): eglMakeCurrent: 0x7fffeb43c820: ver 3 1 (tinfo 0x7fffeb40d4a0)
09-01 09:33:54.844 D/EGL_adreno( 1948): eglMakeCurrent: 0x7fffeb43c820: ver 3 1 (tinfo 0x7fffeb40d4a0)
09-01 09:33:54.852 W/WindowManager( 1282): Attempted to remove non-existing token: android.os.Binder@d735bb1
09-01 09:33:54.941 E/EGL_adreno( 1948): tid 1965: eglSurfaceAttrib(1338): error 0x3009 (EGL_BAD_MATCH)
09-01 09:33:54.941 W/OpenGLRenderer( 1948): Failed to set EGL_SWAP_BEHAVIOR on surface 0x7fffd49b4f80, error=EGL_BAD_MATCH
09-01 09:33:54.952 D/EGL_adreno( 1948): eglMakeCurrent: 0x7fffeb43c820: ver 3 1 (tinfo 0x7fffeb40d4a0)
09-01 09:33:58.356 D/EGL_adreno( 1948): eglMakeCurrent: 0x7fffeb43c820: ver 3 1 (tinfo 0x7fffeb40d4a0)
09-01 09:33:58.368 W/WindowManager( 1282): Attempted to remove non-existing token: android.os.Binder@bf42896
09-01 09:33:58.461 E/EGL_adreno( 1948): tid 1965: eglSurfaceAttrib(1338): error 0x3009 (EGL_BAD_MATCH)
09-01 09:33:58.461 W/OpenGLRenderer( 1948): Failed to set EGL_SWAP_BEHAVIOR on surface 0x7fffd49b4f80, error=EGL_BAD_MATCH
09-01 09:33:58.470 D/EGL_adreno( 1948): eglMakeCurrent: 0x7fffeb43c820: ver 3 1 (tinfo 0x7fffeb40d4a0)
09-01 09:34:01.885 W/WindowManager( 1282): Attempted to remove non-existing token: android.os.Binder@5572c17
09-01 09:34:01.886 D/EGL_adreno( 1948): eglMakeCurrent: 0x7fffeb43c820: ver 3 1 (tinfo 0x7fffeb40d4a0)
09-01 09:34:02.012 E/EGL_adreno( 1948): tid 1965: eglSurfaceAttrib(1338): error 0x3009 (EGL_BAD_MATCH)
09-01 09:34:02.012 W/OpenGLRenderer( 1948): Failed to set EGL_SWAP_BEHAVIOR on surface 0x7fffd49b4f80, error=EGL_BAD_MATCH
09-01 09:34:02.019 D/EGL_adreno( 1948): eglMakeCurrent: 0x7fffeb43c820: ver 3 1 (tinfo 0x7fffeb40d4a0)
09-01 09:34:05.392 D/EGL_adreno( 1948): eglMakeCurrent: 0x7fffeb43c820: ver 3 1 (tinfo 0x7fffeb40d4a0)
09-01 09:34:05.401 W/WindowManager( 1282): Attempted to remove non-existing token: android.os.Binder@656f804
09-01 09:34:05.498 E/EGL_adreno( 1948): tid 1965: eglSurfaceAttrib(1338): error 0x3009 (EGL_BAD_MATCH)
09-01 09:34:05.498 W/OpenGLRenderer( 1948): Failed to set EGL_SWAP_BEHAVIOR on surface 0x7fffd49b4f80, error=EGL_BAD_MATCH
09-01 09:34:05.504 D/EGL_adreno( 1948): eglMakeCurrent: 0x7fffeb43c820: ver 3 1 (tinfo 0x7fffeb40d4a0)
09-01 09:34:09.221 D/EGL_adreno( 1948): eglMakeCurrent: 0x7fffeb43c820: ver 3 1 (tinfo 0x7fffeb40d4a0)
09-01 09:34:09.235 W/WindowManager( 1282): Attempted to remove non-existing token: android.os.Binder@f4d9070
09-01 09:34:17.958 W/ActivityManager( 1282):   Force finishing activity org.tasks/.voice.VoiceCommandActivity
09-01 09:34:17.959 W/ActivityManager( 1282):   Force finishing activity org.tasks/com.todoroo.astrid.widget.WidgetConfigActivity
09-01 09:34:17.964 D/EGL_adreno( 1282): eglMakeCurrent: 0x7fffcb827e00: ver 3 1 (tinfo 0x7fffccfa5f40)
09-01 09:34:18.037 I/HostConnection( 1282): HostConnection::~HostConnection, pid=1282, tid=1997, this=0x7fffcbbd3060, m_stream=0x7fffcbc60180
09-01 09:34:18.039 I/        ( 1282): fastpipe: close connect
09-01 09:34:18.039 W/ActivityManager( 1282):   Force finishing activity org.tasks/com.todoroo.astrid.activity.TaskEditActivity
09-01 09:34:18.109 W/ActivityManager( 1282):   Force finishing activity org.tasks/com.todoroo.astrid.activity.ShareLinkActivity
09-01 09:34:18.151 W/ActivityManager( 1282):   Force finishing activity org.tasks/com.todoroo.astrid.activity.FilterShortcutActivity
09-01 09:34:18.201 W/ActivityManager( 1282):   Force finishing activity org.tasks/com.todoroo.astrid.activity.ShortcutActivity
09-01 09:34:18.295 W/ActivityManager( 1282):   Force finishing activity org.tasks/.activities.FilterSelectionActivity
09-01 09:34:18.361 E/ActivityManager( 1282): Found activity ActivityRecord{9b101ed u0 org.tasks/.voice.VoiceCommandActivity t3 f} in proc activity list using null instead of expected ProcessRecord{af50b69 1975:org.tasks/u0a62}
09-01 09:34:18.366 E/EGL_adreno( 1948): tid 1965: eglSurfaceAttrib(1338): error 0x3009 (EGL_BAD_MATCH)
09-01 09:34:18.366 W/OpenGLRenderer( 1948): Failed to set EGL_SWAP_BEHAVIOR on surface 0x7fffd49b4f80, error=EGL_BAD_MATCH
09-01 09:34:18.369 D/EGL_adreno( 1948): eglMakeCurrent: 0x7fffeb43c820: ver 3 1 (tinfo 0x7fffeb40d4a0)
09-01 09:34:18.435 I/ActivityManager( 1282): Killing 1975:org.tasks/u0a62 (adj 100): crash
09-01 09:34:18.440 D/ActivityManager( 1282): cleanUpApplicationRecord -- 1975
09-01 09:34:18.441 W/art     ( 1282): Long monitor contention with owner Binder:1282_8 (1775) at void com.android.server.am.AppErrors.crashApplicationInner(com.android.server.am.ProcessRecord, android.app.ApplicationErrorReport$CrashInfo)(AppErrors.java:372) waiters=0 in void com.android.server.am.ActivityManagerService$LocalService.notifyStartingWindowDrawn() for 481ms
09-01 09:34:18.442 W/art     ( 1282): Long monitor contention with owner Binder:1282_8 (1775) at void com.android.server.am.AppErrors.crashApplicationInner(com.android.server.am.ProcessRecord, android.app.ApplicationErrorReport$CrashInfo)(AppErrors.java:372) waiters=1 in void com.android.server.am.ActivityManagerService$MainHandler.handleMessage(android.os.Message) for 472ms
09-01 09:34:18.442 W/art     ( 1282): Long monitor contention with owner Binder:1282_8 (1775) at void com.android.server.am.AppErrors.crashApplicationInner(com.android.server.am.ProcessRecord, android.app.ApplicationErrorReport$CrashInfo)(AppErrors.java:372) waiters=2 in void com.android.server.am.ActivityManagerService.unregisterReceiver(android.content.IIntentReceiver) for 423ms
09-01 09:34:18.443 W/InputEventReceiver( 1282): Attempted to finish an input event but the input event receiver has already been disposed.
09-01 09:34:18.444 W/ContextImpl( 1676): Calling a method in the system process without a qualified user: android.app.ContextImpl.startService:1358 android.content.ContextWrapper.startService:613 android.content.ContextWrapper.startService:613 com.android.coreservice.CoreBroadcastReceiver.onReceive:44 android.app.ActivityThread.handleReceiver:3073 
09-01 09:34:18.447 W/InputMethodManagerService( 1282): Window already focused, ignoring focus gain of: com.android.internal.view.IInputMethodClient$Stub$Proxy@54cd6fa attribute=null, token = android.os.BinderProxy@c59b74d
09-01 09:34:18.450 W/ContextImpl( 1676): Calling a method in the system process without a qualified user: android.app.ContextImpl.startService:1358 android.content.ContextWrapper.startService:613 android.content.ContextWrapper.startService:613 com.android.coreservice.CoreBroadcastReceiver.onReceive:44 android.app.ActivityThread.handleReceiver:3073 
09-01 09:34:18.456 W/ContextImpl( 1676): Calling a method in the system process without a qualified user: android.app.ContextImpl.startService:1358 android.content.ContextWrapper.startService:613 android.content.ContextWrapper.startService:613 com.android.coreservice.CoreBroadcastReceiver.onReceive:44 android.app.ActivityThread.handleReceiver:3073 
09-01 09:34:18.459 W/ContextImpl( 1676): Calling a method in the system process without a qualified user: android.app.ContextImpl.startService:1358 android.content.ContextWrapper.startService:613 android.content.ContextWrapper.startService:613 com.android.coreservice.CoreBroadcastReceiver.onReceive:44 android.app.ActivityThread.handleReceiver:3073 
09-01 09:34:18.460 W/ContextImpl( 1676): Calling a method in the system process without a qualified user: android.app.ContextImpl.startService:1358 android.content.ContextWrapper.startService:613 android.content.ContextWrapper.startService:613 com.android.coreservice.CoreBroadcastReceiver.onReceive:44 android.app.ActivityThread.handleReceiver:3073 
09-01 09:34:18.463 W/ContextImpl( 1676): Calling a method in the system process without a qualified user: android.app.ContextImpl.startService:1358 android.content.ContextWrapper.startService:613 android.content.ContextWrapper.startService:613 com.android.coreservice.CoreBroadcastReceiver.onReceive:44 android.app.ActivityThread.handleReceiver:3073 
09-01 09:34:18.465 W/ContextImpl( 1676): Calling a method in the system process without a qualified user: android.app.ContextImpl.startService:1358 android.content.ContextWrapper.startService:613 android.content.ContextWrapper.startService:613 com.android.coreservice.CoreBroadcastReceiver.onReceive:53 android.app.ActivityThread.handleReceiver:3073 
09-01 09:34:18.475 W/WindowManager( 1282): Failed looking up window
09-01 09:34:18.475 W/WindowManager( 1282): java.lang.IllegalArgumentException: Requested window android.view.ViewRootImpl$W@5a468e0 does not exist
09-01 09:34:18.475 W/WindowManager( 1282): 	at com.android.server.wm.WindowManagerService.windowForClientLocked(WindowManagerService.java:9459)
09-01 09:34:18.475 W/WindowManager( 1282): 	at com.android.server.wm.WindowManagerService.windowForClientLocked(WindowManagerService.java:9450)
09-01 09:34:18.475 W/WindowManager( 1282): 	at com.android.server.wm.WindowManagerService.removeWindow(WindowManagerService.java:2410)
09-01 09:34:18.475 W/WindowManager( 1282): 	at com.android.server.wm.Session.remove(Session.java:202)
09-01 09:34:18.475 W/WindowManager( 1282): 	at android.view.ViewRootImpl.dispatchDetachedFromWindow(ViewRootImpl.java:3290)
09-01 09:34:18.475 W/WindowManager( 1282): 	at android.view.ViewRootImpl.doDie(ViewRootImpl.java:5917)
09-01 09:34:18.475 W/WindowManager( 1282): 	at android.view.ViewRootImpl$ViewRootHandler.handleMessage(ViewRootImpl.java:3626)
09-01 09:34:18.475 W/WindowManager( 1282): 	at android.os.Handler.dispatchMessage(Handler.java:102)
09-01 09:34:18.475 W/WindowManager( 1282): 	at android.os.Looper.loop(Looper.java:154)
09-01 09:34:18.475 W/WindowManager( 1282): 	at android.os.HandlerThread.run(HandlerThread.java:61)
09-01 09:34:18.475 W/WindowManager( 1282): 	at com.android.server.ServiceThread.run(ServiceThread.java:46)
09-01 09:34:18.479 W/ContextImpl( 1676): Calling a method in the system process without a qualified user: android.app.ContextImpl.startService:1358 android.content.ContextWrapper.startService:613 android.content.ContextWrapper.startService:613 com.android.coreservice.CoreBroadcastReceiver.onReceive:53 android.app.ActivityThread.handleReceiver:3073 
09-01 09:34:18.536 W/AppOps  ( 1282): Finishing op nesting under-run: uid 1000 pkg android code 24 time=0 duration=0 nesting=0
09-01 09:34:20.138 D/audio_hw_hal( 1088): raw_start_output_stream, stream=0xf6e43140, sampleRate=48000, channel=2, bps=16, bufSize=4096
09-01 09:34:20.146 I/ActivityManager( 1282): START u0 {cmp=org.tasks/.activities.DonationActivity (has extras)} from uid 10064 on display 0
09-01 09:34:20.146 W/ActivityManager( 1282): Permission Denial: starting Intent { cmp=org.tasks/.activities.DonationActivity (has extras) } from ProcessRecord{4ccee7c 1948:com.android.intentfuzzer/u0a64} (pid=1948, uid=10064) not exported from uid 10062
09-01 09:34:20.149 W/System.err( 1948): java.lang.Exception: Toast callstack! strTip=Send Intent Failed!
09-01 09:34:20.149 W/System.err( 1948): 	at android.widget.Toast.show(Toast.java:130)
09-01 09:34:20.149 W/System.err( 1948): 	at com.android.intentfuzzer.FuzzerActivity$4.onClick(FuzzerActivity.java:186)
09-01 09:34:20.149 W/System.err( 1948): 	at android.view.View.performClick(View.java:5637)
09-01 09:34:20.149 W/System.err( 1948): 	at android.view.View$PerformClick.run(View.java:22429)
09-01 09:34:20.149 W/System.err( 1948): 	at android.os.Handler.handleCallback(Handler.java:751)
09-01 09:34:20.149 W/System.err( 1948): 	at android.os.Handler.dispatchMessage(Handler.java:95)
09-01 09:34:20.149 W/System.err( 1948): 	at android.os.Looper.loop(Looper.java:154)
09-01 09:34:20.149 W/System.err( 1948): 	at android.app.ActivityThread.main(ActivityThread.java:6190)
09-01 09:34:20.149 W/System.err( 1948): 	at java.lang.reflect.Method.invoke(Native Method)
09-01 09:34:20.149 W/System.err( 1948): 	at com.android.internal.os.ZygoteInit$MethodAndArgsCaller.run(ZygoteInit.java:892)
09-01 09:34:20.149 W/System.err( 1948): 	at com.android.internal.os.ZygoteInit.main(ZygoteInit.java:782)
09-01 09:34:20.152 I/ActivityManager( 1282): START u0 {cmp=org.tasks/.activities.TimePickerActivity (has extras)} from uid 10064 on display 0
09-01 09:34:20.152 W/ActivityManager( 1282): Permission Denial: starting Intent { cmp=org.tasks/.activities.TimePickerActivity (has extras) } from ProcessRecord{4ccee7c 1948:com.android.intentfuzzer/u0a64} (pid=1948, uid=10064) not exported from uid 10062
09-01 09:34:20.154 W/System.err( 1948): java.lang.Exception: Toast callstack! strTip=Send Intent Failed!
09-01 09:34:20.154 W/System.err( 1948): 	at android.widget.Toast.show(Toast.java:130)
09-01 09:34:20.154 W/System.err( 1948): 	at com.android.intentfuzzer.FuzzerActivity$4.onClick(FuzzerActivity.java:186)
09-01 09:34:20.155 W/System.err( 1948): 	at android.view.View.performClick(View.java:5637)
09-01 09:34:20.155 W/System.err( 1948): 	at android.view.View$PerformClick.run(View.java:22429)
09-01 09:34:20.155 W/System.err( 1948): 	at android.os.Handler.handleCallback(Handler.java:751)
09-01 09:34:20.155 W/System.err( 1948): 	at android.os.Handler.dispatchMessage(Handler.java:95)
09-01 09:34:20.155 W/System.err( 1948): 	at android.os.Looper.loop(Looper.java:154)
09-01 09:34:20.155 W/System.err( 1948): 	at android.app.ActivityThread.main(ActivityThread.java:6190)
09-01 09:34:20.155 W/System.err( 1948): 	at java.lang.reflect.Method.invoke(Native Method)
09-01 09:34:20.155 W/System.err( 1948): 	at com.android.internal.os.ZygoteInit$MethodAndArgsCaller.run(ZygoteInit.java:892)
09-01 09:34:20.155 W/System.err( 1948): 	at com.android.internal.os.ZygoteInit.main(ZygoteInit.java:782)
09-01 09:34:20.157 I/ActivityManager( 1282): START u0 {cmp=org.tasks/.activities.DateAndTimePickerActivity (has extras)} from uid 10064 on display 0
09-01 09:34:20.157 W/ActivityManager( 1282): Permission Denial: starting Intent { cmp=org.tasks/.activities.DateAndTimePickerActivity (has extras) } from ProcessRecord{4ccee7c 1948:com.android.intentfuzzer/u0a64} (pid=1948, uid=10064) not exported from uid 10062
09-01 09:34:20.158 W/System.err( 1948): java.lang.Exception: Toast callstack! strTip=Send Intent Failed!
09-01 09:34:20.159 W/System.err( 1948): 	at android.widget.Toast.show(Toast.java:130)
09-01 09:34:20.159 W/System.err( 1948): 	at com.android.intentfuzzer.FuzzerActivity$4.onClick(FuzzerActivity.java:186)
09-01 09:34:20.159 W/System.err( 1948): 	at android.view.View.performClick(View.java:5637)
09-01 09:34:20.159 W/System.err( 1948): 	at android.view.View$PerformClick.run(View.java:22429)
09-01 09:34:20.159 W/System.err( 1948): 	at android.os.Handler.handleCallback(Handler.java:751)
09-01 09:34:20.159 W/System.err( 1948): 	at android.os.Handler.dispatchMessage(Handler.java:95)
09-01 09:34:20.159 W/System.err( 1948): 	at android.os.Looper.loop(Looper.java:154)
09-01 09:34:20.159 W/System.err( 1948): 	at android.app.ActivityThread.main(ActivityThread.java:6190)
09-01 09:34:20.159 W/System.err( 1948): 	at java.lang.reflect.Method.invoke(Native Method)
09-01 09:34:20.159 W/System.err( 1948): 	at com.android.internal.os.ZygoteInit$MethodAndArgsCaller.run(ZygoteInit.java:892)
09-01 09:34:20.159 W/System.err( 1948): 	at com.android.internal.os.ZygoteInit.main(ZygoteInit.java:782)
09-01 09:34:20.161 I/ActivityManager( 1282): START u0 {cmp=org.tasks/.activities.SortActivity (has extras)} from uid 10064 on display 0
09-01 09:34:20.161 W/ActivityManager( 1282): Permission Denial: starting Intent { cmp=org.tasks/.activities.SortActivity (has extras) } from ProcessRecord{4ccee7c 1948:com.android.intentfuzzer/u0a64} (pid=1948, uid=10064) not exported from uid 10062
09-01 09:34:20.163 W/System.err( 1948): java.lang.Exception: Toast callstack! strTip=Send Intent Failed!
09-01 09:34:20.163 W/System.err( 1948): 	at android.widget.Toast.show(Toast.java:130)
09-01 09:34:20.163 W/System.err( 1948): 	at com.android.intentfuzzer.FuzzerActivity$4.onClick(FuzzerActivity.java:186)
09-01 09:34:20.163 W/System.err( 1948): 	at android.view.View.performClick(View.java:5637)
09-01 09:34:20.163 W/System.err( 1948): 	at android.view.View$PerformClick.run(View.java:22429)
09-01 09:34:20.163 W/System.err( 1948): 	at android.os.Handler.handleCallback(Handler.java:751)
09-01 09:34:20.163 W/System.err( 1948): 	at android.os.Handler.dispatchMessage(Handler.java:95)
09-01 09:34:20.163 W/System.err( 1948): 	at android.os.Looper.loop(Looper.java:154)
09-01 09:34:20.163 W/System.err( 1948): 	at android.app.ActivityThread.main(ActivityThread.java:6190)
09-01 09:34:20.163 W/System.err( 1948): 	at java.lang.reflect.Method.invoke(Native Method)
09-01 09:34:20.164 W/System.err( 1948): 	at com.android.internal.os.ZygoteInit$MethodAndArgsCaller.run(ZygoteInit.java:892)
09-01 09:34:20.164 W/System.err( 1948): 	at com.android.internal.os.ZygoteInit.main(ZygoteInit.java:782)
09-01 09:34:20.165 I/ActivityManager( 1282): START u0 {cmp=org.tasks/.activities.FilterSelectionActivity (has extras)} from uid 10064 on display 0
09-01 09:34:20.171 W/System.err( 1948): java.lang.Exception: Toast callstack! strTip=Sent Serializeable Intent { cmp=org.tasks/.activities.FilterSelectionActivity (has extras) }
09-01 09:34:20.171 W/System.err( 1948): 	at android.widget.Toast.show(Toast.java:130)
09-01 09:34:20.171 W/System.err( 1948): 	at com.android.intentfuzzer.FuzzerActivity$4.onClick(FuzzerActivity.java:184)
09-01 09:34:20.171 W/System.err( 1948): 	at android.view.View.performClick(View.java:5637)
09-01 09:34:20.171 W/System.err( 1948): 	at android.view.View$PerformClick.run(View.java:22429)
09-01 09:34:20.171 W/System.err( 1948): 	at android.os.Handler.handleCallback(Handler.java:751)
09-01 09:34:20.171 W/System.err( 1948): 	at android.os.Handler.dispatchMessage(Handler.java:95)
09-01 09:34:20.171 W/System.err( 1948): 	at android.os.Looper.loop(Looper.java:154)
09-01 09:34:20.171 W/System.err( 1948): 	at android.app.ActivityThread.main(ActivityThread.java:6190)
09-01 09:34:20.172 W/System.err( 1948): 	at java.lang.reflect.Method.invoke(Native Method)
09-01 09:34:20.172 W/System.err( 1948): 	at com.android.internal.os.ZygoteInit$MethodAndArgsCaller.run(ZygoteInit.java:892)
09-01 09:34:20.172 W/System.err( 1948): 	at com.android.internal.os.ZygoteInit.main(ZygoteInit.java:782)
09-01 09:34:20.174 W/ContextImpl( 1676): Calling a method in the system process without a qualified user: android.app.ContextImpl.startService:1358 android.content.ContextWrapper.startService:613 android.content.ContextWrapper.startService:613 com.android.coreservice.CoreBroadcastReceiver.onReceive:44 android.app.ActivityThread.handleReceiver:3073 
09-01 09:34:20.174 I/ActivityManager( 1282): START u0 {cmp=org.tasks/.activities.AddAttachmentActivity (has extras)} from uid 10064 on display 0
09-01 09:34:20.174 W/ActivityManager( 1282): Permission Denial: starting Intent { cmp=org.tasks/.activities.AddAttachmentActivity (has extras) } from ProcessRecord{4ccee7c 1948:com.android.intentfuzzer/u0a64} (pid=1948, uid=10064) not exported from uid 10062
09-01 09:34:20.175 W/System.err( 1948): java.lang.Exception: Toast callstack! strTip=Send Intent Failed!
09-01 09:34:20.176 W/System.err( 1948): 	at android.widget.Toast.show(Toast.java:130)
09-01 09:34:20.176 W/System.err( 1948): 	at com.android.intentfuzzer.FuzzerActivity$4.onClick(FuzzerActivity.java:186)
09-01 09:34:20.176 W/System.err( 1948): 	at android.view.View.performClick(View.java:5637)
09-01 09:34:20.176 W/System.err( 1948): 	at android.view.View$PerformClick.run(View.java:22429)
09-01 09:34:20.176 W/System.err( 1948): 	at android.os.Handler.handleCallback(Handler.java:751)
09-01 09:34:20.176 W/System.err( 1948): 	at android.os.Handler.dispatchMessage(Handler.java:95)
09-01 09:34:20.176 W/System.err( 1948): 	at android.os.Looper.loop(Looper.java:154)
09-01 09:34:20.176 W/System.err( 1948): 	at android.app.ActivityThread.main(ActivityThread.java:6190)
09-01 09:34:20.176 W/System.err( 1948): 	at java.lang.reflect.Method.invoke(Native Method)
09-01 09:34:20.176 W/System.err( 1948): 	at com.android.internal.os.ZygoteInit$MethodAndArgsCaller.run(ZygoteInit.java:892)
09-01 09:34:20.176 W/System.err( 1948): 	at com.android.internal.os.ZygoteInit.main(ZygoteInit.java:782)
09-01 09:34:20.178 I/ActivityManager( 1282): START u0 {cmp=org.tasks/.activities.CameraActivity (has extras)} from uid 10064 on display 0
09-01 09:34:20.178 W/ActivityManager( 1282): Permission Denial: starting Intent { cmp=org.tasks/.activities.CameraActivity (has extras) } from ProcessRecord{4ccee7c 1948:com.android.intentfuzzer/u0a64} (pid=1948, uid=10064) not exported from uid 10062
09-01 09:34:20.179 W/System.err( 1948): java.lang.Exception: Toast callstack! strTip=Send Intent Failed!
09-01 09:34:20.179 W/System.err( 1948): 	at android.widget.Toast.show(Toast.java:130)
09-01 09:34:20.180 W/System.err( 1948): 	at com.android.intentfuzzer.FuzzerActivity$4.onClick(FuzzerActivity.java:186)
09-01 09:34:20.180 W/System.err( 1948): 	at android.view.View.performClick(View.java:5637)
09-01 09:34:20.180 W/System.err( 1948): 	at android.view.View$PerformClick.run(View.java:22429)
09-01 09:34:20.180 W/System.err( 1948): 	at android.os.Handler.handleCallback(Handler.java:751)
09-01 09:34:20.180 W/System.err( 1948): 	at android.os.Handler.dispatchMessage(Handler.java:95)
09-01 09:34:20.180 W/System.err( 1948): 	at android.os.Looper.loop(Looper.java:154)
09-01 09:34:20.180 W/System.err( 1948): 	at android.app.ActivityThread.main(ActivityThread.java:6190)
09-01 09:34:20.180 W/System.err( 1948): 	at java.lang.reflect.Method.invoke(Native Method)
09-01 09:34:20.180 W/System.err( 1948): 	at com.android.internal.os.ZygoteInit$MethodAndArgsCaller.run(ZygoteInit.java:892)
09-01 09:34:20.180 W/System.err( 1948): 	at com.android.internal.os.ZygoteInit.main(ZygoteInit.java:782)
09-01 09:34:20.182 I/ActivityManager( 1282): START u0 {cmp=org.tasks/com.todoroo.astrid.activity.TaskListActivity (has extras)} from uid 10064 on display 0
09-01 09:34:20.187 W/System.err( 1948): java.lang.Exception: Toast callstack! strTip=Sent Serializeable Intent { cmp=org.tasks/com.todoroo.astrid.activity.TaskListActivity (has extras) }
09-01 09:34:20.187 W/System.err( 1948): 	at android.widget.Toast.show(Toast.java:130)
09-01 09:34:20.187 W/System.err( 1948): 	at com.android.intentfuzzer.FuzzerActivity$4.onClick(FuzzerActivity.java:184)
09-01 09:34:20.187 W/System.err( 1948): 	at android.view.View.performClick(View.java:5637)
09-01 09:34:20.188 W/System.err( 1948): 	at android.view.View$PerformClick.run(View.java:22429)
09-01 09:34:20.188 W/System.err( 1948): 	at android.os.Handler.handleCallback(Handler.java:751)
09-01 09:34:20.188 W/System.err( 1948): 	at android.os.Handler.dispatchMessage(Handler.java:95)
09-01 09:34:20.188 W/System.err( 1948): 	at android.os.Looper.loop(Looper.java:154)
09-01 09:34:20.188 W/System.err( 1948): 	at android.app.ActivityThread.main(ActivityThread.java:6190)
09-01 09:34:20.188 W/System.err( 1948): 	at java.lang.reflect.Method.invoke(Native Method)
09-01 09:34:20.188 W/System.err( 1948): 	at com.android.internal.os.ZygoteInit$MethodAndArgsCaller.run(ZygoteInit.java:892)
09-01 09:34:20.188 W/System.err( 1948): 	at com.android.internal.os.ZygoteInit.main(ZygoteInit.java:782)
09-01 09:34:20.189 I/ActivityManager( 1282): START u0 {cmp=org.tasks/com.todoroo.astrid.activity.ShortcutActivity (has extras)} from uid 10064 on display 0
09-01 09:34:20.189 W/ContextImpl( 1676): Calling a method in the system process without a qualified user: android.app.ContextImpl.startService:1358 android.content.ContextWrapper.startService:613 android.content.ContextWrapper.startService:613 com.android.coreservice.CoreBroadcastReceiver.onReceive:44 android.app.ActivityThread.handleReceiver:3073 
09-01 09:34:20.195 W/System.err( 1948): java.lang.Exception: Toast callstack! strTip=Sent Serializeable Intent { cmp=org.tasks/com.todoroo.astrid.activity.ShortcutActivity (has extras) }
09-01 09:34:20.195 W/System.err( 1948): 	at android.widget.Toast.show(Toast.java:130)
09-01 09:34:20.195 W/System.err( 1948): 	at com.android.intentfuzzer.FuzzerActivity$4.onClick(FuzzerActivity.java:184)
09-01 09:34:20.195 W/System.err( 1948): 	at android.view.View.performClick(View.java:5637)
09-01 09:34:20.195 W/System.err( 1948): 	at android.view.View$PerformClick.run(View.java:22429)
09-01 09:34:20.195 W/System.err( 1948): 	at android.os.Handler.handleCallback(Handler.java:751)
09-01 09:34:20.195 W/System.err( 1948): 	at android.os.Handler.dispatchMessage(Handler.java:95)
09-01 09:34:20.195 W/System.err( 1948): 	at android.os.Looper.loop(Looper.java:154)
09-01 09:34:20.195 W/System.err( 1948): 	at android.app.ActivityThread.main(ActivityThread.java:6190)
09-01 09:34:20.195 W/System.err( 1948): 	at java.lang.reflect.Method.invoke(Native Method)
09-01 09:34:20.195 W/System.err( 1948): 	at com.android.internal.os.ZygoteInit$MethodAndArgsCaller.run(ZygoteInit.java:892)
09-01 09:34:20.195 W/System.err( 1948): 	at com.android.internal.os.ZygoteInit.main(ZygoteInit.java:782)
09-01 09:34:20.196 I/ActivityManager( 1282): START u0 {cmp=org.tasks/com.todoroo.astrid.activity.FilterShortcutActivity (has extras)} from uid 10064 on display 0
09-01 09:34:20.202 W/ContextImpl( 1676): Calling a method in the system process without a qualified user: android.app.ContextImpl.startService:1358 android.content.ContextWrapper.startService:613 android.content.ContextWrapper.startService:613 com.android.coreservice.CoreBroadcastReceiver.onReceive:44 android.app.ActivityThread.handleReceiver:3073 
09-01 09:34:20.203 W/System.err( 1948): java.lang.Exception: Toast callstack! strTip=Sent Serializeable Intent { cmp=org.tasks/com.todoroo.astrid.activity.FilterShortcutActivity (has extras) }
09-01 09:34:20.203 W/System.err( 1948): 	at android.widget.Toast.show(Toast.java:130)
09-01 09:34:20.203 W/System.err( 1948): 	at com.android.intentfuzzer.FuzzerActivity$4.onClick(FuzzerActivity.java:184)
09-01 09:34:20.203 W/System.err( 1948): 	at android.view.View.performClick(View.java:5637)
09-01 09:34:20.203 W/System.err( 1948): 	at android.view.View$PerformClick.run(View.java:22429)
09-01 09:34:20.203 W/System.err( 1948): 	at android.os.Handler.handleCallback(Handler.java:751)
09-01 09:34:20.203 W/System.err( 1948): 	at android.os.Handler.dispatchMessage(Handler.java:95)
09-01 09:34:20.203 W/System.err( 1948): 	at android.os.Looper.loop(Looper.java:154)
09-01 09:34:20.203 W/System.err( 1948): 	at android.app.ActivityThread.main(ActivityThread.java:6190)
09-01 09:34:20.203 W/System.err( 1948): 	at java.lang.reflect.Method.invoke(Native Method)
09-01 09:34:20.203 W/System.err( 1948): 	at com.android.internal.os.ZygoteInit$MethodAndArgsCaller.run(ZygoteInit.java:892)
09-01 09:34:20.203 W/System.err( 1948): 	at com.android.internal.os.ZygoteInit.main(ZygoteInit.java:782)
09-01 09:34:20.209 W/ContextImpl( 1676): Calling a method in the system process without a qualified user: android.app.ContextImpl.startService:1358 android.content.ContextWrapper.startService:613 android.content.ContextWrapper.startService:613 com.android.coreservice.CoreBroadcastReceiver.onReceive:44 android.app.ActivityThread.handleReceiver:3073 
09-01 09:34:20.213 W/ContextImpl( 1676): Calling a method in the system process without a qualified user: android.app.ContextImpl.startService:1358 android.content.ContextWrapper.startService:613 android.content.ContextWrapper.startService:613 com.android.coreservice.CoreBroadcastReceiver.onReceive:44 android.app.ActivityThread.handleReceiver:3073 
09-01 09:34:20.216 I/ActivityManager( 1282): START u0 {cmp=org.tasks/com.todoroo.astrid.activity.ShareLinkActivity (has extras)} from uid 10064 on display 0
09-01 09:34:20.222 W/System.err( 1948): java.lang.Exception: Toast callstack! strTip=Sent Serializeable Intent { cmp=org.tasks/com.todoroo.astrid.activity.ShareLinkActivity (has extras) }
09-01 09:34:20.222 W/System.err( 1948): 	at android.widget.Toast.show(Toast.java:130)
09-01 09:34:20.222 W/System.err( 1948): 	at com.android.intentfuzzer.FuzzerActivity$4.onClick(FuzzerActivity.java:184)
09-01 09:34:20.222 W/System.err( 1948): 	at android.view.View.performClick(View.java:5637)
09-01 09:34:20.222 W/System.err( 1948): 	at android.view.View$PerformClick.run(View.java:22429)
09-01 09:34:20.222 W/System.err( 1948): 	at android.os.Handler.handleCallback(Handler.java:751)
09-01 09:34:20.222 W/System.err( 1948): 	at android.os.Handler.dispatchMessage(Handler.java:95)
09-01 09:34:20.222 W/System.err( 1948): 	at android.os.Looper.loop(Looper.java:154)
09-01 09:34:20.223 W/System.err( 1948): 	at android.app.ActivityThread.main(ActivityThread.java:6190)
09-01 09:34:20.223 W/System.err( 1948): 	at java.lang.reflect.Method.invoke(Native Method)
09-01 09:34:20.223 W/System.err( 1948): 	at com.android.internal.os.ZygoteInit$MethodAndArgsCaller.run(ZygoteInit.java:892)
09-01 09:34:20.223 W/System.err( 1948): 	at com.android.internal.os.ZygoteInit.main(ZygoteInit.java:782)
09-01 09:34:20.223 W/ContextImpl( 1676): Calling a method in the system process without a qualified user: android.app.ContextImpl.startService:1358 android.content.ContextWrapper.startService:613 android.content.ContextWrapper.startService:613 com.android.coreservice.CoreBroadcastReceiver.onReceive:44 android.app.ActivityThread.handleReceiver:3073 
09-01 09:34:20.226 I/ActivityManager( 1282): START u0 {cmp=org.tasks/com.todoroo.astrid.activity.TaskEditActivity (has extras)} from uid 10064 on display 0
09-01 09:34:20.233 W/System.err( 1948): java.lang.Exception: Toast callstack! strTip=Sent Serializeable Intent { cmp=org.tasks/com.todoroo.astrid.activity.TaskEditActivity (has extras) }
09-01 09:34:20.234 W/System.err( 1948): 	at android.widget.Toast.show(Toast.java:130)
09-01 09:34:20.234 W/System.err( 1948): 	at com.android.intentfuzzer.FuzzerActivity$4.onClick(FuzzerActivity.java:184)
09-01 09:34:20.234 W/System.err( 1948): 	at android.view.View.performClick(View.java:5637)
09-01 09:34:20.234 W/System.err( 1948): 	at android.view.View$PerformClick.run(View.java:22429)
09-01 09:34:20.234 W/System.err( 1948): 	at android.os.Handler.handleCallback(Handler.java:751)
09-01 09:34:20.234 W/System.err( 1948): 	at android.os.Handler.dispatchMessage(Handler.java:95)
09-01 09:34:20.234 W/System.err( 1948): 	at android.os.Looper.loop(Looper.java:154)
09-01 09:34:20.234 W/System.err( 1948): 	at android.app.ActivityThread.main(ActivityThread.java:6190)
09-01 09:34:20.234 W/System.err( 1948): 	at java.lang.reflect.Method.invoke(Native Method)
09-01 09:34:20.234 W/System.err( 1948): 	at com.android.internal.os.ZygoteInit$MethodAndArgsCaller.run(ZygoteInit.java:892)
09-01 09:34:20.234 W/System.err( 1948): 	at com.android.internal.os.ZygoteInit.main(ZygoteInit.java:782)
09-01 09:34:20.235 I/ActivityManager( 1282): START u0 {cmp=org.tasks/.preferences.HelpAndFeedbackActivity (has extras)} from uid 10064 on display 0
09-01 09:34:20.235 W/ActivityManager( 1282): Permission Denial: starting Intent { cmp=org.tasks/.preferences.HelpAndFeedbackActivity (has extras) } from ProcessRecord{4ccee7c 1948:com.android.intentfuzzer/u0a64} (pid=1948, uid=10064) not exported from uid 10062
09-01 09:34:20.237 W/System.err( 1948): java.lang.Exception: Toast callstack! strTip=Send Intent Failed!
09-01 09:34:20.237 W/System.err( 1948): 	at android.widget.Toast.show(Toast.java:130)
09-01 09:34:20.237 W/System.err( 1948): 	at com.android.intentfuzzer.FuzzerActivity$4.onClick(FuzzerActivity.java:186)
09-01 09:34:20.237 W/System.err( 1948): 	at android.view.View.performClick(View.java:5637)
09-01 09:34:20.237 W/System.err( 1948): 	at android.view.View$PerformClick.run(View.java:22429)
09-01 09:34:20.237 W/System.err( 1948): 	at android.os.Handler.handleCallback(Handler.java:751)
09-01 09:34:20.237 W/System.err( 1948): 	at android.os.Handler.dispatchMessage(Handler.java:95)
09-01 09:34:20.237 W/System.err( 1948): 	at android.os.Looper.loop(Looper.java:154)
09-01 09:34:20.237 W/System.err( 1948): 	at android.app.ActivityThread.main(ActivityThread.java:6190)
09-01 09:34:20.237 W/System.err( 1948): 	at java.lang.reflect.Method.invoke(Native Method)
09-01 09:34:20.237 W/System.err( 1948): 	at com.android.internal.os.ZygoteInit$MethodAndArgsCaller.run(ZygoteInit.java:892)
09-01 09:34:20.237 W/System.err( 1948): 	at com.android.internal.os.ZygoteInit.main(ZygoteInit.java:782)
09-01 09:34:20.239 I/ActivityManager( 1282): START u0 {cmp=org.tasks/.preferences.BasicPreferences (has extras)} from uid 10064 on display 0
09-01 09:34:20.239 W/ActivityManager( 1282): Permission Denial: starting Intent { cmp=org.tasks/.preferences.BasicPreferences (has extras) } from ProcessRecord{4ccee7c 1948:com.android.intentfuzzer/u0a64} (pid=1948, uid=10064) not exported from uid 10062
09-01 09:34:20.239 W/ContextImpl( 1676): Calling a method in the system process without a qualified user: android.app.ContextImpl.startService:1358 android.content.ContextWrapper.startService:613 android.content.ContextWrapper.startService:613 com.android.coreservice.CoreBroadcastReceiver.onReceive:44 android.app.ActivityThread.handleReceiver:3073 
09-01 09:34:20.241 W/System.err( 1948): java.lang.Exception: Toast callstack! strTip=Send Intent Failed!
09-01 09:34:20.241 W/System.err( 1948): 	at android.widget.Toast.show(Toast.java:130)
09-01 09:34:20.241 W/System.err( 1948): 	at com.android.intentfuzzer.FuzzerActivity$4.onClick(FuzzerActivity.java:186)
09-01 09:34:20.241 W/System.err( 1948): 	at android.view.View.performClick(View.java:5637)
09-01 09:34:20.241 W/System.err( 1948): 	at android.view.View$PerformClick.run(View.java:22429)
09-01 09:34:20.241 W/System.err( 1948): 	at android.os.Handler.handleCallback(Handler.java:751)
09-01 09:34:20.241 W/System.err( 1948): 	at android.os.Handler.dispatchMessage(Handler.java:95)
09-01 09:34:20.241 W/System.err( 1948): 	at android.os.Looper.loop(Looper.java:154)
09-01 09:34:20.241 W/System.err( 1948): 	at android.app.ActivityThread.main(ActivityThread.java:6190)
09-01 09:34:20.241 W/System.err( 1948): 	at java.lang.reflect.Method.invoke(Native Method)
09-01 09:34:20.241 W/System.err( 1948): 	at com.android.internal.os.ZygoteInit$MethodAndArgsCaller.run(ZygoteInit.java:892)
09-01 09:34:20.241 W/System.err( 1948): 	at com.android.internal.os.ZygoteInit.main(ZygoteInit.java:782)
09-01 09:34:20.245 I/ActivityManager( 1282): START u0 {cmp=org.tasks/.preferences.MiscellaneousPreferences (has extras)} from uid 10064 on display 0
09-01 09:34:20.245 W/ActivityManager( 1282): Permission Denial: starting Intent { cmp=org.tasks/.preferences.MiscellaneousPreferences (has extras) } from ProcessRecord{4ccee7c 1948:com.android.intentfuzzer/u0a64} (pid=1948, uid=10064) not exported from uid 10062
09-01 09:34:20.246 W/System.err( 1948): java.lang.Exception: Toast callstack! strTip=Send Intent Failed!
09-01 09:34:20.247 W/System.err( 1948): 	at android.widget.Toast.show(Toast.java:130)
09-01 09:34:20.247 W/System.err( 1948): 	at com.android.intentfuzzer.FuzzerActivity$4.onClick(FuzzerActivity.java:186)
09-01 09:34:20.247 W/System.err( 1948): 	at android.view.View.performClick(View.java:5637)
09-01 09:34:20.247 W/System.err( 1948): 	at android.view.View$PerformClick.run(View.java:22429)
09-01 09:34:20.247 W/System.err( 1948): 	at android.os.Handler.handleCallback(Handler.java:751)
09-01 09:34:20.247 W/System.err( 1948): 	at android.os.Handler.dispatchMessage(Handler.java:95)
09-01 09:34:20.247 W/System.err( 1948): 	at android.os.Looper.loop(Looper.java:154)
09-01 09:34:20.247 W/System.err( 1948): 	at android.app.ActivityThread.main(ActivityThread.java:6190)
09-01 09:34:20.247 W/System.err( 1948): 	at java.lang.reflect.Method.invoke(Native Method)
09-01 09:34:20.247 W/System.err( 1948): 	at com.android.internal.os.ZygoteInit$MethodAndArgsCaller.run(ZygoteInit.java:892)
09-01 09:34:20.247 W/System.err( 1948): 	at com.android.internal.os.ZygoteInit.main(ZygoteInit.java:782)
09-01 09:34:20.251 I/ActivityManager( 1282): START u0 {cmp=org.tasks/.preferences.BackupPreferences (has extras)} from uid 10064 on display 0
09-01 09:34:20.252 W/ActivityManager( 1282): Permission Denial: starting Intent { cmp=org.tasks/.preferences.BackupPreferences (has extras) } from ProcessRecord{4ccee7c 1948:com.android.intentfuzzer/u0a64} (pid=1948, uid=10064) not exported from uid 10062
09-01 09:34:20.252 W/System.err( 1948): java.lang.Exception: Toast callstack! strTip=Send Intent Failed!
09-01 09:34:20.253 W/System.err( 1948): 	at android.widget.Toast.show(Toast.java:130)
09-01 09:34:20.253 W/System.err( 1948): 	at com.android.intentfuzzer.FuzzerActivity$4.onClick(FuzzerActivity.java:186)
09-01 09:34:20.253 W/System.err( 1948): 	at android.view.View.performClick(View.java:5637)
09-01 09:34:20.253 W/System.err( 1948): 	at android.view.View$PerformClick.run(View.java:22429)
09-01 09:34:20.253 W/System.err( 1948): 	at android.os.Handler.handleCallback(Handler.java:751)
09-01 09:34:20.253 W/System.err( 1948): 	at android.os.Handler.dispatchMessage(Handler.java:95)
09-01 09:34:20.253 W/System.err( 1948): 	at android.os.Looper.loop(Looper.java:154)
09-01 09:34:20.253 W/System.err( 1948): 	at android.app.ActivityThread.main(ActivityThread.java:6190)
09-01 09:34:20.253 W/System.err( 1948): 	at java.lang.reflect.Method.invoke(Native Method)
09-01 09:34:20.253 W/System.err( 1948): 	at com.android.internal.os.ZygoteInit$MethodAndArgsCaller.run(ZygoteInit.java:892)
09-01 09:34:20.253 W/System.err( 1948): 	at com.android.internal.os.ZygoteInit.main(ZygoteInit.java:782)
09-01 09:34:20.254 I/ActivityManager( 1282): START u0 {cmp=org.tasks/com.todoroo.astrid.widget.WidgetConfigActivity (has extras)} from uid 10064 on display 0
09-01 09:34:20.257 W/System.err( 1948): java.lang.Exception: Toast callstack! strTip=Sent Serializeable Intent { cmp=org.tasks/com.todoroo.astrid.widget.WidgetConfigActivity (has extras) }
09-01 09:34:20.257 W/System.err( 1948): 	at android.widget.Toast.show(Toast.java:130)
09-01 09:34:20.257 W/System.err( 1948): 	at com.android.intentfuzzer.FuzzerActivity$4.onClick(FuzzerActivity.java:184)
09-01 09:34:20.257 W/System.err( 1948): 	at android.view.View.performClick(View.java:5637)
09-01 09:34:20.257 W/System.err( 1948): 	at android.view.View$PerformClick.run(View.java:22429)
09-01 09:34:20.257 W/System.err( 1948): 	at android.os.Handler.handleCallback(Handler.java:751)
09-01 09:34:20.257 W/System.err( 1948): 	at android.os.Handler.dispatchMessage(Handler.java:95)
09-01 09:34:20.257 W/System.err( 1948): 	at android.os.Looper.loop(Looper.java:154)
09-01 09:34:20.257 W/System.err( 1948): 	at android.app.ActivityThread.main(ActivityThread.java:6190)
09-01 09:34:20.257 W/System.err( 1948): 	at java.lang.reflect.Method.invoke(Native Method)
09-01 09:34:20.257 W/System.err( 1948): 	at com.android.internal.os.ZygoteInit$MethodAndArgsCaller.run(ZygoteInit.java:892)
09-01 09:34:20.257 W/System.err( 1948): 	at com.android.internal.os.ZygoteInit.main(ZygoteInit.java:782)
09-01 09:34:20.258 W/ContextImpl( 1676): Calling a method in the system process without a qualified user: android.app.ContextImpl.startService:1358 android.content.ContextWrapper.startService:613 android.content.ContextWrapper.startService:613 com.android.coreservice.CoreBroadcastReceiver.onReceive:44 android.app.ActivityThread.handleReceiver:3073 
09-01 09:34:20.261 I/ActivityManager( 1282): START u0 {cmp=org.tasks/com.todoroo.astrid.service.UpgradeActivity (has extras)} from uid 10064 on display 0
09-01 09:34:20.261 W/ActivityManager( 1282): Permission Denial: starting Intent { cmp=org.tasks/com.todoroo.astrid.service.UpgradeActivity (has extras) } from ProcessRecord{4ccee7c 1948:com.android.intentfuzzer/u0a64} (pid=1948, uid=10064) not exported from uid 10062
09-01 09:34:20.263 W/System.err( 1948): java.lang.Exception: Toast callstack! strTip=Send Intent Failed!
09-01 09:34:20.263 W/System.err( 1948): 	at android.widget.Toast.show(Toast.java:130)
09-01 09:34:20.263 W/System.err( 1948): 	at com.android.intentfuzzer.FuzzerActivity$4.onClick(FuzzerActivity.java:186)
09-01 09:34:20.263 W/System.err( 1948): 	at android.view.View.performClick(View.java:5637)
09-01 09:34:20.263 W/System.err( 1948): 	at android.view.View$PerformClick.run(View.java:22429)
09-01 09:34:20.263 W/System.err( 1948): 	at android.os.Handler.handleCallback(Handler.java:751)
09-01 09:34:20.263 W/System.err( 1948): 	at android.os.Handler.dispatchMessage(Handler.java:95)
09-01 09:34:20.263 W/System.err( 1948): 	at android.os.Looper.loop(Looper.java:154)
09-01 09:34:20.263 W/System.err( 1948): 	at android.app.ActivityThread.main(ActivityThread.java:6190)
09-01 09:34:20.263 W/System.err( 1948): 	at java.lang.reflect.Method.invoke(Native Method)
09-01 09:34:20.263 W/System.err( 1948): 	at com.android.internal.os.ZygoteInit$MethodAndArgsCaller.run(ZygoteInit.java:892)
09-01 09:34:20.263 W/System.err( 1948): 	at com.android.internal.os.ZygoteInit.main(ZygoteInit.java:782)
09-01 09:34:20.265 I/ActivityManager( 1282): START u0 {cmp=org.tasks/.preferences.AppearancePreferences (has extras)} from uid 10064 on display 0
09-01 09:34:20.266 W/ActivityManager( 1282): Permission Denial: starting Intent { cmp=org.tasks/.preferences.AppearancePreferences (has extras) } from ProcessRecord{4ccee7c 1948:com.android.intentfuzzer/u0a64} (pid=1948, uid=10064) not exported from uid 10062
09-01 09:34:20.267 W/System.err( 1948): java.lang.Exception: Toast callstack! strTip=Send Intent Failed!
09-01 09:34:20.267 W/System.err( 1948): 	at android.widget.Toast.show(Toast.java:130)
09-01 09:34:20.267 W/System.err( 1948): 	at com.android.intentfuzzer.FuzzerActivity$4.onClick(FuzzerActivity.java:186)
09-01 09:34:20.267 W/System.err( 1948): 	at android.view.View.performClick(View.java:5637)
09-01 09:34:20.267 W/System.err( 1948): 	at android.view.View$PerformClick.run(View.java:22429)
09-01 09:34:20.267 W/System.err( 1948): 	at android.os.Handler.handleCallback(Handler.java:751)
09-01 09:34:20.268 W/System.err( 1948): 	at android.os.Handler.dispatchMessage(Handler.java:95)
09-01 09:34:20.268 W/System.err( 1948): 	at android.os.Looper.loop(Looper.java:154)
09-01 09:34:20.268 W/System.err( 1948): 	at android.app.ActivityThread.main(ActivityThread.java:6190)
09-01 09:34:20.268 W/System.err( 1948): 	at java.lang.reflect.Method.invoke(Native Method)
09-01 09:34:20.268 W/System.err( 1948): 	at com.android.internal.os.ZygoteInit$MethodAndArgsCaller.run(ZygoteInit.java:892)
09-01 09:34:20.268 W/System.err( 1948): 	at com.android.internal.os.ZygoteInit.main(ZygoteInit.java:782)
09-01 09:34:20.270 I/ActivityManager( 1282): START u0 {cmp=org.tasks/.preferences.DateShortcutPreferences (has extras)} from uid 10064 on display 0
09-01 09:34:20.273 W/ActivityManager( 1282): Permission Denial: starting Intent { cmp=org.tasks/.preferences.DateShortcutPreferences (has extras) } from ProcessRecord{4ccee7c 1948:com.android.intentfuzzer/u0a64} (pid=1948, uid=10064) not exported from uid 10062
09-01 09:34:20.275 W/System.err( 1948): java.lang.Exception: Toast callstack! strTip=Send Intent Failed!
09-01 09:34:20.275 W/System.err( 1948): 	at android.widget.Toast.show(Toast.java:130)
09-01 09:34:20.275 W/System.err( 1948): 	at com.android.intentfuzzer.FuzzerActivity$4.onClick(FuzzerActivity.java:186)
09-01 09:34:20.275 W/System.err( 1948): 	at android.view.View.performClick(View.java:5637)
09-01 09:34:20.275 W/System.err( 1948): 	at android.view.View$PerformClick.run(View.java:22429)
09-01 09:34:20.275 W/System.err( 1948): 	at android.os.Handler.handleCallback(Handler.java:751)
09-01 09:34:20.275 W/System.err( 1948): 	at android.os.Handler.dispatchMessage(Handler.java:95)
09-01 09:34:20.275 W/System.err( 1948): 	at android.os.Looper.loop(Looper.java:154)
09-01 09:34:20.275 W/System.err( 1948): 	at android.app.ActivityThread.main(ActivityThread.java:6190)
09-01 09:34:20.275 W/System.err( 1948): 	at java.lang.reflect.Method.invoke(Native Method)
09-01 09:34:20.275 W/System.err( 1948): 	at com.android.internal.os.ZygoteInit$MethodAndArgsCaller.run(ZygoteInit.java:892)
09-01 09:34:20.275 W/System.err( 1948): 	at com.android.internal.os.ZygoteInit.main(ZygoteInit.java:782)
09-01 09:34:20.278 I/ActivityManager( 1282): START u0 {cmp=org.tasks/com.todoroo.astrid.core.DefaultsPreferences (has extras)} from uid 10064 on display 0
09-01 09:34:20.278 W/ActivityManager( 1282): Permission Denial: starting Intent { cmp=org.tasks/com.todoroo.astrid.core.DefaultsPreferences (has extras) } from ProcessRecord{4ccee7c 1948:com.android.intentfuzzer/u0a64} (pid=1948, uid=10064) not exported from uid 10062
09-01 09:34:20.279 W/System.err( 1948): java.lang.Exception: Toast callstack! strTip=Send Intent Failed!
09-01 09:34:20.280 W/System.err( 1948): 	at android.widget.Toast.show(Toast.java:130)
09-01 09:34:20.280 W/System.err( 1948): 	at com.android.intentfuzzer.FuzzerActivity$4.onClick(FuzzerActivity.java:186)
09-01 09:34:20.280 W/System.err( 1948): 	at android.view.View.performClick(View.java:5637)
09-01 09:34:20.280 W/System.err( 1948): 	at android.view.View$PerformClick.run(View.java:22429)
09-01 09:34:20.280 W/System.err( 1948): 	at android.os.Handler.handleCallback(Handler.java:751)
09-01 09:34:20.280 W/System.err( 1948): 	at android.os.Handler.dispatchMessage(Handler.java:95)
09-01 09:34:20.280 W/System.err( 1948): 	at android.os.Looper.loop(Looper.java:154)
09-01 09:34:20.280 W/System.err( 1948): 	at android.app.ActivityThread.main(ActivityThread.java:6190)
09-01 09:34:20.280 W/System.err( 1948): 	at java.lang.reflect.Method.invoke(Native Method)
09-01 09:34:20.280 W/System.err( 1948): 	at com.android.internal.os.ZygoteInit$MethodAndArgsCaller.run(ZygoteInit.java:892)
09-01 09:34:20.280 W/System.err( 1948): 	at com.android.internal.os.ZygoteInit.main(ZygoteInit.java:782)
09-01 09:34:20.282 I/ActivityManager( 1282): START u0 {cmp=org.tasks/com.todoroo.astrid.activity.BeastModePreferences (has extras)} from uid 10064 on display 0
09-01 09:34:20.282 W/ActivityManager( 1282): Permission Denial: starting Intent { cmp=org.tasks/com.todoroo.astrid.activity.BeastModePreferences (has extras) } from ProcessRecord{4ccee7c 1948:com.android.intentfuzzer/u0a64} (pid=1948, uid=10064) not exported from uid 10062
09-01 09:34:20.284 W/System.err( 1948): java.lang.Exception: Toast callstack! strTip=Send Intent Failed!
09-01 09:34:20.284 W/System.err( 1948): 	at android.widget.Toast.show(Toast.java:130)
09-01 09:34:20.284 W/System.err( 1948): 	at com.android.intentfuzzer.FuzzerActivity$4.onClick(FuzzerActivity.java:186)
09-01 09:34:20.284 W/System.err( 1948): 	at android.view.View.performClick(View.java:5637)
09-01 09:34:20.284 W/System.err( 1948): 	at android.view.View$PerformClick.run(View.java:22429)
09-01 09:34:20.284 W/System.err( 1948): 	at android.os.Handler.handleCallback(Handler.java:751)
09-01 09:34:20.284 W/System.err( 1948): 	at android.os.Handler.dispatchMessage(Handler.java:95)
09-01 09:34:20.284 W/System.err( 1948): 	at android.os.Looper.loop(Looper.java:154)
09-01 09:34:20.284 W/System.err( 1948): 	at android.app.ActivityThread.main(ActivityThread.java:6190)
09-01 09:34:20.284 W/System.err( 1948): 	at java.lang.reflect.Method.invoke(Native Method)
09-01 09:34:20.284 W/System.err( 1948): 	at com.android.internal.os.ZygoteInit$MethodAndArgsCaller.run(ZygoteInit.java:892)
09-01 09:34:20.284 W/System.err( 1948): 	at com.android.internal.os.ZygoteInit.main(ZygoteInit.java:782)
09-01 09:34:20.286 I/ActivityManager( 1282): START u0 {cmp=org.tasks/.reminders.MissedCallActivity (has extras)} from uid 10064 on display 0
09-01 09:34:20.286 W/ActivityManager( 1282): Permission Denial: starting Intent { cmp=org.tasks/.reminders.MissedCallActivity (has extras) } from ProcessRecord{4ccee7c 1948:com.android.intentfuzzer/u0a64} (pid=1948, uid=10064) not exported from uid 10062
09-01 09:34:20.288 W/System.err( 1948): java.lang.Exception: Toast callstack! strTip=Send Intent Failed!
09-01 09:34:20.288 W/System.err( 1948): 	at android.widget.Toast.show(Toast.java:130)
09-01 09:34:20.288 W/System.err( 1948): 	at com.android.intentfuzzer.FuzzerActivity$4.onClick(FuzzerActivity.java:186)
09-01 09:34:20.288 W/System.err( 1948): 	at android.view.View.performClick(View.java:5637)
09-01 09:34:20.288 W/System.err( 1948): 	at android.view.View$PerformClick.run(View.java:22429)
09-01 09:34:20.288 W/System.err( 1948): 	at android.os.Handler.handleCallback(Handler.java:751)
09-01 09:34:20.288 W/System.err( 1948): 	at android.os.Handler.dispatchMessage(Handler.java:95)
09-01 09:34:20.288 W/System.err( 1948): 	at android.os.Looper.loop(Looper.java:154)
