09-01 09:40:37.943 E/EGL_adreno( 1948): tid 1965: eglSurfaceAttrib(1338): error 0x3009 (EGL_BAD_MATCH)
09-01 09:40:37.943 W/OpenGLRenderer( 1948): Failed to set EGL_SWAP_BEHAVIOR on surface 0x7fffd4f64980, error=EGL_BAD_MATCH
09-01 09:40:37.949 D/EGL_adreno( 1948): eglMakeCurrent: 0x7fffeb43c820: ver 3 1 (tinfo 0x7fffeb40d4a0)
09-01 09:40:37.952 W/System  ( 2083): ClassLoader referenced unknown path: /data/app/org.epstudios.epmobile-1/lib/x86_64
09-01 09:40:38.066 W/ContextImpl( 1676): Calling a method in the system process without a qualified user: android.app.ContextImpl.startService:1358 android.content.ContextWrapper.startService:613 android.content.ContextWrapper.startService:613 com.android.coreservice.CoreBroadcastReceiver.onReceive:53 android.app.ActivityThread.handleReceiver:3073 
09-01 09:40:38.078 I/HostConnection( 2083): HostConnection::HostConnection: pid=2083, tid=2083, this=0x7fffe8bc9760
09-01 09:40:38.081 I/        ( 2083): fastpipe: Connect success
09-01 09:40:38.081 D/HostConnection( 2083): HostRPC::connect sucess: app=org.epstudios.epmobile, pid=2083, tid=2083, this=0x7fffd621b5c0
09-01 09:40:38.081 D/HostConnection( 2083): queryAndSetGLESMaxVersion select gles-version: 3.1 hostGLVersion:46 process:org.epstudios.epmobile
09-01 09:40:38.085 I/        ( 2083): fastpipe: Connect success
09-01 09:40:38.086 D/HostConnection( 2083): recv ProcessPuidReply name=org.epstudios.epmobile puid=9 g_u64CapsFlag=1d
09-01 09:40:38.122 I/HostConnection( 2083): HostConnection::HostConnection: pid=2083, tid=2099, this=0x7fffeb41c4e0
09-01 09:40:38.124 I/        ( 2083): fastpipe: Connect success
09-01 09:40:38.125 D/HostConnection( 2083): HostRPC::connect sucess: app=org.epstudios.epmobile, pid=2083, tid=2099, this=0x7fffeb457940
09-01 09:40:38.132 D/HostConnection( 2083): queryAndSetGLESMaxVersion select gles-version: 3.1 hostGLVersion:46 process:org.epstudios.epmobile
09-01 09:40:38.135 I/OpenGLRenderer( 2083): Initialized EGL, version 1.4
09-01 09:40:38.135 D/OpenGLRenderer( 2083): Swap behavior 1
09-01 09:40:38.136 I/EGL_adreno( 2083): eglCreateContext request GLES major-version=2
09-01 09:40:38.171 D/EGL_adreno( 2083): eglCreateContext: 0x7fffeb4420a0: maj 3 min 1 rcv 4
09-01 09:40:38.287 D/EGL_adreno( 2083): eglMakeCurrent: 0x7fffeb4420a0: ver 3 1 (tinfo 0x7fffeb40d320)
09-01 09:40:38.300 D/HostConnection( 2083): ExtendedRCEncoderContext GL_VERSION return OpenGL ES 3.1
09-01 09:40:38.325 E/EGL_adreno( 2083): tid 2099: eglSurfaceAttrib(1338): error 0x3009 (EGL_BAD_MATCH)
09-01 09:40:38.325 W/OpenGLRenderer( 2083): Failed to set EGL_SWAP_BEHAVIOR on surface 0x7fffeb41bec0, error=EGL_BAD_MATCH
09-01 09:40:38.346 D/EGL_adreno( 2083): eglMakeCurrent: 0x7fffeb4420a0: ver 3 1 (tinfo 0x7fffeb40d320)
09-01 09:40:38.459 I/ActivityManager( 1282): Displayed org.epstudios.epmobile/.EpMobile: +647ms
09-01 09:40:38.505 W/ContextImpl( 1676): Calling a method in the system process without a qualified user: android.app.ContextImpl.startService:1358 android.content.ContextWrapper.startService:613 android.content.ContextWrapper.startService:613 com.android.coreservice.CoreBroadcastReceiver.onReceive:69 android.app.ActivityThread.handleReceiver:3073 
09-01 09:40:38.508 W/ContextImpl( 1676): Calling a method in the system process without a qualified user: android.app.ContextImpl.startService:1358 android.content.ContextWrapper.startService:613 android.content.ContextWrapper.startService:613 com.android.coreservice.CoreBroadcastReceiver.onReceive:69 android.app.ActivityThread.handleReceiver:3073 
09-01 09:40:38.519 W/ContextImpl( 1676): Calling a method in the system process without a qualified user: android.app.ContextImpl.startService:1358 android.content.ContextWrapper.startService:613 android.content.ContextWrapper.startService:613 com.android.coreservice.CoreBroadcastReceiver.onReceive:69 android.app.ActivityThread.handleReceiver:3073 
09-01 09:40:40.714 D/audio_hw_hal( 1088): log_func, out_standby
09-01 09:40:40.714 D/audio_hw_hal( 1088): raw_close_output_stream, dev=0xf6e480c0, stream =0xf6e43140
09-01 09:40:40.714 D/audio_hw_hal( 1088): raw_close_output_stream, stream=0xf6e43140,  success!
09-01 09:40:41.110 W/WindowManager( 1282): Attempted to remove non-existing token: android.os.Binder@443be45
09-01 09:40:41.112 D/EGL_adreno( 1948): eglMakeCurrent: 0x7fffeb43c820: ver 3 1 (tinfo 0x7fffeb40d4a0)
09-01 09:40:41.161 E/EGL_adreno( 1948): tid 1965: eglSurfaceAttrib(1338): error 0x3009 (EGL_BAD_MATCH)
09-01 09:40:41.161 W/OpenGLRenderer( 1948): Failed to set EGL_SWAP_BEHAVIOR on surface 0x7fffd4f64980, error=EGL_BAD_MATCH
09-01 09:40:41.169 D/EGL_adreno( 1948): eglMakeCurrent: 0x7fffeb43c820: ver 3 1 (tinfo 0x7fffeb40d4a0)
09-01 09:40:44.615 W/WindowManager( 1282): Attempted to remove non-existing token: android.os.Binder@5c4a2cb
09-01 09:40:44.619 D/EGL_adreno( 1948): eglMakeCurrent: 0x7fffeb43c820: ver 3 1 (tinfo 0x7fffeb40d4a0)
09-01 09:40:44.674 E/EGL_adreno( 1948): tid 1965: eglSurfaceAttrib(1338): error 0x3009 (EGL_BAD_MATCH)
09-01 09:40:44.674 W/OpenGLRenderer( 1948): Failed to set EGL_SWAP_BEHAVIOR on surface 0x7fffd4f64980, error=EGL_BAD_MATCH
09-01 09:40:44.685 D/EGL_adreno( 1948): eglMakeCurrent: 0x7fffeb43c820: ver 3 1 (tinfo 0x7fffeb40d4a0)
09-01 09:40:48.118 W/WindowManager( 1282): Attempted to remove non-existing token: android.os.Binder@2555aa8
09-01 09:40:48.121 D/EGL_adreno( 1948): eglMakeCurrent: 0x7fffeb43c820: ver 3 1 (tinfo 0x7fffeb40d4a0)
09-01 09:40:48.196 E/EGL_adreno( 1948): tid 1965: eglSurfaceAttrib(1338): error 0x3009 (EGL_BAD_MATCH)
09-01 09:40:48.196 W/OpenGLRenderer( 1948): Failed to set EGL_SWAP_BEHAVIOR on surface 0x7fffd4f64980, error=EGL_BAD_MATCH
09-01 09:40:48.203 D/EGL_adreno( 1948): eglMakeCurrent: 0x7fffeb43c820: ver 3 1 (tinfo 0x7fffeb40d4a0)
09-01 09:40:51.624 W/WindowManager( 1282): Attempted to remove non-existing token: android.os.Binder@5e6f9c1
09-01 09:40:51.627 D/EGL_adreno( 1948): eglMakeCurrent: 0x7fffeb43c820: ver 3 1 (tinfo 0x7fffeb40d4a0)
09-01 09:40:51.675 E/EGL_adreno( 1948): tid 1965: eglSurfaceAttrib(1338): error 0x3009 (EGL_BAD_MATCH)
09-01 09:40:51.675 W/OpenGLRenderer( 1948): Failed to set EGL_SWAP_BEHAVIOR on surface 0x7fffd4f64980, error=EGL_BAD_MATCH
09-01 09:40:51.678 D/EGL_adreno( 1948): eglMakeCurrent: 0x7fffeb43c820: ver 3 1 (tinfo 0x7fffeb40d4a0)
09-01 09:40:55.129 W/WindowManager( 1282): Attempted to remove non-existing token: android.os.Binder@5f97954
09-01 09:40:55.131 D/EGL_adreno( 1948): eglMakeCurrent: 0x7fffeb43c820: ver 3 1 (tinfo 0x7fffeb40d4a0)
09-01 09:40:55.173 E/EGL_adreno( 1948): tid 1965: eglSurfaceAttrib(1338): error 0x3009 (EGL_BAD_MATCH)
09-01 09:40:55.174 W/OpenGLRenderer( 1948): Failed to set EGL_SWAP_BEHAVIOR on surface 0x7fffd4f64980, error=EGL_BAD_MATCH
09-01 09:40:55.175 D/EGL_adreno( 1948): eglMakeCurrent: 0x7fffeb43c820: ver 3 1 (tinfo 0x7fffeb40d4a0)
09-01 09:40:58.634 W/WindowManager( 1282): Attempted to remove non-existing token: android.os.Binder@95361f2
09-01 09:40:58.637 D/EGL_adreno( 1948): eglMakeCurrent: 0x7fffeb43c820: ver 3 1 (tinfo 0x7fffeb40d4a0)
09-01 09:40:58.692 E/EGL_adreno( 1948): tid 1965: eglSurfaceAttrib(1338): error 0x3009 (EGL_BAD_MATCH)
09-01 09:40:58.692 W/OpenGLRenderer( 1948): Failed to set EGL_SWAP_BEHAVIOR on surface 0x7fffd4f64980, error=EGL_BAD_MATCH
09-01 09:40:58.707 D/EGL_adreno( 1948): eglMakeCurrent: 0x7fffeb43c820: ver 3 1 (tinfo 0x7fffeb40d4a0)
09-01 09:41:02.144 W/WindowManager( 1282): Attempted to remove non-existing token: android.os.Binder@384a043
09-01 09:41:02.146 D/EGL_adreno( 1948): eglMakeCurrent: 0x7fffeb43c820: ver 3 1 (tinfo 0x7fffeb40d4a0)
09-01 09:41:02.191 E/EGL_adreno( 1948): tid 1965: eglSurfaceAttrib(1338): error 0x3009 (EGL_BAD_MATCH)
09-01 09:41:02.191 W/OpenGLRenderer( 1948): Failed to set EGL_SWAP_BEHAVIOR on surface 0x7fffd4f64980, error=EGL_BAD_MATCH
09-01 09:41:02.202 D/EGL_adreno( 1948): eglMakeCurrent: 0x7fffeb43c820: ver 3 1 (tinfo 0x7fffeb40d4a0)
09-01 09:41:05.648 W/WindowManager( 1282): Attempted to remove non-existing token: android.os.Binder@a31ab3e
09-01 09:41:05.650 D/EGL_adreno( 1948): eglMakeCurrent: 0x7fffeb43c820: ver 3 1 (tinfo 0x7fffeb40d4a0)
09-01 09:41:05.695 E/EGL_adreno( 1948): tid 1965: eglSurfaceAttrib(1338): error 0x3009 (EGL_BAD_MATCH)
09-01 09:41:05.695 W/OpenGLRenderer( 1948): Failed to set EGL_SWAP_BEHAVIOR on surface 0x7fffd4f64980, error=EGL_BAD_MATCH
09-01 09:41:05.697 D/EGL_adreno( 1948): eglMakeCurrent: 0x7fffeb43c820: ver 3 1 (tinfo 0x7fffeb40d4a0)
09-01 09:41:09.153 W/WindowManager( 1282): Attempted to remove non-existing token: android.os.Binder@329c2b5
09-01 09:41:09.155 D/EGL_adreno( 1948): eglMakeCurrent: 0x7fffeb43c820: ver 3 1 (tinfo 0x7fffeb40d4a0)
09-01 09:41:09.211 E/EGL_adreno( 1948): tid 1965: eglSurfaceAttrib(1338): error 0x3009 (EGL_BAD_MATCH)
09-01 09:41:09.211 W/OpenGLRenderer( 1948): Failed to set EGL_SWAP_BEHAVIOR on surface 0x7fffd4f64980, error=EGL_BAD_MATCH
09-01 09:41:09.220 D/EGL_adreno( 1948): eglMakeCurrent: 0x7fffeb43c820: ver 3 1 (tinfo 0x7fffeb40d4a0)
09-01 09:41:12.657 W/WindowManager( 1282): Attempted to remove non-existing token: android.os.Binder@f193d4a
09-01 09:41:12.659 D/EGL_adreno( 1948): eglMakeCurrent: 0x7fffeb43c820: ver 3 1 (tinfo 0x7fffeb40d4a0)
09-01 09:41:12.708 E/EGL_adreno( 1948): tid 1965: eglSurfaceAttrib(1338): error 0x3009 (EGL_BAD_MATCH)
09-01 09:41:12.708 W/OpenGLRenderer( 1948): Failed to set EGL_SWAP_BEHAVIOR on surface 0x7fffd4f64980, error=EGL_BAD_MATCH
09-01 09:41:12.719 D/EGL_adreno( 1948): eglMakeCurrent: 0x7fffeb43c820: ver 3 1 (tinfo 0x7fffeb40d4a0)
09-01 09:41:13.045 D/WifiStateMachine( 1282): setScanResults mScanResults.size=1
09-01 09:41:16.160 W/WindowManager( 1282): Attempted to remove non-existing token: android.os.Binder@fa7d4bb
09-01 09:41:16.162 D/EGL_adreno( 1948): eglMakeCurrent: 0x7fffeb43c820: ver 3 1 (tinfo 0x7fffeb40d4a0)
09-01 09:41:16.207 E/EGL_adreno( 1948): tid 1965: eglSurfaceAttrib(1338): error 0x3009 (EGL_BAD_MATCH)
09-01 09:41:16.208 W/OpenGLRenderer( 1948): Failed to set EGL_SWAP_BEHAVIOR on surface 0x7fffd4f64980, error=EGL_BAD_MATCH
09-01 09:41:16.219 D/EGL_adreno( 1948): eglMakeCurrent: 0x7fffeb43c820: ver 3 1 (tinfo 0x7fffeb40d4a0)
09-01 09:41:19.665 W/WindowManager( 1282): Attempted to remove non-existing token: android.os.Binder@e8bdd8
09-01 09:41:19.668 D/EGL_adreno( 1948): eglMakeCurrent: 0x7fffeb43c820: ver 3 1 (tinfo 0x7fffeb40d4a0)
09-01 09:41:19.707 E/EGL_adreno( 1948): tid 1965: eglSurfaceAttrib(1338): error 0x3009 (EGL_BAD_MATCH)
09-01 09:41:19.707 W/OpenGLRenderer( 1948): Failed to set EGL_SWAP_BEHAVIOR on surface 0x7fffd4f64980, error=EGL_BAD_MATCH
09-01 09:41:19.719 D/EGL_adreno( 1948): eglMakeCurrent: 0x7fffeb43c820: ver 3 1 (tinfo 0x7fffeb40d4a0)
09-01 09:41:23.171 W/WindowManager( 1282): Attempted to remove non-existing token: android.os.Binder@a00d531
09-01 09:41:23.173 D/EGL_adreno( 1948): eglMakeCurrent: 0x7fffeb43c820: ver 3 1 (tinfo 0x7fffeb40d4a0)
09-01 09:41:23.225 E/EGL_adreno( 1948): tid 1965: eglSurfaceAttrib(1338): error 0x3009 (EGL_BAD_MATCH)
09-01 09:41:23.225 W/OpenGLRenderer( 1948): Failed to set EGL_SWAP_BEHAVIOR on surface 0x7fffd4f64980, error=EGL_BAD_MATCH
09-01 09:41:23.235 D/EGL_adreno( 1948): eglMakeCurrent: 0x7fffeb43c820: ver 3 1 (tinfo 0x7fffeb40d4a0)
09-01 09:41:26.676 W/WindowManager( 1282): Attempted to remove non-existing token: android.os.Binder@835e416
09-01 09:41:26.678 D/EGL_adreno( 1948): eglMakeCurrent: 0x7fffeb43c820: ver 3 1 (tinfo 0x7fffeb40d4a0)
09-01 09:41:26.741 E/EGL_adreno( 1948): tid 1965: eglSurfaceAttrib(1338): error 0x3009 (EGL_BAD_MATCH)
09-01 09:41:26.741 W/OpenGLRenderer( 1948): Failed to set EGL_SWAP_BEHAVIOR on surface 0x7fffd4f64980, error=EGL_BAD_MATCH
09-01 09:41:26.752 D/EGL_adreno( 1948): eglMakeCurrent: 0x7fffeb43c820: ver 3 1 (tinfo 0x7fffeb40d4a0)
09-01 09:41:30.184 W/WindowManager( 1282): Attempted to remove non-existing token: android.os.Binder@9750197
09-01 09:41:30.186 D/EGL_adreno( 1948): eglMakeCurrent: 0x7fffeb43c820: ver 3 1 (tinfo 0x7fffeb40d4a0)
09-01 09:41:30.247 E/EGL_adreno( 1948): tid 1965: eglSurfaceAttrib(1338): error 0x3009 (EGL_BAD_MATCH)
09-01 09:41:30.247 W/OpenGLRenderer( 1948): Failed to set EGL_SWAP_BEHAVIOR on surface 0x7fffd4f64980, error=EGL_BAD_MATCH
09-01 09:41:30.252 D/EGL_adreno( 1948): eglMakeCurrent: 0x7fffeb43c820: ver 3 1 (tinfo 0x7fffeb40d4a0)
09-01 09:41:33.689 W/WindowManager( 1282): Attempted to remove non-existing token: android.os.Binder@f17df84
09-01 09:41:33.692 D/EGL_adreno( 1948): eglMakeCurrent: 0x7fffeb43c820: ver 3 1 (tinfo 0x7fffeb40d4a0)
09-01 09:41:33.740 E/EGL_adreno( 1948): tid 1965: eglSurfaceAttrib(1338): error 0x3009 (EGL_BAD_MATCH)
09-01 09:41:33.740 W/OpenGLRenderer( 1948): Failed to set EGL_SWAP_BEHAVIOR on surface 0x7fffd4f64980, error=EGL_BAD_MATCH
09-01 09:41:33.743 D/EGL_adreno( 1948): eglMakeCurrent: 0x7fffeb43c820: ver 3 1 (tinfo 0x7fffeb40d4a0)
09-01 09:41:37.193 W/WindowManager( 1282): Attempted to remove non-existing token: android.os.Binder@75c936d
09-01 09:41:37.195 D/EGL_adreno( 1948): eglMakeCurrent: 0x7fffeb43c820: ver 3 1 (tinfo 0x7fffeb40d4a0)
09-01 09:41:37.239 E/EGL_adreno( 1948): tid 1965: eglSurfaceAttrib(1338): error 0x3009 (EGL_BAD_MATCH)
09-01 09:41:37.239 W/OpenGLRenderer( 1948): Failed to set EGL_SWAP_BEHAVIOR on surface 0x7fffd4f64980, error=EGL_BAD_MATCH
09-01 09:41:37.242 D/EGL_adreno( 1948): eglMakeCurrent: 0x7fffeb43c820: ver 3 1 (tinfo 0x7fffeb40d4a0)
09-01 09:41:40.697 W/WindowManager( 1282): Attempted to remove non-existing token: android.os.Binder@aa42ba2
09-01 09:41:40.699 D/EGL_adreno( 1948): eglMakeCurrent: 0x7fffeb43c820: ver 3 1 (tinfo 0x7fffeb40d4a0)
09-01 09:41:40.764 E/EGL_adreno( 1948): tid 1965: eglSurfaceAttrib(1338): error 0x3009 (EGL_BAD_MATCH)
09-01 09:41:40.764 W/OpenGLRenderer( 1948): Failed to set EGL_SWAP_BEHAVIOR on surface 0x7fffd4f64980, error=EGL_BAD_MATCH
09-01 09:41:40.769 D/EGL_adreno( 1948): eglMakeCurrent: 0x7fffeb43c820: ver 3 1 (tinfo 0x7fffeb40d4a0)
09-01 09:41:44.202 W/WindowManager( 1282): Attempted to remove non-existing token: android.os.Binder@e7e2033
09-01 09:41:44.205 D/EGL_adreno( 1948): eglMakeCurrent: 0x7fffeb43c820: ver 3 1 (tinfo 0x7fffeb40d4a0)
09-01 09:41:44.256 E/EGL_adreno( 1948): tid 1965: eglSurfaceAttrib(1338): error 0x3009 (EGL_BAD_MATCH)
09-01 09:41:44.256 W/OpenGLRenderer( 1948): Failed to set EGL_SWAP_BEHAVIOR on surface 0x7fffd4f64980, error=EGL_BAD_MATCH
09-01 09:41:44.258 D/EGL_adreno( 1948): eglMakeCurrent: 0x7fffeb43c820: ver 3 1 (tinfo 0x7fffeb40d4a0)
09-01 09:41:47.707 W/WindowManager( 1282): Attempted to remove non-existing token: android.os.Binder@3f56ff0
09-01 09:41:47.709 D/EGL_adreno( 1948): eglMakeCurrent: 0x7fffeb43c820: ver 3 1 (tinfo 0x7fffeb40d4a0)
09-01 09:41:47.756 E/EGL_adreno( 1948): tid 1965: eglSurfaceAttrib(1338): error 0x3009 (EGL_BAD_MATCH)
09-01 09:41:47.757 W/OpenGLRenderer( 1948): Failed to set EGL_SWAP_BEHAVIOR on surface 0x7fffd4f64980, error=EGL_BAD_MATCH
09-01 09:41:47.768 D/EGL_adreno( 1948): eglMakeCurrent: 0x7fffeb43c820: ver 3 1 (tinfo 0x7fffeb40d4a0)
09-01 09:41:51.212 W/WindowManager( 1282): Attempted to remove non-existing token: android.os.Binder@b3bf969
09-01 09:41:51.214 D/EGL_adreno( 1948): eglMakeCurrent: 0x7fffeb43c820: ver 3 1 (tinfo 0x7fffeb40d4a0)
09-01 09:41:51.257 E/EGL_adreno( 1948): tid 1965: eglSurfaceAttrib(1338): error 0x3009 (EGL_BAD_MATCH)
09-01 09:41:51.257 W/OpenGLRenderer( 1948): Failed to set EGL_SWAP_BEHAVIOR on surface 0x7fffd4f64980, error=EGL_BAD_MATCH
09-01 09:41:51.259 D/EGL_adreno( 1948): eglMakeCurrent: 0x7fffeb43c820: ver 3 1 (tinfo 0x7fffeb40d4a0)
09-01 09:41:54.716 W/WindowManager( 1282): Attempted to remove non-existing token: android.os.Binder@ebd5fee
09-01 09:41:54.718 D/EGL_adreno( 1948): eglMakeCurrent: 0x7fffeb43c820: ver 3 1 (tinfo 0x7fffeb40d4a0)
09-01 09:41:54.757 E/EGL_adreno( 1948): tid 1965: eglSurfaceAttrib(1338): error 0x3009 (EGL_BAD_MATCH)
09-01 09:41:54.757 W/OpenGLRenderer( 1948): Failed to set EGL_SWAP_BEHAVIOR on surface 0x7fffd4f64980, error=EGL_BAD_MATCH
09-01 09:41:54.759 D/EGL_adreno( 1948): eglMakeCurrent: 0x7fffeb43c820: ver 3 1 (tinfo 0x7fffeb40d4a0)
09-01 09:41:58.220 W/WindowManager( 1282): Attempted to remove non-existing token: android.os.Binder@9f08c8f
09-01 09:41:58.223 D/EGL_adreno( 1948): eglMakeCurrent: 0x7fffeb43c820: ver 3 1 (tinfo 0x7fffeb40d4a0)
09-01 09:41:58.279 E/EGL_adreno( 1948): tid 1965: eglSurfaceAttrib(1338): error 0x3009 (EGL_BAD_MATCH)
09-01 09:41:58.279 W/OpenGLRenderer( 1948): Failed to set EGL_SWAP_BEHAVIOR on surface 0x7fffd4f64980, error=EGL_BAD_MATCH
09-01 09:41:58.303 D/EGL_adreno( 1948): eglMakeCurrent: 0x7fffeb43c820: ver 3 1 (tinfo 0x7fffeb40d4a0)
09-01 09:42:01.723 W/WindowManager( 1282): Attempted to remove non-existing token: android.os.Binder@bd99b1c
09-01 09:42:01.726 D/EGL_adreno( 1948): eglMakeCurrent: 0x7fffeb43c820: ver 3 1 (tinfo 0x7fffeb40d4a0)
09-01 09:42:01.774 E/EGL_adreno( 1948): tid 1965: eglSurfaceAttrib(1338): error 0x3009 (EGL_BAD_MATCH)
09-01 09:42:01.774 W/OpenGLRenderer( 1948): Failed to set EGL_SWAP_BEHAVIOR on surface 0x7fffd4f64980, error=EGL_BAD_MATCH
09-01 09:42:01.777 D/EGL_adreno( 1948): eglMakeCurrent: 0x7fffeb43c820: ver 3 1 (tinfo 0x7fffeb40d4a0)
09-01 09:42:05.228 W/WindowManager( 1282): Attempted to remove non-existing token: android.os.Binder@c91c325
09-01 09:42:05.231 D/EGL_adreno( 1948): eglMakeCurrent: 0x7fffeb43c820: ver 3 1 (tinfo 0x7fffeb40d4a0)
09-01 09:42:05.273 E/EGL_adreno( 1948): tid 1965: eglSurfaceAttrib(1338): error 0x3009 (EGL_BAD_MATCH)
09-01 09:42:05.273 W/OpenGLRenderer( 1948): Failed to set EGL_SWAP_BEHAVIOR on surface 0x7fffd4f64980, error=EGL_BAD_MATCH
09-01 09:42:05.274 D/EGL_adreno( 1948): eglMakeCurrent: 0x7fffeb43c820: ver 3 1 (tinfo 0x7fffeb40d4a0)
09-01 09:42:08.732 W/WindowManager( 1282): Attempted to remove non-existing token: android.os.Binder@7238cfa
09-01 09:42:08.735 D/EGL_adreno( 1948): eglMakeCurrent: 0x7fffeb43c820: ver 3 1 (tinfo 0x7fffeb40d4a0)
09-01 09:42:08.812 E/EGL_adreno( 1948): tid 1965: eglSurfaceAttrib(1338): error 0x3009 (EGL_BAD_MATCH)
09-01 09:42:08.812 W/OpenGLRenderer( 1948): Failed to set EGL_SWAP_BEHAVIOR on surface 0x7fffd4f64980, error=EGL_BAD_MATCH
09-01 09:42:08.819 D/EGL_adreno( 1948): eglMakeCurrent: 0x7fffeb43c820: ver 3 1 (tinfo 0x7fffeb40d4a0)
09-01 09:42:12.237 W/WindowManager( 1282): Attempted to remove non-existing token: android.os.Binder@27362ab
09-01 09:42:12.239 D/EGL_adreno( 1948): eglMakeCurrent: 0x7fffeb43c820: ver 3 1 (tinfo 0x7fffeb40d4a0)
09-01 09:42:12.312 E/EGL_adreno( 1948): tid 1965: eglSurfaceAttrib(1338): error 0x3009 (EGL_BAD_MATCH)
09-01 09:42:12.312 W/OpenGLRenderer( 1948): Failed to set EGL_SWAP_BEHAVIOR on surface 0x7fffd4f64980, error=EGL_BAD_MATCH
09-01 09:42:12.320 D/EGL_adreno( 1948): eglMakeCurrent: 0x7fffeb43c820: ver 3 1 (tinfo 0x7fffeb40d4a0)
09-01 09:42:15.742 W/WindowManager( 1282): Attempted to remove non-existing token: android.os.Binder@e734d08
09-01 09:42:15.745 D/EGL_adreno( 1948): eglMakeCurrent: 0x7fffeb43c820: ver 3 1 (tinfo 0x7fffeb40d4a0)
09-01 09:42:15.793 E/EGL_adreno( 1948): tid 1965: eglSurfaceAttrib(1338): error 0x3009 (EGL_BAD_MATCH)
09-01 09:42:15.793 W/OpenGLRenderer( 1948): Failed to set EGL_SWAP_BEHAVIOR on surface 0x7fffd4f64980, error=EGL_BAD_MATCH
09-01 09:42:15.802 D/EGL_adreno( 1948): eglMakeCurrent: 0x7fffeb43c820: ver 3 1 (tinfo 0x7fffeb40d4a0)
09-01 09:42:19.246 W/WindowManager( 1282): Attempted to remove non-existing token: android.os.Binder@4c06ca1
09-01 09:42:19.248 D/EGL_adreno( 1948): eglMakeCurrent: 0x7fffeb43c820: ver 3 1 (tinfo 0x7fffeb40d4a0)
09-01 09:42:19.289 E/EGL_adreno( 1948): tid 1965: eglSurfaceAttrib(1338): error 0x3009 (EGL_BAD_MATCH)
09-01 09:42:19.289 W/OpenGLRenderer( 1948): Failed to set EGL_SWAP_BEHAVIOR on surface 0x7fffd4f64980, error=EGL_BAD_MATCH
09-01 09:42:19.302 D/EGL_adreno( 1948): eglMakeCurrent: 0x7fffeb43c820: ver 3 1 (tinfo 0x7fffeb40d4a0)
09-01 09:42:22.757 W/WindowManager( 1282): Attempted to remove non-existing token: android.os.Binder@c8d7ec6
09-01 09:42:22.760 D/EGL_adreno( 1948): eglMakeCurrent: 0x7fffeb43c820: ver 3 1 (tinfo 0x7fffeb40d4a0)
09-01 09:42:22.806 E/EGL_adreno( 1948): tid 1965: eglSurfaceAttrib(1338): error 0x3009 (EGL_BAD_MATCH)
09-01 09:42:22.806 W/OpenGLRenderer( 1948): Failed to set EGL_SWAP_BEHAVIOR on surface 0x7fffd4f64980, error=EGL_BAD_MATCH
09-01 09:42:22.809 D/EGL_adreno( 1948): eglMakeCurrent: 0x7fffeb43c820: ver 3 1 (tinfo 0x7fffeb40d4a0)
09-01 09:42:26.272 W/WindowManager( 1282): Attempted to remove non-existing token: android.os.Binder@8037e87
09-01 09:42:26.275 D/EGL_adreno( 1948): eglMakeCurrent: 0x7fffeb43c820: ver 3 1 (tinfo 0x7fffeb40d4a0)
09-01 09:42:26.324 E/EGL_adreno( 1948): tid 1965: eglSurfaceAttrib(1338): error 0x3009 (EGL_BAD_MATCH)
09-01 09:42:26.324 W/OpenGLRenderer( 1948): Failed to set EGL_SWAP_BEHAVIOR on surface 0x7fffd4f64980, error=EGL_BAD_MATCH
09-01 09:42:26.325 D/EGL_adreno( 1948): eglMakeCurrent: 0x7fffeb43c820: ver 3 1 (tinfo 0x7fffeb40d4a0)
09-01 09:42:29.778 W/WindowManager( 1282): Attempted to remove non-existing token: android.os.Binder@d7431b4
09-01 09:42:29.781 D/EGL_adreno( 1948): eglMakeCurrent: 0x7fffeb43c820: ver 3 1 (tinfo 0x7fffeb40d4a0)
09-01 09:42:29.824 E/EGL_adreno( 1948): tid 1965: eglSurfaceAttrib(1338): error 0x3009 (EGL_BAD_MATCH)
09-01 09:42:29.824 W/OpenGLRenderer( 1948): Failed to set EGL_SWAP_BEHAVIOR on surface 0x7fffd4f64980, error=EGL_BAD_MATCH
09-01 09:42:29.827 D/EGL_adreno( 1948): eglMakeCurrent: 0x7fffeb43c820: ver 3 1 (tinfo 0x7fffeb40d4a0)
09-01 09:42:33.284 W/WindowManager( 1282): Attempted to remove non-existing token: android.os.Binder@6d631dd
09-01 09:42:33.287 D/EGL_adreno( 1948): eglMakeCurrent: 0x7fffeb43c820: ver 3 1 (tinfo 0x7fffeb40d4a0)
09-01 09:42:33.339 E/EGL_adreno( 1948): tid 1965: eglSurfaceAttrib(1338): error 0x3009 (EGL_BAD_MATCH)
09-01 09:42:33.339 W/OpenGLRenderer( 1948): Failed to set EGL_SWAP_BEHAVIOR on surface 0x7fffd4f64980, error=EGL_BAD_MATCH
09-01 09:42:33.340 D/EGL_adreno( 1948): eglMakeCurrent: 0x7fffeb43c820: ver 3 1 (tinfo 0x7fffeb40d4a0)
09-01 09:42:37.149 W/WindowManager( 1282): Attempted to remove non-existing token: android.os.Binder@a52c152
09-01 09:42:37.152 D/EGL_adreno( 1948): eglMakeCurrent: 0x7fffeb43c820: ver 3 1 (tinfo 0x7fffeb40d4a0)
09-01 09:42:37.192 E/EGL_adreno( 1948): tid 1965: eglSurfaceAttrib(1338): error 0x3009 (EGL_BAD_MATCH)
09-01 09:42:37.192 W/OpenGLRenderer( 1948): Failed to set EGL_SWAP_BEHAVIOR on surface 0x7fffd4f64980, error=EGL_BAD_MATCH
09-01 09:42:37.195 D/EGL_adreno( 1948): eglMakeCurrent: 0x7fffeb43c820: ver 3 1 (tinfo 0x7fffeb40d4a0)
09-01 09:42:41.000 W/WindowManager( 1282): Attempted to remove non-existing token: android.os.Binder@38f7c23
09-01 09:42:41.003 D/EGL_adreno( 1948): eglMakeCurrent: 0x7fffeb43c820: ver 3 1 (tinfo 0x7fffeb40d4a0)
09-01 09:42:41.075 E/EGL_adreno( 1948): tid 1965: eglSurfaceAttrib(1338): error 0x3009 (EGL_BAD_MATCH)
09-01 09:42:41.075 W/OpenGLRenderer( 1948): Failed to set EGL_SWAP_BEHAVIOR on surface 0x7fffd4f64980, error=EGL_BAD_MATCH
09-01 09:42:41.081 D/EGL_adreno( 1948): eglMakeCurrent: 0x7fffeb43c820: ver 3 1 (tinfo 0x7fffeb40d4a0)
09-01 09:42:44.514 W/WindowManager( 1282): Attempted to remove non-existing token: android.os.Binder@1fcb520
09-01 09:42:44.516 D/EGL_adreno( 1948): eglMakeCurrent: 0x7fffeb43c820: ver 3 1 (tinfo 0x7fffeb40d4a0)
09-01 09:42:44.574 E/EGL_adreno( 1948): tid 1965: eglSurfaceAttrib(1338): error 0x3009 (EGL_BAD_MATCH)
09-01 09:42:44.574 W/OpenGLRenderer( 1948): Failed to set EGL_SWAP_BEHAVIOR on surface 0x7fffd4f64980, error=EGL_BAD_MATCH
09-01 09:42:44.605 D/EGL_adreno( 1948): eglMakeCurrent: 0x7fffeb43c820: ver 3 1 (tinfo 0x7fffeb40d4a0)
09-01 09:42:48.019 W/WindowManager( 1282): Attempted to remove non-existing token: android.os.Binder@e890ed9
09-01 09:42:48.021 D/EGL_adreno( 1948): eglMakeCurrent: 0x7fffeb43c820: ver 3 1 (tinfo 0x7fffeb40d4a0)
09-01 09:42:48.074 E/EGL_adreno( 1948): tid 1965: eglSurfaceAttrib(1338): error 0x3009 (EGL_BAD_MATCH)
09-01 09:42:48.074 W/OpenGLRenderer( 1948): Failed to set EGL_SWAP_BEHAVIOR on surface 0x7fffd4f64980, error=EGL_BAD_MATCH
09-01 09:42:48.075 D/EGL_adreno( 1948): eglMakeCurrent: 0x7fffeb43c820: ver 3 1 (tinfo 0x7fffeb40d4a0)
09-01 09:42:51.533 W/WindowManager( 1282): Attempted to remove non-existing token: android.os.Binder@7b7a09e
09-01 09:42:51.536 D/EGL_adreno( 1948): eglMakeCurrent: 0x7fffeb43c820: ver 3 1 (tinfo 0x7fffeb40d4a0)
09-01 09:42:51.599 E/EGL_adreno( 1948): tid 1965: eglSurfaceAttrib(1338): error 0x3009 (EGL_BAD_MATCH)
09-01 09:42:51.599 W/OpenGLRenderer( 1948): Failed to set EGL_SWAP_BEHAVIOR on surface 0x7fffd4f64980, error=EGL_BAD_MATCH
09-01 09:42:51.602 D/EGL_adreno( 1948): eglMakeCurrent: 0x7fffeb43c820: ver 3 1 (tinfo 0x7fffeb40d4a0)
09-01 09:42:55.038 W/WindowManager( 1282): Attempted to remove non-existing token: android.os.Binder@453b77f
09-01 09:42:55.040 D/EGL_adreno( 1948): eglMakeCurrent: 0x7fffeb43c820: ver 3 1 (tinfo 0x7fffeb40d4a0)
09-01 09:42:55.090 E/EGL_adreno( 1948): tid 1965: eglSurfaceAttrib(1338): error 0x3009 (EGL_BAD_MATCH)
09-01 09:42:55.090 W/OpenGLRenderer( 1948): Failed to set EGL_SWAP_BEHAVIOR on surface 0x7fffd4f64980, error=EGL_BAD_MATCH
09-01 09:42:55.092 D/EGL_adreno( 1948): eglMakeCurrent: 0x7fffeb43c820: ver 3 1 (tinfo 0x7fffeb40d4a0)
09-01 09:42:58.545 W/WindowManager( 1282): Attempted to remove non-existing token: android.os.Binder@4c8034c
09-01 09:42:58.547 D/EGL_adreno( 1948): eglMakeCurrent: 0x7fffeb43c820: ver 3 1 (tinfo 0x7fffeb40d4a0)
09-01 09:42:58.597 E/EGL_adreno( 1948): tid 1965: eglSurfaceAttrib(1338): error 0x3009 (EGL_BAD_MATCH)
09-01 09:42:58.597 W/OpenGLRenderer( 1948): Failed to set EGL_SWAP_BEHAVIOR on surface 0x7fffd4f64980, error=EGL_BAD_MATCH
09-01 09:42:58.602 D/EGL_adreno( 1948): eglMakeCurrent: 0x7fffeb43c820: ver 3 1 (tinfo 0x7fffeb40d4a0)
09-01 09:43:02.048 W/WindowManager( 1282): Attempted to remove non-existing token: android.os.Binder@2f2bf95
09-01 09:43:02.051 D/EGL_adreno( 1948): eglMakeCurrent: 0x7fffeb43c820: ver 3 1 (tinfo 0x7fffeb40d4a0)
09-01 09:43:02.107 E/EGL_adreno( 1948): tid 1965: eglSurfaceAttrib(1338): error 0x3009 (EGL_BAD_MATCH)
09-01 09:43:02.107 W/OpenGLRenderer( 1948): Failed to set EGL_SWAP_BEHAVIOR on surface 0x7fffd4f64980, error=EGL_BAD_MATCH
09-01 09:43:02.109 D/EGL_adreno( 1948): eglMakeCurrent: 0x7fffeb43c820: ver 3 1 (tinfo 0x7fffeb40d4a0)
09-01 09:43:05.561 W/WindowManager( 1282): Attempted to remove non-existing token: android.os.Binder@9f928aa
09-01 09:43:05.563 D/EGL_adreno( 1948): eglMakeCurrent: 0x7fffeb43c820: ver 3 1 (tinfo 0x7fffeb40d4a0)
09-01 09:43:05.608 E/EGL_adreno( 1948): tid 1965: eglSurfaceAttrib(1338): error 0x3009 (EGL_BAD_MATCH)
09-01 09:43:05.608 W/OpenGLRenderer( 1948): Failed to set EGL_SWAP_BEHAVIOR on surface 0x7fffd4f64980, error=EGL_BAD_MATCH
09-01 09:43:05.609 D/EGL_adreno( 1948): eglMakeCurrent: 0x7fffeb43c820: ver 3 1 (tinfo 0x7fffeb40d4a0)
09-01 09:43:09.067 W/WindowManager( 1282): Attempted to remove non-existing token: android.os.Binder@6f64c9b
09-01 09:43:09.069 D/EGL_adreno( 1948): eglMakeCurrent: 0x7fffeb43c820: ver 3 1 (tinfo 0x7fffeb40d4a0)
09-01 09:43:09.128 E/EGL_adreno( 1948): tid 1965: eglSurfaceAttrib(1338): error 0x3009 (EGL_BAD_MATCH)
09-01 09:43:09.128 W/OpenGLRenderer( 1948): Failed to set EGL_SWAP_BEHAVIOR on surface 0x7fffd4f64980, error=EGL_BAD_MATCH
09-01 09:43:09.135 D/EGL_adreno( 1948): eglMakeCurrent: 0x7fffeb43c820: ver 3 1 (tinfo 0x7fffeb40d4a0)
09-01 09:43:12.571 W/WindowManager( 1282): Attempted to remove non-existing token: android.os.Binder@d180838
09-01 09:43:12.573 D/EGL_adreno( 1948): eglMakeCurrent: 0x7fffeb43c820: ver 3 1 (tinfo 0x7fffeb40d4a0)
09-01 09:43:12.643 E/EGL_adreno( 1948): tid 1965: eglSurfaceAttrib(1338): error 0x3009 (EGL_BAD_MATCH)
09-01 09:43:12.643 W/OpenGLRenderer( 1948): Failed to set EGL_SWAP_BEHAVIOR on surface 0x7fffd4f64980, error=EGL_BAD_MATCH
09-01 09:43:12.652 D/EGL_adreno( 1948): eglMakeCurrent: 0x7fffeb43c820: ver 3 1 (tinfo 0x7fffeb40d4a0)
09-01 09:43:16.077 W/WindowManager( 1282): Attempted to remove non-existing token: android.os.Binder@90cc011
09-01 09:43:16.078 D/EGL_adreno( 1948): eglMakeCurrent: 0x7fffeb43c820: ver 3 1 (tinfo 0x7fffeb40d4a0)
09-01 09:43:16.125 E/EGL_adreno( 1948): tid 1965: eglSurfaceAttrib(1338): error 0x3009 (EGL_BAD_MATCH)
09-01 09:43:16.125 W/OpenGLRenderer( 1948): Failed to set EGL_SWAP_BEHAVIOR on surface 0x7fffd4f64980, error=EGL_BAD_MATCH
09-01 09:43:16.127 D/EGL_adreno( 1948): eglMakeCurrent: 0x7fffeb43c820: ver 3 1 (tinfo 0x7fffeb40d4a0)
09-01 09:43:19.582 W/WindowManager( 1282): Attempted to remove non-existing token: android.os.Binder@b192576
09-01 09:43:19.585 D/EGL_adreno( 1948): eglMakeCurrent: 0x7fffeb43c820: ver 3 1 (tinfo 0x7fffeb40d4a0)
09-01 09:43:19.643 E/EGL_adreno( 1948): tid 1965: eglSurfaceAttrib(1338): error 0x3009 (EGL_BAD_MATCH)
09-01 09:43:19.643 W/OpenGLRenderer( 1948): Failed to set EGL_SWAP_BEHAVIOR on surface 0x7fffd4f64980, error=EGL_BAD_MATCH
09-01 09:43:19.652 D/EGL_adreno( 1948): eglMakeCurrent: 0x7fffeb43c820: ver 3 1 (tinfo 0x7fffeb40d4a0)
09-01 09:43:23.205 W/WindowManager( 1282): Attempted to remove non-existing token: android.os.Binder@2631777
09-01 09:43:23.207 D/EGL_adreno( 1948): eglMakeCurrent: 0x7fffeb43c820: ver 3 1 (tinfo 0x7fffeb40d4a0)
09-01 09:43:23.258 E/EGL_adreno( 1948): tid 1965: eglSurfaceAttrib(1338): error 0x3009 (EGL_BAD_MATCH)
09-01 09:43:23.258 W/OpenGLRenderer( 1948): Failed to set EGL_SWAP_BEHAVIOR on surface 0x7fffd4f64980, error=EGL_BAD_MATCH
09-01 09:43:23.259 D/EGL_adreno( 1948): eglMakeCurrent: 0x7fffeb43c820: ver 3 1 (tinfo 0x7fffeb40d4a0)
09-01 09:43:26.708 W/WindowManager( 1282): Attempted to remove non-existing token: android.os.Binder@2616fe4
09-01 09:43:26.711 D/EGL_adreno( 1948): eglMakeCurrent: 0x7fffeb43c820: ver 3 1 (tinfo 0x7fffeb40d4a0)
09-01 09:43:26.757 E/EGL_adreno( 1948): tid 1965: eglSurfaceAttrib(1338): error 0x3009 (EGL_BAD_MATCH)
09-01 09:43:26.757 W/OpenGLRenderer( 1948): Failed to set EGL_SWAP_BEHAVIOR on surface 0x7fffd4f64980, error=EGL_BAD_MATCH
09-01 09:43:26.759 D/EGL_adreno( 1948): eglMakeCurrent: 0x7fffeb43c820: ver 3 1 (tinfo 0x7fffeb40d4a0)
09-01 09:43:30.289 W/WindowManager( 1282): Attempted to remove non-existing token: android.os.Binder@1ec4c4d
09-01 09:43:30.291 D/EGL_adreno( 1948): eglMakeCurrent: 0x7fffeb43c820: ver 3 1 (tinfo 0x7fffeb40d4a0)
09-01 09:43:30.340 E/EGL_adreno( 1948): tid 1965: eglSurfaceAttrib(1338): error 0x3009 (EGL_BAD_MATCH)
09-01 09:43:30.340 W/OpenGLRenderer( 1948): Failed to set EGL_SWAP_BEHAVIOR on surface 0x7fffd4f64980, error=EGL_BAD_MATCH
09-01 09:43:30.341 D/EGL_adreno( 1948): eglMakeCurrent: 0x7fffeb43c820: ver 3 1 (tinfo 0x7fffeb40d4a0)
09-01 09:43:33.794 W/WindowManager( 1282): Attempted to remove non-existing token: android.os.Binder@16a2302
09-01 09:43:33.797 D/EGL_adreno( 1948): eglMakeCurrent: 0x7fffeb43c820: ver 3 1 (tinfo 0x7fffeb40d4a0)
09-01 09:43:53.044 D/WifiStateMachine( 1282): setScanResults mScanResults.size=1
09-01 09:43:58.264 W/ContextImpl( 1676): Calling a method in the system process without a qualified user: android.app.ContextImpl.startService:1358 android.content.ContextWrapper.startService:613 android.content.ContextWrapper.startService:613 com.android.coreservice.CoreBroadcastReceiver.onReceive:44 android.app.ActivityThread.handleReceiver:3073 
09-01 09:43:58.461 W/ContextImpl( 1676): Calling a method in the system process without a qualified user: android.app.ContextImpl.startService:1358 android.content.ContextWrapper.startService:613 android.content.ContextWrapper.startService:613 com.android.coreservice.CoreBroadcastReceiver.onReceive:53 android.app.ActivityThread.handleReceiver:3073 
09-01 09:43:58.662 W/art     ( 1282): Long monitor contention with owner Binder:1282_9 (1776) at int com.android.server.wm.WindowManagerService.relayoutWindow(com.android.server.wm.Session, android.view.IWindow, int, android.view.WindowManager$LayoutParams, int, int, int, int, android.graphics.Rect, android.graphics.Rect, android.graphics.Rect, android.graphics.Rect, android.graphics.Rect, android.graphics.Rect, android.graphics.Rect, android.content.res.Configuration, android.view.Surface)(WindowManagerService.java:2874) waiters=0 in void com.android.server.wm.WindowAnimator$1.doFrame(long) for 178ms
09-01 09:43:58.726 E/EGL_adreno( 1948): tid 1965: eglSurfaceAttrib(1338): error 0x3009 (EGL_BAD_MATCH)
09-01 09:43:58.726 W/OpenGLRenderer( 1948): Failed to set EGL_SWAP_BEHAVIOR on surface 0x7fffd4efe140, error=EGL_BAD_MATCH
09-01 09:43:58.728 D/EGL_adreno( 1948): eglMakeCurrent: 0x7fffeb43c820: ver 3 1 (tinfo 0x7fffeb40d4a0)
09-01 09:43:58.764 W/ContextImpl( 1676): Calling a method in the system process without a qualified user: android.app.ContextImpl.startService:1358 android.content.ContextWrapper.startService:613 android.content.ContextWrapper.startService:613 com.android.coreservice.CoreBroadcastReceiver.onReceive:69 android.app.ActivityThread.handleReceiver:3073 
09-01 09:43:58.766 W/ContextImpl( 1676): Calling a method in the system process without a qualified user: android.app.ContextImpl.startService:1358 android.content.ContextWrapper.startService:613 android.content.ContextWrapper.startService:613 com.android.coreservice.CoreBroadcastReceiver.onReceive:69 android.app.ActivityThread.handleReceiver:3073 
09-01 09:43:58.801 D/EGL_adreno( 2083): eglMakeCurrent: 0x7fffeb4420a0: ver 3 1 (tinfo 0x7fffeb40d320)
09-01 09:43:58.830 W/IInputConnectionWrapper( 2083): reportFullscreenMode on inexistent InputConnection
09-01 09:43:58.830 W/IInputConnectionWrapper( 2083): finishComposingText on inactive InputConnection
09-01 09:43:58.862 I/art     ( 1369): Do partial code cache collection, code=52KB, data=61KB
09-01 09:43:58.862 I/art     ( 1369): After code cache collection, code=52KB, data=61KB
09-01 09:43:58.862 I/art     ( 1369): Increasing code cache capacity to 256KB
09-01 09:43:59.610 I/ActivityManager( 1282): START u0 {cmp=org.epstudios.epmobile/.EpMobile (has extras)} from uid 10064 on display 0
09-01 09:43:59.612 D/audio_hw_hal( 1088): raw_start_output_stream, stream=0xf6e43140, sampleRate=48000, channel=2, bps=16, bufSize=4096
09-01 09:43:59.617 W/ContextImpl( 1676): Calling a method in the system process without a qualified user: android.app.ContextImpl.startService:1358 android.content.ContextWrapper.startService:613 android.content.ContextWrapper.startService:613 com.android.coreservice.CoreBroadcastReceiver.onReceive:44 android.app.ActivityThread.handleReceiver:3073 
09-01 09:43:59.617 W/System.err( 1948): java.lang.Exception: Toast callstack! strTip=Sent Serializeable Intent { cmp=org.epstudios.epmobile/.EpMobile (has extras) }
09-01 09:43:59.617 W/System.err( 1948): 	at android.widget.Toast.show(Toast.java:130)
09-01 09:43:59.617 W/System.err( 1948): 	at com.android.intentfuzzer.FuzzerActivity$4.onClick(FuzzerActivity.java:184)
09-01 09:43:59.617 W/System.err( 1948): 	at android.view.View.performClick(View.java:5637)
09-01 09:43:59.617 W/System.err( 1948): 	at android.view.View$PerformClick.run(View.java:22429)
09-01 09:43:59.617 W/System.err( 1948): 	at android.os.Handler.handleCallback(Handler.java:751)
09-01 09:43:59.617 W/System.err( 1948): 	at android.os.Handler.dispatchMessage(Handler.java:95)
09-01 09:43:59.617 W/System.err( 1948): 	at android.os.Looper.loop(Looper.java:154)
09-01 09:43:59.617 W/System.err( 1948): 	at android.app.ActivityThread.main(ActivityThread.java:6190)
09-01 09:43:59.617 W/System.err( 1948): 	at java.lang.reflect.Method.invoke(Native Method)
09-01 09:43:59.617 W/System.err( 1948): 	at com.android.internal.os.ZygoteInit$MethodAndArgsCaller.run(ZygoteInit.java:892)
09-01 09:43:59.617 W/System.err( 1948): 	at com.android.internal.os.ZygoteInit.main(ZygoteInit.java:782)
09-01 09:43:59.619 I/ActivityManager( 1282): START u0 {cmp=org.epstudios.epmobile/.About (has extras)} from uid 10064 on display 0
09-01 09:43:59.619 W/ActivityManager( 1282): Permission Denial: starting Intent { cmp=org.epstudios.epmobile/.About (has extras) } from ProcessRecord{4ccee7c 1948:com.android.intentfuzzer/u0a64} (pid=1948, uid=10064) not exported from uid 10056
09-01 09:43:59.620 W/System.err( 1948): java.lang.Exception: Toast callstack! strTip=Send Intent Failed!
09-01 09:43:59.621 W/System.err( 1948): 	at android.widget.Toast.show(Toast.java:130)
09-01 09:43:59.621 W/System.err( 1948): 	at com.android.intentfuzzer.FuzzerActivity$4.onClick(FuzzerActivity.java:186)
09-01 09:43:59.621 W/System.err( 1948): 	at android.view.View.performClick(View.java:5637)
09-01 09:43:59.621 W/System.err( 1948): 	at android.view.View$PerformClick.run(View.java:22429)
09-01 09:43:59.621 W/System.err( 1948): 	at android.os.Handler.handleCallback(Handler.java:751)
09-01 09:43:59.621 W/System.err( 1948): 	at android.os.Handler.dispatchMessage(Handler.java:95)
09-01 09:43:59.621 W/System.err( 1948): 	at android.os.Looper.loop(Looper.java:154)
09-01 09:43:59.621 W/System.err( 1948): 	at android.app.ActivityThread.main(ActivityThread.java:6190)
09-01 09:43:59.621 W/System.err( 1948): 	at java.lang.reflect.Method.invoke(Native Method)
09-01 09:43:59.621 W/System.err( 1948): 	at com.android.internal.os.ZygoteInit$MethodAndArgsCaller.run(ZygoteInit.java:892)
09-01 09:43:59.621 W/System.err( 1948): 	at com.android.internal.os.ZygoteInit.main(ZygoteInit.java:782)
09-01 09:43:59.622 I/ActivityManager( 1282): START u0 {cmp=org.epstudios.epmobile/.Qtc (has extras)} from uid 10064 on display 0
09-01 09:43:59.622 W/ActivityManager( 1282): Permission Denial: starting Intent { cmp=org.epstudios.epmobile/.Qtc (has extras) } from ProcessRecord{4ccee7c 1948:com.android.intentfuzzer/u0a64} (pid=1948, uid=10064) not exported from uid 10056
09-01 09:43:59.623 W/System.err( 1948): java.lang.Exception: Toast callstack! strTip=Send Intent Failed!
09-01 09:43:59.624 W/System.err( 1948): 	at android.widget.Toast.show(Toast.java:130)
09-01 09:43:59.624 W/System.err( 1948): 	at com.android.intentfuzzer.FuzzerActivity$4.onClick(FuzzerActivity.java:186)
09-01 09:43:59.624 W/System.err( 1948): 	at android.view.View.performClick(View.java:5637)
09-01 09:43:59.624 W/System.err( 1948): 	at android.view.View$PerformClick.run(View.java:22429)
09-01 09:43:59.624 W/System.err( 1948): 	at android.os.Handler.handleCallback(Handler.java:751)
09-01 09:43:59.624 W/System.err( 1948): 	at android.os.Handler.dispatchMessage(Handler.java:95)
09-01 09:43:59.624 W/System.err( 1948): 	at android.os.Looper.loop(Looper.java:154)
09-01 09:43:59.624 W/System.err( 1948): 	at android.app.ActivityThread.main(ActivityThread.java:6190)
09-01 09:43:59.624 W/System.err( 1948): 	at java.lang.reflect.Method.invoke(Native Method)
09-01 09:43:59.624 W/System.err( 1948): 	at com.android.internal.os.ZygoteInit$MethodAndArgsCaller.run(ZygoteInit.java:892)
09-01 09:43:59.624 W/System.err( 1948): 	at com.android.internal.os.ZygoteInit.main(ZygoteInit.java:782)
09-01 09:43:59.625 I/ActivityManager( 1282): START u0 {cmp=org.epstudios.epmobile/.Dofetilide (has extras)} from uid 10064 on display 0
09-01 09:43:59.625 W/ActivityManager( 1282): Permission Denial: starting Intent { cmp=org.epstudios.epmobile/.Dofetilide (has extras) } from ProcessRecord{4ccee7c 1948:com.android.intentfuzzer/u0a64} (pid=1948, uid=10064) not exported from uid 10056
09-01 09:43:59.626 W/System.err( 1948): java.lang.Exception: Toast callstack! strTip=Send Intent Failed!
09-01 09:43:59.626 W/System.err( 1948): 	at android.widget.Toast.show(Toast.java:130)
09-01 09:43:59.627 W/System.err( 1948): 	at com.android.intentfuzzer.FuzzerActivity$4.onClick(FuzzerActivity.java:186)
09-01 09:43:59.627 W/System.err( 1948): 	at android.view.View.performClick(View.java:5637)
09-01 09:43:59.627 W/System.err( 1948): 	at android.view.View$PerformClick.run(View.java:22429)
09-01 09:43:59.627 W/System.err( 1948): 	at android.os.Handler.handleCallback(Handler.java:751)
09-01 09:43:59.627 W/System.err( 1948): 	at android.os.Handler.dispatchMessage(Handler.java:95)
09-01 09:43:59.627 W/System.err( 1948): 	at android.os.Looper.loop(Looper.java:154)
09-01 09:43:59.627 W/System.err( 1948): 	at android.app.ActivityThread.main(ActivityThread.java:6190)
09-01 09:43:59.627 W/System.err( 1948): 	at java.lang.reflect.Method.invoke(Native Method)
09-01 09:43:59.627 W/System.err( 1948): 	at com.android.internal.os.ZygoteInit$MethodAndArgsCaller.run(ZygoteInit.java:892)
09-01 09:43:59.627 W/System.err( 1948): 	at com.android.internal.os.ZygoteInit.main(ZygoteInit.java:782)
09-01 09:43:59.628 I/ActivityManager( 1282): START u0 {cmp=org.epstudios.epmobile/.CycleLength (has extras)} from uid 10064 on display 0
09-01 09:43:59.628 W/ActivityManager( 1282): Permission Denial: starting Intent { cmp=org.epstudios.epmobile/.CycleLength (has extras) } from ProcessRecord{4ccee7c 1948:com.android.intentfuzzer/u0a64} (pid=1948, uid=10064) not exported from uid 10056
09-01 09:43:59.629 W/System.err( 1948): java.lang.Exception: Toast callstack! strTip=Send Intent Failed!
09-01 09:43:59.629 W/System.err( 1948): 	at android.widget.Toast.show(Toast.java:130)
09-01 09:43:59.629 W/System.err( 1948): 	at com.android.intentfuzzer.FuzzerActivity$4.onClick(FuzzerActivity.java:186)
09-01 09:43:59.629 W/System.err( 1948): 	at android.view.View.performClick(View.java:5637)
09-01 09:43:59.629 W/System.err( 1948): 	at android.view.View$PerformClick.run(View.java:22429)
09-01 09:43:59.629 W/System.err( 1948): 	at android.os.Handler.handleCallback(Handler.java:751)
09-01 09:43:59.629 W/System.err( 1948): 	at android.os.Handler.dispatchMessage(Handler.java:95)
09-01 09:43:59.629 W/System.err( 1948): 	at android.os.Looper.loop(Looper.java:154)
09-01 09:43:59.629 W/System.err( 1948): 	at android.app.ActivityThread.main(ActivityThread.java:6190)
09-01 09:43:59.629 W/System.err( 1948): 	at java.lang.reflect.Method.invoke(Native Method)
09-01 09:43:59.629 W/System.err( 1948): 	at com.android.internal.os.ZygoteInit$MethodAndArgsCaller.run(ZygoteInit.java:892)
09-01 09:43:59.629 W/System.err( 1948): 	at com.android.internal.os.ZygoteInit.main(ZygoteInit.java:782)
09-01 09:43:59.631 I/ActivityManager( 1282): START u0 {cmp=org.epstudios.epmobile/.Prefs (has extras)} from uid 10064 on display 0
09-01 09:43:59.631 W/ActivityManager( 1282): Permission Denial: starting Intent { cmp=org.epstudios.epmobile/.Prefs (has extras) } from ProcessRecord{4ccee7c 1948:com.android.intentfuzzer/u0a64} (pid=1948, uid=10064) not exported from uid 10056
09-01 09:43:59.632 W/System.err( 1948): java.lang.Exception: Toast callstack! strTip=Send Intent Failed!
09-01 09:43:59.632 W/System.err( 1948): 	at android.widget.Toast.show(Toast.java:130)
09-01 09:43:59.633 W/System.err( 1948): 	at com.android.intentfuzzer.FuzzerActivity$4.onClick(FuzzerActivity.java:186)
09-01 09:43:59.633 W/System.err( 1948): 	at android.view.View.performClick(View.java:5637)
09-01 09:43:59.633 W/System.err( 1948): 	at android.view.View$PerformClick.run(View.java:22429)
09-01 09:43:59.633 W/System.err( 1948): 	at android.os.Handler.handleCallback(Handler.java:751)
09-01 09:43:59.633 W/System.err( 1948): 	at android.os.Handler.dispatchMessage(Handler.java:95)
09-01 09:43:59.633 W/System.err( 1948): 	at android.os.Looper.loop(Looper.java:154)
09-01 09:43:59.633 W/System.err( 1948): 	at android.app.ActivityThread.main(ActivityThread.java:6190)
09-01 09:43:59.634 W/System.err( 1948): 	at java.lang.reflect.Method.invoke(Native Method)
09-01 09:43:59.634 W/System.err( 1948): 	at com.android.internal.os.ZygoteInit$MethodAndArgsCaller.run(ZygoteInit.java:892)
09-01 09:43:59.634 W/System.err( 1948): 	at com.android.internal.os.ZygoteInit.main(ZygoteInit.java:782)
09-01 09:43:59.635 I/ActivityManager( 1282): START u0 {cmp=org.epstudios.epmobile/.HasBled (has extras)} from uid 10064 on display 0
09-01 09:43:59.635 W/ActivityManager( 1282): Permission Denial: starting Intent { cmp=org.epstudios.epmobile/.HasBled (has extras) } from ProcessRecord{4ccee7c 1948:com.android.intentfuzzer/u0a64} (pid=1948, uid=10064) not exported from uid 10056
09-01 09:43:59.636 W/System.err( 1948): java.lang.Exception: Toast callstack! strTip=Send Intent Failed!
09-01 09:43:59.636 W/System.err( 1948): 	at android.widget.Toast.show(Toast.java:130)
09-01 09:43:59.636 W/System.err( 1948): 	at com.android.intentfuzzer.FuzzerActivity$4.onClick(FuzzerActivity.java:186)
09-01 09:43:59.636 W/System.err( 1948): 	at android.view.View.performClick(View.java:5637)
09-01 09:43:59.636 W/System.err( 1948): 	at android.view.View$PerformClick.run(View.java:22429)
09-01 09:43:59.636 W/System.err( 1948): 	at android.os.Handler.handleCallback(Handler.java:751)
09-01 09:43:59.637 W/System.err( 1948): 	at android.os.Handler.dispatchMessage(Handler.java:95)
09-01 09:43:59.637 W/System.err( 1948): 	at android.os.Looper.loop(Looper.java:154)
09-01 09:43:59.637 W/System.err( 1948): 	at android.app.ActivityThread.main(ActivityThread.java:6190)
09-01 09:43:59.637 W/System.err( 1948): 	at java.lang.reflect.Method.invoke(Native Method)
09-01 09:43:59.637 W/System.err( 1948): 	at com.android.internal.os.ZygoteInit$MethodAndArgsCaller.run(ZygoteInit.java:892)
09-01 09:43:59.637 W/System.err( 1948): 	at com.android.internal.os.ZygoteInit.main(ZygoteInit.java:782)
09-01 09:43:59.638 I/ActivityManager( 1282): START u0 {cmp=org.epstudios.epmobile/.Chads (has extras)} from uid 10064 on display 0
09-01 09:43:59.638 W/ActivityManager( 1282): Permission Denial: starting Intent { cmp=org.epstudios.epmobile/.Chads (has extras) } from ProcessRecord{4ccee7c 1948:com.android.intentfuzzer/u0a64} (pid=1948, uid=10064) not exported from uid 10056
09-01 09:43:59.639 W/System.err( 1948): java.lang.Exception: Toast callstack! strTip=Send Intent Failed!
09-01 09:43:59.639 W/System.err( 1948): 	at android.widget.Toast.show(Toast.java:130)
09-01 09:43:59.639 W/System.err( 1948): 	at com.android.intentfuzzer.FuzzerActivity$4.onClick(FuzzerActivity.java:186)
09-01 09:43:59.640 W/System.err( 1948): 	at android.view.View.performClick(View.java:5637)
09-01 09:43:59.640 W/System.err( 1948): 	at android.view.View$PerformClick.run(View.java:22429)
09-01 09:43:59.640 W/System.err( 1948): 	at android.os.Handler.handleCallback(Handler.java:751)
09-01 09:43:59.640 W/System.err( 1948): 	at android.os.Handler.dispatchMessage(Handler.java:95)
09-01 09:43:59.640 W/System.err( 1948): 	at android.os.Looper.loop(Looper.java:154)
09-01 09:43:59.640 W/System.err( 1948): 	at android.app.ActivityThread.main(ActivityThread.java:6190)
09-01 09:43:59.640 W/System.err( 1948): 	at java.lang.reflect.Method.invoke(Native Method)
09-01 09:43:59.640 W/System.err( 1948): 	at com.android.internal.os.ZygoteInit$MethodAndArgsCaller.run(ZygoteInit.java:892)
09-01 09:43:59.640 W/System.err( 1948): 	at com.android.internal.os.ZygoteInit.main(ZygoteInit.java:782)
09-01 09:43:59.641 I/ActivityManager( 1282): START u0 {cmp=org.epstudios.epmobile/.ChadsVasc (has extras)} from uid 10064 on display 0
09-01 09:43:59.641 W/ActivityManager( 1282): Permission Denial: starting Intent { cmp=org.epstudios.epmobile/.ChadsVasc (has extras) } from ProcessRecord{4ccee7c 1948:com.android.intentfuzzer/u0a64} (pid=1948, uid=10064) not exported from uid 10056
09-01 09:43:59.642 W/System.err( 1948): java.lang.Exception: Toast callstack! strTip=Send Intent Failed!
09-01 09:43:59.643 W/System.err( 1948): 	at android.widget.Toast.show(Toast.java:130)
09-01 09:43:59.643 W/System.err( 1948): 	at com.android.intentfuzzer.FuzzerActivity$4.onClick(FuzzerActivity.java:186)
09-01 09:43:59.643 W/System.err( 1948): 	at android.view.View.performClick(View.java:5637)
09-01 09:43:59.643 W/System.err( 1948): 	at android.view.View$PerformClick.run(View.java:22429)
09-01 09:43:59.643 W/System.err( 1948): 	at android.os.Handler.handleCallback(Handler.java:751)
09-01 09:43:59.643 W/System.err( 1948): 	at android.os.Handler.dispatchMessage(Handler.java:95)
09-01 09:43:59.643 W/System.err( 1948): 	at android.os.Looper.loop(Looper.java:154)
09-01 09:43:59.643 W/System.err( 1948): 	at android.app.ActivityThread.main(ActivityThread.java:6190)
09-01 09:43:59.643 W/System.err( 1948): 	at java.lang.reflect.Method.invoke(Native Method)
09-01 09:43:59.643 W/System.err( 1948): 	at com.android.internal.os.ZygoteInit$MethodAndArgsCaller.run(ZygoteInit.java:892)
09-01 09:43:59.643 W/System.err( 1948): 	at com.android.internal.os.ZygoteInit.main(ZygoteInit.java:782)
09-01 09:43:59.644 I/ActivityManager( 1282): START u0 {cmp=org.epstudios.epmobile/.Dabigatran (has extras)} from uid 10064 on display 0
09-01 09:43:59.644 W/ActivityManager( 1282): Permission Denial: starting Intent { cmp=org.epstudios.epmobile/.Dabigatran (has extras) } from ProcessRecord{4ccee7c 1948:com.android.intentfuzzer/u0a64} (pid=1948, uid=10064) not exported from uid 10056
09-01 09:43:59.645 W/System.err( 1948): java.lang.Exception: Toast callstack! strTip=Send Intent Failed!
09-01 09:43:59.645 W/System.err( 1948): 	at android.widget.Toast.show(Toast.java:130)
09-01 09:43:59.645 W/System.err( 1948): 	at com.android.intentfuzzer.FuzzerActivity$4.onClick(FuzzerActivity.java:186)
09-01 09:43:59.645 W/System.err( 1948): 	at android.view.View.performClick(View.java:5637)
09-01 09:43:59.645 W/System.err( 1948): 	at android.view.View$PerformClick.run(View.java:22429)
09-01 09:43:59.645 W/System.err( 1948): 	at android.os.Handler.handleCallback(Handler.java:751)
09-01 09:43:59.645 W/System.err( 1948): 	at android.os.Handler.dispatchMessage(Handler.java:95)
09-01 09:43:59.645 W/System.err( 1948): 	at android.os.Looper.loop(Looper.java:154)
09-01 09:43:59.645 W/System.err( 1948): 	at android.app.ActivityThread.main(ActivityThread.java:6190)
09-01 09:43:59.645 W/System.err( 1948): 	at java.lang.reflect.Method.invoke(Native Method)
09-01 09:43:59.645 W/System.err( 1948): 	at com.android.internal.os.ZygoteInit$MethodAndArgsCaller.run(ZygoteInit.java:892)
