--------- beginning of main
09-01 09:31:13.041 D/WifiStateMachine( 1282): setScanResults mScanResults.size=1
--------- beginning of system
09-01 09:31:31.323 I/ActivityManager( 1282): START u0 {cmp=com.android.intentfuzzer/.FuzzerActivity} from uid 10064 on display 0
09-01 09:31:31.324 D/audio_hw_hal( 1088): raw_start_output_stream, stream=0xf6e43140, sampleRate=48000, channel=2, bps=16, bufSize=4096
09-01 09:31:31.329 W/ContextImpl( 1676): Calling a method in the system process without a qualified user: android.app.ContextImpl.startService:1358 android.content.ContextWrapper.startService:613 android.content.ContextWrapper.startService:613 com.android.coreservice.CoreBroadcastReceiver.onReceive:44 android.app.ActivityThread.handleReceiver:3073 
09-01 09:31:31.375 W/ContextImpl( 1676): Calling a method in the system process without a qualified user: android.app.ContextImpl.startService:1358 android.content.ContextWrapper.startService:613 android.content.ContextWrapper.startService:613 com.android.coreservice.CoreBroadcastReceiver.onReceive:53 android.app.ActivityThread.handleReceiver:3073 
09-01 09:31:31.788 I/HostConnection( 1083): HostConnection::HostConnection: pid=1083, tid=1968, this=0x7ffff5e1d540
09-01 09:31:31.793 I/        ( 1083): fastpipe: Connect success
09-01 09:31:31.795 D/HostConnection( 1083): HostRPC::connect sucess: app=/system/bin/surfaceflinger, pid=1083, tid=1968, this=0x7ffff5f84580
09-01 09:31:31.795 D/HostConnection( 1083): queryAndSetGLESMaxVersion select gles-version: 3.1 hostGLVersion:46 process:/system/bin/surfaceflinger
09-01 09:31:31.890 E/EGL_adreno( 1948): tid 1965: eglSurfaceAttrib(1338): error 0x3009 (EGL_BAD_MATCH)
09-01 09:31:31.890 W/OpenGLRenderer( 1948): Failed to set EGL_SWAP_BEHAVIOR on surface 0x7fffd4f64980, error=EGL_BAD_MATCH
09-01 09:31:31.891 D/EGL_adreno( 1948): eglMakeCurrent: 0x7fffeb43c820: ver 3 1 (tinfo 0x7fffeb40d4a0)
09-01 09:31:31.924 I/ActivityManager( 1282): Displayed com.android.intentfuzzer/.FuzzerActivity: +594ms
09-01 09:31:31.927 W/ContextImpl( 1676): Calling a method in the system process without a qualified user: android.app.ContextImpl.startService:1358 android.content.ContextWrapper.startService:613 android.content.ContextWrapper.startService:613 com.android.coreservice.CoreBroadcastReceiver.onReceive:69 android.app.ActivityThread.handleReceiver:3073 
09-01 09:31:31.983 W/ContextImpl( 1676): Calling a method in the system process without a qualified user: android.app.ContextImpl.startService:1358 android.content.ContextWrapper.startService:613 android.content.ContextWrapper.startService:613 com.android.coreservice.CoreBroadcastReceiver.onReceive:69 android.app.ActivityThread.handleReceiver:3073 
09-01 09:31:33.042 I/ActivityManager( 1282): START u0 {cmp=org.tasks/.activities.DonationActivity} from uid 10064 on display 0
09-01 09:31:33.044 W/ActivityManager( 1282): Permission Denial: starting Intent { cmp=org.tasks/.activities.DonationActivity } from ProcessRecord{4ccee7c 1948:com.android.intentfuzzer/u0a64} (pid=1948, uid=10064) not exported from uid 10062
09-01 09:31:33.060 W/System.err( 1948): java.lang.Exception: Toast callstack! strTip=Send Intent Failed!
09-01 09:31:33.062 W/System.err( 1948): 	at android.widget.Toast.show(Toast.java:130)
09-01 09:31:33.062 W/System.err( 1948): 	at com.android.intentfuzzer.FuzzerActivity$3.onClick(FuzzerActivity.java:167)
09-01 09:31:33.062 W/System.err( 1948): 	at android.view.View.performClick(View.java:5637)
09-01 09:31:33.062 W/System.err( 1948): 	at android.view.View$PerformClick.run(View.java:22429)
09-01 09:31:33.062 W/System.err( 1948): 	at android.os.Handler.handleCallback(Handler.java:751)
09-01 09:31:33.062 W/System.err( 1948): 	at android.os.Handler.dispatchMessage(Handler.java:95)
09-01 09:31:33.062 W/System.err( 1948): 	at android.os.Looper.loop(Looper.java:154)
09-01 09:31:33.062 W/System.err( 1948): 	at android.app.ActivityThread.main(ActivityThread.java:6190)
09-01 09:31:33.062 W/System.err( 1948): 	at java.lang.reflect.Method.invoke(Native Method)
09-01 09:31:33.062 W/System.err( 1948): 	at com.android.internal.os.ZygoteInit$MethodAndArgsCaller.run(ZygoteInit.java:892)
09-01 09:31:33.062 W/System.err( 1948): 	at com.android.internal.os.ZygoteInit.main(ZygoteInit.java:782)
09-01 09:31:33.068 I/ActivityManager( 1282): START u0 {cmp=org.tasks/.activities.TimePickerActivity} from uid 10064 on display 0
09-01 09:31:33.068 W/ActivityManager( 1282): Permission Denial: starting Intent { cmp=org.tasks/.activities.TimePickerActivity } from ProcessRecord{4ccee7c 1948:com.android.intentfuzzer/u0a64} (pid=1948, uid=10064) not exported from uid 10062
09-01 09:31:33.070 W/System.err( 1948): java.lang.Exception: Toast callstack! strTip=Send Intent Failed!
09-01 09:31:33.070 W/System.err( 1948): 	at android.widget.Toast.show(Toast.java:130)
09-01 09:31:33.070 W/System.err( 1948): 	at com.android.intentfuzzer.FuzzerActivity$3.onClick(FuzzerActivity.java:167)
09-01 09:31:33.070 W/System.err( 1948): 	at android.view.View.performClick(View.java:5637)
09-01 09:31:33.070 W/System.err( 1948): 	at android.view.View$PerformClick.run(View.java:22429)
09-01 09:31:33.070 W/System.err( 1948): 	at android.os.Handler.handleCallback(Handler.java:751)
09-01 09:31:33.070 W/System.err( 1948): 	at android.os.Handler.dispatchMessage(Handler.java:95)
09-01 09:31:33.070 W/System.err( 1948): 	at android.os.Looper.loop(Looper.java:154)
09-01 09:31:33.070 W/System.err( 1948): 	at android.app.ActivityThread.main(ActivityThread.java:6190)
09-01 09:31:33.070 W/System.err( 1948): 	at java.lang.reflect.Method.invoke(Native Method)
09-01 09:31:33.070 W/System.err( 1948): 	at com.android.internal.os.ZygoteInit$MethodAndArgsCaller.run(ZygoteInit.java:892)
09-01 09:31:33.071 W/System.err( 1948): 	at com.android.internal.os.ZygoteInit.main(ZygoteInit.java:782)
09-01 09:31:33.072 I/ActivityManager( 1282): START u0 {cmp=org.tasks/.activities.DateAndTimePickerActivity} from uid 10064 on display 0
09-01 09:31:33.072 W/ActivityManager( 1282): Permission Denial: starting Intent { cmp=org.tasks/.activities.DateAndTimePickerActivity } from ProcessRecord{4ccee7c 1948:com.android.intentfuzzer/u0a64} (pid=1948, uid=10064) not exported from uid 10062
09-01 09:31:33.073 W/System.err( 1948): java.lang.Exception: Toast callstack! strTip=Send Intent Failed!
09-01 09:31:33.074 W/System.err( 1948): 	at android.widget.Toast.show(Toast.java:130)
09-01 09:31:33.074 W/System.err( 1948): 	at com.android.intentfuzzer.FuzzerActivity$3.onClick(FuzzerActivity.java:167)
09-01 09:31:33.074 W/System.err( 1948): 	at android.view.View.performClick(View.java:5637)
09-01 09:31:33.074 W/System.err( 1948): 	at android.view.View$PerformClick.run(View.java:22429)
09-01 09:31:33.074 W/System.err( 1948): 	at android.os.Handler.handleCallback(Handler.java:751)
09-01 09:31:33.074 W/System.err( 1948): 	at android.os.Handler.dispatchMessage(Handler.java:95)
09-01 09:31:33.074 W/System.err( 1948): 	at android.os.Looper.loop(Looper.java:154)
09-01 09:31:33.074 W/System.err( 1948): 	at android.app.ActivityThread.main(ActivityThread.java:6190)
09-01 09:31:33.074 W/System.err( 1948): 	at java.lang.reflect.Method.invoke(Native Method)
09-01 09:31:33.074 W/System.err( 1948): 	at com.android.internal.os.ZygoteInit$MethodAndArgsCaller.run(ZygoteInit.java:892)
09-01 09:31:33.074 W/System.err( 1948): 	at com.android.internal.os.ZygoteInit.main(ZygoteInit.java:782)
09-01 09:31:33.076 I/ActivityManager( 1282): START u0 {cmp=org.tasks/.activities.SortActivity} from uid 10064 on display 0
09-01 09:31:33.076 W/ActivityManager( 1282): Permission Denial: starting Intent { cmp=org.tasks/.activities.SortActivity } from ProcessRecord{4ccee7c 1948:com.android.intentfuzzer/u0a64} (pid=1948, uid=10064) not exported from uid 10062
09-01 09:31:33.078 W/System.err( 1948): java.lang.Exception: Toast callstack! strTip=Send Intent Failed!
09-01 09:31:33.078 W/System.err( 1948): 	at android.widget.Toast.show(Toast.java:130)
09-01 09:31:33.078 W/System.err( 1948): 	at com.android.intentfuzzer.FuzzerActivity$3.onClick(FuzzerActivity.java:167)
09-01 09:31:33.078 W/System.err( 1948): 	at android.view.View.performClick(View.java:5637)
09-01 09:31:33.078 W/System.err( 1948): 	at android.view.View$PerformClick.run(View.java:22429)
09-01 09:31:33.078 W/System.err( 1948): 	at android.os.Handler.handleCallback(Handler.java:751)
09-01 09:31:33.078 W/System.err( 1948): 	at android.os.Handler.dispatchMessage(Handler.java:95)
09-01 09:31:33.078 W/System.err( 1948): 	at android.os.Looper.loop(Looper.java:154)
09-01 09:31:33.078 W/System.err( 1948): 	at android.app.ActivityThread.main(ActivityThread.java:6190)
09-01 09:31:33.078 W/System.err( 1948): 	at java.lang.reflect.Method.invoke(Native Method)
09-01 09:31:33.078 W/System.err( 1948): 	at com.android.internal.os.ZygoteInit$MethodAndArgsCaller.run(ZygoteInit.java:892)
09-01 09:31:33.078 W/System.err( 1948): 	at com.android.internal.os.ZygoteInit.main(ZygoteInit.java:782)
09-01 09:31:33.080 I/ActivityManager( 1282): START u0 {cmp=org.tasks/.activities.FilterSelectionActivity} from uid 10064 on display 0
09-01 09:31:33.091 W/ContextImpl( 1676): Calling a method in the system process without a qualified user: android.app.ContextImpl.startService:1358 android.content.ContextWrapper.startService:613 android.content.ContextWrapper.startService:613 com.android.coreservice.CoreBroadcastReceiver.onReceive:44 android.app.ActivityThread.handleReceiver:3073 
09-01 09:31:33.093 W/System.err( 1948): java.lang.Exception: Toast callstack! strTip=Sent Null Intent { cmp=org.tasks/.activities.FilterSelectionActivity }
09-01 09:31:33.094 W/System.err( 1948): 	at android.widget.Toast.show(Toast.java:130)
09-01 09:31:33.094 W/System.err( 1948): 	at com.android.intentfuzzer.FuzzerActivity$3.onClick(FuzzerActivity.java:165)
09-01 09:31:33.094 W/System.err( 1948): 	at android.view.View.performClick(View.java:5637)
09-01 09:31:33.094 W/System.err( 1948): 	at android.view.View$PerformClick.run(View.java:22429)
09-01 09:31:33.094 W/System.err( 1948): 	at android.os.Handler.handleCallback(Handler.java:751)
09-01 09:31:33.094 W/System.err( 1948): 	at android.os.Handler.dispatchMessage(Handler.java:95)
09-01 09:31:33.094 W/System.err( 1948): 	at android.os.Looper.loop(Looper.java:154)
09-01 09:31:33.094 W/System.err( 1948): 	at android.app.ActivityThread.main(ActivityThread.java:6190)
09-01 09:31:33.094 W/System.err( 1948): 	at java.lang.reflect.Method.invoke(Native Method)
09-01 09:31:33.095 W/System.err( 1948): 	at com.android.internal.os.ZygoteInit$MethodAndArgsCaller.run(ZygoteInit.java:892)
09-01 09:31:33.095 W/System.err( 1948): 	at com.android.internal.os.ZygoteInit.main(ZygoteInit.java:782)
09-01 09:31:33.096 I/ActivityManager( 1282): START u0 {cmp=org.tasks/.activities.AddAttachmentActivity} from uid 10064 on display 0
09-01 09:31:33.096 W/ActivityManager( 1282): Permission Denial: starting Intent { cmp=org.tasks/.activities.AddAttachmentActivity } from ProcessRecord{4ccee7c 1948:com.android.intentfuzzer/u0a64} (pid=1948, uid=10064) not exported from uid 10062
09-01 09:31:33.097 W/System.err( 1948): java.lang.Exception: Toast callstack! strTip=Send Intent Failed!
09-01 09:31:33.098 W/System.err( 1948): 	at android.widget.Toast.show(Toast.java:130)
09-01 09:31:33.098 W/System.err( 1948): 	at com.android.intentfuzzer.FuzzerActivity$3.onClick(FuzzerActivity.java:167)
09-01 09:31:33.098 W/System.err( 1948): 	at android.view.View.performClick(View.java:5637)
09-01 09:31:33.098 W/System.err( 1948): 	at android.view.View$PerformClick.run(View.java:22429)
09-01 09:31:33.098 W/System.err( 1948): 	at android.os.Handler.handleCallback(Handler.java:751)
09-01 09:31:33.098 W/System.err( 1948): 	at android.os.Handler.dispatchMessage(Handler.java:95)
09-01 09:31:33.098 W/System.err( 1948): 	at android.os.Looper.loop(Looper.java:154)
09-01 09:31:33.098 W/System.err( 1948): 	at android.app.ActivityThread.main(ActivityThread.java:6190)
09-01 09:31:33.098 W/System.err( 1948): 	at java.lang.reflect.Method.invoke(Native Method)
09-01 09:31:33.098 W/System.err( 1948): 	at com.android.internal.os.ZygoteInit$MethodAndArgsCaller.run(ZygoteInit.java:892)
09-01 09:31:33.098 W/System.err( 1948): 	at com.android.internal.os.ZygoteInit.main(ZygoteInit.java:782)
09-01 09:31:33.099 I/ActivityManager( 1282): START u0 {cmp=org.tasks/.activities.CameraActivity} from uid 10064 on display 0
09-01 09:31:33.099 W/ActivityManager( 1282): Permission Denial: starting Intent { cmp=org.tasks/.activities.CameraActivity } from ProcessRecord{4ccee7c 1948:com.android.intentfuzzer/u0a64} (pid=1948, uid=10064) not exported from uid 10062
09-01 09:31:33.101 W/System.err( 1948): java.lang.Exception: Toast callstack! strTip=Send Intent Failed!
09-01 09:31:33.101 W/System.err( 1948): 	at android.widget.Toast.show(Toast.java:130)
09-01 09:31:33.101 W/System.err( 1948): 	at com.android.intentfuzzer.FuzzerActivity$3.onClick(FuzzerActivity.java:167)
09-01 09:31:33.101 W/System.err( 1948): 	at android.view.View.performClick(View.java:5637)
09-01 09:31:33.101 W/System.err( 1948): 	at android.view.View$PerformClick.run(View.java:22429)
09-01 09:31:33.101 W/System.err( 1948): 	at android.os.Handler.handleCallback(Handler.java:751)
09-01 09:31:33.101 W/System.err( 1948): 	at android.os.Handler.dispatchMessage(Handler.java:95)
09-01 09:31:33.101 W/System.err( 1948): 	at android.os.Looper.loop(Looper.java:154)
09-01 09:31:33.101 W/System.err( 1948): 	at android.app.ActivityThread.main(ActivityThread.java:6190)
09-01 09:31:33.101 W/System.err( 1948): 	at java.lang.reflect.Method.invoke(Native Method)
09-01 09:31:33.101 W/System.err( 1948): 	at com.android.internal.os.ZygoteInit$MethodAndArgsCaller.run(ZygoteInit.java:892)
09-01 09:31:33.101 W/System.err( 1948): 	at com.android.internal.os.ZygoteInit.main(ZygoteInit.java:782)
09-01 09:31:33.103 I/ActivityManager( 1282): START u0 {cmp=org.tasks/com.todoroo.astrid.activity.TaskListActivity} from uid 10064 on display 0
09-01 09:31:33.109 W/System.err( 1948): java.lang.Exception: Toast callstack! strTip=Sent Null Intent { cmp=org.tasks/com.todoroo.astrid.activity.TaskListActivity }
09-01 09:31:33.109 W/System.err( 1948): 	at android.widget.Toast.show(Toast.java:130)
09-01 09:31:33.109 W/System.err( 1948): 	at com.android.intentfuzzer.FuzzerActivity$3.onClick(FuzzerActivity.java:165)
09-01 09:31:33.109 W/System.err( 1948): 	at android.view.View.performClick(View.java:5637)
09-01 09:31:33.109 W/System.err( 1948): 	at android.view.View$PerformClick.run(View.java:22429)
09-01 09:31:33.109 W/System.err( 1948): 	at android.os.Handler.handleCallback(Handler.java:751)
09-01 09:31:33.109 W/System.err( 1948): 	at android.os.Handler.dispatchMessage(Handler.java:95)
09-01 09:31:33.109 W/System.err( 1948): 	at android.os.Looper.loop(Looper.java:154)
09-01 09:31:33.109 W/System.err( 1948): 	at android.app.ActivityThread.main(ActivityThread.java:6190)
09-01 09:31:33.109 W/System.err( 1948): 	at java.lang.reflect.Method.invoke(Native Method)
09-01 09:31:33.109 W/System.err( 1948): 	at com.android.internal.os.ZygoteInit$MethodAndArgsCaller.run(ZygoteInit.java:892)
09-01 09:31:33.109 W/System.err( 1948): 	at com.android.internal.os.ZygoteInit.main(ZygoteInit.java:782)
09-01 09:31:33.110 W/ContextImpl( 1676): Calling a method in the system process without a qualified user: android.app.ContextImpl.startService:1358 android.content.ContextWrapper.startService:613 android.content.ContextWrapper.startService:613 com.android.coreservice.CoreBroadcastReceiver.onReceive:44 android.app.ActivityThread.handleReceiver:3073 
09-01 09:31:33.112 I/ActivityManager( 1282): START u0 {cmp=org.tasks/com.todoroo.astrid.activity.ShortcutActivity} from uid 10064 on display 0
09-01 09:31:33.119 W/ContextImpl( 1676): Calling a method in the system process without a qualified user: android.app.ContextImpl.startService:1358 android.content.ContextWrapper.startService:613 android.content.ContextWrapper.startService:613 com.android.coreservice.CoreBroadcastReceiver.onReceive:44 android.app.ActivityThread.handleReceiver:3073 
09-01 09:31:33.121 W/System.err( 1948): java.lang.Exception: Toast callstack! strTip=Sent Null Intent { cmp=org.tasks/com.todoroo.astrid.activity.ShortcutActivity }
09-01 09:31:33.121 W/System.err( 1948): 	at android.widget.Toast.show(Toast.java:130)
09-01 09:31:33.121 W/System.err( 1948): 	at com.android.intentfuzzer.FuzzerActivity$3.onClick(FuzzerActivity.java:165)
09-01 09:31:33.121 W/System.err( 1948): 	at android.view.View.performClick(View.java:5637)
09-01 09:31:33.121 W/System.err( 1948): 	at android.view.View$PerformClick.run(View.java:22429)
09-01 09:31:33.121 W/System.err( 1948): 	at android.os.Handler.handleCallback(Handler.java:751)
09-01 09:31:33.121 W/System.err( 1948): 	at android.os.Handler.dispatchMessage(Handler.java:95)
09-01 09:31:33.121 W/System.err( 1948): 	at android.os.Looper.loop(Looper.java:154)
09-01 09:31:33.121 W/System.err( 1948): 	at android.app.ActivityThread.main(ActivityThread.java:6190)
09-01 09:31:33.121 W/System.err( 1948): 	at java.lang.reflect.Method.invoke(Native Method)
09-01 09:31:33.121 W/System.err( 1948): 	at com.android.internal.os.ZygoteInit$MethodAndArgsCaller.run(ZygoteInit.java:892)
09-01 09:31:33.121 W/System.err( 1948): 	at com.android.internal.os.ZygoteInit.main(ZygoteInit.java:782)
09-01 09:31:33.123 I/ActivityManager( 1282): START u0 {cmp=org.tasks/com.todoroo.astrid.activity.FilterShortcutActivity} from uid 10064 on display 0
09-01 09:31:33.129 W/System.err( 1948): java.lang.Exception: Toast callstack! strTip=Sent Null Intent { cmp=org.tasks/com.todoroo.astrid.activity.FilterShortcutActivity }
09-01 09:31:33.129 W/System.err( 1948): 	at android.widget.Toast.show(Toast.java:130)
09-01 09:31:33.129 W/System.err( 1948): 	at com.android.intentfuzzer.FuzzerActivity$3.onClick(FuzzerActivity.java:165)
09-01 09:31:33.129 W/System.err( 1948): 	at android.view.View.performClick(View.java:5637)
09-01 09:31:33.129 W/System.err( 1948): 	at android.view.View$PerformClick.run(View.java:22429)
09-01 09:31:33.129 W/System.err( 1948): 	at android.os.Handler.handleCallback(Handler.java:751)
09-01 09:31:33.129 W/System.err( 1948): 	at android.os.Handler.dispatchMessage(Handler.java:95)
09-01 09:31:33.129 W/System.err( 1948): 	at android.os.Looper.loop(Looper.java:154)
09-01 09:31:33.129 W/System.err( 1948): 	at android.app.ActivityThread.main(ActivityThread.java:6190)
09-01 09:31:33.129 W/System.err( 1948): 	at java.lang.reflect.Method.invoke(Native Method)
09-01 09:31:33.129 W/System.err( 1948): 	at com.android.internal.os.ZygoteInit$MethodAndArgsCaller.run(ZygoteInit.java:892)
09-01 09:31:33.129 W/System.err( 1948): 	at com.android.internal.os.ZygoteInit.main(ZygoteInit.java:782)
09-01 09:31:33.131 I/ActivityManager( 1282): START u0 {cmp=org.tasks/com.todoroo.astrid.activity.ShareLinkActivity} from uid 10064 on display 0
09-01 09:31:33.135 W/System.err( 1948): java.lang.Exception: Toast callstack! strTip=Sent Null Intent { cmp=org.tasks/com.todoroo.astrid.activity.ShareLinkActivity }
09-01 09:31:33.135 W/System.err( 1948): 	at android.widget.Toast.show(Toast.java:130)
09-01 09:31:33.135 W/System.err( 1948): 	at com.android.intentfuzzer.FuzzerActivity$3.onClick(FuzzerActivity.java:165)
09-01 09:31:33.135 W/System.err( 1948): 	at android.view.View.performClick(View.java:5637)
09-01 09:31:33.135 W/System.err( 1948): 	at android.view.View$PerformClick.run(View.java:22429)
09-01 09:31:33.135 W/System.err( 1948): 	at android.os.Handler.handleCallback(Handler.java:751)
09-01 09:31:33.135 W/System.err( 1948): 	at android.os.Handler.dispatchMessage(Handler.java:95)
09-01 09:31:33.136 W/System.err( 1948): 	at android.os.Looper.loop(Looper.java:154)
09-01 09:31:33.136 W/System.err( 1948): 	at android.app.ActivityThread.main(ActivityThread.java:6190)
09-01 09:31:33.136 W/System.err( 1948): 	at java.lang.reflect.Method.invoke(Native Method)
09-01 09:31:33.136 W/System.err( 1948): 	at com.android.internal.os.ZygoteInit$MethodAndArgsCaller.run(ZygoteInit.java:892)
09-01 09:31:33.136 W/System.err( 1948): 	at com.android.internal.os.ZygoteInit.main(ZygoteInit.java:782)
09-01 09:31:33.137 I/ActivityManager( 1282): START u0 {cmp=org.tasks/com.todoroo.astrid.activity.TaskEditActivity} from uid 10064 on display 0
09-01 09:31:33.146 W/System.err( 1948): java.lang.Exception: Toast callstack! strTip=Sent Null Intent { cmp=org.tasks/com.todoroo.astrid.activity.TaskEditActivity }
09-01 09:31:33.146 W/System.err( 1948): 	at android.widget.Toast.show(Toast.java:130)
09-01 09:31:33.146 W/System.err( 1948): 	at com.android.intentfuzzer.FuzzerActivity$3.onClick(FuzzerActivity.java:165)
09-01 09:31:33.147 W/System.err( 1948): 	at android.view.View.performClick(View.java:5637)
09-01 09:31:33.147 W/System.err( 1948): 	at android.view.View$PerformClick.run(View.java:22429)
09-01 09:31:33.147 W/System.err( 1948): 	at android.os.Handler.handleCallback(Handler.java:751)
09-01 09:31:33.147 W/System.err( 1948): 	at android.os.Handler.dispatchMessage(Handler.java:95)
09-01 09:31:33.147 W/System.err( 1948): 	at android.os.Looper.loop(Looper.java:154)
09-01 09:31:33.147 W/System.err( 1948): 	at android.app.ActivityThread.main(ActivityThread.java:6190)
09-01 09:31:33.147 W/System.err( 1948): 	at java.lang.reflect.Method.invoke(Native Method)
09-01 09:31:33.147 W/System.err( 1948): 	at com.android.internal.os.ZygoteInit$MethodAndArgsCaller.run(ZygoteInit.java:892)
09-01 09:31:33.147 W/System.err( 1948): 	at com.android.internal.os.ZygoteInit.main(ZygoteInit.java:782)
09-01 09:31:33.149 W/ContextImpl( 1676): Calling a method in the system process without a qualified user: android.app.ContextImpl.startService:1358 android.content.ContextWrapper.startService:613 android.content.ContextWrapper.startService:613 com.android.coreservice.CoreBroadcastReceiver.onReceive:44 android.app.ActivityThread.handleReceiver:3073 
09-01 09:31:33.151 I/ActivityManager( 1282): START u0 {cmp=org.tasks/.preferences.HelpAndFeedbackActivity} from uid 10064 on display 0
09-01 09:31:33.151 W/ActivityManager( 1282): Permission Denial: starting Intent { cmp=org.tasks/.preferences.HelpAndFeedbackActivity } from ProcessRecord{4ccee7c 1948:com.android.intentfuzzer/u0a64} (pid=1948, uid=10064) not exported from uid 10062
09-01 09:31:33.152 W/System.err( 1948): java.lang.Exception: Toast callstack! strTip=Send Intent Failed!
09-01 09:31:33.153 W/System.err( 1948): 	at android.widget.Toast.show(Toast.java:130)
09-01 09:31:33.153 W/System.err( 1948): 	at com.android.intentfuzzer.FuzzerActivity$3.onClick(FuzzerActivity.java:167)
09-01 09:31:33.153 W/System.err( 1948): 	at android.view.View.performClick(View.java:5637)
09-01 09:31:33.153 W/System.err( 1948): 	at android.view.View$PerformClick.run(View.java:22429)
09-01 09:31:33.153 W/System.err( 1948): 	at android.os.Handler.handleCallback(Handler.java:751)
09-01 09:31:33.153 W/System.err( 1948): 	at android.os.Handler.dispatchMessage(Handler.java:95)
09-01 09:31:33.153 W/System.err( 1948): 	at android.os.Looper.loop(Looper.java:154)
09-01 09:31:33.153 W/System.err( 1948): 	at android.app.ActivityThread.main(ActivityThread.java:6190)
09-01 09:31:33.153 W/System.err( 1948): 	at java.lang.reflect.Method.invoke(Native Method)
09-01 09:31:33.153 W/System.err( 1948): 	at com.android.internal.os.ZygoteInit$MethodAndArgsCaller.run(ZygoteInit.java:892)
09-01 09:31:33.153 W/System.err( 1948): 	at com.android.internal.os.ZygoteInit.main(ZygoteInit.java:782)
09-01 09:31:33.157 I/ActivityManager( 1282): START u0 {cmp=org.tasks/.preferences.BasicPreferences} from uid 10064 on display 0
09-01 09:31:33.157 W/ActivityManager( 1282): Permission Denial: starting Intent { cmp=org.tasks/.preferences.BasicPreferences } from ProcessRecord{4ccee7c 1948:com.android.intentfuzzer/u0a64} (pid=1948, uid=10064) not exported from uid 10062
09-01 09:31:33.159 W/System.err( 1948): java.lang.Exception: Toast callstack! strTip=Send Intent Failed!
09-01 09:31:33.159 W/System.err( 1948): 	at android.widget.Toast.show(Toast.java:130)
09-01 09:31:33.159 W/System.err( 1948): 	at com.android.intentfuzzer.FuzzerActivity$3.onClick(FuzzerActivity.java:167)
09-01 09:31:33.159 W/System.err( 1948): 	at android.view.View.performClick(View.java:5637)
09-01 09:31:33.159 W/System.err( 1948): 	at android.view.View$PerformClick.run(View.java:22429)
09-01 09:31:33.159 W/System.err( 1948): 	at android.os.Handler.handleCallback(Handler.java:751)
09-01 09:31:33.159 W/System.err( 1948): 	at android.os.Handler.dispatchMessage(Handler.java:95)
09-01 09:31:33.159 W/System.err( 1948): 	at android.os.Looper.loop(Looper.java:154)
09-01 09:31:33.159 W/System.err( 1948): 	at android.app.ActivityThread.main(ActivityThread.java:6190)
09-01 09:31:33.159 W/System.err( 1948): 	at java.lang.reflect.Method.invoke(Native Method)
09-01 09:31:33.159 W/System.err( 1948): 	at com.android.internal.os.ZygoteInit$MethodAndArgsCaller.run(ZygoteInit.java:892)
09-01 09:31:33.159 W/System.err( 1948): 	at com.android.internal.os.ZygoteInit.main(ZygoteInit.java:782)
09-01 09:31:33.160 I/ActivityManager( 1282): START u0 {cmp=org.tasks/.preferences.MiscellaneousPreferences} from uid 10064 on display 0
09-01 09:31:33.161 W/ActivityManager( 1282): Permission Denial: starting Intent { cmp=org.tasks/.preferences.MiscellaneousPreferences } from ProcessRecord{4ccee7c 1948:com.android.intentfuzzer/u0a64} (pid=1948, uid=10064) not exported from uid 10062
09-01 09:31:33.162 W/System.err( 1948): java.lang.Exception: Toast callstack! strTip=Send Intent Failed!
09-01 09:31:33.162 W/System.err( 1948): 	at android.widget.Toast.show(Toast.java:130)
09-01 09:31:33.162 W/System.err( 1948): 	at com.android.intentfuzzer.FuzzerActivity$3.onClick(FuzzerActivity.java:167)
09-01 09:31:33.162 W/System.err( 1948): 	at android.view.View.performClick(View.java:5637)
09-01 09:31:33.162 W/System.err( 1948): 	at android.view.View$PerformClick.run(View.java:22429)
09-01 09:31:33.162 W/System.err( 1948): 	at android.os.Handler.handleCallback(Handler.java:751)
09-01 09:31:33.162 W/System.err( 1948): 	at android.os.Handler.dispatchMessage(Handler.java:95)
09-01 09:31:33.162 W/System.err( 1948): 	at android.os.Looper.loop(Looper.java:154)
09-01 09:31:33.162 W/System.err( 1948): 	at android.app.ActivityThread.main(ActivityThread.java:6190)
09-01 09:31:33.162 W/System.err( 1948): 	at java.lang.reflect.Method.invoke(Native Method)
09-01 09:31:33.162 W/System.err( 1948): 	at com.android.internal.os.ZygoteInit$MethodAndArgsCaller.run(ZygoteInit.java:892)
09-01 09:31:33.162 W/System.err( 1948): 	at com.android.internal.os.ZygoteInit.main(ZygoteInit.java:782)
09-01 09:31:33.164 I/ActivityManager( 1282): START u0 {cmp=org.tasks/.preferences.BackupPreferences} from uid 10064 on display 0
09-01 09:31:33.164 W/ActivityManager( 1282): Permission Denial: starting Intent { cmp=org.tasks/.preferences.BackupPreferences } from ProcessRecord{4ccee7c 1948:com.android.intentfuzzer/u0a64} (pid=1948, uid=10064) not exported from uid 10062
09-01 09:31:33.165 W/ContextImpl( 1676): Calling a method in the system process without a qualified user: android.app.ContextImpl.startService:1358 android.content.ContextWrapper.startService:613 android.content.ContextWrapper.startService:613 com.android.coreservice.CoreBroadcastReceiver.onReceive:44 android.app.ActivityThread.handleReceiver:3073 
09-01 09:31:33.165 W/System.err( 1948): java.lang.Exception: Toast callstack! strTip=Send Intent Failed!
09-01 09:31:33.165 W/System.err( 1948): 	at android.widget.Toast.show(Toast.java:130)
09-01 09:31:33.165 W/System.err( 1948): 	at com.android.intentfuzzer.FuzzerActivity$3.onClick(FuzzerActivity.java:167)
09-01 09:31:33.165 W/System.err( 1948): 	at android.view.View.performClick(View.java:5637)
09-01 09:31:33.165 W/System.err( 1948): 	at android.view.View$PerformClick.run(View.java:22429)
09-01 09:31:33.166 W/System.err( 1948): 	at android.os.Handler.handleCallback(Handler.java:751)
09-01 09:31:33.166 W/System.err( 1948): 	at android.os.Handler.dispatchMessage(Handler.java:95)
09-01 09:31:33.166 W/System.err( 1948): 	at android.os.Looper.loop(Looper.java:154)
09-01 09:31:33.166 W/System.err( 1948): 	at android.app.ActivityThread.main(ActivityThread.java:6190)
09-01 09:31:33.166 W/System.err( 1948): 	at java.lang.reflect.Method.invoke(Native Method)
09-01 09:31:33.166 W/System.err( 1948): 	at com.android.internal.os.ZygoteInit$MethodAndArgsCaller.run(ZygoteInit.java:892)
09-01 09:31:33.166 W/System.err( 1948): 	at com.android.internal.os.ZygoteInit.main(ZygoteInit.java:782)
09-01 09:31:33.168 I/ActivityManager( 1282): START u0 {cmp=org.tasks/com.todoroo.astrid.widget.WidgetConfigActivity} from uid 10064 on display 0
09-01 09:31:33.171 W/ContextImpl( 1676): Calling a method in the system process without a qualified user: android.app.ContextImpl.startService:1358 android.content.ContextWrapper.startService:613 android.content.ContextWrapper.startService:613 com.android.coreservice.CoreBroadcastReceiver.onReceive:44 android.app.ActivityThread.handleReceiver:3073 
09-01 09:31:33.174 W/System.err( 1948): java.lang.Exception: Toast callstack! strTip=Sent Null Intent { cmp=org.tasks/com.todoroo.astrid.widget.WidgetConfigActivity }
09-01 09:31:33.174 W/System.err( 1948): 	at android.widget.Toast.show(Toast.java:130)
09-01 09:31:33.174 W/System.err( 1948): 	at com.android.intentfuzzer.FuzzerActivity$3.onClick(FuzzerActivity.java:165)
09-01 09:31:33.175 W/System.err( 1948): 	at android.view.View.performClick(View.java:5637)
09-01 09:31:33.175 W/System.err( 1948): 	at android.view.View$PerformClick.run(View.java:22429)
09-01 09:31:33.175 W/System.err( 1948): 	at android.os.Handler.handleCallback(Handler.java:751)
09-01 09:31:33.175 W/System.err( 1948): 	at android.os.Handler.dispatchMessage(Handler.java:95)
09-01 09:31:33.175 W/System.err( 1948): 	at android.os.Looper.loop(Looper.java:154)
09-01 09:31:33.175 W/System.err( 1948): 	at android.app.ActivityThread.main(ActivityThread.java:6190)
09-01 09:31:33.175 W/System.err( 1948): 	at java.lang.reflect.Method.invoke(Native Method)
09-01 09:31:33.175 W/System.err( 1948): 	at com.android.internal.os.ZygoteInit$MethodAndArgsCaller.run(ZygoteInit.java:892)
09-01 09:31:33.175 W/System.err( 1948): 	at com.android.internal.os.ZygoteInit.main(ZygoteInit.java:782)
09-01 09:31:33.176 W/ContextImpl( 1676): Calling a method in the system process without a qualified user: android.app.ContextImpl.startService:1358 android.content.ContextWrapper.startService:613 android.content.ContextWrapper.startService:613 com.android.coreservice.CoreBroadcastReceiver.onReceive:44 android.app.ActivityThread.handleReceiver:3073 
09-01 09:31:33.177 I/ActivityManager( 1282): START u0 {cmp=org.tasks/com.todoroo.astrid.service.UpgradeActivity} from uid 10064 on display 0
09-01 09:31:33.177 W/ActivityManager( 1282): Permission Denial: starting Intent { cmp=org.tasks/com.todoroo.astrid.service.UpgradeActivity } from ProcessRecord{4ccee7c 1948:com.android.intentfuzzer/u0a64} (pid=1948, uid=10064) not exported from uid 10062
09-01 09:31:33.178 W/System.err( 1948): java.lang.Exception: Toast callstack! strTip=Send Intent Failed!
09-01 09:31:33.179 W/System.err( 1948): 	at android.widget.Toast.show(Toast.java:130)
09-01 09:31:33.179 W/System.err( 1948): 	at com.android.intentfuzzer.FuzzerActivity$3.onClick(FuzzerActivity.java:167)
09-01 09:31:33.179 W/System.err( 1948): 	at android.view.View.performClick(View.java:5637)
09-01 09:31:33.179 W/System.err( 1948): 	at android.view.View$PerformClick.run(View.java:22429)
09-01 09:31:33.179 W/System.err( 1948): 	at android.os.Handler.handleCallback(Handler.java:751)
09-01 09:31:33.179 W/System.err( 1948): 	at android.os.Handler.dispatchMessage(Handler.java:95)
09-01 09:31:33.179 W/System.err( 1948): 	at android.os.Looper.loop(Looper.java:154)
09-01 09:31:33.179 W/System.err( 1948): 	at android.app.ActivityThread.main(ActivityThread.java:6190)
09-01 09:31:33.179 W/System.err( 1948): 	at java.lang.reflect.Method.invoke(Native Method)
09-01 09:31:33.179 W/System.err( 1948): 	at com.android.internal.os.ZygoteInit$MethodAndArgsCaller.run(ZygoteInit.java:892)
09-01 09:31:33.179 W/System.err( 1948): 	at com.android.internal.os.ZygoteInit.main(ZygoteInit.java:782)
09-01 09:31:33.180 I/ActivityManager( 1282): START u0 {cmp=org.tasks/.preferences.AppearancePreferences} from uid 10064 on display 0
09-01 09:31:33.180 W/ActivityManager( 1282): Permission Denial: starting Intent { cmp=org.tasks/.preferences.AppearancePreferences } from ProcessRecord{4ccee7c 1948:com.android.intentfuzzer/u0a64} (pid=1948, uid=10064) not exported from uid 10062
09-01 09:31:33.180 W/ContextImpl( 1676): Calling a method in the system process without a qualified user: android.app.ContextImpl.startService:1358 android.content.ContextWrapper.startService:613 android.content.ContextWrapper.startService:613 com.android.coreservice.CoreBroadcastReceiver.onReceive:44 android.app.ActivityThread.handleReceiver:3073 
09-01 09:31:33.182 W/System.err( 1948): java.lang.Exception: Toast callstack! strTip=Send Intent Failed!
09-01 09:31:33.182 W/System.err( 1948): 	at android.widget.Toast.show(Toast.java:130)
09-01 09:31:33.182 W/System.err( 1948): 	at com.android.intentfuzzer.FuzzerActivity$3.onClick(FuzzerActivity.java:167)
09-01 09:31:33.182 W/System.err( 1948): 	at android.view.View.performClick(View.java:5637)
09-01 09:31:33.182 W/System.err( 1948): 	at android.view.View$PerformClick.run(View.java:22429)
09-01 09:31:33.182 W/System.err( 1948): 	at android.os.Handler.handleCallback(Handler.java:751)
09-01 09:31:33.182 W/System.err( 1948): 	at android.os.Handler.dispatchMessage(Handler.java:95)
09-01 09:31:33.182 W/System.err( 1948): 	at android.os.Looper.loop(Looper.java:154)
09-01 09:31:33.182 W/System.err( 1948): 	at android.app.ActivityThread.main(ActivityThread.java:6190)
09-01 09:31:33.182 W/System.err( 1948): 	at java.lang.reflect.Method.invoke(Native Method)
09-01 09:31:33.182 W/System.err( 1948): 	at com.android.internal.os.ZygoteInit$MethodAndArgsCaller.run(ZygoteInit.java:892)
09-01 09:31:33.182 W/System.err( 1948): 	at com.android.internal.os.ZygoteInit.main(ZygoteInit.java:782)
09-01 09:31:33.185 I/ActivityManager( 1282): START u0 {cmp=org.tasks/.preferences.DateShortcutPreferences} from uid 10064 on display 0
09-01 09:31:33.185 W/ActivityManager( 1282): Permission Denial: starting Intent { cmp=org.tasks/.preferences.DateShortcutPreferences } from ProcessRecord{4ccee7c 1948:com.android.intentfuzzer/u0a64} (pid=1948, uid=10064) not exported from uid 10062
09-01 09:31:33.187 W/System.err( 1948): java.lang.Exception: Toast callstack! strTip=Send Intent Failed!
09-01 09:31:33.187 W/System.err( 1948): 	at android.widget.Toast.show(Toast.java:130)
09-01 09:31:33.187 W/System.err( 1948): 	at com.android.intentfuzzer.FuzzerActivity$3.onClick(FuzzerActivity.java:167)
09-01 09:31:33.187 W/System.err( 1948): 	at android.view.View.performClick(View.java:5637)
09-01 09:31:33.187 W/System.err( 1948): 	at android.view.View$PerformClick.run(View.java:22429)
09-01 09:31:33.187 W/System.err( 1948): 	at android.os.Handler.handleCallback(Handler.java:751)
09-01 09:31:33.187 W/System.err( 1948): 	at android.os.Handler.dispatchMessage(Handler.java:95)
09-01 09:31:33.187 W/System.err( 1948): 	at android.os.Looper.loop(Looper.java:154)
09-01 09:31:33.187 W/System.err( 1948): 	at android.app.ActivityThread.main(ActivityThread.java:6190)
09-01 09:31:33.187 W/System.err( 1948): 	at java.lang.reflect.Method.invoke(Native Method)
09-01 09:31:33.187 W/System.err( 1948): 	at com.android.internal.os.ZygoteInit$MethodAndArgsCaller.run(ZygoteInit.java:892)
09-01 09:31:33.187 W/System.err( 1948): 	at com.android.internal.os.ZygoteInit.main(ZygoteInit.java:782)
09-01 09:31:33.188 I/ActivityManager( 1282): START u0 {cmp=org.tasks/com.todoroo.astrid.core.DefaultsPreferences} from uid 10064 on display 0
09-01 09:31:33.188 W/ActivityManager( 1282): Permission Denial: starting Intent { cmp=org.tasks/com.todoroo.astrid.core.DefaultsPreferences } from ProcessRecord{4ccee7c 1948:com.android.intentfuzzer/u0a64} (pid=1948, uid=10064) not exported from uid 10062
09-01 09:31:33.189 W/System.err( 1948): java.lang.Exception: Toast callstack! strTip=Send Intent Failed!
09-01 09:31:33.189 W/System.err( 1948): 	at android.widget.Toast.show(Toast.java:130)
09-01 09:31:33.189 W/System.err( 1948): 	at com.android.intentfuzzer.FuzzerActivity$3.onClick(FuzzerActivity.java:167)
09-01 09:31:33.189 W/System.err( 1948): 	at android.view.View.performClick(View.java:5637)
09-01 09:31:33.189 W/System.err( 1948): 	at android.view.View$PerformClick.run(View.java:22429)
09-01 09:31:33.189 W/System.err( 1948): 	at android.os.Handler.handleCallback(Handler.java:751)
09-01 09:31:33.189 W/System.err( 1948): 	at android.os.Handler.dispatchMessage(Handler.java:95)
09-01 09:31:33.189 W/System.err( 1948): 	at android.os.Looper.loop(Looper.java:154)
09-01 09:31:33.189 W/System.err( 1948): 	at android.app.ActivityThread.main(ActivityThread.java:6190)
09-01 09:31:33.189 W/System.err( 1948): 	at java.lang.reflect.Method.invoke(Native Method)
09-01 09:31:33.189 W/System.err( 1948): 	at com.android.internal.os.ZygoteInit$MethodAndArgsCaller.run(ZygoteInit.java:892)
09-01 09:31:33.189 W/System.err( 1948): 	at com.android.internal.os.ZygoteInit.main(ZygoteInit.java:782)
09-01 09:31:33.190 I/ActivityManager( 1282): START u0 {cmp=org.tasks/com.todoroo.astrid.activity.BeastModePreferences} from uid 10064 on display 0
09-01 09:31:33.190 W/ActivityManager( 1282): Permission Denial: starting Intent { cmp=org.tasks/com.todoroo.astrid.activity.BeastModePreferences } from ProcessRecord{4ccee7c 1948:com.android.intentfuzzer/u0a64} (pid=1948, uid=10064) not exported from uid 10062
09-01 09:31:33.192 W/System.err( 1948): java.lang.Exception: Toast callstack! strTip=Send Intent Failed!
09-01 09:31:33.192 W/System.err( 1948): 	at android.widget.Toast.show(Toast.java:130)
09-01 09:31:33.192 W/System.err( 1948): 	at com.android.intentfuzzer.FuzzerActivity$3.onClick(FuzzerActivity.java:167)
09-01 09:31:33.192 W/System.err( 1948): 	at android.view.View.performClick(View.java:5637)
09-01 09:31:33.192 W/System.err( 1948): 	at android.view.View$PerformClick.run(View.java:22429)
09-01 09:31:33.192 W/System.err( 1948): 	at android.os.Handler.handleCallback(Handler.java:751)
09-01 09:31:33.192 W/System.err( 1948): 	at android.os.Handler.dispatchMessage(Handler.java:95)
09-01 09:31:33.192 W/System.err( 1948): 	at android.os.Looper.loop(Looper.java:154)
09-01 09:31:33.192 W/System.err( 1948): 	at android.app.ActivityThread.main(ActivityThread.java:6190)
09-01 09:31:33.192 W/System.err( 1948): 	at java.lang.reflect.Method.invoke(Native Method)
09-01 09:31:33.192 W/System.err( 1948): 	at com.android.internal.os.ZygoteInit$MethodAndArgsCaller.run(ZygoteInit.java:892)
09-01 09:31:33.192 W/System.err( 1948): 	at com.android.internal.os.ZygoteInit.main(ZygoteInit.java:782)
09-01 09:31:33.193 I/ActivityManager( 1282): START u0 {cmp=org.tasks/.reminders.MissedCallActivity} from uid 10064 on display 0
09-01 09:31:33.193 W/ActivityManager( 1282): Permission Denial: starting Intent { cmp=org.tasks/.reminders.MissedCallActivity } from ProcessRecord{4ccee7c 1948:com.android.intentfuzzer/u0a64} (pid=1948, uid=10064) not exported from uid 10062
09-01 09:31:33.194 W/System.err( 1948): java.lang.Exception: Toast callstack! strTip=Send Intent Failed!
09-01 09:31:33.194 W/System.err( 1948): 	at android.widget.Toast.show(Toast.java:130)
09-01 09:31:33.194 W/System.err( 1948): 	at com.android.intentfuzzer.FuzzerActivity$3.onClick(FuzzerActivity.java:167)
09-01 09:31:33.194 W/System.err( 1948): 	at android.view.View.performClick(View.java:5637)
09-01 09:31:33.194 W/System.err( 1948): 	at android.view.View$PerformClick.run(View.java:22429)
09-01 09:31:33.194 W/System.err( 1948): 	at android.os.Handler.handleCallback(Handler.java:751)
09-01 09:31:33.194 W/System.err( 1948): 	at android.os.Handler.dispatchMessage(Handler.java:95)
09-01 09:31:33.194 W/System.err( 1948): 	at android.os.Looper.loop(Looper.java:154)
09-01 09:31:33.194 W/System.err( 1948): 	at android.app.ActivityThread.main(ActivityThread.java:6190)
09-01 09:31:33.194 W/System.err( 1948): 	at java.lang.reflect.Method.invoke(Native Method)
09-01 09:31:33.194 W/System.err( 1948): 	at com.android.internal.os.ZygoteInit$MethodAndArgsCaller.run(ZygoteInit.java:892)
09-01 09:31:33.194 W/System.err( 1948): 	at com.android.internal.os.ZygoteInit.main(ZygoteInit.java:782)
09-01 09:31:33.198 I/ActivityManager( 1282): START u0 {cmp=org.tasks/.reminders.SnoozeActivity} from uid 10064 on display 0
09-01 09:31:33.198 W/ActivityManager( 1282): Permission Denial: starting Intent { cmp=org.tasks/.reminders.SnoozeActivity } from ProcessRecord{4ccee7c 1948:com.android.intentfuzzer/u0a64} (pid=1948, uid=10064) not exported from uid 10062
09-01 09:31:33.199 W/System.err( 1948): java.lang.Exception: Toast callstack! strTip=Send Intent Failed!
09-01 09:31:33.199 W/System.err( 1948): 	at android.widget.Toast.show(Toast.java:130)
09-01 09:31:33.199 W/System.err( 1948): 	at com.android.intentfuzzer.FuzzerActivity$3.onClick(FuzzerActivity.java:167)
09-01 09:31:33.199 W/System.err( 1948): 	at android.view.View.performClick(View.java:5637)
09-01 09:31:33.199 W/System.err( 1948): 	at android.view.View$PerformClick.run(View.java:22429)
09-01 09:31:33.199 W/System.err( 1948): 	at android.os.Handler.handleCallback(Handler.java:751)
09-01 09:31:33.199 W/System.err( 1948): 	at android.os.Handler.dispatchMessage(Handler.java:95)
09-01 09:31:33.199 W/System.err( 1948): 	at android.os.Looper.loop(Looper.java:154)
09-01 09:31:33.199 W/System.err( 1948): 	at android.app.ActivityThread.main(ActivityThread.java:6190)
09-01 09:31:33.199 W/System.err( 1948): 	at java.lang.reflect.Method.invoke(Native Method)
09-01 09:31:33.199 W/System.err( 1948): 	at com.android.internal.os.ZygoteInit$MethodAndArgsCaller.run(ZygoteInit.java:892)
09-01 09:31:33.199 W/System.err( 1948): 	at com.android.internal.os.ZygoteInit.main(ZygoteInit.java:782)
09-01 09:31:33.200 I/ActivityManager( 1282): START u0 {cmp=org.tasks/.reminders.NotificationActivity} from uid 10064 on display 0
09-01 09:31:33.200 W/ActivityManager( 1282): Permission Denial: starting Intent { cmp=org.tasks/.reminders.NotificationActivity } from ProcessRecord{4ccee7c 1948:com.android.intentfuzzer/u0a64} (pid=1948, uid=10064) not exported from uid 10062
09-01 09:31:33.202 W/System.err( 1948): java.lang.Exception: Toast callstack! strTip=Send Intent Failed!
09-01 09:31:33.202 W/System.err( 1948): 	at android.widget.Toast.show(Toast.java:130)
09-01 09:31:33.202 W/System.err( 1948): 	at com.android.intentfuzzer.FuzzerActivity$3.onClick(FuzzerActivity.java:167)
09-01 09:31:33.202 W/System.err( 1948): 	at android.view.View.performClick(View.java:5637)
09-01 09:31:33.202 W/System.err( 1948): 	at android.view.View$PerformClick.run(View.java:22429)
09-01 09:31:33.202 W/System.err( 1948): 	at android.os.Handler.handleCallback(Handler.java:751)
09-01 09:31:33.202 W/System.err( 1948): 	at android.os.Handler.dispatchMessage(Handler.java:95)
09-01 09:31:33.202 W/System.err( 1948): 	at android.os.Looper.loop(Looper.java:154)
09-01 09:31:33.202 W/System.err( 1948): 	at android.app.ActivityThread.main(ActivityThread.java:6190)
09-01 09:31:33.202 W/System.err( 1948): 	at java.lang.reflect.Method.invoke(Native Method)
09-01 09:31:33.202 W/System.err( 1948): 	at com.android.internal.os.ZygoteInit$MethodAndArgsCaller.run(ZygoteInit.java:892)
09-01 09:31:33.202 W/System.err( 1948): 	at com.android.internal.os.ZygoteInit.main(ZygoteInit.java:782)
09-01 09:31:33.203 I/ActivityManager( 1282): START u0 {cmp=org.tasks/com.todoroo.astrid.core.CustomFilterActivity} from uid 10064 on display 0
09-01 09:31:33.203 W/ActivityManager( 1282): Permission Denial: starting Intent { cmp=org.tasks/com.todoroo.astrid.core.CustomFilterActivity } from ProcessRecord{4ccee7c 1948:com.android.intentfuzzer/u0a64} (pid=1948, uid=10064) not exported from uid 10062
09-01 09:31:33.204 W/System.err( 1948): java.lang.Exception: Toast callstack! strTip=Send Intent Failed!
09-01 09:31:33.204 W/System.err( 1948): 	at android.widget.Toast.show(Toast.java:130)
09-01 09:31:33.204 W/System.err( 1948): 	at com.android.intentfuzzer.FuzzerActivity$3.onClick(FuzzerActivity.java:167)
09-01 09:31:33.204 W/System.err( 1948): 	at android.view.View.performClick(View.java:5637)
09-01 09:31:33.205 W/System.err( 1948): 	at android.view.View$PerformClick.run(View.java:22429)
09-01 09:31:33.205 W/System.err( 1948): 	at android.os.Handler.handleCallback(Handler.java:751)
09-01 09:31:33.205 W/System.err( 1948): 	at android.os.Handler.dispatchMessage(Handler.java:95)
09-01 09:31:33.205 W/System.err( 1948): 	at android.os.Looper.loop(Looper.java:154)
09-01 09:31:33.205 W/System.err( 1948): 	at android.app.ActivityThread.main(ActivityThread.java:6190)
09-01 09:31:33.205 W/System.err( 1948): 	at java.lang.reflect.Method.invoke(Native Method)
09-01 09:31:33.205 W/System.err( 1948): 	at com.android.internal.os.ZygoteInit$MethodAndArgsCaller.run(ZygoteInit.java:892)
09-01 09:31:33.205 W/System.err( 1948): 	at com.android.internal.os.ZygoteInit.main(ZygoteInit.java:782)
09-01 09:31:33.205 I/ActivityManager( 1282): START u0 {cmp=org.tasks/com.todoroo.astrid.actfm.TagSettingsActivity} from uid 10064 on display 0
09-01 09:31:33.205 W/ActivityManager( 1282): Permission Denial: starting Intent { cmp=org.tasks/com.todoroo.astrid.actfm.TagSettingsActivity } from ProcessRecord{4ccee7c 1948:com.android.intentfuzzer/u0a64} (pid=1948, uid=10064) not exported from uid 10062
09-01 09:31:33.206 W/System.err( 1948): java.lang.Exception: Toast callstack! strTip=Send Intent Failed!
09-01 09:31:33.206 W/System.err( 1948): 	at android.widget.Toast.show(Toast.java:130)
09-01 09:31:33.206 W/System.err( 1948): 	at com.android.intentfuzzer.FuzzerActivity$3.onClick(FuzzerActivity.java:167)
09-01 09:31:33.206 W/System.err( 1948): 	at android.view.View.performClick(View.java:5637)
09-01 09:31:33.206 W/System.err( 1948): 	at android.view.View$PerformClick.run(View.java:22429)
09-01 09:31:33.206 W/System.err( 1948): 	at android.os.Handler.handleCallback(Handler.java:751)
09-01 09:31:33.206 W/System.err( 1948): 	at android.os.Handler.dispatchMessage(Handler.java:95)
09-01 09:31:33.206 W/System.err( 1948): 	at android.os.Looper.loop(Looper.java:154)
09-01 09:31:33.206 W/System.err( 1948): 	at android.app.ActivityThread.main(ActivityThread.java:6190)
09-01 09:31:33.206 W/System.err( 1948): 	at java.lang.reflect.Method.invoke(Native Method)
09-01 09:31:33.206 W/System.err( 1948): 	at com.android.internal.os.ZygoteInit$MethodAndArgsCaller.run(ZygoteInit.java:892)
09-01 09:31:33.206 W/System.err( 1948): 	at com.android.internal.os.ZygoteInit.main(ZygoteInit.java:782)
09-01 09:31:33.209 I/ActivityManager( 1282): START u0 {cmp=org.tasks/com.todoroo.astrid.actfm.FilterSettingsActivity} from uid 10064 on display 0
09-01 09:31:33.209 W/ActivityManager( 1282): Permission Denial: starting Intent { cmp=org.tasks/com.todoroo.astrid.actfm.FilterSettingsActivity } from ProcessRecord{4ccee7c 1948:com.android.intentfuzzer/u0a64} (pid=1948, uid=10064) not exported from uid 10062
09-01 09:31:33.210 W/System.err( 1948): java.lang.Exception: Toast callstack! strTip=Send Intent Failed!
09-01 09:31:33.210 W/System.err( 1948): 	at android.widget.Toast.show(Toast.java:130)
09-01 09:31:33.210 W/System.err( 1948): 	at com.android.intentfuzzer.FuzzerActivity$3.onClick(FuzzerActivity.java:167)
09-01 09:31:33.210 W/System.err( 1948): 	at android.view.View.performClick(View.java:5637)
09-01 09:31:33.210 W/System.err( 1948): 	at android.view.View$PerformClick.run(View.java:22429)
09-01 09:31:33.210 W/System.err( 1948): 	at android.os.Handler.handleCallback(Handler.java:751)
09-01 09:31:33.210 W/System.err( 1948): 	at android.os.Handler.dispatchMessage(Handler.java:95)
09-01 09:31:33.210 W/System.err( 1948): 	at android.os.Looper.loop(Looper.java:154)
09-01 09:31:33.210 W/System.err( 1948): 	at android.app.ActivityThread.main(ActivityThread.java:6190)
09-01 09:31:33.210 W/System.err( 1948): 	at java.lang.reflect.Method.invoke(Native Method)
09-01 09:31:33.210 W/System.err( 1948): 	at com.android.internal.os.ZygoteInit$MethodAndArgsCaller.run(ZygoteInit.java:892)
09-01 09:31:33.210 W/System.err( 1948): 	at com.android.internal.os.ZygoteInit.main(ZygoteInit.java:782)
09-01 09:31:33.215 I/ActivityManager( 1282): START u0 {cmp=org.tasks/.activities.CalendarSelectionActivity} from uid 10064 on display 0
09-01 09:31:33.215 W/ActivityManager( 1282): Permission Denial: starting Intent { cmp=org.tasks/.activities.CalendarSelectionActivity } from ProcessRecord{4ccee7c 1948:com.android.intentfuzzer/u0a64} (pid=1948, uid=10064) not exported from uid 10062
09-01 09:31:33.217 W/System.err( 1948): java.lang.Exception: Toast callstack! strTip=Send Intent Failed!
09-01 09:31:33.217 W/System.err( 1948): 	at android.widget.Toast.show(Toast.java:130)
09-01 09:31:33.217 W/System.err( 1948): 	at com.android.intentfuzzer.FuzzerActivity$3.onClick(FuzzerActivity.java:167)
09-01 09:31:33.217 W/System.err( 1948): 	at android.view.View.performClick(View.java:5637)
09-01 09:31:33.217 W/System.err( 1948): 	at android.view.View$PerformClick.run(View.java:22429)
09-01 09:31:33.217 W/System.err( 1948): 	at android.os.Handler.handleCallback(Handler.java:751)
09-01 09:31:33.217 W/System.err( 1948): 	at android.os.Handler.dispatchMessage(Handler.java:95)
09-01 09:31:33.217 W/System.err( 1948): 	at android.os.Looper.loop(Looper.java:154)
09-01 09:31:33.217 W/System.err( 1948): 	at android.app.ActivityThread.main(ActivityThread.java:6190)
09-01 09:31:33.217 W/System.err( 1948): 	at java.lang.reflect.Method.invoke(Native Method)
09-01 09:31:33.217 W/System.err( 1948): 	at com.android.internal.os.ZygoteInit$MethodAndArgsCaller.run(ZygoteInit.java:892)
09-01 09:31:33.217 W/System.err( 1948): 	at com.android.internal.os.ZygoteInit.main(ZygoteInit.java:782)
