--------- beginning of system
08-31 14:07:54.142 W/WindowManager( 1283): Attempted to remove non-existing token: android.os.Binder@f9b880
--------- beginning of main
08-31 14:07:54.144 D/EGL_adreno( 2305): eglMakeCurrent: 0x7fffeb4420a0: ver 3 1 (tinfo 0x7fffeb40d340)
08-31 14:07:54.207 E/EGL_adreno( 2305): tid 2321: eglSurfaceAttrib(1338): error 0x3009 (EGL_BAD_MATCH)
08-31 14:07:54.207 W/OpenGLRenderer( 2305): Failed to set EGL_SWAP_BEHAVIOR on surface 0x7fffd4ffd2c0, error=EGL_BAD_MATCH
08-31 14:07:54.210 D/EGL_adreno( 2305): eglMakeCurrent: 0x7fffeb4420a0: ver 3 1 (tinfo 0x7fffeb40d340)
08-31 14:07:57.647 W/WindowManager( 1283): Attempted to remove non-existing token: android.os.Binder@38abeb9
08-31 14:07:57.649 D/EGL_adreno( 2305): eglMakeCurrent: 0x7fffeb4420a0: ver 3 1 (tinfo 0x7fffeb40d340)
08-31 14:07:57.705 E/EGL_adreno( 2305): tid 2321: eglSurfaceAttrib(1338): error 0x3009 (EGL_BAD_MATCH)
08-31 14:07:57.705 W/OpenGLRenderer( 2305): Failed to set EGL_SWAP_BEHAVIOR on surface 0x7fffd4ffd2c0, error=EGL_BAD_MATCH
08-31 14:07:57.707 D/EGL_adreno( 2305): eglMakeCurrent: 0x7fffeb4420a0: ver 3 1 (tinfo 0x7fffeb40d340)
08-31 14:08:01.153 W/WindowManager( 1283): Attempted to remove non-existing token: android.os.Binder@445c2fe
08-31 14:08:01.154 D/EGL_adreno( 2305): eglMakeCurrent: 0x7fffeb4420a0: ver 3 1 (tinfo 0x7fffeb40d340)
08-31 14:08:01.207 E/EGL_adreno( 2305): tid 2321: eglSurfaceAttrib(1338): error 0x3009 (EGL_BAD_MATCH)
08-31 14:08:01.207 W/OpenGLRenderer( 2305): Failed to set EGL_SWAP_BEHAVIOR on surface 0x7fffd4ffd2c0, error=EGL_BAD_MATCH
08-31 14:08:01.208 D/EGL_adreno( 2305): eglMakeCurrent: 0x7fffeb4420a0: ver 3 1 (tinfo 0x7fffeb40d340)
08-31 14:08:04.662 W/WindowManager( 1283): Attempted to remove non-existing token: android.os.Binder@1919a5f
08-31 14:08:04.663 D/EGL_adreno( 2305): eglMakeCurrent: 0x7fffeb4420a0: ver 3 1 (tinfo 0x7fffeb40d340)
08-31 14:08:04.725 E/EGL_adreno( 2305): tid 2321: eglSurfaceAttrib(1338): error 0x3009 (EGL_BAD_MATCH)
08-31 14:08:04.725 W/OpenGLRenderer( 2305): Failed to set EGL_SWAP_BEHAVIOR on surface 0x7fffd4ffd2c0, error=EGL_BAD_MATCH
08-31 14:08:04.726 D/EGL_adreno( 2305): eglMakeCurrent: 0x7fffeb4420a0: ver 3 1 (tinfo 0x7fffeb40d340)
08-31 14:08:08.167 W/WindowManager( 1283): Attempted to remove non-existing token: android.os.Binder@c81dcac
08-31 14:08:08.169 D/EGL_adreno( 2305): eglMakeCurrent: 0x7fffeb4420a0: ver 3 1 (tinfo 0x7fffeb40d340)
08-31 14:08:08.233 E/EGL_adreno( 2305): tid 2321: eglSurfaceAttrib(1338): error 0x3009 (EGL_BAD_MATCH)
08-31 14:08:08.233 W/OpenGLRenderer( 2305): Failed to set EGL_SWAP_BEHAVIOR on surface 0x7fffd4ffd2c0, error=EGL_BAD_MATCH
08-31 14:08:08.236 D/EGL_adreno( 2305): eglMakeCurrent: 0x7fffeb4420a0: ver 3 1 (tinfo 0x7fffeb40d340)
08-31 14:08:11.673 W/WindowManager( 1283): Attempted to remove non-existing token: android.os.Binder@d8f8d75
08-31 14:08:11.676 D/EGL_adreno( 2305): eglMakeCurrent: 0x7fffeb4420a0: ver 3 1 (tinfo 0x7fffeb40d340)
08-31 14:08:11.746 E/EGL_adreno( 2305): tid 2321: eglSurfaceAttrib(1338): error 0x3009 (EGL_BAD_MATCH)
08-31 14:08:11.746 W/OpenGLRenderer( 2305): Failed to set EGL_SWAP_BEHAVIOR on surface 0x7fffd4ffd2c0, error=EGL_BAD_MATCH
08-31 14:08:11.747 D/EGL_adreno( 2305): eglMakeCurrent: 0x7fffeb4420a0: ver 3 1 (tinfo 0x7fffeb40d340)
08-31 14:08:15.178 W/WindowManager( 1283): Attempted to remove non-existing token: android.os.Binder@b7110a
08-31 14:08:15.180 D/EGL_adreno( 2305): eglMakeCurrent: 0x7fffeb4420a0: ver 3 1 (tinfo 0x7fffeb40d340)
08-31 14:08:15.242 E/EGL_adreno( 2305): tid 2321: eglSurfaceAttrib(1338): error 0x3009 (EGL_BAD_MATCH)
08-31 14:08:15.242 W/OpenGLRenderer( 2305): Failed to set EGL_SWAP_BEHAVIOR on surface 0x7fffd4ffd2c0, error=EGL_BAD_MATCH
08-31 14:08:15.244 D/EGL_adreno( 2305): eglMakeCurrent: 0x7fffeb4420a0: ver 3 1 (tinfo 0x7fffeb40d340)
08-31 14:08:18.683 W/WindowManager( 1283): Attempted to remove non-existing token: android.os.Binder@cdf7d7b
08-31 14:08:18.685 D/EGL_adreno( 2305): eglMakeCurrent: 0x7fffeb4420a0: ver 3 1 (tinfo 0x7fffeb40d340)
08-31 14:08:18.749 E/EGL_adreno( 2305): tid 2321: eglSurfaceAttrib(1338): error 0x3009 (EGL_BAD_MATCH)
08-31 14:08:18.749 W/OpenGLRenderer( 2305): Failed to set EGL_SWAP_BEHAVIOR on surface 0x7fffd4ffd2c0, error=EGL_BAD_MATCH
08-31 14:08:18.750 D/EGL_adreno( 2305): eglMakeCurrent: 0x7fffeb4420a0: ver 3 1 (tinfo 0x7fffeb40d340)
08-31 14:08:22.192 W/WindowManager( 1283): Attempted to remove non-existing token: android.os.Binder@b861798
08-31 14:08:22.193 D/EGL_adreno( 2305): eglMakeCurrent: 0x7fffeb4420a0: ver 3 1 (tinfo 0x7fffeb40d340)
08-31 14:08:22.259 E/EGL_adreno( 2305): tid 2321: eglSurfaceAttrib(1338): error 0x3009 (EGL_BAD_MATCH)
08-31 14:08:22.259 W/OpenGLRenderer( 2305): Failed to set EGL_SWAP_BEHAVIOR on surface 0x7fffd4ffd2c0, error=EGL_BAD_MATCH
08-31 14:08:22.260 D/EGL_adreno( 2305): eglMakeCurrent: 0x7fffeb4420a0: ver 3 1 (tinfo 0x7fffeb40d340)
08-31 14:08:22.823 D/WifiStateMachine( 1283): setScanResults mScanResults.size=1
08-31 14:08:25.698 W/WindowManager( 1283): Attempted to remove non-existing token: android.os.Binder@ad88bf1
08-31 14:08:25.700 D/EGL_adreno( 2305): eglMakeCurrent: 0x7fffeb4420a0: ver 3 1 (tinfo 0x7fffeb40d340)
08-31 14:08:25.761 E/EGL_adreno( 2305): tid 2321: eglSurfaceAttrib(1338): error 0x3009 (EGL_BAD_MATCH)
08-31 14:08:25.761 W/OpenGLRenderer( 2305): Failed to set EGL_SWAP_BEHAVIOR on surface 0x7fffd4ffd2c0, error=EGL_BAD_MATCH
08-31 14:08:25.762 D/EGL_adreno( 2305): eglMakeCurrent: 0x7fffeb4420a0: ver 3 1 (tinfo 0x7fffeb40d340)
08-31 14:08:29.203 W/WindowManager( 1283): Attempted to remove non-existing token: android.os.Binder@63d33d6
08-31 14:08:29.206 D/EGL_adreno( 2305): eglMakeCurrent: 0x7fffeb4420a0: ver 3 1 (tinfo 0x7fffeb40d340)
08-31 14:08:29.259 E/EGL_adreno( 2305): tid 2321: eglSurfaceAttrib(1338): error 0x3009 (EGL_BAD_MATCH)
08-31 14:08:29.259 W/OpenGLRenderer( 2305): Failed to set EGL_SWAP_BEHAVIOR on surface 0x7fffd4ffd2c0, error=EGL_BAD_MATCH
08-31 14:08:29.261 D/EGL_adreno( 2305): eglMakeCurrent: 0x7fffeb4420a0: ver 3 1 (tinfo 0x7fffeb40d340)
08-31 14:08:32.708 W/WindowManager( 1283): Attempted to remove non-existing token: android.os.Binder@b5e7657
08-31 14:08:32.709 D/EGL_adreno( 2305): eglMakeCurrent: 0x7fffeb4420a0: ver 3 1 (tinfo 0x7fffeb40d340)
08-31 14:08:32.787 E/EGL_adreno( 2305): tid 2321: eglSurfaceAttrib(1338): error 0x3009 (EGL_BAD_MATCH)
08-31 14:08:32.787 W/OpenGLRenderer( 2305): Failed to set EGL_SWAP_BEHAVIOR on surface 0x7fffd4ffd2c0, error=EGL_BAD_MATCH
08-31 14:08:32.788 D/EGL_adreno( 2305): eglMakeCurrent: 0x7fffeb4420a0: ver 3 1 (tinfo 0x7fffeb40d340)
08-31 14:08:34.041 D/EGL_adreno( 2305): eglMakeCurrent: 0x7fffeb4420a0: ver 3 1 (tinfo 0x7fffeb40d340)
08-31 14:08:34.119 I/ActivityManager( 1283): START u0 {cmp=org.liberty.android.fantastischmemo/.ui.AnyMemo} from uid 10064 on display 0
08-31 14:08:34.121 D/audio_hw_hal( 1089): raw_start_output_stream, stream=0xf6e43140, sampleRate=48000, channel=2, bps=16, bufSize=4096
08-31 14:08:34.129 W/ContextImpl( 1721): Calling a method in the system process without a qualified user: android.app.ContextImpl.startService:1358 android.content.ContextWrapper.startService:613 android.content.ContextWrapper.startService:613 com.android.coreservice.CoreBroadcastReceiver.onReceive:44 android.app.ActivityThread.handleReceiver:3073 
08-31 14:08:34.134 W/System.err( 2305): java.lang.Exception: Toast callstack! strTip=Sent Null Intent { cmp=org.liberty.android.fantastischmemo/.ui.AnyMemo }
08-31 14:08:34.136 W/System.err( 2305): 	at android.widget.Toast.show(Toast.java:130)
08-31 14:08:34.136 W/System.err( 2305): 	at com.android.intentfuzzer.FuzzerActivity$3.onClick(FuzzerActivity.java:165)
08-31 14:08:34.136 W/System.err( 2305): 	at android.view.View.performClick(View.java:5637)
08-31 14:08:34.136 W/System.err( 2305): 	at android.view.View$PerformClick.run(View.java:22429)
08-31 14:08:34.136 W/System.err( 2305): 	at android.os.Handler.handleCallback(Handler.java:751)
08-31 14:08:34.136 W/System.err( 2305): 	at android.os.Handler.dispatchMessage(Handler.java:95)
08-31 14:08:34.136 W/System.err( 2305): 	at android.os.Looper.loop(Looper.java:154)
08-31 14:08:34.136 W/System.err( 2305): 	at android.app.ActivityThread.main(ActivityThread.java:6190)
08-31 14:08:34.136 W/System.err( 2305): 	at java.lang.reflect.Method.invoke(Native Method)
08-31 14:08:34.136 W/System.err( 2305): 	at com.android.internal.os.ZygoteInit$MethodAndArgsCaller.run(ZygoteInit.java:892)
08-31 14:08:34.136 W/System.err( 2305): 	at com.android.internal.os.ZygoteInit.main(ZygoteInit.java:782)
08-31 14:08:34.139 I/ActivityManager( 1283): START u0 {cmp=org.liberty.android.fantastischmemo/.downloader.DownloaderAnyMemo} from uid 10064 on display 0
08-31 14:08:34.139 W/ActivityManager( 1283): Permission Denial: starting Intent { cmp=org.liberty.android.fantastischmemo/.downloader.DownloaderAnyMemo } from ProcessRecord{6d7369d 2305:com.android.intentfuzzer/u0a64} (pid=2305, uid=10064) not exported from uid 10058
08-31 14:08:34.141 W/System.err( 2305): java.lang.Exception: Toast callstack! strTip=Send Intent Failed!
08-31 14:08:34.141 W/System.err( 2305): 	at android.widget.Toast.show(Toast.java:130)
08-31 14:08:34.141 W/System.err( 2305): 	at com.android.intentfuzzer.FuzzerActivity$3.onClick(FuzzerActivity.java:167)
08-31 14:08:34.141 W/System.err( 2305): 	at android.view.View.performClick(View.java:5637)
08-31 14:08:34.141 W/System.err( 2305): 	at android.view.View$PerformClick.run(View.java:22429)
08-31 14:08:34.141 W/System.err( 2305): 	at android.os.Handler.handleCallback(Handler.java:751)
08-31 14:08:34.141 W/System.err( 2305): 	at android.os.Handler.dispatchMessage(Handler.java:95)
08-31 14:08:34.141 W/System.err( 2305): 	at android.os.Looper.loop(Looper.java:154)
08-31 14:08:34.141 W/System.err( 2305): 	at android.app.ActivityThread.main(ActivityThread.java:6190)
08-31 14:08:34.141 W/System.err( 2305): 	at java.lang.reflect.Method.invoke(Native Method)
08-31 14:08:34.141 W/System.err( 2305): 	at com.android.internal.os.ZygoteInit$MethodAndArgsCaller.run(ZygoteInit.java:892)
08-31 14:08:34.141 W/System.err( 2305): 	at com.android.internal.os.ZygoteInit.main(ZygoteInit.java:782)
08-31 14:08:34.143 I/ActivityManager( 1283): START u0 {cmp=org.liberty.android.fantastischmemo/.downloader.DownloaderFE} from uid 10064 on display 0
08-31 14:08:34.143 W/ActivityManager( 1283): Permission Denial: starting Intent { cmp=org.liberty.android.fantastischmemo/.downloader.DownloaderFE } from ProcessRecord{6d7369d 2305:com.android.intentfuzzer/u0a64} (pid=2305, uid=10064) not exported from uid 10058
08-31 14:08:34.146 W/System.err( 2305): java.lang.Exception: Toast callstack! strTip=Send Intent Failed!
08-31 14:08:34.146 W/System.err( 2305): 	at android.widget.Toast.show(Toast.java:130)
08-31 14:08:34.146 W/System.err( 2305): 	at com.android.intentfuzzer.FuzzerActivity$3.onClick(FuzzerActivity.java:167)
08-31 14:08:34.146 W/System.err( 2305): 	at android.view.View.performClick(View.java:5637)
08-31 14:08:34.146 W/System.err( 2305): 	at android.view.View$PerformClick.run(View.java:22429)
08-31 14:08:34.146 W/System.err( 2305): 	at android.os.Handler.handleCallback(Handler.java:751)
08-31 14:08:34.146 W/System.err( 2305): 	at android.os.Handler.dispatchMessage(Handler.java:95)
08-31 14:08:34.146 W/System.err( 2305): 	at android.os.Looper.loop(Looper.java:154)
08-31 14:08:34.146 W/System.err( 2305): 	at android.app.ActivityThread.main(ActivityThread.java:6190)
08-31 14:08:34.146 W/System.err( 2305): 	at java.lang.reflect.Method.invoke(Native Method)
08-31 14:08:34.146 W/System.err( 2305): 	at com.android.internal.os.ZygoteInit$MethodAndArgsCaller.run(ZygoteInit.java:892)
08-31 14:08:34.146 W/System.err( 2305): 	at com.android.internal.os.ZygoteInit.main(ZygoteInit.java:782)
08-31 14:08:34.161 I/ActivityManager( 1283): START u0 {cmp=org.liberty.android.fantastischmemo/.downloader.DownloaderSS} from uid 10064 on display 0
08-31 14:08:34.161 W/ActivityManager( 1283): Permission Denial: starting Intent { cmp=org.liberty.android.fantastischmemo/.downloader.DownloaderSS } from ProcessRecord{6d7369d 2305:com.android.intentfuzzer/u0a64} (pid=2305, uid=10064) not exported from uid 10058
08-31 14:08:34.162 W/System.err( 2305): java.lang.Exception: Toast callstack! strTip=Send Intent Failed!
08-31 14:08:34.163 W/System.err( 2305): 	at android.widget.Toast.show(Toast.java:130)
08-31 14:08:34.163 W/System.err( 2305): 	at com.android.intentfuzzer.FuzzerActivity$3.onClick(FuzzerActivity.java:167)
08-31 14:08:34.163 W/System.err( 2305): 	at android.view.View.performClick(View.java:5637)
08-31 14:08:34.163 W/System.err( 2305): 	at android.view.View$PerformClick.run(View.java:22429)
08-31 14:08:34.163 W/System.err( 2305): 	at android.os.Handler.handleCallback(Handler.java:751)
08-31 14:08:34.163 W/System.err( 2305): 	at android.os.Handler.dispatchMessage(Handler.java:95)
08-31 14:08:34.163 W/System.err( 2305): 	at android.os.Looper.loop(Looper.java:154)
08-31 14:08:34.163 W/System.err( 2305): 	at android.app.ActivityThread.main(ActivityThread.java:6190)
08-31 14:08:34.163 W/System.err( 2305): 	at java.lang.reflect.Method.invoke(Native Method)
08-31 14:08:34.163 W/System.err( 2305): 	at com.android.internal.os.ZygoteInit$MethodAndArgsCaller.run(ZygoteInit.java:892)
08-31 14:08:34.163 W/System.err( 2305): 	at com.android.internal.os.ZygoteInit.main(ZygoteInit.java:782)
08-31 14:08:34.165 I/ActivityManager( 1283): START u0 {cmp=org.liberty.android.fantastischmemo/com.example.android.apis.graphics.FingerPaint} from uid 10064 on display 0
08-31 14:08:34.166 W/ActivityManager( 1283): Permission Denial: starting Intent { cmp=org.liberty.android.fantastischmemo/com.example.android.apis.graphics.FingerPaint } from ProcessRecord{6d7369d 2305:com.android.intentfuzzer/u0a64} (pid=2305, uid=10064) not exported from uid 10058
08-31 14:08:34.167 W/System.err( 2305): java.lang.Exception: Toast callstack! strTip=Send Intent Failed!
08-31 14:08:34.167 W/System.err( 2305): 	at android.widget.Toast.show(Toast.java:130)
08-31 14:08:34.167 W/System.err( 2305): 	at com.android.intentfuzzer.FuzzerActivity$3.onClick(FuzzerActivity.java:167)
08-31 14:08:34.168 W/System.err( 2305): 	at android.view.View.performClick(View.java:5637)
08-31 14:08:34.168 W/System.err( 2305): 	at android.view.View$PerformClick.run(View.java:22429)
08-31 14:08:34.168 W/System.err( 2305): 	at android.os.Handler.handleCallback(Handler.java:751)
08-31 14:08:34.168 W/System.err( 2305): 	at android.os.Handler.dispatchMessage(Handler.java:95)
08-31 14:08:34.168 W/System.err( 2305): 	at android.os.Looper.loop(Looper.java:154)
08-31 14:08:34.168 W/System.err( 2305): 	at android.app.ActivityThread.main(ActivityThread.java:6190)
08-31 14:08:34.168 W/System.err( 2305): 	at java.lang.reflect.Method.invoke(Native Method)
08-31 14:08:34.168 W/System.err( 2305): 	at com.android.internal.os.ZygoteInit$MethodAndArgsCaller.run(ZygoteInit.java:892)
08-31 14:08:34.168 W/System.err( 2305): 	at com.android.internal.os.ZygoteInit.main(ZygoteInit.java:782)
08-31 14:08:34.170 I/ActivityManager( 1283): START u0 {cmp=org.liberty.android.fantastischmemo/.downloader.cram.CramLauncher} from uid 10064 on display 0
08-31 14:08:34.170 W/ActivityManager( 1283): Permission Denial: starting Intent { cmp=org.liberty.android.fantastischmemo/.downloader.cram.CramLauncher } from ProcessRecord{6d7369d 2305:com.android.intentfuzzer/u0a64} (pid=2305, uid=10064) not exported from uid 10058
08-31 14:08:34.172 W/System.err( 2305): java.lang.Exception: Toast callstack! strTip=Send Intent Failed!
08-31 14:08:34.172 W/System.err( 2305): 	at android.widget.Toast.show(Toast.java:130)
08-31 14:08:34.172 W/System.err( 2305): 	at com.android.intentfuzzer.FuzzerActivity$3.onClick(FuzzerActivity.java:167)
08-31 14:08:34.172 W/System.err( 2305): 	at android.view.View.performClick(View.java:5637)
08-31 14:08:34.172 W/System.err( 2305): 	at android.view.View$PerformClick.run(View.java:22429)
08-31 14:08:34.172 W/System.err( 2305): 	at android.os.Handler.handleCallback(Handler.java:751)
08-31 14:08:34.172 W/System.err( 2305): 	at android.os.Handler.dispatchMessage(Handler.java:95)
08-31 14:08:34.172 W/System.err( 2305): 	at android.os.Looper.loop(Looper.java:154)
08-31 14:08:34.172 W/System.err( 2305): 	at android.app.ActivityThread.main(ActivityThread.java:6190)
08-31 14:08:34.172 W/System.err( 2305): 	at java.lang.reflect.Method.invoke(Native Method)
08-31 14:08:34.172 W/System.err( 2305): 	at com.android.internal.os.ZygoteInit$MethodAndArgsCaller.run(ZygoteInit.java:892)
08-31 14:08:34.172 W/System.err( 2305): 	at com.android.internal.os.ZygoteInit.main(ZygoteInit.java:782)
08-31 14:08:34.174 I/ActivityManager( 1283): START u0 {cmp=org.liberty.android.fantastischmemo/.downloader.FEDirectory} from uid 10064 on display 0
08-31 14:08:34.174 W/ActivityManager( 1283): Permission Denial: starting Intent { cmp=org.liberty.android.fantastischmemo/.downloader.FEDirectory } from ProcessRecord{6d7369d 2305:com.android.intentfuzzer/u0a64} (pid=2305, uid=10064) not exported from uid 10058
08-31 14:08:34.176 W/System.err( 2305): java.lang.Exception: Toast callstack! strTip=Send Intent Failed!
08-31 14:08:34.176 W/System.err( 2305): 	at android.widget.Toast.show(Toast.java:130)
08-31 14:08:34.176 W/System.err( 2305): 	at com.android.intentfuzzer.FuzzerActivity$3.onClick(FuzzerActivity.java:167)
08-31 14:08:34.176 W/System.err( 2305): 	at android.view.View.performClick(View.java:5637)
08-31 14:08:34.176 W/System.err( 2305): 	at android.view.View$PerformClick.run(View.java:22429)
08-31 14:08:34.176 W/System.err( 2305): 	at android.os.Handler.handleCallback(Handler.java:751)
08-31 14:08:34.176 W/System.err( 2305): 	at android.os.Handler.dispatchMessage(Handler.java:95)
08-31 14:08:34.176 W/System.err( 2305): 	at android.os.Looper.loop(Looper.java:154)
08-31 14:08:34.176 W/System.err( 2305): 	at android.app.ActivityThread.main(ActivityThread.java:6190)
08-31 14:08:34.176 W/System.err( 2305): 	at java.lang.reflect.Method.invoke(Native Method)
08-31 14:08:34.176 W/System.err( 2305): 	at com.android.internal.os.ZygoteInit$MethodAndArgsCaller.run(ZygoteInit.java:892)
08-31 14:08:34.176 W/System.err( 2305): 	at com.android.internal.os.ZygoteInit.main(ZygoteInit.java:782)
08-31 14:08:34.179 I/ActivityManager( 1283): START u0 {cmp=org.liberty.android.fantastischmemo/.downloader.cram.CramPublicUserCardSetActivity} from uid 10064 on display 0
08-31 14:08:34.179 W/ActivityManager( 1283): Permission Denial: starting Intent { cmp=org.liberty.android.fantastischmemo/.downloader.cram.CramPublicUserCardSetActivity } from ProcessRecord{6d7369d 2305:com.android.intentfuzzer/u0a64} (pid=2305, uid=10064) not exported from uid 10058
08-31 14:08:34.182 W/System.err( 2305): java.lang.Exception: Toast callstack! strTip=Send Intent Failed!
08-31 14:08:34.182 W/System.err( 2305): 	at android.widget.Toast.show(Toast.java:130)
08-31 14:08:34.182 W/System.err( 2305): 	at com.android.intentfuzzer.FuzzerActivity$3.onClick(FuzzerActivity.java:167)
08-31 14:08:34.182 W/System.err( 2305): 	at android.view.View.performClick(View.java:5637)
08-31 14:08:34.182 W/System.err( 2305): 	at android.view.View$PerformClick.run(View.java:22429)
08-31 14:08:34.182 W/System.err( 2305): 	at android.os.Handler.handleCallback(Handler.java:751)
08-31 14:08:34.182 W/System.err( 2305): 	at android.os.Handler.dispatchMessage(Handler.java:95)
08-31 14:08:34.182 W/System.err( 2305): 	at android.os.Looper.loop(Looper.java:154)
08-31 14:08:34.182 W/System.err( 2305): 	at android.app.ActivityThread.main(ActivityThread.java:6190)
08-31 14:08:34.182 W/System.err( 2305): 	at java.lang.reflect.Method.invoke(Native Method)
08-31 14:08:34.182 W/System.err( 2305): 	at com.android.internal.os.ZygoteInit$MethodAndArgsCaller.run(ZygoteInit.java:892)
08-31 14:08:34.182 W/System.err( 2305): 	at com.android.internal.os.ZygoteInit.main(ZygoteInit.java:782)
08-31 14:08:34.183 I/ActivityManager( 1283): START u0 {cmp=org.liberty.android.fantastischmemo/.downloader.cram.CramSearchPublicCardSetActivity} from uid 10064 on display 0
08-31 14:08:34.184 W/ActivityManager( 1283): Permission Denial: starting Intent { cmp=org.liberty.android.fantastischmemo/.downloader.cram.CramSearchPublicCardSetActivity } from ProcessRecord{6d7369d 2305:com.android.intentfuzzer/u0a64} (pid=2305, uid=10064) not exported from uid 10058
08-31 14:08:34.185 W/System.err( 2305): java.lang.Exception: Toast callstack! strTip=Send Intent Failed!
08-31 14:08:34.186 W/System.err( 2305): 	at android.widget.Toast.show(Toast.java:130)
08-31 14:08:34.186 W/System.err( 2305): 	at com.android.intentfuzzer.FuzzerActivity$3.onClick(FuzzerActivity.java:167)
08-31 14:08:34.186 W/System.err( 2305): 	at android.view.View.performClick(View.java:5637)
08-31 14:08:34.186 W/System.err( 2305): 	at android.view.View$PerformClick.run(View.java:22429)
08-31 14:08:34.186 W/System.err( 2305): 	at android.os.Handler.handleCallback(Handler.java:751)
08-31 14:08:34.186 W/System.err( 2305): 	at android.os.Handler.dispatchMessage(Handler.java:95)
08-31 14:08:34.186 W/System.err( 2305): 	at android.os.Looper.loop(Looper.java:154)
08-31 14:08:34.186 W/System.err( 2305): 	at android.app.ActivityThread.main(ActivityThread.java:6190)
08-31 14:08:34.186 W/System.err( 2305): 	at java.lang.reflect.Method.invoke(Native Method)
08-31 14:08:34.186 W/System.err( 2305): 	at com.android.internal.os.ZygoteInit$MethodAndArgsCaller.run(ZygoteInit.java:892)
08-31 14:08:34.186 W/System.err( 2305): 	at com.android.internal.os.ZygoteInit.main(ZygoteInit.java:782)
08-31 14:08:34.187 I/ActivityManager( 1283): START u0 {cmp=org.liberty.android.fantastischmemo/.downloader.quizlet.QuizletLauncher} from uid 10064 on display 0
08-31 14:08:34.187 W/ActivityManager( 1283): Permission Denial: starting Intent { cmp=org.liberty.android.fantastischmemo/.downloader.quizlet.QuizletLauncher } from ProcessRecord{6d7369d 2305:com.android.intentfuzzer/u0a64} (pid=2305, uid=10064) not exported from uid 10058
08-31 14:08:34.189 W/System.err( 2305): java.lang.Exception: Toast callstack! strTip=Send Intent Failed!
08-31 14:08:34.189 W/System.err( 2305): 	at android.widget.Toast.show(Toast.java:130)
08-31 14:08:34.189 W/System.err( 2305): 	at com.android.intentfuzzer.FuzzerActivity$3.onClick(FuzzerActivity.java:167)
08-31 14:08:34.189 W/System.err( 2305): 	at android.view.View.performClick(View.java:5637)
08-31 14:08:34.189 W/System.err( 2305): 	at android.view.View$PerformClick.run(View.java:22429)
08-31 14:08:34.189 W/System.err( 2305): 	at android.os.Handler.handleCallback(Handler.java:751)
08-31 14:08:34.189 W/System.err( 2305): 	at android.os.Handler.dispatchMessage(Handler.java:95)
08-31 14:08:34.189 W/System.err( 2305): 	at android.os.Looper.loop(Looper.java:154)
08-31 14:08:34.189 W/System.err( 2305): 	at android.app.ActivityThread.main(ActivityThread.java:6190)
08-31 14:08:34.189 W/System.err( 2305): 	at java.lang.reflect.Method.invoke(Native Method)
08-31 14:08:34.189 W/System.err( 2305): 	at com.android.internal.os.ZygoteInit$MethodAndArgsCaller.run(ZygoteInit.java:892)
08-31 14:08:34.189 W/System.err( 2305): 	at com.android.internal.os.ZygoteInit.main(ZygoteInit.java:782)
08-31 14:08:34.190 I/ActivityManager( 1283): START u0 {cmp=org.liberty.android.fantastischmemo/.downloader.dropbox.DropboxDBListActivity} from uid 10064 on display 0
08-31 14:08:34.191 W/ActivityManager( 1283): Permission Denial: starting Intent { cmp=org.liberty.android.fantastischmemo/.downloader.dropbox.DropboxDBListActivity } from ProcessRecord{6d7369d 2305:com.android.intentfuzzer/u0a64} (pid=2305, uid=10064) not exported from uid 10058
08-31 14:08:34.192 W/System.err( 2305): java.lang.Exception: Toast callstack! strTip=Send Intent Failed!
08-31 14:08:34.193 W/System.err( 2305): 	at android.widget.Toast.show(Toast.java:130)
08-31 14:08:34.193 W/System.err( 2305): 	at com.android.intentfuzzer.FuzzerActivity$3.onClick(FuzzerActivity.java:167)
08-31 14:08:34.193 W/System.err( 2305): 	at android.view.View.performClick(View.java:5637)
08-31 14:08:34.193 W/System.err( 2305): 	at android.view.View$PerformClick.run(View.java:22429)
08-31 14:08:34.193 W/System.err( 2305): 	at android.os.Handler.handleCallback(Handler.java:751)
08-31 14:08:34.193 W/System.err( 2305): 	at android.os.Handler.dispatchMessage(Handler.java:95)
08-31 14:08:34.193 W/System.err( 2305): 	at android.os.Looper.loop(Looper.java:154)
08-31 14:08:34.193 W/System.err( 2305): 	at android.app.ActivityThread.main(ActivityThread.java:6190)
08-31 14:08:34.193 W/System.err( 2305): 	at java.lang.reflect.Method.invoke(Native Method)
08-31 14:08:34.193 W/System.err( 2305): 	at com.android.internal.os.ZygoteInit$MethodAndArgsCaller.run(ZygoteInit.java:892)
08-31 14:08:34.193 W/System.err( 2305): 	at com.android.internal.os.ZygoteInit.main(ZygoteInit.java:782)
08-31 14:08:34.194 I/ActivityManager( 1283): START u0 {cmp=org.liberty.android.fantastischmemo/.downloader.google.SpreadsheetListScreen} from uid 10064 on display 0
08-31 14:08:34.194 W/ActivityManager( 1283): Permission Denial: starting Intent { cmp=org.liberty.android.fantastischmemo/.downloader.google.SpreadsheetListScreen } from ProcessRecord{6d7369d 2305:com.android.intentfuzzer/u0a64} (pid=2305, uid=10064) not exported from uid 10058
08-31 14:08:34.196 W/System.err( 2305): java.lang.Exception: Toast callstack! strTip=Send Intent Failed!
08-31 14:08:34.197 W/System.err( 2305): 	at android.widget.Toast.show(Toast.java:130)
08-31 14:08:34.197 W/System.err( 2305): 	at com.android.intentfuzzer.FuzzerActivity$3.onClick(FuzzerActivity.java:167)
08-31 14:08:34.197 W/System.err( 2305): 	at android.view.View.performClick(View.java:5637)
08-31 14:08:34.197 W/System.err( 2305): 	at android.view.View$PerformClick.run(View.java:22429)
08-31 14:08:34.197 W/System.err( 2305): 	at android.os.Handler.handleCallback(Handler.java:751)
08-31 14:08:34.197 W/System.err( 2305): 	at android.os.Handler.dispatchMessage(Handler.java:95)
08-31 14:08:34.197 W/System.err( 2305): 	at android.os.Looper.loop(Looper.java:154)
08-31 14:08:34.197 W/System.err( 2305): 	at android.app.ActivityThread.main(ActivityThread.java:6190)
08-31 14:08:34.197 W/System.err( 2305): 	at java.lang.reflect.Method.invoke(Native Method)
08-31 14:08:34.197 W/System.err( 2305): 	at com.android.internal.os.ZygoteInit$MethodAndArgsCaller.run(ZygoteInit.java:892)
08-31 14:08:34.197 W/System.err( 2305): 	at com.android.internal.os.ZygoteInit.main(ZygoteInit.java:782)
08-31 14:08:34.199 I/ActivityManager( 1283): START u0 {cmp=org.liberty.android.fantastischmemo/.downloader.google.UploadGoogleDriveScreen} from uid 10064 on display 0
08-31 14:08:34.199 W/ActivityManager( 1283): Permission Denial: starting Intent { cmp=org.liberty.android.fantastischmemo/.downloader.google.UploadGoogleDriveScreen } from ProcessRecord{6d7369d 2305:com.android.intentfuzzer/u0a64} (pid=2305, uid=10064) not exported from uid 10058
08-31 14:08:34.200 W/System.err( 2305): java.lang.Exception: Toast callstack! strTip=Send Intent Failed!
08-31 14:08:34.200 W/System.err( 2305): 	at android.widget.Toast.show(Toast.java:130)
08-31 14:08:34.200 W/System.err( 2305): 	at com.android.intentfuzzer.FuzzerActivity$3.onClick(FuzzerActivity.java:167)
08-31 14:08:34.200 W/System.err( 2305): 	at android.view.View.performClick(View.java:5637)
08-31 14:08:34.200 W/System.err( 2305): 	at android.view.View$PerformClick.run(View.java:22429)
08-31 14:08:34.200 W/System.err( 2305): 	at android.os.Handler.handleCallback(Handler.java:751)
08-31 14:08:34.200 W/System.err( 2305): 	at android.os.Handler.dispatchMessage(Handler.java:95)
08-31 14:08:34.200 W/System.err( 2305): 	at android.os.Looper.loop(Looper.java:154)
08-31 14:08:34.200 W/System.err( 2305): 	at android.app.ActivityThread.main(ActivityThread.java:6190)
08-31 14:08:34.200 W/System.err( 2305): 	at java.lang.reflect.Method.invoke(Native Method)
08-31 14:08:34.200 W/System.err( 2305): 	at com.android.internal.os.ZygoteInit$MethodAndArgsCaller.run(ZygoteInit.java:892)
08-31 14:08:34.200 W/System.err( 2305): 	at com.android.internal.os.ZygoteInit.main(ZygoteInit.java:782)
08-31 14:08:34.205 I/ActivityManager( 1283): START u0 {cmp=org.liberty.android.fantastischmemo/.downloader.dropbox.UploadDropboxScreen} from uid 10064 on display 0
08-31 14:08:34.205 W/ActivityManager( 1283): Permission Denial: starting Intent { cmp=org.liberty.android.fantastischmemo/.downloader.dropbox.UploadDropboxScreen } from ProcessRecord{6d7369d 2305:com.android.intentfuzzer/u0a64} (pid=2305, uid=10064) not exported from uid 10058
08-31 14:08:34.207 W/System.err( 2305): java.lang.Exception: Toast callstack! strTip=Send Intent Failed!
08-31 14:08:34.207 W/System.err( 2305): 	at android.widget.Toast.show(Toast.java:130)
08-31 14:08:34.207 W/System.err( 2305): 	at com.android.intentfuzzer.FuzzerActivity$3.onClick(FuzzerActivity.java:167)
08-31 14:08:34.207 W/System.err( 2305): 	at android.view.View.performClick(View.java:5637)
08-31 14:08:34.207 W/System.err( 2305): 	at android.view.View$PerformClick.run(View.java:22429)
08-31 14:08:34.207 W/System.err( 2305): 	at android.os.Handler.handleCallback(Handler.java:751)
08-31 14:08:34.207 W/System.err( 2305): 	at android.os.Handler.dispatchMessage(Handler.java:95)
08-31 14:08:34.207 W/System.err( 2305): 	at android.os.Looper.loop(Looper.java:154)
08-31 14:08:34.207 W/System.err( 2305): 	at android.app.ActivityThread.main(ActivityThread.java:6190)
08-31 14:08:34.208 W/System.err( 2305): 	at java.lang.reflect.Method.invoke(Native Method)
08-31 14:08:34.208 W/System.err( 2305): 	at com.android.internal.os.ZygoteInit$MethodAndArgsCaller.run(ZygoteInit.java:892)
08-31 14:08:34.208 W/System.err( 2305): 	at com.android.internal.os.ZygoteInit.main(ZygoteInit.java:782)
08-31 14:08:34.209 I/ActivityManager( 1283): START u0 {cmp=org.liberty.android.fantastischmemo/.downloader.quizlet.QuizletUserPrivateActivity} from uid 10064 on display 0
08-31 14:08:34.210 W/ActivityManager( 1283): Permission Denial: starting Intent { cmp=org.liberty.android.fantastischmemo/.downloader.quizlet.QuizletUserPrivateActivity } from ProcessRecord{6d7369d 2305:com.android.intentfuzzer/u0a64} (pid=2305, uid=10064) not exported from uid 10058
08-31 14:08:34.211 W/System.err( 2305): java.lang.Exception: Toast callstack! strTip=Send Intent Failed!
08-31 14:08:34.211 W/System.err( 2305): 	at android.widget.Toast.show(Toast.java:130)
08-31 14:08:34.212 W/System.err( 2305): 	at com.android.intentfuzzer.FuzzerActivity$3.onClick(FuzzerActivity.java:167)
08-31 14:08:34.212 W/System.err( 2305): 	at android.view.View.performClick(View.java:5637)
08-31 14:08:34.212 W/System.err( 2305): 	at android.view.View$PerformClick.run(View.java:22429)
08-31 14:08:34.212 W/System.err( 2305): 	at android.os.Handler.handleCallback(Handler.java:751)
08-31 14:08:34.212 W/System.err( 2305): 	at android.os.Handler.dispatchMessage(Handler.java:95)
08-31 14:08:34.212 W/System.err( 2305): 	at android.os.Looper.loop(Looper.java:154)
08-31 14:08:34.212 W/System.err( 2305): 	at android.app.ActivityThread.main(ActivityThread.java:6190)
08-31 14:08:34.212 W/System.err( 2305): 	at java.lang.reflect.Method.invoke(Native Method)
08-31 14:08:34.212 W/System.err( 2305): 	at com.android.internal.os.ZygoteInit$MethodAndArgsCaller.run(ZygoteInit.java:892)
08-31 14:08:34.212 W/System.err( 2305): 	at com.android.internal.os.ZygoteInit.main(ZygoteInit.java:782)
08-31 14:08:34.214 I/ActivityManager( 1283): START u0 {cmp=org.liberty.android.fantastischmemo/.downloader.quizlet.QuizletUploadActivity} from uid 10064 on display 0
08-31 14:08:34.214 W/ActivityManager( 1283): Permission Denial: starting Intent { cmp=org.liberty.android.fantastischmemo/.downloader.quizlet.QuizletUploadActivity } from ProcessRecord{6d7369d 2305:com.android.intentfuzzer/u0a64} (pid=2305, uid=10064) not exported from uid 10058
08-31 14:08:34.216 W/System.err( 2305): java.lang.Exception: Toast callstack! strTip=Send Intent Failed!
08-31 14:08:34.216 W/System.err( 2305): 	at android.widget.Toast.show(Toast.java:130)
08-31 14:08:34.216 W/System.err( 2305): 	at com.android.intentfuzzer.FuzzerActivity$3.onClick(FuzzerActivity.java:167)
08-31 14:08:34.216 W/System.err( 2305): 	at android.view.View.performClick(View.java:5637)
08-31 14:08:34.216 W/System.err( 2305): 	at android.view.View$PerformClick.run(View.java:22429)
08-31 14:08:34.216 W/System.err( 2305): 	at android.os.Handler.handleCallback(Handler.java:751)
08-31 14:08:34.216 W/System.err( 2305): 	at android.os.Handler.dispatchMessage(Handler.java:95)
08-31 14:08:34.216 W/System.err( 2305): 	at android.os.Looper.loop(Looper.java:154)
08-31 14:08:34.216 W/System.err( 2305): 	at android.app.ActivityThread.main(ActivityThread.java:6190)
08-31 14:08:34.216 W/System.err( 2305): 	at java.lang.reflect.Method.invoke(Native Method)
08-31 14:08:34.216 W/System.err( 2305): 	at com.android.internal.os.ZygoteInit$MethodAndArgsCaller.run(ZygoteInit.java:892)
08-31 14:08:34.216 W/System.err( 2305): 	at com.android.internal.os.ZygoteInit.main(ZygoteInit.java:782)
08-31 14:08:34.218 I/ActivityManager( 1283): START u0 {cmp=org.liberty.android.fantastischmemo/.downloader.quizlet.QuizletSearchByTitleActivity} from uid 10064 on display 0
08-31 14:08:34.218 W/ActivityManager( 1283): Permission Denial: starting Intent { cmp=org.liberty.android.fantastischmemo/.downloader.quizlet.QuizletSearchByTitleActivity } from ProcessRecord{6d7369d 2305:com.android.intentfuzzer/u0a64} (pid=2305, uid=10064) not exported from uid 10058
08-31 14:08:34.219 W/System.err( 2305): java.lang.Exception: Toast callstack! strTip=Send Intent Failed!
08-31 14:08:34.219 W/System.err( 2305): 	at android.widget.Toast.show(Toast.java:130)
08-31 14:08:34.219 W/System.err( 2305): 	at com.android.intentfuzzer.FuzzerActivity$3.onClick(FuzzerActivity.java:167)
08-31 14:08:34.219 W/System.err( 2305): 	at android.view.View.performClick(View.java:5637)
08-31 14:08:34.221 W/System.err( 2305): 	at android.view.View$PerformClick.run(View.java:22429)
08-31 14:08:34.221 W/System.err( 2305): 	at android.os.Handler.handleCallback(Handler.java:751)
08-31 14:08:34.221 W/System.err( 2305): 	at android.os.Handler.dispatchMessage(Handler.java:95)
08-31 14:08:34.221 W/System.err( 2305): 	at android.os.Looper.loop(Looper.java:154)
08-31 14:08:34.221 W/System.err( 2305): 	at android.app.ActivityThread.main(ActivityThread.java:6190)
08-31 14:08:34.221 W/System.err( 2305): 	at java.lang.reflect.Method.invoke(Native Method)
08-31 14:08:34.221 W/System.err( 2305): 	at com.android.internal.os.ZygoteInit$MethodAndArgsCaller.run(ZygoteInit.java:892)
08-31 14:08:34.221 W/System.err( 2305): 	at com.android.internal.os.ZygoteInit.main(ZygoteInit.java:782)
08-31 14:08:34.223 I/ActivityManager( 1283): START u0 {cmp=org.liberty.android.fantastischmemo/.downloader.quizlet.QuizletSearchByUsernameActivity} from uid 10064 on display 0
08-31 14:08:34.224 W/ActivityManager( 1283): Permission Denial: starting Intent { cmp=org.liberty.android.fantastischmemo/.downloader.quizlet.QuizletSearchByUsernameActivity } from ProcessRecord{6d7369d 2305:com.android.intentfuzzer/u0a64} (pid=2305, uid=10064) not exported from uid 10058
08-31 14:08:34.226 W/System.err( 2305): java.lang.Exception: Toast callstack! strTip=Send Intent Failed!
08-31 14:08:34.226 W/System.err( 2305): 	at android.widget.Toast.show(Toast.java:130)
08-31 14:08:34.226 W/System.err( 2305): 	at com.android.intentfuzzer.FuzzerActivity$3.onClick(FuzzerActivity.java:167)
08-31 14:08:34.226 W/System.err( 2305): 	at android.view.View.performClick(View.java:5637)
08-31 14:08:34.226 W/System.err( 2305): 	at android.view.View$PerformClick.run(View.java:22429)
08-31 14:08:34.226 W/System.err( 2305): 	at android.os.Handler.handleCallback(Handler.java:751)
08-31 14:08:34.226 W/System.err( 2305): 	at android.os.Handler.dispatchMessage(Handler.java:95)
08-31 14:08:34.226 W/System.err( 2305): 	at android.os.Looper.loop(Looper.java:154)
08-31 14:08:34.226 W/System.err( 2305): 	at android.app.ActivityThread.main(ActivityThread.java:6190)
08-31 14:08:34.227 W/System.err( 2305): 	at java.lang.reflect.Method.invoke(Native Method)
08-31 14:08:34.227 W/System.err( 2305): 	at com.android.internal.os.ZygoteInit$MethodAndArgsCaller.run(ZygoteInit.java:892)
08-31 14:08:34.227 W/System.err( 2305): 	at com.android.internal.os.ZygoteInit.main(ZygoteInit.java:782)
08-31 14:08:34.229 I/ActivityManager( 1283): START u0 {cmp=org.liberty.android.fantastischmemo/.ui.CardEditor} from uid 10064 on display 0
08-31 14:08:34.229 W/ActivityManager( 1283): Permission Denial: starting Intent { cmp=org.liberty.android.fantastischmemo/.ui.CardEditor } from ProcessRecord{6d7369d 2305:com.android.intentfuzzer/u0a64} (pid=2305, uid=10064) not exported from uid 10058
08-31 14:08:34.230 W/System.err( 2305): java.lang.Exception: Toast callstack! strTip=Send Intent Failed!
08-31 14:08:34.230 W/System.err( 2305): 	at android.widget.Toast.show(Toast.java:130)
08-31 14:08:34.230 W/System.err( 2305): 	at com.android.intentfuzzer.FuzzerActivity$3.onClick(FuzzerActivity.java:167)
08-31 14:08:34.230 W/System.err( 2305): 	at android.view.View.performClick(View.java:5637)
08-31 14:08:34.230 W/System.err( 2305): 	at android.view.View$PerformClick.run(View.java:22429)
08-31 14:08:34.230 W/System.err( 2305): 	at android.os.Handler.handleCallback(Handler.java:751)
08-31 14:08:34.230 W/System.err( 2305): 	at android.os.Handler.dispatchMessage(Handler.java:95)
08-31 14:08:34.230 W/System.err( 2305): 	at android.os.Looper.loop(Looper.java:154)
08-31 14:08:34.230 W/System.err( 2305): 	at android.app.ActivityThread.main(ActivityThread.java:6190)
08-31 14:08:34.230 W/System.err( 2305): 	at java.lang.reflect.Method.invoke(Native Method)
08-31 14:08:34.230 W/System.err( 2305): 	at com.android.internal.os.ZygoteInit$MethodAndArgsCaller.run(ZygoteInit.java:892)
08-31 14:08:34.230 W/System.err( 2305): 	at com.android.internal.os.ZygoteInit.main(ZygoteInit.java:782)
08-31 14:08:34.231 I/ActivityManager( 1283): START u0 {cmp=org.liberty.android.fantastischmemo/.ui.DetailScreen} from uid 10064 on display 0
08-31 14:08:34.231 W/ActivityManager( 1283): Permission Denial: starting Intent { cmp=org.liberty.android.fantastischmemo/.ui.DetailScreen } from ProcessRecord{6d7369d 2305:com.android.intentfuzzer/u0a64} (pid=2305, uid=10064) not exported from uid 10058
08-31 14:08:34.233 W/System.err( 2305): java.lang.Exception: Toast callstack! strTip=Send Intent Failed!
08-31 14:08:34.233 W/System.err( 2305): 	at android.widget.Toast.show(Toast.java:130)
08-31 14:08:34.233 W/System.err( 2305): 	at com.android.intentfuzzer.FuzzerActivity$3.onClick(FuzzerActivity.java:167)
08-31 14:08:34.233 W/System.err( 2305): 	at android.view.View.performClick(View.java:5637)
08-31 14:08:34.233 W/System.err( 2305): 	at android.view.View$PerformClick.run(View.java:22429)
08-31 14:08:34.233 W/System.err( 2305): 	at android.os.Handler.handleCallback(Handler.java:751)
08-31 14:08:34.233 W/System.err( 2305): 	at android.os.Handler.dispatchMessage(Handler.java:95)
08-31 14:08:34.233 W/System.err( 2305): 	at android.os.Looper.loop(Looper.java:154)
08-31 14:08:34.233 W/System.err( 2305): 	at android.app.ActivityThread.main(ActivityThread.java:6190)
08-31 14:08:34.233 W/System.err( 2305): 	at java.lang.reflect.Method.invoke(Native Method)
08-31 14:08:34.233 W/System.err( 2305): 	at com.android.internal.os.ZygoteInit$MethodAndArgsCaller.run(ZygoteInit.java:892)
08-31 14:08:34.233 W/System.err( 2305): 	at com.android.internal.os.ZygoteInit.main(ZygoteInit.java:782)
08-31 14:08:34.234 I/ActivityManager( 1283): START u0 {cmp=org.liberty.android.fantastischmemo/.ui.SettingsScreen} from uid 10064 on display 0
08-31 14:08:34.235 W/ActivityManager( 1283): Permission Denial: starting Intent { cmp=org.liberty.android.fantastischmemo/.ui.SettingsScreen } from ProcessRecord{6d7369d 2305:com.android.intentfuzzer/u0a64} (pid=2305, uid=10064) not exported from uid 10058
08-31 14:08:34.236 W/System.err( 2305): java.lang.Exception: Toast callstack! strTip=Send Intent Failed!
08-31 14:08:34.236 W/System.err( 2305): 	at android.widget.Toast.show(Toast.java:130)
08-31 14:08:34.236 W/System.err( 2305): 	at com.android.intentfuzzer.FuzzerActivity$3.onClick(FuzzerActivity.java:167)
08-31 14:08:34.236 W/System.err( 2305): 	at android.view.View.performClick(View.java:5637)
08-31 14:08:34.236 W/System.err( 2305): 	at android.view.View$PerformClick.run(View.java:22429)
08-31 14:08:34.236 W/System.err( 2305): 	at android.os.Handler.handleCallback(Handler.java:751)
08-31 14:08:34.236 W/System.err( 2305): 	at android.os.Handler.dispatchMessage(Handler.java:95)
08-31 14:08:34.236 W/System.err( 2305): 	at android.os.Looper.loop(Looper.java:154)
08-31 14:08:34.236 W/System.err( 2305): 	at android.app.ActivityThread.main(ActivityThread.java:6190)
08-31 14:08:34.236 W/System.err( 2305): 	at java.lang.reflect.Method.invoke(Native Method)
08-31 14:08:34.236 W/System.err( 2305): 	at com.android.internal.os.ZygoteInit$MethodAndArgsCaller.run(ZygoteInit.java:892)
08-31 14:08:34.236 W/System.err( 2305): 	at com.android.internal.os.ZygoteInit.main(ZygoteInit.java:782)
08-31 14:08:34.237 I/ActivityManager( 1283): START u0 {cmp=org.liberty.android.fantastischmemo/.ui.CardListActivity} from uid 10064 on display 0
08-31 14:08:34.237 W/ActivityManager( 1283): Permission Denial: starting Intent { cmp=org.liberty.android.fantastischmemo/.ui.CardListActivity } from ProcessRecord{6d7369d 2305:com.android.intentfuzzer/u0a64} (pid=2305, uid=10064) not exported from uid 10058
08-31 14:08:34.238 W/System.err( 2305): java.lang.Exception: Toast callstack! strTip=Send Intent Failed!
08-31 14:08:34.238 W/System.err( 2305): 	at android.widget.Toast.show(Toast.java:130)
08-31 14:08:34.238 W/System.err( 2305): 	at com.android.intentfuzzer.FuzzerActivity$3.onClick(FuzzerActivity.java:167)
08-31 14:08:34.238 W/System.err( 2305): 	at android.view.View.performClick(View.java:5637)
08-31 14:08:34.239 W/System.err( 2305): 	at android.view.View$PerformClick.run(View.java:22429)
08-31 14:08:34.239 W/System.err( 2305): 	at android.os.Handler.handleCallback(Handler.java:751)
08-31 14:08:34.239 W/System.err( 2305): 	at android.os.Handler.dispatchMessage(Handler.java:95)
08-31 14:08:34.239 W/System.err( 2305): 	at android.os.Looper.loop(Looper.java:154)
08-31 14:08:34.239 W/System.err( 2305): 	at android.app.ActivityThread.main(ActivityThread.java:6190)
08-31 14:08:34.239 W/System.err( 2305): 	at java.lang.reflect.Method.invoke(Native Method)
08-31 14:08:34.239 W/System.err( 2305): 	at com.android.internal.os.ZygoteInit$MethodAndArgsCaller.run(ZygoteInit.java:892)
08-31 14:08:34.239 W/System.err( 2305): 	at com.android.internal.os.ZygoteInit.main(ZygoteInit.java:782)
08-31 14:08:34.240 I/ActivityManager( 1283): START u0 {cmp=org.liberty.android.fantastischmemo/.ui.FileBrowserActivity} from uid 10064 on display 0
08-31 14:08:34.240 W/ActivityManager( 1283): Permission Denial: starting Intent { cmp=org.liberty.android.fantastischmemo/.ui.FileBrowserActivity } from ProcessRecord{6d7369d 2305:com.android.intentfuzzer/u0a64} (pid=2305, uid=10064) not exported from uid 10058
08-31 14:08:34.242 W/System.err( 2305): java.lang.Exception: Toast callstack! strTip=Send Intent Failed!
08-31 14:08:34.242 W/System.err( 2305): 	at android.widget.Toast.show(Toast.java:130)
08-31 14:08:34.242 W/System.err( 2305): 	at com.android.intentfuzzer.FuzzerActivity$3.onClick(FuzzerActivity.java:167)
08-31 14:08:34.242 W/System.err( 2305): 	at android.view.View.performClick(View.java:5637)
08-31 14:08:34.242 W/System.err( 2305): 	at android.view.View$PerformClick.run(View.java:22429)
08-31 14:08:34.242 W/System.err( 2305): 	at android.os.Handler.handleCallback(Handler.java:751)
08-31 14:08:34.242 W/System.err( 2305): 	at android.os.Handler.dispatchMessage(Handler.java:95)
08-31 14:08:34.242 W/System.err( 2305): 	at android.os.Looper.loop(Looper.java:154)
08-31 14:08:34.242 W/System.err( 2305): 	at android.app.ActivityThread.main(ActivityThread.java:6190)
08-31 14:08:34.242 W/System.err( 2305): 	at java.lang.reflect.Method.invoke(Native Method)
08-31 14:08:34.242 W/System.err( 2305): 	at com.android.internal.os.ZygoteInit$MethodAndArgsCaller.run(ZygoteInit.java:892)
08-31 14:08:34.242 W/System.err( 2305): 	at com.android.internal.os.ZygoteInit.main(ZygoteInit.java:782)
08-31 14:08:34.244 I/ActivityManager( 1283): START u0 {cmp=org.liberty.android.fantastischmemo/.ui.OptionScreen} from uid 10064 on display 0
08-31 14:08:34.244 W/ActivityManager( 1283): Permission Denial: starting Intent { cmp=org.liberty.android.fantastischmemo/.ui.OptionScreen } from ProcessRecord{6d7369d 2305:com.android.intentfuzzer/u0a64} (pid=2305, uid=10064) not exported from uid 10058
08-31 14:08:34.245 W/System.err( 2305): java.lang.Exception: Toast callstack! strTip=Send Intent Failed!
08-31 14:08:34.246 W/System.err( 2305): 	at android.widget.Toast.show(Toast.java:130)
08-31 14:08:34.246 W/System.err( 2305): 	at com.android.intentfuzzer.FuzzerActivity$3.onClick(FuzzerActivity.java:167)
08-31 14:08:34.246 W/System.err( 2305): 	at android.view.View.performClick(View.java:5637)
08-31 14:08:34.246 W/System.err( 2305): 	at android.view.View$PerformClick.run(View.java:22429)
08-31 14:08:34.246 W/System.err( 2305): 	at android.os.Handler.handleCallback(Handler.java:751)
08-31 14:08:34.246 W/System.err( 2305): 	at android.os.Handler.dispatchMessage(Handler.java:95)
08-31 14:08:34.246 W/System.err( 2305): 	at android.os.Looper.loop(Looper.java:154)
08-31 14:08:34.246 W/System.err( 2305): 	at android.app.ActivityThread.main(ActivityThread.java:6190)
08-31 14:08:34.246 W/System.err( 2305): 	at java.lang.reflect.Method.invoke(Native Method)
08-31 14:08:34.246 W/System.err( 2305): 	at com.android.internal.os.ZygoteInit$MethodAndArgsCaller.run(ZygoteInit.java:892)
08-31 14:08:34.246 W/System.err( 2305): 	at com.android.internal.os.ZygoteInit.main(ZygoteInit.java:782)
08-31 14:08:34.247 I/ActivityManager( 1283): START u0 {cmp=org.liberty.android.fantastischmemo/.ui.AlgorithmCustomizationScreen} from uid 10064 on display 0
08-31 14:08:34.247 W/ActivityManager( 1283): Permission Denial: starting Intent { cmp=org.liberty.android.fantastischmemo/.ui.AlgorithmCustomizationScreen } from ProcessRecord{6d7369d 2305:com.android.intentfuzzer/u0a64} (pid=2305, uid=10064) not exported from uid 10058
08-31 14:08:34.248 W/System.err( 2305): java.lang.Exception: Toast callstack! strTip=Send Intent Failed!
08-31 14:08:34.248 W/System.err( 2305): 	at android.widget.Toast.show(Toast.java:130)
08-31 14:08:34.248 W/System.err( 2305): 	at com.android.intentfuzzer.FuzzerActivity$3.onClick(FuzzerActivity.java:167)
08-31 14:08:34.248 W/System.err( 2305): 	at android.view.View.performClick(View.java:5637)
08-31 14:08:34.248 W/System.err( 2305): 	at android.view.View$PerformClick.run(View.java:22429)
08-31 14:08:34.248 W/System.err( 2305): 	at android.os.Handler.handleCallback(Handler.java:751)
08-31 14:08:34.248 W/System.err( 2305): 	at android.os.Handler.dispatchMessage(Handler.java:95)
08-31 14:08:34.248 W/System.err( 2305): 	at android.os.Looper.loop(Looper.java:154)
08-31 14:08:34.248 W/System.err( 2305): 	at android.app.ActivityThread.main(ActivityThread.java:6190)
08-31 14:08:34.248 W/System.err( 2305): 	at java.lang.reflect.Method.invoke(Native Method)
08-31 14:08:34.248 W/System.err( 2305): 	at com.android.internal.os.ZygoteInit$MethodAndArgsCaller.run(ZygoteInit.java:892)
08-31 14:08:34.248 W/System.err( 2305): 	at com.android.internal.os.ZygoteInit.main(ZygoteInit.java:782)
08-31 14:08:34.249 I/ActivityManager( 1283): START u0 {cmp=org.liberty.android.fantastischmemo/.ui.DatabaseMerger} from uid 10064 on display 0
08-31 14:08:34.249 W/ActivityManager( 1283): Permission Denial: starting Intent { cmp=org.liberty.android.fantastischmemo/.ui.DatabaseMerger } from ProcessRecord{6d7369d 2305:com.android.intentfuzzer/u0a64} (pid=2305, uid=10064) not exported from uid 10058
08-31 14:08:34.251 W/System.err( 2305): java.lang.Exception: Toast callstack! strTip=Send Intent Failed!
08-31 14:08:34.251 W/System.err( 2305): 	at android.widget.Toast.show(Toast.java:130)
08-31 14:08:34.251 W/System.err( 2305): 	at com.android.intentfuzzer.FuzzerActivity$3.onClick(FuzzerActivity.java:167)
08-31 14:08:34.251 W/System.err( 2305): 	at android.view.View.performClick(View.java:5637)
08-31 14:08:34.251 W/System.err( 2305): 	at android.view.View$PerformClick.run(View.java:22429)
08-31 14:08:34.251 W/System.err( 2305): 	at android.os.Handler.handleCallback(Handler.java:751)
08-31 14:08:34.251 W/System.err( 2305): 	at android.os.Handler.dispatchMessage(Handler.java:95)
08-31 14:08:34.251 W/System.err( 2305): 	at android.os.Looper.loop(Looper.java:154)
08-31 14:08:34.251 W/System.err( 2305): 	at android.app.ActivityThread.main(ActivityThread.java:6190)
08-31 14:08:34.251 W/System.err( 2305): 	at java.lang.reflect.Method.invoke(Native Method)
08-31 14:08:34.251 W/System.err( 2305): 	at com.android.internal.os.ZygoteInit$MethodAndArgsCaller.run(ZygoteInit.java:892)
08-31 14:08:34.251 W/System.err( 2305): 	at com.android.internal.os.ZygoteInit.main(ZygoteInit.java:782)
08-31 14:08:34.253 I/ActivityManager( 1283): START u0 {cmp=org.liberty.android.fantastischmemo/.ui.StatisticsScreen} from uid 10064 on display 0
08-31 14:08:34.253 W/ActivityManager( 1283): Permission Denial: starting Intent { cmp=org.liberty.android.fantastischmemo/.ui.StatisticsScreen } from ProcessRecord{6d7369d 2305:com.android.intentfuzzer/u0a64} (pid=2305, uid=10064) not exported from uid 10058
08-31 14:08:34.254 W/System.err( 2305): java.lang.Exception: Toast callstack! strTip=Send Intent Failed!
08-31 14:08:34.254 W/System.err( 2305): 	at android.widget.Toast.show(Toast.java:130)
08-31 14:08:34.254 W/System.err( 2305): 	at com.android.intentfuzzer.FuzzerActivity$3.onClick(FuzzerActivity.java:167)
08-31 14:08:34.254 W/System.err( 2305): 	at android.view.View.performClick(View.java:5637)
