08-31 20:45:04.297 E/ActivityThread( 2468): 	at android.view.ViewRootImpl.performMeasure(ViewRootImpl.java:2275)
08-31 20:45:04.297 E/ActivityThread( 2468): 	at android.view.ViewRootImpl.measureHierarchy(ViewRootImpl.java:1366)
08-31 20:45:04.297 E/ActivityThread( 2468): 	at android.view.ViewRootImpl.performTraversals(ViewRootImpl.java:1619)
08-31 20:45:04.297 E/ActivityThread( 2468): 	at android.view.ViewRootImpl.doTraversal(ViewRootImpl.java:1254)
08-31 20:45:04.297 E/ActivityThread( 2468): 	at android.view.ViewRootImpl$TraversalRunnable.run(ViewRootImpl.java:6338)
08-31 20:45:04.297 E/ActivityThread( 2468): 	at android.view.Choreographer$CallbackRecord.run(Choreographer.java:874)
08-31 20:45:04.297 E/ActivityThread( 2468): 	at android.view.Choreographer.doCallbacks(Choreographer.java:686)
08-31 20:45:04.297 E/ActivityThread( 2468): 	at android.view.Choreographer.doFrame(Choreographer.java:621)
08-31 20:45:04.297 E/ActivityThread( 2468): 	at android.v
08-31 20:45:05.778 D/audio_hw_hal( 1087): raw_start_output_stream, stream=0xf6e43140, sampleRate=48000, channel=2, bps=16, bufSize=4096
08-31 20:45:05.788 I/ActivityManager( 1281): START u0 {cmp=org.inaturalist.android/.TutorialActivity (has extras)} from uid 10064 on display 0
08-31 20:45:05.789 W/ActivityManager( 1281): Permission Denial: starting Intent { cmp=org.inaturalist.android/.TutorialActivity (has extras) } from ProcessRecord{bda5613 1935:com.android.intentfuzzer/u0a64} (pid=1935, uid=10064) not exported from uid 10057
08-31 20:45:05.799 W/System.err( 1935): java.lang.Exception: Toast callstack! strTip=Send Intent Failed!
08-31 20:45:05.800 W/System.err( 1935): 	at android.widget.Toast.show(Toast.java:130)
08-31 20:45:05.800 W/System.err( 1935): 	at com.android.intentfuzzer.FuzzerActivity$4.onClick(FuzzerActivity.java:186)
08-31 20:45:05.800 W/System.err( 1935): 	at android.view.View.performClick(View.java:5637)
08-31 20:45:05.800 W/System.err( 1935): 	at android.view.View$PerformClick.run(View.java:22429)
08-31 20:45:05.800 W/System.err( 1935): 	at android.os.Handler.handleCallback(Handler.java:751)
08-31 20:45:05.800 W/System.err( 1935): 	at android.os.Handler.dispatchMessage(Handler.java:95)
08-31 20:45:05.800 W/System.err( 1935): 	at android.os.Looper.loop(Looper.java:154)
08-31 20:45:05.800 W/System.err( 1935): 	at android.app.ActivityThread.main(ActivityThread.java:6190)
08-31 20:45:05.800 W/System.err( 1935): 	at java.lang.reflect.Method.invoke(Native Method)
08-31 20:45:05.800 W/System.err( 1935): 	at com.android.internal.os.ZygoteInit$MethodAndArgsCaller.run(ZygoteInit.java:892)
08-31 20:45:05.800 W/System.err( 1935): 	at com.android.internal.os.ZygoteInit.main(ZygoteInit.java:782)
08-31 20:45:05.801 I/ActivityManager( 1281): START u0 {cmp=org.inaturalist.android/.DataQualityAssessment (has extras)} from uid 10064 on display 0
08-31 20:45:05.802 W/ActivityManager( 1281): Permission Denial: starting Intent { cmp=org.inaturalist.android/.DataQualityAssessment (has extras) } from ProcessRecord{bda5613 1935:com.android.intentfuzzer/u0a64} (pid=1935, uid=10064) not exported from uid 10057
08-31 20:45:05.802 W/System.err( 1935): java.lang.Exception: Toast callstack! strTip=Send Intent Failed!
08-31 20:45:05.803 W/System.err( 1935): 	at android.widget.Toast.show(Toast.java:130)
08-31 20:45:05.803 W/System.err( 1935): 	at com.android.intentfuzzer.FuzzerActivity$4.onClick(FuzzerActivity.java:186)
08-31 20:45:05.803 W/System.err( 1935): 	at android.view.View.performClick(View.java:5637)
08-31 20:45:05.803 W/System.err( 1935): 	at android.view.View$PerformClick.run(View.java:22429)
08-31 20:45:05.803 W/System.err( 1935): 	at android.os.Handler.handleCallback(Handler.java:751)
08-31 20:45:05.803 W/System.err( 1935): 	at android.os.Handler.dispatchMessage(Handler.java:95)
08-31 20:45:05.803 W/System.err( 1935): 	at android.os.Looper.loop(Looper.java:154)
08-31 20:45:05.803 W/System.err( 1935): 	at android.app.ActivityThread.main(ActivityThread.java:6190)
08-31 20:45:05.803 W/System.err( 1935): 	at java.lang.reflect.Method.invoke(Native Method)
08-31 20:45:05.803 W/System.err( 1935): 	at com.android.internal.os.ZygoteInit$MethodAndArgsCaller.run(ZygoteInit.java:892)
08-31 20:45:05.803 W/System.err( 1935): 	at com.android.internal.os.ZygoteInit.main(ZygoteInit.java:782)
08-31 20:45:05.804 I/ActivityManager( 1281): START u0 {cmp=org.inaturalist.android/.GuideDetails (has extras)} from uid 10064 on display 0
08-31 20:45:05.804 W/ActivityManager( 1281): Permission Denial: starting Intent { cmp=org.inaturalist.android/.GuideDetails (has extras) } from ProcessRecord{bda5613 1935:com.android.intentfuzzer/u0a64} (pid=1935, uid=10064) not exported from uid 10057
08-31 20:45:05.805 W/System.err( 1935): java.lang.Exception: Toast callstack! strTip=Send Intent Failed!
08-31 20:45:05.805 W/System.err( 1935): 	at android.widget.Toast.show(Toast.java:130)
08-31 20:45:05.805 W/System.err( 1935): 	at com.android.intentfuzzer.FuzzerActivity$4.onClick(FuzzerActivity.java:186)
08-31 20:45:05.805 W/System.err( 1935): 	at android.view.View.performClick(View.java:5637)
08-31 20:45:05.805 W/System.err( 1935): 	at android.view.View$PerformClick.run(View.java:22429)
08-31 20:45:05.805 W/System.err( 1935): 	at android.os.Handler.handleCallback(Handler.java:751)
08-31 20:45:05.805 W/System.err( 1935): 	at android.os.Handler.dispatchMessage(Handler.java:95)
08-31 20:45:05.805 W/System.err( 1935): 	at android.os.Looper.loop(Looper.java:154)
08-31 20:45:05.805 W/System.err( 1935): 	at android.app.ActivityThread.main(ActivityThread.java:6190)
08-31 20:45:05.805 W/System.err( 1935): 	at java.lang.reflect.Method.invoke(Native Method)
08-31 20:45:05.805 W/System.err( 1935): 	at com.android.internal.os.ZygoteInit$MethodAndArgsCaller.run(ZygoteInit.java:892)
08-31 20:45:05.805 W/System.err( 1935): 	at com.android.internal.os.ZygoteInit.main(ZygoteInit.java:782)
08-31 20:45:05.806 I/ActivityManager( 1281): START u0 {cmp=org.inaturalist.android/.UserActivity (has extras)} from uid 10064 on display 0
08-31 20:45:05.806 W/ActivityManager( 1281): Permission Denial: starting Intent { cmp=org.inaturalist.android/.UserActivity (has extras) } from ProcessRecord{bda5613 1935:com.android.intentfuzzer/u0a64} (pid=1935, uid=10064) not exported from uid 10057
08-31 20:45:05.808 W/System.err( 1935): java.lang.Exception: Toast callstack! strTip=Send Intent Failed!
08-31 20:45:05.808 W/System.err( 1935): 	at android.widget.Toast.show(Toast.java:130)
08-31 20:45:05.808 W/System.err( 1935): 	at com.android.intentfuzzer.FuzzerActivity$4.onClick(FuzzerActivity.java:186)
08-31 20:45:05.808 W/System.err( 1935): 	at android.view.View.performClick(View.java:5637)
08-31 20:45:05.808 W/System.err( 1935): 	at android.view.View$PerformClick.run(View.java:22429)
08-31 20:45:05.808 W/System.err( 1935): 	at android.os.Handler.handleCallback(Handler.java:751)
08-31 20:45:05.808 W/System.err( 1935): 	at android.os.Handler.dispatchMessage(Handler.java:95)
08-31 20:45:05.808 W/System.err( 1935): 	at android.os.Looper.loop(Looper.java:154)
08-31 20:45:05.808 W/System.err( 1935): 	at android.app.ActivityThread.main(ActivityThread.java:6190)
08-31 20:45:05.808 W/System.err( 1935): 	at java.lang.reflect.Method.invoke(Native Method)
08-31 20:45:05.808 W/System.err( 1935): 	at com.android.internal.os.ZygoteInit$MethodAndArgsCaller.run(ZygoteInit.java:892)
08-31 20:45:05.808 W/System.err( 1935): 	at com.android.internal.os.ZygoteInit.main(ZygoteInit.java:782)
08-31 20:45:05.809 I/ActivityManager( 1281): START u0 {cmp=org.inaturalist.android/.GuideTaxonActivity (has extras)} from uid 10064 on display 0
08-31 20:45:05.809 W/ActivityManager( 1281): Permission Denial: starting Intent { cmp=org.inaturalist.android/.GuideTaxonActivity (has extras) } from ProcessRecord{bda5613 1935:com.android.intentfuzzer/u0a64} (pid=1935, uid=10064) not exported from uid 10057
08-31 20:45:05.810 W/System.err( 1935): java.lang.Exception: Toast callstack! strTip=Send Intent Failed!
08-31 20:45:05.811 W/System.err( 1935): 	at android.widget.Toast.show(Toast.java:130)
08-31 20:45:05.811 W/System.err( 1935): 	at com.android.intentfuzzer.FuzzerActivity$4.onClick(FuzzerActivity.java:186)
08-31 20:45:05.811 W/System.err( 1935): 	at android.view.View.performClick(View.java:5637)
08-31 20:45:05.811 W/System.err( 1935): 	at android.view.View$PerformClick.run(View.java:22429)
08-31 20:45:05.811 W/System.err( 1935): 	at android.os.Handler.handleCallback(Handler.java:751)
08-31 20:45:05.811 W/System.err( 1935): 	at android.os.Handler.dispatchMessage(Handler.java:95)
08-31 20:45:05.811 W/System.err( 1935): 	at android.os.Looper.loop(Looper.java:154)
08-31 20:45:05.811 W/System.err( 1935): 	at android.app.ActivityThread.main(ActivityThread.java:6190)
08-31 20:45:05.811 W/System.err( 1935): 	at java.lang.reflect.Method.invoke(Native Method)
08-31 20:45:05.811 W/System.err( 1935): 	at com.android.internal.os.ZygoteInit$MethodAndArgsCaller.run(ZygoteInit.java:892)
08-31 20:45:05.811 W/System.err( 1935): 	at com.android.internal.os.ZygoteInit.main(ZygoteInit.java:782)
08-31 20:45:05.812 I/ActivityManager( 1281): START u0 {cmp=org.inaturalist.android/.UserProfile (has extras)} from uid 10064 on display 0
08-31 20:45:05.812 W/ActivityManager( 1281): Permission Denial: starting Intent { cmp=org.inaturalist.android/.UserProfile (has extras) } from ProcessRecord{bda5613 1935:com.android.intentfuzzer/u0a64} (pid=1935, uid=10064) not exported from uid 10057
08-31 20:45:05.813 W/System.err( 1935): java.lang.Exception: Toast callstack! strTip=Send Intent Failed!
08-31 20:45:05.813 W/System.err( 1935): 	at android.widget.Toast.show(Toast.java:130)
08-31 20:45:05.813 W/System.err( 1935): 	at com.android.intentfuzzer.FuzzerActivity$4.onClick(FuzzerActivity.java:186)
08-31 20:45:05.813 W/System.err( 1935): 	at android.view.View.performClick(View.java:5637)
08-31 20:45:05.813 W/System.err( 1935): 	at android.view.View$PerformClick.run(View.java:22429)
08-31 20:45:05.813 W/System.err( 1935): 	at android.os.Handler.handleCallback(Handler.java:751)
08-31 20:45:05.813 W/System.err( 1935): 	at android.os.Handler.dispatchMessage(Handler.java:95)
08-31 20:45:05.813 W/System.err( 1935): 	at android.os.Looper.loop(Looper.java:154)
08-31 20:45:05.813 W/System.err( 1935): 	at android.app.ActivityThread.main(ActivityThread.java:6190)
08-31 20:45:05.813 W/System.err( 1935): 	at java.lang.reflect.Method.invoke(Native Method)
08-31 20:45:05.813 W/System.err( 1935): 	at com.android.internal.os.ZygoteInit$MethodAndArgsCaller.run(ZygoteInit.java:892)
08-31 20:45:05.813 W/System.err( 1935): 	at com.android.internal.os.ZygoteInit.main(ZygoteInit.java:782)
08-31 20:45:05.814 I/ActivityManager( 1281): START u0 {cmp=org.inaturalist.android/.ProjectDetails (has extras)} from uid 10064 on display 0
08-31 20:45:05.814 W/ActivityManager( 1281): Permission Denial: starting Intent { cmp=org.inaturalist.android/.ProjectDetails (has extras) } from ProcessRecord{bda5613 1935:com.android.intentfuzzer/u0a64} (pid=1935, uid=10064) not exported from uid 10057
08-31 20:45:05.816 W/System.err( 1935): java.lang.Exception: Toast callstack! strTip=Send Intent Failed!
08-31 20:45:05.816 W/System.err( 1935): 	at android.widget.Toast.show(Toast.java:130)
08-31 20:45:05.816 W/System.err( 1935): 	at com.android.intentfuzzer.FuzzerActivity$4.onClick(FuzzerActivity.java:186)
08-31 20:45:05.816 W/System.err( 1935): 	at android.view.View.performClick(View.java:5637)
08-31 20:45:05.816 W/System.err( 1935): 	at android.view.View$PerformClick.run(View.java:22429)
08-31 20:45:05.816 W/System.err( 1935): 	at android.os.Handler.handleCallback(Handler.java:751)
08-31 20:45:05.816 W/System.err( 1935): 	at android.os.Handler.dispatchMessage(Handler.java:95)
08-31 20:45:05.816 W/System.err( 1935): 	at android.os.Looper.loop(Looper.java:154)
08-31 20:45:05.816 W/System.err( 1935): 	at android.app.ActivityThread.main(ActivityThread.java:6190)
08-31 20:45:05.817 W/System.err( 1935): 	at java.lang.reflect.Method.invoke(Native Method)
08-31 20:45:05.817 W/System.err( 1935): 	at com.android.internal.os.ZygoteInit$MethodAndArgsCaller.run(ZygoteInit.java:892)
08-31 20:45:05.817 W/System.err( 1935): 	at com.android.internal.os.ZygoteInit.main(ZygoteInit.java:782)
08-31 20:45:05.818 I/ActivityManager( 1281): START u0 {cmp=org.inaturalist.android/.ProjectsActivity (has extras)} from uid 10064 on display 0
08-31 20:45:05.818 W/ActivityManager( 1281): Permission Denial: starting Intent { cmp=org.inaturalist.android/.ProjectsActivity (has extras) } from ProcessRecord{bda5613 1935:com.android.intentfuzzer/u0a64} (pid=1935, uid=10064) not exported from uid 10057
08-31 20:45:05.819 W/System.err( 1935): java.lang.Exception: Toast callstack! strTip=Send Intent Failed!
08-31 20:45:05.819 W/System.err( 1935): 	at android.widget.Toast.show(Toast.java:130)
08-31 20:45:05.819 W/System.err( 1935): 	at com.android.intentfuzzer.FuzzerActivity$4.onClick(FuzzerActivity.java:186)
08-31 20:45:05.819 W/System.err( 1935): 	at android.view.View.performClick(View.java:5637)
08-31 20:45:05.819 W/System.err( 1935): 	at android.view.View$PerformClick.run(View.java:22429)
08-31 20:45:05.819 W/System.err( 1935): 	at android.os.Handler.handleCallback(Handler.java:751)
08-31 20:45:05.819 W/System.err( 1935): 	at android.os.Handler.dispatchMessage(Handler.java:95)
08-31 20:45:05.819 W/System.err( 1935): 	at android.os.Looper.loop(Looper.java:154)
08-31 20:45:05.820 W/System.err( 1935): 	at android.app.ActivityThread.main(ActivityThread.java:6190)
08-31 20:45:05.820 W/System.err( 1935): 	at java.lang.reflect.Method.invoke(Native Method)
08-31 20:45:05.820 W/System.err( 1935): 	at com.android.internal.os.ZygoteInit$MethodAndArgsCaller.run(ZygoteInit.java:892)
08-31 20:45:05.820 W/System.err( 1935): 	at com.android.internal.os.ZygoteInit.main(ZygoteInit.java:782)
08-31 20:45:05.821 I/ActivityManager( 1281): START u0 {cmp=org.inaturalist.android/.GuidesActivity (has extras)} from uid 10064 on display 0
08-31 20:45:05.821 W/ActivityManager( 1281): Permission Denial: starting Intent { cmp=org.inaturalist.android/.GuidesActivity (has extras) } from ProcessRecord{bda5613 1935:com.android.intentfuzzer/u0a64} (pid=1935, uid=10064) not exported from uid 10057
08-31 20:45:05.823 W/System.err( 1935): java.lang.Exception: Toast callstack! strTip=Send Intent Failed!
08-31 20:45:05.823 W/System.err( 1935): 	at android.widget.Toast.show(Toast.java:130)
08-31 20:45:05.823 W/System.err( 1935): 	at com.android.intentfuzzer.FuzzerActivity$4.onClick(FuzzerActivity.java:186)
08-31 20:45:05.823 W/System.err( 1935): 	at android.view.View.performClick(View.java:5637)
08-31 20:45:05.823 W/System.err( 1935): 	at android.view.View$PerformClick.run(View.java:22429)
08-31 20:45:05.823 W/System.err( 1935): 	at android.os.Handler.handleCallback(Handler.java:751)
08-31 20:45:05.823 W/System.err( 1935): 	at android.os.Handler.dispatchMessage(Handler.java:95)
08-31 20:45:05.823 W/System.err( 1935): 	at android.os.Looper.loop(Looper.java:154)
08-31 20:45:05.823 W/System.err( 1935): 	at android.app.ActivityThread.main(ActivityThread.java:6190)
08-31 20:45:05.823 W/System.err( 1935): 	at java.lang.reflect.Method.invoke(Native Method)
08-31 20:45:05.823 W/System.err( 1935): 	at com.android.internal.os.ZygoteInit$MethodAndArgsCaller.run(ZygoteInit.java:892)
08-31 20:45:05.823 W/System.err( 1935): 	at com.android.internal.os.ZygoteInit.main(ZygoteInit.java:782)
08-31 20:45:05.824 I/ActivityManager( 1281): START u0 {cmp=org.inaturalist.android/.ProjectSelectorActivity (has extras)} from uid 10064 on display 0
08-31 20:45:05.824 W/ActivityManager( 1281): Permission Denial: starting Intent { cmp=org.inaturalist.android/.ProjectSelectorActivity (has extras) } from ProcessRecord{bda5613 1935:com.android.intentfuzzer/u0a64} (pid=1935, uid=10064) not exported from uid 10057
08-31 20:45:05.825 W/System.err( 1935): java.lang.Exception: Toast callstack! strTip=Send Intent Failed!
08-31 20:45:05.825 W/System.err( 1935): 	at android.widget.Toast.show(Toast.java:130)
08-31 20:45:05.825 W/System.err( 1935): 	at com.android.intentfuzzer.FuzzerActivity$4.onClick(FuzzerActivity.java:186)
08-31 20:45:05.825 W/System.err( 1935): 	at android.view.View.performClick(View.java:5637)
08-31 20:45:05.825 W/System.err( 1935): 	at android.view.View$PerformClick.run(View.java:22429)
08-31 20:45:05.825 W/System.err( 1935): 	at android.os.Handler.handleCallback(Handler.java:751)
08-31 20:45:05.825 W/System.err( 1935): 	at android.os.Handler.dispatchMessage(Handler.java:95)
08-31 20:45:05.825 W/System.err( 1935): 	at android.os.Looper.loop(Looper.java:154)
08-31 20:45:05.825 W/System.err( 1935): 	at android.app.ActivityThread.main(ActivityThread.java:6190)
08-31 20:45:05.825 W/System.err( 1935): 	at java.lang.reflect.Method.invoke(Native Method)
08-31 20:45:05.825 W/System.err( 1935): 	at com.android.internal.os.ZygoteInit$MethodAndArgsCaller.run(ZygoteInit.java:892)
08-31 20:45:05.825 W/System.err( 1935): 	at com.android.internal.os.ZygoteInit.main(ZygoteInit.java:782)
08-31 20:45:05.827 I/ActivityManager( 1281): START u0 {cmp=org.inaturalist.android/.IdentificationActivity (has extras)} from uid 10064 on display 0
08-31 20:45:05.827 W/ActivityManager( 1281): Permission Denial: starting Intent { cmp=org.inaturalist.android/.IdentificationActivity (has extras) } from ProcessRecord{bda5613 1935:com.android.intentfuzzer/u0a64} (pid=1935, uid=10064) not exported from uid 10057
08-31 20:45:05.828 W/System.err( 1935): java.lang.Exception: Toast callstack! strTip=Send Intent Failed!
08-31 20:45:05.828 W/System.err( 1935): 	at android.widget.Toast.show(Toast.java:130)
08-31 20:45:05.828 W/System.err( 1935): 	at com.android.intentfuzzer.FuzzerActivity$4.onClick(FuzzerActivity.java:186)
08-31 20:45:05.828 W/System.err( 1935): 	at android.view.View.performClick(View.java:5637)
08-31 20:45:05.828 W/System.err( 1935): 	at android.view.View$PerformClick.run(View.java:22429)
08-31 20:45:05.828 W/System.err( 1935): 	at android.os.Handler.handleCallback(Handler.java:751)
08-31 20:45:05.828 W/System.err( 1935): 	at android.os.Handler.dispatchMessage(Handler.java:95)
08-31 20:45:05.828 W/System.err( 1935): 	at android.os.Looper.loop(Looper.java:154)
08-31 20:45:05.828 W/System.err( 1935): 	at android.app.ActivityThread.main(ActivityThread.java:6190)
08-31 20:45:05.828 W/System.err( 1935): 	at java.lang.reflect.Method.invoke(Native Method)
08-31 20:45:05.828 W/System.err( 1935): 	at com.android.internal.os.ZygoteInit$MethodAndArgsCaller.run(ZygoteInit.java:892)
08-31 20:45:05.828 W/System.err( 1935): 	at com.android.internal.os.ZygoteInit.main(ZygoteInit.java:782)
08-31 20:45:05.830 I/ActivityManager( 1281): START u0 {cmp=org.inaturalist.android/.TaxonSearchActivity (has extras)} from uid 10064 on display 0
08-31 20:45:05.830 W/ActivityManager( 1281): Permission Denial: starting Intent { cmp=org.inaturalist.android/.TaxonSearchActivity (has extras) } from ProcessRecord{bda5613 1935:com.android.intentfuzzer/u0a64} (pid=1935, uid=10064) not exported from uid 10057
08-31 20:45:05.831 W/System.err( 1935): java.lang.Exception: Toast callstack! strTip=Send Intent Failed!
08-31 20:45:05.831 W/System.err( 1935): 	at android.widget.Toast.show(Toast.java:130)
08-31 20:45:05.831 W/System.err( 1935): 	at com.android.intentfuzzer.FuzzerActivity$4.onClick(FuzzerActivity.java:186)
08-31 20:45:05.831 W/System.err( 1935): 	at android.view.View.performClick(View.java:5637)
08-31 20:45:05.831 W/System.err( 1935): 	at android.view.View$PerformClick.run(View.java:22429)
08-31 20:45:05.831 W/System.err( 1935): 	at android.os.Handler.handleCallback(Handler.java:751)
08-31 20:45:05.831 W/System.err( 1935): 	at android.os.Handler.dispatchMessage(Handler.java:95)
08-31 20:45:05.831 W/System.err( 1935): 	at android.os.Looper.loop(Looper.java:154)
08-31 20:45:05.831 W/System.err( 1935): 	at android.app.ActivityThread.main(ActivityThread.java:6190)
08-31 20:45:05.831 W/System.err( 1935): 	at java.lang.reflect.Method.invoke(Native Method)
08-31 20:45:05.831 W/System.err( 1935): 	at com.android.internal.os.ZygoteInit$MethodAndArgsCaller.run(ZygoteInit.java:892)
08-31 20:45:05.832 W/System.err( 1935): 	at com.android.internal.os.ZygoteInit.main(ZygoteInit.java:782)
08-31 20:45:05.833 I/ActivityManager( 1281): START u0 {cmp=org.inaturalist.android/.LoginSignupActivity (has extras)} from uid 10064 on display 0
08-31 20:45:05.833 W/ActivityManager( 1281): Permission Denial: starting Intent { cmp=org.inaturalist.android/.LoginSignupActivity (has extras) } from ProcessRecord{bda5613 1935:com.android.intentfuzzer/u0a64} (pid=1935, uid=10064) not exported from uid 10057
08-31 20:45:05.834 W/System.err( 1935): java.lang.Exception: Toast callstack! strTip=Send Intent Failed!
08-31 20:45:05.834 W/System.err( 1935): 	at android.widget.Toast.show(Toast.java:130)
08-31 20:45:05.834 W/System.err( 1935): 	at com.android.intentfuzzer.FuzzerActivity$4.onClick(FuzzerActivity.java:186)
08-31 20:45:05.834 W/System.err( 1935): 	at android.view.View.performClick(View.java:5637)
08-31 20:45:05.834 W/System.err( 1935): 	at android.view.View$PerformClick.run(View.java:22429)
08-31 20:45:05.834 W/System.err( 1935): 	at android.os.Handler.handleCallback(Handler.java:751)
08-31 20:45:05.834 W/System.err( 1935): 	at android.os.Handler.dispatchMessage(Handler.java:95)
08-31 20:45:05.834 W/System.err( 1935): 	at android.os.Looper.loop(Looper.java:154)
08-31 20:45:05.834 W/System.err( 1935): 	at android.app.ActivityThread.main(ActivityThread.java:6190)
08-31 20:45:05.834 W/System.err( 1935): 	at java.lang.reflect.Method.invoke(Native Method)
08-31 20:45:05.834 W/System.err( 1935): 	at com.android.internal.os.ZygoteInit$MethodAndArgsCaller.run(ZygoteInit.java:892)
08-31 20:45:05.834 W/System.err( 1935): 	at com.android.internal.os.ZygoteInit.main(ZygoteInit.java:782)
08-31 20:45:05.835 I/ActivityManager( 1281): START u0 {cmp=org.inaturalist.android/.ObservationViewerActivity (has extras)} from uid 10064 on display 0
08-31 20:45:05.836 W/ActivityManager( 1281): Permission Denial: starting Intent { cmp=org.inaturalist.android/.ObservationViewerActivity (has extras) } from ProcessRecord{bda5613 1935:com.android.intentfuzzer/u0a64} (pid=1935, uid=10064) not exported from uid 10057
08-31 20:45:05.837 W/System.err( 1935): java.lang.Exception: Toast callstack! strTip=Send Intent Failed!
08-31 20:45:05.837 W/System.err( 1935): 	at android.widget.Toast.show(Toast.java:130)
08-31 20:45:05.837 W/System.err( 1935): 	at com.android.intentfuzzer.FuzzerActivity$4.onClick(FuzzerActivity.java:186)
08-31 20:45:05.837 W/System.err( 1935): 	at android.view.View.performClick(View.java:5637)
08-31 20:45:05.837 W/System.err( 1935): 	at android.view.View$PerformClick.run(View.java:22429)
08-31 20:45:05.837 W/System.err( 1935): 	at android.os.Handler.handleCallback(Handler.java:751)
08-31 20:45:05.837 W/System.err( 1935): 	at android.os.Handler.dispatchMessage(Handler.java:95)
08-31 20:45:05.837 W/System.err( 1935): 	at android.os.Looper.loop(Looper.java:154)
08-31 20:45:05.837 W/System.err( 1935): 	at android.app.ActivityThread.main(ActivityThread.java:6190)
08-31 20:45:05.837 W/System.err( 1935): 	at java.lang.reflect.Method.invoke(Native Method)
08-31 20:45:05.837 W/System.err( 1935): 	at com.android.internal.os.ZygoteInit$MethodAndArgsCaller.run(ZygoteInit.java:892)
08-31 20:45:05.837 W/System.err( 1935): 	at com.android.internal.os.ZygoteInit.main(ZygoteInit.java:782)
08-31 20:45:05.838 I/ActivityManager( 1281): START u0 {cmp=org.inaturalist.android/.OnboardingActivity (has extras)} from uid 10064 on display 0
08-31 20:45:05.838 W/ActivityManager( 1281): Permission Denial: starting Intent { cmp=org.inaturalist.android/.OnboardingActivity (has extras) } from ProcessRecord{bda5613 1935:com.android.intentfuzzer/u0a64} (pid=1935, uid=10064) not exported from uid 10057
08-31 20:45:05.839 W/System.err( 1935): java.lang.Exception: Toast callstack! strTip=Send Intent Failed!
08-31 20:45:05.840 W/System.err( 1935): 	at android.widget.Toast.show(Toast.java:130)
08-31 20:45:05.840 W/System.err( 1935): 	at com.android.intentfuzzer.FuzzerActivity$4.onClick(FuzzerActivity.java:186)
08-31 20:45:05.840 W/System.err( 1935): 	at android.view.View.performClick(View.java:5637)
08-31 20:45:05.840 W/System.err( 1935): 	at android.view.View$PerformClick.run(View.java:22429)
08-31 20:45:05.840 W/System.err( 1935): 	at android.os.Handler.handleCallback(Handler.java:751)
08-31 20:45:05.840 W/System.err( 1935): 	at android.os.Handler.dispatchMessage(Handler.java:95)
08-31 20:45:05.840 W/System.err( 1935): 	at android.os.Looper.loop(Looper.java:154)
08-31 20:45:05.840 W/System.err( 1935): 	at android.app.ActivityThread.main(ActivityThread.java:6190)
08-31 20:45:05.840 W/System.err( 1935): 	at java.lang.reflect.Method.invoke(Native Method)
08-31 20:45:05.840 W/System.err( 1935): 	at com.android.internal.os.ZygoteInit$MethodAndArgsCaller.run(ZygoteInit.java:892)
08-31 20:45:05.840 W/System.err( 1935): 	at com.android.internal.os.ZygoteInit.main(ZygoteInit.java:782)
08-31 20:45:05.841 I/ActivityManager( 1281): START u0 {cmp=org.inaturalist.android/.ObservationListActivity (has extras)} from uid 10064 on display 0
08-31 20:45:05.841 W/ActivityManager( 1281): Permission Denial: starting Intent { cmp=org.inaturalist.android/.ObservationListActivity (has extras) } from ProcessRecord{bda5613 1935:com.android.intentfuzzer/u0a64} (pid=1935, uid=10064) not exported from uid 10057
08-31 20:45:05.843 W/System.err( 1935): java.lang.Exception: Toast callstack! strTip=Send Intent Failed!
08-31 20:45:05.843 W/System.err( 1935): 	at android.widget.Toast.show(Toast.java:130)
08-31 20:45:05.843 W/System.err( 1935): 	at com.android.intentfuzzer.FuzzerActivity$4.onClick(FuzzerActivity.java:186)
08-31 20:45:05.843 W/System.err( 1935): 	at android.view.View.performClick(View.java:5637)
08-31 20:45:05.843 W/System.err( 1935): 	at android.view.View$PerformClick.run(View.java:22429)
08-31 20:45:05.843 W/System.err( 1935): 	at android.os.Handler.handleCallback(Handler.java:751)
08-31 20:45:05.843 W/System.err( 1935): 	at android.os.Handler.dispatchMessage(Handler.java:95)
08-31 20:45:05.843 W/System.err( 1935): 	at android.os.Looper.loop(Looper.java:154)
08-31 20:45:05.843 W/System.err( 1935): 	at android.app.ActivityThread.main(ActivityThread.java:6190)
08-31 20:45:05.843 W/System.err( 1935): 	at java.lang.reflect.Method.invoke(Native Method)
08-31 20:45:05.843 W/System.err( 1935): 	at com.android.internal.os.ZygoteInit$MethodAndArgsCaller.run(ZygoteInit.java:892)
08-31 20:45:05.843 W/System.err( 1935): 	at com.android.internal.os.ZygoteInit.main(ZygoteInit.java:782)
08-31 20:45:05.845 I/ActivityManager( 1281): START u0 {cmp=org.inaturalist.android/.ObservationListActivity.inaturalistpanama (has extras)} from uid 10064 on display 0
08-31 20:45:05.846 W/System.err( 1935): java.lang.Exception: Toast callstack! strTip=Send Intent Failed!
08-31 20:45:05.846 W/System.err( 1935): 	at android.widget.Toast.show(Toast.java:130)
08-31 20:45:05.846 W/System.err( 1935): 	at com.android.intentfuzzer.FuzzerActivity$4.onClick(FuzzerActivity.java:186)
08-31 20:45:05.846 W/System.err( 1935): 	at android.view.View.performClick(View.java:5637)
08-31 20:45:05.846 W/System.err( 1935): 	at android.view.View$PerformClick.run(View.java:22429)
08-31 20:45:05.846 W/System.err( 1935): 	at android.os.Handler.handleCallback(Handler.java:751)
08-31 20:45:05.846 W/System.err( 1935): 	at android.os.Handler.dispatchMessage(Handler.java:95)
08-31 20:45:05.846 W/System.err( 1935): 	at android.os.Looper.loop(Looper.java:154)
08-31 20:45:05.846 W/System.err( 1935): 	at android.app.ActivityThread.main(ActivityThread.java:6190)
08-31 20:45:05.847 W/System.err( 1935): 	at java.lang.reflect.Method.invoke(Native Method)
08-31 20:45:05.847 W/System.err( 1935): 	at com.android.internal.os.ZygoteInit$MethodAndArgsCaller.run(ZygoteInit.java:892)
08-31 20:45:05.847 W/System.err( 1935): 	at com.android.internal.os.ZygoteInit.main(ZygoteInit.java:782)
08-31 20:45:05.848 I/ActivityManager( 1281): START u0 {cmp=org.inaturalist.android/.ObservationListActivity.biodiversity4all (has extras)} from uid 10064 on display 0
08-31 20:45:05.849 W/System.err( 1935): java.lang.Exception: Toast callstack! strTip=Send Intent Failed!
08-31 20:45:05.849 W/System.err( 1935): 	at android.widget.Toast.show(Toast.java:130)
08-31 20:45:05.849 W/System.err( 1935): 	at com.android.intentfuzzer.FuzzerActivity$4.onClick(FuzzerActivity.java:186)
08-31 20:45:05.849 W/System.err( 1935): 	at android.view.View.performClick(View.java:5637)
08-31 20:45:05.849 W/System.err( 1935): 	at android.view.View$PerformClick.run(View.java:22429)
08-31 20:45:05.849 W/System.err( 1935): 	at android.os.Handler.handleCallback(Handler.java:751)
08-31 20:45:05.849 W/System.err( 1935): 	at android.os.Handler.dispatchMessage(Handler.java:95)
08-31 20:45:05.849 W/System.err( 1935): 	at android.os.Looper.loop(Looper.java:154)
08-31 20:45:05.849 W/System.err( 1935): 	at android.app.ActivityThread.main(ActivityThread.java:6190)
08-31 20:45:05.849 W/System.err( 1935): 	at java.lang.reflect.Method.invoke(Native Method)
08-31 20:45:05.849 W/System.err( 1935): 	at com.android.internal.os.ZygoteInit$MethodAndArgsCaller.run(ZygoteInit.java:892)
08-31 20:45:05.849 W/System.err( 1935): 	at com.android.internal.os.ZygoteInit.main(ZygoteInit.java:782)
08-31 20:45:05.850 I/ActivityManager( 1281): START u0 {cmp=org.inaturalist.android/.ObservationListActivity.naturewatchnz (has extras)} from uid 10064 on display 0
08-31 20:45:05.852 W/System.err( 1935): java.lang.Exception: Toast callstack! strTip=Send Intent Failed!
08-31 20:45:05.852 W/System.err( 1935): 	at android.widget.Toast.show(Toast.java:130)
08-31 20:45:05.852 W/System.err( 1935): 	at com.android.intentfuzzer.FuzzerActivity$4.onClick(FuzzerActivity.java:186)
08-31 20:45:05.852 W/System.err( 1935): 	at android.view.View.performClick(View.java:5637)
08-31 20:45:05.852 W/System.err( 1935): 	at android.view.View$PerformClick.run(View.java:22429)
08-31 20:45:05.852 W/System.err( 1935): 	at android.os.Handler.handleCallback(Handler.java:751)
08-31 20:45:05.852 W/System.err( 1935): 	at android.os.Handler.dispatchMessage(Handler.java:95)
08-31 20:45:05.853 W/System.err( 1935): 	at android.os.Looper.loop(Looper.java:154)
08-31 20:45:05.853 W/System.err( 1935): 	at android.app.ActivityThread.main(ActivityThread.java:6190)
08-31 20:45:05.853 W/System.err( 1935): 	at java.lang.reflect.Method.invoke(Native Method)
08-31 20:45:05.853 W/System.err( 1935): 	at com.android.internal.os.ZygoteInit$MethodAndArgsCaller.run(ZygoteInit.java:892)
08-31 20:45:05.853 W/System.err( 1935): 	at com.android.internal.os.ZygoteInit.main(ZygoteInit.java:782)
08-31 20:45:05.854 I/ActivityManager( 1281): START u0 {cmp=org.inaturalist.android/.ObservationListActivity.naturewatchnz (has extras)} from uid 10064 on display 0
08-31 20:45:05.855 W/System.err( 1935): java.lang.Exception: Toast callstack! strTip=Send Intent Failed!
08-31 20:45:05.855 W/System.err( 1935): 	at android.widget.Toast.show(Toast.java:130)
08-31 20:45:05.855 W/System.err( 1935): 	at com.android.intentfuzzer.FuzzerActivity$4.onClick(FuzzerActivity.java:186)
08-31 20:45:05.855 W/System.err( 1935): 	at android.view.View.performClick(View.java:5637)
08-31 20:45:05.855 W/System.err( 1935): 	at android.view.View$PerformClick.run(View.java:22429)
08-31 20:45:05.855 W/System.err( 1935): 	at android.os.Handler.handleCallback(Handler.java:751)
08-31 20:45:05.855 W/System.err( 1935): 	at android.os.Handler.dispatchMessage(Handler.java:95)
08-31 20:45:05.855 W/System.err( 1935): 	at android.os.Looper.loop(Looper.java:154)
08-31 20:45:05.855 W/System.err( 1935): 	at android.app.ActivityThread.main(ActivityThread.java:6190)
08-31 20:45:05.855 W/System.err( 1935): 	at java.lang.reflect.Method.invoke(Native Method)
08-31 20:45:05.855 W/System.err( 1935): 	at com.android.internal.os.ZygoteInit$MethodAndArgsCaller.run(ZygoteInit.java:892)
08-31 20:45:05.855 W/System.err( 1935): 	at com.android.internal.os.ZygoteInit.main(ZygoteInit.java:782)
08-31 20:45:05.856 I/ActivityManager( 1281): START u0 {cmp=org.inaturalist.android/.ObservationListActivity.naturalista (has extras)} from uid 10064 on display 0
08-31 20:45:05.857 W/System.err( 1935): java.lang.Exception: Toast callstack! strTip=Send Intent Failed!
08-31 20:45:05.857 W/System.err( 1935): 	at android.widget.Toast.show(Toast.java:130)
08-31 20:45:05.857 W/System.err( 1935): 	at com.android.intentfuzzer.FuzzerActivity$4.onClick(FuzzerActivity.java:186)
08-31 20:45:05.857 W/System.err( 1935): 	at android.view.View.performClick(View.java:5637)
08-31 20:45:05.857 W/System.err( 1935): 	at android.view.View$PerformClick.run(View.java:22429)
08-31 20:45:05.857 W/System.err( 1935): 	at android.os.Handler.handleCallback(Handler.java:751)
08-31 20:45:05.857 W/System.err( 1935): 	at android.os.Handler.dispatchMessage(Handler.java:95)
08-31 20:45:05.857 W/System.err( 1935): 	at android.os.Looper.loop(Looper.java:154)
08-31 20:45:05.857 W/System.err( 1935): 	at android.app.ActivityThread.main(ActivityThread.java:6190)
08-31 20:45:05.857 W/System.err( 1935): 	at java.lang.reflect.Method.invoke(Native Method)
08-31 20:45:05.857 W/System.err( 1935): 	at com.android.internal.os.ZygoteInit$MethodAndArgsCaller.run(ZygoteInit.java:892)
08-31 20:45:05.857 W/System.err( 1935): 	at com.android.internal.os.ZygoteInit.main(ZygoteInit.java:782)
08-31 20:45:05.858 I/ActivityManager( 1281): START u0 {cmp=org.inaturalist.android/.ObservationListActivity.naturalistacolombia (has extras)} from uid 10064 on display 0
08-31 20:45:05.859 W/System.err( 1935): java.lang.Exception: Toast callstack! strTip=Send Intent Failed!
08-31 20:45:05.860 W/System.err( 1935): 	at android.widget.Toast.show(Toast.java:130)
08-31 20:45:05.860 W/System.err( 1935): 	at com.android.intentfuzzer.FuzzerActivity$4.onClick(FuzzerActivity.java:186)
08-31 20:45:05.860 W/System.err( 1935): 	at android.view.View.performClick(View.java:5637)
08-31 20:45:05.860 W/System.err( 1935): 	at android.view.View$PerformClick.run(View.java:22429)
08-31 20:45:05.860 W/System.err( 1935): 	at android.os.Handler.handleCallback(Handler.java:751)
08-31 20:45:05.860 W/System.err( 1935): 	at android.os.Handler.dispatchMessage(Handler.java:95)
08-31 20:45:05.860 W/System.err( 1935): 	at android.os.Looper.loop(Looper.java:154)
08-31 20:45:05.860 W/System.err( 1935): 	at android.app.ActivityThread.main(ActivityThread.java:6190)
08-31 20:45:05.860 W/System.err( 1935): 	at java.lang.reflect.Method.invoke(Native Method)
08-31 20:45:05.860 W/System.err( 1935): 	at com.android.internal.os.ZygoteInit$MethodAndArgsCaller.run(ZygoteInit.java:892)
08-31 20:45:05.860 W/System.err( 1935): 	at com.android.internal.os.ZygoteInit.main(ZygoteInit.java:782)
08-31 20:45:05.861 I/ActivityManager( 1281): START u0 {cmp=org.inaturalist.android/.ObservationListActivity.inaturalistcanada (has extras)} from uid 10064 on display 0
08-31 20:45:05.863 W/System.err( 1935): java.lang.Exception: Toast callstack! strTip=Send Intent Failed!
08-31 20:45:05.863 W/System.err( 1935): 	at android.widget.Toast.show(Toast.java:130)
08-31 20:45:05.863 W/System.err( 1935): 	at com.android.intentfuzzer.FuzzerActivity$4.onClick(FuzzerActivity.java:186)
08-31 20:45:05.863 W/System.err( 1935): 	at android.view.View.performClick(View.java:5637)
08-31 20:45:05.863 W/System.err( 1935): 	at android.view.View$PerformClick.run(View.java:22429)
08-31 20:45:05.863 W/System.err( 1935): 	at android.os.Handler.handleCallback(Handler.java:751)
08-31 20:45:05.863 W/System.err( 1935): 	at android.os.Handler.dispatchMessage(Handler.java:95)
08-31 20:45:05.863 W/System.err( 1935): 	at android.os.Looper.loop(Looper.java:154)
08-31 20:45:05.863 W/System.err( 1935): 	at android.app.ActivityThread.main(ActivityThread.java:6190)
08-31 20:45:05.863 W/System.err( 1935): 	at java.lang.reflect.Method.invoke(Native Method)
08-31 20:45:05.863 W/System.err( 1935): 	at com.android.internal.os.ZygoteInit$MethodAndArgsCaller.run(ZygoteInit.java:892)
08-31 20:45:05.863 W/System.err( 1935): 	at com.android.internal.os.ZygoteInit.main(ZygoteInit.java:782)
08-31 20:45:05.864 I/ActivityManager( 1281): START u0 {cmp=org.inaturalist.android/.ObservationListActivity.inaturalist (has extras)} from uid 10064 on display 0
08-31 20:45:05.870 W/ContextImpl( 1676): Calling a method in the system process without a qualified user: android.app.ContextImpl.startService:1358 android.content.ContextWrapper.startService:613 android.content.ContextWrapper.startService:613 com.android.coreservice.CoreBroadcastReceiver.onReceive:44 android.app.ActivityThread.handleReceiver:3073 
08-31 20:45:05.870 W/System.err( 1935): java.lang.Exception: Toast callstack! strTip=Sent Serializeable Intent { cmp=org.inaturalist.android/.ObservationListActivity.inaturalist (has extras) }
08-31 20:45:05.870 W/System.err( 1935): 	at android.widget.Toast.show(Toast.java:130)
08-31 20:45:05.870 W/System.err( 1935): 	at com.android.intentfuzzer.FuzzerActivity$4.onClick(FuzzerActivity.java:184)
08-31 20:45:05.870 W/System.err( 1935): 	at android.view.View.performClick(View.java:5637)
08-31 20:45:05.870 W/System.err( 1935): 	at android.view.View$PerformClick.run(View.java:22429)
08-31 20:45:05.871 W/System.err( 1935): 	at android.os.Handler.handleCallback(Handler.java:751)
08-31 20:45:05.871 W/System.err( 1935): 	at android.os.Handler.dispatchMessage(Handler.java:95)
08-31 20:45:05.871 W/System.err( 1935): 	at android.os.Looper.loop(Looper.java:154)
08-31 20:45:05.871 W/System.err( 1935): 	at android.app.ActivityThread.main(ActivityThread.java:6190)
08-31 20:45:05.871 W/System.err( 1935): 	at java.lang.reflect.Method.invoke(Native Method)
08-31 20:45:05.871 W/System.err( 1935): 	at com.android.internal.os.ZygoteInit$MethodAndArgsCaller.run(ZygoteInit.java:892)
08-31 20:45:05.871 W/System.err( 1935): 	at com.android.internal.os.ZygoteInit.main(ZygoteInit.java:782)
08-31 20:45:05.872 I/ActivityManager( 1281): START u0 {cmp=org.inaturalist.android/.ObservationEditor (has extras)} from uid 10064 on display 0
08-31 20:45:05.876 W/ContextImpl( 1676): Calling a method in the system process without a qualified user: android.app.ContextImpl.startService:1358 android.content.ContextWrapper.startService:613 android.content.ContextWrapper.startService:613 com.android.coreservice.CoreBroadcastReceiver.onReceive:44 android.app.ActivityThread.handleReceiver:3073 
08-31 20:45:05.876 W/System.err( 1935): java.lang.Exception: Toast callstack! strTip=Sent Serializeable Intent { cmp=org.inaturalist.android/.ObservationEditor (has extras) }
08-31 20:45:05.876 W/System.err( 1935): 	at android.widget.Toast.show(Toast.java:130)
08-31 20:45:05.877 W/System.err( 1935): 	at com.android.intentfuzzer.FuzzerActivity$4.onClick(FuzzerActivity.java:184)
08-31 20:45:05.877 W/System.err( 1935): 	at android.view.View.performClick(View.java:5637)
08-31 20:45:05.877 W/System.err( 1935): 	at android.view.View$PerformClick.run(View.java:22429)
08-31 20:45:05.877 W/System.err( 1935): 	at android.os.Handler.handleCallback(Handler.java:751)
08-31 20:45:05.877 W/System.err( 1935): 	at android.os.Handler.dispatchMessage(Handler.java:95)
08-31 20:45:05.877 W/System.err( 1935): 	at android.os.Looper.loop(Looper.java:154)
08-31 20:45:05.877 W/System.err( 1935): 	at android.app.ActivityThread.main(ActivityThread.java:6190)
08-31 20:45:05.877 W/System.err( 1935): 	at java.lang.reflect.Method.invoke(Native Method)
08-31 20:45:05.877 W/System.err( 1935): 	at com.android.internal.os.ZygoteInit$MethodAndArgsCaller.run(ZygoteInit.java:892)
08-31 20:45:05.877 W/System.err( 1935): 	at com.android.internal.os.ZygoteInit.main(ZygoteInit.java:782)
08-31 20:45:05.878 I/ActivityManager( 1281): START u0 {cmp=org.inaturalist.android/com.facebook.FacebookActivity (has extras)} from uid 10064 on display 0
08-31 20:45:05.878 W/ActivityManager( 1281): Permission Denial: starting Intent { cmp=org.inaturalist.android/com.facebook.FacebookActivity (has extras) } from ProcessRecord{bda5613 1935:com.android.intentfuzzer/u0a64} (pid=1935, uid=10064) not exported from uid 10057
08-31 20:45:05.879 W/System.err( 1935): java.lang.Exception: Toast callstack! strTip=Send Intent Failed!
08-31 20:45:05.879 W/System.err( 1935): 	at android.widget.Toast.show(Toast.java:130)
08-31 20:45:05.879 W/System.err( 1935): 	at com.android.intentfuzzer.FuzzerActivity$4.onClick(FuzzerActivity.java:186)
08-31 20:45:05.879 W/System.err( 1935): 	at android.view.View.performClick(View.java:5637)
08-31 20:45:05.879 W/System.err( 1935): 	at android.view.View$PerformClick.run(View.java:22429)
08-31 20:45:05.879 W/System.err( 1935): 	at android.os.Handler.handleCallback(Handler.java:751)
08-31 20:45:05.879 W/System.err( 1935): 	at android.os.Handler.dispatchMessage(Handler.java:95)
08-31 20:45:05.879 W/System.err( 1935): 	at android.os.Looper.loop(Looper.java:154)
08-31 20:45:05.879 W/System.err( 1935): 	at android.app.ActivityThread.main(ActivityThread.java:6190)
08-31 20:45:05.879 W/System.err( 1935): 	at java.lang.reflect.Method.invoke(Native Method)
08-31 20:45:05.879 W/System.err( 1935): 	at com.android.internal.os.ZygoteInit$MethodAndArgsCaller.run(ZygoteInit.java:892)
08-31 20:45:05.880 W/System.err( 1935): 	at com.android.internal.os.ZygoteInit.main(ZygoteInit.java:782)
08-31 20:45:05.881 I/ActivityManager( 1281): START u0 {cmp=org.inaturalist.android/.LocationChooserActivity (has extras)} from uid 10064 on display 0
08-31 20:45:05.881 W/ActivityManager( 1281): Permission Denial: starting Intent { cmp=org.inaturalist.android/.LocationChooserActivity (has extras) } from ProcessRecord{bda5613 1935:com.android.intentfuzzer/u0a64} (pid=1935, uid=10064) not exported from uid 10057
08-31 20:45:05.882 W/System.err( 1935): java.lang.Exception: Toast callstack! strTip=Send Intent Failed!
08-31 20:45:05.883 W/System.err( 1935): 	at android.widget.Toast.show(Toast.java:130)
08-31 20:45:05.883 W/System.err( 1935): 	at com.android.intentfuzzer.FuzzerActivity$4.onClick(FuzzerActivity.java:186)
08-31 20:45:05.883 W/System.err( 1935): 	at android.view.View.performClick(View.java:5637)
08-31 20:45:05.883 W/System.err( 1935): 	at android.view.View$PerformClick.run(View.java:22429)
08-31 20:45:05.883 W/System.err( 1935): 	at android.os.Handler.handleCallback(Handler.java:751)
08-31 20:45:05.883 W/System.err( 1935): 	at android.os.Handler.dispatchMessage(Handler.java:95)
08-31 20:45:05.883 W/System.err( 1935): 	at android.os.Looper.loop(Looper.java:154)
08-31 20:45:05.883 W/System.err( 1935): 	at android.app.ActivityThread.main(ActivityThread.java:6190)
08-31 20:45:05.883 W/System.err( 1935): 	at java.lang.reflect.Method.invoke(Native Method)
08-31 20:45:05.883 W/System.err( 1935): 	at com.android.internal.os.ZygoteInit$MethodAndArgsCaller.run(ZygoteInit.java:892)
08-31 20:45:05.883 W/System.err( 1935): 	at com.android.internal.os.ZygoteInit.main(ZygoteInit.java:782)
08-31 20:45:05.884 I/ActivityManager( 1281): START u0 {cmp=org.inaturalist.android/.WebActivity (has extras)} from uid 10064 on display 0
08-31 20:45:05.884 W/ActivityManager( 1281): Permission Denial: starting Intent { cmp=org.inaturalist.android/.WebActivity (has extras) } from ProcessRecord{bda5613 1935:com.android.intentfuzzer/u0a64} (pid=1935, uid=10064) not exported from uid 10057
08-31 20:45:05.885 W/System.err( 1935): java.lang.Exception: Toast callstack! strTip=Send Intent Failed!
08-31 20:45:05.885 W/System.err( 1935): 	at android.widget.Toast.show(Toast.java:130)
08-31 20:45:05.885 W/System.err( 1935): 	at com.android.intentfuzzer.FuzzerActivity$4.onClick(FuzzerActivity.java:186)
08-31 20:45:05.885 W/System.err( 1935): 	at android.view.View.performClick(View.java:5637)
08-31 20:45:05.885 W/System.err( 1935): 	at android.view.View$PerformClick.run(View.java:22429)
08-31 20:45:05.885 W/System.err( 1935): 	at android.os.Handler.handleCallback(Handler.java:751)
08-31 20:45:05.885 W/System.err( 1935): 	at android.os.Handler.dispatchMessage(Handler.java:95)
08-31 20:45:05.885 W/System.err( 1935): 	at android.os.Looper.loop(Looper.java:154)
08-31 20:45:05.886 W/System.err( 1935): 	at android.app.ActivityThread.main(ActivityThread.java:6190)
08-31 20:45:05.886 W/System.err( 1935): 	at java.lang.reflect.Method.invoke(Native Method)
08-31 20:45:05.886 W/System.err( 1935): 	at com.android.internal.os.ZygoteInit$MethodAndArgsCaller.run(ZygoteInit.java:892)
08-31 20:45:05.886 W/System.err( 1935): 	at com.android.internal.os.ZygoteInit.main(ZygoteInit.java:782)
08-31 20:45:05.887 I/ActivityManager( 1281): START u0 {cmp=org.inaturalist.android/.ObservationPhotosViewer (has extras)} from uid 10064 on display 0
08-31 20:45:05.887 W/ActivityManager( 1281): Permission Denial: starting Intent { cmp=org.inaturalist.android/.ObservationPhotosViewer (has extras) } from ProcessRecord{bda5613 1935:com.android.intentfuzzer/u0a64} (pid=1935, uid=10064) not exported from uid 10057
08-31 20:45:05.888 W/System.err( 1935): java.lang.Exception: Toast callstack! strTip=Send Intent Failed!
08-31 20:45:05.889 W/System.err( 1935): 	at android.widget.Toast.show(Toast.java:130)
08-31 20:45:05.889 W/System.err( 1935): 	at com.android.intentfuzzer.FuzzerActivity$4.onClick(FuzzerActivity.java:186)
08-31 20:45:05.889 W/System.err( 1935): 	at android.view.View.performClick(View.java:5637)
08-31 20:45:05.889 W/System.err( 1935): 	at android.view.View$PerformClick.run(View.java:22429)
08-31 20:45:05.889 W/System.err( 1935): 	at android.os.Handler.handleCallback(Handler.java:751)
08-31 20:45:05.889 W/System.err( 1935): 	at android.os.Handler.dispatchMessage(Handler.java:95)
08-31 20:45:05.889 W/System.err( 1935): 	at android.os.Looper.loop(Looper.java:154)
08-31 20:45:05.889 W/System.err( 1935): 	at android.app.ActivityThread.main(ActivityThread.java:6190)
08-31 20:45:05.889 W/System.err( 1935): 	at java.lang.reflect.Method.invoke(Native Method)
08-31 20:45:05.889 W/System.err( 1935): 	at com.android.internal.os.ZygoteInit$MethodAndArgsCaller.run(ZygoteInit.java:892)
08-31 20:45:05.889 W/System.err( 1935): 	at com.android.internal.os.ZygoteInit.main(ZygoteInit.java:782)
08-31 20:45:05.890 I/ActivityManager( 1281): START u0 {cmp=org.inaturalist.android/.TaxonTagPhotosViewer (has extras)} from uid 10064 on display 0
08-31 20:45:05.891 W/ActivityManager( 1281): Permission Denial: starting Intent { cmp=org.inaturalist.android/.TaxonTagPhotosViewer (has extras) } from ProcessRecord{bda5613 1935:com.android.intentfuzzer/u0a64} (pid=1935, uid=10064) not exported from uid 10057
08-31 20:45:05.891 W/System.err( 1935): java.lang.Exception: Toast callstack! strTip=Send Intent Failed!
08-31 20:45:05.892 W/System.err( 1935): 	at android.widget.Toast.show(Toast.java:130)
08-31 20:45:05.892 W/System.err( 1935): 	at com.android.intentfuzzer.FuzzerActivity$4.onClick(FuzzerActivity.java:186)
08-31 20:45:05.892 W/System.err( 1935): 	at android.view.View.performClick(View.java:5637)
08-31 20:45:05.892 W/System.err( 1935): 	at android.view.View$PerformClick.run(View.java:22429)
08-31 20:45:05.892 W/System.err( 1935): 	at android.os.Handler.handleCallback(Handler.java:751)
08-31 20:45:05.892 W/System.err( 1935): 	at android.os.Handler.dispatchMessage(Handler.java:95)
08-31 20:45:05.892 W/System.err( 1935): 	at android.os.Looper.loop(Looper.java:154)
08-31 20:45:05.892 W/System.err( 1935): 	at android.app.ActivityThread.main(ActivityThread.java:6190)
08-31 20:45:05.892 W/System.err( 1935): 	at java.lang.reflect.Method.invoke(Native Method)
08-31 20:45:05.892 W/System.err( 1935): 	at com.android.internal.os.ZygoteInit$MethodAndArgsCaller.run(ZygoteInit.java:892)
08-31 20:45:05.892 W/System.err( 1935): 	at com.android.internal.os.ZygoteInit.main(ZygoteInit.java:782)
08-31 20:45:05.893 I/ActivityManager( 1281): START u0 {cmp=org.inaturalist.android/.LocationDetailsActivity (has extras)} from uid 10064 on display 0
08-31 20:45:05.893 W/ActivityManager( 1281): Permission Denial: starting Intent { cmp=org.inaturalist.android/.LocationDetailsActivity (has extras) } from ProcessRecord{bda5613 1935:com.android.intentfuzzer/u0a64} (pid=1935, uid=10064) not exported from uid 10057
08-31 20:45:05.894 W/System.err( 1935): java.lang.Exception: Toast callstack! strTip=Send Intent Failed!
08-31 20:45:05.894 W/System.err( 1935): 	at android.widget.Toast.show(Toast.java:130)
08-31 20:45:05.895 W/System.err( 1935): 	at com.android.intentfuzzer.FuzzerActivity$4.onClick(FuzzerActivity.java:186)
08-31 20:45:05.895 W/System.err( 1935): 	at android.view.View.performClick(View.java:5637)
08-31 20:45:05.895 W/System.err( 1935): 	at android.view.View$PerformClick.run(View.java:22429)
08-31 20:45:05.895 W/System.err( 1935): 	at android.os.Handler.handleCallback(Handler.java:751)
08-31 20:45:05.895 W/System.err( 1935): 	at android.os.Handler.dispatchMessage(Handler.java:95)
08-31 20:45:05.895 W/System.err( 1935): 	at android.os.Looper.loop(Looper.java:154)
08-31 20:45:05.895 W/System.err( 1935): 	at android.app.ActivityThread.main(ActivityThread.java:6190)
08-31 20:45:05.895 W/System.err( 1935): 	at java.lang.reflect.Method.invoke(Native Method)
08-31 20:45:05.895 W/System.err( 1935): 	at com.android.internal.os.ZygoteInit$MethodAndArgsCaller.run(ZygoteInit.java:892)
08-31 20:45:05.895 W/System.err( 1935): 	at com.android.internal.os.ZygoteInit.main(ZygoteInit.java:782)
08-31 20:45:05.896 I/ActivityManager( 1281): START u0 {cmp=org.inaturalist.android/.ObservationProjectsViewer (has extras)} from uid 10064 on display 0
08-31 20:45:05.896 W/ActivityManager( 1281): Permission Denial: starting Intent { cmp=org.inaturalist.android/.ObservationProjectsViewer (has extras) } from ProcessRecord{bda5613 1935:com.android.intentfuzzer/u0a64} (pid=1935, uid=10064) not exported from uid 10057
08-31 20:45:05.898 W/System.err( 1935): java.lang.Exception: Toast callstack! strTip=Send Intent Failed!
