09-01 09:43:59.645 W/System.err( 1948): 	at com.android.internal.os.ZygoteInit.main(ZygoteInit.java:782)
09-01 09:43:59.647 I/ActivityManager( 1282): START u0 {cmp=org.epstudios.epmobile/.Warfarin (has extras)} from uid 10064 on display 0
09-01 09:43:59.647 W/ActivityManager( 1282): Permission Denial: starting Intent { cmp=org.epstudios.epmobile/.Warfarin (has extras) } from ProcessRecord{4ccee7c 1948:com.android.intentfuzzer/u0a64} (pid=1948, uid=10064) not exported from uid 10056
09-01 09:43:59.649 W/System.err( 1948): java.lang.Exception: Toast callstack! strTip=Send Intent Failed!
09-01 09:43:59.649 W/System.err( 1948): 	at android.widget.Toast.show(Toast.java:130)
09-01 09:43:59.649 W/System.err( 1948): 	at com.android.intentfuzzer.FuzzerActivity$4.onClick(FuzzerActivity.java:186)
09-01 09:43:59.649 W/System.err( 1948): 	at android.view.View.performClick(View.java:5637)
09-01 09:43:59.649 W/System.err( 1948): 	at android.view.View$PerformClick.run(View.java:22429)
09-01 09:43:59.649 W/System.err( 1948): 	at android.os.Handler.handleCallback(Handler.java:751)
09-01 09:43:59.649 W/System.err( 1948): 	at android.os.Handler.dispatchMessage(Handler.java:95)
09-01 09:43:59.649 W/System.err( 1948): 	at android.os.Looper.loop(Looper.java:154)
09-01 09:43:59.649 W/System.err( 1948): 	at android.app.ActivityThread.main(ActivityThread.java:6190)
09-01 09:43:59.649 W/System.err( 1948): 	at java.lang.reflect.Method.invoke(Native Method)
09-01 09:43:59.649 W/System.err( 1948): 	at com.android.internal.os.ZygoteInit$MethodAndArgsCaller.run(ZygoteInit.java:892)
09-01 09:43:59.649 W/System.err( 1948): 	at com.android.internal.os.ZygoteInit.main(ZygoteInit.java:782)
09-01 09:43:59.651 I/ActivityManager( 1282): START u0 {cmp=org.epstudios.epmobile/.DoseTable (has extras)} from uid 10064 on display 0
09-01 09:43:59.651 W/ActivityManager( 1282): Permission Denial: starting Intent { cmp=org.epstudios.epmobile/.DoseTable (has extras) } from ProcessRecord{4ccee7c 1948:com.android.intentfuzzer/u0a64} (pid=1948, uid=10064) not exported from uid 10056
09-01 09:43:59.652 W/System.err( 1948): java.lang.Exception: Toast callstack! strTip=Send Intent Failed!
09-01 09:43:59.652 W/System.err( 1948): 	at android.widget.Toast.show(Toast.java:130)
09-01 09:43:59.652 W/System.err( 1948): 	at com.android.intentfuzzer.FuzzerActivity$4.onClick(FuzzerActivity.java:186)
09-01 09:43:59.652 W/System.err( 1948): 	at android.view.View.performClick(View.java:5637)
09-01 09:43:59.652 W/System.err( 1948): 	at android.view.View$PerformClick.run(View.java:22429)
09-01 09:43:59.652 W/System.err( 1948): 	at android.os.Handler.handleCallback(Handler.java:751)
09-01 09:43:59.652 W/System.err( 1948): 	at android.os.Handler.dispatchMessage(Handler.java:95)
09-01 09:43:59.652 W/System.err( 1948): 	at android.os.Looper.loop(Looper.java:154)
09-01 09:43:59.652 W/System.err( 1948): 	at android.app.ActivityThread.main(ActivityThread.java:6190)
09-01 09:43:59.652 W/System.err( 1948): 	at java.lang.reflect.Method.invoke(Native Method)
09-01 09:43:59.652 W/System.err( 1948): 	at com.android.internal.os.ZygoteInit$MethodAndArgsCaller.run(ZygoteInit.java:892)
09-01 09:43:59.652 W/System.err( 1948): 	at com.android.internal.os.ZygoteInit.main(ZygoteInit.java:782)
09-01 09:43:59.653 I/ActivityManager( 1282): START u0 {cmp=org.epstudios.epmobile/.Brugada (has extras)} from uid 10064 on display 0
09-01 09:43:59.653 W/ActivityManager( 1282): Permission Denial: starting Intent { cmp=org.epstudios.epmobile/.Brugada (has extras) } from ProcessRecord{4ccee7c 1948:com.android.intentfuzzer/u0a64} (pid=1948, uid=10064) not exported from uid 10056
09-01 09:43:59.654 W/System.err( 1948): java.lang.Exception: Toast callstack! strTip=Send Intent Failed!
09-01 09:43:59.655 W/System.err( 1948): 	at android.widget.Toast.show(Toast.java:130)
09-01 09:43:59.655 W/System.err( 1948): 	at com.android.intentfuzzer.FuzzerActivity$4.onClick(FuzzerActivity.java:186)
09-01 09:43:59.655 W/System.err( 1948): 	at android.view.View.performClick(View.java:5637)
09-01 09:43:59.655 W/System.err( 1948): 	at android.view.View$PerformClick.run(View.java:22429)
09-01 09:43:59.655 W/System.err( 1948): 	at android.os.Handler.handleCallback(Handler.java:751)
09-01 09:43:59.655 W/System.err( 1948): 	at android.os.Handler.dispatchMessage(Handler.java:95)
09-01 09:43:59.655 W/System.err( 1948): 	at android.os.Looper.loop(Looper.java:154)
09-01 09:43:59.655 W/System.err( 1948): 	at android.app.ActivityThread.main(ActivityThread.java:6190)
09-01 09:43:59.655 W/System.err( 1948): 	at java.lang.reflect.Method.invoke(Native Method)
09-01 09:43:59.655 W/System.err( 1948): 	at com.android.internal.os.ZygoteInit$MethodAndArgsCaller.run(ZygoteInit.java:892)
09-01 09:43:59.655 W/System.err( 1948): 	at com.android.internal.os.ZygoteInit.main(ZygoteInit.java:782)
09-01 09:43:59.657 I/ActivityManager( 1282): START u0 {cmp=org.epstudios.epmobile/.WctAlgorithmList (has extras)} from uid 10064 on display 0
09-01 09:43:59.657 W/ActivityManager( 1282): Permission Denial: starting Intent { cmp=org.epstudios.epmobile/.WctAlgorithmList (has extras) } from ProcessRecord{4ccee7c 1948:com.android.intentfuzzer/u0a64} (pid=1948, uid=10064) not exported from uid 10056
09-01 09:43:59.658 W/System.err( 1948): java.lang.Exception: Toast callstack! strTip=Send Intent Failed!
09-01 09:43:59.659 W/System.err( 1948): 	at android.widget.Toast.show(Toast.java:130)
09-01 09:43:59.659 W/System.err( 1948): 	at com.android.intentfuzzer.FuzzerActivity$4.onClick(FuzzerActivity.java:186)
09-01 09:43:59.659 W/System.err( 1948): 	at android.view.View.performClick(View.java:5637)
09-01 09:43:59.659 W/System.err( 1948): 	at android.view.View$PerformClick.run(View.java:22429)
09-01 09:43:59.659 W/System.err( 1948): 	at android.os.Handler.handleCallback(Handler.java:751)
09-01 09:43:59.659 W/System.err( 1948): 	at android.os.Handler.dispatchMessage(Handler.java:95)
09-01 09:43:59.659 W/System.err( 1948): 	at android.os.Looper.loop(Looper.java:154)
09-01 09:43:59.659 W/System.err( 1948): 	at android.app.ActivityThread.main(ActivityThread.java:6190)
09-01 09:43:59.659 W/System.err( 1948): 	at java.lang.reflect.Method.invoke(Native Method)
09-01 09:43:59.659 W/System.err( 1948): 	at com.android.internal.os.ZygoteInit$MethodAndArgsCaller.run(ZygoteInit.java:892)
09-01 09:43:59.659 W/System.err( 1948): 	at com.android.internal.os.ZygoteInit.main(ZygoteInit.java:782)
09-01 09:43:59.660 I/ActivityManager( 1282): START u0 {cmp=org.epstudios.epmobile/.WctMorphologyCriteria (has extras)} from uid 10064 on display 0
09-01 09:43:59.660 W/ActivityManager( 1282): Permission Denial: starting Intent { cmp=org.epstudios.epmobile/.WctMorphologyCriteria (has extras) } from ProcessRecord{4ccee7c 1948:com.android.intentfuzzer/u0a64} (pid=1948, uid=10064) not exported from uid 10056
09-01 09:43:59.661 W/System.err( 1948): java.lang.Exception: Toast callstack! strTip=Send Intent Failed!
09-01 09:43:59.661 W/System.err( 1948): 	at android.widget.Toast.show(Toast.java:130)
09-01 09:43:59.662 W/System.err( 1948): 	at com.android.intentfuzzer.FuzzerActivity$4.onClick(FuzzerActivity.java:186)
09-01 09:43:59.662 W/System.err( 1948): 	at android.view.View.performClick(View.java:5637)
09-01 09:43:59.662 W/System.err( 1948): 	at android.view.View$PerformClick.run(View.java:22429)
09-01 09:43:59.662 W/System.err( 1948): 	at android.os.Handler.handleCallback(Handler.java:751)
09-01 09:43:59.662 W/System.err( 1948): 	at android.os.Handler.dispatchMessage(Handler.java:95)
09-01 09:43:59.662 W/System.err( 1948): 	at android.os.Looper.loop(Looper.java:154)
09-01 09:43:59.662 W/System.err( 1948): 	at android.app.ActivityThread.main(ActivityThread.java:6190)
09-01 09:43:59.662 W/System.err( 1948): 	at java.lang.reflect.Method.invoke(Native Method)
09-01 09:43:59.662 W/System.err( 1948): 	at com.android.internal.os.ZygoteInit$MethodAndArgsCaller.run(ZygoteInit.java:892)
09-01 09:43:59.662 W/System.err( 1948): 	at com.android.internal.os.ZygoteInit.main(ZygoteInit.java:782)
09-01 09:43:59.663 I/ActivityManager( 1282): START u0 {cmp=org.epstudios.epmobile/.Rwpt (has extras)} from uid 10064 on display 0
09-01 09:43:59.663 W/ActivityManager( 1282): Permission Denial: starting Intent { cmp=org.epstudios.epmobile/.Rwpt (has extras) } from ProcessRecord{4ccee7c 1948:com.android.intentfuzzer/u0a64} (pid=1948, uid=10064) not exported from uid 10056
09-01 09:43:59.664 W/System.err( 1948): java.lang.Exception: Toast callstack! strTip=Send Intent Failed!
09-01 09:43:59.664 W/System.err( 1948): 	at android.widget.Toast.show(Toast.java:130)
09-01 09:43:59.664 W/System.err( 1948): 	at com.android.intentfuzzer.FuzzerActivity$4.onClick(FuzzerActivity.java:186)
09-01 09:43:59.665 W/System.err( 1948): 	at android.view.View.performClick(View.java:5637)
09-01 09:43:59.665 W/System.err( 1948): 	at android.view.View$PerformClick.run(View.java:22429)
09-01 09:43:59.665 W/System.err( 1948): 	at android.os.Handler.handleCallback(Handler.java:751)
09-01 09:43:59.665 W/System.err( 1948): 	at android.os.Handler.dispatchMessage(Handler.java:95)
09-01 09:43:59.665 W/System.err( 1948): 	at android.os.Looper.loop(Looper.java:154)
09-01 09:43:59.665 W/System.err( 1948): 	at android.app.ActivityThread.main(ActivityThread.java:6190)
09-01 09:43:59.665 W/System.err( 1948): 	at java.lang.reflect.Method.invoke(Native Method)
09-01 09:43:59.665 W/System.err( 1948): 	at com.android.internal.os.ZygoteInit$MethodAndArgsCaller.run(ZygoteInit.java:892)
09-01 09:43:59.665 W/System.err( 1948): 	at com.android.internal.os.ZygoteInit.main(ZygoteInit.java:782)
09-01 09:43:59.666 I/ActivityManager( 1282): START u0 {cmp=org.epstudios.epmobile/.BrugadaMorphologyCriteria (has extras)} from uid 10064 on display 0
09-01 09:43:59.666 W/ActivityManager( 1282): Permission Denial: starting Intent { cmp=org.epstudios.epmobile/.BrugadaMorphologyCriteria (has extras) } from ProcessRecord{4ccee7c 1948:com.android.intentfuzzer/u0a64} (pid=1948, uid=10064) not exported from uid 10056
09-01 09:43:59.668 W/System.err( 1948): java.lang.Exception: Toast callstack! strTip=Send Intent Failed!
09-01 09:43:59.668 W/System.err( 1948): 	at android.widget.Toast.show(Toast.java:130)
09-01 09:43:59.668 W/System.err( 1948): 	at com.android.intentfuzzer.FuzzerActivity$4.onClick(FuzzerActivity.java:186)
09-01 09:43:59.668 W/System.err( 1948): 	at android.view.View.performClick(View.java:5637)
09-01 09:43:59.668 W/System.err( 1948): 	at android.view.View$PerformClick.run(View.java:22429)
09-01 09:43:59.668 W/System.err( 1948): 	at android.os.Handler.handleCallback(Handler.java:751)
09-01 09:43:59.668 W/System.err( 1948): 	at android.os.Handler.dispatchMessage(Handler.java:95)
09-01 09:43:59.668 W/System.err( 1948): 	at android.os.Looper.loop(Looper.java:154)
09-01 09:43:59.668 W/System.err( 1948): 	at android.app.ActivityThread.main(ActivityThread.java:6190)
09-01 09:43:59.668 W/System.err( 1948): 	at java.lang.reflect.Method.invoke(Native Method)
09-01 09:43:59.668 W/System.err( 1948): 	at com.android.internal.os.ZygoteInit$MethodAndArgsCaller.run(ZygoteInit.java:892)
09-01 09:43:59.668 W/System.err( 1948): 	at com.android.internal.os.ZygoteInit.main(ZygoteInit.java:782)
09-01 09:43:59.669 I/ActivityManager( 1282): START u0 {cmp=org.epstudios.epmobile/.NormalEpValues (has extras)} from uid 10064 on display 0
09-01 09:43:59.669 W/ActivityManager( 1282): Permission Denial: starting Intent { cmp=org.epstudios.epmobile/.NormalEpValues (has extras) } from ProcessRecord{4ccee7c 1948:com.android.intentfuzzer/u0a64} (pid=1948, uid=10064) not exported from uid 10056
09-01 09:43:59.670 W/System.err( 1948): java.lang.Exception: Toast callstack! strTip=Send Intent Failed!
09-01 09:43:59.671 W/System.err( 1948): 	at android.widget.Toast.show(Toast.java:130)
09-01 09:43:59.671 W/System.err( 1948): 	at com.android.intentfuzzer.FuzzerActivity$4.onClick(FuzzerActivity.java:186)
09-01 09:43:59.671 W/System.err( 1948): 	at android.view.View.performClick(View.java:5637)
09-01 09:43:59.671 W/System.err( 1948): 	at android.view.View$PerformClick.run(View.java:22429)
09-01 09:43:59.671 W/System.err( 1948): 	at android.os.Handler.handleCallback(Handler.java:751)
09-01 09:43:59.671 W/System.err( 1948): 	at android.os.Handler.dispatchMessage(Handler.java:95)
09-01 09:43:59.671 W/System.err( 1948): 	at android.os.Looper.loop(Looper.java:154)
09-01 09:43:59.671 W/System.err( 1948): 	at android.app.ActivityThread.main(ActivityThread.java:6190)
09-01 09:43:59.671 W/System.err( 1948): 	at java.lang.reflect.Method.invoke(Native Method)
09-01 09:43:59.671 W/System.err( 1948): 	at com.android.internal.os.ZygoteInit$MethodAndArgsCaller.run(ZygoteInit.java:892)
09-01 09:43:59.671 W/System.err( 1948): 	at com.android.internal.os.ZygoteInit.main(ZygoteInit.java:782)
09-01 09:43:59.673 I/ActivityManager( 1282): START u0 {cmp=org.epstudios.epmobile/.ArvcList (has extras)} from uid 10064 on display 0
09-01 09:43:59.673 W/ActivityManager( 1282): Permission Denial: starting Intent { cmp=org.epstudios.epmobile/.ArvcList (has extras) } from ProcessRecord{4ccee7c 1948:com.android.intentfuzzer/u0a64} (pid=1948, uid=10064) not exported from uid 10056
09-01 09:43:59.674 W/System.err( 1948): java.lang.Exception: Toast callstack! strTip=Send Intent Failed!
09-01 09:43:59.674 W/System.err( 1948): 	at android.widget.Toast.show(Toast.java:130)
09-01 09:43:59.674 W/System.err( 1948): 	at com.android.intentfuzzer.FuzzerActivity$4.onClick(FuzzerActivity.java:186)
09-01 09:43:59.675 W/System.err( 1948): 	at android.view.View.performClick(View.java:5637)
09-01 09:43:59.675 W/System.err( 1948): 	at android.view.View$PerformClick.run(View.java:22429)
09-01 09:43:59.675 W/System.err( 1948): 	at android.os.Handler.handleCallback(Handler.java:751)
09-01 09:43:59.675 W/System.err( 1948): 	at android.os.Handler.dispatchMessage(Handler.java:95)
09-01 09:43:59.675 W/System.err( 1948): 	at android.os.Looper.loop(Looper.java:154)
09-01 09:43:59.675 W/System.err( 1948): 	at android.app.ActivityThread.main(ActivityThread.java:6190)
09-01 09:43:59.675 W/System.err( 1948): 	at java.lang.reflect.Method.invoke(Native Method)
09-01 09:43:59.675 W/System.err( 1948): 	at com.android.internal.os.ZygoteInit$MethodAndArgsCaller.run(ZygoteInit.java:892)
09-01 09:43:59.675 W/System.err( 1948): 	at com.android.internal.os.ZygoteInit.main(ZygoteInit.java:782)
09-01 09:43:59.676 I/ActivityManager( 1282): START u0 {cmp=org.epstudios.epmobile/.Arvc (has extras)} from uid 10064 on display 0
09-01 09:43:59.676 W/ActivityManager( 1282): Permission Denial: starting Intent { cmp=org.epstudios.epmobile/.Arvc (has extras) } from ProcessRecord{4ccee7c 1948:com.android.intentfuzzer/u0a64} (pid=1948, uid=10064) not exported from uid 10056
09-01 09:43:59.677 W/System.err( 1948): java.lang.Exception: Toast callstack! strTip=Send Intent Failed!
09-01 09:43:59.677 W/System.err( 1948): 	at android.widget.Toast.show(Toast.java:130)
09-01 09:43:59.677 W/System.err( 1948): 	at com.android.intentfuzzer.FuzzerActivity$4.onClick(FuzzerActivity.java:186)
09-01 09:43:59.677 W/System.err( 1948): 	at android.view.View.performClick(View.java:5637)
09-01 09:43:59.677 W/System.err( 1948): 	at android.view.View$PerformClick.run(View.java:22429)
09-01 09:43:59.677 W/System.err( 1948): 	at android.os.Handler.handleCallback(Handler.java:751)
09-01 09:43:59.677 W/System.err( 1948): 	at android.os.Handler.dispatchMessage(Handler.java:95)
09-01 09:43:59.678 W/System.err( 1948): 	at android.os.Looper.loop(Looper.java:154)
09-01 09:43:59.678 W/System.err( 1948): 	at android.app.ActivityThread.main(ActivityThread.java:6190)
09-01 09:43:59.678 W/System.err( 1948): 	at java.lang.reflect.Method.invoke(Native Method)
09-01 09:43:59.678 W/System.err( 1948): 	at com.android.internal.os.ZygoteInit$MethodAndArgsCaller.run(ZygoteInit.java:892)
09-01 09:43:59.678 W/System.err( 1948): 	at com.android.internal.os.ZygoteInit.main(ZygoteInit.java:782)
09-01 09:43:59.679 I/ActivityManager( 1282): START u0 {cmp=org.epstudios.epmobile/.ArvcOld (has extras)} from uid 10064 on display 0
09-01 09:43:59.679 W/ActivityManager( 1282): Permission Denial: starting Intent { cmp=org.epstudios.epmobile/.ArvcOld (has extras) } from ProcessRecord{4ccee7c 1948:com.android.intentfuzzer/u0a64} (pid=1948, uid=10064) not exported from uid 10056
09-01 09:43:59.680 W/System.err( 1948): java.lang.Exception: Toast callstack! strTip=Send Intent Failed!
09-01 09:43:59.680 W/System.err( 1948): 	at android.widget.Toast.show(Toast.java:130)
09-01 09:43:59.680 W/System.err( 1948): 	at com.android.intentfuzzer.FuzzerActivity$4.onClick(FuzzerActivity.java:186)
09-01 09:43:59.681 W/System.err( 1948): 	at android.view.View.performClick(View.java:5637)
09-01 09:43:59.681 W/System.err( 1948): 	at android.view.View$PerformClick.run(View.java:22429)
09-01 09:43:59.681 W/System.err( 1948): 	at android.os.Handler.handleCallback(Handler.java:751)
09-01 09:43:59.681 W/System.err( 1948): 	at android.os.Handler.dispatchMessage(Handler.java:95)
09-01 09:43:59.681 W/System.err( 1948): 	at android.os.Looper.loop(Looper.java:154)
09-01 09:43:59.681 W/System.err( 1948): 	at android.app.ActivityThread.main(ActivityThread.java:6190)
09-01 09:43:59.681 W/System.err( 1948): 	at java.lang.reflect.Method.invoke(Native Method)
09-01 09:43:59.681 W/System.err( 1948): 	at com.android.internal.os.ZygoteInit$MethodAndArgsCaller.run(ZygoteInit.java:892)
09-01 09:43:59.681 W/System.err( 1948): 	at com.android.internal.os.ZygoteInit.main(ZygoteInit.java:782)
09-01 09:43:59.682 I/ActivityManager( 1282): START u0 {cmp=org.epstudios.epmobile/.Rivaroxaban (has extras)} from uid 10064 on display 0
09-01 09:43:59.682 W/ActivityManager( 1282): Permission Denial: starting Intent { cmp=org.epstudios.epmobile/.Rivaroxaban (has extras) } from ProcessRecord{4ccee7c 1948:com.android.intentfuzzer/u0a64} (pid=1948, uid=10064) not exported from uid 10056
09-01 09:43:59.684 W/System.err( 1948): java.lang.Exception: Toast callstack! strTip=Send Intent Failed!
09-01 09:43:59.684 W/System.err( 1948): 	at android.widget.Toast.show(Toast.java:130)
09-01 09:43:59.684 W/System.err( 1948): 	at com.android.intentfuzzer.FuzzerActivity$4.onClick(FuzzerActivity.java:186)
09-01 09:43:59.684 W/System.err( 1948): 	at android.view.View.performClick(View.java:5637)
09-01 09:43:59.684 W/System.err( 1948): 	at android.view.View$PerformClick.run(View.java:22429)
09-01 09:43:59.684 W/System.err( 1948): 	at android.os.Handler.handleCallback(Handler.java:751)
09-01 09:43:59.684 W/System.err( 1948): 	at android.os.Handler.dispatchMessage(Handler.java:95)
09-01 09:43:59.684 W/System.err( 1948): 	at android.os.Looper.loop(Looper.java:154)
09-01 09:43:59.684 W/System.err( 1948): 	at android.app.ActivityThread.main(ActivityThread.java:6190)
09-01 09:43:59.684 W/System.err( 1948): 	at java.lang.reflect.Method.invoke(Native Method)
09-01 09:43:59.684 W/System.err( 1948): 	at com.android.internal.os.ZygoteInit$MethodAndArgsCaller.run(ZygoteInit.java:892)
09-01 09:43:59.684 W/System.err( 1948): 	at com.android.internal.os.ZygoteInit.main(ZygoteInit.java:782)
09-01 09:43:59.685 I/ActivityManager( 1282): START u0 {cmp=org.epstudios.epmobile/.ShortQt (has extras)} from uid 10064 on display 0
09-01 09:43:59.685 W/ActivityManager( 1282): Permission Denial: starting Intent { cmp=org.epstudios.epmobile/.ShortQt (has extras) } from ProcessRecord{4ccee7c 1948:com.android.intentfuzzer/u0a64} (pid=1948, uid=10064) not exported from uid 10056
09-01 09:43:59.686 W/System.err( 1948): java.lang.Exception: Toast callstack! strTip=Send Intent Failed!
09-01 09:43:59.686 W/System.err( 1948): 	at android.widget.Toast.show(Toast.java:130)
09-01 09:43:59.686 W/System.err( 1948): 	at com.android.intentfuzzer.FuzzerActivity$4.onClick(FuzzerActivity.java:186)
09-01 09:43:59.686 W/System.err( 1948): 	at android.view.View.performClick(View.java:5637)
09-01 09:43:59.686 W/System.err( 1948): 	at android.view.View$PerformClick.run(View.java:22429)
09-01 09:43:59.686 W/System.err( 1948): 	at android.os.Handler.handleCallback(Handler.java:751)
09-01 09:43:59.687 W/System.err( 1948): 	at android.os.Handler.dispatchMessage(Handler.java:95)
09-01 09:43:59.687 W/System.err( 1948): 	at android.os.Looper.loop(Looper.java:154)
09-01 09:43:59.687 W/System.err( 1948): 	at android.app.ActivityThread.main(ActivityThread.java:6190)
09-01 09:43:59.687 W/System.err( 1948): 	at java.lang.reflect.Method.invoke(Native Method)
09-01 09:43:59.687 W/System.err( 1948): 	at com.android.internal.os.ZygoteInit$MethodAndArgsCaller.run(ZygoteInit.java:892)
09-01 09:43:59.687 W/System.err( 1948): 	at com.android.internal.os.ZygoteInit.main(ZygoteInit.java:782)
09-01 09:43:59.688 I/ActivityManager( 1282): START u0 {cmp=org.epstudios.epmobile/.DrugDoseCalculatorList (has extras)} from uid 10064 on display 0
09-01 09:43:59.688 W/ActivityManager( 1282): Permission Denial: starting Intent { cmp=org.epstudios.epmobile/.DrugDoseCalculatorList (has extras) } from ProcessRecord{4ccee7c 1948:com.android.intentfuzzer/u0a64} (pid=1948, uid=10064) not exported from uid 10056
09-01 09:43:59.690 W/System.err( 1948): java.lang.Exception: Toast callstack! strTip=Send Intent Failed!
09-01 09:43:59.690 W/System.err( 1948): 	at android.widget.Toast.show(Toast.java:130)
09-01 09:43:59.690 W/System.err( 1948): 	at com.android.intentfuzzer.FuzzerActivity$4.onClick(FuzzerActivity.java:186)
09-01 09:43:59.690 W/System.err( 1948): 	at android.view.View.performClick(View.java:5637)
09-01 09:43:59.690 W/System.err( 1948): 	at android.view.View$PerformClick.run(View.java:22429)
09-01 09:43:59.690 W/System.err( 1948): 	at android.os.Handler.handleCallback(Handler.java:751)
09-01 09:43:59.690 W/System.err( 1948): 	at android.os.Handler.dispatchMessage(Handler.java:95)
09-01 09:43:59.690 W/System.err( 1948): 	at android.os.Looper.loop(Looper.java:154)
09-01 09:43:59.690 W/System.err( 1948): 	at android.app.ActivityThread.main(ActivityThread.java:6190)
09-01 09:43:59.690 W/System.err( 1948): 	at java.lang.reflect.Method.invoke(Native Method)
09-01 09:43:59.690 W/System.err( 1948): 	at com.android.internal.os.ZygoteInit$MethodAndArgsCaller.run(ZygoteInit.java:892)
09-01 09:43:59.690 W/System.err( 1948): 	at com.android.internal.os.ZygoteInit.main(ZygoteInit.java:782)
09-01 09:43:59.691 I/ActivityManager( 1282): START u0 {cmp=org.epstudios.epmobile/.RiskScoreList (has extras)} from uid 10064 on display 0
09-01 09:43:59.692 W/ActivityManager( 1282): Permission Denial: starting Intent { cmp=org.epstudios.epmobile/.RiskScoreList (has extras) } from ProcessRecord{4ccee7c 1948:com.android.intentfuzzer/u0a64} (pid=1948, uid=10064) not exported from uid 10056
09-01 09:43:59.693 W/System.err( 1948): java.lang.Exception: Toast callstack! strTip=Send Intent Failed!
09-01 09:43:59.693 W/System.err( 1948): 	at android.widget.Toast.show(Toast.java:130)
09-01 09:43:59.693 W/System.err( 1948): 	at com.android.intentfuzzer.FuzzerActivity$4.onClick(FuzzerActivity.java:186)
09-01 09:43:59.693 W/System.err( 1948): 	at android.view.View.performClick(View.java:5637)
09-01 09:43:59.693 W/System.err( 1948): 	at android.view.View$PerformClick.run(View.java:22429)
09-01 09:43:59.693 W/System.err( 1948): 	at android.os.Handler.handleCallback(Handler.java:751)
09-01 09:43:59.693 W/System.err( 1948): 	at android.os.Handler.dispatchMessage(Handler.java:95)
09-01 09:43:59.693 W/System.err( 1948): 	at android.os.Looper.loop(Looper.java:154)
09-01 09:43:59.693 W/System.err( 1948): 	at android.app.ActivityThread.main(ActivityThread.java:6190)
09-01 09:43:59.693 W/System.err( 1948): 	at java.lang.reflect.Method.invoke(Native Method)
09-01 09:43:59.693 W/System.err( 1948): 	at com.android.internal.os.ZygoteInit$MethodAndArgsCaller.run(ZygoteInit.java:892)
09-01 09:43:59.693 W/System.err( 1948): 	at com.android.internal.os.ZygoteInit.main(ZygoteInit.java:782)
09-01 09:43:59.694 I/ActivityManager( 1282): START u0 {cmp=org.epstudios.epmobile/.Hcm (has extras)} from uid 10064 on display 0
09-01 09:43:59.694 W/ActivityManager( 1282): Permission Denial: starting Intent { cmp=org.epstudios.epmobile/.Hcm (has extras) } from ProcessRecord{4ccee7c 1948:com.android.intentfuzzer/u0a64} (pid=1948, uid=10064) not exported from uid 10056
09-01 09:43:59.695 W/System.err( 1948): java.lang.Exception: Toast callstack! strTip=Send Intent Failed!
09-01 09:43:59.695 W/System.err( 1948): 	at android.widget.Toast.show(Toast.java:130)
09-01 09:43:59.696 W/System.err( 1948): 	at com.android.intentfuzzer.FuzzerActivity$4.onClick(FuzzerActivity.java:186)
09-01 09:43:59.696 W/System.err( 1948): 	at android.view.View.performClick(View.java:5637)
09-01 09:43:59.696 W/System.err( 1948): 	at android.view.View$PerformClick.run(View.java:22429)
09-01 09:43:59.696 W/System.err( 1948): 	at android.os.Handler.handleCallback(Handler.java:751)
09-01 09:43:59.696 W/System.err( 1948): 	at android.os.Handler.dispatchMessage(Handler.java:95)
09-01 09:43:59.696 W/System.err( 1948): 	at android.os.Looper.loop(Looper.java:154)
09-01 09:43:59.696 W/System.err( 1948): 	at android.app.ActivityThread.main(ActivityThread.java:6190)
09-01 09:43:59.696 W/System.err( 1948): 	at java.lang.reflect.Method.invoke(Native Method)
09-01 09:43:59.696 W/System.err( 1948): 	at com.android.internal.os.ZygoteInit$MethodAndArgsCaller.run(ZygoteInit.java:892)
09-01 09:43:59.696 W/System.err( 1948): 	at com.android.internal.os.ZygoteInit.main(ZygoteInit.java:782)
09-01 09:43:59.697 I/ActivityManager( 1282): START u0 {cmp=org.epstudios.epmobile/.CmsIcd (has extras)} from uid 10064 on display 0
09-01 09:43:59.697 W/ActivityManager( 1282): Permission Denial: starting Intent { cmp=org.epstudios.epmobile/.CmsIcd (has extras) } from ProcessRecord{4ccee7c 1948:com.android.intentfuzzer/u0a64} (pid=1948, uid=10064) not exported from uid 10056
09-01 09:43:59.698 W/System.err( 1948): java.lang.Exception: Toast callstack! strTip=Send Intent Failed!
09-01 09:43:59.698 W/System.err( 1948): 	at android.widget.Toast.show(Toast.java:130)
09-01 09:43:59.698 W/System.err( 1948): 	at com.android.intentfuzzer.FuzzerActivity$4.onClick(FuzzerActivity.java:186)
09-01 09:43:59.698 W/System.err( 1948): 	at android.view.View.performClick(View.java:5637)
09-01 09:43:59.698 W/System.err( 1948): 	at android.view.View$PerformClick.run(View.java:22429)
09-01 09:43:59.698 W/System.err( 1948): 	at android.os.Handler.handleCallback(Handler.java:751)
09-01 09:43:59.698 W/System.err( 1948): 	at android.os.Handler.dispatchMessage(Handler.java:95)
09-01 09:43:59.698 W/System.err( 1948): 	at android.os.Looper.loop(Looper.java:154)
09-01 09:43:59.698 W/System.err( 1948): 	at android.app.ActivityThread.main(ActivityThread.java:6190)
09-01 09:43:59.698 W/System.err( 1948): 	at java.lang.reflect.Method.invoke(Native Method)
09-01 09:43:59.698 W/System.err( 1948): 	at com.android.internal.os.ZygoteInit$MethodAndArgsCaller.run(ZygoteInit.java:892)
09-01 09:43:59.698 W/System.err( 1948): 	at com.android.internal.os.ZygoteInit.main(ZygoteInit.java:782)
09-01 09:43:59.699 I/ActivityManager( 1282): START u0 {cmp=org.epstudios.epmobile/.Hemorrhages (has extras)} from uid 10064 on display 0
09-01 09:43:59.700 W/ActivityManager( 1282): Permission Denial: starting Intent { cmp=org.epstudios.epmobile/.Hemorrhages (has extras) } from ProcessRecord{4ccee7c 1948:com.android.intentfuzzer/u0a64} (pid=1948, uid=10064) not exported from uid 10056
09-01 09:43:59.701 W/System.err( 1948): java.lang.Exception: Toast callstack! strTip=Send Intent Failed!
09-01 09:43:59.701 W/System.err( 1948): 	at android.widget.Toast.show(Toast.java:130)
09-01 09:43:59.701 W/System.err( 1948): 	at com.android.intentfuzzer.FuzzerActivity$4.onClick(FuzzerActivity.java:186)
09-01 09:43:59.701 W/System.err( 1948): 	at android.view.View.performClick(View.java:5637)
09-01 09:43:59.701 W/System.err( 1948): 	at android.view.View$PerformClick.run(View.java:22429)
09-01 09:43:59.701 W/System.err( 1948): 	at android.os.Handler.handleCallback(Handler.java:751)
09-01 09:43:59.701 W/System.err( 1948): 	at android.os.Handler.dispatchMessage(Handler.java:95)
09-01 09:43:59.701 W/System.err( 1948): 	at android.os.Looper.loop(Looper.java:154)
09-01 09:43:59.701 W/System.err( 1948): 	at android.app.ActivityThread.main(ActivityThread.java:6190)
09-01 09:43:59.701 W/System.err( 1948): 	at java.lang.reflect.Method.invoke(Native Method)
09-01 09:43:59.701 W/System.err( 1948): 	at com.android.internal.os.ZygoteInit$MethodAndArgsCaller.run(ZygoteInit.java:892)
09-01 09:43:59.701 W/System.err( 1948): 	at com.android.internal.os.ZygoteInit.main(ZygoteInit.java:782)
09-01 09:43:59.702 I/ActivityManager( 1282): START u0 {cmp=org.epstudios.epmobile/.WpwAlgorithmList (has extras)} from uid 10064 on display 0
09-01 09:43:59.702 W/ActivityManager( 1282): Permission Denial: starting Intent { cmp=org.epstudios.epmobile/.WpwAlgorithmList (has extras) } from ProcessRecord{4ccee7c 1948:com.android.intentfuzzer/u0a64} (pid=1948, uid=10064) not exported from uid 10056
09-01 09:43:59.703 W/System.err( 1948): java.lang.Exception: Toast callstack! strTip=Send Intent Failed!
09-01 09:43:59.704 W/System.err( 1948): 	at android.widget.Toast.show(Toast.java:130)
09-01 09:43:59.704 W/System.err( 1948): 	at com.android.intentfuzzer.FuzzerActivity$4.onClick(FuzzerActivity.java:186)
09-01 09:43:59.704 W/System.err( 1948): 	at android.view.View.performClick(View.java:5637)
09-01 09:43:59.704 W/System.err( 1948): 	at android.view.View$PerformClick.run(View.java:22429)
09-01 09:43:59.704 W/System.err( 1948): 	at android.os.Handler.handleCallback(Handler.java:751)
09-01 09:43:59.704 W/System.err( 1948): 	at android.os.Handler.dispatchMessage(Handler.java:95)
09-01 09:43:59.704 W/System.err( 1948): 	at android.os.Looper.loop(Looper.java:154)
09-01 09:43:59.704 W/System.err( 1948): 	at android.app.ActivityThread.main(ActivityThread.java:6190)
09-01 09:43:59.704 W/System.err( 1948): 	at java.lang.reflect.Method.invoke(Native Method)
09-01 09:43:59.704 W/System.err( 1948): 	at com.android.internal.os.ZygoteInit$MethodAndArgsCaller.run(ZygoteInit.java:892)
09-01 09:43:59.704 W/System.err( 1948): 	at com.android.internal.os.ZygoteInit.main(ZygoteInit.java:782)
09-01 09:43:59.706 I/ActivityManager( 1282): START u0 {cmp=org.epstudios.epmobile/.WpwArruda (has extras)} from uid 10064 on display 0
09-01 09:43:59.706 W/ActivityManager( 1282): Permission Denial: starting Intent { cmp=org.epstudios.epmobile/.WpwArruda (has extras) } from ProcessRecord{4ccee7c 1948:com.android.intentfuzzer/u0a64} (pid=1948, uid=10064) not exported from uid 10056
09-01 09:43:59.707 W/System.err( 1948): java.lang.Exception: Toast callstack! strTip=Send Intent Failed!
09-01 09:43:59.708 W/System.err( 1948): 	at android.widget.Toast.show(Toast.java:130)
09-01 09:43:59.708 W/System.err( 1948): 	at com.android.intentfuzzer.FuzzerActivity$4.onClick(FuzzerActivity.java:186)
09-01 09:43:59.708 W/System.err( 1948): 	at android.view.View.performClick(View.java:5637)
09-01 09:43:59.708 W/System.err( 1948): 	at android.view.View$PerformClick.run(View.java:22429)
09-01 09:43:59.708 W/System.err( 1948): 	at android.os.Handler.handleCallback(Handler.java:751)
09-01 09:43:59.708 W/System.err( 1948): 	at android.os.Handler.dispatchMessage(Handler.java:95)
09-01 09:43:59.708 W/System.err( 1948): 	at android.os.Looper.loop(Looper.java:154)
09-01 09:43:59.708 W/System.err( 1948): 	at android.app.ActivityThread.main(ActivityThread.java:6190)
09-01 09:43:59.708 W/System.err( 1948): 	at java.lang.reflect.Method.invoke(Native Method)
09-01 09:43:59.708 W/System.err( 1948): 	at com.android.internal.os.ZygoteInit$MethodAndArgsCaller.run(ZygoteInit.java:892)
09-01 09:43:59.708 W/System.err( 1948): 	at com.android.internal.os.ZygoteInit.main(ZygoteInit.java:782)
09-01 09:43:59.709 I/ActivityManager( 1282): START u0 {cmp=org.epstudios.epmobile/.AvAnnulusMap (has extras)} from uid 10064 on display 0
09-01 09:43:59.709 W/ActivityManager( 1282): Permission Denial: starting Intent { cmp=org.epstudios.epmobile/.AvAnnulusMap (has extras) } from ProcessRecord{4ccee7c 1948:com.android.intentfuzzer/u0a64} (pid=1948, uid=10064) not exported from uid 10056
09-01 09:43:59.710 W/System.err( 1948): java.lang.Exception: Toast callstack! strTip=Send Intent Failed!
09-01 09:43:59.710 W/System.err( 1948): 	at android.widget.Toast.show(Toast.java:130)
09-01 09:43:59.711 W/System.err( 1948): 	at com.android.intentfuzzer.FuzzerActivity$4.onClick(FuzzerActivity.java:186)
09-01 09:43:59.711 W/System.err( 1948): 	at android.view.View.performClick(View.java:5637)
09-01 09:43:59.711 W/System.err( 1948): 	at android.view.View$PerformClick.run(View.java:22429)
09-01 09:43:59.711 W/System.err( 1948): 	at android.os.Handler.handleCallback(Handler.java:751)
09-01 09:43:59.711 W/System.err( 1948): 	at android.os.Handler.dispatchMessage(Handler.java:95)
09-01 09:43:59.711 W/System.err( 1948): 	at android.os.Looper.loop(Looper.java:154)
09-01 09:43:59.711 W/System.err( 1948): 	at android.app.ActivityThread.main(ActivityThread.java:6190)
09-01 09:43:59.711 W/System.err( 1948): 	at java.lang.reflect.Method.invoke(Native Method)
09-01 09:43:59.711 W/System.err( 1948): 	at com.android.internal.os.ZygoteInit$MethodAndArgsCaller.run(ZygoteInit.java:892)
09-01 09:43:59.711 W/System.err( 1948): 	at com.android.internal.os.ZygoteInit.main(ZygoteInit.java:782)
09-01 09:43:59.713 I/ActivityManager( 1282): START u0 {cmp=org.epstudios.epmobile/.WpwModifiedArruda (has extras)} from uid 10064 on display 0
09-01 09:43:59.713 W/ActivityManager( 1282): Permission Denial: starting Intent { cmp=org.epstudios.epmobile/.WpwModifiedArruda (has extras) } from ProcessRecord{4ccee7c 1948:com.android.intentfuzzer/u0a64} (pid=1948, uid=10064) not exported from uid 10056
09-01 09:43:59.714 W/System.err( 1948): java.lang.Exception: Toast callstack! strTip=Send Intent Failed!
09-01 09:43:59.714 W/System.err( 1948): 	at android.widget.Toast.show(Toast.java:130)
09-01 09:43:59.714 W/System.err( 1948): 	at com.android.intentfuzzer.FuzzerActivity$4.onClick(FuzzerActivity.java:186)
09-01 09:43:59.714 W/System.err( 1948): 	at android.view.View.performClick(View.java:5637)
09-01 09:43:59.714 W/System.err( 1948): 	at android.view.View$PerformClick.run(View.java:22429)
09-01 09:43:59.714 W/System.err( 1948): 	at android.os.Handler.handleCallback(Handler.java:751)
09-01 09:43:59.715 W/System.err( 1948): 	at android.os.Handler.dispatchMessage(Handler.java:95)
09-01 09:43:59.715 W/System.err( 1948): 	at android.os.Looper.loop(Looper.java:154)
09-01 09:43:59.715 W/System.err( 1948): 	at android.app.ActivityThread.main(ActivityThread.java:6190)
09-01 09:43:59.715 W/System.err( 1948): 	at java.lang.reflect.Method.invoke(Native Method)
09-01 09:43:59.715 W/System.err( 1948): 	at com.android.internal.os.ZygoteInit$MethodAndArgsCaller.run(ZygoteInit.java:892)
09-01 09:43:59.715 W/System.err( 1948): 	at com.android.internal.os.ZygoteInit.main(ZygoteInit.java:782)
09-01 09:43:59.716 I/ActivityManager( 1282): START u0 {cmp=org.epstudios.epmobile/.WpwMilstein (has extras)} from uid 10064 on display 0
09-01 09:43:59.717 W/ActivityManager( 1282): Permission Denial: starting Intent { cmp=org.epstudios.epmobile/.WpwMilstein (has extras) } from ProcessRecord{4ccee7c 1948:com.android.intentfuzzer/u0a64} (pid=1948, uid=10064) not exported from uid 10056
09-01 09:43:59.718 W/System.err( 1948): java.lang.Exception: Toast callstack! strTip=Send Intent Failed!
09-01 09:43:59.718 W/System.err( 1948): 	at android.widget.Toast.show(Toast.java:130)
09-01 09:43:59.718 W/System.err( 1948): 	at com.android.intentfuzzer.FuzzerActivity$4.onClick(FuzzerActivity.java:186)
09-01 09:43:59.718 W/System.err( 1948): 	at android.view.View.performClick(View.java:5637)
09-01 09:43:59.718 W/System.err( 1948): 	at android.view.View$PerformClick.run(View.java:22429)
09-01 09:43:59.718 W/System.err( 1948): 	at android.os.Handler.handleCallback(Handler.java:751)
09-01 09:43:59.718 W/System.err( 1948): 	at android.os.Handler.dispatchMessage(Handler.java:95)
09-01 09:43:59.718 W/System.err( 1948): 	at android.os.Looper.loop(Looper.java:154)
09-01 09:43:59.718 W/System.err( 1948): 	at android.app.ActivityThread.main(ActivityThread.java:6190)
09-01 09:43:59.718 W/System.err( 1948): 	at java.lang.reflect.Method.invoke(Native Method)
09-01 09:43:59.718 W/System.err( 1948): 	at com.android.internal.os.ZygoteInit$MethodAndArgsCaller.run(ZygoteInit.java:892)
09-01 09:43:59.718 W/System.err( 1948): 	at com.android.internal.os.ZygoteInit.main(ZygoteInit.java:782)
09-01 09:43:59.720 I/ActivityManager( 1282): START u0 {cmp=org.epstudios.epmobile/.LongQt (has extras)} from uid 10064 on display 0
09-01 09:43:59.720 W/ActivityManager( 1282): Permission Denial: starting Intent { cmp=org.epstudios.epmobile/.LongQt (has extras) } from ProcessRecord{4ccee7c 1948:com.android.intentfuzzer/u0a64} (pid=1948, uid=10064) not exported from uid 10056
09-01 09:43:59.722 W/System.err( 1948): java.lang.Exception: Toast callstack! strTip=Send Intent Failed!
09-01 09:43:59.722 W/System.err( 1948): 	at android.widget.Toast.show(Toast.java:130)
09-01 09:43:59.722 W/System.err( 1948): 	at com.android.intentfuzzer.FuzzerActivity$4.onClick(FuzzerActivity.java:186)
09-01 09:43:59.722 W/System.err( 1948): 	at android.view.View.performClick(View.java:5637)
09-01 09:43:59.722 W/System.err( 1948): 	at android.view.View$PerformClick.run(View.java:22429)
09-01 09:43:59.722 W/System.err( 1948): 	at android.os.Handler.handleCallback(Handler.java:751)
09-01 09:43:59.722 W/System.err( 1948): 	at android.os.Handler.dispatchMessage(Handler.java:95)
09-01 09:43:59.722 W/System.err( 1948): 	at android.os.Looper.loop(Looper.java:154)
09-01 09:43:59.722 W/System.err( 1948): 	at android.app.ActivityThread.main(ActivityThread.java:6190)
09-01 09:43:59.722 W/System.err( 1948): 	at java.lang.reflect.Method.invoke(Native Method)
09-01 09:43:59.722 W/System.err( 1948): 	at com.android.internal.os.ZygoteInit$MethodAndArgsCaller.run(ZygoteInit.java:892)
09-01 09:43:59.722 W/System.err( 1948): 	at com.android.internal.os.ZygoteInit.main(ZygoteInit.java:782)
09-01 09:43:59.723 I/ActivityManager( 1282): START u0 {cmp=org.epstudios.epmobile/.LvhList (has extras)} from uid 10064 on display 0
09-01 09:43:59.724 W/ActivityManager( 1282): Permission Denial: starting Intent { cmp=org.epstudios.epmobile/.LvhList (has extras) } from ProcessRecord{4ccee7c 1948:com.android.intentfuzzer/u0a64} (pid=1948, uid=10064) not exported from uid 10056
09-01 09:43:59.725 W/System.err( 1948): java.lang.Exception: Toast callstack! strTip=Send Intent Failed!
09-01 09:43:59.725 W/System.err( 1948): 	at android.widget.Toast.show(Toast.java:130)
09-01 09:43:59.725 W/System.err( 1948): 	at com.android.intentfuzzer.FuzzerActivity$4.onClick(FuzzerActivity.java:186)
09-01 09:43:59.725 W/System.err( 1948): 	at android.view.View.performClick(View.java:5637)
09-01 09:43:59.725 W/System.err( 1948): 	at android.view.View$PerformClick.run(View.java:22429)
09-01 09:43:59.725 W/System.err( 1948): 	at android.os.Handler.handleCallback(Handler.java:751)
09-01 09:43:59.725 W/System.err( 1948): 	at android.os.Handler.dispatchMessage(Handler.java:95)
09-01 09:43:59.725 W/System.err( 1948): 	at android.os.Looper.loop(Looper.java:154)
09-01 09:43:59.725 W/System.err( 1948): 	at android.app.ActivityThread.main(ActivityThread.java:6190)
09-01 09:43:59.725 W/System.err( 1948): 	at java.lang.reflect.Method.invoke(Native Method)
09-01 09:43:59.725 W/System.err( 1948): 	at com.android.internal.os.ZygoteInit$MethodAndArgsCaller.run(ZygoteInit.java:892)
09-01 09:43:59.725 W/System.err( 1948): 	at com.android.internal.os.ZygoteInit.main(ZygoteInit.java:782)
09-01 09:43:59.728 I/ActivityManager( 1282): START u0 {cmp=org.epstudios.epmobile/.LvhVoltage (has extras)} from uid 10064 on display 0
09-01 09:43:59.728 W/ActivityManager( 1282): Permission Denial: starting Intent { cmp=org.epstudios.epmobile/.LvhVoltage (has extras) } from ProcessRecord{4ccee7c 1948:com.android.intentfuzzer/u0a64} (pid=1948, uid=10064) not exported from uid 10056
09-01 09:43:59.731 W/System.err( 1948): java.lang.Exception: Toast callstack! strTip=Send Intent Failed!
09-01 09:43:59.731 W/System.err( 1948): 	at android.widget.Toast.show(Toast.java:130)
09-01 09:43:59.731 W/System.err( 1948): 	at com.android.intentfuzzer.FuzzerActivity$4.onClick(FuzzerActivity.java:186)
09-01 09:43:59.731 W/System.err( 1948): 	at android.view.View.performClick(View.java:5637)
09-01 09:43:59.731 W/System.err( 1948): 	at android.view.View$PerformClick.run(View.java:22429)
09-01 09:43:59.731 W/System.err( 1948): 	at android.os.Handler.handleCallback(Handler.java:751)
09-01 09:43:59.731 W/System.err( 1948): 	at android.os.Handler.dispatchMessage(Handler.java:95)
09-01 09:43:59.731 W/System.err( 1948): 	at android.os.Looper.loop(Looper.java:154)
09-01 09:43:59.731 W/System.err( 1948): 	at android.app.ActivityThread.main(ActivityThread.java:6190)
09-01 09:43:59.731 W/System.err( 1948): 	at java.lang.reflect.Method.invoke(Native Method)
09-01 09:43:59.731 W/System.err( 1948): 	at com.android.internal.os.ZygoteInit$MethodAndArgsCaller.run(ZygoteInit.java:892)
09-01 09:43:59.731 W/System.err( 1948): 	at com.android.internal.os.ZygoteInit.main(ZygoteInit.java:782)
09-01 09:43:59.735 I/ActivityManager( 1282): START u0 {cmp=org.epstudios.epmobile/.Estes (has extras)} from uid 10064 on display 0
09-01 09:43:59.735 W/ActivityManager( 1282): Permission Denial: starting Intent { cmp=org.epstudios.epmobile/.Estes (has extras) } from ProcessRecord{4ccee7c 1948:com.android.intentfuzzer/u0a64} (pid=1948, uid=10064) not exported from uid 10056
09-01 09:43:59.736 W/System.err( 1948): java.lang.Exception: Toast callstack! strTip=Send Intent Failed!
09-01 09:43:59.737 W/System.err( 1948): 	at android.widget.Toast.show(Toast.java:130)
09-01 09:43:59.737 W/System.err( 1948): 	at com.android.intentfuzzer.FuzzerActivity$4.onClick(FuzzerActivity.java:186)
09-01 09:43:59.737 W/System.err( 1948): 	at android.view.View.performClick(View.java:5637)
09-01 09:43:59.737 W/System.err( 1948): 	at android.view.View$PerformClick.run(View.java:22429)
09-01 09:43:59.737 W/System.err( 1948): 	at android.os.Handler.handleCallback(Handler.java:751)
09-01 09:43:59.737 W/System.err( 1948): 	at android.os.Handler.dispatchMessage(Handler.java:95)
09-01 09:43:59.737 W/System.err( 1948): 	at android.os.Looper.loop(Looper.java:154)
09-01 09:43:59.737 W/System.err( 1948): 	at android.app.ActivityThread.main(ActivityThread.java:6190)
09-01 09:43:59.737 W/System.err( 1948): 	at java.lang.reflect.Method.invoke(Native Method)
09-01 09:43:59.737 W/System.err( 1948): 	at com.android.internal.os.ZygoteInit$MethodAndArgsCaller.run(ZygoteInit.java:892)
09-01 09:43:59.737 W/System.err( 1948): 	at com.android.internal.os.ZygoteInit.main(ZygoteInit.java:782)
09-01 09:43:59.738 I/ActivityManager( 1282): START u0 {cmp=org.epstudios.epmobile/.LongQtList (has extras)} from uid 10064 on display 0
09-01 09:43:59.738 W/ActivityManager( 1282): Permission Denial: starting Intent { cmp=org.epstudios.epmobile/.LongQtList (has extras) } from ProcessRecord{4ccee7c 1948:com.android.intentfuzzer/u0a64} (pid=1948, uid=10064) not exported from uid 10056
09-01 09:43:59.739 W/System.err( 1948): java.lang.Exception: Toast callstack! strTip=Send Intent Failed!
09-01 09:43:59.739 W/System.err( 1948): 	at android.widget.Toast.show(Toast.java:130)
09-01 09:43:59.739 W/System.err( 1948): 	at com.android.intentfuzzer.FuzzerActivity$4.onClick(FuzzerActivity.java:186)
09-01 09:43:59.739 W/System.err( 1948): 	at android.view.View.performClick(View.java:5637)
09-01 09:43:59.739 W/System.err( 1948): 	at android.view.View$PerformClick.run(View.java:22429)
09-01 09:43:59.739 W/System.err( 1948): 	at android.os.Handler.handleCallback(Handler.java:751)
09-01 09:43:59.739 W/System.err( 1948): 	at android.os.Handler.dispatchMessage(Handler.java:95)
09-01 09:43:59.739 W/System.err( 1948): 	at android.os.Looper.loop(Looper.java:154)
09-01 09:43:59.740 W/System.err( 1948): 	at android.app.ActivityThread.main(ActivityThread.java:6190)
09-01 09:43:59.740 W/System.err( 1948): 	at java.lang.reflect.Method.invoke(Native Method)
09-01 09:43:59.740 W/System.err( 1948): 	at com.android.internal.os.ZygoteInit$MethodAndArgsCaller.run(ZygoteInit.java:892)
09-01 09:43:59.740 W/System.err( 1948): 	at com.android.internal.os.ZygoteInit.main(ZygoteInit.java:782)
09-01 09:43:59.741 I/ActivityManager( 1282): START u0 {cmp=org.epstudios.epmobile/.LongQtSubtypes (has extras)} from uid 10064 on display 0
09-01 09:43:59.741 W/ActivityManager( 1282): Permission Denial: starting Intent { cmp=org.epstudios.epmobile/.LongQtSubtypes (has extras) } from ProcessRecord{4ccee7c 1948:com.android.intentfuzzer/u0a64} (pid=1948, uid=10064) not exported from uid 10056
09-01 09:43:59.742 W/System.err( 1948): java.lang.Exception: Toast callstack! strTip=Send Intent Failed!
09-01 09:43:59.742 W/System.err( 1948): 	at android.widget.Toast.show(Toast.java:130)
09-01 09:43:59.742 W/System.err( 1948): 	at com.android.intentfuzzer.FuzzerActivity$4.onClick(FuzzerActivity.java:186)
09-01 09:43:59.743 W/System.err( 1948): 	at android.view.View.performClick(View.java:5637)
09-01 09:43:59.743 W/System.err( 1948): 	at android.view.View$PerformClick.run(View.java:22429)
09-01 09:43:59.743 W/System.err( 1948): 	at android.os.Handler.handleCallback(Handler.java:751)
09-01 09:43:59.743 W/System.err( 1948): 	at android.os.Handler.dispatchMessage(Handler.java:95)
09-01 09:43:59.743 W/System.err( 1948): 	at android.os.Looper.loop(Looper.java:154)
09-01 09:43:59.743 W/System.err( 1948): 	at android.app.ActivityThread.main(ActivityThread.java:6190)
09-01 09:43:59.743 W/System.err( 1948): 	at java.lang.reflect.Method.invoke(Native Method)
09-01 09:43:59.743 W/System.err( 1948): 	at com.android.internal.os.ZygoteInit$MethodAndArgsCaller.run(ZygoteInit.java:892)
09-01 09:43:59.743 W/System.err( 1948): 	at com.android.internal.os.ZygoteInit.main(ZygoteInit.java:782)
09-01 09:43:59.744 I/ActivityManager( 1282): START u0 {cmp=org.epstudios.epmobile/.LongQtEcg (has extras)} from uid 10064 on display 0
09-01 09:43:59.744 W/ActivityManager( 1282): Permission Denial: starting Intent { cmp=org.epstudios.epmobile/.LongQtEcg (has extras) } from ProcessRecord{4ccee7c 1948:com.android.intentfuzzer/u0a64} (pid=1948, uid=10064) not exported from uid 10056
09-01 09:43:59.745 W/System.err( 1948): java.lang.Exception: Toast callstack! strTip=Send Intent Failed!
09-01 09:43:59.745 W/System.err( 1948): 	at android.widget.Toast.show(Toast.java:130)
09-01 09:43:59.746 W/System.err( 1948): 	at com.android.intentfuzzer.FuzzerActivity$4.onClick(FuzzerActivity.java:186)
09-01 09:43:59.746 W/System.err( 1948): 	at android.view.View.performClick(View.java:5637)
09-01 09:43:59.746 W/System.err( 1948): 	at android.view.View$PerformClick.run(View.java:22429)
09-01 09:43:59.746 W/System.err( 1948): 	at android.os.Handler.handleCallback(Handler.java:751)
09-01 09:43:59.746 W/System.err( 1948): 	at android.os.Handler.dispatchMessage(Handler.java:95)
09-01 09:43:59.746 W/System.err( 1948): 	at android.os.Looper.loop(Looper.java:154)
09-01 09:43:59.746 W/System.err( 1948): 	at android.app.ActivityThread.main(ActivityThread.java:6190)
09-01 09:43:59.746 W/System.err( 1948): 	at java.lang.reflect.Method.invoke(Native Method)
09-01 09:43:59.746 W/System.err( 1948): 	at com.android.internal.os.ZygoteInit$MethodAndArgsCaller.run(ZygoteInit.java:892)
09-01 09:43:59.746 W/System.err( 1948): 	at com.android.internal.os.ZygoteInit.main(ZygoteInit.java:782)
09-01 09:43:59.747 I/ActivityManager( 1282): START u0 {cmp=org.epstudios.epmobile/.BrugadaEcg (has extras)} from uid 10064 on display 0
09-01 09:43:59.747 W/ActivityManager( 1282): Permission Denial: starting Intent { cmp=org.epstudios.epmobile/.BrugadaEcg (has extras) } from ProcessRecord{4ccee7c 1948:com.android.intentfuzzer/u0a64} (pid=1948, uid=10064) not exported from uid 10056
09-01 09:43:59.748 W/System.err( 1948): java.lang.Exception: Toast callstack! strTip=Send Intent Failed!
09-01 09:43:59.749 W/System.err( 1948): 	at android.widget.Toast.show(Toast.java:130)
09-01 09:43:59.749 W/System.err( 1948): 	at com.android.intentfuzzer.FuzzerActivity$4.onClick(FuzzerActivity.java:186)
09-01 09:43:59.749 W/System.err( 1948): 	at android.view.View.performClick(View.java:5637)
09-01 09:43:59.749 W/System.err( 1948): 	at android.view.View$PerformClick.run(View.java:22429)
09-01 09:43:59.749 W/System.err( 1948): 	at android.os.Handler.handleCallback(Handler.java:751)
09-01 09:43:59.749 W/System.err( 1948): 	at android.os.Handler.dispatchMessage(Handler.java:95)
09-01 09:43:59.749 W/System.err( 1948): 	at android.os.Looper.loop(Looper.java:154)
09-01 09:43:59.749 W/System.err( 1948): 	at android.app.ActivityThread.main(ActivityThread.java:6190)
09-01 09:43:59.749 W/System.err( 1948): 	at java.lang.reflect.Method.invoke(Native Method)
09-01 09:43:59.749 W/System.err( 1948): 	at com.android.internal.os.ZygoteInit$MethodAndArgsCaller.run(ZygoteInit.java:892)
09-01 09:43:59.749 W/System.err( 1948): 	at com.android.internal.os.ZygoteInit.main(ZygoteInit.java:782)
09-01 09:43:59.751 I/ActivityManager( 1282): START u0 {cmp=org.epstudios.epmobile/.DiagnosisList (has extras)} from uid 10064 on display 0
09-01 09:43:59.751 W/ActivityManager( 1282): Permission Denial: starting Intent { cmp=org.epstudios.epmobile/.DiagnosisList (has extras) } from ProcessRecord{4ccee7c 1948:com.android.intentfuzzer/u0a64} (pid=1948, uid=10064) not exported from uid 10056
09-01 09:43:59.753 W/System.err( 1948): java.lang.Exception: Toast callstack! strTip=Send Intent Failed!
09-01 09:43:59.754 W/System.err( 1948): 	at android.widget.Toast.show(Toast.java:130)
09-01 09:43:59.754 W/System.err( 1948): 	at com.android.intentfuzzer.FuzzerActivity$4.onClick(FuzzerActivity.java:186)
09-01 09:43:59.754 W/System.err( 1948): 	at android.view.View.performClick(View.java:5637)
