--------- beginning of system
09-01 09:40:36.098 I/ActivityManager( 1282): START u0 {cmp=com.android.intentfuzzer/.FuzzerActivity} from uid 10064 on display 0
--------- beginning of main
09-01 09:40:36.099 D/audio_hw_hal( 1088): raw_start_output_stream, stream=0xf6e43140, sampleRate=48000, channel=2, bps=16, bufSize=4096
09-01 09:40:36.105 W/ContextImpl( 1676): Calling a method in the system process without a qualified user: android.app.ContextImpl.startService:1358 android.content.ContextWrapper.startService:613 android.content.ContextWrapper.startService:613 com.android.coreservice.CoreBroadcastReceiver.onReceive:44 android.app.ActivityThread.handleReceiver:3073 
09-01 09:40:36.148 W/ContextImpl( 1676): Calling a method in the system process without a qualified user: android.app.ContextImpl.startService:1358 android.content.ContextWrapper.startService:613 android.content.ContextWrapper.startService:613 com.android.coreservice.CoreBroadcastReceiver.onReceive:53 android.app.ActivityThread.handleReceiver:3073 
09-01 09:40:36.589 W/art     ( 1282): Long monitor contention with owner Binder:1282_9 (1776) at int com.android.server.wm.WindowManagerService.relayoutWindow(com.android.server.wm.Session, android.view.IWindow, int, android.view.WindowManager$LayoutParams, int, int, int, int, android.graphics.Rect, android.graphics.Rect, android.graphics.Rect, android.graphics.Rect, android.graphics.Rect, android.graphics.Rect, android.graphics.Rect, android.content.res.Configuration, android.view.Surface)(WindowManagerService.java:2874) waiters=0 in void com.android.server.wm.WindowAnimator$1.doFrame(long) for 120ms
09-01 09:40:36.653 E/EGL_adreno( 1948): tid 1965: eglSurfaceAttrib(1338): error 0x3009 (EGL_BAD_MATCH)
09-01 09:40:36.653 W/OpenGLRenderer( 1948): Failed to set EGL_SWAP_BEHAVIOR on surface 0x7fffd4efe140, error=EGL_BAD_MATCH
09-01 09:40:36.654 D/EGL_adreno( 1948): eglMakeCurrent: 0x7fffeb43c820: ver 3 1 (tinfo 0x7fffeb40d4a0)
09-01 09:40:36.683 I/ActivityManager( 1282): Displayed com.android.intentfuzzer/.FuzzerActivity: +577ms (total +36s475ms)
09-01 09:40:36.696 W/ContextImpl( 1676): Calling a method in the system process without a qualified user: android.app.ContextImpl.startService:1358 android.content.ContextWrapper.startService:613 android.content.ContextWrapper.startService:613 com.android.coreservice.CoreBroadcastReceiver.onReceive:69 android.app.ActivityThread.handleReceiver:3073 
09-01 09:40:36.735 W/ContextImpl( 1676): Calling a method in the system process without a qualified user: android.app.ContextImpl.startService:1358 android.content.ContextWrapper.startService:613 android.content.ContextWrapper.startService:613 com.android.coreservice.CoreBroadcastReceiver.onReceive:69 android.app.ActivityThread.handleReceiver:3073 
09-01 09:40:37.595 I/ActivityManager( 1282): START u0 {cmp=org.epstudios.epmobile/.EpMobile} from uid 10064 on display 0
09-01 09:40:37.604 W/ContextImpl( 1676): Calling a method in the system process without a qualified user: android.app.ContextImpl.startService:1358 android.content.ContextWrapper.startService:613 android.content.ContextWrapper.startService:613 com.android.coreservice.CoreBroadcastReceiver.onReceive:44 android.app.ActivityThread.handleReceiver:3073 
09-01 09:40:37.605 W/System.err( 1948): java.lang.Exception: Toast callstack! strTip=Sent Null Intent { cmp=org.epstudios.epmobile/.EpMobile }
09-01 09:40:37.605 W/System.err( 1948): 	at android.widget.Toast.show(Toast.java:130)
09-01 09:40:37.605 W/System.err( 1948): 	at com.android.intentfuzzer.FuzzerActivity$3.onClick(FuzzerActivity.java:165)
09-01 09:40:37.605 W/System.err( 1948): 	at android.view.View.performClick(View.java:5637)
09-01 09:40:37.605 W/System.err( 1948): 	at android.view.View$PerformClick.run(View.java:22429)
09-01 09:40:37.605 W/System.err( 1948): 	at android.os.Handler.handleCallback(Handler.java:751)
09-01 09:40:37.605 W/System.err( 1948): 	at android.os.Handler.dispatchMessage(Handler.java:95)
09-01 09:40:37.605 W/System.err( 1948): 	at android.os.Looper.loop(Looper.java:154)
09-01 09:40:37.605 W/System.err( 1948): 	at android.app.ActivityThread.main(ActivityThread.java:6190)
09-01 09:40:37.605 W/System.err( 1948): 	at java.lang.reflect.Method.invoke(Native Method)
09-01 09:40:37.605 W/System.err( 1948): 	at com.android.internal.os.ZygoteInit$MethodAndArgsCaller.run(ZygoteInit.java:892)
09-01 09:40:37.605 W/System.err( 1948): 	at com.android.internal.os.ZygoteInit.main(ZygoteInit.java:782)
09-01 09:40:37.606 I/ActivityManager( 1282): START u0 {cmp=org.epstudios.epmobile/.About} from uid 10064 on display 0
09-01 09:40:37.606 W/ActivityManager( 1282): Permission Denial: starting Intent { cmp=org.epstudios.epmobile/.About } from ProcessRecord{4ccee7c 1948:com.android.intentfuzzer/u0a64} (pid=1948, uid=10064) not exported from uid 10056
09-01 09:40:37.608 W/System.err( 1948): java.lang.Exception: Toast callstack! strTip=Send Intent Failed!
09-01 09:40:37.608 W/System.err( 1948): 	at android.widget.Toast.show(Toast.java:130)
09-01 09:40:37.608 W/System.err( 1948): 	at com.android.intentfuzzer.FuzzerActivity$3.onClick(FuzzerActivity.java:167)
09-01 09:40:37.608 W/System.err( 1948): 	at android.view.View.performClick(View.java:5637)
09-01 09:40:37.608 W/System.err( 1948): 	at android.view.View$PerformClick.run(View.java:22429)
09-01 09:40:37.608 W/System.err( 1948): 	at android.os.Handler.handleCallback(Handler.java:751)
09-01 09:40:37.608 W/System.err( 1948): 	at android.os.Handler.dispatchMessage(Handler.java:95)
09-01 09:40:37.608 W/System.err( 1948): 	at android.os.Looper.loop(Looper.java:154)
09-01 09:40:37.608 W/System.err( 1948): 	at android.app.ActivityThread.main(ActivityThread.java:6190)
09-01 09:40:37.608 W/System.err( 1948): 	at java.lang.reflect.Method.invoke(Native Method)
09-01 09:40:37.608 W/System.err( 1948): 	at com.android.internal.os.ZygoteInit$MethodAndArgsCaller.run(ZygoteInit.java:892)
09-01 09:40:37.608 W/System.err( 1948): 	at com.android.internal.os.ZygoteInit.main(ZygoteInit.java:782)
09-01 09:40:37.609 I/ActivityManager( 1282): START u0 {cmp=org.epstudios.epmobile/.Qtc} from uid 10064 on display 0
09-01 09:40:37.609 W/ActivityManager( 1282): Permission Denial: starting Intent { cmp=org.epstudios.epmobile/.Qtc } from ProcessRecord{4ccee7c 1948:com.android.intentfuzzer/u0a64} (pid=1948, uid=10064) not exported from uid 10056
09-01 09:40:37.611 W/System.err( 1948): java.lang.Exception: Toast callstack! strTip=Send Intent Failed!
09-01 09:40:37.611 W/System.err( 1948): 	at android.widget.Toast.show(Toast.java:130)
09-01 09:40:37.611 W/System.err( 1948): 	at com.android.intentfuzzer.FuzzerActivity$3.onClick(FuzzerActivity.java:167)
09-01 09:40:37.611 W/System.err( 1948): 	at android.view.View.performClick(View.java:5637)
09-01 09:40:37.611 W/System.err( 1948): 	at android.view.View$PerformClick.run(View.java:22429)
09-01 09:40:37.611 W/System.err( 1948): 	at android.os.Handler.handleCallback(Handler.java:751)
09-01 09:40:37.611 W/System.err( 1948): 	at android.os.Handler.dispatchMessage(Handler.java:95)
09-01 09:40:37.611 W/System.err( 1948): 	at android.os.Looper.loop(Looper.java:154)
09-01 09:40:37.611 W/System.err( 1948): 	at android.app.ActivityThread.main(ActivityThread.java:6190)
09-01 09:40:37.611 W/System.err( 1948): 	at java.lang.reflect.Method.invoke(Native Method)
09-01 09:40:37.611 W/System.err( 1948): 	at com.android.internal.os.ZygoteInit$MethodAndArgsCaller.run(ZygoteInit.java:892)
09-01 09:40:37.611 W/System.err( 1948): 	at com.android.internal.os.ZygoteInit.main(ZygoteInit.java:782)
09-01 09:40:37.612 I/ActivityManager( 1282): START u0 {cmp=org.epstudios.epmobile/.Dofetilide} from uid 10064 on display 0
09-01 09:40:37.612 W/ActivityManager( 1282): Permission Denial: starting Intent { cmp=org.epstudios.epmobile/.Dofetilide } from ProcessRecord{4ccee7c 1948:com.android.intentfuzzer/u0a64} (pid=1948, uid=10064) not exported from uid 10056
09-01 09:40:37.613 W/System.err( 1948): java.lang.Exception: Toast callstack! strTip=Send Intent Failed!
09-01 09:40:37.613 W/System.err( 1948): 	at android.widget.Toast.show(Toast.java:130)
09-01 09:40:37.613 W/System.err( 1948): 	at com.android.intentfuzzer.FuzzerActivity$3.onClick(FuzzerActivity.java:167)
09-01 09:40:37.613 W/System.err( 1948): 	at android.view.View.performClick(View.java:5637)
09-01 09:40:37.613 W/System.err( 1948): 	at android.view.View$PerformClick.run(View.java:22429)
09-01 09:40:37.613 W/System.err( 1948): 	at android.os.Handler.handleCallback(Handler.java:751)
09-01 09:40:37.613 W/System.err( 1948): 	at android.os.Handler.dispatchMessage(Handler.java:95)
09-01 09:40:37.613 W/System.err( 1948): 	at android.os.Looper.loop(Looper.java:154)
09-01 09:40:37.613 W/System.err( 1948): 	at android.app.ActivityThread.main(ActivityThread.java:6190)
09-01 09:40:37.613 W/System.err( 1948): 	at java.lang.reflect.Method.invoke(Native Method)
09-01 09:40:37.613 W/System.err( 1948): 	at com.android.internal.os.ZygoteInit$MethodAndArgsCaller.run(ZygoteInit.java:892)
09-01 09:40:37.613 W/System.err( 1948): 	at com.android.internal.os.ZygoteInit.main(ZygoteInit.java:782)
09-01 09:40:37.614 I/ActivityManager( 1282): START u0 {cmp=org.epstudios.epmobile/.CycleLength} from uid 10064 on display 0
09-01 09:40:37.614 W/ActivityManager( 1282): Permission Denial: starting Intent { cmp=org.epstudios.epmobile/.CycleLength } from ProcessRecord{4ccee7c 1948:com.android.intentfuzzer/u0a64} (pid=1948, uid=10064) not exported from uid 10056
09-01 09:40:37.615 W/System.err( 1948): java.lang.Exception: Toast callstack! strTip=Send Intent Failed!
09-01 09:40:37.616 W/System.err( 1948): 	at android.widget.Toast.show(Toast.java:130)
09-01 09:40:37.616 W/System.err( 1948): 	at com.android.intentfuzzer.FuzzerActivity$3.onClick(FuzzerActivity.java:167)
09-01 09:40:37.616 W/System.err( 1948): 	at android.view.View.performClick(View.java:5637)
09-01 09:40:37.616 W/System.err( 1948): 	at android.view.View$PerformClick.run(View.java:22429)
09-01 09:40:37.616 W/System.err( 1948): 	at android.os.Handler.handleCallback(Handler.java:751)
09-01 09:40:37.616 W/System.err( 1948): 	at android.os.Handler.dispatchMessage(Handler.java:95)
09-01 09:40:37.616 W/System.err( 1948): 	at android.os.Looper.loop(Looper.java:154)
09-01 09:40:37.616 W/System.err( 1948): 	at android.app.ActivityThread.main(ActivityThread.java:6190)
09-01 09:40:37.616 W/System.err( 1948): 	at java.lang.reflect.Method.invoke(Native Method)
09-01 09:40:37.616 W/System.err( 1948): 	at com.android.internal.os.ZygoteInit$MethodAndArgsCaller.run(ZygoteInit.java:892)
09-01 09:40:37.616 W/System.err( 1948): 	at com.android.internal.os.ZygoteInit.main(ZygoteInit.java:782)
09-01 09:40:37.617 I/ActivityManager( 1282): START u0 {cmp=org.epstudios.epmobile/.Prefs} from uid 10064 on display 0
09-01 09:40:37.617 W/ActivityManager( 1282): Permission Denial: starting Intent { cmp=org.epstudios.epmobile/.Prefs } from ProcessRecord{4ccee7c 1948:com.android.intentfuzzer/u0a64} (pid=1948, uid=10064) not exported from uid 10056
09-01 09:40:37.618 W/System.err( 1948): java.lang.Exception: Toast callstack! strTip=Send Intent Failed!
09-01 09:40:37.619 W/System.err( 1948): 	at android.widget.Toast.show(Toast.java:130)
09-01 09:40:37.619 W/System.err( 1948): 	at com.android.intentfuzzer.FuzzerActivity$3.onClick(FuzzerActivity.java:167)
09-01 09:40:37.619 W/System.err( 1948): 	at android.view.View.performClick(View.java:5637)
09-01 09:40:37.619 W/System.err( 1948): 	at android.view.View$PerformClick.run(View.java:22429)
09-01 09:40:37.619 W/System.err( 1948): 	at android.os.Handler.handleCallback(Handler.java:751)
09-01 09:40:37.619 W/System.err( 1948): 	at android.os.Handler.dispatchMessage(Handler.java:95)
09-01 09:40:37.619 W/System.err( 1948): 	at android.os.Looper.loop(Looper.java:154)
09-01 09:40:37.619 W/System.err( 1948): 	at android.app.ActivityThread.main(ActivityThread.java:6190)
09-01 09:40:37.619 W/System.err( 1948): 	at java.lang.reflect.Method.invoke(Native Method)
09-01 09:40:37.619 W/System.err( 1948): 	at com.android.internal.os.ZygoteInit$MethodAndArgsCaller.run(ZygoteInit.java:892)
09-01 09:40:37.619 W/System.err( 1948): 	at com.android.internal.os.ZygoteInit.main(ZygoteInit.java:782)
09-01 09:40:37.620 I/ActivityManager( 1282): START u0 {cmp=org.epstudios.epmobile/.HasBled} from uid 10064 on display 0
09-01 09:40:37.620 W/ActivityManager( 1282): Permission Denial: starting Intent { cmp=org.epstudios.epmobile/.HasBled } from ProcessRecord{4ccee7c 1948:com.android.intentfuzzer/u0a64} (pid=1948, uid=10064) not exported from uid 10056
09-01 09:40:37.621 W/System.err( 1948): java.lang.Exception: Toast callstack! strTip=Send Intent Failed!
09-01 09:40:37.621 W/System.err( 1948): 	at android.widget.Toast.show(Toast.java:130)
09-01 09:40:37.621 W/System.err( 1948): 	at com.android.intentfuzzer.FuzzerActivity$3.onClick(FuzzerActivity.java:167)
09-01 09:40:37.621 W/System.err( 1948): 	at android.view.View.performClick(View.java:5637)
09-01 09:40:37.621 W/System.err( 1948): 	at android.view.View$PerformClick.run(View.java:22429)
09-01 09:40:37.621 W/System.err( 1948): 	at android.os.Handler.handleCallback(Handler.java:751)
09-01 09:40:37.621 W/System.err( 1948): 	at android.os.Handler.dispatchMessage(Handler.java:95)
09-01 09:40:37.621 W/System.err( 1948): 	at android.os.Looper.loop(Looper.java:154)
09-01 09:40:37.621 W/System.err( 1948): 	at android.app.ActivityThread.main(ActivityThread.java:6190)
09-01 09:40:37.621 W/System.err( 1948): 	at java.lang.reflect.Method.invoke(Native Method)
09-01 09:40:37.621 W/System.err( 1948): 	at com.android.internal.os.ZygoteInit$MethodAndArgsCaller.run(ZygoteInit.java:892)
09-01 09:40:37.621 W/System.err( 1948): 	at com.android.internal.os.ZygoteInit.main(ZygoteInit.java:782)
09-01 09:40:37.622 I/ActivityManager( 1282): START u0 {cmp=org.epstudios.epmobile/.Chads} from uid 10064 on display 0
09-01 09:40:37.622 W/ActivityManager( 1282): Permission Denial: starting Intent { cmp=org.epstudios.epmobile/.Chads } from ProcessRecord{4ccee7c 1948:com.android.intentfuzzer/u0a64} (pid=1948, uid=10064) not exported from uid 10056
09-01 09:40:37.623 W/System.err( 1948): java.lang.Exception: Toast callstack! strTip=Send Intent Failed!
09-01 09:40:37.623 W/System.err( 1948): 	at android.widget.Toast.show(Toast.java:130)
09-01 09:40:37.624 W/System.err( 1948): 	at com.android.intentfuzzer.FuzzerActivity$3.onClick(FuzzerActivity.java:167)
09-01 09:40:37.624 W/System.err( 1948): 	at android.view.View.performClick(View.java:5637)
09-01 09:40:37.624 W/System.err( 1948): 	at android.view.View$PerformClick.run(View.java:22429)
09-01 09:40:37.624 W/System.err( 1948): 	at android.os.Handler.handleCallback(Handler.java:751)
09-01 09:40:37.624 W/System.err( 1948): 	at android.os.Handler.dispatchMessage(Handler.java:95)
09-01 09:40:37.624 W/System.err( 1948): 	at android.os.Looper.loop(Looper.java:154)
09-01 09:40:37.624 W/System.err( 1948): 	at android.app.ActivityThread.main(ActivityThread.java:6190)
09-01 09:40:37.624 W/System.err( 1948): 	at java.lang.reflect.Method.invoke(Native Method)
09-01 09:40:37.624 W/System.err( 1948): 	at com.android.internal.os.ZygoteInit$MethodAndArgsCaller.run(ZygoteInit.java:892)
09-01 09:40:37.624 W/System.err( 1948): 	at com.android.internal.os.ZygoteInit.main(ZygoteInit.java:782)
09-01 09:40:37.624 I/ActivityManager( 1282): START u0 {cmp=org.epstudios.epmobile/.ChadsVasc} from uid 10064 on display 0
09-01 09:40:37.624 W/ActivityManager( 1282): Permission Denial: starting Intent { cmp=org.epstudios.epmobile/.ChadsVasc } from ProcessRecord{4ccee7c 1948:com.android.intentfuzzer/u0a64} (pid=1948, uid=10064) not exported from uid 10056
09-01 09:40:37.626 W/System.err( 1948): java.lang.Exception: Toast callstack! strTip=Send Intent Failed!
09-01 09:40:37.626 W/System.err( 1948): 	at android.widget.Toast.show(Toast.java:130)
09-01 09:40:37.626 W/System.err( 1948): 	at com.android.intentfuzzer.FuzzerActivity$3.onClick(FuzzerActivity.java:167)
09-01 09:40:37.626 W/System.err( 1948): 	at android.view.View.performClick(View.java:5637)
09-01 09:40:37.626 W/System.err( 1948): 	at android.view.View$PerformClick.run(View.java:22429)
09-01 09:40:37.626 W/System.err( 1948): 	at android.os.Handler.handleCallback(Handler.java:751)
09-01 09:40:37.626 W/System.err( 1948): 	at android.os.Handler.dispatchMessage(Handler.java:95)
09-01 09:40:37.626 W/System.err( 1948): 	at android.os.Looper.loop(Looper.java:154)
09-01 09:40:37.626 W/System.err( 1948): 	at android.app.ActivityThread.main(ActivityThread.java:6190)
09-01 09:40:37.626 W/System.err( 1948): 	at java.lang.reflect.Method.invoke(Native Method)
09-01 09:40:37.626 W/System.err( 1948): 	at com.android.internal.os.ZygoteInit$MethodAndArgsCaller.run(ZygoteInit.java:892)
09-01 09:40:37.626 W/System.err( 1948): 	at com.android.internal.os.ZygoteInit.main(ZygoteInit.java:782)
09-01 09:40:37.627 I/ActivityManager( 1282): START u0 {cmp=org.epstudios.epmobile/.Dabigatran} from uid 10064 on display 0
09-01 09:40:37.627 W/ActivityManager( 1282): Permission Denial: starting Intent { cmp=org.epstudios.epmobile/.Dabigatran } from ProcessRecord{4ccee7c 1948:com.android.intentfuzzer/u0a64} (pid=1948, uid=10064) not exported from uid 10056
09-01 09:40:37.628 W/System.err( 1948): java.lang.Exception: Toast callstack! strTip=Send Intent Failed!
09-01 09:40:37.629 W/System.err( 1948): 	at android.widget.Toast.show(Toast.java:130)
09-01 09:40:37.629 W/System.err( 1948): 	at com.android.intentfuzzer.FuzzerActivity$3.onClick(FuzzerActivity.java:167)
09-01 09:40:37.629 W/System.err( 1948): 	at android.view.View.performClick(View.java:5637)
09-01 09:40:37.629 W/System.err( 1948): 	at android.view.View$PerformClick.run(View.java:22429)
09-01 09:40:37.629 W/System.err( 1948): 	at android.os.Handler.handleCallback(Handler.java:751)
09-01 09:40:37.629 W/System.err( 1948): 	at android.os.Handler.dispatchMessage(Handler.java:95)
09-01 09:40:37.629 W/System.err( 1948): 	at android.os.Looper.loop(Looper.java:154)
09-01 09:40:37.629 W/System.err( 1948): 	at android.app.ActivityThread.main(ActivityThread.java:6190)
09-01 09:40:37.629 W/System.err( 1948): 	at java.lang.reflect.Method.invoke(Native Method)
09-01 09:40:37.629 W/System.err( 1948): 	at com.android.internal.os.ZygoteInit$MethodAndArgsCaller.run(ZygoteInit.java:892)
09-01 09:40:37.629 W/System.err( 1948): 	at com.android.internal.os.ZygoteInit.main(ZygoteInit.java:782)
09-01 09:40:37.630 I/ActivityManager( 1282): START u0 {cmp=org.epstudios.epmobile/.Warfarin} from uid 10064 on display 0
09-01 09:40:37.630 W/ActivityManager( 1282): Permission Denial: starting Intent { cmp=org.epstudios.epmobile/.Warfarin } from ProcessRecord{4ccee7c 1948:com.android.intentfuzzer/u0a64} (pid=1948, uid=10064) not exported from uid 10056
09-01 09:40:37.631 W/System.err( 1948): java.lang.Exception: Toast callstack! strTip=Send Intent Failed!
09-01 09:40:37.631 W/System.err( 1948): 	at android.widget.Toast.show(Toast.java:130)
09-01 09:40:37.631 W/System.err( 1948): 	at com.android.intentfuzzer.FuzzerActivity$3.onClick(FuzzerActivity.java:167)
09-01 09:40:37.631 W/System.err( 1948): 	at android.view.View.performClick(View.java:5637)
09-01 09:40:37.631 W/System.err( 1948): 	at android.view.View$PerformClick.run(View.java:22429)
09-01 09:40:37.631 W/System.err( 1948): 	at android.os.Handler.handleCallback(Handler.java:751)
09-01 09:40:37.631 W/System.err( 1948): 	at android.os.Handler.dispatchMessage(Handler.java:95)
09-01 09:40:37.631 W/System.err( 1948): 	at android.os.Looper.loop(Looper.java:154)
09-01 09:40:37.631 W/System.err( 1948): 	at android.app.ActivityThread.main(ActivityThread.java:6190)
09-01 09:40:37.631 W/System.err( 1948): 	at java.lang.reflect.Method.invoke(Native Method)
09-01 09:40:37.631 W/System.err( 1948): 	at com.android.internal.os.ZygoteInit$MethodAndArgsCaller.run(ZygoteInit.java:892)
09-01 09:40:37.631 W/System.err( 1948): 	at com.android.internal.os.ZygoteInit.main(ZygoteInit.java:782)
09-01 09:40:37.632 I/ActivityManager( 1282): START u0 {cmp=org.epstudios.epmobile/.DoseTable} from uid 10064 on display 0
09-01 09:40:37.632 W/ActivityManager( 1282): Permission Denial: starting Intent { cmp=org.epstudios.epmobile/.DoseTable } from ProcessRecord{4ccee7c 1948:com.android.intentfuzzer/u0a64} (pid=1948, uid=10064) not exported from uid 10056
09-01 09:40:37.634 W/System.err( 1948): java.lang.Exception: Toast callstack! strTip=Send Intent Failed!
09-01 09:40:37.634 W/System.err( 1948): 	at android.widget.Toast.show(Toast.java:130)
09-01 09:40:37.634 W/System.err( 1948): 	at com.android.intentfuzzer.FuzzerActivity$3.onClick(FuzzerActivity.java:167)
09-01 09:40:37.634 W/System.err( 1948): 	at android.view.View.performClick(View.java:5637)
09-01 09:40:37.634 W/System.err( 1948): 	at android.view.View$PerformClick.run(View.java:22429)
09-01 09:40:37.634 W/System.err( 1948): 	at android.os.Handler.handleCallback(Handler.java:751)
09-01 09:40:37.634 W/System.err( 1948): 	at android.os.Handler.dispatchMessage(Handler.java:95)
09-01 09:40:37.634 W/System.err( 1948): 	at android.os.Looper.loop(Looper.java:154)
09-01 09:40:37.634 W/System.err( 1948): 	at android.app.ActivityThread.main(ActivityThread.java:6190)
09-01 09:40:37.634 W/System.err( 1948): 	at java.lang.reflect.Method.invoke(Native Method)
09-01 09:40:37.634 W/System.err( 1948): 	at com.android.internal.os.ZygoteInit$MethodAndArgsCaller.run(ZygoteInit.java:892)
09-01 09:40:37.634 W/System.err( 1948): 	at com.android.internal.os.ZygoteInit.main(ZygoteInit.java:782)
09-01 09:40:37.635 I/ActivityManager( 1282): START u0 {cmp=org.epstudios.epmobile/.Brugada} from uid 10064 on display 0
09-01 09:40:37.635 W/ActivityManager( 1282): Permission Denial: starting Intent { cmp=org.epstudios.epmobile/.Brugada } from ProcessRecord{4ccee7c 1948:com.android.intentfuzzer/u0a64} (pid=1948, uid=10064) not exported from uid 10056
09-01 09:40:37.636 W/System.err( 1948): java.lang.Exception: Toast callstack! strTip=Send Intent Failed!
09-01 09:40:37.637 W/System.err( 1948): 	at android.widget.Toast.show(Toast.java:130)
09-01 09:40:37.638 W/System.err( 1948): 	at com.android.intentfuzzer.FuzzerActivity$3.onClick(FuzzerActivity.java:167)
09-01 09:40:37.638 W/System.err( 1948): 	at android.view.View.performClick(View.java:5637)
09-01 09:40:37.638 W/System.err( 1948): 	at android.view.View$PerformClick.run(View.java:22429)
09-01 09:40:37.638 W/System.err( 1948): 	at android.os.Handler.handleCallback(Handler.java:751)
09-01 09:40:37.638 W/System.err( 1948): 	at android.os.Handler.dispatchMessage(Handler.java:95)
09-01 09:40:37.638 W/System.err( 1948): 	at android.os.Looper.loop(Looper.java:154)
09-01 09:40:37.638 W/System.err( 1948): 	at android.app.ActivityThread.main(ActivityThread.java:6190)
09-01 09:40:37.638 W/System.err( 1948): 	at java.lang.reflect.Method.invoke(Native Method)
09-01 09:40:37.638 W/System.err( 1948): 	at com.android.internal.os.ZygoteInit$MethodAndArgsCaller.run(ZygoteInit.java:892)
09-01 09:40:37.638 W/System.err( 1948): 	at com.android.internal.os.ZygoteInit.main(ZygoteInit.java:782)
09-01 09:40:37.662 I/ActivityManager( 1282): START u0 {cmp=org.epstudios.epmobile/.WctAlgorithmList} from uid 10064 on display 0
09-01 09:40:37.662 W/ActivityManager( 1282): Permission Denial: starting Intent { cmp=org.epstudios.epmobile/.WctAlgorithmList } from ProcessRecord{4ccee7c 1948:com.android.intentfuzzer/u0a64} (pid=1948, uid=10064) not exported from uid 10056
09-01 09:40:37.663 W/System.err( 1948): java.lang.Exception: Toast callstack! strTip=Send Intent Failed!
09-01 09:40:37.663 W/System.err( 1948): 	at android.widget.Toast.show(Toast.java:130)
09-01 09:40:37.663 W/System.err( 1948): 	at com.android.intentfuzzer.FuzzerActivity$3.onClick(FuzzerActivity.java:167)
09-01 09:40:37.663 W/System.err( 1948): 	at android.view.View.performClick(View.java:5637)
09-01 09:40:37.663 W/System.err( 1948): 	at android.view.View$PerformClick.run(View.java:22429)
09-01 09:40:37.663 W/System.err( 1948): 	at android.os.Handler.handleCallback(Handler.java:751)
09-01 09:40:37.663 W/System.err( 1948): 	at android.os.Handler.dispatchMessage(Handler.java:95)
09-01 09:40:37.663 W/System.err( 1948): 	at android.os.Looper.loop(Looper.java:154)
09-01 09:40:37.663 W/System.err( 1948): 	at android.app.ActivityThread.main(ActivityThread.java:6190)
09-01 09:40:37.663 W/System.err( 1948): 	at java.lang.reflect.Method.invoke(Native Method)
09-01 09:40:37.663 W/System.err( 1948): 	at com.android.internal.os.ZygoteInit$MethodAndArgsCaller.run(ZygoteInit.java:892)
09-01 09:40:37.663 W/System.err( 1948): 	at com.android.internal.os.ZygoteInit.main(ZygoteInit.java:782)
09-01 09:40:37.666 I/ActivityManager( 1282): START u0 {cmp=org.epstudios.epmobile/.WctMorphologyCriteria} from uid 10064 on display 0
09-01 09:40:37.666 W/ActivityManager( 1282): Permission Denial: starting Intent { cmp=org.epstudios.epmobile/.WctMorphologyCriteria } from ProcessRecord{4ccee7c 1948:com.android.intentfuzzer/u0a64} (pid=1948, uid=10064) not exported from uid 10056
09-01 09:40:37.668 W/System.err( 1948): java.lang.Exception: Toast callstack! strTip=Send Intent Failed!
09-01 09:40:37.668 W/System.err( 1948): 	at android.widget.Toast.show(Toast.java:130)
09-01 09:40:37.668 W/System.err( 1948): 	at com.android.intentfuzzer.FuzzerActivity$3.onClick(FuzzerActivity.java:167)
09-01 09:40:37.668 W/System.err( 1948): 	at android.view.View.performClick(View.java:5637)
09-01 09:40:37.668 W/System.err( 1948): 	at android.view.View$PerformClick.run(View.java:22429)
09-01 09:40:37.668 W/System.err( 1948): 	at android.os.Handler.handleCallback(Handler.java:751)
09-01 09:40:37.668 W/System.err( 1948): 	at android.os.Handler.dispatchMessage(Handler.java:95)
09-01 09:40:37.668 W/System.err( 1948): 	at android.os.Looper.loop(Looper.java:154)
09-01 09:40:37.668 W/System.err( 1948): 	at android.app.ActivityThread.main(ActivityThread.java:6190)
09-01 09:40:37.668 W/System.err( 1948): 	at java.lang.reflect.Method.invoke(Native Method)
09-01 09:40:37.668 W/System.err( 1948): 	at com.android.internal.os.ZygoteInit$MethodAndArgsCaller.run(ZygoteInit.java:892)
09-01 09:40:37.668 W/System.err( 1948): 	at com.android.internal.os.ZygoteInit.main(ZygoteInit.java:782)
09-01 09:40:37.670 I/ActivityManager( 1282): START u0 {cmp=org.epstudios.epmobile/.Rwpt} from uid 10064 on display 0
09-01 09:40:37.671 W/ActivityManager( 1282): Permission Denial: starting Intent { cmp=org.epstudios.epmobile/.Rwpt } from ProcessRecord{4ccee7c 1948:com.android.intentfuzzer/u0a64} (pid=1948, uid=10064) not exported from uid 10056
09-01 09:40:37.672 W/System.err( 1948): java.lang.Exception: Toast callstack! strTip=Send Intent Failed!
09-01 09:40:37.672 W/System.err( 1948): 	at android.widget.Toast.show(Toast.java:130)
09-01 09:40:37.672 W/System.err( 1948): 	at com.android.intentfuzzer.FuzzerActivity$3.onClick(FuzzerActivity.java:167)
09-01 09:40:37.672 W/System.err( 1948): 	at android.view.View.performClick(View.java:5637)
09-01 09:40:37.672 W/System.err( 1948): 	at android.view.View$PerformClick.run(View.java:22429)
09-01 09:40:37.672 W/System.err( 1948): 	at android.os.Handler.handleCallback(Handler.java:751)
09-01 09:40:37.672 W/System.err( 1948): 	at android.os.Handler.dispatchMessage(Handler.java:95)
09-01 09:40:37.672 W/System.err( 1948): 	at android.os.Looper.loop(Looper.java:154)
09-01 09:40:37.672 W/System.err( 1948): 	at android.app.ActivityThread.main(ActivityThread.java:6190)
09-01 09:40:37.672 W/System.err( 1948): 	at java.lang.reflect.Method.invoke(Native Method)
09-01 09:40:37.672 W/System.err( 1948): 	at com.android.internal.os.ZygoteInit$MethodAndArgsCaller.run(ZygoteInit.java:892)
09-01 09:40:37.673 W/System.err( 1948): 	at com.android.internal.os.ZygoteInit.main(ZygoteInit.java:782)
09-01 09:40:37.674 I/ActivityManager( 1282): START u0 {cmp=org.epstudios.epmobile/.BrugadaMorphologyCriteria} from uid 10064 on display 0
09-01 09:40:37.674 W/ActivityManager( 1282): Permission Denial: starting Intent { cmp=org.epstudios.epmobile/.BrugadaMorphologyCriteria } from ProcessRecord{4ccee7c 1948:com.android.intentfuzzer/u0a64} (pid=1948, uid=10064) not exported from uid 10056
09-01 09:40:37.675 W/System.err( 1948): java.lang.Exception: Toast callstack! strTip=Send Intent Failed!
09-01 09:40:37.675 W/System.err( 1948): 	at android.widget.Toast.show(Toast.java:130)
09-01 09:40:37.675 W/System.err( 1948): 	at com.android.intentfuzzer.FuzzerActivity$3.onClick(FuzzerActivity.java:167)
09-01 09:40:37.675 W/System.err( 1948): 	at android.view.View.performClick(View.java:5637)
09-01 09:40:37.675 W/System.err( 1948): 	at android.view.View$PerformClick.run(View.java:22429)
09-01 09:40:37.675 W/System.err( 1948): 	at android.os.Handler.handleCallback(Handler.java:751)
09-01 09:40:37.676 W/System.err( 1948): 	at android.os.Handler.dispatchMessage(Handler.java:95)
09-01 09:40:37.676 W/System.err( 1948): 	at android.os.Looper.loop(Looper.java:154)
09-01 09:40:37.676 W/System.err( 1948): 	at android.app.ActivityThread.main(ActivityThread.java:6190)
09-01 09:40:37.676 W/System.err( 1948): 	at java.lang.reflect.Method.invoke(Native Method)
09-01 09:40:37.676 W/System.err( 1948): 	at com.android.internal.os.ZygoteInit$MethodAndArgsCaller.run(ZygoteInit.java:892)
09-01 09:40:37.676 W/System.err( 1948): 	at com.android.internal.os.ZygoteInit.main(ZygoteInit.java:782)
09-01 09:40:37.678 I/ActivityManager( 1282): START u0 {cmp=org.epstudios.epmobile/.NormalEpValues} from uid 10064 on display 0
09-01 09:40:37.678 W/ActivityManager( 1282): Permission Denial: starting Intent { cmp=org.epstudios.epmobile/.NormalEpValues } from ProcessRecord{4ccee7c 1948:com.android.intentfuzzer/u0a64} (pid=1948, uid=10064) not exported from uid 10056
09-01 09:40:37.680 W/System.err( 1948): java.lang.Exception: Toast callstack! strTip=Send Intent Failed!
09-01 09:40:37.681 W/System.err( 1948): 	at android.widget.Toast.show(Toast.java:130)
09-01 09:40:37.681 W/System.err( 1948): 	at com.android.intentfuzzer.FuzzerActivity$3.onClick(FuzzerActivity.java:167)
09-01 09:40:37.681 W/System.err( 1948): 	at android.view.View.performClick(View.java:5637)
09-01 09:40:37.681 W/System.err( 1948): 	at android.view.View$PerformClick.run(View.java:22429)
09-01 09:40:37.681 W/System.err( 1948): 	at android.os.Handler.handleCallback(Handler.java:751)
09-01 09:40:37.681 W/System.err( 1948): 	at android.os.Handler.dispatchMessage(Handler.java:95)
09-01 09:40:37.681 W/System.err( 1948): 	at android.os.Looper.loop(Looper.java:154)
09-01 09:40:37.681 W/System.err( 1948): 	at android.app.ActivityThread.main(ActivityThread.java:6190)
09-01 09:40:37.681 W/System.err( 1948): 	at java.lang.reflect.Method.invoke(Native Method)
09-01 09:40:37.681 W/System.err( 1948): 	at com.android.internal.os.ZygoteInit$MethodAndArgsCaller.run(ZygoteInit.java:892)
09-01 09:40:37.681 W/System.err( 1948): 	at com.android.internal.os.ZygoteInit.main(ZygoteInit.java:782)
09-01 09:40:37.682 I/ActivityManager( 1282): START u0 {cmp=org.epstudios.epmobile/.ArvcList} from uid 10064 on display 0
09-01 09:40:37.682 W/ActivityManager( 1282): Permission Denial: starting Intent { cmp=org.epstudios.epmobile/.ArvcList } from ProcessRecord{4ccee7c 1948:com.android.intentfuzzer/u0a64} (pid=1948, uid=10064) not exported from uid 10056
09-01 09:40:37.684 W/System.err( 1948): java.lang.Exception: Toast callstack! strTip=Send Intent Failed!
09-01 09:40:37.684 W/System.err( 1948): 	at android.widget.Toast.show(Toast.java:130)
09-01 09:40:37.684 W/System.err( 1948): 	at com.android.intentfuzzer.FuzzerActivity$3.onClick(FuzzerActivity.java:167)
09-01 09:40:37.684 W/System.err( 1948): 	at android.view.View.performClick(View.java:5637)
09-01 09:40:37.684 W/System.err( 1948): 	at android.view.View$PerformClick.run(View.java:22429)
09-01 09:40:37.684 W/System.err( 1948): 	at android.os.Handler.handleCallback(Handler.java:751)
09-01 09:40:37.684 W/System.err( 1948): 	at android.os.Handler.dispatchMessage(Handler.java:95)
09-01 09:40:37.684 W/System.err( 1948): 	at android.os.Looper.loop(Looper.java:154)
09-01 09:40:37.684 W/System.err( 1948): 	at android.app.ActivityThread.main(ActivityThread.java:6190)
09-01 09:40:37.684 W/System.err( 1948): 	at java.lang.reflect.Method.invoke(Native Method)
09-01 09:40:37.684 W/System.err( 1948): 	at com.android.internal.os.ZygoteInit$MethodAndArgsCaller.run(ZygoteInit.java:892)
09-01 09:40:37.684 W/System.err( 1948): 	at com.android.internal.os.ZygoteInit.main(ZygoteInit.java:782)
09-01 09:40:37.685 I/ActivityManager( 1282): START u0 {cmp=org.epstudios.epmobile/.Arvc} from uid 10064 on display 0
09-01 09:40:37.685 W/ActivityManager( 1282): Permission Denial: starting Intent { cmp=org.epstudios.epmobile/.Arvc } from ProcessRecord{4ccee7c 1948:com.android.intentfuzzer/u0a64} (pid=1948, uid=10064) not exported from uid 10056
09-01 09:40:37.687 W/System.err( 1948): java.lang.Exception: Toast callstack! strTip=Send Intent Failed!
09-01 09:40:37.687 W/System.err( 1948): 	at android.widget.Toast.show(Toast.java:130)
09-01 09:40:37.687 W/System.err( 1948): 	at com.android.intentfuzzer.FuzzerActivity$3.onClick(FuzzerActivity.java:167)
09-01 09:40:37.687 W/System.err( 1948): 	at android.view.View.performClick(View.java:5637)
09-01 09:40:37.687 W/System.err( 1948): 	at android.view.View$PerformClick.run(View.java:22429)
09-01 09:40:37.687 W/System.err( 1948): 	at android.os.Handler.handleCallback(Handler.java:751)
09-01 09:40:37.687 W/System.err( 1948): 	at android.os.Handler.dispatchMessage(Handler.java:95)
09-01 09:40:37.687 W/System.err( 1948): 	at android.os.Looper.loop(Looper.java:154)
09-01 09:40:37.687 W/System.err( 1948): 	at android.app.ActivityThread.main(ActivityThread.java:6190)
09-01 09:40:37.687 W/System.err( 1948): 	at java.lang.reflect.Method.invoke(Native Method)
09-01 09:40:37.687 W/System.err( 1948): 	at com.android.internal.os.ZygoteInit$MethodAndArgsCaller.run(ZygoteInit.java:892)
09-01 09:40:37.687 W/System.err( 1948): 	at com.android.internal.os.ZygoteInit.main(ZygoteInit.java:782)
09-01 09:40:37.689 I/ActivityManager( 1282): START u0 {cmp=org.epstudios.epmobile/.ArvcOld} from uid 10064 on display 0
09-01 09:40:37.689 W/ActivityManager( 1282): Permission Denial: starting Intent { cmp=org.epstudios.epmobile/.ArvcOld } from ProcessRecord{4ccee7c 1948:com.android.intentfuzzer/u0a64} (pid=1948, uid=10064) not exported from uid 10056
09-01 09:40:37.691 W/System.err( 1948): java.lang.Exception: Toast callstack! strTip=Send Intent Failed!
09-01 09:40:37.691 W/System.err( 1948): 	at android.widget.Toast.show(Toast.java:130)
09-01 09:40:37.691 W/System.err( 1948): 	at com.android.intentfuzzer.FuzzerActivity$3.onClick(FuzzerActivity.java:167)
09-01 09:40:37.691 W/System.err( 1948): 	at android.view.View.performClick(View.java:5637)
09-01 09:40:37.691 W/System.err( 1948): 	at android.view.View$PerformClick.run(View.java:22429)
09-01 09:40:37.691 W/System.err( 1948): 	at android.os.Handler.handleCallback(Handler.java:751)
09-01 09:40:37.691 W/System.err( 1948): 	at android.os.Handler.dispatchMessage(Handler.java:95)
09-01 09:40:37.691 W/System.err( 1948): 	at android.os.Looper.loop(Looper.java:154)
09-01 09:40:37.691 W/System.err( 1948): 	at android.app.ActivityThread.main(ActivityThread.java:6190)
09-01 09:40:37.691 W/System.err( 1948): 	at java.lang.reflect.Method.invoke(Native Method)
09-01 09:40:37.691 W/System.err( 1948): 	at com.android.internal.os.ZygoteInit$MethodAndArgsCaller.run(ZygoteInit.java:892)
09-01 09:40:37.691 W/System.err( 1948): 	at com.android.internal.os.ZygoteInit.main(ZygoteInit.java:782)
09-01 09:40:37.692 I/ActivityManager( 1282): START u0 {cmp=org.epstudios.epmobile/.Rivaroxaban} from uid 10064 on display 0
09-01 09:40:37.692 W/ActivityManager( 1282): Permission Denial: starting Intent { cmp=org.epstudios.epmobile/.Rivaroxaban } from ProcessRecord{4ccee7c 1948:com.android.intentfuzzer/u0a64} (pid=1948, uid=10064) not exported from uid 10056
09-01 09:40:37.694 W/System.err( 1948): java.lang.Exception: Toast callstack! strTip=Send Intent Failed!
09-01 09:40:37.694 W/System.err( 1948): 	at android.widget.Toast.show(Toast.java:130)
09-01 09:40:37.694 W/System.err( 1948): 	at com.android.intentfuzzer.FuzzerActivity$3.onClick(FuzzerActivity.java:167)
09-01 09:40:37.694 W/System.err( 1948): 	at android.view.View.performClick(View.java:5637)
09-01 09:40:37.694 W/System.err( 1948): 	at android.view.View$PerformClick.run(View.java:22429)
09-01 09:40:37.694 W/System.err( 1948): 	at android.os.Handler.handleCallback(Handler.java:751)
09-01 09:40:37.694 W/System.err( 1948): 	at android.os.Handler.dispatchMessage(Handler.java:95)
09-01 09:40:37.694 W/System.err( 1948): 	at android.os.Looper.loop(Looper.java:154)
09-01 09:40:37.694 W/System.err( 1948): 	at android.app.ActivityThread.main(ActivityThread.java:6190)
09-01 09:40:37.694 W/System.err( 1948): 	at java.lang.reflect.Method.invoke(Native Method)
09-01 09:40:37.694 W/System.err( 1948): 	at com.android.internal.os.ZygoteInit$MethodAndArgsCaller.run(ZygoteInit.java:892)
09-01 09:40:37.694 W/System.err( 1948): 	at com.android.internal.os.ZygoteInit.main(ZygoteInit.java:782)
09-01 09:40:37.699 I/ActivityManager( 1282): START u0 {cmp=org.epstudios.epmobile/.ShortQt} from uid 10064 on display 0
09-01 09:40:37.699 W/ActivityManager( 1282): Permission Denial: starting Intent { cmp=org.epstudios.epmobile/.ShortQt } from ProcessRecord{4ccee7c 1948:com.android.intentfuzzer/u0a64} (pid=1948, uid=10064) not exported from uid 10056
09-01 09:40:37.700 W/System.err( 1948): java.lang.Exception: Toast callstack! strTip=Send Intent Failed!
09-01 09:40:37.700 W/System.err( 1948): 	at android.widget.Toast.show(Toast.java:130)
09-01 09:40:37.700 W/System.err( 1948): 	at com.android.intentfuzzer.FuzzerActivity$3.onClick(FuzzerActivity.java:167)
09-01 09:40:37.700 W/System.err( 1948): 	at android.view.View.performClick(View.java:5637)
09-01 09:40:37.700 W/System.err( 1948): 	at android.view.View$PerformClick.run(View.java:22429)
09-01 09:40:37.700 W/System.err( 1948): 	at android.os.Handler.handleCallback(Handler.java:751)
09-01 09:40:37.700 W/System.err( 1948): 	at android.os.Handler.dispatchMessage(Handler.java:95)
09-01 09:40:37.700 W/System.err( 1948): 	at android.os.Looper.loop(Looper.java:154)
09-01 09:40:37.700 W/System.err( 1948): 	at android.app.ActivityThread.main(ActivityThread.java:6190)
09-01 09:40:37.700 W/System.err( 1948): 	at java.lang.reflect.Method.invoke(Native Method)
09-01 09:40:37.700 W/System.err( 1948): 	at com.android.internal.os.ZygoteInit$MethodAndArgsCaller.run(ZygoteInit.java:892)
09-01 09:40:37.700 W/System.err( 1948): 	at com.android.internal.os.ZygoteInit.main(ZygoteInit.java:782)
09-01 09:40:37.701 I/ActivityManager( 1282): START u0 {cmp=org.epstudios.epmobile/.DrugDoseCalculatorList} from uid 10064 on display 0
09-01 09:40:37.701 W/ActivityManager( 1282): Permission Denial: starting Intent { cmp=org.epstudios.epmobile/.DrugDoseCalculatorList } from ProcessRecord{4ccee7c 1948:com.android.intentfuzzer/u0a64} (pid=1948, uid=10064) not exported from uid 10056
09-01 09:40:37.702 W/System.err( 1948): java.lang.Exception: Toast callstack! strTip=Send Intent Failed!
09-01 09:40:37.702 W/System.err( 1948): 	at android.widget.Toast.show(Toast.java:130)
09-01 09:40:37.702 W/System.err( 1948): 	at com.android.intentfuzzer.FuzzerActivity$3.onClick(FuzzerActivity.java:167)
09-01 09:40:37.702 W/System.err( 1948): 	at android.view.View.performClick(View.java:5637)
09-01 09:40:37.702 W/System.err( 1948): 	at android.view.View$PerformClick.run(View.java:22429)
09-01 09:40:37.702 W/System.err( 1948): 	at android.os.Handler.handleCallback(Handler.java:751)
09-01 09:40:37.702 W/System.err( 1948): 	at android.os.Handler.dispatchMessage(Handler.java:95)
09-01 09:40:37.702 W/System.err( 1948): 	at android.os.Looper.loop(Looper.java:154)
09-01 09:40:37.702 W/System.err( 1948): 	at android.app.ActivityThread.main(ActivityThread.java:6190)
09-01 09:40:37.702 W/System.err( 1948): 	at java.lang.reflect.Method.invoke(Native Method)
09-01 09:40:37.702 W/System.err( 1948): 	at com.android.internal.os.ZygoteInit$MethodAndArgsCaller.run(ZygoteInit.java:892)
09-01 09:40:37.702 W/System.err( 1948): 	at com.android.internal.os.ZygoteInit.main(ZygoteInit.java:782)
09-01 09:40:37.704 I/ActivityManager( 1282): START u0 {cmp=org.epstudios.epmobile/.RiskScoreList} from uid 10064 on display 0
09-01 09:40:37.704 W/ActivityManager( 1282): Permission Denial: starting Intent { cmp=org.epstudios.epmobile/.RiskScoreList } from ProcessRecord{4ccee7c 1948:com.android.intentfuzzer/u0a64} (pid=1948, uid=10064) not exported from uid 10056
09-01 09:40:37.705 W/System.err( 1948): java.lang.Exception: Toast callstack! strTip=Send Intent Failed!
09-01 09:40:37.705 W/System.err( 1948): 	at android.widget.Toast.show(Toast.java:130)
09-01 09:40:37.705 W/System.err( 1948): 	at com.android.intentfuzzer.FuzzerActivity$3.onClick(FuzzerActivity.java:167)
09-01 09:40:37.705 W/System.err( 1948): 	at android.view.View.performClick(View.java:5637)
09-01 09:40:37.705 W/System.err( 1948): 	at android.view.View$PerformClick.run(View.java:22429)
09-01 09:40:37.705 W/System.err( 1948): 	at android.os.Handler.handleCallback(Handler.java:751)
09-01 09:40:37.705 W/System.err( 1948): 	at android.os.Handler.dispatchMessage(Handler.java:95)
09-01 09:40:37.705 W/System.err( 1948): 	at android.os.Looper.loop(Looper.java:154)
09-01 09:40:37.705 W/System.err( 1948): 	at android.app.ActivityThread.main(ActivityThread.java:6190)
09-01 09:40:37.705 W/System.err( 1948): 	at java.lang.reflect.Method.invoke(Native Method)
09-01 09:40:37.705 W/System.err( 1948): 	at com.android.internal.os.ZygoteInit$MethodAndArgsCaller.run(ZygoteInit.java:892)
09-01 09:40:37.705 W/System.err( 1948): 	at com.android.internal.os.ZygoteInit.main(ZygoteInit.java:782)
09-01 09:40:37.707 I/ActivityManager( 1282): START u0 {cmp=org.epstudios.epmobile/.Hcm} from uid 10064 on display 0
09-01 09:40:37.707 W/ActivityManager( 1282): Permission Denial: starting Intent { cmp=org.epstudios.epmobile/.Hcm } from ProcessRecord{4ccee7c 1948:com.android.intentfuzzer/u0a64} (pid=1948, uid=10064) not exported from uid 10056
09-01 09:40:37.708 W/System.err( 1948): java.lang.Exception: Toast callstack! strTip=Send Intent Failed!
09-01 09:40:37.708 W/System.err( 1948): 	at android.widget.Toast.show(Toast.java:130)
09-01 09:40:37.708 W/System.err( 1948): 	at com.android.intentfuzzer.FuzzerActivity$3.onClick(FuzzerActivity.java:167)
09-01 09:40:37.709 W/System.err( 1948): 	at android.view.View.performClick(View.java:5637)
09-01 09:40:37.709 W/System.err( 1948): 	at android.view.View$PerformClick.run(View.java:22429)
09-01 09:40:37.709 W/System.err( 1948): 	at android.os.Handler.handleCallback(Handler.java:751)
09-01 09:40:37.709 W/System.err( 1948): 	at android.os.Handler.dispatchMessage(Handler.java:95)
09-01 09:40:37.709 W/System.err( 1948): 	at android.os.Looper.loop(Looper.java:154)
09-01 09:40:37.709 W/System.err( 1948): 	at android.app.ActivityThread.main(ActivityThread.java:6190)
09-01 09:40:37.709 W/System.err( 1948): 	at java.lang.reflect.Method.invoke(Native Method)
09-01 09:40:37.709 W/System.err( 1948): 	at com.android.internal.os.ZygoteInit$MethodAndArgsCaller.run(ZygoteInit.java:892)
09-01 09:40:37.709 W/System.err( 1948): 	at com.android.internal.os.ZygoteInit.main(ZygoteInit.java:782)
09-01 09:40:37.709 I/ActivityManager( 1282): START u0 {cmp=org.epstudios.epmobile/.CmsIcd} from uid 10064 on display 0
09-01 09:40:37.710 W/ActivityManager( 1282): Permission Denial: starting Intent { cmp=org.epstudios.epmobile/.CmsIcd } from ProcessRecord{4ccee7c 1948:com.android.intentfuzzer/u0a64} (pid=1948, uid=10064) not exported from uid 10056
09-01 09:40:37.711 W/System.err( 1948): java.lang.Exception: Toast callstack! strTip=Send Intent Failed!
09-01 09:40:37.711 W/System.err( 1948): 	at android.widget.Toast.show(Toast.java:130)
09-01 09:40:37.711 W/System.err( 1948): 	at com.android.intentfuzzer.FuzzerActivity$3.onClick(FuzzerActivity.java:167)
09-01 09:40:37.711 W/System.err( 1948): 	at android.view.View.performClick(View.java:5637)
09-01 09:40:37.711 W/System.err( 1948): 	at android.view.View$PerformClick.run(View.java:22429)
09-01 09:40:37.711 W/System.err( 1948): 	at android.os.Handler.handleCallback(Handler.java:751)
09-01 09:40:37.711 W/System.err( 1948): 	at android.os.Handler.dispatchMessage(Handler.java:95)
09-01 09:40:37.711 W/System.err( 1948): 	at android.os.Looper.loop(Looper.java:154)
09-01 09:40:37.711 W/System.err( 1948): 	at android.app.ActivityThread.main(ActivityThread.java:6190)
09-01 09:40:37.711 W/System.err( 1948): 	at java.lang.reflect.Method.invoke(Native Method)
09-01 09:40:37.711 W/System.err( 1948): 	at com.android.internal.os.ZygoteInit$MethodAndArgsCaller.run(ZygoteInit.java:892)
09-01 09:40:37.711 W/System.err( 1948): 	at com.android.internal.os.ZygoteInit.main(ZygoteInit.java:782)
09-01 09:40:37.712 I/ActivityManager( 1282): START u0 {cmp=org.epstudios.epmobile/.Hemorrhages} from uid 10064 on display 0
09-01 09:40:37.712 W/ActivityManager( 1282): Permission Denial: starting Intent { cmp=org.epstudios.epmobile/.Hemorrhages } from ProcessRecord{4ccee7c 1948:com.android.intentfuzzer/u0a64} (pid=1948, uid=10064) not exported from uid 10056
09-01 09:40:37.713 W/System.err( 1948): java.lang.Exception: Toast callstack! strTip=Send Intent Failed!
09-01 09:40:37.713 W/System.err( 1948): 	at android.widget.Toast.show(Toast.java:130)
09-01 09:40:37.713 W/System.err( 1948): 	at com.android.intentfuzzer.FuzzerActivity$3.onClick(FuzzerActivity.java:167)
09-01 09:40:37.713 W/System.err( 1948): 	at android.view.View.performClick(View.java:5637)
09-01 09:40:37.713 W/System.err( 1948): 	at android.view.View$PerformClick.run(View.java:22429)
09-01 09:40:37.713 W/System.err( 1948): 	at android.os.Handler.handleCallback(Handler.java:751)
09-01 09:40:37.713 W/System.err( 1948): 	at android.os.Handler.dispatchMessage(Handler.java:95)
09-01 09:40:37.714 W/System.err( 1948): 	at android.os.Looper.loop(Looper.java:154)
09-01 09:40:37.714 W/System.err( 1948): 	at android.app.ActivityThread.main(ActivityThread.java:6190)
09-01 09:40:37.714 W/System.err( 1948): 	at java.lang.reflect.Method.invoke(Native Method)
09-01 09:40:37.714 W/System.err( 1948): 	at com.android.internal.os.ZygoteInit$MethodAndArgsCaller.run(ZygoteInit.java:892)
09-01 09:40:37.714 W/System.err( 1948): 	at com.android.internal.os.ZygoteInit.main(ZygoteInit.java:782)
09-01 09:40:37.715 I/ActivityManager( 1282): START u0 {cmp=org.epstudios.epmobile/.WpwAlgorithmList} from uid 10064 on display 0
09-01 09:40:37.715 W/ActivityManager( 1282): Permission Denial: starting Intent { cmp=org.epstudios.epmobile/.WpwAlgorithmList } from ProcessRecord{4ccee7c 1948:com.android.intentfuzzer/u0a64} (pid=1948, uid=10064) not exported from uid 10056
09-01 09:40:37.716 W/System.err( 1948): java.lang.Exception: Toast callstack! strTip=Send Intent Failed!
09-01 09:40:37.716 W/System.err( 1948): 	at android.widget.Toast.show(Toast.java:130)
09-01 09:40:37.716 W/System.err( 1948): 	at com.android.intentfuzzer.FuzzerActivity$3.onClick(FuzzerActivity.java:167)
09-01 09:40:37.716 W/System.err( 1948): 	at android.view.View.performClick(View.java:5637)
09-01 09:40:37.716 W/System.err( 1948): 	at android.view.View$PerformClick.run(View.java:22429)
09-01 09:40:37.716 W/System.err( 1948): 	at android.os.Handler.handleCallback(Handler.java:751)
09-01 09:40:37.716 W/System.err( 1948): 	at android.os.Handler.dispatchMessage(Handler.java:95)
09-01 09:40:37.716 W/System.err( 1948): 	at android.os.Looper.loop(Looper.java:154)
09-01 09:40:37.716 W/System.err( 1948): 	at android.app.ActivityThread.main(ActivityThread.java:6190)
09-01 09:40:37.716 W/System.err( 1948): 	at java.lang.reflect.Method.invoke(Native Method)
09-01 09:40:37.716 W/System.err( 1948): 	at com.android.internal.os.ZygoteInit$MethodAndArgsCaller.run(ZygoteInit.java:892)
09-01 09:40:37.716 W/System.err( 1948): 	at com.android.internal.os.ZygoteInit.main(ZygoteInit.java:782)
09-01 09:40:37.717 I/ActivityManager( 1282): START u0 {cmp=org.epstudios.epmobile/.WpwArruda} from uid 10064 on display 0
09-01 09:40:37.717 W/ActivityManager( 1282): Permission Denial: starting Intent { cmp=org.epstudios.epmobile/.WpwArruda } from ProcessRecord{4ccee7c 1948:com.android.intentfuzzer/u0a64} (pid=1948, uid=10064) not exported from uid 10056
09-01 09:40:37.720 W/System.err( 1948): java.lang.Exception: Toast callstack! strTip=Send Intent Failed!
09-01 09:40:37.721 W/System.err( 1948): 	at android.widget.Toast.show(Toast.java:130)
09-01 09:40:37.721 W/System.err( 1948): 	at com.android.intentfuzzer.FuzzerActivity$3.onClick(FuzzerActivity.java:167)
09-01 09:40:37.721 W/System.err( 1948): 	at android.view.View.performClick(View.java:5637)
09-01 09:40:37.721 W/System.err( 1948): 	at android.view.View$PerformClick.run(View.java:22429)
09-01 09:40:37.721 W/System.err( 1948): 	at android.os.Handler.handleCallback(Handler.java:751)
09-01 09:40:37.721 W/System.err( 1948): 	at android.os.Handler.dispatchMessage(Handler.java:95)
09-01 09:40:37.721 W/System.err( 1948): 	at android.os.Looper.loop(Looper.java:154)
09-01 09:40:37.721 W/System.err( 1948): 	at android.app.ActivityThread.main(ActivityThread.java:6190)
09-01 09:40:37.721 W/System.err( 1948): 	at java.lang.reflect.Method.invoke(Native Method)
09-01 09:40:37.721 W/System.err( 1948): 	at com.android.internal.os.ZygoteInit$MethodAndArgsCaller.run(ZygoteInit.java:892)
09-01 09:40:37.721 W/System.err( 1948): 	at com.android.internal.os.ZygoteInit.main(ZygoteInit.java:782)
09-01 09:40:37.722 I/ActivityManager( 1282): START u0 {cmp=org.epstudios.epmobile/.AvAnnulusMap} from uid 10064 on display 0
09-01 09:40:37.722 W/ActivityManager( 1282): Permission Denial: starting Intent { cmp=org.epstudios.epmobile/.AvAnnulusMap } from ProcessRecord{4ccee7c 1948:com.android.intentfuzzer/u0a64} (pid=1948, uid=10064) not exported from uid 10056
