08-31 14:55:40.727 W/System.err( 1281): java.lang.Exception: show AlertDialog! title=OpenKeychain
08-31 14:55:40.727 W/System.err( 1281): 	at android.app.AlertDialog.show(AlertDialog.java:134)
08-31 14:55:40.727 W/System.err( 1281): 	at com.android.server.am.AppErrors.handleShowAppErrorUi(AppErrors.java:719)
08-31 14:55:40.727 W/System.err( 1281): 	at com.android.server.am.ActivityManagerService$UiHandler.handleMessage(ActivityManagerService.java:1637)
08-31 14:55:40.727 W/System.err( 1281): 	at android.os.Handler.dispatchMessage(Handler.java:102)
08-31 14:55:40.727 W/System.err( 1281): 	at android.os.Looper.loop(Looper.java:154)
08-31 14:55:40.727 W/System.err( 1281): 	at android.os.HandlerThread.run(HandlerThread.java:61)
08-31 14:55:40.727 W/System.err( 1281): 	at com.android.server.ServiceThread.run(ServiceThread.java:46)
08-31 14:55:40.730 W/System  ( 2091): ClassLoader referenced unknown path: /system/app/Chrome/lib/x86
08-31 14:55:40.741 I/WindowManager( 1281): Failed to capture screenshot of Token{261f728 ActivityRecord{6e7e14b u0 org.sufficientlysecure.keychain/.ui.DebugActionsActivity t3 f}} appWin=Window{aa12b9b u0 Starting org.sufficientlysecure.keychain} drawState=4
08-31 14:55:40.795 I/HostConnection( 1281): HostConnection::HostConnection: pid=1281, tid=1989, this=0x7fffcdb9dd60
08-31 14:55:40.797 I/        ( 1281): fastpipe: Connect success
08-31 14:55:40.799 D/HostConnection( 1281): HostRPC::connect sucess: app=system_server, pid=1281, tid=1989, this=0x7fffcb5f2f00
08-31 14:55:40.807 D/SystemJobScheduler( 2071): Scheduling work ID e6f4b1b1-5d6e-4d6e-a4a1-1b218570f4be Job ID 0
08-31 14:55:40.808 D/HostConnection( 1281): queryAndSetGLESMaxVersion select gles-version: 3.1 hostGLVersion:46 process:system_server
08-31 14:55:40.809 I/OpenGLRenderer( 1281): Initialized EGL, version 1.4
08-31 14:55:40.809 D/OpenGLRenderer( 1281): Swap behavior 1
08-31 14:55:40.809 I/EGL_adreno( 1281): eglCreateContext request GLES major-version=2
08-31 14:55:40.821 D/SystemJobScheduler( 2071): Scheduling work ID e6f4b1b1-5d6e-4d6e-a4a1-1b218570f4be Job ID 1
08-31 14:55:40.833 D/SystemJobScheduler( 2071): Scheduling work ID 505a617e-9e8c-4190-bcce-d2e5adc899e9 Job ID 2
08-31 14:55:40.846 D/Processor( 2071): Processor: processing e6f4b1b1-5d6e-4d6e-a4a1-1b218570f4be
08-31 14:55:40.887 D/EGL_adreno( 1281): eglCreateContext: 0x7fffccffacc0: maj 3 min 1 rcv 4
08-31 14:55:40.898 D/SystemJobScheduler( 2071): Scheduling work ID 505a617e-9e8c-4190-bcce-d2e5adc899e9 Job ID 3
08-31 14:55:40.915 D/Processor( 2071): Work e6f4b1b1-5d6e-4d6e-a4a1-1b218570f4be is already enqueued for processing
08-31 14:55:40.977 D/WorkerWrapper( 2071): Worker result SUCCESS for e6f4b1b1-5d6e-4d6e-a4a1-1b218570f4be
08-31 14:55:41.004 D/EGL_adreno( 1281): eglMakeCurrent: 0x7fffccffacc0: ver 3 1 (tinfo 0x7fffcdb14d40)
08-31 14:55:41.054 E/EGL_adreno( 1281): tid 1989: eglSurfaceAttrib(1338): error 0x3009 (EGL_BAD_MATCH)
08-31 14:55:41.054 W/OpenGLRenderer( 1281): Failed to set EGL_SWAP_BEHAVIOR on surface 0x7fffccfcce80, error=EGL_BAD_MATCH
08-31 14:55:41.059 D/EGL_adreno( 1281): eglMakeCurrent: 0x7fffccffacc0: ver 3 1 (tinfo 0x7fffcdb14d40)
08-31 14:55:41.178 I/ContactDirectoryManager( 1835): deleted 0 stale rows which don't have any relevant directory
08-31 14:55:41.210 I/ContactDirectoryManager( 1835): Discovered 0 contact directories in 310ms
08-31 14:55:41.226 W/ActivityManager( 1281): Activity pause timeout for ActivityRecord{6e7e14b u0 org.sufficientlysecure.keychain/.ui.DebugActionsActivity t3 f}
08-31 14:55:41.232 I/LoadedApk( 2091): No resource references to update in package com.android.chrome.cablev2_authenticator
08-31 14:55:41.233 I/LoadedApk( 2091): No resource references to update in package com.android.chrome.autofill_assistant
08-31 14:55:41.234 I/LoadedApk( 2091): No resource references to update in package com.android.chrome.chime
08-31 14:55:41.235 I/LoadedApk( 2091): No resource references to update in package com.android.chrome.dev_ui
08-31 14:55:41.243 I/LoadedApk( 2091): No resource references to update in package com.android.chrome.stack_unwinder
08-31 14:55:41.244 I/LoadedApk( 2091): No resource references to update in package com.android.chrome.test_dummy
08-31 14:55:41.296 W/ContextImpl( 1676): Calling a method in the system process without a qualified user: android.app.ContextImpl.startService:1358 android.content.ContextWrapper.startService:613 android.content.ContextWrapper.startService:613 com.android.coreservice.CoreBroadcastReceiver.onReceive:53 android.app.ActivityThread.handleReceiver:3073 
08-31 14:55:41.300 W/ContextImpl( 1676): Calling a method in the system process without a qualified user: android.app.ContextImpl.startService:1358 android.content.ContextWrapper.startService:613 android.content.ContextWrapper.startService:613 com.android.coreservice.CoreBroadcastReceiver.onReceive:53 android.app.ActivityThread.handleReceiver:3073 
08-31 14:55:41.304 W/ContextImpl( 1676): Calling a method in the system process without a qualified user: android.app.ContextImpl.startService:1358 android.content.ContextWrapper.startService:613 android.content.ContextWrapper.startService:613 com.android.coreservice.CoreBroadcastReceiver.onReceive:44 android.app.ActivityThread.handleReceiver:3073 
08-31 14:55:41.598 I/CalendarProvider2( 1869): Sending notification intent: Intent { act=android.intent.action.PROVIDER_CHANGED dat=content://com.android.calendar flg=0x20000000 }
08-31 14:55:41.599 W/ContentResolver( 1869): Failed to get type for: content://com.android.calendar (Unknown URL content://com.android.calendar)
08-31 14:55:41.641 W/System  ( 2108): ClassLoader referenced unknown path: /data/app/org.sufficientlysecure.keychain-1/lib/x86_64
08-31 14:55:42.415 D/audio_hw_hal( 1087): log_func, out_standby
08-31 14:55:42.415 D/audio_hw_hal( 1087): raw_close_output_stream, dev=0xf6e480c0, stream =0xf6e43140
08-31 14:55:42.415 D/audio_hw_hal( 1087): raw_close_output_stream, stream=0xf6e43140,  success!
08-31 14:55:42.841 D/EGL_adreno( 1935): eglMakeCurrent: 0x7fffeb454c20: ver 3 1 (tinfo 0x7fffeb40d8a0)
08-31 14:55:42.856 W/WindowManager( 1281): Attempted to remove non-existing token: android.os.Binder@6cafb38
08-31 14:55:42.984 E/EGL_adreno( 1935): tid 1952: eglSurfaceAttrib(1338): error 0x3009 (EGL_BAD_MATCH)
08-31 14:55:42.984 W/OpenGLRenderer( 1935): Failed to set EGL_SWAP_BEHAVIOR on surface 0x7fffeb5e2fc0, error=EGL_BAD_MATCH
08-31 14:55:42.986 D/EGL_adreno( 1935): eglMakeCurrent: 0x7fffeb454c20: ver 3 1 (tinfo 0x7fffeb40d8a0)
08-31 14:55:46.366 D/EGL_adreno( 1935): eglMakeCurrent: 0x7fffeb454c20: ver 3 1 (tinfo 0x7fffeb40d8a0)
08-31 14:55:46.373 W/WindowManager( 1281): Attempted to remove non-existing token: android.os.Binder@fd092e4
08-31 14:55:46.374 W/WindowManager( 1281): Failed looking up window
08-31 14:55:46.374 W/WindowManager( 1281): java.lang.IllegalArgumentException: Requested window android.view.ViewRootImpl$W@e1823aa does not exist
08-31 14:55:46.374 W/WindowManager( 1281): 	at com.android.server.wm.WindowManagerService.windowForClientLocked(WindowManagerService.java:9459)
08-31 14:55:46.374 W/WindowManager( 1281): 	at com.android.server.wm.WindowManagerService.windowForClientLocked(WindowManagerService.java:9450)
08-31 14:55:46.374 W/WindowManager( 1281): 	at com.android.server.wm.WindowManagerService.removeWindow(WindowManagerService.java:2410)
08-31 14:55:46.374 W/WindowManager( 1281): 	at com.android.server.wm.Session.remove(Session.java:202)
08-31 14:55:46.374 W/WindowManager( 1281): 	at android.view.ViewRootImpl.dispatchDetachedFromWindow(ViewRootImpl.java:3290)
08-31 14:55:46.374 W/WindowManager( 1281): 	at android.view.ViewRootImpl.doDie(ViewRootImpl.java:5917)
08-31 14:55:46.374 W/WindowManager( 1281): 	at android.view.ViewRootImpl$ViewRootHandler.handleMessage(ViewRootImpl.java:3626)
08-31 14:55:46.374 W/WindowManager( 1281): 	at android.os.Handler.dispatchMessage(Handler.java:102)
08-31 14:55:46.374 W/WindowManager( 1281): 	at android.os.Looper.loop(Looper.java:154)
08-31 14:55:46.374 W/WindowManager( 1281): 	at android.os.HandlerThread.run(HandlerThread.java:61)
08-31 14:55:46.374 W/WindowManager( 1281): 	at com.android.server.ServiceThread.run(ServiceThread.java:46)
08-31 14:55:46.495 E/EGL_adreno( 1935): tid 1952: eglSurfaceAttrib(1338): error 0x3009 (EGL_BAD_MATCH)
08-31 14:55:46.495 W/OpenGLRenderer( 1935): Failed to set EGL_SWAP_BEHAVIOR on surface 0x7fffeb5e2fc0, error=EGL_BAD_MATCH
08-31 14:55:46.497 D/EGL_adreno( 1935): eglMakeCurrent: 0x7fffeb454c20: ver 3 1 (tinfo 0x7fffeb40d8a0)
08-31 14:55:49.325 W/ActivityManager( 1281): Launch timeout has expired, giving up wake lock!
08-31 14:55:49.884 D/EGL_adreno( 1935): eglMakeCurrent: 0x7fffeb454c20: ver 3 1 (tinfo 0x7fffeb40d8a0)
08-31 14:55:49.889 W/WindowManager( 1281): Attempted to remove non-existing token: android.os.Binder@8e8334d
08-31 14:55:50.106 E/EGL_adreno( 1935): tid 1952: eglSurfaceAttrib(1338): error 0x3009 (EGL_BAD_MATCH)
08-31 14:55:50.106 W/OpenGLRenderer( 1935): Failed to set EGL_SWAP_BEHAVIOR on surface 0x7fffeb5e2fc0, error=EGL_BAD_MATCH
08-31 14:55:50.109 D/EGL_adreno( 1935): eglMakeCurrent: 0x7fffeb454c20: ver 3 1 (tinfo 0x7fffeb40d8a0)
08-31 14:55:50.410 I/InputReader( 1281): Reconfiguring input devices.  changes=0x00000010
08-31 14:55:50.420 W/ResourceType( 1281): No known package when getting value for resource number 0x7f0800a4
08-31 14:55:50.421 W/ResourceType( 1281): No known package when getting value for resource number 0x7f11006b
08-31 14:55:50.421 W/ResourceType( 1281): No known package when getting value for resource number 0x7f11006b
08-31 14:55:50.439 W/ResourceType( 1281): No known package when getting value for resource number 0x7f0800b5
08-31 14:55:50.439 W/ResourceType( 1281): No known package when getting value for resource number 0x7f110068
08-31 14:55:50.439 W/ResourceType( 1281): No known package when getting value for resource number 0x7f110068
08-31 14:55:50.496 E/PhoneInterfaceManager( 1538): [PhoneIntfMgr] getCarrierPackageNamesForIntent: No UICC
08-31 14:55:50.496 D/CarrierSvcBindHelper( 1538): No carrier app for: 0
08-31 14:55:50.540 W/Searchables( 1281): No global search activity found
08-31 14:55:50.809 I/Launcher( 1726): Deferring update until onResume
08-31 14:55:50.839 W/BackupManagerService( 1281): dataChanged but no participant pkg='com.android.launcher3' uid=10028
08-31 14:55:50.840 I/Launcher( 1726): Deferring update until onResume
08-31 14:55:50.998 I/Launcher( 1726): Deferring update until onResume
08-31 14:55:53.462 D/EGL_adreno( 1935): eglMakeCurrent: 0x7fffeb454c20: ver 3 1 (tinfo 0x7fffeb40d8a0)
08-31 14:55:53.473 W/WindowManager( 1281): Attempted to remove non-existing token: android.os.Binder@50d7e02
08-31 14:55:53.575 E/EGL_adreno( 1935): tid 1952: eglSurfaceAttrib(1338): error 0x3009 (EGL_BAD_MATCH)
08-31 14:55:53.575 W/OpenGLRenderer( 1935): Failed to set EGL_SWAP_BEHAVIOR on surface 0x7fffeb5e2fc0, error=EGL_BAD_MATCH
08-31 14:55:53.577 D/EGL_adreno( 1935): eglMakeCurrent: 0x7fffeb454c20: ver 3 1 (tinfo 0x7fffeb40d8a0)
08-31 14:55:53.850 E/JobServiceContext( 1281): Time-out while trying to bind cc0a1a0 #u0a61/0 org.sufficientlysecure.keychain/androidx.work.impl.background.systemjob.SystemJobService, dropping.
08-31 14:55:53.850 E/JobServiceContext( 1281): Time-out while trying to bind 103c159 #u0a61/1 org.sufficientlysecure.keychain/androidx.work.impl.background.systemjob.SystemJobService, dropping.
08-31 14:55:56.977 D/EGL_adreno( 1935): eglMakeCurrent: 0x7fffeb454c20: ver 3 1 (tinfo 0x7fffeb40d8a0)
08-31 14:55:56.990 W/WindowManager( 1281): Attempted to remove non-existing token: android.os.Binder@aaf7313
08-31 14:55:57.095 E/EGL_adreno( 1935): tid 1952: eglSurfaceAttrib(1338): error 0x3009 (EGL_BAD_MATCH)
08-31 14:55:57.095 W/OpenGLRenderer( 1935): Failed to set EGL_SWAP_BEHAVIOR on surface 0x7fffeb5e2fc0, error=EGL_BAD_MATCH
08-31 14:55:57.097 D/EGL_adreno( 1935): eglMakeCurrent: 0x7fffeb454c20: ver 3 1 (tinfo 0x7fffeb40d8a0)
08-31 14:56:00.495 D/EGL_adreno( 1935): eglMakeCurrent: 0x7fffeb454c20: ver 3 1 (tinfo 0x7fffeb40d8a0)
08-31 14:56:00.506 W/WindowManager( 1281): Attempted to remove non-existing token: android.os.Binder@2942d6f
08-31 14:56:00.610 E/EGL_adreno( 1935): tid 1952: eglSurfaceAttrib(1338): error 0x3009 (EGL_BAD_MATCH)
08-31 14:56:00.610 W/OpenGLRenderer( 1935): Failed to set EGL_SWAP_BEHAVIOR on surface 0x7fffeb5e2fc0, error=EGL_BAD_MATCH
08-31 14:56:00.612 D/EGL_adreno( 1935): eglMakeCurrent: 0x7fffeb454c20: ver 3 1 (tinfo 0x7fffeb40d8a0)
08-31 14:56:04.013 D/EGL_adreno( 1935): eglMakeCurrent: 0x7fffeb454c20: ver 3 1 (tinfo 0x7fffeb40d8a0)
08-31 14:56:04.023 W/WindowManager( 1281): Attempted to remove non-existing token: android.os.Binder@1c95a7c
08-31 14:56:04.151 E/EGL_adreno( 1935): tid 1952: eglSurfaceAttrib(1338): error 0x3009 (EGL_BAD_MATCH)
08-31 14:56:04.151 W/OpenGLRenderer( 1935): Failed to set EGL_SWAP_BEHAVIOR on surface 0x7fffeb5e2fc0, error=EGL_BAD_MATCH
08-31 14:56:04.157 D/EGL_adreno( 1935): eglMakeCurrent: 0x7fffeb454c20: ver 3 1 (tinfo 0x7fffeb40d8a0)
08-31 14:56:07.528 D/EGL_adreno( 1935): eglMakeCurrent: 0x7fffeb454c20: ver 3 1 (tinfo 0x7fffeb40d8a0)
08-31 14:56:07.540 W/WindowManager( 1281): Attempted to remove non-existing token: android.os.Binder@f8fa268
08-31 14:56:07.647 E/EGL_adreno( 1935): tid 1952: eglSurfaceAttrib(1338): error 0x3009 (EGL_BAD_MATCH)
08-31 14:56:07.647 W/OpenGLRenderer( 1935): Failed to set EGL_SWAP_BEHAVIOR on surface 0x7fffeb5e2fc0, error=EGL_BAD_MATCH
08-31 14:56:07.650 D/EGL_adreno( 1935): eglMakeCurrent: 0x7fffeb454c20: ver 3 1 (tinfo 0x7fffeb40d8a0)
08-31 14:56:11.046 D/EGL_adreno( 1935): eglMakeCurrent: 0x7fffeb454c20: ver 3 1 (tinfo 0x7fffeb40d8a0)
08-31 14:56:11.056 W/WindowManager( 1281): Attempted to remove non-existing token: android.os.Binder@ef07d14
08-31 14:56:11.154 E/EGL_adreno( 1935): tid 1952: eglSurfaceAttrib(1338): error 0x3009 (EGL_BAD_MATCH)
08-31 14:56:11.154 W/OpenGLRenderer( 1935): Failed to set EGL_SWAP_BEHAVIOR on surface 0x7fffeb5e2fc0, error=EGL_BAD_MATCH
08-31 14:56:11.158 D/EGL_adreno( 1935): eglMakeCurrent: 0x7fffeb454c20: ver 3 1 (tinfo 0x7fffeb40d8a0)
08-31 14:56:13.858 W/ActivityManager( 1281): Timeout executing service: ServiceRecord{28ab2c9 u0 org.sufficientlysecure.keychain/androidx.work.impl.background.systemjob.SystemJobService}
08-31 14:56:13.875 I/ActivityManager( 1281): Crashing app skipping ANR: ProcessRecord{db31bf 2071:org.sufficientlysecure.keychain/u0a61} executing service org.sufficientlysecure.keychain/androidx.work.impl.background.systemjob.SystemJobService
08-31 14:56:14.562 D/EGL_adreno( 1935): eglMakeCurrent: 0x7fffeb454c20: ver 3 1 (tinfo 0x7fffeb40d8a0)
08-31 14:56:14.572 W/WindowManager( 1281): Attempted to remove non-existing token: android.os.Binder@3f989bd
08-31 14:56:14.693 E/EGL_adreno( 1935): tid 1952: eglSurfaceAttrib(1338): error 0x3009 (EGL_BAD_MATCH)
08-31 14:56:14.693 W/OpenGLRenderer( 1935): Failed to set EGL_SWAP_BEHAVIOR on surface 0x7fffeb5e2fc0, error=EGL_BAD_MATCH
08-31 14:56:14.707 D/EGL_adreno( 1935): eglMakeCurrent: 0x7fffeb454c20: ver 3 1 (tinfo 0x7fffeb40d8a0)
08-31 14:56:18.080 D/EGL_adreno( 1935): eglMakeCurrent: 0x7fffeb454c20: ver 3 1 (tinfo 0x7fffeb40d8a0)
08-31 14:56:18.089 W/WindowManager( 1281): Attempted to remove non-existing token: android.os.Binder@5ba04b9
08-31 14:56:18.201 E/EGL_adreno( 1935): tid 1952: eglSurfaceAttrib(1338): error 0x3009 (EGL_BAD_MATCH)
08-31 14:56:18.201 W/OpenGLRenderer( 1935): Failed to set EGL_SWAP_BEHAVIOR on surface 0x7fffeb5e2fc0, error=EGL_BAD_MATCH
08-31 14:56:18.204 D/EGL_adreno( 1935): eglMakeCurrent: 0x7fffeb454c20: ver 3 1 (tinfo 0x7fffeb40d8a0)
08-31 14:56:21.596 D/EGL_adreno( 1935): eglMakeCurrent: 0x7fffeb454c20: ver 3 1 (tinfo 0x7fffeb40d8a0)
08-31 14:56:21.606 W/WindowManager( 1281): Attempted to remove non-existing token: android.os.Binder@dba90fe
08-31 14:56:21.711 E/EGL_adreno( 1935): tid 1952: eglSurfaceAttrib(1338): error 0x3009 (EGL_BAD_MATCH)
08-31 14:56:21.711 W/OpenGLRenderer( 1935): Failed to set EGL_SWAP_BEHAVIOR on surface 0x7fffeb5e2fc0, error=EGL_BAD_MATCH
08-31 14:56:21.712 D/EGL_adreno( 1935): eglMakeCurrent: 0x7fffeb454c20: ver 3 1 (tinfo 0x7fffeb40d8a0)
08-31 14:56:25.113 D/EGL_adreno( 1935): eglMakeCurrent: 0x7fffeb454c20: ver 3 1 (tinfo 0x7fffeb40d8a0)
08-31 14:56:25.123 W/WindowManager( 1281): Attempted to remove non-existing token: android.os.Binder@311505f
08-31 14:56:25.228 E/EGL_adreno( 1935): tid 1952: eglSurfaceAttrib(1338): error 0x3009 (EGL_BAD_MATCH)
08-31 14:56:25.228 W/OpenGLRenderer( 1935): Failed to set EGL_SWAP_BEHAVIOR on surface 0x7fffeb5e2fc0, error=EGL_BAD_MATCH
08-31 14:56:25.231 D/EGL_adreno( 1935): eglMakeCurrent: 0x7fffeb454c20: ver 3 1 (tinfo 0x7fffeb40d8a0)
08-31 14:56:28.630 D/EGL_adreno( 1935): eglMakeCurrent: 0x7fffeb454c20: ver 3 1 (tinfo 0x7fffeb40d8a0)
08-31 14:56:28.639 W/WindowManager( 1281): Attempted to remove non-existing token: android.os.Binder@5a4937b
08-31 14:56:28.751 E/EGL_adreno( 1935): tid 1952: eglSurfaceAttrib(1338): error 0x3009 (EGL_BAD_MATCH)
08-31 14:56:28.751 W/OpenGLRenderer( 1935): Failed to set EGL_SWAP_BEHAVIOR on surface 0x7fffeb5e2fc0, error=EGL_BAD_MATCH
08-31 14:56:28.757 D/EGL_adreno( 1935): eglMakeCurrent: 0x7fffeb454c20: ver 3 1 (tinfo 0x7fffeb40d8a0)
08-31 14:56:32.145 D/EGL_adreno( 1935): eglMakeCurrent: 0x7fffeb454c20: ver 3 1 (tinfo 0x7fffeb40d8a0)
08-31 14:56:32.156 W/WindowManager( 1281): Attempted to remove non-existing token: android.os.Binder@8247598
08-31 14:56:32.263 E/EGL_adreno( 1935): tid 1952: eglSurfaceAttrib(1338): error 0x3009 (EGL_BAD_MATCH)
08-31 14:56:32.263 W/OpenGLRenderer( 1935): Failed to set EGL_SWAP_BEHAVIOR on surface 0x7fffeb5e2fc0, error=EGL_BAD_MATCH
08-31 14:56:32.265 D/EGL_adreno( 1935): eglMakeCurrent: 0x7fffeb454c20: ver 3 1 (tinfo 0x7fffeb40d8a0)
08-31 14:56:35.664 D/EGL_adreno( 1935): eglMakeCurrent: 0x7fffeb454c20: ver 3 1 (tinfo 0x7fffeb40d8a0)
08-31 14:56:35.672 W/WindowManager( 1281): Attempted to remove non-existing token: android.os.Binder@eea91f1
08-31 14:56:35.793 E/EGL_adreno( 1935): tid 1952: eglSurfaceAttrib(1338): error 0x3009 (EGL_BAD_MATCH)
08-31 14:56:35.793 W/OpenGLRenderer( 1935): Failed to set EGL_SWAP_BEHAVIOR on surface 0x7fffeb5e2fc0, error=EGL_BAD_MATCH
08-31 14:56:35.795 D/EGL_adreno( 1935): eglMakeCurrent: 0x7fffeb454c20: ver 3 1 (tinfo 0x7fffeb40d8a0)
08-31 14:56:39.179 D/EGL_adreno( 1935): eglMakeCurrent: 0x7fffeb454c20: ver 3 1 (tinfo 0x7fffeb40d8a0)
08-31 14:56:39.189 W/WindowManager( 1281): Attempted to remove non-existing token: android.os.Binder@3bdc1d6
08-31 14:56:39.291 E/EGL_adreno( 1935): tid 1952: eglSurfaceAttrib(1338): error 0x3009 (EGL_BAD_MATCH)
08-31 14:56:39.291 W/OpenGLRenderer( 1935): Failed to set EGL_SWAP_BEHAVIOR on surface 0x7fffeb5e2fc0, error=EGL_BAD_MATCH
08-31 14:56:39.292 D/EGL_adreno( 1935): eglMakeCurrent: 0x7fffeb454c20: ver 3 1 (tinfo 0x7fffeb40d8a0)
08-31 14:56:42.696 D/EGL_adreno( 1935): eglMakeCurrent: 0x7fffeb454c20: ver 3 1 (tinfo 0x7fffeb40d8a0)
08-31 14:56:42.706 W/WindowManager( 1281): Attempted to remove non-existing token: android.os.Binder@a5eec57
08-31 14:56:42.810 E/EGL_adreno( 1935): tid 1952: eglSurfaceAttrib(1338): error 0x3009 (EGL_BAD_MATCH)
08-31 14:56:42.810 W/OpenGLRenderer( 1935): Failed to set EGL_SWAP_BEHAVIOR on surface 0x7fffeb5e2fc0, error=EGL_BAD_MATCH
08-31 14:56:42.811 D/EGL_adreno( 1935): eglMakeCurrent: 0x7fffeb454c20: ver 3 1 (tinfo 0x7fffeb40d8a0)
08-31 14:56:46.212 D/EGL_adreno( 1935): eglMakeCurrent: 0x7fffeb454c20: ver 3 1 (tinfo 0x7fffeb40d8a0)
08-31 14:56:46.223 W/WindowManager( 1281): Attempted to remove non-existing token: android.os.Binder@8b75344
08-31 14:56:46.334 E/EGL_adreno( 1935): tid 1952: eglSurfaceAttrib(1338): error 0x3009 (EGL_BAD_MATCH)
08-31 14:56:46.334 W/OpenGLRenderer( 1935): Failed to set EGL_SWAP_BEHAVIOR on surface 0x7fffeb5e2fc0, error=EGL_BAD_MATCH
08-31 14:56:46.336 D/EGL_adreno( 1935): eglMakeCurrent: 0x7fffeb454c20: ver 3 1 (tinfo 0x7fffeb40d8a0)
08-31 14:56:49.732 D/EGL_adreno( 1935): eglMakeCurrent: 0x7fffeb454c20: ver 3 1 (tinfo 0x7fffeb40d8a0)
08-31 14:56:49.739 W/WindowManager( 1281): Attempted to remove non-existing token: android.os.Binder@8785fb0
08-31 14:56:49.845 E/EGL_adreno( 1935): tid 1952: eglSurfaceAttrib(1338): error 0x3009 (EGL_BAD_MATCH)
08-31 14:56:49.845 W/OpenGLRenderer( 1935): Failed to set EGL_SWAP_BEHAVIOR on surface 0x7fffeb5e2fc0, error=EGL_BAD_MATCH
08-31 14:56:49.846 D/EGL_adreno( 1935): eglMakeCurrent: 0x7fffeb454c20: ver 3 1 (tinfo 0x7fffeb40d8a0)
08-31 14:56:53.243 D/EGL_adreno( 1935): eglMakeCurrent: 0x7fffeb454c20: ver 3 1 (tinfo 0x7fffeb40d8a0)
08-31 14:56:53.256 W/WindowManager( 1281): Attempted to remove non-existing token: android.os.Binder@a888e29
08-31 14:56:53.365 E/EGL_adreno( 1935): tid 1952: eglSurfaceAttrib(1338): error 0x3009 (EGL_BAD_MATCH)
08-31 14:56:53.365 W/OpenGLRenderer( 1935): Failed to set EGL_SWAP_BEHAVIOR on surface 0x7fffeb5e2fc0, error=EGL_BAD_MATCH
08-31 14:56:53.367 D/EGL_adreno( 1935): eglMakeCurrent: 0x7fffeb454c20: ver 3 1 (tinfo 0x7fffeb40d8a0)
08-31 14:56:56.763 D/EGL_adreno( 1935): eglMakeCurrent: 0x7fffeb454c20: ver 3 1 (tinfo 0x7fffeb40d8a0)
08-31 14:56:56.773 W/WindowManager( 1281): Attempted to remove non-existing token: android.os.Binder@af2e3e5
08-31 14:56:56.887 E/EGL_adreno( 1935): tid 1952: eglSurfaceAttrib(1338): error 0x3009 (EGL_BAD_MATCH)
08-31 14:56:56.887 W/OpenGLRenderer( 1935): Failed to set EGL_SWAP_BEHAVIOR on surface 0x7fffeb5e2fc0, error=EGL_BAD_MATCH
08-31 14:56:56.890 D/EGL_adreno( 1935): eglMakeCurrent: 0x7fffeb454c20: ver 3 1 (tinfo 0x7fffeb40d8a0)
08-31 14:57:00.277 D/EGL_adreno( 1935): eglMakeCurrent: 0x7fffeb454c20: ver 3 1 (tinfo 0x7fffeb40d8a0)
08-31 14:57:00.289 W/WindowManager( 1281): Attempted to remove non-existing token: android.os.Binder@cf2d961
08-31 14:57:00.393 E/EGL_adreno( 1935): tid 1952: eglSurfaceAttrib(1338): error 0x3009 (EGL_BAD_MATCH)
08-31 14:57:00.394 W/OpenGLRenderer( 1935): Failed to set EGL_SWAP_BEHAVIOR on surface 0x7fffeb5e2fc0, error=EGL_BAD_MATCH
08-31 14:57:00.396 D/EGL_adreno( 1935): eglMakeCurrent: 0x7fffeb454c20: ver 3 1 (tinfo 0x7fffeb40d8a0)
08-31 14:57:03.796 D/EGL_adreno( 1935): eglMakeCurrent: 0x7fffeb454c20: ver 3 1 (tinfo 0x7fffeb40d8a0)
08-31 14:57:03.806 W/WindowManager( 1281): Attempted to remove non-existing token: android.os.Binder@3a84c86
08-31 14:57:03.909 E/EGL_adreno( 1935): tid 1952: eglSurfaceAttrib(1338): error 0x3009 (EGL_BAD_MATCH)
08-31 14:57:03.909 W/OpenGLRenderer( 1935): Failed to set EGL_SWAP_BEHAVIOR on surface 0x7fffeb5e2fc0, error=EGL_BAD_MATCH
08-31 14:57:03.911 D/EGL_adreno( 1935): eglMakeCurrent: 0x7fffeb454c20: ver 3 1 (tinfo 0x7fffeb40d8a0)
08-31 14:57:04.622 D/WifiStateMachine( 1281): setScanResults mScanResults.size=1
08-31 14:57:07.340 D/EGL_adreno( 1935): eglMakeCurrent: 0x7fffeb454c20: ver 3 1 (tinfo 0x7fffeb40d8a0)
08-31 14:57:07.356 W/WindowManager( 1281): Attempted to remove non-existing token: android.os.Binder@b9d9947
08-31 14:57:07.469 E/EGL_adreno( 1935): tid 1952: eglSurfaceAttrib(1338): error 0x3009 (EGL_BAD_MATCH)
08-31 14:57:07.469 W/OpenGLRenderer( 1935): Failed to set EGL_SWAP_BEHAVIOR on surface 0x7fffeb5e2fc0, error=EGL_BAD_MATCH
08-31 14:57:07.474 D/EGL_adreno( 1935): eglMakeCurrent: 0x7fffeb454c20: ver 3 1 (tinfo 0x7fffeb40d8a0)
08-31 14:57:10.860 D/EGL_adreno( 1935): eglMakeCurrent: 0x7fffeb454c20: ver 3 1 (tinfo 0x7fffeb40d8a0)
08-31 14:57:10.873 W/WindowManager( 1281): Attempted to remove non-existing token: android.os.Binder@ab81574
08-31 14:57:10.972 E/EGL_adreno( 1935): tid 1952: eglSurfaceAttrib(1338): error 0x3009 (EGL_BAD_MATCH)
08-31 14:57:10.972 W/OpenGLRenderer( 1935): Failed to set EGL_SWAP_BEHAVIOR on surface 0x7fffeb5e2fc0, error=EGL_BAD_MATCH
08-31 14:57:10.974 D/EGL_adreno( 1935): eglMakeCurrent: 0x7fffeb454c20: ver 3 1 (tinfo 0x7fffeb40d8a0)
08-31 14:57:14.381 D/EGL_adreno( 1935): eglMakeCurrent: 0x7fffeb454c20: ver 3 1 (tinfo 0x7fffeb40d8a0)
08-31 14:57:14.389 W/WindowManager( 1281): Attempted to remove non-existing token: android.os.Binder@2a2aa9d
08-31 14:57:14.492 E/EGL_adreno( 1935): tid 1952: eglSurfaceAttrib(1338): error 0x3009 (EGL_BAD_MATCH)
08-31 14:57:14.492 W/OpenGLRenderer( 1935): Failed to set EGL_SWAP_BEHAVIOR on surface 0x7fffeb5e2fc0, error=EGL_BAD_MATCH
08-31 14:57:14.494 D/EGL_adreno( 1935): eglMakeCurrent: 0x7fffeb454c20: ver 3 1 (tinfo 0x7fffeb40d8a0)
08-31 14:57:17.895 D/EGL_adreno( 1935): eglMakeCurrent: 0x7fffeb454c20: ver 3 1 (tinfo 0x7fffeb40d8a0)
08-31 14:57:17.906 W/WindowManager( 1281): Attempted to remove non-existing token: android.os.Binder@1acab12
08-31 14:57:18.021 E/EGL_adreno( 1935): tid 1952: eglSurfaceAttrib(1338): error 0x3009 (EGL_BAD_MATCH)
08-31 14:57:18.022 W/OpenGLRenderer( 1935): Failed to set EGL_SWAP_BEHAVIOR on surface 0x7fffeb5e2fc0, error=EGL_BAD_MATCH
08-31 14:57:18.040 D/EGL_adreno( 1935): eglMakeCurrent: 0x7fffeb454c20: ver 3 1 (tinfo 0x7fffeb40d8a0)
08-31 14:57:21.414 D/EGL_adreno( 1935): eglMakeCurrent: 0x7fffeb454c20: ver 3 1 (tinfo 0x7fffeb40d8a0)
08-31 14:57:21.422 W/WindowManager( 1281): Attempted to remove non-existing token: android.os.Binder@49082e3
08-31 14:57:21.523 E/EGL_adreno( 1935): tid 1952: eglSurfaceAttrib(1338): error 0x3009 (EGL_BAD_MATCH)
08-31 14:57:21.523 W/OpenGLRenderer( 1935): Failed to set EGL_SWAP_BEHAVIOR on surface 0x7fffeb5e2fc0, error=EGL_BAD_MATCH
08-31 14:57:21.525 D/EGL_adreno( 1935): eglMakeCurrent: 0x7fffeb454c20: ver 3 1 (tinfo 0x7fffeb40d8a0)
08-31 14:57:24.930 D/EGL_adreno( 1935): eglMakeCurrent: 0x7fffeb454c20: ver 3 1 (tinfo 0x7fffeb40d8a0)
08-31 14:57:24.940 W/WindowManager( 1281): Attempted to remove non-existing token: android.os.Binder@7fb14e0
08-31 14:57:25.042 E/EGL_adreno( 1935): tid 1952: eglSurfaceAttrib(1338): error 0x3009 (EGL_BAD_MATCH)
08-31 14:57:25.042 W/OpenGLRenderer( 1935): Failed to set EGL_SWAP_BEHAVIOR on surface 0x7fffeb5e2fc0, error=EGL_BAD_MATCH
08-31 14:57:25.043 D/EGL_adreno( 1935): eglMakeCurrent: 0x7fffeb454c20: ver 3 1 (tinfo 0x7fffeb40d8a0)
08-31 14:57:28.446 D/EGL_adreno( 1935): eglMakeCurrent: 0x7fffeb454c20: ver 3 1 (tinfo 0x7fffeb40d8a0)
08-31 14:57:28.456 W/WindowManager( 1281): Attempted to remove non-existing token: android.os.Binder@b845399
08-31 14:57:28.562 E/EGL_adreno( 1935): tid 1952: eglSurfaceAttrib(1338): error 0x3009 (EGL_BAD_MATCH)
08-31 14:57:28.562 W/OpenGLRenderer( 1935): Failed to set EGL_SWAP_BEHAVIOR on surface 0x7fffeb5e2fc0, error=EGL_BAD_MATCH
08-31 14:57:28.564 D/EGL_adreno( 1935): eglMakeCurrent: 0x7fffeb454c20: ver 3 1 (tinfo 0x7fffeb40d8a0)
08-31 14:57:31.972 W/WindowManager( 1281): Attempted to remove non-existing token: android.os.Binder@33d9055
08-31 14:57:31.973 D/EGL_adreno( 1935): eglMakeCurrent: 0x7fffeb454c20: ver 3 1 (tinfo 0x7fffeb40d8a0)
08-31 14:57:32.095 E/EGL_adreno( 1935): tid 1952: eglSurfaceAttrib(1338): error 0x3009 (EGL_BAD_MATCH)
08-31 14:57:32.095 W/OpenGLRenderer( 1935): Failed to set EGL_SWAP_BEHAVIOR on surface 0x7fffeb5e2fc0, error=EGL_BAD_MATCH
08-31 14:57:32.096 D/EGL_adreno( 1935): eglMakeCurrent: 0x7fffeb454c20: ver 3 1 (tinfo 0x7fffeb40d8a0)
08-31 14:57:35.485 D/EGL_adreno( 1935): eglMakeCurrent: 0x7fffeb454c20: ver 3 1 (tinfo 0x7fffeb40d8a0)
08-31 14:57:35.489 W/WindowManager( 1281): Attempted to remove non-existing token: android.os.Binder@9ee8a6a
08-31 14:57:35.595 E/EGL_adreno( 1935): tid 1952: eglSurfaceAttrib(1338): error 0x3009 (EGL_BAD_MATCH)
08-31 14:57:35.595 W/OpenGLRenderer( 1935): Failed to set EGL_SWAP_BEHAVIOR on surface 0x7fffeb5e2fc0, error=EGL_BAD_MATCH
08-31 14:57:35.596 D/EGL_adreno( 1935): eglMakeCurrent: 0x7fffeb454c20: ver 3 1 (tinfo 0x7fffeb40d8a0)
08-31 14:57:38.996 D/EGL_adreno( 1935): eglMakeCurrent: 0x7fffeb454c20: ver 3 1 (tinfo 0x7fffeb40d8a0)
08-31 14:57:39.006 W/WindowManager( 1281): Attempted to remove non-existing token: android.os.Binder@b96b5b
08-31 14:57:39.109 E/EGL_adreno( 1935): tid 1952: eglSurfaceAttrib(1338): error 0x3009 (EGL_BAD_MATCH)
08-31 14:57:39.109 W/OpenGLRenderer( 1935): Failed to set EGL_SWAP_BEHAVIOR on surface 0x7fffeb5e2fc0, error=EGL_BAD_MATCH
08-31 14:57:39.111 D/EGL_adreno( 1935): eglMakeCurrent: 0x7fffeb454c20: ver 3 1 (tinfo 0x7fffeb40d8a0)
08-31 14:57:42.513 D/EGL_adreno( 1935): eglMakeCurrent: 0x7fffeb454c20: ver 3 1 (tinfo 0x7fffeb40d8a0)
08-31 14:57:42.523 W/WindowManager( 1281): Attempted to remove non-existing token: android.os.Binder@10a9ff8
08-31 14:57:42.632 E/EGL_adreno( 1935): tid 1952: eglSurfaceAttrib(1338): error 0x3009 (EGL_BAD_MATCH)
08-31 14:57:42.632 W/OpenGLRenderer( 1935): Failed to set EGL_SWAP_BEHAVIOR on surface 0x7fffeb5e2fc0, error=EGL_BAD_MATCH
08-31 14:57:42.634 D/EGL_adreno( 1935): eglMakeCurrent: 0x7fffeb454c20: ver 3 1 (tinfo 0x7fffeb40d8a0)
08-31 14:57:46.031 D/EGL_adreno( 1935): eglMakeCurrent: 0x7fffeb454c20: ver 3 1 (tinfo 0x7fffeb40d8a0)
08-31 14:57:46.039 W/WindowManager( 1281): Attempted to remove non-existing token: android.os.Binder@13dcd1
08-31 14:57:46.140 E/EGL_adreno( 1935): tid 1952: eglSurfaceAttrib(1338): error 0x3009 (EGL_BAD_MATCH)
08-31 14:57:46.140 W/OpenGLRenderer( 1935): Failed to set EGL_SWAP_BEHAVIOR on surface 0x7fffeb5e2fc0, error=EGL_BAD_MATCH
08-31 14:57:46.142 D/EGL_adreno( 1935): eglMakeCurrent: 0x7fffeb454c20: ver 3 1 (tinfo 0x7fffeb40d8a0)
08-31 14:57:49.546 D/EGL_adreno( 1935): eglMakeCurrent: 0x7fffeb454c20: ver 3 1 (tinfo 0x7fffeb40d8a0)
08-31 14:57:49.555 W/WindowManager( 1281): Attempted to remove non-existing token: android.os.Binder@62e336
08-31 14:57:49.658 E/EGL_adreno( 1935): tid 1952: eglSurfaceAttrib(1338): error 0x3009 (EGL_BAD_MATCH)
08-31 14:57:49.658 W/OpenGLRenderer( 1935): Failed to set EGL_SWAP_BEHAVIOR on surface 0x7fffeb5e2fc0, error=EGL_BAD_MATCH
08-31 14:57:49.659 D/EGL_adreno( 1935): eglMakeCurrent: 0x7fffeb454c20: ver 3 1 (tinfo 0x7fffeb40d8a0)
08-31 14:57:53.061 D/EGL_adreno( 1935): eglMakeCurrent: 0x7fffeb454c20: ver 3 1 (tinfo 0x7fffeb40d8a0)
08-31 14:57:53.073 W/WindowManager( 1281): Attempted to remove non-existing token: android.os.Binder@d196237
08-31 14:57:53.192 E/EGL_adreno( 1935): tid 1952: eglSurfaceAttrib(1338): error 0x3009 (EGL_BAD_MATCH)
08-31 14:57:53.192 W/OpenGLRenderer( 1935): Failed to set EGL_SWAP_BEHAVIOR on surface 0x7fffeb5e2fc0, error=EGL_BAD_MATCH
08-31 14:57:53.194 D/EGL_adreno( 1935): eglMakeCurrent: 0x7fffeb454c20: ver 3 1 (tinfo 0x7fffeb40d8a0)
08-31 14:57:56.580 D/EGL_adreno( 1935): eglMakeCurrent: 0x7fffeb454c20: ver 3 1 (tinfo 0x7fffeb40d8a0)
08-31 14:57:56.589 W/WindowManager( 1281): Attempted to remove non-existing token: android.os.Binder@d45c3a4
08-31 14:57:56.700 E/EGL_adreno( 1935): tid 1952: eglSurfaceAttrib(1338): error 0x3009 (EGL_BAD_MATCH)
08-31 14:57:56.700 W/OpenGLRenderer( 1935): Failed to set EGL_SWAP_BEHAVIOR on surface 0x7fffeb5e2fc0, error=EGL_BAD_MATCH
08-31 14:57:56.702 D/EGL_adreno( 1935): eglMakeCurrent: 0x7fffeb454c20: ver 3 1 (tinfo 0x7fffeb40d8a0)
08-31 14:58:00.093 D/EGL_adreno( 1935): eglMakeCurrent: 0x7fffeb454c20: ver 3 1 (tinfo 0x7fffeb40d8a0)
08-31 14:58:00.106 W/WindowManager( 1281): Attempted to remove non-existing token: android.os.Binder@d28750d
08-31 14:58:00.201 E/EGL_adreno( 1935): tid 1952: eglSurfaceAttrib(1338): error 0x3009 (EGL_BAD_MATCH)
08-31 14:58:00.201 W/OpenGLRenderer( 1935): Failed to set EGL_SWAP_BEHAVIOR on surface 0x7fffeb5f5bc0, error=EGL_BAD_MATCH
08-31 14:58:00.208 D/EGL_adreno( 1935): eglMakeCurrent: 0x7fffeb454c20: ver 3 1 (tinfo 0x7fffeb40d8a0)
08-31 14:58:03.613 D/EGL_adreno( 1935): eglMakeCurrent: 0x7fffeb454c20: ver 3 1 (tinfo 0x7fffeb40d8a0)
08-31 14:58:03.622 W/WindowManager( 1281): Attempted to remove non-existing token: android.os.Binder@2f1fcc2
08-31 14:58:03.728 E/EGL_adreno( 1935): tid 1952: eglSurfaceAttrib(1338): error 0x3009 (EGL_BAD_MATCH)
08-31 14:58:03.728 W/OpenGLRenderer( 1935): Failed to set EGL_SWAP_BEHAVIOR on surface 0x7fffeb5f5bc0, error=EGL_BAD_MATCH
08-31 14:58:03.729 D/EGL_adreno( 1935): eglMakeCurrent: 0x7fffeb454c20: ver 3 1 (tinfo 0x7fffeb40d8a0)
08-31 14:58:07.129 D/EGL_adreno( 1935): eglMakeCurrent: 0x7fffeb454c20: ver 3 1 (tinfo 0x7fffeb40d8a0)
08-31 14:58:07.139 W/WindowManager( 1281): Attempted to remove non-existing token: android.os.Binder@c17ead3
08-31 14:58:07.241 E/EGL_adreno( 1935): tid 1952: eglSurfaceAttrib(1338): error 0x3009 (EGL_BAD_MATCH)
08-31 14:58:07.241 W/OpenGLRenderer( 1935): Failed to set EGL_SWAP_BEHAVIOR on surface 0x7fffeb5f5bc0, error=EGL_BAD_MATCH
08-31 14:58:07.243 D/EGL_adreno( 1935): eglMakeCurrent: 0x7fffeb454c20: ver 3 1 (tinfo 0x7fffeb40d8a0)
08-31 14:58:10.646 D/EGL_adreno( 1935): eglMakeCurrent: 0x7fffeb454c20: ver 3 1 (tinfo 0x7fffeb40d8a0)
08-31 14:58:10.656 W/WindowManager( 1281): Attempted to remove non-existing token: android.os.Binder@1ed7610
08-31 14:58:10.756 E/EGL_adreno( 1935): tid 1952: eglSurfaceAttrib(1338): error 0x3009 (EGL_BAD_MATCH)
08-31 14:58:10.756 W/OpenGLRenderer( 1935): Failed to set EGL_SWAP_BEHAVIOR on surface 0x7fffeb5f5bc0, error=EGL_BAD_MATCH
08-31 14:58:10.759 D/EGL_adreno( 1935): eglMakeCurrent: 0x7fffeb454c20: ver 3 1 (tinfo 0x7fffeb40d8a0)
08-31 14:58:14.162 D/EGL_adreno( 1935): eglMakeCurrent: 0x7fffeb454c20: ver 3 1 (tinfo 0x7fffeb40d8a0)
08-31 14:58:14.172 W/WindowManager( 1281): Attempted to remove non-existing token: android.os.Binder@c745509
08-31 14:58:14.266 E/EGL_adreno( 1935): tid 1952: eglSurfaceAttrib(1338): error 0x3009 (EGL_BAD_MATCH)
08-31 14:58:14.266 W/OpenGLRenderer( 1935): Failed to set EGL_SWAP_BEHAVIOR on surface 0x7fffeb5f5bc0, error=EGL_BAD_MATCH
08-31 14:58:14.273 D/EGL_adreno( 1935): eglMakeCurrent: 0x7fffeb454c20: ver 3 1 (tinfo 0x7fffeb40d8a0)
08-31 14:58:17.679 D/EGL_adreno( 1935): eglMakeCurrent: 0x7fffeb454c20: ver 3 1 (tinfo 0x7fffeb40d8a0)
08-31 14:58:17.690 W/WindowManager( 1281): Attempted to remove non-existing token: android.os.Binder@d67230e
08-31 14:58:17.792 E/EGL_adreno( 1935): tid 1952: eglSurfaceAttrib(1338): error 0x3009 (EGL_BAD_MATCH)
08-31 14:58:17.792 W/OpenGLRenderer( 1935): Failed to set EGL_SWAP_BEHAVIOR on surface 0x7fffeb5f5bc0, error=EGL_BAD_MATCH
08-31 14:58:17.794 D/EGL_adreno( 1935): eglMakeCurrent: 0x7fffeb454c20: ver 3 1 (tinfo 0x7fffeb40d8a0)
08-31 14:58:21.207 D/EGL_adreno( 1935): eglMakeCurrent: 0x7fffeb454c20: ver 3 1 (tinfo 0x7fffeb40d8a0)
08-31 14:58:21.222 W/WindowManager( 1281): Attempted to remove non-existing token: android.os.Binder@c6c612f
08-31 14:58:21.341 E/EGL_adreno( 1935): tid 1952: eglSurfaceAttrib(1338): error 0x3009 (EGL_BAD_MATCH)
08-31 14:58:21.342 W/OpenGLRenderer( 1935): Failed to set EGL_SWAP_BEHAVIOR on surface 0x7fffeb5f5bc0, error=EGL_BAD_MATCH
08-31 14:58:21.343 D/EGL_adreno( 1935): eglMakeCurrent: 0x7fffeb454c20: ver 3 1 (tinfo 0x7fffeb40d8a0)
08-31 14:58:24.733 D/EGL_adreno( 1935): eglMakeCurrent: 0x7fffeb454c20: ver 3 1 (tinfo 0x7fffeb40d8a0)
08-31 14:58:24.739 W/WindowManager( 1281): Attempted to remove non-existing token: android.os.Binder@91be33c
08-31 14:58:24.839 E/EGL_adreno( 1935): tid 1952: eglSurfaceAttrib(1338): error 0x3009 (EGL_BAD_MATCH)
08-31 14:58:24.839 W/OpenGLRenderer( 1935): Failed to set EGL_SWAP_BEHAVIOR on surface 0x7fffeb5f5bc0, error=EGL_BAD_MATCH
08-31 14:58:24.842 D/EGL_adreno( 1935): eglMakeCurrent: 0x7fffeb454c20: ver 3 1 (tinfo 0x7fffeb40d8a0)
08-31 14:58:28.247 D/EGL_adreno( 1935): eglMakeCurrent: 0x7fffeb454c20: ver 3 1 (tinfo 0x7fffeb40d8a0)
08-31 14:58:28.256 W/WindowManager( 1281): Attempted to remove non-existing token: android.os.Binder@c8438c5
08-31 14:58:28.358 E/EGL_adreno( 1935): tid 1952: eglSurfaceAttrib(1338): error 0x3009 (EGL_BAD_MATCH)
08-31 14:58:28.358 W/OpenGLRenderer( 1935): Failed to set EGL_SWAP_BEHAVIOR on surface 0x7fffeb5f5bc0, error=EGL_BAD_MATCH
08-31 14:58:28.360 D/EGL_adreno( 1935): eglMakeCurrent: 0x7fffeb454c20: ver 3 1 (tinfo 0x7fffeb40d8a0)
08-31 14:58:31.764 D/EGL_adreno( 1935): eglMakeCurrent: 0x7fffeb454c20: ver 3 1 (tinfo 0x7fffeb40d8a0)
08-31 14:58:31.773 W/WindowManager( 1281): Attempted to remove non-existing token: android.os.Binder@af6621a
08-31 14:58:31.884 E/EGL_adreno( 1935): tid 1952: eglSurfaceAttrib(1338): error 0x3009 (EGL_BAD_MATCH)
08-31 14:58:31.884 W/OpenGLRenderer( 1935): Failed to set EGL_SWAP_BEHAVIOR on surface 0x7fffeb5f5bc0, error=EGL_BAD_MATCH
08-31 14:58:31.886 D/EGL_adreno( 1935): eglMakeCurrent: 0x7fffeb454c20: ver 3 1 (tinfo 0x7fffeb40d8a0)
08-31 14:58:35.281 D/EGL_adreno( 1935): eglMakeCurrent: 0x7fffeb454c20: ver 3 1 (tinfo 0x7fffeb40d8a0)
08-31 14:58:35.289 W/WindowManager( 1281): Attempted to remove non-existing token: android.os.Binder@40885e6
08-31 14:58:51.792 W/ActivityManager( 1281):   Force finishing activity org.sufficientlysecure.keychain/.ui.DebugActionsActivity
08-31 14:58:51.796 W/ActivityManager( 1281):   Force finishing activity org.sufficientlysecure.keychain/.ui.PanicResponderActivity
08-31 14:58:52.151 D/EGL_adreno( 1281): eglMakeCurrent: 0x7fffccffacc0: ver 3 1 (tinfo 0x7fffcdb14d40)
08-31 14:58:52.174 W/ActivityManager( 1281):   Force finishing activity org.sufficientlysecure.keychain/.ui.RedirectImportKeysActivity
08-31 14:58:52.214 W/ActivityManager( 1281):   Force finishing activity org.sufficientlysecure.keychain/.ui.ImportKeysActivity
08-31 14:58:52.216 E/ActivityManager( 1281): Found activity ActivityRecord{6e7e14b u0 org.sufficientlysecure.keychain/.ui.DebugActionsActivity t3 f} in proc activity list using null instead of expected ProcessRecord{db31bf 2071:org.sufficientlysecure.keychain/u0a61}
08-31 14:58:52.220 W/ActivityManager( 1281):   Force finishing activity org.sufficientlysecure.keychain/.ui.ImportKeysProxyActivity
08-31 14:58:52.221 I/HostConnection( 1281): HostConnection::~HostConnection, pid=1281, tid=1989, this=0x7fffcdb9dd60, m_stream=0x7fffcb5f2f00
08-31 14:58:52.222 I/        ( 1281): fastpipe: close connect
08-31 14:58:52.226 W/ActivityManager( 1281):   Force finishing activity org.sufficientlysecure.keychain/.ui.SettingsActivity
08-31 14:58:52.230 W/ActivityManager( 1281):   Force finishing activity org.sufficientlysecure.keychain/.ui.DecryptActivity
08-31 14:58:52.233 W/ActivityManager( 1281):   Force finishing activity org.sufficientlysecure.keychain/.ui.EncryptTextActivity
08-31 14:58:52.239 W/ActivityManager( 1281):   Force finishing activity org.sufficientlysecure.keychain/.ui.EncryptFilesActivity
08-31 14:58:52.244 W/ActivityManager( 1281):   Force finishing activity org.sufficientlysecure.keychain/.ui.keyview.ViewKeyActivity
08-31 14:58:52.247 W/ActivityManager( 1281):   Force finishing activity org.sufficientlysecure.keychain/.ui.CreateKeyActivity
08-31 14:58:52.252 W/ActivityManager( 1281):   Force finishing activity org.sufficientlysecure.keychain/.ui.MainActivity
08-31 14:58:52.273 W/AppOps  ( 1281): Finishing op nesting under-run: uid 1000 pkg android code 24 time=0 duration=0 nesting=0
08-31 14:58:52.293 I/ActivityManager( 1281): Killing 2071:org.sufficientlysecure.keychain/u0a61 (adj 0): crash
08-31 14:58:52.293 D/ActivityManager( 1281): cleanUpApplicationRecord -- 2071
08-31 14:58:52.294 W/InputEventReceiver( 1281): Attempted to finish an input event but the input event receiver has already been disposed.
08-31 14:58:52.299 W/art     ( 1281): Long monitor contention with owner Binder:1281_3 (1406) at void com.android.server.am.AppErrors.crashApplicationInner(com.android.server.am.ProcessRecord, android.app.ApplicationErrorReport$CrashInfo)(AppErrors.java:372) waiters=0 in void com.android.server.am.ActivityManagerService$MainHandler.handleMessage(android.os.Message) for 487ms
08-31 14:58:52.303 W/ContextImpl( 1676): Calling a method in the system process without a qualified user: android.app.ContextImpl.startService:1358 android.content.ContextWrapper.startService:613 android.content.ContextWrapper.startService:613 com.android.coreservice.CoreBroadcastReceiver.onReceive:44 android.app.ActivityThread.handleReceiver:3073 
08-31 14:58:52.307 W/ContextImpl( 1676): Calling a method in the system process without a qualified user: android.app.ContextImpl.startService:1358 android.content.ContextWrapper.startService:613 android.content.ContextWrapper.startService:613 com.android.coreservice.CoreBroadcastReceiver.onReceive:44 android.app.ActivityThread.handleReceiver:3073 
08-31 14:58:52.309 W/ContextImpl( 1676): Calling a method in the system process without a qualified user: android.app.ContextImpl.startService:1358 android.content.ContextWrapper.startService:613 android.content.ContextWrapper.startService:613 com.android.coreservice.CoreBroadcastReceiver.onReceive:44 android.app.ActivityThread.handleReceiver:3073 
08-31 14:58:52.311 W/ContextImpl( 1676): Calling a method in the system process without a qualified user: android.app.ContextImpl.startService:1358 android.content.ContextWrapper.startService:613 android.content.ContextWrapper.startService:613 com.android.coreservice.CoreBroadcastReceiver.onReceive:44 android.app.ActivityThread.handleReceiver:3073 
08-31 14:58:52.314 W/ContextImpl( 1676): Calling a method in the system process without a qualified user: android.app.ContextImpl.startService:1358 android.content.ContextWrapper.startService:613 android.content.ContextWrapper.startService:613 com.android.coreservice.CoreBroadcastReceiver.onReceive:44 android.app.ActivityThread.handleReceiver:3073 
08-31 14:58:52.316 W/ContextImpl( 1676): Calling a method in the system process without a qualified user: android.app.ContextImpl.startService:1358 android.content.ContextWrapper.startService:613 android.content.ContextWrapper.startService:613 com.android.coreservice.CoreBroadcastReceiver.onReceive:44 android.app.ActivityThread.handleReceiver:3073 
08-31 14:58:52.318 W/ContextImpl( 1676): Calling a method in the system process without a qualified user: android.app.ContextImpl.startService:1358 android.content.ContextWrapper.startService:613 android.content.ContextWrapper.startService:613 com.android.coreservice.CoreBroadcastReceiver.onReceive:44 android.app.ActivityThread.handleReceiver:3073 
08-31 14:58:52.320 W/ContextImpl( 1676): Calling a method in the system process without a qualified user: android.app.ContextImpl.startService:1358 android.content.ContextWrapper.startService:613 android.content.ContextWrapper.startService:613 com.android.coreservice.CoreBroadcastReceiver.onReceive:44 android.app.ActivityThread.handleReceiver:3073 
08-31 14:58:52.324 W/ContextImpl( 1676): Calling a method in the system process without a qualified user: android.app.ContextImpl.startService:1358 android.content.ContextWrapper.startService:613 android.content.ContextWrapper.startService:613 com.android.coreservice.CoreBroadcastReceiver.onReceive:44 android.app.ActivityThread.handleReceiver:3073 
08-31 14:58:52.327 W/ContextImpl( 1676): Calling a method in the system process without a qualified user: android.app.ContextImpl.startService:1358 android.content.ContextWrapper.startService:613 android.content.ContextWrapper.startService:613 com.android.coreservice.CoreBroadcastReceiver.onReceive:44 android.app.ActivityThread.handleReceiver:3073 
08-31 14:58:52.329 W/ContextImpl( 1676): Calling a method in the system process without a qualified user: android.app.ContextImpl.startService:1358 android.content.ContextWrapper.startService:613 android.content.ContextWrapper.startService:613 com.android.coreservice.CoreBroadcastReceiver.onReceive:44 android.app.ActivityThread.handleReceiver:3073 
08-31 14:58:52.331 W/ContextImpl( 1676): Calling a method in the system process without a qualified user: android.app.ContextImpl.startService:1358 android.content.ContextWrapper.startService:613 android.content.ContextWrapper.startService:613 com.android.coreservice.CoreBroadcastReceiver.onReceive:53 android.app.ActivityThread.handleReceiver:3073 
08-31 14:58:52.399 W/ContextImpl( 1676): Calling a method in the system process without a qualified user: android.app.ContextImpl.startService:1358 android.content.ContextWrapper.startService:613 android.content.ContextWrapper.startService:613 com.android.coreservice.CoreBroadcastReceiver.onReceive:53 android.app.ActivityThread.handleReceiver:3073 
08-31 14:58:52.417 E/EGL_adreno( 1935): tid 1952: eglSurfaceAttrib(1338): error 0x3009 (EGL_BAD_MATCH)
08-31 14:58:52.417 W/OpenGLRenderer( 1935): Failed to set EGL_SWAP_BEHAVIOR on surface 0x7fffeb5f5bc0, error=EGL_BAD_MATCH
08-31 14:58:52.429 D/EGL_adreno( 1935): eglMakeCurrent: 0x7fffeb454c20: ver 3 1 (tinfo 0x7fffeb40d8a0)
08-31 14:58:52.431 W/InputMethodManagerService( 1281): Window already focused, ignoring focus gain of: com.android.internal.view.IInputMethodClient$Stub$Proxy@58dce26 attribute=null, token = android.os.BinderProxy@71881ab
08-31 14:58:52.816 I/art     ( 1368): Do partial code cache collection, code=54KB, data=61KB
08-31 14:58:52.816 I/art     ( 1368): After code cache collection, code=54KB, data=61KB
08-31 14:58:52.816 I/art     ( 1368): Increasing code cache capacity to 256KB
08-31 14:58:53.276 D/audio_hw_hal( 1087): raw_start_output_stream, stream=0xf6e43140, sampleRate=48000, channel=2, bps=16, bufSize=4096
08-31 14:58:53.277 I/ActivityManager( 1281): START u0 {cmp=org.sufficientlysecure.keychain/.ui.MainActivity (has extras)} from uid 10064 on display 0
08-31 14:58:53.284 W/ContextImpl( 1676): Calling a method in the system process without a qualified user: android.app.ContextImpl.startService:1358 android.content.ContextWrapper.startService:613 android.content.ContextWrapper.startService:613 com.android.coreservice.CoreBroadcastReceiver.onReceive:44 android.app.ActivityThread.handleReceiver:3073 
08-31 14:58:53.285 W/System.err( 1935): java.lang.Exception: Toast callstack! strTip=Sent Serializeable Intent { cmp=org.sufficientlysecure.keychain/.ui.MainActivity (has extras) }
08-31 14:58:53.286 W/System.err( 1935): 	at android.widget.Toast.show(Toast.java:130)
08-31 14:58:53.286 W/System.err( 1935): 	at com.android.intentfuzzer.FuzzerActivity$4.onClick(FuzzerActivity.java:184)
08-31 14:58:53.286 W/System.err( 1935): 	at android.view.View.performClick(View.java:5637)
08-31 14:58:53.286 W/System.err( 1935): 	at android.view.View$PerformClick.run(View.java:22429)
08-31 14:58:53.286 W/System.err( 1935): 	at android.os.Handler.handleCallback(Handler.java:751)
08-31 14:58:53.286 W/System.err( 1935): 	at android.os.Handler.dispatchMessage(Handler.java:95)
08-31 14:58:53.286 W/System.err( 1935): 	at android.os.Looper.loop(Looper.java:154)
08-31 14:58:53.286 W/System.err( 1935): 	at android.app.ActivityThread.main(ActivityThread.java:6190)
08-31 14:58:53.286 W/System.err( 1935): 	at java.lang.reflect.Method.invoke(Native Method)
08-31 14:58:53.286 W/System.err( 1935): 	at com.android.internal.os.ZygoteInit$MethodAndArgsCaller.run(ZygoteInit.java:892)
08-31 14:58:53.286 W/System.err( 1935): 	at com.android.internal.os.ZygoteInit.main(ZygoteInit.java:782)
08-31 14:58:53.287 I/ActivityManager( 1281): START u0 {cmp=org.sufficientlysecure.keychain/.ui.CreateKeyActivity (has extras)} from uid 10064 on display 0
08-31 14:58:53.290 W/System.err( 1935): java.lang.Exception: Toast callstack! strTip=Sent Serializeable Intent { cmp=org.sufficientlysecure.keychain/.ui.CreateKeyActivity (has extras) }
08-31 14:58:53.291 W/System.err( 1935): 	at android.widget.Toast.show(Toast.java:130)
08-31 14:58:53.291 W/System.err( 1935): 	at com.android.intentfuzzer.FuzzerActivity$4.onClick(FuzzerActivity.java:184)
08-31 14:58:53.291 W/System.err( 1935): 	at android.view.View.performClick(View.java:5637)
08-31 14:58:53.291 W/System.err( 1935): 	at android.view.View$PerformClick.run(View.java:22429)
08-31 14:58:53.291 W/System.err( 1935): 	at android.os.Handler.handleCallback(Handler.java:751)
08-31 14:58:53.291 W/System.err( 1935): 	at android.os.Handler.dispatchMessage(Handler.java:95)
08-31 14:58:53.291 W/System.err( 1935): 	at android.os.Looper.loop(Looper.java:154)
08-31 14:58:53.291 W/System.err( 1935): 	at android.app.ActivityThread.main(ActivityThread.java:6190)
08-31 14:58:53.291 W/System.err( 1935): 	at java.lang.reflect.Method.invoke(Native Method)
08-31 14:58:53.291 W/System.err( 1935): 	at com.android.internal.os.ZygoteInit$MethodAndArgsCaller.run(ZygoteInit.java:892)
08-31 14:58:53.291 W/System.err( 1935): 	at com.android.internal.os.ZygoteInit.main(ZygoteInit.java:782)
08-31 14:58:53.292 I/ActivityManager( 1281): START u0 {cmp=org.sufficientlysecure.keychain/.ui.EditKeyActivity (has extras)} from uid 10064 on display 0
08-31 14:58:53.292 W/ActivityManager( 1281): Permission Denial: starting Intent { cmp=org.sufficientlysecure.keychain/.ui.EditKeyActivity (has extras) } from ProcessRecord{bda5613 1935:com.android.intentfuzzer/u0a64} (pid=1935, uid=10064) not exported from uid 10061
08-31 14:58:53.294 W/ContextImpl( 1676): Calling a method in the system process without a qualified user: android.app.ContextImpl.startService:1358 android.content.ContextWrapper.startService:613 android.content.ContextWrapper.startService:613 com.android.coreservice.CoreBroadcastReceiver.onReceive:44 android.app.ActivityThread.handleReceiver:3073 
08-31 14:58:53.294 W/System.err( 1935): java.lang.Exception: Toast callstack! strTip=Send Intent Failed!
08-31 14:58:53.294 W/System.err( 1935): 	at android.widget.Toast.show(Toast.java:130)
08-31 14:58:53.294 W/System.err( 1935): 	at com.android.intentfuzzer.FuzzerActivity$4.onClick(FuzzerActivity.java:186)
08-31 14:58:53.294 W/System.err( 1935): 	at android.view.View.performClick(View.java:5637)
08-31 14:58:53.294 W/System.err( 1935): 	at android.view.View$PerformClick.run(View.java:22429)
08-31 14:58:53.294 W/System.err( 1935): 	at android.os.Handler.handleCallback(Handler.java:751)
08-31 14:58:53.294 W/System.err( 1935): 	at android.os.Handler.dispatchMessage(Handler.java:95)
08-31 14:58:53.294 W/System.err( 1935): 	at android.os.Looper.loop(Looper.java:154)
08-31 14:58:53.294 W/System.err( 1935): 	at android.app.ActivityThread.main(ActivityThread.java:6190)
08-31 14:58:53.294 W/System.err( 1935): 	at java.lang.reflect.Method.invoke(Native Method)
