--------- beginning of system
09-01 10:24:20.844 I/ActivityManager( 1282): START u0 {cmp=com.android.intentfuzzer/.FuzzerActivity} from uid 10064 on display 0
--------- beginning of main
09-01 10:24:20.849 D/audio_hw_hal( 1088): raw_start_output_stream, stream=0xf6e43140, sampleRate=48000, channel=2, bps=16, bufSize=4096
09-01 10:24:20.851 W/ContextImpl( 1676): Calling a method in the system process without a qualified user: android.app.ContextImpl.startService:1358 android.content.ContextWrapper.startService:613 android.content.ContextWrapper.startService:613 com.android.coreservice.CoreBroadcastReceiver.onReceive:44 android.app.ActivityThread.handleReceiver:3073 
09-01 10:24:20.886 W/ContextImpl( 1676): Calling a method in the system process without a qualified user: android.app.ContextImpl.startService:1358 android.content.ContextWrapper.startService:613 android.content.ContextWrapper.startService:613 com.android.coreservice.CoreBroadcastReceiver.onReceive:53 android.app.ActivityThread.handleReceiver:3073 
09-01 10:24:21.378 E/EGL_adreno( 1948): tid 1965: eglSurfaceAttrib(1338): error 0x3009 (EGL_BAD_MATCH)
09-01 10:24:21.378 W/OpenGLRenderer( 1948): Failed to set EGL_SWAP_BEHAVIOR on surface 0x7fffeb5e4380, error=EGL_BAD_MATCH
09-01 10:24:21.380 D/EGL_adreno( 1948): eglMakeCurrent: 0x7fffeb43c820: ver 3 1 (tinfo 0x7fffeb40d4a0)
09-01 10:24:21.411 I/ActivityManager( 1282): Displayed com.android.intentfuzzer/.FuzzerActivity: +558ms
09-01 10:24:21.414 W/ContextImpl( 1676): Calling a method in the system process without a qualified user: android.app.ContextImpl.startService:1358 android.content.ContextWrapper.startService:613 android.content.ContextWrapper.startService:613 com.android.coreservice.CoreBroadcastReceiver.onReceive:69 android.app.ActivityThread.handleReceiver:3073 
09-01 10:24:21.462 W/ContextImpl( 1676): Calling a method in the system process without a qualified user: android.app.ContextImpl.startService:1358 android.content.ContextWrapper.startService:613 android.content.ContextWrapper.startService:613 com.android.coreservice.CoreBroadcastReceiver.onReceive:69 android.app.ActivityThread.handleReceiver:3073 
09-01 10:24:23.696 I/ActivityManager( 1282): START u0 {cmp=org.ligi.passandroid/.FullscreenMapActivity} from uid 10064 on display 0
09-01 10:24:23.696 W/ActivityManager( 1282): Permission Denial: starting Intent { cmp=org.ligi.passandroid/.FullscreenMapActivity } from ProcessRecord{4ccee7c 1948:com.android.intentfuzzer/u0a64} (pid=1948, uid=10064) not exported from uid 10059
09-01 10:24:23.697 W/System.err( 1948): java.lang.Exception: Toast callstack! strTip=Send Intent Failed!
09-01 10:24:23.697 W/System.err( 1948): 	at android.widget.Toast.show(Toast.java:130)
09-01 10:24:23.697 W/System.err( 1948): 	at com.android.intentfuzzer.FuzzerActivity$3.onClick(FuzzerActivity.java:167)
09-01 10:24:23.697 W/System.err( 1948): 	at android.view.View.performClick(View.java:5637)
09-01 10:24:23.697 W/System.err( 1948): 	at android.view.View$PerformClick.run(View.java:22429)
09-01 10:24:23.697 W/System.err( 1948): 	at android.os.Handler.handleCallback(Handler.java:751)
09-01 10:24:23.697 W/System.err( 1948): 	at android.os.Handler.dispatchMessage(Handler.java:95)
09-01 10:24:23.697 W/System.err( 1948): 	at android.os.Looper.loop(Looper.java:154)
09-01 10:24:23.697 W/System.err( 1948): 	at android.app.ActivityThread.main(ActivityThread.java:6190)
09-01 10:24:23.697 W/System.err( 1948): 	at java.lang.reflect.Method.invoke(Native Method)
09-01 10:24:23.697 W/System.err( 1948): 	at com.android.internal.os.ZygoteInit$MethodAndArgsCaller.run(ZygoteInit.java:892)
09-01 10:24:23.697 W/System.err( 1948): 	at com.android.internal.os.ZygoteInit.main(ZygoteInit.java:782)
09-01 10:24:23.698 I/ActivityManager( 1282): START u0 {cmp=org.ligi.passandroid/.ui.PassListActivity} from uid 10064 on display 0
09-01 10:24:23.711 W/System.err( 1948): java.lang.Exception: Toast callstack! strTip=Sent Null Intent { cmp=org.ligi.passandroid/.ui.PassListActivity }
09-01 10:24:23.711 W/System.err( 1948): 	at android.widget.Toast.show(Toast.java:130)
09-01 10:24:23.711 W/System.err( 1948): 	at com.android.intentfuzzer.FuzzerActivity$3.onClick(FuzzerActivity.java:165)
09-01 10:24:23.711 W/System.err( 1948): 	at android.view.View.performClick(View.java:5637)
09-01 10:24:23.711 W/System.err( 1948): 	at android.view.View$PerformClick.run(View.java:22429)
09-01 10:24:23.711 W/System.err( 1948): 	at android.os.Handler.handleCallback(Handler.java:751)
09-01 10:24:23.711 W/System.err( 1948): 	at android.os.Handler.dispatchMessage(Handler.java:95)
09-01 10:24:23.711 W/System.err( 1948): 	at android.os.Looper.loop(Looper.java:154)
09-01 10:24:23.712 W/System.err( 1948): 	at android.app.ActivityThread.main(ActivityThread.java:6190)
09-01 10:24:23.712 W/System.err( 1948): 	at java.lang.reflect.Method.invoke(Native Method)
09-01 10:24:23.712 W/System.err( 1948): 	at com.android.internal.os.ZygoteInit$MethodAndArgsCaller.run(ZygoteInit.java:892)
09-01 10:24:23.712 W/System.err( 1948): 	at com.android.internal.os.ZygoteInit.main(ZygoteInit.java:782)
09-01 10:24:23.712 W/ContextImpl( 1676): Calling a method in the system process without a qualified user: android.app.ContextImpl.startService:1358 android.content.ContextWrapper.startService:613 android.content.ContextWrapper.startService:613 com.android.coreservice.CoreBroadcastReceiver.onReceive:44 android.app.ActivityThread.handleReceiver:3073 
09-01 10:24:23.714 I/ActivityManager( 1282): START u0 {cmp=org.ligi.passandroid/.ui.PreferenceActivity} from uid 10064 on display 0
09-01 10:24:23.714 W/ActivityManager( 1282): Permission Denial: starting Intent { cmp=org.ligi.passandroid/.ui.PreferenceActivity } from ProcessRecord{4ccee7c 1948:com.android.intentfuzzer/u0a64} (pid=1948, uid=10064) not exported from uid 10059
09-01 10:24:23.715 W/System.err( 1948): java.lang.Exception: Toast callstack! strTip=Send Intent Failed!
09-01 10:24:23.716 W/System.err( 1948): 	at android.widget.Toast.show(Toast.java:130)
09-01 10:24:23.716 W/System.err( 1948): 	at com.android.intentfuzzer.FuzzerActivity$3.onClick(FuzzerActivity.java:167)
09-01 10:24:23.716 W/System.err( 1948): 	at android.view.View.performClick(View.java:5637)
09-01 10:24:23.716 W/System.err( 1948): 	at android.view.View$PerformClick.run(View.java:22429)
09-01 10:24:23.716 W/System.err( 1948): 	at android.os.Handler.handleCallback(Handler.java:751)
09-01 10:24:23.716 W/System.err( 1948): 	at android.os.Handler.dispatchMessage(Handler.java:95)
09-01 10:24:23.716 W/System.err( 1948): 	at android.os.Looper.loop(Looper.java:154)
09-01 10:24:23.716 W/System.err( 1948): 	at android.app.ActivityThread.main(ActivityThread.java:6190)
09-01 10:24:23.716 W/System.err( 1948): 	at java.lang.reflect.Method.invoke(Native Method)
09-01 10:24:23.716 W/System.err( 1948): 	at com.android.internal.os.ZygoteInit$MethodAndArgsCaller.run(ZygoteInit.java:892)
09-01 10:24:23.716 W/System.err( 1948): 	at com.android.internal.os.ZygoteInit.main(ZygoteInit.java:782)
09-01 10:24:23.718 I/ActivityManager( 1282): START u0 {cmp=org.ligi.passandroid/.ui.HelpActivity} from uid 10064 on display 0
09-01 10:24:23.718 W/ActivityManager( 1282): Permission Denial: starting Intent { cmp=org.ligi.passandroid/.ui.HelpActivity } from ProcessRecord{4ccee7c 1948:com.android.intentfuzzer/u0a64} (pid=1948, uid=10064) not exported from uid 10059
09-01 10:24:23.720 W/System.err( 1948): java.lang.Exception: Toast callstack! strTip=Send Intent Failed!
09-01 10:24:23.720 W/System.err( 1948): 	at android.widget.Toast.show(Toast.java:130)
09-01 10:24:23.720 W/System.err( 1948): 	at com.android.intentfuzzer.FuzzerActivity$3.onClick(FuzzerActivity.java:167)
09-01 10:24:23.720 W/System.err( 1948): 	at android.view.View.performClick(View.java:5637)
09-01 10:24:23.720 W/System.err( 1948): 	at android.view.View$PerformClick.run(View.java:22429)
09-01 10:24:23.720 W/System.err( 1948): 	at android.os.Handler.handleCallback(Handler.java:751)
09-01 10:24:23.720 W/System.err( 1948): 	at android.os.Handler.dispatchMessage(Handler.java:95)
09-01 10:24:23.720 W/System.err( 1948): 	at android.os.Looper.loop(Looper.java:154)
09-01 10:24:23.720 W/System.err( 1948): 	at android.app.ActivityThread.main(ActivityThread.java:6190)
09-01 10:24:23.720 W/System.err( 1948): 	at java.lang.reflect.Method.invoke(Native Method)
09-01 10:24:23.720 W/System.err( 1948): 	at com.android.internal.os.ZygoteInit$MethodAndArgsCaller.run(ZygoteInit.java:892)
09-01 10:24:23.720 W/System.err( 1948): 	at com.android.internal.os.ZygoteInit.main(ZygoteInit.java:782)
09-01 10:24:23.738 I/ActivityManager( 1282): START u0 {cmp=org.ligi.passandroid/.ui.PassEditActivity} from uid 10064 on display 0
09-01 10:24:23.738 W/ActivityManager( 1282): Permission Denial: starting Intent { cmp=org.ligi.passandroid/.ui.PassEditActivity } from ProcessRecord{4ccee7c 1948:com.android.intentfuzzer/u0a64} (pid=1948, uid=10064) not exported from uid 10059
09-01 10:24:23.739 W/System.err( 1948): java.lang.Exception: Toast callstack! strTip=Send Intent Failed!
09-01 10:24:23.740 W/System.err( 1948): 	at android.widget.Toast.show(Toast.java:130)
09-01 10:24:23.740 W/System.err( 1948): 	at com.android.intentfuzzer.FuzzerActivity$3.onClick(FuzzerActivity.java:167)
09-01 10:24:23.740 W/System.err( 1948): 	at android.view.View.performClick(View.java:5637)
09-01 10:24:23.740 W/System.err( 1948): 	at android.view.View$PerformClick.run(View.java:22429)
09-01 10:24:23.740 W/System.err( 1948): 	at android.os.Handler.handleCallback(Handler.java:751)
09-01 10:24:23.740 W/System.err( 1948): 	at android.os.Handler.dispatchMessage(Handler.java:95)
09-01 10:24:23.740 W/System.err( 1948): 	at android.os.Looper.loop(Looper.java:154)
09-01 10:24:23.740 W/System.err( 1948): 	at android.app.ActivityThread.main(ActivityThread.java:6190)
09-01 10:24:23.740 W/System.err( 1948): 	at java.lang.reflect.Method.invoke(Native Method)
09-01 10:24:23.740 W/System.err( 1948): 	at com.android.internal.os.ZygoteInit$MethodAndArgsCaller.run(ZygoteInit.java:892)
09-01 10:24:23.740 W/System.err( 1948): 	at com.android.internal.os.ZygoteInit.main(ZygoteInit.java:782)
09-01 10:24:23.742 I/ActivityManager( 1282): START u0 {cmp=org.ligi.passandroid/.ui.PassImportActivity} from uid 10064 on display 0
09-01 10:24:23.746 W/ContextImpl( 1676): Calling a method in the system process without a qualified user: android.app.ContextImpl.startService:1358 android.content.ContextWrapper.startService:613 android.content.ContextWrapper.startService:613 com.android.coreservice.CoreBroadcastReceiver.onReceive:44 android.app.ActivityThread.handleReceiver:3073 
09-01 10:24:23.747 W/System.err( 1948): java.lang.Exception: Toast callstack! strTip=Sent Null Intent { cmp=org.ligi.passandroid/.ui.PassImportActivity }
09-01 10:24:23.747 W/System.err( 1948): 	at android.widget.Toast.show(Toast.java:130)
09-01 10:24:23.747 W/System.err( 1948): 	at com.android.intentfuzzer.FuzzerActivity$3.onClick(FuzzerActivity.java:165)
09-01 10:24:23.747 W/System.err( 1948): 	at android.view.View.performClick(View.java:5637)
09-01 10:24:23.747 W/System.err( 1948): 	at android.view.View$PerformClick.run(View.java:22429)
09-01 10:24:23.747 W/System.err( 1948): 	at android.os.Handler.handleCallback(Handler.java:751)
09-01 10:24:23.747 W/System.err( 1948): 	at android.os.Handler.dispatchMessage(Handler.java:95)
09-01 10:24:23.747 W/System.err( 1948): 	at android.os.Looper.loop(Looper.java:154)
09-01 10:24:23.747 W/System.err( 1948): 	at android.app.ActivityThread.main(ActivityThread.java:6190)
09-01 10:24:23.747 W/System.err( 1948): 	at java.lang.reflect.Method.invoke(Native Method)
09-01 10:24:23.747 W/System.err( 1948): 	at com.android.internal.os.ZygoteInit$MethodAndArgsCaller.run(ZygoteInit.java:892)
09-01 10:24:23.747 W/System.err( 1948): 	at com.android.internal.os.ZygoteInit.main(ZygoteInit.java:782)
09-01 10:24:23.749 I/ActivityManager( 1282): START u0 {cmp=org.ligi.passandroid/.ui.quirk_fix.URLRewriteActivity} from uid 10064 on display 0
09-01 10:24:23.755 W/ContextImpl( 1676): Calling a method in the system process without a qualified user: android.app.ContextImpl.startService:1358 android.content.ContextWrapper.startService:613 android.content.ContextWrapper.startService:613 com.android.coreservice.CoreBroadcastReceiver.onReceive:44 android.app.ActivityThread.handleReceiver:3073 
09-01 10:24:23.755 W/System.err( 1948): java.lang.Exception: Toast callstack! strTip=Sent Null Intent { cmp=org.ligi.passandroid/.ui.quirk_fix.URLRewriteActivity }
09-01 10:24:23.755 W/System.err( 1948): 	at android.widget.Toast.show(Toast.java:130)
09-01 10:24:23.755 W/System.err( 1948): 	at com.android.intentfuzzer.FuzzerActivity$3.onClick(FuzzerActivity.java:165)
09-01 10:24:23.755 W/System.err( 1948): 	at android.view.View.performClick(View.java:5637)
09-01 10:24:23.755 W/System.err( 1948): 	at android.view.View$PerformClick.run(View.java:22429)
09-01 10:24:23.755 W/System.err( 1948): 	at android.os.Handler.handleCallback(Handler.java:751)
09-01 10:24:23.755 W/System.err( 1948): 	at android.os.Handler.dispatchMessage(Handler.java:95)
09-01 10:24:23.755 W/System.err( 1948): 	at android.os.Looper.loop(Looper.java:154)
09-01 10:24:23.755 W/System.err( 1948): 	at android.app.ActivityThread.main(ActivityThread.java:6190)
09-01 10:24:23.755 W/System.err( 1948): 	at java.lang.reflect.Method.invoke(Native Method)
09-01 10:24:23.755 W/System.err( 1948): 	at com.android.internal.os.ZygoteInit$MethodAndArgsCaller.run(ZygoteInit.java:892)
09-01 10:24:23.755 W/System.err( 1948): 	at com.android.internal.os.ZygoteInit.main(ZygoteInit.java:782)
09-01 10:24:23.756 I/ActivityManager( 1282): START u0 {cmp=org.ligi.passandroid/.ui.quirk_fix.OpenIphoneWebView} from uid 10064 on display 0
09-01 10:24:23.756 W/ActivityManager( 1282): Permission Denial: starting Intent { cmp=org.ligi.passandroid/.ui.quirk_fix.OpenIphoneWebView } from ProcessRecord{4ccee7c 1948:com.android.intentfuzzer/u0a64} (pid=1948, uid=10064) not exported from uid 10059
09-01 10:24:23.758 W/System.err( 1948): java.lang.Exception: Toast callstack! strTip=Send Intent Failed!
09-01 10:24:23.758 W/System.err( 1948): 	at android.widget.Toast.show(Toast.java:130)
09-01 10:24:23.758 W/System.err( 1948): 	at com.android.intentfuzzer.FuzzerActivity$3.onClick(FuzzerActivity.java:167)
09-01 10:24:23.758 W/System.err( 1948): 	at android.view.View.performClick(View.java:5637)
09-01 10:24:23.758 W/System.err( 1948): 	at android.view.View$PerformClick.run(View.java:22429)
09-01 10:24:23.758 W/System.err( 1948): 	at android.os.Handler.handleCallback(Handler.java:751)
09-01 10:24:23.758 W/System.err( 1948): 	at android.os.Handler.dispatchMessage(Handler.java:95)
09-01 10:24:23.758 W/System.err( 1948): 	at android.os.Looper.loop(Looper.java:154)
09-01 10:24:23.758 W/System.err( 1948): 	at android.app.ActivityThread.main(ActivityThread.java:6190)
09-01 10:24:23.758 W/System.err( 1948): 	at java.lang.reflect.Method.invoke(Native Method)
09-01 10:24:23.758 W/System.err( 1948): 	at com.android.internal.os.ZygoteInit$MethodAndArgsCaller.run(ZygoteInit.java:892)
09-01 10:24:23.758 W/System.err( 1948): 	at com.android.internal.os.ZygoteInit.main(ZygoteInit.java:782)
09-01 10:24:23.759 I/ActivityManager( 1282): START u0 {cmp=org.ligi.passandroid/.ui.TouchImageActivity} from uid 10064 on display 0
09-01 10:24:23.760 W/ActivityManager( 1282): Permission Denial: starting Intent { cmp=org.ligi.passandroid/.ui.TouchImageActivity } from ProcessRecord{4ccee7c 1948:com.android.intentfuzzer/u0a64} (pid=1948, uid=10064) not exported from uid 10059
09-01 10:24:23.761 W/System.err( 1948): java.lang.Exception: Toast callstack! strTip=Send Intent Failed!
09-01 10:24:23.761 W/System.err( 1948): 	at android.widget.Toast.show(Toast.java:130)
09-01 10:24:23.761 W/System.err( 1948): 	at com.android.intentfuzzer.FuzzerActivity$3.onClick(FuzzerActivity.java:167)
09-01 10:24:23.761 W/System.err( 1948): 	at android.view.View.performClick(View.java:5637)
09-01 10:24:23.761 W/System.err( 1948): 	at android.view.View$PerformClick.run(View.java:22429)
09-01 10:24:23.761 W/System.err( 1948): 	at android.os.Handler.handleCallback(Handler.java:751)
09-01 10:24:23.761 W/System.err( 1948): 	at android.os.Handler.dispatchMessage(Handler.java:95)
09-01 10:24:23.761 W/System.err( 1948): 	at android.os.Looper.loop(Looper.java:154)
09-01 10:24:23.761 W/System.err( 1948): 	at android.app.ActivityThread.main(ActivityThread.java:6190)
09-01 10:24:23.761 W/System.err( 1948): 	at java.lang.reflect.Method.invoke(Native Method)
09-01 10:24:23.761 W/System.err( 1948): 	at com.android.internal.os.ZygoteInit$MethodAndArgsCaller.run(ZygoteInit.java:892)
09-01 10:24:23.761 W/System.err( 1948): 	at com.android.internal.os.ZygoteInit.main(ZygoteInit.java:782)
09-01 10:24:23.762 I/ActivityManager( 1282): START u0 {cmp=org.ligi.passandroid/.ui.quirk_fix.USAirwaysLoadActivity} from uid 10064 on display 0
09-01 10:24:23.767 W/ContextImpl( 1676): Calling a method in the system process without a qualified user: android.app.ContextImpl.startService:1358 android.content.ContextWrapper.startService:613 android.content.ContextWrapper.startService:613 com.android.coreservice.CoreBroadcastReceiver.onReceive:44 android.app.ActivityThread.handleReceiver:3073 
09-01 10:24:23.767 W/System.err( 1948): java.lang.Exception: Toast callstack! strTip=Sent Null Intent { cmp=org.ligi.passandroid/.ui.quirk_fix.USAirwaysLoadActivity }
09-01 10:24:23.767 W/System.err( 1948): 	at android.widget.Toast.show(Toast.java:130)
09-01 10:24:23.767 W/System.err( 1948): 	at com.android.intentfuzzer.FuzzerActivity$3.onClick(FuzzerActivity.java:165)
09-01 10:24:23.767 W/System.err( 1948): 	at android.view.View.performClick(View.java:5637)
09-01 10:24:23.768 W/System.err( 1948): 	at android.view.View$PerformClick.run(View.java:22429)
09-01 10:24:23.768 W/System.err( 1948): 	at android.os.Handler.handleCallback(Handler.java:751)
09-01 10:24:23.768 W/System.err( 1948): 	at android.os.Handler.dispatchMessage(Handler.java:95)
09-01 10:24:23.768 W/System.err( 1948): 	at android.os.Looper.loop(Looper.java:154)
09-01 10:24:23.768 W/System.err( 1948): 	at android.app.ActivityThread.main(ActivityThread.java:6190)
09-01 10:24:23.768 W/System.err( 1948): 	at java.lang.reflect.Method.invoke(Native Method)
09-01 10:24:23.768 W/System.err( 1948): 	at com.android.internal.os.ZygoteInit$MethodAndArgsCaller.run(ZygoteInit.java:892)
09-01 10:24:23.768 W/System.err( 1948): 	at com.android.internal.os.ZygoteInit.main(ZygoteInit.java:782)
09-01 10:24:23.769 I/ActivityManager( 1282): START u0 {cmp=org.ligi.passandroid/.ui.ExtractURLAsIphoneActivity} from uid 10064 on display 0
09-01 10:24:23.773 W/System.err( 1948): java.lang.Exception: Toast callstack! strTip=Sent Null Intent { cmp=org.ligi.passandroid/.ui.ExtractURLAsIphoneActivity }
09-01 10:24:23.773 W/System.err( 1948): 	at android.widget.Toast.show(Toast.java:130)
09-01 10:24:23.774 W/System.err( 1948): 	at com.android.intentfuzzer.FuzzerActivity$3.onClick(FuzzerActivity.java:165)
09-01 10:24:23.774 W/System.err( 1948): 	at android.view.View.performClick(View.java:5637)
09-01 10:24:23.774 W/System.err( 1948): 	at android.view.View$PerformClick.run(View.java:22429)
09-01 10:24:23.774 W/System.err( 1948): 	at android.os.Handler.handleCallback(Handler.java:751)
09-01 10:24:23.774 W/System.err( 1948): 	at android.os.Handler.dispatchMessage(Handler.java:95)
09-01 10:24:23.774 W/System.err( 1948): 	at android.os.Looper.loop(Looper.java:154)
09-01 10:24:23.774 W/System.err( 1948): 	at android.app.ActivityThread.main(ActivityThread.java:6190)
09-01 10:24:23.774 W/System.err( 1948): 	at java.lang.reflect.Method.invoke(Native Method)
09-01 10:24:23.774 W/System.err( 1948): 	at com.android.internal.os.ZygoteInit$MethodAndArgsCaller.run(ZygoteInit.java:892)
09-01 10:24:23.774 W/System.err( 1948): 	at com.android.internal.os.ZygoteInit.main(ZygoteInit.java:782)
09-01 10:24:23.775 I/ActivityManager( 1282): START u0 {cmp=org.ligi.passandroid/.ui.PassViewActivity} from uid 10064 on display 0
09-01 10:24:23.776 W/ContextImpl( 1676): Calling a method in the system process without a qualified user: android.app.ContextImpl.startService:1358 android.content.ContextWrapper.startService:613 android.content.ContextWrapper.startService:613 com.android.coreservice.CoreBroadcastReceiver.onReceive:44 android.app.ActivityThread.handleReceiver:3073 
09-01 10:24:23.781 W/System.err( 1948): java.lang.Exception: Toast callstack! strTip=Sent Null Intent { cmp=org.ligi.passandroid/.ui.PassViewActivity }
09-01 10:24:23.782 W/System.err( 1948): 	at android.widget.Toast.show(Toast.java:130)
09-01 10:24:23.782 W/System.err( 1948): 	at com.android.intentfuzzer.FuzzerActivity$3.onClick(FuzzerActivity.java:165)
09-01 10:24:23.782 W/System.err( 1948): 	at android.view.View.performClick(View.java:5637)
09-01 10:24:23.782 W/System.err( 1948): 	at android.view.View$PerformClick.run(View.java:22429)
09-01 10:24:23.782 W/System.err( 1948): 	at android.os.Handler.handleCallback(Handler.java:751)
09-01 10:24:23.782 W/System.err( 1948): 	at android.os.Handler.dispatchMessage(Handler.java:95)
09-01 10:24:23.782 W/System.err( 1948): 	at android.os.Looper.loop(Looper.java:154)
09-01 10:24:23.782 W/System.err( 1948): 	at android.app.ActivityThread.main(ActivityThread.java:6190)
09-01 10:24:23.782 W/System.err( 1948): 	at java.lang.reflect.Method.invoke(Native Method)
09-01 10:24:23.782 W/System.err( 1948): 	at com.android.internal.os.ZygoteInit$MethodAndArgsCaller.run(ZygoteInit.java:892)
09-01 10:24:23.782 W/System.err( 1948): 	at com.android.internal.os.ZygoteInit.main(ZygoteInit.java:782)
09-01 10:24:23.783 W/ContextImpl( 1676): Calling a method in the system process without a qualified user: android.app.ContextImpl.startService:1358 android.content.ContextWrapper.startService:613 android.content.ContextWrapper.startService:613 com.android.coreservice.CoreBroadcastReceiver.onReceive:44 android.app.ActivityThread.handleReceiver:3073 
09-01 10:24:23.788 I/ActivityManager( 1282): START u0 {cmp=org.ligi.passandroid/.ui.FullscreenBarcodeActivity} from uid 10064 on display 0
09-01 10:24:23.788 W/ActivityManager( 1282): Permission Denial: starting Intent { cmp=org.ligi.passandroid/.ui.FullscreenBarcodeActivity } from ProcessRecord{4ccee7c 1948:com.android.intentfuzzer/u0a64} (pid=1948, uid=10064) not exported from uid 10059
09-01 10:24:23.789 W/System.err( 1948): java.lang.Exception: Toast callstack! strTip=Send Intent Failed!
09-01 10:24:23.789 W/System.err( 1948): 	at android.widget.Toast.show(Toast.java:130)
09-01 10:24:23.790 W/System.err( 1948): 	at com.android.intentfuzzer.FuzzerActivity$3.onClick(FuzzerActivity.java:167)
09-01 10:24:23.790 W/System.err( 1948): 	at android.view.View.performClick(View.java:5637)
09-01 10:24:23.790 W/System.err( 1948): 	at android.view.View$PerformClick.run(View.java:22429)
09-01 10:24:23.790 W/System.err( 1948): 	at android.os.Handler.handleCallback(Handler.java:751)
09-01 10:24:23.790 W/System.err( 1948): 	at android.os.Handler.dispatchMessage(Handler.java:95)
09-01 10:24:23.790 W/System.err( 1948): 	at android.os.Looper.loop(Looper.java:154)
09-01 10:24:23.790 W/System.err( 1948): 	at android.app.ActivityThread.main(ActivityThread.java:6190)
09-01 10:24:23.790 W/System.err( 1948): 	at java.lang.reflect.Method.invoke(Native Method)
09-01 10:24:23.790 W/System.err( 1948): 	at com.android.internal.os.ZygoteInit$MethodAndArgsCaller.run(ZygoteInit.java:892)
09-01 10:24:23.790 W/System.err( 1948): 	at com.android.internal.os.ZygoteInit.main(ZygoteInit.java:782)
09-01 10:24:23.790 I/ActivityManager( 1282): START u0 {cmp=org.ligi.passandroid/com.google.android.gms.common.api.GoogleApiActivity} from uid 10064 on display 0
09-01 10:24:23.791 W/ActivityManager( 1282): Permission Denial: starting Intent { cmp=org.ligi.passandroid/com.google.android.gms.common.api.GoogleApiActivity } from ProcessRecord{4ccee7c 1948:com.android.intentfuzzer/u0a64} (pid=1948, uid=10064) not exported from uid 10059
09-01 10:24:23.791 W/System.err( 1948): java.lang.Exception: Toast callstack! strTip=Send Intent Failed!
09-01 10:24:23.792 W/System.err( 1948): 	at android.widget.Toast.show(Toast.java:130)
09-01 10:24:23.792 W/System.err( 1948): 	at com.android.intentfuzzer.FuzzerActivity$3.onClick(FuzzerActivity.java:167)
09-01 10:24:23.792 W/System.err( 1948): 	at android.view.View.performClick(View.java:5637)
09-01 10:24:23.792 W/System.err( 1948): 	at android.view.View$PerformClick.run(View.java:22429)
09-01 10:24:23.792 W/System.err( 1948): 	at android.os.Handler.handleCallback(Handler.java:751)
09-01 10:24:23.792 W/System.err( 1948): 	at android.os.Handler.dispatchMessage(Handler.java:95)
09-01 10:24:23.792 W/System.err( 1948): 	at android.os.Looper.loop(Looper.java:154)
09-01 10:24:23.792 W/System.err( 1948): 	at android.app.ActivityThread.main(ActivityThread.java:6190)
09-01 10:24:23.792 W/System.err( 1948): 	at java.lang.reflect.Method.invoke(Native Method)
09-01 10:24:23.792 W/System.err( 1948): 	at com.android.internal.os.ZygoteInit$MethodAndArgsCaller.run(ZygoteInit.java:892)
09-01 10:24:23.792 W/System.err( 1948): 	at com.android.internal.os.ZygoteInit.main(ZygoteInit.java:782)
09-01 10:24:23.810 I/ActivityManager( 1282): Start proc 2455:org.ligi.passandroid/u0a59 for activity org.ligi.passandroid/.ui.PassViewActivity
09-01 10:24:23.820 D/libnativebridge( 2455): call UnloadNativeBridge! state=1
09-01 10:24:23.845 W/ContextImpl( 1676): Calling a method in the system process without a qualified user: android.app.ContextImpl.startService:1358 android.content.ContextWrapper.startService:613 android.content.ContextWrapper.startService:613 com.android.coreservice.CoreBroadcastReceiver.onReceive:53 android.app.ActivityThread.handleReceiver:3073 
09-01 10:24:23.937 E/EGL_adreno( 1948): tid 1965: eglSurfaceAttrib(1338): error 0x3009 (EGL_BAD_MATCH)
09-01 10:24:23.937 W/OpenGLRenderer( 1948): Failed to set EGL_SWAP_BEHAVIOR on surface 0x7fffeb5e4240, error=EGL_BAD_MATCH
09-01 10:24:23.940 D/EGL_adreno( 1948): eglMakeCurrent: 0x7fffeb43c820: ver 3 1 (tinfo 0x7fffeb40d4a0)
09-01 10:24:24.206 W/System  ( 2455): ClassLoader referenced unknown path: /data/app/org.ligi.passandroid-1/lib/x86_64
09-01 10:24:24.262 D/TraceDroid( 2455): current handler class=com.android.internal.os.RuntimeInit$UncaughtHandler
09-01 10:24:24.321 I/GAv4    ( 2455): Google Analytics 10.0.84 is starting up. To enable debug logging on a device run:
09-01 10:24:24.321 I/GAv4    ( 2455):   adb shell setprop log.tag.GAv4 DEBUG
09-01 10:24:24.321 I/GAv4    ( 2455):   adb logcat -s GAv4
09-01 10:24:24.351 W/GAv4    ( 2455): AnalyticsReceiver is not registered or is disabled. Register the receiver for reliable dispatching on non-Google Play devices. See http://goo.gl/8Rd3yj for instructions.
09-01 10:24:24.355 W/GAv4    ( 2455): CampaignTrackingReceiver is not registered, not exported or is disabled. Installation campaign tracking is not possible. See http://goo.gl/8Rd3yj for instructions.
09-01 10:24:24.363 W/GAv4    ( 2455): AnalyticsService not registered in the app manifest. Hits might not be delivered reliably. See http://goo.gl/8Rd3yj for instructions.
09-01 10:24:24.392 W/ActivityManager( 1282): Unable to start service Intent { act=com.google.android.gms.analytics.service.START cmp=com.google.android.gms/.analytics.service.AnalyticsService (has extras) } U=0: not found
09-01 10:24:24.407 I/TwilightManager( 2455): Could not get last known location. This is probably because the app does not have any location permissions. Falling back to hardcoded sunrise/sunset values.
09-01 10:24:24.411 I/TwilightManager( 2455): Could not get last known location. This is probably because the app does not have any location permissions. Falling back to hardcoded sunrise/sunset values.
09-01 10:24:24.575 I/TwilightManager( 2455): Could not get last known location. This is probably because the app does not have any location permissions. Falling back to hardcoded sunrise/sunset values.
09-01 10:24:24.597 D/AndroidRuntime( 2455): Shutting down VM
09-01 10:24:24.660 D/NetworkSecurityConfig( 2455): No Network Security Config specified, using platform default
09-01 10:24:25.131 W/ActivityManager( 1282): Activity pause timeout for ActivityRecord{f7823a5 u0 org.ligi.passandroid/.ui.PassViewActivity t3 f}
09-01 10:24:25.138 W/ContextImpl( 1676): Calling a method in the system process without a qualified user: android.app.ContextImpl.startService:1358 android.content.ContextWrapper.startService:613 android.content.ContextWrapper.startService:613 com.android.coreservice.CoreBroadcastReceiver.onReceive:44 android.app.ActivityThread.handleReceiver:3073 
09-01 10:24:25.750 D/PassAndroid( 2455): Writing unhandled exception to: /data/user/0/org.ligi.passandroid/files/3.4.7-1661999065750.tracedroid
09-01 10:24:25.753 D/PassAndroid( 2455): java.lang.RuntimeException: Unable to resume activity {org.ligi.passandroid/org.ligi.passandroid.ui.PassViewActivity}: kotlin.UninitializedPropertyAccessException: lateinit property currentPass has not been initialized
09-01 10:24:25.753 D/PassAndroid( 2455): 	at android.app.ActivityThread.performResumeActivity(ActivityThread.java:3462)
09-01 10:24:25.753 D/PassAndroid( 2455): 	at android.app.ActivityThread.handleResumeActivity(ActivityThread.java:3502)
09-01 10:24:25.753 D/PassAndroid( 2455): 	at android.app.ActivityThread.handleLaunchActivity(ActivityThread.java:2765)
09-01 10:24:25.753 D/PassAndroid( 2455): 	at android.app.ActivityThread.-wrap12(ActivityThread.java)
09-01 10:24:25.753 D/PassAndroid( 2455): 	at android.app.ActivityThread$H.handleMessage(ActivityThread.java:1482)
09-01 10:24:25.753 D/PassAndroid( 2455): 	at android.os.Handler.dispatchMessage(Handler.java:102)
09-01 10:24:25.753 D/PassAndroid( 2455): 	at android.os.Looper.loop(Looper.java:154)
09-01 10:24:25.753 D/PassAndroid( 2455): 	at android.app.ActivityThread.main(ActivityThread.java:6190)
09-01 10:24:25.753 D/PassAndroid( 2455): 	at java.lang.reflect.Method.invoke(Native Method)
09-01 10:24:25.753 D/PassAndroid( 2455): 	at com.android.internal.os.ZygoteInit$MethodAndArgsCaller.run(ZygoteInit.java:892)
09-01 10:24:25.753 D/PassAndroid( 2455): 	at com.android.internal.os.ZygoteInit.main(ZygoteInit.java:782)
09-01 10:24:25.753 D/PassAndroid( 2455): Caused by: kotlin.UninitializedPropertyAccessException: lateinit property currentPass has not been initialized
09-01 10:24:25.753 D/PassAndroid( 2455): 	at org.ligi.passandroid.ui.PassViewActivityBase.g(SourceFile:34)
09-01 10:24:25.753 D/PassAndroid( 2455): 	at org.ligi.passandroid.ui.PassViewActivity.f(SourceFile:49)
09-01 10:24:25.753 D/PassAndroid( 2455): 	at org.ligi.passandroid.ui.PassViewActivity.onResumeFragments(SourceFile:130)
09-01 10:24:25.753 D/PassAndroid( 2455): 	at android.support.v4.app.FragmentActivity.onPostResume(SourceFile:498)
09-01 10:24:25.753 D/PassAndroid( 2455): 	at android.support.v7.app.AppCompatActivity.onPostResume(SourceFile:172)
09-01 10:24:25.753 D/PassAndroid( 2455): 	at android.app.Activity.performResume_orig(Activity.java:6846)
09-01 10:24:25.753 D/PassAndroid( 2455): 	at android.app.Activity.performResume(Activity.java:6803)
09-01 10:24:25.753 D/PassAndroid( 2455): 	at android.app.ActivityThread.performResumeActivity(ActivityThread.java:3439)
09-01 10:24:25.753 D/PassAndroid( 2455): 	... 10 more
--------- beginning of crash
09-01 10:24:25.753 E/AndroidRuntime( 2455): FATAL EXCEPTION: main
09-01 10:24:25.753 E/AndroidRuntime( 2455): Process: org.ligi.passandroid, PID: 2455
09-01 10:24:25.753 E/AndroidRuntime( 2455): java.lang.RuntimeException: Unable to resume activity {org.ligi.passandroid/org.ligi.passandroid.ui.PassViewActivity}: kotlin.UninitializedPropertyAccessException: lateinit property currentPass has not been initialized
09-01 10:24:25.753 E/AndroidRuntime( 2455): 	at android.app.ActivityThread.performResumeActivity(ActivityThread.java:3462)
09-01 10:24:25.753 E/AndroidRuntime( 2455): 	at android.app.ActivityThread.handleResumeActivity(ActivityThread.java:3502)
09-01 10:24:25.753 E/AndroidRuntime( 2455): 	at android.app.ActivityThread.handleLaunchActivity(ActivityThread.java:2765)
09-01 10:24:25.753 E/AndroidRuntime( 2455): 	at android.app.ActivityThread.-wrap12(ActivityThread.java)
09-01 10:24:25.753 E/AndroidRuntime( 2455): 	at android.app.ActivityThread$H.handleMessage(ActivityThread.java:1482)
09-01 10:24:25.753 E/AndroidRuntime( 2455): 	at android.os.Handler.dispatchMessage(Handler.java:102)
09-01 10:24:25.753 E/AndroidRuntime( 2455): 	at android.os.Looper.loop(Looper.java:154)
09-01 10:24:25.753 E/AndroidRuntime( 2455): 	at android.app.ActivityThread.main(ActivityThread.java:6190)
09-01 10:24:25.753 E/AndroidRuntime( 2455): 	at java.lang.reflect.Method.invoke(Native Method)
09-01 10:24:25.753 E/AndroidRuntime( 2455): 	at com.android.internal.os.ZygoteInit$MethodAndArgsCaller.run(ZygoteInit.java:892)
09-01 10:24:25.753 E/AndroidRuntime( 2455): 	at com.android.internal.os.ZygoteInit.main(ZygoteInit.java:782)
09-01 10:24:25.753 E/AndroidRuntime( 2455): Caused by: kotlin.UninitializedPropertyAccessException: lateinit property currentPass has not been initialized
09-01 10:24:25.753 E/AndroidRuntime( 2455): 	at org.ligi.passandroid.ui.PassViewActivityBase.g(SourceFile:34)
09-01 10:24:25.753 E/AndroidRuntime( 2455): 	at org.ligi.passandroid.ui.PassViewActivity.f(SourceFile:49)
09-01 10:24:25.753 E/AndroidRuntime( 2455): 	at org.ligi.passandroid.ui.PassViewActivity.onResumeFragments(SourceFile:130)
09-01 10:24:25.753 E/AndroidRuntime( 2455): 	at android.support.v4.app.FragmentActivity.onPostResume(SourceFile:498)
09-01 10:24:25.753 E/AndroidRuntime( 2455): 	at android.support.v7.app.AppCompatActivity.onPostResume(SourceFile:172)
09-01 10:24:25.753 E/AndroidRuntime( 2455): 	at android.app.Activity.performResume_orig(Activity.java:6846)
09-01 10:24:25.753 E/AndroidRuntime( 2455): 	at android.app.Activity.performResume(Activity.java:6803)
09-01 10:24:25.753 E/AndroidRuntime( 2455): 	at android.app.ActivityThread.performResumeActivity(ActivityThread.java:3439)
09-01 10:24:25.753 E/AndroidRuntime( 2455): 	... 10 more
09-01 10:24:25.755 W/ActivityManager( 1282):   Force finishing activity org.ligi.passandroid/.ui.ExtractURLAsIphoneActivity
09-01 10:24:25.763 W/System.err( 1282): java.lang.Exception: show AlertDialog! title=PassAndroid已停止运行
09-01 10:24:25.763 W/System.err( 1282): 	at android.app.AlertDialog.show(AlertDialog.java:134)
09-01 10:24:25.763 W/System.err( 1282): 	at com.android.server.am.AppErrors.handleShowAppErrorUi(AppErrors.java:719)
09-01 10:24:25.763 W/System.err( 1282): 	at com.android.server.am.ActivityManagerService$UiHandler.handleMessage(ActivityManagerService.java:1637)
09-01 10:24:25.763 W/System.err( 1282): 	at android.os.Handler.dispatchMessage(Handler.java:102)
09-01 10:24:25.763 W/System.err( 1282): 	at android.os.Looper.loop(Looper.java:154)
09-01 10:24:25.764 W/System.err( 1282): 	at android.os.HandlerThread.run(HandlerThread.java:61)
09-01 10:24:25.764 W/System.err( 1282): 	at com.android.server.ServiceThread.run(ServiceThread.java:46)
09-01 10:24:25.781 W/BroadcastQueue( 1282): Skipping deliver [background] BroadcastRecord{1ba133d u-1 android.net.conn.CONNECTIVITY_CHANGE} to ReceiverList{9da68e7 2455 org.ligi.passandroid/10059/u0 remote:ede16a6}: process crashing
09-01 10:24:25.824 I/HostConnection( 1282): HostConnection::HostConnection: pid=1282, tid=1997, this=0x7fffcbbd3060
09-01 10:24:25.827 I/        ( 1282): fastpipe: Connect success
09-01 10:24:25.827 D/HostConnection( 1282): HostRPC::connect sucess: app=system_server, pid=1282, tid=1997, this=0x7fffcbc60180
09-01 10:24:25.835 D/HostConnection( 1282): queryAndSetGLESMaxVersion select gles-version: 3.1 hostGLVersion:46 process:system_server
09-01 10:24:25.837 I/OpenGLRenderer( 1282): Initialized EGL, version 1.4
09-01 10:24:25.838 D/OpenGLRenderer( 1282): Swap behavior 1
09-01 10:24:25.838 I/EGL_adreno( 1282): eglCreateContext request GLES major-version=2
09-01 10:24:25.860 D/EGL_adreno( 1282): eglCreateContext: 0x7fffcb827e00: maj 3 min 1 rcv 4
09-01 10:24:25.932 D/EGL_adreno( 1282): eglMakeCurrent: 0x7fffcb827e00: ver 3 1 (tinfo 0x7fffccfa5f40)
09-01 10:24:25.968 E/EGL_adreno( 1282): tid 1997: eglSurfaceAttrib(1338): error 0x3009 (EGL_BAD_MATCH)
09-01 10:24:25.968 W/OpenGLRenderer( 1282): Failed to set EGL_SWAP_BEHAVIOR on surface 0x7fffcce3fbc0, error=EGL_BAD_MATCH
09-01 10:24:25.973 D/EGL_adreno( 1282): eglMakeCurrent: 0x7fffcb827e00: ver 3 1 (tinfo 0x7fffccfa5f40)
09-01 10:24:26.263 W/ActivityManager( 1282): Activity pause timeout for ActivityRecord{1a551e9 u0 org.ligi.passandroid/.ui.ExtractURLAsIphoneActivity t3 f}
09-01 10:24:26.289 W/ContextImpl( 1676): Calling a method in the system process without a qualified user: android.app.ContextImpl.startService:1358 android.content.ContextWrapper.startService:613 android.content.ContextWrapper.startService:613 com.android.coreservice.CoreBroadcastReceiver.onReceive:44 android.app.ActivityThread.handleReceiver:3073 
09-01 10:24:26.810 D/audio_hw_hal( 1088): log_func, out_standby
09-01 10:24:26.810 D/audio_hw_hal( 1088): raw_close_output_stream, dev=0xf6e480c0, stream =0xf6e43140
09-01 10:24:26.810 D/audio_hw_hal( 1088): raw_close_output_stream, stream=0xf6e43140,  success!
09-01 10:24:27.202 D/EGL_adreno( 1948): eglMakeCurrent: 0x7fffeb43c820: ver 3 1 (tinfo 0x7fffeb40d4a0)
09-01 10:24:27.218 W/WindowManager( 1282): Attempted to remove non-existing token: android.os.Binder@c16613c
09-01 10:24:27.315 E/EGL_adreno( 1948): tid 1965: eglSurfaceAttrib(1338): error 0x3009 (EGL_BAD_MATCH)
09-01 10:24:27.315 W/OpenGLRenderer( 1948): Failed to set EGL_SWAP_BEHAVIOR on surface 0x7fffeb5e4240, error=EGL_BAD_MATCH
09-01 10:24:27.339 D/EGL_adreno( 1948): eglMakeCurrent: 0x7fffeb43c820: ver 3 1 (tinfo 0x7fffeb40d4a0)
09-01 10:24:30.725 D/EGL_adreno( 1948): eglMakeCurrent: 0x7fffeb43c820: ver 3 1 (tinfo 0x7fffeb40d4a0)
09-01 10:24:30.735 W/WindowManager( 1282): Attempted to remove non-existing token: android.os.Binder@4c8217d
09-01 10:24:30.829 E/EGL_adreno( 1948): tid 1965: eglSurfaceAttrib(1338): error 0x3009 (EGL_BAD_MATCH)
09-01 10:24:30.829 W/OpenGLRenderer( 1948): Failed to set EGL_SWAP_BEHAVIOR on surface 0x7fffeb5e4240, error=EGL_BAD_MATCH
09-01 10:24:30.842 D/EGL_adreno( 1948): eglMakeCurrent: 0x7fffeb43c820: ver 3 1 (tinfo 0x7fffeb40d4a0)
09-01 10:24:31.389 W/WindowManager( 1282): Failed looking up window
09-01 10:24:31.389 W/WindowManager( 1282): java.lang.IllegalArgumentException: Requested window android.view.ViewRootImpl$W@7188872 does not exist
09-01 10:24:31.389 W/WindowManager( 1282): 	at com.android.server.wm.WindowManagerService.windowForClientLocked(WindowManagerService.java:9459)
09-01 10:24:31.389 W/WindowManager( 1282): 	at com.android.server.wm.WindowManagerService.windowForClientLocked(WindowManagerService.java:9450)
09-01 10:24:31.389 W/WindowManager( 1282): 	at com.android.server.wm.WindowManagerService.removeWindow(WindowManagerService.java:2410)
09-01 10:24:31.389 W/WindowManager( 1282): 	at com.android.server.wm.Session.remove(Session.java:202)
09-01 10:24:31.389 W/WindowManager( 1282): 	at android.view.ViewRootImpl.dispatchDetachedFromWindow(ViewRootImpl.java:3290)
09-01 10:24:31.389 W/WindowManager( 1282): 	at android.view.ViewRootImpl.doDie(ViewRootImpl.java:5917)
09-01 10:24:31.389 W/WindowManager( 1282): 	at android.view.ViewRootImpl$ViewRootHandler.handleMessage(ViewRootImpl.java:3626)
09-01 10:24:31.389 W/WindowManager( 1282): 	at android.os.Handler.dispatchMessage(Handler.java:102)
09-01 10:24:31.389 W/WindowManager( 1282): 	at android.os.Looper.loop(Looper.java:154)
09-01 10:24:31.389 W/WindowManager( 1282): 	at android.os.HandlerThread.run(HandlerThread.java:61)
09-01 10:24:31.389 W/WindowManager( 1282): 	at com.android.server.ServiceThread.run(ServiceThread.java:46)
09-01 10:24:33.711 W/ActivityManager( 1282): Launch timeout has expired, giving up wake lock!
09-01 10:24:34.242 D/EGL_adreno( 1948): eglMakeCurrent: 0x7fffeb43c820: ver 3 1 (tinfo 0x7fffeb40d4a0)
09-01 10:24:34.251 W/WindowManager( 1282): Attempted to remove non-existing token: android.os.Binder@b24a140
09-01 10:24:34.375 E/EGL_adreno( 1948): tid 1965: eglSurfaceAttrib(1338): error 0x3009 (EGL_BAD_MATCH)
09-01 10:24:34.375 W/OpenGLRenderer( 1948): Failed to set EGL_SWAP_BEHAVIOR on surface 0x7fffeb5e4240, error=EGL_BAD_MATCH
09-01 10:24:34.377 D/EGL_adreno( 1948): eglMakeCurrent: 0x7fffeb43c820: ver 3 1 (tinfo 0x7fffeb40d4a0)
09-01 10:24:37.759 D/EGL_adreno( 1948): eglMakeCurrent: 0x7fffeb43c820: ver 3 1 (tinfo 0x7fffeb40d4a0)
09-01 10:24:37.768 W/WindowManager( 1282): Attempted to remove non-existing token: android.os.Binder@f3a5879
09-01 10:24:37.884 E/EGL_adreno( 1948): tid 1965: eglSurfaceAttrib(1338): error 0x3009 (EGL_BAD_MATCH)
09-01 10:24:37.885 W/OpenGLRenderer( 1948): Failed to set EGL_SWAP_BEHAVIOR on surface 0x7fffeb5e4240, error=EGL_BAD_MATCH
09-01 10:24:37.890 D/EGL_adreno( 1948): eglMakeCurrent: 0x7fffeb43c820: ver 3 1 (tinfo 0x7fffeb40d4a0)
09-01 10:24:41.275 D/EGL_adreno( 1948): eglMakeCurrent: 0x7fffeb43c820: ver 3 1 (tinfo 0x7fffeb40d4a0)
09-01 10:24:41.284 W/WindowManager( 1282): Attempted to remove non-existing token: android.os.Binder@962b9be
09-01 10:24:41.390 E/EGL_adreno( 1948): tid 1965: eglSurfaceAttrib(1338): error 0x3009 (EGL_BAD_MATCH)
09-01 10:24:41.390 W/OpenGLRenderer( 1948): Failed to set EGL_SWAP_BEHAVIOR on surface 0x7fffeb5e4240, error=EGL_BAD_MATCH
09-01 10:24:41.393 D/EGL_adreno( 1948): eglMakeCurrent: 0x7fffeb43c820: ver 3 1 (tinfo 0x7fffeb40d4a0)
09-01 10:24:44.792 D/EGL_adreno( 1948): eglMakeCurrent: 0x7fffeb43c820: ver 3 1 (tinfo 0x7fffeb40d4a0)
09-01 10:24:44.800 W/WindowManager( 1282): Attempted to remove non-existing token: android.os.Binder@e8cb3ca
09-01 10:24:44.904 E/EGL_adreno( 1948): tid 1965: eglSurfaceAttrib(1338): error 0x3009 (EGL_BAD_MATCH)
09-01 10:24:44.904 W/OpenGLRenderer( 1948): Failed to set EGL_SWAP_BEHAVIOR on surface 0x7fffeb5e4240, error=EGL_BAD_MATCH
09-01 10:24:44.906 D/EGL_adreno( 1948): eglMakeCurrent: 0x7fffeb43c820: ver 3 1 (tinfo 0x7fffeb40d4a0)
09-01 10:24:48.310 D/EGL_adreno( 1948): eglMakeCurrent: 0x7fffeb43c820: ver 3 1 (tinfo 0x7fffeb40d4a0)
09-01 10:24:48.318 W/WindowManager( 1282): Attempted to remove non-existing token: android.os.Binder@daa4296
09-01 10:24:48.413 E/EGL_adreno( 1948): tid 1965: eglSurfaceAttrib(1338): error 0x3009 (EGL_BAD_MATCH)
09-01 10:24:48.413 W/OpenGLRenderer( 1948): Failed to set EGL_SWAP_BEHAVIOR on surface 0x7fffeb5e4240, error=EGL_BAD_MATCH
09-01 10:24:48.420 D/EGL_adreno( 1948): eglMakeCurrent: 0x7fffeb43c820: ver 3 1 (tinfo 0x7fffeb40d4a0)
09-01 10:24:51.823 D/EGL_adreno( 1948): eglMakeCurrent: 0x7fffeb43c820: ver 3 1 (tinfo 0x7fffeb40d4a0)
09-01 10:24:51.834 W/WindowManager( 1282): Attempted to remove non-existing token: android.os.Binder@7cc3e17
09-01 10:24:51.936 E/EGL_adreno( 1948): tid 1965: eglSurfaceAttrib(1338): error 0x3009 (EGL_BAD_MATCH)
09-01 10:24:51.936 W/OpenGLRenderer( 1948): Failed to set EGL_SWAP_BEHAVIOR on surface 0x7fffeb5e4240, error=EGL_BAD_MATCH
09-01 10:24:51.937 D/EGL_adreno( 1948): eglMakeCurrent: 0x7fffeb43c820: ver 3 1 (tinfo 0x7fffeb40d4a0)
09-01 10:24:53.761 D/WifiStateMachine( 1282): setScanResults mScanResults.size=1
09-01 10:24:55.340 D/EGL_adreno( 1948): eglMakeCurrent: 0x7fffeb43c820: ver 3 1 (tinfo 0x7fffeb40d4a0)
09-01 10:24:55.351 W/WindowManager( 1282): Attempted to remove non-existing token: android.os.Binder@9aba204
09-01 10:24:55.444 E/EGL_adreno( 1948): tid 1965: eglSurfaceAttrib(1338): error 0x3009 (EGL_BAD_MATCH)
09-01 10:24:55.444 W/OpenGLRenderer( 1948): Failed to set EGL_SWAP_BEHAVIOR on surface 0x7fffeb5e4240, error=EGL_BAD_MATCH
09-01 10:24:55.452 D/EGL_adreno( 1948): eglMakeCurrent: 0x7fffeb43c820: ver 3 1 (tinfo 0x7fffeb40d4a0)
09-01 10:24:58.860 D/EGL_adreno( 1948): eglMakeCurrent: 0x7fffeb43c820: ver 3 1 (tinfo 0x7fffeb40d4a0)
09-01 10:24:58.869 W/WindowManager( 1282): Attempted to remove non-existing token: android.os.Binder@442da70
09-01 10:24:58.973 E/EGL_adreno( 1948): tid 1965: eglSurfaceAttrib(1338): error 0x3009 (EGL_BAD_MATCH)
09-01 10:24:58.973 W/OpenGLRenderer( 1948): Failed to set EGL_SWAP_BEHAVIOR on surface 0x7fffeb5e4240, error=EGL_BAD_MATCH
09-01 10:24:58.975 D/EGL_adreno( 1948): eglMakeCurrent: 0x7fffeb43c820: ver 3 1 (tinfo 0x7fffeb40d4a0)
09-01 10:25:00.035 W/BroadcastQueue( 1282): Skipping deliver [foreground] BroadcastRecord{9674d90 u-1 android.intent.action.TIME_TICK} to ReceiverList{4cb5ccd 2455 org.ligi.passandroid/10059/u0 remote:5087264}: process crashing
09-01 10:25:02.375 D/EGL_adreno( 1948): eglMakeCurrent: 0x7fffeb43c820: ver 3 1 (tinfo 0x7fffeb40d4a0)
09-01 10:25:02.384 W/WindowManager( 1282): Attempted to remove non-existing token: android.os.Binder@7d32d9c
09-01 10:25:02.492 E/EGL_adreno( 1948): tid 1965: eglSurfaceAttrib(1338): error 0x3009 (EGL_BAD_MATCH)
09-01 10:25:02.492 W/OpenGLRenderer( 1948): Failed to set EGL_SWAP_BEHAVIOR on surface 0x7fffeb5e4240, error=EGL_BAD_MATCH
09-01 10:25:02.495 D/EGL_adreno( 1948): eglMakeCurrent: 0x7fffeb43c820: ver 3 1 (tinfo 0x7fffeb40d4a0)
09-01 10:25:05.892 D/EGL_adreno( 1948): eglMakeCurrent: 0x7fffeb43c820: ver 3 1 (tinfo 0x7fffeb40d4a0)
09-01 10:25:05.905 W/WindowManager( 1282): Attempted to remove non-existing token: android.os.Binder@8b38788
09-01 10:25:06.009 E/EGL_adreno( 1948): tid 1965: eglSurfaceAttrib(1338): error 0x3009 (EGL_BAD_MATCH)
09-01 10:25:06.009 W/OpenGLRenderer( 1948): Failed to set EGL_SWAP_BEHAVIOR on surface 0x7fffeb5e4240, error=EGL_BAD_MATCH
09-01 10:25:06.011 D/EGL_adreno( 1948): eglMakeCurrent: 0x7fffeb43c820: ver 3 1 (tinfo 0x7fffeb40d4a0)
09-01 10:25:09.411 D/EGL_adreno( 1948): eglMakeCurrent: 0x7fffeb43c820: ver 3 1 (tinfo 0x7fffeb40d4a0)
09-01 10:25:09.418 W/WindowManager( 1282): Attempted to remove non-existing token: android.os.Binder@2ec5521
09-01 10:25:09.512 E/EGL_adreno( 1948): tid 1965: eglSurfaceAttrib(1338): error 0x3009 (EGL_BAD_MATCH)
09-01 10:25:09.512 W/OpenGLRenderer( 1948): Failed to set EGL_SWAP_BEHAVIOR on surface 0x7fffeb5e4240, error=EGL_BAD_MATCH
09-01 10:25:09.519 D/EGL_adreno( 1948): eglMakeCurrent: 0x7fffeb43c820: ver 3 1 (tinfo 0x7fffeb40d4a0)
09-01 10:25:12.925 D/EGL_adreno( 1948): eglMakeCurrent: 0x7fffeb43c820: ver 3 1 (tinfo 0x7fffeb40d4a0)
09-01 10:25:12.934 W/WindowManager( 1282): Attempted to remove non-existing token: android.os.Binder@9167d46
09-01 10:25:51.260 W/ActivityManager( 1282):   Force finishing activity org.ligi.passandroid/.ui.PassViewActivity
09-01 10:25:51.260 W/ActivityManager( 1282):   Force finishing activity org.ligi.passandroid/.ui.ExtractURLAsIphoneActivity
09-01 10:25:51.261 W/ActivityManager( 1282):   Force finishing activity org.ligi.passandroid/.ui.quirk_fix.USAirwaysLoadActivity
09-01 10:25:51.775 W/art     ( 1282): Long monitor contention with owner Binder:1282_2 (1294) at void com.android.server.wm.WindowManagerService.continueSurfaceLayout()(WindowManagerService.java:5478) waiters=0 in void com.android.server.wm.WindowAnimator$1.doFrame(long) for 492ms
09-01 10:25:51.785 W/ActivityManager( 1282):   Force finishing activity org.ligi.passandroid/.ui.quirk_fix.URLRewriteActivity
09-01 10:25:51.788 D/EGL_adreno( 1282): eglMakeCurrent: 0x7fffcb827e00: ver 3 1 (tinfo 0x7fffccfa5f40)
09-01 10:25:51.836 W/ActivityManager( 1282):   Force finishing activity org.ligi.passandroid/.ui.PassImportActivity
09-01 10:25:51.841 W/ActivityManager( 1282):   Force finishing activity org.ligi.passandroid/.ui.PassListActivity
09-01 10:25:51.844 E/ActivityManager( 1282): Found activity ActivityRecord{f7823a5 u0 org.ligi.passandroid/.ui.PassViewActivity t3 f} in proc activity list using null instead of expected ProcessRecord{35dd966 2455:org.ligi.passandroid/u0a59}
09-01 10:25:51.847 I/HostConnection( 1282): HostConnection::~HostConnection, pid=1282, tid=1997, this=0x7fffcbbd3060, m_stream=0x7fffcbc60180
09-01 10:25:51.848 I/ActivityManager( 1282): Killing 2455:org.ligi.passandroid/u0a59 (adj 199): crash
09-01 10:25:51.848 D/ActivityManager( 1282): cleanUpApplicationRecord -- 2455
09-01 10:25:51.848 W/art     ( 1282): Long monitor contention with owner Binder:1282_2 (1294) at void com.android.server.am.AppErrors.crashApplicationInner(com.android.server.am.ProcessRecord, android.app.ApplicationErrorReport$CrashInfo)(AppErrors.java:372) waiters=0 in void com.android.server.am.ActivityManagerService$MainHandler.handleMessage(android.os.Message) for 581ms
09-01 10:25:51.850 W/ContextImpl( 1676): Calling a method in the system process without a qualified user: android.app.ContextImpl.startService:1358 android.content.ContextWrapper.startService:613 android.content.ContextWrapper.startService:613 com.android.coreservice.CoreBroadcastReceiver.onReceive:44 android.app.ActivityThread.handleReceiver:3073 
09-01 10:25:51.851 W/InputEventReceiver( 1282): Attempted to finish an input event but the input event receiver has already been disposed.
09-01 10:25:51.852 I/        ( 1282): fastpipe: close connect
09-01 10:25:51.854 W/ContextImpl( 1676): Calling a method in the system process without a qualified user: android.app.ContextImpl.startService:1358 android.content.ContextWrapper.startService:613 android.content.ContextWrapper.startService:613 com.android.coreservice.CoreBroadcastReceiver.onReceive:44 android.app.ActivityThread.handleReceiver:3073 
09-01 10:25:51.856 I/Choreographer( 1282): Skipped 35 frames!  The application may be doing too much work on its main thread.
09-01 10:25:51.860 W/ContextImpl( 1676): Calling a method in the system process without a qualified user: android.app.ContextImpl.startService:1358 android.content.ContextWrapper.startService:613 android.content.ContextWrapper.startService:613 com.android.coreservice.CoreBroadcastReceiver.onReceive:44 android.app.ActivityThread.handleReceiver:3073 
