09-01 10:25:51.865 W/ContextImpl( 1676): Calling a method in the system process without a qualified user: android.app.ContextImpl.startService:1358 android.content.ContextWrapper.startService:613 android.content.ContextWrapper.startService:613 com.android.coreservice.CoreBroadcastReceiver.onReceive:44 android.app.ActivityThread.handleReceiver:3073 
09-01 10:25:51.868 W/ContextImpl( 1676): Calling a method in the system process without a qualified user: android.app.ContextImpl.startService:1358 android.content.ContextWrapper.startService:613 android.content.ContextWrapper.startService:613 com.android.coreservice.CoreBroadcastReceiver.onReceive:53 android.app.ActivityThread.handleReceiver:3073 
09-01 10:25:51.955 W/ContextImpl( 1676): Calling a method in the system process without a qualified user: android.app.ContextImpl.startService:1358 android.content.ContextWrapper.startService:613 android.content.ContextWrapper.startService:613 com.android.coreservice.CoreBroadcastReceiver.onReceive:53 android.app.ActivityThread.handleReceiver:3073 
09-01 10:25:51.964 E/EGL_adreno( 1948): tid 1965: eglSurfaceAttrib(1338): error 0x3009 (EGL_BAD_MATCH)
09-01 10:25:51.964 W/OpenGLRenderer( 1948): Failed to set EGL_SWAP_BEHAVIOR on surface 0x7fffeb5e4240, error=EGL_BAD_MATCH
09-01 10:25:51.969 W/AppOps  ( 1282): Finishing op nesting under-run: uid 1000 pkg android code 24 time=0 duration=0 nesting=0
09-01 10:25:51.972 W/InputMethodManagerService( 1282): Window already focused, ignoring focus gain of: com.android.internal.view.IInputMethodClient$Stub$Proxy@216d4a7 attribute=null, token = android.os.BinderProxy@33d5b0d
09-01 10:25:51.978 D/EGL_adreno( 1948): eglMakeCurrent: 0x7fffeb43c820: ver 3 1 (tinfo 0x7fffeb40d4a0)
09-01 10:25:52.967 I/ActivityManager( 1282): START u0 {cmp=org.ligi.passandroid/.FullscreenMapActivity (has extras)} from uid 10064 on display 0
09-01 10:25:52.967 W/ActivityManager( 1282): Permission Denial: starting Intent { cmp=org.ligi.passandroid/.FullscreenMapActivity (has extras) } from ProcessRecord{4ccee7c 1948:com.android.intentfuzzer/u0a64} (pid=1948, uid=10064) not exported from uid 10059
09-01 10:25:52.968 W/System.err( 1948): java.lang.Exception: Toast callstack! strTip=Send Intent Failed!
09-01 10:25:52.968 W/System.err( 1948): 	at android.widget.Toast.show(Toast.java:130)
09-01 10:25:52.968 W/System.err( 1948): 	at com.android.intentfuzzer.FuzzerActivity$4.onClick(FuzzerActivity.java:186)
09-01 10:25:52.968 W/System.err( 1948): 	at android.view.View.performClick(View.java:5637)
09-01 10:25:52.968 W/System.err( 1948): 	at android.view.View$PerformClick.run(View.java:22429)
09-01 10:25:52.968 W/System.err( 1948): 	at android.os.Handler.handleCallback(Handler.java:751)
09-01 10:25:52.968 W/System.err( 1948): 	at android.os.Handler.dispatchMessage(Handler.java:95)
09-01 10:25:52.968 W/System.err( 1948): 	at android.os.Looper.loop(Looper.java:154)
09-01 10:25:52.968 W/System.err( 1948): 	at android.app.ActivityThread.main(ActivityThread.java:6190)
09-01 10:25:52.968 W/System.err( 1948): 	at java.lang.reflect.Method.invoke(Native Method)
09-01 10:25:52.968 W/System.err( 1948): 	at com.android.internal.os.ZygoteInit$MethodAndArgsCaller.run(ZygoteInit.java:892)
09-01 10:25:52.968 W/System.err( 1948): 	at com.android.internal.os.ZygoteInit.main(ZygoteInit.java:782)
09-01 10:25:52.970 D/audio_hw_hal( 1088): raw_start_output_stream, stream=0xf6e43140, sampleRate=48000, channel=2, bps=16, bufSize=4096
09-01 10:25:52.971 I/ActivityManager( 1282): START u0 {cmp=org.ligi.passandroid/.ui.PassListActivity (has extras)} from uid 10064 on display 0
09-01 10:25:52.980 W/ContextImpl( 1676): Calling a method in the system process without a qualified user: android.app.ContextImpl.startService:1358 android.content.ContextWrapper.startService:613 android.content.ContextWrapper.startService:613 com.android.coreservice.CoreBroadcastReceiver.onReceive:44 android.app.ActivityThread.handleReceiver:3073 
09-01 10:25:52.980 W/System.err( 1948): java.lang.Exception: Toast callstack! strTip=Sent Serializeable Intent { cmp=org.ligi.passandroid/.ui.PassListActivity (has extras) }
09-01 10:25:52.980 W/System.err( 1948): 	at android.widget.Toast.show(Toast.java:130)
09-01 10:25:52.980 W/System.err( 1948): 	at com.android.intentfuzzer.FuzzerActivity$4.onClick(FuzzerActivity.java:184)
09-01 10:25:52.980 W/System.err( 1948): 	at android.view.View.performClick(View.java:5637)
09-01 10:25:52.980 W/System.err( 1948): 	at android.view.View$PerformClick.run(View.java:22429)
09-01 10:25:52.980 W/System.err( 1948): 	at android.os.Handler.handleCallback(Handler.java:751)
09-01 10:25:52.980 W/System.err( 1948): 	at android.os.Handler.dispatchMessage(Handler.java:95)
09-01 10:25:52.980 W/System.err( 1948): 	at android.os.Looper.loop(Looper.java:154)
09-01 10:25:52.980 W/System.err( 1948): 	at android.app.ActivityThread.main(ActivityThread.java:6190)
09-01 10:25:52.980 W/System.err( 1948): 	at java.lang.reflect.Method.invoke(Native Method)
09-01 10:25:52.980 W/System.err( 1948): 	at com.android.internal.os.ZygoteInit$MethodAndArgsCaller.run(ZygoteInit.java:892)
09-01 10:25:52.980 W/System.err( 1948): 	at com.android.internal.os.ZygoteInit.main(ZygoteInit.java:782)
09-01 10:25:52.983 I/ActivityManager( 1282): START u0 {cmp=org.ligi.passandroid/.ui.PreferenceActivity (has extras)} from uid 10064 on display 0
09-01 10:25:52.983 W/ActivityManager( 1282): Permission Denial: starting Intent { cmp=org.ligi.passandroid/.ui.PreferenceActivity (has extras) } from ProcessRecord{4ccee7c 1948:com.android.intentfuzzer/u0a64} (pid=1948, uid=10064) not exported from uid 10059
09-01 10:25:52.984 W/System.err( 1948): java.lang.Exception: Toast callstack! strTip=Send Intent Failed!
09-01 10:25:52.984 W/System.err( 1948): 	at android.widget.Toast.show(Toast.java:130)
09-01 10:25:52.984 W/System.err( 1948): 	at com.android.intentfuzzer.FuzzerActivity$4.onClick(FuzzerActivity.java:186)
09-01 10:25:52.984 W/System.err( 1948): 	at android.view.View.performClick(View.java:5637)
09-01 10:25:52.984 W/System.err( 1948): 	at android.view.View$PerformClick.run(View.java:22429)
09-01 10:25:52.984 W/System.err( 1948): 	at android.os.Handler.handleCallback(Handler.java:751)
09-01 10:25:52.984 W/System.err( 1948): 	at android.os.Handler.dispatchMessage(Handler.java:95)
09-01 10:25:52.984 W/System.err( 1948): 	at android.os.Looper.loop(Looper.java:154)
09-01 10:25:52.984 W/System.err( 1948): 	at android.app.ActivityThread.main(ActivityThread.java:6190)
09-01 10:25:52.984 W/System.err( 1948): 	at java.lang.reflect.Method.invoke(Native Method)
09-01 10:25:52.984 W/System.err( 1948): 	at com.android.internal.os.ZygoteInit$MethodAndArgsCaller.run(ZygoteInit.java:892)
09-01 10:25:52.984 W/System.err( 1948): 	at com.android.internal.os.ZygoteInit.main(ZygoteInit.java:782)
09-01 10:25:52.986 I/ActivityManager( 1282): START u0 {cmp=org.ligi.passandroid/.ui.HelpActivity (has extras)} from uid 10064 on display 0
09-01 10:25:52.986 W/ActivityManager( 1282): Permission Denial: starting Intent { cmp=org.ligi.passandroid/.ui.HelpActivity (has extras) } from ProcessRecord{4ccee7c 1948:com.android.intentfuzzer/u0a64} (pid=1948, uid=10064) not exported from uid 10059
09-01 10:25:52.988 W/System.err( 1948): java.lang.Exception: Toast callstack! strTip=Send Intent Failed!
09-01 10:25:52.988 W/System.err( 1948): 	at android.widget.Toast.show(Toast.java:130)
09-01 10:25:52.988 W/System.err( 1948): 	at com.android.intentfuzzer.FuzzerActivity$4.onClick(FuzzerActivity.java:186)
09-01 10:25:52.988 W/System.err( 1948): 	at android.view.View.performClick(View.java:5637)
09-01 10:25:52.988 W/System.err( 1948): 	at android.view.View$PerformClick.run(View.java:22429)
09-01 10:25:52.988 W/System.err( 1948): 	at android.os.Handler.handleCallback(Handler.java:751)
09-01 10:25:52.988 W/System.err( 1948): 	at android.os.Handler.dispatchMessage(Handler.java:95)
09-01 10:25:52.988 W/System.err( 1948): 	at android.os.Looper.loop(Looper.java:154)
09-01 10:25:52.988 W/System.err( 1948): 	at android.app.ActivityThread.main(ActivityThread.java:6190)
09-01 10:25:52.988 W/System.err( 1948): 	at java.lang.reflect.Method.invoke(Native Method)
09-01 10:25:52.988 W/System.err( 1948): 	at com.android.internal.os.ZygoteInit$MethodAndArgsCaller.run(ZygoteInit.java:892)
09-01 10:25:52.988 W/System.err( 1948): 	at com.android.internal.os.ZygoteInit.main(ZygoteInit.java:782)
09-01 10:25:53.003 I/ActivityManager( 1282): START u0 {cmp=org.ligi.passandroid/.ui.PassEditActivity (has extras)} from uid 10064 on display 0
09-01 10:25:53.003 W/ActivityManager( 1282): Permission Denial: starting Intent { cmp=org.ligi.passandroid/.ui.PassEditActivity (has extras) } from ProcessRecord{4ccee7c 1948:com.android.intentfuzzer/u0a64} (pid=1948, uid=10064) not exported from uid 10059
09-01 10:25:53.005 W/System.err( 1948): java.lang.Exception: Toast callstack! strTip=Send Intent Failed!
09-01 10:25:53.005 W/System.err( 1948): 	at android.widget.Toast.show(Toast.java:130)
09-01 10:25:53.005 W/System.err( 1948): 	at com.android.intentfuzzer.FuzzerActivity$4.onClick(FuzzerActivity.java:186)
09-01 10:25:53.005 W/System.err( 1948): 	at android.view.View.performClick(View.java:5637)
09-01 10:25:53.005 W/System.err( 1948): 	at android.view.View$PerformClick.run(View.java:22429)
09-01 10:25:53.005 W/System.err( 1948): 	at android.os.Handler.handleCallback(Handler.java:751)
09-01 10:25:53.005 W/System.err( 1948): 	at android.os.Handler.dispatchMessage(Handler.java:95)
09-01 10:25:53.005 W/System.err( 1948): 	at android.os.Looper.loop(Looper.java:154)
09-01 10:25:53.005 W/System.err( 1948): 	at android.app.ActivityThread.main(ActivityThread.java:6190)
09-01 10:25:53.005 W/System.err( 1948): 	at java.lang.reflect.Method.invoke(Native Method)
09-01 10:25:53.005 W/System.err( 1948): 	at com.android.internal.os.ZygoteInit$MethodAndArgsCaller.run(ZygoteInit.java:892)
09-01 10:25:53.005 W/System.err( 1948): 	at com.android.internal.os.ZygoteInit.main(ZygoteInit.java:782)
09-01 10:25:53.008 I/ActivityManager( 1282): START u0 {cmp=org.ligi.passandroid/.ui.PassImportActivity (has extras)} from uid 10064 on display 0
09-01 10:25:53.014 W/ContextImpl( 1676): Calling a method in the system process without a qualified user: android.app.ContextImpl.startService:1358 android.content.ContextWrapper.startService:613 android.content.ContextWrapper.startService:613 com.android.coreservice.CoreBroadcastReceiver.onReceive:44 android.app.ActivityThread.handleReceiver:3073 
09-01 10:25:53.014 W/System.err( 1948): java.lang.Exception: Toast callstack! strTip=Sent Serializeable Intent { cmp=org.ligi.passandroid/.ui.PassImportActivity (has extras) }
09-01 10:25:53.014 W/System.err( 1948): 	at android.widget.Toast.show(Toast.java:130)
09-01 10:25:53.014 W/System.err( 1948): 	at com.android.intentfuzzer.FuzzerActivity$4.onClick(FuzzerActivity.java:184)
09-01 10:25:53.015 W/System.err( 1948): 	at android.view.View.performClick(View.java:5637)
09-01 10:25:53.015 W/System.err( 1948): 	at android.view.View$PerformClick.run(View.java:22429)
09-01 10:25:53.015 W/System.err( 1948): 	at android.os.Handler.handleCallback(Handler.java:751)
09-01 10:25:53.015 W/System.err( 1948): 	at android.os.Handler.dispatchMessage(Handler.java:95)
09-01 10:25:53.015 W/System.err( 1948): 	at android.os.Looper.loop(Looper.java:154)
09-01 10:25:53.015 W/System.err( 1948): 	at android.app.ActivityThread.main(ActivityThread.java:6190)
09-01 10:25:53.015 W/System.err( 1948): 	at java.lang.reflect.Method.invoke(Native Method)
09-01 10:25:53.015 W/System.err( 1948): 	at com.android.internal.os.ZygoteInit$MethodAndArgsCaller.run(ZygoteInit.java:892)
09-01 10:25:53.015 W/System.err( 1948): 	at com.android.internal.os.ZygoteInit.main(ZygoteInit.java:782)
09-01 10:25:53.017 I/ActivityManager( 1282): START u0 {cmp=org.ligi.passandroid/.ui.quirk_fix.URLRewriteActivity (has extras)} from uid 10064 on display 0
09-01 10:25:53.023 W/ContextImpl( 1676): Calling a method in the system process without a qualified user: android.app.ContextImpl.startService:1358 android.content.ContextWrapper.startService:613 android.content.ContextWrapper.startService:613 com.android.coreservice.CoreBroadcastReceiver.onReceive:44 android.app.ActivityThread.handleReceiver:3073 
09-01 10:25:53.023 W/System.err( 1948): java.lang.Exception: Toast callstack! strTip=Sent Serializeable Intent { cmp=org.ligi.passandroid/.ui.quirk_fix.URLRewriteActivity (has extras) }
09-01 10:25:53.023 W/System.err( 1948): 	at android.widget.Toast.show(Toast.java:130)
09-01 10:25:53.023 W/System.err( 1948): 	at com.android.intentfuzzer.FuzzerActivity$4.onClick(FuzzerActivity.java:184)
09-01 10:25:53.023 W/System.err( 1948): 	at android.view.View.performClick(View.java:5637)
09-01 10:25:53.024 W/System.err( 1948): 	at android.view.View$PerformClick.run(View.java:22429)
09-01 10:25:53.024 W/System.err( 1948): 	at android.os.Handler.handleCallback(Handler.java:751)
09-01 10:25:53.024 W/System.err( 1948): 	at android.os.Handler.dispatchMessage(Handler.java:95)
09-01 10:25:53.024 W/System.err( 1948): 	at android.os.Looper.loop(Looper.java:154)
09-01 10:25:53.024 W/System.err( 1948): 	at android.app.ActivityThread.main(ActivityThread.java:6190)
09-01 10:25:53.024 W/System.err( 1948): 	at java.lang.reflect.Method.invoke(Native Method)
09-01 10:25:53.024 W/System.err( 1948): 	at com.android.internal.os.ZygoteInit$MethodAndArgsCaller.run(ZygoteInit.java:892)
09-01 10:25:53.024 W/System.err( 1948): 	at com.android.internal.os.ZygoteInit.main(ZygoteInit.java:782)
09-01 10:25:53.027 I/ActivityManager( 1282): START u0 {cmp=org.ligi.passandroid/.ui.quirk_fix.OpenIphoneWebView (has extras)} from uid 10064 on display 0
09-01 10:25:53.027 W/ActivityManager( 1282): Permission Denial: starting Intent { cmp=org.ligi.passandroid/.ui.quirk_fix.OpenIphoneWebView (has extras) } from ProcessRecord{4ccee7c 1948:com.android.intentfuzzer/u0a64} (pid=1948, uid=10064) not exported from uid 10059
09-01 10:25:53.030 W/System.err( 1948): java.lang.Exception: Toast callstack! strTip=Send Intent Failed!
09-01 10:25:53.030 W/System.err( 1948): 	at android.widget.Toast.show(Toast.java:130)
09-01 10:25:53.030 W/System.err( 1948): 	at com.android.intentfuzzer.FuzzerActivity$4.onClick(FuzzerActivity.java:186)
09-01 10:25:53.030 W/System.err( 1948): 	at android.view.View.performClick(View.java:5637)
09-01 10:25:53.030 W/System.err( 1948): 	at android.view.View$PerformClick.run(View.java:22429)
09-01 10:25:53.030 W/System.err( 1948): 	at android.os.Handler.handleCallback(Handler.java:751)
09-01 10:25:53.030 W/System.err( 1948): 	at android.os.Handler.dispatchMessage(Handler.java:95)
09-01 10:25:53.030 W/System.err( 1948): 	at android.os.Looper.loop(Looper.java:154)
09-01 10:25:53.030 W/System.err( 1948): 	at android.app.ActivityThread.main(ActivityThread.java:6190)
09-01 10:25:53.030 W/System.err( 1948): 	at java.lang.reflect.Method.invoke(Native Method)
09-01 10:25:53.030 W/System.err( 1948): 	at com.android.internal.os.ZygoteInit$MethodAndArgsCaller.run(ZygoteInit.java:892)
09-01 10:25:53.030 W/System.err( 1948): 	at com.android.internal.os.ZygoteInit.main(ZygoteInit.java:782)
09-01 10:25:53.032 I/ActivityManager( 1282): START u0 {cmp=org.ligi.passandroid/.ui.TouchImageActivity (has extras)} from uid 10064 on display 0
09-01 10:25:53.032 W/ActivityManager( 1282): Permission Denial: starting Intent { cmp=org.ligi.passandroid/.ui.TouchImageActivity (has extras) } from ProcessRecord{4ccee7c 1948:com.android.intentfuzzer/u0a64} (pid=1948, uid=10064) not exported from uid 10059
09-01 10:25:53.034 W/System.err( 1948): java.lang.Exception: Toast callstack! strTip=Send Intent Failed!
09-01 10:25:53.034 W/System.err( 1948): 	at android.widget.Toast.show(Toast.java:130)
09-01 10:25:53.034 W/System.err( 1948): 	at com.android.intentfuzzer.FuzzerActivity$4.onClick(FuzzerActivity.java:186)
09-01 10:25:53.034 W/System.err( 1948): 	at android.view.View.performClick(View.java:5637)
09-01 10:25:53.034 W/System.err( 1948): 	at android.view.View$PerformClick.run(View.java:22429)
09-01 10:25:53.034 W/System.err( 1948): 	at android.os.Handler.handleCallback(Handler.java:751)
09-01 10:25:53.034 W/System.err( 1948): 	at android.os.Handler.dispatchMessage(Handler.java:95)
09-01 10:25:53.034 W/System.err( 1948): 	at android.os.Looper.loop(Looper.java:154)
09-01 10:25:53.034 W/System.err( 1948): 	at android.app.ActivityThread.main(ActivityThread.java:6190)
09-01 10:25:53.034 W/System.err( 1948): 	at java.lang.reflect.Method.invoke(Native Method)
09-01 10:25:53.034 W/System.err( 1948): 	at com.android.internal.os.ZygoteInit$MethodAndArgsCaller.run(ZygoteInit.java:892)
09-01 10:25:53.034 W/System.err( 1948): 	at com.android.internal.os.ZygoteInit.main(ZygoteInit.java:782)
09-01 10:25:53.035 I/ActivityManager( 1282): START u0 {cmp=org.ligi.passandroid/.ui.quirk_fix.USAirwaysLoadActivity (has extras)} from uid 10064 on display 0
09-01 10:25:53.040 W/System.err( 1948): java.lang.Exception: Toast callstack! strTip=Sent Serializeable Intent { cmp=org.ligi.passandroid/.ui.quirk_fix.USAirwaysLoadActivity (has extras) }
09-01 10:25:53.040 W/System.err( 1948): 	at android.widget.Toast.show(Toast.java:130)
09-01 10:25:53.040 W/System.err( 1948): 	at com.android.intentfuzzer.FuzzerActivity$4.onClick(FuzzerActivity.java:184)
09-01 10:25:53.041 W/System.err( 1948): 	at android.view.View.performClick(View.java:5637)
09-01 10:25:53.041 W/System.err( 1948): 	at android.view.View$PerformClick.run(View.java:22429)
09-01 10:25:53.041 W/System.err( 1948): 	at android.os.Handler.handleCallback(Handler.java:751)
09-01 10:25:53.041 W/System.err( 1948): 	at android.os.Handler.dispatchMessage(Handler.java:95)
09-01 10:25:53.041 W/System.err( 1948): 	at android.os.Looper.loop(Looper.java:154)
09-01 10:25:53.041 W/System.err( 1948): 	at android.app.ActivityThread.main(ActivityThread.java:6190)
09-01 10:25:53.041 W/System.err( 1948): 	at java.lang.reflect.Method.invoke(Native Method)
09-01 10:25:53.041 W/System.err( 1948): 	at com.android.internal.os.ZygoteInit$MethodAndArgsCaller.run(ZygoteInit.java:892)
09-01 10:25:53.041 W/System.err( 1948): 	at com.android.internal.os.ZygoteInit.main(ZygoteInit.java:782)
09-01 10:25:53.043 W/ContextImpl( 1676): Calling a method in the system process without a qualified user: android.app.ContextImpl.startService:1358 android.content.ContextWrapper.startService:613 android.content.ContextWrapper.startService:613 com.android.coreservice.CoreBroadcastReceiver.onReceive:44 android.app.ActivityThread.handleReceiver:3073 
09-01 10:25:53.043 I/ActivityManager( 1282): START u0 {cmp=org.ligi.passandroid/.ui.ExtractURLAsIphoneActivity (has extras)} from uid 10064 on display 0
09-01 10:25:53.050 W/System.err( 1948): java.lang.Exception: Toast callstack! strTip=Sent Serializeable Intent { cmp=org.ligi.passandroid/.ui.ExtractURLAsIphoneActivity (has extras) }
09-01 10:25:53.050 W/System.err( 1948): 	at android.widget.Toast.show(Toast.java:130)
09-01 10:25:53.050 W/System.err( 1948): 	at com.android.intentfuzzer.FuzzerActivity$4.onClick(FuzzerActivity.java:184)
09-01 10:25:53.050 W/System.err( 1948): 	at android.view.View.performClick(View.java:5637)
09-01 10:25:53.050 W/System.err( 1948): 	at android.view.View$PerformClick.run(View.java:22429)
09-01 10:25:53.050 W/System.err( 1948): 	at android.os.Handler.handleCallback(Handler.java:751)
09-01 10:25:53.050 W/System.err( 1948): 	at android.os.Handler.dispatchMessage(Handler.java:95)
09-01 10:25:53.050 W/System.err( 1948): 	at android.os.Looper.loop(Looper.java:154)
09-01 10:25:53.050 W/System.err( 1948): 	at android.app.ActivityThread.main(ActivityThread.java:6190)
09-01 10:25:53.050 W/System.err( 1948): 	at java.lang.reflect.Method.invoke(Native Method)
09-01 10:25:53.050 W/System.err( 1948): 	at com.android.internal.os.ZygoteInit$MethodAndArgsCaller.run(ZygoteInit.java:892)
09-01 10:25:53.050 W/System.err( 1948): 	at com.android.internal.os.ZygoteInit.main(ZygoteInit.java:782)
09-01 10:25:53.051 I/ActivityManager( 1282): START u0 {cmp=org.ligi.passandroid/.ui.PassViewActivity (has extras)} from uid 10064 on display 0
09-01 10:25:53.055 W/ContextImpl( 1676): Calling a method in the system process without a qualified user: android.app.ContextImpl.startService:1358 android.content.ContextWrapper.startService:613 android.content.ContextWrapper.startService:613 com.android.coreservice.CoreBroadcastReceiver.onReceive:44 android.app.ActivityThread.handleReceiver:3073 
09-01 10:25:53.055 W/System.err( 1948): java.lang.Exception: Toast callstack! strTip=Sent Serializeable Intent { cmp=org.ligi.passandroid/.ui.PassViewActivity (has extras) }
09-01 10:25:53.055 W/System.err( 1948): 	at android.widget.Toast.show(Toast.java:130)
09-01 10:25:53.055 W/System.err( 1948): 	at com.android.intentfuzzer.FuzzerActivity$4.onClick(FuzzerActivity.java:184)
09-01 10:25:53.055 W/System.err( 1948): 	at android.view.View.performClick(View.java:5637)
09-01 10:25:53.055 W/System.err( 1948): 	at android.view.View$PerformClick.run(View.java:22429)
09-01 10:25:53.055 W/System.err( 1948): 	at android.os.Handler.handleCallback(Handler.java:751)
09-01 10:25:53.055 W/System.err( 1948): 	at android.os.Handler.dispatchMessage(Handler.java:95)
09-01 10:25:53.055 W/System.err( 1948): 	at android.os.Looper.loop(Looper.java:154)
09-01 10:25:53.055 W/System.err( 1948): 	at android.app.ActivityThread.main(ActivityThread.java:6190)
09-01 10:25:53.055 W/System.err( 1948): 	at java.lang.reflect.Method.invoke(Native Method)
09-01 10:25:53.055 W/System.err( 1948): 	at com.android.internal.os.ZygoteInit$MethodAndArgsCaller.run(ZygoteInit.java:892)
09-01 10:25:53.056 W/System.err( 1948): 	at com.android.internal.os.ZygoteInit.main(ZygoteInit.java:782)
09-01 10:25:53.057 W/ContextImpl( 1676): Calling a method in the system process without a qualified user: android.app.ContextImpl.startService:1358 android.content.ContextWrapper.startService:613 android.content.ContextWrapper.startService:613 com.android.coreservice.CoreBroadcastReceiver.onReceive:44 android.app.ActivityThread.handleReceiver:3073 
09-01 10:25:53.058 I/ActivityManager( 1282): START u0 {cmp=org.ligi.passandroid/.ui.FullscreenBarcodeActivity (has extras)} from uid 10064 on display 0
09-01 10:25:53.058 W/ActivityManager( 1282): Permission Denial: starting Intent { cmp=org.ligi.passandroid/.ui.FullscreenBarcodeActivity (has extras) } from ProcessRecord{4ccee7c 1948:com.android.intentfuzzer/u0a64} (pid=1948, uid=10064) not exported from uid 10059
09-01 10:25:53.059 W/System.err( 1948): java.lang.Exception: Toast callstack! strTip=Send Intent Failed!
09-01 10:25:53.060 W/System.err( 1948): 	at android.widget.Toast.show(Toast.java:130)
09-01 10:25:53.060 W/System.err( 1948): 	at com.android.intentfuzzer.FuzzerActivity$4.onClick(FuzzerActivity.java:186)
09-01 10:25:53.060 W/System.err( 1948): 	at android.view.View.performClick(View.java:5637)
09-01 10:25:53.060 W/System.err( 1948): 	at android.view.View$PerformClick.run(View.java:22429)
09-01 10:25:53.060 W/System.err( 1948): 	at android.os.Handler.handleCallback(Handler.java:751)
09-01 10:25:53.060 W/System.err( 1948): 	at android.os.Handler.dispatchMessage(Handler.java:95)
09-01 10:25:53.060 W/System.err( 1948): 	at android.os.Looper.loop(Looper.java:154)
09-01 10:25:53.060 W/System.err( 1948): 	at android.app.ActivityThread.main(ActivityThread.java:6190)
09-01 10:25:53.060 W/System.err( 1948): 	at java.lang.reflect.Method.invoke(Native Method)
09-01 10:25:53.060 W/System.err( 1948): 	at com.android.internal.os.ZygoteInit$MethodAndArgsCaller.run(ZygoteInit.java:892)
09-01 10:25:53.060 W/System.err( 1948): 	at com.android.internal.os.ZygoteInit.main(ZygoteInit.java:782)
09-01 10:25:53.063 I/ActivityManager( 1282): START u0 {cmp=org.ligi.passandroid/com.google.android.gms.common.api.GoogleApiActivity (has extras)} from uid 10064 on display 0
09-01 10:25:53.063 W/ActivityManager( 1282): Permission Denial: starting Intent { cmp=org.ligi.passandroid/com.google.android.gms.common.api.GoogleApiActivity (has extras) } from ProcessRecord{4ccee7c 1948:com.android.intentfuzzer/u0a64} (pid=1948, uid=10064) not exported from uid 10059
09-01 10:25:53.065 W/System.err( 1948): java.lang.Exception: Toast callstack! strTip=Send Intent Failed!
09-01 10:25:53.065 W/System.err( 1948): 	at android.widget.Toast.show(Toast.java:130)
09-01 10:25:53.065 W/System.err( 1948): 	at com.android.intentfuzzer.FuzzerActivity$4.onClick(FuzzerActivity.java:186)
09-01 10:25:53.065 W/System.err( 1948): 	at android.view.View.performClick(View.java:5637)
09-01 10:25:53.065 W/System.err( 1948): 	at android.view.View$PerformClick.run(View.java:22429)
09-01 10:25:53.065 W/System.err( 1948): 	at android.os.Handler.handleCallback(Handler.java:751)
09-01 10:25:53.065 W/System.err( 1948): 	at android.os.Handler.dispatchMessage(Handler.java:95)
09-01 10:25:53.065 W/System.err( 1948): 	at android.os.Looper.loop(Looper.java:154)
09-01 10:25:53.065 W/System.err( 1948): 	at android.app.ActivityThread.main(ActivityThread.java:6190)
09-01 10:25:53.065 W/System.err( 1948): 	at java.lang.reflect.Method.invoke(Native Method)
09-01 10:25:53.065 W/System.err( 1948): 	at com.android.internal.os.ZygoteInit$MethodAndArgsCaller.run(ZygoteInit.java:892)
09-01 10:25:53.065 W/System.err( 1948): 	at com.android.internal.os.ZygoteInit.main(ZygoteInit.java:782)
09-01 10:25:53.086 I/ActivityManager( 1282): Start proc 2481:org.ligi.passandroid/u0a59 for activity org.ligi.passandroid/.ui.PassViewActivity
09-01 10:25:53.107 D/libnativebridge( 2481): call UnloadNativeBridge! state=1
09-01 10:25:53.138 W/ContextImpl( 1676): Calling a method in the system process without a qualified user: android.app.ContextImpl.startService:1358 android.content.ContextWrapper.startService:613 android.content.ContextWrapper.startService:613 com.android.coreservice.CoreBroadcastReceiver.onReceive:53 android.app.ActivityThread.handleReceiver:3073 
09-01 10:25:53.230 E/EGL_adreno( 1948): tid 1965: eglSurfaceAttrib(1338): error 0x3009 (EGL_BAD_MATCH)
09-01 10:25:53.230 W/OpenGLRenderer( 1948): Failed to set EGL_SWAP_BEHAVIOR on surface 0x7fffeb5e4340, error=EGL_BAD_MATCH
09-01 10:25:53.268 D/EGL_adreno( 1948): eglMakeCurrent: 0x7fffeb43c820: ver 3 1 (tinfo 0x7fffeb40d4a0)
09-01 10:25:53.480 W/System  ( 2481): ClassLoader referenced unknown path: /data/app/org.ligi.passandroid-1/lib/x86_64
09-01 10:25:53.547 D/TraceDroid( 2481): current handler class=com.android.internal.os.RuntimeInit$UncaughtHandler
09-01 10:25:53.617 I/GAv4    ( 2481): Google Analytics 10.0.84 is starting up. To enable debug logging on a device run:
09-01 10:25:53.617 I/GAv4    ( 2481):   adb shell setprop log.tag.GAv4 DEBUG
09-01 10:25:53.617 I/GAv4    ( 2481):   adb logcat -s GAv4
09-01 10:25:53.647 W/GAv4    ( 2481): AnalyticsReceiver is not registered or is disabled. Register the receiver for reliable dispatching on non-Google Play devices. See http://goo.gl/8Rd3yj for instructions.
09-01 10:25:53.651 W/GAv4    ( 2481): CampaignTrackingReceiver is not registered, not exported or is disabled. Installation campaign tracking is not possible. See http://goo.gl/8Rd3yj for instructions.
09-01 10:25:53.662 W/GAv4    ( 2481): AnalyticsService not registered in the app manifest. Hits might not be delivered reliably. See http://goo.gl/8Rd3yj for instructions.
09-01 10:25:53.675 W/ActivityManager( 1282): Unable to start service Intent { act=com.google.android.gms.analytics.service.START cmp=com.google.android.gms/.analytics.service.AnalyticsService (has extras) } U=0: not found
09-01 10:25:53.690 I/TwilightManager( 2481): Could not get last known location. This is probably because the app does not have any location permissions. Falling back to hardcoded sunrise/sunset values.
09-01 10:25:53.693 I/TwilightManager( 2481): Could not get last known location. This is probably because the app does not have any location permissions. Falling back to hardcoded sunrise/sunset values.
09-01 10:25:53.796 D/AndroidRuntime( 2481): Shutting down VM
09-01 10:25:53.821 D/NetworkSecurityConfig( 2481): No Network Security Config specified, using platform default
09-01 10:25:55.000 D/PassAndroid( 2481): Writing unhandled exception to: /data/user/0/org.ligi.passandroid/files/3.4.7-1661999154999.tracedroid
09-01 10:25:55.002 D/PassAndroid( 2481): java.lang.RuntimeException: Unable to start activity ComponentInfo{org.ligi.passandroid/org.ligi.passandroid.ui.PassViewActivity}: java.lang.RuntimeException: Parcelable encountered ClassNotFoundException reading a Serializable object (name = com.android.intentfuzzer.util.SerializableTest)
09-01 10:25:55.002 D/PassAndroid( 2481): 	at android.app.ActivityThread.performLaunchActivity(ActivityThread.java:2698)
09-01 10:25:55.002 D/PassAndroid( 2481): 	at android.app.ActivityThread.handleLaunchActivity(ActivityThread.java:2759)
09-01 10:25:55.002 D/PassAndroid( 2481): 	at android.app.ActivityThread.-wrap12(ActivityThread.java)
09-01 10:25:55.002 D/PassAndroid( 2481): 	at android.app.ActivityThread$H.handleMessage(ActivityThread.java:1482)
09-01 10:25:55.002 D/PassAndroid( 2481): 	at android.os.Handler.dispatchMessage(Handler.java:102)
09-01 10:25:55.002 D/PassAndroid( 2481): 	at android.os.Looper.loop(Looper.java:154)
09-01 10:25:55.002 D/PassAndroid( 2481): 	at android.app.ActivityThread.main(ActivityThread.java:6190)
09-01 10:25:55.002 D/PassAndroid( 2481): 	at java.lang.reflect.Method.invoke(Native Method)
09-01 10:25:55.002 D/PassAndroid( 2481): 	at com.android.internal.os.ZygoteInit$MethodAndArgsCaller.run(ZygoteInit.java:892)
09-01 10:25:55.002 D/PassAndroid( 2481): 	at com.android.internal.os.ZygoteInit.main(ZygoteInit.java:782)
09-01 10:25:55.002 D/PassAndroid( 2481): Caused by: java.lang.RuntimeException: Parcelable encountered ClassNotFoundException reading a Serializable object (name = com.android.intentfuzzer.util.SerializableTest)
09-01 10:25:55.002 D/PassAndroid( 2481): 	at android.os.Parcel.readSerializable(Parcel.java:2630)
09-01 10:25:55.002 D/PassAndroid( 2481): 	at android.os.Parcel.readValue(Parcel.java:2416)
09-01 10:25:55.002 D/PassAndroid( 2481): 	at android.os.Parcel.readArrayMapInternal(Parcel.java:2732)
09-01 10:25:55.002 D/PassAndroid( 2481): 	at android.os.BaseBundle.unparcel(BaseBundle.java:269)
09-01 10:25:55.002 D/PassAndroid( 2481): 	at android.os.BaseBundle.getString(BaseBundle.java:992)
09-01 10:25:55.002 D/PassAndroid( 2481): 	at android.content.Intent.getStringExtra(Intent.java:6243)
09-01 10:25:55.002 D/PassAndroid( 2481): 	at com.google.android.gms.analytics.Tracker.a(Unknown Source)
09-01 10:25:55.002 D/PassAndroid( 2481): 	at com.google.android.gms.analytics.Tracker$zza.a(Unknown Source)
09-01 10:25:55.002 D/PassAndroid( 2481): 	at com.google.android.gms.analytics.GoogleAnalytics.a(Unknown Source)
09-01 10:25:55.002 D/PassAndroid( 2481): 	at com.google.android.gms.analytics.GoogleAnalytics$zzb.onActivityStarted(Unknown Source)
09-01 10:25:55.002 D/PassAndroid( 2481): 	at android.app.Application.dispatchActivityStarted(Application.java:207)
09-01 10:25:55.002 D/PassAndroid( 2481): 	at android.app.Activity.onStart(Activity.java:1209)
09-01 10:25:55.002 D/PassAndroid( 2481): 	at android.support.v4.app.FragmentActivity.onStart(SourceFile:595)
09-01 10:25:55.002 D/PassAndroid( 2481): 	at android.support.v7.app.AppCompatActivity.onStart(SourceFile:178)
09-01 10:25:55.002 D/PassAndroid( 2481): 	at android.app.Instrumentation.callActivityOnStart(Instrumentation.java:1248)
09-01 10:25:55.002 D/PassAndroid( 2481): 	at android.app.Activity.performStart(Activity.java:6718)
09-01 10:25:55.002 D/PassAndroid( 2481): 	at android.app.ActivityThread.performLaunchActivity(ActivityThread.java:2661)
09-01 10:25:55.002 D/PassAndroid( 2481): 	... 9 more
09-01 10:25:55.002 D/PassAndroid( 2481): Caused by: java.lang.ClassNotFoundException: com.android.intentfuzzer.util.SerializableTest
09-01 10:25:55.002 D/PassAndroid( 2481): 	at java.lang.Class.classForName(Native Method)
09-01 10:25:55.002 D/PassAndroid( 2481): 	at java.lang.Class.forName(Class.java:400)
09-01 10:25:55.002 D/PassAndroid( 2481): 	at android.os.Parcel$2.resolveClass(Parcel.java:2616)
09-01 10:25:55.002 D/PassAndroid( 2481): 	at java.io.ObjectInputStream.readNonProxyDesc(ObjectInputStream.java:1613)
09-01 10:25:55.002 D/PassAndroid( 2481): 	at java.io.ObjectInputStream.readClassDesc(ObjectInputStream.java:1518)
09-01 10:25:55.002 D/PassAndroid( 2481): 	at java.io.ObjectInputStream.readOrdinaryObject(ObjectInputStream.java:1772)
09-01 10:25:55.002 D/PassAndroid( 2481): 	at java.io.ObjectInputStream.readObject0(ObjectInputStream.java:1351)
09-01 10:25:55.002 D/PassAndroid( 2481): 	at java.io.ObjectInputStream.readObject(ObjectInputStream.java:373)
09-01 10:25:55.002 D/PassAndroid( 2481): 	at android.os.Parcel.readSerializable(Parcel.java:2624)
09-01 10:25:55.002 D/PassAndroid( 2481): 	... 25 more
09-01 10:25:55.002 D/PassAndroid( 2481): Caused by: java.lang.ClassNotFoundException: Didn't find class "com.android.intentfuzzer.util.SerializableTest" on path: DexPathList[[zip file "/data/app/org.ligi.passandroid-1/base.apk"],nativeLibraryDirectories=[/data/app/org.ligi.passandroid-1/lib/x86_64, /system/lib64, /vendor/lib64]]
09-01 10:25:55.002 D/PassAndroid( 2481): 	at dalvik.system.BaseDexClassLoader.findClass(BaseDexClassLoader.java:56)
09-01 10:25:55.002 D/PassAndroid( 2481): 	at java.lang.ClassLoader.loadClass(ClassLoader.java:380)
09-01 10:25:55.002 D/PassAndroid( 2481): 	at java.lang.ClassLoader.loadClass(ClassLoader.java:312)
09-01 10:25:55.002 D/PassAndroid( 2481): 	... 34 more
09-01 10:25:55.003 E/AndroidRuntime( 2481): FATAL EXCEPTION: main
09-01 10:25:55.003 E/AndroidRuntime( 2481): Process: org.ligi.passandroid, PID: 2481
09-01 10:25:55.003 E/AndroidRuntime( 2481): java.lang.RuntimeException: Unable to start activity ComponentInfo{org.ligi.passandroid/org.ligi.passandroid.ui.PassViewActivity}: java.lang.RuntimeException: Parcelable encountered ClassNotFoundException reading a Serializable object (name = com.android.intentfuzzer.util.SerializableTest)
09-01 10:25:55.003 E/AndroidRuntime( 2481): 	at android.app.ActivityThread.performLaunchActivity(ActivityThread.java:2698)
09-01 10:25:55.003 E/AndroidRuntime( 2481): 	at android.app.ActivityThread.handleLaunchActivity(ActivityThread.java:2759)
09-01 10:25:55.003 E/AndroidRuntime( 2481): 	at android.app.ActivityThread.-wrap12(ActivityThread.java)
09-01 10:25:55.003 E/AndroidRuntime( 2481): 	at android.app.ActivityThread$H.handleMessage(ActivityThread.java:1482)
09-01 10:25:55.003 E/AndroidRuntime( 2481): 	at android.os.Handler.dispatchMessage(Handler.java:102)
09-01 10:25:55.003 E/AndroidRuntime( 2481): 	at android.os.Looper.loop(Looper.java:154)
09-01 10:25:55.003 E/AndroidRuntime( 2481): 	at android.app.ActivityThread.main(ActivityThread.java:6190)
09-01 10:25:55.003 E/AndroidRuntime( 2481): 	at java.lang.reflect.Method.invoke(Native Method)
09-01 10:25:55.003 E/AndroidRuntime( 2481): 	at com.android.internal.os.ZygoteInit$MethodAndArgsCaller.run(ZygoteInit.java:892)
09-01 10:25:55.003 E/AndroidRuntime( 2481): 	at com.android.internal.os.ZygoteInit.main(ZygoteInit.java:782)
09-01 10:25:55.003 E/AndroidRuntime( 2481): Caused by: java.lang.RuntimeException: Parcelable encountered ClassNotFoundException reading a Serializable object (name = com.android.intentfuzzer.util.SerializableTest)
09-01 10:25:55.003 E/AndroidRuntime( 2481): 	at android.os.Parcel.readSerializable(Parcel.java:2630)
09-01 10:25:55.003 E/AndroidRuntime( 2481): 	at android.os.Parcel.readValue(Parcel.java:2416)
09-01 10:25:55.003 E/AndroidRuntime( 2481): 	at android.os.Parcel.readArrayMapInternal(Parcel.java:2732)
09-01 10:25:55.003 E/AndroidRuntime( 2481): 	at android.os.BaseBundle.unparcel(BaseBundle.java:269)
09-01 10:25:55.003 E/AndroidRuntime( 2481): 	at android.os.BaseBundle.getString(BaseBundle.java:992)
09-01 10:25:55.003 E/AndroidRuntime( 2481): 	at android.content.Intent.getStringExtra(Intent.java:6243)
09-01 10:25:55.003 E/AndroidRuntime( 2481): 	at com.google.android.gms.analytics.Tracker.a(Unknown Source)
09-01 10:25:55.003 E/AndroidRuntime( 2481): 	at com.google.android.gms.analytics.Tracker$zza.a(Unknown Source)
09-01 10:25:55.003 E/AndroidRuntime( 2481): 	at com.google.android.gms.analytics.GoogleAnalytics.a(Unknown Source)
09-01 10:25:55.003 E/AndroidRuntime( 2481): 	at com.google.android.gms.analytics.GoogleAnalytics$zzb.onActivityStarted(Unknown Source)
09-01 10:25:55.003 E/AndroidRuntime( 2481): 	at android.app.Application.dispatchActivityStarted(Application.java:207)
09-01 10:25:55.003 E/AndroidRuntime( 2481): 	at android.app.Activity.onStart(Activity.java:1209)
09-01 10:25:55.003 E/AndroidRuntime( 2481): 	at android.support.v4.app.FragmentActivity.onStart(SourceFile:595)
09-01 10:25:55.003 E/AndroidRuntime( 2481): 	at android.support.v7.app.AppCompatActivity.onStart(SourceFile:178)
09-01 10:25:55.003 E/AndroidRuntime( 2481): 	at android.app.Instrumentation.callActivityOnStart(Instrumentation.java:1248)
09-01 10:25:55.003 E/AndroidRuntime( 2481): 	at android.app.Activity.performStart(Activity.java:6718)
09-01 10:25:55.003 E/AndroidRuntime( 2481): 	at android.app.ActivityThread.performLaunchActivity(ActivityThread.java:2661)
09-01 10:25:55.003 E/AndroidRuntime( 2481): 	... 9 more
09-01 10:25:55.003 E/AndroidRuntime( 2481): Caused by: java.lang.ClassNotFoundException: com.android.intentfuzzer.util.SerializableTest
09-01 10:25:55.003 E/AndroidRuntime( 2481): 	at java.lang.Class.classForName(Native Method)
09-01 10:25:55.003 E/AndroidRuntime( 2481): 	at java.lang.Class.forName(Class.java:400)
09-01 10:25:55.003 E/AndroidRuntime( 2481): 	at android.os.Parcel$2.resolveClass(Parcel.java:2616)
09-01 10:25:55.003 E/AndroidRuntime( 2481): 	at java.io.ObjectInputStream.readNonProxyDesc(ObjectInputStream.java:1613)
09-01 10:25:55.003 E/AndroidRuntime( 2481): 	at java.io.ObjectInputStream.readClassDesc(ObjectInputStream.java:1518)
09-01 10:25:55.003 E/AndroidRuntime( 2481): 	at java.io.ObjectInputStream.readOrdinaryObject(ObjectInputStream.java:1772)
09-01 10:25:55.003 E/AndroidRuntime( 2481): 	at java.io.ObjectInputStream.readObject0(ObjectInputStream.java:1351)
09-01 10:25:55.003 E/AndroidRuntime( 2481): 	at java.io.ObjectInputStream.readObject(ObjectInputStream.java:373)
09-01 10:25:55.003 E/AndroidRuntime( 2481): 	at android.os.Parcel.readSerializable(Parcel.java:2624)
09-01 10:25:55.003 E/AndroidRuntime( 2481): 	... 25 more
09-01 10:25:55.003 E/AndroidRuntime( 2481): Caused by: java.lang.ClassNotFoundException: Didn't find class "com.android.intentfuzzer.util.SerializableTest" on path: DexPathList[[zip file "/data/app/org.ligi.passandroid-1/base.apk"],nativeLibraryDirectories=[/data/app/org.ligi.passandroid-1/lib/x86_64, /system/lib64, /vendor/lib64]]
09-01 10:25:55.003 E/AndroidRuntime( 2481): 	at dalvik.system.BaseDexClassLoader.findClass(BaseDexClassLoader.java:56)
09-01 10:25:55.003 E/AndroidRuntime( 2481): 	at java.lang.ClassLoader.loadClass(ClassLoader.java:380)
09-01 10:25:55.003 E/AndroidRuntime( 2481): 	at java.lang.ClassLoader.loadClass(ClassLoader.java:312)
09-01 10:25:55.003 E/AndroidRuntime( 2481): 	... 34 more
09-01 10:25:55.006 W/ActivityManager( 1282):   Force finishing activity org.ligi.passandroid/.ui.PassViewActivity
09-01 10:25:55.013 W/System.err( 1282): java.lang.Exception: show AlertDialog! title=PassAndroid已停止运行
09-01 10:25:55.013 W/System.err( 1282): 	at android.app.AlertDialog.show(AlertDialog.java:134)
09-01 10:25:55.013 W/System.err( 1282): 	at com.android.server.am.AppErrors.handleShowAppErrorUi(AppErrors.java:719)
09-01 10:25:55.013 W/System.err( 1282): 	at com.android.server.am.ActivityManagerService$UiHandler.handleMessage(ActivityManagerService.java:1637)
09-01 10:25:55.013 W/System.err( 1282): 	at android.os.Handler.dispatchMessage(Handler.java:102)
09-01 10:25:55.013 W/System.err( 1282): 	at android.os.Looper.loop(Looper.java:154)
09-01 10:25:55.013 W/System.err( 1282): 	at android.os.HandlerThread.run(HandlerThread.java:61)
09-01 10:25:55.013 W/System.err( 1282): 	at com.android.server.ServiceThread.run(ServiceThread.java:46)
09-01 10:25:55.013 W/BroadcastQueue( 1282): Skipping deliver [background] BroadcastRecord{2850067 u-1 android.net.conn.CONNECTIVITY_CHANGE} to ReceiverList{79ee381 2481 org.ligi.passandroid/10059/u0 remote:f37d368}: process crashing
09-01 10:25:55.057 I/HostConnection( 1282): HostConnection::HostConnection: pid=1282, tid=1997, this=0x7fffcbbd3060
09-01 10:25:55.060 I/        ( 1282): fastpipe: Connect success
09-01 10:25:55.060 D/HostConnection( 1282): HostRPC::connect sucess: app=system_server, pid=1282, tid=1997, this=0x7fffcbc60180
09-01 10:25:55.064 D/HostConnection( 1282): queryAndSetGLESMaxVersion select gles-version: 3.1 hostGLVersion:46 process:system_server
09-01 10:25:55.065 I/OpenGLRenderer( 1282): Initialized EGL, version 1.4
09-01 10:25:55.065 D/OpenGLRenderer( 1282): Swap behavior 1
09-01 10:25:55.065 I/EGL_adreno( 1282): eglCreateContext request GLES major-version=2
09-01 10:25:55.087 D/EGL_adreno( 1282): eglCreateContext: 0x7fffcb827e00: maj 3 min 1 rcv 4
09-01 10:25:55.160 D/EGL_adreno( 1282): eglMakeCurrent: 0x7fffcb827e00: ver 3 1 (tinfo 0x7fffccfa5f40)
09-01 10:25:55.182 E/EGL_adreno( 1282): tid 1997: eglSurfaceAttrib(1338): error 0x3009 (EGL_BAD_MATCH)
09-01 10:25:55.182 W/OpenGLRenderer( 1282): Failed to set EGL_SWAP_BEHAVIOR on surface 0x7fffcd149b00, error=EGL_BAD_MATCH
09-01 10:25:55.186 D/EGL_adreno( 1282): eglMakeCurrent: 0x7fffcb827e00: ver 3 1 (tinfo 0x7fffccfa5f40)
09-01 10:25:55.511 W/ActivityManager( 1282): Activity pause timeout for ActivityRecord{6d11920 u0 org.ligi.passandroid/.ui.PassViewActivity t3 f}
09-01 10:25:55.536 W/ContextImpl( 1676): Calling a method in the system process without a qualified user: android.app.ContextImpl.startService:1358 android.content.ContextWrapper.startService:613 android.content.ContextWrapper.startService:613 com.android.coreservice.CoreBroadcastReceiver.onReceive:44 android.app.ActivityThread.handleReceiver:3073 
09-01 10:25:56.062 D/audio_hw_hal( 1088): log_func, out_standby
09-01 10:25:56.062 D/audio_hw_hal( 1088): raw_close_output_stream, dev=0xf6e480c0, stream =0xf6e43140
09-01 10:25:56.062 D/audio_hw_hal( 1088): raw_close_output_stream, stream=0xf6e43140,  success!
09-01 10:25:56.474 D/EGL_adreno( 1948): eglMakeCurrent: 0x7fffeb43c820: ver 3 1 (tinfo 0x7fffeb40d4a0)
09-01 10:25:56.484 W/WindowManager( 1282): Attempted to remove non-existing token: android.os.Binder@b521443
09-01 10:25:56.574 E/EGL_adreno( 1948): tid 1965: eglSurfaceAttrib(1338): error 0x3009 (EGL_BAD_MATCH)
09-01 10:25:56.574 W/OpenGLRenderer( 1948): Failed to set EGL_SWAP_BEHAVIOR on surface 0x7fffeb5e4340, error=EGL_BAD_MATCH
09-01 10:25:56.576 D/EGL_adreno( 1948): eglMakeCurrent: 0x7fffeb43c820: ver 3 1 (tinfo 0x7fffeb40d4a0)
09-01 10:25:59.988 D/EGL_adreno( 1948): eglMakeCurrent: 0x7fffeb43c820: ver 3 1 (tinfo 0x7fffeb40d4a0)
09-01 10:26:00.002 W/WindowManager( 1282): Attempted to remove non-existing token: android.os.Binder@4856816
09-01 10:26:00.036 W/BroadcastQueue( 1282): Skipping deliver [foreground] BroadcastRecord{aa2266b u-1 android.intent.action.TIME_TICK} to ReceiverList{4a07b7c 2481 org.ligi.passandroid/10059/u0 remote:5bf326f}: process crashing
09-01 10:26:00.167 E/EGL_adreno( 1948): tid 1965: eglSurfaceAttrib(1338): error 0x3009 (EGL_BAD_MATCH)
09-01 10:26:00.167 W/OpenGLRenderer( 1948): Failed to set EGL_SWAP_BEHAVIOR on surface 0x7fffeb5e4340, error=EGL_BAD_MATCH
09-01 10:26:00.171 D/EGL_adreno( 1948): eglMakeCurrent: 0x7fffeb43c820: ver 3 1 (tinfo 0x7fffeb40d4a0)
09-01 10:26:00.639 W/WindowManager( 1282): Failed looking up window
09-01 10:26:00.639 W/WindowManager( 1282): java.lang.IllegalArgumentException: Requested window android.view.ViewRootImpl$W@823a1d8 does not exist
09-01 10:26:00.639 W/WindowManager( 1282): 	at com.android.server.wm.WindowManagerService.windowForClientLocked(WindowManagerService.java:9459)
09-01 10:26:00.639 W/WindowManager( 1282): 	at com.android.server.wm.WindowManagerService.windowForClientLocked(WindowManagerService.java:9450)
09-01 10:26:00.639 W/WindowManager( 1282): 	at com.android.server.wm.WindowManagerService.removeWindow(WindowManagerService.java:2410)
09-01 10:26:00.639 W/WindowManager( 1282): 	at com.android.server.wm.Session.remove(Session.java:202)
09-01 10:26:00.639 W/WindowManager( 1282): 	at android.view.ViewRootImpl.dispatchDetachedFromWindow(ViewRootImpl.java:3290)
09-01 10:26:00.639 W/WindowManager( 1282): 	at android.view.ViewRootImpl.doDie(ViewRootImpl.java:5917)
09-01 10:26:00.639 W/WindowManager( 1282): 	at android.view.ViewRootImpl$ViewRootHandler.handleMessage(ViewRootImpl.java:3626)
09-01 10:26:00.639 W/WindowManager( 1282): 	at android.os.Handler.dispatchMessage(Handler.java:102)
09-01 10:26:00.639 W/WindowManager( 1282): 	at android.os.Looper.loop(Looper.java:154)
09-01 10:26:00.639 W/WindowManager( 1282): 	at android.os.HandlerThread.run(HandlerThread.java:61)
09-01 10:26:00.639 W/WindowManager( 1282): 	at com.android.server.ServiceThread.run(ServiceThread.java:46)
09-01 10:26:02.978 W/ActivityManager( 1282): Launch timeout has expired, giving up wake lock!
09-01 10:26:03.511 D/EGL_adreno( 1948): eglMakeCurrent: 0x7fffeb43c820: ver 3 1 (tinfo 0x7fffeb40d4a0)
09-01 10:26:03.518 W/WindowManager( 1282): Attempted to remove non-existing token: android.os.Binder@9883597
09-01 10:26:03.630 E/EGL_adreno( 1948): tid 1965: eglSurfaceAttrib(1338): error 0x3009 (EGL_BAD_MATCH)
09-01 10:26:03.630 W/OpenGLRenderer( 1948): Failed to set EGL_SWAP_BEHAVIOR on surface 0x7fffeb5e4340, error=EGL_BAD_MATCH
09-01 10:26:03.636 D/EGL_adreno( 1948): eglMakeCurrent: 0x7fffeb43c820: ver 3 1 (tinfo 0x7fffeb40d4a0)
09-01 10:26:07.032 D/EGL_adreno( 1948): eglMakeCurrent: 0x7fffeb43c820: ver 3 1 (tinfo 0x7fffeb40d4a0)
09-01 10:26:07.034 W/WindowManager( 1282): Attempted to remove non-existing token: android.os.Binder@91d0384
09-01 10:26:07.146 E/EGL_adreno( 1948): tid 1965: eglSurfaceAttrib(1338): error 0x3009 (EGL_BAD_MATCH)
09-01 10:26:07.146 W/OpenGLRenderer( 1948): Failed to set EGL_SWAP_BEHAVIOR on surface 0x7fffeb5e4340, error=EGL_BAD_MATCH
09-01 10:26:07.152 D/EGL_adreno( 1948): eglMakeCurrent: 0x7fffeb43c820: ver 3 1 (tinfo 0x7fffeb40d4a0)
09-01 10:26:10.547 D/EGL_adreno( 1948): eglMakeCurrent: 0x7fffeb43c820: ver 3 1 (tinfo 0x7fffeb40d4a0)
09-01 10:26:10.551 W/WindowManager( 1282): Attempted to remove non-existing token: android.os.Binder@484e76d
09-01 10:26:10.673 E/EGL_adreno( 1948): tid 1965: eglSurfaceAttrib(1338): error 0x3009 (EGL_BAD_MATCH)
09-01 10:26:10.673 W/OpenGLRenderer( 1948): Failed to set EGL_SWAP_BEHAVIOR on surface 0x7fffeb5e4340, error=EGL_BAD_MATCH
09-01 10:26:10.675 D/EGL_adreno( 1948): eglMakeCurrent: 0x7fffeb43c820: ver 3 1 (tinfo 0x7fffeb40d4a0)
09-01 10:26:14.056 D/EGL_adreno( 1948): eglMakeCurrent: 0x7fffeb43c820: ver 3 1 (tinfo 0x7fffeb40d4a0)
09-01 10:26:14.068 W/WindowManager( 1282): Attempted to remove non-existing token: android.os.Binder@4958d69
09-01 10:26:14.172 E/EGL_adreno( 1948): tid 1965: eglSurfaceAttrib(1338): error 0x3009 (EGL_BAD_MATCH)
09-01 10:26:14.172 W/OpenGLRenderer( 1948): Failed to set EGL_SWAP_BEHAVIOR on surface 0x7fffeb5e4340, error=EGL_BAD_MATCH
09-01 10:26:14.175 D/EGL_adreno( 1948): eglMakeCurrent: 0x7fffeb43c820: ver 3 1 (tinfo 0x7fffeb40d4a0)
09-01 10:26:17.576 D/EGL_adreno( 1948): eglMakeCurrent: 0x7fffeb43c820: ver 3 1 (tinfo 0x7fffeb40d4a0)
09-01 10:26:17.585 W/WindowManager( 1282): Attempted to remove non-existing token: android.os.Binder@3f09725
09-01 10:26:17.693 E/EGL_adreno( 1948): tid 1965: eglSurfaceAttrib(1338): error 0x3009 (EGL_BAD_MATCH)
09-01 10:26:17.693 W/OpenGLRenderer( 1948): Failed to set EGL_SWAP_BEHAVIOR on surface 0x7fffeb5e4340, error=EGL_BAD_MATCH
09-01 10:26:17.695 D/EGL_adreno( 1948): eglMakeCurrent: 0x7fffeb43c820: ver 3 1 (tinfo 0x7fffeb40d4a0)
09-01 10:26:21.092 D/EGL_adreno( 1948): eglMakeCurrent: 0x7fffeb43c820: ver 3 1 (tinfo 0x7fffeb40d4a0)
09-01 10:26:21.101 W/WindowManager( 1282): Attempted to remove non-existing token: android.os.Binder@71bd0fa
09-01 10:26:21.196 E/EGL_adreno( 1948): tid 1965: eglSurfaceAttrib(1338): error 0x3009 (EGL_BAD_MATCH)
09-01 10:26:21.196 W/OpenGLRenderer( 1948): Failed to set EGL_SWAP_BEHAVIOR on surface 0x7fffeb5e4340, error=EGL_BAD_MATCH
09-01 10:26:21.202 D/EGL_adreno( 1948): eglMakeCurrent: 0x7fffeb43c820: ver 3 1 (tinfo 0x7fffeb40d4a0)
09-01 10:26:24.620 D/EGL_adreno( 1948): eglMakeCurrent: 0x7fffeb43c820: ver 3 1 (tinfo 0x7fffeb40d4a0)
09-01 10:26:24.635 W/WindowManager( 1282): Attempted to remove non-existing token: android.os.Binder@be056ab
09-01 10:26:24.755 E/EGL_adreno( 1948): tid 1965: eglSurfaceAttrib(1338): error 0x3009 (EGL_BAD_MATCH)
09-01 10:26:24.755 W/OpenGLRenderer( 1948): Failed to set EGL_SWAP_BEHAVIOR on surface 0x7fffeb5e4340, error=EGL_BAD_MATCH
09-01 10:26:24.760 D/EGL_adreno( 1948): eglMakeCurrent: 0x7fffeb43c820: ver 3 1 (tinfo 0x7fffeb40d4a0)
09-01 10:26:28.151 W/WindowManager( 1282): Attempted to remove non-existing token: android.os.Binder@d4bb287
09-01 10:26:28.153 D/EGL_adreno( 1948): eglMakeCurrent: 0x7fffeb43c820: ver 3 1 (tinfo 0x7fffeb40d4a0)
09-01 10:26:28.290 E/EGL_adreno( 1948): tid 1965: eglSurfaceAttrib(1338): error 0x3009 (EGL_BAD_MATCH)
09-01 10:26:28.290 W/OpenGLRenderer( 1948): Failed to set EGL_SWAP_BEHAVIOR on surface 0x7fffeb5e4340, error=EGL_BAD_MATCH
09-01 10:26:28.292 D/EGL_adreno( 1948): eglMakeCurrent: 0x7fffeb43c820: ver 3 1 (tinfo 0x7fffeb40d4a0)
09-01 10:26:31.666 D/EGL_adreno( 1948): eglMakeCurrent: 0x7fffeb43c820: ver 3 1 (tinfo 0x7fffeb40d4a0)
09-01 10:26:31.668 W/WindowManager( 1282): Attempted to remove non-existing token: android.os.Binder@726f023
09-01 10:26:31.772 E/EGL_adreno( 1948): tid 1965: eglSurfaceAttrib(1338): error 0x3009 (EGL_BAD_MATCH)
09-01 10:26:31.772 W/OpenGLRenderer( 1948): Failed to set EGL_SWAP_BEHAVIOR on surface 0x7fffeb5e4340, error=EGL_BAD_MATCH
