09-01 09:59:34.313 W/System.err( 1948): 	at java.lang.reflect.Method.invoke(Native Method)
09-01 09:59:34.313 W/System.err( 1948): 	at com.android.internal.os.ZygoteInit$MethodAndArgsCaller.run(ZygoteInit.java:892)
09-01 09:59:34.313 W/System.err( 1948): 	at com.android.internal.os.ZygoteInit.main(ZygoteInit.java:782)
09-01 09:59:34.314 E/NotificationService( 1282): Package has already posted 50 toasts. Not showing more. Package=com.android.intentfuzzer
09-01 09:59:34.314 I/ActivityManager( 1282): START u0 {cmp=pt.joaomneto.titancompanion/.adventurecreation.impl.STRIDERAdventureCreation} from uid 10064 on display 0
09-01 09:59:34.315 W/ActivityManager( 1282): Permission Denial: starting Intent { cmp=pt.joaomneto.titancompanion/.adventurecreation.impl.STRIDERAdventureCreation } from ProcessRecord{4ccee7c 1948:com.android.intentfuzzer/u0a64} (pid=1948, uid=10064) not exported from uid 10063
09-01 09:59:34.316 W/System.err( 1948): java.lang.Exception: Toast callstack! strTip=Send Intent Failed!
09-01 09:59:34.316 W/System.err( 1948): 	at android.widget.Toast.show(Toast.java:130)
09-01 09:59:34.316 W/System.err( 1948): 	at com.android.intentfuzzer.FuzzerActivity$3.onClick(FuzzerActivity.java:167)
09-01 09:59:34.316 W/System.err( 1948): 	at android.view.View.performClick(View.java:5637)
09-01 09:59:34.316 W/System.err( 1948): 	at android.view.View$PerformClick.run(View.java:22429)
09-01 09:59:34.316 W/System.err( 1948): 	at android.os.Handler.handleCallback(Handler.java:751)
09-01 09:59:34.316 W/System.err( 1948): 	at android.os.Handler.dispatchMessage(Handler.java:95)
09-01 09:59:34.316 W/System.err( 1948): 	at android.os.Looper.loop(Looper.java:154)
09-01 09:59:34.316 W/System.err( 1948): 	at android.app.ActivityThread.main(ActivityThread.java:6190)
09-01 09:59:34.316 W/System.err( 1948): 	at java.lang.reflect.Method.invoke(Native Method)
09-01 09:59:34.316 W/System.err( 1948): 	at com.android.internal.os.ZygoteInit$MethodAndArgsCaller.run(ZygoteInit.java:892)
09-01 09:59:34.316 W/System.err( 1948): 	at com.android.internal.os.ZygoteInit.main(ZygoteInit.java:782)
09-01 09:59:34.317 E/NotificationService( 1282): Package has already posted 50 toasts. Not showing more. Package=com.android.intentfuzzer
09-01 09:59:34.317 I/ActivityManager( 1282): START u0 {cmp=pt.joaomneto.titancompanion/.adventure.impl.STRIDERAdventure} from uid 10064 on display 0
09-01 09:59:34.317 W/ActivityManager( 1282): Permission Denial: starting Intent { cmp=pt.joaomneto.titancompanion/.adventure.impl.STRIDERAdventure } from ProcessRecord{4ccee7c 1948:com.android.intentfuzzer/u0a64} (pid=1948, uid=10064) not exported from uid 10063
09-01 09:59:34.318 W/System.err( 1948): java.lang.Exception: Toast callstack! strTip=Send Intent Failed!
09-01 09:59:34.318 W/System.err( 1948): 	at android.widget.Toast.show(Toast.java:130)
09-01 09:59:34.318 W/System.err( 1948): 	at com.android.intentfuzzer.FuzzerActivity$3.onClick(FuzzerActivity.java:167)
09-01 09:59:34.318 W/System.err( 1948): 	at android.view.View.performClick(View.java:5637)
09-01 09:59:34.319 W/System.err( 1948): 	at android.view.View$PerformClick.run(View.java:22429)
09-01 09:59:34.319 W/System.err( 1948): 	at android.os.Handler.handleCallback(Handler.java:751)
09-01 09:59:34.319 W/System.err( 1948): 	at android.os.Handler.dispatchMessage(Handler.java:95)
09-01 09:59:34.319 W/System.err( 1948): 	at android.os.Looper.loop(Looper.java:154)
09-01 09:59:34.319 W/System.err( 1948): 	at android.app.ActivityThread.main(ActivityThread.java:6190)
09-01 09:59:34.319 W/System.err( 1948): 	at java.lang.reflect.Method.invoke(Native Method)
09-01 09:59:34.319 W/System.err( 1948): 	at com.android.internal.os.ZygoteInit$MethodAndArgsCaller.run(ZygoteInit.java:892)
09-01 09:59:34.319 W/System.err( 1948): 	at com.android.internal.os.ZygoteInit.main(ZygoteInit.java:782)
09-01 09:59:34.320 E/NotificationService( 1282): Package has already posted 50 toasts. Not showing more. Package=com.android.intentfuzzer
09-01 09:59:34.320 I/ActivityManager( 1282): START u0 {cmp=pt.joaomneto.titancompanion/.adventurecreation.impl.POFAdventureCreation} from uid 10064 on display 0
09-01 09:59:34.320 W/ActivityManager( 1282): Permission Denial: starting Intent { cmp=pt.joaomneto.titancompanion/.adventurecreation.impl.POFAdventureCreation } from ProcessRecord{4ccee7c 1948:com.android.intentfuzzer/u0a64} (pid=1948, uid=10064) not exported from uid 10063
09-01 09:59:34.322 W/System.err( 1948): java.lang.Exception: Toast callstack! strTip=Send Intent Failed!
09-01 09:59:34.322 W/System.err( 1948): 	at android.widget.Toast.show(Toast.java:130)
09-01 09:59:34.322 W/System.err( 1948): 	at com.android.intentfuzzer.FuzzerActivity$3.onClick(FuzzerActivity.java:167)
09-01 09:59:34.322 W/System.err( 1948): 	at android.view.View.performClick(View.java:5637)
09-01 09:59:34.322 W/System.err( 1948): 	at android.view.View$PerformClick.run(View.java:22429)
09-01 09:59:34.322 W/System.err( 1948): 	at android.os.Handler.handleCallback(Handler.java:751)
09-01 09:59:34.322 W/System.err( 1948): 	at android.os.Handler.dispatchMessage(Handler.java:95)
09-01 09:59:34.322 W/System.err( 1948): 	at android.os.Looper.loop(Looper.java:154)
09-01 09:59:34.322 W/System.err( 1948): 	at android.app.ActivityThread.main(ActivityThread.java:6190)
09-01 09:59:34.322 W/System.err( 1948): 	at java.lang.reflect.Method.invoke(Native Method)
09-01 09:59:34.322 W/System.err( 1948): 	at com.android.internal.os.ZygoteInit$MethodAndArgsCaller.run(ZygoteInit.java:892)
09-01 09:59:34.322 W/System.err( 1948): 	at com.android.internal.os.ZygoteInit.main(ZygoteInit.java:782)
09-01 09:59:34.323 E/NotificationService( 1282): Package has already posted 50 toasts. Not showing more. Package=com.android.intentfuzzer
09-01 09:59:34.324 I/ActivityManager( 1282): START u0 {cmp=pt.joaomneto.titancompanion/.adventure.impl.POFAdventure} from uid 10064 on display 0
09-01 09:59:34.324 W/ActivityManager( 1282): Permission Denial: starting Intent { cmp=pt.joaomneto.titancompanion/.adventure.impl.POFAdventure } from ProcessRecord{4ccee7c 1948:com.android.intentfuzzer/u0a64} (pid=1948, uid=10064) not exported from uid 10063
09-01 09:59:34.325 W/System.err( 1948): java.lang.Exception: Toast callstack! strTip=Send Intent Failed!
09-01 09:59:34.325 W/System.err( 1948): 	at android.widget.Toast.show(Toast.java:130)
09-01 09:59:34.325 W/System.err( 1948): 	at com.android.intentfuzzer.FuzzerActivity$3.onClick(FuzzerActivity.java:167)
09-01 09:59:34.326 W/System.err( 1948): 	at android.view.View.performClick(View.java:5637)
09-01 09:59:34.326 W/System.err( 1948): 	at android.view.View$PerformClick.run(View.java:22429)
09-01 09:59:34.326 W/System.err( 1948): 	at android.os.Handler.handleCallback(Handler.java:751)
09-01 09:59:34.326 W/System.err( 1948): 	at android.os.Handler.dispatchMessage(Handler.java:95)
09-01 09:59:34.326 W/System.err( 1948): 	at android.os.Looper.loop(Looper.java:154)
09-01 09:59:34.326 W/System.err( 1948): 	at android.app.ActivityThread.main(ActivityThread.java:6190)
09-01 09:59:34.326 W/System.err( 1948): 	at java.lang.reflect.Method.invoke(Native Method)
09-01 09:59:34.326 W/System.err( 1948): 	at com.android.internal.os.ZygoteInit$MethodAndArgsCaller.run(ZygoteInit.java:892)
09-01 09:59:34.326 W/System.err( 1948): 	at com.android.internal.os.ZygoteInit.main(ZygoteInit.java:782)
09-01 09:59:34.326 E/NotificationService( 1282): Package has already posted 50 toasts. Not showing more. Package=com.android.intentfuzzer
09-01 09:59:34.327 I/ActivityManager( 1282): START u0 {cmp=pt.joaomneto.titancompanion/.adventurecreation.impl.MRAdventureCreation} from uid 10064 on display 0
09-01 09:59:34.327 W/ActivityManager( 1282): Permission Denial: starting Intent { cmp=pt.joaomneto.titancompanion/.adventurecreation.impl.MRAdventureCreation } from ProcessRecord{4ccee7c 1948:com.android.intentfuzzer/u0a64} (pid=1948, uid=10064) not exported from uid 10063
09-01 09:59:34.329 W/System.err( 1948): java.lang.Exception: Toast callstack! strTip=Send Intent Failed!
09-01 09:59:34.329 W/System.err( 1948): 	at android.widget.Toast.show(Toast.java:130)
09-01 09:59:34.329 W/System.err( 1948): 	at com.android.intentfuzzer.FuzzerActivity$3.onClick(FuzzerActivity.java:167)
09-01 09:59:34.329 W/System.err( 1948): 	at android.view.View.performClick(View.java:5637)
09-01 09:59:34.329 W/System.err( 1948): 	at android.view.View$PerformClick.run(View.java:22429)
09-01 09:59:34.329 W/System.err( 1948): 	at android.os.Handler.handleCallback(Handler.java:751)
09-01 09:59:34.329 W/System.err( 1948): 	at android.os.Handler.dispatchMessage(Handler.java:95)
09-01 09:59:34.329 W/System.err( 1948): 	at android.os.Looper.loop(Looper.java:154)
09-01 09:59:34.329 W/System.err( 1948): 	at android.app.ActivityThread.main(ActivityThread.java:6190)
09-01 09:59:34.329 W/System.err( 1948): 	at java.lang.reflect.Method.invoke(Native Method)
09-01 09:59:34.329 W/System.err( 1948): 	at com.android.internal.os.ZygoteInit$MethodAndArgsCaller.run(ZygoteInit.java:892)
09-01 09:59:34.330 W/System.err( 1948): 	at com.android.internal.os.ZygoteInit.main(ZygoteInit.java:782)
09-01 09:59:34.330 E/NotificationService( 1282): Package has already posted 50 toasts. Not showing more. Package=com.android.intentfuzzer
09-01 09:59:34.330 I/ActivityManager( 1282): START u0 {cmp=pt.joaomneto.titancompanion/.adventure.impl.MRAdventure} from uid 10064 on display 0
09-01 09:59:34.331 W/ActivityManager( 1282): Permission Denial: starting Intent { cmp=pt.joaomneto.titancompanion/.adventure.impl.MRAdventure } from ProcessRecord{4ccee7c 1948:com.android.intentfuzzer/u0a64} (pid=1948, uid=10064) not exported from uid 10063
09-01 09:59:34.332 W/System.err( 1948): java.lang.Exception: Toast callstack! strTip=Send Intent Failed!
09-01 09:59:34.332 W/System.err( 1948): 	at android.widget.Toast.show(Toast.java:130)
09-01 09:59:34.332 W/System.err( 1948): 	at com.android.intentfuzzer.FuzzerActivity$3.onClick(FuzzerActivity.java:167)
09-01 09:59:34.332 W/System.err( 1948): 	at android.view.View.performClick(View.java:5637)
09-01 09:59:34.332 W/System.err( 1948): 	at android.view.View$PerformClick.run(View.java:22429)
09-01 09:59:34.332 W/System.err( 1948): 	at android.os.Handler.handleCallback(Handler.java:751)
09-01 09:59:34.332 W/System.err( 1948): 	at android.os.Handler.dispatchMessage(Handler.java:95)
09-01 09:59:34.332 W/System.err( 1948): 	at android.os.Looper.loop(Looper.java:154)
09-01 09:59:34.332 W/System.err( 1948): 	at android.app.ActivityThread.main(ActivityThread.java:6190)
09-01 09:59:34.332 W/System.err( 1948): 	at java.lang.reflect.Method.invoke(Native Method)
09-01 09:59:34.332 W/System.err( 1948): 	at com.android.internal.os.ZygoteInit$MethodAndArgsCaller.run(ZygoteInit.java:892)
09-01 09:59:34.332 W/System.err( 1948): 	at com.android.internal.os.ZygoteInit.main(ZygoteInit.java:782)
09-01 09:59:34.333 E/NotificationService( 1282): Package has already posted 50 toasts. Not showing more. Package=com.android.intentfuzzer
09-01 09:59:34.333 I/ActivityManager( 1282): START u0 {cmp=pt.joaomneto.titancompanion/.adventurecreation.impl.COMAdventureCreation} from uid 10064 on display 0
09-01 09:59:34.333 W/ActivityManager( 1282): Permission Denial: starting Intent { cmp=pt.joaomneto.titancompanion/.adventurecreation.impl.COMAdventureCreation } from ProcessRecord{4ccee7c 1948:com.android.intentfuzzer/u0a64} (pid=1948, uid=10064) not exported from uid 10063
09-01 09:59:34.335 W/System.err( 1948): java.lang.Exception: Toast callstack! strTip=Send Intent Failed!
09-01 09:59:34.335 W/System.err( 1948): 	at android.widget.Toast.show(Toast.java:130)
09-01 09:59:34.335 W/System.err( 1948): 	at com.android.intentfuzzer.FuzzerActivity$3.onClick(FuzzerActivity.java:167)
09-01 09:59:34.335 W/System.err( 1948): 	at android.view.View.performClick(View.java:5637)
09-01 09:59:34.335 W/System.err( 1948): 	at android.view.View$PerformClick.run(View.java:22429)
09-01 09:59:34.335 W/System.err( 1948): 	at android.os.Handler.handleCallback(Handler.java:751)
09-01 09:59:34.335 W/System.err( 1948): 	at android.os.Handler.dispatchMessage(Handler.java:95)
09-01 09:59:34.335 W/System.err( 1948): 	at android.os.Looper.loop(Looper.java:154)
09-01 09:59:34.335 W/System.err( 1948): 	at android.app.ActivityThread.main(ActivityThread.java:6190)
09-01 09:59:34.335 W/System.err( 1948): 	at java.lang.reflect.Method.invoke(Native Method)
09-01 09:59:34.335 W/System.err( 1948): 	at com.android.internal.os.ZygoteInit$MethodAndArgsCaller.run(ZygoteInit.java:892)
09-01 09:59:34.335 W/System.err( 1948): 	at com.android.internal.os.ZygoteInit.main(ZygoteInit.java:782)
09-01 09:59:34.336 E/NotificationService( 1282): Package has already posted 50 toasts. Not showing more. Package=com.android.intentfuzzer
09-01 09:59:34.336 I/ActivityManager( 1282): START u0 {cmp=pt.joaomneto.titancompanion/.adventure.impl.COMAdventure} from uid 10064 on display 0
09-01 09:59:34.336 W/ActivityManager( 1282): Permission Denial: starting Intent { cmp=pt.joaomneto.titancompanion/.adventure.impl.COMAdventure } from ProcessRecord{4ccee7c 1948:com.android.intentfuzzer/u0a64} (pid=1948, uid=10064) not exported from uid 10063
09-01 09:59:34.338 W/System.err( 1948): java.lang.Exception: Toast callstack! strTip=Send Intent Failed!
09-01 09:59:34.338 W/System.err( 1948): 	at android.widget.Toast.show(Toast.java:130)
09-01 09:59:34.338 W/System.err( 1948): 	at com.android.intentfuzzer.FuzzerActivity$3.onClick(FuzzerActivity.java:167)
09-01 09:59:34.338 W/System.err( 1948): 	at android.view.View.performClick(View.java:5637)
09-01 09:59:34.338 W/System.err( 1948): 	at android.view.View$PerformClick.run(View.java:22429)
09-01 09:59:34.338 W/System.err( 1948): 	at android.os.Handler.handleCallback(Handler.java:751)
09-01 09:59:34.338 W/System.err( 1948): 	at android.os.Handler.dispatchMessage(Handler.java:95)
09-01 09:59:34.338 W/System.err( 1948): 	at android.os.Looper.loop(Looper.java:154)
09-01 09:59:34.338 W/System.err( 1948): 	at android.app.ActivityThread.main(ActivityThread.java:6190)
09-01 09:59:34.338 W/System.err( 1948): 	at java.lang.reflect.Method.invoke(Native Method)
09-01 09:59:34.338 W/System.err( 1948): 	at com.android.internal.os.ZygoteInit$MethodAndArgsCaller.run(ZygoteInit.java:892)
09-01 09:59:34.338 W/System.err( 1948): 	at com.android.internal.os.ZygoteInit.main(ZygoteInit.java:782)
09-01 09:59:34.338 E/NotificationService( 1282): Package has already posted 50 toasts. Not showing more. Package=com.android.intentfuzzer
09-01 09:59:34.339 I/ActivityManager( 1282): START u0 {cmp=pt.joaomneto.titancompanion/.adventurecreation.impl.BWAdventureCreation} from uid 10064 on display 0
09-01 09:59:34.339 W/ActivityManager( 1282): Permission Denial: starting Intent { cmp=pt.joaomneto.titancompanion/.adventurecreation.impl.BWAdventureCreation } from ProcessRecord{4ccee7c 1948:com.android.intentfuzzer/u0a64} (pid=1948, uid=10064) not exported from uid 10063
09-01 09:59:34.340 W/System.err( 1948): java.lang.Exception: Toast callstack! strTip=Send Intent Failed!
09-01 09:59:34.341 W/System.err( 1948): 	at android.widget.Toast.show(Toast.java:130)
09-01 09:59:34.341 W/System.err( 1948): 	at com.android.intentfuzzer.FuzzerActivity$3.onClick(FuzzerActivity.java:167)
09-01 09:59:34.341 W/System.err( 1948): 	at android.view.View.performClick(View.java:5637)
09-01 09:59:34.341 W/System.err( 1948): 	at android.view.View$PerformClick.run(View.java:22429)
09-01 09:59:34.341 W/System.err( 1948): 	at android.os.Handler.handleCallback(Handler.java:751)
09-01 09:59:34.341 W/System.err( 1948): 	at android.os.Handler.dispatchMessage(Handler.java:95)
09-01 09:59:34.341 W/System.err( 1948): 	at android.os.Looper.loop(Looper.java:154)
09-01 09:59:34.341 W/System.err( 1948): 	at android.app.ActivityThread.main(ActivityThread.java:6190)
09-01 09:59:34.341 W/System.err( 1948): 	at java.lang.reflect.Method.invoke(Native Method)
09-01 09:59:34.341 W/System.err( 1948): 	at com.android.internal.os.ZygoteInit$MethodAndArgsCaller.run(ZygoteInit.java:892)
09-01 09:59:34.341 W/System.err( 1948): 	at com.android.internal.os.ZygoteInit.main(ZygoteInit.java:782)
09-01 09:59:34.341 E/NotificationService( 1282): Package has already posted 50 toasts. Not showing more. Package=com.android.intentfuzzer
09-01 09:59:34.342 I/ActivityManager( 1282): START u0 {cmp=pt.joaomneto.titancompanion/.adventure.impl.BWAdventure} from uid 10064 on display 0
09-01 09:59:34.342 W/ActivityManager( 1282): Permission Denial: starting Intent { cmp=pt.joaomneto.titancompanion/.adventure.impl.BWAdventure } from ProcessRecord{4ccee7c 1948:com.android.intentfuzzer/u0a64} (pid=1948, uid=10064) not exported from uid 10063
09-01 09:59:34.343 W/System.err( 1948): java.lang.Exception: Toast callstack! strTip=Send Intent Failed!
09-01 09:59:34.343 W/System.err( 1948): 	at android.widget.Toast.show(Toast.java:130)
09-01 09:59:34.343 W/System.err( 1948): 	at com.android.intentfuzzer.FuzzerActivity$3.onClick(FuzzerActivity.java:167)
09-01 09:59:34.343 W/System.err( 1948): 	at android.view.View.performClick(View.java:5637)
09-01 09:59:34.343 W/System.err( 1948): 	at android.view.View$PerformClick.run(View.java:22429)
09-01 09:59:34.343 W/System.err( 1948): 	at android.os.Handler.handleCallback(Handler.java:751)
09-01 09:59:34.343 W/System.err( 1948): 	at android.os.Handler.dispatchMessage(Handler.java:95)
09-01 09:59:34.343 W/System.err( 1948): 	at android.os.Looper.loop(Looper.java:154)
09-01 09:59:34.343 W/System.err( 1948): 	at android.app.ActivityThread.main(ActivityThread.java:6190)
09-01 09:59:34.343 W/System.err( 1948): 	at java.lang.reflect.Method.invoke(Native Method)
09-01 09:59:34.343 W/System.err( 1948): 	at com.android.internal.os.ZygoteInit$MethodAndArgsCaller.run(ZygoteInit.java:892)
09-01 09:59:34.343 W/System.err( 1948): 	at com.android.internal.os.ZygoteInit.main(ZygoteInit.java:782)
09-01 09:59:34.344 E/NotificationService( 1282): Package has already posted 50 toasts. Not showing more. Package=com.android.intentfuzzer
09-01 09:59:34.345 I/ActivityManager( 1282): START u0 {cmp=pt.joaomneto.titancompanion/.adventurecreation.impl.SOTAAdventureCreation} from uid 10064 on display 0
09-01 09:59:34.345 W/ActivityManager( 1282): Permission Denial: starting Intent { cmp=pt.joaomneto.titancompanion/.adventurecreation.impl.SOTAAdventureCreation } from ProcessRecord{4ccee7c 1948:com.android.intentfuzzer/u0a64} (pid=1948, uid=10064) not exported from uid 10063
09-01 09:59:34.346 W/System.err( 1948): java.lang.Exception: Toast callstack! strTip=Send Intent Failed!
09-01 09:59:34.346 W/System.err( 1948): 	at android.widget.Toast.show(Toast.java:130)
09-01 09:59:34.346 W/System.err( 1948): 	at com.android.intentfuzzer.FuzzerActivity$3.onClick(FuzzerActivity.java:167)
09-01 09:59:34.346 W/System.err( 1948): 	at android.view.View.performClick(View.java:5637)
09-01 09:59:34.346 W/System.err( 1948): 	at android.view.View$PerformClick.run(View.java:22429)
09-01 09:59:34.346 W/System.err( 1948): 	at android.os.Handler.handleCallback(Handler.java:751)
09-01 09:59:34.346 W/System.err( 1948): 	at android.os.Handler.dispatchMessage(Handler.java:95)
09-01 09:59:34.346 W/System.err( 1948): 	at android.os.Looper.loop(Looper.java:154)
09-01 09:59:34.346 W/System.err( 1948): 	at android.app.ActivityThread.main(ActivityThread.java:6190)
09-01 09:59:34.346 W/System.err( 1948): 	at java.lang.reflect.Method.invoke(Native Method)
09-01 09:59:34.346 W/System.err( 1948): 	at com.android.internal.os.ZygoteInit$MethodAndArgsCaller.run(ZygoteInit.java:892)
09-01 09:59:34.346 W/System.err( 1948): 	at com.android.internal.os.ZygoteInit.main(ZygoteInit.java:782)
09-01 09:59:34.346 E/NotificationService( 1282): Package has already posted 50 toasts. Not showing more. Package=com.android.intentfuzzer
09-01 09:59:34.347 I/ActivityManager( 1282): START u0 {cmp=pt.joaomneto.titancompanion/.adventure.impl.SOTAAdventure} from uid 10064 on display 0
09-01 09:59:34.347 W/ActivityManager( 1282): Permission Denial: starting Intent { cmp=pt.joaomneto.titancompanion/.adventure.impl.SOTAAdventure } from ProcessRecord{4ccee7c 1948:com.android.intentfuzzer/u0a64} (pid=1948, uid=10064) not exported from uid 10063
09-01 09:59:34.348 W/System.err( 1948): java.lang.Exception: Toast callstack! strTip=Send Intent Failed!
09-01 09:59:34.348 W/System.err( 1948): 	at android.widget.Toast.show(Toast.java:130)
09-01 09:59:34.348 W/System.err( 1948): 	at com.android.intentfuzzer.FuzzerActivity$3.onClick(FuzzerActivity.java:167)
09-01 09:59:34.349 W/System.err( 1948): 	at android.view.View.performClick(View.java:5637)
09-01 09:59:34.349 W/System.err( 1948): 	at android.view.View$PerformClick.run(View.java:22429)
09-01 09:59:34.349 W/System.err( 1948): 	at android.os.Handler.handleCallback(Handler.java:751)
09-01 09:59:34.349 W/System.err( 1948): 	at android.os.Handler.dispatchMessage(Handler.java:95)
09-01 09:59:34.349 W/System.err( 1948): 	at android.os.Looper.loop(Looper.java:154)
09-01 09:59:34.349 W/System.err( 1948): 	at android.app.ActivityThread.main(ActivityThread.java:6190)
09-01 09:59:34.349 W/System.err( 1948): 	at java.lang.reflect.Method.invoke(Native Method)
09-01 09:59:34.349 W/System.err( 1948): 	at com.android.internal.os.ZygoteInit$MethodAndArgsCaller.run(ZygoteInit.java:892)
09-01 09:59:34.349 W/System.err( 1948): 	at com.android.internal.os.ZygoteInit.main(ZygoteInit.java:782)
09-01 09:59:34.349 E/NotificationService( 1282): Package has already posted 50 toasts. Not showing more. Package=com.android.intentfuzzer
09-01 09:59:34.350 I/ActivityManager( 1282): START u0 {cmp=pt.joaomneto.titancompanion/.adventurecreation.impl.SLAdventureCreation} from uid 10064 on display 0
09-01 09:59:34.350 W/ActivityManager( 1282): Permission Denial: starting Intent { cmp=pt.joaomneto.titancompanion/.adventurecreation.impl.SLAdventureCreation } from ProcessRecord{4ccee7c 1948:com.android.intentfuzzer/u0a64} (pid=1948, uid=10064) not exported from uid 10063
09-01 09:59:34.352 W/System.err( 1948): java.lang.Exception: Toast callstack! strTip=Send Intent Failed!
09-01 09:59:34.352 W/System.err( 1948): 	at android.widget.Toast.show(Toast.java:130)
09-01 09:59:34.352 W/System.err( 1948): 	at com.android.intentfuzzer.FuzzerActivity$3.onClick(FuzzerActivity.java:167)
09-01 09:59:34.352 W/System.err( 1948): 	at android.view.View.performClick(View.java:5637)
09-01 09:59:34.352 W/System.err( 1948): 	at android.view.View$PerformClick.run(View.java:22429)
09-01 09:59:34.352 W/System.err( 1948): 	at android.os.Handler.handleCallback(Handler.java:751)
09-01 09:59:34.352 W/System.err( 1948): 	at android.os.Handler.dispatchMessage(Handler.java:95)
09-01 09:59:34.352 W/System.err( 1948): 	at android.os.Looper.loop(Looper.java:154)
09-01 09:59:34.352 W/System.err( 1948): 	at android.app.ActivityThread.main(ActivityThread.java:6190)
09-01 09:59:34.352 W/System.err( 1948): 	at java.lang.reflect.Method.invoke(Native Method)
09-01 09:59:34.352 W/System.err( 1948): 	at com.android.internal.os.ZygoteInit$MethodAndArgsCaller.run(ZygoteInit.java:892)
09-01 09:59:34.352 W/System.err( 1948): 	at com.android.internal.os.ZygoteInit.main(ZygoteInit.java:782)
09-01 09:59:34.352 E/NotificationService( 1282): Package has already posted 50 toasts. Not showing more. Package=com.android.intentfuzzer
09-01 09:59:34.353 I/ActivityManager( 1282): START u0 {cmp=pt.joaomneto.titancompanion/.adventure.impl.SLAdventure} from uid 10064 on display 0
09-01 09:59:34.353 W/ActivityManager( 1282): Permission Denial: starting Intent { cmp=pt.joaomneto.titancompanion/.adventure.impl.SLAdventure } from ProcessRecord{4ccee7c 1948:com.android.intentfuzzer/u0a64} (pid=1948, uid=10064) not exported from uid 10063
09-01 09:59:34.354 W/System.err( 1948): java.lang.Exception: Toast callstack! strTip=Send Intent Failed!
09-01 09:59:34.355 W/System.err( 1948): 	at android.widget.Toast.show(Toast.java:130)
09-01 09:59:34.355 W/System.err( 1948): 	at com.android.intentfuzzer.FuzzerActivity$3.onClick(FuzzerActivity.java:167)
09-01 09:59:34.355 W/System.err( 1948): 	at android.view.View.performClick(View.java:5637)
09-01 09:59:34.355 W/System.err( 1948): 	at android.view.View$PerformClick.run(View.java:22429)
09-01 09:59:34.355 W/System.err( 1948): 	at android.os.Handler.handleCallback(Handler.java:751)
09-01 09:59:34.355 W/System.err( 1948): 	at android.os.Handler.dispatchMessage(Handler.java:95)
09-01 09:59:34.355 W/System.err( 1948): 	at android.os.Looper.loop(Looper.java:154)
09-01 09:59:34.355 W/System.err( 1948): 	at android.app.ActivityThread.main(ActivityThread.java:6190)
09-01 09:59:34.355 W/System.err( 1948): 	at java.lang.reflect.Method.invoke(Native Method)
09-01 09:59:34.355 W/System.err( 1948): 	at com.android.internal.os.ZygoteInit$MethodAndArgsCaller.run(ZygoteInit.java:892)
09-01 09:59:34.355 W/System.err( 1948): 	at com.android.internal.os.ZygoteInit.main(ZygoteInit.java:782)
09-01 09:59:34.356 E/NotificationService( 1282): Package has already posted 50 toasts. Not showing more. Package=com.android.intentfuzzer
09-01 09:59:34.356 I/ActivityManager( 1282): START u0 {cmp=pt.joaomneto.titancompanion/.adventurecreation.impl.SOSAdventureCreation} from uid 10064 on display 0
09-01 09:59:34.356 W/ActivityManager( 1282): Permission Denial: starting Intent { cmp=pt.joaomneto.titancompanion/.adventurecreation.impl.SOSAdventureCreation } from ProcessRecord{4ccee7c 1948:com.android.intentfuzzer/u0a64} (pid=1948, uid=10064) not exported from uid 10063
09-01 09:59:34.357 W/System.err( 1948): java.lang.Exception: Toast callstack! strTip=Send Intent Failed!
09-01 09:59:34.357 W/System.err( 1948): 	at android.widget.Toast.show(Toast.java:130)
09-01 09:59:34.357 W/System.err( 1948): 	at com.android.intentfuzzer.FuzzerActivity$3.onClick(FuzzerActivity.java:167)
09-01 09:59:34.357 W/System.err( 1948): 	at android.view.View.performClick(View.java:5637)
09-01 09:59:34.357 W/System.err( 1948): 	at android.view.View$PerformClick.run(View.java:22429)
09-01 09:59:34.357 W/System.err( 1948): 	at android.os.Handler.handleCallback(Handler.java:751)
09-01 09:59:34.357 W/System.err( 1948): 	at android.os.Handler.dispatchMessage(Handler.java:95)
09-01 09:59:34.357 W/System.err( 1948): 	at android.os.Looper.loop(Looper.java:154)
09-01 09:59:34.357 W/System.err( 1948): 	at android.app.ActivityThread.main(ActivityThread.java:6190)
09-01 09:59:34.357 W/System.err( 1948): 	at java.lang.reflect.Method.invoke(Native Method)
09-01 09:59:34.357 W/System.err( 1948): 	at com.android.internal.os.ZygoteInit$MethodAndArgsCaller.run(ZygoteInit.java:892)
09-01 09:59:34.357 W/System.err( 1948): 	at com.android.internal.os.ZygoteInit.main(ZygoteInit.java:782)
09-01 09:59:34.357 E/NotificationService( 1282): Package has already posted 50 toasts. Not showing more. Package=com.android.intentfuzzer
09-01 09:59:34.358 I/ActivityManager( 1282): START u0 {cmp=pt.joaomneto.titancompanion/.adventure.impl.SOSAdventure} from uid 10064 on display 0
09-01 09:59:34.358 W/ActivityManager( 1282): Permission Denial: starting Intent { cmp=pt.joaomneto.titancompanion/.adventure.impl.SOSAdventure } from ProcessRecord{4ccee7c 1948:com.android.intentfuzzer/u0a64} (pid=1948, uid=10064) not exported from uid 10063
09-01 09:59:34.358 W/System.err( 1948): java.lang.Exception: Toast callstack! strTip=Send Intent Failed!
09-01 09:59:34.359 W/System.err( 1948): 	at android.widget.Toast.show(Toast.java:130)
09-01 09:59:34.359 W/System.err( 1948): 	at com.android.intentfuzzer.FuzzerActivity$3.onClick(FuzzerActivity.java:167)
09-01 09:59:34.359 W/System.err( 1948): 	at android.view.View.performClick(View.java:5637)
09-01 09:59:34.359 W/System.err( 1948): 	at android.view.View$PerformClick.run(View.java:22429)
09-01 09:59:34.359 W/System.err( 1948): 	at android.os.Handler.handleCallback(Handler.java:751)
09-01 09:59:34.359 W/System.err( 1948): 	at android.os.Handler.dispatchMessage(Handler.java:95)
09-01 09:59:34.359 W/System.err( 1948): 	at android.os.Looper.loop(Looper.java:154)
09-01 09:59:34.359 W/System.err( 1948): 	at android.app.ActivityThread.main(ActivityThread.java:6190)
09-01 09:59:34.359 W/System.err( 1948): 	at java.lang.reflect.Method.invoke(Native Method)
09-01 09:59:34.359 W/System.err( 1948): 	at com.android.internal.os.ZygoteInit$MethodAndArgsCaller.run(ZygoteInit.java:892)
09-01 09:59:34.359 W/System.err( 1948): 	at com.android.internal.os.ZygoteInit.main(ZygoteInit.java:782)
09-01 09:59:34.359 E/NotificationService( 1282): Package has already posted 50 toasts. Not showing more. Package=com.android.intentfuzzer
09-01 09:59:34.359 I/ActivityManager( 1282): START u0 {cmp=pt.joaomneto.titancompanion/.adventurecreation.impl.DODAdventureCreation} from uid 10064 on display 0
09-01 09:59:34.359 W/ActivityManager( 1282): Permission Denial: starting Intent { cmp=pt.joaomneto.titancompanion/.adventurecreation.impl.DODAdventureCreation } from ProcessRecord{4ccee7c 1948:com.android.intentfuzzer/u0a64} (pid=1948, uid=10064) not exported from uid 10063
09-01 09:59:34.360 W/System.err( 1948): java.lang.Exception: Toast callstack! strTip=Send Intent Failed!
09-01 09:59:34.360 W/System.err( 1948): 	at android.widget.Toast.show(Toast.java:130)
09-01 09:59:34.360 W/System.err( 1948): 	at com.android.intentfuzzer.FuzzerActivity$3.onClick(FuzzerActivity.java:167)
09-01 09:59:34.360 W/System.err( 1948): 	at android.view.View.performClick(View.java:5637)
09-01 09:59:34.360 W/System.err( 1948): 	at android.view.View$PerformClick.run(View.java:22429)
09-01 09:59:34.360 W/System.err( 1948): 	at android.os.Handler.handleCallback(Handler.java:751)
09-01 09:59:34.360 W/System.err( 1948): 	at android.os.Handler.dispatchMessage(Handler.java:95)
09-01 09:59:34.360 W/System.err( 1948): 	at android.os.Looper.loop(Looper.java:154)
09-01 09:59:34.360 W/System.err( 1948): 	at android.app.ActivityThread.main(ActivityThread.java:6190)
09-01 09:59:34.360 W/System.err( 1948): 	at java.lang.reflect.Method.invoke(Native Method)
09-01 09:59:34.360 W/System.err( 1948): 	at com.android.internal.os.ZygoteInit$MethodAndArgsCaller.run(ZygoteInit.java:892)
09-01 09:59:34.360 W/System.err( 1948): 	at com.android.internal.os.ZygoteInit.main(ZygoteInit.java:782)
09-01 09:59:34.361 E/NotificationService( 1282): Package has already posted 50 toasts. Not showing more. Package=com.android.intentfuzzer
09-01 09:59:34.361 I/ActivityManager( 1282): START u0 {cmp=pt.joaomneto.titancompanion/.adventure.impl.DODAdventure} from uid 10064 on display 0
09-01 09:59:34.361 W/ActivityManager( 1282): Permission Denial: starting Intent { cmp=pt.joaomneto.titancompanion/.adventure.impl.DODAdventure } from ProcessRecord{4ccee7c 1948:com.android.intentfuzzer/u0a64} (pid=1948, uid=10064) not exported from uid 10063
09-01 09:59:34.362 W/System.err( 1948): java.lang.Exception: Toast callstack! strTip=Send Intent Failed!
09-01 09:59:34.362 W/System.err( 1948): 	at android.widget.Toast.show(Toast.java:130)
09-01 09:59:34.362 W/System.err( 1948): 	at com.android.intentfuzzer.FuzzerActivity$3.onClick(FuzzerActivity.java:167)
09-01 09:59:34.362 W/System.err( 1948): 	at android.view.View.performClick(View.java:5637)
09-01 09:59:34.362 W/System.err( 1948): 	at android.view.View$PerformClick.run(View.java:22429)
09-01 09:59:34.363 W/System.err( 1948): 	at android.os.Handler.handleCallback(Handler.java:751)
09-01 09:59:34.363 W/System.err( 1948): 	at android.os.Handler.dispatchMessage(Handler.java:95)
09-01 09:59:34.363 W/System.err( 1948): 	at android.os.Looper.loop(Looper.java:154)
09-01 09:59:34.363 W/System.err( 1948): 	at android.app.ActivityThread.main(ActivityThread.java:6190)
09-01 09:59:34.363 W/System.err( 1948): 	at java.lang.reflect.Method.invoke(Native Method)
09-01 09:59:34.363 W/System.err( 1948): 	at com.android.internal.os.ZygoteInit$MethodAndArgsCaller.run(ZygoteInit.java:892)
09-01 09:59:34.363 W/System.err( 1948): 	at com.android.internal.os.ZygoteInit.main(ZygoteInit.java:782)
09-01 09:59:34.363 E/NotificationService( 1282): Package has already posted 50 toasts. Not showing more. Package=com.android.intentfuzzer
09-01 09:59:34.363 I/ActivityManager( 1282): START u0 {cmp=pt.joaomneto.titancompanion/.adventurecreation.impl.AODAdventureCreation} from uid 10064 on display 0
09-01 09:59:34.363 W/ActivityManager( 1282): Permission Denial: starting Intent { cmp=pt.joaomneto.titancompanion/.adventurecreation.impl.AODAdventureCreation } from ProcessRecord{4ccee7c 1948:com.android.intentfuzzer/u0a64} (pid=1948, uid=10064) not exported from uid 10063
09-01 09:59:34.364 W/System.err( 1948): java.lang.Exception: Toast callstack! strTip=Send Intent Failed!
09-01 09:59:34.365 W/System.err( 1948): 	at android.widget.Toast.show(Toast.java:130)
09-01 09:59:34.365 W/System.err( 1948): 	at com.android.intentfuzzer.FuzzerActivity$3.onClick(FuzzerActivity.java:167)
09-01 09:59:34.365 W/System.err( 1948): 	at android.view.View.performClick(View.java:5637)
09-01 09:59:34.365 W/System.err( 1948): 	at android.view.View$PerformClick.run(View.java:22429)
09-01 09:59:34.365 W/System.err( 1948): 	at android.os.Handler.handleCallback(Handler.java:751)
09-01 09:59:34.365 W/System.err( 1948): 	at android.os.Handler.dispatchMessage(Handler.java:95)
09-01 09:59:34.365 W/System.err( 1948): 	at android.os.Looper.loop(Looper.java:154)
09-01 09:59:34.365 W/System.err( 1948): 	at android.app.ActivityThread.main(ActivityThread.java:6190)
09-01 09:59:34.365 W/System.err( 1948): 	at java.lang.reflect.Method.invoke(Native Method)
09-01 09:59:34.365 W/System.err( 1948): 	at com.android.internal.os.ZygoteInit$MethodAndArgsCaller.run(ZygoteInit.java:892)
09-01 09:59:34.365 W/System.err( 1948): 	at com.android.internal.os.ZygoteInit.main(ZygoteInit.java:782)
09-01 09:59:34.365 E/NotificationService( 1282): Package has already posted 50 toasts. Not showing more. Package=com.android.intentfuzzer
09-01 09:59:34.365 I/ActivityManager( 1282): START u0 {cmp=pt.joaomneto.titancompanion/.adventure.impl.AODAdventure} from uid 10064 on display 0
09-01 09:59:34.365 W/ActivityManager( 1282): Permission Denial: starting Intent { cmp=pt.joaomneto.titancompanion/.adventure.impl.AODAdventure } from ProcessRecord{4ccee7c 1948:com.android.intentfuzzer/u0a64} (pid=1948, uid=10064) not exported from uid 10063
09-01 09:59:34.367 W/System.err( 1948): java.lang.Exception: Toast callstack! strTip=Send Intent Failed!
09-01 09:59:34.367 W/System.err( 1948): 	at android.widget.Toast.show(Toast.java:130)
09-01 09:59:34.367 W/System.err( 1948): 	at com.android.intentfuzzer.FuzzerActivity$3.onClick(FuzzerActivity.java:167)
09-01 09:59:34.367 W/System.err( 1948): 	at android.view.View.performClick(View.java:5637)
09-01 09:59:34.367 W/System.err( 1948): 	at android.view.View$PerformClick.run(View.java:22429)
09-01 09:59:34.367 W/System.err( 1948): 	at android.os.Handler.handleCallback(Handler.java:751)
09-01 09:59:34.367 W/System.err( 1948): 	at android.os.Handler.dispatchMessage(Handler.java:95)
09-01 09:59:34.367 W/System.err( 1948): 	at android.os.Looper.loop(Looper.java:154)
09-01 09:59:34.367 W/System.err( 1948): 	at android.app.ActivityThread.main(ActivityThread.java:6190)
09-01 09:59:34.367 W/System.err( 1948): 	at java.lang.reflect.Method.invoke(Native Method)
09-01 09:59:34.367 W/System.err( 1948): 	at com.android.internal.os.ZygoteInit$MethodAndArgsCaller.run(ZygoteInit.java:892)
09-01 09:59:34.367 W/System.err( 1948): 	at com.android.internal.os.ZygoteInit.main(ZygoteInit.java:782)
09-01 09:59:34.367 E/NotificationService( 1282): Package has already posted 50 toasts. Not showing more. Package=com.android.intentfuzzer
09-01 09:59:34.368 I/ActivityManager( 1282): START u0 {cmp=pt.joaomneto.titancompanion/.adventurecreation.impl.POEAdventureCreation} from uid 10064 on display 0
09-01 09:59:34.368 W/ActivityManager( 1282): Permission Denial: starting Intent { cmp=pt.joaomneto.titancompanion/.adventurecreation.impl.POEAdventureCreation } from ProcessRecord{4ccee7c 1948:com.android.intentfuzzer/u0a64} (pid=1948, uid=10064) not exported from uid 10063
09-01 09:59:34.368 W/System.err( 1948): java.lang.Exception: Toast callstack! strTip=Send Intent Failed!
09-01 09:59:34.369 W/System.err( 1948): 	at android.widget.Toast.show(Toast.java:130)
09-01 09:59:34.369 W/System.err( 1948): 	at com.android.intentfuzzer.FuzzerActivity$3.onClick(FuzzerActivity.java:167)
09-01 09:59:34.369 W/System.err( 1948): 	at android.view.View.performClick(View.java:5637)
09-01 09:59:34.369 W/System.err( 1948): 	at android.view.View$PerformClick.run(View.java:22429)
09-01 09:59:34.369 W/System.err( 1948): 	at android.os.Handler.handleCallback(Handler.java:751)
09-01 09:59:34.369 W/System.err( 1948): 	at android.os.Handler.dispatchMessage(Handler.java:95)
09-01 09:59:34.369 W/System.err( 1948): 	at android.os.Looper.loop(Looper.java:154)
09-01 09:59:34.369 W/System.err( 1948): 	at android.app.ActivityThread.main(ActivityThread.java:6190)
09-01 09:59:34.369 W/System.err( 1948): 	at java.lang.reflect.Method.invoke(Native Method)
09-01 09:59:34.369 W/System.err( 1948): 	at com.android.internal.os.ZygoteInit$MethodAndArgsCaller.run(ZygoteInit.java:892)
09-01 09:59:34.369 W/System.err( 1948): 	at com.android.internal.os.ZygoteInit.main(ZygoteInit.java:782)
09-01 09:59:34.369 E/NotificationService( 1282): Package has already posted 50 toasts. Not showing more. Package=com.android.intentfuzzer
09-01 09:59:34.369 I/ActivityManager( 1282): START u0 {cmp=pt.joaomneto.titancompanion/.adventure.impl.POEAdventure} from uid 10064 on display 0
09-01 09:59:34.369 W/ActivityManager( 1282): Permission Denial: starting Intent { cmp=pt.joaomneto.titancompanion/.adventure.impl.POEAdventure } from ProcessRecord{4ccee7c 1948:com.android.intentfuzzer/u0a64} (pid=1948, uid=10064) not exported from uid 10063
09-01 09:59:34.370 W/System.err( 1948): java.lang.Exception: Toast callstack! strTip=Send Intent Failed!
09-01 09:59:34.370 W/System.err( 1948): 	at android.widget.Toast.show(Toast.java:130)
09-01 09:59:34.370 W/System.err( 1948): 	at com.android.intentfuzzer.FuzzerActivity$3.onClick(FuzzerActivity.java:167)
09-01 09:59:34.370 W/System.err( 1948): 	at android.view.View.performClick(View.java:5637)
09-01 09:59:34.370 W/System.err( 1948): 	at android.view.View$PerformClick.run(View.java:22429)
09-01 09:59:34.370 W/System.err( 1948): 	at android.os.Handler.handleCallback(Handler.java:751)
09-01 09:59:34.370 W/System.err( 1948): 	at android.os.Handler.dispatchMessage(Handler.java:95)
09-01 09:59:34.370 W/System.err( 1948): 	at android.os.Looper.loop(Looper.java:154)
09-01 09:59:34.370 W/System.err( 1948): 	at android.app.ActivityThread.main(ActivityThread.java:6190)
09-01 09:59:34.370 W/System.err( 1948): 	at java.lang.reflect.Method.invoke(Native Method)
09-01 09:59:34.370 W/System.err( 1948): 	at com.android.internal.os.ZygoteInit$MethodAndArgsCaller.run(ZygoteInit.java:892)
09-01 09:59:34.371 W/System.err( 1948): 	at com.android.internal.os.ZygoteInit.main(ZygoteInit.java:782)
09-01 09:59:34.371 E/NotificationService( 1282): Package has already posted 50 toasts. Not showing more. Package=com.android.intentfuzzer
09-01 09:59:34.371 I/ActivityManager( 1282): START u0 {cmp=pt.joaomneto.titancompanion/.adventurecreation.impl.SAdventureCreation} from uid 10064 on display 0
09-01 09:59:34.371 W/ActivityManager( 1282): Permission Denial: starting Intent { cmp=pt.joaomneto.titancompanion/.adventurecreation.impl.SAdventureCreation } from ProcessRecord{4ccee7c 1948:com.android.intentfuzzer/u0a64} (pid=1948, uid=10064) not exported from uid 10063
09-01 09:59:34.372 W/System.err( 1948): java.lang.Exception: Toast callstack! strTip=Send Intent Failed!
09-01 09:59:34.372 W/System.err( 1948): 	at android.widget.Toast.show(Toast.java:130)
09-01 09:59:34.372 W/System.err( 1948): 	at com.android.intentfuzzer.FuzzerActivity$3.onClick(FuzzerActivity.java:167)
09-01 09:59:34.372 W/System.err( 1948): 	at android.view.View.performClick(View.java:5637)
09-01 09:59:34.372 W/System.err( 1948): 	at android.view.View$PerformClick.run(View.java:22429)
09-01 09:59:34.372 W/System.err( 1948): 	at android.os.Handler.handleCallback(Handler.java:751)
09-01 09:59:34.372 W/System.err( 1948): 	at android.os.Handler.dispatchMessage(Handler.java:95)
09-01 09:59:34.372 W/System.err( 1948): 	at android.os.Looper.loop(Looper.java:154)
09-01 09:59:34.372 W/System.err( 1948): 	at android.app.ActivityThread.main(ActivityThread.java:6190)
09-01 09:59:34.372 W/System.err( 1948): 	at java.lang.reflect.Method.invoke(Native Method)
09-01 09:59:34.372 W/System.err( 1948): 	at com.android.internal.os.ZygoteInit$MethodAndArgsCaller.run(ZygoteInit.java:892)
09-01 09:59:34.372 W/System.err( 1948): 	at com.android.internal.os.ZygoteInit.main(ZygoteInit.java:782)
09-01 09:59:34.372 E/NotificationService( 1282): Package has already posted 50 toasts. Not showing more. Package=com.android.intentfuzzer
09-01 09:59:34.373 I/ActivityManager( 1282): START u0 {cmp=pt.joaomneto.titancompanion/.adventure.impl.SAdventure} from uid 10064 on display 0
09-01 09:59:34.373 W/ActivityManager( 1282): Permission Denial: starting Intent { cmp=pt.joaomneto.titancompanion/.adventure.impl.SAdventure } from ProcessRecord{4ccee7c 1948:com.android.intentfuzzer/u0a64} (pid=1948, uid=10064) not exported from uid 10063
09-01 09:59:34.374 W/System.err( 1948): java.lang.Exception: Toast callstack! strTip=Send Intent Failed!
09-01 09:59:34.374 W/System.err( 1948): 	at android.widget.Toast.show(Toast.java:130)
09-01 09:59:34.374 W/System.err( 1948): 	at com.android.intentfuzzer.FuzzerActivity$3.onClick(FuzzerActivity.java:167)
09-01 09:59:34.374 W/System.err( 1948): 	at android.view.View.performClick(View.java:5637)
09-01 09:59:34.374 W/System.err( 1948): 	at android.view.View$PerformClick.run(View.java:22429)
09-01 09:59:34.374 W/System.err( 1948): 	at android.os.Handler.handleCallback(Handler.java:751)
09-01 09:59:34.374 W/System.err( 1948): 	at android.os.Handler.dispatchMessage(Handler.java:95)
09-01 09:59:34.374 W/System.err( 1948): 	at android.os.Looper.loop(Looper.java:154)
09-01 09:59:34.374 W/System.err( 1948): 	at android.app.ActivityThread.main(ActivityThread.java:6190)
09-01 09:59:34.374 W/System.err( 1948): 	at java.lang.reflect.Method.invoke(Native Method)
09-01 09:59:34.374 W/System.err( 1948): 	at com.android.internal.os.ZygoteInit$MethodAndArgsCaller.run(ZygoteInit.java:892)
09-01 09:59:34.374 W/System.err( 1948): 	at com.android.internal.os.ZygoteInit.main(ZygoteInit.java:782)
09-01 09:59:34.374 E/NotificationService( 1282): Package has already posted 50 toasts. Not showing more. Package=com.android.intentfuzzer
09-01 09:59:34.374 I/ActivityManager( 1282): START u0 {cmp=pt.joaomneto.titancompanion/.adventurecreation.impl.EOTDAdventureCreation} from uid 10064 on display 0
09-01 09:59:34.374 W/ActivityManager( 1282): Permission Denial: starting Intent { cmp=pt.joaomneto.titancompanion/.adventurecreation.impl.EOTDAdventureCreation } from ProcessRecord{4ccee7c 1948:com.android.intentfuzzer/u0a64} (pid=1948, uid=10064) not exported from uid 10063
09-01 09:59:34.375 W/System.err( 1948): java.lang.Exception: Toast callstack! strTip=Send Intent Failed!
09-01 09:59:34.375 W/System.err( 1948): 	at android.widget.Toast.show(Toast.java:130)
09-01 09:59:34.375 W/System.err( 1948): 	at com.android.intentfuzzer.FuzzerActivity$3.onClick(FuzzerActivity.java:167)
09-01 09:59:34.375 W/System.err( 1948): 	at android.view.View.performClick(View.java:5637)
09-01 09:59:34.375 W/System.err( 1948): 	at android.view.View$PerformClick.run(View.java:22429)
09-01 09:59:34.375 W/System.err( 1948): 	at android.os.Handler.handleCallback(Handler.java:751)
09-01 09:59:34.375 W/System.err( 1948): 	at android.os.Handler.dispatchMessage(Handler.java:95)
09-01 09:59:34.375 W/System.err( 1948): 	at android.os.Looper.loop(Looper.java:154)
09-01 09:59:34.375 W/System.err( 1948): 	at android.app.ActivityThread.main(ActivityThread.java:6190)
09-01 09:59:34.375 W/System.err( 1948): 	at java.lang.reflect.Method.invoke(Native Method)
09-01 09:59:34.375 W/System.err( 1948): 	at com.android.internal.os.ZygoteInit$MethodAndArgsCaller.run(ZygoteInit.java:892)
09-01 09:59:34.375 W/System.err( 1948): 	at com.android.internal.os.ZygoteInit.main(ZygoteInit.java:782)
09-01 09:59:34.375 E/NotificationService( 1282): Package has already posted 50 toasts. Not showing more. Package=com.android.intentfuzzer
09-01 09:59:34.376 I/ActivityManager( 1282): START u0 {cmp=pt.joaomneto.titancompanion/.adventure.impl.EOTDAdventure} from uid 10064 on display 0
09-01 09:59:34.376 W/ActivityManager( 1282): Permission Denial: starting Intent { cmp=pt.joaomneto.titancompanion/.adventure.impl.EOTDAdventure } from ProcessRecord{4ccee7c 1948:com.android.intentfuzzer/u0a64} (pid=1948, uid=10064) not exported from uid 10063
09-01 09:59:34.379 W/System.err( 1948): java.lang.Exception: Toast callstack! strTip=Send Intent Failed!
09-01 09:59:34.380 W/System.err( 1948): 	at android.widget.Toast.show(Toast.java:130)
09-01 09:59:34.380 W/System.err( 1948): 	at com.android.intentfuzzer.FuzzerActivity$3.onClick(FuzzerActivity.java:167)
09-01 09:59:34.380 W/System.err( 1948): 	at android.view.View.performClick(View.java:5637)
09-01 09:59:34.380 W/System.err( 1948): 	at android.view.View$PerformClick.run(View.java:22429)
09-01 09:59:34.380 W/System.err( 1948): 	at android.os.Handler.handleCallback(Handler.java:751)
09-01 09:59:34.380 W/System.err( 1948): 	at android.os.Handler.dispatchMessage(Handler.java:95)
09-01 09:59:34.380 W/System.err( 1948): 	at android.os.Looper.loop(Looper.java:154)
09-01 09:59:34.380 W/System.err( 1948): 	at android.app.ActivityThread.main(ActivityThread.java:6190)
09-01 09:59:34.380 W/System.err( 1948): 	at java.lang.reflect.Method.invoke(Native Method)
09-01 09:59:34.380 W/System.err( 1948): 	at com.android.internal.os.ZygoteInit$MethodAndArgsCaller.run(ZygoteInit.java:892)
09-01 09:59:34.380 W/System.err( 1948): 	at com.android.internal.os.ZygoteInit.main(ZygoteInit.java:782)
09-01 09:59:34.380 E/NotificationService( 1282): Package has already posted 50 toasts. Not showing more. Package=com.android.intentfuzzer
09-01 09:59:34.381 I/ActivityManager( 1282): START u0 {cmp=pt.joaomneto.titancompanion/.adventurecreation.impl.HOTWAdventureCreation} from uid 10064 on display 0
09-01 09:59:34.381 W/ActivityManager( 1282): Permission Denial: starting Intent { cmp=pt.joaomneto.titancompanion/.adventurecreation.impl.HOTWAdventureCreation } from ProcessRecord{4ccee7c 1948:com.android.intentfuzzer/u0a64} (pid=1948, uid=10064) not exported from uid 10063
09-01 09:59:34.383 W/System.err( 1948): java.lang.Exception: Toast callstack! strTip=Send Intent Failed!
09-01 09:59:34.383 W/System.err( 1948): 	at android.widget.Toast.show(Toast.java:130)
09-01 09:59:34.383 W/System.err( 1948): 	at com.android.intentfuzzer.FuzzerActivity$3.onClick(FuzzerActivity.java:167)
09-01 09:59:34.383 W/System.err( 1948): 	at android.view.View.performClick(View.java:5637)
09-01 09:59:34.383 W/System.err( 1948): 	at android.view.View$PerformClick.run(View.java:22429)
09-01 09:59:34.383 W/System.err( 1948): 	at android.os.Handler.handleCallback(Handler.java:751)
09-01 09:59:34.383 W/System.err( 1948): 	at android.os.Handler.dispatchMessage(Handler.java:95)
09-01 09:59:34.383 W/System.err( 1948): 	at android.os.Looper.loop(Looper.java:154)
09-01 09:59:34.383 W/System.err( 1948): 	at android.app.ActivityThread.main(ActivityThread.java:6190)
09-01 09:59:34.383 W/System.err( 1948): 	at java.lang.reflect.Method.invoke(Native Method)
09-01 09:59:34.383 W/System.err( 1948): 	at com.android.internal.os.ZygoteInit$MethodAndArgsCaller.run(ZygoteInit.java:892)
09-01 09:59:34.383 W/System.err( 1948): 	at com.android.internal.os.ZygoteInit.main(ZygoteInit.java:782)
09-01 09:59:34.383 E/NotificationService( 1282): Package has already posted 50 toasts. Not showing more. Package=com.android.intentfuzzer
09-01 09:59:34.384 I/ActivityManager( 1282): START u0 {cmp=pt.joaomneto.titancompanion/.adventure.impl.HOTWAdventure} from uid 10064 on display 0
09-01 09:59:34.384 W/ActivityManager( 1282): Permission Denial: starting Intent { cmp=pt.joaomneto.titancompanion/.adventure.impl.HOTWAdventure } from ProcessRecord{4ccee7c 1948:com.android.intentfuzzer/u0a64} (pid=1948, uid=10064) not exported from uid 10063
09-01 09:59:34.385 W/System.err( 1948): java.lang.Exception: Toast callstack! strTip=Send Intent Failed!
09-01 09:59:34.385 W/System.err( 1948): 	at android.widget.Toast.show(Toast.java:130)
09-01 09:59:34.385 W/System.err( 1948): 	at com.android.intentfuzzer.FuzzerActivity$3.onClick(FuzzerActivity.java:167)
09-01 09:59:34.385 W/System.err( 1948): 	at android.view.View.performClick(View.java:5637)
09-01 09:59:34.385 W/System.err( 1948): 	at android.view.View$PerformClick.run(View.java:22429)
09-01 09:59:34.385 W/System.err( 1948): 	at android.os.Handler.handleCallback(Handler.java:751)
09-01 09:59:34.385 W/System.err( 1948): 	at android.os.Handler.dispatchMessage(Handler.java:95)
09-01 09:59:34.385 W/System.err( 1948): 	at android.os.Looper.loop(Looper.java:154)
09-01 09:59:34.385 W/System.err( 1948): 	at android.app.ActivityThread.main(ActivityThread.java:6190)
09-01 09:59:34.385 W/System.err( 1948): 	at java.lang.reflect.Method.invoke(Native Method)
09-01 09:59:34.386 W/System.err( 1948): 	at com.android.internal.os.ZygoteInit$MethodAndArgsCaller.run(ZygoteInit.java:892)
09-01 09:59:34.386 W/System.err( 1948): 	at com.android.internal.os.ZygoteInit.main(ZygoteInit.java:782)
09-01 09:59:34.386 E/NotificationService( 1282): Package has already posted 50 toasts. Not showing more. Package=com.android.intentfuzzer
09-01 09:59:34.386 I/ActivityManager( 1282): START u0 {cmp=pt.joaomneto.titancompanion/.adventurecreation.impl.TPOPAdventureCreation} from uid 10064 on display 0
09-01 09:59:34.386 W/ActivityManager( 1282): Permission Denial: starting Intent { cmp=pt.joaomneto.titancompanion/.adventurecreation.impl.TPOPAdventureCreation } from ProcessRecord{4ccee7c 1948:com.android.intentfuzzer/u0a64} (pid=1948, uid=10064) not exported from uid 10063
