09-01 10:02:59.268 W/System.err( 1948): 	at com.android.internal.os.ZygoteInit.main(ZygoteInit.java:782)
09-01 10:02:59.268 E/NotificationService( 1282): Package has already posted 50 toasts. Not showing more. Package=com.android.intentfuzzer
09-01 10:02:59.269 I/ActivityManager( 1282): START u0 {cmp=pt.joaomneto.titancompanion/.adventure.impl.POFAdventure (has extras)} from uid 10064 on display 0
09-01 10:02:59.269 W/ActivityManager( 1282): Permission Denial: starting Intent { cmp=pt.joaomneto.titancompanion/.adventure.impl.POFAdventure (has extras) } from ProcessRecord{4ccee7c 1948:com.android.intentfuzzer/u0a64} (pid=1948, uid=10064) not exported from uid 10063
09-01 10:02:59.270 W/System.err( 1948): java.lang.Exception: Toast callstack! strTip=Send Intent Failed!
09-01 10:02:59.270 W/System.err( 1948): 	at android.widget.Toast.show(Toast.java:130)
09-01 10:02:59.270 W/System.err( 1948): 	at com.android.intentfuzzer.FuzzerActivity$4.onClick(FuzzerActivity.java:186)
09-01 10:02:59.270 W/System.err( 1948): 	at android.view.View.performClick(View.java:5637)
09-01 10:02:59.270 W/System.err( 1948): 	at android.view.View$PerformClick.run(View.java:22429)
09-01 10:02:59.270 W/System.err( 1948): 	at android.os.Handler.handleCallback(Handler.java:751)
09-01 10:02:59.270 W/System.err( 1948): 	at android.os.Handler.dispatchMessage(Handler.java:95)
09-01 10:02:59.270 W/System.err( 1948): 	at android.os.Looper.loop(Looper.java:154)
09-01 10:02:59.270 W/System.err( 1948): 	at android.app.ActivityThread.main(ActivityThread.java:6190)
09-01 10:02:59.270 W/System.err( 1948): 	at java.lang.reflect.Method.invoke(Native Method)
09-01 10:02:59.270 W/System.err( 1948): 	at com.android.internal.os.ZygoteInit$MethodAndArgsCaller.run(ZygoteInit.java:892)
09-01 10:02:59.270 W/System.err( 1948): 	at com.android.internal.os.ZygoteInit.main(ZygoteInit.java:782)
09-01 10:02:59.271 E/NotificationService( 1282): Package has already posted 50 toasts. Not showing more. Package=com.android.intentfuzzer
09-01 10:02:59.271 I/ActivityManager( 1282): START u0 {cmp=pt.joaomneto.titancompanion/.adventurecreation.impl.MRAdventureCreation (has extras)} from uid 10064 on display 0
09-01 10:02:59.271 W/ActivityManager( 1282): Permission Denial: starting Intent { cmp=pt.joaomneto.titancompanion/.adventurecreation.impl.MRAdventureCreation (has extras) } from ProcessRecord{4ccee7c 1948:com.android.intentfuzzer/u0a64} (pid=1948, uid=10064) not exported from uid 10063
09-01 10:02:59.272 W/System.err( 1948): java.lang.Exception: Toast callstack! strTip=Send Intent Failed!
09-01 10:02:59.272 W/System.err( 1948): 	at android.widget.Toast.show(Toast.java:130)
09-01 10:02:59.272 W/System.err( 1948): 	at com.android.intentfuzzer.FuzzerActivity$4.onClick(FuzzerActivity.java:186)
09-01 10:02:59.272 W/System.err( 1948): 	at android.view.View.performClick(View.java:5637)
09-01 10:02:59.272 W/System.err( 1948): 	at android.view.View$PerformClick.run(View.java:22429)
09-01 10:02:59.272 W/System.err( 1948): 	at android.os.Handler.handleCallback(Handler.java:751)
09-01 10:02:59.272 W/System.err( 1948): 	at android.os.Handler.dispatchMessage(Handler.java:95)
09-01 10:02:59.272 W/System.err( 1948): 	at android.os.Looper.loop(Looper.java:154)
09-01 10:02:59.272 W/System.err( 1948): 	at android.app.ActivityThread.main(ActivityThread.java:6190)
09-01 10:02:59.272 W/System.err( 1948): 	at java.lang.reflect.Method.invoke(Native Method)
09-01 10:02:59.272 W/System.err( 1948): 	at com.android.internal.os.ZygoteInit$MethodAndArgsCaller.run(ZygoteInit.java:892)
09-01 10:02:59.272 W/System.err( 1948): 	at com.android.internal.os.ZygoteInit.main(ZygoteInit.java:782)
09-01 10:02:59.273 E/NotificationService( 1282): Package has already posted 50 toasts. Not showing more. Package=com.android.intentfuzzer
09-01 10:02:59.273 I/ActivityManager( 1282): START u0 {cmp=pt.joaomneto.titancompanion/.adventure.impl.MRAdventure (has extras)} from uid 10064 on display 0
09-01 10:02:59.274 W/ActivityManager( 1282): Permission Denial: starting Intent { cmp=pt.joaomneto.titancompanion/.adventure.impl.MRAdventure (has extras) } from ProcessRecord{4ccee7c 1948:com.android.intentfuzzer/u0a64} (pid=1948, uid=10064) not exported from uid 10063
09-01 10:02:59.274 W/System.err( 1948): java.lang.Exception: Toast callstack! strTip=Send Intent Failed!
09-01 10:02:59.274 W/System.err( 1948): 	at android.widget.Toast.show(Toast.java:130)
09-01 10:02:59.275 W/System.err( 1948): 	at com.android.intentfuzzer.FuzzerActivity$4.onClick(FuzzerActivity.java:186)
09-01 10:02:59.275 W/System.err( 1948): 	at android.view.View.performClick(View.java:5637)
09-01 10:02:59.275 W/System.err( 1948): 	at android.view.View$PerformClick.run(View.java:22429)
09-01 10:02:59.275 W/System.err( 1948): 	at android.os.Handler.handleCallback(Handler.java:751)
09-01 10:02:59.275 W/System.err( 1948): 	at android.os.Handler.dispatchMessage(Handler.java:95)
09-01 10:02:59.275 W/System.err( 1948): 	at android.os.Looper.loop(Looper.java:154)
09-01 10:02:59.275 W/System.err( 1948): 	at android.app.ActivityThread.main(ActivityThread.java:6190)
09-01 10:02:59.275 W/System.err( 1948): 	at java.lang.reflect.Method.invoke(Native Method)
09-01 10:02:59.275 W/System.err( 1948): 	at com.android.internal.os.ZygoteInit$MethodAndArgsCaller.run(ZygoteInit.java:892)
09-01 10:02:59.275 W/System.err( 1948): 	at com.android.internal.os.ZygoteInit.main(ZygoteInit.java:782)
09-01 10:02:59.275 E/NotificationService( 1282): Package has already posted 50 toasts. Not showing more. Package=com.android.intentfuzzer
09-01 10:02:59.275 I/ActivityManager( 1282): START u0 {cmp=pt.joaomneto.titancompanion/.adventurecreation.impl.COMAdventureCreation (has extras)} from uid 10064 on display 0
09-01 10:02:59.275 W/ActivityManager( 1282): Permission Denial: starting Intent { cmp=pt.joaomneto.titancompanion/.adventurecreation.impl.COMAdventureCreation (has extras) } from ProcessRecord{4ccee7c 1948:com.android.intentfuzzer/u0a64} (pid=1948, uid=10064) not exported from uid 10063
09-01 10:02:59.276 W/System.err( 1948): java.lang.Exception: Toast callstack! strTip=Send Intent Failed!
09-01 10:02:59.276 W/System.err( 1948): 	at android.widget.Toast.show(Toast.java:130)
09-01 10:02:59.276 W/System.err( 1948): 	at com.android.intentfuzzer.FuzzerActivity$4.onClick(FuzzerActivity.java:186)
09-01 10:02:59.276 W/System.err( 1948): 	at android.view.View.performClick(View.java:5637)
09-01 10:02:59.276 W/System.err( 1948): 	at android.view.View$PerformClick.run(View.java:22429)
09-01 10:02:59.276 W/System.err( 1948): 	at android.os.Handler.handleCallback(Handler.java:751)
09-01 10:02:59.276 W/System.err( 1948): 	at android.os.Handler.dispatchMessage(Handler.java:95)
09-01 10:02:59.276 W/System.err( 1948): 	at android.os.Looper.loop(Looper.java:154)
09-01 10:02:59.276 W/System.err( 1948): 	at android.app.ActivityThread.main(ActivityThread.java:6190)
09-01 10:02:59.276 W/System.err( 1948): 	at java.lang.reflect.Method.invoke(Native Method)
09-01 10:02:59.276 W/System.err( 1948): 	at com.android.internal.os.ZygoteInit$MethodAndArgsCaller.run(ZygoteInit.java:892)
09-01 10:02:59.276 W/System.err( 1948): 	at com.android.internal.os.ZygoteInit.main(ZygoteInit.java:782)
09-01 10:02:59.277 E/NotificationService( 1282): Package has already posted 50 toasts. Not showing more. Package=com.android.intentfuzzer
09-01 10:02:59.277 I/ActivityManager( 1282): START u0 {cmp=pt.joaomneto.titancompanion/.adventure.impl.COMAdventure (has extras)} from uid 10064 on display 0
09-01 10:02:59.277 W/ActivityManager( 1282): Permission Denial: starting Intent { cmp=pt.joaomneto.titancompanion/.adventure.impl.COMAdventure (has extras) } from ProcessRecord{4ccee7c 1948:com.android.intentfuzzer/u0a64} (pid=1948, uid=10064) not exported from uid 10063
09-01 10:02:59.278 W/System.err( 1948): java.lang.Exception: Toast callstack! strTip=Send Intent Failed!
09-01 10:02:59.279 W/System.err( 1948): 	at android.widget.Toast.show(Toast.java:130)
09-01 10:02:59.279 W/System.err( 1948): 	at com.android.intentfuzzer.FuzzerActivity$4.onClick(FuzzerActivity.java:186)
09-01 10:02:59.279 W/System.err( 1948): 	at android.view.View.performClick(View.java:5637)
09-01 10:02:59.279 W/System.err( 1948): 	at android.view.View$PerformClick.run(View.java:22429)
09-01 10:02:59.279 W/System.err( 1948): 	at android.os.Handler.handleCallback(Handler.java:751)
09-01 10:02:59.279 W/System.err( 1948): 	at android.os.Handler.dispatchMessage(Handler.java:95)
09-01 10:02:59.279 W/System.err( 1948): 	at android.os.Looper.loop(Looper.java:154)
09-01 10:02:59.279 W/System.err( 1948): 	at android.app.ActivityThread.main(ActivityThread.java:6190)
09-01 10:02:59.279 W/System.err( 1948): 	at java.lang.reflect.Method.invoke(Native Method)
09-01 10:02:59.279 W/System.err( 1948): 	at com.android.internal.os.ZygoteInit$MethodAndArgsCaller.run(ZygoteInit.java:892)
09-01 10:02:59.279 W/System.err( 1948): 	at com.android.internal.os.ZygoteInit.main(ZygoteInit.java:782)
09-01 10:02:59.279 E/NotificationService( 1282): Package has already posted 50 toasts. Not showing more. Package=com.android.intentfuzzer
09-01 10:02:59.279 I/ActivityManager( 1282): START u0 {cmp=pt.joaomneto.titancompanion/.adventurecreation.impl.BWAdventureCreation (has extras)} from uid 10064 on display 0
09-01 10:02:59.279 W/ActivityManager( 1282): Permission Denial: starting Intent { cmp=pt.joaomneto.titancompanion/.adventurecreation.impl.BWAdventureCreation (has extras) } from ProcessRecord{4ccee7c 1948:com.android.intentfuzzer/u0a64} (pid=1948, uid=10064) not exported from uid 10063
09-01 10:02:59.281 W/System.err( 1948): java.lang.Exception: Toast callstack! strTip=Send Intent Failed!
09-01 10:02:59.281 W/System.err( 1948): 	at android.widget.Toast.show(Toast.java:130)
09-01 10:02:59.281 W/System.err( 1948): 	at com.android.intentfuzzer.FuzzerActivity$4.onClick(FuzzerActivity.java:186)
09-01 10:02:59.281 W/System.err( 1948): 	at android.view.View.performClick(View.java:5637)
09-01 10:02:59.281 W/System.err( 1948): 	at android.view.View$PerformClick.run(View.java:22429)
09-01 10:02:59.281 W/System.err( 1948): 	at android.os.Handler.handleCallback(Handler.java:751)
09-01 10:02:59.281 W/System.err( 1948): 	at android.os.Handler.dispatchMessage(Handler.java:95)
09-01 10:02:59.281 W/System.err( 1948): 	at android.os.Looper.loop(Looper.java:154)
09-01 10:02:59.281 W/System.err( 1948): 	at android.app.ActivityThread.main(ActivityThread.java:6190)
09-01 10:02:59.281 W/System.err( 1948): 	at java.lang.reflect.Method.invoke(Native Method)
09-01 10:02:59.281 W/System.err( 1948): 	at com.android.internal.os.ZygoteInit$MethodAndArgsCaller.run(ZygoteInit.java:892)
09-01 10:02:59.281 W/System.err( 1948): 	at com.android.internal.os.ZygoteInit.main(ZygoteInit.java:782)
09-01 10:02:59.281 E/NotificationService( 1282): Package has already posted 50 toasts. Not showing more. Package=com.android.intentfuzzer
09-01 10:02:59.282 I/ActivityManager( 1282): START u0 {cmp=pt.joaomneto.titancompanion/.adventure.impl.BWAdventure (has extras)} from uid 10064 on display 0
09-01 10:02:59.282 W/ActivityManager( 1282): Permission Denial: starting Intent { cmp=pt.joaomneto.titancompanion/.adventure.impl.BWAdventure (has extras) } from ProcessRecord{4ccee7c 1948:com.android.intentfuzzer/u0a64} (pid=1948, uid=10064) not exported from uid 10063
09-01 10:02:59.283 W/System.err( 1948): java.lang.Exception: Toast callstack! strTip=Send Intent Failed!
09-01 10:02:59.283 W/System.err( 1948): 	at android.widget.Toast.show(Toast.java:130)
09-01 10:02:59.283 W/System.err( 1948): 	at com.android.intentfuzzer.FuzzerActivity$4.onClick(FuzzerActivity.java:186)
09-01 10:02:59.283 W/System.err( 1948): 	at android.view.View.performClick(View.java:5637)
09-01 10:02:59.283 W/System.err( 1948): 	at android.view.View$PerformClick.run(View.java:22429)
09-01 10:02:59.283 W/System.err( 1948): 	at android.os.Handler.handleCallback(Handler.java:751)
09-01 10:02:59.283 W/System.err( 1948): 	at android.os.Handler.dispatchMessage(Handler.java:95)
09-01 10:02:59.283 W/System.err( 1948): 	at android.os.Looper.loop(Looper.java:154)
09-01 10:02:59.283 W/System.err( 1948): 	at android.app.ActivityThread.main(ActivityThread.java:6190)
09-01 10:02:59.283 W/System.err( 1948): 	at java.lang.reflect.Method.invoke(Native Method)
09-01 10:02:59.283 W/System.err( 1948): 	at com.android.internal.os.ZygoteInit$MethodAndArgsCaller.run(ZygoteInit.java:892)
09-01 10:02:59.283 W/System.err( 1948): 	at com.android.internal.os.ZygoteInit.main(ZygoteInit.java:782)
09-01 10:02:59.283 E/NotificationService( 1282): Package has already posted 50 toasts. Not showing more. Package=com.android.intentfuzzer
09-01 10:02:59.284 I/ActivityManager( 1282): START u0 {cmp=pt.joaomneto.titancompanion/.adventurecreation.impl.SOTAAdventureCreation (has extras)} from uid 10064 on display 0
09-01 10:02:59.284 W/ActivityManager( 1282): Permission Denial: starting Intent { cmp=pt.joaomneto.titancompanion/.adventurecreation.impl.SOTAAdventureCreation (has extras) } from ProcessRecord{4ccee7c 1948:com.android.intentfuzzer/u0a64} (pid=1948, uid=10064) not exported from uid 10063
09-01 10:02:59.285 W/System.err( 1948): java.lang.Exception: Toast callstack! strTip=Send Intent Failed!
09-01 10:02:59.285 W/System.err( 1948): 	at android.widget.Toast.show(Toast.java:130)
09-01 10:02:59.285 W/System.err( 1948): 	at com.android.intentfuzzer.FuzzerActivity$4.onClick(FuzzerActivity.java:186)
09-01 10:02:59.285 W/System.err( 1948): 	at android.view.View.performClick(View.java:5637)
09-01 10:02:59.285 W/System.err( 1948): 	at android.view.View$PerformClick.run(View.java:22429)
09-01 10:02:59.285 W/System.err( 1948): 	at android.os.Handler.handleCallback(Handler.java:751)
09-01 10:02:59.285 W/System.err( 1948): 	at android.os.Handler.dispatchMessage(Handler.java:95)
09-01 10:02:59.285 W/System.err( 1948): 	at android.os.Looper.loop(Looper.java:154)
09-01 10:02:59.285 W/System.err( 1948): 	at android.app.ActivityThread.main(ActivityThread.java:6190)
09-01 10:02:59.285 W/System.err( 1948): 	at java.lang.reflect.Method.invoke(Native Method)
09-01 10:02:59.285 W/System.err( 1948): 	at com.android.internal.os.ZygoteInit$MethodAndArgsCaller.run(ZygoteInit.java:892)
09-01 10:02:59.285 W/System.err( 1948): 	at com.android.internal.os.ZygoteInit.main(ZygoteInit.java:782)
09-01 10:02:59.286 E/NotificationService( 1282): Package has already posted 50 toasts. Not showing more. Package=com.android.intentfuzzer
09-01 10:02:59.286 I/ActivityManager( 1282): START u0 {cmp=pt.joaomneto.titancompanion/.adventure.impl.SOTAAdventure (has extras)} from uid 10064 on display 0
09-01 10:02:59.286 W/ActivityManager( 1282): Permission Denial: starting Intent { cmp=pt.joaomneto.titancompanion/.adventure.impl.SOTAAdventure (has extras) } from ProcessRecord{4ccee7c 1948:com.android.intentfuzzer/u0a64} (pid=1948, uid=10064) not exported from uid 10063
09-01 10:02:59.288 W/System.err( 1948): java.lang.Exception: Toast callstack! strTip=Send Intent Failed!
09-01 10:02:59.288 W/System.err( 1948): 	at android.widget.Toast.show(Toast.java:130)
09-01 10:02:59.288 W/System.err( 1948): 	at com.android.intentfuzzer.FuzzerActivity$4.onClick(FuzzerActivity.java:186)
09-01 10:02:59.288 W/System.err( 1948): 	at android.view.View.performClick(View.java:5637)
09-01 10:02:59.288 W/System.err( 1948): 	at android.view.View$PerformClick.run(View.java:22429)
09-01 10:02:59.288 W/System.err( 1948): 	at android.os.Handler.handleCallback(Handler.java:751)
09-01 10:02:59.288 W/System.err( 1948): 	at android.os.Handler.dispatchMessage(Handler.java:95)
09-01 10:02:59.288 W/System.err( 1948): 	at android.os.Looper.loop(Looper.java:154)
09-01 10:02:59.288 W/System.err( 1948): 	at android.app.ActivityThread.main(ActivityThread.java:6190)
09-01 10:02:59.288 W/System.err( 1948): 	at java.lang.reflect.Method.invoke(Native Method)
09-01 10:02:59.288 W/System.err( 1948): 	at com.android.internal.os.ZygoteInit$MethodAndArgsCaller.run(ZygoteInit.java:892)
09-01 10:02:59.288 W/System.err( 1948): 	at com.android.internal.os.ZygoteInit.main(ZygoteInit.java:782)
09-01 10:02:59.288 E/NotificationService( 1282): Package has already posted 50 toasts. Not showing more. Package=com.android.intentfuzzer
09-01 10:02:59.289 I/ActivityManager( 1282): START u0 {cmp=pt.joaomneto.titancompanion/.adventurecreation.impl.SLAdventureCreation (has extras)} from uid 10064 on display 0
09-01 10:02:59.289 W/ActivityManager( 1282): Permission Denial: starting Intent { cmp=pt.joaomneto.titancompanion/.adventurecreation.impl.SLAdventureCreation (has extras) } from ProcessRecord{4ccee7c 1948:com.android.intentfuzzer/u0a64} (pid=1948, uid=10064) not exported from uid 10063
09-01 10:02:59.290 W/System.err( 1948): java.lang.Exception: Toast callstack! strTip=Send Intent Failed!
09-01 10:02:59.290 W/System.err( 1948): 	at android.widget.Toast.show(Toast.java:130)
09-01 10:02:59.290 W/System.err( 1948): 	at com.android.intentfuzzer.FuzzerActivity$4.onClick(FuzzerActivity.java:186)
09-01 10:02:59.290 W/System.err( 1948): 	at android.view.View.performClick(View.java:5637)
09-01 10:02:59.290 W/System.err( 1948): 	at android.view.View$PerformClick.run(View.java:22429)
09-01 10:02:59.290 W/System.err( 1948): 	at android.os.Handler.handleCallback(Handler.java:751)
09-01 10:02:59.290 W/System.err( 1948): 	at android.os.Handler.dispatchMessage(Handler.java:95)
09-01 10:02:59.290 W/System.err( 1948): 	at android.os.Looper.loop(Looper.java:154)
09-01 10:02:59.290 W/System.err( 1948): 	at android.app.ActivityThread.main(ActivityThread.java:6190)
09-01 10:02:59.290 W/System.err( 1948): 	at java.lang.reflect.Method.invoke(Native Method)
09-01 10:02:59.290 W/System.err( 1948): 	at com.android.internal.os.ZygoteInit$MethodAndArgsCaller.run(ZygoteInit.java:892)
09-01 10:02:59.290 W/System.err( 1948): 	at com.android.internal.os.ZygoteInit.main(ZygoteInit.java:782)
09-01 10:02:59.291 E/NotificationService( 1282): Package has already posted 50 toasts. Not showing more. Package=com.android.intentfuzzer
09-01 10:02:59.291 I/ActivityManager( 1282): START u0 {cmp=pt.joaomneto.titancompanion/.adventure.impl.SLAdventure (has extras)} from uid 10064 on display 0
09-01 10:02:59.291 W/ActivityManager( 1282): Permission Denial: starting Intent { cmp=pt.joaomneto.titancompanion/.adventure.impl.SLAdventure (has extras) } from ProcessRecord{4ccee7c 1948:com.android.intentfuzzer/u0a64} (pid=1948, uid=10064) not exported from uid 10063
09-01 10:02:59.292 W/System.err( 1948): java.lang.Exception: Toast callstack! strTip=Send Intent Failed!
09-01 10:02:59.292 W/System.err( 1948): 	at android.widget.Toast.show(Toast.java:130)
09-01 10:02:59.292 W/System.err( 1948): 	at com.android.intentfuzzer.FuzzerActivity$4.onClick(FuzzerActivity.java:186)
09-01 10:02:59.292 W/System.err( 1948): 	at android.view.View.performClick(View.java:5637)
09-01 10:02:59.292 W/System.err( 1948): 	at android.view.View$PerformClick.run(View.java:22429)
09-01 10:02:59.292 W/System.err( 1948): 	at android.os.Handler.handleCallback(Handler.java:751)
09-01 10:02:59.292 W/System.err( 1948): 	at android.os.Handler.dispatchMessage(Handler.java:95)
09-01 10:02:59.292 W/System.err( 1948): 	at android.os.Looper.loop(Looper.java:154)
09-01 10:02:59.292 W/System.err( 1948): 	at android.app.ActivityThread.main(ActivityThread.java:6190)
09-01 10:02:59.292 W/System.err( 1948): 	at java.lang.reflect.Method.invoke(Native Method)
09-01 10:02:59.292 W/System.err( 1948): 	at com.android.internal.os.ZygoteInit$MethodAndArgsCaller.run(ZygoteInit.java:892)
09-01 10:02:59.292 W/System.err( 1948): 	at com.android.internal.os.ZygoteInit.main(ZygoteInit.java:782)
09-01 10:02:59.293 E/NotificationService( 1282): Package has already posted 50 toasts. Not showing more. Package=com.android.intentfuzzer
09-01 10:02:59.293 I/ActivityManager( 1282): START u0 {cmp=pt.joaomneto.titancompanion/.adventurecreation.impl.SOSAdventureCreation (has extras)} from uid 10064 on display 0
09-01 10:02:59.293 W/ActivityManager( 1282): Permission Denial: starting Intent { cmp=pt.joaomneto.titancompanion/.adventurecreation.impl.SOSAdventureCreation (has extras) } from ProcessRecord{4ccee7c 1948:com.android.intentfuzzer/u0a64} (pid=1948, uid=10064) not exported from uid 10063
09-01 10:02:59.294 W/System.err( 1948): java.lang.Exception: Toast callstack! strTip=Send Intent Failed!
09-01 10:02:59.294 W/System.err( 1948): 	at android.widget.Toast.show(Toast.java:130)
09-01 10:02:59.294 W/System.err( 1948): 	at com.android.intentfuzzer.FuzzerActivity$4.onClick(FuzzerActivity.java:186)
09-01 10:02:59.294 W/System.err( 1948): 	at android.view.View.performClick(View.java:5637)
09-01 10:02:59.294 W/System.err( 1948): 	at android.view.View$PerformClick.run(View.java:22429)
09-01 10:02:59.294 W/System.err( 1948): 	at android.os.Handler.handleCallback(Handler.java:751)
09-01 10:02:59.295 W/System.err( 1948): 	at android.os.Handler.dispatchMessage(Handler.java:95)
09-01 10:02:59.295 W/System.err( 1948): 	at android.os.Looper.loop(Looper.java:154)
09-01 10:02:59.295 W/System.err( 1948): 	at android.app.ActivityThread.main(ActivityThread.java:6190)
09-01 10:02:59.295 W/System.err( 1948): 	at java.lang.reflect.Method.invoke(Native Method)
09-01 10:02:59.295 W/System.err( 1948): 	at com.android.internal.os.ZygoteInit$MethodAndArgsCaller.run(ZygoteInit.java:892)
09-01 10:02:59.295 W/System.err( 1948): 	at com.android.internal.os.ZygoteInit.main(ZygoteInit.java:782)
09-01 10:02:59.295 E/NotificationService( 1282): Package has already posted 50 toasts. Not showing more. Package=com.android.intentfuzzer
09-01 10:02:59.295 I/ActivityManager( 1282): START u0 {cmp=pt.joaomneto.titancompanion/.adventure.impl.SOSAdventure (has extras)} from uid 10064 on display 0
09-01 10:02:59.296 W/ActivityManager( 1282): Permission Denial: starting Intent { cmp=pt.joaomneto.titancompanion/.adventure.impl.SOSAdventure (has extras) } from ProcessRecord{4ccee7c 1948:com.android.intentfuzzer/u0a64} (pid=1948, uid=10064) not exported from uid 10063
09-01 10:02:59.297 W/System.err( 1948): java.lang.Exception: Toast callstack! strTip=Send Intent Failed!
09-01 10:02:59.297 W/System.err( 1948): 	at android.widget.Toast.show(Toast.java:130)
09-01 10:02:59.297 W/System.err( 1948): 	at com.android.intentfuzzer.FuzzerActivity$4.onClick(FuzzerActivity.java:186)
09-01 10:02:59.297 W/System.err( 1948): 	at android.view.View.performClick(View.java:5637)
09-01 10:02:59.297 W/System.err( 1948): 	at android.view.View$PerformClick.run(View.java:22429)
09-01 10:02:59.297 W/System.err( 1948): 	at android.os.Handler.handleCallback(Handler.java:751)
09-01 10:02:59.297 W/System.err( 1948): 	at android.os.Handler.dispatchMessage(Handler.java:95)
09-01 10:02:59.297 W/System.err( 1948): 	at android.os.Looper.loop(Looper.java:154)
09-01 10:02:59.297 W/System.err( 1948): 	at android.app.ActivityThread.main(ActivityThread.java:6190)
09-01 10:02:59.297 W/System.err( 1948): 	at java.lang.reflect.Method.invoke(Native Method)
09-01 10:02:59.297 W/System.err( 1948): 	at com.android.internal.os.ZygoteInit$MethodAndArgsCaller.run(ZygoteInit.java:892)
09-01 10:02:59.297 W/System.err( 1948): 	at com.android.internal.os.ZygoteInit.main(ZygoteInit.java:782)
09-01 10:02:59.297 E/NotificationService( 1282): Package has already posted 50 toasts. Not showing more. Package=com.android.intentfuzzer
09-01 10:02:59.298 I/ActivityManager( 1282): START u0 {cmp=pt.joaomneto.titancompanion/.adventurecreation.impl.DODAdventureCreation (has extras)} from uid 10064 on display 0
09-01 10:02:59.298 W/ActivityManager( 1282): Permission Denial: starting Intent { cmp=pt.joaomneto.titancompanion/.adventurecreation.impl.DODAdventureCreation (has extras) } from ProcessRecord{4ccee7c 1948:com.android.intentfuzzer/u0a64} (pid=1948, uid=10064) not exported from uid 10063
09-01 10:02:59.299 W/System.err( 1948): java.lang.Exception: Toast callstack! strTip=Send Intent Failed!
09-01 10:02:59.299 W/System.err( 1948): 	at android.widget.Toast.show(Toast.java:130)
09-01 10:02:59.299 W/System.err( 1948): 	at com.android.intentfuzzer.FuzzerActivity$4.onClick(FuzzerActivity.java:186)
09-01 10:02:59.299 W/System.err( 1948): 	at android.view.View.performClick(View.java:5637)
09-01 10:02:59.299 W/System.err( 1948): 	at android.view.View$PerformClick.run(View.java:22429)
09-01 10:02:59.299 W/System.err( 1948): 	at android.os.Handler.handleCallback(Handler.java:751)
09-01 10:02:59.299 W/System.err( 1948): 	at android.os.Handler.dispatchMessage(Handler.java:95)
09-01 10:02:59.299 W/System.err( 1948): 	at android.os.Looper.loop(Looper.java:154)
09-01 10:02:59.299 W/System.err( 1948): 	at android.app.ActivityThread.main(ActivityThread.java:6190)
09-01 10:02:59.299 W/System.err( 1948): 	at java.lang.reflect.Method.invoke(Native Method)
09-01 10:02:59.299 W/System.err( 1948): 	at com.android.internal.os.ZygoteInit$MethodAndArgsCaller.run(ZygoteInit.java:892)
09-01 10:02:59.299 W/System.err( 1948): 	at com.android.internal.os.ZygoteInit.main(ZygoteInit.java:782)
09-01 10:02:59.300 E/NotificationService( 1282): Package has already posted 50 toasts. Not showing more. Package=com.android.intentfuzzer
09-01 10:02:59.300 I/ActivityManager( 1282): START u0 {cmp=pt.joaomneto.titancompanion/.adventure.impl.DODAdventure (has extras)} from uid 10064 on display 0
09-01 10:02:59.300 W/ActivityManager( 1282): Permission Denial: starting Intent { cmp=pt.joaomneto.titancompanion/.adventure.impl.DODAdventure (has extras) } from ProcessRecord{4ccee7c 1948:com.android.intentfuzzer/u0a64} (pid=1948, uid=10064) not exported from uid 10063
09-01 10:02:59.301 W/System.err( 1948): java.lang.Exception: Toast callstack! strTip=Send Intent Failed!
09-01 10:02:59.301 W/System.err( 1948): 	at android.widget.Toast.show(Toast.java:130)
09-01 10:02:59.301 W/System.err( 1948): 	at com.android.intentfuzzer.FuzzerActivity$4.onClick(FuzzerActivity.java:186)
09-01 10:02:59.301 W/System.err( 1948): 	at android.view.View.performClick(View.java:5637)
09-01 10:02:59.301 W/System.err( 1948): 	at android.view.View$PerformClick.run(View.java:22429)
09-01 10:02:59.301 W/System.err( 1948): 	at android.os.Handler.handleCallback(Handler.java:751)
09-01 10:02:59.301 W/System.err( 1948): 	at android.os.Handler.dispatchMessage(Handler.java:95)
09-01 10:02:59.301 W/System.err( 1948): 	at android.os.Looper.loop(Looper.java:154)
09-01 10:02:59.301 W/System.err( 1948): 	at android.app.ActivityThread.main(ActivityThread.java:6190)
09-01 10:02:59.301 W/System.err( 1948): 	at java.lang.reflect.Method.invoke(Native Method)
09-01 10:02:59.301 W/System.err( 1948): 	at com.android.internal.os.ZygoteInit$MethodAndArgsCaller.run(ZygoteInit.java:892)
09-01 10:02:59.301 W/System.err( 1948): 	at com.android.internal.os.ZygoteInit.main(ZygoteInit.java:782)
09-01 10:02:59.302 E/NotificationService( 1282): Package has already posted 50 toasts. Not showing more. Package=com.android.intentfuzzer
09-01 10:02:59.302 I/ActivityManager( 1282): START u0 {cmp=pt.joaomneto.titancompanion/.adventurecreation.impl.AODAdventureCreation (has extras)} from uid 10064 on display 0
09-01 10:02:59.302 W/ActivityManager( 1282): Permission Denial: starting Intent { cmp=pt.joaomneto.titancompanion/.adventurecreation.impl.AODAdventureCreation (has extras) } from ProcessRecord{4ccee7c 1948:com.android.intentfuzzer/u0a64} (pid=1948, uid=10064) not exported from uid 10063
09-01 10:02:59.303 W/System.err( 1948): java.lang.Exception: Toast callstack! strTip=Send Intent Failed!
09-01 10:02:59.304 W/System.err( 1948): 	at android.widget.Toast.show(Toast.java:130)
09-01 10:02:59.304 W/System.err( 1948): 	at com.android.intentfuzzer.FuzzerActivity$4.onClick(FuzzerActivity.java:186)
09-01 10:02:59.304 W/System.err( 1948): 	at android.view.View.performClick(View.java:5637)
09-01 10:02:59.304 W/System.err( 1948): 	at android.view.View$PerformClick.run(View.java:22429)
09-01 10:02:59.304 W/System.err( 1948): 	at android.os.Handler.handleCallback(Handler.java:751)
09-01 10:02:59.304 W/System.err( 1948): 	at android.os.Handler.dispatchMessage(Handler.java:95)
09-01 10:02:59.304 W/System.err( 1948): 	at android.os.Looper.loop(Looper.java:154)
09-01 10:02:59.304 W/System.err( 1948): 	at android.app.ActivityThread.main(ActivityThread.java:6190)
09-01 10:02:59.304 W/System.err( 1948): 	at java.lang.reflect.Method.invoke(Native Method)
09-01 10:02:59.304 W/System.err( 1948): 	at com.android.internal.os.ZygoteInit$MethodAndArgsCaller.run(ZygoteInit.java:892)
09-01 10:02:59.304 W/System.err( 1948): 	at com.android.internal.os.ZygoteInit.main(ZygoteInit.java:782)
09-01 10:02:59.304 E/NotificationService( 1282): Package has already posted 50 toasts. Not showing more. Package=com.android.intentfuzzer
09-01 10:02:59.305 I/ActivityManager( 1282): START u0 {cmp=pt.joaomneto.titancompanion/.adventure.impl.AODAdventure (has extras)} from uid 10064 on display 0
09-01 10:02:59.305 W/ActivityManager( 1282): Permission Denial: starting Intent { cmp=pt.joaomneto.titancompanion/.adventure.impl.AODAdventure (has extras) } from ProcessRecord{4ccee7c 1948:com.android.intentfuzzer/u0a64} (pid=1948, uid=10064) not exported from uid 10063
09-01 10:02:59.306 W/System.err( 1948): java.lang.Exception: Toast callstack! strTip=Send Intent Failed!
09-01 10:02:59.306 W/System.err( 1948): 	at android.widget.Toast.show(Toast.java:130)
09-01 10:02:59.306 W/System.err( 1948): 	at com.android.intentfuzzer.FuzzerActivity$4.onClick(FuzzerActivity.java:186)
09-01 10:02:59.306 W/System.err( 1948): 	at android.view.View.performClick(View.java:5637)
09-01 10:02:59.306 W/System.err( 1948): 	at android.view.View$PerformClick.run(View.java:22429)
09-01 10:02:59.306 W/System.err( 1948): 	at android.os.Handler.handleCallback(Handler.java:751)
09-01 10:02:59.306 W/System.err( 1948): 	at android.os.Handler.dispatchMessage(Handler.java:95)
09-01 10:02:59.306 W/System.err( 1948): 	at android.os.Looper.loop(Looper.java:154)
09-01 10:02:59.306 W/System.err( 1948): 	at android.app.ActivityThread.main(ActivityThread.java:6190)
09-01 10:02:59.306 W/System.err( 1948): 	at java.lang.reflect.Method.invoke(Native Method)
09-01 10:02:59.306 W/System.err( 1948): 	at com.android.internal.os.ZygoteInit$MethodAndArgsCaller.run(ZygoteInit.java:892)
09-01 10:02:59.306 W/System.err( 1948): 	at com.android.internal.os.ZygoteInit.main(ZygoteInit.java:782)
09-01 10:02:59.307 E/NotificationService( 1282): Package has already posted 50 toasts. Not showing more. Package=com.android.intentfuzzer
09-01 10:02:59.307 I/ActivityManager( 1282): START u0 {cmp=pt.joaomneto.titancompanion/.adventurecreation.impl.POEAdventureCreation (has extras)} from uid 10064 on display 0
09-01 10:02:59.307 W/ActivityManager( 1282): Permission Denial: starting Intent { cmp=pt.joaomneto.titancompanion/.adventurecreation.impl.POEAdventureCreation (has extras) } from ProcessRecord{4ccee7c 1948:com.android.intentfuzzer/u0a64} (pid=1948, uid=10064) not exported from uid 10063
09-01 10:02:59.308 W/System.err( 1948): java.lang.Exception: Toast callstack! strTip=Send Intent Failed!
09-01 10:02:59.308 W/System.err( 1948): 	at android.widget.Toast.show(Toast.java:130)
09-01 10:02:59.308 W/System.err( 1948): 	at com.android.intentfuzzer.FuzzerActivity$4.onClick(FuzzerActivity.java:186)
09-01 10:02:59.308 W/System.err( 1948): 	at android.view.View.performClick(View.java:5637)
09-01 10:02:59.308 W/System.err( 1948): 	at android.view.View$PerformClick.run(View.java:22429)
09-01 10:02:59.309 W/System.err( 1948): 	at android.os.Handler.handleCallback(Handler.java:751)
09-01 10:02:59.309 W/System.err( 1948): 	at android.os.Handler.dispatchMessage(Handler.java:95)
09-01 10:02:59.309 W/System.err( 1948): 	at android.os.Looper.loop(Looper.java:154)
09-01 10:02:59.309 W/System.err( 1948): 	at android.app.ActivityThread.main(ActivityThread.java:6190)
09-01 10:02:59.309 W/System.err( 1948): 	at java.lang.reflect.Method.invoke(Native Method)
09-01 10:02:59.309 W/System.err( 1948): 	at com.android.internal.os.ZygoteInit$MethodAndArgsCaller.run(ZygoteInit.java:892)
09-01 10:02:59.309 W/System.err( 1948): 	at com.android.internal.os.ZygoteInit.main(ZygoteInit.java:782)
09-01 10:02:59.309 E/NotificationService( 1282): Package has already posted 50 toasts. Not showing more. Package=com.android.intentfuzzer
09-01 10:02:59.309 I/ActivityManager( 1282): START u0 {cmp=pt.joaomneto.titancompanion/.adventure.impl.POEAdventure (has extras)} from uid 10064 on display 0
09-01 10:02:59.309 W/ActivityManager( 1282): Permission Denial: starting Intent { cmp=pt.joaomneto.titancompanion/.adventure.impl.POEAdventure (has extras) } from ProcessRecord{4ccee7c 1948:com.android.intentfuzzer/u0a64} (pid=1948, uid=10064) not exported from uid 10063
09-01 10:02:59.310 W/System.err( 1948): java.lang.Exception: Toast callstack! strTip=Send Intent Failed!
09-01 10:02:59.310 W/System.err( 1948): 	at android.widget.Toast.show(Toast.java:130)
09-01 10:02:59.310 W/System.err( 1948): 	at com.android.intentfuzzer.FuzzerActivity$4.onClick(FuzzerActivity.java:186)
09-01 10:02:59.311 W/System.err( 1948): 	at android.view.View.performClick(View.java:5637)
09-01 10:02:59.311 W/System.err( 1948): 	at android.view.View$PerformClick.run(View.java:22429)
09-01 10:02:59.311 W/System.err( 1948): 	at android.os.Handler.handleCallback(Handler.java:751)
09-01 10:02:59.311 W/System.err( 1948): 	at android.os.Handler.dispatchMessage(Handler.java:95)
09-01 10:02:59.311 W/System.err( 1948): 	at android.os.Looper.loop(Looper.java:154)
09-01 10:02:59.311 W/System.err( 1948): 	at android.app.ActivityThread.main(ActivityThread.java:6190)
09-01 10:02:59.311 W/System.err( 1948): 	at java.lang.reflect.Method.invoke(Native Method)
09-01 10:02:59.311 W/System.err( 1948): 	at com.android.internal.os.ZygoteInit$MethodAndArgsCaller.run(ZygoteInit.java:892)
09-01 10:02:59.311 W/System.err( 1948): 	at com.android.internal.os.ZygoteInit.main(ZygoteInit.java:782)
09-01 10:02:59.311 E/NotificationService( 1282): Package has already posted 50 toasts. Not showing more. Package=com.android.intentfuzzer
09-01 10:02:59.311 I/ActivityManager( 1282): START u0 {cmp=pt.joaomneto.titancompanion/.adventurecreation.impl.SAdventureCreation (has extras)} from uid 10064 on display 0
09-01 10:02:59.312 W/ActivityManager( 1282): Permission Denial: starting Intent { cmp=pt.joaomneto.titancompanion/.adventurecreation.impl.SAdventureCreation (has extras) } from ProcessRecord{4ccee7c 1948:com.android.intentfuzzer/u0a64} (pid=1948, uid=10064) not exported from uid 10063
09-01 10:02:59.312 W/System.err( 1948): java.lang.Exception: Toast callstack! strTip=Send Intent Failed!
09-01 10:02:59.313 W/System.err( 1948): 	at android.widget.Toast.show(Toast.java:130)
09-01 10:02:59.313 W/System.err( 1948): 	at com.android.intentfuzzer.FuzzerActivity$4.onClick(FuzzerActivity.java:186)
09-01 10:02:59.313 W/System.err( 1948): 	at android.view.View.performClick(View.java:5637)
09-01 10:02:59.313 W/System.err( 1948): 	at android.view.View$PerformClick.run(View.java:22429)
09-01 10:02:59.313 W/System.err( 1948): 	at android.os.Handler.handleCallback(Handler.java:751)
09-01 10:02:59.313 W/System.err( 1948): 	at android.os.Handler.dispatchMessage(Handler.java:95)
09-01 10:02:59.313 W/System.err( 1948): 	at android.os.Looper.loop(Looper.java:154)
09-01 10:02:59.313 W/System.err( 1948): 	at android.app.ActivityThread.main(ActivityThread.java:6190)
09-01 10:02:59.313 W/System.err( 1948): 	at java.lang.reflect.Method.invoke(Native Method)
09-01 10:02:59.313 W/System.err( 1948): 	at com.android.internal.os.ZygoteInit$MethodAndArgsCaller.run(ZygoteInit.java:892)
09-01 10:02:59.313 W/System.err( 1948): 	at com.android.internal.os.ZygoteInit.main(ZygoteInit.java:782)
09-01 10:02:59.313 E/NotificationService( 1282): Package has already posted 50 toasts. Not showing more. Package=com.android.intentfuzzer
09-01 10:02:59.314 I/ActivityManager( 1282): START u0 {cmp=pt.joaomneto.titancompanion/.adventure.impl.SAdventure (has extras)} from uid 10064 on display 0
09-01 10:02:59.314 W/ActivityManager( 1282): Permission Denial: starting Intent { cmp=pt.joaomneto.titancompanion/.adventure.impl.SAdventure (has extras) } from ProcessRecord{4ccee7c 1948:com.android.intentfuzzer/u0a64} (pid=1948, uid=10064) not exported from uid 10063
09-01 10:02:59.315 W/System.err( 1948): java.lang.Exception: Toast callstack! strTip=Send Intent Failed!
09-01 10:02:59.315 W/System.err( 1948): 	at android.widget.Toast.show(Toast.java:130)
09-01 10:02:59.315 W/System.err( 1948): 	at com.android.intentfuzzer.FuzzerActivity$4.onClick(FuzzerActivity.java:186)
09-01 10:02:59.315 W/System.err( 1948): 	at android.view.View.performClick(View.java:5637)
09-01 10:02:59.315 W/System.err( 1948): 	at android.view.View$PerformClick.run(View.java:22429)
09-01 10:02:59.315 W/System.err( 1948): 	at android.os.Handler.handleCallback(Handler.java:751)
09-01 10:02:59.315 W/System.err( 1948): 	at android.os.Handler.dispatchMessage(Handler.java:95)
09-01 10:02:59.315 W/System.err( 1948): 	at android.os.Looper.loop(Looper.java:154)
09-01 10:02:59.315 W/System.err( 1948): 	at android.app.ActivityThread.main(ActivityThread.java:6190)
09-01 10:02:59.315 W/System.err( 1948): 	at java.lang.reflect.Method.invoke(Native Method)
09-01 10:02:59.315 W/System.err( 1948): 	at com.android.internal.os.ZygoteInit$MethodAndArgsCaller.run(ZygoteInit.java:892)
09-01 10:02:59.315 W/System.err( 1948): 	at com.android.internal.os.ZygoteInit.main(ZygoteInit.java:782)
09-01 10:02:59.316 E/NotificationService( 1282): Package has already posted 50 toasts. Not showing more. Package=com.android.intentfuzzer
09-01 10:02:59.316 I/ActivityManager( 1282): START u0 {cmp=pt.joaomneto.titancompanion/.adventurecreation.impl.EOTDAdventureCreation (has extras)} from uid 10064 on display 0
09-01 10:02:59.316 W/ActivityManager( 1282): Permission Denial: starting Intent { cmp=pt.joaomneto.titancompanion/.adventurecreation.impl.EOTDAdventureCreation (has extras) } from ProcessRecord{4ccee7c 1948:com.android.intentfuzzer/u0a64} (pid=1948, uid=10064) not exported from uid 10063
09-01 10:02:59.317 W/System.err( 1948): java.lang.Exception: Toast callstack! strTip=Send Intent Failed!
09-01 10:02:59.317 W/System.err( 1948): 	at android.widget.Toast.show(Toast.java:130)
09-01 10:02:59.317 W/System.err( 1948): 	at com.android.intentfuzzer.FuzzerActivity$4.onClick(FuzzerActivity.java:186)
09-01 10:02:59.317 W/System.err( 1948): 	at android.view.View.performClick(View.java:5637)
09-01 10:02:59.317 W/System.err( 1948): 	at android.view.View$PerformClick.run(View.java:22429)
09-01 10:02:59.318 W/System.err( 1948): 	at android.os.Handler.handleCallback(Handler.java:751)
09-01 10:02:59.318 W/System.err( 1948): 	at android.os.Handler.dispatchMessage(Handler.java:95)
09-01 10:02:59.318 W/System.err( 1948): 	at android.os.Looper.loop(Looper.java:154)
09-01 10:02:59.318 W/System.err( 1948): 	at android.app.ActivityThread.main(ActivityThread.java:6190)
09-01 10:02:59.318 W/System.err( 1948): 	at java.lang.reflect.Method.invoke(Native Method)
09-01 10:02:59.318 W/System.err( 1948): 	at com.android.internal.os.ZygoteInit$MethodAndArgsCaller.run(ZygoteInit.java:892)
09-01 10:02:59.318 W/System.err( 1948): 	at com.android.internal.os.ZygoteInit.main(ZygoteInit.java:782)
09-01 10:02:59.318 E/NotificationService( 1282): Package has already posted 50 toasts. Not showing more. Package=com.android.intentfuzzer
09-01 10:02:59.318 I/ActivityManager( 1282): START u0 {cmp=pt.joaomneto.titancompanion/.adventure.impl.EOTDAdventure (has extras)} from uid 10064 on display 0
09-01 10:02:59.319 W/ActivityManager( 1282): Permission Denial: starting Intent { cmp=pt.joaomneto.titancompanion/.adventure.impl.EOTDAdventure (has extras) } from ProcessRecord{4ccee7c 1948:com.android.intentfuzzer/u0a64} (pid=1948, uid=10064) not exported from uid 10063
09-01 10:02:59.320 W/System.err( 1948): java.lang.Exception: Toast callstack! strTip=Send Intent Failed!
09-01 10:02:59.320 W/System.err( 1948): 	at android.widget.Toast.show(Toast.java:130)
09-01 10:02:59.320 W/System.err( 1948): 	at com.android.intentfuzzer.FuzzerActivity$4.onClick(FuzzerActivity.java:186)
09-01 10:02:59.320 W/System.err( 1948): 	at android.view.View.performClick(View.java:5637)
09-01 10:02:59.320 W/System.err( 1948): 	at android.view.View$PerformClick.run(View.java:22429)
09-01 10:02:59.320 W/System.err( 1948): 	at android.os.Handler.handleCallback(Handler.java:751)
09-01 10:02:59.320 W/System.err( 1948): 	at android.os.Handler.dispatchMessage(Handler.java:95)
09-01 10:02:59.320 W/System.err( 1948): 	at android.os.Looper.loop(Looper.java:154)
09-01 10:02:59.320 W/System.err( 1948): 	at android.app.ActivityThread.main(ActivityThread.java:6190)
09-01 10:02:59.320 W/System.err( 1948): 	at java.lang.reflect.Method.invoke(Native Method)
09-01 10:02:59.320 W/System.err( 1948): 	at com.android.internal.os.ZygoteInit$MethodAndArgsCaller.run(ZygoteInit.java:892)
09-01 10:02:59.320 W/System.err( 1948): 	at com.android.internal.os.ZygoteInit.main(ZygoteInit.java:782)
09-01 10:02:59.320 E/NotificationService( 1282): Package has already posted 50 toasts. Not showing more. Package=com.android.intentfuzzer
09-01 10:02:59.321 I/ActivityManager( 1282): START u0 {cmp=pt.joaomneto.titancompanion/.adventurecreation.impl.HOTWAdventureCreation (has extras)} from uid 10064 on display 0
09-01 10:02:59.321 W/ActivityManager( 1282): Permission Denial: starting Intent { cmp=pt.joaomneto.titancompanion/.adventurecreation.impl.HOTWAdventureCreation (has extras) } from ProcessRecord{4ccee7c 1948:com.android.intentfuzzer/u0a64} (pid=1948, uid=10064) not exported from uid 10063
09-01 10:02:59.322 W/System.err( 1948): java.lang.Exception: Toast callstack! strTip=Send Intent Failed!
09-01 10:02:59.322 W/System.err( 1948): 	at android.widget.Toast.show(Toast.java:130)
09-01 10:02:59.322 W/System.err( 1948): 	at com.android.intentfuzzer.FuzzerActivity$4.onClick(FuzzerActivity.java:186)
09-01 10:02:59.322 W/System.err( 1948): 	at android.view.View.performClick(View.java:5637)
09-01 10:02:59.322 W/System.err( 1948): 	at android.view.View$PerformClick.run(View.java:22429)
09-01 10:02:59.322 W/System.err( 1948): 	at android.os.Handler.handleCallback(Handler.java:751)
09-01 10:02:59.322 W/System.err( 1948): 	at android.os.Handler.dispatchMessage(Handler.java:95)
09-01 10:02:59.322 W/System.err( 1948): 	at android.os.Looper.loop(Looper.java:154)
09-01 10:02:59.322 W/System.err( 1948): 	at android.app.ActivityThread.main(ActivityThread.java:6190)
09-01 10:02:59.322 W/System.err( 1948): 	at java.lang.reflect.Method.invoke(Native Method)
09-01 10:02:59.323 W/System.err( 1948): 	at com.android.internal.os.ZygoteInit$MethodAndArgsCaller.run(ZygoteInit.java:892)
09-01 10:02:59.323 W/System.err( 1948): 	at com.android.internal.os.ZygoteInit.main(ZygoteInit.java:782)
09-01 10:02:59.323 E/NotificationService( 1282): Package has already posted 50 toasts. Not showing more. Package=com.android.intentfuzzer
09-01 10:02:59.323 I/ActivityManager( 1282): START u0 {cmp=pt.joaomneto.titancompanion/.adventure.impl.HOTWAdventure (has extras)} from uid 10064 on display 0
09-01 10:02:59.324 W/ActivityManager( 1282): Permission Denial: starting Intent { cmp=pt.joaomneto.titancompanion/.adventure.impl.HOTWAdventure (has extras) } from ProcessRecord{4ccee7c 1948:com.android.intentfuzzer/u0a64} (pid=1948, uid=10064) not exported from uid 10063
09-01 10:02:59.325 W/System.err( 1948): java.lang.Exception: Toast callstack! strTip=Send Intent Failed!
09-01 10:02:59.325 W/System.err( 1948): 	at android.widget.Toast.show(Toast.java:130)
09-01 10:02:59.325 W/System.err( 1948): 	at com.android.intentfuzzer.FuzzerActivity$4.onClick(FuzzerActivity.java:186)
09-01 10:02:59.325 W/System.err( 1948): 	at android.view.View.performClick(View.java:5637)
09-01 10:02:59.325 W/System.err( 1948): 	at android.view.View$PerformClick.run(View.java:22429)
09-01 10:02:59.325 W/System.err( 1948): 	at android.os.Handler.handleCallback(Handler.java:751)
09-01 10:02:59.325 W/System.err( 1948): 	at android.os.Handler.dispatchMessage(Handler.java:95)
09-01 10:02:59.325 W/System.err( 1948): 	at android.os.Looper.loop(Looper.java:154)
09-01 10:02:59.325 W/System.err( 1948): 	at android.app.ActivityThread.main(ActivityThread.java:6190)
09-01 10:02:59.325 W/System.err( 1948): 	at java.lang.reflect.Method.invoke(Native Method)
09-01 10:02:59.325 W/System.err( 1948): 	at com.android.internal.os.ZygoteInit$MethodAndArgsCaller.run(ZygoteInit.java:892)
09-01 10:02:59.325 W/System.err( 1948): 	at com.android.internal.os.ZygoteInit.main(ZygoteInit.java:782)
09-01 10:02:59.325 E/NotificationService( 1282): Package has already posted 50 toasts. Not showing more. Package=com.android.intentfuzzer
09-01 10:02:59.326 I/ActivityManager( 1282): START u0 {cmp=pt.joaomneto.titancompanion/.adventurecreation.impl.TPOPAdventureCreation (has extras)} from uid 10064 on display 0
09-01 10:02:59.326 W/ActivityManager( 1282): Permission Denial: starting Intent { cmp=pt.joaomneto.titancompanion/.adventurecreation.impl.TPOPAdventureCreation (has extras) } from ProcessRecord{4ccee7c 1948:com.android.intentfuzzer/u0a64} (pid=1948, uid=10064) not exported from uid 10063
09-01 10:02:59.327 W/System.err( 1948): java.lang.Exception: Toast callstack! strTip=Send Intent Failed!
09-01 10:02:59.327 W/System.err( 1948): 	at android.widget.Toast.show(Toast.java:130)
09-01 10:02:59.327 W/System.err( 1948): 	at com.android.intentfuzzer.FuzzerActivity$4.onClick(FuzzerActivity.java:186)
09-01 10:02:59.327 W/System.err( 1948): 	at android.view.View.performClick(View.java:5637)
09-01 10:02:59.327 W/System.err( 1948): 	at android.view.View$PerformClick.run(View.java:22429)
09-01 10:02:59.327 W/System.err( 1948): 	at android.os.Handler.handleCallback(Handler.java:751)
09-01 10:02:59.327 W/System.err( 1948): 	at android.os.Handler.dispatchMessage(Handler.java:95)
09-01 10:02:59.327 W/System.err( 1948): 	at android.os.Looper.loop(Looper.java:154)
09-01 10:02:59.327 W/System.err( 1948): 	at android.app.ActivityThread.main(ActivityThread.java:6190)
09-01 10:02:59.327 W/System.err( 1948): 	at java.lang.reflect.Method.invoke(Native Method)
09-01 10:02:59.327 W/System.err( 1948): 	at com.android.internal.os.ZygoteInit$MethodAndArgsCaller.run(ZygoteInit.java:892)
09-01 10:02:59.327 W/System.err( 1948): 	at com.android.internal.os.ZygoteInit.main(ZygoteInit.java:782)
09-01 10:02:59.327 E/NotificationService( 1282): Package has already posted 50 toasts. Not showing more. Package=com.android.intentfuzzer
09-01 10:02:59.328 I/ActivityManager( 1282): START u0 {cmp=pt.joaomneto.titancompanion/.adventure.impl.TPOPAdventure (has extras)} from uid 10064 on display 0
09-01 10:02:59.328 W/ActivityManager( 1282): Permission Denial: starting Intent { cmp=pt.joaomneto.titancompanion/.adventure.impl.TPOPAdventure (has extras) } from ProcessRecord{4ccee7c 1948:com.android.intentfuzzer/u0a64} (pid=1948, uid=10064) not exported from uid 10063
09-01 10:02:59.329 W/System.err( 1948): java.lang.Exception: Toast callstack! strTip=Send Intent Failed!
09-01 10:02:59.329 W/System.err( 1948): 	at android.widget.Toast.show(Toast.java:130)
09-01 10:02:59.329 W/System.err( 1948): 	at com.android.intentfuzzer.FuzzerActivity$4.onClick(FuzzerActivity.java:186)
09-01 10:02:59.329 W/System.err( 1948): 	at android.view.View.performClick(View.java:5637)
09-01 10:02:59.329 W/System.err( 1948): 	at android.view.View$PerformClick.run(View.java:22429)
09-01 10:02:59.329 W/System.err( 1948): 	at android.os.Handler.handleCallback(Handler.java:751)
09-01 10:02:59.329 W/System.err( 1948): 	at android.os.Handler.dispatchMessage(Handler.java:95)
09-01 10:02:59.329 W/System.err( 1948): 	at android.os.Looper.loop(Looper.java:154)
09-01 10:02:59.329 W/System.err( 1948): 	at android.app.ActivityThread.main(ActivityThread.java:6190)
09-01 10:02:59.329 W/System.err( 1948): 	at java.lang.reflect.Method.invoke(Native Method)
09-01 10:02:59.329 W/System.err( 1948): 	at com.android.internal.os.ZygoteInit$MethodAndArgsCaller.run(ZygoteInit.java:892)
09-01 10:02:59.329 W/System.err( 1948): 	at com.android.internal.os.ZygoteInit.main(ZygoteInit.java:782)
09-01 10:02:59.329 E/NotificationService( 1282): Package has already posted 50 toasts. Not showing more. Package=com.android.intentfuzzer
09-01 10:02:59.330 I/ActivityManager( 1282): START u0 {cmp=pt.joaomneto.titancompanion/.adventurecreation.impl.GODAdventureCreation (has extras)} from uid 10064 on display 0
09-01 10:02:59.330 W/ActivityManager( 1282): Permission Denial: starting Intent { cmp=pt.joaomneto.titancompanion/.adventurecreation.impl.GODAdventureCreation (has extras) } from ProcessRecord{4ccee7c 1948:com.android.intentfuzzer/u0a64} (pid=1948, uid=10064) not exported from uid 10063
09-01 10:02:59.331 W/System.err( 1948): java.lang.Exception: Toast callstack! strTip=Send Intent Failed!
09-01 10:02:59.331 W/System.err( 1948): 	at android.widget.Toast.show(Toast.java:130)
09-01 10:02:59.331 W/System.err( 1948): 	at com.android.intentfuzzer.FuzzerActivity$4.onClick(FuzzerActivity.java:186)
09-01 10:02:59.331 W/System.err( 1948): 	at android.view.View.performClick(View.java:5637)
09-01 10:02:59.331 W/System.err( 1948): 	at android.view.View$PerformClick.run(View.java:22429)
09-01 10:02:59.331 W/System.err( 1948): 	at android.os.Handler.handleCallback(Handler.java:751)
09-01 10:02:59.331 W/System.err( 1948): 	at android.os.Handler.dispatchMessage(Handler.java:95)
09-01 10:02:59.331 W/System.err( 1948): 	at android.os.Looper.loop(Looper.java:154)
09-01 10:02:59.331 W/System.err( 1948): 	at android.app.ActivityThread.main(ActivityThread.java:6190)
09-01 10:02:59.331 W/System.err( 1948): 	at java.lang.reflect.Method.invoke(Native Method)
09-01 10:02:59.331 W/System.err( 1948): 	at com.android.internal.os.ZygoteInit$MethodAndArgsCaller.run(ZygoteInit.java:892)
09-01 10:02:59.331 W/System.err( 1948): 	at com.android.internal.os.ZygoteInit.main(ZygoteInit.java:782)
