--------- beginning of system
09-01 09:59:32.487 I/ActivityManager( 1282): START u0 {cmp=com.android.intentfuzzer/.FuzzerActivity} from uid 10064 on display 0
--------- beginning of main
09-01 09:59:32.490 D/audio_hw_hal( 1088): raw_start_output_stream, stream=0xf6e43140, sampleRate=48000, channel=2, bps=16, bufSize=4096
09-01 09:59:32.499 W/ContextImpl( 1676): Calling a method in the system process without a qualified user: android.app.ContextImpl.startService:1358 android.content.ContextWrapper.startService:613 android.content.ContextWrapper.startService:613 com.android.coreservice.CoreBroadcastReceiver.onReceive:44 android.app.ActivityThread.handleReceiver:3073 
09-01 09:59:32.536 W/ContextImpl( 1676): Calling a method in the system process without a qualified user: android.app.ContextImpl.startService:1358 android.content.ContextWrapper.startService:613 android.content.ContextWrapper.startService:613 com.android.coreservice.CoreBroadcastReceiver.onReceive:53 android.app.ActivityThread.handleReceiver:3073 
09-01 09:59:32.970 E/EGL_adreno( 1948): tid 1965: eglSurfaceAttrib(1338): error 0x3009 (EGL_BAD_MATCH)
09-01 09:59:32.970 W/OpenGLRenderer( 1948): Failed to set EGL_SWAP_BEHAVIOR on surface 0x7fffeb5e4240, error=EGL_BAD_MATCH
09-01 09:59:32.972 D/EGL_adreno( 1948): eglMakeCurrent: 0x7fffeb43c820: ver 3 1 (tinfo 0x7fffeb40d4a0)
09-01 09:59:33.000 I/ActivityManager( 1282): Displayed com.android.intentfuzzer/.FuzzerActivity: +498ms (total +3m50s47ms)
09-01 09:59:33.007 W/ContextImpl( 1676): Calling a method in the system process without a qualified user: android.app.ContextImpl.startService:1358 android.content.ContextWrapper.startService:613 android.content.ContextWrapper.startService:613 com.android.coreservice.CoreBroadcastReceiver.onReceive:69 android.app.ActivityThread.handleReceiver:3073 
09-01 09:59:33.054 W/ContextImpl( 1676): Calling a method in the system process without a qualified user: android.app.ContextImpl.startService:1358 android.content.ContextWrapper.startService:613 android.content.ContextWrapper.startService:613 com.android.coreservice.CoreBroadcastReceiver.onReceive:69 android.app.ActivityThread.handleReceiver:3073 
09-01 09:59:34.053 I/ActivityManager( 1282): START u0 {cmp=pt.joaomneto.titancompanion/.MainActivity} from uid 10064 on display 0
09-01 09:59:34.067 W/ContextImpl( 1676): Calling a method in the system process without a qualified user: android.app.ContextImpl.startService:1358 android.content.ContextWrapper.startService:613 android.content.ContextWrapper.startService:613 com.android.coreservice.CoreBroadcastReceiver.onReceive:44 android.app.ActivityThread.handleReceiver:3073 
09-01 09:59:34.072 W/System.err( 1948): java.lang.Exception: Toast callstack! strTip=Sent Null Intent { cmp=pt.joaomneto.titancompanion/.MainActivity }
09-01 09:59:34.073 W/System.err( 1948): 	at android.widget.Toast.show(Toast.java:130)
09-01 09:59:34.073 W/System.err( 1948): 	at com.android.intentfuzzer.FuzzerActivity$3.onClick(FuzzerActivity.java:165)
09-01 09:59:34.073 W/System.err( 1948): 	at android.view.View.performClick(View.java:5637)
09-01 09:59:34.073 W/System.err( 1948): 	at android.view.View$PerformClick.run(View.java:22429)
09-01 09:59:34.073 W/System.err( 1948): 	at android.os.Handler.handleCallback(Handler.java:751)
09-01 09:59:34.073 W/System.err( 1948): 	at android.os.Handler.dispatchMessage(Handler.java:95)
09-01 09:59:34.073 W/System.err( 1948): 	at android.os.Looper.loop(Looper.java:154)
09-01 09:59:34.073 W/System.err( 1948): 	at android.app.ActivityThread.main(ActivityThread.java:6190)
09-01 09:59:34.073 W/System.err( 1948): 	at java.lang.reflect.Method.invoke(Native Method)
09-01 09:59:34.073 W/System.err( 1948): 	at com.android.internal.os.ZygoteInit$MethodAndArgsCaller.run(ZygoteInit.java:892)
09-01 09:59:34.073 W/System.err( 1948): 	at com.android.internal.os.ZygoteInit.main(ZygoteInit.java:782)
09-01 09:59:34.075 I/ActivityManager( 1282): START u0 {cmp=pt.joaomneto.titancompanion/.TCPreferenceActivity} from uid 10064 on display 0
09-01 09:59:34.075 W/ActivityManager( 1282): Permission Denial: starting Intent { cmp=pt.joaomneto.titancompanion/.TCPreferenceActivity } from ProcessRecord{4ccee7c 1948:com.android.intentfuzzer/u0a64} (pid=1948, uid=10064) not exported from uid 10063
09-01 09:59:34.077 W/System.err( 1948): java.lang.Exception: Toast callstack! strTip=Send Intent Failed!
09-01 09:59:34.077 W/System.err( 1948): 	at android.widget.Toast.show(Toast.java:130)
09-01 09:59:34.077 W/System.err( 1948): 	at com.android.intentfuzzer.FuzzerActivity$3.onClick(FuzzerActivity.java:167)
09-01 09:59:34.077 W/System.err( 1948): 	at android.view.View.performClick(View.java:5637)
09-01 09:59:34.077 W/System.err( 1948): 	at android.view.View$PerformClick.run(View.java:22429)
09-01 09:59:34.077 W/System.err( 1948): 	at android.os.Handler.handleCallback(Handler.java:751)
09-01 09:59:34.077 W/System.err( 1948): 	at android.os.Handler.dispatchMessage(Handler.java:95)
09-01 09:59:34.077 W/System.err( 1948): 	at android.os.Looper.loop(Looper.java:154)
09-01 09:59:34.077 W/System.err( 1948): 	at android.app.ActivityThread.main(ActivityThread.java:6190)
09-01 09:59:34.077 W/System.err( 1948): 	at java.lang.reflect.Method.invoke(Native Method)
09-01 09:59:34.077 W/System.err( 1948): 	at com.android.internal.os.ZygoteInit$MethodAndArgsCaller.run(ZygoteInit.java:892)
09-01 09:59:34.077 W/System.err( 1948): 	at com.android.internal.os.ZygoteInit.main(ZygoteInit.java:782)
09-01 09:59:34.078 I/ActivityManager( 1282): START u0 {cmp=pt.joaomneto.titancompanion/.GamebookListActivity} from uid 10064 on display 0
09-01 09:59:34.078 W/ActivityManager( 1282): Permission Denial: starting Intent { cmp=pt.joaomneto.titancompanion/.GamebookListActivity } from ProcessRecord{4ccee7c 1948:com.android.intentfuzzer/u0a64} (pid=1948, uid=10064) not exported from uid 10063
09-01 09:59:34.080 W/System.err( 1948): java.lang.Exception: Toast callstack! strTip=Send Intent Failed!
09-01 09:59:34.080 W/System.err( 1948): 	at android.widget.Toast.show(Toast.java:130)
09-01 09:59:34.080 W/System.err( 1948): 	at com.android.intentfuzzer.FuzzerActivity$3.onClick(FuzzerActivity.java:167)
09-01 09:59:34.080 W/System.err( 1948): 	at android.view.View.performClick(View.java:5637)
09-01 09:59:34.080 W/System.err( 1948): 	at android.view.View$PerformClick.run(View.java:22429)
09-01 09:59:34.080 W/System.err( 1948): 	at android.os.Handler.handleCallback(Handler.java:751)
09-01 09:59:34.080 W/System.err( 1948): 	at android.os.Handler.dispatchMessage(Handler.java:95)
09-01 09:59:34.080 W/System.err( 1948): 	at android.os.Looper.loop(Looper.java:154)
09-01 09:59:34.081 W/System.err( 1948): 	at android.app.ActivityThread.main(ActivityThread.java:6190)
09-01 09:59:34.081 W/System.err( 1948): 	at java.lang.reflect.Method.invoke(Native Method)
09-01 09:59:34.081 W/System.err( 1948): 	at com.android.internal.os.ZygoteInit$MethodAndArgsCaller.run(ZygoteInit.java:892)
09-01 09:59:34.081 W/System.err( 1948): 	at com.android.internal.os.ZygoteInit.main(ZygoteInit.java:782)
09-01 09:59:34.082 I/ActivityManager( 1282): START u0 {cmp=pt.joaomneto.titancompanion/.GamebookSelectionActivity} from uid 10064 on display 0
09-01 09:59:34.082 W/ActivityManager( 1282): Permission Denial: starting Intent { cmp=pt.joaomneto.titancompanion/.GamebookSelectionActivity } from ProcessRecord{4ccee7c 1948:com.android.intentfuzzer/u0a64} (pid=1948, uid=10064) not exported from uid 10063
09-01 09:59:34.084 W/System.err( 1948): java.lang.Exception: Toast callstack! strTip=Send Intent Failed!
09-01 09:59:34.084 W/System.err( 1948): 	at android.widget.Toast.show(Toast.java:130)
09-01 09:59:34.084 W/System.err( 1948): 	at com.android.intentfuzzer.FuzzerActivity$3.onClick(FuzzerActivity.java:167)
09-01 09:59:34.084 W/System.err( 1948): 	at android.view.View.performClick(View.java:5637)
09-01 09:59:34.084 W/System.err( 1948): 	at android.view.View$PerformClick.run(View.java:22429)
09-01 09:59:34.084 W/System.err( 1948): 	at android.os.Handler.handleCallback(Handler.java:751)
09-01 09:59:34.084 W/System.err( 1948): 	at android.os.Handler.dispatchMessage(Handler.java:95)
09-01 09:59:34.084 W/System.err( 1948): 	at android.os.Looper.loop(Looper.java:154)
09-01 09:59:34.084 W/System.err( 1948): 	at android.app.ActivityThread.main(ActivityThread.java:6190)
09-01 09:59:34.084 W/System.err( 1948): 	at java.lang.reflect.Method.invoke(Native Method)
09-01 09:59:34.084 W/System.err( 1948): 	at com.android.internal.os.ZygoteInit$MethodAndArgsCaller.run(ZygoteInit.java:892)
09-01 09:59:34.085 W/System.err( 1948): 	at com.android.internal.os.ZygoteInit.main(ZygoteInit.java:782)
09-01 09:59:34.086 I/ActivityManager( 1282): START u0 {cmp=pt.joaomneto.titancompanion/.GamebookWikiaActivity} from uid 10064 on display 0
09-01 09:59:34.086 W/ActivityManager( 1282): Permission Denial: starting Intent { cmp=pt.joaomneto.titancompanion/.GamebookWikiaActivity } from ProcessRecord{4ccee7c 1948:com.android.intentfuzzer/u0a64} (pid=1948, uid=10064) not exported from uid 10063
09-01 09:59:34.087 W/System.err( 1948): java.lang.Exception: Toast callstack! strTip=Send Intent Failed!
09-01 09:59:34.087 W/System.err( 1948): 	at android.widget.Toast.show(Toast.java:130)
09-01 09:59:34.087 W/System.err( 1948): 	at com.android.intentfuzzer.FuzzerActivity$3.onClick(FuzzerActivity.java:167)
09-01 09:59:34.087 W/System.err( 1948): 	at android.view.View.performClick(View.java:5637)
09-01 09:59:34.087 W/System.err( 1948): 	at android.view.View$PerformClick.run(View.java:22429)
09-01 09:59:34.087 W/System.err( 1948): 	at android.os.Handler.handleCallback(Handler.java:751)
09-01 09:59:34.087 W/System.err( 1948): 	at android.os.Handler.dispatchMessage(Handler.java:95)
09-01 09:59:34.087 W/System.err( 1948): 	at android.os.Looper.loop(Looper.java:154)
09-01 09:59:34.087 W/System.err( 1948): 	at android.app.ActivityThread.main(ActivityThread.java:6190)
09-01 09:59:34.087 W/System.err( 1948): 	at java.lang.reflect.Method.invoke(Native Method)
09-01 09:59:34.087 W/System.err( 1948): 	at com.android.internal.os.ZygoteInit$MethodAndArgsCaller.run(ZygoteInit.java:892)
09-01 09:59:34.087 W/System.err( 1948): 	at com.android.internal.os.ZygoteInit.main(ZygoteInit.java:782)
09-01 09:59:34.091 I/ActivityManager( 1282): START u0 {cmp=pt.joaomneto.titancompanion/.GamebookFullImageActivity} from uid 10064 on display 0
09-01 09:59:34.091 W/ActivityManager( 1282): Permission Denial: starting Intent { cmp=pt.joaomneto.titancompanion/.GamebookFullImageActivity } from ProcessRecord{4ccee7c 1948:com.android.intentfuzzer/u0a64} (pid=1948, uid=10064) not exported from uid 10063
09-01 09:59:34.093 W/System.err( 1948): java.lang.Exception: Toast callstack! strTip=Send Intent Failed!
09-01 09:59:34.093 W/System.err( 1948): 	at android.widget.Toast.show(Toast.java:130)
09-01 09:59:34.093 W/System.err( 1948): 	at com.android.intentfuzzer.FuzzerActivity$3.onClick(FuzzerActivity.java:167)
09-01 09:59:34.093 W/System.err( 1948): 	at android.view.View.performClick(View.java:5637)
09-01 09:59:34.093 W/System.err( 1948): 	at android.view.View$PerformClick.run(View.java:22429)
09-01 09:59:34.093 W/System.err( 1948): 	at android.os.Handler.handleCallback(Handler.java:751)
09-01 09:59:34.093 W/System.err( 1948): 	at android.os.Handler.dispatchMessage(Handler.java:95)
09-01 09:59:34.093 W/System.err( 1948): 	at android.os.Looper.loop(Looper.java:154)
09-01 09:59:34.093 W/System.err( 1948): 	at android.app.ActivityThread.main(ActivityThread.java:6190)
09-01 09:59:34.093 W/System.err( 1948): 	at java.lang.reflect.Method.invoke(Native Method)
09-01 09:59:34.093 W/System.err( 1948): 	at com.android.internal.os.ZygoteInit$MethodAndArgsCaller.run(ZygoteInit.java:892)
09-01 09:59:34.093 W/System.err( 1948): 	at com.android.internal.os.ZygoteInit.main(ZygoteInit.java:782)
09-01 09:59:34.094 I/ActivityManager( 1282): START u0 {cmp=pt.joaomneto.titancompanion/.LoadAdventureActivity} from uid 10064 on display 0
09-01 09:59:34.094 W/ActivityManager( 1282): Permission Denial: starting Intent { cmp=pt.joaomneto.titancompanion/.LoadAdventureActivity } from ProcessRecord{4ccee7c 1948:com.android.intentfuzzer/u0a64} (pid=1948, uid=10064) not exported from uid 10063
09-01 09:59:34.096 W/System.err( 1948): java.lang.Exception: Toast callstack! strTip=Send Intent Failed!
09-01 09:59:34.096 W/System.err( 1948): 	at android.widget.Toast.show(Toast.java:130)
09-01 09:59:34.096 W/System.err( 1948): 	at com.android.intentfuzzer.FuzzerActivity$3.onClick(FuzzerActivity.java:167)
09-01 09:59:34.096 W/System.err( 1948): 	at android.view.View.performClick(View.java:5637)
09-01 09:59:34.096 W/System.err( 1948): 	at android.view.View$PerformClick.run(View.java:22429)
09-01 09:59:34.096 W/System.err( 1948): 	at android.os.Handler.handleCallback(Handler.java:751)
09-01 09:59:34.096 W/System.err( 1948): 	at android.os.Handler.dispatchMessage(Handler.java:95)
09-01 09:59:34.096 W/System.err( 1948): 	at android.os.Looper.loop(Looper.java:154)
09-01 09:59:34.096 W/System.err( 1948): 	at android.app.ActivityThread.main(ActivityThread.java:6190)
09-01 09:59:34.096 W/System.err( 1948): 	at java.lang.reflect.Method.invoke(Native Method)
09-01 09:59:34.096 W/System.err( 1948): 	at com.android.internal.os.ZygoteInit$MethodAndArgsCaller.run(ZygoteInit.java:892)
09-01 09:59:34.096 W/System.err( 1948): 	at com.android.internal.os.ZygoteInit.main(ZygoteInit.java:782)
09-01 09:59:34.097 I/ActivityManager( 1282): START u0 {cmp=pt.joaomneto.titancompanion/.ErrorActivity} from uid 10064 on display 0
09-01 09:59:34.097 W/ActivityManager( 1282): Permission Denial: starting Intent { cmp=pt.joaomneto.titancompanion/.ErrorActivity } from ProcessRecord{4ccee7c 1948:com.android.intentfuzzer/u0a64} (pid=1948, uid=10064) not exported from uid 10063
09-01 09:59:34.099 W/System.err( 1948): java.lang.Exception: Toast callstack! strTip=Send Intent Failed!
09-01 09:59:34.099 W/System.err( 1948): 	at android.widget.Toast.show(Toast.java:130)
09-01 09:59:34.099 W/System.err( 1948): 	at com.android.intentfuzzer.FuzzerActivity$3.onClick(FuzzerActivity.java:167)
09-01 09:59:34.099 W/System.err( 1948): 	at android.view.View.performClick(View.java:5637)
09-01 09:59:34.099 W/System.err( 1948): 	at android.view.View$PerformClick.run(View.java:22429)
09-01 09:59:34.099 W/System.err( 1948): 	at android.os.Handler.handleCallback(Handler.java:751)
09-01 09:59:34.100 W/System.err( 1948): 	at android.os.Handler.dispatchMessage(Handler.java:95)
09-01 09:59:34.100 W/System.err( 1948): 	at android.os.Looper.loop(Looper.java:154)
09-01 09:59:34.100 W/System.err( 1948): 	at android.app.ActivityThread.main(ActivityThread.java:6190)
09-01 09:59:34.100 W/System.err( 1948): 	at java.lang.reflect.Method.invoke(Native Method)
09-01 09:59:34.100 W/System.err( 1948): 	at com.android.internal.os.ZygoteInit$MethodAndArgsCaller.run(ZygoteInit.java:892)
09-01 09:59:34.100 W/System.err( 1948): 	at com.android.internal.os.ZygoteInit.main(ZygoteInit.java:782)
09-01 09:59:34.101 I/ActivityManager( 1282): START u0 {cmp=pt.joaomneto.titancompanion/.adventurecreation.impl.TWOFMAdventureCreation} from uid 10064 on display 0
09-01 09:59:34.101 W/ActivityManager( 1282): Permission Denial: starting Intent { cmp=pt.joaomneto.titancompanion/.adventurecreation.impl.TWOFMAdventureCreation } from ProcessRecord{4ccee7c 1948:com.android.intentfuzzer/u0a64} (pid=1948, uid=10064) not exported from uid 10063
09-01 09:59:34.102 W/System.err( 1948): java.lang.Exception: Toast callstack! strTip=Send Intent Failed!
09-01 09:59:34.103 W/System.err( 1948): 	at android.widget.Toast.show(Toast.java:130)
09-01 09:59:34.103 W/System.err( 1948): 	at com.android.intentfuzzer.FuzzerActivity$3.onClick(FuzzerActivity.java:167)
09-01 09:59:34.103 W/System.err( 1948): 	at android.view.View.performClick(View.java:5637)
09-01 09:59:34.103 W/System.err( 1948): 	at android.view.View$PerformClick.run(View.java:22429)
09-01 09:59:34.103 W/System.err( 1948): 	at android.os.Handler.handleCallback(Handler.java:751)
09-01 09:59:34.103 W/System.err( 1948): 	at android.os.Handler.dispatchMessage(Handler.java:95)
09-01 09:59:34.103 W/System.err( 1948): 	at android.os.Looper.loop(Looper.java:154)
09-01 09:59:34.103 W/System.err( 1948): 	at android.app.ActivityThread.main(ActivityThread.java:6190)
09-01 09:59:34.103 W/System.err( 1948): 	at java.lang.reflect.Method.invoke(Native Method)
09-01 09:59:34.103 W/System.err( 1948): 	at com.android.internal.os.ZygoteInit$MethodAndArgsCaller.run(ZygoteInit.java:892)
09-01 09:59:34.103 W/System.err( 1948): 	at com.android.internal.os.ZygoteInit.main(ZygoteInit.java:782)
09-01 09:59:34.104 I/ActivityManager( 1282): START u0 {cmp=pt.joaomneto.titancompanion/.adventure.impl.TWOFMAdventure} from uid 10064 on display 0
09-01 09:59:34.104 W/ActivityManager( 1282): Permission Denial: starting Intent { cmp=pt.joaomneto.titancompanion/.adventure.impl.TWOFMAdventure } from ProcessRecord{4ccee7c 1948:com.android.intentfuzzer/u0a64} (pid=1948, uid=10064) not exported from uid 10063
09-01 09:59:34.105 W/System.err( 1948): java.lang.Exception: Toast callstack! strTip=Send Intent Failed!
09-01 09:59:34.105 W/System.err( 1948): 	at android.widget.Toast.show(Toast.java:130)
09-01 09:59:34.105 W/System.err( 1948): 	at com.android.intentfuzzer.FuzzerActivity$3.onClick(FuzzerActivity.java:167)
09-01 09:59:34.105 W/System.err( 1948): 	at android.view.View.performClick(View.java:5637)
09-01 09:59:34.105 W/System.err( 1948): 	at android.view.View$PerformClick.run(View.java:22429)
09-01 09:59:34.105 W/System.err( 1948): 	at android.os.Handler.handleCallback(Handler.java:751)
09-01 09:59:34.105 W/System.err( 1948): 	at android.os.Handler.dispatchMessage(Handler.java:95)
09-01 09:59:34.105 W/System.err( 1948): 	at android.os.Looper.loop(Looper.java:154)
09-01 09:59:34.105 W/System.err( 1948): 	at android.app.ActivityThread.main(ActivityThread.java:6190)
09-01 09:59:34.105 W/System.err( 1948): 	at java.lang.reflect.Method.invoke(Native Method)
09-01 09:59:34.105 W/System.err( 1948): 	at com.android.internal.os.ZygoteInit$MethodAndArgsCaller.run(ZygoteInit.java:892)
09-01 09:59:34.105 W/System.err( 1948): 	at com.android.internal.os.ZygoteInit.main(ZygoteInit.java:782)
09-01 09:59:34.107 I/ActivityManager( 1282): START u0 {cmp=pt.joaomneto.titancompanion/.adventurecreation.impl.TCOCAdventureCreation} from uid 10064 on display 0
09-01 09:59:34.107 W/ActivityManager( 1282): Permission Denial: starting Intent { cmp=pt.joaomneto.titancompanion/.adventurecreation.impl.TCOCAdventureCreation } from ProcessRecord{4ccee7c 1948:com.android.intentfuzzer/u0a64} (pid=1948, uid=10064) not exported from uid 10063
09-01 09:59:34.109 W/System.err( 1948): java.lang.Exception: Toast callstack! strTip=Send Intent Failed!
09-01 09:59:34.110 W/System.err( 1948): 	at android.widget.Toast.show(Toast.java:130)
09-01 09:59:34.110 W/System.err( 1948): 	at com.android.intentfuzzer.FuzzerActivity$3.onClick(FuzzerActivity.java:167)
09-01 09:59:34.110 W/System.err( 1948): 	at android.view.View.performClick(View.java:5637)
09-01 09:59:34.110 W/System.err( 1948): 	at android.view.View$PerformClick.run(View.java:22429)
09-01 09:59:34.110 W/System.err( 1948): 	at android.os.Handler.handleCallback(Handler.java:751)
09-01 09:59:34.110 W/System.err( 1948): 	at android.os.Handler.dispatchMessage(Handler.java:95)
09-01 09:59:34.110 W/System.err( 1948): 	at android.os.Looper.loop(Looper.java:154)
09-01 09:59:34.110 W/System.err( 1948): 	at android.app.ActivityThread.main(ActivityThread.java:6190)
09-01 09:59:34.110 W/System.err( 1948): 	at java.lang.reflect.Method.invoke(Native Method)
09-01 09:59:34.110 W/System.err( 1948): 	at com.android.internal.os.ZygoteInit$MethodAndArgsCaller.run(ZygoteInit.java:892)
09-01 09:59:34.110 W/System.err( 1948): 	at com.android.internal.os.ZygoteInit.main(ZygoteInit.java:782)
09-01 09:59:34.111 I/ActivityManager( 1282): START u0 {cmp=pt.joaomneto.titancompanion/.adventure.impl.TCOCAdventure} from uid 10064 on display 0
09-01 09:59:34.112 W/ActivityManager( 1282): Permission Denial: starting Intent { cmp=pt.joaomneto.titancompanion/.adventure.impl.TCOCAdventure } from ProcessRecord{4ccee7c 1948:com.android.intentfuzzer/u0a64} (pid=1948, uid=10064) not exported from uid 10063
09-01 09:59:34.113 W/System.err( 1948): java.lang.Exception: Toast callstack! strTip=Send Intent Failed!
09-01 09:59:34.113 W/System.err( 1948): 	at android.widget.Toast.show(Toast.java:130)
09-01 09:59:34.114 W/System.err( 1948): 	at com.android.intentfuzzer.FuzzerActivity$3.onClick(FuzzerActivity.java:167)
09-01 09:59:34.114 W/System.err( 1948): 	at android.view.View.performClick(View.java:5637)
09-01 09:59:34.114 W/System.err( 1948): 	at android.view.View$PerformClick.run(View.java:22429)
09-01 09:59:34.114 W/System.err( 1948): 	at android.os.Handler.handleCallback(Handler.java:751)
09-01 09:59:34.114 W/System.err( 1948): 	at android.os.Handler.dispatchMessage(Handler.java:95)
09-01 09:59:34.114 W/System.err( 1948): 	at android.os.Looper.loop(Looper.java:154)
09-01 09:59:34.114 W/System.err( 1948): 	at android.app.ActivityThread.main(ActivityThread.java:6190)
09-01 09:59:34.114 W/System.err( 1948): 	at java.lang.reflect.Method.invoke(Native Method)
09-01 09:59:34.114 W/System.err( 1948): 	at com.android.internal.os.ZygoteInit$MethodAndArgsCaller.run(ZygoteInit.java:892)
09-01 09:59:34.114 W/System.err( 1948): 	at com.android.internal.os.ZygoteInit.main(ZygoteInit.java:782)
09-01 09:59:34.115 I/ActivityManager( 1282): START u0 {cmp=pt.joaomneto.titancompanion/.adventurecreation.impl.TFODAdventureCreation} from uid 10064 on display 0
09-01 09:59:34.115 W/ActivityManager( 1282): Permission Denial: starting Intent { cmp=pt.joaomneto.titancompanion/.adventurecreation.impl.TFODAdventureCreation } from ProcessRecord{4ccee7c 1948:com.android.intentfuzzer/u0a64} (pid=1948, uid=10064) not exported from uid 10063
09-01 09:59:34.119 W/System.err( 1948): java.lang.Exception: Toast callstack! strTip=Send Intent Failed!
09-01 09:59:34.119 W/System.err( 1948): 	at android.widget.Toast.show(Toast.java:130)
09-01 09:59:34.119 W/System.err( 1948): 	at com.android.intentfuzzer.FuzzerActivity$3.onClick(FuzzerActivity.java:167)
09-01 09:59:34.119 W/System.err( 1948): 	at android.view.View.performClick(View.java:5637)
09-01 09:59:34.119 W/System.err( 1948): 	at android.view.View$PerformClick.run(View.java:22429)
09-01 09:59:34.119 W/System.err( 1948): 	at android.os.Handler.handleCallback(Handler.java:751)
09-01 09:59:34.119 W/System.err( 1948): 	at android.os.Handler.dispatchMessage(Handler.java:95)
09-01 09:59:34.119 W/System.err( 1948): 	at android.os.Looper.loop(Looper.java:154)
09-01 09:59:34.119 W/System.err( 1948): 	at android.app.ActivityThread.main(ActivityThread.java:6190)
09-01 09:59:34.119 W/System.err( 1948): 	at java.lang.reflect.Method.invoke(Native Method)
09-01 09:59:34.119 W/System.err( 1948): 	at com.android.internal.os.ZygoteInit$MethodAndArgsCaller.run(ZygoteInit.java:892)
09-01 09:59:34.119 W/System.err( 1948): 	at com.android.internal.os.ZygoteInit.main(ZygoteInit.java:782)
09-01 09:59:34.140 I/ActivityManager( 1282): START u0 {cmp=pt.joaomneto.titancompanion/.adventure.impl.TFODAdventure} from uid 10064 on display 0
09-01 09:59:34.140 W/ActivityManager( 1282): Permission Denial: starting Intent { cmp=pt.joaomneto.titancompanion/.adventure.impl.TFODAdventure } from ProcessRecord{4ccee7c 1948:com.android.intentfuzzer/u0a64} (pid=1948, uid=10064) not exported from uid 10063
09-01 09:59:34.141 W/System.err( 1948): java.lang.Exception: Toast callstack! strTip=Send Intent Failed!
09-01 09:59:34.141 W/System.err( 1948): 	at android.widget.Toast.show(Toast.java:130)
09-01 09:59:34.141 W/System.err( 1948): 	at com.android.intentfuzzer.FuzzerActivity$3.onClick(FuzzerActivity.java:167)
09-01 09:59:34.141 W/System.err( 1948): 	at android.view.View.performClick(View.java:5637)
09-01 09:59:34.141 W/System.err( 1948): 	at android.view.View$PerformClick.run(View.java:22429)
09-01 09:59:34.141 W/System.err( 1948): 	at android.os.Handler.handleCallback(Handler.java:751)
09-01 09:59:34.141 W/System.err( 1948): 	at android.os.Handler.dispatchMessage(Handler.java:95)
09-01 09:59:34.141 W/System.err( 1948): 	at android.os.Looper.loop(Looper.java:154)
09-01 09:59:34.141 W/System.err( 1948): 	at android.app.ActivityThread.main(ActivityThread.java:6190)
09-01 09:59:34.141 W/System.err( 1948): 	at java.lang.reflect.Method.invoke(Native Method)
09-01 09:59:34.141 W/System.err( 1948): 	at com.android.internal.os.ZygoteInit$MethodAndArgsCaller.run(ZygoteInit.java:892)
09-01 09:59:34.141 W/System.err( 1948): 	at com.android.internal.os.ZygoteInit.main(ZygoteInit.java:782)
09-01 09:59:34.142 I/ActivityManager( 1282): START u0 {cmp=pt.joaomneto.titancompanion/.adventurecreation.impl.STAdventureCreation} from uid 10064 on display 0
09-01 09:59:34.142 W/ActivityManager( 1282): Permission Denial: starting Intent { cmp=pt.joaomneto.titancompanion/.adventurecreation.impl.STAdventureCreation } from ProcessRecord{4ccee7c 1948:com.android.intentfuzzer/u0a64} (pid=1948, uid=10064) not exported from uid 10063
09-01 09:59:34.143 W/System.err( 1948): java.lang.Exception: Toast callstack! strTip=Send Intent Failed!
09-01 09:59:34.143 W/System.err( 1948): 	at android.widget.Toast.show(Toast.java:130)
09-01 09:59:34.143 W/System.err( 1948): 	at com.android.intentfuzzer.FuzzerActivity$3.onClick(FuzzerActivity.java:167)
09-01 09:59:34.143 W/System.err( 1948): 	at android.view.View.performClick(View.java:5637)
09-01 09:59:34.143 W/System.err( 1948): 	at android.view.View$PerformClick.run(View.java:22429)
09-01 09:59:34.143 W/System.err( 1948): 	at android.os.Handler.handleCallback(Handler.java:751)
09-01 09:59:34.143 W/System.err( 1948): 	at android.os.Handler.dispatchMessage(Handler.java:95)
09-01 09:59:34.143 W/System.err( 1948): 	at android.os.Looper.loop(Looper.java:154)
09-01 09:59:34.143 W/System.err( 1948): 	at android.app.ActivityThread.main(ActivityThread.java:6190)
09-01 09:59:34.143 W/System.err( 1948): 	at java.lang.reflect.Method.invoke(Native Method)
09-01 09:59:34.143 W/System.err( 1948): 	at com.android.internal.os.ZygoteInit$MethodAndArgsCaller.run(ZygoteInit.java:892)
09-01 09:59:34.143 W/System.err( 1948): 	at com.android.internal.os.ZygoteInit.main(ZygoteInit.java:782)
09-01 09:59:34.144 I/ActivityManager( 1282): START u0 {cmp=pt.joaomneto.titancompanion/.adventure.impl.STAdventure} from uid 10064 on display 0
09-01 09:59:34.144 W/ActivityManager( 1282): Permission Denial: starting Intent { cmp=pt.joaomneto.titancompanion/.adventure.impl.STAdventure } from ProcessRecord{4ccee7c 1948:com.android.intentfuzzer/u0a64} (pid=1948, uid=10064) not exported from uid 10063
09-01 09:59:34.145 W/System.err( 1948): java.lang.Exception: Toast callstack! strTip=Send Intent Failed!
09-01 09:59:34.146 W/System.err( 1948): 	at android.widget.Toast.show(Toast.java:130)
09-01 09:59:34.146 W/System.err( 1948): 	at com.android.intentfuzzer.FuzzerActivity$3.onClick(FuzzerActivity.java:167)
09-01 09:59:34.146 W/System.err( 1948): 	at android.view.View.performClick(View.java:5637)
09-01 09:59:34.146 W/System.err( 1948): 	at android.view.View$PerformClick.run(View.java:22429)
09-01 09:59:34.146 W/System.err( 1948): 	at android.os.Handler.handleCallback(Handler.java:751)
09-01 09:59:34.146 W/System.err( 1948): 	at android.os.Handler.dispatchMessage(Handler.java:95)
09-01 09:59:34.146 W/System.err( 1948): 	at android.os.Looper.loop(Looper.java:154)
09-01 09:59:34.146 W/System.err( 1948): 	at android.app.ActivityThread.main(ActivityThread.java:6190)
09-01 09:59:34.146 W/System.err( 1948): 	at java.lang.reflect.Method.invoke(Native Method)
09-01 09:59:34.146 W/System.err( 1948): 	at com.android.internal.os.ZygoteInit$MethodAndArgsCaller.run(ZygoteInit.java:892)
09-01 09:59:34.146 W/System.err( 1948): 	at com.android.internal.os.ZygoteInit.main(ZygoteInit.java:782)
09-01 09:59:34.147 I/ActivityManager( 1282): START u0 {cmp=pt.joaomneto.titancompanion/.adventurecreation.impl.COTAdventureCreation} from uid 10064 on display 0
09-01 09:59:34.147 W/ActivityManager( 1282): Permission Denial: starting Intent { cmp=pt.joaomneto.titancompanion/.adventurecreation.impl.COTAdventureCreation } from ProcessRecord{4ccee7c 1948:com.android.intentfuzzer/u0a64} (pid=1948, uid=10064) not exported from uid 10063
09-01 09:59:34.149 W/System.err( 1948): java.lang.Exception: Toast callstack! strTip=Send Intent Failed!
09-01 09:59:34.149 W/System.err( 1948): 	at android.widget.Toast.show(Toast.java:130)
09-01 09:59:34.149 W/System.err( 1948): 	at com.android.intentfuzzer.FuzzerActivity$3.onClick(FuzzerActivity.java:167)
09-01 09:59:34.149 W/System.err( 1948): 	at android.view.View.performClick(View.java:5637)
09-01 09:59:34.149 W/System.err( 1948): 	at android.view.View$PerformClick.run(View.java:22429)
09-01 09:59:34.149 W/System.err( 1948): 	at android.os.Handler.handleCallback(Handler.java:751)
09-01 09:59:34.149 W/System.err( 1948): 	at android.os.Handler.dispatchMessage(Handler.java:95)
09-01 09:59:34.149 W/System.err( 1948): 	at android.os.Looper.loop(Looper.java:154)
09-01 09:59:34.149 W/System.err( 1948): 	at android.app.ActivityThread.main(ActivityThread.java:6190)
09-01 09:59:34.149 W/System.err( 1948): 	at java.lang.reflect.Method.invoke(Native Method)
09-01 09:59:34.149 W/System.err( 1948): 	at com.android.internal.os.ZygoteInit$MethodAndArgsCaller.run(ZygoteInit.java:892)
09-01 09:59:34.149 W/System.err( 1948): 	at com.android.internal.os.ZygoteInit.main(ZygoteInit.java:782)
09-01 09:59:34.150 I/ActivityManager( 1282): START u0 {cmp=pt.joaomneto.titancompanion/.adventure.impl.COTAdventure} from uid 10064 on display 0
09-01 09:59:34.150 W/ActivityManager( 1282): Permission Denial: starting Intent { cmp=pt.joaomneto.titancompanion/.adventure.impl.COTAdventure } from ProcessRecord{4ccee7c 1948:com.android.intentfuzzer/u0a64} (pid=1948, uid=10064) not exported from uid 10063
09-01 09:59:34.152 W/System.err( 1948): java.lang.Exception: Toast callstack! strTip=Send Intent Failed!
09-01 09:59:34.152 W/System.err( 1948): 	at android.widget.Toast.show(Toast.java:130)
09-01 09:59:34.152 W/System.err( 1948): 	at com.android.intentfuzzer.FuzzerActivity$3.onClick(FuzzerActivity.java:167)
09-01 09:59:34.152 W/System.err( 1948): 	at android.view.View.performClick(View.java:5637)
09-01 09:59:34.152 W/System.err( 1948): 	at android.view.View$PerformClick.run(View.java:22429)
09-01 09:59:34.152 W/System.err( 1948): 	at android.os.Handler.handleCallback(Handler.java:751)
09-01 09:59:34.152 W/System.err( 1948): 	at android.os.Handler.dispatchMessage(Handler.java:95)
09-01 09:59:34.152 W/System.err( 1948): 	at android.os.Looper.loop(Looper.java:154)
09-01 09:59:34.152 W/System.err( 1948): 	at android.app.ActivityThread.main(ActivityThread.java:6190)
09-01 09:59:34.152 W/System.err( 1948): 	at java.lang.reflect.Method.invoke(Native Method)
09-01 09:59:34.152 W/System.err( 1948): 	at com.android.internal.os.ZygoteInit$MethodAndArgsCaller.run(ZygoteInit.java:892)
09-01 09:59:34.152 W/System.err( 1948): 	at com.android.internal.os.ZygoteInit.main(ZygoteInit.java:782)
09-01 09:59:34.154 I/ActivityManager( 1282): START u0 {cmp=pt.joaomneto.titancompanion/.adventurecreation.impl.DDAdventureCreation} from uid 10064 on display 0
09-01 09:59:34.154 W/ActivityManager( 1282): Permission Denial: starting Intent { cmp=pt.joaomneto.titancompanion/.adventurecreation.impl.DDAdventureCreation } from ProcessRecord{4ccee7c 1948:com.android.intentfuzzer/u0a64} (pid=1948, uid=10064) not exported from uid 10063
09-01 09:59:34.156 W/System.err( 1948): java.lang.Exception: Toast callstack! strTip=Send Intent Failed!
09-01 09:59:34.156 W/System.err( 1948): 	at android.widget.Toast.show(Toast.java:130)
09-01 09:59:34.156 W/System.err( 1948): 	at com.android.intentfuzzer.FuzzerActivity$3.onClick(FuzzerActivity.java:167)
09-01 09:59:34.156 W/System.err( 1948): 	at android.view.View.performClick(View.java:5637)
09-01 09:59:34.157 W/System.err( 1948): 	at android.view.View$PerformClick.run(View.java:22429)
09-01 09:59:34.157 W/System.err( 1948): 	at android.os.Handler.handleCallback(Handler.java:751)
09-01 09:59:34.157 W/System.err( 1948): 	at android.os.Handler.dispatchMessage(Handler.java:95)
09-01 09:59:34.157 W/System.err( 1948): 	at android.os.Looper.loop(Looper.java:154)
09-01 09:59:34.157 W/System.err( 1948): 	at android.app.ActivityThread.main(ActivityThread.java:6190)
09-01 09:59:34.157 W/System.err( 1948): 	at java.lang.reflect.Method.invoke(Native Method)
09-01 09:59:34.157 W/System.err( 1948): 	at com.android.internal.os.ZygoteInit$MethodAndArgsCaller.run(ZygoteInit.java:892)
09-01 09:59:34.157 W/System.err( 1948): 	at com.android.internal.os.ZygoteInit.main(ZygoteInit.java:782)
09-01 09:59:34.158 I/ActivityManager( 1282): START u0 {cmp=pt.joaomneto.titancompanion/.adventure.impl.DDAdventure} from uid 10064 on display 0
09-01 09:59:34.158 W/ActivityManager( 1282): Permission Denial: starting Intent { cmp=pt.joaomneto.titancompanion/.adventure.impl.DDAdventure } from ProcessRecord{4ccee7c 1948:com.android.intentfuzzer/u0a64} (pid=1948, uid=10064) not exported from uid 10063
09-01 09:59:34.159 W/System.err( 1948): java.lang.Exception: Toast callstack! strTip=Send Intent Failed!
09-01 09:59:34.160 W/System.err( 1948): 	at android.widget.Toast.show(Toast.java:130)
09-01 09:59:34.160 W/System.err( 1948): 	at com.android.intentfuzzer.FuzzerActivity$3.onClick(FuzzerActivity.java:167)
09-01 09:59:34.160 W/System.err( 1948): 	at android.view.View.performClick(View.java:5637)
09-01 09:59:34.160 W/System.err( 1948): 	at android.view.View$PerformClick.run(View.java:22429)
09-01 09:59:34.160 W/System.err( 1948): 	at android.os.Handler.handleCallback(Handler.java:751)
09-01 09:59:34.160 W/System.err( 1948): 	at android.os.Handler.dispatchMessage(Handler.java:95)
09-01 09:59:34.160 W/System.err( 1948): 	at android.os.Looper.loop(Looper.java:154)
09-01 09:59:34.160 W/System.err( 1948): 	at android.app.ActivityThread.main(ActivityThread.java:6190)
09-01 09:59:34.160 W/System.err( 1948): 	at java.lang.reflect.Method.invoke(Native Method)
09-01 09:59:34.160 W/System.err( 1948): 	at com.android.internal.os.ZygoteInit$MethodAndArgsCaller.run(ZygoteInit.java:892)
09-01 09:59:34.160 W/System.err( 1948): 	at com.android.internal.os.ZygoteInit.main(ZygoteInit.java:782)
09-01 09:59:34.161 I/ActivityManager( 1282): START u0 {cmp=pt.joaomneto.titancompanion/.adventurecreation.impl.IOTLKAdventureCreation} from uid 10064 on display 0
09-01 09:59:34.161 W/ActivityManager( 1282): Permission Denial: starting Intent { cmp=pt.joaomneto.titancompanion/.adventurecreation.impl.IOTLKAdventureCreation } from ProcessRecord{4ccee7c 1948:com.android.intentfuzzer/u0a64} (pid=1948, uid=10064) not exported from uid 10063
09-01 09:59:34.163 W/System.err( 1948): java.lang.Exception: Toast callstack! strTip=Send Intent Failed!
09-01 09:59:34.163 W/System.err( 1948): 	at android.widget.Toast.show(Toast.java:130)
09-01 09:59:34.163 W/System.err( 1948): 	at com.android.intentfuzzer.FuzzerActivity$3.onClick(FuzzerActivity.java:167)
09-01 09:59:34.163 W/System.err( 1948): 	at android.view.View.performClick(View.java:5637)
09-01 09:59:34.164 W/System.err( 1948): 	at android.view.View$PerformClick.run(View.java:22429)
09-01 09:59:34.164 W/System.err( 1948): 	at android.os.Handler.handleCallback(Handler.java:751)
09-01 09:59:34.164 W/System.err( 1948): 	at android.os.Handler.dispatchMessage(Handler.java:95)
09-01 09:59:34.164 W/System.err( 1948): 	at android.os.Looper.loop(Looper.java:154)
09-01 09:59:34.164 W/System.err( 1948): 	at android.app.ActivityThread.main(ActivityThread.java:6190)
09-01 09:59:34.164 W/System.err( 1948): 	at java.lang.reflect.Method.invoke(Native Method)
09-01 09:59:34.164 W/System.err( 1948): 	at com.android.internal.os.ZygoteInit$MethodAndArgsCaller.run(ZygoteInit.java:892)
09-01 09:59:34.164 W/System.err( 1948): 	at com.android.internal.os.ZygoteInit.main(ZygoteInit.java:782)
09-01 09:59:34.165 I/ActivityManager( 1282): START u0 {cmp=pt.joaomneto.titancompanion/.adventure.impl.IOTLKAdventure} from uid 10064 on display 0
09-01 09:59:34.165 W/ActivityManager( 1282): Permission Denial: starting Intent { cmp=pt.joaomneto.titancompanion/.adventure.impl.IOTLKAdventure } from ProcessRecord{4ccee7c 1948:com.android.intentfuzzer/u0a64} (pid=1948, uid=10064) not exported from uid 10063
09-01 09:59:34.166 W/System.err( 1948): java.lang.Exception: Toast callstack! strTip=Send Intent Failed!
09-01 09:59:34.166 W/System.err( 1948): 	at android.widget.Toast.show(Toast.java:130)
09-01 09:59:34.166 W/System.err( 1948): 	at com.android.intentfuzzer.FuzzerActivity$3.onClick(FuzzerActivity.java:167)
09-01 09:59:34.166 W/System.err( 1948): 	at android.view.View.performClick(View.java:5637)
09-01 09:59:34.166 W/System.err( 1948): 	at android.view.View$PerformClick.run(View.java:22429)
09-01 09:59:34.166 W/System.err( 1948): 	at android.os.Handler.handleCallback(Handler.java:751)
09-01 09:59:34.166 W/System.err( 1948): 	at android.os.Handler.dispatchMessage(Handler.java:95)
09-01 09:59:34.166 W/System.err( 1948): 	at android.os.Looper.loop(Looper.java:154)
09-01 09:59:34.166 W/System.err( 1948): 	at android.app.ActivityThread.main(ActivityThread.java:6190)
09-01 09:59:34.166 W/System.err( 1948): 	at java.lang.reflect.Method.invoke(Native Method)
09-01 09:59:34.166 W/System.err( 1948): 	at com.android.internal.os.ZygoteInit$MethodAndArgsCaller.run(ZygoteInit.java:892)
09-01 09:59:34.166 W/System.err( 1948): 	at com.android.internal.os.ZygoteInit.main(ZygoteInit.java:782)
09-01 09:59:34.168 I/ActivityManager( 1282): START u0 {cmp=pt.joaomneto.titancompanion/.adventurecreation.impl.SSAdventureCreation} from uid 10064 on display 0
09-01 09:59:34.169 W/ActivityManager( 1282): Permission Denial: starting Intent { cmp=pt.joaomneto.titancompanion/.adventurecreation.impl.SSAdventureCreation } from ProcessRecord{4ccee7c 1948:com.android.intentfuzzer/u0a64} (pid=1948, uid=10064) not exported from uid 10063
09-01 09:59:34.174 W/System.err( 1948): java.lang.Exception: Toast callstack! strTip=Send Intent Failed!
09-01 09:59:34.174 W/System.err( 1948): 	at android.widget.Toast.show(Toast.java:130)
09-01 09:59:34.174 W/System.err( 1948): 	at com.android.intentfuzzer.FuzzerActivity$3.onClick(FuzzerActivity.java:167)
09-01 09:59:34.174 W/System.err( 1948): 	at android.view.View.performClick(View.java:5637)
09-01 09:59:34.174 W/System.err( 1948): 	at android.view.View$PerformClick.run(View.java:22429)
09-01 09:59:34.174 W/System.err( 1948): 	at android.os.Handler.handleCallback(Handler.java:751)
09-01 09:59:34.174 W/System.err( 1948): 	at android.os.Handler.dispatchMessage(Handler.java:95)
09-01 09:59:34.174 W/System.err( 1948): 	at android.os.Looper.loop(Looper.java:154)
09-01 09:59:34.174 W/System.err( 1948): 	at android.app.ActivityThread.main(ActivityThread.java:6190)
09-01 09:59:34.174 W/System.err( 1948): 	at java.lang.reflect.Method.invoke(Native Method)
09-01 09:59:34.174 W/System.err( 1948): 	at com.android.internal.os.ZygoteInit$MethodAndArgsCaller.run(ZygoteInit.java:892)
09-01 09:59:34.174 W/System.err( 1948): 	at com.android.internal.os.ZygoteInit.main(ZygoteInit.java:782)
09-01 09:59:34.177 I/ActivityManager( 1282): START u0 {cmp=pt.joaomneto.titancompanion/.adventure.impl.SSAdventure} from uid 10064 on display 0
09-01 09:59:34.177 W/ActivityManager( 1282): Permission Denial: starting Intent { cmp=pt.joaomneto.titancompanion/.adventure.impl.SSAdventure } from ProcessRecord{4ccee7c 1948:com.android.intentfuzzer/u0a64} (pid=1948, uid=10064) not exported from uid 10063
09-01 09:59:34.178 W/System.err( 1948): java.lang.Exception: Toast callstack! strTip=Send Intent Failed!
09-01 09:59:34.182 W/System.err( 1948): 	at android.widget.Toast.show(Toast.java:130)
09-01 09:59:34.182 W/System.err( 1948): 	at com.android.intentfuzzer.FuzzerActivity$3.onClick(FuzzerActivity.java:167)
09-01 09:59:34.182 W/System.err( 1948): 	at android.view.View.performClick(View.java:5637)
09-01 09:59:34.182 W/System.err( 1948): 	at android.view.View$PerformClick.run(View.java:22429)
09-01 09:59:34.182 W/System.err( 1948): 	at android.os.Handler.handleCallback(Handler.java:751)
09-01 09:59:34.182 W/System.err( 1948): 	at android.os.Handler.dispatchMessage(Handler.java:95)
09-01 09:59:34.182 W/System.err( 1948): 	at android.os.Looper.loop(Looper.java:154)
09-01 09:59:34.182 W/System.err( 1948): 	at android.app.ActivityThread.main(ActivityThread.java:6190)
09-01 09:59:34.182 W/System.err( 1948): 	at java.lang.reflect.Method.invoke(Native Method)
09-01 09:59:34.182 W/System.err( 1948): 	at com.android.internal.os.ZygoteInit$MethodAndArgsCaller.run(ZygoteInit.java:892)
09-01 09:59:34.182 W/System.err( 1948): 	at com.android.internal.os.ZygoteInit.main(ZygoteInit.java:782)
09-01 09:59:34.185 I/ActivityManager( 1282): START u0 {cmp=pt.joaomneto.titancompanion/.adventurecreation.impl.COTSWAdventureCreation} from uid 10064 on display 0
09-01 09:59:34.185 W/ActivityManager( 1282): Permission Denial: starting Intent { cmp=pt.joaomneto.titancompanion/.adventurecreation.impl.COTSWAdventureCreation } from ProcessRecord{4ccee7c 1948:com.android.intentfuzzer/u0a64} (pid=1948, uid=10064) not exported from uid 10063
09-01 09:59:34.189 W/System.err( 1948): java.lang.Exception: Toast callstack! strTip=Send Intent Failed!
09-01 09:59:34.190 W/System.err( 1948): 	at android.widget.Toast.show(Toast.java:130)
09-01 09:59:34.190 W/System.err( 1948): 	at com.android.intentfuzzer.FuzzerActivity$3.onClick(FuzzerActivity.java:167)
09-01 09:59:34.190 W/System.err( 1948): 	at android.view.View.performClick(View.java:5637)
09-01 09:59:34.190 W/System.err( 1948): 	at android.view.View$PerformClick.run(View.java:22429)
09-01 09:59:34.191 W/System.err( 1948): 	at android.os.Handler.handleCallback(Handler.java:751)
09-01 09:59:34.191 W/System.err( 1948): 	at android.os.Handler.dispatchMessage(Handler.java:95)
09-01 09:59:34.191 W/System.err( 1948): 	at android.os.Looper.loop(Looper.java:154)
09-01 09:59:34.192 W/System.err( 1948): 	at android.app.ActivityThread.main(ActivityThread.java:6190)
09-01 09:59:34.192 W/System.err( 1948): 	at java.lang.reflect.Method.invoke(Native Method)
09-01 09:59:34.192 W/System.err( 1948): 	at com.android.internal.os.ZygoteInit$MethodAndArgsCaller.run(ZygoteInit.java:892)
09-01 09:59:34.192 W/System.err( 1948): 	at com.android.internal.os.ZygoteInit.main(ZygoteInit.java:782)
09-01 09:59:34.193 I/ActivityManager( 1282): START u0 {cmp=pt.joaomneto.titancompanion/.adventure.impl.COTSWAdventure} from uid 10064 on display 0
09-01 09:59:34.193 W/ActivityManager( 1282): Permission Denial: starting Intent { cmp=pt.joaomneto.titancompanion/.adventure.impl.COTSWAdventure } from ProcessRecord{4ccee7c 1948:com.android.intentfuzzer/u0a64} (pid=1948, uid=10064) not exported from uid 10063
09-01 09:59:34.195 W/System.err( 1948): java.lang.Exception: Toast callstack! strTip=Send Intent Failed!
09-01 09:59:34.195 W/System.err( 1948): 	at android.widget.Toast.show(Toast.java:130)
09-01 09:59:34.195 W/System.err( 1948): 	at com.android.intentfuzzer.FuzzerActivity$3.onClick(FuzzerActivity.java:167)
09-01 09:59:34.195 W/System.err( 1948): 	at android.view.View.performClick(View.java:5637)
09-01 09:59:34.195 W/System.err( 1948): 	at android.view.View$PerformClick.run(View.java:22429)
09-01 09:59:34.195 W/System.err( 1948): 	at android.os.Handler.handleCallback(Handler.java:751)
09-01 09:59:34.195 W/System.err( 1948): 	at android.os.Handler.dispatchMessage(Handler.java:95)
09-01 09:59:34.195 W/System.err( 1948): 	at android.os.Looper.loop(Looper.java:154)
09-01 09:59:34.195 W/System.err( 1948): 	at android.app.ActivityThread.main(ActivityThread.java:6190)
09-01 09:59:34.195 W/System.err( 1948): 	at java.lang.reflect.Method.invoke(Native Method)
09-01 09:59:34.195 W/System.err( 1948): 	at com.android.internal.os.ZygoteInit$MethodAndArgsCaller.run(ZygoteInit.java:892)
09-01 09:59:34.195 W/System.err( 1948): 	at com.android.internal.os.ZygoteInit.main(ZygoteInit.java:782)
09-01 09:59:34.197 I/ActivityManager( 1282): START u0 {cmp=pt.joaomneto.titancompanion/.adventurecreation.impl.HOHAdventureCreation} from uid 10064 on display 0
09-01 09:59:34.197 W/ActivityManager( 1282): Permission Denial: starting Intent { cmp=pt.joaomneto.titancompanion/.adventurecreation.impl.HOHAdventureCreation } from ProcessRecord{4ccee7c 1948:com.android.intentfuzzer/u0a64} (pid=1948, uid=10064) not exported from uid 10063
09-01 09:59:34.199 W/System.err( 1948): java.lang.Exception: Toast callstack! strTip=Send Intent Failed!
09-01 09:59:34.199 W/System.err( 1948): 	at android.widget.Toast.show(Toast.java:130)
09-01 09:59:34.199 W/System.err( 1948): 	at com.android.intentfuzzer.FuzzerActivity$3.onClick(FuzzerActivity.java:167)
09-01 09:59:34.199 W/System.err( 1948): 	at android.view.View.performClick(View.java:5637)
09-01 09:59:34.199 W/System.err( 1948): 	at android.view.View$PerformClick.run(View.java:22429)
09-01 09:59:34.199 W/System.err( 1948): 	at android.os.Handler.handleCallback(Handler.java:751)
09-01 09:59:34.199 W/System.err( 1948): 	at android.os.Handler.dispatchMessage(Handler.java:95)
09-01 09:59:34.199 W/System.err( 1948): 	at android.os.Looper.loop(Looper.java:154)
09-01 09:59:34.199 W/System.err( 1948): 	at android.app.ActivityThread.main(ActivityThread.java:6190)
09-01 09:59:34.199 W/System.err( 1948): 	at java.lang.reflect.Method.invoke(Native Method)
09-01 09:59:34.199 W/System.err( 1948): 	at com.android.internal.os.ZygoteInit$MethodAndArgsCaller.run(ZygoteInit.java:892)
09-01 09:59:34.199 W/System.err( 1948): 	at com.android.internal.os.ZygoteInit.main(ZygoteInit.java:782)
09-01 09:59:34.201 I/ActivityManager( 1282): START u0 {cmp=pt.joaomneto.titancompanion/.adventure.impl.HOHAdventure} from uid 10064 on display 0
09-01 09:59:34.201 W/ActivityManager( 1282): Permission Denial: starting Intent { cmp=pt.joaomneto.titancompanion/.adventure.impl.HOHAdventure } from ProcessRecord{4ccee7c 1948:com.android.intentfuzzer/u0a64} (pid=1948, uid=10064) not exported from uid 10063
09-01 09:59:34.203 W/System.err( 1948): java.lang.Exception: Toast callstack! strTip=Send Intent Failed!
09-01 09:59:34.203 W/System.err( 1948): 	at android.widget.Toast.show(Toast.java:130)
09-01 09:59:34.203 W/System.err( 1948): 	at com.android.intentfuzzer.FuzzerActivity$3.onClick(FuzzerActivity.java:167)
09-01 09:59:34.203 W/System.err( 1948): 	at android.view.View.performClick(View.java:5637)
09-01 09:59:34.203 W/System.err( 1948): 	at android.view.View$PerformClick.run(View.java:22429)
09-01 09:59:34.203 W/System.err( 1948): 	at android.os.Handler.handleCallback(Handler.java:751)
09-01 09:59:34.203 W/System.err( 1948): 	at android.os.Handler.dispatchMessage(Handler.java:95)
09-01 09:59:34.203 W/System.err( 1948): 	at android.os.Looper.loop(Looper.java:154)
09-01 09:59:34.203 W/System.err( 1948): 	at android.app.ActivityThread.main(ActivityThread.java:6190)
09-01 09:59:34.203 W/System.err( 1948): 	at java.lang.reflect.Method.invoke(Native Method)
09-01 09:59:34.203 W/System.err( 1948): 	at com.android.internal.os.ZygoteInit$MethodAndArgsCaller.run(ZygoteInit.java:892)
09-01 09:59:34.203 W/System.err( 1948): 	at com.android.internal.os.ZygoteInit.main(ZygoteInit.java:782)
09-01 09:59:34.205 I/ActivityManager( 1282): START u0 {cmp=pt.joaomneto.titancompanion/.adventurecreation.impl.TODAdventureCreation} from uid 10064 on display 0
09-01 09:59:34.205 W/ActivityManager( 1282): Permission Denial: starting Intent { cmp=pt.joaomneto.titancompanion/.adventurecreation.impl.TODAdventureCreation } from ProcessRecord{4ccee7c 1948:com.android.intentfuzzer/u0a64} (pid=1948, uid=10064) not exported from uid 10063
09-01 09:59:34.207 W/System.err( 1948): java.lang.Exception: Toast callstack! strTip=Send Intent Failed!
09-01 09:59:34.207 W/System.err( 1948): 	at android.widget.Toast.show(Toast.java:130)
09-01 09:59:34.207 W/System.err( 1948): 	at com.android.intentfuzzer.FuzzerActivity$3.onClick(FuzzerActivity.java:167)
09-01 09:59:34.207 W/System.err( 1948): 	at android.view.View.performClick(View.java:5637)
09-01 09:59:34.207 W/System.err( 1948): 	at android.view.View$PerformClick.run(View.java:22429)
09-01 09:59:34.207 W/System.err( 1948): 	at android.os.Handler.handleCallback(Handler.java:751)
09-01 09:59:34.207 W/System.err( 1948): 	at android.os.Handler.dispatchMessage(Handler.java:95)
09-01 09:59:34.207 W/System.err( 1948): 	at android.os.Looper.loop(Looper.java:154)
09-01 09:59:34.207 W/System.err( 1948): 	at android.app.ActivityThread.main(ActivityThread.java:6190)
09-01 09:59:34.207 W/System.err( 1948): 	at java.lang.reflect.Method.invoke(Native Method)
09-01 09:59:34.207 W/System.err( 1948): 	at com.android.internal.os.ZygoteInit$MethodAndArgsCaller.run(ZygoteInit.java:892)
09-01 09:59:34.207 W/System.err( 1948): 	at com.android.internal.os.ZygoteInit.main(ZygoteInit.java:782)
09-01 09:59:34.209 I/ActivityManager( 1282): START u0 {cmp=pt.joaomneto.titancompanion/.adventure.impl.TODAdventure} from uid 10064 on display 0
09-01 09:59:34.209 W/ActivityManager( 1282): Permission Denial: starting Intent { cmp=pt.joaomneto.titancompanion/.adventure.impl.TODAdventure } from ProcessRecord{4ccee7c 1948:com.android.intentfuzzer/u0a64} (pid=1948, uid=10064) not exported from uid 10063
09-01 09:59:34.210 W/System.err( 1948): java.lang.Exception: Toast callstack! strTip=Send Intent Failed!
09-01 09:59:34.211 W/System.err( 1948): 	at android.widget.Toast.show(Toast.java:130)
09-01 09:59:34.211 W/System.err( 1948): 	at com.android.intentfuzzer.FuzzerActivity$3.onClick(FuzzerActivity.java:167)
09-01 09:59:34.211 W/System.err( 1948): 	at android.view.View.performClick(View.java:5637)
09-01 09:59:34.211 W/System.err( 1948): 	at android.view.View$PerformClick.run(View.java:22429)
09-01 09:59:34.211 W/System.err( 1948): 	at android.os.Handler.handleCallback(Handler.java:751)
